---
version: 1
interactions:
- request:
    body: <CreateBucketConfiguration xmlns="http://s3.amazonaws.com/doc/2006-03-01/"><LocationConstraint>fr-par</LocationConstraint></CreateBucketConfiguration>
    form: {}
    headers:
      Content-Length:
      - "150"
      User-Agent:
      - aws-sdk-go/1.44.193 (go1.19.5; darwin; amd64)
      X-Amz-Acl:
      - private
      X-Amz-Bucket-Object-Lock-Enabled:
      - "false"
      X-Amz-Content-Sha256:
      - 2cb57fad7b7168921a4c94426cfcb9ee2953f126430595df844e22d50f029060
      X-Amz-Date:
      - 20230228T101839Z
    url: https://tf-test-bucket-8108189554505661291.s3.fr-par.scw.cloud/
    method: PUT
  response:
    body: ""
    headers:
      Content-Length:
      - "0"
      Content-Type:
      - text/html; charset=UTF-8
      Date:
      - Tue, 28 Feb 2023 10:18:40 GMT
      Location:
      - /tf-test-bucket-8108189554505661291
      X-Amz-Id-2:
      - tx14348e4a6fe8463c8bc7f-0063fdd4ff
      X-Amz-Request-Id:
      - tx14348e4a6fe8463c8bc7f-0063fdd4ff
    status: 200 OK
    code: 200
    duration: ""
- request:
    body: <Tagging xmlns="http://s3.amazonaws.com/doc/2006-03-01/"><TagSet><Tag><Value>TestAccSCWBucketPolicy_basic</Value><Key>TestName</Key></Tag></TagSet></Tagging>
    form: {}
    headers:
      Content-Length:
      - "157"
      Content-Md5:
      - 1krKErltPWIwpqSwqEtE3w==
      User-Agent:
      - aws-sdk-go/1.44.193 (go1.19.5; darwin; amd64)
      X-Amz-Content-Sha256:
      - bff3c846c94a465ec03c3812c8ee1ec3c598cfd0a2e55a0ba136f14b52f303d9
      X-Amz-Date:
      - 20230228T101840Z
    url: https://tf-test-bucket-8108189554505661291.s3.fr-par.scw.cloud/?tagging=
    method: PUT
  response:
    body: ""
    headers:
      Content-Length:
      - "0"
      Content-Type:
      - text/html; charset=UTF-8
      Date:
      - Tue, 28 Feb 2023 10:18:41 GMT
      X-Amz-Id-2:
      - tx964f8c2ea5714d189a476-0063fdd500
      X-Amz-Request-Id:
      - tx964f8c2ea5714d189a476-0063fdd500
    status: 204 No Content
    code: 204
    duration: ""
- request:
    body: ""
    form: {}
    headers:
      Content-Md5:
      - 1B2M2Y8AsgTpgAmY7PhCfg==
      User-Agent:
      - aws-sdk-go/1.44.193 (go1.19.5; darwin; amd64)
      X-Amz-Acl:
      - private
      X-Amz-Content-Sha256:
      - e3b0c44298fc1c149afbf4c8996fb92427ae41e4649b934ca495991b7852b855
      X-Amz-Date:
      - 20230228T101840Z
    url: https://tf-test-bucket-8108189554505661291.s3.fr-par.scw.cloud/?acl=
    method: PUT
  response:
    body: ""
    headers:
      Content-Length:
      - "0"
      Content-Type:
      - text/html; charset=UTF-8
      Date:
      - Tue, 28 Feb 2023 10:18:41 GMT
      X-Amz-Id-2:
      - tx56af498a09974543becc0-0063fdd501
      X-Amz-Request-Id:
      - tx56af498a09974543becc0-0063fdd501
    status: 200 OK
    code: 200
    duration: ""
- request:
    body: <Tagging xmlns="http://s3.amazonaws.com/doc/2006-03-01/"><TagSet><Tag><Key>TestName</Key><Value>TestAccSCWBucketPolicy_basic</Value></Tag></TagSet></Tagging>
    form: {}
    headers:
      Content-Length:
      - "157"
      Content-Md5:
      - gRanXePn662fNZ8iADWIEA==
      User-Agent:
      - aws-sdk-go/1.44.193 (go1.19.5; darwin; amd64)
      X-Amz-Content-Sha256:
      - 38e9fb66e9ab71d5eb806751ec2707569d5a9774e73f0c5ea37e86487f523dbc
      X-Amz-Date:
      - 20230228T101841Z
    url: https://tf-test-bucket-8108189554505661291.s3.fr-par.scw.cloud/?tagging=
    method: PUT
  response:
    body: ""
    headers:
      Content-Length:
      - "0"
      Content-Type:
      - text/html; charset=UTF-8
      Date:
      - Tue, 28 Feb 2023 10:18:41 GMT
      X-Amz-Id-2:
      - tx873bc5051b90439da0744-0063fdd501
      X-Amz-Request-Id:
      - tx873bc5051b90439da0744-0063fdd501
    status: 204 No Content
    code: 204
    duration: ""
- request:
    body: ""
    form: {}
    headers:
      User-Agent:
      - aws-sdk-go/1.44.193 (go1.19.5; darwin; amd64)
      X-Amz-Content-Sha256:
      - e3b0c44298fc1c149afbf4c8996fb92427ae41e4649b934ca495991b7852b855
      X-Amz-Date:
      - 20230228T101841Z
    url: https://tf-test-bucket-8108189554505661291.s3.fr-par.scw.cloud/?acl=
    method: GET
  response:
    body: |-
      <?xml version='1.0' encoding='UTF-8'?>
      <AccessControlPolicy xmlns="http://s3.amazonaws.com/doc/2006-03-01/"><Owner><ID>105bdce1-64c0-48ab-899d-868455867ecf:105bdce1-64c0-48ab-899d-868455867ecf</ID><DisplayName>105bdce1-64c0-48ab-899d-868455867ecf:105bdce1-64c0-48ab-899d-868455867ecf</DisplayName></Owner><AccessControlList><Grant><Grantee xmlns:xsi="http://www.w3.org/2001/XMLSchema-instance" xsi:type="CanonicalUser"><ID>105bdce1-64c0-48ab-899d-868455867ecf:105bdce1-64c0-48ab-899d-868455867ecf</ID><DisplayName>105bdce1-64c0-48ab-899d-868455867ecf:105bdce1-64c0-48ab-899d-868455867ecf</DisplayName></Grantee><Permission>FULL_CONTROL</Permission></Grant></AccessControlList></AccessControlPolicy>
    headers:
      Content-Length:
      - "698"
      Content-Type:
      - text/html; charset=UTF-8
      Date:
      - Tue, 28 Feb 2023 10:18:41 GMT
      X-Amz-Id-2:
      - txc953a919ca5f48fab2f43-0063fdd501
      X-Amz-Request-Id:
      - txc953a919ca5f48fab2f43-0063fdd501
    status: 200 OK
    code: 200
    duration: ""
- request:
    body: ""
    form: {}
    headers:
      User-Agent:
      - aws-sdk-go/1.44.193 (go1.19.5; darwin; amd64)
      X-Amz-Content-Sha256:
      - e3b0c44298fc1c149afbf4c8996fb92427ae41e4649b934ca495991b7852b855
      X-Amz-Date:
      - 20230228T101841Z
    url: https://tf-test-bucket-8108189554505661291.s3.fr-par.scw.cloud/?object-lock=
    method: GET
  response:
    body: |-
      <?xml version='1.0' encoding='UTF-8'?>
      <Error><Code>ObjectLockConfigurationNotFoundError</Code><Message>Object Lock configuration does not exist for this bucket</Message><RequestId>tx8b444be1cd164c67a77cc-0063fdd501</RequestId></Error>
    headers:
      Content-Type:
      - application/xml
      Date:
      - Tue, 28 Feb 2023 10:18:41 GMT
      X-Amz-Id-2:
      - tx8b444be1cd164c67a77cc-0063fdd501
      X-Amz-Request-Id:
      - tx8b444be1cd164c67a77cc-0063fdd501
    status: 404 Not Found
    code: 404
    duration: ""
- request:
    body: ""
    form: {}
    headers:
      User-Agent:
      - aws-sdk-go/1.44.193 (go1.19.5; darwin; amd64)
      X-Amz-Content-Sha256:
      - e3b0c44298fc1c149afbf4c8996fb92427ae41e4649b934ca495991b7852b855
      X-Amz-Date:
      - 20230228T101841Z
    url: https://tf-test-bucket-8108189554505661291.s3.fr-par.scw.cloud/
    method: GET
  response:
    body: |-
      <?xml version='1.0' encoding='UTF-8'?>
      <ListBucketResult xmlns="http://s3.amazonaws.com/doc/2006-03-01/"><Name>tf-test-bucket-8108189554505661291</Name><Prefix/><Delimiter/><MaxKeys>1000</MaxKeys><IsTruncated>false</IsTruncated><Marker/></ListBucketResult>
    headers:
      Content-Length:
      - "256"
      Content-Type:
      - application/xml
      Date:
      - Tue, 28 Feb 2023 10:18:41 GMT
      X-Amz-Id-2:
      - tx11858603916947f9b4682-0063fdd501
      X-Amz-Request-Id:
      - tx11858603916947f9b4682-0063fdd501
    status: 200 OK
    code: 200
    duration: ""
- request:
    body: ""
    form: {}
    headers:
      User-Agent:
      - aws-sdk-go/1.44.193 (go1.19.5; darwin; amd64)
      X-Amz-Content-Sha256:
      - e3b0c44298fc1c149afbf4c8996fb92427ae41e4649b934ca495991b7852b855
      X-Amz-Date:
      - 20230228T101842Z
    url: https://tf-test-bucket-8108189554505661291.s3.fr-par.scw.cloud/?tagging=
    method: GET
  response:
    body: <Tagging xmlns="http://s3.amazonaws.com/doc/2006-03-01/"><TagSet><Tag><Key>TestName</Key><Value>TestAccSCWBucketPolicy_basic</Value></Tag></TagSet></Tagging>
    headers:
      Content-Length:
      - "157"
      Content-Type:
      - application/xml
      Date:
      - Tue, 28 Feb 2023 10:18:42 GMT
      X-Amz-Id-2:
      - tx21206c8af38c49e8adc5e-0063fdd502
      X-Amz-Request-Id:
      - tx21206c8af38c49e8adc5e-0063fdd502
    status: 200 OK
    code: 200
    duration: ""
- request:
    body: ""
    form: {}
    headers:
      User-Agent:
      - aws-sdk-go/1.44.193 (go1.19.5; darwin; amd64)
      X-Amz-Content-Sha256:
      - e3b0c44298fc1c149afbf4c8996fb92427ae41e4649b934ca495991b7852b855
      X-Amz-Date:
      - 20230228T101842Z
    url: https://tf-test-bucket-8108189554505661291.s3.fr-par.scw.cloud/?cors=
    method: GET
  response:
    body: |-
      <?xml version='1.0' encoding='UTF-8'?>
      <Error><Code>NoSuchCORSConfiguration</Code><Message>The CORS configuration does not exist</Message><RequestId>txce682a192acf460eba156-0063fdd502</RequestId></Error>
    headers:
      Content-Type:
      - application/xml
      Date:
      - Tue, 28 Feb 2023 10:18:42 GMT
      X-Amz-Id-2:
      - txce682a192acf460eba156-0063fdd502
      X-Amz-Request-Id:
      - txce682a192acf460eba156-0063fdd502
    status: 404 Not Found
    code: 404
    duration: ""
- request:
    body: ""
    form: {}
    headers:
      User-Agent:
      - aws-sdk-go/1.44.193 (go1.19.5; darwin; amd64)
      X-Amz-Content-Sha256:
      - e3b0c44298fc1c149afbf4c8996fb92427ae41e4649b934ca495991b7852b855
      X-Amz-Date:
      - 20230228T101842Z
    url: https://tf-test-bucket-8108189554505661291.s3.fr-par.scw.cloud/?versioning=
    method: GET
  response:
    body: |-
      <?xml version='1.0' encoding='UTF-8'?>
      <VersioningConfiguration xmlns="http://s3.amazonaws.com/doc/2006-03-01/"/>
    headers:
      Content-Length:
      - "113"
      Content-Type:
      - text/plain
      Date:
      - Tue, 28 Feb 2023 10:18:42 GMT
      X-Amz-Id-2:
      - txa13bcde7499d471b90f3d-0063fdd502
      X-Amz-Request-Id:
      - txa13bcde7499d471b90f3d-0063fdd502
    status: 200 OK
    code: 200
    duration: ""
- request:
    body: ""
    form: {}
    headers:
      User-Agent:
      - aws-sdk-go/1.44.193 (go1.19.5; darwin; amd64)
      X-Amz-Content-Sha256:
      - e3b0c44298fc1c149afbf4c8996fb92427ae41e4649b934ca495991b7852b855
      X-Amz-Date:
      - 20230228T101842Z
    url: https://tf-test-bucket-8108189554505661291.s3.fr-par.scw.cloud/?lifecycle=
    method: GET
  response:
    body: |-
      <?xml version='1.0' encoding='UTF-8'?>
      <Error><Code>NoSuchLifecycleConfiguration</Code><Message>The lifecycle configuration does not exist.</Message><RequestId>txa7d62d28fba6424ba1d32-0063fdd502</RequestId></Error>
    headers:
      Content-Type:
      - application/xml
      Date:
      - Tue, 28 Feb 2023 10:18:42 GMT
      X-Amz-Id-2:
      - txa7d62d28fba6424ba1d32-0063fdd502
      X-Amz-Request-Id:
      - txa7d62d28fba6424ba1d32-0063fdd502
    status: 404 Not Found
    code: 404
    duration: ""
- request:
    body: '{"Id":"MyPolicy","Statement":[{"Action":["s3:ListBucket","s3:GetObject"],"Effect":"Allow","Principal":{"SCW":"*"},"Resource":["tf-test-bucket-8108189554505661291","tf-test-bucket-8108189554505661291/*"],"Sid":"GrantToEveryone"}],"Version":"2012-10-17"}'
    form: {}
    headers:
      Content-Length:
      - "252"
      Content-Md5:
      - UoV76pzqjVKsjozQp4Sm3A==
      User-Agent:
      - aws-sdk-go/1.44.193 (go1.19.5; darwin; amd64)
      X-Amz-Content-Sha256:
      - 170225e40ff92a1f24235cc151cd2156615dd605265bd4f65b48ed6132f85c9a
      X-Amz-Date:
      - 20230228T101842Z
    url: https://tf-test-bucket-8108189554505661291.s3.fr-par.scw.cloud/?policy=
    method: PUT
  response:
    body: ""
    headers:
      Content-Length:
      - "0"
      Content-Type:
      - text/html; charset=UTF-8
      Date:
      - Tue, 28 Feb 2023 10:18:42 GMT
      X-Amz-Id-2:
      - txef75c602f3764ab3bde44-0063fdd502
      X-Amz-Request-Id:
      - txef75c602f3764ab3bde44-0063fdd502
    status: 204 No Content
    code: 204
    duration: ""
- request:
    body: ""
    form: {}
    headers:
      User-Agent:
      - aws-sdk-go/1.44.193 (go1.19.5; darwin; amd64)
      X-Amz-Content-Sha256:
      - e3b0c44298fc1c149afbf4c8996fb92427ae41e4649b934ca495991b7852b855
      X-Amz-Date:
      - 20230228T101842Z
    url: https://tf-test-bucket-8108189554505661291.s3.fr-par.scw.cloud/?policy=
    method: GET
  response:
    body: '{"Id":"MyPolicy","Statement":[{"Action":["s3:ListBucket","s3:GetObject"],"Effect":"Allow","Principal":{"SCW":"*"},"Resource":["tf-test-bucket-8108189554505661291","tf-test-bucket-8108189554505661291/*"],"Sid":"GrantToEveryone"}],"Version":"2012-10-17"}'
    headers:
      Content-Length:
      - "269"
      Content-Type:
      - application/json
      Date:
      - Tue, 28 Feb 2023 10:18:42 GMT
      X-Amz-Id-2:
      - tx51741d8d1f934549b4acf-0063fdd502
      X-Amz-Request-Id:
      - tx51741d8d1f934549b4acf-0063fdd502
    status: 200 OK
    code: 200
    duration: ""
- request:
    body: ""
    form: {}
    headers:
      User-Agent:
      - aws-sdk-go/1.44.193 (go1.19.5; darwin; amd64)
      X-Amz-Content-Sha256:
      - e3b0c44298fc1c149afbf4c8996fb92427ae41e4649b934ca495991b7852b855
      X-Amz-Date:
      - 20230228T101842Z
    url: https://tf-test-bucket-8108189554505661291.s3.fr-par.scw.cloud/?acl=
    method: GET
  response:
    body: |-
      <?xml version='1.0' encoding='UTF-8'?>
      <AccessControlPolicy xmlns="http://s3.amazonaws.com/doc/2006-03-01/"><Owner><ID>105bdce1-64c0-48ab-899d-868455867ecf:105bdce1-64c0-48ab-899d-868455867ecf</ID><DisplayName>105bdce1-64c0-48ab-899d-868455867ecf:105bdce1-64c0-48ab-899d-868455867ecf</DisplayName></Owner><AccessControlList><Grant><Grantee xmlns:xsi="http://www.w3.org/2001/XMLSchema-instance" xsi:type="CanonicalUser"><ID>105bdce1-64c0-48ab-899d-868455867ecf:105bdce1-64c0-48ab-899d-868455867ecf</ID><DisplayName>105bdce1-64c0-48ab-899d-868455867ecf:105bdce1-64c0-48ab-899d-868455867ecf</DisplayName></Grantee><Permission>FULL_CONTROL</Permission></Grant></AccessControlList></AccessControlPolicy>
    headers:
      Content-Length:
      - "698"
      Content-Type:
      - text/html; charset=UTF-8
      Date:
      - Tue, 28 Feb 2023 10:18:43 GMT
      X-Amz-Id-2:
      - txc312b5c57b4342849d9ff-0063fdd502
      X-Amz-Request-Id:
      - txc312b5c57b4342849d9ff-0063fdd502
    status: 200 OK
    code: 200
    duration: ""
- request:
    body: ""
    form: {}
    headers:
      User-Agent:
      - aws-sdk-go/1.44.193 (go1.19.5; darwin; amd64)
      X-Amz-Content-Sha256:
      - e3b0c44298fc1c149afbf4c8996fb92427ae41e4649b934ca495991b7852b855
      X-Amz-Date:
      - 20230228T101843Z
    url: https://tf-test-bucket-8108189554505661291.s3.fr-par.scw.cloud/
    method: HEAD
  response:
    body: ""
    headers:
      Content-Length:
      - "0"
      Content-Type:
      - text/plain; charset=utf-8
      Date:
      - Tue, 28 Feb 2023 10:18:43 GMT
      X-Amz-Id-2:
      - txe8ca9ef8b9d347d1bc087-0063fdd503
      X-Amz-Request-Id:
      - txe8ca9ef8b9d347d1bc087-0063fdd503
    status: 200 OK
    code: 200
    duration: ""
- request:
    body: ""
    form: {}
    headers:
      User-Agent:
      - aws-sdk-go/1.44.193 (go1.19.5; darwin; amd64)
      X-Amz-Content-Sha256:
      - e3b0c44298fc1c149afbf4c8996fb92427ae41e4649b934ca495991b7852b855
      X-Amz-Date:
      - 20230228T101843Z
    url: https://tf-test-bucket-8108189554505661291.s3.fr-par.scw.cloud/?policy=
    method: GET
  response:
    body: '{"Id":"MyPolicy","Statement":[{"Action":["s3:ListBucket","s3:GetObject"],"Effect":"Allow","Principal":{"SCW":"*"},"Resource":["tf-test-bucket-8108189554505661291","tf-test-bucket-8108189554505661291/*"],"Sid":"GrantToEveryone"}],"Version":"2012-10-17"}'
    headers:
      Content-Length:
      - "269"
      Content-Type:
      - application/json
      Date:
      - Tue, 28 Feb 2023 10:18:43 GMT
      X-Amz-Id-2:
      - tx040bd25b4d0041bf9238d-0063fdd503
      X-Amz-Request-Id:
      - tx040bd25b4d0041bf9238d-0063fdd503
    status: 200 OK
    code: 200
    duration: ""
- request:
    body: ""
    form: {}
    headers:
      User-Agent:
      - aws-sdk-go/1.44.193 (go1.19.5; darwin; amd64)
      X-Amz-Content-Sha256:
      - e3b0c44298fc1c149afbf4c8996fb92427ae41e4649b934ca495991b7852b855
      X-Amz-Date:
      - 20230228T101843Z
    url: https://tf-test-bucket-8108189554505661291.s3.fr-par.scw.cloud/?acl=
    method: GET
  response:
    body: |-
      <?xml version='1.0' encoding='UTF-8'?>
      <AccessControlPolicy xmlns="http://s3.amazonaws.com/doc/2006-03-01/"><Owner><ID>105bdce1-64c0-48ab-899d-868455867ecf:105bdce1-64c0-48ab-899d-868455867ecf</ID><DisplayName>105bdce1-64c0-48ab-899d-868455867ecf:105bdce1-64c0-48ab-899d-868455867ecf</DisplayName></Owner><AccessControlList><Grant><Grantee xmlns:xsi="http://www.w3.org/2001/XMLSchema-instance" xsi:type="CanonicalUser"><ID>105bdce1-64c0-48ab-899d-868455867ecf:105bdce1-64c0-48ab-899d-868455867ecf</ID><DisplayName>105bdce1-64c0-48ab-899d-868455867ecf:105bdce1-64c0-48ab-899d-868455867ecf</DisplayName></Grantee><Permission>FULL_CONTROL</Permission></Grant></AccessControlList></AccessControlPolicy>
    headers:
      Content-Length:
      - "698"
      Content-Type:
      - text/html; charset=UTF-8
      Date:
      - Tue, 28 Feb 2023 10:18:43 GMT
      X-Amz-Id-2:
      - tx41b24430f98d45deaed79-0063fdd503
      X-Amz-Request-Id:
      - tx41b24430f98d45deaed79-0063fdd503
    status: 200 OK
    code: 200
    duration: ""
- request:
    body: ""
    form: {}
    headers:
      User-Agent:
      - aws-sdk-go/1.44.193 (go1.19.5; darwin; amd64)
      X-Amz-Content-Sha256:
      - e3b0c44298fc1c149afbf4c8996fb92427ae41e4649b934ca495991b7852b855
      X-Amz-Date:
      - 20230228T101843Z
    url: https://tf-test-bucket-8108189554505661291.s3.fr-par.scw.cloud/?object-lock=
    method: GET
  response:
    body: |-
      <?xml version='1.0' encoding='UTF-8'?>
      <Error><Code>ObjectLockConfigurationNotFoundError</Code><Message>Object Lock configuration does not exist for this bucket</Message><RequestId>txb929a07e39084a62a2363-0063fdd504</RequestId></Error>
    headers:
      Content-Type:
      - application/xml
      Date:
      - Tue, 28 Feb 2023 10:18:44 GMT
      X-Amz-Id-2:
      - txb929a07e39084a62a2363-0063fdd504
      X-Amz-Request-Id:
      - txb929a07e39084a62a2363-0063fdd504
    status: 404 Not Found
    code: 404
    duration: ""
- request:
    body: ""
    form: {}
    headers:
      User-Agent:
      - aws-sdk-go/1.44.193 (go1.19.5; darwin; amd64)
      X-Amz-Content-Sha256:
      - e3b0c44298fc1c149afbf4c8996fb92427ae41e4649b934ca495991b7852b855
      X-Amz-Date:
      - 20230228T101844Z
    url: https://tf-test-bucket-8108189554505661291.s3.fr-par.scw.cloud/
    method: GET
  response:
    body: |-
      <?xml version='1.0' encoding='UTF-8'?>
      <ListBucketResult xmlns="http://s3.amazonaws.com/doc/2006-03-01/"><Name>tf-test-bucket-8108189554505661291</Name><Prefix/><Delimiter/><MaxKeys>1000</MaxKeys><IsTruncated>false</IsTruncated><Marker/></ListBucketResult>
    headers:
      Content-Length:
      - "256"
      Content-Type:
      - application/xml
      Date:
      - Tue, 28 Feb 2023 10:18:44 GMT
      X-Amz-Id-2:
      - tx4a407b1bf06e467580b25-0063fdd504
      X-Amz-Request-Id:
      - tx4a407b1bf06e467580b25-0063fdd504
    status: 200 OK
    code: 200
    duration: ""
- request:
    body: ""
    form: {}
    headers:
      User-Agent:
      - aws-sdk-go/1.44.193 (go1.19.5; darwin; amd64)
      X-Amz-Content-Sha256:
      - e3b0c44298fc1c149afbf4c8996fb92427ae41e4649b934ca495991b7852b855
      X-Amz-Date:
      - 20230228T101844Z
    url: https://tf-test-bucket-8108189554505661291.s3.fr-par.scw.cloud/?tagging=
    method: GET
  response:
    body: <Tagging xmlns="http://s3.amazonaws.com/doc/2006-03-01/"><TagSet><Tag><Key>TestName</Key><Value>TestAccSCWBucketPolicy_basic</Value></Tag></TagSet></Tagging>
    headers:
      Content-Length:
      - "157"
      Content-Type:
      - application/xml
      Date:
      - Tue, 28 Feb 2023 10:18:44 GMT
      X-Amz-Id-2:
      - tx39a354f33f5348af86e2d-0063fdd504
      X-Amz-Request-Id:
      - tx39a354f33f5348af86e2d-0063fdd504
    status: 200 OK
    code: 200
    duration: ""
- request:
    body: ""
    form: {}
    headers:
      User-Agent:
      - aws-sdk-go/1.44.193 (go1.19.5; darwin; amd64)
      X-Amz-Content-Sha256:
      - e3b0c44298fc1c149afbf4c8996fb92427ae41e4649b934ca495991b7852b855
      X-Amz-Date:
      - 20230228T101844Z
    url: https://tf-test-bucket-8108189554505661291.s3.fr-par.scw.cloud/?cors=
    method: GET
  response:
    body: |-
      <?xml version='1.0' encoding='UTF-8'?>
      <Error><Code>NoSuchCORSConfiguration</Code><Message>The CORS configuration does not exist</Message><RequestId>tx73c4bf7372754d288fc01-0063fdd504</RequestId></Error>
    headers:
      Content-Type:
      - application/xml
      Date:
      - Tue, 28 Feb 2023 10:18:44 GMT
      X-Amz-Id-2:
      - tx73c4bf7372754d288fc01-0063fdd504
      X-Amz-Request-Id:
      - tx73c4bf7372754d288fc01-0063fdd504
    status: 404 Not Found
    code: 404
    duration: ""
- request:
    body: ""
    form: {}
    headers:
      User-Agent:
      - aws-sdk-go/1.44.193 (go1.19.5; darwin; amd64)
      X-Amz-Content-Sha256:
      - e3b0c44298fc1c149afbf4c8996fb92427ae41e4649b934ca495991b7852b855
      X-Amz-Date:
      - 20230228T101844Z
    url: https://tf-test-bucket-8108189554505661291.s3.fr-par.scw.cloud/?versioning=
    method: GET
  response:
    body: |-
      <?xml version='1.0' encoding='UTF-8'?>
      <VersioningConfiguration xmlns="http://s3.amazonaws.com/doc/2006-03-01/"/>
    headers:
      Content-Length:
      - "113"
      Content-Type:
      - text/plain
      Date:
      - Tue, 28 Feb 2023 10:18:44 GMT
      X-Amz-Id-2:
      - tx938e3f7078db4f15aa1f9-0063fdd504
      X-Amz-Request-Id:
      - tx938e3f7078db4f15aa1f9-0063fdd504
    status: 200 OK
    code: 200
    duration: ""
- request:
    body: ""
    form: {}
    headers:
      User-Agent:
      - aws-sdk-go/1.44.193 (go1.19.5; darwin; amd64)
      X-Amz-Content-Sha256:
      - e3b0c44298fc1c149afbf4c8996fb92427ae41e4649b934ca495991b7852b855
      X-Amz-Date:
      - 20230228T101844Z
    url: https://tf-test-bucket-8108189554505661291.s3.fr-par.scw.cloud/?lifecycle=
    method: GET
  response:
    body: |-
      <?xml version='1.0' encoding='UTF-8'?>
      <Error><Code>NoSuchLifecycleConfiguration</Code><Message>The lifecycle configuration does not exist.</Message><RequestId>txabeaac7152524d93a36fd-0063fdd504</RequestId></Error>
    headers:
      Content-Type:
      - application/xml
      Date:
      - Tue, 28 Feb 2023 10:18:44 GMT
      X-Amz-Id-2:
      - txabeaac7152524d93a36fd-0063fdd504
      X-Amz-Request-Id:
      - txabeaac7152524d93a36fd-0063fdd504
    status: 404 Not Found
    code: 404
    duration: ""
- request:
    body: ""
    form: {}
    headers:
      User-Agent:
      - aws-sdk-go/1.44.193 (go1.19.5; darwin; amd64)
      X-Amz-Content-Sha256:
      - e3b0c44298fc1c149afbf4c8996fb92427ae41e4649b934ca495991b7852b855
      X-Amz-Date:
      - 20230228T101844Z
    url: https://tf-test-bucket-8108189554505661291.s3.fr-par.scw.cloud/?policy=
    method: GET
  response:
    body: '{"Id":"MyPolicy","Statement":[{"Action":["s3:ListBucket","s3:GetObject"],"Effect":"Allow","Principal":{"SCW":"*"},"Resource":["tf-test-bucket-8108189554505661291","tf-test-bucket-8108189554505661291/*"],"Sid":"GrantToEveryone"}],"Version":"2012-10-17"}'
    headers:
      Content-Length:
      - "269"
      Content-Type:
      - application/json
      Date:
      - Tue, 28 Feb 2023 10:18:44 GMT
      X-Amz-Id-2:
      - txa3fed004ec0a485f8f5c8-0063fdd504
      X-Amz-Request-Id:
      - txa3fed004ec0a485f8f5c8-0063fdd504
    status: 200 OK
    code: 200
    duration: ""
- request:
    body: ""
    form: {}
    headers:
      User-Agent:
      - aws-sdk-go/1.44.193 (go1.19.5; darwin; amd64)
      X-Amz-Content-Sha256:
      - e3b0c44298fc1c149afbf4c8996fb92427ae41e4649b934ca495991b7852b855
      X-Amz-Date:
      - 20230228T101844Z
    url: https://tf-test-bucket-8108189554505661291.s3.fr-par.scw.cloud/?acl=
    method: GET
  response:
    body: |-
      <?xml version='1.0' encoding='UTF-8'?>
      <AccessControlPolicy xmlns="http://s3.amazonaws.com/doc/2006-03-01/"><Owner><ID>105bdce1-64c0-48ab-899d-868455867ecf:105bdce1-64c0-48ab-899d-868455867ecf</ID><DisplayName>105bdce1-64c0-48ab-899d-868455867ecf:105bdce1-64c0-48ab-899d-868455867ecf</DisplayName></Owner><AccessControlList><Grant><Grantee xmlns:xsi="http://www.w3.org/2001/XMLSchema-instance" xsi:type="CanonicalUser"><ID>105bdce1-64c0-48ab-899d-868455867ecf:105bdce1-64c0-48ab-899d-868455867ecf</ID><DisplayName>105bdce1-64c0-48ab-899d-868455867ecf:105bdce1-64c0-48ab-899d-868455867ecf</DisplayName></Grantee><Permission>FULL_CONTROL</Permission></Grant></AccessControlList></AccessControlPolicy>
    headers:
      Content-Length:
      - "698"
      Content-Type:
      - text/html; charset=UTF-8
      Date:
      - Tue, 28 Feb 2023 10:18:44 GMT
      X-Amz-Id-2:
      - txcef36679b91d453d9d97c-0063fdd504
      X-Amz-Request-Id:
      - txcef36679b91d453d9d97c-0063fdd504
    status: 200 OK
    code: 200
    duration: ""
- request:
    body: ""
    form: {}
    headers:
      User-Agent:
      - aws-sdk-go/1.44.193 (go1.19.5; darwin; amd64)
      X-Amz-Content-Sha256:
      - e3b0c44298fc1c149afbf4c8996fb92427ae41e4649b934ca495991b7852b855
      X-Amz-Date:
      - 20230228T101845Z
    url: https://tf-test-bucket-8108189554505661291.s3.fr-par.scw.cloud/?policy=
    method: GET
  response:
    body: '{"Id":"MyPolicy","Statement":[{"Action":["s3:ListBucket","s3:GetObject"],"Effect":"Allow","Principal":{"SCW":"*"},"Resource":["tf-test-bucket-8108189554505661291","tf-test-bucket-8108189554505661291/*"],"Sid":"GrantToEveryone"}],"Version":"2012-10-17"}'
    headers:
      Content-Length:
      - "269"
      Content-Type:
      - application/json
      Date:
      - Tue, 28 Feb 2023 10:18:45 GMT
      X-Amz-Id-2:
      - txf95cf3abfd3e46b0ba3fe-0063fdd505
      X-Amz-Request-Id:
      - txf95cf3abfd3e46b0ba3fe-0063fdd505
    status: 200 OK
    code: 200
    duration: ""
- request:
    body: ""
    form: {}
    headers:
      User-Agent:
      - aws-sdk-go/1.44.193 (go1.19.5; darwin; amd64)
      X-Amz-Content-Sha256:
      - e3b0c44298fc1c149afbf4c8996fb92427ae41e4649b934ca495991b7852b855
      X-Amz-Date:
      - 20230228T101845Z
    url: https://tf-test-bucket-8108189554505661291.s3.fr-par.scw.cloud/?acl=
    method: GET
  response:
    body: |-
      <?xml version='1.0' encoding='UTF-8'?>
      <AccessControlPolicy xmlns="http://s3.amazonaws.com/doc/2006-03-01/"><Owner><ID>105bdce1-64c0-48ab-899d-868455867ecf:105bdce1-64c0-48ab-899d-868455867ecf</ID><DisplayName>105bdce1-64c0-48ab-899d-868455867ecf:105bdce1-64c0-48ab-899d-868455867ecf</DisplayName></Owner><AccessControlList><Grant><Grantee xmlns:xsi="http://www.w3.org/2001/XMLSchema-instance" xsi:type="CanonicalUser"><ID>105bdce1-64c0-48ab-899d-868455867ecf:105bdce1-64c0-48ab-899d-868455867ecf</ID><DisplayName>105bdce1-64c0-48ab-899d-868455867ecf:105bdce1-64c0-48ab-899d-868455867ecf</DisplayName></Grantee><Permission>FULL_CONTROL</Permission></Grant></AccessControlList></AccessControlPolicy>
    headers:
      Content-Length:
      - "698"
      Content-Type:
      - text/html; charset=UTF-8
      Date:
      - Tue, 28 Feb 2023 10:18:45 GMT
      X-Amz-Id-2:
      - txbc4942adcaf043089c47c-0063fdd505
      X-Amz-Request-Id:
      - txbc4942adcaf043089c47c-0063fdd505
    status: 200 OK
    code: 200
    duration: ""
- request:
    body: ""
    form: {}
    headers:
      User-Agent:
      - aws-sdk-go/1.44.193 (go1.19.5; darwin; amd64)
      X-Amz-Content-Sha256:
      - e3b0c44298fc1c149afbf4c8996fb92427ae41e4649b934ca495991b7852b855
      X-Amz-Date:
      - 20230228T101845Z
    url: https://tf-test-bucket-8108189554505661291.s3.fr-par.scw.cloud/?policy=
    method: DELETE
  response:
    body: ""
    headers:
      Content-Length:
      - "0"
      Content-Type:
      - text/html; charset=UTF-8
      Date:
      - Tue, 28 Feb 2023 10:18:46 GMT
      X-Amz-Id-2:
      - tx7d35b636573d4a6b86c5d-0063fdd505
      X-Amz-Request-Id:
      - tx7d35b636573d4a6b86c5d-0063fdd505
    status: 204 No Content
    code: 204
    duration: ""
- request:
    body: ""
    form: {}
    headers:
      User-Agent:
      - aws-sdk-go/1.44.193 (go1.19.5; darwin; amd64)
      X-Amz-Content-Sha256:
      - e3b0c44298fc1c149afbf4c8996fb92427ae41e4649b934ca495991b7852b855
      X-Amz-Date:
      - 20230228T101846Z
    url: https://tf-test-bucket-8108189554505661291.s3.fr-par.scw.cloud/
    method: DELETE
  response:
    body: ""
    headers:
      Content-Length:
      - "0"
      Content-Type:
      - text/html; charset=UTF-8
      Date:
      - Tue, 28 Feb 2023 10:18:46 GMT
      X-Amz-Id-2:
      - tx84af33c5efd14129b9231-0063fdd506
      X-Amz-Request-Id:
      - tx84af33c5efd14129b9231-0063fdd506
    status: 204 No Content
    code: 204
    duration: ""
