---
version: 1
interactions:
- request:
    body: '{"name":"tf_tests_cockpit_grafana_user_non_existent_cockpit","organization_id":"105bdce1-64c0-48ab-899d-868455867ecf","description":null}'
    form: {}
    headers:
      Content-Type:
      - application/json
      User-Agent:
      - scaleway-sdk-go/v1.0.0-beta.7+dev (go1.19.5; darwin; amd64) terraform-provider/develop
        terraform/terraform-tests
    url: https://api.scaleway.com/account/v2/projects
    method: POST
  response:
    body: '{"created_at":"2023-02-22T15:03:03.952377Z","description":"","id":"31855d30-ffe3-46d6-b5ba-081c3506faa7","name":"tf_tests_cockpit_grafana_user_non_existent_cockpit","organization_id":"105bdce1-64c0-48ab-899d-868455867ecf","updated_at":"2023-02-22T15:03:03.952377Z"}'
    headers:
      Content-Length:
      - "270"
      Content-Security-Policy:
      - default-src 'none'; frame-ancestors 'none'
      Content-Type:
      - application/json
      Date:
      - Wed, 22 Feb 2023 15:03:05 GMT
      Server:
      - Scaleway API-Gateway
      Strict-Transport-Security:
      - max-age=63072000
      X-Content-Type-Options:
      - nosniff
      X-Frame-Options:
      - DENY
      X-Request-Id:
      - aad06e95-d203-4487-9b53-f580ca147691
    status: 200 OK
    code: 200
    duration: ""
- request:
    body: ""
    form: {}
    headers:
      User-Agent:
      - scaleway-sdk-go/v1.0.0-beta.7+dev (go1.19.5; darwin; amd64) terraform-provider/develop
        terraform/terraform-tests
    url: https://api.scaleway.com/account/v2/projects/31855d30-ffe3-46d6-b5ba-081c3506faa7
    method: GET
  response:
    body: '{"created_at":"2023-02-22T15:03:03.952377Z","description":"","id":"31855d30-ffe3-46d6-b5ba-081c3506faa7","name":"tf_tests_cockpit_grafana_user_non_existent_cockpit","organization_id":"105bdce1-64c0-48ab-899d-868455867ecf","updated_at":"2023-02-22T15:03:03.952377Z"}'
    headers:
      Content-Length:
      - "270"
      Content-Security-Policy:
      - default-src 'none'; frame-ancestors 'none'
      Content-Type:
      - application/json
      Date:
      - Wed, 22 Feb 2023 15:03:05 GMT
      Server:
      - Scaleway API-Gateway
      Strict-Transport-Security:
      - max-age=63072000
      X-Content-Type-Options:
      - nosniff
      X-Frame-Options:
      - DENY
      X-Request-Id:
      - 2bb7a684-7e5f-4cae-ada8-5c909eadfeec
    status: 200 OK
    code: 200
    duration: ""
- request:
    body: ""
    form: {}
    headers:
      User-Agent:
      - scaleway-sdk-go/v1.0.0-beta.7+dev (go1.19.5; darwin; amd64) terraform-provider/develop
        terraform/terraform-tests
    url: https://api.scaleway.com/cockpit/v1beta1/cockpit?project_id=31855d30-ffe3-46d6-b5ba-081c3506faa7
    method: GET
  response:
    body: '{"message":"resource is not found","resource":"cockpit","resource_id":"31855d30-ffe3-46d6-b5ba-081c3506faa7","type":"not_found"}'
    headers:
      Content-Length:
      - "128"
      Content-Security-Policy:
      - default-src 'none'; frame-ancestors 'none'
      Content-Type:
      - application/json
      Date:
      - Wed, 22 Feb 2023 15:03:05 GMT
      Server:
      - Scaleway API-Gateway
      Strict-Transport-Security:
      - max-age=63072000
      X-Content-Type-Options:
      - nosniff
      X-Frame-Options:
      - DENY
      X-Request-Id:
      - f2448673-1436-4a70-8ca4-40c1e406705e
    status: 404 Not Found
    code: 404
    duration: ""
- request:
    body: ""
    form: {}
    headers:
      User-Agent:
      - scaleway-sdk-go/v1.0.0-beta.7+dev (go1.19.5; darwin; amd64) terraform-provider/develop
        terraform/terraform-tests
    url: https://api.scaleway.com/account/v2/projects/31855d30-ffe3-46d6-b5ba-081c3506faa7
    method: DELETE
  response:
    body: ""
    headers:
      Content-Security-Policy:
      - default-src 'none'; frame-ancestors 'none'
      Content-Type:
      - application/json
      Date:
      - Wed, 22 Feb 2023 15:03:06 GMT
      Server:
      - Scaleway API-Gateway
      Strict-Transport-Security:
      - max-age=63072000
      X-Content-Type-Options:
      - nosniff
      X-Frame-Options:
      - DENY
      X-Request-Id:
      - 741e4a19-f62b-48e3-83bf-b78010337bb4
    status: 204 No Content
    code: 204
    duration: ""
