---
version: 1
interactions:
- request:
    body: '{"name":"tf-ns-busy-davinci","environment_variables":{},"project_id":"ee7bd9e1-9cbd-4724-b2f4-19e50f3cf38b","description":null,"secret_environment_variables":[]}'
    form: {}
    headers:
      Content-Type:
      - application/json
      User-Agent:
      - scaleway-sdk-go/v1.0.0-beta.7+dev (go1.19.1; linux; amd64) terraform-provider/develop
        terraform/terraform-tests
    url: https://api.scaleway.com/containers/v1beta1/regions/fr-par/namespaces
    method: POST
  response:
    body: '{"id":"40c2f589-ddc8-4603-acb6-5af46ecdc202","name":"tf-ns-busy-davinci","environment_variables":{},"organization_id":"ee7bd9e1-9cbd-4724-b2f4-19e50f3cf38b","project_id":"ee7bd9e1-9cbd-4724-b2f4-19e50f3cf38b","status":"pending","registry_namespace_id":"","error_message":null,"registry_endpoint":"","description":"","secret_environment_variables":[],"region":"fr-par"}'
    headers:
      Content-Length:
      - "368"
      Content-Security-Policy:
      - default-src 'none'; frame-ancestors 'none'
      Content-Type:
      - application/json
      Date:
      - Wed, 26 Oct 2022 06:37:21 GMT
      Server:
      - Scaleway API-Gateway
      Strict-Transport-Security:
      - max-age=63072000
      X-Content-Type-Options:
      - nosniff
      X-Frame-Options:
      - DENY
      X-Request-Id:
      - f9b9675d-c797-4c70-90b8-ac1afacb47fd
    status: 200 OK
    code: 200
    duration: ""
- request:
    body: ""
    form: {}
    headers:
      User-Agent:
      - scaleway-sdk-go/v1.0.0-beta.7+dev (go1.19.1; linux; amd64) terraform-provider/develop
        terraform/terraform-tests
    url: https://api.scaleway.com/containers/v1beta1/regions/fr-par/namespaces/40c2f589-ddc8-4603-acb6-5af46ecdc202
    method: GET
  response:
    body: '{"id":"40c2f589-ddc8-4603-acb6-5af46ecdc202","name":"tf-ns-busy-davinci","environment_variables":{},"organization_id":"ee7bd9e1-9cbd-4724-b2f4-19e50f3cf38b","project_id":"ee7bd9e1-9cbd-4724-b2f4-19e50f3cf38b","status":"pending","registry_namespace_id":"","error_message":null,"registry_endpoint":"","description":"","secret_environment_variables":[],"region":"fr-par"}'
    headers:
      Content-Length:
      - "368"
      Content-Security-Policy:
      - default-src 'none'; frame-ancestors 'none'
      Content-Type:
      - application/json
      Date:
      - Wed, 26 Oct 2022 06:37:21 GMT
      Server:
      - Scaleway API-Gateway
      Strict-Transport-Security:
      - max-age=63072000
      X-Content-Type-Options:
      - nosniff
      X-Frame-Options:
      - DENY
      X-Request-Id:
      - db99d104-7daa-4f37-b7d2-f32b9a968b00
    status: 200 OK
    code: 200
    duration: ""
- request:
    body: ""
    form: {}
    headers:
      User-Agent:
      - scaleway-sdk-go/v1.0.0-beta.7+dev (go1.19.1; linux; amd64) terraform-provider/develop
        terraform/terraform-tests
    url: https://api.scaleway.com/containers/v1beta1/regions/fr-par/namespaces/40c2f589-ddc8-4603-acb6-5af46ecdc202
    method: GET
  response:
    body: '{"id":"40c2f589-ddc8-4603-acb6-5af46ecdc202","name":"tf-ns-busy-davinci","environment_variables":{},"organization_id":"ee7bd9e1-9cbd-4724-b2f4-19e50f3cf38b","project_id":"ee7bd9e1-9cbd-4724-b2f4-19e50f3cf38b","status":"ready","registry_namespace_id":"f990e13b-f531-42f0-8986-f2ed085a7db0","error_message":null,"registry_endpoint":"rg.fr-par.scw.cloud/funcscwtfnsbusydavinciksvewdm5","description":"","secret_environment_variables":[],"region":"fr-par"}'
    headers:
      Content-Length:
      - "452"
      Content-Security-Policy:
      - default-src 'none'; frame-ancestors 'none'
      Content-Type:
      - application/json
      Date:
      - Wed, 26 Oct 2022 06:37:26 GMT
      Server:
      - Scaleway API-Gateway
      Strict-Transport-Security:
      - max-age=63072000
      X-Content-Type-Options:
      - nosniff
      X-Frame-Options:
      - DENY
      X-Request-Id:
      - d7f9e214-fdfb-4d11-a091-cdf63bc59349
    status: 200 OK
    code: 200
    duration: ""
- request:
    body: ""
    form: {}
    headers:
      User-Agent:
      - scaleway-sdk-go/v1.0.0-beta.7+dev (go1.19.1; linux; amd64) terraform-provider/develop
        terraform/terraform-tests
    url: https://api.scaleway.com/containers/v1beta1/regions/fr-par/namespaces/40c2f589-ddc8-4603-acb6-5af46ecdc202
    method: GET
  response:
    body: '{"id":"40c2f589-ddc8-4603-acb6-5af46ecdc202","name":"tf-ns-busy-davinci","environment_variables":{},"organization_id":"ee7bd9e1-9cbd-4724-b2f4-19e50f3cf38b","project_id":"ee7bd9e1-9cbd-4724-b2f4-19e50f3cf38b","status":"ready","registry_namespace_id":"f990e13b-f531-42f0-8986-f2ed085a7db0","error_message":null,"registry_endpoint":"rg.fr-par.scw.cloud/funcscwtfnsbusydavinciksvewdm5","description":"","secret_environment_variables":[],"region":"fr-par"}'
    headers:
      Content-Length:
      - "452"
      Content-Security-Policy:
      - default-src 'none'; frame-ancestors 'none'
      Content-Type:
      - application/json
      Date:
      - Wed, 26 Oct 2022 06:37:26 GMT
      Server:
      - Scaleway API-Gateway
      Strict-Transport-Security:
      - max-age=63072000
      X-Content-Type-Options:
      - nosniff
      X-Frame-Options:
      - DENY
      X-Request-Id:
      - 9551e1a9-5724-4c1b-a263-91e07b7e6018
    status: 200 OK
    code: 200
    duration: ""
- request:
    body: ""
    form: {}
    headers:
      User-Agent:
      - scaleway-sdk-go/v1.0.0-beta.7+dev (go1.19.1; linux; amd64) terraform-provider/develop
        terraform/terraform-tests
    url: https://api.scaleway.com/containers/v1beta1/regions/fr-par/namespaces/40c2f589-ddc8-4603-acb6-5af46ecdc202
    method: GET
  response:
    body: '{"id":"40c2f589-ddc8-4603-acb6-5af46ecdc202","name":"tf-ns-busy-davinci","environment_variables":{},"organization_id":"ee7bd9e1-9cbd-4724-b2f4-19e50f3cf38b","project_id":"ee7bd9e1-9cbd-4724-b2f4-19e50f3cf38b","status":"ready","registry_namespace_id":"f990e13b-f531-42f0-8986-f2ed085a7db0","error_message":null,"registry_endpoint":"rg.fr-par.scw.cloud/funcscwtfnsbusydavinciksvewdm5","description":"","secret_environment_variables":[],"region":"fr-par"}'
    headers:
      Content-Length:
      - "452"
      Content-Security-Policy:
      - default-src 'none'; frame-ancestors 'none'
      Content-Type:
      - application/json
      Date:
      - Wed, 26 Oct 2022 06:37:26 GMT
      Server:
      - Scaleway API-Gateway
      Strict-Transport-Security:
      - max-age=63072000
      X-Content-Type-Options:
      - nosniff
      X-Frame-Options:
      - DENY
      X-Request-Id:
      - 6264d372-ca28-48b6-b28c-2094c1b9090a
    status: 200 OK
    code: 200
    duration: ""
- request:
    body: '{"namespace_id":"40c2f589-ddc8-4603-acb6-5af46ecdc202","name":"tf-co-strange-jackson","environment_variables":null,"min_scale":null,"max_scale":null,"memory_limit":null,"timeout":null,"privacy":"public","description":null,"registry_image":null,"max_concurrency":null,"protocol":"http1","port":null,"secret_environment_variables":null}'
    form: {}
    headers:
      Content-Type:
      - application/json
      User-Agent:
      - scaleway-sdk-go/v1.0.0-beta.7+dev (go1.19.1; linux; amd64) terraform-provider/develop
        terraform/terraform-tests
    url: https://api.scaleway.com/containers/v1beta1/regions/fr-par/containers
    method: POST
  response:
    body: '{"id":"260ed542-cb5c-4d40-9050-e4bede04fbcd","name":"tf-co-strange-jackson","namespace_id":"40c2f589-ddc8-4603-acb6-5af46ecdc202","status":"created","environment_variables":{},"min_scale":0,"max_scale":5,"memory_limit":256,"cpu_limit":140,"timeout":"300s","error_message":null,"privacy":"public","description":"","registry_image":"rg.fr-par.scw.cloud/funcscwtfnsbusydavinciksvewdm5/tf-co-strange-jackson:latest","max_concurrency":50,"domain_name":"tfnsbusydavinciksvewdm5-tf-co-strange-jackson.functions.fnc.fr-par.scw.cloud","protocol":"http1","port":8080,"secret_environment_variables":[],"http_option":"","region":"fr-par"}'
    headers:
      Content-Length:
      - "626"
      Content-Security-Policy:
      - default-src 'none'; frame-ancestors 'none'
      Content-Type:
      - application/json
      Date:
      - Wed, 26 Oct 2022 06:37:26 GMT
      Server:
      - Scaleway API-Gateway
      Strict-Transport-Security:
      - max-age=63072000
      X-Content-Type-Options:
      - nosniff
      X-Frame-Options:
      - DENY
      X-Request-Id:
      - 93c844b3-890a-40e4-93d1-7bdba994764a
    status: 200 OK
    code: 200
    duration: ""
- request:
    body: ""
    form: {}
    headers:
      User-Agent:
      - scaleway-sdk-go/v1.0.0-beta.7+dev (go1.19.1; linux; amd64) terraform-provider/develop
        terraform/terraform-tests
    url: https://api.scaleway.com/containers/v1beta1/regions/fr-par/containers/260ed542-cb5c-4d40-9050-e4bede04fbcd
    method: GET
  response:
    body: '{"id":"260ed542-cb5c-4d40-9050-e4bede04fbcd","name":"tf-co-strange-jackson","namespace_id":"40c2f589-ddc8-4603-acb6-5af46ecdc202","status":"created","environment_variables":{},"min_scale":0,"max_scale":5,"memory_limit":256,"cpu_limit":140,"timeout":"300s","error_message":null,"privacy":"public","description":"","registry_image":"rg.fr-par.scw.cloud/funcscwtfnsbusydavinciksvewdm5/tf-co-strange-jackson:latest","max_concurrency":50,"domain_name":"tfnsbusydavinciksvewdm5-tf-co-strange-jackson.functions.fnc.fr-par.scw.cloud","protocol":"http1","port":8080,"secret_environment_variables":[],"http_option":"","region":"fr-par"}'
    headers:
      Content-Length:
      - "626"
      Content-Security-Policy:
      - default-src 'none'; frame-ancestors 'none'
      Content-Type:
      - application/json
      Date:
      - Wed, 26 Oct 2022 06:37:26 GMT
      Server:
      - Scaleway API-Gateway
      Strict-Transport-Security:
      - max-age=63072000
      X-Content-Type-Options:
      - nosniff
      X-Frame-Options:
      - DENY
      X-Request-Id:
      - b4e0eaf3-f179-4c7b-8fde-077a8f85da37
    status: 200 OK
    code: 200
    duration: ""
- request:
    body: ""
    form: {}
    headers:
      User-Agent:
      - scaleway-sdk-go/v1.0.0-beta.7+dev (go1.19.1; linux; amd64) terraform-provider/develop
        terraform/terraform-tests
    url: https://api.scaleway.com/containers/v1beta1/regions/fr-par/containers/260ed542-cb5c-4d40-9050-e4bede04fbcd
    method: GET
  response:
    body: '{"id":"260ed542-cb5c-4d40-9050-e4bede04fbcd","name":"tf-co-strange-jackson","namespace_id":"40c2f589-ddc8-4603-acb6-5af46ecdc202","status":"created","environment_variables":{},"min_scale":0,"max_scale":5,"memory_limit":256,"cpu_limit":140,"timeout":"300s","error_message":null,"privacy":"public","description":"","registry_image":"rg.fr-par.scw.cloud/funcscwtfnsbusydavinciksvewdm5/tf-co-strange-jackson:latest","max_concurrency":50,"domain_name":"tfnsbusydavinciksvewdm5-tf-co-strange-jackson.functions.fnc.fr-par.scw.cloud","protocol":"http1","port":8080,"secret_environment_variables":[],"http_option":"","region":"fr-par"}'
    headers:
      Content-Length:
      - "626"
      Content-Security-Policy:
      - default-src 'none'; frame-ancestors 'none'
      Content-Type:
      - application/json
      Date:
      - Wed, 26 Oct 2022 06:37:27 GMT
      Server:
      - Scaleway API-Gateway
      Strict-Transport-Security:
      - max-age=63072000
      X-Content-Type-Options:
      - nosniff
      X-Frame-Options:
      - DENY
      X-Request-Id:
      - d971a737-c8ef-4619-99c8-457125514740
    status: 200 OK
    code: 200
    duration: ""
- request:
    body: ""
    form: {}
    headers:
      User-Agent:
      - scaleway-sdk-go/v1.0.0-beta.7+dev (go1.19.1; linux; amd64) terraform-provider/develop
        terraform/terraform-tests
    url: https://api.scaleway.com/containers/v1beta1/regions/fr-par/namespaces/40c2f589-ddc8-4603-acb6-5af46ecdc202
    method: GET
  response:
    body: '{"id":"40c2f589-ddc8-4603-acb6-5af46ecdc202","name":"tf-ns-busy-davinci","environment_variables":{},"organization_id":"ee7bd9e1-9cbd-4724-b2f4-19e50f3cf38b","project_id":"ee7bd9e1-9cbd-4724-b2f4-19e50f3cf38b","status":"ready","registry_namespace_id":"f990e13b-f531-42f0-8986-f2ed085a7db0","error_message":null,"registry_endpoint":"rg.fr-par.scw.cloud/funcscwtfnsbusydavinciksvewdm5","description":"","secret_environment_variables":[],"region":"fr-par"}'
    headers:
      Content-Length:
      - "452"
      Content-Security-Policy:
      - default-src 'none'; frame-ancestors 'none'
      Content-Type:
      - application/json
      Date:
      - Wed, 26 Oct 2022 06:37:27 GMT
      Server:
      - Scaleway API-Gateway
      Strict-Transport-Security:
      - max-age=63072000
      X-Content-Type-Options:
      - nosniff
      X-Frame-Options:
      - DENY
      X-Request-Id:
      - a76e6626-396d-42cd-8c97-98f615987af7
    status: 200 OK
    code: 200
    duration: ""
- request:
    body: ""
    form: {}
    headers:
      User-Agent:
      - scaleway-sdk-go/v1.0.0-beta.7+dev (go1.19.1; linux; amd64) terraform-provider/develop
        terraform/terraform-tests
    url: https://api.scaleway.com/containers/v1beta1/regions/fr-par/containers/260ed542-cb5c-4d40-9050-e4bede04fbcd
    method: GET
  response:
    body: '{"id":"260ed542-cb5c-4d40-9050-e4bede04fbcd","name":"tf-co-strange-jackson","namespace_id":"40c2f589-ddc8-4603-acb6-5af46ecdc202","status":"created","environment_variables":{},"min_scale":0,"max_scale":5,"memory_limit":256,"cpu_limit":140,"timeout":"300s","error_message":null,"privacy":"public","description":"","registry_image":"rg.fr-par.scw.cloud/funcscwtfnsbusydavinciksvewdm5/tf-co-strange-jackson:latest","max_concurrency":50,"domain_name":"tfnsbusydavinciksvewdm5-tf-co-strange-jackson.functions.fnc.fr-par.scw.cloud","protocol":"http1","port":8080,"secret_environment_variables":[],"http_option":"","region":"fr-par"}'
    headers:
      Content-Length:
      - "626"
      Content-Security-Policy:
      - default-src 'none'; frame-ancestors 'none'
      Content-Type:
      - application/json
      Date:
      - Wed, 26 Oct 2022 06:37:27 GMT
      Server:
      - Scaleway API-Gateway
      Strict-Transport-Security:
      - max-age=63072000
      X-Content-Type-Options:
      - nosniff
      X-Frame-Options:
      - DENY
      X-Request-Id:
      - 8c53908b-061b-4a59-9db1-4e3e5b7cd600
    status: 200 OK
    code: 200
    duration: ""
- request:
    body: ""
    form: {}
    headers:
      User-Agent:
      - scaleway-sdk-go/v1.0.0-beta.7+dev (go1.19.1; linux; amd64) terraform-provider/develop
        terraform/terraform-tests
    url: https://api.scaleway.com/containers/v1beta1/regions/fr-par/namespaces/40c2f589-ddc8-4603-acb6-5af46ecdc202
    method: GET
  response:
    body: '{"id":"40c2f589-ddc8-4603-acb6-5af46ecdc202","name":"tf-ns-busy-davinci","environment_variables":{},"organization_id":"ee7bd9e1-9cbd-4724-b2f4-19e50f3cf38b","project_id":"ee7bd9e1-9cbd-4724-b2f4-19e50f3cf38b","status":"ready","registry_namespace_id":"f990e13b-f531-42f0-8986-f2ed085a7db0","error_message":null,"registry_endpoint":"rg.fr-par.scw.cloud/funcscwtfnsbusydavinciksvewdm5","description":"","secret_environment_variables":[],"region":"fr-par"}'
    headers:
      Content-Length:
      - "452"
      Content-Security-Policy:
      - default-src 'none'; frame-ancestors 'none'
      Content-Type:
      - application/json
      Date:
      - Wed, 26 Oct 2022 06:37:28 GMT
      Server:
      - Scaleway API-Gateway
      Strict-Transport-Security:
      - max-age=63072000
      X-Content-Type-Options:
      - nosniff
      X-Frame-Options:
      - DENY
      X-Request-Id:
      - f4b691b3-4f8e-44c1-a48b-29d84bf32876
    status: 200 OK
    code: 200
    duration: ""
- request:
    body: ""
    form: {}
    headers:
      User-Agent:
      - scaleway-sdk-go/v1.0.0-beta.7+dev (go1.19.1; linux; amd64) terraform-provider/develop
        terraform/terraform-tests
    url: https://api.scaleway.com/containers/v1beta1/regions/fr-par/containers/260ed542-cb5c-4d40-9050-e4bede04fbcd
    method: GET
  response:
    body: '{"id":"260ed542-cb5c-4d40-9050-e4bede04fbcd","name":"tf-co-strange-jackson","namespace_id":"40c2f589-ddc8-4603-acb6-5af46ecdc202","status":"created","environment_variables":{},"min_scale":0,"max_scale":5,"memory_limit":256,"cpu_limit":140,"timeout":"300s","error_message":null,"privacy":"public","description":"","registry_image":"rg.fr-par.scw.cloud/funcscwtfnsbusydavinciksvewdm5/tf-co-strange-jackson:latest","max_concurrency":50,"domain_name":"tfnsbusydavinciksvewdm5-tf-co-strange-jackson.functions.fnc.fr-par.scw.cloud","protocol":"http1","port":8080,"secret_environment_variables":[],"http_option":"","region":"fr-par"}'
    headers:
      Content-Length:
      - "626"
      Content-Security-Policy:
      - default-src 'none'; frame-ancestors 'none'
      Content-Type:
      - application/json
      Date:
      - Wed, 26 Oct 2022 06:37:28 GMT
      Server:
      - Scaleway API-Gateway
      Strict-Transport-Security:
      - max-age=63072000
      X-Content-Type-Options:
      - nosniff
      X-Frame-Options:
      - DENY
      X-Request-Id:
      - 03d8433d-8f50-44bd-8ac6-6b93f5503a83
    status: 200 OK
    code: 200
    duration: ""
- request:
    body: ""
    form: {}
    headers:
      User-Agent:
      - scaleway-sdk-go/v1.0.0-beta.7+dev (go1.19.1; linux; amd64) terraform-provider/develop
        terraform/terraform-tests
    url: https://api.scaleway.com/containers/v1beta1/regions/fr-par/containers/260ed542-cb5c-4d40-9050-e4bede04fbcd
    method: GET
  response:
    body: '{"id":"260ed542-cb5c-4d40-9050-e4bede04fbcd","name":"tf-co-strange-jackson","namespace_id":"40c2f589-ddc8-4603-acb6-5af46ecdc202","status":"created","environment_variables":{},"min_scale":0,"max_scale":5,"memory_limit":256,"cpu_limit":140,"timeout":"300s","error_message":null,"privacy":"public","description":"","registry_image":"rg.fr-par.scw.cloud/funcscwtfnsbusydavinciksvewdm5/tf-co-strange-jackson:latest","max_concurrency":50,"domain_name":"tfnsbusydavinciksvewdm5-tf-co-strange-jackson.functions.fnc.fr-par.scw.cloud","protocol":"http1","port":8080,"secret_environment_variables":[],"http_option":"","region":"fr-par"}'
    headers:
      Content-Length:
      - "626"
      Content-Security-Policy:
      - default-src 'none'; frame-ancestors 'none'
      Content-Type:
      - application/json
      Date:
      - Wed, 26 Oct 2022 06:37:29 GMT
      Server:
      - Scaleway API-Gateway
      Strict-Transport-Security:
      - max-age=63072000
      X-Content-Type-Options:
      - nosniff
      X-Frame-Options:
      - DENY
      X-Request-Id:
      - 52088e8e-12e4-4d9d-b644-f95b88750562
    status: 200 OK
    code: 200
    duration: ""
- request:
    body: ""
    form: {}
    headers:
      User-Agent:
      - scaleway-sdk-go/v1.0.0-beta.7+dev (go1.19.1; linux; amd64) terraform-provider/develop
        terraform/terraform-tests
    url: https://api.scaleway.com/containers/v1beta1/regions/fr-par/containers/260ed542-cb5c-4d40-9050-e4bede04fbcd
    method: DELETE
  response:
    body: '{"id":"260ed542-cb5c-4d40-9050-e4bede04fbcd","name":"tf-co-strange-jackson","namespace_id":"40c2f589-ddc8-4603-acb6-5af46ecdc202","status":"deleting","environment_variables":{},"min_scale":0,"max_scale":5,"memory_limit":256,"cpu_limit":140,"timeout":"300s","error_message":null,"privacy":"public","description":"","registry_image":"rg.fr-par.scw.cloud/funcscwtfnsbusydavinciksvewdm5/tf-co-strange-jackson:latest","max_concurrency":50,"domain_name":"tfnsbusydavinciksvewdm5-tf-co-strange-jackson.functions.fnc.fr-par.scw.cloud","protocol":"http1","port":8080,"secret_environment_variables":[],"http_option":"","region":"fr-par"}'
    headers:
      Content-Length:
      - "627"
      Content-Security-Policy:
      - default-src 'none'; frame-ancestors 'none'
      Content-Type:
      - application/json
      Date:
      - Wed, 26 Oct 2022 06:37:29 GMT
      Server:
      - Scaleway API-Gateway
      Strict-Transport-Security:
      - max-age=63072000
      X-Content-Type-Options:
      - nosniff
      X-Frame-Options:
      - DENY
      X-Request-Id:
      - 533198df-eda2-4aeb-83c9-f640361a3d8f
    status: 200 OK
    code: 200
    duration: ""
- request:
    body: ""
    form: {}
    headers:
      User-Agent:
      - scaleway-sdk-go/v1.0.0-beta.7+dev (go1.19.1; linux; amd64) terraform-provider/develop
        terraform/terraform-tests
    url: https://api.scaleway.com/containers/v1beta1/regions/fr-par/namespaces/40c2f589-ddc8-4603-acb6-5af46ecdc202
    method: GET
  response:
    body: '{"id":"40c2f589-ddc8-4603-acb6-5af46ecdc202","name":"tf-ns-busy-davinci","environment_variables":{},"organization_id":"ee7bd9e1-9cbd-4724-b2f4-19e50f3cf38b","project_id":"ee7bd9e1-9cbd-4724-b2f4-19e50f3cf38b","status":"ready","registry_namespace_id":"f990e13b-f531-42f0-8986-f2ed085a7db0","error_message":null,"registry_endpoint":"rg.fr-par.scw.cloud/funcscwtfnsbusydavinciksvewdm5","description":"","secret_environment_variables":[],"region":"fr-par"}'
    headers:
      Content-Length:
      - "452"
      Content-Security-Policy:
      - default-src 'none'; frame-ancestors 'none'
      Content-Type:
      - application/json
      Date:
      - Wed, 26 Oct 2022 06:37:29 GMT
      Server:
      - Scaleway API-Gateway
      Strict-Transport-Security:
      - max-age=63072000
      X-Content-Type-Options:
      - nosniff
      X-Frame-Options:
      - DENY
      X-Request-Id:
      - e0cd5b46-fdb1-430a-bad6-bc60d9720465
    status: 200 OK
    code: 200
    duration: ""
- request:
    body: '{"namespace_id":"40c2f589-ddc8-4603-acb6-5af46ecdc202","name":"my-container-tf","environment_variables":null,"min_scale":null,"max_scale":20,"memory_limit":128,"timeout":"300.000000000s","privacy":"public","description":null,"registry_image":null,"max_concurrency":null,"protocol":"http1","port":8080,"secret_environment_variables":null}'
    form: {}
    headers:
      Content-Type:
      - application/json
      User-Agent:
      - scaleway-sdk-go/v1.0.0-beta.7+dev (go1.19.1; linux; amd64) terraform-provider/develop
        terraform/terraform-tests
    url: https://api.scaleway.com/containers/v1beta1/regions/fr-par/containers
    method: POST
  response:
    body: '{"id":"deca4b8d-a1d2-4390-8440-b405268b7594","name":"my-container-tf","namespace_id":"40c2f589-ddc8-4603-acb6-5af46ecdc202","status":"created","environment_variables":{},"min_scale":0,"max_scale":20,"memory_limit":128,"cpu_limit":70,"timeout":"300s","error_message":null,"privacy":"public","description":"","registry_image":"rg.fr-par.scw.cloud/funcscwtfnsbusydavinciksvewdm5/my-container-tf:latest","max_concurrency":50,"domain_name":"tfnsbusydavinciksvewdm5-my-container-tf.functions.fnc.fr-par.scw.cloud","protocol":"http1","port":8080,"secret_environment_variables":[],"http_option":"","region":"fr-par"}'
    headers:
      Content-Length:
      - "608"
      Content-Security-Policy:
      - default-src 'none'; frame-ancestors 'none'
      Content-Type:
      - application/json
      Date:
      - Wed, 26 Oct 2022 06:37:30 GMT
      Server:
      - Scaleway API-Gateway
      Strict-Transport-Security:
      - max-age=63072000
      X-Content-Type-Options:
      - nosniff
      X-Frame-Options:
      - DENY
      X-Request-Id:
      - 583ed223-17a7-4940-ac6a-08075439da6e
    status: 200 OK
    code: 200
    duration: ""
- request:
    body: ""
    form: {}
    headers:
      User-Agent:
      - scaleway-sdk-go/v1.0.0-beta.7+dev (go1.19.1; linux; amd64) terraform-provider/develop
        terraform/terraform-tests
    url: https://api.scaleway.com/containers/v1beta1/regions/fr-par/containers/deca4b8d-a1d2-4390-8440-b405268b7594
    method: GET
  response:
    body: '{"id":"deca4b8d-a1d2-4390-8440-b405268b7594","name":"my-container-tf","namespace_id":"40c2f589-ddc8-4603-acb6-5af46ecdc202","status":"created","environment_variables":{},"min_scale":0,"max_scale":20,"memory_limit":128,"cpu_limit":70,"timeout":"300s","error_message":null,"privacy":"public","description":"","registry_image":"rg.fr-par.scw.cloud/funcscwtfnsbusydavinciksvewdm5/my-container-tf:latest","max_concurrency":50,"domain_name":"tfnsbusydavinciksvewdm5-my-container-tf.functions.fnc.fr-par.scw.cloud","protocol":"http1","port":8080,"secret_environment_variables":[],"http_option":"","region":"fr-par"}'
    headers:
      Content-Length:
      - "608"
      Content-Security-Policy:
      - default-src 'none'; frame-ancestors 'none'
      Content-Type:
      - application/json
      Date:
      - Wed, 26 Oct 2022 06:37:30 GMT
      Server:
      - Scaleway API-Gateway
      Strict-Transport-Security:
      - max-age=63072000
      X-Content-Type-Options:
      - nosniff
      X-Frame-Options:
      - DENY
      X-Request-Id:
      - e1c467b7-95bb-4e5b-90af-415a2eec06bb
    status: 200 OK
    code: 200
    duration: ""
- request:
    body: ""
    form: {}
    headers:
      User-Agent:
      - scaleway-sdk-go/v1.0.0-beta.7+dev (go1.19.1; linux; amd64) terraform-provider/develop
        terraform/terraform-tests
    url: https://api.scaleway.com/containers/v1beta1/regions/fr-par/containers/deca4b8d-a1d2-4390-8440-b405268b7594
    method: GET
  response:
    body: '{"id":"deca4b8d-a1d2-4390-8440-b405268b7594","name":"my-container-tf","namespace_id":"40c2f589-ddc8-4603-acb6-5af46ecdc202","status":"created","environment_variables":{},"min_scale":0,"max_scale":20,"memory_limit":128,"cpu_limit":70,"timeout":"300s","error_message":null,"privacy":"public","description":"","registry_image":"rg.fr-par.scw.cloud/funcscwtfnsbusydavinciksvewdm5/my-container-tf:latest","max_concurrency":50,"domain_name":"tfnsbusydavinciksvewdm5-my-container-tf.functions.fnc.fr-par.scw.cloud","protocol":"http1","port":8080,"secret_environment_variables":[],"http_option":"","region":"fr-par"}'
    headers:
      Content-Length:
      - "608"
      Content-Security-Policy:
      - default-src 'none'; frame-ancestors 'none'
      Content-Type:
      - application/json
      Date:
      - Wed, 26 Oct 2022 06:37:30 GMT
      Server:
      - Scaleway API-Gateway
      Strict-Transport-Security:
      - max-age=63072000
      X-Content-Type-Options:
      - nosniff
      X-Frame-Options:
      - DENY
      X-Request-Id:
      - 185c0d19-3802-4beb-a46a-7e96bb9ededf
    status: 200 OK
    code: 200
    duration: ""
- request:
    body: ""
    form: {}
    headers:
      User-Agent:
      - scaleway-sdk-go/v1.0.0-beta.7+dev (go1.19.1; linux; amd64) terraform-provider/develop
        terraform/terraform-tests
    url: https://api.scaleway.com/containers/v1beta1/regions/fr-par/namespaces/40c2f589-ddc8-4603-acb6-5af46ecdc202
    method: GET
  response:
    body: '{"id":"40c2f589-ddc8-4603-acb6-5af46ecdc202","name":"tf-ns-busy-davinci","environment_variables":{},"organization_id":"ee7bd9e1-9cbd-4724-b2f4-19e50f3cf38b","project_id":"ee7bd9e1-9cbd-4724-b2f4-19e50f3cf38b","status":"ready","registry_namespace_id":"f990e13b-f531-42f0-8986-f2ed085a7db0","error_message":null,"registry_endpoint":"rg.fr-par.scw.cloud/funcscwtfnsbusydavinciksvewdm5","description":"","secret_environment_variables":[],"region":"fr-par"}'
    headers:
      Content-Length:
      - "452"
      Content-Security-Policy:
      - default-src 'none'; frame-ancestors 'none'
      Content-Type:
      - application/json
      Date:
      - Wed, 26 Oct 2022 06:37:30 GMT
      Server:
      - Scaleway API-Gateway
      Strict-Transport-Security:
      - max-age=63072000
      X-Content-Type-Options:
      - nosniff
      X-Frame-Options:
      - DENY
      X-Request-Id:
      - 6eebacd2-8aa1-49bf-830a-0d6b610fe99f
    status: 200 OK
    code: 200
    duration: ""
- request:
    body: ""
    form: {}
    headers:
      User-Agent:
      - scaleway-sdk-go/v1.0.0-beta.7+dev (go1.19.1; linux; amd64) terraform-provider/develop
        terraform/terraform-tests
    url: https://api.scaleway.com/containers/v1beta1/regions/fr-par/containers/deca4b8d-a1d2-4390-8440-b405268b7594
    method: GET
  response:
    body: '{"id":"deca4b8d-a1d2-4390-8440-b405268b7594","name":"my-container-tf","namespace_id":"40c2f589-ddc8-4603-acb6-5af46ecdc202","status":"created","environment_variables":{},"min_scale":0,"max_scale":20,"memory_limit":128,"cpu_limit":70,"timeout":"300s","error_message":null,"privacy":"public","description":"","registry_image":"rg.fr-par.scw.cloud/funcscwtfnsbusydavinciksvewdm5/my-container-tf:latest","max_concurrency":50,"domain_name":"tfnsbusydavinciksvewdm5-my-container-tf.functions.fnc.fr-par.scw.cloud","protocol":"http1","port":8080,"secret_environment_variables":[],"http_option":"","region":"fr-par"}'
    headers:
      Content-Length:
      - "608"
      Content-Security-Policy:
      - default-src 'none'; frame-ancestors 'none'
      Content-Type:
      - application/json
      Date:
      - Wed, 26 Oct 2022 06:37:31 GMT
      Server:
      - Scaleway API-Gateway
      Strict-Transport-Security:
      - max-age=63072000
      X-Content-Type-Options:
      - nosniff
      X-Frame-Options:
      - DENY
      X-Request-Id:
      - 088b02ae-7410-4551-9730-c965a1f95853
    status: 200 OK
    code: 200
    duration: ""
- request:
    body: ""
    form: {}
    headers:
      User-Agent:
      - scaleway-sdk-go/v1.0.0-beta.7+dev (go1.19.1; linux; amd64) terraform-provider/develop
        terraform/terraform-tests
    url: https://api.scaleway.com/containers/v1beta1/regions/fr-par/namespaces/40c2f589-ddc8-4603-acb6-5af46ecdc202
    method: GET
  response:
    body: '{"id":"40c2f589-ddc8-4603-acb6-5af46ecdc202","name":"tf-ns-busy-davinci","environment_variables":{},"organization_id":"ee7bd9e1-9cbd-4724-b2f4-19e50f3cf38b","project_id":"ee7bd9e1-9cbd-4724-b2f4-19e50f3cf38b","status":"ready","registry_namespace_id":"f990e13b-f531-42f0-8986-f2ed085a7db0","error_message":null,"registry_endpoint":"rg.fr-par.scw.cloud/funcscwtfnsbusydavinciksvewdm5","description":"","secret_environment_variables":[],"region":"fr-par"}'
    headers:
      Content-Length:
      - "452"
      Content-Security-Policy:
      - default-src 'none'; frame-ancestors 'none'
      Content-Type:
      - application/json
      Date:
      - Wed, 26 Oct 2022 06:37:31 GMT
      Server:
      - Scaleway API-Gateway
      Strict-Transport-Security:
      - max-age=63072000
      X-Content-Type-Options:
      - nosniff
      X-Frame-Options:
      - DENY
      X-Request-Id:
      - 44e5ab49-81f5-4fc1-90f0-b83c4eae65ba
    status: 200 OK
    code: 200
    duration: ""
- request:
    body: ""
    form: {}
    headers:
      User-Agent:
      - scaleway-sdk-go/v1.0.0-beta.7+dev (go1.19.1; linux; amd64) terraform-provider/develop
        terraform/terraform-tests
    url: https://api.scaleway.com/containers/v1beta1/regions/fr-par/containers/deca4b8d-a1d2-4390-8440-b405268b7594
    method: GET
  response:
    body: '{"id":"deca4b8d-a1d2-4390-8440-b405268b7594","name":"my-container-tf","namespace_id":"40c2f589-ddc8-4603-acb6-5af46ecdc202","status":"created","environment_variables":{},"min_scale":0,"max_scale":20,"memory_limit":128,"cpu_limit":70,"timeout":"300s","error_message":null,"privacy":"public","description":"","registry_image":"rg.fr-par.scw.cloud/funcscwtfnsbusydavinciksvewdm5/my-container-tf:latest","max_concurrency":50,"domain_name":"tfnsbusydavinciksvewdm5-my-container-tf.functions.fnc.fr-par.scw.cloud","protocol":"http1","port":8080,"secret_environment_variables":[],"http_option":"","region":"fr-par"}'
    headers:
      Content-Length:
      - "608"
      Content-Security-Policy:
      - default-src 'none'; frame-ancestors 'none'
      Content-Type:
      - application/json
      Date:
      - Wed, 26 Oct 2022 06:37:31 GMT
      Server:
      - Scaleway API-Gateway
      Strict-Transport-Security:
      - max-age=63072000
      X-Content-Type-Options:
      - nosniff
      X-Frame-Options:
      - DENY
      X-Request-Id:
      - 12705fc1-8554-44e4-8371-cd1cb082647b
    status: 200 OK
    code: 200
    duration: ""
- request:
    body: ""
    form: {}
    headers:
      User-Agent:
      - scaleway-sdk-go/v1.0.0-beta.7+dev (go1.19.1; linux; amd64) terraform-provider/develop
        terraform/terraform-tests
    url: https://api.scaleway.com/containers/v1beta1/regions/fr-par/namespaces/40c2f589-ddc8-4603-acb6-5af46ecdc202
    method: GET
  response:
    body: '{"id":"40c2f589-ddc8-4603-acb6-5af46ecdc202","name":"tf-ns-busy-davinci","environment_variables":{},"organization_id":"ee7bd9e1-9cbd-4724-b2f4-19e50f3cf38b","project_id":"ee7bd9e1-9cbd-4724-b2f4-19e50f3cf38b","status":"ready","registry_namespace_id":"f990e13b-f531-42f0-8986-f2ed085a7db0","error_message":null,"registry_endpoint":"rg.fr-par.scw.cloud/funcscwtfnsbusydavinciksvewdm5","description":"","secret_environment_variables":[],"region":"fr-par"}'
    headers:
      Content-Length:
      - "452"
      Content-Security-Policy:
      - default-src 'none'; frame-ancestors 'none'
      Content-Type:
      - application/json
      Date:
      - Wed, 26 Oct 2022 06:37:32 GMT
      Server:
      - Scaleway API-Gateway
      Strict-Transport-Security:
      - max-age=63072000
      X-Content-Type-Options:
      - nosniff
      X-Frame-Options:
      - DENY
      X-Request-Id:
      - 914bf6e8-3b5c-49d8-bee0-de71ce8c9043
    status: 200 OK
    code: 200
    duration: ""
- request:
    body: ""
    form: {}
    headers:
      User-Agent:
      - scaleway-sdk-go/v1.0.0-beta.7+dev (go1.19.1; linux; amd64) terraform-provider/develop
        terraform/terraform-tests
    url: https://api.scaleway.com/containers/v1beta1/regions/fr-par/containers/deca4b8d-a1d2-4390-8440-b405268b7594
    method: GET
  response:
    body: '{"id":"deca4b8d-a1d2-4390-8440-b405268b7594","name":"my-container-tf","namespace_id":"40c2f589-ddc8-4603-acb6-5af46ecdc202","status":"created","environment_variables":{},"min_scale":0,"max_scale":20,"memory_limit":128,"cpu_limit":70,"timeout":"300s","error_message":null,"privacy":"public","description":"","registry_image":"rg.fr-par.scw.cloud/funcscwtfnsbusydavinciksvewdm5/my-container-tf:latest","max_concurrency":50,"domain_name":"tfnsbusydavinciksvewdm5-my-container-tf.functions.fnc.fr-par.scw.cloud","protocol":"http1","port":8080,"secret_environment_variables":[],"http_option":"","region":"fr-par"}'
    headers:
      Content-Length:
      - "608"
      Content-Security-Policy:
      - default-src 'none'; frame-ancestors 'none'
      Content-Type:
      - application/json
      Date:
      - Wed, 26 Oct 2022 06:37:33 GMT
      Server:
      - Scaleway API-Gateway
      Strict-Transport-Security:
      - max-age=63072000
      X-Content-Type-Options:
      - nosniff
      X-Frame-Options:
      - DENY
      X-Request-Id:
      - 238bb5cb-f760-4793-934a-721010d8cb9d
    status: 200 OK
    code: 200
    duration: ""
- request:
    body: '{"environment_variables":null,"min_scale":1,"max_scale":2,"memory_limit":256,"timeout":null,"redeploy":null,"privacy":"unknown_privacy","description":null,"registry_image":null,"max_concurrency":80,"protocol":"unknown_protocol","port":5000,"secret_environment_variables":null}'
    form: {}
    headers:
      Content-Type:
      - application/json
      User-Agent:
      - scaleway-sdk-go/v1.0.0-beta.7+dev (go1.19.1; linux; amd64) terraform-provider/develop
        terraform/terraform-tests
    url: https://api.scaleway.com/containers/v1beta1/regions/fr-par/containers/deca4b8d-a1d2-4390-8440-b405268b7594
    method: PATCH
  response:
    body: '{"id":"deca4b8d-a1d2-4390-8440-b405268b7594","name":"my-container-tf","namespace_id":"40c2f589-ddc8-4603-acb6-5af46ecdc202","status":"pending","environment_variables":{},"min_scale":1,"max_scale":2,"memory_limit":256,"cpu_limit":140,"timeout":"300s","error_message":null,"privacy":"public","description":"","registry_image":"rg.fr-par.scw.cloud/funcscwtfnsbusydavinciksvewdm5/my-container-tf:latest","max_concurrency":80,"domain_name":"tfnsbusydavinciksvewdm5-my-container-tf.functions.fnc.fr-par.scw.cloud","protocol":"http1","port":5000,"secret_environment_variables":[],"http_option":"","region":"fr-par"}'
    headers:
      Content-Length:
      - "608"
      Content-Security-Policy:
      - default-src 'none'; frame-ancestors 'none'
      Content-Type:
      - application/json
      Date:
      - Wed, 26 Oct 2022 06:37:33 GMT
      Server:
      - Scaleway API-Gateway
      Strict-Transport-Security:
      - max-age=63072000
      X-Content-Type-Options:
      - nosniff
      X-Frame-Options:
      - DENY
      X-Request-Id:
      - 96408dc2-2fa7-44f8-aa3e-67fcd1376ed0
    status: 200 OK
    code: 200
    duration: ""
- request:
    body: ""
    form: {}
    headers:
      User-Agent:
      - scaleway-sdk-go/v1.0.0-beta.7+dev (go1.19.1; linux; amd64) terraform-provider/develop
        terraform/terraform-tests
    url: https://api.scaleway.com/containers/v1beta1/regions/fr-par/containers/deca4b8d-a1d2-4390-8440-b405268b7594
    method: GET
  response:
    body: '{"id":"deca4b8d-a1d2-4390-8440-b405268b7594","name":"my-container-tf","namespace_id":"40c2f589-ddc8-4603-acb6-5af46ecdc202","status":"pending","environment_variables":{},"min_scale":1,"max_scale":2,"memory_limit":256,"cpu_limit":140,"timeout":"300s","error_message":null,"privacy":"public","description":"","registry_image":"rg.fr-par.scw.cloud/funcscwtfnsbusydavinciksvewdm5/my-container-tf:latest","max_concurrency":80,"domain_name":"tfnsbusydavinciksvewdm5-my-container-tf.functions.fnc.fr-par.scw.cloud","protocol":"http1","port":5000,"secret_environment_variables":[],"http_option":"","region":"fr-par"}'
    headers:
      Content-Length:
      - "608"
      Content-Security-Policy:
      - default-src 'none'; frame-ancestors 'none'
      Content-Type:
      - application/json
      Date:
      - Wed, 26 Oct 2022 06:37:33 GMT
      Server:
      - Scaleway API-Gateway
      Strict-Transport-Security:
      - max-age=63072000
      X-Content-Type-Options:
      - nosniff
      X-Frame-Options:
      - DENY
      X-Request-Id:
      - eb28d680-be1e-42de-b93e-3463cffb010d
    status: 200 OK
    code: 200
    duration: ""
- request:
    body: ""
    form: {}
    headers:
      User-Agent:
      - scaleway-sdk-go/v1.0.0-beta.7+dev (go1.19.1; linux; amd64) terraform-provider/develop
        terraform/terraform-tests
    url: https://api.scaleway.com/containers/v1beta1/regions/fr-par/containers/deca4b8d-a1d2-4390-8440-b405268b7594
    method: GET
  response:
    body: '{"id":"deca4b8d-a1d2-4390-8440-b405268b7594","name":"my-container-tf","namespace_id":"40c2f589-ddc8-4603-acb6-5af46ecdc202","status":"pending","environment_variables":{},"min_scale":1,"max_scale":2,"memory_limit":256,"cpu_limit":140,"timeout":"300s","error_message":null,"privacy":"public","description":"","registry_image":"rg.fr-par.scw.cloud/funcscwtfnsbusydavinciksvewdm5/my-container-tf:latest","max_concurrency":80,"domain_name":"tfnsbusydavinciksvewdm5-my-container-tf.functions.fnc.fr-par.scw.cloud","protocol":"http1","port":5000,"secret_environment_variables":[],"http_option":"","region":"fr-par"}'
    headers:
      Content-Length:
      - "608"
      Content-Security-Policy:
      - default-src 'none'; frame-ancestors 'none'
      Content-Type:
      - application/json
      Date:
      - Wed, 26 Oct 2022 06:37:39 GMT
      Server:
      - Scaleway API-Gateway
      Strict-Transport-Security:
      - max-age=63072000
      X-Content-Type-Options:
      - nosniff
      X-Frame-Options:
      - DENY
      X-Request-Id:
      - 4b3a76bf-ef29-49f2-a7d3-febb90527290
    status: 200 OK
    code: 200
    duration: ""
- request:
    body: ""
    form: {}
    headers:
      User-Agent:
      - scaleway-sdk-go/v1.0.0-beta.7+dev (go1.19.1; linux; amd64) terraform-provider/develop
        terraform/terraform-tests
    url: https://api.scaleway.com/containers/v1beta1/regions/fr-par/containers/deca4b8d-a1d2-4390-8440-b405268b7594
    method: GET
  response:
    body: '{"id":"deca4b8d-a1d2-4390-8440-b405268b7594","name":"my-container-tf","namespace_id":"40c2f589-ddc8-4603-acb6-5af46ecdc202","status":"error","environment_variables":{},"min_scale":1,"max_scale":2,"memory_limit":256,"cpu_limit":140,"timeout":"300s","error_message":"container
      image was not found","privacy":"public","description":"","registry_image":"rg.fr-par.scw.cloud/funcscwtfnsbusydavinciksvewdm5/my-container-tf:latest","max_concurrency":80,"domain_name":"tfnsbusydavinciksvewdm5-my-container-tf.functions.fnc.fr-par.scw.cloud","protocol":"http1","port":5000,"secret_environment_variables":[],"http_option":"","region":"fr-par"}'
    headers:
      Content-Length:
      - "633"
      Content-Security-Policy:
      - default-src 'none'; frame-ancestors 'none'
      Content-Type:
      - application/json
      Date:
      - Wed, 26 Oct 2022 06:37:44 GMT
      Server:
      - Scaleway API-Gateway
      Strict-Transport-Security:
      - max-age=63072000
      X-Content-Type-Options:
      - nosniff
      X-Frame-Options:
      - DENY
      X-Request-Id:
      - 3b19f964-cc9e-4332-8a37-ca0a6e2df945
    status: 200 OK
    code: 200
    duration: ""
- request:
    body: ""
    form: {}
    headers:
      User-Agent:
      - scaleway-sdk-go/v1.0.0-beta.7+dev (go1.19.1; linux; amd64) terraform-provider/develop
        terraform/terraform-tests
    url: https://api.scaleway.com/containers/v1beta1/regions/fr-par/containers/deca4b8d-a1d2-4390-8440-b405268b7594
    method: GET
  response:
    body: '{"id":"deca4b8d-a1d2-4390-8440-b405268b7594","name":"my-container-tf","namespace_id":"40c2f589-ddc8-4603-acb6-5af46ecdc202","status":"error","environment_variables":{},"min_scale":1,"max_scale":2,"memory_limit":256,"cpu_limit":140,"timeout":"300s","error_message":"container
      image was not found","privacy":"public","description":"","registry_image":"rg.fr-par.scw.cloud/funcscwtfnsbusydavinciksvewdm5/my-container-tf:latest","max_concurrency":80,"domain_name":"tfnsbusydavinciksvewdm5-my-container-tf.functions.fnc.fr-par.scw.cloud","protocol":"http1","port":5000,"secret_environment_variables":[],"http_option":"","region":"fr-par"}'
    headers:
      Content-Length:
      - "633"
      Content-Security-Policy:
      - default-src 'none'; frame-ancestors 'none'
      Content-Type:
      - application/json
      Date:
      - Wed, 26 Oct 2022 06:37:44 GMT
      Server:
      - Scaleway API-Gateway
      Strict-Transport-Security:
      - max-age=63072000
      X-Content-Type-Options:
      - nosniff
      X-Frame-Options:
      - DENY
      X-Request-Id:
      - ea21ebc2-671d-43b2-ad5e-f54e3a8f2e25
    status: 200 OK
    code: 200
    duration: ""
- request:
    body: ""
    form: {}
    headers:
      User-Agent:
      - scaleway-sdk-go/v1.0.0-beta.7+dev (go1.19.1; linux; amd64) terraform-provider/develop
        terraform/terraform-tests
    url: https://api.scaleway.com/containers/v1beta1/regions/fr-par/containers/deca4b8d-a1d2-4390-8440-b405268b7594
    method: GET
  response:
    body: '{"id":"deca4b8d-a1d2-4390-8440-b405268b7594","name":"my-container-tf","namespace_id":"40c2f589-ddc8-4603-acb6-5af46ecdc202","status":"error","environment_variables":{},"min_scale":1,"max_scale":2,"memory_limit":256,"cpu_limit":140,"timeout":"300s","error_message":"container
      image was not found","privacy":"public","description":"","registry_image":"rg.fr-par.scw.cloud/funcscwtfnsbusydavinciksvewdm5/my-container-tf:latest","max_concurrency":80,"domain_name":"tfnsbusydavinciksvewdm5-my-container-tf.functions.fnc.fr-par.scw.cloud","protocol":"http1","port":5000,"secret_environment_variables":[],"http_option":"","region":"fr-par"}'
    headers:
      Content-Length:
      - "633"
      Content-Security-Policy:
      - default-src 'none'; frame-ancestors 'none'
      Content-Type:
      - application/json
      Date:
      - Wed, 26 Oct 2022 06:37:44 GMT
      Server:
      - Scaleway API-Gateway
      Strict-Transport-Security:
      - max-age=63072000
      X-Content-Type-Options:
      - nosniff
      X-Frame-Options:
      - DENY
      X-Request-Id:
      - ee5ff8c8-a262-4c4c-844d-165171f33da1
    status: 200 OK
    code: 200
    duration: ""
- request:
    body: ""
    form: {}
    headers:
      User-Agent:
      - scaleway-sdk-go/v1.0.0-beta.7+dev (go1.19.1; linux; amd64) terraform-provider/develop
        terraform/terraform-tests
    url: https://api.scaleway.com/containers/v1beta1/regions/fr-par/namespaces/40c2f589-ddc8-4603-acb6-5af46ecdc202
    method: GET
  response:
    body: '{"id":"40c2f589-ddc8-4603-acb6-5af46ecdc202","name":"tf-ns-busy-davinci","environment_variables":{},"organization_id":"ee7bd9e1-9cbd-4724-b2f4-19e50f3cf38b","project_id":"ee7bd9e1-9cbd-4724-b2f4-19e50f3cf38b","status":"ready","registry_namespace_id":"f990e13b-f531-42f0-8986-f2ed085a7db0","error_message":null,"registry_endpoint":"rg.fr-par.scw.cloud/funcscwtfnsbusydavinciksvewdm5","description":"","secret_environment_variables":[],"region":"fr-par"}'
    headers:
      Content-Length:
      - "452"
      Content-Security-Policy:
      - default-src 'none'; frame-ancestors 'none'
      Content-Type:
      - application/json
      Date:
      - Wed, 26 Oct 2022 06:37:45 GMT
      Server:
      - Scaleway API-Gateway
      Strict-Transport-Security:
      - max-age=63072000
      X-Content-Type-Options:
      - nosniff
      X-Frame-Options:
      - DENY
      X-Request-Id:
      - 782a0dc4-da51-4ede-b6b5-0b019fccc8ff
    status: 200 OK
    code: 200
    duration: ""
- request:
    body: ""
    form: {}
    headers:
      User-Agent:
      - scaleway-sdk-go/v1.0.0-beta.7+dev (go1.19.1; linux; amd64) terraform-provider/develop
        terraform/terraform-tests
    url: https://api.scaleway.com/containers/v1beta1/regions/fr-par/containers/deca4b8d-a1d2-4390-8440-b405268b7594
    method: GET
  response:
    body: '{"id":"deca4b8d-a1d2-4390-8440-b405268b7594","name":"my-container-tf","namespace_id":"40c2f589-ddc8-4603-acb6-5af46ecdc202","status":"error","environment_variables":{},"min_scale":1,"max_scale":2,"memory_limit":256,"cpu_limit":140,"timeout":"300s","error_message":"container
      image was not found","privacy":"public","description":"","registry_image":"rg.fr-par.scw.cloud/funcscwtfnsbusydavinciksvewdm5/my-container-tf:latest","max_concurrency":80,"domain_name":"tfnsbusydavinciksvewdm5-my-container-tf.functions.fnc.fr-par.scw.cloud","protocol":"http1","port":5000,"secret_environment_variables":[],"http_option":"","region":"fr-par"}'
    headers:
      Content-Length:
      - "633"
      Content-Security-Policy:
      - default-src 'none'; frame-ancestors 'none'
      Content-Type:
      - application/json
      Date:
      - Wed, 26 Oct 2022 06:37:45 GMT
      Server:
      - Scaleway API-Gateway
      Strict-Transport-Security:
      - max-age=63072000
      X-Content-Type-Options:
      - nosniff
      X-Frame-Options:
      - DENY
      X-Request-Id:
      - 10261436-9142-4e82-b820-8f910f00eca7
    status: 200 OK
    code: 200
    duration: ""
- request:
    body: ""
    form: {}
    headers:
      User-Agent:
      - scaleway-sdk-go/v1.0.0-beta.7+dev (go1.19.1; linux; amd64) terraform-provider/develop
        terraform/terraform-tests
    url: https://api.scaleway.com/containers/v1beta1/regions/fr-par/containers/deca4b8d-a1d2-4390-8440-b405268b7594
    method: GET
  response:
    body: '{"id":"deca4b8d-a1d2-4390-8440-b405268b7594","name":"my-container-tf","namespace_id":"40c2f589-ddc8-4603-acb6-5af46ecdc202","status":"error","environment_variables":{},"min_scale":1,"max_scale":2,"memory_limit":256,"cpu_limit":140,"timeout":"300s","error_message":"container
      image was not found","privacy":"public","description":"","registry_image":"rg.fr-par.scw.cloud/funcscwtfnsbusydavinciksvewdm5/my-container-tf:latest","max_concurrency":80,"domain_name":"tfnsbusydavinciksvewdm5-my-container-tf.functions.fnc.fr-par.scw.cloud","protocol":"http1","port":5000,"secret_environment_variables":[],"http_option":"","region":"fr-par"}'
    headers:
      Content-Length:
      - "633"
      Content-Security-Policy:
      - default-src 'none'; frame-ancestors 'none'
      Content-Type:
      - application/json
      Date:
      - Wed, 26 Oct 2022 06:37:46 GMT
      Server:
      - Scaleway API-Gateway
      Strict-Transport-Security:
      - max-age=63072000
      X-Content-Type-Options:
      - nosniff
      X-Frame-Options:
      - DENY
      X-Request-Id:
      - 5a21f9b8-c0ef-455c-82bd-b5b3524d58e7
    status: 200 OK
    code: 200
    duration: ""
- request:
    body: ""
    form: {}
    headers:
      User-Agent:
      - scaleway-sdk-go/v1.0.0-beta.7+dev (go1.19.1; linux; amd64) terraform-provider/develop
        terraform/terraform-tests
    url: https://api.scaleway.com/containers/v1beta1/regions/fr-par/containers/deca4b8d-a1d2-4390-8440-b405268b7594
    method: DELETE
  response:
    body: '{"id":"deca4b8d-a1d2-4390-8440-b405268b7594","name":"my-container-tf","namespace_id":"40c2f589-ddc8-4603-acb6-5af46ecdc202","status":"deleting","environment_variables":{},"min_scale":1,"max_scale":2,"memory_limit":256,"cpu_limit":140,"timeout":"300s","error_message":null,"privacy":"public","description":"","registry_image":"rg.fr-par.scw.cloud/funcscwtfnsbusydavinciksvewdm5/my-container-tf:latest","max_concurrency":80,"domain_name":"tfnsbusydavinciksvewdm5-my-container-tf.functions.fnc.fr-par.scw.cloud","protocol":"http1","port":5000,"secret_environment_variables":[],"http_option":"","region":"fr-par"}'
    headers:
      Content-Length:
      - "609"
      Content-Security-Policy:
      - default-src 'none'; frame-ancestors 'none'
      Content-Type:
      - application/json
      Date:
      - Wed, 26 Oct 2022 06:37:46 GMT
      Server:
      - Scaleway API-Gateway
      Strict-Transport-Security:
      - max-age=63072000
      X-Content-Type-Options:
      - nosniff
      X-Frame-Options:
      - DENY
      X-Request-Id:
      - 35e4f901-ff20-4970-9fd6-cfcaf2927e2e
    status: 200 OK
    code: 200
    duration: ""
- request:
    body: ""
    form: {}
    headers:
      User-Agent:
      - scaleway-sdk-go/v1.0.0-beta.7+dev (go1.19.1; linux; amd64) terraform-provider/develop
        terraform/terraform-tests
    url: https://api.scaleway.com/containers/v1beta1/regions/fr-par/namespaces/40c2f589-ddc8-4603-acb6-5af46ecdc202
    method: GET
  response:
    body: '{"id":"40c2f589-ddc8-4603-acb6-5af46ecdc202","name":"tf-ns-busy-davinci","environment_variables":{},"organization_id":"ee7bd9e1-9cbd-4724-b2f4-19e50f3cf38b","project_id":"ee7bd9e1-9cbd-4724-b2f4-19e50f3cf38b","status":"ready","registry_namespace_id":"f990e13b-f531-42f0-8986-f2ed085a7db0","error_message":null,"registry_endpoint":"rg.fr-par.scw.cloud/funcscwtfnsbusydavinciksvewdm5","description":"","secret_environment_variables":[],"region":"fr-par"}'
    headers:
      Content-Length:
      - "452"
      Content-Security-Policy:
      - default-src 'none'; frame-ancestors 'none'
      Content-Type:
      - application/json
      Date:
      - Wed, 26 Oct 2022 06:37:46 GMT
      Server:
      - Scaleway API-Gateway
      Strict-Transport-Security:
      - max-age=63072000
      X-Content-Type-Options:
      - nosniff
      X-Frame-Options:
      - DENY
      X-Request-Id:
      - 2a62796a-6914-4fdf-9cb8-7e81e13171b3
    status: 200 OK
    code: 200
    duration: ""
- request:
    body: ""
    form: {}
    headers:
      User-Agent:
      - scaleway-sdk-go/v1.0.0-beta.7+dev (go1.19.1; linux; amd64) terraform-provider/develop
        terraform/terraform-tests
    url: https://api.scaleway.com/containers/v1beta1/regions/fr-par/namespaces/40c2f589-ddc8-4603-acb6-5af46ecdc202
    method: DELETE
  response:
    body: '{"id":"40c2f589-ddc8-4603-acb6-5af46ecdc202","name":"tf-ns-busy-davinci","environment_variables":{},"organization_id":"ee7bd9e1-9cbd-4724-b2f4-19e50f3cf38b","project_id":"ee7bd9e1-9cbd-4724-b2f4-19e50f3cf38b","status":"deleting","registry_namespace_id":"f990e13b-f531-42f0-8986-f2ed085a7db0","error_message":null,"registry_endpoint":"rg.fr-par.scw.cloud/funcscwtfnsbusydavinciksvewdm5","description":"","secret_environment_variables":[],"region":"fr-par"}'
    headers:
      Content-Length:
      - "455"
      Content-Security-Policy:
      - default-src 'none'; frame-ancestors 'none'
      Content-Type:
      - application/json
      Date:
      - Wed, 26 Oct 2022 06:37:46 GMT
      Server:
      - Scaleway API-Gateway
      Strict-Transport-Security:
      - max-age=63072000
      X-Content-Type-Options:
      - nosniff
      X-Frame-Options:
      - DENY
      X-Request-Id:
      - 6c70f5b9-67d8-411b-bccd-4173e56287d3
    status: 200 OK
    code: 200
    duration: ""
- request:
    body: ""
    form: {}
    headers:
      User-Agent:
      - scaleway-sdk-go/v1.0.0-beta.7+dev (go1.19.1; linux; amd64) terraform-provider/develop
        terraform/terraform-tests
    url: https://api.scaleway.com/containers/v1beta1/regions/fr-par/namespaces/40c2f589-ddc8-4603-acb6-5af46ecdc202
    method: GET
  response:
    body: '{"message":"Namespace was not found"}'
    headers:
      Content-Length:
      - "37"
      Content-Security-Policy:
      - default-src 'none'; frame-ancestors 'none'
      Content-Type:
      - application/json
      Date:
      - Wed, 26 Oct 2022 06:37:46 GMT
      Server:
      - Scaleway API-Gateway
      Strict-Transport-Security:
      - max-age=63072000
      X-Content-Type-Options:
      - nosniff
      X-Frame-Options:
      - DENY
      X-Request-Id:
      - c4dafb4e-be44-4818-8afd-213d8eeed994
    status: 404 Not Found
    code: 404
    duration: ""
- request:
    body: ""
    form: {}
    headers:
      User-Agent:
      - scaleway-sdk-go/v1.0.0-beta.7+dev (go1.19.1; linux; amd64) terraform-provider/develop
        terraform/terraform-tests
    url: https://api.scaleway.com/containers/v1beta1/regions/fr-par/containers/40c2f589-ddc8-4603-acb6-5af46ecdc202
    method: DELETE
  response:
    body: '{"message":"Function was not found"}'
    headers:
      Content-Length:
      - "36"
      Content-Security-Policy:
      - default-src 'none'; frame-ancestors 'none'
      Content-Type:
      - application/json
      Date:
      - Wed, 26 Oct 2022 06:37:46 GMT
      Server:
      - Scaleway API-Gateway
      Strict-Transport-Security:
      - max-age=63072000
      X-Content-Type-Options:
      - nosniff
      X-Frame-Options:
      - DENY
      X-Request-Id:
      - ce8daf3f-eded-4cbe-b2a3-2c50629439fd
    status: 404 Not Found
    code: 404
    duration: ""
