---
version: 1
interactions:
- request:
    body: '{"name":"tf-ns-gallant-bhaskara","environment_variables":{},"project_id":"105bdce1-64c0-48ab-899d-868455867ecf","description":null,"secret_environment_variables":[]}'
    form: {}
    headers:
      Content-Type:
      - application/json
      User-Agent:
      - scaleway-sdk-go/v1.0.0-beta.7+dev (go1.20.1; linux; amd64) terraform-provider/develop
        terraform/terraform-tests
    url: https://api.scaleway.com/containers/v1beta1/regions/fr-par/namespaces
    method: POST
  response:
    body: '{"description":"","environment_variables":{},"error_message":null,"id":"c175cd6b-6f03-416b-9dc5-9e32270f822a","name":"tf-ns-gallant-bhaskara","organization_id":"105bdce1-64c0-48ab-899d-868455867ecf","project_id":"105bdce1-64c0-48ab-899d-868455867ecf","region":"fr-par","registry_endpoint":"","registry_namespace_id":"","secret_environment_variables":[],"status":"pending"}'
    headers:
      Content-Length:
      - "383"
      Content-Security-Policy:
      - default-src 'none'; frame-ancestors 'none'
      Content-Type:
      - application/json
      Date:
      - Mon, 13 Mar 2023 10:54:28 GMT
      Server:
      - Scaleway API-Gateway
      Strict-Transport-Security:
      - max-age=63072000
      X-Content-Type-Options:
      - nosniff
      X-Frame-Options:
      - DENY
      X-Request-Id:
      - da34e718-07fa-4c34-a723-8a89952b9dfb
    status: 200 OK
    code: 200
    duration: ""
- request:
    body: ""
    form: {}
    headers:
      User-Agent:
      - scaleway-sdk-go/v1.0.0-beta.7+dev (go1.20.1; linux; amd64) terraform-provider/develop
        terraform/terraform-tests
    url: https://api.scaleway.com/containers/v1beta1/regions/fr-par/namespaces/c175cd6b-6f03-416b-9dc5-9e32270f822a
    method: GET
  response:
    body: '{"description":"","environment_variables":{},"error_message":null,"id":"c175cd6b-6f03-416b-9dc5-9e32270f822a","name":"tf-ns-gallant-bhaskara","organization_id":"105bdce1-64c0-48ab-899d-868455867ecf","project_id":"105bdce1-64c0-48ab-899d-868455867ecf","region":"fr-par","registry_endpoint":"","registry_namespace_id":"","secret_environment_variables":[],"status":"pending"}'
    headers:
      Content-Length:
      - "383"
      Content-Security-Policy:
      - default-src 'none'; frame-ancestors 'none'
      Content-Type:
      - application/json
      Date:
      - Mon, 13 Mar 2023 10:54:28 GMT
      Server:
      - Scaleway API-Gateway
      Strict-Transport-Security:
      - max-age=63072000
      X-Content-Type-Options:
      - nosniff
      X-Frame-Options:
      - DENY
      X-Request-Id:
      - f7b1d46f-eb3f-4bbf-8430-25d18481db76
    status: 200 OK
    code: 200
    duration: ""
- request:
    body: ""
    form: {}
    headers:
      User-Agent:
      - scaleway-sdk-go/v1.0.0-beta.7+dev (go1.20.1; linux; amd64) terraform-provider/develop
        terraform/terraform-tests
    url: https://api.scaleway.com/containers/v1beta1/regions/fr-par/namespaces/c175cd6b-6f03-416b-9dc5-9e32270f822a
    method: GET
  response:
    body: '{"description":"","environment_variables":{},"error_message":null,"id":"c175cd6b-6f03-416b-9dc5-9e32270f822a","name":"tf-ns-gallant-bhaskara","organization_id":"105bdce1-64c0-48ab-899d-868455867ecf","project_id":"105bdce1-64c0-48ab-899d-868455867ecf","region":"fr-par","registry_endpoint":"rg.fr-par.scw.cloud/funcscwtfnsgallantbhaskara0k6wot9g","registry_namespace_id":"ebd3946e-1a4c-4fd7-bc6a-1bf57f9226b2","secret_environment_variables":[],"status":"ready"}'
    headers:
      Content-Length:
      - "471"
      Content-Security-Policy:
      - default-src 'none'; frame-ancestors 'none'
      Content-Type:
      - application/json
      Date:
      - Mon, 13 Mar 2023 10:54:33 GMT
      Server:
      - Scaleway API-Gateway
      Strict-Transport-Security:
      - max-age=63072000
      X-Content-Type-Options:
      - nosniff
      X-Frame-Options:
      - DENY
      X-Request-Id:
      - 226e1790-b234-40db-b1ef-d1b93182c43e
    status: 200 OK
    code: 200
    duration: ""
- request:
    body: ""
    form: {}
    headers:
      User-Agent:
      - scaleway-sdk-go/v1.0.0-beta.7+dev (go1.20.1; linux; amd64) terraform-provider/develop
        terraform/terraform-tests
    url: https://api.scaleway.com/containers/v1beta1/regions/fr-par/namespaces/c175cd6b-6f03-416b-9dc5-9e32270f822a
    method: GET
  response:
    body: '{"description":"","environment_variables":{},"error_message":null,"id":"c175cd6b-6f03-416b-9dc5-9e32270f822a","name":"tf-ns-gallant-bhaskara","organization_id":"105bdce1-64c0-48ab-899d-868455867ecf","project_id":"105bdce1-64c0-48ab-899d-868455867ecf","region":"fr-par","registry_endpoint":"rg.fr-par.scw.cloud/funcscwtfnsgallantbhaskara0k6wot9g","registry_namespace_id":"ebd3946e-1a4c-4fd7-bc6a-1bf57f9226b2","secret_environment_variables":[],"status":"ready"}'
    headers:
      Content-Length:
      - "471"
      Content-Security-Policy:
      - default-src 'none'; frame-ancestors 'none'
      Content-Type:
      - application/json
      Date:
      - Mon, 13 Mar 2023 10:54:33 GMT
      Server:
      - Scaleway API-Gateway
      Strict-Transport-Security:
      - max-age=63072000
      X-Content-Type-Options:
      - nosniff
      X-Frame-Options:
      - DENY
      X-Request-Id:
      - bd9dd10f-bb1d-4ac9-985a-8cddc9a6d0f3
    status: 200 OK
    code: 200
    duration: ""
- request:
    body: ""
    form: {}
    headers:
      User-Agent:
      - scaleway-sdk-go/v1.0.0-beta.7+dev (go1.20.1; linux; amd64) terraform-provider/develop
        terraform/terraform-tests
    url: https://api.scaleway.com/containers/v1beta1/regions/fr-par/namespaces/c175cd6b-6f03-416b-9dc5-9e32270f822a
    method: GET
  response:
    body: '{"description":"","environment_variables":{},"error_message":null,"id":"c175cd6b-6f03-416b-9dc5-9e32270f822a","name":"tf-ns-gallant-bhaskara","organization_id":"105bdce1-64c0-48ab-899d-868455867ecf","project_id":"105bdce1-64c0-48ab-899d-868455867ecf","region":"fr-par","registry_endpoint":"rg.fr-par.scw.cloud/funcscwtfnsgallantbhaskara0k6wot9g","registry_namespace_id":"ebd3946e-1a4c-4fd7-bc6a-1bf57f9226b2","secret_environment_variables":[],"status":"ready"}'
    headers:
      Content-Length:
      - "471"
      Content-Security-Policy:
      - default-src 'none'; frame-ancestors 'none'
      Content-Type:
      - application/json
      Date:
      - Mon, 13 Mar 2023 10:54:33 GMT
      Server:
      - Scaleway API-Gateway
      Strict-Transport-Security:
      - max-age=63072000
      X-Content-Type-Options:
      - nosniff
      X-Frame-Options:
      - DENY
      X-Request-Id:
      - f5fe6e55-022f-4359-a279-8f0c506be90c
    status: 200 OK
    code: 200
    duration: ""
- request:
    body: ""
    form: {}
    headers:
      User-Agent:
      - scaleway-sdk-go/v1.0.0-beta.7+dev (go1.20.1; linux; amd64) terraform-provider/develop
        terraform/terraform-tests
    url: https://api.scaleway.com/containers/v1beta1/regions/fr-par/namespaces/c175cd6b-6f03-416b-9dc5-9e32270f822a
    method: GET
  response:
    body: '{"description":"","environment_variables":{},"error_message":null,"id":"c175cd6b-6f03-416b-9dc5-9e32270f822a","name":"tf-ns-gallant-bhaskara","organization_id":"105bdce1-64c0-48ab-899d-868455867ecf","project_id":"105bdce1-64c0-48ab-899d-868455867ecf","region":"fr-par","registry_endpoint":"rg.fr-par.scw.cloud/funcscwtfnsgallantbhaskara0k6wot9g","registry_namespace_id":"ebd3946e-1a4c-4fd7-bc6a-1bf57f9226b2","secret_environment_variables":[],"status":"ready"}'
    headers:
      Content-Length:
      - "471"
      Content-Security-Policy:
      - default-src 'none'; frame-ancestors 'none'
      Content-Type:
      - application/json
      Date:
      - Mon, 13 Mar 2023 10:55:00 GMT
      Server:
      - Scaleway API-Gateway
      Strict-Transport-Security:
      - max-age=63072000
      X-Content-Type-Options:
      - nosniff
      X-Frame-Options:
      - DENY
      X-Request-Id:
      - 4898f255-fbb1-41e9-9938-41e3dd476048
    status: 200 OK
    code: 200
    duration: ""
- request:
    body: ""
    form: {}
    headers:
      User-Agent:
      - scaleway-sdk-go/v1.0.0-beta.7+dev (go1.20.1; linux; amd64) terraform-provider/develop
        terraform/terraform-tests
    url: https://api.scaleway.com/containers/v1beta1/regions/fr-par/namespaces/c175cd6b-6f03-416b-9dc5-9e32270f822a
    method: GET
  response:
    body: '{"description":"","environment_variables":{},"error_message":null,"id":"c175cd6b-6f03-416b-9dc5-9e32270f822a","name":"tf-ns-gallant-bhaskara","organization_id":"105bdce1-64c0-48ab-899d-868455867ecf","project_id":"105bdce1-64c0-48ab-899d-868455867ecf","region":"fr-par","registry_endpoint":"rg.fr-par.scw.cloud/funcscwtfnsgallantbhaskara0k6wot9g","registry_namespace_id":"ebd3946e-1a4c-4fd7-bc6a-1bf57f9226b2","secret_environment_variables":[],"status":"ready"}'
    headers:
      Content-Length:
      - "471"
      Content-Security-Policy:
      - default-src 'none'; frame-ancestors 'none'
      Content-Type:
      - application/json
      Date:
      - Mon, 13 Mar 2023 10:55:00 GMT
      Server:
      - Scaleway API-Gateway
      Strict-Transport-Security:
      - max-age=63072000
      X-Content-Type-Options:
      - nosniff
      X-Frame-Options:
      - DENY
      X-Request-Id:
      - 1939b0b4-1f1a-4eed-969c-62fe1d801a88
    status: 200 OK
    code: 200
    duration: ""
- request:
    body: ""
    form: {}
    headers:
      User-Agent:
      - scaleway-sdk-go/v1.0.0-beta.7+dev (go1.20.1; linux; amd64) terraform-provider/develop
        terraform/terraform-tests
    url: https://api.scaleway.com/containers/v1beta1/regions/fr-par/namespaces/c175cd6b-6f03-416b-9dc5-9e32270f822a
    method: GET
  response:
    body: '{"description":"","environment_variables":{},"error_message":null,"id":"c175cd6b-6f03-416b-9dc5-9e32270f822a","name":"tf-ns-gallant-bhaskara","organization_id":"105bdce1-64c0-48ab-899d-868455867ecf","project_id":"105bdce1-64c0-48ab-899d-868455867ecf","region":"fr-par","registry_endpoint":"rg.fr-par.scw.cloud/funcscwtfnsgallantbhaskara0k6wot9g","registry_namespace_id":"ebd3946e-1a4c-4fd7-bc6a-1bf57f9226b2","secret_environment_variables":[],"status":"ready"}'
    headers:
      Content-Length:
      - "471"
      Content-Security-Policy:
      - default-src 'none'; frame-ancestors 'none'
      Content-Type:
      - application/json
      Date:
      - Mon, 13 Mar 2023 10:55:00 GMT
      Server:
      - Scaleway API-Gateway
      Strict-Transport-Security:
      - max-age=63072000
      X-Content-Type-Options:
      - nosniff
      X-Frame-Options:
      - DENY
      X-Request-Id:
      - d5f291d2-c4ad-4707-b8ac-866f9d36bbd9
    status: 200 OK
    code: 200
    duration: ""
- request:
    body: ""
    form: {}
    headers:
      User-Agent:
      - scaleway-sdk-go/v1.0.0-beta.7+dev (go1.20.1; linux; amd64) terraform-provider/develop
        terraform/terraform-tests
    url: https://api.scaleway.com/containers/v1beta1/regions/fr-par/namespaces/c175cd6b-6f03-416b-9dc5-9e32270f822a
    method: GET
  response:
    body: '{"description":"","environment_variables":{},"error_message":null,"id":"c175cd6b-6f03-416b-9dc5-9e32270f822a","name":"tf-ns-gallant-bhaskara","organization_id":"105bdce1-64c0-48ab-899d-868455867ecf","project_id":"105bdce1-64c0-48ab-899d-868455867ecf","region":"fr-par","registry_endpoint":"rg.fr-par.scw.cloud/funcscwtfnsgallantbhaskara0k6wot9g","registry_namespace_id":"ebd3946e-1a4c-4fd7-bc6a-1bf57f9226b2","secret_environment_variables":[],"status":"ready"}'
    headers:
      Content-Length:
      - "471"
      Content-Security-Policy:
      - default-src 'none'; frame-ancestors 'none'
      Content-Type:
      - application/json
      Date:
      - Mon, 13 Mar 2023 10:55:01 GMT
      Server:
      - Scaleway API-Gateway
      Strict-Transport-Security:
      - max-age=63072000
      X-Content-Type-Options:
      - nosniff
      X-Frame-Options:
      - DENY
      X-Request-Id:
      - 253d7084-54c7-42ab-b6e0-236f1eaa387d
    status: 200 OK
    code: 200
    duration: ""
- request:
    body: '{"namespace_id":"c175cd6b-6f03-416b-9dc5-9e32270f822a","name":"tf-co-boring-vaughan","environment_variables":null,"min_scale":null,"max_scale":null,"memory_limit":null,"timeout":null,"privacy":"public","description":null,"registry_image":"rg.fr-par.scw.cloud/funcscwtfnsgallantbhaskara0k6wot9g/nginx:test","max_concurrency":null,"protocol":"http1","port":80,"secret_environment_variables":null,"http_option":"enabled"}'
    form: {}
    headers:
      Content-Type:
      - application/json
      User-Agent:
      - scaleway-sdk-go/v1.0.0-beta.7+dev (go1.20.1; linux; amd64) terraform-provider/develop
        terraform/terraform-tests
    url: https://api.scaleway.com/containers/v1beta1/regions/fr-par/containers
    method: POST
  response:
    body: '{"cpu_limit":140,"description":"","domain_name":"tfnsgallantbhaskara0k6wot9g-tf-co-boring-vaughan.functions.fnc.fr-par.scw.cloud","environment_variables":{},"error_message":null,"http_option":"enabled","id":"c81ba58c-788b-4bf5-8fb4-e81a265c43ba","max_concurrency":50,"max_scale":5,"memory_limit":256,"min_scale":0,"name":"tf-co-boring-vaughan","namespace_id":"c175cd6b-6f03-416b-9dc5-9e32270f822a","port":80,"privacy":"public","protocol":"http1","region":"fr-par","registry_image":"rg.fr-par.scw.cloud/funcscwtfnsgallantbhaskara0k6wot9g/nginx:test","secret_environment_variables":[],"status":"created","timeout":"300s"}'
    headers:
      Content-Length:
      - "639"
      Content-Security-Policy:
      - default-src 'none'; frame-ancestors 'none'
      Content-Type:
      - application/json
      Date:
      - Mon, 13 Mar 2023 10:55:01 GMT
      Server:
      - Scaleway API-Gateway
      Strict-Transport-Security:
      - max-age=63072000
      X-Content-Type-Options:
      - nosniff
      X-Frame-Options:
      - DENY
      X-Request-Id:
      - 9e76ebc7-bc26-48f3-bc22-ec69c2fd7073
    status: 200 OK
    code: 200
    duration: ""
- request:
    body: ""
    form: {}
    headers:
      User-Agent:
      - scaleway-sdk-go/v1.0.0-beta.7+dev (go1.20.1; linux; amd64) terraform-provider/develop
        terraform/terraform-tests
    url: https://api.scaleway.com/containers/v1beta1/regions/fr-par/containers/c81ba58c-788b-4bf5-8fb4-e81a265c43ba
    method: GET
  response:
    body: '{"cpu_limit":140,"description":"","domain_name":"tfnsgallantbhaskara0k6wot9g-tf-co-boring-vaughan.functions.fnc.fr-par.scw.cloud","environment_variables":{},"error_message":null,"http_option":"enabled","id":"c81ba58c-788b-4bf5-8fb4-e81a265c43ba","max_concurrency":50,"max_scale":5,"memory_limit":256,"min_scale":0,"name":"tf-co-boring-vaughan","namespace_id":"c175cd6b-6f03-416b-9dc5-9e32270f822a","port":80,"privacy":"public","protocol":"http1","region":"fr-par","registry_image":"rg.fr-par.scw.cloud/funcscwtfnsgallantbhaskara0k6wot9g/nginx:test","secret_environment_variables":[],"status":"created","timeout":"300s"}'
    headers:
      Content-Length:
      - "639"
      Content-Security-Policy:
      - default-src 'none'; frame-ancestors 'none'
      Content-Type:
      - application/json
      Date:
      - Mon, 13 Mar 2023 10:55:01 GMT
      Server:
      - Scaleway API-Gateway
      Strict-Transport-Security:
      - max-age=63072000
      X-Content-Type-Options:
      - nosniff
      X-Frame-Options:
      - DENY
      X-Request-Id:
      - 2e4dfc85-7286-462c-aace-5ee680265f7e
    status: 200 OK
    code: 200
    duration: ""
- request:
    body: '{"environment_variables":null,"min_scale":null,"max_scale":null,"memory_limit":null,"timeout":null,"redeploy":true,"privacy":"unknown_privacy","description":null,"registry_image":null,"max_concurrency":null,"protocol":"unknown_protocol","port":null,"secret_environment_variables":null,"http_option":"unknown_http_option"}'
    form: {}
    headers:
      Content-Type:
      - application/json
      User-Agent:
      - scaleway-sdk-go/v1.0.0-beta.7+dev (go1.20.1; linux; amd64) terraform-provider/develop
        terraform/terraform-tests
    url: https://api.scaleway.com/containers/v1beta1/regions/fr-par/containers/c81ba58c-788b-4bf5-8fb4-e81a265c43ba
    method: PATCH
  response:
    body: '{"cpu_limit":140,"description":"","domain_name":"tfnsgallantbhaskara0k6wot9g-tf-co-boring-vaughan.functions.fnc.fr-par.scw.cloud","environment_variables":{},"error_message":null,"http_option":"enabled","id":"c81ba58c-788b-4bf5-8fb4-e81a265c43ba","max_concurrency":50,"max_scale":5,"memory_limit":256,"min_scale":0,"name":"tf-co-boring-vaughan","namespace_id":"c175cd6b-6f03-416b-9dc5-9e32270f822a","port":80,"privacy":"public","protocol":"http1","region":"fr-par","registry_image":"rg.fr-par.scw.cloud/funcscwtfnsgallantbhaskara0k6wot9g/nginx:test","secret_environment_variables":[],"status":"pending","timeout":"300s"}'
    headers:
      Content-Length:
      - "639"
      Content-Security-Policy:
      - default-src 'none'; frame-ancestors 'none'
      Content-Type:
      - application/json
      Date:
      - Mon, 13 Mar 2023 10:55:01 GMT
      Server:
      - Scaleway API-Gateway
      Strict-Transport-Security:
      - max-age=63072000
      X-Content-Type-Options:
      - nosniff
      X-Frame-Options:
      - DENY
      X-Request-Id:
      - 46b7fe6e-15c5-4d94-9dda-cbb2524e1b91
    status: 200 OK
    code: 200
    duration: ""
- request:
    body: ""
    form: {}
    headers:
      User-Agent:
      - scaleway-sdk-go/v1.0.0-beta.7+dev (go1.20.1; linux; amd64) terraform-provider/develop
        terraform/terraform-tests
    url: https://api.scaleway.com/containers/v1beta1/regions/fr-par/containers/c81ba58c-788b-4bf5-8fb4-e81a265c43ba
    method: GET
  response:
    body: '{"cpu_limit":140,"description":"","domain_name":"tfnsgallantbhaskara0k6wot9g-tf-co-boring-vaughan.functions.fnc.fr-par.scw.cloud","environment_variables":{},"error_message":null,"http_option":"enabled","id":"c81ba58c-788b-4bf5-8fb4-e81a265c43ba","max_concurrency":50,"max_scale":5,"memory_limit":256,"min_scale":0,"name":"tf-co-boring-vaughan","namespace_id":"c175cd6b-6f03-416b-9dc5-9e32270f822a","port":80,"privacy":"public","protocol":"http1","region":"fr-par","registry_image":"rg.fr-par.scw.cloud/funcscwtfnsgallantbhaskara0k6wot9g/nginx:test","secret_environment_variables":[],"status":"pending","timeout":"300s"}'
    headers:
      Content-Length:
      - "639"
      Content-Security-Policy:
      - default-src 'none'; frame-ancestors 'none'
      Content-Type:
      - application/json
      Date:
      - Mon, 13 Mar 2023 10:55:01 GMT
      Server:
      - Scaleway API-Gateway
      Strict-Transport-Security:
      - max-age=63072000
      X-Content-Type-Options:
      - nosniff
      X-Frame-Options:
      - DENY
      X-Request-Id:
      - 32ce6c61-c3a8-42b7-ad6f-619d3d6bf243
    status: 200 OK
    code: 200
    duration: ""
- request:
    body: ""
    form: {}
    headers:
      User-Agent:
      - scaleway-sdk-go/v1.0.0-beta.7+dev (go1.20.1; linux; amd64) terraform-provider/develop
        terraform/terraform-tests
    url: https://api.scaleway.com/containers/v1beta1/regions/fr-par/containers/c81ba58c-788b-4bf5-8fb4-e81a265c43ba
    method: GET
  response:
    body: '{"cpu_limit":140,"description":"","domain_name":"tfnsgallantbhaskara0k6wot9g-tf-co-boring-vaughan.functions.fnc.fr-par.scw.cloud","environment_variables":{},"error_message":null,"http_option":"enabled","id":"c81ba58c-788b-4bf5-8fb4-e81a265c43ba","max_concurrency":50,"max_scale":5,"memory_limit":256,"min_scale":0,"name":"tf-co-boring-vaughan","namespace_id":"c175cd6b-6f03-416b-9dc5-9e32270f822a","port":80,"privacy":"public","protocol":"http1","region":"fr-par","registry_image":"rg.fr-par.scw.cloud/funcscwtfnsgallantbhaskara0k6wot9g/nginx:test","secret_environment_variables":[],"status":"pending","timeout":"300s"}'
    headers:
      Content-Length:
      - "639"
      Content-Security-Policy:
      - default-src 'none'; frame-ancestors 'none'
      Content-Type:
      - application/json
      Date:
      - Mon, 13 Mar 2023 10:55:06 GMT
      Server:
      - Scaleway API-Gateway
      Strict-Transport-Security:
      - max-age=63072000
      X-Content-Type-Options:
      - nosniff
      X-Frame-Options:
      - DENY
      X-Request-Id:
      - 3963cf73-ae09-4041-a85b-7a5f5f459755
    status: 200 OK
    code: 200
    duration: ""
- request:
    body: ""
    form: {}
    headers:
      User-Agent:
      - scaleway-sdk-go/v1.0.0-beta.7+dev (go1.20.1; linux; amd64) terraform-provider/develop
        terraform/terraform-tests
    url: https://api.scaleway.com/containers/v1beta1/regions/fr-par/containers/c81ba58c-788b-4bf5-8fb4-e81a265c43ba
    method: GET
  response:
    body: '{"cpu_limit":140,"description":"","domain_name":"tfnsgallantbhaskara0k6wot9g-tf-co-boring-vaughan.functions.fnc.fr-par.scw.cloud","environment_variables":{},"error_message":null,"http_option":"enabled","id":"c81ba58c-788b-4bf5-8fb4-e81a265c43ba","max_concurrency":50,"max_scale":5,"memory_limit":256,"min_scale":0,"name":"tf-co-boring-vaughan","namespace_id":"c175cd6b-6f03-416b-9dc5-9e32270f822a","port":80,"privacy":"public","protocol":"http1","region":"fr-par","registry_image":"rg.fr-par.scw.cloud/funcscwtfnsgallantbhaskara0k6wot9g/nginx:test","secret_environment_variables":[],"status":"pending","timeout":"300s"}'
    headers:
      Content-Length:
      - "639"
      Content-Security-Policy:
      - default-src 'none'; frame-ancestors 'none'
      Content-Type:
      - application/json
      Date:
      - Mon, 13 Mar 2023 10:55:11 GMT
      Server:
      - Scaleway API-Gateway
      Strict-Transport-Security:
      - max-age=63072000
      X-Content-Type-Options:
      - nosniff
      X-Frame-Options:
      - DENY
      X-Request-Id:
      - 84213b32-d6f3-4b3f-92a0-7a16a6054d09
    status: 200 OK
    code: 200
    duration: ""
- request:
    body: ""
    form: {}
    headers:
      User-Agent:
      - scaleway-sdk-go/v1.0.0-beta.7+dev (go1.20.1; linux; amd64) terraform-provider/develop
        terraform/terraform-tests
    url: https://api.scaleway.com/containers/v1beta1/regions/fr-par/containers/c81ba58c-788b-4bf5-8fb4-e81a265c43ba
    method: GET
  response:
    body: '{"cpu_limit":140,"description":"","domain_name":"tfnsgallantbhaskara0k6wot9g-tf-co-boring-vaughan.functions.fnc.fr-par.scw.cloud","environment_variables":{},"error_message":null,"http_option":"enabled","id":"c81ba58c-788b-4bf5-8fb4-e81a265c43ba","max_concurrency":50,"max_scale":5,"memory_limit":256,"min_scale":0,"name":"tf-co-boring-vaughan","namespace_id":"c175cd6b-6f03-416b-9dc5-9e32270f822a","port":80,"privacy":"public","protocol":"http1","region":"fr-par","registry_image":"rg.fr-par.scw.cloud/funcscwtfnsgallantbhaskara0k6wot9g/nginx:test","secret_environment_variables":[],"status":"pending","timeout":"300s"}'
    headers:
      Content-Length:
      - "639"
      Content-Security-Policy:
      - default-src 'none'; frame-ancestors 'none'
      Content-Type:
      - application/json
      Date:
      - Mon, 13 Mar 2023 10:55:16 GMT
      Server:
      - Scaleway API-Gateway
      Strict-Transport-Security:
      - max-age=63072000
      X-Content-Type-Options:
      - nosniff
      X-Frame-Options:
      - DENY
      X-Request-Id:
      - 47a90963-685b-4b71-ae2d-d556af282330
    status: 200 OK
    code: 200
    duration: ""
- request:
    body: ""
    form: {}
    headers:
      User-Agent:
      - scaleway-sdk-go/v1.0.0-beta.7+dev (go1.20.1; linux; amd64) terraform-provider/develop
        terraform/terraform-tests
    url: https://api.scaleway.com/containers/v1beta1/regions/fr-par/containers/c81ba58c-788b-4bf5-8fb4-e81a265c43ba
    method: GET
  response:
    body: '{"cpu_limit":140,"description":"","domain_name":"tfnsgallantbhaskara0k6wot9g-tf-co-boring-vaughan.functions.fnc.fr-par.scw.cloud","environment_variables":{},"error_message":null,"http_option":"enabled","id":"c81ba58c-788b-4bf5-8fb4-e81a265c43ba","max_concurrency":50,"max_scale":5,"memory_limit":256,"min_scale":0,"name":"tf-co-boring-vaughan","namespace_id":"c175cd6b-6f03-416b-9dc5-9e32270f822a","port":80,"privacy":"public","protocol":"http1","region":"fr-par","registry_image":"rg.fr-par.scw.cloud/funcscwtfnsgallantbhaskara0k6wot9g/nginx:test","secret_environment_variables":[],"status":"ready","timeout":"300s"}'
    headers:
      Content-Length:
      - "637"
      Content-Security-Policy:
      - default-src 'none'; frame-ancestors 'none'
      Content-Type:
      - application/json
      Date:
      - Mon, 13 Mar 2023 10:55:21 GMT
      Server:
      - Scaleway API-Gateway
      Strict-Transport-Security:
      - max-age=63072000
      X-Content-Type-Options:
      - nosniff
      X-Frame-Options:
      - DENY
      X-Request-Id:
      - 24fb88bc-cf58-43b2-b4ec-ce7d207eeab3
    status: 200 OK
    code: 200
    duration: ""
- request:
    body: ""
    form: {}
    headers:
      User-Agent:
      - scaleway-sdk-go/v1.0.0-beta.7+dev (go1.20.1; linux; amd64) terraform-provider/develop
        terraform/terraform-tests
    url: https://api.scaleway.com/containers/v1beta1/regions/fr-par/containers/c81ba58c-788b-4bf5-8fb4-e81a265c43ba
    method: GET
  response:
    body: '{"cpu_limit":140,"description":"","domain_name":"tfnsgallantbhaskara0k6wot9g-tf-co-boring-vaughan.functions.fnc.fr-par.scw.cloud","environment_variables":{},"error_message":null,"http_option":"enabled","id":"c81ba58c-788b-4bf5-8fb4-e81a265c43ba","max_concurrency":50,"max_scale":5,"memory_limit":256,"min_scale":0,"name":"tf-co-boring-vaughan","namespace_id":"c175cd6b-6f03-416b-9dc5-9e32270f822a","port":80,"privacy":"public","protocol":"http1","region":"fr-par","registry_image":"rg.fr-par.scw.cloud/funcscwtfnsgallantbhaskara0k6wot9g/nginx:test","secret_environment_variables":[],"status":"ready","timeout":"300s"}'
    headers:
      Content-Length:
      - "637"
      Content-Security-Policy:
      - default-src 'none'; frame-ancestors 'none'
      Content-Type:
      - application/json
      Date:
      - Mon, 13 Mar 2023 10:55:21 GMT
      Server:
      - Scaleway API-Gateway
      Strict-Transport-Security:
      - max-age=63072000
      X-Content-Type-Options:
      - nosniff
      X-Frame-Options:
      - DENY
      X-Request-Id:
      - 82978cf3-9c72-47b5-9e8e-0110eec292a8
    status: 200 OK
    code: 200
    duration: ""
- request:
    body: '{"changes":[{"add":{"records":[{"data":"tfnsgallantbhaskara0k6wot9g-tf-co-boring-vaughan.functions.fnc.fr-par.scw.cloud.","name":"container","priority":0,"ttl":60,"type":"CNAME","comment":null,"id":""}]}}],"return_all_records":false,"disallow_new_zone_creation":false,"serial":null}'
    form: {}
    headers:
      Content-Type:
      - application/json
      User-Agent:
      - scaleway-sdk-go/v1.0.0-beta.7+dev (go1.20.1; linux; amd64) terraform-provider/develop
        terraform/terraform-tests
    url: https://api.scaleway.com/domain/v2beta1/dns-zones/container-basic.scaleway-terraform.com/records
    method: PATCH
  response:
    body: '{"records":[{"comment":null,"data":"tfnsgallantbhaskara0k6wot9g-tf-co-boring-vaughan.functions.fnc.fr-par.scw.cloud.","id":"a7734c6c-9088-4fe7-ae2e-260e7508bb72","name":"container","priority":0,"ttl":60,"type":"CNAME"}]}'
    headers:
      Content-Length:
      - "226"
      Content-Security-Policy:
      - default-src 'none'; frame-ancestors 'none'
      Content-Type:
      - application/json
      Date:
      - Mon, 13 Mar 2023 10:55:22 GMT
      Server:
      - Scaleway API-Gateway
      Strict-Transport-Security:
      - max-age=63072000
      X-Content-Type-Options:
      - nosniff
      X-Frame-Options:
      - DENY
      X-Request-Id:
      - c76d9844-135b-41e8-8d1b-a5350a741c78
    status: 200 OK
    code: 200
    duration: ""
- request:
    body: ""
    form: {}
    headers:
      User-Agent:
      - scaleway-sdk-go/v1.0.0-beta.7+dev (go1.20.1; linux; amd64) terraform-provider/develop
        terraform/terraform-tests
    url: https://api.scaleway.com/domain/v2beta1/dns-zones?dns_zone=container-basic.scaleway-terraform.com&domain=&order_by=domain_asc
    method: GET
  response:
    body: '{"dns_zones":[{"domain":"scaleway-terraform.com","message":null,"ns":["ns0.dom.scw.cloud","ns1.dom.scw.cloud"],"ns_default":["ns0.dom.scw.cloud","ns1.dom.scw.cloud"],"ns_master":[],"project_id":"105bdce1-64c0-48ab-899d-868455867ecf","status":"pending","subdomain":"container-basic","updated_at":"2023-03-13T10:55:22Z"}],"total_count":1}'
    headers:
      Content-Length:
      - "347"
      Content-Security-Policy:
      - default-src 'none'; frame-ancestors 'none'
      Content-Type:
      - application/json
      Date:
      - Mon, 13 Mar 2023 10:55:22 GMT
      Server:
      - Scaleway API-Gateway
      Strict-Transport-Security:
      - max-age=63072000
      X-Content-Type-Options:
      - nosniff
      X-Frame-Options:
      - DENY
      X-Request-Id:
      - f2811536-8f92-4c4b-a813-3d3104e41300
    status: 200 OK
    code: 200
    duration: ""
- request:
    body: ""
    form: {}
    headers:
      User-Agent:
      - scaleway-sdk-go/v1.0.0-beta.7+dev (go1.20.1; linux; amd64) terraform-provider/develop
        terraform/terraform-tests
    url: https://api.scaleway.com/domain/v2beta1/dns-zones?dns_zone=container-basic.scaleway-terraform.com&domain=&order_by=domain_asc
    method: GET
  response:
    body: '{"dns_zones":[{"domain":"scaleway-terraform.com","message":null,"ns":["ns0.dom.scw.cloud","ns1.dom.scw.cloud"],"ns_default":["ns0.dom.scw.cloud","ns1.dom.scw.cloud"],"ns_master":[],"project_id":"105bdce1-64c0-48ab-899d-868455867ecf","status":"active","subdomain":"container-basic","updated_at":"2023-03-13T10:55:23Z"}],"total_count":1}'
    headers:
      Content-Length:
      - "346"
      Content-Security-Policy:
      - default-src 'none'; frame-ancestors 'none'
      Content-Type:
      - application/json
      Date:
      - Mon, 13 Mar 2023 10:55:27 GMT
      Server:
      - Scaleway API-Gateway
      Strict-Transport-Security:
      - max-age=63072000
      X-Content-Type-Options:
      - nosniff
      X-Frame-Options:
      - DENY
      X-Request-Id:
      - 04ce8db6-a9b1-4cdd-bd0e-5fba7b66f607
    status: 200 OK
    code: 200
    duration: ""
- request:
    body: ""
    form: {}
    headers:
      User-Agent:
      - scaleway-sdk-go/v1.0.0-beta.7+dev (go1.20.1; linux; amd64) terraform-provider/develop
        terraform/terraform-tests
    url: https://api.scaleway.com/domain/v2beta1/dns-zones/container-basic.scaleway-terraform.com/records?name=container&order_by=name_asc&page=1&type=CNAME
    method: GET
  response:
    body: '{"records":[{"comment":null,"data":"tfnsgallantbhaskara0k6wot9g-tf-co-boring-vaughan.functions.fnc.fr-par.scw.cloud.","id":"a7734c6c-9088-4fe7-ae2e-260e7508bb72","name":"container","priority":0,"ttl":60,"type":"CNAME"}],"total_count":1}'
    headers:
      Content-Length:
      - "243"
      Content-Security-Policy:
      - default-src 'none'; frame-ancestors 'none'
      Content-Type:
      - application/json
      Date:
      - Mon, 13 Mar 2023 10:55:27 GMT
      Server:
      - Scaleway API-Gateway
      Strict-Transport-Security:
      - max-age=63072000
      X-Content-Type-Options:
      - nosniff
      X-Frame-Options:
      - DENY
      X-Request-Id:
      - 05285013-ba61-45bb-9c37-0a1d6acc73f4
    status: 200 OK
    code: 200
    duration: ""
- request:
    body: ""
    form: {}
    headers:
      User-Agent:
      - scaleway-sdk-go/v1.0.0-beta.7+dev (go1.20.1; linux; amd64) terraform-provider/develop
        terraform/terraform-tests
    url: https://api.scaleway.com/domain/v2beta1/dns-zones/container-basic.scaleway-terraform.com/records?id=a7734c6c-9088-4fe7-ae2e-260e7508bb72&name=&order_by=name_asc&page=1&type=unknown
    method: GET
  response:
    body: '{"records":[{"comment":null,"data":"tfnsgallantbhaskara0k6wot9g-tf-co-boring-vaughan.functions.fnc.fr-par.scw.cloud.","id":"a7734c6c-9088-4fe7-ae2e-260e7508bb72","name":"container","priority":0,"ttl":60,"type":"CNAME"}],"total_count":1}'
    headers:
      Content-Length:
      - "243"
      Content-Security-Policy:
      - default-src 'none'; frame-ancestors 'none'
      Content-Type:
      - application/json
      Date:
      - Mon, 13 Mar 2023 10:55:27 GMT
      Server:
      - Scaleway API-Gateway
      Strict-Transport-Security:
      - max-age=63072000
      X-Content-Type-Options:
      - nosniff
      X-Frame-Options:
      - DENY
      X-Request-Id:
      - 6768b106-3ee3-420f-beba-0880b49ee7cb
    status: 200 OK
    code: 200
    duration: ""
- request:
    body: ""
    form: {}
    headers:
      User-Agent:
      - scaleway-sdk-go/v1.0.0-beta.7+dev (go1.20.1; linux; amd64) terraform-provider/develop
        terraform/terraform-tests
    url: https://api.scaleway.com/domain/v2beta1/dns-zones?dns_zone=container-basic.scaleway-terraform.com&domain=&order_by=domain_asc
    method: GET
  response:
    body: '{"dns_zones":[{"domain":"scaleway-terraform.com","message":null,"ns":["ns0.dom.scw.cloud","ns1.dom.scw.cloud"],"ns_default":["ns0.dom.scw.cloud","ns1.dom.scw.cloud"],"ns_master":[],"project_id":"105bdce1-64c0-48ab-899d-868455867ecf","status":"active","subdomain":"container-basic","updated_at":"2023-03-13T10:55:23Z"}],"total_count":1}'
    headers:
      Content-Length:
      - "346"
      Content-Security-Policy:
      - default-src 'none'; frame-ancestors 'none'
      Content-Type:
      - application/json
      Date:
      - Mon, 13 Mar 2023 10:55:27 GMT
      Server:
      - Scaleway API-Gateway
      Strict-Transport-Security:
      - max-age=63072000
      X-Content-Type-Options:
      - nosniff
      X-Frame-Options:
      - DENY
      X-Request-Id:
      - bcba5177-450f-4734-86e0-7046c5867a68
    status: 200 OK
    code: 200
    duration: ""
- request:
    body: ""
    form: {}
    headers:
      User-Agent:
      - scaleway-sdk-go/v1.0.0-beta.7+dev (go1.20.1; linux; amd64) terraform-provider/develop
        terraform/terraform-tests
    url: https://api.scaleway.com/containers/v1beta1/regions/fr-par/containers/c81ba58c-788b-4bf5-8fb4-e81a265c43ba
    method: GET
  response:
    body: '{"cpu_limit":140,"description":"","domain_name":"tfnsgallantbhaskara0k6wot9g-tf-co-boring-vaughan.functions.fnc.fr-par.scw.cloud","environment_variables":{},"error_message":null,"http_option":"enabled","id":"c81ba58c-788b-4bf5-8fb4-e81a265c43ba","max_concurrency":50,"max_scale":5,"memory_limit":256,"min_scale":0,"name":"tf-co-boring-vaughan","namespace_id":"c175cd6b-6f03-416b-9dc5-9e32270f822a","port":80,"privacy":"public","protocol":"http1","region":"fr-par","registry_image":"rg.fr-par.scw.cloud/funcscwtfnsgallantbhaskara0k6wot9g/nginx:test","secret_environment_variables":[],"status":"ready","timeout":"300s"}'
    headers:
      Content-Length:
      - "637"
      Content-Security-Policy:
      - default-src 'none'; frame-ancestors 'none'
      Content-Type:
      - application/json
      Date:
      - Mon, 13 Mar 2023 10:55:27 GMT
      Server:
      - Scaleway API-Gateway
      Strict-Transport-Security:
      - max-age=63072000
      X-Content-Type-Options:
      - nosniff
      X-Frame-Options:
      - DENY
      X-Request-Id:
      - 91ea9f9c-6690-489a-aee0-b7c702763bb4
    status: 200 OK
    code: 200
    duration: ""
- request:
    body: '{"hostname":"container.container-basic.scaleway-terraform.com","container_id":"c81ba58c-788b-4bf5-8fb4-e81a265c43ba"}'
    form: {}
    headers:
      Content-Type:
      - application/json
      User-Agent:
      - scaleway-sdk-go/v1.0.0-beta.7+dev (go1.20.1; linux; amd64) terraform-provider/develop
        terraform/terraform-tests
    url: https://api.scaleway.com/containers/v1beta1/regions/fr-par/domains
    method: POST
  response:
    body: '{"container_id":"c81ba58c-788b-4bf5-8fb4-e81a265c43ba","error_message":null,"hostname":"container.container-basic.scaleway-terraform.com","id":"b131effe-2707-4a2f-8249-a07386bbb39f","status":"pending","url":""}'
    headers:
      Content-Length:
      - "215"
      Content-Security-Policy:
      - default-src 'none'; frame-ancestors 'none'
      Content-Type:
      - application/json
      Date:
      - Mon, 13 Mar 2023 10:56:30 GMT
      Server:
      - Scaleway API-Gateway
      Strict-Transport-Security:
      - max-age=63072000
      X-Content-Type-Options:
      - nosniff
      X-Frame-Options:
      - DENY
      X-Request-Id:
      - 90490537-624d-43d6-89df-e10a3b4805a1
    status: 200 OK
    code: 200
    duration: ""
- request:
    body: ""
    form: {}
    headers:
      User-Agent:
      - scaleway-sdk-go/v1.0.0-beta.7+dev (go1.20.1; linux; amd64) terraform-provider/develop
        terraform/terraform-tests
    url: https://api.scaleway.com/containers/v1beta1/regions/fr-par/domains/b131effe-2707-4a2f-8249-a07386bbb39f
    method: GET
  response:
    body: '{"container_id":"c81ba58c-788b-4bf5-8fb4-e81a265c43ba","error_message":null,"hostname":"container.container-basic.scaleway-terraform.com","id":"b131effe-2707-4a2f-8249-a07386bbb39f","status":"pending","url":""}'
    headers:
      Content-Length:
      - "215"
      Content-Security-Policy:
      - default-src 'none'; frame-ancestors 'none'
      Content-Type:
      - application/json
      Date:
      - Mon, 13 Mar 2023 10:56:30 GMT
      Server:
      - Scaleway API-Gateway
      Strict-Transport-Security:
      - max-age=63072000
      X-Content-Type-Options:
      - nosniff
      X-Frame-Options:
      - DENY
      X-Request-Id:
      - 39c5c7b2-6596-486b-8b26-061569637ba9
    status: 200 OK
    code: 200
    duration: ""
- request:
    body: ""
    form: {}
    headers:
      User-Agent:
      - scaleway-sdk-go/v1.0.0-beta.7+dev (go1.20.1; linux; amd64) terraform-provider/develop
        terraform/terraform-tests
    url: https://api.scaleway.com/containers/v1beta1/regions/fr-par/domains/b131effe-2707-4a2f-8249-a07386bbb39f
    method: GET
  response:
    body: '{"container_id":"c81ba58c-788b-4bf5-8fb4-e81a265c43ba","error_message":null,"hostname":"container.container-basic.scaleway-terraform.com","id":"b131effe-2707-4a2f-8249-a07386bbb39f","status":"pending","url":""}'
    headers:
      Content-Length:
      - "215"
      Content-Security-Policy:
      - default-src 'none'; frame-ancestors 'none'
      Content-Type:
      - application/json
      Date:
      - Mon, 13 Mar 2023 10:56:35 GMT
      Server:
      - Scaleway API-Gateway
      Strict-Transport-Security:
      - max-age=63072000
      X-Content-Type-Options:
      - nosniff
      X-Frame-Options:
      - DENY
      X-Request-Id:
      - fbac804d-0b44-43ff-be3b-a59f252471d4
    status: 200 OK
    code: 200
    duration: ""
- request:
    body: ""
    form: {}
    headers:
      User-Agent:
      - scaleway-sdk-go/v1.0.0-beta.7+dev (go1.20.1; linux; amd64) terraform-provider/develop
        terraform/terraform-tests
    url: https://api.scaleway.com/containers/v1beta1/regions/fr-par/domains/b131effe-2707-4a2f-8249-a07386bbb39f
    method: GET
  response:
    body: '{"container_id":"c81ba58c-788b-4bf5-8fb4-e81a265c43ba","error_message":null,"hostname":"container.container-basic.scaleway-terraform.com","id":"b131effe-2707-4a2f-8249-a07386bbb39f","status":"pending","url":""}'
    headers:
      Content-Length:
      - "215"
      Content-Security-Policy:
      - default-src 'none'; frame-ancestors 'none'
      Content-Type:
      - application/json
      Date:
      - Mon, 13 Mar 2023 10:56:40 GMT
      Server:
      - Scaleway API-Gateway
      Strict-Transport-Security:
      - max-age=63072000
      X-Content-Type-Options:
      - nosniff
      X-Frame-Options:
      - DENY
      X-Request-Id:
      - 2d9a1daa-18d1-4ac5-bebc-17ba85ace396
    status: 200 OK
    code: 200
    duration: ""
- request:
    body: ""
    form: {}
    headers:
      User-Agent:
      - scaleway-sdk-go/v1.0.0-beta.7+dev (go1.20.1; linux; amd64) terraform-provider/develop
        terraform/terraform-tests
    url: https://api.scaleway.com/containers/v1beta1/regions/fr-par/domains/b131effe-2707-4a2f-8249-a07386bbb39f
    method: GET
  response:
    body: '{"container_id":"c81ba58c-788b-4bf5-8fb4-e81a265c43ba","error_message":null,"hostname":"container.container-basic.scaleway-terraform.com","id":"b131effe-2707-4a2f-8249-a07386bbb39f","status":"ready","url":"https://container.container-basic.scaleway-terraform.com"}'
    headers:
      Content-Length:
      - "269"
      Content-Security-Policy:
      - default-src 'none'; frame-ancestors 'none'
      Content-Type:
      - application/json
      Date:
      - Mon, 13 Mar 2023 10:56:45 GMT
      Server:
      - Scaleway API-Gateway
      Strict-Transport-Security:
      - max-age=63072000
      X-Content-Type-Options:
      - nosniff
      X-Frame-Options:
      - DENY
      X-Request-Id:
      - f5f4378d-4a65-4860-9923-9b5c98b95559
    status: 200 OK
    code: 200
    duration: ""
- request:
    body: ""
    form: {}
    headers:
      User-Agent:
      - scaleway-sdk-go/v1.0.0-beta.7+dev (go1.20.1; linux; amd64) terraform-provider/develop
        terraform/terraform-tests
    url: https://api.scaleway.com/containers/v1beta1/regions/fr-par/domains/b131effe-2707-4a2f-8249-a07386bbb39f
    method: GET
  response:
    body: '{"container_id":"c81ba58c-788b-4bf5-8fb4-e81a265c43ba","error_message":null,"hostname":"container.container-basic.scaleway-terraform.com","id":"b131effe-2707-4a2f-8249-a07386bbb39f","status":"ready","url":"https://container.container-basic.scaleway-terraform.com"}'
    headers:
      Content-Length:
      - "269"
      Content-Security-Policy:
      - default-src 'none'; frame-ancestors 'none'
      Content-Type:
      - application/json
      Date:
      - Mon, 13 Mar 2023 10:56:45 GMT
      Server:
      - Scaleway API-Gateway
      Strict-Transport-Security:
      - max-age=63072000
      X-Content-Type-Options:
      - nosniff
      X-Frame-Options:
      - DENY
      X-Request-Id:
      - 642d998b-935b-4b87-9660-1c032fd4180e
    status: 200 OK
    code: 200
    duration: ""
- request:
    body: ""
    form: {}
    headers:
      User-Agent:
      - scaleway-sdk-go/v1.0.0-beta.7+dev (go1.20.1; linux; amd64) terraform-provider/develop
        terraform/terraform-tests
    url: https://api.scaleway.com/containers/v1beta1/regions/fr-par/domains/b131effe-2707-4a2f-8249-a07386bbb39f
    method: GET
  response:
    body: '{"container_id":"c81ba58c-788b-4bf5-8fb4-e81a265c43ba","error_message":null,"hostname":"container.container-basic.scaleway-terraform.com","id":"b131effe-2707-4a2f-8249-a07386bbb39f","status":"ready","url":"https://container.container-basic.scaleway-terraform.com"}'
    headers:
      Content-Length:
      - "269"
      Content-Security-Policy:
      - default-src 'none'; frame-ancestors 'none'
      Content-Type:
      - application/json
      Date:
      - Mon, 13 Mar 2023 10:56:45 GMT
      Server:
      - Scaleway API-Gateway
      Strict-Transport-Security:
      - max-age=63072000
      X-Content-Type-Options:
      - nosniff
      X-Frame-Options:
      - DENY
      X-Request-Id:
      - d83bc9e5-ad3b-432f-8d93-e80712402d59
    status: 200 OK
    code: 200
    duration: ""
- request:
    body: ""
    form: {}
    headers:
      User-Agent:
      - scaleway-sdk-go/v1.0.0-beta.7+dev (go1.20.1; linux; amd64) terraform-provider/develop
        terraform/terraform-tests
    url: https://api.scaleway.com/containers/v1beta1/regions/fr-par/namespaces/c175cd6b-6f03-416b-9dc5-9e32270f822a
    method: GET
  response:
    body: '{"description":"","environment_variables":{},"error_message":null,"id":"c175cd6b-6f03-416b-9dc5-9e32270f822a","name":"tf-ns-gallant-bhaskara","organization_id":"105bdce1-64c0-48ab-899d-868455867ecf","project_id":"105bdce1-64c0-48ab-899d-868455867ecf","region":"fr-par","registry_endpoint":"rg.fr-par.scw.cloud/funcscwtfnsgallantbhaskara0k6wot9g","registry_namespace_id":"ebd3946e-1a4c-4fd7-bc6a-1bf57f9226b2","secret_environment_variables":[],"status":"ready"}'
    headers:
      Content-Length:
      - "471"
      Content-Security-Policy:
      - default-src 'none'; frame-ancestors 'none'
      Content-Type:
      - application/json
      Date:
      - Mon, 13 Mar 2023 10:56:46 GMT
      Server:
      - Scaleway API-Gateway
      Strict-Transport-Security:
      - max-age=63072000
      X-Content-Type-Options:
      - nosniff
      X-Frame-Options:
      - DENY
      X-Request-Id:
      - 581e3c2c-3903-4dec-b2df-3fa015c3a438
    status: 200 OK
    code: 200
    duration: ""
- request:
    body: ""
    form: {}
    headers:
      User-Agent:
      - scaleway-sdk-go/v1.0.0-beta.7+dev (go1.20.1; linux; amd64) terraform-provider/develop
        terraform/terraform-tests
    url: https://api.scaleway.com/containers/v1beta1/regions/fr-par/containers/c81ba58c-788b-4bf5-8fb4-e81a265c43ba
    method: GET
  response:
    body: '{"cpu_limit":140,"description":"","domain_name":"tfnsgallantbhaskara0k6wot9g-tf-co-boring-vaughan.functions.fnc.fr-par.scw.cloud","environment_variables":{},"error_message":null,"http_option":"enabled","id":"c81ba58c-788b-4bf5-8fb4-e81a265c43ba","max_concurrency":50,"max_scale":5,"memory_limit":256,"min_scale":0,"name":"tf-co-boring-vaughan","namespace_id":"c175cd6b-6f03-416b-9dc5-9e32270f822a","port":80,"privacy":"public","protocol":"http1","region":"fr-par","registry_image":"rg.fr-par.scw.cloud/funcscwtfnsgallantbhaskara0k6wot9g/nginx:test","secret_environment_variables":[],"status":"ready","timeout":"300s"}'
    headers:
      Content-Length:
      - "637"
      Content-Security-Policy:
      - default-src 'none'; frame-ancestors 'none'
      Content-Type:
      - application/json
      Date:
      - Mon, 13 Mar 2023 10:56:46 GMT
      Server:
      - Scaleway API-Gateway
      Strict-Transport-Security:
      - max-age=63072000
      X-Content-Type-Options:
      - nosniff
      X-Frame-Options:
      - DENY
      X-Request-Id:
      - f33a1e1d-6e69-47d7-86a3-4d7e86452479
    status: 200 OK
    code: 200
    duration: ""
- request:
    body: ""
    form: {}
    headers:
      User-Agent:
      - scaleway-sdk-go/v1.0.0-beta.7+dev (go1.20.1; linux; amd64) terraform-provider/develop
        terraform/terraform-tests
    url: https://api.scaleway.com/domain/v2beta1/dns-zones/container-basic.scaleway-terraform.com/records?id=a7734c6c-9088-4fe7-ae2e-260e7508bb72&name=container&order_by=name_asc&page=1&type=CNAME
    method: GET
  response:
    body: '{"records":[{"comment":null,"data":"tfnsgallantbhaskara0k6wot9g-tf-co-boring-vaughan.functions.fnc.fr-par.scw.cloud.","id":"a7734c6c-9088-4fe7-ae2e-260e7508bb72","name":"container","priority":0,"ttl":60,"type":"CNAME"}],"total_count":1}'
    headers:
      Content-Length:
      - "243"
      Content-Security-Policy:
      - default-src 'none'; frame-ancestors 'none'
      Content-Type:
      - application/json
      Date:
      - Mon, 13 Mar 2023 10:56:46 GMT
      Server:
      - Scaleway API-Gateway
      Strict-Transport-Security:
      - max-age=63072000
      X-Content-Type-Options:
      - nosniff
      X-Frame-Options:
      - DENY
      X-Request-Id:
      - 84ed4073-4149-480f-bee4-00584e8f3b51
    status: 200 OK
    code: 200
    duration: ""
- request:
    body: ""
    form: {}
    headers:
      User-Agent:
      - scaleway-sdk-go/v1.0.0-beta.7+dev (go1.20.1; linux; amd64) terraform-provider/develop
        terraform/terraform-tests
    url: https://api.scaleway.com/domain/v2beta1/dns-zones?dns_zone=container-basic.scaleway-terraform.com&domain=&order_by=domain_asc
    method: GET
  response:
    body: '{"dns_zones":[{"domain":"scaleway-terraform.com","message":null,"ns":["ns0.dom.scw.cloud","ns1.dom.scw.cloud"],"ns_default":["ns0.dom.scw.cloud","ns1.dom.scw.cloud"],"ns_master":[],"project_id":"105bdce1-64c0-48ab-899d-868455867ecf","status":"active","subdomain":"container-basic","updated_at":"2023-03-13T10:55:34Z"}],"total_count":1}'
    headers:
      Content-Length:
      - "346"
      Content-Security-Policy:
      - default-src 'none'; frame-ancestors 'none'
      Content-Type:
      - application/json
      Date:
      - Mon, 13 Mar 2023 10:56:46 GMT
      Server:
      - Scaleway API-Gateway
      Strict-Transport-Security:
      - max-age=63072000
      X-Content-Type-Options:
      - nosniff
      X-Frame-Options:
      - DENY
      X-Request-Id:
      - 0e1a87c1-2499-4cf8-a1f4-e0d6b6c4084a
    status: 200 OK
    code: 200
    duration: ""
- request:
    body: ""
    form: {}
    headers:
      User-Agent:
      - scaleway-sdk-go/v1.0.0-beta.7+dev (go1.20.1; linux; amd64) terraform-provider/develop
        terraform/terraform-tests
    url: https://api.scaleway.com/containers/v1beta1/regions/fr-par/domains/b131effe-2707-4a2f-8249-a07386bbb39f
    method: GET
  response:
    body: '{"container_id":"c81ba58c-788b-4bf5-8fb4-e81a265c43ba","error_message":null,"hostname":"container.container-basic.scaleway-terraform.com","id":"b131effe-2707-4a2f-8249-a07386bbb39f","status":"ready","url":"https://container.container-basic.scaleway-terraform.com"}'
    headers:
      Content-Length:
      - "269"
      Content-Security-Policy:
      - default-src 'none'; frame-ancestors 'none'
      Content-Type:
      - application/json
      Date:
      - Mon, 13 Mar 2023 10:56:46 GMT
      Server:
      - Scaleway API-Gateway
      Strict-Transport-Security:
      - max-age=63072000
      X-Content-Type-Options:
      - nosniff
      X-Frame-Options:
      - DENY
      X-Request-Id:
      - 195c14b4-d4bc-4c7f-afd5-ad6b7ae96525
    status: 200 OK
    code: 200
    duration: ""
- request:
    body: ""
    form: {}
    headers:
      User-Agent:
      - scaleway-sdk-go/v1.0.0-beta.7+dev (go1.20.1; linux; amd64) terraform-provider/develop
        terraform/terraform-tests
    url: https://api.scaleway.com/containers/v1beta1/regions/fr-par/domains/b131effe-2707-4a2f-8249-a07386bbb39f
    method: GET
  response:
    body: '{"container_id":"c81ba58c-788b-4bf5-8fb4-e81a265c43ba","error_message":null,"hostname":"container.container-basic.scaleway-terraform.com","id":"b131effe-2707-4a2f-8249-a07386bbb39f","status":"ready","url":"https://container.container-basic.scaleway-terraform.com"}'
    headers:
      Content-Length:
      - "269"
      Content-Security-Policy:
      - default-src 'none'; frame-ancestors 'none'
      Content-Type:
      - application/json
      Date:
      - Mon, 13 Mar 2023 10:56:46 GMT
      Server:
      - Scaleway API-Gateway
      Strict-Transport-Security:
      - max-age=63072000
      X-Content-Type-Options:
      - nosniff
      X-Frame-Options:
      - DENY
      X-Request-Id:
      - 74c3185f-2838-4c42-8767-0242cd49ab23
    status: 200 OK
    code: 200
    duration: ""
- request:
    body: ""
    form: {}
    headers:
      User-Agent:
      - scaleway-sdk-go/v1.0.0-beta.7+dev (go1.20.1; linux; amd64) terraform-provider/develop
        terraform/terraform-tests
    url: https://api.scaleway.com/containers/v1beta1/regions/fr-par/domains/b131effe-2707-4a2f-8249-a07386bbb39f
    method: DELETE
  response:
    body: '{"container_id":"c81ba58c-788b-4bf5-8fb4-e81a265c43ba","error_message":null,"hostname":"container.container-basic.scaleway-terraform.com","id":"b131effe-2707-4a2f-8249-a07386bbb39f","status":"deleting","url":"https://container.container-basic.scaleway-terraform.com"}'
    headers:
      Content-Length:
      - "272"
      Content-Security-Policy:
      - default-src 'none'; frame-ancestors 'none'
      Content-Type:
      - application/json
      Date:
      - Mon, 13 Mar 2023 10:56:46 GMT
      Server:
      - Scaleway API-Gateway
      Strict-Transport-Security:
      - max-age=63072000
      X-Content-Type-Options:
      - nosniff
      X-Frame-Options:
      - DENY
      X-Request-Id:
      - 54f57b2e-d472-4d7b-ad38-293d2ccd17da
    status: 200 OK
    code: 200
    duration: ""
- request:
    body: '{"changes":[{"delete":{"id":"a7734c6c-9088-4fe7-ae2e-260e7508bb72"}}],"return_all_records":false,"disallow_new_zone_creation":false,"serial":null}'
    form: {}
    headers:
      Content-Type:
      - application/json
      User-Agent:
      - scaleway-sdk-go/v1.0.0-beta.7+dev (go1.20.1; linux; amd64) terraform-provider/develop
        terraform/terraform-tests
    url: https://api.scaleway.com/domain/v2beta1/dns-zones/container-basic.scaleway-terraform.com/records
    method: PATCH
  response:
    body: '{"records":[]}'
    headers:
      Content-Length:
      - "14"
      Content-Security-Policy:
      - default-src 'none'; frame-ancestors 'none'
      Content-Type:
      - application/json
      Date:
      - Mon, 13 Mar 2023 10:56:46 GMT
      Server:
      - Scaleway API-Gateway
      Strict-Transport-Security:
      - max-age=63072000
      X-Content-Type-Options:
      - nosniff
      X-Frame-Options:
      - DENY
      X-Request-Id:
      - 383a6dd2-ce28-418f-a404-3287c7ca20f7
    status: 200 OK
    code: 200
    duration: ""
- request:
    body: ""
    form: {}
    headers:
      User-Agent:
      - scaleway-sdk-go/v1.0.0-beta.7+dev (go1.20.1; linux; amd64) terraform-provider/develop
        terraform/terraform-tests
    url: https://api.scaleway.com/domain/v2beta1/dns-zones?dns_zone=container-basic.scaleway-terraform.com&domain=&order_by=domain_asc
    method: GET
  response:
    body: '{"dns_zones":[{"domain":"scaleway-terraform.com","message":null,"ns":["ns0.dom.scw.cloud","ns1.dom.scw.cloud"],"ns_default":["ns0.dom.scw.cloud","ns1.dom.scw.cloud"],"ns_master":[],"project_id":"105bdce1-64c0-48ab-899d-868455867ecf","status":"pending","subdomain":"container-basic","updated_at":"2023-03-13T10:56:46Z"}],"total_count":1}'
    headers:
      Content-Length:
      - "347"
      Content-Security-Policy:
      - default-src 'none'; frame-ancestors 'none'
      Content-Type:
      - application/json
      Date:
      - Mon, 13 Mar 2023 10:56:47 GMT
      Server:
      - Scaleway API-Gateway
      Strict-Transport-Security:
      - max-age=63072000
      X-Content-Type-Options:
      - nosniff
      X-Frame-Options:
      - DENY
      X-Request-Id:
      - 69001df0-856d-45a3-9f26-e346153a6c40
    status: 200 OK
    code: 200
    duration: ""
- request:
    body: ""
    form: {}
    headers:
      User-Agent:
      - scaleway-sdk-go/v1.0.0-beta.7+dev (go1.20.1; linux; amd64) terraform-provider/develop
        terraform/terraform-tests
    url: https://api.scaleway.com/domain/v2beta1/dns-zones?dns_zone=container-basic.scaleway-terraform.com&domain=&order_by=domain_asc
    method: GET
  response:
    body: '{"dns_zones":[{"domain":"scaleway-terraform.com","message":null,"ns":["ns0.dom.scw.cloud","ns1.dom.scw.cloud"],"ns_default":["ns0.dom.scw.cloud","ns1.dom.scw.cloud"],"ns_master":[],"project_id":"105bdce1-64c0-48ab-899d-868455867ecf","status":"active","subdomain":"container-basic","updated_at":"2023-03-13T10:56:47Z"}],"total_count":1}'
    headers:
      Content-Length:
      - "346"
      Content-Security-Policy:
      - default-src 'none'; frame-ancestors 'none'
      Content-Type:
      - application/json
      Date:
      - Mon, 13 Mar 2023 10:56:52 GMT
      Server:
      - Scaleway API-Gateway
      Strict-Transport-Security:
      - max-age=63072000
      X-Content-Type-Options:
      - nosniff
      X-Frame-Options:
      - DENY
      X-Request-Id:
      - b6e01239-9814-442e-ae23-52835b0c3c9d
    status: 200 OK
    code: 200
    duration: ""
- request:
    body: ""
    form: {}
    headers:
      User-Agent:
      - scaleway-sdk-go/v1.0.0-beta.7+dev (go1.20.1; linux; amd64) terraform-provider/develop
        terraform/terraform-tests
    url: https://api.scaleway.com/domain/v2beta1/dns-zones/container-basic.scaleway-terraform.com/records?name=&order_by=name_asc&type=unknown
    method: GET
  response:
    body: '{"records":[{"comment":null,"data":"ns1.dom.scw.cloud.","id":"36a02838-90eb-4198-a50e-19d9ae543bf8","name":"","priority":0,"ttl":600,"type":"NS"},{"comment":null,"data":"ns0.dom.scw.cloud.","id":"f3f53e3b-f685-4376-9381-4779f5c7df1b","name":"","priority":0,"ttl":600,"type":"NS"}],"total_count":2}'
    headers:
      Content-Length:
      - "311"
      Content-Security-Policy:
      - default-src 'none'; frame-ancestors 'none'
      Content-Type:
      - application/json
      Date:
      - Mon, 13 Mar 2023 10:56:52 GMT
      Server:
      - Scaleway API-Gateway
      Strict-Transport-Security:
      - max-age=63072000
      X-Content-Type-Options:
      - nosniff
      X-Frame-Options:
      - DENY
      X-Request-Id:
      - aceeca8f-0de5-45ba-a1d2-2a78f20fbe25
    status: 200 OK
    code: 200
    duration: ""
- request:
    body: ""
    form: {}
    headers:
      User-Agent:
      - scaleway-sdk-go/v1.0.0-beta.7+dev (go1.20.1; linux; amd64) terraform-provider/develop
        terraform/terraform-tests
    url: https://api.scaleway.com/domain/v2beta1/dns-zones?dns_zone=container-basic.scaleway-terraform.com&domain=&order_by=domain_asc
    method: GET
  response:
    body: '{"dns_zones":[{"domain":"scaleway-terraform.com","message":null,"ns":["ns0.dom.scw.cloud","ns1.dom.scw.cloud"],"ns_default":["ns0.dom.scw.cloud","ns1.dom.scw.cloud"],"ns_master":[],"project_id":"105bdce1-64c0-48ab-899d-868455867ecf","status":"active","subdomain":"container-basic","updated_at":"2023-03-13T10:56:47Z"}],"total_count":1}'
    headers:
      Content-Length:
      - "346"
      Content-Security-Policy:
      - default-src 'none'; frame-ancestors 'none'
      Content-Type:
      - application/json
      Date:
      - Mon, 13 Mar 2023 10:56:52 GMT
      Server:
      - Scaleway API-Gateway
      Strict-Transport-Security:
      - max-age=63072000
      X-Content-Type-Options:
      - nosniff
      X-Frame-Options:
      - DENY
      X-Request-Id:
      - b82c7367-56a0-41cb-b927-11d24aa9db04
    status: 200 OK
    code: 200
    duration: ""
- request:
    body: ""
    form: {}
    headers:
      User-Agent:
      - scaleway-sdk-go/v1.0.0-beta.7+dev (go1.20.1; linux; amd64) terraform-provider/develop
        terraform/terraform-tests
    url: https://api.scaleway.com/domain/v2beta1/dns-zones/container-basic.scaleway-terraform.com?project_id=105bdce1-64c0-48ab-899d-868455867ecf
    method: DELETE
  response:
    body: '{}'
    headers:
      Content-Length:
      - "2"
      Content-Security-Policy:
      - default-src 'none'; frame-ancestors 'none'
      Content-Type:
      - application/json
      Date:
      - Mon, 13 Mar 2023 10:56:52 GMT
      Server:
      - Scaleway API-Gateway
      Strict-Transport-Security:
      - max-age=63072000
      X-Content-Type-Options:
      - nosniff
      X-Frame-Options:
      - DENY
      X-Request-Id:
      - 3300a521-a557-487b-89cd-db54be417248
    status: 200 OK
    code: 200
    duration: ""
- request:
    body: ""
    form: {}
    headers:
      User-Agent:
      - scaleway-sdk-go/v1.0.0-beta.7+dev (go1.20.1; linux; amd64) terraform-provider/develop
        terraform/terraform-tests
    url: https://api.scaleway.com/containers/v1beta1/regions/fr-par/containers/c81ba58c-788b-4bf5-8fb4-e81a265c43ba
    method: GET
  response:
    body: '{"cpu_limit":140,"description":"","domain_name":"tfnsgallantbhaskara0k6wot9g-tf-co-boring-vaughan.functions.fnc.fr-par.scw.cloud","environment_variables":{},"error_message":null,"http_option":"enabled","id":"c81ba58c-788b-4bf5-8fb4-e81a265c43ba","max_concurrency":50,"max_scale":5,"memory_limit":256,"min_scale":0,"name":"tf-co-boring-vaughan","namespace_id":"c175cd6b-6f03-416b-9dc5-9e32270f822a","port":80,"privacy":"public","protocol":"http1","region":"fr-par","registry_image":"rg.fr-par.scw.cloud/funcscwtfnsgallantbhaskara0k6wot9g/nginx:test","secret_environment_variables":[],"status":"ready","timeout":"300s"}'
    headers:
      Content-Length:
      - "637"
      Content-Security-Policy:
      - default-src 'none'; frame-ancestors 'none'
      Content-Type:
      - application/json
      Date:
      - Mon, 13 Mar 2023 10:56:52 GMT
      Server:
      - Scaleway API-Gateway
      Strict-Transport-Security:
      - max-age=63072000
      X-Content-Type-Options:
      - nosniff
      X-Frame-Options:
      - DENY
      X-Request-Id:
      - 1c71daa3-ae81-488b-8e56-f5088c7a5d53
    status: 200 OK
    code: 200
    duration: ""
- request:
    body: ""
    form: {}
    headers:
      User-Agent:
      - scaleway-sdk-go/v1.0.0-beta.7+dev (go1.20.1; linux; amd64) terraform-provider/develop
        terraform/terraform-tests
    url: https://api.scaleway.com/containers/v1beta1/regions/fr-par/containers/c81ba58c-788b-4bf5-8fb4-e81a265c43ba
    method: DELETE
  response:
    body: '{"cpu_limit":140,"description":"","domain_name":"tfnsgallantbhaskara0k6wot9g-tf-co-boring-vaughan.functions.fnc.fr-par.scw.cloud","environment_variables":{},"error_message":null,"http_option":"enabled","id":"c81ba58c-788b-4bf5-8fb4-e81a265c43ba","max_concurrency":50,"max_scale":5,"memory_limit":256,"min_scale":0,"name":"tf-co-boring-vaughan","namespace_id":"c175cd6b-6f03-416b-9dc5-9e32270f822a","port":80,"privacy":"public","protocol":"http1","region":"fr-par","registry_image":"rg.fr-par.scw.cloud/funcscwtfnsgallantbhaskara0k6wot9g/nginx:test","secret_environment_variables":[],"status":"deleting","timeout":"300s"}'
    headers:
      Content-Length:
      - "640"
      Content-Security-Policy:
      - default-src 'none'; frame-ancestors 'none'
      Content-Type:
      - application/json
      Date:
      - Mon, 13 Mar 2023 10:56:52 GMT
      Server:
      - Scaleway API-Gateway
      Strict-Transport-Security:
      - max-age=63072000
      X-Content-Type-Options:
      - nosniff
      X-Frame-Options:
      - DENY
      X-Request-Id:
      - 28842bf9-44d1-4dae-9a76-3162d6d75a81
    status: 200 OK
    code: 200
    duration: ""
- request:
    body: ""
    form: {}
    headers:
      User-Agent:
      - scaleway-sdk-go/v1.0.0-beta.7+dev (go1.20.1; linux; amd64) terraform-provider/develop
        terraform/terraform-tests
    url: https://api.scaleway.com/containers/v1beta1/regions/fr-par/namespaces/c175cd6b-6f03-416b-9dc5-9e32270f822a
    method: GET
  response:
    body: '{"description":"","environment_variables":{},"error_message":null,"id":"c175cd6b-6f03-416b-9dc5-9e32270f822a","name":"tf-ns-gallant-bhaskara","organization_id":"105bdce1-64c0-48ab-899d-868455867ecf","project_id":"105bdce1-64c0-48ab-899d-868455867ecf","region":"fr-par","registry_endpoint":"rg.fr-par.scw.cloud/funcscwtfnsgallantbhaskara0k6wot9g","registry_namespace_id":"ebd3946e-1a4c-4fd7-bc6a-1bf57f9226b2","secret_environment_variables":[],"status":"ready"}'
    headers:
      Content-Length:
      - "471"
      Content-Security-Policy:
      - default-src 'none'; frame-ancestors 'none'
      Content-Type:
      - application/json
      Date:
      - Mon, 13 Mar 2023 10:56:52 GMT
      Server:
      - Scaleway API-Gateway
      Strict-Transport-Security:
      - max-age=63072000
      X-Content-Type-Options:
      - nosniff
      X-Frame-Options:
      - DENY
      X-Request-Id:
      - e19ad1e8-4d78-4ae2-94f6-472642ec1f4e
    status: 200 OK
    code: 200
    duration: ""
- request:
    body: ""
    form: {}
    headers:
      User-Agent:
      - scaleway-sdk-go/v1.0.0-beta.7+dev (go1.20.1; linux; amd64) terraform-provider/develop
        terraform/terraform-tests
    url: https://api.scaleway.com/containers/v1beta1/regions/fr-par/namespaces/c175cd6b-6f03-416b-9dc5-9e32270f822a
    method: DELETE
  response:
    body: '{"description":"","environment_variables":{},"error_message":null,"id":"c175cd6b-6f03-416b-9dc5-9e32270f822a","name":"tf-ns-gallant-bhaskara","organization_id":"105bdce1-64c0-48ab-899d-868455867ecf","project_id":"105bdce1-64c0-48ab-899d-868455867ecf","region":"fr-par","registry_endpoint":"rg.fr-par.scw.cloud/funcscwtfnsgallantbhaskara0k6wot9g","registry_namespace_id":"ebd3946e-1a4c-4fd7-bc6a-1bf57f9226b2","secret_environment_variables":[],"status":"deleting"}'
    headers:
      Content-Length:
      - "474"
      Content-Security-Policy:
      - default-src 'none'; frame-ancestors 'none'
      Content-Type:
      - application/json
      Date:
      - Mon, 13 Mar 2023 10:56:52 GMT
      Server:
      - Scaleway API-Gateway
      Strict-Transport-Security:
      - max-age=63072000
      X-Content-Type-Options:
      - nosniff
      X-Frame-Options:
      - DENY
      X-Request-Id:
      - 561b308b-119e-49be-b3c2-6a57f6b3dc6b
    status: 200 OK
    code: 200
    duration: ""
- request:
    body: ""
    form: {}
    headers:
      User-Agent:
      - scaleway-sdk-go/v1.0.0-beta.7+dev (go1.20.1; linux; amd64) terraform-provider/develop
        terraform/terraform-tests
    url: https://api.scaleway.com/containers/v1beta1/regions/fr-par/namespaces/c175cd6b-6f03-416b-9dc5-9e32270f822a
    method: GET
  response:
    body: '{"description":"","environment_variables":{},"error_message":null,"id":"c175cd6b-6f03-416b-9dc5-9e32270f822a","name":"tf-ns-gallant-bhaskara","organization_id":"105bdce1-64c0-48ab-899d-868455867ecf","project_id":"105bdce1-64c0-48ab-899d-868455867ecf","region":"fr-par","registry_endpoint":"rg.fr-par.scw.cloud/funcscwtfnsgallantbhaskara0k6wot9g","registry_namespace_id":"ebd3946e-1a4c-4fd7-bc6a-1bf57f9226b2","secret_environment_variables":[],"status":"deleting"}'
    headers:
      Content-Length:
      - "474"
      Content-Security-Policy:
      - default-src 'none'; frame-ancestors 'none'
      Content-Type:
      - application/json
      Date:
      - Mon, 13 Mar 2023 10:56:52 GMT
      Server:
      - Scaleway API-Gateway
      Strict-Transport-Security:
      - max-age=63072000
      X-Content-Type-Options:
      - nosniff
      X-Frame-Options:
      - DENY
      X-Request-Id:
      - a16b91f9-fb8b-4e5e-aae9-95c3eae97e23
    status: 200 OK
    code: 200
    duration: ""
- request:
    body: ""
    form: {}
    headers:
      User-Agent:
      - scaleway-sdk-go/v1.0.0-beta.7+dev (go1.20.1; linux; amd64) terraform-provider/develop
        terraform/terraform-tests
    url: https://api.scaleway.com/containers/v1beta1/regions/fr-par/namespaces/c175cd6b-6f03-416b-9dc5-9e32270f822a
    method: GET
  response:
    body: '{"description":"","environment_variables":{},"error_message":null,"id":"c175cd6b-6f03-416b-9dc5-9e32270f822a","name":"tf-ns-gallant-bhaskara","organization_id":"105bdce1-64c0-48ab-899d-868455867ecf","project_id":"105bdce1-64c0-48ab-899d-868455867ecf","region":"fr-par","registry_endpoint":"rg.fr-par.scw.cloud/funcscwtfnsgallantbhaskara0k6wot9g","registry_namespace_id":"ebd3946e-1a4c-4fd7-bc6a-1bf57f9226b2","secret_environment_variables":[],"status":"deleting"}'
    headers:
      Content-Length:
      - "474"
      Content-Security-Policy:
      - default-src 'none'; frame-ancestors 'none'
      Content-Type:
      - application/json
      Date:
      - Mon, 13 Mar 2023 10:56:58 GMT
      Server:
      - Scaleway API-Gateway
      Strict-Transport-Security:
      - max-age=63072000
      X-Content-Type-Options:
      - nosniff
      X-Frame-Options:
      - DENY
      X-Request-Id:
      - 2bdc6093-f8a5-4b17-9a90-3c8a65cac354
    status: 200 OK
    code: 200
    duration: ""
- request:
    body: ""
    form: {}
    headers:
      User-Agent:
      - scaleway-sdk-go/v1.0.0-beta.7+dev (go1.20.1; linux; amd64) terraform-provider/develop
        terraform/terraform-tests
    url: https://api.scaleway.com/containers/v1beta1/regions/fr-par/namespaces/c175cd6b-6f03-416b-9dc5-9e32270f822a
    method: GET
  response:
    body: '{"description":"","environment_variables":{},"error_message":null,"id":"c175cd6b-6f03-416b-9dc5-9e32270f822a","name":"tf-ns-gallant-bhaskara","organization_id":"105bdce1-64c0-48ab-899d-868455867ecf","project_id":"105bdce1-64c0-48ab-899d-868455867ecf","region":"fr-par","registry_endpoint":"rg.fr-par.scw.cloud/funcscwtfnsgallantbhaskara0k6wot9g","registry_namespace_id":"ebd3946e-1a4c-4fd7-bc6a-1bf57f9226b2","secret_environment_variables":[],"status":"deleting"}'
    headers:
      Content-Length:
      - "474"
      Content-Security-Policy:
      - default-src 'none'; frame-ancestors 'none'
      Content-Type:
      - application/json
      Date:
      - Mon, 13 Mar 2023 10:57:03 GMT
      Server:
      - Scaleway API-Gateway
      Strict-Transport-Security:
      - max-age=63072000
      X-Content-Type-Options:
      - nosniff
      X-Frame-Options:
      - DENY
      X-Request-Id:
      - 34f359ed-33c8-4e77-9ab9-783c0c0d3d12
    status: 200 OK
    code: 200
    duration: ""
- request:
    body: ""
    form: {}
    headers:
      User-Agent:
      - scaleway-sdk-go/v1.0.0-beta.7+dev (go1.20.1; linux; amd64) terraform-provider/develop
        terraform/terraform-tests
    url: https://api.scaleway.com/containers/v1beta1/regions/fr-par/namespaces/c175cd6b-6f03-416b-9dc5-9e32270f822a
    method: GET
  response:
    body: '{"description":"","environment_variables":{},"error_message":null,"id":"c175cd6b-6f03-416b-9dc5-9e32270f822a","name":"tf-ns-gallant-bhaskara","organization_id":"105bdce1-64c0-48ab-899d-868455867ecf","project_id":"105bdce1-64c0-48ab-899d-868455867ecf","region":"fr-par","registry_endpoint":"rg.fr-par.scw.cloud/funcscwtfnsgallantbhaskara0k6wot9g","registry_namespace_id":"ebd3946e-1a4c-4fd7-bc6a-1bf57f9226b2","secret_environment_variables":[],"status":"deleting"}'
    headers:
      Content-Length:
      - "474"
      Content-Security-Policy:
      - default-src 'none'; frame-ancestors 'none'
      Content-Type:
      - application/json
      Date:
      - Mon, 13 Mar 2023 10:57:08 GMT
      Server:
      - Scaleway API-Gateway
      Strict-Transport-Security:
      - max-age=63072000
      X-Content-Type-Options:
      - nosniff
      X-Frame-Options:
      - DENY
      X-Request-Id:
      - 3c8ed32d-14a7-4969-bccc-38f2007c185d
    status: 200 OK
    code: 200
    duration: ""
- request:
    body: ""
    form: {}
    headers:
      User-Agent:
      - scaleway-sdk-go/v1.0.0-beta.7+dev (go1.20.1; linux; amd64) terraform-provider/develop
        terraform/terraform-tests
    url: https://api.scaleway.com/containers/v1beta1/regions/fr-par/namespaces/c175cd6b-6f03-416b-9dc5-9e32270f822a
    method: GET
  response:
    body: '{"description":"","environment_variables":{},"error_message":null,"id":"c175cd6b-6f03-416b-9dc5-9e32270f822a","name":"tf-ns-gallant-bhaskara","organization_id":"105bdce1-64c0-48ab-899d-868455867ecf","project_id":"105bdce1-64c0-48ab-899d-868455867ecf","region":"fr-par","registry_endpoint":"rg.fr-par.scw.cloud/funcscwtfnsgallantbhaskara0k6wot9g","registry_namespace_id":"ebd3946e-1a4c-4fd7-bc6a-1bf57f9226b2","secret_environment_variables":[],"status":"deleting"}'
    headers:
      Content-Length:
      - "474"
      Content-Security-Policy:
      - default-src 'none'; frame-ancestors 'none'
      Content-Type:
      - application/json
      Date:
      - Mon, 13 Mar 2023 10:57:13 GMT
      Server:
      - Scaleway API-Gateway
      Strict-Transport-Security:
      - max-age=63072000
      X-Content-Type-Options:
      - nosniff
      X-Frame-Options:
      - DENY
      X-Request-Id:
      - 4c098349-819d-470b-8a03-457dc3c8f8b4
    status: 200 OK
    code: 200
    duration: ""
- request:
    body: ""
    form: {}
    headers:
      User-Agent:
      - scaleway-sdk-go/v1.0.0-beta.7+dev (go1.20.1; linux; amd64) terraform-provider/develop
        terraform/terraform-tests
    url: https://api.scaleway.com/containers/v1beta1/regions/fr-par/namespaces/c175cd6b-6f03-416b-9dc5-9e32270f822a
    method: GET
  response:
    body: '{"description":"","environment_variables":{},"error_message":null,"id":"c175cd6b-6f03-416b-9dc5-9e32270f822a","name":"tf-ns-gallant-bhaskara","organization_id":"105bdce1-64c0-48ab-899d-868455867ecf","project_id":"105bdce1-64c0-48ab-899d-868455867ecf","region":"fr-par","registry_endpoint":"rg.fr-par.scw.cloud/funcscwtfnsgallantbhaskara0k6wot9g","registry_namespace_id":"ebd3946e-1a4c-4fd7-bc6a-1bf57f9226b2","secret_environment_variables":[],"status":"deleting"}'
    headers:
      Content-Length:
      - "474"
      Content-Security-Policy:
      - default-src 'none'; frame-ancestors 'none'
      Content-Type:
      - application/json
      Date:
      - Mon, 13 Mar 2023 10:57:18 GMT
      Server:
      - Scaleway API-Gateway
      Strict-Transport-Security:
      - max-age=63072000
      X-Content-Type-Options:
      - nosniff
      X-Frame-Options:
      - DENY
      X-Request-Id:
      - 6d2ff647-b25c-4895-84af-d9dea8d132a2
    status: 200 OK
    code: 200
    duration: ""
- request:
    body: ""
    form: {}
    headers:
      User-Agent:
      - scaleway-sdk-go/v1.0.0-beta.7+dev (go1.20.1; linux; amd64) terraform-provider/develop
        terraform/terraform-tests
    url: https://api.scaleway.com/containers/v1beta1/regions/fr-par/namespaces/c175cd6b-6f03-416b-9dc5-9e32270f822a
    method: GET
  response:
    body: '{"description":"","environment_variables":{},"error_message":null,"id":"c175cd6b-6f03-416b-9dc5-9e32270f822a","name":"tf-ns-gallant-bhaskara","organization_id":"105bdce1-64c0-48ab-899d-868455867ecf","project_id":"105bdce1-64c0-48ab-899d-868455867ecf","region":"fr-par","registry_endpoint":"rg.fr-par.scw.cloud/funcscwtfnsgallantbhaskara0k6wot9g","registry_namespace_id":"ebd3946e-1a4c-4fd7-bc6a-1bf57f9226b2","secret_environment_variables":[],"status":"deleting"}'
    headers:
      Content-Length:
      - "474"
      Content-Security-Policy:
      - default-src 'none'; frame-ancestors 'none'
      Content-Type:
      - application/json
      Date:
      - Mon, 13 Mar 2023 10:57:23 GMT
      Server:
      - Scaleway API-Gateway
      Strict-Transport-Security:
      - max-age=63072000
      X-Content-Type-Options:
      - nosniff
      X-Frame-Options:
      - DENY
      X-Request-Id:
      - 5f25866a-7d61-4358-b186-c1435bb4e432
    status: 200 OK
    code: 200
    duration: ""
- request:
    body: ""
    form: {}
    headers:
      User-Agent:
      - scaleway-sdk-go/v1.0.0-beta.7+dev (go1.20.1; linux; amd64) terraform-provider/develop
        terraform/terraform-tests
    url: https://api.scaleway.com/containers/v1beta1/regions/fr-par/namespaces/c175cd6b-6f03-416b-9dc5-9e32270f822a
    method: GET
  response:
    body: '{"description":"","environment_variables":{},"error_message":null,"id":"c175cd6b-6f03-416b-9dc5-9e32270f822a","name":"tf-ns-gallant-bhaskara","organization_id":"105bdce1-64c0-48ab-899d-868455867ecf","project_id":"105bdce1-64c0-48ab-899d-868455867ecf","region":"fr-par","registry_endpoint":"rg.fr-par.scw.cloud/funcscwtfnsgallantbhaskara0k6wot9g","registry_namespace_id":"ebd3946e-1a4c-4fd7-bc6a-1bf57f9226b2","secret_environment_variables":[],"status":"deleting"}'
    headers:
      Content-Length:
      - "474"
      Content-Security-Policy:
      - default-src 'none'; frame-ancestors 'none'
      Content-Type:
      - application/json
      Date:
      - Mon, 13 Mar 2023 10:57:28 GMT
      Server:
      - Scaleway API-Gateway
      Strict-Transport-Security:
      - max-age=63072000
      X-Content-Type-Options:
      - nosniff
      X-Frame-Options:
      - DENY
      X-Request-Id:
      - 561de0f1-6b24-4f4a-995d-cb9b623c5ab2
    status: 200 OK
    code: 200
    duration: ""
- request:
    body: ""
    form: {}
    headers:
      User-Agent:
      - scaleway-sdk-go/v1.0.0-beta.7+dev (go1.20.1; linux; amd64) terraform-provider/develop
        terraform/terraform-tests
    url: https://api.scaleway.com/containers/v1beta1/regions/fr-par/namespaces/c175cd6b-6f03-416b-9dc5-9e32270f822a
    method: GET
  response:
    body: '{"message":"Namespace was not found"}'
    headers:
      Content-Length:
      - "37"
      Content-Security-Policy:
      - default-src 'none'; frame-ancestors 'none'
      Content-Type:
      - application/json
      Date:
      - Mon, 13 Mar 2023 10:57:33 GMT
      Server:
      - Scaleway API-Gateway
      Strict-Transport-Security:
      - max-age=63072000
      X-Content-Type-Options:
      - nosniff
      X-Frame-Options:
      - DENY
      X-Request-Id:
      - 10c656dd-99ea-4f26-9667-9ff001688480
    status: 404 Not Found
    code: 404
    duration: ""
- request:
    body: ""
    form: {}
    headers:
      User-Agent:
      - scaleway-sdk-go/v1.0.0-beta.7+dev (go1.20.1; linux; amd64) terraform-provider/develop
        terraform/terraform-tests
    url: https://api.scaleway.com/containers/v1beta1/regions/fr-par/domains/b131effe-2707-4a2f-8249-a07386bbb39f
    method: GET
  response:
    body: '{"message":"Domain was not found"}'
    headers:
      Content-Length:
      - "34"
      Content-Security-Policy:
      - default-src 'none'; frame-ancestors 'none'
      Content-Type:
      - application/json
      Date:
      - Mon, 13 Mar 2023 10:57:33 GMT
      Server:
      - Scaleway API-Gateway
      Strict-Transport-Security:
      - max-age=63072000
      X-Content-Type-Options:
      - nosniff
      X-Frame-Options:
      - DENY
      X-Request-Id:
      - 660f9865-81fd-4fd6-a36b-0d31ed280941
    status: 404 Not Found
    code: 404
    duration: ""
