---
version: 1
interactions:
- request:
    body: '{"name":"test-container-token-ns","environment_variables":{},"project_id":"ee7bd9e1-9cbd-4724-b2f4-19e50f3cf38b","description":null,"secret_environment_variables":null}'
    form: {}
    headers:
      Content-Type:
      - application/json
      User-Agent:
      - scaleway-sdk-go/v1.0.0-beta.7+dev (go1.19.1; linux; amd64) terraform-provider/develop
        terraform/terraform-tests
    url: https://api.scaleway.com/containers/v1beta1/regions/fr-par/namespaces
    method: POST
  response:
    body: '{"id":"90513364-f4fc-4b78-9e2f-483a950e5a0c","name":"test-container-token-ns","environment_variables":{},"organization_id":"ee7bd9e1-9cbd-4724-b2f4-19e50f3cf38b","project_id":"ee7bd9e1-9cbd-4724-b2f4-19e50f3cf38b","status":"pending","registry_namespace_id":"","error_message":null,"registry_endpoint":"","description":"","secret_environment_variables":[],"region":"fr-par"}'
    headers:
      Content-Length:
      - "373"
      Content-Security-Policy:
      - default-src 'none'; frame-ancestors 'none'
      Content-Type:
      - application/json
      Date:
      - Mon, 17 Oct 2022 09:35:16 GMT
      Server:
      - Scaleway API-Gateway
      Strict-Transport-Security:
      - max-age=63072000
      X-Content-Type-Options:
      - nosniff
      X-Frame-Options:
      - DENY
      X-Request-Id:
      - 31b62872-ebb1-416c-8891-93c90516f2bf
    status: 200 OK
    code: 200
    duration: ""
- request:
    body: ""
    form: {}
    headers:
      User-Agent:
      - scaleway-sdk-go/v1.0.0-beta.7+dev (go1.19.1; linux; amd64) terraform-provider/develop
        terraform/terraform-tests
    url: https://api.scaleway.com/containers/v1beta1/regions/fr-par/namespaces/90513364-f4fc-4b78-9e2f-483a950e5a0c
    method: GET
  response:
    body: '{"id":"90513364-f4fc-4b78-9e2f-483a950e5a0c","name":"test-container-token-ns","environment_variables":{},"organization_id":"ee7bd9e1-9cbd-4724-b2f4-19e50f3cf38b","project_id":"ee7bd9e1-9cbd-4724-b2f4-19e50f3cf38b","status":"pending","registry_namespace_id":"","error_message":null,"registry_endpoint":"","description":"","secret_environment_variables":[],"region":"fr-par"}'
    headers:
      Content-Length:
      - "373"
      Content-Security-Policy:
      - default-src 'none'; frame-ancestors 'none'
      Content-Type:
      - application/json
      Date:
      - Mon, 17 Oct 2022 09:35:16 GMT
      Server:
      - Scaleway API-Gateway
      Strict-Transport-Security:
      - max-age=63072000
      X-Content-Type-Options:
      - nosniff
      X-Frame-Options:
      - DENY
      X-Request-Id:
      - fe46c2b9-a0ac-40ac-ae91-3b74881e8c99
    status: 200 OK
    code: 200
    duration: ""
- request:
    body: ""
    form: {}
    headers:
      User-Agent:
      - scaleway-sdk-go/v1.0.0-beta.7+dev (go1.19.1; linux; amd64) terraform-provider/develop
        terraform/terraform-tests
    url: https://api.scaleway.com/containers/v1beta1/regions/fr-par/namespaces/90513364-f4fc-4b78-9e2f-483a950e5a0c
    method: GET
  response:
    body: '{"id":"90513364-f4fc-4b78-9e2f-483a950e5a0c","name":"test-container-token-ns","environment_variables":{},"organization_id":"ee7bd9e1-9cbd-4724-b2f4-19e50f3cf38b","project_id":"ee7bd9e1-9cbd-4724-b2f4-19e50f3cf38b","status":"pending","registry_namespace_id":"","error_message":null,"registry_endpoint":"","description":"","secret_environment_variables":[],"region":"fr-par"}'
    headers:
      Content-Length:
      - "373"
      Content-Security-Policy:
      - default-src 'none'; frame-ancestors 'none'
      Content-Type:
      - application/json
      Date:
      - Mon, 17 Oct 2022 09:35:21 GMT
      Server:
      - Scaleway API-Gateway
      Strict-Transport-Security:
      - max-age=63072000
      X-Content-Type-Options:
      - nosniff
      X-Frame-Options:
      - DENY
      X-Request-Id:
      - 4d8f98ea-0427-4d79-99ab-88c9b2aba320
    status: 200 OK
    code: 200
    duration: ""
- request:
    body: ""
    form: {}
    headers:
      User-Agent:
      - scaleway-sdk-go/v1.0.0-beta.7+dev (go1.19.1; linux; amd64) terraform-provider/develop
        terraform/terraform-tests
    url: https://api.scaleway.com/containers/v1beta1/regions/fr-par/namespaces/90513364-f4fc-4b78-9e2f-483a950e5a0c
    method: GET
  response:
    body: '{"id":"90513364-f4fc-4b78-9e2f-483a950e5a0c","name":"test-container-token-ns","environment_variables":{},"organization_id":"ee7bd9e1-9cbd-4724-b2f4-19e50f3cf38b","project_id":"ee7bd9e1-9cbd-4724-b2f4-19e50f3cf38b","status":"pending","registry_namespace_id":"","error_message":null,"registry_endpoint":"","description":"","secret_environment_variables":[],"region":"fr-par"}'
    headers:
      Content-Length:
      - "373"
      Content-Security-Policy:
      - default-src 'none'; frame-ancestors 'none'
      Content-Type:
      - application/json
      Date:
      - Mon, 17 Oct 2022 09:35:27 GMT
      Server:
      - Scaleway API-Gateway
      Strict-Transport-Security:
      - max-age=63072000
      X-Content-Type-Options:
      - nosniff
      X-Frame-Options:
      - DENY
      X-Request-Id:
      - bf2cf93f-23b0-4525-9859-3311346b3bdf
    status: 200 OK
    code: 200
    duration: ""
- request:
    body: ""
    form: {}
    headers:
      User-Agent:
      - scaleway-sdk-go/v1.0.0-beta.7+dev (go1.19.1; linux; amd64) terraform-provider/develop
        terraform/terraform-tests
    url: https://api.scaleway.com/containers/v1beta1/regions/fr-par/namespaces/90513364-f4fc-4b78-9e2f-483a950e5a0c
    method: GET
  response:
    body: '{"id":"90513364-f4fc-4b78-9e2f-483a950e5a0c","name":"test-container-token-ns","environment_variables":{},"organization_id":"ee7bd9e1-9cbd-4724-b2f4-19e50f3cf38b","project_id":"ee7bd9e1-9cbd-4724-b2f4-19e50f3cf38b","status":"pending","registry_namespace_id":"","error_message":null,"registry_endpoint":"","description":"","secret_environment_variables":[],"region":"fr-par"}'
    headers:
      Content-Length:
      - "373"
      Content-Security-Policy:
      - default-src 'none'; frame-ancestors 'none'
      Content-Type:
      - application/json
      Date:
      - Mon, 17 Oct 2022 09:35:32 GMT
      Server:
      - Scaleway API-Gateway
      Strict-Transport-Security:
      - max-age=63072000
      X-Content-Type-Options:
      - nosniff
      X-Frame-Options:
      - DENY
      X-Request-Id:
      - 5008a78c-3122-47e2-92d1-d4bca636ac9e
    status: 200 OK
    code: 200
    duration: ""
- request:
    body: ""
    form: {}
    headers:
      User-Agent:
      - scaleway-sdk-go/v1.0.0-beta.7+dev (go1.19.1; linux; amd64) terraform-provider/develop
        terraform/terraform-tests
    url: https://api.scaleway.com/containers/v1beta1/regions/fr-par/namespaces/90513364-f4fc-4b78-9e2f-483a950e5a0c
    method: GET
  response:
    body: '{"id":"90513364-f4fc-4b78-9e2f-483a950e5a0c","name":"test-container-token-ns","environment_variables":{},"organization_id":"ee7bd9e1-9cbd-4724-b2f4-19e50f3cf38b","project_id":"ee7bd9e1-9cbd-4724-b2f4-19e50f3cf38b","status":"pending","registry_namespace_id":"","error_message":null,"registry_endpoint":"","description":"","secret_environment_variables":[],"region":"fr-par"}'
    headers:
      Content-Length:
      - "373"
      Content-Security-Policy:
      - default-src 'none'; frame-ancestors 'none'
      Content-Type:
      - application/json
      Date:
      - Mon, 17 Oct 2022 09:35:37 GMT
      Server:
      - Scaleway API-Gateway
      Strict-Transport-Security:
      - max-age=63072000
      X-Content-Type-Options:
      - nosniff
      X-Frame-Options:
      - DENY
      X-Request-Id:
      - 5ea25eca-e5a5-46a2-823e-a9c84e8148df
    status: 200 OK
    code: 200
    duration: ""
- request:
    body: ""
    form: {}
    headers:
      User-Agent:
      - scaleway-sdk-go/v1.0.0-beta.7+dev (go1.19.1; linux; amd64) terraform-provider/develop
        terraform/terraform-tests
    url: https://api.scaleway.com/containers/v1beta1/regions/fr-par/namespaces/90513364-f4fc-4b78-9e2f-483a950e5a0c
    method: GET
  response:
    body: '{"id":"90513364-f4fc-4b78-9e2f-483a950e5a0c","name":"test-container-token-ns","environment_variables":{},"organization_id":"ee7bd9e1-9cbd-4724-b2f4-19e50f3cf38b","project_id":"ee7bd9e1-9cbd-4724-b2f4-19e50f3cf38b","status":"pending","registry_namespace_id":"","error_message":null,"registry_endpoint":"","description":"","secret_environment_variables":[],"region":"fr-par"}'
    headers:
      Content-Length:
      - "373"
      Content-Security-Policy:
      - default-src 'none'; frame-ancestors 'none'
      Content-Type:
      - application/json
      Date:
      - Mon, 17 Oct 2022 09:35:43 GMT
      Server:
      - Scaleway API-Gateway
      Strict-Transport-Security:
      - max-age=63072000
      X-Content-Type-Options:
      - nosniff
      X-Frame-Options:
      - DENY
      X-Request-Id:
      - 5a22cb64-33c0-4925-b159-df0f85dad9b0
    status: 200 OK
    code: 200
    duration: ""
- request:
    body: ""
    form: {}
    headers:
      User-Agent:
      - scaleway-sdk-go/v1.0.0-beta.7+dev (go1.19.1; linux; amd64) terraform-provider/develop
        terraform/terraform-tests
    url: https://api.scaleway.com/containers/v1beta1/regions/fr-par/namespaces/90513364-f4fc-4b78-9e2f-483a950e5a0c
    method: GET
  response:
    body: '{"id":"90513364-f4fc-4b78-9e2f-483a950e5a0c","name":"test-container-token-ns","environment_variables":{},"organization_id":"ee7bd9e1-9cbd-4724-b2f4-19e50f3cf38b","project_id":"ee7bd9e1-9cbd-4724-b2f4-19e50f3cf38b","status":"pending","registry_namespace_id":"","error_message":null,"registry_endpoint":"","description":"","secret_environment_variables":[],"region":"fr-par"}'
    headers:
      Content-Length:
      - "373"
      Content-Security-Policy:
      - default-src 'none'; frame-ancestors 'none'
      Content-Type:
      - application/json
      Date:
      - Mon, 17 Oct 2022 09:35:48 GMT
      Server:
      - Scaleway API-Gateway
      Strict-Transport-Security:
      - max-age=63072000
      X-Content-Type-Options:
      - nosniff
      X-Frame-Options:
      - DENY
      X-Request-Id:
      - dbab1c32-9eb1-4a67-92b7-0f63dcac31b6
    status: 200 OK
    code: 200
    duration: ""
- request:
    body: ""
    form: {}
    headers:
      User-Agent:
      - scaleway-sdk-go/v1.0.0-beta.7+dev (go1.19.1; linux; amd64) terraform-provider/develop
        terraform/terraform-tests
    url: https://api.scaleway.com/containers/v1beta1/regions/fr-par/namespaces/90513364-f4fc-4b78-9e2f-483a950e5a0c
    method: GET
  response:
    body: '{"id":"90513364-f4fc-4b78-9e2f-483a950e5a0c","name":"test-container-token-ns","environment_variables":{},"organization_id":"ee7bd9e1-9cbd-4724-b2f4-19e50f3cf38b","project_id":"ee7bd9e1-9cbd-4724-b2f4-19e50f3cf38b","status":"pending","registry_namespace_id":"","error_message":null,"registry_endpoint":"","description":"","secret_environment_variables":[],"region":"fr-par"}'
    headers:
      Content-Length:
      - "373"
      Content-Security-Policy:
      - default-src 'none'; frame-ancestors 'none'
      Content-Type:
      - application/json
      Date:
      - Mon, 17 Oct 2022 09:35:53 GMT
      Server:
      - Scaleway API-Gateway
      Strict-Transport-Security:
      - max-age=63072000
      X-Content-Type-Options:
      - nosniff
      X-Frame-Options:
      - DENY
      X-Request-Id:
      - 5338f4ef-e175-415f-b2eb-72cc301b9100
    status: 200 OK
    code: 200
    duration: ""
- request:
    body: ""
    form: {}
    headers:
      User-Agent:
      - scaleway-sdk-go/v1.0.0-beta.7+dev (go1.19.1; linux; amd64) terraform-provider/develop
        terraform/terraform-tests
    url: https://api.scaleway.com/containers/v1beta1/regions/fr-par/namespaces/90513364-f4fc-4b78-9e2f-483a950e5a0c
    method: GET
  response:
    body: '{"id":"90513364-f4fc-4b78-9e2f-483a950e5a0c","name":"test-container-token-ns","environment_variables":{},"organization_id":"ee7bd9e1-9cbd-4724-b2f4-19e50f3cf38b","project_id":"ee7bd9e1-9cbd-4724-b2f4-19e50f3cf38b","status":"pending","registry_namespace_id":"","error_message":null,"registry_endpoint":"","description":"","secret_environment_variables":[],"region":"fr-par"}'
    headers:
      Content-Length:
      - "373"
      Content-Security-Policy:
      - default-src 'none'; frame-ancestors 'none'
      Content-Type:
      - application/json
      Date:
      - Mon, 17 Oct 2022 09:35:58 GMT
      Server:
      - Scaleway API-Gateway
      Strict-Transport-Security:
      - max-age=63072000
      X-Content-Type-Options:
      - nosniff
      X-Frame-Options:
      - DENY
      X-Request-Id:
      - 0747534d-a827-40de-bcb3-451e52a2158d
    status: 200 OK
    code: 200
    duration: ""
- request:
    body: ""
    form: {}
    headers:
      User-Agent:
      - scaleway-sdk-go/v1.0.0-beta.7+dev (go1.19.1; linux; amd64) terraform-provider/develop
        terraform/terraform-tests
    url: https://api.scaleway.com/containers/v1beta1/regions/fr-par/namespaces/90513364-f4fc-4b78-9e2f-483a950e5a0c
    method: GET
  response:
    body: '{"id":"90513364-f4fc-4b78-9e2f-483a950e5a0c","name":"test-container-token-ns","environment_variables":{},"organization_id":"ee7bd9e1-9cbd-4724-b2f4-19e50f3cf38b","project_id":"ee7bd9e1-9cbd-4724-b2f4-19e50f3cf38b","status":"pending","registry_namespace_id":"","error_message":null,"registry_endpoint":"","description":"","secret_environment_variables":[],"region":"fr-par"}'
    headers:
      Content-Length:
      - "373"
      Content-Security-Policy:
      - default-src 'none'; frame-ancestors 'none'
      Content-Type:
      - application/json
      Date:
      - Mon, 17 Oct 2022 09:36:04 GMT
      Server:
      - Scaleway API-Gateway
      Strict-Transport-Security:
      - max-age=63072000
      X-Content-Type-Options:
      - nosniff
      X-Frame-Options:
      - DENY
      X-Request-Id:
      - 1dcb8238-a2f0-41d6-9540-b8f1ba1d5f12
    status: 200 OK
    code: 200
    duration: ""
- request:
    body: ""
    form: {}
    headers:
      User-Agent:
      - scaleway-sdk-go/v1.0.0-beta.7+dev (go1.19.1; linux; amd64) terraform-provider/develop
        terraform/terraform-tests
    url: https://api.scaleway.com/containers/v1beta1/regions/fr-par/namespaces/90513364-f4fc-4b78-9e2f-483a950e5a0c
    method: GET
  response:
    body: '{"id":"90513364-f4fc-4b78-9e2f-483a950e5a0c","name":"test-container-token-ns","environment_variables":{},"organization_id":"ee7bd9e1-9cbd-4724-b2f4-19e50f3cf38b","project_id":"ee7bd9e1-9cbd-4724-b2f4-19e50f3cf38b","status":"pending","registry_namespace_id":"","error_message":null,"registry_endpoint":"","description":"","secret_environment_variables":[],"region":"fr-par"}'
    headers:
      Content-Length:
      - "373"
      Content-Security-Policy:
      - default-src 'none'; frame-ancestors 'none'
      Content-Type:
      - application/json
      Date:
      - Mon, 17 Oct 2022 09:36:09 GMT
      Server:
      - Scaleway API-Gateway
      Strict-Transport-Security:
      - max-age=63072000
      X-Content-Type-Options:
      - nosniff
      X-Frame-Options:
      - DENY
      X-Request-Id:
      - 0d4f0504-bcab-46e2-bb53-c48e6178424e
    status: 200 OK
    code: 200
    duration: ""
- request:
    body: ""
    form: {}
    headers:
      User-Agent:
      - scaleway-sdk-go/v1.0.0-beta.7+dev (go1.19.1; linux; amd64) terraform-provider/develop
        terraform/terraform-tests
    url: https://api.scaleway.com/containers/v1beta1/regions/fr-par/namespaces/90513364-f4fc-4b78-9e2f-483a950e5a0c
    method: GET
  response:
    body: '{"id":"90513364-f4fc-4b78-9e2f-483a950e5a0c","name":"test-container-token-ns","environment_variables":{},"organization_id":"ee7bd9e1-9cbd-4724-b2f4-19e50f3cf38b","project_id":"ee7bd9e1-9cbd-4724-b2f4-19e50f3cf38b","status":"pending","registry_namespace_id":"","error_message":null,"registry_endpoint":"","description":"","secret_environment_variables":[],"region":"fr-par"}'
    headers:
      Content-Length:
      - "373"
      Content-Security-Policy:
      - default-src 'none'; frame-ancestors 'none'
      Content-Type:
      - application/json
      Date:
      - Mon, 17 Oct 2022 09:36:14 GMT
      Server:
      - Scaleway API-Gateway
      Strict-Transport-Security:
      - max-age=63072000
      X-Content-Type-Options:
      - nosniff
      X-Frame-Options:
      - DENY
      X-Request-Id:
      - f7ecc5b1-0d04-4dda-be9d-be7caf933586
    status: 200 OK
    code: 200
    duration: ""
- request:
    body: ""
    form: {}
    headers:
      User-Agent:
      - scaleway-sdk-go/v1.0.0-beta.7+dev (go1.19.1; linux; amd64) terraform-provider/develop
        terraform/terraform-tests
    url: https://api.scaleway.com/containers/v1beta1/regions/fr-par/namespaces/90513364-f4fc-4b78-9e2f-483a950e5a0c
    method: GET
  response:
    body: '{"id":"90513364-f4fc-4b78-9e2f-483a950e5a0c","name":"test-container-token-ns","environment_variables":{},"organization_id":"ee7bd9e1-9cbd-4724-b2f4-19e50f3cf38b","project_id":"ee7bd9e1-9cbd-4724-b2f4-19e50f3cf38b","status":"pending","registry_namespace_id":"","error_message":null,"registry_endpoint":"","description":"","secret_environment_variables":[],"region":"fr-par"}'
    headers:
      Content-Length:
      - "373"
      Content-Security-Policy:
      - default-src 'none'; frame-ancestors 'none'
      Content-Type:
      - application/json
      Date:
      - Mon, 17 Oct 2022 09:36:20 GMT
      Server:
      - Scaleway API-Gateway
      Strict-Transport-Security:
      - max-age=63072000
      X-Content-Type-Options:
      - nosniff
      X-Frame-Options:
      - DENY
      X-Request-Id:
      - 44e4b681-8b22-4df0-8802-fd5992b2d4d4
    status: 200 OK
    code: 200
    duration: ""
- request:
    body: ""
    form: {}
    headers:
      User-Agent:
      - scaleway-sdk-go/v1.0.0-beta.7+dev (go1.19.1; linux; amd64) terraform-provider/develop
        terraform/terraform-tests
    url: https://api.scaleway.com/containers/v1beta1/regions/fr-par/namespaces/90513364-f4fc-4b78-9e2f-483a950e5a0c
    method: GET
  response:
    body: '{"id":"90513364-f4fc-4b78-9e2f-483a950e5a0c","name":"test-container-token-ns","environment_variables":{},"organization_id":"ee7bd9e1-9cbd-4724-b2f4-19e50f3cf38b","project_id":"ee7bd9e1-9cbd-4724-b2f4-19e50f3cf38b","status":"pending","registry_namespace_id":"","error_message":null,"registry_endpoint":"","description":"","secret_environment_variables":[],"region":"fr-par"}'
    headers:
      Content-Length:
      - "373"
      Content-Security-Policy:
      - default-src 'none'; frame-ancestors 'none'
      Content-Type:
      - application/json
      Date:
      - Mon, 17 Oct 2022 09:36:26 GMT
      Server:
      - Scaleway API-Gateway
      Strict-Transport-Security:
      - max-age=63072000
      X-Content-Type-Options:
      - nosniff
      X-Frame-Options:
      - DENY
      X-Request-Id:
      - 9ea69e3b-5b8e-48f4-ab8a-e64a1b4c4f5c
    status: 200 OK
    code: 200
    duration: ""
- request:
    body: ""
    form: {}
    headers:
      User-Agent:
      - scaleway-sdk-go/v1.0.0-beta.7+dev (go1.19.1; linux; amd64) terraform-provider/develop
        terraform/terraform-tests
    url: https://api.scaleway.com/containers/v1beta1/regions/fr-par/namespaces/90513364-f4fc-4b78-9e2f-483a950e5a0c
    method: GET
  response:
    body: '{"id":"90513364-f4fc-4b78-9e2f-483a950e5a0c","name":"test-container-token-ns","environment_variables":{},"organization_id":"ee7bd9e1-9cbd-4724-b2f4-19e50f3cf38b","project_id":"ee7bd9e1-9cbd-4724-b2f4-19e50f3cf38b","status":"pending","registry_namespace_id":"","error_message":null,"registry_endpoint":"","description":"","secret_environment_variables":[],"region":"fr-par"}'
    headers:
      Content-Length:
      - "373"
      Content-Security-Policy:
      - default-src 'none'; frame-ancestors 'none'
      Content-Type:
      - application/json
      Date:
      - Mon, 17 Oct 2022 09:36:31 GMT
      Server:
      - Scaleway API-Gateway
      Strict-Transport-Security:
      - max-age=63072000
      X-Content-Type-Options:
      - nosniff
      X-Frame-Options:
      - DENY
      X-Request-Id:
      - f15b2a6f-a11a-4d5d-bcd5-5d7c77553c0d
    status: 200 OK
    code: 200
    duration: ""
- request:
    body: ""
    form: {}
    headers:
      User-Agent:
      - scaleway-sdk-go/v1.0.0-beta.7+dev (go1.19.1; linux; amd64) terraform-provider/develop
        terraform/terraform-tests
    url: https://api.scaleway.com/containers/v1beta1/regions/fr-par/namespaces/90513364-f4fc-4b78-9e2f-483a950e5a0c
    method: GET
  response:
    body: '{"id":"90513364-f4fc-4b78-9e2f-483a950e5a0c","name":"test-container-token-ns","environment_variables":{},"organization_id":"ee7bd9e1-9cbd-4724-b2f4-19e50f3cf38b","project_id":"ee7bd9e1-9cbd-4724-b2f4-19e50f3cf38b","status":"pending","registry_namespace_id":"","error_message":null,"registry_endpoint":"","description":"","secret_environment_variables":[],"region":"fr-par"}'
    headers:
      Content-Length:
      - "373"
      Content-Security-Policy:
      - default-src 'none'; frame-ancestors 'none'
      Content-Type:
      - application/json
      Date:
      - Mon, 17 Oct 2022 09:36:36 GMT
      Server:
      - Scaleway API-Gateway
      Strict-Transport-Security:
      - max-age=63072000
      X-Content-Type-Options:
      - nosniff
      X-Frame-Options:
      - DENY
      X-Request-Id:
      - 1c9e9f49-e6be-4856-8992-23ca38db9fbd
    status: 200 OK
    code: 200
    duration: ""
- request:
    body: ""
    form: {}
    headers:
      User-Agent:
      - scaleway-sdk-go/v1.0.0-beta.7+dev (go1.19.1; linux; amd64) terraform-provider/develop
        terraform/terraform-tests
    url: https://api.scaleway.com/containers/v1beta1/regions/fr-par/namespaces/90513364-f4fc-4b78-9e2f-483a950e5a0c
    method: GET
  response:
    body: '{"id":"90513364-f4fc-4b78-9e2f-483a950e5a0c","name":"test-container-token-ns","environment_variables":{},"organization_id":"ee7bd9e1-9cbd-4724-b2f4-19e50f3cf38b","project_id":"ee7bd9e1-9cbd-4724-b2f4-19e50f3cf38b","status":"pending","registry_namespace_id":"","error_message":null,"registry_endpoint":"","description":"","secret_environment_variables":[],"region":"fr-par"}'
    headers:
      Content-Length:
      - "373"
      Content-Security-Policy:
      - default-src 'none'; frame-ancestors 'none'
      Content-Type:
      - application/json
      Date:
      - Mon, 17 Oct 2022 09:36:41 GMT
      Server:
      - Scaleway API-Gateway
      Strict-Transport-Security:
      - max-age=63072000
      X-Content-Type-Options:
      - nosniff
      X-Frame-Options:
      - DENY
      X-Request-Id:
      - de64bad1-adae-4eaa-ade0-da50d38eecf7
    status: 200 OK
    code: 200
    duration: ""
- request:
    body: ""
    form: {}
    headers:
      User-Agent:
      - scaleway-sdk-go/v1.0.0-beta.7+dev (go1.19.1; linux; amd64) terraform-provider/develop
        terraform/terraform-tests
    url: https://api.scaleway.com/containers/v1beta1/regions/fr-par/namespaces/90513364-f4fc-4b78-9e2f-483a950e5a0c
    method: GET
  response:
    body: '{"id":"90513364-f4fc-4b78-9e2f-483a950e5a0c","name":"test-container-token-ns","environment_variables":{},"organization_id":"ee7bd9e1-9cbd-4724-b2f4-19e50f3cf38b","project_id":"ee7bd9e1-9cbd-4724-b2f4-19e50f3cf38b","status":"ready","registry_namespace_id":"705c7030-3426-44c4-9b84-a48169af5c32","error_message":null,"registry_endpoint":"rg.fr-par.scw.cloud/funcscwtestcontainertokennsrbvjst91","description":"","secret_environment_variables":[],"region":"fr-par"}'
    headers:
      Content-Length:
      - "462"
      Content-Security-Policy:
      - default-src 'none'; frame-ancestors 'none'
      Content-Type:
      - application/json
      Date:
      - Mon, 17 Oct 2022 09:36:47 GMT
      Server:
      - Scaleway API-Gateway
      Strict-Transport-Security:
      - max-age=63072000
      X-Content-Type-Options:
      - nosniff
      X-Frame-Options:
      - DENY
      X-Request-Id:
      - f24b321b-b92d-445a-b21e-89f9b52fe926
    status: 200 OK
    code: 200
    duration: ""
- request:
    body: ""
    form: {}
    headers:
      User-Agent:
      - scaleway-sdk-go/v1.0.0-beta.7+dev (go1.19.1; linux; amd64) terraform-provider/develop
        terraform/terraform-tests
    url: https://api.scaleway.com/containers/v1beta1/regions/fr-par/namespaces/90513364-f4fc-4b78-9e2f-483a950e5a0c
    method: GET
  response:
    body: '{"id":"90513364-f4fc-4b78-9e2f-483a950e5a0c","name":"test-container-token-ns","environment_variables":{},"organization_id":"ee7bd9e1-9cbd-4724-b2f4-19e50f3cf38b","project_id":"ee7bd9e1-9cbd-4724-b2f4-19e50f3cf38b","status":"ready","registry_namespace_id":"705c7030-3426-44c4-9b84-a48169af5c32","error_message":null,"registry_endpoint":"rg.fr-par.scw.cloud/funcscwtestcontainertokennsrbvjst91","description":"","secret_environment_variables":[],"region":"fr-par"}'
    headers:
      Content-Length:
      - "462"
      Content-Security-Policy:
      - default-src 'none'; frame-ancestors 'none'
      Content-Type:
      - application/json
      Date:
      - Mon, 17 Oct 2022 09:36:47 GMT
      Server:
      - Scaleway API-Gateway
      Strict-Transport-Security:
      - max-age=63072000
      X-Content-Type-Options:
      - nosniff
      X-Frame-Options:
      - DENY
      X-Request-Id:
      - c14462f8-cfd0-42b5-96a6-3bc76ce103d6
    status: 200 OK
    code: 200
    duration: ""
- request:
    body: ""
    form: {}
    headers:
      User-Agent:
      - scaleway-sdk-go/v1.0.0-beta.7+dev (go1.19.1; linux; amd64) terraform-provider/develop
        terraform/terraform-tests
    url: https://api.scaleway.com/containers/v1beta1/regions/fr-par/namespaces/90513364-f4fc-4b78-9e2f-483a950e5a0c
    method: GET
  response:
    body: '{"id":"90513364-f4fc-4b78-9e2f-483a950e5a0c","name":"test-container-token-ns","environment_variables":{},"organization_id":"ee7bd9e1-9cbd-4724-b2f4-19e50f3cf38b","project_id":"ee7bd9e1-9cbd-4724-b2f4-19e50f3cf38b","status":"ready","registry_namespace_id":"705c7030-3426-44c4-9b84-a48169af5c32","error_message":null,"registry_endpoint":"rg.fr-par.scw.cloud/funcscwtestcontainertokennsrbvjst91","description":"","secret_environment_variables":[],"region":"fr-par"}'
    headers:
      Content-Length:
      - "462"
      Content-Security-Policy:
      - default-src 'none'; frame-ancestors 'none'
      Content-Type:
      - application/json
      Date:
      - Mon, 17 Oct 2022 09:36:47 GMT
      Server:
      - Scaleway API-Gateway
      Strict-Transport-Security:
      - max-age=63072000
      X-Content-Type-Options:
      - nosniff
      X-Frame-Options:
      - DENY
      X-Request-Id:
      - 90e7aa8c-8008-4f04-9f94-6d752a99efd5
    status: 200 OK
    code: 200
    duration: ""
- request:
    body: '{"namespace_id":"90513364-f4fc-4b78-9e2f-483a950e5a0c","description":null,"expires_at":"2022-10-18T11:35:15+02:00"}'
    form: {}
    headers:
      Content-Type:
      - application/json
      User-Agent:
      - scaleway-sdk-go/v1.0.0-beta.7+dev (go1.19.1; linux; amd64) terraform-provider/develop
        terraform/terraform-tests
    url: https://api.scaleway.com/containers/v1beta1/regions/fr-par/tokens
    method: POST
  response:
    body: '{"token":"eyJhbGciOiJSUzI1NiIsInR5cCI6IkpXVCJ9.eyJhcHBsaWNhdGlvbl9jbGFpbSI6W3sibmFtZXNwYWNlX2lkIjoiOTA1MTMzNjQtZjRmYy00Yjc4LTllMmYtNDgzYTk1MGU1YTBjIiwiYXBwbGljYXRpb25faWQiOiIifV0sInZlcnNpb24iOjIsImF1ZCI6ImZ1bmN0aW9ucyIsImV4cCI6MTY2NjA4NTcxNSwianRpIjoiZmEwNGFmMWEtZjA0MC00Yjc4LWEwMzMtNjllYWI4MGJkZWFhIiwiaWF0IjoxNjY1OTk5NDA3LCJpc3MiOiJTQ0FMRVdBWSIsIm5iZiI6MTY2NTk5OTQwNywic3ViIjoidG9rZW4ifQ.g5pDetUYSIWMuhAIwRL3u5vl40KX4VsphAy7M7xXygn4-IFEQkGHFgoHNiZvBDFKHsUe4LJplkW1VtbHVhqBhUNJX41QfNPwpQhyvS99u_e-yNd02WNAFUnrnYa56Lp5fEiIi_euhhUdnxzxXHZ44IXtxQCDMY3M6YAdUUsjP8xtFV0OKwIMO6MvOAIAxRUHgCxvE6g8K5hrV9n505-nWH5J61Te2cxOW_cutcg4OsBeCH1wx5DuUdkvuHbOA7SVDeBdLcwPULYe7-mRtfLel_dUDR7ZpQHljq9I6T5YG8A-egst24m7j8GutJw7fzj035-jAbTn_mLA4TGK2uvxOay_Zdi9Sa06lSqrd7oFsZmeEEsKBhsm1F-P6KZ97DcpDuolr6GmU17Jt13ZCnP2j-bGf2_BdJ29Xa-Cir8_Qx28l9G8v7GE9lUzhozLOlWDgzyYsdByyhf9EcSTA0L_Wvfp0rdImmRkMslRFK9or8Z737WUX5f-9v28pR6adEr_g4RPNaocuJBhVPvOx7ZzJEzzJV71gFc8-XfEE05LzFeTKX850JlWTHUSLjxuDnqCWx1WheELNCHtsdxFYi724ieXP8at4LVGEMqUolX4kzt76nA9wYEQfaSfJYTSZTkmQCAA0kH1xIMEwEThU-5SJqAsb9hj77AjzIdTaLMGh7k","public_key":"-----BEGIN
      RSA PUBLIC KEY-----\nMIICCgKCAgEA261uk9fPEhayp3CUu2STRBYa0du/bZ5p+AobnVysuLWMOdnbLnxz\nOxxZVlkl3LZArtshk7OMT3Twc05wWMddxYlXOaJLPBFIywEHk75ZWcjF5fWfVemO\n1srzfM5K+FOWx9l0Dmaa8K221R4oq84HVHFVWpWAIGiWpUl8DXno+1Z6dNAqQ2zc\nTnYbvSs9dc1rIVe5voZzUQAO14GGFEML20Cf0nDfm+gbe1mxVag9WVio3lgQwIX0\nWf4cGTQoaoHZriws+AeacuFhDqmCGnJaHmZDeu0M7a5vazecXWAYunsPnXe6NK4b\nok9wzMWI8u2vI/ra+ZTLWX/iPxB1G+GkRbD+bZWs+HeyU3YjCIQ0J7uunz5bbFqG\nKgSB4p7dvbXClzng1hPMESxvX/oYyh10ggbCHFvrW5GWxArKkZ5XnkMvTcz7+hvb\nHeu3d0IOy5KG4XxvJVLyIA5R9CBfQcjy77ApfvEcAP3NHZblg9vRG6qPk5/hD8nT\nYns5OxMdxcvHalLgtfgtnacLxdyZBcxeMv8s6KtJwy7ZHxzMGOS6hsXLqbsRGq0z\nDR4Sgk6BRq7JJfOs/RENZml4dk6CAOAaKVTgVkgydAEqNmmVpTzBJ3bmzA7rbn6J\nyxl8OMPTK7bIzNfqOVWPqT7msRfl867W0XLmkPgyCgxkJUpg2MjmLgMCAwEAAQ==\n-----END
      RSA PUBLIC KEY-----\n","namespace_id":"90513364-f4fc-4b78-9e2f-483a950e5a0c","id":"fa04af1a-f040-4b78-a033-69eab80bdeaa","status":"creating","expires_at":"2022-10-18T09:35:15Z","description":""}'
    headers:
      Content-Length:
      - "2050"
      Content-Security-Policy:
      - default-src 'none'; frame-ancestors 'none'
      Content-Type:
      - application/json
      Date:
      - Mon, 17 Oct 2022 09:36:47 GMT
      Server:
      - Scaleway API-Gateway
      Strict-Transport-Security:
      - max-age=63072000
      X-Content-Type-Options:
      - nosniff
      X-Frame-Options:
      - DENY
      X-Request-Id:
      - f718e07e-fc98-42c3-929b-2f98275f7b3d
    status: 200 OK
    code: 200
    duration: ""
- request:
    body: ""
    form: {}
    headers:
      User-Agent:
      - scaleway-sdk-go/v1.0.0-beta.7+dev (go1.19.1; linux; amd64) terraform-provider/develop
        terraform/terraform-tests
    url: https://api.scaleway.com/containers/v1beta1/regions/fr-par/tokens/fa04af1a-f040-4b78-a033-69eab80bdeaa
    method: GET
  response:
    body: '{"token":"\u003chidden\u003e","public_key":"","namespace_id":"90513364-f4fc-4b78-9e2f-483a950e5a0c","id":"fa04af1a-f040-4b78-a033-69eab80bdeaa","status":"creating","expires_at":"2022-10-18T09:35:15Z","description":""}'
    headers:
      Content-Length:
      - "217"
      Content-Security-Policy:
      - default-src 'none'; frame-ancestors 'none'
      Content-Type:
      - application/json
      Date:
      - Mon, 17 Oct 2022 09:36:48 GMT
      Server:
      - Scaleway API-Gateway
      Strict-Transport-Security:
      - max-age=63072000
      X-Content-Type-Options:
      - nosniff
      X-Frame-Options:
      - DENY
      X-Request-Id:
      - b4cc4f60-fde1-4a6f-b921-1c5a076a6c9e
    status: 200 OK
    code: 200
    duration: ""
- request:
    body: '{"namespace_id":"90513364-f4fc-4b78-9e2f-483a950e5a0c","name":"tf-co-gallant-chatterjee","environment_variables":null,"min_scale":null,"max_scale":null,"memory_limit":null,"timeout":null,"privacy":"public","description":null,"registry_image":null,"max_concurrency":null,"protocol":"http1","port":null,"secret_environment_variables":null}'
    form: {}
    headers:
      Content-Type:
      - application/json
      User-Agent:
      - scaleway-sdk-go/v1.0.0-beta.7+dev (go1.19.1; linux; amd64) terraform-provider/develop
        terraform/terraform-tests
    url: https://api.scaleway.com/containers/v1beta1/regions/fr-par/containers
    method: POST
  response:
    body: '{"id":"beec6ea8-6b01-40fc-9ce8-73894e8e705c","name":"tf-co-gallant-chatterjee","namespace_id":"90513364-f4fc-4b78-9e2f-483a950e5a0c","status":"created","environment_variables":{},"min_scale":0,"max_scale":5,"memory_limit":256,"cpu_limit":140,"timeout":"300s","error_message":null,"privacy":"public","description":"","registry_image":"rg.fr-par.scw.cloud/funcscwtestcontainertokennsrbvjst91/tf-co-gallant-chatterjee:latest","max_concurrency":50,"domain_name":"testcontainertokennsrbvjst91-tf-co-gallant-chatterjee.functions.fnc.fr-par.scw.cloud","protocol":"http1","port":8080,"secret_environment_variables":[],"http_option":"","region":"fr-par"}'
    headers:
      Content-Length:
      - "645"
      Content-Security-Policy:
      - default-src 'none'; frame-ancestors 'none'
      Content-Type:
      - application/json
      Date:
      - Mon, 17 Oct 2022 09:36:48 GMT
      Server:
      - Scaleway API-Gateway
      Strict-Transport-Security:
      - max-age=63072000
      X-Content-Type-Options:
      - nosniff
      X-Frame-Options:
      - DENY
      X-Request-Id:
      - 49e7a6b6-555e-43e3-aa25-e0d9caddcca2
    status: 200 OK
    code: 200
    duration: ""
- request:
    body: ""
    form: {}
    headers:
      User-Agent:
      - scaleway-sdk-go/v1.0.0-beta.7+dev (go1.19.1; linux; amd64) terraform-provider/develop
        terraform/terraform-tests
    url: https://api.scaleway.com/containers/v1beta1/regions/fr-par/containers/beec6ea8-6b01-40fc-9ce8-73894e8e705c
    method: GET
  response:
    body: '{"id":"beec6ea8-6b01-40fc-9ce8-73894e8e705c","name":"tf-co-gallant-chatterjee","namespace_id":"90513364-f4fc-4b78-9e2f-483a950e5a0c","status":"created","environment_variables":{},"min_scale":0,"max_scale":5,"memory_limit":256,"cpu_limit":140,"timeout":"300s","error_message":null,"privacy":"public","description":"","registry_image":"rg.fr-par.scw.cloud/funcscwtestcontainertokennsrbvjst91/tf-co-gallant-chatterjee:latest","max_concurrency":50,"domain_name":"testcontainertokennsrbvjst91-tf-co-gallant-chatterjee.functions.fnc.fr-par.scw.cloud","protocol":"http1","port":8080,"secret_environment_variables":[],"http_option":"","region":"fr-par"}'
    headers:
      Content-Length:
      - "645"
      Content-Security-Policy:
      - default-src 'none'; frame-ancestors 'none'
      Content-Type:
      - application/json
      Date:
      - Mon, 17 Oct 2022 09:36:48 GMT
      Server:
      - Scaleway API-Gateway
      Strict-Transport-Security:
      - max-age=63072000
      X-Content-Type-Options:
      - nosniff
      X-Frame-Options:
      - DENY
      X-Request-Id:
      - e62458ba-2ebf-43e1-9e7e-1013d3037b23
    status: 200 OK
    code: 200
    duration: ""
- request:
    body: '{"container_id":"beec6ea8-6b01-40fc-9ce8-73894e8e705c","description":null,"expires_at":null}'
    form: {}
    headers:
      Content-Type:
      - application/json
      User-Agent:
      - scaleway-sdk-go/v1.0.0-beta.7+dev (go1.19.1; linux; amd64) terraform-provider/develop
        terraform/terraform-tests
    url: https://api.scaleway.com/containers/v1beta1/regions/fr-par/tokens
    method: POST
  response:
    body: '{"token":"eyJhbGciOiJSUzI1NiIsInR5cCI6IkpXVCJ9.eyJhcHBsaWNhdGlvbl9jbGFpbSI6W3sibmFtZXNwYWNlX2lkIjoiIiwiYXBwbGljYXRpb25faWQiOiJiZWVjNmVhOC02YjAxLTQwZmMtOWNlOC03Mzg5NGU4ZTcwNWMifV0sInZlcnNpb24iOjIsImF1ZCI6ImZ1bmN0aW9ucyIsImp0aSI6IjkyNTE3MDI4LTBmOTQtNDFmYS1iODI3LTEyNDU1N2UxMzE5MCIsImlhdCI6MTY2NTk5OTQwOCwiaXNzIjoiU0NBTEVXQVkiLCJuYmYiOjE2NjU5OTk0MDgsInN1YiI6InRva2VuIn0.xloP6Egi3HDsZULnMfwNSvSVPYAPdC17CDWngMr1xPv-YB3E9HXUjJXsK-01ALKnPFNEEOjYPpUp94PuABPayq-kKSfu_wBS_F1qszPwBvXvP_IYDRJ9EtnYVdWLP9kCblmxBScpOPpY05MKGgYcvp7t8DRX8E_30FIUnqn2CGRPWav2ZePsr0Vn4CqtcZ6ht3FVLYrQX4upShZbeS3bcwjJu2XAL9uVYWJzWLqfdzPYf1d0O7cW973TmEWXZZJnMoN5OrapSvp4-OeQMWI-ifS1QC_8xgIVWKHn2px1wPaPH-CYob28e4YLBukAOPiWH47VWgjARHF2ahVQJaExp0Y6M8eCmMuPQQV2q1LrdcFaTidLJrj4lAInmv3SqJ_qKwHc1kX8jPehqo2L27eOWLlwCdeQ_1iC0zl4TQFZ7QbpePUsdCf3koi5rXADv-29gGuo3Ehg_PmBnVpYeCGFBUmFdeINdyFJpbcwls1WEdNNBdHJqlq6tgb1-PSDzj0Ek6mzCnivxw8wiUhZvCZEiqHMq4dMVVgXfbHQtCm1mae8nfVfKsiiAPFFDnIzRR0rh9kmXzaU4iyjQa3TX5nShiiuR6YnfeaWzEHHTNtxweZeLDEHCYzpYH0gbvb4PJYIaBtULmm2JejqcUIo38CivrXTvsar9wJ_YYd7bC2EZec","public_key":"-----BEGIN
      RSA PUBLIC KEY-----\nMIICCgKCAgEA261uk9fPEhayp3CUu2STRBYa0du/bZ5p+AobnVysuLWMOdnbLnxz\nOxxZVlkl3LZArtshk7OMT3Twc05wWMddxYlXOaJLPBFIywEHk75ZWcjF5fWfVemO\n1srzfM5K+FOWx9l0Dmaa8K221R4oq84HVHFVWpWAIGiWpUl8DXno+1Z6dNAqQ2zc\nTnYbvSs9dc1rIVe5voZzUQAO14GGFEML20Cf0nDfm+gbe1mxVag9WVio3lgQwIX0\nWf4cGTQoaoHZriws+AeacuFhDqmCGnJaHmZDeu0M7a5vazecXWAYunsPnXe6NK4b\nok9wzMWI8u2vI/ra+ZTLWX/iPxB1G+GkRbD+bZWs+HeyU3YjCIQ0J7uunz5bbFqG\nKgSB4p7dvbXClzng1hPMESxvX/oYyh10ggbCHFvrW5GWxArKkZ5XnkMvTcz7+hvb\nHeu3d0IOy5KG4XxvJVLyIA5R9CBfQcjy77ApfvEcAP3NHZblg9vRG6qPk5/hD8nT\nYns5OxMdxcvHalLgtfgtnacLxdyZBcxeMv8s6KtJwy7ZHxzMGOS6hsXLqbsRGq0z\nDR4Sgk6BRq7JJfOs/RENZml4dk6CAOAaKVTgVkgydAEqNmmVpTzBJ3bmzA7rbn6J\nyxl8OMPTK7bIzNfqOVWPqT7msRfl867W0XLmkPgyCgxkJUpg2MjmLgMCAwEAAQ==\n-----END
      RSA PUBLIC KEY-----\n","container_id":"beec6ea8-6b01-40fc-9ce8-73894e8e705c","id":"92517028-0f94-41fa-b827-124557e13190","status":"creating","expires_at":null,"description":""}'
    headers:
      Content-Length:
      - "2009"
      Content-Security-Policy:
      - default-src 'none'; frame-ancestors 'none'
      Content-Type:
      - application/json
      Date:
      - Mon, 17 Oct 2022 09:36:48 GMT
      Server:
      - Scaleway API-Gateway
      Strict-Transport-Security:
      - max-age=63072000
      X-Content-Type-Options:
      - nosniff
      X-Frame-Options:
      - DENY
      X-Request-Id:
      - 2e78046a-5151-4f1c-87c5-30e4f86beeeb
    status: 200 OK
    code: 200
    duration: ""
- request:
    body: ""
    form: {}
    headers:
      User-Agent:
      - scaleway-sdk-go/v1.0.0-beta.7+dev (go1.19.1; linux; amd64) terraform-provider/develop
        terraform/terraform-tests
    url: https://api.scaleway.com/containers/v1beta1/regions/fr-par/tokens/92517028-0f94-41fa-b827-124557e13190
    method: GET
  response:
    body: '{"token":"\u003chidden\u003e","public_key":"","container_id":"beec6ea8-6b01-40fc-9ce8-73894e8e705c","id":"92517028-0f94-41fa-b827-124557e13190","status":"creating","expires_at":null,"description":""}'
    headers:
      Content-Length:
      - "199"
      Content-Security-Policy:
      - default-src 'none'; frame-ancestors 'none'
      Content-Type:
      - application/json
      Date:
      - Mon, 17 Oct 2022 09:36:49 GMT
      Server:
      - Scaleway API-Gateway
      Strict-Transport-Security:
      - max-age=63072000
      X-Content-Type-Options:
      - nosniff
      X-Frame-Options:
      - DENY
      X-Request-Id:
      - 0303464c-6436-46a9-9871-47dec3da0d63
    status: 200 OK
    code: 200
    duration: ""
- request:
    body: ""
    form: {}
    headers:
      User-Agent:
      - scaleway-sdk-go/v1.0.0-beta.7+dev (go1.19.1; linux; amd64) terraform-provider/develop
        terraform/terraform-tests
    url: https://api.scaleway.com/containers/v1beta1/regions/fr-par/tokens/fa04af1a-f040-4b78-a033-69eab80bdeaa
    method: GET
  response:
    body: '{"token":"\u003chidden\u003e","public_key":"","namespace_id":"90513364-f4fc-4b78-9e2f-483a950e5a0c","id":"fa04af1a-f040-4b78-a033-69eab80bdeaa","status":"ready","expires_at":"2022-10-18T09:35:15Z","description":""}'
    headers:
      Content-Length:
      - "214"
      Content-Security-Policy:
      - default-src 'none'; frame-ancestors 'none'
      Content-Type:
      - application/json
      Date:
      - Mon, 17 Oct 2022 09:36:49 GMT
      Server:
      - Scaleway API-Gateway
      Strict-Transport-Security:
      - max-age=63072000
      X-Content-Type-Options:
      - nosniff
      X-Frame-Options:
      - DENY
      X-Request-Id:
      - 5899bf66-73d6-4e3b-b174-8f5e00810a43
    status: 200 OK
    code: 200
    duration: ""
- request:
    body: ""
    form: {}
    headers:
      User-Agent:
      - scaleway-sdk-go/v1.0.0-beta.7+dev (go1.19.1; linux; amd64) terraform-provider/develop
        terraform/terraform-tests
    url: https://api.scaleway.com/containers/v1beta1/regions/fr-par/tokens/92517028-0f94-41fa-b827-124557e13190
    method: GET
  response:
    body: '{"token":"\u003chidden\u003e","public_key":"","container_id":"beec6ea8-6b01-40fc-9ce8-73894e8e705c","id":"92517028-0f94-41fa-b827-124557e13190","status":"ready","expires_at":null,"description":""}'
    headers:
      Content-Length:
      - "196"
      Content-Security-Policy:
      - default-src 'none'; frame-ancestors 'none'
      Content-Type:
      - application/json
      Date:
      - Mon, 17 Oct 2022 09:36:50 GMT
      Server:
      - Scaleway API-Gateway
      Strict-Transport-Security:
      - max-age=63072000
      X-Content-Type-Options:
      - nosniff
      X-Frame-Options:
      - DENY
      X-Request-Id:
      - bd649ef0-6712-434e-aaf3-15538d664582
    status: 200 OK
    code: 200
    duration: ""
- request:
    body: ""
    form: {}
    headers:
      User-Agent:
      - scaleway-sdk-go/v1.0.0-beta.7+dev (go1.19.1; linux; amd64) terraform-provider/develop
        terraform/terraform-tests
    url: https://api.scaleway.com/containers/v1beta1/regions/fr-par/namespaces/90513364-f4fc-4b78-9e2f-483a950e5a0c
    method: GET
  response:
    body: '{"id":"90513364-f4fc-4b78-9e2f-483a950e5a0c","name":"test-container-token-ns","environment_variables":{},"organization_id":"ee7bd9e1-9cbd-4724-b2f4-19e50f3cf38b","project_id":"ee7bd9e1-9cbd-4724-b2f4-19e50f3cf38b","status":"ready","registry_namespace_id":"705c7030-3426-44c4-9b84-a48169af5c32","error_message":null,"registry_endpoint":"rg.fr-par.scw.cloud/funcscwtestcontainertokennsrbvjst91","description":"","secret_environment_variables":[],"region":"fr-par"}'
    headers:
      Content-Length:
      - "462"
      Content-Security-Policy:
      - default-src 'none'; frame-ancestors 'none'
      Content-Type:
      - application/json
      Date:
      - Mon, 17 Oct 2022 09:36:50 GMT
      Server:
      - Scaleway API-Gateway
      Strict-Transport-Security:
      - max-age=63072000
      X-Content-Type-Options:
      - nosniff
      X-Frame-Options:
      - DENY
      X-Request-Id:
      - 70b8f289-a5a6-45d7-b5fe-6c7994794df7
    status: 200 OK
    code: 200
    duration: ""
- request:
    body: ""
    form: {}
    headers:
      User-Agent:
      - scaleway-sdk-go/v1.0.0-beta.7+dev (go1.19.1; linux; amd64) terraform-provider/develop
        terraform/terraform-tests
    url: https://api.scaleway.com/containers/v1beta1/regions/fr-par/tokens/fa04af1a-f040-4b78-a033-69eab80bdeaa
    method: GET
  response:
    body: '{"token":"\u003chidden\u003e","public_key":"","namespace_id":"90513364-f4fc-4b78-9e2f-483a950e5a0c","id":"fa04af1a-f040-4b78-a033-69eab80bdeaa","status":"ready","expires_at":"2022-10-18T09:35:15Z","description":""}'
    headers:
      Content-Length:
      - "214"
      Content-Security-Policy:
      - default-src 'none'; frame-ancestors 'none'
      Content-Type:
      - application/json
      Date:
      - Mon, 17 Oct 2022 09:36:51 GMT
      Server:
      - Scaleway API-Gateway
      Strict-Transport-Security:
      - max-age=63072000
      X-Content-Type-Options:
      - nosniff
      X-Frame-Options:
      - DENY
      X-Request-Id:
      - 0c05a68e-0b15-4791-ad97-521ef2d2b831
    status: 200 OK
    code: 200
    duration: ""
- request:
    body: ""
    form: {}
    headers:
      User-Agent:
      - scaleway-sdk-go/v1.0.0-beta.7+dev (go1.19.1; linux; amd64) terraform-provider/develop
        terraform/terraform-tests
    url: https://api.scaleway.com/containers/v1beta1/regions/fr-par/containers/beec6ea8-6b01-40fc-9ce8-73894e8e705c
    method: GET
  response:
    body: '{"id":"beec6ea8-6b01-40fc-9ce8-73894e8e705c","name":"tf-co-gallant-chatterjee","namespace_id":"90513364-f4fc-4b78-9e2f-483a950e5a0c","status":"created","environment_variables":{},"min_scale":0,"max_scale":5,"memory_limit":256,"cpu_limit":140,"timeout":"300s","error_message":null,"privacy":"public","description":"","registry_image":"rg.fr-par.scw.cloud/funcscwtestcontainertokennsrbvjst91/tf-co-gallant-chatterjee:latest","max_concurrency":50,"domain_name":"testcontainertokennsrbvjst91-tf-co-gallant-chatterjee.functions.fnc.fr-par.scw.cloud","protocol":"http1","port":8080,"secret_environment_variables":[],"http_option":"","region":"fr-par"}'
    headers:
      Content-Length:
      - "645"
      Content-Security-Policy:
      - default-src 'none'; frame-ancestors 'none'
      Content-Type:
      - application/json
      Date:
      - Mon, 17 Oct 2022 09:36:51 GMT
      Server:
      - Scaleway API-Gateway
      Strict-Transport-Security:
      - max-age=63072000
      X-Content-Type-Options:
      - nosniff
      X-Frame-Options:
      - DENY
      X-Request-Id:
      - a2812c8b-4099-4d01-a56f-b05fa0bb9bc6
    status: 200 OK
    code: 200
    duration: ""
- request:
    body: ""
    form: {}
    headers:
      User-Agent:
      - scaleway-sdk-go/v1.0.0-beta.7+dev (go1.19.1; linux; amd64) terraform-provider/develop
        terraform/terraform-tests
    url: https://api.scaleway.com/containers/v1beta1/regions/fr-par/tokens/92517028-0f94-41fa-b827-124557e13190
    method: GET
  response:
    body: '{"token":"\u003chidden\u003e","public_key":"","container_id":"beec6ea8-6b01-40fc-9ce8-73894e8e705c","id":"92517028-0f94-41fa-b827-124557e13190","status":"ready","expires_at":null,"description":""}'
    headers:
      Content-Length:
      - "196"
      Content-Security-Policy:
      - default-src 'none'; frame-ancestors 'none'
      Content-Type:
      - application/json
      Date:
      - Mon, 17 Oct 2022 09:36:51 GMT
      Server:
      - Scaleway API-Gateway
      Strict-Transport-Security:
      - max-age=63072000
      X-Content-Type-Options:
      - nosniff
      X-Frame-Options:
      - DENY
      X-Request-Id:
      - 9ade696b-d85f-490f-ac52-00385d36f9f8
    status: 200 OK
    code: 200
    duration: ""
- request:
    body: ""
    form: {}
    headers:
      User-Agent:
      - scaleway-sdk-go/v1.0.0-beta.7+dev (go1.19.1; linux; amd64) terraform-provider/develop
        terraform/terraform-tests
    url: https://api.scaleway.com/containers/v1beta1/regions/fr-par/tokens/fa04af1a-f040-4b78-a033-69eab80bdeaa
    method: DELETE
  response:
    body: '{"token":"","public_key":"","namespace_id":"90513364-f4fc-4b78-9e2f-483a950e5a0c","id":"fa04af1a-f040-4b78-a033-69eab80bdeaa","status":"deleting","expires_at":"2022-10-18T09:35:15Z","description":""}'
    headers:
      Content-Length:
      - "199"
      Content-Security-Policy:
      - default-src 'none'; frame-ancestors 'none'
      Content-Type:
      - application/json
      Date:
      - Mon, 17 Oct 2022 09:36:52 GMT
      Server:
      - Scaleway API-Gateway
      Strict-Transport-Security:
      - max-age=63072000
      X-Content-Type-Options:
      - nosniff
      X-Frame-Options:
      - DENY
      X-Request-Id:
      - 14b61f1d-04fa-49e3-9f69-9b88eda82b54
    status: 200 OK
    code: 200
    duration: ""
- request:
    body: ""
    form: {}
    headers:
      User-Agent:
      - scaleway-sdk-go/v1.0.0-beta.7+dev (go1.19.1; linux; amd64) terraform-provider/develop
        terraform/terraform-tests
    url: https://api.scaleway.com/containers/v1beta1/regions/fr-par/tokens/92517028-0f94-41fa-b827-124557e13190
    method: DELETE
  response:
    body: '{"token":"","public_key":"","container_id":"beec6ea8-6b01-40fc-9ce8-73894e8e705c","id":"92517028-0f94-41fa-b827-124557e13190","status":"deleting","expires_at":null,"description":""}'
    headers:
      Content-Length:
      - "181"
      Content-Security-Policy:
      - default-src 'none'; frame-ancestors 'none'
      Content-Type:
      - application/json
      Date:
      - Mon, 17 Oct 2022 09:36:52 GMT
      Server:
      - Scaleway API-Gateway
      Strict-Transport-Security:
      - max-age=63072000
      X-Content-Type-Options:
      - nosniff
      X-Frame-Options:
      - DENY
      X-Request-Id:
      - 9fbc08d0-508a-4f34-9525-f293ec236667
    status: 200 OK
    code: 200
    duration: ""
- request:
    body: ""
    form: {}
    headers:
      User-Agent:
      - scaleway-sdk-go/v1.0.0-beta.7+dev (go1.19.1; linux; amd64) terraform-provider/develop
        terraform/terraform-tests
    url: https://api.scaleway.com/containers/v1beta1/regions/fr-par/containers/beec6ea8-6b01-40fc-9ce8-73894e8e705c
    method: GET
  response:
    body: '{"id":"beec6ea8-6b01-40fc-9ce8-73894e8e705c","name":"tf-co-gallant-chatterjee","namespace_id":"90513364-f4fc-4b78-9e2f-483a950e5a0c","status":"created","environment_variables":{},"min_scale":0,"max_scale":5,"memory_limit":256,"cpu_limit":140,"timeout":"300s","error_message":null,"privacy":"public","description":"","registry_image":"rg.fr-par.scw.cloud/funcscwtestcontainertokennsrbvjst91/tf-co-gallant-chatterjee:latest","max_concurrency":50,"domain_name":"testcontainertokennsrbvjst91-tf-co-gallant-chatterjee.functions.fnc.fr-par.scw.cloud","protocol":"http1","port":8080,"secret_environment_variables":[],"http_option":"","region":"fr-par"}'
    headers:
      Content-Length:
      - "645"
      Content-Security-Policy:
      - default-src 'none'; frame-ancestors 'none'
      Content-Type:
      - application/json
      Date:
      - Mon, 17 Oct 2022 09:36:52 GMT
      Server:
      - Scaleway API-Gateway
      Strict-Transport-Security:
      - max-age=63072000
      X-Content-Type-Options:
      - nosniff
      X-Frame-Options:
      - DENY
      X-Request-Id:
      - eba2dc0d-4d5f-415d-abd1-926c4c1bda17
    status: 200 OK
    code: 200
    duration: ""
- request:
    body: ""
    form: {}
    headers:
      User-Agent:
      - scaleway-sdk-go/v1.0.0-beta.7+dev (go1.19.1; linux; amd64) terraform-provider/develop
        terraform/terraform-tests
    url: https://api.scaleway.com/containers/v1beta1/regions/fr-par/containers/beec6ea8-6b01-40fc-9ce8-73894e8e705c
    method: DELETE
  response:
    body: '{"id":"beec6ea8-6b01-40fc-9ce8-73894e8e705c","name":"tf-co-gallant-chatterjee","namespace_id":"90513364-f4fc-4b78-9e2f-483a950e5a0c","status":"deleting","environment_variables":{},"min_scale":0,"max_scale":5,"memory_limit":256,"cpu_limit":140,"timeout":"300s","error_message":null,"privacy":"public","description":"","registry_image":"rg.fr-par.scw.cloud/funcscwtestcontainertokennsrbvjst91/tf-co-gallant-chatterjee:latest","max_concurrency":50,"domain_name":"testcontainertokennsrbvjst91-tf-co-gallant-chatterjee.functions.fnc.fr-par.scw.cloud","protocol":"http1","port":8080,"secret_environment_variables":[],"http_option":"","region":"fr-par"}'
    headers:
      Content-Length:
      - "646"
      Content-Security-Policy:
      - default-src 'none'; frame-ancestors 'none'
      Content-Type:
      - application/json
      Date:
      - Mon, 17 Oct 2022 09:36:53 GMT
      Server:
      - Scaleway API-Gateway
      Strict-Transport-Security:
      - max-age=63072000
      X-Content-Type-Options:
      - nosniff
      X-Frame-Options:
      - DENY
      X-Request-Id:
      - b258d0df-164c-486a-b24c-43afe3060443
    status: 200 OK
    code: 200
    duration: ""
- request:
    body: ""
    form: {}
    headers:
      User-Agent:
      - scaleway-sdk-go/v1.0.0-beta.7+dev (go1.19.1; linux; amd64) terraform-provider/develop
        terraform/terraform-tests
    url: https://api.scaleway.com/containers/v1beta1/regions/fr-par/namespaces/90513364-f4fc-4b78-9e2f-483a950e5a0c
    method: GET
  response:
    body: '{"id":"90513364-f4fc-4b78-9e2f-483a950e5a0c","name":"test-container-token-ns","environment_variables":{},"organization_id":"ee7bd9e1-9cbd-4724-b2f4-19e50f3cf38b","project_id":"ee7bd9e1-9cbd-4724-b2f4-19e50f3cf38b","status":"ready","registry_namespace_id":"705c7030-3426-44c4-9b84-a48169af5c32","error_message":null,"registry_endpoint":"rg.fr-par.scw.cloud/funcscwtestcontainertokennsrbvjst91","description":"","secret_environment_variables":[],"region":"fr-par"}'
    headers:
      Content-Length:
      - "462"
      Content-Security-Policy:
      - default-src 'none'; frame-ancestors 'none'
      Content-Type:
      - application/json
      Date:
      - Mon, 17 Oct 2022 09:36:53 GMT
      Server:
      - Scaleway API-Gateway
      Strict-Transport-Security:
      - max-age=63072000
      X-Content-Type-Options:
      - nosniff
      X-Frame-Options:
      - DENY
      X-Request-Id:
      - a1cc246e-13a9-449d-8db5-329328c77407
    status: 200 OK
    code: 200
    duration: ""
- request:
    body: ""
    form: {}
    headers:
      User-Agent:
      - scaleway-sdk-go/v1.0.0-beta.7+dev (go1.19.1; linux; amd64) terraform-provider/develop
        terraform/terraform-tests
    url: https://api.scaleway.com/containers/v1beta1/regions/fr-par/namespaces/90513364-f4fc-4b78-9e2f-483a950e5a0c
    method: DELETE
  response:
    body: '{"id":"90513364-f4fc-4b78-9e2f-483a950e5a0c","name":"test-container-token-ns","environment_variables":{},"organization_id":"ee7bd9e1-9cbd-4724-b2f4-19e50f3cf38b","project_id":"ee7bd9e1-9cbd-4724-b2f4-19e50f3cf38b","status":"deleting","registry_namespace_id":"705c7030-3426-44c4-9b84-a48169af5c32","error_message":null,"registry_endpoint":"rg.fr-par.scw.cloud/funcscwtestcontainertokennsrbvjst91","description":"","secret_environment_variables":[],"region":"fr-par"}'
    headers:
      Content-Length:
      - "465"
      Content-Security-Policy:
      - default-src 'none'; frame-ancestors 'none'
      Content-Type:
      - application/json
      Date:
      - Mon, 17 Oct 2022 09:36:53 GMT
      Server:
      - Scaleway API-Gateway
      Strict-Transport-Security:
      - max-age=63072000
      X-Content-Type-Options:
      - nosniff
      X-Frame-Options:
      - DENY
      X-Request-Id:
      - f3955e82-cabb-4b4f-b3ff-c0d4ec9b9570
    status: 200 OK
    code: 200
    duration: ""
- request:
    body: ""
    form: {}
    headers:
      User-Agent:
      - scaleway-sdk-go/v1.0.0-beta.7+dev (go1.19.1; linux; amd64) terraform-provider/develop
        terraform/terraform-tests
    url: https://api.scaleway.com/containers/v1beta1/regions/fr-par/namespaces/90513364-f4fc-4b78-9e2f-483a950e5a0c
    method: GET
  response:
    body: '{"message":"Namespace was not found"}'
    headers:
      Content-Length:
      - "37"
      Content-Security-Policy:
      - default-src 'none'; frame-ancestors 'none'
      Content-Type:
      - application/json
      Date:
      - Mon, 17 Oct 2022 09:36:53 GMT
      Server:
      - Scaleway API-Gateway
      Strict-Transport-Security:
      - max-age=63072000
      X-Content-Type-Options:
      - nosniff
      X-Frame-Options:
      - DENY
      X-Request-Id:
      - b547f8e6-3a57-48b6-b19d-294889cfe5ed
    status: 404 Not Found
    code: 404
    duration: ""
- request:
    body: ""
    form: {}
    headers:
      User-Agent:
      - scaleway-sdk-go/v1.0.0-beta.7+dev (go1.19.1; linux; amd64) terraform-provider/develop
        terraform/terraform-tests
    url: https://api.scaleway.com/containers/v1beta1/regions/fr-par/tokens/92517028-0f94-41fa-b827-124557e13190
    method: DELETE
  response:
    body: '{"message":"Token was not found"}'
    headers:
      Content-Length:
      - "33"
      Content-Security-Policy:
      - default-src 'none'; frame-ancestors 'none'
      Content-Type:
      - application/json
      Date:
      - Mon, 17 Oct 2022 09:36:53 GMT
      Server:
      - Scaleway API-Gateway
      Strict-Transport-Security:
      - max-age=63072000
      X-Content-Type-Options:
      - nosniff
      X-Frame-Options:
      - DENY
      X-Request-Id:
      - 7b6a3c28-ef34-4f54-b05a-e555d061772f
    status: 404 Not Found
    code: 404
    duration: ""
- request:
    body: ""
    form: {}
    headers:
      User-Agent:
      - scaleway-sdk-go/v1.0.0-beta.7+dev (go1.19.1; linux; amd64) terraform-provider/develop
        terraform/terraform-tests
    url: https://api.scaleway.com/containers/v1beta1/regions/fr-par/tokens/fa04af1a-f040-4b78-a033-69eab80bdeaa
    method: DELETE
  response:
    body: '{"message":"Token was not found"}'
    headers:
      Content-Length:
      - "33"
      Content-Security-Policy:
      - default-src 'none'; frame-ancestors 'none'
      Content-Type:
      - application/json
      Date:
      - Mon, 17 Oct 2022 09:36:54 GMT
      Server:
      - Scaleway API-Gateway
      Strict-Transport-Security:
      - max-age=63072000
      X-Content-Type-Options:
      - nosniff
      X-Frame-Options:
      - DENY
      X-Request-Id:
      - edbd3674-1ddb-4446-bc32-1314e27639ac
    status: 404 Not Found
    code: 404
    duration: ""
