---
version: 1
interactions:
- request:
    body: '{"project_id":"564aa517-68b0-4fd7-8c8c-d21c4bcdcbd5","reverse":null}'
    form: {}
    headers:
      Content-Type:
      - application/json
      User-Agent:
      - scaleway-sdk-go/v1.0.0-beta.7+dev (go1.19.5; darwin; amd64) terraform-provider/develop
        terraform/terraform-tests
    url: https://api.scaleway.com/lb/v1/zones/fr-par-1/ips
    method: POST
  response:
    body: '{"id":"bb2edaa6-8a28-4a94-9c4b-0a8a3c4bcbda","ip_address":"195.154.69.67","lb_id":null,"organization_id":"564aa517-68b0-4fd7-8c8c-d21c4bcdcbd5","project_id":"564aa517-68b0-4fd7-8c8c-d21c4bcdcbd5","region":"fr-par","reverse":"195-154-69-67.lb.fr-par.scw.cloud","zone":"fr-par-1"}'
    headers:
      Content-Length:
      - "285"
      Content-Security-Policy:
      - default-src 'none'; frame-ancestors 'none'
      Content-Type:
      - application/json
      Date:
      - Mon, 27 Feb 2023 09:19:35 GMT
      Server:
      - Scaleway API-Gateway
      Strict-Transport-Security:
      - max-age=63072000
      X-Content-Type-Options:
      - nosniff
      X-Frame-Options:
      - DENY
      X-Request-Id:
      - 90b97aa3-d4d4-4ec9-b32e-5919074409c2
    status: 200 OK
    code: 200
    duration: ""
- request:
    body: ""
    form: {}
    headers:
      User-Agent:
      - scaleway-sdk-go/v1.0.0-beta.7+dev (go1.19.5; darwin; amd64) terraform-provider/develop
        terraform/terraform-tests
    url: https://api.scaleway.com/lb/v1/zones/fr-par-1/ips/bb2edaa6-8a28-4a94-9c4b-0a8a3c4bcbda
    method: GET
  response:
    body: '{"id":"bb2edaa6-8a28-4a94-9c4b-0a8a3c4bcbda","ip_address":"195.154.69.67","lb_id":null,"organization_id":"564aa517-68b0-4fd7-8c8c-d21c4bcdcbd5","project_id":"564aa517-68b0-4fd7-8c8c-d21c4bcdcbd5","region":"fr-par","reverse":"195-154-69-67.lb.fr-par.scw.cloud","zone":"fr-par-1"}'
    headers:
      Content-Length:
      - "285"
      Content-Security-Policy:
      - default-src 'none'; frame-ancestors 'none'
      Content-Type:
      - application/json
      Date:
      - Mon, 27 Feb 2023 09:19:35 GMT
      Server:
      - Scaleway API-Gateway
      Strict-Transport-Security:
      - max-age=63072000
      X-Content-Type-Options:
      - nosniff
      X-Frame-Options:
      - DENY
      X-Request-Id:
      - 96604659-9502-48f0-8c68-7d64a81b28ad
    status: 200 OK
    code: 200
    duration: ""
- request:
    body: '{"project_id":"564aa517-68b0-4fd7-8c8c-d21c4bcdcbd5","name":"test-lb","description":"","ip_id":"bb2edaa6-8a28-4a94-9c4b-0a8a3c4bcbda","tags":null,"type":"lb-s","ssl_compatibility_level":"ssl_compatibility_level_intermediate"}'
    form: {}
    headers:
      Content-Type:
      - application/json
      User-Agent:
      - scaleway-sdk-go/v1.0.0-beta.7+dev (go1.19.5; darwin; amd64) terraform-provider/develop
        terraform/terraform-tests
    url: https://api.scaleway.com/lb/v1/zones/fr-par-1/lbs
    method: POST
  response:
    body: '{"backend_count":0,"created_at":"2023-02-27T09:19:35.290668820Z","description":"","frontend_count":0,"id":"0251c501-6d56-4d25-a19f-66101d0f8901","instances":[],"ip":[{"id":"bb2edaa6-8a28-4a94-9c4b-0a8a3c4bcbda","ip_address":"195.154.69.67","lb_id":"0251c501-6d56-4d25-a19f-66101d0f8901","organization_id":"564aa517-68b0-4fd7-8c8c-d21c4bcdcbd5","project_id":"564aa517-68b0-4fd7-8c8c-d21c4bcdcbd5","region":"fr-par","reverse":"195-154-69-67.lb.fr-par.scw.cloud","zone":"fr-par-1"}],"name":"test-lb","organization_id":"564aa517-68b0-4fd7-8c8c-d21c4bcdcbd5","private_network_count":0,"project_id":"564aa517-68b0-4fd7-8c8c-d21c4bcdcbd5","region":"fr-par","route_count":0,"ssl_compatibility_level":"ssl_compatibility_level_intermediate","status":"to_create","subscriber":null,"tags":[],"type":"lb-s","updated_at":"2023-02-27T09:19:35.290668820Z","zone":"fr-par-1"}'
    headers:
      Content-Length:
      - "884"
      Content-Security-Policy:
      - default-src 'none'; frame-ancestors 'none'
      Content-Type:
      - application/json
      Date:
      - Mon, 27 Feb 2023 09:19:35 GMT
      Server:
      - Scaleway API-Gateway
      Strict-Transport-Security:
      - max-age=63072000
      X-Content-Type-Options:
      - nosniff
      X-Frame-Options:
      - DENY
      X-Request-Id:
      - e408decb-8920-41f4-9a64-97f3ecf01b50
    status: 200 OK
    code: 200
    duration: ""
- request:
    body: ""
    form: {}
    headers:
      User-Agent:
      - scaleway-sdk-go/v1.0.0-beta.7+dev (go1.19.5; darwin; amd64) terraform-provider/develop
        terraform/terraform-tests
    url: https://api.scaleway.com/lb/v1/zones/fr-par-1/lbs/0251c501-6d56-4d25-a19f-66101d0f8901
    method: GET
  response:
    body: '{"backend_count":0,"created_at":"2023-02-27T09:19:35.290669Z","description":"","frontend_count":0,"id":"0251c501-6d56-4d25-a19f-66101d0f8901","instances":[{"created_at":"2023-02-27T09:15:47.006698Z","id":"50be09cc-f86c-4eda-9d2f-5f99f011fa20","ip_address":"10.69.18.87","region":"fr-par","status":"unknown","updated_at":"2023-02-27T09:19:35.557996Z","zone":"fr-par-1"}],"ip":[{"id":"bb2edaa6-8a28-4a94-9c4b-0a8a3c4bcbda","ip_address":"195.154.69.67","lb_id":"0251c501-6d56-4d25-a19f-66101d0f8901","organization_id":"564aa517-68b0-4fd7-8c8c-d21c4bcdcbd5","project_id":"564aa517-68b0-4fd7-8c8c-d21c4bcdcbd5","region":"fr-par","reverse":"195-154-69-67.lb.fr-par.scw.cloud","zone":"fr-par-1"}],"name":"test-lb","organization_id":"564aa517-68b0-4fd7-8c8c-d21c4bcdcbd5","private_network_count":0,"project_id":"564aa517-68b0-4fd7-8c8c-d21c4bcdcbd5","region":"fr-par","route_count":0,"ssl_compatibility_level":"ssl_compatibility_level_intermediate","status":"creating","subscriber":null,"tags":[],"type":"lb-s","updated_at":"2023-02-27T09:19:35.577304Z","zone":"fr-par-1"}'
    headers:
      Content-Length:
      - "1096"
      Content-Security-Policy:
      - default-src 'none'; frame-ancestors 'none'
      Content-Type:
      - application/json
      Date:
      - Mon, 27 Feb 2023 09:19:35 GMT
      Server:
      - Scaleway API-Gateway
      Strict-Transport-Security:
      - max-age=63072000
      X-Content-Type-Options:
      - nosniff
      X-Frame-Options:
      - DENY
      X-Request-Id:
      - 4413e7f3-8896-4e1f-812c-ab37cbf3ff06
    status: 200 OK
    code: 200
    duration: ""
- request:
    body: ""
    form: {}
    headers:
      User-Agent:
      - scaleway-sdk-go/v1.0.0-beta.7+dev (go1.19.5; darwin; amd64) terraform-provider/develop
        terraform/terraform-tests
    url: https://api.scaleway.com/lb/v1/zones/fr-par-1/lbs/0251c501-6d56-4d25-a19f-66101d0f8901
    method: GET
  response:
    body: '{"backend_count":0,"created_at":"2023-02-27T09:19:35.290669Z","description":"","frontend_count":0,"id":"0251c501-6d56-4d25-a19f-66101d0f8901","instances":[{"created_at":"2023-02-27T09:15:47.006698Z","id":"50be09cc-f86c-4eda-9d2f-5f99f011fa20","ip_address":"10.69.18.87","region":"fr-par","status":"ready","updated_at":"2023-02-27T09:19:35.911591Z","zone":"fr-par-1"}],"ip":[{"id":"bb2edaa6-8a28-4a94-9c4b-0a8a3c4bcbda","ip_address":"195.154.69.67","lb_id":"0251c501-6d56-4d25-a19f-66101d0f8901","organization_id":"564aa517-68b0-4fd7-8c8c-d21c4bcdcbd5","project_id":"564aa517-68b0-4fd7-8c8c-d21c4bcdcbd5","region":"fr-par","reverse":"195-154-69-67.lb.fr-par.scw.cloud","zone":"fr-par-1"}],"name":"test-lb","organization_id":"564aa517-68b0-4fd7-8c8c-d21c4bcdcbd5","private_network_count":0,"project_id":"564aa517-68b0-4fd7-8c8c-d21c4bcdcbd5","region":"fr-par","route_count":0,"ssl_compatibility_level":"ssl_compatibility_level_intermediate","status":"ready","subscriber":null,"tags":[],"type":"lb-s","updated_at":"2023-02-27T09:19:37.026546Z","zone":"fr-par-1"}'
    headers:
      Content-Length:
      - "1091"
      Content-Security-Policy:
      - default-src 'none'; frame-ancestors 'none'
      Content-Type:
      - application/json
      Date:
      - Mon, 27 Feb 2023 09:20:05 GMT
      Server:
      - Scaleway API-Gateway
      Strict-Transport-Security:
      - max-age=63072000
      X-Content-Type-Options:
      - nosniff
      X-Frame-Options:
      - DENY
      X-Request-Id:
      - 818f5ef4-2500-44c6-884b-b3353c70bdb5
    status: 200 OK
    code: 200
    duration: ""
- request:
    body: ""
    form: {}
    headers:
      User-Agent:
      - scaleway-sdk-go/v1.0.0-beta.7+dev (go1.19.5; darwin; amd64) terraform-provider/develop
        terraform/terraform-tests
    url: https://api.scaleway.com/lb/v1/zones/fr-par-1/lbs/0251c501-6d56-4d25-a19f-66101d0f8901
    method: GET
  response:
    body: '{"backend_count":0,"created_at":"2023-02-27T09:19:35.290669Z","description":"","frontend_count":0,"id":"0251c501-6d56-4d25-a19f-66101d0f8901","instances":[{"created_at":"2023-02-27T09:15:47.006698Z","id":"50be09cc-f86c-4eda-9d2f-5f99f011fa20","ip_address":"10.69.18.87","region":"fr-par","status":"ready","updated_at":"2023-02-27T09:19:35.911591Z","zone":"fr-par-1"}],"ip":[{"id":"bb2edaa6-8a28-4a94-9c4b-0a8a3c4bcbda","ip_address":"195.154.69.67","lb_id":"0251c501-6d56-4d25-a19f-66101d0f8901","organization_id":"564aa517-68b0-4fd7-8c8c-d21c4bcdcbd5","project_id":"564aa517-68b0-4fd7-8c8c-d21c4bcdcbd5","region":"fr-par","reverse":"195-154-69-67.lb.fr-par.scw.cloud","zone":"fr-par-1"}],"name":"test-lb","organization_id":"564aa517-68b0-4fd7-8c8c-d21c4bcdcbd5","private_network_count":0,"project_id":"564aa517-68b0-4fd7-8c8c-d21c4bcdcbd5","region":"fr-par","route_count":0,"ssl_compatibility_level":"ssl_compatibility_level_intermediate","status":"ready","subscriber":null,"tags":[],"type":"lb-s","updated_at":"2023-02-27T09:19:37.026546Z","zone":"fr-par-1"}'
    headers:
      Content-Length:
      - "1091"
      Content-Security-Policy:
      - default-src 'none'; frame-ancestors 'none'
      Content-Type:
      - application/json
      Date:
      - Mon, 27 Feb 2023 09:20:05 GMT
      Server:
      - Scaleway API-Gateway
      Strict-Transport-Security:
      - max-age=63072000
      X-Content-Type-Options:
      - nosniff
      X-Frame-Options:
      - DENY
      X-Request-Id:
      - 45be5edd-542a-416c-9378-6a23a1cdf4f9
    status: 200 OK
    code: 200
    duration: ""
- request:
    body: ""
    form: {}
    headers:
      User-Agent:
      - scaleway-sdk-go/v1.0.0-beta.7+dev (go1.19.5; darwin; amd64) terraform-provider/develop
        terraform/terraform-tests
    url: https://api.scaleway.com/lb/v1/zones/fr-par-1/lbs/0251c501-6d56-4d25-a19f-66101d0f8901/private-networks?order_by=created_at_asc
    method: GET
  response:
    body: '{"private_network":[],"total_count":0}'
    headers:
      Content-Length:
      - "39"
      Content-Security-Policy:
      - default-src 'none'; frame-ancestors 'none'
      Content-Type:
      - application/json
      Date:
      - Mon, 27 Feb 2023 09:20:05 GMT
      Server:
      - Scaleway API-Gateway
      Strict-Transport-Security:
      - max-age=63072000
      X-Content-Type-Options:
      - nosniff
      X-Frame-Options:
      - DENY
      X-Request-Id:
      - 707b2ffb-a6e6-4ddb-b579-c57fb22a770b
    status: 200 OK
    code: 200
    duration: ""
- request:
    body: ""
    form: {}
    headers:
      User-Agent:
      - scaleway-sdk-go/v1.0.0-beta.7+dev (go1.19.5; darwin; amd64) terraform-provider/develop
        terraform/terraform-tests
    url: https://api.scaleway.com/lb/v1/zones/fr-par-1/lbs/0251c501-6d56-4d25-a19f-66101d0f8901
    method: GET
  response:
    body: '{"backend_count":0,"created_at":"2023-02-27T09:19:35.290669Z","description":"","frontend_count":0,"id":"0251c501-6d56-4d25-a19f-66101d0f8901","instances":[{"created_at":"2023-02-27T09:15:47.006698Z","id":"50be09cc-f86c-4eda-9d2f-5f99f011fa20","ip_address":"10.69.18.87","region":"fr-par","status":"ready","updated_at":"2023-02-27T09:19:35.911591Z","zone":"fr-par-1"}],"ip":[{"id":"bb2edaa6-8a28-4a94-9c4b-0a8a3c4bcbda","ip_address":"195.154.69.67","lb_id":"0251c501-6d56-4d25-a19f-66101d0f8901","organization_id":"564aa517-68b0-4fd7-8c8c-d21c4bcdcbd5","project_id":"564aa517-68b0-4fd7-8c8c-d21c4bcdcbd5","region":"fr-par","reverse":"195-154-69-67.lb.fr-par.scw.cloud","zone":"fr-par-1"}],"name":"test-lb","organization_id":"564aa517-68b0-4fd7-8c8c-d21c4bcdcbd5","private_network_count":0,"project_id":"564aa517-68b0-4fd7-8c8c-d21c4bcdcbd5","region":"fr-par","route_count":0,"ssl_compatibility_level":"ssl_compatibility_level_intermediate","status":"ready","subscriber":null,"tags":[],"type":"lb-s","updated_at":"2023-02-27T09:19:37.026546Z","zone":"fr-par-1"}'
    headers:
      Content-Length:
      - "1091"
      Content-Security-Policy:
      - default-src 'none'; frame-ancestors 'none'
      Content-Type:
      - application/json
      Date:
      - Mon, 27 Feb 2023 09:20:05 GMT
      Server:
      - Scaleway API-Gateway
      Strict-Transport-Security:
      - max-age=63072000
      X-Content-Type-Options:
      - nosniff
      X-Frame-Options:
      - DENY
      X-Request-Id:
      - 63cb4e04-7053-4188-be37-c0497c42c193
    status: 200 OK
    code: 200
    duration: ""
- request:
    body: '{"name":"tf-lb-bkd-blissful-darwin","forward_protocol":"http","forward_port":80,"forward_port_algorithm":"roundrobin","sticky_sessions":"none","sticky_sessions_cookie_name":"","health_check":{"check_max_retries":2,"port":80,"check_send_proxy":false,"check_timeout":30000,"check_delay":60000},"server_ip":null,"send_proxy_v2":false,"on_marked_down_action":"on_marked_down_action_none","proxy_protocol":"proxy_protocol_none","failover_host":null,"ssl_bridging":false,"ignore_ssl_server_verify":false,"timeout_server":null,"timeout_connect":null,"timeout_tunnel":null}'
    form: {}
    headers:
      Content-Type:
      - application/json
      User-Agent:
      - scaleway-sdk-go/v1.0.0-beta.7+dev (go1.19.5; darwin; amd64) terraform-provider/develop
        terraform/terraform-tests
    url: https://api.scaleway.com/lb/v1/zones/fr-par-1/lbs/0251c501-6d56-4d25-a19f-66101d0f8901/backends
    method: POST
  response:
    body: '{"created_at":"2023-02-27T09:20:06.095137949Z","failover_host":null,"forward_port":80,"forward_port_algorithm":"roundrobin","forward_protocol":"http","health_check":{"check_delay":60000,"check_max_retries":2,"check_send_proxy":false,"check_timeout":30000,"port":80,"tcp_config":{}},"id":"72c87c01-b6eb-433b-b881-881ddd7a4f42","ignore_ssl_server_verify":false,"lb":{"backend_count":1,"created_at":"2023-02-27T09:19:35.290669Z","description":"","frontend_count":0,"id":"0251c501-6d56-4d25-a19f-66101d0f8901","instances":[{"created_at":"2023-02-27T09:15:47.006698Z","id":"50be09cc-f86c-4eda-9d2f-5f99f011fa20","ip_address":"10.69.18.87","region":"fr-par","status":"pending","updated_at":"2023-02-27T09:20:06.142756897Z","zone":"fr-par-1"}],"ip":[{"id":"bb2edaa6-8a28-4a94-9c4b-0a8a3c4bcbda","ip_address":"195.154.69.67","lb_id":"0251c501-6d56-4d25-a19f-66101d0f8901","organization_id":"564aa517-68b0-4fd7-8c8c-d21c4bcdcbd5","project_id":"564aa517-68b0-4fd7-8c8c-d21c4bcdcbd5","region":"fr-par","reverse":"195-154-69-67.lb.fr-par.scw.cloud","zone":"fr-par-1"}],"name":"test-lb","organization_id":"564aa517-68b0-4fd7-8c8c-d21c4bcdcbd5","private_network_count":0,"project_id":"564aa517-68b0-4fd7-8c8c-d21c4bcdcbd5","region":"fr-par","route_count":0,"ssl_compatibility_level":"ssl_compatibility_level_intermediate","status":"ready","subscriber":null,"tags":[],"type":"lb-s","updated_at":"2023-02-27T09:19:37.026546Z","zone":"fr-par-1"},"name":"tf-lb-bkd-blissful-darwin","on_marked_down_action":"on_marked_down_action_none","pool":[],"proxy_protocol":"proxy_protocol_none","send_proxy_v2":false,"ssl_bridging":false,"sticky_sessions":"none","sticky_sessions_cookie_name":"","timeout_connect":null,"timeout_server":null,"timeout_tunnel":null,"updated_at":"2023-02-27T09:20:06.095137949Z"}'
    headers:
      Content-Length:
      - "1837"
      Content-Security-Policy:
      - default-src 'none'; frame-ancestors 'none'
      Content-Type:
      - application/json
      Date:
      - Mon, 27 Feb 2023 09:20:06 GMT
      Server:
      - Scaleway API-Gateway
      Strict-Transport-Security:
      - max-age=63072000
      X-Content-Type-Options:
      - nosniff
      X-Frame-Options:
      - DENY
      X-Request-Id:
      - b72d61d3-d1da-4ac9-a1ec-a61e9038d11f
    status: 200 OK
    code: 200
    duration: ""
- request:
    body: ""
    form: {}
    headers:
      User-Agent:
      - scaleway-sdk-go/v1.0.0-beta.7+dev (go1.19.5; darwin; amd64) terraform-provider/develop
        terraform/terraform-tests
    url: https://api.scaleway.com/lb/v1/zones/fr-par-1/lbs/0251c501-6d56-4d25-a19f-66101d0f8901
    method: GET
  response:
    body: '{"backend_count":1,"created_at":"2023-02-27T09:19:35.290669Z","description":"","frontend_count":0,"id":"0251c501-6d56-4d25-a19f-66101d0f8901","instances":[{"created_at":"2023-02-27T09:15:47.006698Z","id":"50be09cc-f86c-4eda-9d2f-5f99f011fa20","ip_address":"10.69.18.87","region":"fr-par","status":"pending","updated_at":"2023-02-27T09:20:06.142757Z","zone":"fr-par-1"}],"ip":[{"id":"bb2edaa6-8a28-4a94-9c4b-0a8a3c4bcbda","ip_address":"195.154.69.67","lb_id":"0251c501-6d56-4d25-a19f-66101d0f8901","organization_id":"564aa517-68b0-4fd7-8c8c-d21c4bcdcbd5","project_id":"564aa517-68b0-4fd7-8c8c-d21c4bcdcbd5","region":"fr-par","reverse":"195-154-69-67.lb.fr-par.scw.cloud","zone":"fr-par-1"}],"name":"test-lb","organization_id":"564aa517-68b0-4fd7-8c8c-d21c4bcdcbd5","private_network_count":0,"project_id":"564aa517-68b0-4fd7-8c8c-d21c4bcdcbd5","region":"fr-par","route_count":0,"ssl_compatibility_level":"ssl_compatibility_level_intermediate","status":"ready","subscriber":null,"tags":[],"type":"lb-s","updated_at":"2023-02-27T09:19:37.026546Z","zone":"fr-par-1"}'
    headers:
      Content-Length:
      - "1093"
      Content-Security-Policy:
      - default-src 'none'; frame-ancestors 'none'
      Content-Type:
      - application/json
      Date:
      - Mon, 27 Feb 2023 09:20:06 GMT
      Server:
      - Scaleway API-Gateway
      Strict-Transport-Security:
      - max-age=63072000
      X-Content-Type-Options:
      - nosniff
      X-Frame-Options:
      - DENY
      X-Request-Id:
      - 9f38dea4-c8b6-4777-89e2-8eea79d6d41f
    status: 200 OK
    code: 200
    duration: ""
- request:
    body: ""
    form: {}
    headers:
      User-Agent:
      - scaleway-sdk-go/v1.0.0-beta.7+dev (go1.19.5; darwin; amd64) terraform-provider/develop
        terraform/terraform-tests
    url: https://api.scaleway.com/lb/v1/zones/fr-par-1/backends/72c87c01-b6eb-433b-b881-881ddd7a4f42
    method: GET
  response:
    body: '{"created_at":"2023-02-27T09:20:06.095138Z","failover_host":null,"forward_port":80,"forward_port_algorithm":"roundrobin","forward_protocol":"http","health_check":{"check_delay":60000,"check_max_retries":2,"check_send_proxy":false,"check_timeout":30000,"port":80,"tcp_config":{}},"id":"72c87c01-b6eb-433b-b881-881ddd7a4f42","ignore_ssl_server_verify":false,"lb":{"backend_count":1,"created_at":"2023-02-27T09:19:35.290669Z","description":"","frontend_count":0,"id":"0251c501-6d56-4d25-a19f-66101d0f8901","instances":[{"created_at":"2023-02-27T09:15:47.006698Z","id":"50be09cc-f86c-4eda-9d2f-5f99f011fa20","ip_address":"10.69.18.87","region":"fr-par","status":"pending","updated_at":"2023-02-27T09:20:06.142757Z","zone":"fr-par-1"}],"ip":[{"id":"bb2edaa6-8a28-4a94-9c4b-0a8a3c4bcbda","ip_address":"195.154.69.67","lb_id":"0251c501-6d56-4d25-a19f-66101d0f8901","organization_id":"564aa517-68b0-4fd7-8c8c-d21c4bcdcbd5","project_id":"564aa517-68b0-4fd7-8c8c-d21c4bcdcbd5","region":"fr-par","reverse":"195-154-69-67.lb.fr-par.scw.cloud","zone":"fr-par-1"}],"name":"test-lb","organization_id":"564aa517-68b0-4fd7-8c8c-d21c4bcdcbd5","private_network_count":0,"project_id":"564aa517-68b0-4fd7-8c8c-d21c4bcdcbd5","region":"fr-par","route_count":0,"ssl_compatibility_level":"ssl_compatibility_level_intermediate","status":"ready","subscriber":null,"tags":[],"type":"lb-s","updated_at":"2023-02-27T09:19:37.026546Z","zone":"fr-par-1"},"name":"tf-lb-bkd-blissful-darwin","on_marked_down_action":"on_marked_down_action_none","pool":[],"proxy_protocol":"proxy_protocol_none","send_proxy_v2":false,"ssl_bridging":false,"sticky_sessions":"none","sticky_sessions_cookie_name":"","timeout_connect":null,"timeout_server":null,"timeout_tunnel":null,"updated_at":"2023-02-27T09:20:06.095138Z"}'
    headers:
      Content-Length:
      - "1828"
      Content-Security-Policy:
      - default-src 'none'; frame-ancestors 'none'
      Content-Type:
      - application/json
      Date:
      - Mon, 27 Feb 2023 09:20:06 GMT
      Server:
      - Scaleway API-Gateway
      Strict-Transport-Security:
      - max-age=63072000
      X-Content-Type-Options:
      - nosniff
      X-Frame-Options:
      - DENY
      X-Request-Id:
      - e569c408-d6cf-485b-a87a-249fec5699d5
    status: 200 OK
    code: 200
    duration: ""
- request:
    body: ""
    form: {}
    headers:
      User-Agent:
      - scaleway-sdk-go/v1.0.0-beta.7+dev (go1.19.5; darwin; amd64) terraform-provider/develop
        terraform/terraform-tests
    url: https://api.scaleway.com/lb/v1/zones/fr-par-1/lbs/0251c501-6d56-4d25-a19f-66101d0f8901
    method: GET
  response:
    body: '{"backend_count":1,"created_at":"2023-02-27T09:19:35.290669Z","description":"","frontend_count":0,"id":"0251c501-6d56-4d25-a19f-66101d0f8901","instances":[{"created_at":"2023-02-27T09:15:47.006698Z","id":"50be09cc-f86c-4eda-9d2f-5f99f011fa20","ip_address":"10.69.18.87","region":"fr-par","status":"ready","updated_at":"2023-02-27T09:20:06.398186Z","zone":"fr-par-1"}],"ip":[{"id":"bb2edaa6-8a28-4a94-9c4b-0a8a3c4bcbda","ip_address":"195.154.69.67","lb_id":"0251c501-6d56-4d25-a19f-66101d0f8901","organization_id":"564aa517-68b0-4fd7-8c8c-d21c4bcdcbd5","project_id":"564aa517-68b0-4fd7-8c8c-d21c4bcdcbd5","region":"fr-par","reverse":"195-154-69-67.lb.fr-par.scw.cloud","zone":"fr-par-1"}],"name":"test-lb","organization_id":"564aa517-68b0-4fd7-8c8c-d21c4bcdcbd5","private_network_count":0,"project_id":"564aa517-68b0-4fd7-8c8c-d21c4bcdcbd5","region":"fr-par","route_count":0,"ssl_compatibility_level":"ssl_compatibility_level_intermediate","status":"ready","subscriber":null,"tags":[],"type":"lb-s","updated_at":"2023-02-27T09:19:37.026546Z","zone":"fr-par-1"}'
    headers:
      Content-Length:
      - "1091"
      Content-Security-Policy:
      - default-src 'none'; frame-ancestors 'none'
      Content-Type:
      - application/json
      Date:
      - Mon, 27 Feb 2023 09:20:06 GMT
      Server:
      - Scaleway API-Gateway
      Strict-Transport-Security:
      - max-age=63072000
      X-Content-Type-Options:
      - nosniff
      X-Frame-Options:
      - DENY
      X-Request-Id:
      - 45127fe0-daf3-478a-a169-03b3de05e026
    status: 200 OK
    code: 200
    duration: ""
- request:
    body: ""
    form: {}
    headers:
      User-Agent:
      - scaleway-sdk-go/v1.0.0-beta.7+dev (go1.19.5; darwin; amd64) terraform-provider/develop
        terraform/terraform-tests
    url: https://api.scaleway.com/lb/v1/zones/fr-par-1/lbs/0251c501-6d56-4d25-a19f-66101d0f8901
    method: GET
  response:
    body: '{"backend_count":1,"created_at":"2023-02-27T09:19:35.290669Z","description":"","frontend_count":0,"id":"0251c501-6d56-4d25-a19f-66101d0f8901","instances":[{"created_at":"2023-02-27T09:15:47.006698Z","id":"50be09cc-f86c-4eda-9d2f-5f99f011fa20","ip_address":"10.69.18.87","region":"fr-par","status":"ready","updated_at":"2023-02-27T09:20:06.398186Z","zone":"fr-par-1"}],"ip":[{"id":"bb2edaa6-8a28-4a94-9c4b-0a8a3c4bcbda","ip_address":"195.154.69.67","lb_id":"0251c501-6d56-4d25-a19f-66101d0f8901","organization_id":"564aa517-68b0-4fd7-8c8c-d21c4bcdcbd5","project_id":"564aa517-68b0-4fd7-8c8c-d21c4bcdcbd5","region":"fr-par","reverse":"195-154-69-67.lb.fr-par.scw.cloud","zone":"fr-par-1"}],"name":"test-lb","organization_id":"564aa517-68b0-4fd7-8c8c-d21c4bcdcbd5","private_network_count":0,"project_id":"564aa517-68b0-4fd7-8c8c-d21c4bcdcbd5","region":"fr-par","route_count":0,"ssl_compatibility_level":"ssl_compatibility_level_intermediate","status":"ready","subscriber":null,"tags":[],"type":"lb-s","updated_at":"2023-02-27T09:19:37.026546Z","zone":"fr-par-1"}'
    headers:
      Content-Length:
      - "1091"
      Content-Security-Policy:
      - default-src 'none'; frame-ancestors 'none'
      Content-Type:
      - application/json
      Date:
      - Mon, 27 Feb 2023 09:20:06 GMT
      Server:
      - Scaleway API-Gateway
      Strict-Transport-Security:
      - max-age=63072000
      X-Content-Type-Options:
      - nosniff
      X-Frame-Options:
      - DENY
      X-Request-Id:
      - b6ab547d-7962-46ad-9270-18cecd946cd7
    status: 200 OK
    code: 200
    duration: ""
- request:
    body: '{"name":"tf-frontend-datasource0","inbound_port":50000,"backend_id":"72c87c01-b6eb-433b-b881-881ddd7a4f42","certificate_ids":null,"enable_http3":false,"timeout_client":null}'
    form: {}
    headers:
      Content-Type:
      - application/json
      User-Agent:
      - scaleway-sdk-go/v1.0.0-beta.7+dev (go1.19.5; darwin; amd64) terraform-provider/develop
        terraform/terraform-tests
    url: https://api.scaleway.com/lb/v1/zones/fr-par-1/lbs/0251c501-6d56-4d25-a19f-66101d0f8901/frontends
    method: POST
  response:
    body: '{"backend":{"created_at":"2023-02-27T09:20:06.095138Z","failover_host":null,"forward_port":80,"forward_port_algorithm":"roundrobin","forward_protocol":"http","health_check":{"check_delay":60000,"check_max_retries":2,"check_send_proxy":false,"check_timeout":30000,"port":80,"tcp_config":{}},"id":"72c87c01-b6eb-433b-b881-881ddd7a4f42","ignore_ssl_server_verify":false,"lb":{"backend_count":1,"created_at":"2023-02-27T09:19:35.290669Z","description":"","frontend_count":1,"id":"0251c501-6d56-4d25-a19f-66101d0f8901","instances":[],"ip":[{"id":"bb2edaa6-8a28-4a94-9c4b-0a8a3c4bcbda","ip_address":"195.154.69.67","lb_id":"0251c501-6d56-4d25-a19f-66101d0f8901","organization_id":"564aa517-68b0-4fd7-8c8c-d21c4bcdcbd5","project_id":"564aa517-68b0-4fd7-8c8c-d21c4bcdcbd5","region":"fr-par","reverse":"195-154-69-67.lb.fr-par.scw.cloud","zone":"fr-par-1"}],"name":"test-lb","organization_id":"564aa517-68b0-4fd7-8c8c-d21c4bcdcbd5","private_network_count":0,"project_id":"564aa517-68b0-4fd7-8c8c-d21c4bcdcbd5","region":"fr-par","route_count":0,"ssl_compatibility_level":"ssl_compatibility_level_intermediate","status":"ready","subscriber":null,"tags":[],"type":"lb-s","updated_at":"2023-02-27T09:19:37.026546Z","zone":"fr-par-1"},"name":"tf-lb-bkd-blissful-darwin","on_marked_down_action":"on_marked_down_action_none","pool":[],"proxy_protocol":"proxy_protocol_none","send_proxy_v2":false,"ssl_bridging":false,"sticky_sessions":"none","sticky_sessions_cookie_name":"","timeout_connect":null,"timeout_server":null,"timeout_tunnel":null,"updated_at":"2023-02-27T09:20:06.095138Z"},"certificate":null,"certificate_ids":[],"created_at":"2023-02-27T09:20:06.751011Z","enable_http3":false,"id":"5c50dde9-d409-480b-beb1-36bdbdef6873","inbound_port":50000,"lb":{"backend_count":1,"created_at":"2023-02-27T09:19:35.290669Z","description":"","frontend_count":1,"id":"0251c501-6d56-4d25-a19f-66101d0f8901","instances":[{"created_at":"2023-02-27T09:15:47.006698Z","id":"50be09cc-f86c-4eda-9d2f-5f99f011fa20","ip_address":"10.69.18.87","region":"fr-par","status":"pending","updated_at":"2023-02-27T09:20:06.821762360Z","zone":"fr-par-1"}],"ip":[{"id":"bb2edaa6-8a28-4a94-9c4b-0a8a3c4bcbda","ip_address":"195.154.69.67","lb_id":"0251c501-6d56-4d25-a19f-66101d0f8901","organization_id":"564aa517-68b0-4fd7-8c8c-d21c4bcdcbd5","project_id":"564aa517-68b0-4fd7-8c8c-d21c4bcdcbd5","region":"fr-par","reverse":"195-154-69-67.lb.fr-par.scw.cloud","zone":"fr-par-1"}],"name":"test-lb","organization_id":"564aa517-68b0-4fd7-8c8c-d21c4bcdcbd5","private_network_count":0,"project_id":"564aa517-68b0-4fd7-8c8c-d21c4bcdcbd5","region":"fr-par","route_count":0,"ssl_compatibility_level":"ssl_compatibility_level_intermediate","status":"ready","subscriber":null,"tags":[],"type":"lb-s","updated_at":"2023-02-27T09:19:37.026546Z","zone":"fr-par-1"},"name":"tf-frontend-datasource0","timeout_client":null,"updated_at":"2023-02-27T09:20:06.751011Z"}'
    headers:
      Content-Length:
      - "3000"
      Content-Security-Policy:
      - default-src 'none'; frame-ancestors 'none'
      Content-Type:
      - application/json
      Date:
      - Mon, 27 Feb 2023 09:20:06 GMT
      Server:
      - Scaleway API-Gateway
      Strict-Transport-Security:
      - max-age=63072000
      X-Content-Type-Options:
      - nosniff
      X-Frame-Options:
      - DENY
      X-Request-Id:
      - 383f5267-3002-46b7-9231-336058faddaf
    status: 200 OK
    code: 200
    duration: ""
- request:
    body: ""
    form: {}
    headers:
      User-Agent:
      - scaleway-sdk-go/v1.0.0-beta.7+dev (go1.19.5; darwin; amd64) terraform-provider/develop
        terraform/terraform-tests
    url: https://api.scaleway.com/lb/v1/zones/fr-par-1/frontends/5c50dde9-d409-480b-beb1-36bdbdef6873/acls?order_by=created_at_asc&page=1
    method: GET
  response:
    body: '{"acls":[],"total_count":0}'
    headers:
      Content-Length:
      - "28"
      Content-Security-Policy:
      - default-src 'none'; frame-ancestors 'none'
      Content-Type:
      - application/json
      Date:
      - Mon, 27 Feb 2023 09:20:07 GMT
      Server:
      - Scaleway API-Gateway
      Strict-Transport-Security:
      - max-age=63072000
      X-Content-Type-Options:
      - nosniff
      X-Frame-Options:
      - DENY
      X-Request-Id:
      - 56e8879b-16cd-439f-9c91-07bcf912f2bc
    status: 200 OK
    code: 200
    duration: ""
- request:
    body: ""
    form: {}
    headers:
      User-Agent:
      - scaleway-sdk-go/v1.0.0-beta.7+dev (go1.19.5; darwin; amd64) terraform-provider/develop
        terraform/terraform-tests
    url: https://api.scaleway.com/lb/v1/zones/fr-par-1/frontends/5c50dde9-d409-480b-beb1-36bdbdef6873
    method: GET
  response:
    body: '{"backend":{"created_at":"2023-02-27T09:20:06.095138Z","failover_host":null,"forward_port":80,"forward_port_algorithm":"roundrobin","forward_protocol":"http","health_check":{"check_delay":60000,"check_max_retries":2,"check_send_proxy":false,"check_timeout":30000,"port":80,"tcp_config":{}},"id":"72c87c01-b6eb-433b-b881-881ddd7a4f42","ignore_ssl_server_verify":false,"lb":{"backend_count":1,"created_at":"2023-02-27T09:19:35.290669Z","description":"","frontend_count":1,"id":"0251c501-6d56-4d25-a19f-66101d0f8901","instances":[],"ip":[{"id":"bb2edaa6-8a28-4a94-9c4b-0a8a3c4bcbda","ip_address":"195.154.69.67","lb_id":"0251c501-6d56-4d25-a19f-66101d0f8901","organization_id":"564aa517-68b0-4fd7-8c8c-d21c4bcdcbd5","project_id":"564aa517-68b0-4fd7-8c8c-d21c4bcdcbd5","region":"fr-par","reverse":"195-154-69-67.lb.fr-par.scw.cloud","zone":"fr-par-1"}],"name":"test-lb","organization_id":"564aa517-68b0-4fd7-8c8c-d21c4bcdcbd5","private_network_count":0,"project_id":"564aa517-68b0-4fd7-8c8c-d21c4bcdcbd5","region":"fr-par","route_count":0,"ssl_compatibility_level":"ssl_compatibility_level_intermediate","status":"ready","subscriber":null,"tags":[],"type":"lb-s","updated_at":"2023-02-27T09:19:37.026546Z","zone":"fr-par-1"},"name":"tf-lb-bkd-blissful-darwin","on_marked_down_action":"on_marked_down_action_none","pool":[],"proxy_protocol":"proxy_protocol_none","send_proxy_v2":false,"ssl_bridging":false,"sticky_sessions":"none","sticky_sessions_cookie_name":"","timeout_connect":null,"timeout_server":null,"timeout_tunnel":null,"updated_at":"2023-02-27T09:20:06.095138Z"},"certificate":null,"certificate_ids":[],"created_at":"2023-02-27T09:20:06.751011Z","enable_http3":false,"id":"5c50dde9-d409-480b-beb1-36bdbdef6873","inbound_port":50000,"lb":{"backend_count":1,"created_at":"2023-02-27T09:19:35.290669Z","description":"","frontend_count":1,"id":"0251c501-6d56-4d25-a19f-66101d0f8901","instances":[],"ip":[{"id":"bb2edaa6-8a28-4a94-9c4b-0a8a3c4bcbda","ip_address":"195.154.69.67","lb_id":"0251c501-6d56-4d25-a19f-66101d0f8901","organization_id":"564aa517-68b0-4fd7-8c8c-d21c4bcdcbd5","project_id":"564aa517-68b0-4fd7-8c8c-d21c4bcdcbd5","region":"fr-par","reverse":"195-154-69-67.lb.fr-par.scw.cloud","zone":"fr-par-1"}],"name":"test-lb","organization_id":"564aa517-68b0-4fd7-8c8c-d21c4bcdcbd5","private_network_count":0,"project_id":"564aa517-68b0-4fd7-8c8c-d21c4bcdcbd5","region":"fr-par","route_count":0,"ssl_compatibility_level":"ssl_compatibility_level_intermediate","status":"ready","subscriber":null,"tags":[],"type":"lb-s","updated_at":"2023-02-27T09:19:37.026546Z","zone":"fr-par-1"},"name":"tf-frontend-datasource0","timeout_client":null,"updated_at":"2023-02-27T09:20:06.751011Z"}'
    headers:
      Content-Length:
      - "2778"
      Content-Security-Policy:
      - default-src 'none'; frame-ancestors 'none'
      Content-Type:
      - application/json
      Date:
      - Mon, 27 Feb 2023 09:20:07 GMT
      Server:
      - Scaleway API-Gateway
      Strict-Transport-Security:
      - max-age=63072000
      X-Content-Type-Options:
      - nosniff
      X-Frame-Options:
      - DENY
      X-Request-Id:
      - c2cdb96a-139d-4351-ae18-ed02db84d92e
    status: 200 OK
    code: 200
    duration: ""
- request:
    body: ""
    form: {}
    headers:
      User-Agent:
      - scaleway-sdk-go/v1.0.0-beta.7+dev (go1.19.5; darwin; amd64) terraform-provider/develop
        terraform/terraform-tests
    url: https://api.scaleway.com/lb/v1/zones/fr-par-1/frontends/5c50dde9-d409-480b-beb1-36bdbdef6873/acls?order_by=created_at_asc&page=1
    method: GET
  response:
    body: '{"acls":[],"total_count":0}'
    headers:
      Content-Length:
      - "28"
      Content-Security-Policy:
      - default-src 'none'; frame-ancestors 'none'
      Content-Type:
      - application/json
      Date:
      - Mon, 27 Feb 2023 09:20:07 GMT
      Server:
      - Scaleway API-Gateway
      Strict-Transport-Security:
      - max-age=63072000
      X-Content-Type-Options:
      - nosniff
      X-Frame-Options:
      - DENY
      X-Request-Id:
      - a2d47427-b28b-412b-bac9-601e9d0e525f
    status: 200 OK
    code: 200
    duration: ""
- request:
    body: ""
    form: {}
    headers:
      User-Agent:
      - scaleway-sdk-go/v1.0.0-beta.7+dev (go1.19.5; darwin; amd64) terraform-provider/develop
        terraform/terraform-tests
    url: https://api.scaleway.com/lb/v1/zones/fr-par-1/ips/bb2edaa6-8a28-4a94-9c4b-0a8a3c4bcbda
    method: GET
  response:
    body: '{"id":"bb2edaa6-8a28-4a94-9c4b-0a8a3c4bcbda","ip_address":"195.154.69.67","lb_id":"0251c501-6d56-4d25-a19f-66101d0f8901","organization_id":"564aa517-68b0-4fd7-8c8c-d21c4bcdcbd5","project_id":"564aa517-68b0-4fd7-8c8c-d21c4bcdcbd5","region":"fr-par","reverse":"195-154-69-67.lb.fr-par.scw.cloud","zone":"fr-par-1"}'
    headers:
      Content-Length:
      - "319"
      Content-Security-Policy:
      - default-src 'none'; frame-ancestors 'none'
      Content-Type:
      - application/json
      Date:
      - Mon, 27 Feb 2023 09:20:07 GMT
      Server:
      - Scaleway API-Gateway
      Strict-Transport-Security:
      - max-age=63072000
      X-Content-Type-Options:
      - nosniff
      X-Frame-Options:
      - DENY
      X-Request-Id:
      - f59a76d3-283c-4284-8d97-c9da464fb931
    status: 200 OK
    code: 200
    duration: ""
- request:
    body: ""
    form: {}
    headers:
      User-Agent:
      - scaleway-sdk-go/v1.0.0-beta.7+dev (go1.19.5; darwin; amd64) terraform-provider/develop
        terraform/terraform-tests
    url: https://api.scaleway.com/lb/v1/zones/fr-par-1/lbs/0251c501-6d56-4d25-a19f-66101d0f8901
    method: GET
  response:
    body: '{"backend_count":1,"created_at":"2023-02-27T09:19:35.290669Z","description":"","frontend_count":1,"id":"0251c501-6d56-4d25-a19f-66101d0f8901","instances":[{"created_at":"2023-02-27T09:15:47.006698Z","id":"50be09cc-f86c-4eda-9d2f-5f99f011fa20","ip_address":"10.69.18.87","region":"fr-par","status":"ready","updated_at":"2023-02-27T09:20:07.115529Z","zone":"fr-par-1"}],"ip":[{"id":"bb2edaa6-8a28-4a94-9c4b-0a8a3c4bcbda","ip_address":"195.154.69.67","lb_id":"0251c501-6d56-4d25-a19f-66101d0f8901","organization_id":"564aa517-68b0-4fd7-8c8c-d21c4bcdcbd5","project_id":"564aa517-68b0-4fd7-8c8c-d21c4bcdcbd5","region":"fr-par","reverse":"195-154-69-67.lb.fr-par.scw.cloud","zone":"fr-par-1"}],"name":"test-lb","organization_id":"564aa517-68b0-4fd7-8c8c-d21c4bcdcbd5","private_network_count":0,"project_id":"564aa517-68b0-4fd7-8c8c-d21c4bcdcbd5","region":"fr-par","route_count":0,"ssl_compatibility_level":"ssl_compatibility_level_intermediate","status":"ready","subscriber":null,"tags":[],"type":"lb-s","updated_at":"2023-02-27T09:19:37.026546Z","zone":"fr-par-1"}'
    headers:
      Content-Length:
      - "1091"
      Content-Security-Policy:
      - default-src 'none'; frame-ancestors 'none'
      Content-Type:
      - application/json
      Date:
      - Mon, 27 Feb 2023 09:20:07 GMT
      Server:
      - Scaleway API-Gateway
      Strict-Transport-Security:
      - max-age=63072000
      X-Content-Type-Options:
      - nosniff
      X-Frame-Options:
      - DENY
      X-Request-Id:
      - 277936df-d234-4efe-9918-1756a4af6bc0
    status: 200 OK
    code: 200
    duration: ""
- request:
    body: ""
    form: {}
    headers:
      User-Agent:
      - scaleway-sdk-go/v1.0.0-beta.7+dev (go1.19.5; darwin; amd64) terraform-provider/develop
        terraform/terraform-tests
    url: https://api.scaleway.com/lb/v1/zones/fr-par-1/lbs/0251c501-6d56-4d25-a19f-66101d0f8901
    method: GET
  response:
    body: '{"backend_count":1,"created_at":"2023-02-27T09:19:35.290669Z","description":"","frontend_count":1,"id":"0251c501-6d56-4d25-a19f-66101d0f8901","instances":[{"created_at":"2023-02-27T09:15:47.006698Z","id":"50be09cc-f86c-4eda-9d2f-5f99f011fa20","ip_address":"10.69.18.87","region":"fr-par","status":"ready","updated_at":"2023-02-27T09:20:07.115529Z","zone":"fr-par-1"}],"ip":[{"id":"bb2edaa6-8a28-4a94-9c4b-0a8a3c4bcbda","ip_address":"195.154.69.67","lb_id":"0251c501-6d56-4d25-a19f-66101d0f8901","organization_id":"564aa517-68b0-4fd7-8c8c-d21c4bcdcbd5","project_id":"564aa517-68b0-4fd7-8c8c-d21c4bcdcbd5","region":"fr-par","reverse":"195-154-69-67.lb.fr-par.scw.cloud","zone":"fr-par-1"}],"name":"test-lb","organization_id":"564aa517-68b0-4fd7-8c8c-d21c4bcdcbd5","private_network_count":0,"project_id":"564aa517-68b0-4fd7-8c8c-d21c4bcdcbd5","region":"fr-par","route_count":0,"ssl_compatibility_level":"ssl_compatibility_level_intermediate","status":"ready","subscriber":null,"tags":[],"type":"lb-s","updated_at":"2023-02-27T09:19:37.026546Z","zone":"fr-par-1"}'
    headers:
      Content-Length:
      - "1091"
      Content-Security-Policy:
      - default-src 'none'; frame-ancestors 'none'
      Content-Type:
      - application/json
      Date:
      - Mon, 27 Feb 2023 09:20:07 GMT
      Server:
      - Scaleway API-Gateway
      Strict-Transport-Security:
      - max-age=63072000
      X-Content-Type-Options:
      - nosniff
      X-Frame-Options:
      - DENY
      X-Request-Id:
      - a8f15784-8b34-4ddc-9292-6e0c11c4638d
    status: 200 OK
    code: 200
    duration: ""
- request:
    body: ""
    form: {}
    headers:
      User-Agent:
      - scaleway-sdk-go/v1.0.0-beta.7+dev (go1.19.5; darwin; amd64) terraform-provider/develop
        terraform/terraform-tests
    url: https://api.scaleway.com/lb/v1/zones/fr-par-1/lbs/0251c501-6d56-4d25-a19f-66101d0f8901/private-networks?order_by=created_at_asc
    method: GET
  response:
    body: '{"private_network":[],"total_count":0}'
    headers:
      Content-Length:
      - "39"
      Content-Security-Policy:
      - default-src 'none'; frame-ancestors 'none'
      Content-Type:
      - application/json
      Date:
      - Mon, 27 Feb 2023 09:20:07 GMT
      Server:
      - Scaleway API-Gateway
      Strict-Transport-Security:
      - max-age=63072000
      X-Content-Type-Options:
      - nosniff
      X-Frame-Options:
      - DENY
      X-Request-Id:
      - c1572060-af2d-489d-b3a8-632bc40f8f48
    status: 200 OK
    code: 200
    duration: ""
- request:
    body: ""
    form: {}
    headers:
      User-Agent:
      - scaleway-sdk-go/v1.0.0-beta.7+dev (go1.19.5; darwin; amd64) terraform-provider/develop
        terraform/terraform-tests
    url: https://api.scaleway.com/lb/v1/zones/fr-par-1/backends/72c87c01-b6eb-433b-b881-881ddd7a4f42
    method: GET
  response:
    body: '{"created_at":"2023-02-27T09:20:06.095138Z","failover_host":null,"forward_port":80,"forward_port_algorithm":"roundrobin","forward_protocol":"http","health_check":{"check_delay":60000,"check_max_retries":2,"check_send_proxy":false,"check_timeout":30000,"port":80,"tcp_config":{}},"id":"72c87c01-b6eb-433b-b881-881ddd7a4f42","ignore_ssl_server_verify":false,"lb":{"backend_count":1,"created_at":"2023-02-27T09:19:35.290669Z","description":"","frontend_count":1,"id":"0251c501-6d56-4d25-a19f-66101d0f8901","instances":[{"created_at":"2023-02-27T09:15:47.006698Z","id":"50be09cc-f86c-4eda-9d2f-5f99f011fa20","ip_address":"10.69.18.87","region":"fr-par","status":"ready","updated_at":"2023-02-27T09:20:07.115529Z","zone":"fr-par-1"}],"ip":[{"id":"bb2edaa6-8a28-4a94-9c4b-0a8a3c4bcbda","ip_address":"195.154.69.67","lb_id":"0251c501-6d56-4d25-a19f-66101d0f8901","organization_id":"564aa517-68b0-4fd7-8c8c-d21c4bcdcbd5","project_id":"564aa517-68b0-4fd7-8c8c-d21c4bcdcbd5","region":"fr-par","reverse":"195-154-69-67.lb.fr-par.scw.cloud","zone":"fr-par-1"}],"name":"test-lb","organization_id":"564aa517-68b0-4fd7-8c8c-d21c4bcdcbd5","private_network_count":0,"project_id":"564aa517-68b0-4fd7-8c8c-d21c4bcdcbd5","region":"fr-par","route_count":0,"ssl_compatibility_level":"ssl_compatibility_level_intermediate","status":"ready","subscriber":null,"tags":[],"type":"lb-s","updated_at":"2023-02-27T09:19:37.026546Z","zone":"fr-par-1"},"name":"tf-lb-bkd-blissful-darwin","on_marked_down_action":"on_marked_down_action_none","pool":[],"proxy_protocol":"proxy_protocol_none","send_proxy_v2":false,"ssl_bridging":false,"sticky_sessions":"none","sticky_sessions_cookie_name":"","timeout_connect":null,"timeout_server":null,"timeout_tunnel":null,"updated_at":"2023-02-27T09:20:06.095138Z"}'
    headers:
      Content-Length:
      - "1826"
      Content-Security-Policy:
      - default-src 'none'; frame-ancestors 'none'
      Content-Type:
      - application/json
      Date:
      - Mon, 27 Feb 2023 09:20:07 GMT
      Server:
      - Scaleway API-Gateway
      Strict-Transport-Security:
      - max-age=63072000
      X-Content-Type-Options:
      - nosniff
      X-Frame-Options:
      - DENY
      X-Request-Id:
      - d75c09a5-19b3-4204-a71b-182a4f2be9fb
    status: 200 OK
    code: 200
    duration: ""
- request:
    body: ""
    form: {}
    headers:
      User-Agent:
      - scaleway-sdk-go/v1.0.0-beta.7+dev (go1.19.5; darwin; amd64) terraform-provider/develop
        terraform/terraform-tests
    url: https://api.scaleway.com/lb/v1/zones/fr-par-1/lbs/0251c501-6d56-4d25-a19f-66101d0f8901
    method: GET
  response:
    body: '{"backend_count":1,"created_at":"2023-02-27T09:19:35.290669Z","description":"","frontend_count":1,"id":"0251c501-6d56-4d25-a19f-66101d0f8901","instances":[{"created_at":"2023-02-27T09:15:47.006698Z","id":"50be09cc-f86c-4eda-9d2f-5f99f011fa20","ip_address":"10.69.18.87","region":"fr-par","status":"ready","updated_at":"2023-02-27T09:20:07.115529Z","zone":"fr-par-1"}],"ip":[{"id":"bb2edaa6-8a28-4a94-9c4b-0a8a3c4bcbda","ip_address":"195.154.69.67","lb_id":"0251c501-6d56-4d25-a19f-66101d0f8901","organization_id":"564aa517-68b0-4fd7-8c8c-d21c4bcdcbd5","project_id":"564aa517-68b0-4fd7-8c8c-d21c4bcdcbd5","region":"fr-par","reverse":"195-154-69-67.lb.fr-par.scw.cloud","zone":"fr-par-1"}],"name":"test-lb","organization_id":"564aa517-68b0-4fd7-8c8c-d21c4bcdcbd5","private_network_count":0,"project_id":"564aa517-68b0-4fd7-8c8c-d21c4bcdcbd5","region":"fr-par","route_count":0,"ssl_compatibility_level":"ssl_compatibility_level_intermediate","status":"ready","subscriber":null,"tags":[],"type":"lb-s","updated_at":"2023-02-27T09:19:37.026546Z","zone":"fr-par-1"}'
    headers:
      Content-Length:
      - "1091"
      Content-Security-Policy:
      - default-src 'none'; frame-ancestors 'none'
      Content-Type:
      - application/json
      Date:
      - Mon, 27 Feb 2023 09:20:08 GMT
      Server:
      - Scaleway API-Gateway
      Strict-Transport-Security:
      - max-age=63072000
      X-Content-Type-Options:
      - nosniff
      X-Frame-Options:
      - DENY
      X-Request-Id:
      - 7f31db80-c2f0-40ab-b43d-4eaa5fedc43e
    status: 200 OK
    code: 200
    duration: ""
- request:
    body: ""
    form: {}
    headers:
      User-Agent:
      - scaleway-sdk-go/v1.0.0-beta.7+dev (go1.19.5; darwin; amd64) terraform-provider/develop
        terraform/terraform-tests
    url: https://api.scaleway.com/lb/v1/zones/fr-par-1/frontends/5c50dde9-d409-480b-beb1-36bdbdef6873
    method: GET
  response:
    body: '{"backend":{"created_at":"2023-02-27T09:20:06.095138Z","failover_host":null,"forward_port":80,"forward_port_algorithm":"roundrobin","forward_protocol":"http","health_check":{"check_delay":60000,"check_max_retries":2,"check_send_proxy":false,"check_timeout":30000,"port":80,"tcp_config":{}},"id":"72c87c01-b6eb-433b-b881-881ddd7a4f42","ignore_ssl_server_verify":false,"lb":{"backend_count":1,"created_at":"2023-02-27T09:19:35.290669Z","description":"","frontend_count":1,"id":"0251c501-6d56-4d25-a19f-66101d0f8901","instances":[],"ip":[{"id":"bb2edaa6-8a28-4a94-9c4b-0a8a3c4bcbda","ip_address":"195.154.69.67","lb_id":"0251c501-6d56-4d25-a19f-66101d0f8901","organization_id":"564aa517-68b0-4fd7-8c8c-d21c4bcdcbd5","project_id":"564aa517-68b0-4fd7-8c8c-d21c4bcdcbd5","region":"fr-par","reverse":"195-154-69-67.lb.fr-par.scw.cloud","zone":"fr-par-1"}],"name":"test-lb","organization_id":"564aa517-68b0-4fd7-8c8c-d21c4bcdcbd5","private_network_count":0,"project_id":"564aa517-68b0-4fd7-8c8c-d21c4bcdcbd5","region":"fr-par","route_count":0,"ssl_compatibility_level":"ssl_compatibility_level_intermediate","status":"ready","subscriber":null,"tags":[],"type":"lb-s","updated_at":"2023-02-27T09:19:37.026546Z","zone":"fr-par-1"},"name":"tf-lb-bkd-blissful-darwin","on_marked_down_action":"on_marked_down_action_none","pool":[],"proxy_protocol":"proxy_protocol_none","send_proxy_v2":false,"ssl_bridging":false,"sticky_sessions":"none","sticky_sessions_cookie_name":"","timeout_connect":null,"timeout_server":null,"timeout_tunnel":null,"updated_at":"2023-02-27T09:20:06.095138Z"},"certificate":null,"certificate_ids":[],"created_at":"2023-02-27T09:20:06.751011Z","enable_http3":false,"id":"5c50dde9-d409-480b-beb1-36bdbdef6873","inbound_port":50000,"lb":{"backend_count":1,"created_at":"2023-02-27T09:19:35.290669Z","description":"","frontend_count":1,"id":"0251c501-6d56-4d25-a19f-66101d0f8901","instances":[],"ip":[{"id":"bb2edaa6-8a28-4a94-9c4b-0a8a3c4bcbda","ip_address":"195.154.69.67","lb_id":"0251c501-6d56-4d25-a19f-66101d0f8901","organization_id":"564aa517-68b0-4fd7-8c8c-d21c4bcdcbd5","project_id":"564aa517-68b0-4fd7-8c8c-d21c4bcdcbd5","region":"fr-par","reverse":"195-154-69-67.lb.fr-par.scw.cloud","zone":"fr-par-1"}],"name":"test-lb","organization_id":"564aa517-68b0-4fd7-8c8c-d21c4bcdcbd5","private_network_count":0,"project_id":"564aa517-68b0-4fd7-8c8c-d21c4bcdcbd5","region":"fr-par","route_count":0,"ssl_compatibility_level":"ssl_compatibility_level_intermediate","status":"ready","subscriber":null,"tags":[],"type":"lb-s","updated_at":"2023-02-27T09:19:37.026546Z","zone":"fr-par-1"},"name":"tf-frontend-datasource0","timeout_client":null,"updated_at":"2023-02-27T09:20:06.751011Z"}'
    headers:
      Content-Length:
      - "2778"
      Content-Security-Policy:
      - default-src 'none'; frame-ancestors 'none'
      Content-Type:
      - application/json
      Date:
      - Mon, 27 Feb 2023 09:20:08 GMT
      Server:
      - Scaleway API-Gateway
      Strict-Transport-Security:
      - max-age=63072000
      X-Content-Type-Options:
      - nosniff
      X-Frame-Options:
      - DENY
      X-Request-Id:
      - c53098fa-d17b-4492-ac4d-bebf791d6f4a
    status: 200 OK
    code: 200
    duration: ""
- request:
    body: ""
    form: {}
    headers:
      User-Agent:
      - scaleway-sdk-go/v1.0.0-beta.7+dev (go1.19.5; darwin; amd64) terraform-provider/develop
        terraform/terraform-tests
    url: https://api.scaleway.com/lb/v1/zones/fr-par-1/frontends/5c50dde9-d409-480b-beb1-36bdbdef6873/acls?order_by=created_at_asc&page=1
    method: GET
  response:
    body: '{"acls":[],"total_count":0}'
    headers:
      Content-Length:
      - "28"
      Content-Security-Policy:
      - default-src 'none'; frame-ancestors 'none'
      Content-Type:
      - application/json
      Date:
      - Mon, 27 Feb 2023 09:20:08 GMT
      Server:
      - Scaleway API-Gateway
      Strict-Transport-Security:
      - max-age=63072000
      X-Content-Type-Options:
      - nosniff
      X-Frame-Options:
      - DENY
      X-Request-Id:
      - 5cccf9bc-8a99-4217-833e-b273aa0ea58b
    status: 200 OK
    code: 200
    duration: ""
- request:
    body: ""
    form: {}
    headers:
      User-Agent:
      - scaleway-sdk-go/v1.0.0-beta.7+dev (go1.19.5; darwin; amd64) terraform-provider/develop
        terraform/terraform-tests
    url: https://api.scaleway.com/lb/v1/zones/fr-par-1/ips/bb2edaa6-8a28-4a94-9c4b-0a8a3c4bcbda
    method: GET
  response:
    body: '{"id":"bb2edaa6-8a28-4a94-9c4b-0a8a3c4bcbda","ip_address":"195.154.69.67","lb_id":"0251c501-6d56-4d25-a19f-66101d0f8901","organization_id":"564aa517-68b0-4fd7-8c8c-d21c4bcdcbd5","project_id":"564aa517-68b0-4fd7-8c8c-d21c4bcdcbd5","region":"fr-par","reverse":"195-154-69-67.lb.fr-par.scw.cloud","zone":"fr-par-1"}'
    headers:
      Content-Length:
      - "319"
      Content-Security-Policy:
      - default-src 'none'; frame-ancestors 'none'
      Content-Type:
      - application/json
      Date:
      - Mon, 27 Feb 2023 09:20:08 GMT
      Server:
      - Scaleway API-Gateway
      Strict-Transport-Security:
      - max-age=63072000
      X-Content-Type-Options:
      - nosniff
      X-Frame-Options:
      - DENY
      X-Request-Id:
      - da2cd842-3406-4327-a437-3348da9329d9
    status: 200 OK
    code: 200
    duration: ""
- request:
    body: ""
    form: {}
    headers:
      User-Agent:
      - scaleway-sdk-go/v1.0.0-beta.7+dev (go1.19.5; darwin; amd64) terraform-provider/develop
        terraform/terraform-tests
    url: https://api.scaleway.com/lb/v1/zones/fr-par-1/lbs/0251c501-6d56-4d25-a19f-66101d0f8901
    method: GET
  response:
    body: '{"backend_count":1,"created_at":"2023-02-27T09:19:35.290669Z","description":"","frontend_count":1,"id":"0251c501-6d56-4d25-a19f-66101d0f8901","instances":[{"created_at":"2023-02-27T09:15:47.006698Z","id":"50be09cc-f86c-4eda-9d2f-5f99f011fa20","ip_address":"10.69.18.87","region":"fr-par","status":"ready","updated_at":"2023-02-27T09:20:07.115529Z","zone":"fr-par-1"}],"ip":[{"id":"bb2edaa6-8a28-4a94-9c4b-0a8a3c4bcbda","ip_address":"195.154.69.67","lb_id":"0251c501-6d56-4d25-a19f-66101d0f8901","organization_id":"564aa517-68b0-4fd7-8c8c-d21c4bcdcbd5","project_id":"564aa517-68b0-4fd7-8c8c-d21c4bcdcbd5","region":"fr-par","reverse":"195-154-69-67.lb.fr-par.scw.cloud","zone":"fr-par-1"}],"name":"test-lb","organization_id":"564aa517-68b0-4fd7-8c8c-d21c4bcdcbd5","private_network_count":0,"project_id":"564aa517-68b0-4fd7-8c8c-d21c4bcdcbd5","region":"fr-par","route_count":0,"ssl_compatibility_level":"ssl_compatibility_level_intermediate","status":"ready","subscriber":null,"tags":[],"type":"lb-s","updated_at":"2023-02-27T09:19:37.026546Z","zone":"fr-par-1"}'
    headers:
      Content-Length:
      - "1091"
      Content-Security-Policy:
      - default-src 'none'; frame-ancestors 'none'
      Content-Type:
      - application/json
      Date:
      - Mon, 27 Feb 2023 09:20:08 GMT
      Server:
      - Scaleway API-Gateway
      Strict-Transport-Security:
      - max-age=63072000
      X-Content-Type-Options:
      - nosniff
      X-Frame-Options:
      - DENY
      X-Request-Id:
      - f3b83c1a-c9ea-4e2c-a262-87c51d1af38f
    status: 200 OK
    code: 200
    duration: ""
- request:
    body: ""
    form: {}
    headers:
      User-Agent:
      - scaleway-sdk-go/v1.0.0-beta.7+dev (go1.19.5; darwin; amd64) terraform-provider/develop
        terraform/terraform-tests
    url: https://api.scaleway.com/lb/v1/zones/fr-par-1/lbs/0251c501-6d56-4d25-a19f-66101d0f8901
    method: GET
  response:
    body: '{"backend_count":1,"created_at":"2023-02-27T09:19:35.290669Z","description":"","frontend_count":1,"id":"0251c501-6d56-4d25-a19f-66101d0f8901","instances":[{"created_at":"2023-02-27T09:15:47.006698Z","id":"50be09cc-f86c-4eda-9d2f-5f99f011fa20","ip_address":"10.69.18.87","region":"fr-par","status":"ready","updated_at":"2023-02-27T09:20:07.115529Z","zone":"fr-par-1"}],"ip":[{"id":"bb2edaa6-8a28-4a94-9c4b-0a8a3c4bcbda","ip_address":"195.154.69.67","lb_id":"0251c501-6d56-4d25-a19f-66101d0f8901","organization_id":"564aa517-68b0-4fd7-8c8c-d21c4bcdcbd5","project_id":"564aa517-68b0-4fd7-8c8c-d21c4bcdcbd5","region":"fr-par","reverse":"195-154-69-67.lb.fr-par.scw.cloud","zone":"fr-par-1"}],"name":"test-lb","organization_id":"564aa517-68b0-4fd7-8c8c-d21c4bcdcbd5","private_network_count":0,"project_id":"564aa517-68b0-4fd7-8c8c-d21c4bcdcbd5","region":"fr-par","route_count":0,"ssl_compatibility_level":"ssl_compatibility_level_intermediate","status":"ready","subscriber":null,"tags":[],"type":"lb-s","updated_at":"2023-02-27T09:19:37.026546Z","zone":"fr-par-1"}'
    headers:
      Content-Length:
      - "1091"
      Content-Security-Policy:
      - default-src 'none'; frame-ancestors 'none'
      Content-Type:
      - application/json
      Date:
      - Mon, 27 Feb 2023 09:20:08 GMT
      Server:
      - Scaleway API-Gateway
      Strict-Transport-Security:
      - max-age=63072000
      X-Content-Type-Options:
      - nosniff
      X-Frame-Options:
      - DENY
      X-Request-Id:
      - 22aad2e5-f09d-426a-b312-addebeb325fd
    status: 200 OK
    code: 200
    duration: ""
- request:
    body: ""
    form: {}
    headers:
      User-Agent:
      - scaleway-sdk-go/v1.0.0-beta.7+dev (go1.19.5; darwin; amd64) terraform-provider/develop
        terraform/terraform-tests
    url: https://api.scaleway.com/lb/v1/zones/fr-par-1/lbs/0251c501-6d56-4d25-a19f-66101d0f8901/private-networks?order_by=created_at_asc
    method: GET
  response:
    body: '{"private_network":[],"total_count":0}'
    headers:
      Content-Length:
      - "39"
      Content-Security-Policy:
      - default-src 'none'; frame-ancestors 'none'
      Content-Type:
      - application/json
      Date:
      - Mon, 27 Feb 2023 09:20:08 GMT
      Server:
      - Scaleway API-Gateway
      Strict-Transport-Security:
      - max-age=63072000
      X-Content-Type-Options:
      - nosniff
      X-Frame-Options:
      - DENY
      X-Request-Id:
      - b72e8b03-7810-4fbe-9b10-3d72315277c6
    status: 200 OK
    code: 200
    duration: ""
- request:
    body: ""
    form: {}
    headers:
      User-Agent:
      - scaleway-sdk-go/v1.0.0-beta.7+dev (go1.19.5; darwin; amd64) terraform-provider/develop
        terraform/terraform-tests
    url: https://api.scaleway.com/lb/v1/zones/fr-par-1/backends/72c87c01-b6eb-433b-b881-881ddd7a4f42
    method: GET
  response:
    body: '{"created_at":"2023-02-27T09:20:06.095138Z","failover_host":null,"forward_port":80,"forward_port_algorithm":"roundrobin","forward_protocol":"http","health_check":{"check_delay":60000,"check_max_retries":2,"check_send_proxy":false,"check_timeout":30000,"port":80,"tcp_config":{}},"id":"72c87c01-b6eb-433b-b881-881ddd7a4f42","ignore_ssl_server_verify":false,"lb":{"backend_count":1,"created_at":"2023-02-27T09:19:35.290669Z","description":"","frontend_count":1,"id":"0251c501-6d56-4d25-a19f-66101d0f8901","instances":[{"created_at":"2023-02-27T09:15:47.006698Z","id":"50be09cc-f86c-4eda-9d2f-5f99f011fa20","ip_address":"10.69.18.87","region":"fr-par","status":"ready","updated_at":"2023-02-27T09:20:07.115529Z","zone":"fr-par-1"}],"ip":[{"id":"bb2edaa6-8a28-4a94-9c4b-0a8a3c4bcbda","ip_address":"195.154.69.67","lb_id":"0251c501-6d56-4d25-a19f-66101d0f8901","organization_id":"564aa517-68b0-4fd7-8c8c-d21c4bcdcbd5","project_id":"564aa517-68b0-4fd7-8c8c-d21c4bcdcbd5","region":"fr-par","reverse":"195-154-69-67.lb.fr-par.scw.cloud","zone":"fr-par-1"}],"name":"test-lb","organization_id":"564aa517-68b0-4fd7-8c8c-d21c4bcdcbd5","private_network_count":0,"project_id":"564aa517-68b0-4fd7-8c8c-d21c4bcdcbd5","region":"fr-par","route_count":0,"ssl_compatibility_level":"ssl_compatibility_level_intermediate","status":"ready","subscriber":null,"tags":[],"type":"lb-s","updated_at":"2023-02-27T09:19:37.026546Z","zone":"fr-par-1"},"name":"tf-lb-bkd-blissful-darwin","on_marked_down_action":"on_marked_down_action_none","pool":[],"proxy_protocol":"proxy_protocol_none","send_proxy_v2":false,"ssl_bridging":false,"sticky_sessions":"none","sticky_sessions_cookie_name":"","timeout_connect":null,"timeout_server":null,"timeout_tunnel":null,"updated_at":"2023-02-27T09:20:06.095138Z"}'
    headers:
      Content-Length:
      - "1826"
      Content-Security-Policy:
      - default-src 'none'; frame-ancestors 'none'
      Content-Type:
      - application/json
      Date:
      - Mon, 27 Feb 2023 09:20:08 GMT
      Server:
      - Scaleway API-Gateway
      Strict-Transport-Security:
      - max-age=63072000
      X-Content-Type-Options:
      - nosniff
      X-Frame-Options:
      - DENY
      X-Request-Id:
      - 5ed563ba-73ea-403b-bb28-8370f993cb02
    status: 200 OK
    code: 200
    duration: ""
- request:
    body: ""
    form: {}
    headers:
      User-Agent:
      - scaleway-sdk-go/v1.0.0-beta.7+dev (go1.19.5; darwin; amd64) terraform-provider/develop
        terraform/terraform-tests
    url: https://api.scaleway.com/lb/v1/zones/fr-par-1/lbs/0251c501-6d56-4d25-a19f-66101d0f8901
    method: GET
  response:
    body: '{"backend_count":1,"created_at":"2023-02-27T09:19:35.290669Z","description":"","frontend_count":1,"id":"0251c501-6d56-4d25-a19f-66101d0f8901","instances":[{"created_at":"2023-02-27T09:15:47.006698Z","id":"50be09cc-f86c-4eda-9d2f-5f99f011fa20","ip_address":"10.69.18.87","region":"fr-par","status":"ready","updated_at":"2023-02-27T09:20:07.115529Z","zone":"fr-par-1"}],"ip":[{"id":"bb2edaa6-8a28-4a94-9c4b-0a8a3c4bcbda","ip_address":"195.154.69.67","lb_id":"0251c501-6d56-4d25-a19f-66101d0f8901","organization_id":"564aa517-68b0-4fd7-8c8c-d21c4bcdcbd5","project_id":"564aa517-68b0-4fd7-8c8c-d21c4bcdcbd5","region":"fr-par","reverse":"195-154-69-67.lb.fr-par.scw.cloud","zone":"fr-par-1"}],"name":"test-lb","organization_id":"564aa517-68b0-4fd7-8c8c-d21c4bcdcbd5","private_network_count":0,"project_id":"564aa517-68b0-4fd7-8c8c-d21c4bcdcbd5","region":"fr-par","route_count":0,"ssl_compatibility_level":"ssl_compatibility_level_intermediate","status":"ready","subscriber":null,"tags":[],"type":"lb-s","updated_at":"2023-02-27T09:19:37.026546Z","zone":"fr-par-1"}'
    headers:
      Content-Length:
      - "1091"
      Content-Security-Policy:
      - default-src 'none'; frame-ancestors 'none'
      Content-Type:
      - application/json
      Date:
      - Mon, 27 Feb 2023 09:20:08 GMT
      Server:
      - Scaleway API-Gateway
      Strict-Transport-Security:
      - max-age=63072000
      X-Content-Type-Options:
      - nosniff
      X-Frame-Options:
      - DENY
      X-Request-Id:
      - 4be7b4eb-8f43-4061-89ab-066833945d42
    status: 200 OK
    code: 200
    duration: ""
- request:
    body: ""
    form: {}
    headers:
      User-Agent:
      - scaleway-sdk-go/v1.0.0-beta.7+dev (go1.19.5; darwin; amd64) terraform-provider/develop
        terraform/terraform-tests
    url: https://api.scaleway.com/lb/v1/zones/fr-par-1/frontends/5c50dde9-d409-480b-beb1-36bdbdef6873
    method: GET
  response:
    body: '{"backend":{"created_at":"2023-02-27T09:20:06.095138Z","failover_host":null,"forward_port":80,"forward_port_algorithm":"roundrobin","forward_protocol":"http","health_check":{"check_delay":60000,"check_max_retries":2,"check_send_proxy":false,"check_timeout":30000,"port":80,"tcp_config":{}},"id":"72c87c01-b6eb-433b-b881-881ddd7a4f42","ignore_ssl_server_verify":false,"lb":{"backend_count":1,"created_at":"2023-02-27T09:19:35.290669Z","description":"","frontend_count":1,"id":"0251c501-6d56-4d25-a19f-66101d0f8901","instances":[],"ip":[{"id":"bb2edaa6-8a28-4a94-9c4b-0a8a3c4bcbda","ip_address":"195.154.69.67","lb_id":"0251c501-6d56-4d25-a19f-66101d0f8901","organization_id":"564aa517-68b0-4fd7-8c8c-d21c4bcdcbd5","project_id":"564aa517-68b0-4fd7-8c8c-d21c4bcdcbd5","region":"fr-par","reverse":"195-154-69-67.lb.fr-par.scw.cloud","zone":"fr-par-1"}],"name":"test-lb","organization_id":"564aa517-68b0-4fd7-8c8c-d21c4bcdcbd5","private_network_count":0,"project_id":"564aa517-68b0-4fd7-8c8c-d21c4bcdcbd5","region":"fr-par","route_count":0,"ssl_compatibility_level":"ssl_compatibility_level_intermediate","status":"ready","subscriber":null,"tags":[],"type":"lb-s","updated_at":"2023-02-27T09:19:37.026546Z","zone":"fr-par-1"},"name":"tf-lb-bkd-blissful-darwin","on_marked_down_action":"on_marked_down_action_none","pool":[],"proxy_protocol":"proxy_protocol_none","send_proxy_v2":false,"ssl_bridging":false,"sticky_sessions":"none","sticky_sessions_cookie_name":"","timeout_connect":null,"timeout_server":null,"timeout_tunnel":null,"updated_at":"2023-02-27T09:20:06.095138Z"},"certificate":null,"certificate_ids":[],"created_at":"2023-02-27T09:20:06.751011Z","enable_http3":false,"id":"5c50dde9-d409-480b-beb1-36bdbdef6873","inbound_port":50000,"lb":{"backend_count":1,"created_at":"2023-02-27T09:19:35.290669Z","description":"","frontend_count":1,"id":"0251c501-6d56-4d25-a19f-66101d0f8901","instances":[],"ip":[{"id":"bb2edaa6-8a28-4a94-9c4b-0a8a3c4bcbda","ip_address":"195.154.69.67","lb_id":"0251c501-6d56-4d25-a19f-66101d0f8901","organization_id":"564aa517-68b0-4fd7-8c8c-d21c4bcdcbd5","project_id":"564aa517-68b0-4fd7-8c8c-d21c4bcdcbd5","region":"fr-par","reverse":"195-154-69-67.lb.fr-par.scw.cloud","zone":"fr-par-1"}],"name":"test-lb","organization_id":"564aa517-68b0-4fd7-8c8c-d21c4bcdcbd5","private_network_count":0,"project_id":"564aa517-68b0-4fd7-8c8c-d21c4bcdcbd5","region":"fr-par","route_count":0,"ssl_compatibility_level":"ssl_compatibility_level_intermediate","status":"ready","subscriber":null,"tags":[],"type":"lb-s","updated_at":"2023-02-27T09:19:37.026546Z","zone":"fr-par-1"},"name":"tf-frontend-datasource0","timeout_client":null,"updated_at":"2023-02-27T09:20:06.751011Z"}'
    headers:
      Content-Length:
      - "2778"
      Content-Security-Policy:
      - default-src 'none'; frame-ancestors 'none'
      Content-Type:
      - application/json
      Date:
      - Mon, 27 Feb 2023 09:20:08 GMT
      Server:
      - Scaleway API-Gateway
      Strict-Transport-Security:
      - max-age=63072000
      X-Content-Type-Options:
      - nosniff
      X-Frame-Options:
      - DENY
      X-Request-Id:
      - 67b8cfd9-a93e-4527-8ffd-f116fb794626
    status: 200 OK
    code: 200
    duration: ""
- request:
    body: ""
    form: {}
    headers:
      User-Agent:
      - scaleway-sdk-go/v1.0.0-beta.7+dev (go1.19.5; darwin; amd64) terraform-provider/develop
        terraform/terraform-tests
    url: https://api.scaleway.com/lb/v1/zones/fr-par-1/frontends/5c50dde9-d409-480b-beb1-36bdbdef6873/acls?order_by=created_at_asc&page=1
    method: GET
  response:
    body: '{"acls":[],"total_count":0}'
    headers:
      Content-Length:
      - "28"
      Content-Security-Policy:
      - default-src 'none'; frame-ancestors 'none'
      Content-Type:
      - application/json
      Date:
      - Mon, 27 Feb 2023 09:20:09 GMT
      Server:
      - Scaleway API-Gateway
      Strict-Transport-Security:
      - max-age=63072000
      X-Content-Type-Options:
      - nosniff
      X-Frame-Options:
      - DENY
      X-Request-Id:
      - c081adea-6b8f-45cb-8082-9f9994626088
    status: 200 OK
    code: 200
    duration: ""
- request:
    body: ""
    form: {}
    headers:
      User-Agent:
      - scaleway-sdk-go/v1.0.0-beta.7+dev (go1.19.5; darwin; amd64) terraform-provider/develop
        terraform/terraform-tests
    url: https://api.scaleway.com/lb/v1/zones/fr-par-1/lbs/0251c501-6d56-4d25-a19f-66101d0f8901
    method: GET
  response:
    body: '{"backend_count":1,"created_at":"2023-02-27T09:19:35.290669Z","description":"","frontend_count":1,"id":"0251c501-6d56-4d25-a19f-66101d0f8901","instances":[{"created_at":"2023-02-27T09:15:47.006698Z","id":"50be09cc-f86c-4eda-9d2f-5f99f011fa20","ip_address":"10.69.18.87","region":"fr-par","status":"ready","updated_at":"2023-02-27T09:20:07.115529Z","zone":"fr-par-1"}],"ip":[{"id":"bb2edaa6-8a28-4a94-9c4b-0a8a3c4bcbda","ip_address":"195.154.69.67","lb_id":"0251c501-6d56-4d25-a19f-66101d0f8901","organization_id":"564aa517-68b0-4fd7-8c8c-d21c4bcdcbd5","project_id":"564aa517-68b0-4fd7-8c8c-d21c4bcdcbd5","region":"fr-par","reverse":"195-154-69-67.lb.fr-par.scw.cloud","zone":"fr-par-1"}],"name":"test-lb","organization_id":"564aa517-68b0-4fd7-8c8c-d21c4bcdcbd5","private_network_count":0,"project_id":"564aa517-68b0-4fd7-8c8c-d21c4bcdcbd5","region":"fr-par","route_count":0,"ssl_compatibility_level":"ssl_compatibility_level_intermediate","status":"ready","subscriber":null,"tags":[],"type":"lb-s","updated_at":"2023-02-27T09:19:37.026546Z","zone":"fr-par-1"}'
    headers:
      Content-Length:
      - "1091"
      Content-Security-Policy:
      - default-src 'none'; frame-ancestors 'none'
      Content-Type:
      - application/json
      Date:
      - Mon, 27 Feb 2023 09:20:09 GMT
      Server:
      - Scaleway API-Gateway
      Strict-Transport-Security:
      - max-age=63072000
      X-Content-Type-Options:
      - nosniff
      X-Frame-Options:
      - DENY
      X-Request-Id:
      - 3678272d-9804-4834-a1ff-045a681266cc
    status: 200 OK
    code: 200
    duration: ""
- request:
    body: '{"name":"tf-frontend-datasource1","inbound_port":50001,"backend_id":"72c87c01-b6eb-433b-b881-881ddd7a4f42","certificate_ids":null,"enable_http3":false,"timeout_client":null}'
    form: {}
    headers:
      Content-Type:
      - application/json
      User-Agent:
      - scaleway-sdk-go/v1.0.0-beta.7+dev (go1.19.5; darwin; amd64) terraform-provider/develop
        terraform/terraform-tests
    url: https://api.scaleway.com/lb/v1/zones/fr-par-1/lbs/0251c501-6d56-4d25-a19f-66101d0f8901/frontends
    method: POST
  response:
    body: '{"backend":{"created_at":"2023-02-27T09:20:06.095138Z","failover_host":null,"forward_port":80,"forward_port_algorithm":"roundrobin","forward_protocol":"http","health_check":{"check_delay":60000,"check_max_retries":2,"check_send_proxy":false,"check_timeout":30000,"port":80,"tcp_config":{}},"id":"72c87c01-b6eb-433b-b881-881ddd7a4f42","ignore_ssl_server_verify":false,"lb":{"backend_count":1,"created_at":"2023-02-27T09:19:35.290669Z","description":"","frontend_count":2,"id":"0251c501-6d56-4d25-a19f-66101d0f8901","instances":[],"ip":[{"id":"bb2edaa6-8a28-4a94-9c4b-0a8a3c4bcbda","ip_address":"195.154.69.67","lb_id":"0251c501-6d56-4d25-a19f-66101d0f8901","organization_id":"564aa517-68b0-4fd7-8c8c-d21c4bcdcbd5","project_id":"564aa517-68b0-4fd7-8c8c-d21c4bcdcbd5","region":"fr-par","reverse":"195-154-69-67.lb.fr-par.scw.cloud","zone":"fr-par-1"}],"name":"test-lb","organization_id":"564aa517-68b0-4fd7-8c8c-d21c4bcdcbd5","private_network_count":0,"project_id":"564aa517-68b0-4fd7-8c8c-d21c4bcdcbd5","region":"fr-par","route_count":0,"ssl_compatibility_level":"ssl_compatibility_level_intermediate","status":"ready","subscriber":null,"tags":[],"type":"lb-s","updated_at":"2023-02-27T09:19:37.026546Z","zone":"fr-par-1"},"name":"tf-lb-bkd-blissful-darwin","on_marked_down_action":"on_marked_down_action_none","pool":[],"proxy_protocol":"proxy_protocol_none","send_proxy_v2":false,"ssl_bridging":false,"sticky_sessions":"none","sticky_sessions_cookie_name":"","timeout_connect":null,"timeout_server":null,"timeout_tunnel":null,"updated_at":"2023-02-27T09:20:06.095138Z"},"certificate":null,"certificate_ids":[],"created_at":"2023-02-27T09:20:09.627846Z","enable_http3":false,"id":"85dbeb16-8db3-4391-96f5-4cb1da568507","inbound_port":50001,"lb":{"backend_count":1,"created_at":"2023-02-27T09:19:35.290669Z","description":"","frontend_count":2,"id":"0251c501-6d56-4d25-a19f-66101d0f8901","instances":[{"created_at":"2023-02-27T09:15:47.006698Z","id":"50be09cc-f86c-4eda-9d2f-5f99f011fa20","ip_address":"10.69.18.87","region":"fr-par","status":"pending","updated_at":"2023-02-27T09:20:09.689408004Z","zone":"fr-par-1"}],"ip":[{"id":"bb2edaa6-8a28-4a94-9c4b-0a8a3c4bcbda","ip_address":"195.154.69.67","lb_id":"0251c501-6d56-4d25-a19f-66101d0f8901","organization_id":"564aa517-68b0-4fd7-8c8c-d21c4bcdcbd5","project_id":"564aa517-68b0-4fd7-8c8c-d21c4bcdcbd5","region":"fr-par","reverse":"195-154-69-67.lb.fr-par.scw.cloud","zone":"fr-par-1"}],"name":"test-lb","organization_id":"564aa517-68b0-4fd7-8c8c-d21c4bcdcbd5","private_network_count":0,"project_id":"564aa517-68b0-4fd7-8c8c-d21c4bcdcbd5","region":"fr-par","route_count":0,"ssl_compatibility_level":"ssl_compatibility_level_intermediate","status":"ready","subscriber":null,"tags":[],"type":"lb-s","updated_at":"2023-02-27T09:19:37.026546Z","zone":"fr-par-1"},"name":"tf-frontend-datasource1","timeout_client":null,"updated_at":"2023-02-27T09:20:09.627846Z"}'
    headers:
      Content-Length:
      - "3000"
      Content-Security-Policy:
      - default-src 'none'; frame-ancestors 'none'
      Content-Type:
      - application/json
      Date:
      - Mon, 27 Feb 2023 09:20:09 GMT
      Server:
      - Scaleway API-Gateway
      Strict-Transport-Security:
      - max-age=63072000
      X-Content-Type-Options:
      - nosniff
      X-Frame-Options:
      - DENY
      X-Request-Id:
      - 0146a98f-b656-4d05-a341-f9ffcfd0e75d
    status: 200 OK
    code: 200
    duration: ""
- request:
    body: ""
    form: {}
    headers:
      User-Agent:
      - scaleway-sdk-go/v1.0.0-beta.7+dev (go1.19.5; darwin; amd64) terraform-provider/develop
        terraform/terraform-tests
    url: https://api.scaleway.com/lb/v1/zones/fr-par-1/frontends/85dbeb16-8db3-4391-96f5-4cb1da568507/acls?order_by=created_at_asc&page=1
    method: GET
  response:
    body: '{"acls":[],"total_count":0}'
    headers:
      Content-Length:
      - "28"
      Content-Security-Policy:
      - default-src 'none'; frame-ancestors 'none'
      Content-Type:
      - application/json
      Date:
      - Mon, 27 Feb 2023 09:20:09 GMT
      Server:
      - Scaleway API-Gateway
      Strict-Transport-Security:
      - max-age=63072000
      X-Content-Type-Options:
      - nosniff
      X-Frame-Options:
      - DENY
      X-Request-Id:
      - 448816f9-498c-4ba3-9696-adfedd4029ff
    status: 200 OK
    code: 200
    duration: ""
- request:
    body: ""
    form: {}
    headers:
      User-Agent:
      - scaleway-sdk-go/v1.0.0-beta.7+dev (go1.19.5; darwin; amd64) terraform-provider/develop
        terraform/terraform-tests
    url: https://api.scaleway.com/lb/v1/zones/fr-par-1/frontends/85dbeb16-8db3-4391-96f5-4cb1da568507
    method: GET
  response:
    body: '{"backend":{"created_at":"2023-02-27T09:20:06.095138Z","failover_host":null,"forward_port":80,"forward_port_algorithm":"roundrobin","forward_protocol":"http","health_check":{"check_delay":60000,"check_max_retries":2,"check_send_proxy":false,"check_timeout":30000,"port":80,"tcp_config":{}},"id":"72c87c01-b6eb-433b-b881-881ddd7a4f42","ignore_ssl_server_verify":false,"lb":{"backend_count":1,"created_at":"2023-02-27T09:19:35.290669Z","description":"","frontend_count":2,"id":"0251c501-6d56-4d25-a19f-66101d0f8901","instances":[],"ip":[{"id":"bb2edaa6-8a28-4a94-9c4b-0a8a3c4bcbda","ip_address":"195.154.69.67","lb_id":"0251c501-6d56-4d25-a19f-66101d0f8901","organization_id":"564aa517-68b0-4fd7-8c8c-d21c4bcdcbd5","project_id":"564aa517-68b0-4fd7-8c8c-d21c4bcdcbd5","region":"fr-par","reverse":"195-154-69-67.lb.fr-par.scw.cloud","zone":"fr-par-1"}],"name":"test-lb","organization_id":"564aa517-68b0-4fd7-8c8c-d21c4bcdcbd5","private_network_count":0,"project_id":"564aa517-68b0-4fd7-8c8c-d21c4bcdcbd5","region":"fr-par","route_count":0,"ssl_compatibility_level":"ssl_compatibility_level_intermediate","status":"ready","subscriber":null,"tags":[],"type":"lb-s","updated_at":"2023-02-27T09:19:37.026546Z","zone":"fr-par-1"},"name":"tf-lb-bkd-blissful-darwin","on_marked_down_action":"on_marked_down_action_none","pool":[],"proxy_protocol":"proxy_protocol_none","send_proxy_v2":false,"ssl_bridging":false,"sticky_sessions":"none","sticky_sessions_cookie_name":"","timeout_connect":null,"timeout_server":null,"timeout_tunnel":null,"updated_at":"2023-02-27T09:20:06.095138Z"},"certificate":null,"certificate_ids":[],"created_at":"2023-02-27T09:20:09.627846Z","enable_http3":false,"id":"85dbeb16-8db3-4391-96f5-4cb1da568507","inbound_port":50001,"lb":{"backend_count":1,"created_at":"2023-02-27T09:19:35.290669Z","description":"","frontend_count":2,"id":"0251c501-6d56-4d25-a19f-66101d0f8901","instances":[],"ip":[{"id":"bb2edaa6-8a28-4a94-9c4b-0a8a3c4bcbda","ip_address":"195.154.69.67","lb_id":"0251c501-6d56-4d25-a19f-66101d0f8901","organization_id":"564aa517-68b0-4fd7-8c8c-d21c4bcdcbd5","project_id":"564aa517-68b0-4fd7-8c8c-d21c4bcdcbd5","region":"fr-par","reverse":"195-154-69-67.lb.fr-par.scw.cloud","zone":"fr-par-1"}],"name":"test-lb","organization_id":"564aa517-68b0-4fd7-8c8c-d21c4bcdcbd5","private_network_count":0,"project_id":"564aa517-68b0-4fd7-8c8c-d21c4bcdcbd5","region":"fr-par","route_count":0,"ssl_compatibility_level":"ssl_compatibility_level_intermediate","status":"ready","subscriber":null,"tags":[],"type":"lb-s","updated_at":"2023-02-27T09:19:37.026546Z","zone":"fr-par-1"},"name":"tf-frontend-datasource1","timeout_client":null,"updated_at":"2023-02-27T09:20:09.627846Z"}'
    headers:
      Content-Length:
      - "2778"
      Content-Security-Policy:
      - default-src 'none'; frame-ancestors 'none'
      Content-Type:
      - application/json
      Date:
      - Mon, 27 Feb 2023 09:20:10 GMT
      Server:
      - Scaleway API-Gateway
      Strict-Transport-Security:
      - max-age=63072000
      X-Content-Type-Options:
      - nosniff
      X-Frame-Options:
      - DENY
      X-Request-Id:
      - 7aa1bb54-4c3e-4f08-9598-0575b74b5a51
    status: 200 OK
    code: 200
    duration: ""
- request:
    body: ""
    form: {}
    headers:
      User-Agent:
      - scaleway-sdk-go/v1.0.0-beta.7+dev (go1.19.5; darwin; amd64) terraform-provider/develop
        terraform/terraform-tests
    url: https://api.scaleway.com/lb/v1/zones/fr-par-1/frontends/85dbeb16-8db3-4391-96f5-4cb1da568507/acls?order_by=created_at_asc&page=1
    method: GET
  response:
    body: '{"acls":[],"total_count":0}'
    headers:
      Content-Length:
      - "28"
      Content-Security-Policy:
      - default-src 'none'; frame-ancestors 'none'
      Content-Type:
      - application/json
      Date:
      - Mon, 27 Feb 2023 09:20:10 GMT
      Server:
      - Scaleway API-Gateway
      Strict-Transport-Security:
      - max-age=63072000
      X-Content-Type-Options:
      - nosniff
      X-Frame-Options:
      - DENY
      X-Request-Id:
      - f456745a-c957-48b2-95f0-42b9936144d7
    status: 200 OK
    code: 200
    duration: ""
- request:
    body: ""
    form: {}
    headers:
      User-Agent:
      - scaleway-sdk-go/v1.0.0-beta.7+dev (go1.19.5; darwin; amd64) terraform-provider/develop
        terraform/terraform-tests
    url: https://api.scaleway.com/lb/v1/zones/fr-par-1/lbs/0251c501-6d56-4d25-a19f-66101d0f8901/frontends?name=tf-frontend-datasource&order_by=created_at_asc
    method: GET
  response:
    body: '{"frontends":[{"backend":{"created_at":"2023-02-27T09:20:06.095138Z","failover_host":null,"forward_port":80,"forward_port_algorithm":"roundrobin","forward_protocol":"http","health_check":{"check_delay":60000,"check_max_retries":2,"check_send_proxy":false,"check_timeout":30000,"port":80,"tcp_config":{}},"id":"72c87c01-b6eb-433b-b881-881ddd7a4f42","ignore_ssl_server_verify":false,"lb":{"backend_count":1,"created_at":"2023-02-27T09:19:35.290669Z","description":"","frontend_count":2,"id":"0251c501-6d56-4d25-a19f-66101d0f8901","instances":[],"ip":[{"id":"bb2edaa6-8a28-4a94-9c4b-0a8a3c4bcbda","ip_address":"195.154.69.67","lb_id":"0251c501-6d56-4d25-a19f-66101d0f8901","organization_id":"564aa517-68b0-4fd7-8c8c-d21c4bcdcbd5","project_id":"564aa517-68b0-4fd7-8c8c-d21c4bcdcbd5","region":"fr-par","reverse":"195-154-69-67.lb.fr-par.scw.cloud","zone":"fr-par-1"}],"name":"test-lb","organization_id":"564aa517-68b0-4fd7-8c8c-d21c4bcdcbd5","private_network_count":0,"project_id":"564aa517-68b0-4fd7-8c8c-d21c4bcdcbd5","region":"fr-par","route_count":0,"ssl_compatibility_level":"ssl_compatibility_level_intermediate","status":"ready","subscriber":null,"tags":[],"type":"lb-s","updated_at":"2023-02-27T09:19:37.026546Z","zone":"fr-par-1"},"name":"tf-lb-bkd-blissful-darwin","on_marked_down_action":"on_marked_down_action_none","pool":[],"proxy_protocol":"proxy_protocol_none","send_proxy_v2":false,"ssl_bridging":false,"sticky_sessions":"none","sticky_sessions_cookie_name":"","timeout_connect":null,"timeout_server":null,"timeout_tunnel":null,"updated_at":"2023-02-27T09:20:06.095138Z"},"certificate":null,"certificate_ids":[],"created_at":"2023-02-27T09:20:06.751011Z","enable_http3":false,"id":"5c50dde9-d409-480b-beb1-36bdbdef6873","inbound_port":50000,"lb":{"backend_count":1,"created_at":"2023-02-27T09:19:35.290669Z","description":"","frontend_count":2,"id":"0251c501-6d56-4d25-a19f-66101d0f8901","instances":[],"ip":[{"id":"bb2edaa6-8a28-4a94-9c4b-0a8a3c4bcbda","ip_address":"195.154.69.67","lb_id":"0251c501-6d56-4d25-a19f-66101d0f8901","organization_id":"564aa517-68b0-4fd7-8c8c-d21c4bcdcbd5","project_id":"564aa517-68b0-4fd7-8c8c-d21c4bcdcbd5","region":"fr-par","reverse":"195-154-69-67.lb.fr-par.scw.cloud","zone":"fr-par-1"}],"name":"test-lb","organization_id":"564aa517-68b0-4fd7-8c8c-d21c4bcdcbd5","private_network_count":0,"project_id":"564aa517-68b0-4fd7-8c8c-d21c4bcdcbd5","region":"fr-par","route_count":0,"ssl_compatibility_level":"ssl_compatibility_level_intermediate","status":"ready","subscriber":null,"tags":[],"type":"lb-s","updated_at":"2023-02-27T09:19:37.026546Z","zone":"fr-par-1"},"name":"tf-frontend-datasource0","timeout_client":null,"updated_at":"2023-02-27T09:20:06.751011Z"},{"backend":{"created_at":"2023-02-27T09:20:06.095138Z","failover_host":null,"forward_port":80,"forward_port_algorithm":"roundrobin","forward_protocol":"http","health_check":{"check_delay":60000,"check_max_retries":2,"check_send_proxy":false,"check_timeout":30000,"port":80,"tcp_config":{}},"id":"72c87c01-b6eb-433b-b881-881ddd7a4f42","ignore_ssl_server_verify":false,"lb":{"backend_count":1,"created_at":"2023-02-27T09:19:35.290669Z","description":"","frontend_count":2,"id":"0251c501-6d56-4d25-a19f-66101d0f8901","instances":[],"ip":[{"id":"bb2edaa6-8a28-4a94-9c4b-0a8a3c4bcbda","ip_address":"195.154.69.67","lb_id":"0251c501-6d56-4d25-a19f-66101d0f8901","organization_id":"564aa517-68b0-4fd7-8c8c-d21c4bcdcbd5","project_id":"564aa517-68b0-4fd7-8c8c-d21c4bcdcbd5","region":"fr-par","reverse":"195-154-69-67.lb.fr-par.scw.cloud","zone":"fr-par-1"}],"name":"test-lb","organization_id":"564aa517-68b0-4fd7-8c8c-d21c4bcdcbd5","private_network_count":0,"project_id":"564aa517-68b0-4fd7-8c8c-d21c4bcdcbd5","region":"fr-par","route_count":0,"ssl_compatibility_level":"ssl_compatibility_level_intermediate","status":"ready","subscriber":null,"tags":[],"type":"lb-s","updated_at":"2023-02-27T09:19:37.026546Z","zone":"fr-par-1"},"name":"tf-lb-bkd-blissful-darwin","on_marked_down_action":"on_marked_down_action_none","pool":[],"proxy_protocol":"proxy_protocol_none","send_proxy_v2":false,"ssl_bridging":false,"sticky_sessions":"none","sticky_sessions_cookie_name":"","timeout_connect":null,"timeout_server":null,"timeout_tunnel":null,"updated_at":"2023-02-27T09:20:06.095138Z"},"certificate":null,"certificate_ids":[],"created_at":"2023-02-27T09:20:09.627846Z","enable_http3":false,"id":"85dbeb16-8db3-4391-96f5-4cb1da568507","inbound_port":50001,"lb":{"backend_count":1,"created_at":"2023-02-27T09:19:35.290669Z","description":"","frontend_count":2,"id":"0251c501-6d56-4d25-a19f-66101d0f8901","instances":[],"ip":[{"id":"bb2edaa6-8a28-4a94-9c4b-0a8a3c4bcbda","ip_address":"195.154.69.67","lb_id":"0251c501-6d56-4d25-a19f-66101d0f8901","organization_id":"564aa517-68b0-4fd7-8c8c-d21c4bcdcbd5","project_id":"564aa517-68b0-4fd7-8c8c-d21c4bcdcbd5","region":"fr-par","reverse":"195-154-69-67.lb.fr-par.scw.cloud","zone":"fr-par-1"}],"name":"test-lb","organization_id":"564aa517-68b0-4fd7-8c8c-d21c4bcdcbd5","private_network_count":0,"project_id":"564aa517-68b0-4fd7-8c8c-d21c4bcdcbd5","region":"fr-par","route_count":0,"ssl_compatibility_level":"ssl_compatibility_level_intermediate","status":"ready","subscriber":null,"tags":[],"type":"lb-s","updated_at":"2023-02-27T09:19:37.026546Z","zone":"fr-par-1"},"name":"tf-frontend-datasource1","timeout_client":null,"updated_at":"2023-02-27T09:20:09.627846Z"}],"total_count":2}'
    headers:
      Content-Security-Policy:
      - default-src 'none'; frame-ancestors 'none'
      Content-Type:
      - application/json
      Date:
      - Mon, 27 Feb 2023 09:20:10 GMT
      Server:
      - Scaleway API-Gateway
      Strict-Transport-Security:
      - max-age=63072000
      X-Content-Type-Options:
      - nosniff
      X-Frame-Options:
      - DENY
      X-Request-Id:
      - 788a1494-a316-4a3c-a1f0-efadea0a49ab
    status: 200 OK
    code: 200
    duration: ""
- request:
    body: ""
    form: {}
    headers:
      User-Agent:
      - scaleway-sdk-go/v1.0.0-beta.7+dev (go1.19.5; darwin; amd64) terraform-provider/develop
        terraform/terraform-tests
    url: https://api.scaleway.com/lb/v1/zones/fr-par-1/lbs/0251c501-6d56-4d25-a19f-66101d0f8901/frontends?order_by=created_at_asc
    method: GET
  response:
    body: '{"frontends":[{"backend":{"created_at":"2023-02-27T09:20:06.095138Z","failover_host":null,"forward_port":80,"forward_port_algorithm":"roundrobin","forward_protocol":"http","health_check":{"check_delay":60000,"check_max_retries":2,"check_send_proxy":false,"check_timeout":30000,"port":80,"tcp_config":{}},"id":"72c87c01-b6eb-433b-b881-881ddd7a4f42","ignore_ssl_server_verify":false,"lb":{"backend_count":1,"created_at":"2023-02-27T09:19:35.290669Z","description":"","frontend_count":2,"id":"0251c501-6d56-4d25-a19f-66101d0f8901","instances":[],"ip":[{"id":"bb2edaa6-8a28-4a94-9c4b-0a8a3c4bcbda","ip_address":"195.154.69.67","lb_id":"0251c501-6d56-4d25-a19f-66101d0f8901","organization_id":"564aa517-68b0-4fd7-8c8c-d21c4bcdcbd5","project_id":"564aa517-68b0-4fd7-8c8c-d21c4bcdcbd5","region":"fr-par","reverse":"195-154-69-67.lb.fr-par.scw.cloud","zone":"fr-par-1"}],"name":"test-lb","organization_id":"564aa517-68b0-4fd7-8c8c-d21c4bcdcbd5","private_network_count":0,"project_id":"564aa517-68b0-4fd7-8c8c-d21c4bcdcbd5","region":"fr-par","route_count":0,"ssl_compatibility_level":"ssl_compatibility_level_intermediate","status":"ready","subscriber":null,"tags":[],"type":"lb-s","updated_at":"2023-02-27T09:19:37.026546Z","zone":"fr-par-1"},"name":"tf-lb-bkd-blissful-darwin","on_marked_down_action":"on_marked_down_action_none","pool":[],"proxy_protocol":"proxy_protocol_none","send_proxy_v2":false,"ssl_bridging":false,"sticky_sessions":"none","sticky_sessions_cookie_name":"","timeout_connect":null,"timeout_server":null,"timeout_tunnel":null,"updated_at":"2023-02-27T09:20:06.095138Z"},"certificate":null,"certificate_ids":[],"created_at":"2023-02-27T09:20:06.751011Z","enable_http3":false,"id":"5c50dde9-d409-480b-beb1-36bdbdef6873","inbound_port":50000,"lb":{"backend_count":1,"created_at":"2023-02-27T09:19:35.290669Z","description":"","frontend_count":2,"id":"0251c501-6d56-4d25-a19f-66101d0f8901","instances":[],"ip":[{"id":"bb2edaa6-8a28-4a94-9c4b-0a8a3c4bcbda","ip_address":"195.154.69.67","lb_id":"0251c501-6d56-4d25-a19f-66101d0f8901","organization_id":"564aa517-68b0-4fd7-8c8c-d21c4bcdcbd5","project_id":"564aa517-68b0-4fd7-8c8c-d21c4bcdcbd5","region":"fr-par","reverse":"195-154-69-67.lb.fr-par.scw.cloud","zone":"fr-par-1"}],"name":"test-lb","organization_id":"564aa517-68b0-4fd7-8c8c-d21c4bcdcbd5","private_network_count":0,"project_id":"564aa517-68b0-4fd7-8c8c-d21c4bcdcbd5","region":"fr-par","route_count":0,"ssl_compatibility_level":"ssl_compatibility_level_intermediate","status":"ready","subscriber":null,"tags":[],"type":"lb-s","updated_at":"2023-02-27T09:19:37.026546Z","zone":"fr-par-1"},"name":"tf-frontend-datasource0","timeout_client":null,"updated_at":"2023-02-27T09:20:06.751011Z"},{"backend":{"created_at":"2023-02-27T09:20:06.095138Z","failover_host":null,"forward_port":80,"forward_port_algorithm":"roundrobin","forward_protocol":"http","health_check":{"check_delay":60000,"check_max_retries":2,"check_send_proxy":false,"check_timeout":30000,"port":80,"tcp_config":{}},"id":"72c87c01-b6eb-433b-b881-881ddd7a4f42","ignore_ssl_server_verify":false,"lb":{"backend_count":1,"created_at":"2023-02-27T09:19:35.290669Z","description":"","frontend_count":2,"id":"0251c501-6d56-4d25-a19f-66101d0f8901","instances":[],"ip":[{"id":"bb2edaa6-8a28-4a94-9c4b-0a8a3c4bcbda","ip_address":"195.154.69.67","lb_id":"0251c501-6d56-4d25-a19f-66101d0f8901","organization_id":"564aa517-68b0-4fd7-8c8c-d21c4bcdcbd5","project_id":"564aa517-68b0-4fd7-8c8c-d21c4bcdcbd5","region":"fr-par","reverse":"195-154-69-67.lb.fr-par.scw.cloud","zone":"fr-par-1"}],"name":"test-lb","organization_id":"564aa517-68b0-4fd7-8c8c-d21c4bcdcbd5","private_network_count":0,"project_id":"564aa517-68b0-4fd7-8c8c-d21c4bcdcbd5","region":"fr-par","route_count":0,"ssl_compatibility_level":"ssl_compatibility_level_intermediate","status":"ready","subscriber":null,"tags":[],"type":"lb-s","updated_at":"2023-02-27T09:19:37.026546Z","zone":"fr-par-1"},"name":"tf-lb-bkd-blissful-darwin","on_marked_down_action":"on_marked_down_action_none","pool":[],"proxy_protocol":"proxy_protocol_none","send_proxy_v2":false,"ssl_bridging":false,"sticky_sessions":"none","sticky_sessions_cookie_name":"","timeout_connect":null,"timeout_server":null,"timeout_tunnel":null,"updated_at":"2023-02-27T09:20:06.095138Z"},"certificate":null,"certificate_ids":[],"created_at":"2023-02-27T09:20:09.627846Z","enable_http3":false,"id":"85dbeb16-8db3-4391-96f5-4cb1da568507","inbound_port":50001,"lb":{"backend_count":1,"created_at":"2023-02-27T09:19:35.290669Z","description":"","frontend_count":2,"id":"0251c501-6d56-4d25-a19f-66101d0f8901","instances":[],"ip":[{"id":"bb2edaa6-8a28-4a94-9c4b-0a8a3c4bcbda","ip_address":"195.154.69.67","lb_id":"0251c501-6d56-4d25-a19f-66101d0f8901","organization_id":"564aa517-68b0-4fd7-8c8c-d21c4bcdcbd5","project_id":"564aa517-68b0-4fd7-8c8c-d21c4bcdcbd5","region":"fr-par","reverse":"195-154-69-67.lb.fr-par.scw.cloud","zone":"fr-par-1"}],"name":"test-lb","organization_id":"564aa517-68b0-4fd7-8c8c-d21c4bcdcbd5","private_network_count":0,"project_id":"564aa517-68b0-4fd7-8c8c-d21c4bcdcbd5","region":"fr-par","route_count":0,"ssl_compatibility_level":"ssl_compatibility_level_intermediate","status":"ready","subscriber":null,"tags":[],"type":"lb-s","updated_at":"2023-02-27T09:19:37.026546Z","zone":"fr-par-1"},"name":"tf-frontend-datasource1","timeout_client":null,"updated_at":"2023-02-27T09:20:09.627846Z"}],"total_count":2}'
    headers:
      Content-Security-Policy:
      - default-src 'none'; frame-ancestors 'none'
      Content-Type:
      - application/json
      Date:
      - Mon, 27 Feb 2023 09:20:10 GMT
      Server:
      - Scaleway API-Gateway
      Strict-Transport-Security:
      - max-age=63072000
      X-Content-Type-Options:
      - nosniff
      X-Frame-Options:
      - DENY
      X-Request-Id:
      - 498663af-26ad-46b7-92a0-e4873187ddc2
    status: 200 OK
    code: 200
    duration: ""
- request:
    body: ""
    form: {}
    headers:
      User-Agent:
      - scaleway-sdk-go/v1.0.0-beta.7+dev (go1.19.5; darwin; amd64) terraform-provider/develop
        terraform/terraform-tests
    url: https://api.scaleway.com/lb/v1/zones/fr-par-1/lbs/0251c501-6d56-4d25-a19f-66101d0f8901/frontends?order_by=created_at_asc
    method: GET
  response:
    body: '{"frontends":[{"backend":{"created_at":"2023-02-27T09:20:06.095138Z","failover_host":null,"forward_port":80,"forward_port_algorithm":"roundrobin","forward_protocol":"http","health_check":{"check_delay":60000,"check_max_retries":2,"check_send_proxy":false,"check_timeout":30000,"port":80,"tcp_config":{}},"id":"72c87c01-b6eb-433b-b881-881ddd7a4f42","ignore_ssl_server_verify":false,"lb":{"backend_count":1,"created_at":"2023-02-27T09:19:35.290669Z","description":"","frontend_count":2,"id":"0251c501-6d56-4d25-a19f-66101d0f8901","instances":[],"ip":[{"id":"bb2edaa6-8a28-4a94-9c4b-0a8a3c4bcbda","ip_address":"195.154.69.67","lb_id":"0251c501-6d56-4d25-a19f-66101d0f8901","organization_id":"564aa517-68b0-4fd7-8c8c-d21c4bcdcbd5","project_id":"564aa517-68b0-4fd7-8c8c-d21c4bcdcbd5","region":"fr-par","reverse":"195-154-69-67.lb.fr-par.scw.cloud","zone":"fr-par-1"}],"name":"test-lb","organization_id":"564aa517-68b0-4fd7-8c8c-d21c4bcdcbd5","private_network_count":0,"project_id":"564aa517-68b0-4fd7-8c8c-d21c4bcdcbd5","region":"fr-par","route_count":0,"ssl_compatibility_level":"ssl_compatibility_level_intermediate","status":"ready","subscriber":null,"tags":[],"type":"lb-s","updated_at":"2023-02-27T09:19:37.026546Z","zone":"fr-par-1"},"name":"tf-lb-bkd-blissful-darwin","on_marked_down_action":"on_marked_down_action_none","pool":[],"proxy_protocol":"proxy_protocol_none","send_proxy_v2":false,"ssl_bridging":false,"sticky_sessions":"none","sticky_sessions_cookie_name":"","timeout_connect":null,"timeout_server":null,"timeout_tunnel":null,"updated_at":"2023-02-27T09:20:06.095138Z"},"certificate":null,"certificate_ids":[],"created_at":"2023-02-27T09:20:06.751011Z","enable_http3":false,"id":"5c50dde9-d409-480b-beb1-36bdbdef6873","inbound_port":50000,"lb":{"backend_count":1,"created_at":"2023-02-27T09:19:35.290669Z","description":"","frontend_count":2,"id":"0251c501-6d56-4d25-a19f-66101d0f8901","instances":[],"ip":[{"id":"bb2edaa6-8a28-4a94-9c4b-0a8a3c4bcbda","ip_address":"195.154.69.67","lb_id":"0251c501-6d56-4d25-a19f-66101d0f8901","organization_id":"564aa517-68b0-4fd7-8c8c-d21c4bcdcbd5","project_id":"564aa517-68b0-4fd7-8c8c-d21c4bcdcbd5","region":"fr-par","reverse":"195-154-69-67.lb.fr-par.scw.cloud","zone":"fr-par-1"}],"name":"test-lb","organization_id":"564aa517-68b0-4fd7-8c8c-d21c4bcdcbd5","private_network_count":0,"project_id":"564aa517-68b0-4fd7-8c8c-d21c4bcdcbd5","region":"fr-par","route_count":0,"ssl_compatibility_level":"ssl_compatibility_level_intermediate","status":"ready","subscriber":null,"tags":[],"type":"lb-s","updated_at":"2023-02-27T09:19:37.026546Z","zone":"fr-par-1"},"name":"tf-frontend-datasource0","timeout_client":null,"updated_at":"2023-02-27T09:20:06.751011Z"},{"backend":{"created_at":"2023-02-27T09:20:06.095138Z","failover_host":null,"forward_port":80,"forward_port_algorithm":"roundrobin","forward_protocol":"http","health_check":{"check_delay":60000,"check_max_retries":2,"check_send_proxy":false,"check_timeout":30000,"port":80,"tcp_config":{}},"id":"72c87c01-b6eb-433b-b881-881ddd7a4f42","ignore_ssl_server_verify":false,"lb":{"backend_count":1,"created_at":"2023-02-27T09:19:35.290669Z","description":"","frontend_count":2,"id":"0251c501-6d56-4d25-a19f-66101d0f8901","instances":[],"ip":[{"id":"bb2edaa6-8a28-4a94-9c4b-0a8a3c4bcbda","ip_address":"195.154.69.67","lb_id":"0251c501-6d56-4d25-a19f-66101d0f8901","organization_id":"564aa517-68b0-4fd7-8c8c-d21c4bcdcbd5","project_id":"564aa517-68b0-4fd7-8c8c-d21c4bcdcbd5","region":"fr-par","reverse":"195-154-69-67.lb.fr-par.scw.cloud","zone":"fr-par-1"}],"name":"test-lb","organization_id":"564aa517-68b0-4fd7-8c8c-d21c4bcdcbd5","private_network_count":0,"project_id":"564aa517-68b0-4fd7-8c8c-d21c4bcdcbd5","region":"fr-par","route_count":0,"ssl_compatibility_level":"ssl_compatibility_level_intermediate","status":"ready","subscriber":null,"tags":[],"type":"lb-s","updated_at":"2023-02-27T09:19:37.026546Z","zone":"fr-par-1"},"name":"tf-lb-bkd-blissful-darwin","on_marked_down_action":"on_marked_down_action_none","pool":[],"proxy_protocol":"proxy_protocol_none","send_proxy_v2":false,"ssl_bridging":false,"sticky_sessions":"none","sticky_sessions_cookie_name":"","timeout_connect":null,"timeout_server":null,"timeout_tunnel":null,"updated_at":"2023-02-27T09:20:06.095138Z"},"certificate":null,"certificate_ids":[],"created_at":"2023-02-27T09:20:09.627846Z","enable_http3":false,"id":"85dbeb16-8db3-4391-96f5-4cb1da568507","inbound_port":50001,"lb":{"backend_count":1,"created_at":"2023-02-27T09:19:35.290669Z","description":"","frontend_count":2,"id":"0251c501-6d56-4d25-a19f-66101d0f8901","instances":[],"ip":[{"id":"bb2edaa6-8a28-4a94-9c4b-0a8a3c4bcbda","ip_address":"195.154.69.67","lb_id":"0251c501-6d56-4d25-a19f-66101d0f8901","organization_id":"564aa517-68b0-4fd7-8c8c-d21c4bcdcbd5","project_id":"564aa517-68b0-4fd7-8c8c-d21c4bcdcbd5","region":"fr-par","reverse":"195-154-69-67.lb.fr-par.scw.cloud","zone":"fr-par-1"}],"name":"test-lb","organization_id":"564aa517-68b0-4fd7-8c8c-d21c4bcdcbd5","private_network_count":0,"project_id":"564aa517-68b0-4fd7-8c8c-d21c4bcdcbd5","region":"fr-par","route_count":0,"ssl_compatibility_level":"ssl_compatibility_level_intermediate","status":"ready","subscriber":null,"tags":[],"type":"lb-s","updated_at":"2023-02-27T09:19:37.026546Z","zone":"fr-par-1"},"name":"tf-frontend-datasource1","timeout_client":null,"updated_at":"2023-02-27T09:20:09.627846Z"}],"total_count":2}'
    headers:
      Content-Security-Policy:
      - default-src 'none'; frame-ancestors 'none'
      Content-Type:
      - application/json
      Date:
      - Mon, 27 Feb 2023 09:20:10 GMT
      Server:
      - Scaleway API-Gateway
      Strict-Transport-Security:
      - max-age=63072000
      X-Content-Type-Options:
      - nosniff
      X-Frame-Options:
      - DENY
      X-Request-Id:
      - ea319886-5d06-4040-bcfa-b032f758ef88
    status: 200 OK
    code: 200
    duration: ""
- request:
    body: ""
    form: {}
    headers:
      User-Agent:
      - scaleway-sdk-go/v1.0.0-beta.7+dev (go1.19.5; darwin; amd64) terraform-provider/develop
        terraform/terraform-tests
    url: https://api.scaleway.com/lb/v1/zones/fr-par-1/lbs/0251c501-6d56-4d25-a19f-66101d0f8901/frontends?name=tf-frontend-datasource&order_by=created_at_asc
    method: GET
  response:
    body: '{"frontends":[{"backend":{"created_at":"2023-02-27T09:20:06.095138Z","failover_host":null,"forward_port":80,"forward_port_algorithm":"roundrobin","forward_protocol":"http","health_check":{"check_delay":60000,"check_max_retries":2,"check_send_proxy":false,"check_timeout":30000,"port":80,"tcp_config":{}},"id":"72c87c01-b6eb-433b-b881-881ddd7a4f42","ignore_ssl_server_verify":false,"lb":{"backend_count":1,"created_at":"2023-02-27T09:19:35.290669Z","description":"","frontend_count":2,"id":"0251c501-6d56-4d25-a19f-66101d0f8901","instances":[],"ip":[{"id":"bb2edaa6-8a28-4a94-9c4b-0a8a3c4bcbda","ip_address":"195.154.69.67","lb_id":"0251c501-6d56-4d25-a19f-66101d0f8901","organization_id":"564aa517-68b0-4fd7-8c8c-d21c4bcdcbd5","project_id":"564aa517-68b0-4fd7-8c8c-d21c4bcdcbd5","region":"fr-par","reverse":"195-154-69-67.lb.fr-par.scw.cloud","zone":"fr-par-1"}],"name":"test-lb","organization_id":"564aa517-68b0-4fd7-8c8c-d21c4bcdcbd5","private_network_count":0,"project_id":"564aa517-68b0-4fd7-8c8c-d21c4bcdcbd5","region":"fr-par","route_count":0,"ssl_compatibility_level":"ssl_compatibility_level_intermediate","status":"ready","subscriber":null,"tags":[],"type":"lb-s","updated_at":"2023-02-27T09:19:37.026546Z","zone":"fr-par-1"},"name":"tf-lb-bkd-blissful-darwin","on_marked_down_action":"on_marked_down_action_none","pool":[],"proxy_protocol":"proxy_protocol_none","send_proxy_v2":false,"ssl_bridging":false,"sticky_sessions":"none","sticky_sessions_cookie_name":"","timeout_connect":null,"timeout_server":null,"timeout_tunnel":null,"updated_at":"2023-02-27T09:20:06.095138Z"},"certificate":null,"certificate_ids":[],"created_at":"2023-02-27T09:20:06.751011Z","enable_http3":false,"id":"5c50dde9-d409-480b-beb1-36bdbdef6873","inbound_port":50000,"lb":{"backend_count":1,"created_at":"2023-02-27T09:19:35.290669Z","description":"","frontend_count":2,"id":"0251c501-6d56-4d25-a19f-66101d0f8901","instances":[],"ip":[{"id":"bb2edaa6-8a28-4a94-9c4b-0a8a3c4bcbda","ip_address":"195.154.69.67","lb_id":"0251c501-6d56-4d25-a19f-66101d0f8901","organization_id":"564aa517-68b0-4fd7-8c8c-d21c4bcdcbd5","project_id":"564aa517-68b0-4fd7-8c8c-d21c4bcdcbd5","region":"fr-par","reverse":"195-154-69-67.lb.fr-par.scw.cloud","zone":"fr-par-1"}],"name":"test-lb","organization_id":"564aa517-68b0-4fd7-8c8c-d21c4bcdcbd5","private_network_count":0,"project_id":"564aa517-68b0-4fd7-8c8c-d21c4bcdcbd5","region":"fr-par","route_count":0,"ssl_compatibility_level":"ssl_compatibility_level_intermediate","status":"ready","subscriber":null,"tags":[],"type":"lb-s","updated_at":"2023-02-27T09:19:37.026546Z","zone":"fr-par-1"},"name":"tf-frontend-datasource0","timeout_client":null,"updated_at":"2023-02-27T09:20:06.751011Z"},{"backend":{"created_at":"2023-02-27T09:20:06.095138Z","failover_host":null,"forward_port":80,"forward_port_algorithm":"roundrobin","forward_protocol":"http","health_check":{"check_delay":60000,"check_max_retries":2,"check_send_proxy":false,"check_timeout":30000,"port":80,"tcp_config":{}},"id":"72c87c01-b6eb-433b-b881-881ddd7a4f42","ignore_ssl_server_verify":false,"lb":{"backend_count":1,"created_at":"2023-02-27T09:19:35.290669Z","description":"","frontend_count":2,"id":"0251c501-6d56-4d25-a19f-66101d0f8901","instances":[],"ip":[{"id":"bb2edaa6-8a28-4a94-9c4b-0a8a3c4bcbda","ip_address":"195.154.69.67","lb_id":"0251c501-6d56-4d25-a19f-66101d0f8901","organization_id":"564aa517-68b0-4fd7-8c8c-d21c4bcdcbd5","project_id":"564aa517-68b0-4fd7-8c8c-d21c4bcdcbd5","region":"fr-par","reverse":"195-154-69-67.lb.fr-par.scw.cloud","zone":"fr-par-1"}],"name":"test-lb","organization_id":"564aa517-68b0-4fd7-8c8c-d21c4bcdcbd5","private_network_count":0,"project_id":"564aa517-68b0-4fd7-8c8c-d21c4bcdcbd5","region":"fr-par","route_count":0,"ssl_compatibility_level":"ssl_compatibility_level_intermediate","status":"ready","subscriber":null,"tags":[],"type":"lb-s","updated_at":"2023-02-27T09:19:37.026546Z","zone":"fr-par-1"},"name":"tf-lb-bkd-blissful-darwin","on_marked_down_action":"on_marked_down_action_none","pool":[],"proxy_protocol":"proxy_protocol_none","send_proxy_v2":false,"ssl_bridging":false,"sticky_sessions":"none","sticky_sessions_cookie_name":"","timeout_connect":null,"timeout_server":null,"timeout_tunnel":null,"updated_at":"2023-02-27T09:20:06.095138Z"},"certificate":null,"certificate_ids":[],"created_at":"2023-02-27T09:20:09.627846Z","enable_http3":false,"id":"85dbeb16-8db3-4391-96f5-4cb1da568507","inbound_port":50001,"lb":{"backend_count":1,"created_at":"2023-02-27T09:19:35.290669Z","description":"","frontend_count":2,"id":"0251c501-6d56-4d25-a19f-66101d0f8901","instances":[],"ip":[{"id":"bb2edaa6-8a28-4a94-9c4b-0a8a3c4bcbda","ip_address":"195.154.69.67","lb_id":"0251c501-6d56-4d25-a19f-66101d0f8901","organization_id":"564aa517-68b0-4fd7-8c8c-d21c4bcdcbd5","project_id":"564aa517-68b0-4fd7-8c8c-d21c4bcdcbd5","region":"fr-par","reverse":"195-154-69-67.lb.fr-par.scw.cloud","zone":"fr-par-1"}],"name":"test-lb","organization_id":"564aa517-68b0-4fd7-8c8c-d21c4bcdcbd5","private_network_count":0,"project_id":"564aa517-68b0-4fd7-8c8c-d21c4bcdcbd5","region":"fr-par","route_count":0,"ssl_compatibility_level":"ssl_compatibility_level_intermediate","status":"ready","subscriber":null,"tags":[],"type":"lb-s","updated_at":"2023-02-27T09:19:37.026546Z","zone":"fr-par-1"},"name":"tf-frontend-datasource1","timeout_client":null,"updated_at":"2023-02-27T09:20:09.627846Z"}],"total_count":2}'
    headers:
      Content-Security-Policy:
      - default-src 'none'; frame-ancestors 'none'
      Content-Type:
      - application/json
      Date:
      - Mon, 27 Feb 2023 09:20:10 GMT
      Server:
      - Scaleway API-Gateway
      Strict-Transport-Security:
      - max-age=63072000
      X-Content-Type-Options:
      - nosniff
      X-Frame-Options:
      - DENY
      X-Request-Id:
      - fa2751ad-a8ab-4fbb-8349-6b6ceca229bb
    status: 200 OK
    code: 200
    duration: ""
- request:
    body: ""
    form: {}
    headers:
      User-Agent:
      - scaleway-sdk-go/v1.0.0-beta.7+dev (go1.19.5; darwin; amd64) terraform-provider/develop
        terraform/terraform-tests
    url: https://api.scaleway.com/lb/v1/zones/fr-par-1/ips/bb2edaa6-8a28-4a94-9c4b-0a8a3c4bcbda
    method: GET
  response:
    body: '{"id":"bb2edaa6-8a28-4a94-9c4b-0a8a3c4bcbda","ip_address":"195.154.69.67","lb_id":"0251c501-6d56-4d25-a19f-66101d0f8901","organization_id":"564aa517-68b0-4fd7-8c8c-d21c4bcdcbd5","project_id":"564aa517-68b0-4fd7-8c8c-d21c4bcdcbd5","region":"fr-par","reverse":"195-154-69-67.lb.fr-par.scw.cloud","zone":"fr-par-1"}'
    headers:
      Content-Length:
      - "319"
      Content-Security-Policy:
      - default-src 'none'; frame-ancestors 'none'
      Content-Type:
      - application/json
      Date:
      - Mon, 27 Feb 2023 09:20:10 GMT
      Server:
      - Scaleway API-Gateway
      Strict-Transport-Security:
      - max-age=63072000
      X-Content-Type-Options:
      - nosniff
      X-Frame-Options:
      - DENY
      X-Request-Id:
      - 0f4acba8-d8c1-40db-94ee-da966af50f65
    status: 200 OK
    code: 200
    duration: ""
- request:
    body: ""
    form: {}
    headers:
      User-Agent:
      - scaleway-sdk-go/v1.0.0-beta.7+dev (go1.19.5; darwin; amd64) terraform-provider/develop
        terraform/terraform-tests
    url: https://api.scaleway.com/lb/v1/zones/fr-par-1/lbs/0251c501-6d56-4d25-a19f-66101d0f8901
    method: GET
  response:
    body: '{"backend_count":1,"created_at":"2023-02-27T09:19:35.290669Z","description":"","frontend_count":2,"id":"0251c501-6d56-4d25-a19f-66101d0f8901","instances":[{"created_at":"2023-02-27T09:15:47.006698Z","id":"50be09cc-f86c-4eda-9d2f-5f99f011fa20","ip_address":"10.69.18.87","region":"fr-par","status":"ready","updated_at":"2023-02-27T09:20:10.027040Z","zone":"fr-par-1"}],"ip":[{"id":"bb2edaa6-8a28-4a94-9c4b-0a8a3c4bcbda","ip_address":"195.154.69.67","lb_id":"0251c501-6d56-4d25-a19f-66101d0f8901","organization_id":"564aa517-68b0-4fd7-8c8c-d21c4bcdcbd5","project_id":"564aa517-68b0-4fd7-8c8c-d21c4bcdcbd5","region":"fr-par","reverse":"195-154-69-67.lb.fr-par.scw.cloud","zone":"fr-par-1"}],"name":"test-lb","organization_id":"564aa517-68b0-4fd7-8c8c-d21c4bcdcbd5","private_network_count":0,"project_id":"564aa517-68b0-4fd7-8c8c-d21c4bcdcbd5","region":"fr-par","route_count":0,"ssl_compatibility_level":"ssl_compatibility_level_intermediate","status":"ready","subscriber":null,"tags":[],"type":"lb-s","updated_at":"2023-02-27T09:19:37.026546Z","zone":"fr-par-1"}'
    headers:
      Content-Length:
      - "1091"
      Content-Security-Policy:
      - default-src 'none'; frame-ancestors 'none'
      Content-Type:
      - application/json
      Date:
      - Mon, 27 Feb 2023 09:20:10 GMT
      Server:
      - Scaleway API-Gateway
      Strict-Transport-Security:
      - max-age=63072000
      X-Content-Type-Options:
      - nosniff
      X-Frame-Options:
      - DENY
      X-Request-Id:
      - 1eec4411-53a8-4484-a785-d898ff0ea2ba
    status: 200 OK
    code: 200
    duration: ""
- request:
    body: ""
    form: {}
    headers:
      User-Agent:
      - scaleway-sdk-go/v1.0.0-beta.7+dev (go1.19.5; darwin; amd64) terraform-provider/develop
        terraform/terraform-tests
    url: https://api.scaleway.com/lb/v1/zones/fr-par-1/lbs/0251c501-6d56-4d25-a19f-66101d0f8901
    method: GET
  response:
    body: '{"backend_count":1,"created_at":"2023-02-27T09:19:35.290669Z","description":"","frontend_count":2,"id":"0251c501-6d56-4d25-a19f-66101d0f8901","instances":[{"created_at":"2023-02-27T09:15:47.006698Z","id":"50be09cc-f86c-4eda-9d2f-5f99f011fa20","ip_address":"10.69.18.87","region":"fr-par","status":"ready","updated_at":"2023-02-27T09:20:10.027040Z","zone":"fr-par-1"}],"ip":[{"id":"bb2edaa6-8a28-4a94-9c4b-0a8a3c4bcbda","ip_address":"195.154.69.67","lb_id":"0251c501-6d56-4d25-a19f-66101d0f8901","organization_id":"564aa517-68b0-4fd7-8c8c-d21c4bcdcbd5","project_id":"564aa517-68b0-4fd7-8c8c-d21c4bcdcbd5","region":"fr-par","reverse":"195-154-69-67.lb.fr-par.scw.cloud","zone":"fr-par-1"}],"name":"test-lb","organization_id":"564aa517-68b0-4fd7-8c8c-d21c4bcdcbd5","private_network_count":0,"project_id":"564aa517-68b0-4fd7-8c8c-d21c4bcdcbd5","region":"fr-par","route_count":0,"ssl_compatibility_level":"ssl_compatibility_level_intermediate","status":"ready","subscriber":null,"tags":[],"type":"lb-s","updated_at":"2023-02-27T09:19:37.026546Z","zone":"fr-par-1"}'
    headers:
      Content-Length:
      - "1091"
      Content-Security-Policy:
      - default-src 'none'; frame-ancestors 'none'
      Content-Type:
      - application/json
      Date:
      - Mon, 27 Feb 2023 09:20:10 GMT
      Server:
      - Scaleway API-Gateway
      Strict-Transport-Security:
      - max-age=63072000
      X-Content-Type-Options:
      - nosniff
      X-Frame-Options:
      - DENY
      X-Request-Id:
      - 03f2edaa-3aec-4919-9572-9c28a9c97a91
    status: 200 OK
    code: 200
    duration: ""
- request:
    body: ""
    form: {}
    headers:
      User-Agent:
      - scaleway-sdk-go/v1.0.0-beta.7+dev (go1.19.5; darwin; amd64) terraform-provider/develop
        terraform/terraform-tests
    url: https://api.scaleway.com/lb/v1/zones/fr-par-1/lbs/0251c501-6d56-4d25-a19f-66101d0f8901/private-networks?order_by=created_at_asc
    method: GET
  response:
    body: '{"private_network":[],"total_count":0}'
    headers:
      Content-Length:
      - "39"
      Content-Security-Policy:
      - default-src 'none'; frame-ancestors 'none'
      Content-Type:
      - application/json
      Date:
      - Mon, 27 Feb 2023 09:20:10 GMT
      Server:
      - Scaleway API-Gateway
      Strict-Transport-Security:
      - max-age=63072000
      X-Content-Type-Options:
      - nosniff
      X-Frame-Options:
      - DENY
      X-Request-Id:
      - 9801b2f7-ae61-41a6-89a7-f016d4ed9315
    status: 200 OK
    code: 200
    duration: ""
- request:
    body: ""
    form: {}
    headers:
      User-Agent:
      - scaleway-sdk-go/v1.0.0-beta.7+dev (go1.19.5; darwin; amd64) terraform-provider/develop
        terraform/terraform-tests
    url: https://api.scaleway.com/lb/v1/zones/fr-par-1/backends/72c87c01-b6eb-433b-b881-881ddd7a4f42
    method: GET
  response:
    body: '{"created_at":"2023-02-27T09:20:06.095138Z","failover_host":null,"forward_port":80,"forward_port_algorithm":"roundrobin","forward_protocol":"http","health_check":{"check_delay":60000,"check_max_retries":2,"check_send_proxy":false,"check_timeout":30000,"port":80,"tcp_config":{}},"id":"72c87c01-b6eb-433b-b881-881ddd7a4f42","ignore_ssl_server_verify":false,"lb":{"backend_count":1,"created_at":"2023-02-27T09:19:35.290669Z","description":"","frontend_count":2,"id":"0251c501-6d56-4d25-a19f-66101d0f8901","instances":[{"created_at":"2023-02-27T09:15:47.006698Z","id":"50be09cc-f86c-4eda-9d2f-5f99f011fa20","ip_address":"10.69.18.87","region":"fr-par","status":"ready","updated_at":"2023-02-27T09:20:10.027040Z","zone":"fr-par-1"}],"ip":[{"id":"bb2edaa6-8a28-4a94-9c4b-0a8a3c4bcbda","ip_address":"195.154.69.67","lb_id":"0251c501-6d56-4d25-a19f-66101d0f8901","organization_id":"564aa517-68b0-4fd7-8c8c-d21c4bcdcbd5","project_id":"564aa517-68b0-4fd7-8c8c-d21c4bcdcbd5","region":"fr-par","reverse":"195-154-69-67.lb.fr-par.scw.cloud","zone":"fr-par-1"}],"name":"test-lb","organization_id":"564aa517-68b0-4fd7-8c8c-d21c4bcdcbd5","private_network_count":0,"project_id":"564aa517-68b0-4fd7-8c8c-d21c4bcdcbd5","region":"fr-par","route_count":0,"ssl_compatibility_level":"ssl_compatibility_level_intermediate","status":"ready","subscriber":null,"tags":[],"type":"lb-s","updated_at":"2023-02-27T09:19:37.026546Z","zone":"fr-par-1"},"name":"tf-lb-bkd-blissful-darwin","on_marked_down_action":"on_marked_down_action_none","pool":[],"proxy_protocol":"proxy_protocol_none","send_proxy_v2":false,"ssl_bridging":false,"sticky_sessions":"none","sticky_sessions_cookie_name":"","timeout_connect":null,"timeout_server":null,"timeout_tunnel":null,"updated_at":"2023-02-27T09:20:06.095138Z"}'
    headers:
      Content-Length:
      - "1826"
      Content-Security-Policy:
      - default-src 'none'; frame-ancestors 'none'
      Content-Type:
      - application/json
      Date:
      - Mon, 27 Feb 2023 09:20:11 GMT
      Server:
      - Scaleway API-Gateway
      Strict-Transport-Security:
      - max-age=63072000
      X-Content-Type-Options:
      - nosniff
      X-Frame-Options:
      - DENY
      X-Request-Id:
      - 572a1b3a-6a08-4459-81d6-e26d21f3dccf
    status: 200 OK
    code: 200
    duration: ""
- request:
    body: ""
    form: {}
    headers:
      User-Agent:
      - scaleway-sdk-go/v1.0.0-beta.7+dev (go1.19.5; darwin; amd64) terraform-provider/develop
        terraform/terraform-tests
    url: https://api.scaleway.com/lb/v1/zones/fr-par-1/lbs/0251c501-6d56-4d25-a19f-66101d0f8901
    method: GET
  response:
    body: '{"backend_count":1,"created_at":"2023-02-27T09:19:35.290669Z","description":"","frontend_count":2,"id":"0251c501-6d56-4d25-a19f-66101d0f8901","instances":[{"created_at":"2023-02-27T09:15:47.006698Z","id":"50be09cc-f86c-4eda-9d2f-5f99f011fa20","ip_address":"10.69.18.87","region":"fr-par","status":"ready","updated_at":"2023-02-27T09:20:10.027040Z","zone":"fr-par-1"}],"ip":[{"id":"bb2edaa6-8a28-4a94-9c4b-0a8a3c4bcbda","ip_address":"195.154.69.67","lb_id":"0251c501-6d56-4d25-a19f-66101d0f8901","organization_id":"564aa517-68b0-4fd7-8c8c-d21c4bcdcbd5","project_id":"564aa517-68b0-4fd7-8c8c-d21c4bcdcbd5","region":"fr-par","reverse":"195-154-69-67.lb.fr-par.scw.cloud","zone":"fr-par-1"}],"name":"test-lb","organization_id":"564aa517-68b0-4fd7-8c8c-d21c4bcdcbd5","private_network_count":0,"project_id":"564aa517-68b0-4fd7-8c8c-d21c4bcdcbd5","region":"fr-par","route_count":0,"ssl_compatibility_level":"ssl_compatibility_level_intermediate","status":"ready","subscriber":null,"tags":[],"type":"lb-s","updated_at":"2023-02-27T09:19:37.026546Z","zone":"fr-par-1"}'
    headers:
      Content-Length:
      - "1091"
      Content-Security-Policy:
      - default-src 'none'; frame-ancestors 'none'
      Content-Type:
      - application/json
      Date:
      - Mon, 27 Feb 2023 09:20:11 GMT
      Server:
      - Scaleway API-Gateway
      Strict-Transport-Security:
      - max-age=63072000
      X-Content-Type-Options:
      - nosniff
      X-Frame-Options:
      - DENY
      X-Request-Id:
      - e4d3a5c0-0f90-48ce-818c-d2dd02233821
    status: 200 OK
    code: 200
    duration: ""
- request:
    body: ""
    form: {}
    headers:
      User-Agent:
      - scaleway-sdk-go/v1.0.0-beta.7+dev (go1.19.5; darwin; amd64) terraform-provider/develop
        terraform/terraform-tests
    url: https://api.scaleway.com/lb/v1/zones/fr-par-1/frontends/85dbeb16-8db3-4391-96f5-4cb1da568507
    method: GET
  response:
    body: '{"backend":{"created_at":"2023-02-27T09:20:06.095138Z","failover_host":null,"forward_port":80,"forward_port_algorithm":"roundrobin","forward_protocol":"http","health_check":{"check_delay":60000,"check_max_retries":2,"check_send_proxy":false,"check_timeout":30000,"port":80,"tcp_config":{}},"id":"72c87c01-b6eb-433b-b881-881ddd7a4f42","ignore_ssl_server_verify":false,"lb":{"backend_count":1,"created_at":"2023-02-27T09:19:35.290669Z","description":"","frontend_count":2,"id":"0251c501-6d56-4d25-a19f-66101d0f8901","instances":[],"ip":[{"id":"bb2edaa6-8a28-4a94-9c4b-0a8a3c4bcbda","ip_address":"195.154.69.67","lb_id":"0251c501-6d56-4d25-a19f-66101d0f8901","organization_id":"564aa517-68b0-4fd7-8c8c-d21c4bcdcbd5","project_id":"564aa517-68b0-4fd7-8c8c-d21c4bcdcbd5","region":"fr-par","reverse":"195-154-69-67.lb.fr-par.scw.cloud","zone":"fr-par-1"}],"name":"test-lb","organization_id":"564aa517-68b0-4fd7-8c8c-d21c4bcdcbd5","private_network_count":0,"project_id":"564aa517-68b0-4fd7-8c8c-d21c4bcdcbd5","region":"fr-par","route_count":0,"ssl_compatibility_level":"ssl_compatibility_level_intermediate","status":"ready","subscriber":null,"tags":[],"type":"lb-s","updated_at":"2023-02-27T09:19:37.026546Z","zone":"fr-par-1"},"name":"tf-lb-bkd-blissful-darwin","on_marked_down_action":"on_marked_down_action_none","pool":[],"proxy_protocol":"proxy_protocol_none","send_proxy_v2":false,"ssl_bridging":false,"sticky_sessions":"none","sticky_sessions_cookie_name":"","timeout_connect":null,"timeout_server":null,"timeout_tunnel":null,"updated_at":"2023-02-27T09:20:06.095138Z"},"certificate":null,"certificate_ids":[],"created_at":"2023-02-27T09:20:09.627846Z","enable_http3":false,"id":"85dbeb16-8db3-4391-96f5-4cb1da568507","inbound_port":50001,"lb":{"backend_count":1,"created_at":"2023-02-27T09:19:35.290669Z","description":"","frontend_count":2,"id":"0251c501-6d56-4d25-a19f-66101d0f8901","instances":[],"ip":[{"id":"bb2edaa6-8a28-4a94-9c4b-0a8a3c4bcbda","ip_address":"195.154.69.67","lb_id":"0251c501-6d56-4d25-a19f-66101d0f8901","organization_id":"564aa517-68b0-4fd7-8c8c-d21c4bcdcbd5","project_id":"564aa517-68b0-4fd7-8c8c-d21c4bcdcbd5","region":"fr-par","reverse":"195-154-69-67.lb.fr-par.scw.cloud","zone":"fr-par-1"}],"name":"test-lb","organization_id":"564aa517-68b0-4fd7-8c8c-d21c4bcdcbd5","private_network_count":0,"project_id":"564aa517-68b0-4fd7-8c8c-d21c4bcdcbd5","region":"fr-par","route_count":0,"ssl_compatibility_level":"ssl_compatibility_level_intermediate","status":"ready","subscriber":null,"tags":[],"type":"lb-s","updated_at":"2023-02-27T09:19:37.026546Z","zone":"fr-par-1"},"name":"tf-frontend-datasource1","timeout_client":null,"updated_at":"2023-02-27T09:20:09.627846Z"}'
    headers:
      Content-Length:
      - "2778"
      Content-Security-Policy:
      - default-src 'none'; frame-ancestors 'none'
      Content-Type:
      - application/json
      Date:
      - Mon, 27 Feb 2023 09:20:11 GMT
      Server:
      - Scaleway API-Gateway
      Strict-Transport-Security:
      - max-age=63072000
      X-Content-Type-Options:
      - nosniff
      X-Frame-Options:
      - DENY
      X-Request-Id:
      - fe31f098-99b9-4693-b86f-a661eff81d7e
    status: 200 OK
    code: 200
    duration: ""
- request:
    body: ""
    form: {}
    headers:
      User-Agent:
      - scaleway-sdk-go/v1.0.0-beta.7+dev (go1.19.5; darwin; amd64) terraform-provider/develop
        terraform/terraform-tests
    url: https://api.scaleway.com/lb/v1/zones/fr-par-1/frontends/5c50dde9-d409-480b-beb1-36bdbdef6873
    method: GET
  response:
    body: '{"backend":{"created_at":"2023-02-27T09:20:06.095138Z","failover_host":null,"forward_port":80,"forward_port_algorithm":"roundrobin","forward_protocol":"http","health_check":{"check_delay":60000,"check_max_retries":2,"check_send_proxy":false,"check_timeout":30000,"port":80,"tcp_config":{}},"id":"72c87c01-b6eb-433b-b881-881ddd7a4f42","ignore_ssl_server_verify":false,"lb":{"backend_count":1,"created_at":"2023-02-27T09:19:35.290669Z","description":"","frontend_count":2,"id":"0251c501-6d56-4d25-a19f-66101d0f8901","instances":[],"ip":[{"id":"bb2edaa6-8a28-4a94-9c4b-0a8a3c4bcbda","ip_address":"195.154.69.67","lb_id":"0251c501-6d56-4d25-a19f-66101d0f8901","organization_id":"564aa517-68b0-4fd7-8c8c-d21c4bcdcbd5","project_id":"564aa517-68b0-4fd7-8c8c-d21c4bcdcbd5","region":"fr-par","reverse":"195-154-69-67.lb.fr-par.scw.cloud","zone":"fr-par-1"}],"name":"test-lb","organization_id":"564aa517-68b0-4fd7-8c8c-d21c4bcdcbd5","private_network_count":0,"project_id":"564aa517-68b0-4fd7-8c8c-d21c4bcdcbd5","region":"fr-par","route_count":0,"ssl_compatibility_level":"ssl_compatibility_level_intermediate","status":"ready","subscriber":null,"tags":[],"type":"lb-s","updated_at":"2023-02-27T09:19:37.026546Z","zone":"fr-par-1"},"name":"tf-lb-bkd-blissful-darwin","on_marked_down_action":"on_marked_down_action_none","pool":[],"proxy_protocol":"proxy_protocol_none","send_proxy_v2":false,"ssl_bridging":false,"sticky_sessions":"none","sticky_sessions_cookie_name":"","timeout_connect":null,"timeout_server":null,"timeout_tunnel":null,"updated_at":"2023-02-27T09:20:06.095138Z"},"certificate":null,"certificate_ids":[],"created_at":"2023-02-27T09:20:06.751011Z","enable_http3":false,"id":"5c50dde9-d409-480b-beb1-36bdbdef6873","inbound_port":50000,"lb":{"backend_count":1,"created_at":"2023-02-27T09:19:35.290669Z","description":"","frontend_count":2,"id":"0251c501-6d56-4d25-a19f-66101d0f8901","instances":[],"ip":[{"id":"bb2edaa6-8a28-4a94-9c4b-0a8a3c4bcbda","ip_address":"195.154.69.67","lb_id":"0251c501-6d56-4d25-a19f-66101d0f8901","organization_id":"564aa517-68b0-4fd7-8c8c-d21c4bcdcbd5","project_id":"564aa517-68b0-4fd7-8c8c-d21c4bcdcbd5","region":"fr-par","reverse":"195-154-69-67.lb.fr-par.scw.cloud","zone":"fr-par-1"}],"name":"test-lb","organization_id":"564aa517-68b0-4fd7-8c8c-d21c4bcdcbd5","private_network_count":0,"project_id":"564aa517-68b0-4fd7-8c8c-d21c4bcdcbd5","region":"fr-par","route_count":0,"ssl_compatibility_level":"ssl_compatibility_level_intermediate","status":"ready","subscriber":null,"tags":[],"type":"lb-s","updated_at":"2023-02-27T09:19:37.026546Z","zone":"fr-par-1"},"name":"tf-frontend-datasource0","timeout_client":null,"updated_at":"2023-02-27T09:20:06.751011Z"}'
    headers:
      Content-Length:
      - "2778"
      Content-Security-Policy:
      - default-src 'none'; frame-ancestors 'none'
      Content-Type:
      - application/json
      Date:
      - Mon, 27 Feb 2023 09:20:11 GMT
      Server:
      - Scaleway API-Gateway
      Strict-Transport-Security:
      - max-age=63072000
      X-Content-Type-Options:
      - nosniff
      X-Frame-Options:
      - DENY
      X-Request-Id:
      - e1a2b429-73d7-4699-91d8-47bb31f49d39
    status: 200 OK
    code: 200
    duration: ""
- request:
    body: ""
    form: {}
    headers:
      User-Agent:
      - scaleway-sdk-go/v1.0.0-beta.7+dev (go1.19.5; darwin; amd64) terraform-provider/develop
        terraform/terraform-tests
    url: https://api.scaleway.com/lb/v1/zones/fr-par-1/frontends/5c50dde9-d409-480b-beb1-36bdbdef6873/acls?order_by=created_at_asc&page=1
    method: GET
  response:
    body: '{"acls":[],"total_count":0}'
    headers:
      Content-Length:
      - "28"
      Content-Security-Policy:
      - default-src 'none'; frame-ancestors 'none'
      Content-Type:
      - application/json
      Date:
      - Mon, 27 Feb 2023 09:20:11 GMT
      Server:
      - Scaleway API-Gateway
      Strict-Transport-Security:
      - max-age=63072000
      X-Content-Type-Options:
      - nosniff
      X-Frame-Options:
      - DENY
      X-Request-Id:
      - ee2b212b-b7a7-4555-b58c-ed9c8f010e50
    status: 200 OK
    code: 200
    duration: ""
- request:
    body: ""
    form: {}
    headers:
      User-Agent:
      - scaleway-sdk-go/v1.0.0-beta.7+dev (go1.19.5; darwin; amd64) terraform-provider/develop
        terraform/terraform-tests
    url: https://api.scaleway.com/lb/v1/zones/fr-par-1/frontends/85dbeb16-8db3-4391-96f5-4cb1da568507/acls?order_by=created_at_asc&page=1
    method: GET
  response:
    body: '{"acls":[],"total_count":0}'
    headers:
      Content-Length:
      - "28"
      Content-Security-Policy:
      - default-src 'none'; frame-ancestors 'none'
      Content-Type:
      - application/json
      Date:
      - Mon, 27 Feb 2023 09:20:11 GMT
      Server:
      - Scaleway API-Gateway
      Strict-Transport-Security:
      - max-age=63072000
      X-Content-Type-Options:
      - nosniff
      X-Frame-Options:
      - DENY
      X-Request-Id:
      - 5636284c-8909-4420-810a-b0cbae0184a9
    status: 200 OK
    code: 200
    duration: ""
- request:
    body: ""
    form: {}
    headers:
      User-Agent:
      - scaleway-sdk-go/v1.0.0-beta.7+dev (go1.19.5; darwin; amd64) terraform-provider/develop
        terraform/terraform-tests
    url: https://api.scaleway.com/lb/v1/zones/fr-par-1/lbs/0251c501-6d56-4d25-a19f-66101d0f8901/frontends?order_by=created_at_asc
    method: GET
  response:
    body: '{"frontends":[{"backend":{"created_at":"2023-02-27T09:20:06.095138Z","failover_host":null,"forward_port":80,"forward_port_algorithm":"roundrobin","forward_protocol":"http","health_check":{"check_delay":60000,"check_max_retries":2,"check_send_proxy":false,"check_timeout":30000,"port":80,"tcp_config":{}},"id":"72c87c01-b6eb-433b-b881-881ddd7a4f42","ignore_ssl_server_verify":false,"lb":{"backend_count":1,"created_at":"2023-02-27T09:19:35.290669Z","description":"","frontend_count":2,"id":"0251c501-6d56-4d25-a19f-66101d0f8901","instances":[],"ip":[{"id":"bb2edaa6-8a28-4a94-9c4b-0a8a3c4bcbda","ip_address":"195.154.69.67","lb_id":"0251c501-6d56-4d25-a19f-66101d0f8901","organization_id":"564aa517-68b0-4fd7-8c8c-d21c4bcdcbd5","project_id":"564aa517-68b0-4fd7-8c8c-d21c4bcdcbd5","region":"fr-par","reverse":"195-154-69-67.lb.fr-par.scw.cloud","zone":"fr-par-1"}],"name":"test-lb","organization_id":"564aa517-68b0-4fd7-8c8c-d21c4bcdcbd5","private_network_count":0,"project_id":"564aa517-68b0-4fd7-8c8c-d21c4bcdcbd5","region":"fr-par","route_count":0,"ssl_compatibility_level":"ssl_compatibility_level_intermediate","status":"ready","subscriber":null,"tags":[],"type":"lb-s","updated_at":"2023-02-27T09:19:37.026546Z","zone":"fr-par-1"},"name":"tf-lb-bkd-blissful-darwin","on_marked_down_action":"on_marked_down_action_none","pool":[],"proxy_protocol":"proxy_protocol_none","send_proxy_v2":false,"ssl_bridging":false,"sticky_sessions":"none","sticky_sessions_cookie_name":"","timeout_connect":null,"timeout_server":null,"timeout_tunnel":null,"updated_at":"2023-02-27T09:20:06.095138Z"},"certificate":null,"certificate_ids":[],"created_at":"2023-02-27T09:20:06.751011Z","enable_http3":false,"id":"5c50dde9-d409-480b-beb1-36bdbdef6873","inbound_port":50000,"lb":{"backend_count":1,"created_at":"2023-02-27T09:19:35.290669Z","description":"","frontend_count":2,"id":"0251c501-6d56-4d25-a19f-66101d0f8901","instances":[],"ip":[{"id":"bb2edaa6-8a28-4a94-9c4b-0a8a3c4bcbda","ip_address":"195.154.69.67","lb_id":"0251c501-6d56-4d25-a19f-66101d0f8901","organization_id":"564aa517-68b0-4fd7-8c8c-d21c4bcdcbd5","project_id":"564aa517-68b0-4fd7-8c8c-d21c4bcdcbd5","region":"fr-par","reverse":"195-154-69-67.lb.fr-par.scw.cloud","zone":"fr-par-1"}],"name":"test-lb","organization_id":"564aa517-68b0-4fd7-8c8c-d21c4bcdcbd5","private_network_count":0,"project_id":"564aa517-68b0-4fd7-8c8c-d21c4bcdcbd5","region":"fr-par","route_count":0,"ssl_compatibility_level":"ssl_compatibility_level_intermediate","status":"ready","subscriber":null,"tags":[],"type":"lb-s","updated_at":"2023-02-27T09:19:37.026546Z","zone":"fr-par-1"},"name":"tf-frontend-datasource0","timeout_client":null,"updated_at":"2023-02-27T09:20:06.751011Z"},{"backend":{"created_at":"2023-02-27T09:20:06.095138Z","failover_host":null,"forward_port":80,"forward_port_algorithm":"roundrobin","forward_protocol":"http","health_check":{"check_delay":60000,"check_max_retries":2,"check_send_proxy":false,"check_timeout":30000,"port":80,"tcp_config":{}},"id":"72c87c01-b6eb-433b-b881-881ddd7a4f42","ignore_ssl_server_verify":false,"lb":{"backend_count":1,"created_at":"2023-02-27T09:19:35.290669Z","description":"","frontend_count":2,"id":"0251c501-6d56-4d25-a19f-66101d0f8901","instances":[],"ip":[{"id":"bb2edaa6-8a28-4a94-9c4b-0a8a3c4bcbda","ip_address":"195.154.69.67","lb_id":"0251c501-6d56-4d25-a19f-66101d0f8901","organization_id":"564aa517-68b0-4fd7-8c8c-d21c4bcdcbd5","project_id":"564aa517-68b0-4fd7-8c8c-d21c4bcdcbd5","region":"fr-par","reverse":"195-154-69-67.lb.fr-par.scw.cloud","zone":"fr-par-1"}],"name":"test-lb","organization_id":"564aa517-68b0-4fd7-8c8c-d21c4bcdcbd5","private_network_count":0,"project_id":"564aa517-68b0-4fd7-8c8c-d21c4bcdcbd5","region":"fr-par","route_count":0,"ssl_compatibility_level":"ssl_compatibility_level_intermediate","status":"ready","subscriber":null,"tags":[],"type":"lb-s","updated_at":"2023-02-27T09:19:37.026546Z","zone":"fr-par-1"},"name":"tf-lb-bkd-blissful-darwin","on_marked_down_action":"on_marked_down_action_none","pool":[],"proxy_protocol":"proxy_protocol_none","send_proxy_v2":false,"ssl_bridging":false,"sticky_sessions":"none","sticky_sessions_cookie_name":"","timeout_connect":null,"timeout_server":null,"timeout_tunnel":null,"updated_at":"2023-02-27T09:20:06.095138Z"},"certificate":null,"certificate_ids":[],"created_at":"2023-02-27T09:20:09.627846Z","enable_http3":false,"id":"85dbeb16-8db3-4391-96f5-4cb1da568507","inbound_port":50001,"lb":{"backend_count":1,"created_at":"2023-02-27T09:19:35.290669Z","description":"","frontend_count":2,"id":"0251c501-6d56-4d25-a19f-66101d0f8901","instances":[],"ip":[{"id":"bb2edaa6-8a28-4a94-9c4b-0a8a3c4bcbda","ip_address":"195.154.69.67","lb_id":"0251c501-6d56-4d25-a19f-66101d0f8901","organization_id":"564aa517-68b0-4fd7-8c8c-d21c4bcdcbd5","project_id":"564aa517-68b0-4fd7-8c8c-d21c4bcdcbd5","region":"fr-par","reverse":"195-154-69-67.lb.fr-par.scw.cloud","zone":"fr-par-1"}],"name":"test-lb","organization_id":"564aa517-68b0-4fd7-8c8c-d21c4bcdcbd5","private_network_count":0,"project_id":"564aa517-68b0-4fd7-8c8c-d21c4bcdcbd5","region":"fr-par","route_count":0,"ssl_compatibility_level":"ssl_compatibility_level_intermediate","status":"ready","subscriber":null,"tags":[],"type":"lb-s","updated_at":"2023-02-27T09:19:37.026546Z","zone":"fr-par-1"},"name":"tf-frontend-datasource1","timeout_client":null,"updated_at":"2023-02-27T09:20:09.627846Z"}],"total_count":2}'
    headers:
      Content-Security-Policy:
      - default-src 'none'; frame-ancestors 'none'
      Content-Type:
      - application/json
      Date:
      - Mon, 27 Feb 2023 09:20:11 GMT
      Server:
      - Scaleway API-Gateway
      Strict-Transport-Security:
      - max-age=63072000
      X-Content-Type-Options:
      - nosniff
      X-Frame-Options:
      - DENY
      X-Request-Id:
      - e1e56b8a-1007-4f9d-8520-0d21b97c7a3c
    status: 200 OK
    code: 200
    duration: ""
- request:
    body: ""
    form: {}
    headers:
      User-Agent:
      - scaleway-sdk-go/v1.0.0-beta.7+dev (go1.19.5; darwin; amd64) terraform-provider/develop
        terraform/terraform-tests
    url: https://api.scaleway.com/lb/v1/zones/fr-par-1/lbs/0251c501-6d56-4d25-a19f-66101d0f8901/frontends?name=tf-frontend-datasource&order_by=created_at_asc
    method: GET
  response:
    body: '{"frontends":[{"backend":{"created_at":"2023-02-27T09:20:06.095138Z","failover_host":null,"forward_port":80,"forward_port_algorithm":"roundrobin","forward_protocol":"http","health_check":{"check_delay":60000,"check_max_retries":2,"check_send_proxy":false,"check_timeout":30000,"port":80,"tcp_config":{}},"id":"72c87c01-b6eb-433b-b881-881ddd7a4f42","ignore_ssl_server_verify":false,"lb":{"backend_count":1,"created_at":"2023-02-27T09:19:35.290669Z","description":"","frontend_count":2,"id":"0251c501-6d56-4d25-a19f-66101d0f8901","instances":[],"ip":[{"id":"bb2edaa6-8a28-4a94-9c4b-0a8a3c4bcbda","ip_address":"195.154.69.67","lb_id":"0251c501-6d56-4d25-a19f-66101d0f8901","organization_id":"564aa517-68b0-4fd7-8c8c-d21c4bcdcbd5","project_id":"564aa517-68b0-4fd7-8c8c-d21c4bcdcbd5","region":"fr-par","reverse":"195-154-69-67.lb.fr-par.scw.cloud","zone":"fr-par-1"}],"name":"test-lb","organization_id":"564aa517-68b0-4fd7-8c8c-d21c4bcdcbd5","private_network_count":0,"project_id":"564aa517-68b0-4fd7-8c8c-d21c4bcdcbd5","region":"fr-par","route_count":0,"ssl_compatibility_level":"ssl_compatibility_level_intermediate","status":"ready","subscriber":null,"tags":[],"type":"lb-s","updated_at":"2023-02-27T09:19:37.026546Z","zone":"fr-par-1"},"name":"tf-lb-bkd-blissful-darwin","on_marked_down_action":"on_marked_down_action_none","pool":[],"proxy_protocol":"proxy_protocol_none","send_proxy_v2":false,"ssl_bridging":false,"sticky_sessions":"none","sticky_sessions_cookie_name":"","timeout_connect":null,"timeout_server":null,"timeout_tunnel":null,"updated_at":"2023-02-27T09:20:06.095138Z"},"certificate":null,"certificate_ids":[],"created_at":"2023-02-27T09:20:06.751011Z","enable_http3":false,"id":"5c50dde9-d409-480b-beb1-36bdbdef6873","inbound_port":50000,"lb":{"backend_count":1,"created_at":"2023-02-27T09:19:35.290669Z","description":"","frontend_count":2,"id":"0251c501-6d56-4d25-a19f-66101d0f8901","instances":[],"ip":[{"id":"bb2edaa6-8a28-4a94-9c4b-0a8a3c4bcbda","ip_address":"195.154.69.67","lb_id":"0251c501-6d56-4d25-a19f-66101d0f8901","organization_id":"564aa517-68b0-4fd7-8c8c-d21c4bcdcbd5","project_id":"564aa517-68b0-4fd7-8c8c-d21c4bcdcbd5","region":"fr-par","reverse":"195-154-69-67.lb.fr-par.scw.cloud","zone":"fr-par-1"}],"name":"test-lb","organization_id":"564aa517-68b0-4fd7-8c8c-d21c4bcdcbd5","private_network_count":0,"project_id":"564aa517-68b0-4fd7-8c8c-d21c4bcdcbd5","region":"fr-par","route_count":0,"ssl_compatibility_level":"ssl_compatibility_level_intermediate","status":"ready","subscriber":null,"tags":[],"type":"lb-s","updated_at":"2023-02-27T09:19:37.026546Z","zone":"fr-par-1"},"name":"tf-frontend-datasource0","timeout_client":null,"updated_at":"2023-02-27T09:20:06.751011Z"},{"backend":{"created_at":"2023-02-27T09:20:06.095138Z","failover_host":null,"forward_port":80,"forward_port_algorithm":"roundrobin","forward_protocol":"http","health_check":{"check_delay":60000,"check_max_retries":2,"check_send_proxy":false,"check_timeout":30000,"port":80,"tcp_config":{}},"id":"72c87c01-b6eb-433b-b881-881ddd7a4f42","ignore_ssl_server_verify":false,"lb":{"backend_count":1,"created_at":"2023-02-27T09:19:35.290669Z","description":"","frontend_count":2,"id":"0251c501-6d56-4d25-a19f-66101d0f8901","instances":[],"ip":[{"id":"bb2edaa6-8a28-4a94-9c4b-0a8a3c4bcbda","ip_address":"195.154.69.67","lb_id":"0251c501-6d56-4d25-a19f-66101d0f8901","organization_id":"564aa517-68b0-4fd7-8c8c-d21c4bcdcbd5","project_id":"564aa517-68b0-4fd7-8c8c-d21c4bcdcbd5","region":"fr-par","reverse":"195-154-69-67.lb.fr-par.scw.cloud","zone":"fr-par-1"}],"name":"test-lb","organization_id":"564aa517-68b0-4fd7-8c8c-d21c4bcdcbd5","private_network_count":0,"project_id":"564aa517-68b0-4fd7-8c8c-d21c4bcdcbd5","region":"fr-par","route_count":0,"ssl_compatibility_level":"ssl_compatibility_level_intermediate","status":"ready","subscriber":null,"tags":[],"type":"lb-s","updated_at":"2023-02-27T09:19:37.026546Z","zone":"fr-par-1"},"name":"tf-lb-bkd-blissful-darwin","on_marked_down_action":"on_marked_down_action_none","pool":[],"proxy_protocol":"proxy_protocol_none","send_proxy_v2":false,"ssl_bridging":false,"sticky_sessions":"none","sticky_sessions_cookie_name":"","timeout_connect":null,"timeout_server":null,"timeout_tunnel":null,"updated_at":"2023-02-27T09:20:06.095138Z"},"certificate":null,"certificate_ids":[],"created_at":"2023-02-27T09:20:09.627846Z","enable_http3":false,"id":"85dbeb16-8db3-4391-96f5-4cb1da568507","inbound_port":50001,"lb":{"backend_count":1,"created_at":"2023-02-27T09:19:35.290669Z","description":"","frontend_count":2,"id":"0251c501-6d56-4d25-a19f-66101d0f8901","instances":[],"ip":[{"id":"bb2edaa6-8a28-4a94-9c4b-0a8a3c4bcbda","ip_address":"195.154.69.67","lb_id":"0251c501-6d56-4d25-a19f-66101d0f8901","organization_id":"564aa517-68b0-4fd7-8c8c-d21c4bcdcbd5","project_id":"564aa517-68b0-4fd7-8c8c-d21c4bcdcbd5","region":"fr-par","reverse":"195-154-69-67.lb.fr-par.scw.cloud","zone":"fr-par-1"}],"name":"test-lb","organization_id":"564aa517-68b0-4fd7-8c8c-d21c4bcdcbd5","private_network_count":0,"project_id":"564aa517-68b0-4fd7-8c8c-d21c4bcdcbd5","region":"fr-par","route_count":0,"ssl_compatibility_level":"ssl_compatibility_level_intermediate","status":"ready","subscriber":null,"tags":[],"type":"lb-s","updated_at":"2023-02-27T09:19:37.026546Z","zone":"fr-par-1"},"name":"tf-frontend-datasource1","timeout_client":null,"updated_at":"2023-02-27T09:20:09.627846Z"}],"total_count":2}'
    headers:
      Content-Security-Policy:
      - default-src 'none'; frame-ancestors 'none'
      Content-Type:
      - application/json
      Date:
      - Mon, 27 Feb 2023 09:20:11 GMT
      Server:
      - Scaleway API-Gateway
      Strict-Transport-Security:
      - max-age=63072000
      X-Content-Type-Options:
      - nosniff
      X-Frame-Options:
      - DENY
      X-Request-Id:
      - 7af198c5-9e8d-4fd3-a7c9-010bb7e8ea92
    status: 200 OK
    code: 200
    duration: ""
- request:
    body: ""
    form: {}
    headers:
      User-Agent:
      - scaleway-sdk-go/v1.0.0-beta.7+dev (go1.19.5; darwin; amd64) terraform-provider/develop
        terraform/terraform-tests
    url: https://api.scaleway.com/lb/v1/zones/fr-par-1/lbs/0251c501-6d56-4d25-a19f-66101d0f8901/frontends?order_by=created_at_asc
    method: GET
  response:
    body: '{"frontends":[{"backend":{"created_at":"2023-02-27T09:20:06.095138Z","failover_host":null,"forward_port":80,"forward_port_algorithm":"roundrobin","forward_protocol":"http","health_check":{"check_delay":60000,"check_max_retries":2,"check_send_proxy":false,"check_timeout":30000,"port":80,"tcp_config":{}},"id":"72c87c01-b6eb-433b-b881-881ddd7a4f42","ignore_ssl_server_verify":false,"lb":{"backend_count":1,"created_at":"2023-02-27T09:19:35.290669Z","description":"","frontend_count":2,"id":"0251c501-6d56-4d25-a19f-66101d0f8901","instances":[],"ip":[{"id":"bb2edaa6-8a28-4a94-9c4b-0a8a3c4bcbda","ip_address":"195.154.69.67","lb_id":"0251c501-6d56-4d25-a19f-66101d0f8901","organization_id":"564aa517-68b0-4fd7-8c8c-d21c4bcdcbd5","project_id":"564aa517-68b0-4fd7-8c8c-d21c4bcdcbd5","region":"fr-par","reverse":"195-154-69-67.lb.fr-par.scw.cloud","zone":"fr-par-1"}],"name":"test-lb","organization_id":"564aa517-68b0-4fd7-8c8c-d21c4bcdcbd5","private_network_count":0,"project_id":"564aa517-68b0-4fd7-8c8c-d21c4bcdcbd5","region":"fr-par","route_count":0,"ssl_compatibility_level":"ssl_compatibility_level_intermediate","status":"ready","subscriber":null,"tags":[],"type":"lb-s","updated_at":"2023-02-27T09:19:37.026546Z","zone":"fr-par-1"},"name":"tf-lb-bkd-blissful-darwin","on_marked_down_action":"on_marked_down_action_none","pool":[],"proxy_protocol":"proxy_protocol_none","send_proxy_v2":false,"ssl_bridging":false,"sticky_sessions":"none","sticky_sessions_cookie_name":"","timeout_connect":null,"timeout_server":null,"timeout_tunnel":null,"updated_at":"2023-02-27T09:20:06.095138Z"},"certificate":null,"certificate_ids":[],"created_at":"2023-02-27T09:20:06.751011Z","enable_http3":false,"id":"5c50dde9-d409-480b-beb1-36bdbdef6873","inbound_port":50000,"lb":{"backend_count":1,"created_at":"2023-02-27T09:19:35.290669Z","description":"","frontend_count":2,"id":"0251c501-6d56-4d25-a19f-66101d0f8901","instances":[],"ip":[{"id":"bb2edaa6-8a28-4a94-9c4b-0a8a3c4bcbda","ip_address":"195.154.69.67","lb_id":"0251c501-6d56-4d25-a19f-66101d0f8901","organization_id":"564aa517-68b0-4fd7-8c8c-d21c4bcdcbd5","project_id":"564aa517-68b0-4fd7-8c8c-d21c4bcdcbd5","region":"fr-par","reverse":"195-154-69-67.lb.fr-par.scw.cloud","zone":"fr-par-1"}],"name":"test-lb","organization_id":"564aa517-68b0-4fd7-8c8c-d21c4bcdcbd5","private_network_count":0,"project_id":"564aa517-68b0-4fd7-8c8c-d21c4bcdcbd5","region":"fr-par","route_count":0,"ssl_compatibility_level":"ssl_compatibility_level_intermediate","status":"ready","subscriber":null,"tags":[],"type":"lb-s","updated_at":"2023-02-27T09:19:37.026546Z","zone":"fr-par-1"},"name":"tf-frontend-datasource0","timeout_client":null,"updated_at":"2023-02-27T09:20:06.751011Z"},{"backend":{"created_at":"2023-02-27T09:20:06.095138Z","failover_host":null,"forward_port":80,"forward_port_algorithm":"roundrobin","forward_protocol":"http","health_check":{"check_delay":60000,"check_max_retries":2,"check_send_proxy":false,"check_timeout":30000,"port":80,"tcp_config":{}},"id":"72c87c01-b6eb-433b-b881-881ddd7a4f42","ignore_ssl_server_verify":false,"lb":{"backend_count":1,"created_at":"2023-02-27T09:19:35.290669Z","description":"","frontend_count":2,"id":"0251c501-6d56-4d25-a19f-66101d0f8901","instances":[],"ip":[{"id":"bb2edaa6-8a28-4a94-9c4b-0a8a3c4bcbda","ip_address":"195.154.69.67","lb_id":"0251c501-6d56-4d25-a19f-66101d0f8901","organization_id":"564aa517-68b0-4fd7-8c8c-d21c4bcdcbd5","project_id":"564aa517-68b0-4fd7-8c8c-d21c4bcdcbd5","region":"fr-par","reverse":"195-154-69-67.lb.fr-par.scw.cloud","zone":"fr-par-1"}],"name":"test-lb","organization_id":"564aa517-68b0-4fd7-8c8c-d21c4bcdcbd5","private_network_count":0,"project_id":"564aa517-68b0-4fd7-8c8c-d21c4bcdcbd5","region":"fr-par","route_count":0,"ssl_compatibility_level":"ssl_compatibility_level_intermediate","status":"ready","subscriber":null,"tags":[],"type":"lb-s","updated_at":"2023-02-27T09:19:37.026546Z","zone":"fr-par-1"},"name":"tf-lb-bkd-blissful-darwin","on_marked_down_action":"on_marked_down_action_none","pool":[],"proxy_protocol":"proxy_protocol_none","send_proxy_v2":false,"ssl_bridging":false,"sticky_sessions":"none","sticky_sessions_cookie_name":"","timeout_connect":null,"timeout_server":null,"timeout_tunnel":null,"updated_at":"2023-02-27T09:20:06.095138Z"},"certificate":null,"certificate_ids":[],"created_at":"2023-02-27T09:20:09.627846Z","enable_http3":false,"id":"85dbeb16-8db3-4391-96f5-4cb1da568507","inbound_port":50001,"lb":{"backend_count":1,"created_at":"2023-02-27T09:19:35.290669Z","description":"","frontend_count":2,"id":"0251c501-6d56-4d25-a19f-66101d0f8901","instances":[],"ip":[{"id":"bb2edaa6-8a28-4a94-9c4b-0a8a3c4bcbda","ip_address":"195.154.69.67","lb_id":"0251c501-6d56-4d25-a19f-66101d0f8901","organization_id":"564aa517-68b0-4fd7-8c8c-d21c4bcdcbd5","project_id":"564aa517-68b0-4fd7-8c8c-d21c4bcdcbd5","region":"fr-par","reverse":"195-154-69-67.lb.fr-par.scw.cloud","zone":"fr-par-1"}],"name":"test-lb","organization_id":"564aa517-68b0-4fd7-8c8c-d21c4bcdcbd5","private_network_count":0,"project_id":"564aa517-68b0-4fd7-8c8c-d21c4bcdcbd5","region":"fr-par","route_count":0,"ssl_compatibility_level":"ssl_compatibility_level_intermediate","status":"ready","subscriber":null,"tags":[],"type":"lb-s","updated_at":"2023-02-27T09:19:37.026546Z","zone":"fr-par-1"},"name":"tf-frontend-datasource1","timeout_client":null,"updated_at":"2023-02-27T09:20:09.627846Z"}],"total_count":2}'
    headers:
      Content-Security-Policy:
      - default-src 'none'; frame-ancestors 'none'
      Content-Type:
      - application/json
      Date:
      - Mon, 27 Feb 2023 09:20:11 GMT
      Server:
      - Scaleway API-Gateway
      Strict-Transport-Security:
      - max-age=63072000
      X-Content-Type-Options:
      - nosniff
      X-Frame-Options:
      - DENY
      X-Request-Id:
      - 6a6081b9-5542-4ae3-bb0e-4177b846de17
    status: 200 OK
    code: 200
    duration: ""
- request:
    body: ""
    form: {}
    headers:
      User-Agent:
      - scaleway-sdk-go/v1.0.0-beta.7+dev (go1.19.5; darwin; amd64) terraform-provider/develop
        terraform/terraform-tests
    url: https://api.scaleway.com/lb/v1/zones/fr-par-1/lbs/0251c501-6d56-4d25-a19f-66101d0f8901/frontends?name=tf-frontend-datasource&order_by=created_at_asc
    method: GET
  response:
    body: '{"frontends":[{"backend":{"created_at":"2023-02-27T09:20:06.095138Z","failover_host":null,"forward_port":80,"forward_port_algorithm":"roundrobin","forward_protocol":"http","health_check":{"check_delay":60000,"check_max_retries":2,"check_send_proxy":false,"check_timeout":30000,"port":80,"tcp_config":{}},"id":"72c87c01-b6eb-433b-b881-881ddd7a4f42","ignore_ssl_server_verify":false,"lb":{"backend_count":1,"created_at":"2023-02-27T09:19:35.290669Z","description":"","frontend_count":2,"id":"0251c501-6d56-4d25-a19f-66101d0f8901","instances":[],"ip":[{"id":"bb2edaa6-8a28-4a94-9c4b-0a8a3c4bcbda","ip_address":"195.154.69.67","lb_id":"0251c501-6d56-4d25-a19f-66101d0f8901","organization_id":"564aa517-68b0-4fd7-8c8c-d21c4bcdcbd5","project_id":"564aa517-68b0-4fd7-8c8c-d21c4bcdcbd5","region":"fr-par","reverse":"195-154-69-67.lb.fr-par.scw.cloud","zone":"fr-par-1"}],"name":"test-lb","organization_id":"564aa517-68b0-4fd7-8c8c-d21c4bcdcbd5","private_network_count":0,"project_id":"564aa517-68b0-4fd7-8c8c-d21c4bcdcbd5","region":"fr-par","route_count":0,"ssl_compatibility_level":"ssl_compatibility_level_intermediate","status":"ready","subscriber":null,"tags":[],"type":"lb-s","updated_at":"2023-02-27T09:19:37.026546Z","zone":"fr-par-1"},"name":"tf-lb-bkd-blissful-darwin","on_marked_down_action":"on_marked_down_action_none","pool":[],"proxy_protocol":"proxy_protocol_none","send_proxy_v2":false,"ssl_bridging":false,"sticky_sessions":"none","sticky_sessions_cookie_name":"","timeout_connect":null,"timeout_server":null,"timeout_tunnel":null,"updated_at":"2023-02-27T09:20:06.095138Z"},"certificate":null,"certificate_ids":[],"created_at":"2023-02-27T09:20:06.751011Z","enable_http3":false,"id":"5c50dde9-d409-480b-beb1-36bdbdef6873","inbound_port":50000,"lb":{"backend_count":1,"created_at":"2023-02-27T09:19:35.290669Z","description":"","frontend_count":2,"id":"0251c501-6d56-4d25-a19f-66101d0f8901","instances":[],"ip":[{"id":"bb2edaa6-8a28-4a94-9c4b-0a8a3c4bcbda","ip_address":"195.154.69.67","lb_id":"0251c501-6d56-4d25-a19f-66101d0f8901","organization_id":"564aa517-68b0-4fd7-8c8c-d21c4bcdcbd5","project_id":"564aa517-68b0-4fd7-8c8c-d21c4bcdcbd5","region":"fr-par","reverse":"195-154-69-67.lb.fr-par.scw.cloud","zone":"fr-par-1"}],"name":"test-lb","organization_id":"564aa517-68b0-4fd7-8c8c-d21c4bcdcbd5","private_network_count":0,"project_id":"564aa517-68b0-4fd7-8c8c-d21c4bcdcbd5","region":"fr-par","route_count":0,"ssl_compatibility_level":"ssl_compatibility_level_intermediate","status":"ready","subscriber":null,"tags":[],"type":"lb-s","updated_at":"2023-02-27T09:19:37.026546Z","zone":"fr-par-1"},"name":"tf-frontend-datasource0","timeout_client":null,"updated_at":"2023-02-27T09:20:06.751011Z"},{"backend":{"created_at":"2023-02-27T09:20:06.095138Z","failover_host":null,"forward_port":80,"forward_port_algorithm":"roundrobin","forward_protocol":"http","health_check":{"check_delay":60000,"check_max_retries":2,"check_send_proxy":false,"check_timeout":30000,"port":80,"tcp_config":{}},"id":"72c87c01-b6eb-433b-b881-881ddd7a4f42","ignore_ssl_server_verify":false,"lb":{"backend_count":1,"created_at":"2023-02-27T09:19:35.290669Z","description":"","frontend_count":2,"id":"0251c501-6d56-4d25-a19f-66101d0f8901","instances":[],"ip":[{"id":"bb2edaa6-8a28-4a94-9c4b-0a8a3c4bcbda","ip_address":"195.154.69.67","lb_id":"0251c501-6d56-4d25-a19f-66101d0f8901","organization_id":"564aa517-68b0-4fd7-8c8c-d21c4bcdcbd5","project_id":"564aa517-68b0-4fd7-8c8c-d21c4bcdcbd5","region":"fr-par","reverse":"195-154-69-67.lb.fr-par.scw.cloud","zone":"fr-par-1"}],"name":"test-lb","organization_id":"564aa517-68b0-4fd7-8c8c-d21c4bcdcbd5","private_network_count":0,"project_id":"564aa517-68b0-4fd7-8c8c-d21c4bcdcbd5","region":"fr-par","route_count":0,"ssl_compatibility_level":"ssl_compatibility_level_intermediate","status":"ready","subscriber":null,"tags":[],"type":"lb-s","updated_at":"2023-02-27T09:19:37.026546Z","zone":"fr-par-1"},"name":"tf-lb-bkd-blissful-darwin","on_marked_down_action":"on_marked_down_action_none","pool":[],"proxy_protocol":"proxy_protocol_none","send_proxy_v2":false,"ssl_bridging":false,"sticky_sessions":"none","sticky_sessions_cookie_name":"","timeout_connect":null,"timeout_server":null,"timeout_tunnel":null,"updated_at":"2023-02-27T09:20:06.095138Z"},"certificate":null,"certificate_ids":[],"created_at":"2023-02-27T09:20:09.627846Z","enable_http3":false,"id":"85dbeb16-8db3-4391-96f5-4cb1da568507","inbound_port":50001,"lb":{"backend_count":1,"created_at":"2023-02-27T09:19:35.290669Z","description":"","frontend_count":2,"id":"0251c501-6d56-4d25-a19f-66101d0f8901","instances":[],"ip":[{"id":"bb2edaa6-8a28-4a94-9c4b-0a8a3c4bcbda","ip_address":"195.154.69.67","lb_id":"0251c501-6d56-4d25-a19f-66101d0f8901","organization_id":"564aa517-68b0-4fd7-8c8c-d21c4bcdcbd5","project_id":"564aa517-68b0-4fd7-8c8c-d21c4bcdcbd5","region":"fr-par","reverse":"195-154-69-67.lb.fr-par.scw.cloud","zone":"fr-par-1"}],"name":"test-lb","organization_id":"564aa517-68b0-4fd7-8c8c-d21c4bcdcbd5","private_network_count":0,"project_id":"564aa517-68b0-4fd7-8c8c-d21c4bcdcbd5","region":"fr-par","route_count":0,"ssl_compatibility_level":"ssl_compatibility_level_intermediate","status":"ready","subscriber":null,"tags":[],"type":"lb-s","updated_at":"2023-02-27T09:19:37.026546Z","zone":"fr-par-1"},"name":"tf-frontend-datasource1","timeout_client":null,"updated_at":"2023-02-27T09:20:09.627846Z"}],"total_count":2}'
    headers:
      Content-Security-Policy:
      - default-src 'none'; frame-ancestors 'none'
      Content-Type:
      - application/json
      Date:
      - Mon, 27 Feb 2023 09:20:11 GMT
      Server:
      - Scaleway API-Gateway
      Strict-Transport-Security:
      - max-age=63072000
      X-Content-Type-Options:
      - nosniff
      X-Frame-Options:
      - DENY
      X-Request-Id:
      - 61945b05-6950-4747-baa7-592c6ee696ca
    status: 200 OK
    code: 200
    duration: ""
- request:
    body: ""
    form: {}
    headers:
      User-Agent:
      - scaleway-sdk-go/v1.0.0-beta.7+dev (go1.19.5; darwin; amd64) terraform-provider/develop
        terraform/terraform-tests
    url: https://api.scaleway.com/lb/v1/zones/fr-par-1/frontends/85dbeb16-8db3-4391-96f5-4cb1da568507
    method: DELETE
  response:
    body: ""
    headers:
      Content-Security-Policy:
      - default-src 'none'; frame-ancestors 'none'
      Content-Type:
      - application/json
      Date:
      - Mon, 27 Feb 2023 09:20:12 GMT
      Server:
      - Scaleway API-Gateway
      Strict-Transport-Security:
      - max-age=63072000
      X-Content-Type-Options:
      - nosniff
      X-Frame-Options:
      - DENY
      X-Request-Id:
      - a5489ca8-830e-4220-8322-e27a517681b0
    status: 204 No Content
    code: 204
    duration: ""
- request:
    body: ""
    form: {}
    headers:
      User-Agent:
      - scaleway-sdk-go/v1.0.0-beta.7+dev (go1.19.5; darwin; amd64) terraform-provider/develop
        terraform/terraform-tests
    url: https://api.scaleway.com/lb/v1/zones/fr-par-1/frontends/5c50dde9-d409-480b-beb1-36bdbdef6873
    method: DELETE
  response:
    body: ""
    headers:
      Content-Security-Policy:
      - default-src 'none'; frame-ancestors 'none'
      Content-Type:
      - application/json
      Date:
      - Mon, 27 Feb 2023 09:20:12 GMT
      Server:
      - Scaleway API-Gateway
      Strict-Transport-Security:
      - max-age=63072000
      X-Content-Type-Options:
      - nosniff
      X-Frame-Options:
      - DENY
      X-Request-Id:
      - c01dbc53-e5a3-48fa-bb92-a29a23b1b482
    status: 204 No Content
    code: 204
    duration: ""
- request:
    body: ""
    form: {}
    headers:
      User-Agent:
      - scaleway-sdk-go/v1.0.0-beta.7+dev (go1.19.5; darwin; amd64) terraform-provider/develop
        terraform/terraform-tests
    url: https://api.scaleway.com/lb/v1/zones/fr-par-1/lbs/0251c501-6d56-4d25-a19f-66101d0f8901
    method: GET
  response:
    body: '{"backend_count":1,"created_at":"2023-02-27T09:19:35.290669Z","description":"","frontend_count":0,"id":"0251c501-6d56-4d25-a19f-66101d0f8901","instances":[{"created_at":"2023-02-27T09:15:47.006698Z","id":"50be09cc-f86c-4eda-9d2f-5f99f011fa20","ip_address":"10.69.18.87","region":"fr-par","status":"pending","updated_at":"2023-02-27T09:20:12.240836Z","zone":"fr-par-1"}],"ip":[{"id":"bb2edaa6-8a28-4a94-9c4b-0a8a3c4bcbda","ip_address":"195.154.69.67","lb_id":"0251c501-6d56-4d25-a19f-66101d0f8901","organization_id":"564aa517-68b0-4fd7-8c8c-d21c4bcdcbd5","project_id":"564aa517-68b0-4fd7-8c8c-d21c4bcdcbd5","region":"fr-par","reverse":"195-154-69-67.lb.fr-par.scw.cloud","zone":"fr-par-1"}],"name":"test-lb","organization_id":"564aa517-68b0-4fd7-8c8c-d21c4bcdcbd5","private_network_count":0,"project_id":"564aa517-68b0-4fd7-8c8c-d21c4bcdcbd5","region":"fr-par","route_count":0,"ssl_compatibility_level":"ssl_compatibility_level_intermediate","status":"ready","subscriber":null,"tags":[],"type":"lb-s","updated_at":"2023-02-27T09:19:37.026546Z","zone":"fr-par-1"}'
    headers:
      Content-Length:
      - "1093"
      Content-Security-Policy:
      - default-src 'none'; frame-ancestors 'none'
      Content-Type:
      - application/json
      Date:
      - Mon, 27 Feb 2023 09:20:12 GMT
      Server:
      - Scaleway API-Gateway
      Strict-Transport-Security:
      - max-age=63072000
      X-Content-Type-Options:
      - nosniff
      X-Frame-Options:
      - DENY
      X-Request-Id:
      - f1ab9b10-769f-4a0f-9d41-f8fe2b187acc
    status: 200 OK
    code: 200
    duration: ""
- request:
    body: ""
    form: {}
    headers:
      User-Agent:
      - scaleway-sdk-go/v1.0.0-beta.7+dev (go1.19.5; darwin; amd64) terraform-provider/develop
        terraform/terraform-tests
    url: https://api.scaleway.com/lb/v1/zones/fr-par-1/lbs/0251c501-6d56-4d25-a19f-66101d0f8901
    method: GET
  response:
    body: '{"backend_count":1,"created_at":"2023-02-27T09:19:35.290669Z","description":"","frontend_count":0,"id":"0251c501-6d56-4d25-a19f-66101d0f8901","instances":[{"created_at":"2023-02-27T09:15:47.006698Z","id":"50be09cc-f86c-4eda-9d2f-5f99f011fa20","ip_address":"10.69.18.87","region":"fr-par","status":"pending","updated_at":"2023-02-27T09:20:12.240836Z","zone":"fr-par-1"}],"ip":[{"id":"bb2edaa6-8a28-4a94-9c4b-0a8a3c4bcbda","ip_address":"195.154.69.67","lb_id":"0251c501-6d56-4d25-a19f-66101d0f8901","organization_id":"564aa517-68b0-4fd7-8c8c-d21c4bcdcbd5","project_id":"564aa517-68b0-4fd7-8c8c-d21c4bcdcbd5","region":"fr-par","reverse":"195-154-69-67.lb.fr-par.scw.cloud","zone":"fr-par-1"}],"name":"test-lb","organization_id":"564aa517-68b0-4fd7-8c8c-d21c4bcdcbd5","private_network_count":0,"project_id":"564aa517-68b0-4fd7-8c8c-d21c4bcdcbd5","region":"fr-par","route_count":0,"ssl_compatibility_level":"ssl_compatibility_level_intermediate","status":"ready","subscriber":null,"tags":[],"type":"lb-s","updated_at":"2023-02-27T09:19:37.026546Z","zone":"fr-par-1"}'
    headers:
      Content-Length:
      - "1093"
      Content-Security-Policy:
      - default-src 'none'; frame-ancestors 'none'
      Content-Type:
      - application/json
      Date:
      - Mon, 27 Feb 2023 09:20:12 GMT
      Server:
      - Scaleway API-Gateway
      Strict-Transport-Security:
      - max-age=63072000
      X-Content-Type-Options:
      - nosniff
      X-Frame-Options:
      - DENY
      X-Request-Id:
      - 61198c03-b3f3-4c5d-be38-5e89717abdc7
    status: 200 OK
    code: 200
    duration: ""
- request:
    body: ""
    form: {}
    headers:
      User-Agent:
      - scaleway-sdk-go/v1.0.0-beta.7+dev (go1.19.5; darwin; amd64) terraform-provider/develop
        terraform/terraform-tests
    url: https://api.scaleway.com/lb/v1/zones/fr-par-1/lbs/0251c501-6d56-4d25-a19f-66101d0f8901
    method: GET
  response:
    body: '{"backend_count":1,"created_at":"2023-02-27T09:19:35.290669Z","description":"","frontend_count":0,"id":"0251c501-6d56-4d25-a19f-66101d0f8901","instances":[{"created_at":"2023-02-27T09:15:47.006698Z","id":"50be09cc-f86c-4eda-9d2f-5f99f011fa20","ip_address":"10.69.18.87","region":"fr-par","status":"ready","updated_at":"2023-02-27T09:20:12.563195Z","zone":"fr-par-1"}],"ip":[{"id":"bb2edaa6-8a28-4a94-9c4b-0a8a3c4bcbda","ip_address":"195.154.69.67","lb_id":"0251c501-6d56-4d25-a19f-66101d0f8901","organization_id":"564aa517-68b0-4fd7-8c8c-d21c4bcdcbd5","project_id":"564aa517-68b0-4fd7-8c8c-d21c4bcdcbd5","region":"fr-par","reverse":"195-154-69-67.lb.fr-par.scw.cloud","zone":"fr-par-1"}],"name":"test-lb","organization_id":"564aa517-68b0-4fd7-8c8c-d21c4bcdcbd5","private_network_count":0,"project_id":"564aa517-68b0-4fd7-8c8c-d21c4bcdcbd5","region":"fr-par","route_count":0,"ssl_compatibility_level":"ssl_compatibility_level_intermediate","status":"ready","subscriber":null,"tags":[],"type":"lb-s","updated_at":"2023-02-27T09:19:37.026546Z","zone":"fr-par-1"}'
    headers:
      Content-Length:
      - "1091"
      Content-Security-Policy:
      - default-src 'none'; frame-ancestors 'none'
      Content-Type:
      - application/json
      Date:
      - Mon, 27 Feb 2023 09:20:12 GMT
      Server:
      - Scaleway API-Gateway
      Strict-Transport-Security:
      - max-age=63072000
      X-Content-Type-Options:
      - nosniff
      X-Frame-Options:
      - DENY
      X-Request-Id:
      - 6d7d0d8d-45a8-4166-94cf-a9a65b43a05d
    status: 200 OK
    code: 200
    duration: ""
- request:
    body: ""
    form: {}
    headers:
      User-Agent:
      - scaleway-sdk-go/v1.0.0-beta.7+dev (go1.19.5; darwin; amd64) terraform-provider/develop
        terraform/terraform-tests
    url: https://api.scaleway.com/lb/v1/zones/fr-par-1/backends/72c87c01-b6eb-433b-b881-881ddd7a4f42
    method: DELETE
  response:
    body: ""
    headers:
      Content-Security-Policy:
      - default-src 'none'; frame-ancestors 'none'
      Content-Type:
      - application/json
      Date:
      - Mon, 27 Feb 2023 09:20:12 GMT
      Server:
      - Scaleway API-Gateway
      Strict-Transport-Security:
      - max-age=63072000
      X-Content-Type-Options:
      - nosniff
      X-Frame-Options:
      - DENY
      X-Request-Id:
      - b4ec5c0f-3b90-4286-a055-d8b2f0e02674
    status: 204 No Content
    code: 204
    duration: ""
- request:
    body: ""
    form: {}
    headers:
      User-Agent:
      - scaleway-sdk-go/v1.0.0-beta.7+dev (go1.19.5; darwin; amd64) terraform-provider/develop
        terraform/terraform-tests
    url: https://api.scaleway.com/lb/v1/zones/fr-par-1/lbs/0251c501-6d56-4d25-a19f-66101d0f8901
    method: GET
  response:
    body: '{"backend_count":0,"created_at":"2023-02-27T09:19:35.290669Z","description":"","frontend_count":0,"id":"0251c501-6d56-4d25-a19f-66101d0f8901","instances":[{"created_at":"2023-02-27T09:15:47.006698Z","id":"50be09cc-f86c-4eda-9d2f-5f99f011fa20","ip_address":"10.69.18.87","region":"fr-par","status":"pending","updated_at":"2023-02-27T09:20:12.772222Z","zone":"fr-par-1"}],"ip":[{"id":"bb2edaa6-8a28-4a94-9c4b-0a8a3c4bcbda","ip_address":"195.154.69.67","lb_id":"0251c501-6d56-4d25-a19f-66101d0f8901","organization_id":"564aa517-68b0-4fd7-8c8c-d21c4bcdcbd5","project_id":"564aa517-68b0-4fd7-8c8c-d21c4bcdcbd5","region":"fr-par","reverse":"195-154-69-67.lb.fr-par.scw.cloud","zone":"fr-par-1"}],"name":"test-lb","organization_id":"564aa517-68b0-4fd7-8c8c-d21c4bcdcbd5","private_network_count":0,"project_id":"564aa517-68b0-4fd7-8c8c-d21c4bcdcbd5","region":"fr-par","route_count":0,"ssl_compatibility_level":"ssl_compatibility_level_intermediate","status":"ready","subscriber":null,"tags":[],"type":"lb-s","updated_at":"2023-02-27T09:19:37.026546Z","zone":"fr-par-1"}'
    headers:
      Content-Length:
      - "1093"
      Content-Security-Policy:
      - default-src 'none'; frame-ancestors 'none'
      Content-Type:
      - application/json
      Date:
      - Mon, 27 Feb 2023 09:20:12 GMT
      Server:
      - Scaleway API-Gateway
      Strict-Transport-Security:
      - max-age=63072000
      X-Content-Type-Options:
      - nosniff
      X-Frame-Options:
      - DENY
      X-Request-Id:
      - 752e3d68-d057-4b56-beac-ea42a5f89206
    status: 200 OK
    code: 200
    duration: ""
- request:
    body: ""
    form: {}
    headers:
      User-Agent:
      - scaleway-sdk-go/v1.0.0-beta.7+dev (go1.19.5; darwin; amd64) terraform-provider/develop
        terraform/terraform-tests
    url: https://api.scaleway.com/lb/v1/zones/fr-par-1/lbs/0251c501-6d56-4d25-a19f-66101d0f8901
    method: GET
  response:
    body: '{"backend_count":0,"created_at":"2023-02-27T09:19:35.290669Z","description":"","frontend_count":0,"id":"0251c501-6d56-4d25-a19f-66101d0f8901","instances":[{"created_at":"2023-02-27T09:15:47.006698Z","id":"50be09cc-f86c-4eda-9d2f-5f99f011fa20","ip_address":"10.69.18.87","region":"fr-par","status":"pending","updated_at":"2023-02-27T09:20:12.772222Z","zone":"fr-par-1"}],"ip":[{"id":"bb2edaa6-8a28-4a94-9c4b-0a8a3c4bcbda","ip_address":"195.154.69.67","lb_id":"0251c501-6d56-4d25-a19f-66101d0f8901","organization_id":"564aa517-68b0-4fd7-8c8c-d21c4bcdcbd5","project_id":"564aa517-68b0-4fd7-8c8c-d21c4bcdcbd5","region":"fr-par","reverse":"195-154-69-67.lb.fr-par.scw.cloud","zone":"fr-par-1"}],"name":"test-lb","organization_id":"564aa517-68b0-4fd7-8c8c-d21c4bcdcbd5","private_network_count":0,"project_id":"564aa517-68b0-4fd7-8c8c-d21c4bcdcbd5","region":"fr-par","route_count":0,"ssl_compatibility_level":"ssl_compatibility_level_intermediate","status":"ready","subscriber":null,"tags":[],"type":"lb-s","updated_at":"2023-02-27T09:19:37.026546Z","zone":"fr-par-1"}'
    headers:
      Content-Length:
      - "1093"
      Content-Security-Policy:
      - default-src 'none'; frame-ancestors 'none'
      Content-Type:
      - application/json
      Date:
      - Mon, 27 Feb 2023 09:20:13 GMT
      Server:
      - Scaleway API-Gateway
      Strict-Transport-Security:
      - max-age=63072000
      X-Content-Type-Options:
      - nosniff
      X-Frame-Options:
      - DENY
      X-Request-Id:
      - 9d93e5e9-6f58-4b2d-a558-0237f7472d41
    status: 200 OK
    code: 200
    duration: ""
- request:
    body: ""
    form: {}
    headers:
      User-Agent:
      - scaleway-sdk-go/v1.0.0-beta.7+dev (go1.19.5; darwin; amd64) terraform-provider/develop
        terraform/terraform-tests
    url: https://api.scaleway.com/lb/v1/zones/fr-par-1/lbs/0251c501-6d56-4d25-a19f-66101d0f8901?release_ip=false
    method: DELETE
  response:
    body: ""
    headers:
      Content-Security-Policy:
      - default-src 'none'; frame-ancestors 'none'
      Content-Type:
      - application/json
      Date:
      - Mon, 27 Feb 2023 09:20:13 GMT
      Server:
      - Scaleway API-Gateway
      Strict-Transport-Security:
      - max-age=63072000
      X-Content-Type-Options:
      - nosniff
      X-Frame-Options:
      - DENY
      X-Request-Id:
      - f7b4cab7-109b-4983-8824-4c976dd01b1a
    status: 204 No Content
    code: 204
    duration: ""
- request:
    body: ""
    form: {}
    headers:
      User-Agent:
      - scaleway-sdk-go/v1.0.0-beta.7+dev (go1.19.5; darwin; amd64) terraform-provider/develop
        terraform/terraform-tests
    url: https://api.scaleway.com/lb/v1/zones/fr-par-1/lbs/0251c501-6d56-4d25-a19f-66101d0f8901
    method: GET
  response:
    body: '{"backend_count":0,"created_at":"2023-02-27T09:19:35.290669Z","description":"","frontend_count":0,"id":"0251c501-6d56-4d25-a19f-66101d0f8901","instances":[{"created_at":"2023-02-27T09:15:47.006698Z","id":"50be09cc-f86c-4eda-9d2f-5f99f011fa20","ip_address":"10.69.18.87","region":"fr-par","status":"ready","updated_at":"2023-02-27T09:20:13.076691Z","zone":"fr-par-1"}],"ip":[{"id":"bb2edaa6-8a28-4a94-9c4b-0a8a3c4bcbda","ip_address":"195.154.69.67","lb_id":"0251c501-6d56-4d25-a19f-66101d0f8901","organization_id":"564aa517-68b0-4fd7-8c8c-d21c4bcdcbd5","project_id":"564aa517-68b0-4fd7-8c8c-d21c4bcdcbd5","region":"fr-par","reverse":"195-154-69-67.lb.fr-par.scw.cloud","zone":"fr-par-1"}],"name":"test-lb","organization_id":"564aa517-68b0-4fd7-8c8c-d21c4bcdcbd5","private_network_count":0,"project_id":"564aa517-68b0-4fd7-8c8c-d21c4bcdcbd5","region":"fr-par","route_count":0,"ssl_compatibility_level":"ssl_compatibility_level_intermediate","status":"to_delete","subscriber":null,"tags":[],"type":"lb-s","updated_at":"2023-02-27T09:20:13.165054Z","zone":"fr-par-1"}'
    headers:
      Content-Length:
      - "1095"
      Content-Security-Policy:
      - default-src 'none'; frame-ancestors 'none'
      Content-Type:
      - application/json
      Date:
      - Mon, 27 Feb 2023 09:20:13 GMT
      Server:
      - Scaleway API-Gateway
      Strict-Transport-Security:
      - max-age=63072000
      X-Content-Type-Options:
      - nosniff
      X-Frame-Options:
      - DENY
      X-Request-Id:
      - 9d585421-76e3-4eab-b7eb-d79aa5ee475d
    status: 200 OK
    code: 200
    duration: ""
- request:
    body: ""
    form: {}
    headers:
      User-Agent:
      - scaleway-sdk-go/v1.0.0-beta.7+dev (go1.19.5; darwin; amd64) terraform-provider/develop
        terraform/terraform-tests
    url: https://api.scaleway.com/lb/v1/zones/fr-par-1/lbs/0251c501-6d56-4d25-a19f-66101d0f8901
    method: GET
  response:
    body: '{"message":"lbs not Found"}'
    headers:
      Content-Length:
      - "27"
      Content-Security-Policy:
      - default-src 'none'; frame-ancestors 'none'
      Content-Type:
      - application/json
      Date:
      - Mon, 27 Feb 2023 09:20:43 GMT
      Server:
      - Scaleway API-Gateway
      Strict-Transport-Security:
      - max-age=63072000
      X-Content-Type-Options:
      - nosniff
      X-Frame-Options:
      - DENY
      X-Request-Id:
      - 9cd9f4f1-ff9f-4cb2-8ae1-f0b5ee1dd930
    status: 404 Not Found
    code: 404
    duration: ""
- request:
    body: ""
    form: {}
    headers:
      User-Agent:
      - scaleway-sdk-go/v1.0.0-beta.7+dev (go1.19.5; darwin; amd64) terraform-provider/develop
        terraform/terraform-tests
    url: https://api.scaleway.com/lb/v1/zones/fr-par-1/lbs/0251c501-6d56-4d25-a19f-66101d0f8901
    method: GET
  response:
    body: '{"message":"lbs not Found"}'
    headers:
      Content-Length:
      - "27"
      Content-Security-Policy:
      - default-src 'none'; frame-ancestors 'none'
      Content-Type:
      - application/json
      Date:
      - Mon, 27 Feb 2023 09:20:43 GMT
      Server:
      - Scaleway API-Gateway
      Strict-Transport-Security:
      - max-age=63072000
      X-Content-Type-Options:
      - nosniff
      X-Frame-Options:
      - DENY
      X-Request-Id:
      - d76f85dd-d2c3-4d06-8639-9a0bfe2f838a
    status: 404 Not Found
    code: 404
    duration: ""
- request:
    body: ""
    form: {}
    headers:
      User-Agent:
      - scaleway-sdk-go/v1.0.0-beta.7+dev (go1.19.5; darwin; amd64) terraform-provider/develop
        terraform/terraform-tests
    url: https://api.scaleway.com/lb/v1/zones/fr-par-1/ips/bb2edaa6-8a28-4a94-9c4b-0a8a3c4bcbda
    method: GET
  response:
    body: '{"id":"bb2edaa6-8a28-4a94-9c4b-0a8a3c4bcbda","ip_address":"195.154.69.67","lb_id":null,"organization_id":"564aa517-68b0-4fd7-8c8c-d21c4bcdcbd5","project_id":"564aa517-68b0-4fd7-8c8c-d21c4bcdcbd5","region":"fr-par","reverse":"195-154-69-67.lb.fr-par.scw.cloud","zone":"fr-par-1"}'
    headers:
      Content-Length:
      - "285"
      Content-Security-Policy:
      - default-src 'none'; frame-ancestors 'none'
      Content-Type:
      - application/json
      Date:
      - Mon, 27 Feb 2023 09:20:43 GMT
      Server:
      - Scaleway API-Gateway
      Strict-Transport-Security:
      - max-age=63072000
      X-Content-Type-Options:
      - nosniff
      X-Frame-Options:
      - DENY
      X-Request-Id:
      - 91dc12dc-9471-435d-83e5-f8652651a6f6
    status: 200 OK
    code: 200
    duration: ""
- request:
    body: ""
    form: {}
    headers:
      User-Agent:
      - scaleway-sdk-go/v1.0.0-beta.7+dev (go1.19.5; darwin; amd64) terraform-provider/develop
        terraform/terraform-tests
    url: https://api.scaleway.com/lb/v1/zones/fr-par-1/ips/bb2edaa6-8a28-4a94-9c4b-0a8a3c4bcbda
    method: DELETE
  response:
    body: ""
    headers:
      Content-Security-Policy:
      - default-src 'none'; frame-ancestors 'none'
      Content-Type:
      - application/json
      Date:
      - Mon, 27 Feb 2023 09:20:43 GMT
      Server:
      - Scaleway API-Gateway
      Strict-Transport-Security:
      - max-age=63072000
      X-Content-Type-Options:
      - nosniff
      X-Frame-Options:
      - DENY
      X-Request-Id:
      - 5e5ed537-3f75-43dc-b7cd-29d43e0ce2e6
    status: 204 No Content
    code: 204
    duration: ""
- request:
    body: ""
    form: {}
    headers:
      User-Agent:
      - scaleway-sdk-go/v1.0.0-beta.7+dev (go1.19.5; darwin; amd64) terraform-provider/develop
        terraform/terraform-tests
    url: https://api.scaleway.com/lb/v1/zones/fr-par-1/lbs/0251c501-6d56-4d25-a19f-66101d0f8901
    method: GET
  response:
    body: '{"message":"lbs not Found"}'
    headers:
      Content-Length:
      - "27"
      Content-Security-Policy:
      - default-src 'none'; frame-ancestors 'none'
      Content-Type:
      - application/json
      Date:
      - Mon, 27 Feb 2023 09:20:44 GMT
      Server:
      - Scaleway API-Gateway
      Strict-Transport-Security:
      - max-age=63072000
      X-Content-Type-Options:
      - nosniff
      X-Frame-Options:
      - DENY
      X-Request-Id:
      - 992bad03-0ec4-48a1-ae93-0779b2766f1e
    status: 404 Not Found
    code: 404
    duration: ""
