---
version: 1
interactions:
- request:
    body: '{"project_id":"105bdce1-64c0-48ab-899d-868455867ecf","reverse":null}'
    form: {}
    headers:
      Content-Type:
      - application/json
      User-Agent:
      - scaleway-sdk-go/v1.0.0-beta.7+dev (go1.17.3; darwin; amd64) terraform-provider/develop
        terraform/terraform-tests
    url: https://api.scaleway.com/lb/v1/zones/fr-par-1/ips
    method: POST
  response:
    body: '{"id":"f98d2552-a8dd-4f57-9b9b-b3a726f660bf","ip_address":"51.159.9.159","organization_id":"105bdce1-64c0-48ab-899d-868455867ecf","project_id":"105bdce1-64c0-48ab-899d-868455867ecf","lb_id":null,"reverse":"51-159-9-159.lb.fr-par.scw.cloud","region":"fr-par","zone":"fr-par-1"}'
    headers:
      Content-Length:
      - "276"
      Content-Security-Policy:
      - default-src 'none'; frame-ancestors 'none'
      Content-Type:
      - application/json
      Date:
      - Wed, 22 Dec 2021 12:57:36 GMT
      Server:
      - Scaleway API-Gateway
      Strict-Transport-Security:
      - max-age=63072000
      X-Content-Type-Options:
      - nosniff
      X-Frame-Options:
      - DENY
      X-Request-Id:
      - a0b3c558-92aa-492f-86a9-85f3daed45c8
    status: 200 OK
    code: 200
    duration: ""
- request:
    body: ""
    form: {}
    headers:
      User-Agent:
      - scaleway-sdk-go/v1.0.0-beta.7+dev (go1.17.3; darwin; amd64) terraform-provider/develop
        terraform/terraform-tests
    url: https://api.scaleway.com/lb/v1/zones/fr-par-1/ips/f98d2552-a8dd-4f57-9b9b-b3a726f660bf
    method: GET
  response:
    body: '{"id":"f98d2552-a8dd-4f57-9b9b-b3a726f660bf","ip_address":"51.159.9.159","organization_id":"105bdce1-64c0-48ab-899d-868455867ecf","project_id":"105bdce1-64c0-48ab-899d-868455867ecf","lb_id":null,"reverse":"51-159-9-159.lb.fr-par.scw.cloud","region":"fr-par","zone":"fr-par-1"}'
    headers:
      Content-Length:
      - "276"
      Content-Security-Policy:
      - default-src 'none'; frame-ancestors 'none'
      Content-Type:
      - application/json
      Date:
      - Wed, 22 Dec 2021 12:57:36 GMT
      Server:
      - Scaleway API-Gateway
      Strict-Transport-Security:
      - max-age=63072000
      X-Content-Type-Options:
      - nosniff
      X-Frame-Options:
      - DENY
      X-Request-Id:
      - 36478ffe-c7f3-4cbd-b686-d26b93124190
    status: 200 OK
    code: 200
    duration: ""
- request:
    body: '{"project_id":"105bdce1-64c0-48ab-899d-868455867ecf","name":"data-test-lb","description":"","ip_id":"f98d2552-a8dd-4f57-9b9b-b3a726f660bf","tags":null,"type":"LB-S","ssl_compatibility_level":"ssl_compatibility_level_unknown"}'
    form: {}
    headers:
      Content-Type:
      - application/json
      User-Agent:
      - scaleway-sdk-go/v1.0.0-beta.7+dev (go1.17.3; darwin; amd64) terraform-provider/develop
        terraform/terraform-tests
    url: https://api.scaleway.com/lb/v1/zones/fr-par-1/lbs
    method: POST
  response:
    body: '{"id":"0aeded57-065c-44ed-9973-3ceb79a6a30d","name":"data-test-lb","description":"","status":"pending","instances":[],"organization_id":"105bdce1-64c0-48ab-899d-868455867ecf","project_id":"105bdce1-64c0-48ab-899d-868455867ecf","ip":[{"id":"f98d2552-a8dd-4f57-9b9b-b3a726f660bf","ip_address":"51.159.9.159","organization_id":"105bdce1-64c0-48ab-899d-868455867ecf","project_id":"105bdce1-64c0-48ab-899d-868455867ecf","lb_id":"0aeded57-065c-44ed-9973-3ceb79a6a30d","reverse":"51-159-9-159.lb.fr-par.scw.cloud","region":"fr-par","zone":"fr-par-1"}],"tags":[],"frontend_count":0,"backend_count":0,"type":"lb-s","subscriber":null,"ssl_compatibility_level":"ssl_compatibility_level_intermediate","created_at":"2021-12-22T12:57:36.459983542Z","updated_at":"2021-12-22T12:57:36.459983542Z","private_network_count":0,"route_count":0,"region":"fr-par","zone":"fr-par-1"}'
    headers:
      Content-Length:
      - "859"
      Content-Security-Policy:
      - default-src 'none'; frame-ancestors 'none'
      Content-Type:
      - application/json
      Date:
      - Wed, 22 Dec 2021 12:57:36 GMT
      Server:
      - Scaleway API-Gateway
      Strict-Transport-Security:
      - max-age=63072000
      X-Content-Type-Options:
      - nosniff
      X-Frame-Options:
      - DENY
      X-Request-Id:
      - 7c34737f-7833-48fc-87df-cea525a0867e
    status: 200 OK
    code: 200
    duration: ""
- request:
    body: ""
    form: {}
    headers:
      User-Agent:
      - scaleway-sdk-go/v1.0.0-beta.7+dev (go1.17.3; darwin; amd64) terraform-provider/develop
        terraform/terraform-tests
    url: https://api.scaleway.com/lb/v1/zones/fr-par-1/lbs/0aeded57-065c-44ed-9973-3ceb79a6a30d
    method: GET
  response:
    body: '{"id":"0aeded57-065c-44ed-9973-3ceb79a6a30d","name":"data-test-lb","description":"","status":"pending","instances":[{"id":"f5aaf505-b07e-4afa-83ed-39c4db40b00f","status":"unknown","ip_address":"10.68.220.127","created_at":"2021-12-22T12:55:46.497216Z","updated_at":"2021-12-22T12:57:36.688544Z","region":"fr-par","zone":"fr-par-1"},{"id":"e8a4554a-1ad3-49e1-8f9d-664e05732b5a","status":"unknown","ip_address":"10.64.226.133","created_at":"2021-12-22T08:05:56.496895Z","updated_at":"2021-12-22T12:57:36.692940Z","region":"fr-par","zone":"fr-par-1"}],"organization_id":"105bdce1-64c0-48ab-899d-868455867ecf","project_id":"105bdce1-64c0-48ab-899d-868455867ecf","ip":[{"id":"f98d2552-a8dd-4f57-9b9b-b3a726f660bf","ip_address":"51.159.9.159","organization_id":"105bdce1-64c0-48ab-899d-868455867ecf","project_id":"105bdce1-64c0-48ab-899d-868455867ecf","lb_id":"0aeded57-065c-44ed-9973-3ceb79a6a30d","reverse":"51-159-9-159.lb.fr-par.scw.cloud","region":"fr-par","zone":"fr-par-1"}],"tags":[],"frontend_count":0,"backend_count":0,"type":"lb-s","subscriber":null,"ssl_compatibility_level":"ssl_compatibility_level_intermediate","created_at":"2021-12-22T12:57:36.459984Z","updated_at":"2021-12-22T12:57:36.707630Z","private_network_count":0,"route_count":0,"region":"fr-par","zone":"fr-par-1"}'
    headers:
      Content-Length:
      - "1284"
      Content-Security-Policy:
      - default-src 'none'; frame-ancestors 'none'
      Content-Type:
      - application/json
      Date:
      - Wed, 22 Dec 2021 12:57:36 GMT
      Server:
      - Scaleway API-Gateway
      Strict-Transport-Security:
      - max-age=63072000
      X-Content-Type-Options:
      - nosniff
      X-Frame-Options:
      - DENY
      X-Request-Id:
      - 455b5ade-e4cc-4f53-babf-e01e1bd3f791
    status: 200 OK
    code: 200
    duration: ""
- request:
    body: ""
    form: {}
    headers:
      User-Agent:
      - scaleway-sdk-go/v1.0.0-beta.7+dev (go1.17.3; darwin; amd64) terraform-provider/develop
        terraform/terraform-tests
    url: https://api.scaleway.com/lb/v1/zones/fr-par-1/lbs/0aeded57-065c-44ed-9973-3ceb79a6a30d
    method: GET
  response:
    body: '{"id":"0aeded57-065c-44ed-9973-3ceb79a6a30d","name":"data-test-lb","description":"","status":"ready","instances":[{"id":"f5aaf505-b07e-4afa-83ed-39c4db40b00f","status":"ready","ip_address":"10.68.220.127","created_at":"2021-12-22T12:55:46.497216Z","updated_at":"2021-12-22T12:57:37.408386Z","region":"fr-par","zone":"fr-par-1"},{"id":"e8a4554a-1ad3-49e1-8f9d-664e05732b5a","status":"ready","ip_address":"10.64.226.133","created_at":"2021-12-22T08:05:56.496895Z","updated_at":"2021-12-22T12:57:37.624680Z","region":"fr-par","zone":"fr-par-1"}],"organization_id":"105bdce1-64c0-48ab-899d-868455867ecf","project_id":"105bdce1-64c0-48ab-899d-868455867ecf","ip":[{"id":"f98d2552-a8dd-4f57-9b9b-b3a726f660bf","ip_address":"51.159.9.159","organization_id":"105bdce1-64c0-48ab-899d-868455867ecf","project_id":"105bdce1-64c0-48ab-899d-868455867ecf","lb_id":"0aeded57-065c-44ed-9973-3ceb79a6a30d","reverse":"51-159-9-159.lb.fr-par.scw.cloud","region":"fr-par","zone":"fr-par-1"}],"tags":[],"frontend_count":0,"backend_count":0,"type":"lb-s","subscriber":null,"ssl_compatibility_level":"ssl_compatibility_level_intermediate","created_at":"2021-12-22T12:57:36.459984Z","updated_at":"2021-12-22T12:57:38.036078Z","private_network_count":0,"route_count":0,"region":"fr-par","zone":"fr-par-1"}'
    headers:
      Content-Length:
      - "1278"
      Content-Security-Policy:
      - default-src 'none'; frame-ancestors 'none'
      Content-Type:
      - application/json
      Date:
      - Wed, 22 Dec 2021 12:58:06 GMT
      Server:
      - Scaleway API-Gateway
      Strict-Transport-Security:
      - max-age=63072000
      X-Content-Type-Options:
      - nosniff
      X-Frame-Options:
      - DENY
      X-Request-Id:
      - 07a403c1-ef8b-41b4-8cd8-5fbc5bca0c5f
    status: 200 OK
    code: 200
    duration: ""
- request:
    body: ""
    form: {}
    headers:
      User-Agent:
      - scaleway-sdk-go/v1.0.0-beta.7+dev (go1.17.3; darwin; amd64) terraform-provider/develop
        terraform/terraform-tests
    url: https://api.scaleway.com/lb/v1/zones/fr-par-1/lbs/0aeded57-065c-44ed-9973-3ceb79a6a30d
    method: GET
  response:
    body: '{"id":"0aeded57-065c-44ed-9973-3ceb79a6a30d","name":"data-test-lb","description":"","status":"ready","instances":[{"id":"f5aaf505-b07e-4afa-83ed-39c4db40b00f","status":"ready","ip_address":"10.68.220.127","created_at":"2021-12-22T12:55:46.497216Z","updated_at":"2021-12-22T12:57:37.408386Z","region":"fr-par","zone":"fr-par-1"},{"id":"e8a4554a-1ad3-49e1-8f9d-664e05732b5a","status":"ready","ip_address":"10.64.226.133","created_at":"2021-12-22T08:05:56.496895Z","updated_at":"2021-12-22T12:57:37.624680Z","region":"fr-par","zone":"fr-par-1"}],"organization_id":"105bdce1-64c0-48ab-899d-868455867ecf","project_id":"105bdce1-64c0-48ab-899d-868455867ecf","ip":[{"id":"f98d2552-a8dd-4f57-9b9b-b3a726f660bf","ip_address":"51.159.9.159","organization_id":"105bdce1-64c0-48ab-899d-868455867ecf","project_id":"105bdce1-64c0-48ab-899d-868455867ecf","lb_id":"0aeded57-065c-44ed-9973-3ceb79a6a30d","reverse":"51-159-9-159.lb.fr-par.scw.cloud","region":"fr-par","zone":"fr-par-1"}],"tags":[],"frontend_count":0,"backend_count":0,"type":"lb-s","subscriber":null,"ssl_compatibility_level":"ssl_compatibility_level_intermediate","created_at":"2021-12-22T12:57:36.459984Z","updated_at":"2021-12-22T12:57:38.036078Z","private_network_count":0,"route_count":0,"region":"fr-par","zone":"fr-par-1"}'
    headers:
      Content-Length:
      - "1278"
      Content-Security-Policy:
      - default-src 'none'; frame-ancestors 'none'
      Content-Type:
      - application/json
      Date:
      - Wed, 22 Dec 2021 12:58:06 GMT
      Server:
      - Scaleway API-Gateway
      Strict-Transport-Security:
      - max-age=63072000
      X-Content-Type-Options:
      - nosniff
      X-Frame-Options:
      - DENY
      X-Request-Id:
      - 030f614b-715f-4fb1-8f02-bd54dfcf54dd
    status: 200 OK
    code: 200
    duration: ""
- request:
    body: ""
    form: {}
    headers:
      User-Agent:
      - scaleway-sdk-go/v1.0.0-beta.7+dev (go1.17.3; darwin; amd64) terraform-provider/develop
        terraform/terraform-tests
    url: https://api.scaleway.com/lb/v1/zones/fr-par-1/lbs/0aeded57-065c-44ed-9973-3ceb79a6a30d/private-networks?order_by=created_at_asc
    method: GET
  response:
    body: '{"private_network":[],"total_count":0}'
    headers:
      Content-Length:
      - "38"
      Content-Security-Policy:
      - default-src 'none'; frame-ancestors 'none'
      Content-Type:
      - application/json
      Date:
      - Wed, 22 Dec 2021 12:58:07 GMT
      Server:
      - Scaleway API-Gateway
      Strict-Transport-Security:
      - max-age=63072000
      X-Content-Type-Options:
      - nosniff
      X-Frame-Options:
      - DENY
      X-Request-Id:
      - 6f1072f8-4eea-4401-960d-b61a74a1fae9
    status: 200 OK
    code: 200
    duration: ""
- request:
    body: ""
    form: {}
    headers:
      User-Agent:
      - scaleway-sdk-go/v1.0.0-beta.7+dev (go1.17.3; darwin; amd64) terraform-provider/develop
        terraform/terraform-tests
    url: https://api.scaleway.com/lb/v1/zones/fr-par-1/lbs/0aeded57-065c-44ed-9973-3ceb79a6a30d
    method: GET
  response:
    body: '{"id":"0aeded57-065c-44ed-9973-3ceb79a6a30d","name":"data-test-lb","description":"","status":"ready","instances":[{"id":"f5aaf505-b07e-4afa-83ed-39c4db40b00f","status":"ready","ip_address":"10.68.220.127","created_at":"2021-12-22T12:55:46.497216Z","updated_at":"2021-12-22T12:57:37.408386Z","region":"fr-par","zone":"fr-par-1"},{"id":"e8a4554a-1ad3-49e1-8f9d-664e05732b5a","status":"ready","ip_address":"10.64.226.133","created_at":"2021-12-22T08:05:56.496895Z","updated_at":"2021-12-22T12:57:37.624680Z","region":"fr-par","zone":"fr-par-1"}],"organization_id":"105bdce1-64c0-48ab-899d-868455867ecf","project_id":"105bdce1-64c0-48ab-899d-868455867ecf","ip":[{"id":"f98d2552-a8dd-4f57-9b9b-b3a726f660bf","ip_address":"51.159.9.159","organization_id":"105bdce1-64c0-48ab-899d-868455867ecf","project_id":"105bdce1-64c0-48ab-899d-868455867ecf","lb_id":"0aeded57-065c-44ed-9973-3ceb79a6a30d","reverse":"51-159-9-159.lb.fr-par.scw.cloud","region":"fr-par","zone":"fr-par-1"}],"tags":[],"frontend_count":0,"backend_count":0,"type":"lb-s","subscriber":null,"ssl_compatibility_level":"ssl_compatibility_level_intermediate","created_at":"2021-12-22T12:57:36.459984Z","updated_at":"2021-12-22T12:57:38.036078Z","private_network_count":0,"route_count":0,"region":"fr-par","zone":"fr-par-1"}'
    headers:
      Content-Length:
      - "1278"
      Content-Security-Policy:
      - default-src 'none'; frame-ancestors 'none'
      Content-Type:
      - application/json
      Date:
      - Wed, 22 Dec 2021 12:58:07 GMT
      Server:
      - Scaleway API-Gateway
      Strict-Transport-Security:
      - max-age=63072000
      X-Content-Type-Options:
      - nosniff
      X-Frame-Options:
      - DENY
      X-Request-Id:
      - ae64797b-2d93-4771-8229-fac445150230
    status: 200 OK
    code: 200
    duration: ""
- request:
    body: ""
    form: {}
    headers:
      User-Agent:
      - scaleway-sdk-go/v1.0.0-beta.7+dev (go1.17.3; darwin; amd64) terraform-provider/develop
        terraform/terraform-tests
    url: https://api.scaleway.com/lb/v1/zones/fr-par-1/lbs?name=data-test-lb&order_by=created_at_asc
    method: GET
  response:
    body: '{"lbs":[{"id":"0aeded57-065c-44ed-9973-3ceb79a6a30d","name":"data-test-lb","description":"","status":"ready","instances":[{"id":"e8a4554a-1ad3-49e1-8f9d-664e05732b5a","status":"ready","ip_address":"10.64.226.133","created_at":"2021-12-22T08:05:56.496895Z","updated_at":"2021-12-22T12:57:37.624680Z","region":"fr-par","zone":"fr-par-1"},{"id":"f5aaf505-b07e-4afa-83ed-39c4db40b00f","status":"ready","ip_address":"10.68.220.127","created_at":"2021-12-22T12:55:46.497216Z","updated_at":"2021-12-22T12:57:37.408386Z","region":"fr-par","zone":"fr-par-1"}],"organization_id":"105bdce1-64c0-48ab-899d-868455867ecf","project_id":"105bdce1-64c0-48ab-899d-868455867ecf","ip":[{"id":"f98d2552-a8dd-4f57-9b9b-b3a726f660bf","ip_address":"51.159.9.159","organization_id":"105bdce1-64c0-48ab-899d-868455867ecf","project_id":"105bdce1-64c0-48ab-899d-868455867ecf","lb_id":"0aeded57-065c-44ed-9973-3ceb79a6a30d","reverse":"51-159-9-159.lb.fr-par.scw.cloud","region":"fr-par","zone":"fr-par-1"}],"tags":[],"frontend_count":0,"backend_count":0,"type":"lb-s","subscriber":null,"ssl_compatibility_level":"ssl_compatibility_level_intermediate","created_at":"2021-12-22T12:57:36.459984Z","updated_at":"2021-12-22T12:57:38.036078Z","private_network_count":0,"route_count":0,"region":"fr-par","zone":"fr-par-1"}],"total_count":1}'
    headers:
      Content-Length:
      - "1304"
      Content-Security-Policy:
      - default-src 'none'; frame-ancestors 'none'
      Content-Type:
      - application/json
      Date:
      - Wed, 22 Dec 2021 12:58:07 GMT
      Server:
      - Scaleway API-Gateway
      Strict-Transport-Security:
      - max-age=63072000
      X-Content-Type-Options:
      - nosniff
      X-Frame-Options:
      - DENY
      X-Request-Id:
      - 35d14ca9-7930-4ff9-ac3b-e89410bfe310
    status: 200 OK
    code: 200
    duration: ""
- request:
    body: ""
    form: {}
    headers:
      User-Agent:
      - scaleway-sdk-go/v1.0.0-beta.7+dev (go1.17.3; darwin; amd64) terraform-provider/develop
        terraform/terraform-tests
    url: https://api.scaleway.com/lb/v1/zones/fr-par-1/lbs/0aeded57-065c-44ed-9973-3ceb79a6a30d/private-networks?order_by=created_at_asc
    method: GET
  response:
    body: '{"private_network":[],"total_count":0}'
    headers:
      Content-Length:
      - "38"
      Content-Security-Policy:
      - default-src 'none'; frame-ancestors 'none'
      Content-Type:
      - application/json
      Date:
      - Wed, 22 Dec 2021 12:58:07 GMT
      Server:
      - Scaleway API-Gateway
      Strict-Transport-Security:
      - max-age=63072000
      X-Content-Type-Options:
      - nosniff
      X-Frame-Options:
      - DENY
      X-Request-Id:
      - 0fa664d4-c19e-4947-8ab2-f8aa2368d15b
    status: 200 OK
    code: 200
    duration: ""
- request:
    body: ""
    form: {}
    headers:
      User-Agent:
      - scaleway-sdk-go/v1.0.0-beta.7+dev (go1.17.3; darwin; amd64) terraform-provider/develop
        terraform/terraform-tests
    url: https://api.scaleway.com/lb/v1/zones/fr-par-1/lbs/0aeded57-065c-44ed-9973-3ceb79a6a30d
    method: GET
  response:
    body: '{"id":"0aeded57-065c-44ed-9973-3ceb79a6a30d","name":"data-test-lb","description":"","status":"ready","instances":[{"id":"f5aaf505-b07e-4afa-83ed-39c4db40b00f","status":"ready","ip_address":"10.68.220.127","created_at":"2021-12-22T12:55:46.497216Z","updated_at":"2021-12-22T12:57:37.408386Z","region":"fr-par","zone":"fr-par-1"},{"id":"e8a4554a-1ad3-49e1-8f9d-664e05732b5a","status":"ready","ip_address":"10.64.226.133","created_at":"2021-12-22T08:05:56.496895Z","updated_at":"2021-12-22T12:57:37.624680Z","region":"fr-par","zone":"fr-par-1"}],"organization_id":"105bdce1-64c0-48ab-899d-868455867ecf","project_id":"105bdce1-64c0-48ab-899d-868455867ecf","ip":[{"id":"f98d2552-a8dd-4f57-9b9b-b3a726f660bf","ip_address":"51.159.9.159","organization_id":"105bdce1-64c0-48ab-899d-868455867ecf","project_id":"105bdce1-64c0-48ab-899d-868455867ecf","lb_id":"0aeded57-065c-44ed-9973-3ceb79a6a30d","reverse":"51-159-9-159.lb.fr-par.scw.cloud","region":"fr-par","zone":"fr-par-1"}],"tags":[],"frontend_count":0,"backend_count":0,"type":"lb-s","subscriber":null,"ssl_compatibility_level":"ssl_compatibility_level_intermediate","created_at":"2021-12-22T12:57:36.459984Z","updated_at":"2021-12-22T12:57:38.036078Z","private_network_count":0,"route_count":0,"region":"fr-par","zone":"fr-par-1"}'
    headers:
      Content-Length:
      - "1278"
      Content-Security-Policy:
      - default-src 'none'; frame-ancestors 'none'
      Content-Type:
      - application/json
      Date:
      - Wed, 22 Dec 2021 12:58:07 GMT
      Server:
      - Scaleway API-Gateway
      Strict-Transport-Security:
      - max-age=63072000
      X-Content-Type-Options:
      - nosniff
      X-Frame-Options:
      - DENY
      X-Request-Id:
      - fba87ea9-902c-4015-b4a8-ebf253030480
    status: 200 OK
    code: 200
    duration: ""
- request:
    body: ""
    form: {}
    headers:
      User-Agent:
      - scaleway-sdk-go/v1.0.0-beta.7+dev (go1.17.3; darwin; amd64) terraform-provider/develop
        terraform/terraform-tests
    url: https://api.scaleway.com/lb/v1/zones/fr-par-1/lbs/0aeded57-065c-44ed-9973-3ceb79a6a30d/private-networks?order_by=created_at_asc
    method: GET
  response:
    body: '{"private_network":[],"total_count":0}'
    headers:
      Content-Length:
      - "38"
      Content-Security-Policy:
      - default-src 'none'; frame-ancestors 'none'
      Content-Type:
      - application/json
      Date:
      - Wed, 22 Dec 2021 12:58:07 GMT
      Server:
      - Scaleway API-Gateway
      Strict-Transport-Security:
      - max-age=63072000
      X-Content-Type-Options:
      - nosniff
      X-Frame-Options:
      - DENY
      X-Request-Id:
      - 8374ed8c-4a82-4b00-b745-79c759624778
    status: 200 OK
    code: 200
    duration: ""
- request:
    body: ""
    form: {}
    headers:
      User-Agent:
      - scaleway-sdk-go/v1.0.0-beta.7+dev (go1.17.3; darwin; amd64) terraform-provider/develop
        terraform/terraform-tests
    url: https://api.scaleway.com/lb/v1/zones/fr-par-1/lbs/0aeded57-065c-44ed-9973-3ceb79a6a30d
    method: GET
  response:
    body: '{"id":"0aeded57-065c-44ed-9973-3ceb79a6a30d","name":"data-test-lb","description":"","status":"ready","instances":[{"id":"f5aaf505-b07e-4afa-83ed-39c4db40b00f","status":"ready","ip_address":"10.68.220.127","created_at":"2021-12-22T12:55:46.497216Z","updated_at":"2021-12-22T12:57:37.408386Z","region":"fr-par","zone":"fr-par-1"},{"id":"e8a4554a-1ad3-49e1-8f9d-664e05732b5a","status":"ready","ip_address":"10.64.226.133","created_at":"2021-12-22T08:05:56.496895Z","updated_at":"2021-12-22T12:57:37.624680Z","region":"fr-par","zone":"fr-par-1"}],"organization_id":"105bdce1-64c0-48ab-899d-868455867ecf","project_id":"105bdce1-64c0-48ab-899d-868455867ecf","ip":[{"id":"f98d2552-a8dd-4f57-9b9b-b3a726f660bf","ip_address":"51.159.9.159","organization_id":"105bdce1-64c0-48ab-899d-868455867ecf","project_id":"105bdce1-64c0-48ab-899d-868455867ecf","lb_id":"0aeded57-065c-44ed-9973-3ceb79a6a30d","reverse":"51-159-9-159.lb.fr-par.scw.cloud","region":"fr-par","zone":"fr-par-1"}],"tags":[],"frontend_count":0,"backend_count":0,"type":"lb-s","subscriber":null,"ssl_compatibility_level":"ssl_compatibility_level_intermediate","created_at":"2021-12-22T12:57:36.459984Z","updated_at":"2021-12-22T12:57:38.036078Z","private_network_count":0,"route_count":0,"region":"fr-par","zone":"fr-par-1"}'
    headers:
      Content-Length:
      - "1278"
      Content-Security-Policy:
      - default-src 'none'; frame-ancestors 'none'
      Content-Type:
      - application/json
      Date:
      - Wed, 22 Dec 2021 12:58:07 GMT
      Server:
      - Scaleway API-Gateway
      Strict-Transport-Security:
      - max-age=63072000
      X-Content-Type-Options:
      - nosniff
      X-Frame-Options:
      - DENY
      X-Request-Id:
      - d50462b2-e3ea-4eee-aeda-8a633d11edd7
    status: 200 OK
    code: 200
    duration: ""
- request:
    body: ""
    form: {}
    headers:
      User-Agent:
      - scaleway-sdk-go/v1.0.0-beta.7+dev (go1.17.3; darwin; amd64) terraform-provider/develop
        terraform/terraform-tests
    url: https://api.scaleway.com/lb/v1/zones/fr-par-1/lbs/0aeded57-065c-44ed-9973-3ceb79a6a30d
    method: GET
  response:
    body: '{"id":"0aeded57-065c-44ed-9973-3ceb79a6a30d","name":"data-test-lb","description":"","status":"ready","instances":[{"id":"f5aaf505-b07e-4afa-83ed-39c4db40b00f","status":"ready","ip_address":"10.68.220.127","created_at":"2021-12-22T12:55:46.497216Z","updated_at":"2021-12-22T12:57:37.408386Z","region":"fr-par","zone":"fr-par-1"},{"id":"e8a4554a-1ad3-49e1-8f9d-664e05732b5a","status":"ready","ip_address":"10.64.226.133","created_at":"2021-12-22T08:05:56.496895Z","updated_at":"2021-12-22T12:57:37.624680Z","region":"fr-par","zone":"fr-par-1"}],"organization_id":"105bdce1-64c0-48ab-899d-868455867ecf","project_id":"105bdce1-64c0-48ab-899d-868455867ecf","ip":[{"id":"f98d2552-a8dd-4f57-9b9b-b3a726f660bf","ip_address":"51.159.9.159","organization_id":"105bdce1-64c0-48ab-899d-868455867ecf","project_id":"105bdce1-64c0-48ab-899d-868455867ecf","lb_id":"0aeded57-065c-44ed-9973-3ceb79a6a30d","reverse":"51-159-9-159.lb.fr-par.scw.cloud","region":"fr-par","zone":"fr-par-1"}],"tags":[],"frontend_count":0,"backend_count":0,"type":"lb-s","subscriber":null,"ssl_compatibility_level":"ssl_compatibility_level_intermediate","created_at":"2021-12-22T12:57:36.459984Z","updated_at":"2021-12-22T12:57:38.036078Z","private_network_count":0,"route_count":0,"region":"fr-par","zone":"fr-par-1"}'
    headers:
      Content-Length:
      - "1278"
      Content-Security-Policy:
      - default-src 'none'; frame-ancestors 'none'
      Content-Type:
      - application/json
      Date:
      - Wed, 22 Dec 2021 12:58:07 GMT
      Server:
      - Scaleway API-Gateway
      Strict-Transport-Security:
      - max-age=63072000
      X-Content-Type-Options:
      - nosniff
      X-Frame-Options:
      - DENY
      X-Request-Id:
      - 4ef3997c-95f2-4f2f-9a9b-6b20148a740b
    status: 200 OK
    code: 200
    duration: ""
- request:
    body: ""
    form: {}
    headers:
      User-Agent:
      - scaleway-sdk-go/v1.0.0-beta.7+dev (go1.17.3; darwin; amd64) terraform-provider/develop
        terraform/terraform-tests
    url: https://api.scaleway.com/lb/v1/zones/fr-par-1/lbs?name=data-test-lb&order_by=created_at_asc
    method: GET
  response:
    body: '{"lbs":[{"id":"0aeded57-065c-44ed-9973-3ceb79a6a30d","name":"data-test-lb","description":"","status":"ready","instances":[{"id":"e8a4554a-1ad3-49e1-8f9d-664e05732b5a","status":"ready","ip_address":"10.64.226.133","created_at":"2021-12-22T08:05:56.496895Z","updated_at":"2021-12-22T12:57:37.624680Z","region":"fr-par","zone":"fr-par-1"},{"id":"f5aaf505-b07e-4afa-83ed-39c4db40b00f","status":"ready","ip_address":"10.68.220.127","created_at":"2021-12-22T12:55:46.497216Z","updated_at":"2021-12-22T12:57:37.408386Z","region":"fr-par","zone":"fr-par-1"}],"organization_id":"105bdce1-64c0-48ab-899d-868455867ecf","project_id":"105bdce1-64c0-48ab-899d-868455867ecf","ip":[{"id":"f98d2552-a8dd-4f57-9b9b-b3a726f660bf","ip_address":"51.159.9.159","organization_id":"105bdce1-64c0-48ab-899d-868455867ecf","project_id":"105bdce1-64c0-48ab-899d-868455867ecf","lb_id":"0aeded57-065c-44ed-9973-3ceb79a6a30d","reverse":"51-159-9-159.lb.fr-par.scw.cloud","region":"fr-par","zone":"fr-par-1"}],"tags":[],"frontend_count":0,"backend_count":0,"type":"lb-s","subscriber":null,"ssl_compatibility_level":"ssl_compatibility_level_intermediate","created_at":"2021-12-22T12:57:36.459984Z","updated_at":"2021-12-22T12:57:38.036078Z","private_network_count":0,"route_count":0,"region":"fr-par","zone":"fr-par-1"}],"total_count":1}'
    headers:
      Content-Length:
      - "1304"
      Content-Security-Policy:
      - default-src 'none'; frame-ancestors 'none'
      Content-Type:
      - application/json
      Date:
      - Wed, 22 Dec 2021 12:58:07 GMT
      Server:
      - Scaleway API-Gateway
      Strict-Transport-Security:
      - max-age=63072000
      X-Content-Type-Options:
      - nosniff
      X-Frame-Options:
      - DENY
      X-Request-Id:
      - ed142766-41e1-46ad-a1e0-172cedb7ea34
    status: 200 OK
    code: 200
    duration: ""
- request:
    body: ""
    form: {}
    headers:
      User-Agent:
      - scaleway-sdk-go/v1.0.0-beta.7+dev (go1.17.3; darwin; amd64) terraform-provider/develop
        terraform/terraform-tests
    url: https://api.scaleway.com/lb/v1/zones/fr-par-1/lbs/0aeded57-065c-44ed-9973-3ceb79a6a30d
    method: GET
  response:
    body: '{"id":"0aeded57-065c-44ed-9973-3ceb79a6a30d","name":"data-test-lb","description":"","status":"ready","instances":[{"id":"f5aaf505-b07e-4afa-83ed-39c4db40b00f","status":"ready","ip_address":"10.68.220.127","created_at":"2021-12-22T12:55:46.497216Z","updated_at":"2021-12-22T12:57:37.408386Z","region":"fr-par","zone":"fr-par-1"},{"id":"e8a4554a-1ad3-49e1-8f9d-664e05732b5a","status":"ready","ip_address":"10.64.226.133","created_at":"2021-12-22T08:05:56.496895Z","updated_at":"2021-12-22T12:57:37.624680Z","region":"fr-par","zone":"fr-par-1"}],"organization_id":"105bdce1-64c0-48ab-899d-868455867ecf","project_id":"105bdce1-64c0-48ab-899d-868455867ecf","ip":[{"id":"f98d2552-a8dd-4f57-9b9b-b3a726f660bf","ip_address":"51.159.9.159","organization_id":"105bdce1-64c0-48ab-899d-868455867ecf","project_id":"105bdce1-64c0-48ab-899d-868455867ecf","lb_id":"0aeded57-065c-44ed-9973-3ceb79a6a30d","reverse":"51-159-9-159.lb.fr-par.scw.cloud","region":"fr-par","zone":"fr-par-1"}],"tags":[],"frontend_count":0,"backend_count":0,"type":"lb-s","subscriber":null,"ssl_compatibility_level":"ssl_compatibility_level_intermediate","created_at":"2021-12-22T12:57:36.459984Z","updated_at":"2021-12-22T12:57:38.036078Z","private_network_count":0,"route_count":0,"region":"fr-par","zone":"fr-par-1"}'
    headers:
      Content-Length:
      - "1278"
      Content-Security-Policy:
      - default-src 'none'; frame-ancestors 'none'
      Content-Type:
      - application/json
      Date:
      - Wed, 22 Dec 2021 12:58:07 GMT
      Server:
      - Scaleway API-Gateway
      Strict-Transport-Security:
      - max-age=63072000
      X-Content-Type-Options:
      - nosniff
      X-Frame-Options:
      - DENY
      X-Request-Id:
      - f9549492-77e7-4e84-a5ae-07616ee919b6
    status: 200 OK
    code: 200
    duration: ""
- request:
    body: ""
    form: {}
    headers:
      User-Agent:
      - scaleway-sdk-go/v1.0.0-beta.7+dev (go1.17.3; darwin; amd64) terraform-provider/develop
        terraform/terraform-tests
    url: https://api.scaleway.com/lb/v1/zones/fr-par-1/lbs/0aeded57-065c-44ed-9973-3ceb79a6a30d/private-networks?order_by=created_at_asc
    method: GET
  response:
    body: '{"private_network":[],"total_count":0}'
    headers:
      Content-Length:
      - "38"
      Content-Security-Policy:
      - default-src 'none'; frame-ancestors 'none'
      Content-Type:
      - application/json
      Date:
      - Wed, 22 Dec 2021 12:58:07 GMT
      Server:
      - Scaleway API-Gateway
      Strict-Transport-Security:
      - max-age=63072000
      X-Content-Type-Options:
      - nosniff
      X-Frame-Options:
      - DENY
      X-Request-Id:
      - 1e813267-ca61-4466-a3a1-71ea1eaeb352
    status: 200 OK
    code: 200
    duration: ""
- request:
    body: ""
    form: {}
    headers:
      User-Agent:
      - scaleway-sdk-go/v1.0.0-beta.7+dev (go1.17.3; darwin; amd64) terraform-provider/develop
        terraform/terraform-tests
    url: https://api.scaleway.com/lb/v1/zones/fr-par-1/lbs/0aeded57-065c-44ed-9973-3ceb79a6a30d
    method: GET
  response:
    body: '{"id":"0aeded57-065c-44ed-9973-3ceb79a6a30d","name":"data-test-lb","description":"","status":"ready","instances":[{"id":"f5aaf505-b07e-4afa-83ed-39c4db40b00f","status":"ready","ip_address":"10.68.220.127","created_at":"2021-12-22T12:55:46.497216Z","updated_at":"2021-12-22T12:57:37.408386Z","region":"fr-par","zone":"fr-par-1"},{"id":"e8a4554a-1ad3-49e1-8f9d-664e05732b5a","status":"ready","ip_address":"10.64.226.133","created_at":"2021-12-22T08:05:56.496895Z","updated_at":"2021-12-22T12:57:37.624680Z","region":"fr-par","zone":"fr-par-1"}],"organization_id":"105bdce1-64c0-48ab-899d-868455867ecf","project_id":"105bdce1-64c0-48ab-899d-868455867ecf","ip":[{"id":"f98d2552-a8dd-4f57-9b9b-b3a726f660bf","ip_address":"51.159.9.159","organization_id":"105bdce1-64c0-48ab-899d-868455867ecf","project_id":"105bdce1-64c0-48ab-899d-868455867ecf","lb_id":"0aeded57-065c-44ed-9973-3ceb79a6a30d","reverse":"51-159-9-159.lb.fr-par.scw.cloud","region":"fr-par","zone":"fr-par-1"}],"tags":[],"frontend_count":0,"backend_count":0,"type":"lb-s","subscriber":null,"ssl_compatibility_level":"ssl_compatibility_level_intermediate","created_at":"2021-12-22T12:57:36.459984Z","updated_at":"2021-12-22T12:57:38.036078Z","private_network_count":0,"route_count":0,"region":"fr-par","zone":"fr-par-1"}'
    headers:
      Content-Length:
      - "1278"
      Content-Security-Policy:
      - default-src 'none'; frame-ancestors 'none'
      Content-Type:
      - application/json
      Date:
      - Wed, 22 Dec 2021 12:58:07 GMT
      Server:
      - Scaleway API-Gateway
      Strict-Transport-Security:
      - max-age=63072000
      X-Content-Type-Options:
      - nosniff
      X-Frame-Options:
      - DENY
      X-Request-Id:
      - ff35f1d8-d015-4eca-a9bf-796006013e29
    status: 200 OK
    code: 200
    duration: ""
- request:
    body: ""
    form: {}
    headers:
      User-Agent:
      - scaleway-sdk-go/v1.0.0-beta.7+dev (go1.17.3; darwin; amd64) terraform-provider/develop
        terraform/terraform-tests
    url: https://api.scaleway.com/lb/v1/zones/fr-par-1/lbs/0aeded57-065c-44ed-9973-3ceb79a6a30d/private-networks?order_by=created_at_asc
    method: GET
  response:
    body: '{"private_network":[],"total_count":0}'
    headers:
      Content-Length:
      - "38"
      Content-Security-Policy:
      - default-src 'none'; frame-ancestors 'none'
      Content-Type:
      - application/json
      Date:
      - Wed, 22 Dec 2021 12:58:07 GMT
      Server:
      - Scaleway API-Gateway
      Strict-Transport-Security:
      - max-age=63072000
      X-Content-Type-Options:
      - nosniff
      X-Frame-Options:
      - DENY
      X-Request-Id:
      - bc04faff-ec14-469c-a4ce-063075bb4077
    status: 200 OK
    code: 200
    duration: ""
- request:
    body: ""
    form: {}
    headers:
      User-Agent:
      - scaleway-sdk-go/v1.0.0-beta.7+dev (go1.17.3; darwin; amd64) terraform-provider/develop
        terraform/terraform-tests
    url: https://api.scaleway.com/lb/v1/zones/fr-par-1/ips/f98d2552-a8dd-4f57-9b9b-b3a726f660bf
    method: GET
  response:
    body: '{"id":"f98d2552-a8dd-4f57-9b9b-b3a726f660bf","ip_address":"51.159.9.159","organization_id":"105bdce1-64c0-48ab-899d-868455867ecf","project_id":"105bdce1-64c0-48ab-899d-868455867ecf","lb_id":"0aeded57-065c-44ed-9973-3ceb79a6a30d","reverse":"51-159-9-159.lb.fr-par.scw.cloud","region":"fr-par","zone":"fr-par-1"}'
    headers:
      Content-Length:
      - "310"
      Content-Security-Policy:
      - default-src 'none'; frame-ancestors 'none'
      Content-Type:
      - application/json
      Date:
      - Wed, 22 Dec 2021 12:58:08 GMT
      Server:
      - Scaleway API-Gateway
      Strict-Transport-Security:
      - max-age=63072000
      X-Content-Type-Options:
      - nosniff
      X-Frame-Options:
      - DENY
      X-Request-Id:
      - 441aa059-c2b3-46e8-8c1d-f1d5ff87870b
    status: 200 OK
    code: 200
    duration: ""
- request:
    body: ""
    form: {}
    headers:
      User-Agent:
      - scaleway-sdk-go/v1.0.0-beta.7+dev (go1.17.3; darwin; amd64) terraform-provider/develop
        terraform/terraform-tests
    url: https://api.scaleway.com/lb/v1/zones/fr-par-1/lbs/0aeded57-065c-44ed-9973-3ceb79a6a30d
    method: GET
  response:
    body: '{"id":"0aeded57-065c-44ed-9973-3ceb79a6a30d","name":"data-test-lb","description":"","status":"ready","instances":[{"id":"f5aaf505-b07e-4afa-83ed-39c4db40b00f","status":"ready","ip_address":"10.68.220.127","created_at":"2021-12-22T12:55:46.497216Z","updated_at":"2021-12-22T12:57:37.408386Z","region":"fr-par","zone":"fr-par-1"},{"id":"e8a4554a-1ad3-49e1-8f9d-664e05732b5a","status":"ready","ip_address":"10.64.226.133","created_at":"2021-12-22T08:05:56.496895Z","updated_at":"2021-12-22T12:57:37.624680Z","region":"fr-par","zone":"fr-par-1"}],"organization_id":"105bdce1-64c0-48ab-899d-868455867ecf","project_id":"105bdce1-64c0-48ab-899d-868455867ecf","ip":[{"id":"f98d2552-a8dd-4f57-9b9b-b3a726f660bf","ip_address":"51.159.9.159","organization_id":"105bdce1-64c0-48ab-899d-868455867ecf","project_id":"105bdce1-64c0-48ab-899d-868455867ecf","lb_id":"0aeded57-065c-44ed-9973-3ceb79a6a30d","reverse":"51-159-9-159.lb.fr-par.scw.cloud","region":"fr-par","zone":"fr-par-1"}],"tags":[],"frontend_count":0,"backend_count":0,"type":"lb-s","subscriber":null,"ssl_compatibility_level":"ssl_compatibility_level_intermediate","created_at":"2021-12-22T12:57:36.459984Z","updated_at":"2021-12-22T12:57:38.036078Z","private_network_count":0,"route_count":0,"region":"fr-par","zone":"fr-par-1"}'
    headers:
      Content-Length:
      - "1278"
      Content-Security-Policy:
      - default-src 'none'; frame-ancestors 'none'
      Content-Type:
      - application/json
      Date:
      - Wed, 22 Dec 2021 12:58:08 GMT
      Server:
      - Scaleway API-Gateway
      Strict-Transport-Security:
      - max-age=63072000
      X-Content-Type-Options:
      - nosniff
      X-Frame-Options:
      - DENY
      X-Request-Id:
      - 2cd9b2b4-9c07-41ba-a341-a50d87d58ec4
    status: 200 OK
    code: 200
    duration: ""
- request:
    body: ""
    form: {}
    headers:
      User-Agent:
      - scaleway-sdk-go/v1.0.0-beta.7+dev (go1.17.3; darwin; amd64) terraform-provider/develop
        terraform/terraform-tests
    url: https://api.scaleway.com/lb/v1/zones/fr-par-1/lbs/0aeded57-065c-44ed-9973-3ceb79a6a30d
    method: GET
  response:
    body: '{"id":"0aeded57-065c-44ed-9973-3ceb79a6a30d","name":"data-test-lb","description":"","status":"ready","instances":[{"id":"f5aaf505-b07e-4afa-83ed-39c4db40b00f","status":"ready","ip_address":"10.68.220.127","created_at":"2021-12-22T12:55:46.497216Z","updated_at":"2021-12-22T12:57:37.408386Z","region":"fr-par","zone":"fr-par-1"},{"id":"e8a4554a-1ad3-49e1-8f9d-664e05732b5a","status":"ready","ip_address":"10.64.226.133","created_at":"2021-12-22T08:05:56.496895Z","updated_at":"2021-12-22T12:57:37.624680Z","region":"fr-par","zone":"fr-par-1"}],"organization_id":"105bdce1-64c0-48ab-899d-868455867ecf","project_id":"105bdce1-64c0-48ab-899d-868455867ecf","ip":[{"id":"f98d2552-a8dd-4f57-9b9b-b3a726f660bf","ip_address":"51.159.9.159","organization_id":"105bdce1-64c0-48ab-899d-868455867ecf","project_id":"105bdce1-64c0-48ab-899d-868455867ecf","lb_id":"0aeded57-065c-44ed-9973-3ceb79a6a30d","reverse":"51-159-9-159.lb.fr-par.scw.cloud","region":"fr-par","zone":"fr-par-1"}],"tags":[],"frontend_count":0,"backend_count":0,"type":"lb-s","subscriber":null,"ssl_compatibility_level":"ssl_compatibility_level_intermediate","created_at":"2021-12-22T12:57:36.459984Z","updated_at":"2021-12-22T12:57:38.036078Z","private_network_count":0,"route_count":0,"region":"fr-par","zone":"fr-par-1"}'
    headers:
      Content-Length:
      - "1278"
      Content-Security-Policy:
      - default-src 'none'; frame-ancestors 'none'
      Content-Type:
      - application/json
      Date:
      - Wed, 22 Dec 2021 12:58:08 GMT
      Server:
      - Scaleway API-Gateway
      Strict-Transport-Security:
      - max-age=63072000
      X-Content-Type-Options:
      - nosniff
      X-Frame-Options:
      - DENY
      X-Request-Id:
      - 5cdde3da-1a55-4c18-98ef-2c7b8dd2f606
    status: 200 OK
    code: 200
    duration: ""
- request:
    body: ""
    form: {}
    headers:
      User-Agent:
      - scaleway-sdk-go/v1.0.0-beta.7+dev (go1.17.3; darwin; amd64) terraform-provider/develop
        terraform/terraform-tests
    url: https://api.scaleway.com/lb/v1/zones/fr-par-1/lbs/0aeded57-065c-44ed-9973-3ceb79a6a30d/private-networks?order_by=created_at_asc
    method: GET
  response:
    body: '{"private_network":[],"total_count":0}'
    headers:
      Content-Length:
      - "38"
      Content-Security-Policy:
      - default-src 'none'; frame-ancestors 'none'
      Content-Type:
      - application/json
      Date:
      - Wed, 22 Dec 2021 12:58:08 GMT
      Server:
      - Scaleway API-Gateway
      Strict-Transport-Security:
      - max-age=63072000
      X-Content-Type-Options:
      - nosniff
      X-Frame-Options:
      - DENY
      X-Request-Id:
      - 7c11526d-6861-4d62-83a8-182f8d8922a4
    status: 200 OK
    code: 200
    duration: ""
- request:
    body: ""
    form: {}
    headers:
      User-Agent:
      - scaleway-sdk-go/v1.0.0-beta.7+dev (go1.17.3; darwin; amd64) terraform-provider/develop
        terraform/terraform-tests
    url: https://api.scaleway.com/lb/v1/zones/fr-par-1/lbs/0aeded57-065c-44ed-9973-3ceb79a6a30d
    method: GET
  response:
    body: '{"id":"0aeded57-065c-44ed-9973-3ceb79a6a30d","name":"data-test-lb","description":"","status":"ready","instances":[{"id":"f5aaf505-b07e-4afa-83ed-39c4db40b00f","status":"ready","ip_address":"10.68.220.127","created_at":"2021-12-22T12:55:46.497216Z","updated_at":"2021-12-22T12:57:37.408386Z","region":"fr-par","zone":"fr-par-1"},{"id":"e8a4554a-1ad3-49e1-8f9d-664e05732b5a","status":"ready","ip_address":"10.64.226.133","created_at":"2021-12-22T08:05:56.496895Z","updated_at":"2021-12-22T12:57:37.624680Z","region":"fr-par","zone":"fr-par-1"}],"organization_id":"105bdce1-64c0-48ab-899d-868455867ecf","project_id":"105bdce1-64c0-48ab-899d-868455867ecf","ip":[{"id":"f98d2552-a8dd-4f57-9b9b-b3a726f660bf","ip_address":"51.159.9.159","organization_id":"105bdce1-64c0-48ab-899d-868455867ecf","project_id":"105bdce1-64c0-48ab-899d-868455867ecf","lb_id":"0aeded57-065c-44ed-9973-3ceb79a6a30d","reverse":"51-159-9-159.lb.fr-par.scw.cloud","region":"fr-par","zone":"fr-par-1"}],"tags":[],"frontend_count":0,"backend_count":0,"type":"lb-s","subscriber":null,"ssl_compatibility_level":"ssl_compatibility_level_intermediate","created_at":"2021-12-22T12:57:36.459984Z","updated_at":"2021-12-22T12:57:38.036078Z","private_network_count":0,"route_count":0,"region":"fr-par","zone":"fr-par-1"}'
    headers:
      Content-Length:
      - "1278"
      Content-Security-Policy:
      - default-src 'none'; frame-ancestors 'none'
      Content-Type:
      - application/json
      Date:
      - Wed, 22 Dec 2021 12:58:08 GMT
      Server:
      - Scaleway API-Gateway
      Strict-Transport-Security:
      - max-age=63072000
      X-Content-Type-Options:
      - nosniff
      X-Frame-Options:
      - DENY
      X-Request-Id:
      - f20eee01-0c48-4a6d-aaf5-5f74d75eb07b
    status: 200 OK
    code: 200
    duration: ""
- request:
    body: ""
    form: {}
    headers:
      User-Agent:
      - scaleway-sdk-go/v1.0.0-beta.7+dev (go1.17.3; darwin; amd64) terraform-provider/develop
        terraform/terraform-tests
    url: https://api.scaleway.com/lb/v1/zones/fr-par-1/lbs?name=data-test-lb&order_by=created_at_asc
    method: GET
  response:
    body: '{"lbs":[{"id":"0aeded57-065c-44ed-9973-3ceb79a6a30d","name":"data-test-lb","description":"","status":"ready","instances":[{"id":"e8a4554a-1ad3-49e1-8f9d-664e05732b5a","status":"ready","ip_address":"10.64.226.133","created_at":"2021-12-22T08:05:56.496895Z","updated_at":"2021-12-22T12:57:37.624680Z","region":"fr-par","zone":"fr-par-1"},{"id":"f5aaf505-b07e-4afa-83ed-39c4db40b00f","status":"ready","ip_address":"10.68.220.127","created_at":"2021-12-22T12:55:46.497216Z","updated_at":"2021-12-22T12:57:37.408386Z","region":"fr-par","zone":"fr-par-1"}],"organization_id":"105bdce1-64c0-48ab-899d-868455867ecf","project_id":"105bdce1-64c0-48ab-899d-868455867ecf","ip":[{"id":"f98d2552-a8dd-4f57-9b9b-b3a726f660bf","ip_address":"51.159.9.159","organization_id":"105bdce1-64c0-48ab-899d-868455867ecf","project_id":"105bdce1-64c0-48ab-899d-868455867ecf","lb_id":"0aeded57-065c-44ed-9973-3ceb79a6a30d","reverse":"51-159-9-159.lb.fr-par.scw.cloud","region":"fr-par","zone":"fr-par-1"}],"tags":[],"frontend_count":0,"backend_count":0,"type":"lb-s","subscriber":null,"ssl_compatibility_level":"ssl_compatibility_level_intermediate","created_at":"2021-12-22T12:57:36.459984Z","updated_at":"2021-12-22T12:57:38.036078Z","private_network_count":0,"route_count":0,"region":"fr-par","zone":"fr-par-1"}],"total_count":1}'
    headers:
      Content-Length:
      - "1304"
      Content-Security-Policy:
      - default-src 'none'; frame-ancestors 'none'
      Content-Type:
      - application/json
      Date:
      - Wed, 22 Dec 2021 12:58:08 GMT
      Server:
      - Scaleway API-Gateway
      Strict-Transport-Security:
      - max-age=63072000
      X-Content-Type-Options:
      - nosniff
      X-Frame-Options:
      - DENY
      X-Request-Id:
      - cd32eb78-1e8e-4fad-ba36-0b71dc7bc892
    status: 200 OK
    code: 200
    duration: ""
- request:
    body: ""
    form: {}
    headers:
      User-Agent:
      - scaleway-sdk-go/v1.0.0-beta.7+dev (go1.17.3; darwin; amd64) terraform-provider/develop
        terraform/terraform-tests
    url: https://api.scaleway.com/lb/v1/zones/fr-par-1/lbs/0aeded57-065c-44ed-9973-3ceb79a6a30d/private-networks?order_by=created_at_asc
    method: GET
  response:
    body: '{"private_network":[],"total_count":0}'
    headers:
      Content-Length:
      - "38"
      Content-Security-Policy:
      - default-src 'none'; frame-ancestors 'none'
      Content-Type:
      - application/json
      Date:
      - Wed, 22 Dec 2021 12:58:08 GMT
      Server:
      - Scaleway API-Gateway
      Strict-Transport-Security:
      - max-age=63072000
      X-Content-Type-Options:
      - nosniff
      X-Frame-Options:
      - DENY
      X-Request-Id:
      - 57e98ba7-e7d0-4868-ba46-e92db3a500d9
    status: 200 OK
    code: 200
    duration: ""
- request:
    body: ""
    form: {}
    headers:
      User-Agent:
      - scaleway-sdk-go/v1.0.0-beta.7+dev (go1.17.3; darwin; amd64) terraform-provider/develop
        terraform/terraform-tests
    url: https://api.scaleway.com/lb/v1/zones/fr-par-1/lbs/0aeded57-065c-44ed-9973-3ceb79a6a30d
    method: GET
  response:
    body: '{"id":"0aeded57-065c-44ed-9973-3ceb79a6a30d","name":"data-test-lb","description":"","status":"ready","instances":[{"id":"f5aaf505-b07e-4afa-83ed-39c4db40b00f","status":"ready","ip_address":"10.68.220.127","created_at":"2021-12-22T12:55:46.497216Z","updated_at":"2021-12-22T12:57:37.408386Z","region":"fr-par","zone":"fr-par-1"},{"id":"e8a4554a-1ad3-49e1-8f9d-664e05732b5a","status":"ready","ip_address":"10.64.226.133","created_at":"2021-12-22T08:05:56.496895Z","updated_at":"2021-12-22T12:57:37.624680Z","region":"fr-par","zone":"fr-par-1"}],"organization_id":"105bdce1-64c0-48ab-899d-868455867ecf","project_id":"105bdce1-64c0-48ab-899d-868455867ecf","ip":[{"id":"f98d2552-a8dd-4f57-9b9b-b3a726f660bf","ip_address":"51.159.9.159","organization_id":"105bdce1-64c0-48ab-899d-868455867ecf","project_id":"105bdce1-64c0-48ab-899d-868455867ecf","lb_id":"0aeded57-065c-44ed-9973-3ceb79a6a30d","reverse":"51-159-9-159.lb.fr-par.scw.cloud","region":"fr-par","zone":"fr-par-1"}],"tags":[],"frontend_count":0,"backend_count":0,"type":"lb-s","subscriber":null,"ssl_compatibility_level":"ssl_compatibility_level_intermediate","created_at":"2021-12-22T12:57:36.459984Z","updated_at":"2021-12-22T12:57:38.036078Z","private_network_count":0,"route_count":0,"region":"fr-par","zone":"fr-par-1"}'
    headers:
      Content-Length:
      - "1278"
      Content-Security-Policy:
      - default-src 'none'; frame-ancestors 'none'
      Content-Type:
      - application/json
      Date:
      - Wed, 22 Dec 2021 12:58:08 GMT
      Server:
      - Scaleway API-Gateway
      Strict-Transport-Security:
      - max-age=63072000
      X-Content-Type-Options:
      - nosniff
      X-Frame-Options:
      - DENY
      X-Request-Id:
      - 2697b0ea-7be6-4264-af72-c40f6cd3914f
    status: 200 OK
    code: 200
    duration: ""
- request:
    body: ""
    form: {}
    headers:
      User-Agent:
      - scaleway-sdk-go/v1.0.0-beta.7+dev (go1.17.3; darwin; amd64) terraform-provider/develop
        terraform/terraform-tests
    url: https://api.scaleway.com/lb/v1/zones/fr-par-1/lbs/0aeded57-065c-44ed-9973-3ceb79a6a30d/private-networks?order_by=created_at_asc
    method: GET
  response:
    body: '{"private_network":[],"total_count":0}'
    headers:
      Content-Length:
      - "38"
      Content-Security-Policy:
      - default-src 'none'; frame-ancestors 'none'
      Content-Type:
      - application/json
      Date:
      - Wed, 22 Dec 2021 12:58:08 GMT
      Server:
      - Scaleway API-Gateway
      Strict-Transport-Security:
      - max-age=63072000
      X-Content-Type-Options:
      - nosniff
      X-Frame-Options:
      - DENY
      X-Request-Id:
      - 26eda588-d4a2-4d09-aa8c-79ad396d6db3
    status: 200 OK
    code: 200
    duration: ""
- request:
    body: ""
    form: {}
    headers:
      User-Agent:
      - scaleway-sdk-go/v1.0.0-beta.7+dev (go1.17.3; darwin; amd64) terraform-provider/develop
        terraform/terraform-tests
    url: https://api.scaleway.com/lb/v1/zones/fr-par-1/lbs/0aeded57-065c-44ed-9973-3ceb79a6a30d
    method: GET
  response:
    body: '{"id":"0aeded57-065c-44ed-9973-3ceb79a6a30d","name":"data-test-lb","description":"","status":"ready","instances":[{"id":"f5aaf505-b07e-4afa-83ed-39c4db40b00f","status":"ready","ip_address":"10.68.220.127","created_at":"2021-12-22T12:55:46.497216Z","updated_at":"2021-12-22T12:57:37.408386Z","region":"fr-par","zone":"fr-par-1"},{"id":"e8a4554a-1ad3-49e1-8f9d-664e05732b5a","status":"ready","ip_address":"10.64.226.133","created_at":"2021-12-22T08:05:56.496895Z","updated_at":"2021-12-22T12:57:37.624680Z","region":"fr-par","zone":"fr-par-1"}],"organization_id":"105bdce1-64c0-48ab-899d-868455867ecf","project_id":"105bdce1-64c0-48ab-899d-868455867ecf","ip":[{"id":"f98d2552-a8dd-4f57-9b9b-b3a726f660bf","ip_address":"51.159.9.159","organization_id":"105bdce1-64c0-48ab-899d-868455867ecf","project_id":"105bdce1-64c0-48ab-899d-868455867ecf","lb_id":"0aeded57-065c-44ed-9973-3ceb79a6a30d","reverse":"51-159-9-159.lb.fr-par.scw.cloud","region":"fr-par","zone":"fr-par-1"}],"tags":[],"frontend_count":0,"backend_count":0,"type":"lb-s","subscriber":null,"ssl_compatibility_level":"ssl_compatibility_level_intermediate","created_at":"2021-12-22T12:57:36.459984Z","updated_at":"2021-12-22T12:57:38.036078Z","private_network_count":0,"route_count":0,"region":"fr-par","zone":"fr-par-1"}'
    headers:
      Content-Length:
      - "1278"
      Content-Security-Policy:
      - default-src 'none'; frame-ancestors 'none'
      Content-Type:
      - application/json
      Date:
      - Wed, 22 Dec 2021 12:58:08 GMT
      Server:
      - Scaleway API-Gateway
      Strict-Transport-Security:
      - max-age=63072000
      X-Content-Type-Options:
      - nosniff
      X-Frame-Options:
      - DENY
      X-Request-Id:
      - d940edf6-b157-481a-abc1-66279279dc0b
    status: 200 OK
    code: 200
    duration: ""
- request:
    body: ""
    form: {}
    headers:
      User-Agent:
      - scaleway-sdk-go/v1.0.0-beta.7+dev (go1.17.3; darwin; amd64) terraform-provider/develop
        terraform/terraform-tests
    url: https://api.scaleway.com/lb/v1/zones/fr-par-1/lbs?name=data-test-lb&order_by=created_at_asc
    method: GET
  response:
    body: '{"lbs":[{"id":"0aeded57-065c-44ed-9973-3ceb79a6a30d","name":"data-test-lb","description":"","status":"ready","instances":[{"id":"e8a4554a-1ad3-49e1-8f9d-664e05732b5a","status":"ready","ip_address":"10.64.226.133","created_at":"2021-12-22T08:05:56.496895Z","updated_at":"2021-12-22T12:57:37.624680Z","region":"fr-par","zone":"fr-par-1"},{"id":"f5aaf505-b07e-4afa-83ed-39c4db40b00f","status":"ready","ip_address":"10.68.220.127","created_at":"2021-12-22T12:55:46.497216Z","updated_at":"2021-12-22T12:57:37.408386Z","region":"fr-par","zone":"fr-par-1"}],"organization_id":"105bdce1-64c0-48ab-899d-868455867ecf","project_id":"105bdce1-64c0-48ab-899d-868455867ecf","ip":[{"id":"f98d2552-a8dd-4f57-9b9b-b3a726f660bf","ip_address":"51.159.9.159","organization_id":"105bdce1-64c0-48ab-899d-868455867ecf","project_id":"105bdce1-64c0-48ab-899d-868455867ecf","lb_id":"0aeded57-065c-44ed-9973-3ceb79a6a30d","reverse":"51-159-9-159.lb.fr-par.scw.cloud","region":"fr-par","zone":"fr-par-1"}],"tags":[],"frontend_count":0,"backend_count":0,"type":"lb-s","subscriber":null,"ssl_compatibility_level":"ssl_compatibility_level_intermediate","created_at":"2021-12-22T12:57:36.459984Z","updated_at":"2021-12-22T12:57:38.036078Z","private_network_count":0,"route_count":0,"region":"fr-par","zone":"fr-par-1"}],"total_count":1}'
    headers:
      Content-Length:
      - "1304"
      Content-Security-Policy:
      - default-src 'none'; frame-ancestors 'none'
      Content-Type:
      - application/json
      Date:
      - Wed, 22 Dec 2021 12:58:08 GMT
      Server:
      - Scaleway API-Gateway
      Strict-Transport-Security:
      - max-age=63072000
      X-Content-Type-Options:
      - nosniff
      X-Frame-Options:
      - DENY
      X-Request-Id:
      - 4e80b132-0af5-4a5b-a1d0-066d60ae75be
    status: 200 OK
    code: 200
    duration: ""
- request:
    body: ""
    form: {}
    headers:
      User-Agent:
      - scaleway-sdk-go/v1.0.0-beta.7+dev (go1.17.3; darwin; amd64) terraform-provider/develop
        terraform/terraform-tests
    url: https://api.scaleway.com/lb/v1/zones/fr-par-1/lbs/0aeded57-065c-44ed-9973-3ceb79a6a30d/private-networks?order_by=created_at_asc
    method: GET
  response:
    body: '{"private_network":[],"total_count":0}'
    headers:
      Content-Length:
      - "38"
      Content-Security-Policy:
      - default-src 'none'; frame-ancestors 'none'
      Content-Type:
      - application/json
      Date:
      - Wed, 22 Dec 2021 12:58:08 GMT
      Server:
      - Scaleway API-Gateway
      Strict-Transport-Security:
      - max-age=63072000
      X-Content-Type-Options:
      - nosniff
      X-Frame-Options:
      - DENY
      X-Request-Id:
      - 7df58adb-25bf-4188-b247-58f133be5690
    status: 200 OK
    code: 200
    duration: ""
- request:
    body: ""
    form: {}
    headers:
      User-Agent:
      - scaleway-sdk-go/v1.0.0-beta.7+dev (go1.17.3; darwin; amd64) terraform-provider/develop
        terraform/terraform-tests
    url: https://api.scaleway.com/lb/v1/zones/fr-par-1/lbs/0aeded57-065c-44ed-9973-3ceb79a6a30d
    method: GET
  response:
    body: '{"id":"0aeded57-065c-44ed-9973-3ceb79a6a30d","name":"data-test-lb","description":"","status":"ready","instances":[{"id":"f5aaf505-b07e-4afa-83ed-39c4db40b00f","status":"ready","ip_address":"10.68.220.127","created_at":"2021-12-22T12:55:46.497216Z","updated_at":"2021-12-22T12:57:37.408386Z","region":"fr-par","zone":"fr-par-1"},{"id":"e8a4554a-1ad3-49e1-8f9d-664e05732b5a","status":"ready","ip_address":"10.64.226.133","created_at":"2021-12-22T08:05:56.496895Z","updated_at":"2021-12-22T12:57:37.624680Z","region":"fr-par","zone":"fr-par-1"}],"organization_id":"105bdce1-64c0-48ab-899d-868455867ecf","project_id":"105bdce1-64c0-48ab-899d-868455867ecf","ip":[{"id":"f98d2552-a8dd-4f57-9b9b-b3a726f660bf","ip_address":"51.159.9.159","organization_id":"105bdce1-64c0-48ab-899d-868455867ecf","project_id":"105bdce1-64c0-48ab-899d-868455867ecf","lb_id":"0aeded57-065c-44ed-9973-3ceb79a6a30d","reverse":"51-159-9-159.lb.fr-par.scw.cloud","region":"fr-par","zone":"fr-par-1"}],"tags":[],"frontend_count":0,"backend_count":0,"type":"lb-s","subscriber":null,"ssl_compatibility_level":"ssl_compatibility_level_intermediate","created_at":"2021-12-22T12:57:36.459984Z","updated_at":"2021-12-22T12:57:38.036078Z","private_network_count":0,"route_count":0,"region":"fr-par","zone":"fr-par-1"}'
    headers:
      Content-Length:
      - "1278"
      Content-Security-Policy:
      - default-src 'none'; frame-ancestors 'none'
      Content-Type:
      - application/json
      Date:
      - Wed, 22 Dec 2021 12:58:08 GMT
      Server:
      - Scaleway API-Gateway
      Strict-Transport-Security:
      - max-age=63072000
      X-Content-Type-Options:
      - nosniff
      X-Frame-Options:
      - DENY
      X-Request-Id:
      - 7f7c074f-bbf0-4b85-8874-d104a7e27b54
    status: 200 OK
    code: 200
    duration: ""
- request:
    body: ""
    form: {}
    headers:
      User-Agent:
      - scaleway-sdk-go/v1.0.0-beta.7+dev (go1.17.3; darwin; amd64) terraform-provider/develop
        terraform/terraform-tests
    url: https://api.scaleway.com/lb/v1/zones/fr-par-1/lbs/0aeded57-065c-44ed-9973-3ceb79a6a30d/private-networks?order_by=created_at_asc
    method: GET
  response:
    body: '{"private_network":[],"total_count":0}'
    headers:
      Content-Length:
      - "38"
      Content-Security-Policy:
      - default-src 'none'; frame-ancestors 'none'
      Content-Type:
      - application/json
      Date:
      - Wed, 22 Dec 2021 12:58:08 GMT
      Server:
      - Scaleway API-Gateway
      Strict-Transport-Security:
      - max-age=63072000
      X-Content-Type-Options:
      - nosniff
      X-Frame-Options:
      - DENY
      X-Request-Id:
      - e3c898f0-d7dc-4ba9-8368-d753c4d625b3
    status: 200 OK
    code: 200
    duration: ""
- request:
    body: ""
    form: {}
    headers:
      User-Agent:
      - scaleway-sdk-go/v1.0.0-beta.7+dev (go1.17.3; darwin; amd64) terraform-provider/develop
        terraform/terraform-tests
    url: https://api.scaleway.com/lb/v1/zones/fr-par-1/lbs/0aeded57-065c-44ed-9973-3ceb79a6a30d
    method: GET
  response:
    body: '{"id":"0aeded57-065c-44ed-9973-3ceb79a6a30d","name":"data-test-lb","description":"","status":"ready","instances":[{"id":"f5aaf505-b07e-4afa-83ed-39c4db40b00f","status":"ready","ip_address":"10.68.220.127","created_at":"2021-12-22T12:55:46.497216Z","updated_at":"2021-12-22T12:57:37.408386Z","region":"fr-par","zone":"fr-par-1"},{"id":"e8a4554a-1ad3-49e1-8f9d-664e05732b5a","status":"ready","ip_address":"10.64.226.133","created_at":"2021-12-22T08:05:56.496895Z","updated_at":"2021-12-22T12:57:37.624680Z","region":"fr-par","zone":"fr-par-1"}],"organization_id":"105bdce1-64c0-48ab-899d-868455867ecf","project_id":"105bdce1-64c0-48ab-899d-868455867ecf","ip":[{"id":"f98d2552-a8dd-4f57-9b9b-b3a726f660bf","ip_address":"51.159.9.159","organization_id":"105bdce1-64c0-48ab-899d-868455867ecf","project_id":"105bdce1-64c0-48ab-899d-868455867ecf","lb_id":"0aeded57-065c-44ed-9973-3ceb79a6a30d","reverse":"51-159-9-159.lb.fr-par.scw.cloud","region":"fr-par","zone":"fr-par-1"}],"tags":[],"frontend_count":0,"backend_count":0,"type":"lb-s","subscriber":null,"ssl_compatibility_level":"ssl_compatibility_level_intermediate","created_at":"2021-12-22T12:57:36.459984Z","updated_at":"2021-12-22T12:57:38.036078Z","private_network_count":0,"route_count":0,"region":"fr-par","zone":"fr-par-1"}'
    headers:
      Content-Length:
      - "1278"
      Content-Security-Policy:
      - default-src 'none'; frame-ancestors 'none'
      Content-Type:
      - application/json
      Date:
      - Wed, 22 Dec 2021 12:58:09 GMT
      Server:
      - Scaleway API-Gateway
      Strict-Transport-Security:
      - max-age=63072000
      X-Content-Type-Options:
      - nosniff
      X-Frame-Options:
      - DENY
      X-Request-Id:
      - 8f78c700-87c7-48f3-83f5-79bff3fb1642
    status: 200 OK
    code: 200
    duration: ""
- request:
    body: ""
    form: {}
    headers:
      User-Agent:
      - scaleway-sdk-go/v1.0.0-beta.7+dev (go1.17.3; darwin; amd64) terraform-provider/develop
        terraform/terraform-tests
    url: https://api.scaleway.com/lb/v1/zones/fr-par-1/lbs/0aeded57-065c-44ed-9973-3ceb79a6a30d?release_ip=false
    method: DELETE
  response:
    body: ""
    headers:
      Content-Security-Policy:
      - default-src 'none'; frame-ancestors 'none'
      Content-Type:
      - application/json
      Date:
      - Wed, 22 Dec 2021 12:58:09 GMT
      Server:
      - Scaleway API-Gateway
      Strict-Transport-Security:
      - max-age=63072000
      X-Content-Type-Options:
      - nosniff
      X-Frame-Options:
      - DENY
      X-Request-Id:
      - 222e7fd9-eb17-4155-9ac7-abfcb700fffe
    status: 204 No Content
    code: 204
    duration: ""
- request:
    body: ""
    form: {}
    headers:
      User-Agent:
      - scaleway-sdk-go/v1.0.0-beta.7+dev (go1.17.3; darwin; amd64) terraform-provider/develop
        terraform/terraform-tests
    url: https://api.scaleway.com/lb/v1/zones/fr-par-1/lbs/0aeded57-065c-44ed-9973-3ceb79a6a30d
    method: GET
  response:
    body: '{"id":"0aeded57-065c-44ed-9973-3ceb79a6a30d","name":"data-test-lb","description":"","status":"pending","instances":[{"id":"f5aaf505-b07e-4afa-83ed-39c4db40b00f","status":"ready","ip_address":"10.68.220.127","created_at":"2021-12-22T12:55:46.497216Z","updated_at":"2021-12-22T12:57:37.408386Z","region":"fr-par","zone":"fr-par-1"},{"id":"e8a4554a-1ad3-49e1-8f9d-664e05732b5a","status":"ready","ip_address":"10.64.226.133","created_at":"2021-12-22T08:05:56.496895Z","updated_at":"2021-12-22T12:57:37.624680Z","region":"fr-par","zone":"fr-par-1"}],"organization_id":"105bdce1-64c0-48ab-899d-868455867ecf","project_id":"105bdce1-64c0-48ab-899d-868455867ecf","ip":[{"id":"f98d2552-a8dd-4f57-9b9b-b3a726f660bf","ip_address":"51.159.9.159","organization_id":"105bdce1-64c0-48ab-899d-868455867ecf","project_id":"105bdce1-64c0-48ab-899d-868455867ecf","lb_id":"0aeded57-065c-44ed-9973-3ceb79a6a30d","reverse":"51-159-9-159.lb.fr-par.scw.cloud","region":"fr-par","zone":"fr-par-1"}],"tags":[],"frontend_count":0,"backend_count":0,"type":"lb-s","subscriber":null,"ssl_compatibility_level":"ssl_compatibility_level_intermediate","created_at":"2021-12-22T12:57:36.459984Z","updated_at":"2021-12-22T12:58:09.408211Z","private_network_count":0,"route_count":0,"region":"fr-par","zone":"fr-par-1"}'
    headers:
      Content-Length:
      - "1280"
      Content-Security-Policy:
      - default-src 'none'; frame-ancestors 'none'
      Content-Type:
      - application/json
      Date:
      - Wed, 22 Dec 2021 12:58:09 GMT
      Server:
      - Scaleway API-Gateway
      Strict-Transport-Security:
      - max-age=63072000
      X-Content-Type-Options:
      - nosniff
      X-Frame-Options:
      - DENY
      X-Request-Id:
      - 15b92d9b-473f-4694-acba-a08f8bcb2cc2
    status: 200 OK
    code: 200
    duration: ""
- request:
    body: ""
    form: {}
    headers:
      User-Agent:
      - scaleway-sdk-go/v1.0.0-beta.7+dev (go1.17.3; darwin; amd64) terraform-provider/develop
        terraform/terraform-tests
    url: https://api.scaleway.com/lb/v1/zones/fr-par-1/lbs/0aeded57-065c-44ed-9973-3ceb79a6a30d
    method: GET
  response:
    body: '{"message":"lbs not Found"}'
    headers:
      Content-Length:
      - "27"
      Content-Security-Policy:
      - default-src 'none'; frame-ancestors 'none'
      Content-Type:
      - application/json
      Date:
      - Wed, 22 Dec 2021 12:58:39 GMT
      Server:
      - Scaleway API-Gateway
      Strict-Transport-Security:
      - max-age=63072000
      X-Content-Type-Options:
      - nosniff
      X-Frame-Options:
      - DENY
      X-Request-Id:
      - 1540a606-7f3a-4653-ab93-40383939697b
    status: 404 Not Found
    code: 404
    duration: ""
- request:
    body: ""
    form: {}
    headers:
      User-Agent:
      - scaleway-sdk-go/v1.0.0-beta.7+dev (go1.17.3; darwin; amd64) terraform-provider/develop
        terraform/terraform-tests
    url: https://api.scaleway.com/lb/v1/zones/fr-par-1/ips/f98d2552-a8dd-4f57-9b9b-b3a726f660bf
    method: GET
  response:
    body: '{"id":"f98d2552-a8dd-4f57-9b9b-b3a726f660bf","ip_address":"51.159.9.159","organization_id":"105bdce1-64c0-48ab-899d-868455867ecf","project_id":"105bdce1-64c0-48ab-899d-868455867ecf","lb_id":null,"reverse":"51-159-9-159.lb.fr-par.scw.cloud","region":"fr-par","zone":"fr-par-1"}'
    headers:
      Content-Length:
      - "276"
      Content-Security-Policy:
      - default-src 'none'; frame-ancestors 'none'
      Content-Type:
      - application/json
      Date:
      - Wed, 22 Dec 2021 12:58:40 GMT
      Server:
      - Scaleway API-Gateway
      Strict-Transport-Security:
      - max-age=63072000
      X-Content-Type-Options:
      - nosniff
      X-Frame-Options:
      - DENY
      X-Request-Id:
      - 11d9a0a3-354b-4ef3-a63f-9c1552402bc3
    status: 200 OK
    code: 200
    duration: ""
- request:
    body: ""
    form: {}
    headers:
      User-Agent:
      - scaleway-sdk-go/v1.0.0-beta.7+dev (go1.17.3; darwin; amd64) terraform-provider/develop
        terraform/terraform-tests
    url: https://api.scaleway.com/lb/v1/zones/fr-par-1/ips/f98d2552-a8dd-4f57-9b9b-b3a726f660bf
    method: DELETE
  response:
    body: ""
    headers:
      Content-Security-Policy:
      - default-src 'none'; frame-ancestors 'none'
      Content-Type:
      - application/json
      Date:
      - Wed, 22 Dec 2021 12:58:40 GMT
      Server:
      - Scaleway API-Gateway
      Strict-Transport-Security:
      - max-age=63072000
      X-Content-Type-Options:
      - nosniff
      X-Frame-Options:
      - DENY
      X-Request-Id:
      - ac88bdec-013c-43c4-9e2c-25573a08716f
    status: 204 No Content
    code: 204
    duration: ""
- request:
    body: ""
    form: {}
    headers:
      User-Agent:
      - scaleway-sdk-go/v1.0.0-beta.7+dev (go1.17.3; darwin; amd64) terraform-provider/develop
        terraform/terraform-tests
    url: https://api.scaleway.com/lb/v1/zones/fr-par-1/ips/f98d2552-a8dd-4f57-9b9b-b3a726f660bf
    method: GET
  response:
    body: '{"message":"ips not Found"}'
    headers:
      Content-Length:
      - "27"
      Content-Security-Policy:
      - default-src 'none'; frame-ancestors 'none'
      Content-Type:
      - application/json
      Date:
      - Wed, 22 Dec 2021 12:58:40 GMT
      Server:
      - Scaleway API-Gateway
      Strict-Transport-Security:
      - max-age=63072000
      X-Content-Type-Options:
      - nosniff
      X-Frame-Options:
      - DENY
      X-Request-Id:
      - d25ee574-d0d2-4e64-a375-ca60de870d4b
    status: 404 Not Found
    code: 404
    duration: ""
