---
version: 1
interactions:
- request:
    body: ""
    form: {}
    headers:
      User-Agent:
      - scaleway-sdk-go/v1.0.0-beta.7+dev (go1.19.1; linux; amd64) terraform-provider/develop
        terraform/terraform-tests
    url: https://api.scaleway.com/marketplace/v2/images?include_eol=false&order_by=name_asc&page=1
    method: GET
  response:
    body: '{"images":[{"categories":["distribution"],"created_at":"2021-10-05T13:36:52.246490Z","description":"AlmaLinux
      OS is an Open Source and forever-free enterprise Linux distribution, governed
      and driven by the community, focused on long-term stability and a robust production-grade
      platform","id":"0d3a22da-c634-45d6-a7dd-aff402f88b0c","label":"almalinux_8","logo":"https://scw-marketplace-logos.s3.fr-par.scw.cloud/almalinux.png","name":"AlmaLinux
      8","updated_at":"2022-11-21T09:56:12.505342Z","valid_until":null},{"categories":["distribution"],"created_at":"2022-08-24T09:21:26.315925Z","description":"AlmaLinux
      OS is an Open Source and forever-free enterprise Linux distribution, governed
      and driven by the community, focused on long-term stability and a robust production-grade
      platform","id":"486ead23-9656-41d1-aa74-a5a780b2ae1b","label":"almalinux_9","logo":"https://scw-marketplace-logos.s3.fr-par.scw.cloud/almalinux.png","name":"AlmaLinux
      9","updated_at":"2022-11-21T09:56:21.843707Z","valid_until":null},{"categories":["distribution"],"created_at":"2016-03-07T20:55:32.213089Z","description":"Arch
      Linux is an independently developed Linux distribution versatile enough to suit
      any role.","id":"8f60c5dd-e659-48da-97e3-fb7de42195f5","label":"arch_linux","logo":"https://scw-marketplace-logos.s3.fr-par.scw.cloud/archlinux.png","name":"Arch
      Linux","updated_at":"2022-01-26T12:54:47.557608Z","valid_until":null},{"categories":["distribution"],"created_at":"2019-12-25T00:00:00Z","description":"The
      CentOS Project is a community-driven free software effort focused on delivering
      a robust open source ecosystem.","id":"dc947de3-ddc7-4056-bc35-d51a316ebbb4","label":"centos_7.9","logo":"https://scw-marketplace-logos.s3.fr-par.scw.cloud/centos.png","name":"CentOS
      7.9","updated_at":"2022-11-21T09:57:07.222778Z","valid_until":null},{"categories":["distribution"],"created_at":"2022-02-03T10:23:22.168515Z","description":"The
      CentOS Project is a community-driven free software effort focused on delivering
      a robust open source ecosystem.","id":"f49dc23e-82d1-48c3-b80e-6c697b1dda92","label":"centos_stream_8","logo":"https://scw-marketplace-logos.s3.fr-par.scw.cloud/centos.png","name":"CentOS
      Stream 8","updated_at":"2022-11-21T09:57:17.844379Z","valid_until":null},{"categories":["distribution"],"created_at":"2022-02-03T10:35:17.004309Z","description":"The
      CentOS Project is a community-driven free software effort focused on delivering
      a robust open source ecosystem.","id":"cfb3fa01-6406-4be8-9e9d-29daee2582fa","label":"centos_stream_9","logo":"https://scw-marketplace-logos.s3.fr-par.scw.cloud/centos.png","name":"CentOS
      Stream 9","updated_at":"2022-11-21T09:57:27.226811Z","valid_until":null},{"categories":["distribution"],"created_at":"2019-07-16T13:55:36.377559Z","description":"Debian
      is a free operating system, developed by thousands of volunteers from all over
      the world who collaborate via the Internet.","id":"7bdc1afb-231f-486a-9b85-1b0478bc0e4a","label":"debian_buster","logo":"https://scw-marketplace-logos.s3.fr-par.scw.cloud/debian.png","name":"Debian
      10 (Buster)","updated_at":"2022-11-22T15:03:29.064893Z","valid_until":null},{"categories":["distribution"],"created_at":"2021-07-21T09:09:36.581723Z","description":"Debian
      is a free operating system, developed by thousands of volunteers from all over
      the world who collaborate via the Internet.","id":"213b02cb-3d8d-4967-ba8d-e5767a57574e","label":"debian_bullseye","logo":"https://scw-marketplace-logos.s3.fr-par.scw.cloud/debian.png","name":"Debian
      Bullseye","updated_at":"2023-01-03T16:14:56.937558Z","valid_until":null},{"categories":["instantapp"],"created_at":"2016-03-05T15:11:26.847640Z","description":"Docker
      is an open platform for developers and sysadmins to build, ship, and run distributed
      applications.","id":"c1b530d8-0ca0-45c4-80db-ba06608287b2","label":"docker","logo":"https://scw-marketplace-logos.s3.fr-par.scw.cloud/docker.png","name":"Docker","updated_at":"2022-11-21T09:58:41.216589Z","valid_until":null},{"categories":["distribution"],"created_at":"2021-11-15T16:12:25.586923Z","description":"Fedora
      is a powerful, flexible operating system that includes the best and latest datacenter
      technologies. It puts you in control of all your infrastructure and services","id":"198bbff7-c136-4b9c-9e28-8770df451fc1","label":"fedora_35","logo":"https://scw-marketplace-logos.s3.fr-par.scw.cloud/fedora.png","name":"Fedora
      35","updated_at":"2022-11-21T09:57:37.091043Z","valid_until":null},{"categories":["distribution"],"created_at":"2022-04-14T15:45:29.069701Z","description":"Fedora
      is a powerful, flexible operating system that includes the best and latest datacenter
      technologies. It puts you in control of all your infrastructure and services","id":"186859f6-0152-45dd-9eb8-21fc5e8d774e","label":"fedora_36","logo":"https://scw-marketplace-logos.s3.fr-par.scw.cloud/fedora.png","name":"Fedora
      36","updated_at":"2022-11-21T09:57:45.692658Z","valid_until":null},{"categories":["distribution"],"created_at":"2022-11-14T10:48:04.097063Z","description":"Fedora
      is a powerful, flexible operating system that includes the best and latest datacenter
      technologies. It puts you in control of all your infrastructure and services","id":"2b0e5802-eb82-4fd5-ac8f-6877c46aa14b","label":"fedora_37","logo":"https://scw-marketplace-logos.s3.fr-par.scw.cloud/fedora.png","name":"Fedora
      37","updated_at":"2022-11-21T10:14:57.440013Z","valid_until":null},{"categories":["instantapp"],"created_at":"2016-03-07T21:06:22.770864Z","description":"GitLab
      is a web-based Git repository manager with wiki and issue tracking features.","id":"233074b9-e2ba-4e78-818e-dd4930ce6bee","label":"gitlab","logo":"https://scw-marketplace-logos.s3.fr-par.scw.cloud/gitlab.png","name":"GitLab","updated_at":"2022-11-21T09:59:01.854428Z","valid_until":null},{"categories":["instantapp"],"created_at":"2019-04-16T12:22:56.930842Z","description":"Nextcloud
      is an open source, self-hosted file share and communication platform.","id":"7d4a7cb1-1fd5-4a64-920b-c79f47367254","label":"nextcloud","logo":"https://scw-marketplace-logos.s3.fr-par.scw.cloud/nextcloud.png","name":"NextCloud","updated_at":"2022-11-21T09:58:50.824677Z","valid_until":null},{"categories":["instantapp"],"created_at":"2016-03-07T21:04:57.667667Z","description":"Surf
      the web in a secure and anonymous way with OpenVPN InstantApp.","id":"b6f4edc8-21e6-4aa2-8f52-1030cf6d4dd8","label":"openvpn","logo":"https://scw-marketplace-logos.s3.fr-par.scw.cloud/openvpn.png","name":"OpenVPN","updated_at":"2022-11-21T09:58:29.002209Z","valid_until":null},{"categories":["distribution"],"created_at":"2021-06-25T10:16:16.254240Z","description":"Rocky
      Linux is a community-driven effort to bring you enterprise-grade, production-ready
      Linux.","id":"1576bf6b-f640-47f2-9117-968419d0546e","label":"rockylinux_8","logo":"https://scw-marketplace-logos.s3.fr-par.scw.cloud/rockylinux.png","name":"Rocky
      Linux 8","updated_at":"2022-12-06T10:11:34.316020Z","valid_until":null},{"categories":["distribution"],"created_at":"2022-08-24T09:26:33.639016Z","description":"Rocky
      Linux is a community-driven effort to bring you enterprise-grade, production-ready
      Linux.","id":"589c35a9-20ce-4ed9-92d7-16dc061be52b","label":"rockylinux_9","logo":"https://scw-marketplace-logos.s3.fr-par.scw.cloud/rockylinux.png","name":"Rocky
      Linux 9","updated_at":"2022-12-06T10:11:21.937145Z","valid_until":null},{"categories":["distribution"],"created_at":"2018-04-27T14:07:25.221998Z","description":"Ubuntu
      is the ideal distribution for scale-out computing, Ubuntu Server helps you make
      the most of your infrastructure.","id":"b381b2bf-804a-4b12-91f6-9f4ff273462f","label":"ubuntu_bionic","logo":"https://scw-marketplace-logos.s3.fr-par.scw.cloud/ubuntu.png","name":"Ubuntu
      18.04 LTS (Bionic Beaver)","updated_at":"2022-11-21T09:55:29.947561Z","valid_until":null},{"categories":["distribution"],"created_at":"2020-02-17T15:50:48.980694Z","description":"Ubuntu
      is the ideal distribution for scale-out computing, Ubuntu Server helps you make
      the most of your infrastructure.","id":"3f1b9623-71ba-4fe3-b994-27fcdaa850ba","label":"ubuntu_focal","logo":"https://scw-marketplace-logos.s3.fr-par.scw.cloud/ubuntu.png","name":"Ubuntu
      20.04 TLS (Focal Fossa)","updated_at":"2022-11-21T09:55:20.580470Z","valid_until":null},{"categories":["distribution"],"created_at":"2022-04-07T13:35:54.966630Z","description":"Ubuntu
      is the ideal distribution for scale-out computing, Ubuntu Server helps you make
      the most of your infrastructure.","id":"1123148c-7660-4cb2-9fd3-7b5b4896f72f","label":"ubuntu_jammy","logo":"https://scw-marketplace-logos.s3.fr-par.scw.cloud/ubuntu.png","name":"Ubuntu
      22.04 TLS (Jammy Jellyfish)","updated_at":"2022-11-21T09:52:44.381782Z","valid_until":null},{"categories":["Machine
      Learning"],"created_at":"2021-11-30T12:37:45.971134Z","description":"Ubuntu
      20.04 Focal Fossa for Nvidia GPU and Machine Learning","id":"4dcc771c-820f-405c-b663-4564bdc2ed56","label":"ubuntu_focal_gpu_os_11","logo":"https://scw-marketplace-logos.s3.fr-par.scw.cloud/ubuntu.png","name":"Ubuntu
      Focal GPU OS 11","updated_at":"2022-09-19T14:10:37.648361Z","valid_until":null},{"categories":["instantapp"],"created_at":"2016-03-07T21:03:59.783534Z","description":"WordPress
      is the most popular web software you can use to create a beautiful website or
      blog.","id":"215a50f9-0ba8-4e9c-a4e7-10caf50e3586","label":"wordpress","logo":"https://scw-marketplace-logos.s3.fr-par.scw.cloud/wordpress.png","name":"WordPress","updated_at":"2022-11-21T09:58:15.549240Z","valid_until":null}],"total_count":22}'
    headers:
      Content-Security-Policy:
      - default-src 'none'; frame-ancestors 'none'
      Content-Type:
      - application/json
      Date:
      - Wed, 18 Jan 2023 14:48:40 GMT
      Server:
      - Scaleway API-Gateway
      Strict-Transport-Security:
      - max-age=63072000
      X-Content-Type-Options:
      - nosniff
      X-Frame-Options:
      - DENY
      X-Request-Id:
      - 84375dc2-e063-4fbc-ae85-66ffe47ae001
    status: 200 OK
    code: 200
    duration: ""
- request:
    body: ""
    form: {}
    headers:
      User-Agent:
      - scaleway-sdk-go/v1.0.0-beta.7+dev (go1.19.1; linux; amd64) terraform-provider/develop
        terraform/terraform-tests
    url: https://api.scaleway.com/marketplace/v2/local-images?image_id=3f1b9623-71ba-4fe3-b994-27fcdaa850ba&order_by=created_at_asc&page=1
    method: GET
  response:
    body: '{"local_images":[{"arch":"x86_64","compatible_commercial_types":["DEV1-L","DEV1-M","DEV1-S","DEV1-XL","ENT1-2XL","ENT1-L","ENT1-M","ENT1-S","ENT1-XL","ENT1-XS","ENT1-XXS","GP1-L","GP1-M","GP1-S","GP1-VIZ","GP1-XL","GP1-XS","PLAY2-MICRO","PLAY2-NANO","PLAY2-PICO","PRO2-L","PRO2-M","PRO2-S","PRO2-XS","PRO2-XXS","RENDER-S","STARDUST1-S","START1-L","START1-M","START1-S","START1-XS","VC1L","VC1M","VC1S","X64-120GB","X64-15GB","X64-30GB","X64-60GB"],"id":"9718dbf0-b714-48c7-b489-569471fe0ed4","zone":"nl-ams-2"},{"arch":"x86_64","compatible_commercial_types":["DEV1-L","DEV1-M","DEV1-S","DEV1-XL","ENT1-2XL","ENT1-L","ENT1-M","ENT1-S","ENT1-XL","ENT1-XS","ENT1-XXS","GP1-L","GP1-M","GP1-S","GP1-VIZ","GP1-XL","GP1-XS","PLAY2-MICRO","PLAY2-NANO","PLAY2-PICO","PRO2-L","PRO2-M","PRO2-S","PRO2-XS","PRO2-XXS","RENDER-S","STARDUST1-S","START1-L","START1-M","START1-S","START1-XS","VC1L","VC1M","VC1S","X64-120GB","X64-15GB","X64-30GB","X64-60GB"],"id":"498d8681-885d-47b8-b2d0-7f57a117787f","zone":"nl-ams-1"},{"arch":"x86_64","compatible_commercial_types":["DEV1-L","DEV1-M","DEV1-S","DEV1-XL","ENT1-2XL","ENT1-L","ENT1-M","ENT1-S","ENT1-XL","ENT1-XS","ENT1-XXS","GP1-L","GP1-M","GP1-S","GP1-VIZ","GP1-XL","GP1-XS","PLAY2-MICRO","PLAY2-NANO","PLAY2-PICO","PRO2-L","PRO2-M","PRO2-S","PRO2-XS","PRO2-XXS","RENDER-S","STARDUST1-S","START1-L","START1-M","START1-S","START1-XS","VC1L","VC1M","VC1S","X64-120GB","X64-15GB","X64-30GB","X64-60GB"],"id":"d318f34b-1044-482a-afe3-1be349690a13","zone":"fr-par-1"},{"arch":"x86_64","compatible_commercial_types":["DEV1-L","DEV1-M","DEV1-S","DEV1-XL","ENT1-2XL","ENT1-L","ENT1-M","ENT1-S","ENT1-XL","ENT1-XS","ENT1-XXS","GP1-L","GP1-M","GP1-S","GP1-VIZ","GP1-XL","GP1-XS","PLAY2-MICRO","PLAY2-NANO","PLAY2-PICO","PRO2-L","PRO2-M","PRO2-S","PRO2-XS","PRO2-XXS","RENDER-S","STARDUST1-S","START1-L","START1-M","START1-S","START1-XS","VC1L","VC1M","VC1S","X64-120GB","X64-15GB","X64-30GB","X64-60GB"],"id":"aa69a458-46ae-4ea4-b34a-a2d083f52258","zone":"pl-waw-1"},{"arch":"x86_64","compatible_commercial_types":["DEV1-L","DEV1-M","DEV1-S","DEV1-XL","ENT1-2XL","ENT1-L","ENT1-M","ENT1-S","ENT1-XL","ENT1-XS","ENT1-XXS","GP1-L","GP1-M","GP1-S","GP1-VIZ","GP1-XL","GP1-XS","PLAY2-MICRO","PLAY2-NANO","PLAY2-PICO","PRO2-L","PRO2-M","PRO2-S","PRO2-XS","PRO2-XXS","RENDER-S","STARDUST1-S","START1-L","START1-M","START1-S","START1-XS","VC1L","VC1M","VC1S","X64-120GB","X64-15GB","X64-30GB","X64-60GB"],"id":"93b28169-0ac5-422e-99f5-2d03af0ede21","zone":"pl-waw-2"},{"arch":"x86_64","compatible_commercial_types":["DEV1-L","DEV1-M","DEV1-S","DEV1-XL","ENT1-2XL","ENT1-L","ENT1-M","ENT1-S","ENT1-XL","ENT1-XS","ENT1-XXS","GP1-L","GP1-M","GP1-S","GP1-VIZ","GP1-XL","GP1-XS","PLAY2-MICRO","PLAY2-NANO","PLAY2-PICO","PRO2-L","PRO2-M","PRO2-S","PRO2-XS","PRO2-XXS","RENDER-S","STARDUST1-S","START1-L","START1-M","START1-S","START1-XS","VC1L","VC1M","VC1S","X64-120GB","X64-15GB","X64-30GB","X64-60GB"],"id":"73f3e83e-656c-4645-b87a-2093bcd9f560","zone":"fr-par-3"},{"arch":"x86_64","compatible_commercial_types":["DEV1-L","DEV1-M","DEV1-S","DEV1-XL","ENT1-2XL","ENT1-L","ENT1-M","ENT1-S","ENT1-XL","ENT1-XS","ENT1-XXS","GP1-L","GP1-M","GP1-S","GP1-VIZ","GP1-XL","GP1-XS","PLAY2-MICRO","PLAY2-NANO","PLAY2-PICO","PRO2-L","PRO2-M","PRO2-S","PRO2-XS","PRO2-XXS","RENDER-S","STARDUST1-S","START1-L","START1-M","START1-S","START1-XS","VC1L","VC1M","VC1S","X64-120GB","X64-15GB","X64-30GB","X64-60GB"],"id":"ace23dcf-3de5-4d57-aa2b-0d5457c34abc","zone":"fr-par-2"}],"total_count":7}'
    headers:
      Content-Length:
      - "3492"
      Content-Security-Policy:
      - default-src 'none'; frame-ancestors 'none'
      Content-Type:
      - application/json
      Date:
      - Wed, 18 Jan 2023 14:48:40 GMT
      Server:
      - Scaleway API-Gateway
      Strict-Transport-Security:
      - max-age=63072000
      X-Content-Type-Options:
      - nosniff
      X-Frame-Options:
      - DENY
      X-Request-Id:
      - 64055c98-d5e0-453f-bd83-9277b46a9a05
    status: 200 OK
    code: 200
    duration: ""
- request:
    body: ""
    form: {}
    headers:
      User-Agent:
      - scaleway-sdk-go/v1.0.0-beta.7+dev (go1.19.1; linux; amd64) terraform-provider/develop
        terraform/terraform-tests
    url: https://api.scaleway.com/marketplace/v2/images?include_eol=false&order_by=name_asc&page=1
    method: GET
  response:
    body: '{"images":[{"categories":["distribution"],"created_at":"2021-10-05T13:36:52.246490Z","description":"AlmaLinux
      OS is an Open Source and forever-free enterprise Linux distribution, governed
      and driven by the community, focused on long-term stability and a robust production-grade
      platform","id":"0d3a22da-c634-45d6-a7dd-aff402f88b0c","label":"almalinux_8","logo":"https://scw-marketplace-logos.s3.fr-par.scw.cloud/almalinux.png","name":"AlmaLinux
      8","updated_at":"2022-11-21T09:56:12.505342Z","valid_until":null},{"categories":["distribution"],"created_at":"2022-08-24T09:21:26.315925Z","description":"AlmaLinux
      OS is an Open Source and forever-free enterprise Linux distribution, governed
      and driven by the community, focused on long-term stability and a robust production-grade
      platform","id":"486ead23-9656-41d1-aa74-a5a780b2ae1b","label":"almalinux_9","logo":"https://scw-marketplace-logos.s3.fr-par.scw.cloud/almalinux.png","name":"AlmaLinux
      9","updated_at":"2022-11-21T09:56:21.843707Z","valid_until":null},{"categories":["distribution"],"created_at":"2016-03-07T20:55:32.213089Z","description":"Arch
      Linux is an independently developed Linux distribution versatile enough to suit
      any role.","id":"8f60c5dd-e659-48da-97e3-fb7de42195f5","label":"arch_linux","logo":"https://scw-marketplace-logos.s3.fr-par.scw.cloud/archlinux.png","name":"Arch
      Linux","updated_at":"2022-01-26T12:54:47.557608Z","valid_until":null},{"categories":["distribution"],"created_at":"2019-12-25T00:00:00Z","description":"The
      CentOS Project is a community-driven free software effort focused on delivering
      a robust open source ecosystem.","id":"dc947de3-ddc7-4056-bc35-d51a316ebbb4","label":"centos_7.9","logo":"https://scw-marketplace-logos.s3.fr-par.scw.cloud/centos.png","name":"CentOS
      7.9","updated_at":"2022-11-21T09:57:07.222778Z","valid_until":null},{"categories":["distribution"],"created_at":"2022-02-03T10:23:22.168515Z","description":"The
      CentOS Project is a community-driven free software effort focused on delivering
      a robust open source ecosystem.","id":"f49dc23e-82d1-48c3-b80e-6c697b1dda92","label":"centos_stream_8","logo":"https://scw-marketplace-logos.s3.fr-par.scw.cloud/centos.png","name":"CentOS
      Stream 8","updated_at":"2022-11-21T09:57:17.844379Z","valid_until":null},{"categories":["distribution"],"created_at":"2022-02-03T10:35:17.004309Z","description":"The
      CentOS Project is a community-driven free software effort focused on delivering
      a robust open source ecosystem.","id":"cfb3fa01-6406-4be8-9e9d-29daee2582fa","label":"centos_stream_9","logo":"https://scw-marketplace-logos.s3.fr-par.scw.cloud/centos.png","name":"CentOS
      Stream 9","updated_at":"2022-11-21T09:57:27.226811Z","valid_until":null},{"categories":["distribution"],"created_at":"2019-07-16T13:55:36.377559Z","description":"Debian
      is a free operating system, developed by thousands of volunteers from all over
      the world who collaborate via the Internet.","id":"7bdc1afb-231f-486a-9b85-1b0478bc0e4a","label":"debian_buster","logo":"https://scw-marketplace-logos.s3.fr-par.scw.cloud/debian.png","name":"Debian
      10 (Buster)","updated_at":"2022-11-22T15:03:29.064893Z","valid_until":null},{"categories":["distribution"],"created_at":"2021-07-21T09:09:36.581723Z","description":"Debian
      is a free operating system, developed by thousands of volunteers from all over
      the world who collaborate via the Internet.","id":"213b02cb-3d8d-4967-ba8d-e5767a57574e","label":"debian_bullseye","logo":"https://scw-marketplace-logos.s3.fr-par.scw.cloud/debian.png","name":"Debian
      Bullseye","updated_at":"2023-01-03T16:14:56.937558Z","valid_until":null},{"categories":["instantapp"],"created_at":"2016-03-05T15:11:26.847640Z","description":"Docker
      is an open platform for developers and sysadmins to build, ship, and run distributed
      applications.","id":"c1b530d8-0ca0-45c4-80db-ba06608287b2","label":"docker","logo":"https://scw-marketplace-logos.s3.fr-par.scw.cloud/docker.png","name":"Docker","updated_at":"2022-11-21T09:58:41.216589Z","valid_until":null},{"categories":["distribution"],"created_at":"2021-11-15T16:12:25.586923Z","description":"Fedora
      is a powerful, flexible operating system that includes the best and latest datacenter
      technologies. It puts you in control of all your infrastructure and services","id":"198bbff7-c136-4b9c-9e28-8770df451fc1","label":"fedora_35","logo":"https://scw-marketplace-logos.s3.fr-par.scw.cloud/fedora.png","name":"Fedora
      35","updated_at":"2022-11-21T09:57:37.091043Z","valid_until":null},{"categories":["distribution"],"created_at":"2022-04-14T15:45:29.069701Z","description":"Fedora
      is a powerful, flexible operating system that includes the best and latest datacenter
      technologies. It puts you in control of all your infrastructure and services","id":"186859f6-0152-45dd-9eb8-21fc5e8d774e","label":"fedora_36","logo":"https://scw-marketplace-logos.s3.fr-par.scw.cloud/fedora.png","name":"Fedora
      36","updated_at":"2022-11-21T09:57:45.692658Z","valid_until":null},{"categories":["distribution"],"created_at":"2022-11-14T10:48:04.097063Z","description":"Fedora
      is a powerful, flexible operating system that includes the best and latest datacenter
      technologies. It puts you in control of all your infrastructure and services","id":"2b0e5802-eb82-4fd5-ac8f-6877c46aa14b","label":"fedora_37","logo":"https://scw-marketplace-logos.s3.fr-par.scw.cloud/fedora.png","name":"Fedora
      37","updated_at":"2022-11-21T10:14:57.440013Z","valid_until":null},{"categories":["instantapp"],"created_at":"2016-03-07T21:06:22.770864Z","description":"GitLab
      is a web-based Git repository manager with wiki and issue tracking features.","id":"233074b9-e2ba-4e78-818e-dd4930ce6bee","label":"gitlab","logo":"https://scw-marketplace-logos.s3.fr-par.scw.cloud/gitlab.png","name":"GitLab","updated_at":"2022-11-21T09:59:01.854428Z","valid_until":null},{"categories":["instantapp"],"created_at":"2019-04-16T12:22:56.930842Z","description":"Nextcloud
      is an open source, self-hosted file share and communication platform.","id":"7d4a7cb1-1fd5-4a64-920b-c79f47367254","label":"nextcloud","logo":"https://scw-marketplace-logos.s3.fr-par.scw.cloud/nextcloud.png","name":"NextCloud","updated_at":"2022-11-21T09:58:50.824677Z","valid_until":null},{"categories":["instantapp"],"created_at":"2016-03-07T21:04:57.667667Z","description":"Surf
      the web in a secure and anonymous way with OpenVPN InstantApp.","id":"b6f4edc8-21e6-4aa2-8f52-1030cf6d4dd8","label":"openvpn","logo":"https://scw-marketplace-logos.s3.fr-par.scw.cloud/openvpn.png","name":"OpenVPN","updated_at":"2022-11-21T09:58:29.002209Z","valid_until":null},{"categories":["distribution"],"created_at":"2021-06-25T10:16:16.254240Z","description":"Rocky
      Linux is a community-driven effort to bring you enterprise-grade, production-ready
      Linux.","id":"1576bf6b-f640-47f2-9117-968419d0546e","label":"rockylinux_8","logo":"https://scw-marketplace-logos.s3.fr-par.scw.cloud/rockylinux.png","name":"Rocky
      Linux 8","updated_at":"2022-12-06T10:11:34.316020Z","valid_until":null},{"categories":["distribution"],"created_at":"2022-08-24T09:26:33.639016Z","description":"Rocky
      Linux is a community-driven effort to bring you enterprise-grade, production-ready
      Linux.","id":"589c35a9-20ce-4ed9-92d7-16dc061be52b","label":"rockylinux_9","logo":"https://scw-marketplace-logos.s3.fr-par.scw.cloud/rockylinux.png","name":"Rocky
      Linux 9","updated_at":"2022-12-06T10:11:21.937145Z","valid_until":null},{"categories":["distribution"],"created_at":"2018-04-27T14:07:25.221998Z","description":"Ubuntu
      is the ideal distribution for scale-out computing, Ubuntu Server helps you make
      the most of your infrastructure.","id":"b381b2bf-804a-4b12-91f6-9f4ff273462f","label":"ubuntu_bionic","logo":"https://scw-marketplace-logos.s3.fr-par.scw.cloud/ubuntu.png","name":"Ubuntu
      18.04 LTS (Bionic Beaver)","updated_at":"2022-11-21T09:55:29.947561Z","valid_until":null},{"categories":["distribution"],"created_at":"2020-02-17T15:50:48.980694Z","description":"Ubuntu
      is the ideal distribution for scale-out computing, Ubuntu Server helps you make
      the most of your infrastructure.","id":"3f1b9623-71ba-4fe3-b994-27fcdaa850ba","label":"ubuntu_focal","logo":"https://scw-marketplace-logos.s3.fr-par.scw.cloud/ubuntu.png","name":"Ubuntu
      20.04 TLS (Focal Fossa)","updated_at":"2022-11-21T09:55:20.580470Z","valid_until":null},{"categories":["distribution"],"created_at":"2022-04-07T13:35:54.966630Z","description":"Ubuntu
      is the ideal distribution for scale-out computing, Ubuntu Server helps you make
      the most of your infrastructure.","id":"1123148c-7660-4cb2-9fd3-7b5b4896f72f","label":"ubuntu_jammy","logo":"https://scw-marketplace-logos.s3.fr-par.scw.cloud/ubuntu.png","name":"Ubuntu
      22.04 TLS (Jammy Jellyfish)","updated_at":"2022-11-21T09:52:44.381782Z","valid_until":null},{"categories":["Machine
      Learning"],"created_at":"2021-11-30T12:37:45.971134Z","description":"Ubuntu
      20.04 Focal Fossa for Nvidia GPU and Machine Learning","id":"4dcc771c-820f-405c-b663-4564bdc2ed56","label":"ubuntu_focal_gpu_os_11","logo":"https://scw-marketplace-logos.s3.fr-par.scw.cloud/ubuntu.png","name":"Ubuntu
      Focal GPU OS 11","updated_at":"2022-09-19T14:10:37.648361Z","valid_until":null},{"categories":["instantapp"],"created_at":"2016-03-07T21:03:59.783534Z","description":"WordPress
      is the most popular web software you can use to create a beautiful website or
      blog.","id":"215a50f9-0ba8-4e9c-a4e7-10caf50e3586","label":"wordpress","logo":"https://scw-marketplace-logos.s3.fr-par.scw.cloud/wordpress.png","name":"WordPress","updated_at":"2022-11-21T09:58:15.549240Z","valid_until":null}],"total_count":22}'
    headers:
      Content-Security-Policy:
      - default-src 'none'; frame-ancestors 'none'
      Content-Type:
      - application/json
      Date:
      - Wed, 18 Jan 2023 14:48:41 GMT
      Server:
      - Scaleway API-Gateway
      Strict-Transport-Security:
      - max-age=63072000
      X-Content-Type-Options:
      - nosniff
      X-Frame-Options:
      - DENY
      X-Request-Id:
      - 5da6b645-a4e5-4cf3-bdce-87572b38e6e5
    status: 200 OK
    code: 200
    duration: ""
- request:
    body: ""
    form: {}
    headers:
      User-Agent:
      - scaleway-sdk-go/v1.0.0-beta.7+dev (go1.19.1; linux; amd64) terraform-provider/develop
        terraform/terraform-tests
    url: https://api.scaleway.com/marketplace/v2/local-images?image_id=3f1b9623-71ba-4fe3-b994-27fcdaa850ba&order_by=created_at_asc&page=1
    method: GET
  response:
    body: '{"local_images":[{"arch":"x86_64","compatible_commercial_types":["DEV1-L","DEV1-M","DEV1-S","DEV1-XL","ENT1-2XL","ENT1-L","ENT1-M","ENT1-S","ENT1-XL","ENT1-XS","ENT1-XXS","GP1-L","GP1-M","GP1-S","GP1-VIZ","GP1-XL","GP1-XS","PLAY2-MICRO","PLAY2-NANO","PLAY2-PICO","PRO2-L","PRO2-M","PRO2-S","PRO2-XS","PRO2-XXS","RENDER-S","STARDUST1-S","START1-L","START1-M","START1-S","START1-XS","VC1L","VC1M","VC1S","X64-120GB","X64-15GB","X64-30GB","X64-60GB"],"id":"9718dbf0-b714-48c7-b489-569471fe0ed4","zone":"nl-ams-2"},{"arch":"x86_64","compatible_commercial_types":["DEV1-L","DEV1-M","DEV1-S","DEV1-XL","ENT1-2XL","ENT1-L","ENT1-M","ENT1-S","ENT1-XL","ENT1-XS","ENT1-XXS","GP1-L","GP1-M","GP1-S","GP1-VIZ","GP1-XL","GP1-XS","PLAY2-MICRO","PLAY2-NANO","PLAY2-PICO","PRO2-L","PRO2-M","PRO2-S","PRO2-XS","PRO2-XXS","RENDER-S","STARDUST1-S","START1-L","START1-M","START1-S","START1-XS","VC1L","VC1M","VC1S","X64-120GB","X64-15GB","X64-30GB","X64-60GB"],"id":"498d8681-885d-47b8-b2d0-7f57a117787f","zone":"nl-ams-1"},{"arch":"x86_64","compatible_commercial_types":["DEV1-L","DEV1-M","DEV1-S","DEV1-XL","ENT1-2XL","ENT1-L","ENT1-M","ENT1-S","ENT1-XL","ENT1-XS","ENT1-XXS","GP1-L","GP1-M","GP1-S","GP1-VIZ","GP1-XL","GP1-XS","PLAY2-MICRO","PLAY2-NANO","PLAY2-PICO","PRO2-L","PRO2-M","PRO2-S","PRO2-XS","PRO2-XXS","RENDER-S","STARDUST1-S","START1-L","START1-M","START1-S","START1-XS","VC1L","VC1M","VC1S","X64-120GB","X64-15GB","X64-30GB","X64-60GB"],"id":"d318f34b-1044-482a-afe3-1be349690a13","zone":"fr-par-1"},{"arch":"x86_64","compatible_commercial_types":["DEV1-L","DEV1-M","DEV1-S","DEV1-XL","ENT1-2XL","ENT1-L","ENT1-M","ENT1-S","ENT1-XL","ENT1-XS","ENT1-XXS","GP1-L","GP1-M","GP1-S","GP1-VIZ","GP1-XL","GP1-XS","PLAY2-MICRO","PLAY2-NANO","PLAY2-PICO","PRO2-L","PRO2-M","PRO2-S","PRO2-XS","PRO2-XXS","RENDER-S","STARDUST1-S","START1-L","START1-M","START1-S","START1-XS","VC1L","VC1M","VC1S","X64-120GB","X64-15GB","X64-30GB","X64-60GB"],"id":"aa69a458-46ae-4ea4-b34a-a2d083f52258","zone":"pl-waw-1"},{"arch":"x86_64","compatible_commercial_types":["DEV1-L","DEV1-M","DEV1-S","DEV1-XL","ENT1-2XL","ENT1-L","ENT1-M","ENT1-S","ENT1-XL","ENT1-XS","ENT1-XXS","GP1-L","GP1-M","GP1-S","GP1-VIZ","GP1-XL","GP1-XS","PLAY2-MICRO","PLAY2-NANO","PLAY2-PICO","PRO2-L","PRO2-M","PRO2-S","PRO2-XS","PRO2-XXS","RENDER-S","STARDUST1-S","START1-L","START1-M","START1-S","START1-XS","VC1L","VC1M","VC1S","X64-120GB","X64-15GB","X64-30GB","X64-60GB"],"id":"93b28169-0ac5-422e-99f5-2d03af0ede21","zone":"pl-waw-2"},{"arch":"x86_64","compatible_commercial_types":["DEV1-L","DEV1-M","DEV1-S","DEV1-XL","ENT1-2XL","ENT1-L","ENT1-M","ENT1-S","ENT1-XL","ENT1-XS","ENT1-XXS","GP1-L","GP1-M","GP1-S","GP1-VIZ","GP1-XL","GP1-XS","PLAY2-MICRO","PLAY2-NANO","PLAY2-PICO","PRO2-L","PRO2-M","PRO2-S","PRO2-XS","PRO2-XXS","RENDER-S","STARDUST1-S","START1-L","START1-M","START1-S","START1-XS","VC1L","VC1M","VC1S","X64-120GB","X64-15GB","X64-30GB","X64-60GB"],"id":"73f3e83e-656c-4645-b87a-2093bcd9f560","zone":"fr-par-3"},{"arch":"x86_64","compatible_commercial_types":["DEV1-L","DEV1-M","DEV1-S","DEV1-XL","ENT1-2XL","ENT1-L","ENT1-M","ENT1-S","ENT1-XL","ENT1-XS","ENT1-XXS","GP1-L","GP1-M","GP1-S","GP1-VIZ","GP1-XL","GP1-XS","PLAY2-MICRO","PLAY2-NANO","PLAY2-PICO","PRO2-L","PRO2-M","PRO2-S","PRO2-XS","PRO2-XXS","RENDER-S","STARDUST1-S","START1-L","START1-M","START1-S","START1-XS","VC1L","VC1M","VC1S","X64-120GB","X64-15GB","X64-30GB","X64-60GB"],"id":"ace23dcf-3de5-4d57-aa2b-0d5457c34abc","zone":"fr-par-2"}],"total_count":7}'
    headers:
      Content-Length:
      - "3492"
      Content-Security-Policy:
      - default-src 'none'; frame-ancestors 'none'
      Content-Type:
      - application/json
      Date:
      - Wed, 18 Jan 2023 14:48:41 GMT
      Server:
      - Scaleway API-Gateway
      Strict-Transport-Security:
      - max-age=63072000
      X-Content-Type-Options:
      - nosniff
      X-Frame-Options:
      - DENY
      X-Request-Id:
      - 8052f906-baf6-4e1e-bc50-e2dfec8eb8a0
    status: 200 OK
    code: 200
    duration: ""
- request:
    body: ""
    form: {}
    headers:
      User-Agent:
      - scaleway-sdk-go/v1.0.0-beta.7+dev (go1.19.1; linux; amd64) terraform-provider/develop
        terraform/terraform-tests
    url: https://api.scaleway.com/instance/v1/zones/fr-par-1/images/d318f34b-1044-482a-afe3-1be349690a13
    method: GET
  response:
    body: '{"image":{"arch":"x86_64","creation_date":"2022-11-17T16:48:17.919713+00:00","default_bootscript":null,"extra_volumes":{},"from_server":null,"id":"d318f34b-1044-482a-afe3-1be349690a13","modification_date":"2022-11-17T16:48:17.919713+00:00","name":"Ubuntu
      20.04 Focal Fossa","organization":"51b656e3-4865-41e8-adbc-0c45bdd780db","project":"51b656e3-4865-41e8-adbc-0c45bdd780db","public":true,"root_volume":{"id":"c18532d5-1d4b-4bf3-8a02-3670e0fd67b4","name":"Ubuntu
      20.04 Focal Fossa","size":10000000000,"volume_type":"unified"},"state":"available","tags":[],"zone":"fr-par-1"}}'
    headers:
      Content-Length:
      - "614"
      Content-Security-Policy:
      - default-src 'none'; frame-ancestors 'none'
      Content-Type:
      - application/json
      Date:
      - Wed, 18 Jan 2023 14:48:41 GMT
      Server:
      - Scaleway API-Gateway
      Strict-Transport-Security:
      - max-age=63072000
      X-Content-Type-Options:
      - nosniff
      X-Frame-Options:
      - DENY
      X-Request-Id:
      - a966b930-7540-43d4-b67f-e08dc5c45c3c
    status: 200 OK
    code: 200
    duration: ""
- request:
    body: ""
    form: {}
    headers:
      User-Agent:
      - scaleway-sdk-go/v1.0.0-beta.7+dev (go1.19.1; linux; amd64) terraform-provider/develop
        terraform/terraform-tests
    url: https://api.scaleway.com/marketplace/v2/images?include_eol=false&order_by=name_asc&page=1
    method: GET
  response:
    body: '{"images":[{"categories":["distribution"],"created_at":"2021-10-05T13:36:52.246490Z","description":"AlmaLinux
      OS is an Open Source and forever-free enterprise Linux distribution, governed
      and driven by the community, focused on long-term stability and a robust production-grade
      platform","id":"0d3a22da-c634-45d6-a7dd-aff402f88b0c","label":"almalinux_8","logo":"https://scw-marketplace-logos.s3.fr-par.scw.cloud/almalinux.png","name":"AlmaLinux
      8","updated_at":"2022-11-21T09:56:12.505342Z","valid_until":null},{"categories":["distribution"],"created_at":"2022-08-24T09:21:26.315925Z","description":"AlmaLinux
      OS is an Open Source and forever-free enterprise Linux distribution, governed
      and driven by the community, focused on long-term stability and a robust production-grade
      platform","id":"486ead23-9656-41d1-aa74-a5a780b2ae1b","label":"almalinux_9","logo":"https://scw-marketplace-logos.s3.fr-par.scw.cloud/almalinux.png","name":"AlmaLinux
      9","updated_at":"2022-11-21T09:56:21.843707Z","valid_until":null},{"categories":["distribution"],"created_at":"2016-03-07T20:55:32.213089Z","description":"Arch
      Linux is an independently developed Linux distribution versatile enough to suit
      any role.","id":"8f60c5dd-e659-48da-97e3-fb7de42195f5","label":"arch_linux","logo":"https://scw-marketplace-logos.s3.fr-par.scw.cloud/archlinux.png","name":"Arch
      Linux","updated_at":"2022-01-26T12:54:47.557608Z","valid_until":null},{"categories":["distribution"],"created_at":"2019-12-25T00:00:00Z","description":"The
      CentOS Project is a community-driven free software effort focused on delivering
      a robust open source ecosystem.","id":"dc947de3-ddc7-4056-bc35-d51a316ebbb4","label":"centos_7.9","logo":"https://scw-marketplace-logos.s3.fr-par.scw.cloud/centos.png","name":"CentOS
      7.9","updated_at":"2022-11-21T09:57:07.222778Z","valid_until":null},{"categories":["distribution"],"created_at":"2022-02-03T10:23:22.168515Z","description":"The
      CentOS Project is a community-driven free software effort focused on delivering
      a robust open source ecosystem.","id":"f49dc23e-82d1-48c3-b80e-6c697b1dda92","label":"centos_stream_8","logo":"https://scw-marketplace-logos.s3.fr-par.scw.cloud/centos.png","name":"CentOS
      Stream 8","updated_at":"2022-11-21T09:57:17.844379Z","valid_until":null},{"categories":["distribution"],"created_at":"2022-02-03T10:35:17.004309Z","description":"The
      CentOS Project is a community-driven free software effort focused on delivering
      a robust open source ecosystem.","id":"cfb3fa01-6406-4be8-9e9d-29daee2582fa","label":"centos_stream_9","logo":"https://scw-marketplace-logos.s3.fr-par.scw.cloud/centos.png","name":"CentOS
      Stream 9","updated_at":"2022-11-21T09:57:27.226811Z","valid_until":null},{"categories":["distribution"],"created_at":"2019-07-16T13:55:36.377559Z","description":"Debian
      is a free operating system, developed by thousands of volunteers from all over
      the world who collaborate via the Internet.","id":"7bdc1afb-231f-486a-9b85-1b0478bc0e4a","label":"debian_buster","logo":"https://scw-marketplace-logos.s3.fr-par.scw.cloud/debian.png","name":"Debian
      10 (Buster)","updated_at":"2022-11-22T15:03:29.064893Z","valid_until":null},{"categories":["distribution"],"created_at":"2021-07-21T09:09:36.581723Z","description":"Debian
      is a free operating system, developed by thousands of volunteers from all over
      the world who collaborate via the Internet.","id":"213b02cb-3d8d-4967-ba8d-e5767a57574e","label":"debian_bullseye","logo":"https://scw-marketplace-logos.s3.fr-par.scw.cloud/debian.png","name":"Debian
      Bullseye","updated_at":"2023-01-03T16:14:56.937558Z","valid_until":null},{"categories":["instantapp"],"created_at":"2016-03-05T15:11:26.847640Z","description":"Docker
      is an open platform for developers and sysadmins to build, ship, and run distributed
      applications.","id":"c1b530d8-0ca0-45c4-80db-ba06608287b2","label":"docker","logo":"https://scw-marketplace-logos.s3.fr-par.scw.cloud/docker.png","name":"Docker","updated_at":"2022-11-21T09:58:41.216589Z","valid_until":null},{"categories":["distribution"],"created_at":"2021-11-15T16:12:25.586923Z","description":"Fedora
      is a powerful, flexible operating system that includes the best and latest datacenter
      technologies. It puts you in control of all your infrastructure and services","id":"198bbff7-c136-4b9c-9e28-8770df451fc1","label":"fedora_35","logo":"https://scw-marketplace-logos.s3.fr-par.scw.cloud/fedora.png","name":"Fedora
      35","updated_at":"2022-11-21T09:57:37.091043Z","valid_until":null},{"categories":["distribution"],"created_at":"2022-04-14T15:45:29.069701Z","description":"Fedora
      is a powerful, flexible operating system that includes the best and latest datacenter
      technologies. It puts you in control of all your infrastructure and services","id":"186859f6-0152-45dd-9eb8-21fc5e8d774e","label":"fedora_36","logo":"https://scw-marketplace-logos.s3.fr-par.scw.cloud/fedora.png","name":"Fedora
      36","updated_at":"2022-11-21T09:57:45.692658Z","valid_until":null},{"categories":["distribution"],"created_at":"2022-11-14T10:48:04.097063Z","description":"Fedora
      is a powerful, flexible operating system that includes the best and latest datacenter
      technologies. It puts you in control of all your infrastructure and services","id":"2b0e5802-eb82-4fd5-ac8f-6877c46aa14b","label":"fedora_37","logo":"https://scw-marketplace-logos.s3.fr-par.scw.cloud/fedora.png","name":"Fedora
      37","updated_at":"2022-11-21T10:14:57.440013Z","valid_until":null},{"categories":["instantapp"],"created_at":"2016-03-07T21:06:22.770864Z","description":"GitLab
      is a web-based Git repository manager with wiki and issue tracking features.","id":"233074b9-e2ba-4e78-818e-dd4930ce6bee","label":"gitlab","logo":"https://scw-marketplace-logos.s3.fr-par.scw.cloud/gitlab.png","name":"GitLab","updated_at":"2022-11-21T09:59:01.854428Z","valid_until":null},{"categories":["instantapp"],"created_at":"2019-04-16T12:22:56.930842Z","description":"Nextcloud
      is an open source, self-hosted file share and communication platform.","id":"7d4a7cb1-1fd5-4a64-920b-c79f47367254","label":"nextcloud","logo":"https://scw-marketplace-logos.s3.fr-par.scw.cloud/nextcloud.png","name":"NextCloud","updated_at":"2022-11-21T09:58:50.824677Z","valid_until":null},{"categories":["instantapp"],"created_at":"2016-03-07T21:04:57.667667Z","description":"Surf
      the web in a secure and anonymous way with OpenVPN InstantApp.","id":"b6f4edc8-21e6-4aa2-8f52-1030cf6d4dd8","label":"openvpn","logo":"https://scw-marketplace-logos.s3.fr-par.scw.cloud/openvpn.png","name":"OpenVPN","updated_at":"2022-11-21T09:58:29.002209Z","valid_until":null},{"categories":["distribution"],"created_at":"2021-06-25T10:16:16.254240Z","description":"Rocky
      Linux is a community-driven effort to bring you enterprise-grade, production-ready
      Linux.","id":"1576bf6b-f640-47f2-9117-968419d0546e","label":"rockylinux_8","logo":"https://scw-marketplace-logos.s3.fr-par.scw.cloud/rockylinux.png","name":"Rocky
      Linux 8","updated_at":"2022-12-06T10:11:34.316020Z","valid_until":null},{"categories":["distribution"],"created_at":"2022-08-24T09:26:33.639016Z","description":"Rocky
      Linux is a community-driven effort to bring you enterprise-grade, production-ready
      Linux.","id":"589c35a9-20ce-4ed9-92d7-16dc061be52b","label":"rockylinux_9","logo":"https://scw-marketplace-logos.s3.fr-par.scw.cloud/rockylinux.png","name":"Rocky
      Linux 9","updated_at":"2022-12-06T10:11:21.937145Z","valid_until":null},{"categories":["distribution"],"created_at":"2018-04-27T14:07:25.221998Z","description":"Ubuntu
      is the ideal distribution for scale-out computing, Ubuntu Server helps you make
      the most of your infrastructure.","id":"b381b2bf-804a-4b12-91f6-9f4ff273462f","label":"ubuntu_bionic","logo":"https://scw-marketplace-logos.s3.fr-par.scw.cloud/ubuntu.png","name":"Ubuntu
      18.04 LTS (Bionic Beaver)","updated_at":"2022-11-21T09:55:29.947561Z","valid_until":null},{"categories":["distribution"],"created_at":"2020-02-17T15:50:48.980694Z","description":"Ubuntu
      is the ideal distribution for scale-out computing, Ubuntu Server helps you make
      the most of your infrastructure.","id":"3f1b9623-71ba-4fe3-b994-27fcdaa850ba","label":"ubuntu_focal","logo":"https://scw-marketplace-logos.s3.fr-par.scw.cloud/ubuntu.png","name":"Ubuntu
      20.04 TLS (Focal Fossa)","updated_at":"2022-11-21T09:55:20.580470Z","valid_until":null},{"categories":["distribution"],"created_at":"2022-04-07T13:35:54.966630Z","description":"Ubuntu
      is the ideal distribution for scale-out computing, Ubuntu Server helps you make
      the most of your infrastructure.","id":"1123148c-7660-4cb2-9fd3-7b5b4896f72f","label":"ubuntu_jammy","logo":"https://scw-marketplace-logos.s3.fr-par.scw.cloud/ubuntu.png","name":"Ubuntu
      22.04 TLS (Jammy Jellyfish)","updated_at":"2022-11-21T09:52:44.381782Z","valid_until":null},{"categories":["Machine
      Learning"],"created_at":"2021-11-30T12:37:45.971134Z","description":"Ubuntu
      20.04 Focal Fossa for Nvidia GPU and Machine Learning","id":"4dcc771c-820f-405c-b663-4564bdc2ed56","label":"ubuntu_focal_gpu_os_11","logo":"https://scw-marketplace-logos.s3.fr-par.scw.cloud/ubuntu.png","name":"Ubuntu
      Focal GPU OS 11","updated_at":"2022-09-19T14:10:37.648361Z","valid_until":null},{"categories":["instantapp"],"created_at":"2016-03-07T21:03:59.783534Z","description":"WordPress
      is the most popular web software you can use to create a beautiful website or
      blog.","id":"215a50f9-0ba8-4e9c-a4e7-10caf50e3586","label":"wordpress","logo":"https://scw-marketplace-logos.s3.fr-par.scw.cloud/wordpress.png","name":"WordPress","updated_at":"2022-11-21T09:58:15.549240Z","valid_until":null}],"total_count":22}'
    headers:
      Content-Security-Policy:
      - default-src 'none'; frame-ancestors 'none'
      Content-Type:
      - application/json
      Date:
      - Wed, 18 Jan 2023 14:48:41 GMT
      Server:
      - Scaleway API-Gateway
      Strict-Transport-Security:
      - max-age=63072000
      X-Content-Type-Options:
      - nosniff
      X-Frame-Options:
      - DENY
      X-Request-Id:
      - ad74bb14-4ef4-4fcc-947b-71212e7d1859
    status: 200 OK
    code: 200
    duration: ""
- request:
    body: ""
    form: {}
    headers:
      User-Agent:
      - scaleway-sdk-go/v1.0.0-beta.7+dev (go1.19.1; linux; amd64) terraform-provider/develop
        terraform/terraform-tests
    url: https://api.scaleway.com/marketplace/v2/local-images?image_id=3f1b9623-71ba-4fe3-b994-27fcdaa850ba&order_by=created_at_asc&page=1
    method: GET
  response:
    body: '{"local_images":[{"arch":"x86_64","compatible_commercial_types":["DEV1-L","DEV1-M","DEV1-S","DEV1-XL","ENT1-2XL","ENT1-L","ENT1-M","ENT1-S","ENT1-XL","ENT1-XS","ENT1-XXS","GP1-L","GP1-M","GP1-S","GP1-VIZ","GP1-XL","GP1-XS","PLAY2-MICRO","PLAY2-NANO","PLAY2-PICO","PRO2-L","PRO2-M","PRO2-S","PRO2-XS","PRO2-XXS","RENDER-S","STARDUST1-S","START1-L","START1-M","START1-S","START1-XS","VC1L","VC1M","VC1S","X64-120GB","X64-15GB","X64-30GB","X64-60GB"],"id":"9718dbf0-b714-48c7-b489-569471fe0ed4","zone":"nl-ams-2"},{"arch":"x86_64","compatible_commercial_types":["DEV1-L","DEV1-M","DEV1-S","DEV1-XL","ENT1-2XL","ENT1-L","ENT1-M","ENT1-S","ENT1-XL","ENT1-XS","ENT1-XXS","GP1-L","GP1-M","GP1-S","GP1-VIZ","GP1-XL","GP1-XS","PLAY2-MICRO","PLAY2-NANO","PLAY2-PICO","PRO2-L","PRO2-M","PRO2-S","PRO2-XS","PRO2-XXS","RENDER-S","STARDUST1-S","START1-L","START1-M","START1-S","START1-XS","VC1L","VC1M","VC1S","X64-120GB","X64-15GB","X64-30GB","X64-60GB"],"id":"498d8681-885d-47b8-b2d0-7f57a117787f","zone":"nl-ams-1"},{"arch":"x86_64","compatible_commercial_types":["DEV1-L","DEV1-M","DEV1-S","DEV1-XL","ENT1-2XL","ENT1-L","ENT1-M","ENT1-S","ENT1-XL","ENT1-XS","ENT1-XXS","GP1-L","GP1-M","GP1-S","GP1-VIZ","GP1-XL","GP1-XS","PLAY2-MICRO","PLAY2-NANO","PLAY2-PICO","PRO2-L","PRO2-M","PRO2-S","PRO2-XS","PRO2-XXS","RENDER-S","STARDUST1-S","START1-L","START1-M","START1-S","START1-XS","VC1L","VC1M","VC1S","X64-120GB","X64-15GB","X64-30GB","X64-60GB"],"id":"d318f34b-1044-482a-afe3-1be349690a13","zone":"fr-par-1"},{"arch":"x86_64","compatible_commercial_types":["DEV1-L","DEV1-M","DEV1-S","DEV1-XL","ENT1-2XL","ENT1-L","ENT1-M","ENT1-S","ENT1-XL","ENT1-XS","ENT1-XXS","GP1-L","GP1-M","GP1-S","GP1-VIZ","GP1-XL","GP1-XS","PLAY2-MICRO","PLAY2-NANO","PLAY2-PICO","PRO2-L","PRO2-M","PRO2-S","PRO2-XS","PRO2-XXS","RENDER-S","STARDUST1-S","START1-L","START1-M","START1-S","START1-XS","VC1L","VC1M","VC1S","X64-120GB","X64-15GB","X64-30GB","X64-60GB"],"id":"aa69a458-46ae-4ea4-b34a-a2d083f52258","zone":"pl-waw-1"},{"arch":"x86_64","compatible_commercial_types":["DEV1-L","DEV1-M","DEV1-S","DEV1-XL","ENT1-2XL","ENT1-L","ENT1-M","ENT1-S","ENT1-XL","ENT1-XS","ENT1-XXS","GP1-L","GP1-M","GP1-S","GP1-VIZ","GP1-XL","GP1-XS","PLAY2-MICRO","PLAY2-NANO","PLAY2-PICO","PRO2-L","PRO2-M","PRO2-S","PRO2-XS","PRO2-XXS","RENDER-S","STARDUST1-S","START1-L","START1-M","START1-S","START1-XS","VC1L","VC1M","VC1S","X64-120GB","X64-15GB","X64-30GB","X64-60GB"],"id":"93b28169-0ac5-422e-99f5-2d03af0ede21","zone":"pl-waw-2"},{"arch":"x86_64","compatible_commercial_types":["DEV1-L","DEV1-M","DEV1-S","DEV1-XL","ENT1-2XL","ENT1-L","ENT1-M","ENT1-S","ENT1-XL","ENT1-XS","ENT1-XXS","GP1-L","GP1-M","GP1-S","GP1-VIZ","GP1-XL","GP1-XS","PLAY2-MICRO","PLAY2-NANO","PLAY2-PICO","PRO2-L","PRO2-M","PRO2-S","PRO2-XS","PRO2-XXS","RENDER-S","STARDUST1-S","START1-L","START1-M","START1-S","START1-XS","VC1L","VC1M","VC1S","X64-120GB","X64-15GB","X64-30GB","X64-60GB"],"id":"73f3e83e-656c-4645-b87a-2093bcd9f560","zone":"fr-par-3"},{"arch":"x86_64","compatible_commercial_types":["DEV1-L","DEV1-M","DEV1-S","DEV1-XL","ENT1-2XL","ENT1-L","ENT1-M","ENT1-S","ENT1-XL","ENT1-XS","ENT1-XXS","GP1-L","GP1-M","GP1-S","GP1-VIZ","GP1-XL","GP1-XS","PLAY2-MICRO","PLAY2-NANO","PLAY2-PICO","PRO2-L","PRO2-M","PRO2-S","PRO2-XS","PRO2-XXS","RENDER-S","STARDUST1-S","START1-L","START1-M","START1-S","START1-XS","VC1L","VC1M","VC1S","X64-120GB","X64-15GB","X64-30GB","X64-60GB"],"id":"ace23dcf-3de5-4d57-aa2b-0d5457c34abc","zone":"fr-par-2"}],"total_count":7}'
    headers:
      Content-Length:
      - "3492"
      Content-Security-Policy:
      - default-src 'none'; frame-ancestors 'none'
      Content-Type:
      - application/json
      Date:
      - Wed, 18 Jan 2023 14:48:42 GMT
      Server:
      - Scaleway API-Gateway
      Strict-Transport-Security:
      - max-age=63072000
      X-Content-Type-Options:
      - nosniff
      X-Frame-Options:
      - DENY
      X-Request-Id:
      - f80b4796-d90b-4164-aab2-3779f11f865a
    status: 200 OK
    code: 200
    duration: ""
- request:
    body: ""
    form: {}
    headers:
      User-Agent:
      - scaleway-sdk-go/v1.0.0-beta.7+dev (go1.19.1; linux; amd64) terraform-provider/develop
        terraform/terraform-tests
    url: https://api.scaleway.com/marketplace/v2/images?include_eol=false&order_by=name_asc&page=1
    method: GET
  response:
    body: '{"images":[{"categories":["distribution"],"created_at":"2021-10-05T13:36:52.246490Z","description":"AlmaLinux
      OS is an Open Source and forever-free enterprise Linux distribution, governed
      and driven by the community, focused on long-term stability and a robust production-grade
      platform","id":"0d3a22da-c634-45d6-a7dd-aff402f88b0c","label":"almalinux_8","logo":"https://scw-marketplace-logos.s3.fr-par.scw.cloud/almalinux.png","name":"AlmaLinux
      8","updated_at":"2022-11-21T09:56:12.505342Z","valid_until":null},{"categories":["distribution"],"created_at":"2022-08-24T09:21:26.315925Z","description":"AlmaLinux
      OS is an Open Source and forever-free enterprise Linux distribution, governed
      and driven by the community, focused on long-term stability and a robust production-grade
      platform","id":"486ead23-9656-41d1-aa74-a5a780b2ae1b","label":"almalinux_9","logo":"https://scw-marketplace-logos.s3.fr-par.scw.cloud/almalinux.png","name":"AlmaLinux
      9","updated_at":"2022-11-21T09:56:21.843707Z","valid_until":null},{"categories":["distribution"],"created_at":"2016-03-07T20:55:32.213089Z","description":"Arch
      Linux is an independently developed Linux distribution versatile enough to suit
      any role.","id":"8f60c5dd-e659-48da-97e3-fb7de42195f5","label":"arch_linux","logo":"https://scw-marketplace-logos.s3.fr-par.scw.cloud/archlinux.png","name":"Arch
      Linux","updated_at":"2022-01-26T12:54:47.557608Z","valid_until":null},{"categories":["distribution"],"created_at":"2019-12-25T00:00:00Z","description":"The
      CentOS Project is a community-driven free software effort focused on delivering
      a robust open source ecosystem.","id":"dc947de3-ddc7-4056-bc35-d51a316ebbb4","label":"centos_7.9","logo":"https://scw-marketplace-logos.s3.fr-par.scw.cloud/centos.png","name":"CentOS
      7.9","updated_at":"2022-11-21T09:57:07.222778Z","valid_until":null},{"categories":["distribution"],"created_at":"2022-02-03T10:23:22.168515Z","description":"The
      CentOS Project is a community-driven free software effort focused on delivering
      a robust open source ecosystem.","id":"f49dc23e-82d1-48c3-b80e-6c697b1dda92","label":"centos_stream_8","logo":"https://scw-marketplace-logos.s3.fr-par.scw.cloud/centos.png","name":"CentOS
      Stream 8","updated_at":"2022-11-21T09:57:17.844379Z","valid_until":null},{"categories":["distribution"],"created_at":"2022-02-03T10:35:17.004309Z","description":"The
      CentOS Project is a community-driven free software effort focused on delivering
      a robust open source ecosystem.","id":"cfb3fa01-6406-4be8-9e9d-29daee2582fa","label":"centos_stream_9","logo":"https://scw-marketplace-logos.s3.fr-par.scw.cloud/centos.png","name":"CentOS
      Stream 9","updated_at":"2022-11-21T09:57:27.226811Z","valid_until":null},{"categories":["distribution"],"created_at":"2019-07-16T13:55:36.377559Z","description":"Debian
      is a free operating system, developed by thousands of volunteers from all over
      the world who collaborate via the Internet.","id":"7bdc1afb-231f-486a-9b85-1b0478bc0e4a","label":"debian_buster","logo":"https://scw-marketplace-logos.s3.fr-par.scw.cloud/debian.png","name":"Debian
      10 (Buster)","updated_at":"2022-11-22T15:03:29.064893Z","valid_until":null},{"categories":["distribution"],"created_at":"2021-07-21T09:09:36.581723Z","description":"Debian
      is a free operating system, developed by thousands of volunteers from all over
      the world who collaborate via the Internet.","id":"213b02cb-3d8d-4967-ba8d-e5767a57574e","label":"debian_bullseye","logo":"https://scw-marketplace-logos.s3.fr-par.scw.cloud/debian.png","name":"Debian
      Bullseye","updated_at":"2023-01-03T16:14:56.937558Z","valid_until":null},{"categories":["instantapp"],"created_at":"2016-03-05T15:11:26.847640Z","description":"Docker
      is an open platform for developers and sysadmins to build, ship, and run distributed
      applications.","id":"c1b530d8-0ca0-45c4-80db-ba06608287b2","label":"docker","logo":"https://scw-marketplace-logos.s3.fr-par.scw.cloud/docker.png","name":"Docker","updated_at":"2022-11-21T09:58:41.216589Z","valid_until":null},{"categories":["distribution"],"created_at":"2021-11-15T16:12:25.586923Z","description":"Fedora
      is a powerful, flexible operating system that includes the best and latest datacenter
      technologies. It puts you in control of all your infrastructure and services","id":"198bbff7-c136-4b9c-9e28-8770df451fc1","label":"fedora_35","logo":"https://scw-marketplace-logos.s3.fr-par.scw.cloud/fedora.png","name":"Fedora
      35","updated_at":"2022-11-21T09:57:37.091043Z","valid_until":null},{"categories":["distribution"],"created_at":"2022-04-14T15:45:29.069701Z","description":"Fedora
      is a powerful, flexible operating system that includes the best and latest datacenter
      technologies. It puts you in control of all your infrastructure and services","id":"186859f6-0152-45dd-9eb8-21fc5e8d774e","label":"fedora_36","logo":"https://scw-marketplace-logos.s3.fr-par.scw.cloud/fedora.png","name":"Fedora
      36","updated_at":"2022-11-21T09:57:45.692658Z","valid_until":null},{"categories":["distribution"],"created_at":"2022-11-14T10:48:04.097063Z","description":"Fedora
      is a powerful, flexible operating system that includes the best and latest datacenter
      technologies. It puts you in control of all your infrastructure and services","id":"2b0e5802-eb82-4fd5-ac8f-6877c46aa14b","label":"fedora_37","logo":"https://scw-marketplace-logos.s3.fr-par.scw.cloud/fedora.png","name":"Fedora
      37","updated_at":"2022-11-21T10:14:57.440013Z","valid_until":null},{"categories":["instantapp"],"created_at":"2016-03-07T21:06:22.770864Z","description":"GitLab
      is a web-based Git repository manager with wiki and issue tracking features.","id":"233074b9-e2ba-4e78-818e-dd4930ce6bee","label":"gitlab","logo":"https://scw-marketplace-logos.s3.fr-par.scw.cloud/gitlab.png","name":"GitLab","updated_at":"2022-11-21T09:59:01.854428Z","valid_until":null},{"categories":["instantapp"],"created_at":"2019-04-16T12:22:56.930842Z","description":"Nextcloud
      is an open source, self-hosted file share and communication platform.","id":"7d4a7cb1-1fd5-4a64-920b-c79f47367254","label":"nextcloud","logo":"https://scw-marketplace-logos.s3.fr-par.scw.cloud/nextcloud.png","name":"NextCloud","updated_at":"2022-11-21T09:58:50.824677Z","valid_until":null},{"categories":["instantapp"],"created_at":"2016-03-07T21:04:57.667667Z","description":"Surf
      the web in a secure and anonymous way with OpenVPN InstantApp.","id":"b6f4edc8-21e6-4aa2-8f52-1030cf6d4dd8","label":"openvpn","logo":"https://scw-marketplace-logos.s3.fr-par.scw.cloud/openvpn.png","name":"OpenVPN","updated_at":"2022-11-21T09:58:29.002209Z","valid_until":null},{"categories":["distribution"],"created_at":"2021-06-25T10:16:16.254240Z","description":"Rocky
      Linux is a community-driven effort to bring you enterprise-grade, production-ready
      Linux.","id":"1576bf6b-f640-47f2-9117-968419d0546e","label":"rockylinux_8","logo":"https://scw-marketplace-logos.s3.fr-par.scw.cloud/rockylinux.png","name":"Rocky
      Linux 8","updated_at":"2022-12-06T10:11:34.316020Z","valid_until":null},{"categories":["distribution"],"created_at":"2022-08-24T09:26:33.639016Z","description":"Rocky
      Linux is a community-driven effort to bring you enterprise-grade, production-ready
      Linux.","id":"589c35a9-20ce-4ed9-92d7-16dc061be52b","label":"rockylinux_9","logo":"https://scw-marketplace-logos.s3.fr-par.scw.cloud/rockylinux.png","name":"Rocky
      Linux 9","updated_at":"2022-12-06T10:11:21.937145Z","valid_until":null},{"categories":["distribution"],"created_at":"2018-04-27T14:07:25.221998Z","description":"Ubuntu
      is the ideal distribution for scale-out computing, Ubuntu Server helps you make
      the most of your infrastructure.","id":"b381b2bf-804a-4b12-91f6-9f4ff273462f","label":"ubuntu_bionic","logo":"https://scw-marketplace-logos.s3.fr-par.scw.cloud/ubuntu.png","name":"Ubuntu
      18.04 LTS (Bionic Beaver)","updated_at":"2022-11-21T09:55:29.947561Z","valid_until":null},{"categories":["distribution"],"created_at":"2020-02-17T15:50:48.980694Z","description":"Ubuntu
      is the ideal distribution for scale-out computing, Ubuntu Server helps you make
      the most of your infrastructure.","id":"3f1b9623-71ba-4fe3-b994-27fcdaa850ba","label":"ubuntu_focal","logo":"https://scw-marketplace-logos.s3.fr-par.scw.cloud/ubuntu.png","name":"Ubuntu
      20.04 TLS (Focal Fossa)","updated_at":"2022-11-21T09:55:20.580470Z","valid_until":null},{"categories":["distribution"],"created_at":"2022-04-07T13:35:54.966630Z","description":"Ubuntu
      is the ideal distribution for scale-out computing, Ubuntu Server helps you make
      the most of your infrastructure.","id":"1123148c-7660-4cb2-9fd3-7b5b4896f72f","label":"ubuntu_jammy","logo":"https://scw-marketplace-logos.s3.fr-par.scw.cloud/ubuntu.png","name":"Ubuntu
      22.04 TLS (Jammy Jellyfish)","updated_at":"2022-11-21T09:52:44.381782Z","valid_until":null},{"categories":["Machine
      Learning"],"created_at":"2021-11-30T12:37:45.971134Z","description":"Ubuntu
      20.04 Focal Fossa for Nvidia GPU and Machine Learning","id":"4dcc771c-820f-405c-b663-4564bdc2ed56","label":"ubuntu_focal_gpu_os_11","logo":"https://scw-marketplace-logos.s3.fr-par.scw.cloud/ubuntu.png","name":"Ubuntu
      Focal GPU OS 11","updated_at":"2022-09-19T14:10:37.648361Z","valid_until":null},{"categories":["instantapp"],"created_at":"2016-03-07T21:03:59.783534Z","description":"WordPress
      is the most popular web software you can use to create a beautiful website or
      blog.","id":"215a50f9-0ba8-4e9c-a4e7-10caf50e3586","label":"wordpress","logo":"https://scw-marketplace-logos.s3.fr-par.scw.cloud/wordpress.png","name":"WordPress","updated_at":"2022-11-21T09:58:15.549240Z","valid_until":null}],"total_count":22}'
    headers:
      Content-Security-Policy:
      - default-src 'none'; frame-ancestors 'none'
      Content-Type:
      - application/json
      Date:
      - Wed, 18 Jan 2023 14:48:42 GMT
      Server:
      - Scaleway API-Gateway
      Strict-Transport-Security:
      - max-age=63072000
      X-Content-Type-Options:
      - nosniff
      X-Frame-Options:
      - DENY
      X-Request-Id:
      - 4f3c9072-b661-4049-b186-b87c878182cb
    status: 200 OK
    code: 200
    duration: ""
- request:
    body: ""
    form: {}
    headers:
      User-Agent:
      - scaleway-sdk-go/v1.0.0-beta.7+dev (go1.19.1; linux; amd64) terraform-provider/develop
        terraform/terraform-tests
    url: https://api.scaleway.com/marketplace/v2/local-images?image_id=3f1b9623-71ba-4fe3-b994-27fcdaa850ba&order_by=created_at_asc&page=1
    method: GET
  response:
    body: '{"local_images":[{"arch":"x86_64","compatible_commercial_types":["DEV1-L","DEV1-M","DEV1-S","DEV1-XL","ENT1-2XL","ENT1-L","ENT1-M","ENT1-S","ENT1-XL","ENT1-XS","ENT1-XXS","GP1-L","GP1-M","GP1-S","GP1-VIZ","GP1-XL","GP1-XS","PLAY2-MICRO","PLAY2-NANO","PLAY2-PICO","PRO2-L","PRO2-M","PRO2-S","PRO2-XS","PRO2-XXS","RENDER-S","STARDUST1-S","START1-L","START1-M","START1-S","START1-XS","VC1L","VC1M","VC1S","X64-120GB","X64-15GB","X64-30GB","X64-60GB"],"id":"9718dbf0-b714-48c7-b489-569471fe0ed4","zone":"nl-ams-2"},{"arch":"x86_64","compatible_commercial_types":["DEV1-L","DEV1-M","DEV1-S","DEV1-XL","ENT1-2XL","ENT1-L","ENT1-M","ENT1-S","ENT1-XL","ENT1-XS","ENT1-XXS","GP1-L","GP1-M","GP1-S","GP1-VIZ","GP1-XL","GP1-XS","PLAY2-MICRO","PLAY2-NANO","PLAY2-PICO","PRO2-L","PRO2-M","PRO2-S","PRO2-XS","PRO2-XXS","RENDER-S","STARDUST1-S","START1-L","START1-M","START1-S","START1-XS","VC1L","VC1M","VC1S","X64-120GB","X64-15GB","X64-30GB","X64-60GB"],"id":"498d8681-885d-47b8-b2d0-7f57a117787f","zone":"nl-ams-1"},{"arch":"x86_64","compatible_commercial_types":["DEV1-L","DEV1-M","DEV1-S","DEV1-XL","ENT1-2XL","ENT1-L","ENT1-M","ENT1-S","ENT1-XL","ENT1-XS","ENT1-XXS","GP1-L","GP1-M","GP1-S","GP1-VIZ","GP1-XL","GP1-XS","PLAY2-MICRO","PLAY2-NANO","PLAY2-PICO","PRO2-L","PRO2-M","PRO2-S","PRO2-XS","PRO2-XXS","RENDER-S","STARDUST1-S","START1-L","START1-M","START1-S","START1-XS","VC1L","VC1M","VC1S","X64-120GB","X64-15GB","X64-30GB","X64-60GB"],"id":"d318f34b-1044-482a-afe3-1be349690a13","zone":"fr-par-1"},{"arch":"x86_64","compatible_commercial_types":["DEV1-L","DEV1-M","DEV1-S","DEV1-XL","ENT1-2XL","ENT1-L","ENT1-M","ENT1-S","ENT1-XL","ENT1-XS","ENT1-XXS","GP1-L","GP1-M","GP1-S","GP1-VIZ","GP1-XL","GP1-XS","PLAY2-MICRO","PLAY2-NANO","PLAY2-PICO","PRO2-L","PRO2-M","PRO2-S","PRO2-XS","PRO2-XXS","RENDER-S","STARDUST1-S","START1-L","START1-M","START1-S","START1-XS","VC1L","VC1M","VC1S","X64-120GB","X64-15GB","X64-30GB","X64-60GB"],"id":"aa69a458-46ae-4ea4-b34a-a2d083f52258","zone":"pl-waw-1"},{"arch":"x86_64","compatible_commercial_types":["DEV1-L","DEV1-M","DEV1-S","DEV1-XL","ENT1-2XL","ENT1-L","ENT1-M","ENT1-S","ENT1-XL","ENT1-XS","ENT1-XXS","GP1-L","GP1-M","GP1-S","GP1-VIZ","GP1-XL","GP1-XS","PLAY2-MICRO","PLAY2-NANO","PLAY2-PICO","PRO2-L","PRO2-M","PRO2-S","PRO2-XS","PRO2-XXS","RENDER-S","STARDUST1-S","START1-L","START1-M","START1-S","START1-XS","VC1L","VC1M","VC1S","X64-120GB","X64-15GB","X64-30GB","X64-60GB"],"id":"93b28169-0ac5-422e-99f5-2d03af0ede21","zone":"pl-waw-2"},{"arch":"x86_64","compatible_commercial_types":["DEV1-L","DEV1-M","DEV1-S","DEV1-XL","ENT1-2XL","ENT1-L","ENT1-M","ENT1-S","ENT1-XL","ENT1-XS","ENT1-XXS","GP1-L","GP1-M","GP1-S","GP1-VIZ","GP1-XL","GP1-XS","PLAY2-MICRO","PLAY2-NANO","PLAY2-PICO","PRO2-L","PRO2-M","PRO2-S","PRO2-XS","PRO2-XXS","RENDER-S","STARDUST1-S","START1-L","START1-M","START1-S","START1-XS","VC1L","VC1M","VC1S","X64-120GB","X64-15GB","X64-30GB","X64-60GB"],"id":"73f3e83e-656c-4645-b87a-2093bcd9f560","zone":"fr-par-3"},{"arch":"x86_64","compatible_commercial_types":["DEV1-L","DEV1-M","DEV1-S","DEV1-XL","ENT1-2XL","ENT1-L","ENT1-M","ENT1-S","ENT1-XL","ENT1-XS","ENT1-XXS","GP1-L","GP1-M","GP1-S","GP1-VIZ","GP1-XL","GP1-XS","PLAY2-MICRO","PLAY2-NANO","PLAY2-PICO","PRO2-L","PRO2-M","PRO2-S","PRO2-XS","PRO2-XXS","RENDER-S","STARDUST1-S","START1-L","START1-M","START1-S","START1-XS","VC1L","VC1M","VC1S","X64-120GB","X64-15GB","X64-30GB","X64-60GB"],"id":"ace23dcf-3de5-4d57-aa2b-0d5457c34abc","zone":"fr-par-2"}],"total_count":7}'
    headers:
      Content-Length:
      - "3492"
      Content-Security-Policy:
      - default-src 'none'; frame-ancestors 'none'
      Content-Type:
      - application/json
      Date:
      - Wed, 18 Jan 2023 14:48:42 GMT
      Server:
      - Scaleway API-Gateway
      Strict-Transport-Security:
      - max-age=63072000
      X-Content-Type-Options:
      - nosniff
      X-Frame-Options:
      - DENY
      X-Request-Id:
      - c13e18a0-0d76-4e23-9121-f3493dd55216
    status: 200 OK
    code: 200
    duration: ""
- request:
    body: ""
    form: {}
    headers:
      User-Agent:
      - scaleway-sdk-go/v1.0.0-beta.7+dev (go1.19.1; linux; amd64) terraform-provider/develop
        terraform/terraform-tests
    url: https://api.scaleway.com/marketplace/v2/images?include_eol=false&order_by=name_asc&page=1
    method: GET
  response:
    body: '{"images":[{"categories":["distribution"],"created_at":"2021-10-05T13:36:52.246490Z","description":"AlmaLinux
      OS is an Open Source and forever-free enterprise Linux distribution, governed
      and driven by the community, focused on long-term stability and a robust production-grade
      platform","id":"0d3a22da-c634-45d6-a7dd-aff402f88b0c","label":"almalinux_8","logo":"https://scw-marketplace-logos.s3.fr-par.scw.cloud/almalinux.png","name":"AlmaLinux
      8","updated_at":"2022-11-21T09:56:12.505342Z","valid_until":null},{"categories":["distribution"],"created_at":"2022-08-24T09:21:26.315925Z","description":"AlmaLinux
      OS is an Open Source and forever-free enterprise Linux distribution, governed
      and driven by the community, focused on long-term stability and a robust production-grade
      platform","id":"486ead23-9656-41d1-aa74-a5a780b2ae1b","label":"almalinux_9","logo":"https://scw-marketplace-logos.s3.fr-par.scw.cloud/almalinux.png","name":"AlmaLinux
      9","updated_at":"2022-11-21T09:56:21.843707Z","valid_until":null},{"categories":["distribution"],"created_at":"2016-03-07T20:55:32.213089Z","description":"Arch
      Linux is an independently developed Linux distribution versatile enough to suit
      any role.","id":"8f60c5dd-e659-48da-97e3-fb7de42195f5","label":"arch_linux","logo":"https://scw-marketplace-logos.s3.fr-par.scw.cloud/archlinux.png","name":"Arch
      Linux","updated_at":"2022-01-26T12:54:47.557608Z","valid_until":null},{"categories":["distribution"],"created_at":"2019-12-25T00:00:00Z","description":"The
      CentOS Project is a community-driven free software effort focused on delivering
      a robust open source ecosystem.","id":"dc947de3-ddc7-4056-bc35-d51a316ebbb4","label":"centos_7.9","logo":"https://scw-marketplace-logos.s3.fr-par.scw.cloud/centos.png","name":"CentOS
      7.9","updated_at":"2022-11-21T09:57:07.222778Z","valid_until":null},{"categories":["distribution"],"created_at":"2022-02-03T10:23:22.168515Z","description":"The
      CentOS Project is a community-driven free software effort focused on delivering
      a robust open source ecosystem.","id":"f49dc23e-82d1-48c3-b80e-6c697b1dda92","label":"centos_stream_8","logo":"https://scw-marketplace-logos.s3.fr-par.scw.cloud/centos.png","name":"CentOS
      Stream 8","updated_at":"2022-11-21T09:57:17.844379Z","valid_until":null},{"categories":["distribution"],"created_at":"2022-02-03T10:35:17.004309Z","description":"The
      CentOS Project is a community-driven free software effort focused on delivering
      a robust open source ecosystem.","id":"cfb3fa01-6406-4be8-9e9d-29daee2582fa","label":"centos_stream_9","logo":"https://scw-marketplace-logos.s3.fr-par.scw.cloud/centos.png","name":"CentOS
      Stream 9","updated_at":"2022-11-21T09:57:27.226811Z","valid_until":null},{"categories":["distribution"],"created_at":"2019-07-16T13:55:36.377559Z","description":"Debian
      is a free operating system, developed by thousands of volunteers from all over
      the world who collaborate via the Internet.","id":"7bdc1afb-231f-486a-9b85-1b0478bc0e4a","label":"debian_buster","logo":"https://scw-marketplace-logos.s3.fr-par.scw.cloud/debian.png","name":"Debian
      10 (Buster)","updated_at":"2022-11-22T15:03:29.064893Z","valid_until":null},{"categories":["distribution"],"created_at":"2021-07-21T09:09:36.581723Z","description":"Debian
      is a free operating system, developed by thousands of volunteers from all over
      the world who collaborate via the Internet.","id":"213b02cb-3d8d-4967-ba8d-e5767a57574e","label":"debian_bullseye","logo":"https://scw-marketplace-logos.s3.fr-par.scw.cloud/debian.png","name":"Debian
      Bullseye","updated_at":"2023-01-03T16:14:56.937558Z","valid_until":null},{"categories":["instantapp"],"created_at":"2016-03-05T15:11:26.847640Z","description":"Docker
      is an open platform for developers and sysadmins to build, ship, and run distributed
      applications.","id":"c1b530d8-0ca0-45c4-80db-ba06608287b2","label":"docker","logo":"https://scw-marketplace-logos.s3.fr-par.scw.cloud/docker.png","name":"Docker","updated_at":"2022-11-21T09:58:41.216589Z","valid_until":null},{"categories":["distribution"],"created_at":"2021-11-15T16:12:25.586923Z","description":"Fedora
      is a powerful, flexible operating system that includes the best and latest datacenter
      technologies. It puts you in control of all your infrastructure and services","id":"198bbff7-c136-4b9c-9e28-8770df451fc1","label":"fedora_35","logo":"https://scw-marketplace-logos.s3.fr-par.scw.cloud/fedora.png","name":"Fedora
      35","updated_at":"2022-11-21T09:57:37.091043Z","valid_until":null},{"categories":["distribution"],"created_at":"2022-04-14T15:45:29.069701Z","description":"Fedora
      is a powerful, flexible operating system that includes the best and latest datacenter
      technologies. It puts you in control of all your infrastructure and services","id":"186859f6-0152-45dd-9eb8-21fc5e8d774e","label":"fedora_36","logo":"https://scw-marketplace-logos.s3.fr-par.scw.cloud/fedora.png","name":"Fedora
      36","updated_at":"2022-11-21T09:57:45.692658Z","valid_until":null},{"categories":["distribution"],"created_at":"2022-11-14T10:48:04.097063Z","description":"Fedora
      is a powerful, flexible operating system that includes the best and latest datacenter
      technologies. It puts you in control of all your infrastructure and services","id":"2b0e5802-eb82-4fd5-ac8f-6877c46aa14b","label":"fedora_37","logo":"https://scw-marketplace-logos.s3.fr-par.scw.cloud/fedora.png","name":"Fedora
      37","updated_at":"2022-11-21T10:14:57.440013Z","valid_until":null},{"categories":["instantapp"],"created_at":"2016-03-07T21:06:22.770864Z","description":"GitLab
      is a web-based Git repository manager with wiki and issue tracking features.","id":"233074b9-e2ba-4e78-818e-dd4930ce6bee","label":"gitlab","logo":"https://scw-marketplace-logos.s3.fr-par.scw.cloud/gitlab.png","name":"GitLab","updated_at":"2022-11-21T09:59:01.854428Z","valid_until":null},{"categories":["instantapp"],"created_at":"2019-04-16T12:22:56.930842Z","description":"Nextcloud
      is an open source, self-hosted file share and communication platform.","id":"7d4a7cb1-1fd5-4a64-920b-c79f47367254","label":"nextcloud","logo":"https://scw-marketplace-logos.s3.fr-par.scw.cloud/nextcloud.png","name":"NextCloud","updated_at":"2022-11-21T09:58:50.824677Z","valid_until":null},{"categories":["instantapp"],"created_at":"2016-03-07T21:04:57.667667Z","description":"Surf
      the web in a secure and anonymous way with OpenVPN InstantApp.","id":"b6f4edc8-21e6-4aa2-8f52-1030cf6d4dd8","label":"openvpn","logo":"https://scw-marketplace-logos.s3.fr-par.scw.cloud/openvpn.png","name":"OpenVPN","updated_at":"2022-11-21T09:58:29.002209Z","valid_until":null},{"categories":["distribution"],"created_at":"2021-06-25T10:16:16.254240Z","description":"Rocky
      Linux is a community-driven effort to bring you enterprise-grade, production-ready
      Linux.","id":"1576bf6b-f640-47f2-9117-968419d0546e","label":"rockylinux_8","logo":"https://scw-marketplace-logos.s3.fr-par.scw.cloud/rockylinux.png","name":"Rocky
      Linux 8","updated_at":"2022-12-06T10:11:34.316020Z","valid_until":null},{"categories":["distribution"],"created_at":"2022-08-24T09:26:33.639016Z","description":"Rocky
      Linux is a community-driven effort to bring you enterprise-grade, production-ready
      Linux.","id":"589c35a9-20ce-4ed9-92d7-16dc061be52b","label":"rockylinux_9","logo":"https://scw-marketplace-logos.s3.fr-par.scw.cloud/rockylinux.png","name":"Rocky
      Linux 9","updated_at":"2022-12-06T10:11:21.937145Z","valid_until":null},{"categories":["distribution"],"created_at":"2018-04-27T14:07:25.221998Z","description":"Ubuntu
      is the ideal distribution for scale-out computing, Ubuntu Server helps you make
      the most of your infrastructure.","id":"b381b2bf-804a-4b12-91f6-9f4ff273462f","label":"ubuntu_bionic","logo":"https://scw-marketplace-logos.s3.fr-par.scw.cloud/ubuntu.png","name":"Ubuntu
      18.04 LTS (Bionic Beaver)","updated_at":"2022-11-21T09:55:29.947561Z","valid_until":null},{"categories":["distribution"],"created_at":"2020-02-17T15:50:48.980694Z","description":"Ubuntu
      is the ideal distribution for scale-out computing, Ubuntu Server helps you make
      the most of your infrastructure.","id":"3f1b9623-71ba-4fe3-b994-27fcdaa850ba","label":"ubuntu_focal","logo":"https://scw-marketplace-logos.s3.fr-par.scw.cloud/ubuntu.png","name":"Ubuntu
      20.04 TLS (Focal Fossa)","updated_at":"2022-11-21T09:55:20.580470Z","valid_until":null},{"categories":["distribution"],"created_at":"2022-04-07T13:35:54.966630Z","description":"Ubuntu
      is the ideal distribution for scale-out computing, Ubuntu Server helps you make
      the most of your infrastructure.","id":"1123148c-7660-4cb2-9fd3-7b5b4896f72f","label":"ubuntu_jammy","logo":"https://scw-marketplace-logos.s3.fr-par.scw.cloud/ubuntu.png","name":"Ubuntu
      22.04 TLS (Jammy Jellyfish)","updated_at":"2022-11-21T09:52:44.381782Z","valid_until":null},{"categories":["Machine
      Learning"],"created_at":"2021-11-30T12:37:45.971134Z","description":"Ubuntu
      20.04 Focal Fossa for Nvidia GPU and Machine Learning","id":"4dcc771c-820f-405c-b663-4564bdc2ed56","label":"ubuntu_focal_gpu_os_11","logo":"https://scw-marketplace-logos.s3.fr-par.scw.cloud/ubuntu.png","name":"Ubuntu
      Focal GPU OS 11","updated_at":"2022-09-19T14:10:37.648361Z","valid_until":null},{"categories":["instantapp"],"created_at":"2016-03-07T21:03:59.783534Z","description":"WordPress
      is the most popular web software you can use to create a beautiful website or
      blog.","id":"215a50f9-0ba8-4e9c-a4e7-10caf50e3586","label":"wordpress","logo":"https://scw-marketplace-logos.s3.fr-par.scw.cloud/wordpress.png","name":"WordPress","updated_at":"2022-11-21T09:58:15.549240Z","valid_until":null}],"total_count":22}'
    headers:
      Content-Security-Policy:
      - default-src 'none'; frame-ancestors 'none'
      Content-Type:
      - application/json
      Date:
      - Wed, 18 Jan 2023 14:48:42 GMT
      Server:
      - Scaleway API-Gateway
      Strict-Transport-Security:
      - max-age=63072000
      X-Content-Type-Options:
      - nosniff
      X-Frame-Options:
      - DENY
      X-Request-Id:
      - a1f9b3f8-24fb-45bb-adeb-5322b03e1cb4
    status: 200 OK
    code: 200
    duration: ""
- request:
    body: ""
    form: {}
    headers:
      User-Agent:
      - scaleway-sdk-go/v1.0.0-beta.7+dev (go1.19.1; linux; amd64) terraform-provider/develop
        terraform/terraform-tests
    url: https://api.scaleway.com/marketplace/v2/local-images?image_id=3f1b9623-71ba-4fe3-b994-27fcdaa850ba&order_by=created_at_asc&page=1
    method: GET
  response:
    body: '{"local_images":[{"arch":"x86_64","compatible_commercial_types":["DEV1-L","DEV1-M","DEV1-S","DEV1-XL","ENT1-2XL","ENT1-L","ENT1-M","ENT1-S","ENT1-XL","ENT1-XS","ENT1-XXS","GP1-L","GP1-M","GP1-S","GP1-VIZ","GP1-XL","GP1-XS","PLAY2-MICRO","PLAY2-NANO","PLAY2-PICO","PRO2-L","PRO2-M","PRO2-S","PRO2-XS","PRO2-XXS","RENDER-S","STARDUST1-S","START1-L","START1-M","START1-S","START1-XS","VC1L","VC1M","VC1S","X64-120GB","X64-15GB","X64-30GB","X64-60GB"],"id":"9718dbf0-b714-48c7-b489-569471fe0ed4","zone":"nl-ams-2"},{"arch":"x86_64","compatible_commercial_types":["DEV1-L","DEV1-M","DEV1-S","DEV1-XL","ENT1-2XL","ENT1-L","ENT1-M","ENT1-S","ENT1-XL","ENT1-XS","ENT1-XXS","GP1-L","GP1-M","GP1-S","GP1-VIZ","GP1-XL","GP1-XS","PLAY2-MICRO","PLAY2-NANO","PLAY2-PICO","PRO2-L","PRO2-M","PRO2-S","PRO2-XS","PRO2-XXS","RENDER-S","STARDUST1-S","START1-L","START1-M","START1-S","START1-XS","VC1L","VC1M","VC1S","X64-120GB","X64-15GB","X64-30GB","X64-60GB"],"id":"498d8681-885d-47b8-b2d0-7f57a117787f","zone":"nl-ams-1"},{"arch":"x86_64","compatible_commercial_types":["DEV1-L","DEV1-M","DEV1-S","DEV1-XL","ENT1-2XL","ENT1-L","ENT1-M","ENT1-S","ENT1-XL","ENT1-XS","ENT1-XXS","GP1-L","GP1-M","GP1-S","GP1-VIZ","GP1-XL","GP1-XS","PLAY2-MICRO","PLAY2-NANO","PLAY2-PICO","PRO2-L","PRO2-M","PRO2-S","PRO2-XS","PRO2-XXS","RENDER-S","STARDUST1-S","START1-L","START1-M","START1-S","START1-XS","VC1L","VC1M","VC1S","X64-120GB","X64-15GB","X64-30GB","X64-60GB"],"id":"d318f34b-1044-482a-afe3-1be349690a13","zone":"fr-par-1"},{"arch":"x86_64","compatible_commercial_types":["DEV1-L","DEV1-M","DEV1-S","DEV1-XL","ENT1-2XL","ENT1-L","ENT1-M","ENT1-S","ENT1-XL","ENT1-XS","ENT1-XXS","GP1-L","GP1-M","GP1-S","GP1-VIZ","GP1-XL","GP1-XS","PLAY2-MICRO","PLAY2-NANO","PLAY2-PICO","PRO2-L","PRO2-M","PRO2-S","PRO2-XS","PRO2-XXS","RENDER-S","STARDUST1-S","START1-L","START1-M","START1-S","START1-XS","VC1L","VC1M","VC1S","X64-120GB","X64-15GB","X64-30GB","X64-60GB"],"id":"aa69a458-46ae-4ea4-b34a-a2d083f52258","zone":"pl-waw-1"},{"arch":"x86_64","compatible_commercial_types":["DEV1-L","DEV1-M","DEV1-S","DEV1-XL","ENT1-2XL","ENT1-L","ENT1-M","ENT1-S","ENT1-XL","ENT1-XS","ENT1-XXS","GP1-L","GP1-M","GP1-S","GP1-VIZ","GP1-XL","GP1-XS","PLAY2-MICRO","PLAY2-NANO","PLAY2-PICO","PRO2-L","PRO2-M","PRO2-S","PRO2-XS","PRO2-XXS","RENDER-S","STARDUST1-S","START1-L","START1-M","START1-S","START1-XS","VC1L","VC1M","VC1S","X64-120GB","X64-15GB","X64-30GB","X64-60GB"],"id":"93b28169-0ac5-422e-99f5-2d03af0ede21","zone":"pl-waw-2"},{"arch":"x86_64","compatible_commercial_types":["DEV1-L","DEV1-M","DEV1-S","DEV1-XL","ENT1-2XL","ENT1-L","ENT1-M","ENT1-S","ENT1-XL","ENT1-XS","ENT1-XXS","GP1-L","GP1-M","GP1-S","GP1-VIZ","GP1-XL","GP1-XS","PLAY2-MICRO","PLAY2-NANO","PLAY2-PICO","PRO2-L","PRO2-M","PRO2-S","PRO2-XS","PRO2-XXS","RENDER-S","STARDUST1-S","START1-L","START1-M","START1-S","START1-XS","VC1L","VC1M","VC1S","X64-120GB","X64-15GB","X64-30GB","X64-60GB"],"id":"73f3e83e-656c-4645-b87a-2093bcd9f560","zone":"fr-par-3"},{"arch":"x86_64","compatible_commercial_types":["DEV1-L","DEV1-M","DEV1-S","DEV1-XL","ENT1-2XL","ENT1-L","ENT1-M","ENT1-S","ENT1-XL","ENT1-XS","ENT1-XXS","GP1-L","GP1-M","GP1-S","GP1-VIZ","GP1-XL","GP1-XS","PLAY2-MICRO","PLAY2-NANO","PLAY2-PICO","PRO2-L","PRO2-M","PRO2-S","PRO2-XS","PRO2-XXS","RENDER-S","STARDUST1-S","START1-L","START1-M","START1-S","START1-XS","VC1L","VC1M","VC1S","X64-120GB","X64-15GB","X64-30GB","X64-60GB"],"id":"ace23dcf-3de5-4d57-aa2b-0d5457c34abc","zone":"fr-par-2"}],"total_count":7}'
    headers:
      Content-Length:
      - "3492"
      Content-Security-Policy:
      - default-src 'none'; frame-ancestors 'none'
      Content-Type:
      - application/json
      Date:
      - Wed, 18 Jan 2023 14:48:42 GMT
      Server:
      - Scaleway API-Gateway
      Strict-Transport-Security:
      - max-age=63072000
      X-Content-Type-Options:
      - nosniff
      X-Frame-Options:
      - DENY
      X-Request-Id:
      - 26e2c30c-2983-4c71-80a2-516aeb171a43
    status: 200 OK
    code: 200
    duration: ""
