---
version: 1
interactions:
- request:
    body: '{"project_id":"564aa517-68b0-4fd7-8c8c-d21c4bcdcbd5","reverse":null}'
    form: {}
    headers:
      Content-Type:
      - application/json
      User-Agent:
      - scaleway-sdk-go/v1.0.0-beta.7+dev (go1.20.4; darwin; amd64) terraform-provider/develop
        terraform/terraform-tests
    url: https://api.scaleway.com/lb/v1/zones/fr-par-1/ips
    method: POST
  response:
    body: '{"id":"0e3b7619-f1d2-4492-977c-8cb729cc6be3","ip_address":"51.159.27.185","lb_id":null,"organization_id":"564aa517-68b0-4fd7-8c8c-d21c4bcdcbd5","project_id":"564aa517-68b0-4fd7-8c8c-d21c4bcdcbd5","region":"fr-par","reverse":"51-159-27-185.lb.fr-par.scw.cloud","zone":"fr-par-1"}'
    headers:
      Content-Length:
      - "285"
      Content-Security-Policy:
      - default-src 'none'; frame-ancestors 'none'
      Content-Type:
      - application/json
      Date:
      - Thu, 29 Jun 2023 13:35:01 GMT
      Server:
      - Scaleway API-Gateway
      Strict-Transport-Security:
      - max-age=63072000
      X-Content-Type-Options:
      - nosniff
      X-Frame-Options:
      - DENY
      X-Request-Id:
      - dffd2319-6d16-44cf-9d0b-7712533e90f9
    status: 200 OK
    code: 200
    duration: ""
- request:
    body: ""
    form: {}
    headers:
      User-Agent:
      - scaleway-sdk-go/v1.0.0-beta.7+dev (go1.20.4; darwin; amd64) terraform-provider/develop
        terraform/terraform-tests
    url: https://api.scaleway.com/lb/v1/zones/fr-par-1/ips/0e3b7619-f1d2-4492-977c-8cb729cc6be3
    method: GET
  response:
    body: '{"id":"0e3b7619-f1d2-4492-977c-8cb729cc6be3","ip_address":"51.159.27.185","lb_id":null,"organization_id":"564aa517-68b0-4fd7-8c8c-d21c4bcdcbd5","project_id":"564aa517-68b0-4fd7-8c8c-d21c4bcdcbd5","region":"fr-par","reverse":"51-159-27-185.lb.fr-par.scw.cloud","zone":"fr-par-1"}'
    headers:
      Content-Length:
      - "285"
      Content-Security-Policy:
      - default-src 'none'; frame-ancestors 'none'
      Content-Type:
      - application/json
      Date:
      - Thu, 29 Jun 2023 13:35:02 GMT
      Server:
      - Scaleway API-Gateway
      Strict-Transport-Security:
      - max-age=63072000
      X-Content-Type-Options:
      - nosniff
      X-Frame-Options:
      - DENY
      X-Request-Id:
      - d5381951-fab5-4352-971c-537e6847a5fe
    status: 200 OK
    code: 200
    duration: ""
- request:
    body: '{"project_id":"564aa517-68b0-4fd7-8c8c-d21c4bcdcbd5","name":"test-lb","description":"","ip_id":"0e3b7619-f1d2-4492-977c-8cb729cc6be3","assign_flexible_ip":null,"tags":null,"type":"lb-s","ssl_compatibility_level":"ssl_compatibility_level_intermediate"}'
    form: {}
    headers:
      Content-Type:
      - application/json
      User-Agent:
      - scaleway-sdk-go/v1.0.0-beta.7+dev (go1.20.4; darwin; amd64) terraform-provider/develop
        terraform/terraform-tests
    url: https://api.scaleway.com/lb/v1/zones/fr-par-1/lbs
    method: POST
  response:
    body: '{"backend_count":0,"created_at":"2023-06-29T13:35:02.149630870Z","description":"","frontend_count":0,"id":"08a835d0-a987-4f23-ad71-e8892d12f9ca","instances":[],"ip":[{"id":"0e3b7619-f1d2-4492-977c-8cb729cc6be3","ip_address":"51.159.27.185","lb_id":"08a835d0-a987-4f23-ad71-e8892d12f9ca","organization_id":"564aa517-68b0-4fd7-8c8c-d21c4bcdcbd5","project_id":"564aa517-68b0-4fd7-8c8c-d21c4bcdcbd5","region":"fr-par","reverse":"51-159-27-185.lb.fr-par.scw.cloud","zone":"fr-par-1"}],"name":"test-lb","organization_id":"564aa517-68b0-4fd7-8c8c-d21c4bcdcbd5","private_network_count":0,"project_id":"564aa517-68b0-4fd7-8c8c-d21c4bcdcbd5","region":"fr-par","route_count":0,"ssl_compatibility_level":"ssl_compatibility_level_intermediate","status":"to_create","subscriber":null,"tags":[],"type":"lb-s","updated_at":"2023-06-29T13:35:02.149630870Z","zone":"fr-par-1"}'
    headers:
      Content-Length:
      - "884"
      Content-Security-Policy:
      - default-src 'none'; frame-ancestors 'none'
      Content-Type:
      - application/json
      Date:
      - Thu, 29 Jun 2023 13:35:02 GMT
      Server:
      - Scaleway API-Gateway
      Strict-Transport-Security:
      - max-age=63072000
      X-Content-Type-Options:
      - nosniff
      X-Frame-Options:
      - DENY
      X-Request-Id:
      - a6f68221-c582-4553-b5c7-19ec1de69701
    status: 200 OK
    code: 200
    duration: ""
- request:
    body: ""
    form: {}
    headers:
      User-Agent:
      - scaleway-sdk-go/v1.0.0-beta.7+dev (go1.20.4; darwin; amd64) terraform-provider/develop
        terraform/terraform-tests
    url: https://api.scaleway.com/lb/v1/zones/fr-par-1/lbs/08a835d0-a987-4f23-ad71-e8892d12f9ca
    method: GET
  response:
    body: '{"backend_count":0,"created_at":"2023-06-29T13:35:02.149631Z","description":"","frontend_count":0,"id":"08a835d0-a987-4f23-ad71-e8892d12f9ca","instances":[{"created_at":"2023-06-29T13:33:54.654034Z","id":"25d0bf41-ad46-47fd-b2c0-ea7b1b2d297b","ip_address":"10.74.34.61","region":"fr-par","status":"unknown","updated_at":"2023-06-29T13:35:02.381756Z","zone":"fr-par-1"}],"ip":[{"id":"0e3b7619-f1d2-4492-977c-8cb729cc6be3","ip_address":"51.159.27.185","lb_id":"08a835d0-a987-4f23-ad71-e8892d12f9ca","organization_id":"564aa517-68b0-4fd7-8c8c-d21c4bcdcbd5","project_id":"564aa517-68b0-4fd7-8c8c-d21c4bcdcbd5","region":"fr-par","reverse":"51-159-27-185.lb.fr-par.scw.cloud","zone":"fr-par-1"}],"name":"test-lb","organization_id":"564aa517-68b0-4fd7-8c8c-d21c4bcdcbd5","private_network_count":0,"project_id":"564aa517-68b0-4fd7-8c8c-d21c4bcdcbd5","region":"fr-par","route_count":0,"ssl_compatibility_level":"ssl_compatibility_level_intermediate","status":"creating","subscriber":null,"tags":[],"type":"lb-s","updated_at":"2023-06-29T13:35:02.395711Z","zone":"fr-par-1"}'
    headers:
      Content-Length:
      - "1096"
      Content-Security-Policy:
      - default-src 'none'; frame-ancestors 'none'
      Content-Type:
      - application/json
      Date:
      - Thu, 29 Jun 2023 13:35:02 GMT
      Server:
      - Scaleway API-Gateway
      Strict-Transport-Security:
      - max-age=63072000
      X-Content-Type-Options:
      - nosniff
      X-Frame-Options:
      - DENY
      X-Request-Id:
      - a4b0a4bd-62e1-45ec-9686-f8d5d63fc9fe
    status: 200 OK
    code: 200
    duration: ""
- request:
    body: ""
    form: {}
    headers:
      User-Agent:
      - scaleway-sdk-go/v1.0.0-beta.7+dev (go1.20.4; darwin; amd64) terraform-provider/develop
        terraform/terraform-tests
    url: https://api.scaleway.com/lb/v1/zones/fr-par-1/lbs/08a835d0-a987-4f23-ad71-e8892d12f9ca
    method: GET
  response:
    body: '{"backend_count":0,"created_at":"2023-06-29T13:35:02.149631Z","description":"","frontend_count":0,"id":"08a835d0-a987-4f23-ad71-e8892d12f9ca","instances":[{"created_at":"2023-06-29T13:33:54.654034Z","id":"25d0bf41-ad46-47fd-b2c0-ea7b1b2d297b","ip_address":"10.74.34.61","region":"fr-par","status":"ready","updated_at":"2023-06-29T13:35:03.230840Z","zone":"fr-par-1"}],"ip":[{"id":"0e3b7619-f1d2-4492-977c-8cb729cc6be3","ip_address":"51.159.27.185","lb_id":"08a835d0-a987-4f23-ad71-e8892d12f9ca","organization_id":"564aa517-68b0-4fd7-8c8c-d21c4bcdcbd5","project_id":"564aa517-68b0-4fd7-8c8c-d21c4bcdcbd5","region":"fr-par","reverse":"51-159-27-185.lb.fr-par.scw.cloud","zone":"fr-par-1"}],"name":"test-lb","organization_id":"564aa517-68b0-4fd7-8c8c-d21c4bcdcbd5","private_network_count":0,"project_id":"564aa517-68b0-4fd7-8c8c-d21c4bcdcbd5","region":"fr-par","route_count":0,"ssl_compatibility_level":"ssl_compatibility_level_intermediate","status":"ready","subscriber":null,"tags":[],"type":"lb-s","updated_at":"2023-06-29T13:35:04.357115Z","zone":"fr-par-1"}'
    headers:
      Content-Length:
      - "1091"
      Content-Security-Policy:
      - default-src 'none'; frame-ancestors 'none'
      Content-Type:
      - application/json
      Date:
      - Thu, 29 Jun 2023 13:35:32 GMT
      Server:
      - Scaleway API-Gateway
      Strict-Transport-Security:
      - max-age=63072000
      X-Content-Type-Options:
      - nosniff
      X-Frame-Options:
      - DENY
      X-Request-Id:
      - 915c05f5-fee9-4635-bba0-3458df38292c
    status: 200 OK
    code: 200
    duration: ""
- request:
    body: ""
    form: {}
    headers:
      User-Agent:
      - scaleway-sdk-go/v1.0.0-beta.7+dev (go1.20.4; darwin; amd64) terraform-provider/develop
        terraform/terraform-tests
    url: https://api.scaleway.com/lb/v1/zones/fr-par-1/lbs/08a835d0-a987-4f23-ad71-e8892d12f9ca
    method: GET
  response:
    body: '{"backend_count":0,"created_at":"2023-06-29T13:35:02.149631Z","description":"","frontend_count":0,"id":"08a835d0-a987-4f23-ad71-e8892d12f9ca","instances":[{"created_at":"2023-06-29T13:33:54.654034Z","id":"25d0bf41-ad46-47fd-b2c0-ea7b1b2d297b","ip_address":"10.74.34.61","region":"fr-par","status":"ready","updated_at":"2023-06-29T13:35:03.230840Z","zone":"fr-par-1"}],"ip":[{"id":"0e3b7619-f1d2-4492-977c-8cb729cc6be3","ip_address":"51.159.27.185","lb_id":"08a835d0-a987-4f23-ad71-e8892d12f9ca","organization_id":"564aa517-68b0-4fd7-8c8c-d21c4bcdcbd5","project_id":"564aa517-68b0-4fd7-8c8c-d21c4bcdcbd5","region":"fr-par","reverse":"51-159-27-185.lb.fr-par.scw.cloud","zone":"fr-par-1"}],"name":"test-lb","organization_id":"564aa517-68b0-4fd7-8c8c-d21c4bcdcbd5","private_network_count":0,"project_id":"564aa517-68b0-4fd7-8c8c-d21c4bcdcbd5","region":"fr-par","route_count":0,"ssl_compatibility_level":"ssl_compatibility_level_intermediate","status":"ready","subscriber":null,"tags":[],"type":"lb-s","updated_at":"2023-06-29T13:35:04.357115Z","zone":"fr-par-1"}'
    headers:
      Content-Length:
      - "1091"
      Content-Security-Policy:
      - default-src 'none'; frame-ancestors 'none'
      Content-Type:
      - application/json
      Date:
      - Thu, 29 Jun 2023 13:35:32 GMT
      Server:
      - Scaleway API-Gateway
      Strict-Transport-Security:
      - max-age=63072000
      X-Content-Type-Options:
      - nosniff
      X-Frame-Options:
      - DENY
      X-Request-Id:
      - c75038f9-7272-4411-b9ce-8ba35af39980
    status: 200 OK
    code: 200
    duration: ""
- request:
    body: ""
    form: {}
    headers:
      User-Agent:
      - scaleway-sdk-go/v1.0.0-beta.7+dev (go1.20.4; darwin; amd64) terraform-provider/develop
        terraform/terraform-tests
    url: https://api.scaleway.com/lb/v1/zones/fr-par-1/lbs/08a835d0-a987-4f23-ad71-e8892d12f9ca/private-networks?order_by=created_at_asc
    method: GET
  response:
    body: '{"private_network":[],"total_count":0}'
    headers:
      Content-Length:
      - "39"
      Content-Security-Policy:
      - default-src 'none'; frame-ancestors 'none'
      Content-Type:
      - application/json
      Date:
      - Thu, 29 Jun 2023 13:35:32 GMT
      Server:
      - Scaleway API-Gateway
      Strict-Transport-Security:
      - max-age=63072000
      X-Content-Type-Options:
      - nosniff
      X-Frame-Options:
      - DENY
      X-Request-Id:
      - a0954631-c447-4838-bfaa-cac42e2ca737
    status: 200 OK
    code: 200
    duration: ""
- request:
    body: ""
    form: {}
    headers:
      User-Agent:
      - scaleway-sdk-go/v1.0.0-beta.7+dev (go1.20.4; darwin; amd64) terraform-provider/develop
        terraform/terraform-tests
    url: https://api.scaleway.com/lb/v1/zones/fr-par-1/lbs/08a835d0-a987-4f23-ad71-e8892d12f9ca
    method: GET
  response:
    body: '{"backend_count":0,"created_at":"2023-06-29T13:35:02.149631Z","description":"","frontend_count":0,"id":"08a835d0-a987-4f23-ad71-e8892d12f9ca","instances":[{"created_at":"2023-06-29T13:33:54.654034Z","id":"25d0bf41-ad46-47fd-b2c0-ea7b1b2d297b","ip_address":"10.74.34.61","region":"fr-par","status":"ready","updated_at":"2023-06-29T13:35:03.230840Z","zone":"fr-par-1"}],"ip":[{"id":"0e3b7619-f1d2-4492-977c-8cb729cc6be3","ip_address":"51.159.27.185","lb_id":"08a835d0-a987-4f23-ad71-e8892d12f9ca","organization_id":"564aa517-68b0-4fd7-8c8c-d21c4bcdcbd5","project_id":"564aa517-68b0-4fd7-8c8c-d21c4bcdcbd5","region":"fr-par","reverse":"51-159-27-185.lb.fr-par.scw.cloud","zone":"fr-par-1"}],"name":"test-lb","organization_id":"564aa517-68b0-4fd7-8c8c-d21c4bcdcbd5","private_network_count":0,"project_id":"564aa517-68b0-4fd7-8c8c-d21c4bcdcbd5","region":"fr-par","route_count":0,"ssl_compatibility_level":"ssl_compatibility_level_intermediate","status":"ready","subscriber":null,"tags":[],"type":"lb-s","updated_at":"2023-06-29T13:35:04.357115Z","zone":"fr-par-1"}'
    headers:
      Content-Length:
      - "1091"
      Content-Security-Policy:
      - default-src 'none'; frame-ancestors 'none'
      Content-Type:
      - application/json
      Date:
      - Thu, 29 Jun 2023 13:35:32 GMT
      Server:
      - Scaleway API-Gateway
      Strict-Transport-Security:
      - max-age=63072000
      X-Content-Type-Options:
      - nosniff
      X-Frame-Options:
      - DENY
      X-Request-Id:
      - 2ccfd50e-0d75-44da-9b84-3568d0a659e6
    status: 200 OK
    code: 200
    duration: ""
- request:
    body: '{"name":"tf-lb-bkd-wonderful-cartwright","forward_protocol":"tcp","forward_port":80,"forward_port_algorithm":"roundrobin","sticky_sessions":"none","sticky_sessions_cookie_name":"","health_check":{"port":80,"check_max_retries":2,"check_send_proxy":false,"transient_check_delay":null,"check_delay":60000,"check_timeout":30000},"server_ip":null,"on_marked_down_action":"on_marked_down_action_none","proxy_protocol":"proxy_protocol_none","failover_host":null,"ssl_bridging":false,"ignore_ssl_server_verify":false,"redispatch_attempt_count":null,"max_retries":3,"max_connections":null,"timeout_queue":"0.000000000s","timeout_server":300000,"timeout_connect":5000,"timeout_tunnel":900000}'
    form: {}
    headers:
      Content-Type:
      - application/json
      User-Agent:
      - scaleway-sdk-go/v1.0.0-beta.7+dev (go1.20.4; darwin; amd64) terraform-provider/develop
        terraform/terraform-tests
    url: https://api.scaleway.com/lb/v1/zones/fr-par-1/lbs/08a835d0-a987-4f23-ad71-e8892d12f9ca/backends
    method: POST
  response:
    body: '{"created_at":"2023-06-29T13:35:32.902867354Z","failover_host":null,"forward_port":80,"forward_port_algorithm":"roundrobin","forward_protocol":"tcp","health_check":{"check_delay":60000,"check_max_retries":2,"check_send_proxy":false,"check_timeout":30000,"port":80,"tcp_config":{},"transient_check_delay":null},"id":"d7d44ba1-a37b-48e2-aa6b-e32032e93d5b","ignore_ssl_server_verify":false,"lb":{"backend_count":1,"created_at":"2023-06-29T13:35:02.149631Z","description":"","frontend_count":0,"id":"08a835d0-a987-4f23-ad71-e8892d12f9ca","instances":[{"created_at":"2023-06-29T13:33:54.654034Z","id":"25d0bf41-ad46-47fd-b2c0-ea7b1b2d297b","ip_address":"10.74.34.61","region":"fr-par","status":"pending","updated_at":"2023-06-29T13:35:32.947094335Z","zone":"fr-par-1"}],"ip":[{"id":"0e3b7619-f1d2-4492-977c-8cb729cc6be3","ip_address":"51.159.27.185","lb_id":"08a835d0-a987-4f23-ad71-e8892d12f9ca","organization_id":"564aa517-68b0-4fd7-8c8c-d21c4bcdcbd5","project_id":"564aa517-68b0-4fd7-8c8c-d21c4bcdcbd5","region":"fr-par","reverse":"51-159-27-185.lb.fr-par.scw.cloud","zone":"fr-par-1"}],"name":"test-lb","organization_id":"564aa517-68b0-4fd7-8c8c-d21c4bcdcbd5","private_network_count":0,"project_id":"564aa517-68b0-4fd7-8c8c-d21c4bcdcbd5","region":"fr-par","route_count":0,"ssl_compatibility_level":"ssl_compatibility_level_intermediate","status":"ready","subscriber":null,"tags":[],"type":"lb-s","updated_at":"2023-06-29T13:35:04.357115Z","zone":"fr-par-1"},"max_connections":null,"max_retries":3,"name":"tf-lb-bkd-wonderful-cartwright","on_marked_down_action":"on_marked_down_action_none","pool":[],"proxy_protocol":"proxy_protocol_none","redispatch_attempt_count":null,"send_proxy_v2":false,"ssl_bridging":false,"sticky_sessions":"none","sticky_sessions_cookie_name":"","timeout_connect":5000,"timeout_queue":"0s","timeout_server":300000,"timeout_tunnel":900000,"updated_at":"2023-06-29T13:35:32.902867354Z"}'
    headers:
      Content-Length:
      - "1971"
      Content-Security-Policy:
      - default-src 'none'; frame-ancestors 'none'
      Content-Type:
      - application/json
      Date:
      - Thu, 29 Jun 2023 13:35:33 GMT
      Server:
      - Scaleway API-Gateway
      Strict-Transport-Security:
      - max-age=63072000
      X-Content-Type-Options:
      - nosniff
      X-Frame-Options:
      - DENY
      X-Request-Id:
      - c2157506-dc95-42ec-81c9-87f1ec6275df
    status: 200 OK
    code: 200
    duration: ""
- request:
    body: ""
    form: {}
    headers:
      User-Agent:
      - scaleway-sdk-go/v1.0.0-beta.7+dev (go1.20.4; darwin; amd64) terraform-provider/develop
        terraform/terraform-tests
    url: https://api.scaleway.com/lb/v1/zones/fr-par-1/lbs/08a835d0-a987-4f23-ad71-e8892d12f9ca
    method: GET
  response:
    body: '{"backend_count":1,"created_at":"2023-06-29T13:35:02.149631Z","description":"","frontend_count":0,"id":"08a835d0-a987-4f23-ad71-e8892d12f9ca","instances":[{"created_at":"2023-06-29T13:33:54.654034Z","id":"25d0bf41-ad46-47fd-b2c0-ea7b1b2d297b","ip_address":"10.74.34.61","region":"fr-par","status":"pending","updated_at":"2023-06-29T13:35:32.947094Z","zone":"fr-par-1"}],"ip":[{"id":"0e3b7619-f1d2-4492-977c-8cb729cc6be3","ip_address":"51.159.27.185","lb_id":"08a835d0-a987-4f23-ad71-e8892d12f9ca","organization_id":"564aa517-68b0-4fd7-8c8c-d21c4bcdcbd5","project_id":"564aa517-68b0-4fd7-8c8c-d21c4bcdcbd5","region":"fr-par","reverse":"51-159-27-185.lb.fr-par.scw.cloud","zone":"fr-par-1"}],"name":"test-lb","organization_id":"564aa517-68b0-4fd7-8c8c-d21c4bcdcbd5","private_network_count":0,"project_id":"564aa517-68b0-4fd7-8c8c-d21c4bcdcbd5","region":"fr-par","route_count":0,"ssl_compatibility_level":"ssl_compatibility_level_intermediate","status":"ready","subscriber":null,"tags":[],"type":"lb-s","updated_at":"2023-06-29T13:35:04.357115Z","zone":"fr-par-1"}'
    headers:
      Content-Length:
      - "1093"
      Content-Security-Policy:
      - default-src 'none'; frame-ancestors 'none'
      Content-Type:
      - application/json
      Date:
      - Thu, 29 Jun 2023 13:35:33 GMT
      Server:
      - Scaleway API-Gateway
      Strict-Transport-Security:
      - max-age=63072000
      X-Content-Type-Options:
      - nosniff
      X-Frame-Options:
      - DENY
      X-Request-Id:
      - da0d9e95-623a-46c8-baa4-045d2def9ec2
    status: 200 OK
    code: 200
    duration: ""
- request:
    body: ""
    form: {}
    headers:
      User-Agent:
      - scaleway-sdk-go/v1.0.0-beta.7+dev (go1.20.4; darwin; amd64) terraform-provider/develop
        terraform/terraform-tests
    url: https://api.scaleway.com/lb/v1/zones/fr-par-1/backends/d7d44ba1-a37b-48e2-aa6b-e32032e93d5b
    method: GET
  response:
    body: '{"created_at":"2023-06-29T13:35:32.902867Z","failover_host":null,"forward_port":80,"forward_port_algorithm":"roundrobin","forward_protocol":"tcp","health_check":{"check_delay":60000,"check_max_retries":2,"check_send_proxy":false,"check_timeout":30000,"port":80,"tcp_config":{},"transient_check_delay":null},"id":"d7d44ba1-a37b-48e2-aa6b-e32032e93d5b","ignore_ssl_server_verify":false,"lb":{"backend_count":1,"created_at":"2023-06-29T13:35:02.149631Z","description":"","frontend_count":0,"id":"08a835d0-a987-4f23-ad71-e8892d12f9ca","instances":[{"created_at":"2023-06-29T13:33:54.654034Z","id":"25d0bf41-ad46-47fd-b2c0-ea7b1b2d297b","ip_address":"10.74.34.61","region":"fr-par","status":"pending","updated_at":"2023-06-29T13:35:32.947094Z","zone":"fr-par-1"}],"ip":[{"id":"0e3b7619-f1d2-4492-977c-8cb729cc6be3","ip_address":"51.159.27.185","lb_id":"08a835d0-a987-4f23-ad71-e8892d12f9ca","organization_id":"564aa517-68b0-4fd7-8c8c-d21c4bcdcbd5","project_id":"564aa517-68b0-4fd7-8c8c-d21c4bcdcbd5","region":"fr-par","reverse":"51-159-27-185.lb.fr-par.scw.cloud","zone":"fr-par-1"}],"name":"test-lb","organization_id":"564aa517-68b0-4fd7-8c8c-d21c4bcdcbd5","private_network_count":0,"project_id":"564aa517-68b0-4fd7-8c8c-d21c4bcdcbd5","region":"fr-par","route_count":0,"ssl_compatibility_level":"ssl_compatibility_level_intermediate","status":"ready","subscriber":null,"tags":[],"type":"lb-s","updated_at":"2023-06-29T13:35:04.357115Z","zone":"fr-par-1"},"max_connections":null,"max_retries":3,"name":"tf-lb-bkd-wonderful-cartwright","on_marked_down_action":"on_marked_down_action_none","pool":[],"proxy_protocol":"proxy_protocol_none","redispatch_attempt_count":null,"send_proxy_v2":false,"ssl_bridging":false,"sticky_sessions":"none","sticky_sessions_cookie_name":"","timeout_connect":5000,"timeout_queue":"0s","timeout_server":300000,"timeout_tunnel":900000,"updated_at":"2023-06-29T13:35:32.902867Z"}'
    headers:
      Content-Length:
      - "1962"
      Content-Security-Policy:
      - default-src 'none'; frame-ancestors 'none'
      Content-Type:
      - application/json
      Date:
      - Thu, 29 Jun 2023 13:35:33 GMT
      Server:
      - Scaleway API-Gateway
      Strict-Transport-Security:
      - max-age=63072000
      X-Content-Type-Options:
      - nosniff
      X-Frame-Options:
      - DENY
      X-Request-Id:
      - 9e5c7462-c37d-40ce-8d2a-2e652f07594c
    status: 200 OK
    code: 200
    duration: ""
- request:
    body: ""
    form: {}
    headers:
      User-Agent:
      - scaleway-sdk-go/v1.0.0-beta.7+dev (go1.20.4; darwin; amd64) terraform-provider/develop
        terraform/terraform-tests
    url: https://api.scaleway.com/lb/v1/zones/fr-par-1/lbs/08a835d0-a987-4f23-ad71-e8892d12f9ca
    method: GET
  response:
    body: '{"backend_count":1,"created_at":"2023-06-29T13:35:02.149631Z","description":"","frontend_count":0,"id":"08a835d0-a987-4f23-ad71-e8892d12f9ca","instances":[{"created_at":"2023-06-29T13:33:54.654034Z","id":"25d0bf41-ad46-47fd-b2c0-ea7b1b2d297b","ip_address":"10.74.34.61","region":"fr-par","status":"ready","updated_at":"2023-06-29T13:35:33.241969Z","zone":"fr-par-1"}],"ip":[{"id":"0e3b7619-f1d2-4492-977c-8cb729cc6be3","ip_address":"51.159.27.185","lb_id":"08a835d0-a987-4f23-ad71-e8892d12f9ca","organization_id":"564aa517-68b0-4fd7-8c8c-d21c4bcdcbd5","project_id":"564aa517-68b0-4fd7-8c8c-d21c4bcdcbd5","region":"fr-par","reverse":"51-159-27-185.lb.fr-par.scw.cloud","zone":"fr-par-1"}],"name":"test-lb","organization_id":"564aa517-68b0-4fd7-8c8c-d21c4bcdcbd5","private_network_count":0,"project_id":"564aa517-68b0-4fd7-8c8c-d21c4bcdcbd5","region":"fr-par","route_count":0,"ssl_compatibility_level":"ssl_compatibility_level_intermediate","status":"ready","subscriber":null,"tags":[],"type":"lb-s","updated_at":"2023-06-29T13:35:04.357115Z","zone":"fr-par-1"}'
    headers:
      Content-Length:
      - "1091"
      Content-Security-Policy:
      - default-src 'none'; frame-ancestors 'none'
      Content-Type:
      - application/json
      Date:
      - Thu, 29 Jun 2023 13:35:33 GMT
      Server:
      - Scaleway API-Gateway
      Strict-Transport-Security:
      - max-age=63072000
      X-Content-Type-Options:
      - nosniff
      X-Frame-Options:
      - DENY
      X-Request-Id:
      - 2df9ce5f-81fd-4c07-8302-b0ac7cd11bfb
    status: 200 OK
    code: 200
    duration: ""
- request:
    body: ""
    form: {}
    headers:
      User-Agent:
      - scaleway-sdk-go/v1.0.0-beta.7+dev (go1.20.4; darwin; amd64) terraform-provider/develop
        terraform/terraform-tests
    url: https://api.scaleway.com/lb/v1/zones/fr-par-1/lbs/08a835d0-a987-4f23-ad71-e8892d12f9ca
    method: GET
  response:
    body: '{"backend_count":1,"created_at":"2023-06-29T13:35:02.149631Z","description":"","frontend_count":0,"id":"08a835d0-a987-4f23-ad71-e8892d12f9ca","instances":[{"created_at":"2023-06-29T13:33:54.654034Z","id":"25d0bf41-ad46-47fd-b2c0-ea7b1b2d297b","ip_address":"10.74.34.61","region":"fr-par","status":"ready","updated_at":"2023-06-29T13:35:33.241969Z","zone":"fr-par-1"}],"ip":[{"id":"0e3b7619-f1d2-4492-977c-8cb729cc6be3","ip_address":"51.159.27.185","lb_id":"08a835d0-a987-4f23-ad71-e8892d12f9ca","organization_id":"564aa517-68b0-4fd7-8c8c-d21c4bcdcbd5","project_id":"564aa517-68b0-4fd7-8c8c-d21c4bcdcbd5","region":"fr-par","reverse":"51-159-27-185.lb.fr-par.scw.cloud","zone":"fr-par-1"}],"name":"test-lb","organization_id":"564aa517-68b0-4fd7-8c8c-d21c4bcdcbd5","private_network_count":0,"project_id":"564aa517-68b0-4fd7-8c8c-d21c4bcdcbd5","region":"fr-par","route_count":0,"ssl_compatibility_level":"ssl_compatibility_level_intermediate","status":"ready","subscriber":null,"tags":[],"type":"lb-s","updated_at":"2023-06-29T13:35:04.357115Z","zone":"fr-par-1"}'
    headers:
      Content-Length:
      - "1091"
      Content-Security-Policy:
      - default-src 'none'; frame-ancestors 'none'
      Content-Type:
      - application/json
      Date:
      - Thu, 29 Jun 2023 13:35:33 GMT
      Server:
      - Scaleway API-Gateway
      Strict-Transport-Security:
      - max-age=63072000
      X-Content-Type-Options:
      - nosniff
      X-Frame-Options:
      - DENY
      X-Request-Id:
      - 22316df4-0cf5-42b4-a188-5ccc37fc499d
    status: 200 OK
    code: 200
    duration: ""
- request:
    body: '{"name":"tf-lb-frt-gallant-kilby","inbound_port":80,"backend_id":"d7d44ba1-a37b-48e2-aa6b-e32032e93d5b","certificate_ids":null,"enable_http3":false,"timeout_client":null}'
    form: {}
    headers:
      Content-Type:
      - application/json
      User-Agent:
      - scaleway-sdk-go/v1.0.0-beta.7+dev (go1.20.4; darwin; amd64) terraform-provider/develop
        terraform/terraform-tests
    url: https://api.scaleway.com/lb/v1/zones/fr-par-1/lbs/08a835d0-a987-4f23-ad71-e8892d12f9ca/frontends
    method: POST
  response:
    body: '{"backend":{"created_at":"2023-06-29T13:35:32.902867Z","failover_host":null,"forward_port":80,"forward_port_algorithm":"roundrobin","forward_protocol":"tcp","health_check":{"check_delay":60000,"check_max_retries":2,"check_send_proxy":false,"check_timeout":30000,"port":80,"tcp_config":{},"transient_check_delay":null},"id":"d7d44ba1-a37b-48e2-aa6b-e32032e93d5b","ignore_ssl_server_verify":false,"lb":{"backend_count":1,"created_at":"2023-06-29T13:35:02.149631Z","description":"","frontend_count":1,"id":"08a835d0-a987-4f23-ad71-e8892d12f9ca","instances":[],"ip":[{"id":"0e3b7619-f1d2-4492-977c-8cb729cc6be3","ip_address":"51.159.27.185","lb_id":"08a835d0-a987-4f23-ad71-e8892d12f9ca","organization_id":"564aa517-68b0-4fd7-8c8c-d21c4bcdcbd5","project_id":"564aa517-68b0-4fd7-8c8c-d21c4bcdcbd5","region":"fr-par","reverse":"51-159-27-185.lb.fr-par.scw.cloud","zone":"fr-par-1"}],"name":"test-lb","organization_id":"564aa517-68b0-4fd7-8c8c-d21c4bcdcbd5","private_network_count":0,"project_id":"564aa517-68b0-4fd7-8c8c-d21c4bcdcbd5","region":"fr-par","route_count":0,"ssl_compatibility_level":"ssl_compatibility_level_intermediate","status":"ready","subscriber":null,"tags":[],"type":"lb-s","updated_at":"2023-06-29T13:35:04.357115Z","zone":"fr-par-1"},"max_connections":null,"max_retries":3,"name":"tf-lb-bkd-wonderful-cartwright","on_marked_down_action":"on_marked_down_action_none","pool":[],"proxy_protocol":"proxy_protocol_none","redispatch_attempt_count":null,"send_proxy_v2":false,"ssl_bridging":false,"sticky_sessions":"none","sticky_sessions_cookie_name":"","timeout_connect":5000,"timeout_queue":"0s","timeout_server":300000,"timeout_tunnel":900000,"updated_at":"2023-06-29T13:35:32.902867Z"},"certificate":null,"certificate_ids":[],"created_at":"2023-06-29T13:35:33.617535Z","enable_http3":false,"id":"b4fcfb7e-012f-49e2-a48a-fe1ad1710d78","inbound_port":80,"lb":{"backend_count":1,"created_at":"2023-06-29T13:35:02.149631Z","description":"","frontend_count":1,"id":"08a835d0-a987-4f23-ad71-e8892d12f9ca","instances":[{"created_at":"2023-06-29T13:33:54.654034Z","id":"25d0bf41-ad46-47fd-b2c0-ea7b1b2d297b","ip_address":"10.74.34.61","region":"fr-par","status":"pending","updated_at":"2023-06-29T13:35:33.672584511Z","zone":"fr-par-1"}],"ip":[{"id":"0e3b7619-f1d2-4492-977c-8cb729cc6be3","ip_address":"51.159.27.185","lb_id":"08a835d0-a987-4f23-ad71-e8892d12f9ca","organization_id":"564aa517-68b0-4fd7-8c8c-d21c4bcdcbd5","project_id":"564aa517-68b0-4fd7-8c8c-d21c4bcdcbd5","region":"fr-par","reverse":"51-159-27-185.lb.fr-par.scw.cloud","zone":"fr-par-1"}],"name":"test-lb","organization_id":"564aa517-68b0-4fd7-8c8c-d21c4bcdcbd5","private_network_count":0,"project_id":"564aa517-68b0-4fd7-8c8c-d21c4bcdcbd5","region":"fr-par","route_count":0,"ssl_compatibility_level":"ssl_compatibility_level_intermediate","status":"ready","subscriber":null,"tags":[],"type":"lb-s","updated_at":"2023-06-29T13:35:04.357115Z","zone":"fr-par-1"},"name":"tf-lb-frt-gallant-kilby","timeout_client":null,"updated_at":"2023-06-29T13:35:33.617535Z"}'
    headers:
      Content-Length:
      - "3131"
      Content-Security-Policy:
      - default-src 'none'; frame-ancestors 'none'
      Content-Type:
      - application/json
      Date:
      - Thu, 29 Jun 2023 13:35:33 GMT
      Server:
      - Scaleway API-Gateway
      Strict-Transport-Security:
      - max-age=63072000
      X-Content-Type-Options:
      - nosniff
      X-Frame-Options:
      - DENY
      X-Request-Id:
      - f47c152b-1a3b-4fe0-9b87-66d80b73b641
    status: 200 OK
    code: 200
    duration: ""
- request:
    body: ""
    form: {}
    headers:
      User-Agent:
      - scaleway-sdk-go/v1.0.0-beta.7+dev (go1.20.4; darwin; amd64) terraform-provider/develop
        terraform/terraform-tests
    url: https://api.scaleway.com/lb/v1/zones/fr-par-1/lbs/08a835d0-a987-4f23-ad71-e8892d12f9ca
    method: GET
  response:
    body: '{"backend_count":1,"created_at":"2023-06-29T13:35:02.149631Z","description":"","frontend_count":1,"id":"08a835d0-a987-4f23-ad71-e8892d12f9ca","instances":[{"created_at":"2023-06-29T13:33:54.654034Z","id":"25d0bf41-ad46-47fd-b2c0-ea7b1b2d297b","ip_address":"10.74.34.61","region":"fr-par","status":"pending","updated_at":"2023-06-29T13:35:33.672585Z","zone":"fr-par-1"}],"ip":[{"id":"0e3b7619-f1d2-4492-977c-8cb729cc6be3","ip_address":"51.159.27.185","lb_id":"08a835d0-a987-4f23-ad71-e8892d12f9ca","organization_id":"564aa517-68b0-4fd7-8c8c-d21c4bcdcbd5","project_id":"564aa517-68b0-4fd7-8c8c-d21c4bcdcbd5","region":"fr-par","reverse":"51-159-27-185.lb.fr-par.scw.cloud","zone":"fr-par-1"}],"name":"test-lb","organization_id":"564aa517-68b0-4fd7-8c8c-d21c4bcdcbd5","private_network_count":0,"project_id":"564aa517-68b0-4fd7-8c8c-d21c4bcdcbd5","region":"fr-par","route_count":0,"ssl_compatibility_level":"ssl_compatibility_level_intermediate","status":"ready","subscriber":null,"tags":[],"type":"lb-s","updated_at":"2023-06-29T13:35:04.357115Z","zone":"fr-par-1"}'
    headers:
      Content-Length:
      - "1093"
      Content-Security-Policy:
      - default-src 'none'; frame-ancestors 'none'
      Content-Type:
      - application/json
      Date:
      - Thu, 29 Jun 2023 13:35:33 GMT
      Server:
      - Scaleway API-Gateway
      Strict-Transport-Security:
      - max-age=63072000
      X-Content-Type-Options:
      - nosniff
      X-Frame-Options:
      - DENY
      X-Request-Id:
      - c1e11be7-ca95-4afa-8247-d16a7057c3e2
    status: 200 OK
    code: 200
    duration: ""
- request:
    body: '{"name":"tf-lb-frt-romantic-brattain","inbound_port":80,"backend_id":"d7d44ba1-a37b-48e2-aa6b-e32032e93d5b","certificate_ids":null,"enable_http3":false,"timeout_client":null}'
    form: {}
    headers:
      Content-Type:
      - application/json
      User-Agent:
      - scaleway-sdk-go/v1.0.0-beta.7+dev (go1.20.4; darwin; amd64) terraform-provider/develop
        terraform/terraform-tests
    url: https://api.scaleway.com/lb/v1/zones/fr-par-1/frontends/b4fcfb7e-012f-49e2-a48a-fe1ad1710d78
    method: PUT
  response:
    body: '{"backend":{"created_at":"2023-06-29T13:35:32.902867Z","failover_host":null,"forward_port":80,"forward_port_algorithm":"roundrobin","forward_protocol":"tcp","health_check":{"check_delay":60000,"check_max_retries":2,"check_send_proxy":false,"check_timeout":30000,"port":80,"tcp_config":{},"transient_check_delay":null},"id":"d7d44ba1-a37b-48e2-aa6b-e32032e93d5b","ignore_ssl_server_verify":false,"lb":{"backend_count":1,"created_at":"2023-06-29T13:35:02.149631Z","description":"","frontend_count":1,"id":"08a835d0-a987-4f23-ad71-e8892d12f9ca","instances":[],"ip":[{"id":"0e3b7619-f1d2-4492-977c-8cb729cc6be3","ip_address":"51.159.27.185","lb_id":"08a835d0-a987-4f23-ad71-e8892d12f9ca","organization_id":"564aa517-68b0-4fd7-8c8c-d21c4bcdcbd5","project_id":"564aa517-68b0-4fd7-8c8c-d21c4bcdcbd5","region":"fr-par","reverse":"51-159-27-185.lb.fr-par.scw.cloud","zone":"fr-par-1"}],"name":"test-lb","organization_id":"564aa517-68b0-4fd7-8c8c-d21c4bcdcbd5","private_network_count":0,"project_id":"564aa517-68b0-4fd7-8c8c-d21c4bcdcbd5","region":"fr-par","route_count":0,"ssl_compatibility_level":"ssl_compatibility_level_intermediate","status":"ready","subscriber":null,"tags":[],"type":"lb-s","updated_at":"2023-06-29T13:35:04.357115Z","zone":"fr-par-1"},"max_connections":null,"max_retries":3,"name":"tf-lb-bkd-wonderful-cartwright","on_marked_down_action":"on_marked_down_action_none","pool":[],"proxy_protocol":"proxy_protocol_none","redispatch_attempt_count":null,"send_proxy_v2":false,"ssl_bridging":false,"sticky_sessions":"none","sticky_sessions_cookie_name":"","timeout_connect":5000,"timeout_queue":"0s","timeout_server":300000,"timeout_tunnel":900000,"updated_at":"2023-06-29T13:35:32.902867Z"},"certificate":null,"certificate_ids":[],"created_at":"2023-06-29T13:35:33.617535Z","enable_http3":false,"id":"b4fcfb7e-012f-49e2-a48a-fe1ad1710d78","inbound_port":80,"lb":{"backend_count":1,"created_at":"2023-06-29T13:35:02.149631Z","description":"","frontend_count":1,"id":"08a835d0-a987-4f23-ad71-e8892d12f9ca","instances":[{"created_at":"2023-06-29T13:33:54.654034Z","id":"25d0bf41-ad46-47fd-b2c0-ea7b1b2d297b","ip_address":"10.74.34.61","region":"fr-par","status":"pending","updated_at":"2023-06-29T13:35:34.146738661Z","zone":"fr-par-1"}],"ip":[{"id":"0e3b7619-f1d2-4492-977c-8cb729cc6be3","ip_address":"51.159.27.185","lb_id":"08a835d0-a987-4f23-ad71-e8892d12f9ca","organization_id":"564aa517-68b0-4fd7-8c8c-d21c4bcdcbd5","project_id":"564aa517-68b0-4fd7-8c8c-d21c4bcdcbd5","region":"fr-par","reverse":"51-159-27-185.lb.fr-par.scw.cloud","zone":"fr-par-1"}],"name":"test-lb","organization_id":"564aa517-68b0-4fd7-8c8c-d21c4bcdcbd5","private_network_count":0,"project_id":"564aa517-68b0-4fd7-8c8c-d21c4bcdcbd5","region":"fr-par","route_count":0,"ssl_compatibility_level":"ssl_compatibility_level_intermediate","status":"ready","subscriber":null,"tags":[],"type":"lb-s","updated_at":"2023-06-29T13:35:04.357115Z","zone":"fr-par-1"},"name":"tf-lb-frt-romantic-brattain","timeout_client":null,"updated_at":"2023-06-29T13:35:34.052112110Z"}'
    headers:
      Content-Length:
      - "3138"
      Content-Security-Policy:
      - default-src 'none'; frame-ancestors 'none'
      Content-Type:
      - application/json
      Date:
      - Thu, 29 Jun 2023 13:35:34 GMT
      Server:
      - Scaleway API-Gateway
      Strict-Transport-Security:
      - max-age=63072000
      X-Content-Type-Options:
      - nosniff
      X-Frame-Options:
      - DENY
      X-Request-Id:
      - b3bb86e0-be7a-44a8-b7f7-ab02451fe630
    status: 200 OK
    code: 200
    duration: ""
- request:
    body: ""
    form: {}
    headers:
      User-Agent:
      - scaleway-sdk-go/v1.0.0-beta.7+dev (go1.20.4; darwin; amd64) terraform-provider/develop
        terraform/terraform-tests
    url: https://api.scaleway.com/lb/v1/zones/fr-par-1/frontends/b4fcfb7e-012f-49e2-a48a-fe1ad1710d78/acls?order_by=created_at_asc&page=1
    method: GET
  response:
    body: '{"acls":[],"total_count":0}'
    headers:
      Content-Length:
      - "28"
      Content-Security-Policy:
      - default-src 'none'; frame-ancestors 'none'
      Content-Type:
      - application/json
      Date:
      - Thu, 29 Jun 2023 13:35:34 GMT
      Server:
      - Scaleway API-Gateway
      Strict-Transport-Security:
      - max-age=63072000
      X-Content-Type-Options:
      - nosniff
      X-Frame-Options:
      - DENY
      X-Request-Id:
      - ced1b1e3-e3e6-469c-944f-6bf1308a81c3
    status: 200 OK
    code: 200
    duration: ""
- request:
    body: ""
    form: {}
    headers:
      User-Agent:
      - scaleway-sdk-go/v1.0.0-beta.7+dev (go1.20.4; darwin; amd64) terraform-provider/develop
        terraform/terraform-tests
    url: https://api.scaleway.com/lb/v1/zones/fr-par-1/frontends/b4fcfb7e-012f-49e2-a48a-fe1ad1710d78
    method: GET
  response:
    body: '{"backend":{"created_at":"2023-06-29T13:35:32.902867Z","failover_host":null,"forward_port":80,"forward_port_algorithm":"roundrobin","forward_protocol":"tcp","health_check":{"check_delay":60000,"check_max_retries":2,"check_send_proxy":false,"check_timeout":30000,"port":80,"tcp_config":{},"transient_check_delay":null},"id":"d7d44ba1-a37b-48e2-aa6b-e32032e93d5b","ignore_ssl_server_verify":false,"lb":{"backend_count":1,"created_at":"2023-06-29T13:35:02.149631Z","description":"","frontend_count":1,"id":"08a835d0-a987-4f23-ad71-e8892d12f9ca","instances":[],"ip":[{"id":"0e3b7619-f1d2-4492-977c-8cb729cc6be3","ip_address":"51.159.27.185","lb_id":"08a835d0-a987-4f23-ad71-e8892d12f9ca","organization_id":"564aa517-68b0-4fd7-8c8c-d21c4bcdcbd5","project_id":"564aa517-68b0-4fd7-8c8c-d21c4bcdcbd5","region":"fr-par","reverse":"51-159-27-185.lb.fr-par.scw.cloud","zone":"fr-par-1"}],"name":"test-lb","organization_id":"564aa517-68b0-4fd7-8c8c-d21c4bcdcbd5","private_network_count":0,"project_id":"564aa517-68b0-4fd7-8c8c-d21c4bcdcbd5","region":"fr-par","route_count":0,"ssl_compatibility_level":"ssl_compatibility_level_intermediate","status":"ready","subscriber":null,"tags":[],"type":"lb-s","updated_at":"2023-06-29T13:35:04.357115Z","zone":"fr-par-1"},"max_connections":null,"max_retries":3,"name":"tf-lb-bkd-wonderful-cartwright","on_marked_down_action":"on_marked_down_action_none","pool":[],"proxy_protocol":"proxy_protocol_none","redispatch_attempt_count":null,"send_proxy_v2":false,"ssl_bridging":false,"sticky_sessions":"none","sticky_sessions_cookie_name":"","timeout_connect":5000,"timeout_queue":"0s","timeout_server":300000,"timeout_tunnel":900000,"updated_at":"2023-06-29T13:35:32.902867Z"},"certificate":null,"certificate_ids":[],"created_at":"2023-06-29T13:35:33.617535Z","enable_http3":false,"id":"b4fcfb7e-012f-49e2-a48a-fe1ad1710d78","inbound_port":80,"lb":{"backend_count":1,"created_at":"2023-06-29T13:35:02.149631Z","description":"","frontend_count":1,"id":"08a835d0-a987-4f23-ad71-e8892d12f9ca","instances":[],"ip":[{"id":"0e3b7619-f1d2-4492-977c-8cb729cc6be3","ip_address":"51.159.27.185","lb_id":"08a835d0-a987-4f23-ad71-e8892d12f9ca","organization_id":"564aa517-68b0-4fd7-8c8c-d21c4bcdcbd5","project_id":"564aa517-68b0-4fd7-8c8c-d21c4bcdcbd5","region":"fr-par","reverse":"51-159-27-185.lb.fr-par.scw.cloud","zone":"fr-par-1"}],"name":"test-lb","organization_id":"564aa517-68b0-4fd7-8c8c-d21c4bcdcbd5","private_network_count":0,"project_id":"564aa517-68b0-4fd7-8c8c-d21c4bcdcbd5","region":"fr-par","route_count":0,"ssl_compatibility_level":"ssl_compatibility_level_intermediate","status":"ready","subscriber":null,"tags":[],"type":"lb-s","updated_at":"2023-06-29T13:35:04.357115Z","zone":"fr-par-1"},"name":"tf-lb-frt-romantic-brattain","timeout_client":null,"updated_at":"2023-06-29T13:35:34.052112Z"}'
    headers:
      Content-Length:
      - "2913"
      Content-Security-Policy:
      - default-src 'none'; frame-ancestors 'none'
      Content-Type:
      - application/json
      Date:
      - Thu, 29 Jun 2023 13:35:34 GMT
      Server:
      - Scaleway API-Gateway
      Strict-Transport-Security:
      - max-age=63072000
      X-Content-Type-Options:
      - nosniff
      X-Frame-Options:
      - DENY
      X-Request-Id:
      - 61cb3671-ecf3-4c00-a628-260251d41326
    status: 200 OK
    code: 200
    duration: ""
- request:
    body: ""
    form: {}
    headers:
      User-Agent:
      - scaleway-sdk-go/v1.0.0-beta.7+dev (go1.20.4; darwin; amd64) terraform-provider/develop
        terraform/terraform-tests
    url: https://api.scaleway.com/lb/v1/zones/fr-par-1/frontends/b4fcfb7e-012f-49e2-a48a-fe1ad1710d78/acls?order_by=created_at_asc&page=1
    method: GET
  response:
    body: '{"acls":[],"total_count":0}'
    headers:
      Content-Length:
      - "28"
      Content-Security-Policy:
      - default-src 'none'; frame-ancestors 'none'
      Content-Type:
      - application/json
      Date:
      - Thu, 29 Jun 2023 13:35:34 GMT
      Server:
      - Scaleway API-Gateway
      Strict-Transport-Security:
      - max-age=63072000
      X-Content-Type-Options:
      - nosniff
      X-Frame-Options:
      - DENY
      X-Request-Id:
      - 68a834d6-d217-47eb-bc0d-fb1d9f68a2a2
    status: 200 OK
    code: 200
    duration: ""
- request:
    body: '{"frontend_id":"b4fcfb7e-012f-49e2-a48a-fe1ad1710d78","backend_id":"d7d44ba1-a37b-48e2-aa6b-e32032e93d5b","match":{"sni":"sni.scaleway.com"}}'
    form: {}
    headers:
      Content-Type:
      - application/json
      User-Agent:
      - scaleway-sdk-go/v1.0.0-beta.7+dev (go1.20.4; darwin; amd64) terraform-provider/develop
        terraform/terraform-tests
    url: https://api.scaleway.com/lb/v1/zones/fr-par-1/routes
    method: POST
  response:
    body: '{"backend_id":"d7d44ba1-a37b-48e2-aa6b-e32032e93d5b","created_at":"2023-06-29T13:35:34.781165663Z","frontend_id":"b4fcfb7e-012f-49e2-a48a-fe1ad1710d78","id":"579e420d-69ad-49aa-8672-78e7c7794e94","match":{"sni":"sni.scaleway.com"},"updated_at":"2023-06-29T13:35:34.781165663Z"}'
    headers:
      Content-Length:
      - "282"
      Content-Security-Policy:
      - default-src 'none'; frame-ancestors 'none'
      Content-Type:
      - application/json
      Date:
      - Thu, 29 Jun 2023 13:35:34 GMT
      Server:
      - Scaleway API-Gateway
      Strict-Transport-Security:
      - max-age=63072000
      X-Content-Type-Options:
      - nosniff
      X-Frame-Options:
      - DENY
      X-Request-Id:
      - f589e224-149b-4451-942b-946a2c6021dd
    status: 200 OK
    code: 200
    duration: ""
- request:
    body: ""
    form: {}
    headers:
      User-Agent:
      - scaleway-sdk-go/v1.0.0-beta.7+dev (go1.20.4; darwin; amd64) terraform-provider/develop
        terraform/terraform-tests
    url: https://api.scaleway.com/lb/v1/zones/fr-par-1/routes/579e420d-69ad-49aa-8672-78e7c7794e94
    method: GET
  response:
    body: '{"backend_id":"d7d44ba1-a37b-48e2-aa6b-e32032e93d5b","created_at":"2023-06-29T13:35:34.781166Z","frontend_id":"b4fcfb7e-012f-49e2-a48a-fe1ad1710d78","id":"579e420d-69ad-49aa-8672-78e7c7794e94","match":{"sni":"sni.scaleway.com"},"updated_at":"2023-06-29T13:35:34.781166Z"}'
    headers:
      Content-Length:
      - "276"
      Content-Security-Policy:
      - default-src 'none'; frame-ancestors 'none'
      Content-Type:
      - application/json
      Date:
      - Thu, 29 Jun 2023 13:35:35 GMT
      Server:
      - Scaleway API-Gateway
      Strict-Transport-Security:
      - max-age=63072000
      X-Content-Type-Options:
      - nosniff
      X-Frame-Options:
      - DENY
      X-Request-Id:
      - e770eb53-a006-4191-981a-84ce09f530c1
    status: 200 OK
    code: 200
    duration: ""
- request:
    body: ""
    form: {}
    headers:
      User-Agent:
      - scaleway-sdk-go/v1.0.0-beta.7+dev (go1.20.4; darwin; amd64) terraform-provider/develop
        terraform/terraform-tests
    url: https://api.scaleway.com/lb/v1/zones/fr-par-1/ips/0e3b7619-f1d2-4492-977c-8cb729cc6be3
    method: GET
  response:
    body: '{"id":"0e3b7619-f1d2-4492-977c-8cb729cc6be3","ip_address":"51.159.27.185","lb_id":"08a835d0-a987-4f23-ad71-e8892d12f9ca","organization_id":"564aa517-68b0-4fd7-8c8c-d21c4bcdcbd5","project_id":"564aa517-68b0-4fd7-8c8c-d21c4bcdcbd5","region":"fr-par","reverse":"51-159-27-185.lb.fr-par.scw.cloud","zone":"fr-par-1"}'
    headers:
      Content-Length:
      - "319"
      Content-Security-Policy:
      - default-src 'none'; frame-ancestors 'none'
      Content-Type:
      - application/json
      Date:
      - Thu, 29 Jun 2023 13:35:35 GMT
      Server:
      - Scaleway API-Gateway
      Strict-Transport-Security:
      - max-age=63072000
      X-Content-Type-Options:
      - nosniff
      X-Frame-Options:
      - DENY
      X-Request-Id:
      - 29544a14-8da0-42cb-8300-1f8629f9d801
    status: 200 OK
    code: 200
    duration: ""
- request:
    body: ""
    form: {}
    headers:
      User-Agent:
      - scaleway-sdk-go/v1.0.0-beta.7+dev (go1.20.4; darwin; amd64) terraform-provider/develop
        terraform/terraform-tests
    url: https://api.scaleway.com/lb/v1/zones/fr-par-1/lbs/08a835d0-a987-4f23-ad71-e8892d12f9ca
    method: GET
  response:
    body: '{"backend_count":1,"created_at":"2023-06-29T13:35:02.149631Z","description":"","frontend_count":1,"id":"08a835d0-a987-4f23-ad71-e8892d12f9ca","instances":[{"created_at":"2023-06-29T13:33:54.654034Z","id":"25d0bf41-ad46-47fd-b2c0-ea7b1b2d297b","ip_address":"10.74.34.61","region":"fr-par","status":"ready","updated_at":"2023-06-29T13:35:35.118954Z","zone":"fr-par-1"}],"ip":[{"id":"0e3b7619-f1d2-4492-977c-8cb729cc6be3","ip_address":"51.159.27.185","lb_id":"08a835d0-a987-4f23-ad71-e8892d12f9ca","organization_id":"564aa517-68b0-4fd7-8c8c-d21c4bcdcbd5","project_id":"564aa517-68b0-4fd7-8c8c-d21c4bcdcbd5","region":"fr-par","reverse":"51-159-27-185.lb.fr-par.scw.cloud","zone":"fr-par-1"}],"name":"test-lb","organization_id":"564aa517-68b0-4fd7-8c8c-d21c4bcdcbd5","private_network_count":0,"project_id":"564aa517-68b0-4fd7-8c8c-d21c4bcdcbd5","region":"fr-par","route_count":1,"ssl_compatibility_level":"ssl_compatibility_level_intermediate","status":"ready","subscriber":null,"tags":[],"type":"lb-s","updated_at":"2023-06-29T13:35:04.357115Z","zone":"fr-par-1"}'
    headers:
      Content-Length:
      - "1091"
      Content-Security-Policy:
      - default-src 'none'; frame-ancestors 'none'
      Content-Type:
      - application/json
      Date:
      - Thu, 29 Jun 2023 13:35:35 GMT
      Server:
      - Scaleway API-Gateway
      Strict-Transport-Security:
      - max-age=63072000
      X-Content-Type-Options:
      - nosniff
      X-Frame-Options:
      - DENY
      X-Request-Id:
      - a2cc036b-73cb-40e0-838a-898a941a0ee3
    status: 200 OK
    code: 200
    duration: ""
- request:
    body: ""
    form: {}
    headers:
      User-Agent:
      - scaleway-sdk-go/v1.0.0-beta.7+dev (go1.20.4; darwin; amd64) terraform-provider/develop
        terraform/terraform-tests
    url: https://api.scaleway.com/lb/v1/zones/fr-par-1/lbs/08a835d0-a987-4f23-ad71-e8892d12f9ca
    method: GET
  response:
    body: '{"backend_count":1,"created_at":"2023-06-29T13:35:02.149631Z","description":"","frontend_count":1,"id":"08a835d0-a987-4f23-ad71-e8892d12f9ca","instances":[{"created_at":"2023-06-29T13:33:54.654034Z","id":"25d0bf41-ad46-47fd-b2c0-ea7b1b2d297b","ip_address":"10.74.34.61","region":"fr-par","status":"ready","updated_at":"2023-06-29T13:35:35.118954Z","zone":"fr-par-1"}],"ip":[{"id":"0e3b7619-f1d2-4492-977c-8cb729cc6be3","ip_address":"51.159.27.185","lb_id":"08a835d0-a987-4f23-ad71-e8892d12f9ca","organization_id":"564aa517-68b0-4fd7-8c8c-d21c4bcdcbd5","project_id":"564aa517-68b0-4fd7-8c8c-d21c4bcdcbd5","region":"fr-par","reverse":"51-159-27-185.lb.fr-par.scw.cloud","zone":"fr-par-1"}],"name":"test-lb","organization_id":"564aa517-68b0-4fd7-8c8c-d21c4bcdcbd5","private_network_count":0,"project_id":"564aa517-68b0-4fd7-8c8c-d21c4bcdcbd5","region":"fr-par","route_count":1,"ssl_compatibility_level":"ssl_compatibility_level_intermediate","status":"ready","subscriber":null,"tags":[],"type":"lb-s","updated_at":"2023-06-29T13:35:04.357115Z","zone":"fr-par-1"}'
    headers:
      Content-Length:
      - "1091"
      Content-Security-Policy:
      - default-src 'none'; frame-ancestors 'none'
      Content-Type:
      - application/json
      Date:
      - Thu, 29 Jun 2023 13:35:35 GMT
      Server:
      - Scaleway API-Gateway
      Strict-Transport-Security:
      - max-age=63072000
      X-Content-Type-Options:
      - nosniff
      X-Frame-Options:
      - DENY
      X-Request-Id:
      - 9972c15c-154f-4b2c-b710-9178cd14753d
    status: 200 OK
    code: 200
    duration: ""
- request:
    body: ""
    form: {}
    headers:
      User-Agent:
      - scaleway-sdk-go/v1.0.0-beta.7+dev (go1.20.4; darwin; amd64) terraform-provider/develop
        terraform/terraform-tests
    url: https://api.scaleway.com/lb/v1/zones/fr-par-1/lbs/08a835d0-a987-4f23-ad71-e8892d12f9ca/private-networks?order_by=created_at_asc
    method: GET
  response:
    body: '{"private_network":[],"total_count":0}'
    headers:
      Content-Length:
      - "39"
      Content-Security-Policy:
      - default-src 'none'; frame-ancestors 'none'
      Content-Type:
      - application/json
      Date:
      - Thu, 29 Jun 2023 13:35:35 GMT
      Server:
      - Scaleway API-Gateway
      Strict-Transport-Security:
      - max-age=63072000
      X-Content-Type-Options:
      - nosniff
      X-Frame-Options:
      - DENY
      X-Request-Id:
      - 7f1a7ae4-9596-4110-ac5a-43d10d01d5bf
    status: 200 OK
    code: 200
    duration: ""
- request:
    body: ""
    form: {}
    headers:
      User-Agent:
      - scaleway-sdk-go/v1.0.0-beta.7+dev (go1.20.4; darwin; amd64) terraform-provider/develop
        terraform/terraform-tests
    url: https://api.scaleway.com/lb/v1/zones/fr-par-1/backends/d7d44ba1-a37b-48e2-aa6b-e32032e93d5b
    method: GET
  response:
    body: '{"created_at":"2023-06-29T13:35:32.902867Z","failover_host":null,"forward_port":80,"forward_port_algorithm":"roundrobin","forward_protocol":"tcp","health_check":{"check_delay":60000,"check_max_retries":2,"check_send_proxy":false,"check_timeout":30000,"port":80,"tcp_config":{},"transient_check_delay":null},"id":"d7d44ba1-a37b-48e2-aa6b-e32032e93d5b","ignore_ssl_server_verify":false,"lb":{"backend_count":1,"created_at":"2023-06-29T13:35:02.149631Z","description":"","frontend_count":1,"id":"08a835d0-a987-4f23-ad71-e8892d12f9ca","instances":[{"created_at":"2023-06-29T13:33:54.654034Z","id":"25d0bf41-ad46-47fd-b2c0-ea7b1b2d297b","ip_address":"10.74.34.61","region":"fr-par","status":"ready","updated_at":"2023-06-29T13:35:35.118954Z","zone":"fr-par-1"}],"ip":[{"id":"0e3b7619-f1d2-4492-977c-8cb729cc6be3","ip_address":"51.159.27.185","lb_id":"08a835d0-a987-4f23-ad71-e8892d12f9ca","organization_id":"564aa517-68b0-4fd7-8c8c-d21c4bcdcbd5","project_id":"564aa517-68b0-4fd7-8c8c-d21c4bcdcbd5","region":"fr-par","reverse":"51-159-27-185.lb.fr-par.scw.cloud","zone":"fr-par-1"}],"name":"test-lb","organization_id":"564aa517-68b0-4fd7-8c8c-d21c4bcdcbd5","private_network_count":0,"project_id":"564aa517-68b0-4fd7-8c8c-d21c4bcdcbd5","region":"fr-par","route_count":1,"ssl_compatibility_level":"ssl_compatibility_level_intermediate","status":"ready","subscriber":null,"tags":[],"type":"lb-s","updated_at":"2023-06-29T13:35:04.357115Z","zone":"fr-par-1"},"max_connections":null,"max_retries":3,"name":"tf-lb-bkd-wonderful-cartwright","on_marked_down_action":"on_marked_down_action_none","pool":[],"proxy_protocol":"proxy_protocol_none","redispatch_attempt_count":null,"send_proxy_v2":false,"ssl_bridging":false,"sticky_sessions":"none","sticky_sessions_cookie_name":"","timeout_connect":5000,"timeout_queue":"0s","timeout_server":300000,"timeout_tunnel":900000,"updated_at":"2023-06-29T13:35:32.902867Z"}'
    headers:
      Content-Length:
      - "1960"
      Content-Security-Policy:
      - default-src 'none'; frame-ancestors 'none'
      Content-Type:
      - application/json
      Date:
      - Thu, 29 Jun 2023 13:35:35 GMT
      Server:
      - Scaleway API-Gateway
      Strict-Transport-Security:
      - max-age=63072000
      X-Content-Type-Options:
      - nosniff
      X-Frame-Options:
      - DENY
      X-Request-Id:
      - 37a62827-96d9-4e78-be8a-31ddaa00ea07
    status: 200 OK
    code: 200
    duration: ""
- request:
    body: ""
    form: {}
    headers:
      User-Agent:
      - scaleway-sdk-go/v1.0.0-beta.7+dev (go1.20.4; darwin; amd64) terraform-provider/develop
        terraform/terraform-tests
    url: https://api.scaleway.com/lb/v1/zones/fr-par-1/lbs/08a835d0-a987-4f23-ad71-e8892d12f9ca
    method: GET
  response:
    body: '{"backend_count":1,"created_at":"2023-06-29T13:35:02.149631Z","description":"","frontend_count":1,"id":"08a835d0-a987-4f23-ad71-e8892d12f9ca","instances":[{"created_at":"2023-06-29T13:33:54.654034Z","id":"25d0bf41-ad46-47fd-b2c0-ea7b1b2d297b","ip_address":"10.74.34.61","region":"fr-par","status":"ready","updated_at":"2023-06-29T13:35:35.118954Z","zone":"fr-par-1"}],"ip":[{"id":"0e3b7619-f1d2-4492-977c-8cb729cc6be3","ip_address":"51.159.27.185","lb_id":"08a835d0-a987-4f23-ad71-e8892d12f9ca","organization_id":"564aa517-68b0-4fd7-8c8c-d21c4bcdcbd5","project_id":"564aa517-68b0-4fd7-8c8c-d21c4bcdcbd5","region":"fr-par","reverse":"51-159-27-185.lb.fr-par.scw.cloud","zone":"fr-par-1"}],"name":"test-lb","organization_id":"564aa517-68b0-4fd7-8c8c-d21c4bcdcbd5","private_network_count":0,"project_id":"564aa517-68b0-4fd7-8c8c-d21c4bcdcbd5","region":"fr-par","route_count":1,"ssl_compatibility_level":"ssl_compatibility_level_intermediate","status":"ready","subscriber":null,"tags":[],"type":"lb-s","updated_at":"2023-06-29T13:35:04.357115Z","zone":"fr-par-1"}'
    headers:
      Content-Length:
      - "1091"
      Content-Security-Policy:
      - default-src 'none'; frame-ancestors 'none'
      Content-Type:
      - application/json
      Date:
      - Thu, 29 Jun 2023 13:35:35 GMT
      Server:
      - Scaleway API-Gateway
      Strict-Transport-Security:
      - max-age=63072000
      X-Content-Type-Options:
      - nosniff
      X-Frame-Options:
      - DENY
      X-Request-Id:
      - 3e479f5c-43e5-478b-8d96-57bbb4825209
    status: 200 OK
    code: 200
    duration: ""
- request:
    body: ""
    form: {}
    headers:
      User-Agent:
      - scaleway-sdk-go/v1.0.0-beta.7+dev (go1.20.4; darwin; amd64) terraform-provider/develop
        terraform/terraform-tests
    url: https://api.scaleway.com/lb/v1/zones/fr-par-1/frontends/b4fcfb7e-012f-49e2-a48a-fe1ad1710d78
    method: GET
  response:
    body: '{"backend":{"created_at":"2023-06-29T13:35:32.902867Z","failover_host":null,"forward_port":80,"forward_port_algorithm":"roundrobin","forward_protocol":"tcp","health_check":{"check_delay":60000,"check_max_retries":2,"check_send_proxy":false,"check_timeout":30000,"port":80,"tcp_config":{},"transient_check_delay":null},"id":"d7d44ba1-a37b-48e2-aa6b-e32032e93d5b","ignore_ssl_server_verify":false,"lb":{"backend_count":1,"created_at":"2023-06-29T13:35:02.149631Z","description":"","frontend_count":1,"id":"08a835d0-a987-4f23-ad71-e8892d12f9ca","instances":[],"ip":[{"id":"0e3b7619-f1d2-4492-977c-8cb729cc6be3","ip_address":"51.159.27.185","lb_id":"08a835d0-a987-4f23-ad71-e8892d12f9ca","organization_id":"564aa517-68b0-4fd7-8c8c-d21c4bcdcbd5","project_id":"564aa517-68b0-4fd7-8c8c-d21c4bcdcbd5","region":"fr-par","reverse":"51-159-27-185.lb.fr-par.scw.cloud","zone":"fr-par-1"}],"name":"test-lb","organization_id":"564aa517-68b0-4fd7-8c8c-d21c4bcdcbd5","private_network_count":0,"project_id":"564aa517-68b0-4fd7-8c8c-d21c4bcdcbd5","region":"fr-par","route_count":1,"ssl_compatibility_level":"ssl_compatibility_level_intermediate","status":"ready","subscriber":null,"tags":[],"type":"lb-s","updated_at":"2023-06-29T13:35:04.357115Z","zone":"fr-par-1"},"max_connections":null,"max_retries":3,"name":"tf-lb-bkd-wonderful-cartwright","on_marked_down_action":"on_marked_down_action_none","pool":[],"proxy_protocol":"proxy_protocol_none","redispatch_attempt_count":null,"send_proxy_v2":false,"ssl_bridging":false,"sticky_sessions":"none","sticky_sessions_cookie_name":"","timeout_connect":5000,"timeout_queue":"0s","timeout_server":300000,"timeout_tunnel":900000,"updated_at":"2023-06-29T13:35:32.902867Z"},"certificate":null,"certificate_ids":[],"created_at":"2023-06-29T13:35:33.617535Z","enable_http3":false,"id":"b4fcfb7e-012f-49e2-a48a-fe1ad1710d78","inbound_port":80,"lb":{"backend_count":1,"created_at":"2023-06-29T13:35:02.149631Z","description":"","frontend_count":1,"id":"08a835d0-a987-4f23-ad71-e8892d12f9ca","instances":[],"ip":[{"id":"0e3b7619-f1d2-4492-977c-8cb729cc6be3","ip_address":"51.159.27.185","lb_id":"08a835d0-a987-4f23-ad71-e8892d12f9ca","organization_id":"564aa517-68b0-4fd7-8c8c-d21c4bcdcbd5","project_id":"564aa517-68b0-4fd7-8c8c-d21c4bcdcbd5","region":"fr-par","reverse":"51-159-27-185.lb.fr-par.scw.cloud","zone":"fr-par-1"}],"name":"test-lb","organization_id":"564aa517-68b0-4fd7-8c8c-d21c4bcdcbd5","private_network_count":0,"project_id":"564aa517-68b0-4fd7-8c8c-d21c4bcdcbd5","region":"fr-par","route_count":1,"ssl_compatibility_level":"ssl_compatibility_level_intermediate","status":"ready","subscriber":null,"tags":[],"type":"lb-s","updated_at":"2023-06-29T13:35:04.357115Z","zone":"fr-par-1"},"name":"tf-lb-frt-romantic-brattain","timeout_client":null,"updated_at":"2023-06-29T13:35:34.052112Z"}'
    headers:
      Content-Length:
      - "2913"
      Content-Security-Policy:
      - default-src 'none'; frame-ancestors 'none'
      Content-Type:
      - application/json
      Date:
      - Thu, 29 Jun 2023 13:35:35 GMT
      Server:
      - Scaleway API-Gateway
      Strict-Transport-Security:
      - max-age=63072000
      X-Content-Type-Options:
      - nosniff
      X-Frame-Options:
      - DENY
      X-Request-Id:
      - 8f0fa467-eb5e-4214-b71a-b3e490080c3c
    status: 200 OK
    code: 200
    duration: ""
- request:
    body: ""
    form: {}
    headers:
      User-Agent:
      - scaleway-sdk-go/v1.0.0-beta.7+dev (go1.20.4; darwin; amd64) terraform-provider/develop
        terraform/terraform-tests
    url: https://api.scaleway.com/lb/v1/zones/fr-par-1/frontends/b4fcfb7e-012f-49e2-a48a-fe1ad1710d78/acls?order_by=created_at_asc&page=1
    method: GET
  response:
    body: '{"acls":[],"total_count":0}'
    headers:
      Content-Length:
      - "28"
      Content-Security-Policy:
      - default-src 'none'; frame-ancestors 'none'
      Content-Type:
      - application/json
      Date:
      - Thu, 29 Jun 2023 13:35:36 GMT
      Server:
      - Scaleway API-Gateway
      Strict-Transport-Security:
      - max-age=63072000
      X-Content-Type-Options:
      - nosniff
      X-Frame-Options:
      - DENY
      X-Request-Id:
      - c534364e-96ae-4771-9a3b-396b2030257b
    status: 200 OK
    code: 200
    duration: ""
- request:
    body: ""
    form: {}
    headers:
      User-Agent:
      - scaleway-sdk-go/v1.0.0-beta.7+dev (go1.20.4; darwin; amd64) terraform-provider/develop
        terraform/terraform-tests
    url: https://api.scaleway.com/lb/v1/zones/fr-par-1/routes/579e420d-69ad-49aa-8672-78e7c7794e94
    method: GET
  response:
    body: '{"backend_id":"d7d44ba1-a37b-48e2-aa6b-e32032e93d5b","created_at":"2023-06-29T13:35:34.781166Z","frontend_id":"b4fcfb7e-012f-49e2-a48a-fe1ad1710d78","id":"579e420d-69ad-49aa-8672-78e7c7794e94","match":{"sni":"sni.scaleway.com"},"updated_at":"2023-06-29T13:35:34.781166Z"}'
    headers:
      Content-Length:
      - "276"
      Content-Security-Policy:
      - default-src 'none'; frame-ancestors 'none'
      Content-Type:
      - application/json
      Date:
      - Thu, 29 Jun 2023 13:35:36 GMT
      Server:
      - Scaleway API-Gateway
      Strict-Transport-Security:
      - max-age=63072000
      X-Content-Type-Options:
      - nosniff
      X-Frame-Options:
      - DENY
      X-Request-Id:
      - 5473fbd4-1c24-4e76-9a30-c0dcfc617353
    status: 200 OK
    code: 200
    duration: ""
- request:
    body: ""
    form: {}
    headers:
      User-Agent:
      - scaleway-sdk-go/v1.0.0-beta.7+dev (go1.20.4; darwin; amd64) terraform-provider/develop
        terraform/terraform-tests
    url: https://api.scaleway.com/lb/v1/zones/fr-par-1/ips/0e3b7619-f1d2-4492-977c-8cb729cc6be3
    method: GET
  response:
    body: '{"id":"0e3b7619-f1d2-4492-977c-8cb729cc6be3","ip_address":"51.159.27.185","lb_id":"08a835d0-a987-4f23-ad71-e8892d12f9ca","organization_id":"564aa517-68b0-4fd7-8c8c-d21c4bcdcbd5","project_id":"564aa517-68b0-4fd7-8c8c-d21c4bcdcbd5","region":"fr-par","reverse":"51-159-27-185.lb.fr-par.scw.cloud","zone":"fr-par-1"}'
    headers:
      Content-Length:
      - "319"
      Content-Security-Policy:
      - default-src 'none'; frame-ancestors 'none'
      Content-Type:
      - application/json
      Date:
      - Thu, 29 Jun 2023 13:35:36 GMT
      Server:
      - Scaleway API-Gateway
      Strict-Transport-Security:
      - max-age=63072000
      X-Content-Type-Options:
      - nosniff
      X-Frame-Options:
      - DENY
      X-Request-Id:
      - c6288e9e-92cf-491e-af60-ec1cea95849c
    status: 200 OK
    code: 200
    duration: ""
- request:
    body: ""
    form: {}
    headers:
      User-Agent:
      - scaleway-sdk-go/v1.0.0-beta.7+dev (go1.20.4; darwin; amd64) terraform-provider/develop
        terraform/terraform-tests
    url: https://api.scaleway.com/lb/v1/zones/fr-par-1/lbs/08a835d0-a987-4f23-ad71-e8892d12f9ca
    method: GET
  response:
    body: '{"backend_count":1,"created_at":"2023-06-29T13:35:02.149631Z","description":"","frontend_count":1,"id":"08a835d0-a987-4f23-ad71-e8892d12f9ca","instances":[{"created_at":"2023-06-29T13:33:54.654034Z","id":"25d0bf41-ad46-47fd-b2c0-ea7b1b2d297b","ip_address":"10.74.34.61","region":"fr-par","status":"ready","updated_at":"2023-06-29T13:35:35.118954Z","zone":"fr-par-1"}],"ip":[{"id":"0e3b7619-f1d2-4492-977c-8cb729cc6be3","ip_address":"51.159.27.185","lb_id":"08a835d0-a987-4f23-ad71-e8892d12f9ca","organization_id":"564aa517-68b0-4fd7-8c8c-d21c4bcdcbd5","project_id":"564aa517-68b0-4fd7-8c8c-d21c4bcdcbd5","region":"fr-par","reverse":"51-159-27-185.lb.fr-par.scw.cloud","zone":"fr-par-1"}],"name":"test-lb","organization_id":"564aa517-68b0-4fd7-8c8c-d21c4bcdcbd5","private_network_count":0,"project_id":"564aa517-68b0-4fd7-8c8c-d21c4bcdcbd5","region":"fr-par","route_count":1,"ssl_compatibility_level":"ssl_compatibility_level_intermediate","status":"ready","subscriber":null,"tags":[],"type":"lb-s","updated_at":"2023-06-29T13:35:04.357115Z","zone":"fr-par-1"}'
    headers:
      Content-Length:
      - "1091"
      Content-Security-Policy:
      - default-src 'none'; frame-ancestors 'none'
      Content-Type:
      - application/json
      Date:
      - Thu, 29 Jun 2023 13:35:36 GMT
      Server:
      - Scaleway API-Gateway
      Strict-Transport-Security:
      - max-age=63072000
      X-Content-Type-Options:
      - nosniff
      X-Frame-Options:
      - DENY
      X-Request-Id:
      - 1babe085-2cb8-42e6-9930-72f942fb3306
    status: 200 OK
    code: 200
    duration: ""
- request:
    body: ""
    form: {}
    headers:
      User-Agent:
      - scaleway-sdk-go/v1.0.0-beta.7+dev (go1.20.4; darwin; amd64) terraform-provider/develop
        terraform/terraform-tests
    url: https://api.scaleway.com/lb/v1/zones/fr-par-1/lbs/08a835d0-a987-4f23-ad71-e8892d12f9ca
    method: GET
  response:
    body: '{"backend_count":1,"created_at":"2023-06-29T13:35:02.149631Z","description":"","frontend_count":1,"id":"08a835d0-a987-4f23-ad71-e8892d12f9ca","instances":[{"created_at":"2023-06-29T13:33:54.654034Z","id":"25d0bf41-ad46-47fd-b2c0-ea7b1b2d297b","ip_address":"10.74.34.61","region":"fr-par","status":"ready","updated_at":"2023-06-29T13:35:35.118954Z","zone":"fr-par-1"}],"ip":[{"id":"0e3b7619-f1d2-4492-977c-8cb729cc6be3","ip_address":"51.159.27.185","lb_id":"08a835d0-a987-4f23-ad71-e8892d12f9ca","organization_id":"564aa517-68b0-4fd7-8c8c-d21c4bcdcbd5","project_id":"564aa517-68b0-4fd7-8c8c-d21c4bcdcbd5","region":"fr-par","reverse":"51-159-27-185.lb.fr-par.scw.cloud","zone":"fr-par-1"}],"name":"test-lb","organization_id":"564aa517-68b0-4fd7-8c8c-d21c4bcdcbd5","private_network_count":0,"project_id":"564aa517-68b0-4fd7-8c8c-d21c4bcdcbd5","region":"fr-par","route_count":1,"ssl_compatibility_level":"ssl_compatibility_level_intermediate","status":"ready","subscriber":null,"tags":[],"type":"lb-s","updated_at":"2023-06-29T13:35:04.357115Z","zone":"fr-par-1"}'
    headers:
      Content-Length:
      - "1091"
      Content-Security-Policy:
      - default-src 'none'; frame-ancestors 'none'
      Content-Type:
      - application/json
      Date:
      - Thu, 29 Jun 2023 13:35:36 GMT
      Server:
      - Scaleway API-Gateway
      Strict-Transport-Security:
      - max-age=63072000
      X-Content-Type-Options:
      - nosniff
      X-Frame-Options:
      - DENY
      X-Request-Id:
      - 74a58782-fc5c-47f6-993d-5234e0e4f127
    status: 200 OK
    code: 200
    duration: ""
- request:
    body: ""
    form: {}
    headers:
      User-Agent:
      - scaleway-sdk-go/v1.0.0-beta.7+dev (go1.20.4; darwin; amd64) terraform-provider/develop
        terraform/terraform-tests
    url: https://api.scaleway.com/lb/v1/zones/fr-par-1/lbs/08a835d0-a987-4f23-ad71-e8892d12f9ca/private-networks?order_by=created_at_asc
    method: GET
  response:
    body: '{"private_network":[],"total_count":0}'
    headers:
      Content-Length:
      - "39"
      Content-Security-Policy:
      - default-src 'none'; frame-ancestors 'none'
      Content-Type:
      - application/json
      Date:
      - Thu, 29 Jun 2023 13:35:36 GMT
      Server:
      - Scaleway API-Gateway
      Strict-Transport-Security:
      - max-age=63072000
      X-Content-Type-Options:
      - nosniff
      X-Frame-Options:
      - DENY
      X-Request-Id:
      - e4d76365-4b51-498d-b052-e43a53a994e3
    status: 200 OK
    code: 200
    duration: ""
- request:
    body: ""
    form: {}
    headers:
      User-Agent:
      - scaleway-sdk-go/v1.0.0-beta.7+dev (go1.20.4; darwin; amd64) terraform-provider/develop
        terraform/terraform-tests
    url: https://api.scaleway.com/lb/v1/zones/fr-par-1/backends/d7d44ba1-a37b-48e2-aa6b-e32032e93d5b
    method: GET
  response:
    body: '{"created_at":"2023-06-29T13:35:32.902867Z","failover_host":null,"forward_port":80,"forward_port_algorithm":"roundrobin","forward_protocol":"tcp","health_check":{"check_delay":60000,"check_max_retries":2,"check_send_proxy":false,"check_timeout":30000,"port":80,"tcp_config":{},"transient_check_delay":null},"id":"d7d44ba1-a37b-48e2-aa6b-e32032e93d5b","ignore_ssl_server_verify":false,"lb":{"backend_count":1,"created_at":"2023-06-29T13:35:02.149631Z","description":"","frontend_count":1,"id":"08a835d0-a987-4f23-ad71-e8892d12f9ca","instances":[{"created_at":"2023-06-29T13:33:54.654034Z","id":"25d0bf41-ad46-47fd-b2c0-ea7b1b2d297b","ip_address":"10.74.34.61","region":"fr-par","status":"ready","updated_at":"2023-06-29T13:35:35.118954Z","zone":"fr-par-1"}],"ip":[{"id":"0e3b7619-f1d2-4492-977c-8cb729cc6be3","ip_address":"51.159.27.185","lb_id":"08a835d0-a987-4f23-ad71-e8892d12f9ca","organization_id":"564aa517-68b0-4fd7-8c8c-d21c4bcdcbd5","project_id":"564aa517-68b0-4fd7-8c8c-d21c4bcdcbd5","region":"fr-par","reverse":"51-159-27-185.lb.fr-par.scw.cloud","zone":"fr-par-1"}],"name":"test-lb","organization_id":"564aa517-68b0-4fd7-8c8c-d21c4bcdcbd5","private_network_count":0,"project_id":"564aa517-68b0-4fd7-8c8c-d21c4bcdcbd5","region":"fr-par","route_count":1,"ssl_compatibility_level":"ssl_compatibility_level_intermediate","status":"ready","subscriber":null,"tags":[],"type":"lb-s","updated_at":"2023-06-29T13:35:04.357115Z","zone":"fr-par-1"},"max_connections":null,"max_retries":3,"name":"tf-lb-bkd-wonderful-cartwright","on_marked_down_action":"on_marked_down_action_none","pool":[],"proxy_protocol":"proxy_protocol_none","redispatch_attempt_count":null,"send_proxy_v2":false,"ssl_bridging":false,"sticky_sessions":"none","sticky_sessions_cookie_name":"","timeout_connect":5000,"timeout_queue":"0s","timeout_server":300000,"timeout_tunnel":900000,"updated_at":"2023-06-29T13:35:32.902867Z"}'
    headers:
      Content-Length:
      - "1960"
      Content-Security-Policy:
      - default-src 'none'; frame-ancestors 'none'
      Content-Type:
      - application/json
      Date:
      - Thu, 29 Jun 2023 13:35:36 GMT
      Server:
      - Scaleway API-Gateway
      Strict-Transport-Security:
      - max-age=63072000
      X-Content-Type-Options:
      - nosniff
      X-Frame-Options:
      - DENY
      X-Request-Id:
      - f355d3a1-321d-48c0-80b0-b9b05f87ded2
    status: 200 OK
    code: 200
    duration: ""
- request:
    body: ""
    form: {}
    headers:
      User-Agent:
      - scaleway-sdk-go/v1.0.0-beta.7+dev (go1.20.4; darwin; amd64) terraform-provider/develop
        terraform/terraform-tests
    url: https://api.scaleway.com/lb/v1/zones/fr-par-1/lbs/08a835d0-a987-4f23-ad71-e8892d12f9ca
    method: GET
  response:
    body: '{"backend_count":1,"created_at":"2023-06-29T13:35:02.149631Z","description":"","frontend_count":1,"id":"08a835d0-a987-4f23-ad71-e8892d12f9ca","instances":[{"created_at":"2023-06-29T13:33:54.654034Z","id":"25d0bf41-ad46-47fd-b2c0-ea7b1b2d297b","ip_address":"10.74.34.61","region":"fr-par","status":"ready","updated_at":"2023-06-29T13:35:35.118954Z","zone":"fr-par-1"}],"ip":[{"id":"0e3b7619-f1d2-4492-977c-8cb729cc6be3","ip_address":"51.159.27.185","lb_id":"08a835d0-a987-4f23-ad71-e8892d12f9ca","organization_id":"564aa517-68b0-4fd7-8c8c-d21c4bcdcbd5","project_id":"564aa517-68b0-4fd7-8c8c-d21c4bcdcbd5","region":"fr-par","reverse":"51-159-27-185.lb.fr-par.scw.cloud","zone":"fr-par-1"}],"name":"test-lb","organization_id":"564aa517-68b0-4fd7-8c8c-d21c4bcdcbd5","private_network_count":0,"project_id":"564aa517-68b0-4fd7-8c8c-d21c4bcdcbd5","region":"fr-par","route_count":1,"ssl_compatibility_level":"ssl_compatibility_level_intermediate","status":"ready","subscriber":null,"tags":[],"type":"lb-s","updated_at":"2023-06-29T13:35:04.357115Z","zone":"fr-par-1"}'
    headers:
      Content-Length:
      - "1091"
      Content-Security-Policy:
      - default-src 'none'; frame-ancestors 'none'
      Content-Type:
      - application/json
      Date:
      - Thu, 29 Jun 2023 13:35:36 GMT
      Server:
      - Scaleway API-Gateway
      Strict-Transport-Security:
      - max-age=63072000
      X-Content-Type-Options:
      - nosniff
      X-Frame-Options:
      - DENY
      X-Request-Id:
      - 3b1dff27-c70a-4558-a967-6a8cf89b66e6
    status: 200 OK
    code: 200
    duration: ""
- request:
    body: ""
    form: {}
    headers:
      User-Agent:
      - scaleway-sdk-go/v1.0.0-beta.7+dev (go1.20.4; darwin; amd64) terraform-provider/develop
        terraform/terraform-tests
    url: https://api.scaleway.com/lb/v1/zones/fr-par-1/frontends/b4fcfb7e-012f-49e2-a48a-fe1ad1710d78
    method: GET
  response:
    body: '{"backend":{"created_at":"2023-06-29T13:35:32.902867Z","failover_host":null,"forward_port":80,"forward_port_algorithm":"roundrobin","forward_protocol":"tcp","health_check":{"check_delay":60000,"check_max_retries":2,"check_send_proxy":false,"check_timeout":30000,"port":80,"tcp_config":{},"transient_check_delay":null},"id":"d7d44ba1-a37b-48e2-aa6b-e32032e93d5b","ignore_ssl_server_verify":false,"lb":{"backend_count":1,"created_at":"2023-06-29T13:35:02.149631Z","description":"","frontend_count":1,"id":"08a835d0-a987-4f23-ad71-e8892d12f9ca","instances":[],"ip":[{"id":"0e3b7619-f1d2-4492-977c-8cb729cc6be3","ip_address":"51.159.27.185","lb_id":"08a835d0-a987-4f23-ad71-e8892d12f9ca","organization_id":"564aa517-68b0-4fd7-8c8c-d21c4bcdcbd5","project_id":"564aa517-68b0-4fd7-8c8c-d21c4bcdcbd5","region":"fr-par","reverse":"51-159-27-185.lb.fr-par.scw.cloud","zone":"fr-par-1"}],"name":"test-lb","organization_id":"564aa517-68b0-4fd7-8c8c-d21c4bcdcbd5","private_network_count":0,"project_id":"564aa517-68b0-4fd7-8c8c-d21c4bcdcbd5","region":"fr-par","route_count":1,"ssl_compatibility_level":"ssl_compatibility_level_intermediate","status":"ready","subscriber":null,"tags":[],"type":"lb-s","updated_at":"2023-06-29T13:35:04.357115Z","zone":"fr-par-1"},"max_connections":null,"max_retries":3,"name":"tf-lb-bkd-wonderful-cartwright","on_marked_down_action":"on_marked_down_action_none","pool":[],"proxy_protocol":"proxy_protocol_none","redispatch_attempt_count":null,"send_proxy_v2":false,"ssl_bridging":false,"sticky_sessions":"none","sticky_sessions_cookie_name":"","timeout_connect":5000,"timeout_queue":"0s","timeout_server":300000,"timeout_tunnel":900000,"updated_at":"2023-06-29T13:35:32.902867Z"},"certificate":null,"certificate_ids":[],"created_at":"2023-06-29T13:35:33.617535Z","enable_http3":false,"id":"b4fcfb7e-012f-49e2-a48a-fe1ad1710d78","inbound_port":80,"lb":{"backend_count":1,"created_at":"2023-06-29T13:35:02.149631Z","description":"","frontend_count":1,"id":"08a835d0-a987-4f23-ad71-e8892d12f9ca","instances":[],"ip":[{"id":"0e3b7619-f1d2-4492-977c-8cb729cc6be3","ip_address":"51.159.27.185","lb_id":"08a835d0-a987-4f23-ad71-e8892d12f9ca","organization_id":"564aa517-68b0-4fd7-8c8c-d21c4bcdcbd5","project_id":"564aa517-68b0-4fd7-8c8c-d21c4bcdcbd5","region":"fr-par","reverse":"51-159-27-185.lb.fr-par.scw.cloud","zone":"fr-par-1"}],"name":"test-lb","organization_id":"564aa517-68b0-4fd7-8c8c-d21c4bcdcbd5","private_network_count":0,"project_id":"564aa517-68b0-4fd7-8c8c-d21c4bcdcbd5","region":"fr-par","route_count":1,"ssl_compatibility_level":"ssl_compatibility_level_intermediate","status":"ready","subscriber":null,"tags":[],"type":"lb-s","updated_at":"2023-06-29T13:35:04.357115Z","zone":"fr-par-1"},"name":"tf-lb-frt-romantic-brattain","timeout_client":null,"updated_at":"2023-06-29T13:35:34.052112Z"}'
    headers:
      Content-Length:
      - "2913"
      Content-Security-Policy:
      - default-src 'none'; frame-ancestors 'none'
      Content-Type:
      - application/json
      Date:
      - Thu, 29 Jun 2023 13:35:37 GMT
      Server:
      - Scaleway API-Gateway
      Strict-Transport-Security:
      - max-age=63072000
      X-Content-Type-Options:
      - nosniff
      X-Frame-Options:
      - DENY
      X-Request-Id:
      - dfcfb2f3-5f87-4b61-a23a-89eae90b022f
    status: 200 OK
    code: 200
    duration: ""
- request:
    body: ""
    form: {}
    headers:
      User-Agent:
      - scaleway-sdk-go/v1.0.0-beta.7+dev (go1.20.4; darwin; amd64) terraform-provider/develop
        terraform/terraform-tests
    url: https://api.scaleway.com/lb/v1/zones/fr-par-1/frontends/b4fcfb7e-012f-49e2-a48a-fe1ad1710d78/acls?order_by=created_at_asc&page=1
    method: GET
  response:
    body: '{"acls":[],"total_count":0}'
    headers:
      Content-Length:
      - "28"
      Content-Security-Policy:
      - default-src 'none'; frame-ancestors 'none'
      Content-Type:
      - application/json
      Date:
      - Thu, 29 Jun 2023 13:35:37 GMT
      Server:
      - Scaleway API-Gateway
      Strict-Transport-Security:
      - max-age=63072000
      X-Content-Type-Options:
      - nosniff
      X-Frame-Options:
      - DENY
      X-Request-Id:
      - 621e16cf-ea99-408e-900e-dbe7213acbd5
    status: 200 OK
    code: 200
    duration: ""
- request:
    body: ""
    form: {}
    headers:
      User-Agent:
      - scaleway-sdk-go/v1.0.0-beta.7+dev (go1.20.4; darwin; amd64) terraform-provider/develop
        terraform/terraform-tests
    url: https://api.scaleway.com/lb/v1/zones/fr-par-1/routes/579e420d-69ad-49aa-8672-78e7c7794e94
    method: GET
  response:
    body: '{"backend_id":"d7d44ba1-a37b-48e2-aa6b-e32032e93d5b","created_at":"2023-06-29T13:35:34.781166Z","frontend_id":"b4fcfb7e-012f-49e2-a48a-fe1ad1710d78","id":"579e420d-69ad-49aa-8672-78e7c7794e94","match":{"sni":"sni.scaleway.com"},"updated_at":"2023-06-29T13:35:34.781166Z"}'
    headers:
      Content-Length:
      - "276"
      Content-Security-Policy:
      - default-src 'none'; frame-ancestors 'none'
      Content-Type:
      - application/json
      Date:
      - Thu, 29 Jun 2023 13:35:37 GMT
      Server:
      - Scaleway API-Gateway
      Strict-Transport-Security:
      - max-age=63072000
      X-Content-Type-Options:
      - nosniff
      X-Frame-Options:
      - DENY
      X-Request-Id:
      - 0830eca6-3c6f-46b6-a5a6-1b19d553b8a3
    status: 200 OK
    code: 200
    duration: ""
- request:
    body: '{"frontend_id":"b4fcfb7e-012f-49e2-a48a-fe1ad1710d78","backend_id":"d7d44ba1-a37b-48e2-aa6b-e32032e93d5b","match":{"sni":"sni2.scaleway.com"}}'
    form: {}
    headers:
      Content-Type:
      - application/json
      User-Agent:
      - scaleway-sdk-go/v1.0.0-beta.7+dev (go1.20.4; darwin; amd64) terraform-provider/develop
        terraform/terraform-tests
    url: https://api.scaleway.com/lb/v1/zones/fr-par-1/routes
    method: POST
  response:
    body: '{"backend_id":"d7d44ba1-a37b-48e2-aa6b-e32032e93d5b","created_at":"2023-06-29T13:35:37.814958219Z","frontend_id":"b4fcfb7e-012f-49e2-a48a-fe1ad1710d78","id":"e8f186c4-694e-4482-8456-c41b11070af4","match":{"sni":"sni2.scaleway.com"},"updated_at":"2023-06-29T13:35:37.814958219Z"}'
    headers:
      Content-Length:
      - "283"
      Content-Security-Policy:
      - default-src 'none'; frame-ancestors 'none'
      Content-Type:
      - application/json
      Date:
      - Thu, 29 Jun 2023 13:35:37 GMT
      Server:
      - Scaleway API-Gateway
      Strict-Transport-Security:
      - max-age=63072000
      X-Content-Type-Options:
      - nosniff
      X-Frame-Options:
      - DENY
      X-Request-Id:
      - 6273b42d-8eed-4804-85ac-e805c51c5dfc
    status: 200 OK
    code: 200
    duration: ""
- request:
    body: ""
    form: {}
    headers:
      User-Agent:
      - scaleway-sdk-go/v1.0.0-beta.7+dev (go1.20.4; darwin; amd64) terraform-provider/develop
        terraform/terraform-tests
    url: https://api.scaleway.com/lb/v1/zones/fr-par-1/routes/e8f186c4-694e-4482-8456-c41b11070af4
    method: GET
  response:
    body: '{"backend_id":"d7d44ba1-a37b-48e2-aa6b-e32032e93d5b","created_at":"2023-06-29T13:35:37.814958Z","frontend_id":"b4fcfb7e-012f-49e2-a48a-fe1ad1710d78","id":"e8f186c4-694e-4482-8456-c41b11070af4","match":{"sni":"sni2.scaleway.com"},"updated_at":"2023-06-29T13:35:37.814958Z"}'
    headers:
      Content-Length:
      - "277"
      Content-Security-Policy:
      - default-src 'none'; frame-ancestors 'none'
      Content-Type:
      - application/json
      Date:
      - Thu, 29 Jun 2023 13:35:38 GMT
      Server:
      - Scaleway API-Gateway
      Strict-Transport-Security:
      - max-age=63072000
      X-Content-Type-Options:
      - nosniff
      X-Frame-Options:
      - DENY
      X-Request-Id:
      - 89500070-e633-4236-acd9-8203f1d54bdd
    status: 200 OK
    code: 200
    duration: ""
- request:
    body: ""
    form: {}
    headers:
      User-Agent:
      - scaleway-sdk-go/v1.0.0-beta.7+dev (go1.20.4; darwin; amd64) terraform-provider/develop
        terraform/terraform-tests
    url: https://api.scaleway.com/lb/v1/zones/fr-par-1/routes?frontend_id=b4fcfb7e-012f-49e2-a48a-fe1ad1710d78&order_by=created_at_asc
    method: GET
  response:
    body: '{"routes":[{"backend_id":"d7d44ba1-a37b-48e2-aa6b-e32032e93d5b","created_at":"2023-06-29T13:35:34.781166Z","frontend_id":"b4fcfb7e-012f-49e2-a48a-fe1ad1710d78","id":"579e420d-69ad-49aa-8672-78e7c7794e94","match":{"sni":"sni.scaleway.com"},"updated_at":"2023-06-29T13:35:34.781166Z"},{"backend_id":"d7d44ba1-a37b-48e2-aa6b-e32032e93d5b","created_at":"2023-06-29T13:35:37.814958Z","frontend_id":"b4fcfb7e-012f-49e2-a48a-fe1ad1710d78","id":"e8f186c4-694e-4482-8456-c41b11070af4","match":{"sni":"sni2.scaleway.com"},"updated_at":"2023-06-29T13:35:37.814958Z"}],"total_count":2}'
    headers:
      Content-Length:
      - "585"
      Content-Security-Policy:
      - default-src 'none'; frame-ancestors 'none'
      Content-Type:
      - application/json
      Date:
      - Thu, 29 Jun 2023 13:35:38 GMT
      Server:
      - Scaleway API-Gateway
      Strict-Transport-Security:
      - max-age=63072000
      X-Content-Type-Options:
      - nosniff
      X-Frame-Options:
      - DENY
      X-Request-Id:
      - 02297e45-d42b-4073-ab3e-5beb87651312
    status: 200 OK
    code: 200
    duration: ""
- request:
    body: ""
    form: {}
    headers:
      User-Agent:
      - scaleway-sdk-go/v1.0.0-beta.7+dev (go1.20.4; darwin; amd64) terraform-provider/develop
        terraform/terraform-tests
    url: https://api.scaleway.com/lb/v1/zones/fr-par-1/routes?frontend_id=b4fcfb7e-012f-49e2-a48a-fe1ad1710d78&order_by=created_at_asc
    method: GET
  response:
    body: '{"routes":[{"backend_id":"d7d44ba1-a37b-48e2-aa6b-e32032e93d5b","created_at":"2023-06-29T13:35:34.781166Z","frontend_id":"b4fcfb7e-012f-49e2-a48a-fe1ad1710d78","id":"579e420d-69ad-49aa-8672-78e7c7794e94","match":{"sni":"sni.scaleway.com"},"updated_at":"2023-06-29T13:35:34.781166Z"},{"backend_id":"d7d44ba1-a37b-48e2-aa6b-e32032e93d5b","created_at":"2023-06-29T13:35:37.814958Z","frontend_id":"b4fcfb7e-012f-49e2-a48a-fe1ad1710d78","id":"e8f186c4-694e-4482-8456-c41b11070af4","match":{"sni":"sni2.scaleway.com"},"updated_at":"2023-06-29T13:35:37.814958Z"}],"total_count":2}'
    headers:
      Content-Length:
      - "585"
      Content-Security-Policy:
      - default-src 'none'; frame-ancestors 'none'
      Content-Type:
      - application/json
      Date:
      - Thu, 29 Jun 2023 13:35:38 GMT
      Server:
      - Scaleway API-Gateway
      Strict-Transport-Security:
      - max-age=63072000
      X-Content-Type-Options:
      - nosniff
      X-Frame-Options:
      - DENY
      X-Request-Id:
      - 341b7fd4-f0b5-447d-b175-2f8fbf881ac2
    status: 200 OK
    code: 200
    duration: ""
- request:
    body: ""
    form: {}
    headers:
      User-Agent:
      - scaleway-sdk-go/v1.0.0-beta.7+dev (go1.20.4; darwin; amd64) terraform-provider/develop
        terraform/terraform-tests
    url: https://api.scaleway.com/lb/v1/zones/fr-par-1/ips/0e3b7619-f1d2-4492-977c-8cb729cc6be3
    method: GET
  response:
    body: '{"id":"0e3b7619-f1d2-4492-977c-8cb729cc6be3","ip_address":"51.159.27.185","lb_id":"08a835d0-a987-4f23-ad71-e8892d12f9ca","organization_id":"564aa517-68b0-4fd7-8c8c-d21c4bcdcbd5","project_id":"564aa517-68b0-4fd7-8c8c-d21c4bcdcbd5","region":"fr-par","reverse":"51-159-27-185.lb.fr-par.scw.cloud","zone":"fr-par-1"}'
    headers:
      Content-Length:
      - "319"
      Content-Security-Policy:
      - default-src 'none'; frame-ancestors 'none'
      Content-Type:
      - application/json
      Date:
      - Thu, 29 Jun 2023 13:35:38 GMT
      Server:
      - Scaleway API-Gateway
      Strict-Transport-Security:
      - max-age=63072000
      X-Content-Type-Options:
      - nosniff
      X-Frame-Options:
      - DENY
      X-Request-Id:
      - 5b9bc51c-e947-4fab-b5ad-de69f9696472
    status: 200 OK
    code: 200
    duration: ""
- request:
    body: ""
    form: {}
    headers:
      User-Agent:
      - scaleway-sdk-go/v1.0.0-beta.7+dev (go1.20.4; darwin; amd64) terraform-provider/develop
        terraform/terraform-tests
    url: https://api.scaleway.com/lb/v1/zones/fr-par-1/lbs/08a835d0-a987-4f23-ad71-e8892d12f9ca
    method: GET
  response:
    body: '{"backend_count":1,"created_at":"2023-06-29T13:35:02.149631Z","description":"","frontend_count":1,"id":"08a835d0-a987-4f23-ad71-e8892d12f9ca","instances":[{"created_at":"2023-06-29T13:33:54.654034Z","id":"25d0bf41-ad46-47fd-b2c0-ea7b1b2d297b","ip_address":"10.74.34.61","region":"fr-par","status":"ready","updated_at":"2023-06-29T13:35:38.230967Z","zone":"fr-par-1"}],"ip":[{"id":"0e3b7619-f1d2-4492-977c-8cb729cc6be3","ip_address":"51.159.27.185","lb_id":"08a835d0-a987-4f23-ad71-e8892d12f9ca","organization_id":"564aa517-68b0-4fd7-8c8c-d21c4bcdcbd5","project_id":"564aa517-68b0-4fd7-8c8c-d21c4bcdcbd5","region":"fr-par","reverse":"51-159-27-185.lb.fr-par.scw.cloud","zone":"fr-par-1"}],"name":"test-lb","organization_id":"564aa517-68b0-4fd7-8c8c-d21c4bcdcbd5","private_network_count":0,"project_id":"564aa517-68b0-4fd7-8c8c-d21c4bcdcbd5","region":"fr-par","route_count":2,"ssl_compatibility_level":"ssl_compatibility_level_intermediate","status":"ready","subscriber":null,"tags":[],"type":"lb-s","updated_at":"2023-06-29T13:35:04.357115Z","zone":"fr-par-1"}'
    headers:
      Content-Length:
      - "1091"
      Content-Security-Policy:
      - default-src 'none'; frame-ancestors 'none'
      Content-Type:
      - application/json
      Date:
      - Thu, 29 Jun 2023 13:35:38 GMT
      Server:
      - Scaleway API-Gateway
      Strict-Transport-Security:
      - max-age=63072000
      X-Content-Type-Options:
      - nosniff
      X-Frame-Options:
      - DENY
      X-Request-Id:
      - 9c0fba1c-40c0-430f-9840-54146c3efc30
    status: 200 OK
    code: 200
    duration: ""
- request:
    body: ""
    form: {}
    headers:
      User-Agent:
      - scaleway-sdk-go/v1.0.0-beta.7+dev (go1.20.4; darwin; amd64) terraform-provider/develop
        terraform/terraform-tests
    url: https://api.scaleway.com/lb/v1/zones/fr-par-1/lbs/08a835d0-a987-4f23-ad71-e8892d12f9ca
    method: GET
  response:
    body: '{"backend_count":1,"created_at":"2023-06-29T13:35:02.149631Z","description":"","frontend_count":1,"id":"08a835d0-a987-4f23-ad71-e8892d12f9ca","instances":[{"created_at":"2023-06-29T13:33:54.654034Z","id":"25d0bf41-ad46-47fd-b2c0-ea7b1b2d297b","ip_address":"10.74.34.61","region":"fr-par","status":"ready","updated_at":"2023-06-29T13:35:38.230967Z","zone":"fr-par-1"}],"ip":[{"id":"0e3b7619-f1d2-4492-977c-8cb729cc6be3","ip_address":"51.159.27.185","lb_id":"08a835d0-a987-4f23-ad71-e8892d12f9ca","organization_id":"564aa517-68b0-4fd7-8c8c-d21c4bcdcbd5","project_id":"564aa517-68b0-4fd7-8c8c-d21c4bcdcbd5","region":"fr-par","reverse":"51-159-27-185.lb.fr-par.scw.cloud","zone":"fr-par-1"}],"name":"test-lb","organization_id":"564aa517-68b0-4fd7-8c8c-d21c4bcdcbd5","private_network_count":0,"project_id":"564aa517-68b0-4fd7-8c8c-d21c4bcdcbd5","region":"fr-par","route_count":2,"ssl_compatibility_level":"ssl_compatibility_level_intermediate","status":"ready","subscriber":null,"tags":[],"type":"lb-s","updated_at":"2023-06-29T13:35:04.357115Z","zone":"fr-par-1"}'
    headers:
      Content-Length:
      - "1091"
      Content-Security-Policy:
      - default-src 'none'; frame-ancestors 'none'
      Content-Type:
      - application/json
      Date:
      - Thu, 29 Jun 2023 13:35:38 GMT
      Server:
      - Scaleway API-Gateway
      Strict-Transport-Security:
      - max-age=63072000
      X-Content-Type-Options:
      - nosniff
      X-Frame-Options:
      - DENY
      X-Request-Id:
      - cf01a0fe-9e14-4681-968e-69090198612a
    status: 200 OK
    code: 200
    duration: ""
- request:
    body: ""
    form: {}
    headers:
      User-Agent:
      - scaleway-sdk-go/v1.0.0-beta.7+dev (go1.20.4; darwin; amd64) terraform-provider/develop
        terraform/terraform-tests
    url: https://api.scaleway.com/lb/v1/zones/fr-par-1/lbs/08a835d0-a987-4f23-ad71-e8892d12f9ca/private-networks?order_by=created_at_asc
    method: GET
  response:
    body: '{"private_network":[],"total_count":0}'
    headers:
      Content-Length:
      - "39"
      Content-Security-Policy:
      - default-src 'none'; frame-ancestors 'none'
      Content-Type:
      - application/json
      Date:
      - Thu, 29 Jun 2023 13:35:39 GMT
      Server:
      - Scaleway API-Gateway
      Strict-Transport-Security:
      - max-age=63072000
      X-Content-Type-Options:
      - nosniff
      X-Frame-Options:
      - DENY
      X-Request-Id:
      - 8514b13a-d5c8-42fb-9def-49dac11bcea8
    status: 200 OK
    code: 200
    duration: ""
- request:
    body: ""
    form: {}
    headers:
      User-Agent:
      - scaleway-sdk-go/v1.0.0-beta.7+dev (go1.20.4; darwin; amd64) terraform-provider/develop
        terraform/terraform-tests
    url: https://api.scaleway.com/lb/v1/zones/fr-par-1/backends/d7d44ba1-a37b-48e2-aa6b-e32032e93d5b
    method: GET
  response:
    body: '{"created_at":"2023-06-29T13:35:32.902867Z","failover_host":null,"forward_port":80,"forward_port_algorithm":"roundrobin","forward_protocol":"tcp","health_check":{"check_delay":60000,"check_max_retries":2,"check_send_proxy":false,"check_timeout":30000,"port":80,"tcp_config":{},"transient_check_delay":null},"id":"d7d44ba1-a37b-48e2-aa6b-e32032e93d5b","ignore_ssl_server_verify":false,"lb":{"backend_count":1,"created_at":"2023-06-29T13:35:02.149631Z","description":"","frontend_count":1,"id":"08a835d0-a987-4f23-ad71-e8892d12f9ca","instances":[{"created_at":"2023-06-29T13:33:54.654034Z","id":"25d0bf41-ad46-47fd-b2c0-ea7b1b2d297b","ip_address":"10.74.34.61","region":"fr-par","status":"ready","updated_at":"2023-06-29T13:35:38.230967Z","zone":"fr-par-1"}],"ip":[{"id":"0e3b7619-f1d2-4492-977c-8cb729cc6be3","ip_address":"51.159.27.185","lb_id":"08a835d0-a987-4f23-ad71-e8892d12f9ca","organization_id":"564aa517-68b0-4fd7-8c8c-d21c4bcdcbd5","project_id":"564aa517-68b0-4fd7-8c8c-d21c4bcdcbd5","region":"fr-par","reverse":"51-159-27-185.lb.fr-par.scw.cloud","zone":"fr-par-1"}],"name":"test-lb","organization_id":"564aa517-68b0-4fd7-8c8c-d21c4bcdcbd5","private_network_count":0,"project_id":"564aa517-68b0-4fd7-8c8c-d21c4bcdcbd5","region":"fr-par","route_count":2,"ssl_compatibility_level":"ssl_compatibility_level_intermediate","status":"ready","subscriber":null,"tags":[],"type":"lb-s","updated_at":"2023-06-29T13:35:04.357115Z","zone":"fr-par-1"},"max_connections":null,"max_retries":3,"name":"tf-lb-bkd-wonderful-cartwright","on_marked_down_action":"on_marked_down_action_none","pool":[],"proxy_protocol":"proxy_protocol_none","redispatch_attempt_count":null,"send_proxy_v2":false,"ssl_bridging":false,"sticky_sessions":"none","sticky_sessions_cookie_name":"","timeout_connect":5000,"timeout_queue":"0s","timeout_server":300000,"timeout_tunnel":900000,"updated_at":"2023-06-29T13:35:32.902867Z"}'
    headers:
      Content-Length:
      - "1960"
      Content-Security-Policy:
      - default-src 'none'; frame-ancestors 'none'
      Content-Type:
      - application/json
      Date:
      - Thu, 29 Jun 2023 13:35:39 GMT
      Server:
      - Scaleway API-Gateway
      Strict-Transport-Security:
      - max-age=63072000
      X-Content-Type-Options:
      - nosniff
      X-Frame-Options:
      - DENY
      X-Request-Id:
      - 23256a2e-ed84-41f3-a788-e0ea22e23c01
    status: 200 OK
    code: 200
    duration: ""
- request:
    body: ""
    form: {}
    headers:
      User-Agent:
      - scaleway-sdk-go/v1.0.0-beta.7+dev (go1.20.4; darwin; amd64) terraform-provider/develop
        terraform/terraform-tests
    url: https://api.scaleway.com/lb/v1/zones/fr-par-1/lbs/08a835d0-a987-4f23-ad71-e8892d12f9ca
    method: GET
  response:
    body: '{"backend_count":1,"created_at":"2023-06-29T13:35:02.149631Z","description":"","frontend_count":1,"id":"08a835d0-a987-4f23-ad71-e8892d12f9ca","instances":[{"created_at":"2023-06-29T13:33:54.654034Z","id":"25d0bf41-ad46-47fd-b2c0-ea7b1b2d297b","ip_address":"10.74.34.61","region":"fr-par","status":"ready","updated_at":"2023-06-29T13:35:38.230967Z","zone":"fr-par-1"}],"ip":[{"id":"0e3b7619-f1d2-4492-977c-8cb729cc6be3","ip_address":"51.159.27.185","lb_id":"08a835d0-a987-4f23-ad71-e8892d12f9ca","organization_id":"564aa517-68b0-4fd7-8c8c-d21c4bcdcbd5","project_id":"564aa517-68b0-4fd7-8c8c-d21c4bcdcbd5","region":"fr-par","reverse":"51-159-27-185.lb.fr-par.scw.cloud","zone":"fr-par-1"}],"name":"test-lb","organization_id":"564aa517-68b0-4fd7-8c8c-d21c4bcdcbd5","private_network_count":0,"project_id":"564aa517-68b0-4fd7-8c8c-d21c4bcdcbd5","region":"fr-par","route_count":2,"ssl_compatibility_level":"ssl_compatibility_level_intermediate","status":"ready","subscriber":null,"tags":[],"type":"lb-s","updated_at":"2023-06-29T13:35:04.357115Z","zone":"fr-par-1"}'
    headers:
      Content-Length:
      - "1091"
      Content-Security-Policy:
      - default-src 'none'; frame-ancestors 'none'
      Content-Type:
      - application/json
      Date:
      - Thu, 29 Jun 2023 13:35:39 GMT
      Server:
      - Scaleway API-Gateway
      Strict-Transport-Security:
      - max-age=63072000
      X-Content-Type-Options:
      - nosniff
      X-Frame-Options:
      - DENY
      X-Request-Id:
      - dbff8cbf-c58b-4e0c-9959-d9fb240cbf67
    status: 200 OK
    code: 200
    duration: ""
- request:
    body: ""
    form: {}
    headers:
      User-Agent:
      - scaleway-sdk-go/v1.0.0-beta.7+dev (go1.20.4; darwin; amd64) terraform-provider/develop
        terraform/terraform-tests
    url: https://api.scaleway.com/lb/v1/zones/fr-par-1/frontends/b4fcfb7e-012f-49e2-a48a-fe1ad1710d78
    method: GET
  response:
    body: '{"backend":{"created_at":"2023-06-29T13:35:32.902867Z","failover_host":null,"forward_port":80,"forward_port_algorithm":"roundrobin","forward_protocol":"tcp","health_check":{"check_delay":60000,"check_max_retries":2,"check_send_proxy":false,"check_timeout":30000,"port":80,"tcp_config":{},"transient_check_delay":null},"id":"d7d44ba1-a37b-48e2-aa6b-e32032e93d5b","ignore_ssl_server_verify":false,"lb":{"backend_count":1,"created_at":"2023-06-29T13:35:02.149631Z","description":"","frontend_count":1,"id":"08a835d0-a987-4f23-ad71-e8892d12f9ca","instances":[],"ip":[{"id":"0e3b7619-f1d2-4492-977c-8cb729cc6be3","ip_address":"51.159.27.185","lb_id":"08a835d0-a987-4f23-ad71-e8892d12f9ca","organization_id":"564aa517-68b0-4fd7-8c8c-d21c4bcdcbd5","project_id":"564aa517-68b0-4fd7-8c8c-d21c4bcdcbd5","region":"fr-par","reverse":"51-159-27-185.lb.fr-par.scw.cloud","zone":"fr-par-1"}],"name":"test-lb","organization_id":"564aa517-68b0-4fd7-8c8c-d21c4bcdcbd5","private_network_count":0,"project_id":"564aa517-68b0-4fd7-8c8c-d21c4bcdcbd5","region":"fr-par","route_count":2,"ssl_compatibility_level":"ssl_compatibility_level_intermediate","status":"ready","subscriber":null,"tags":[],"type":"lb-s","updated_at":"2023-06-29T13:35:04.357115Z","zone":"fr-par-1"},"max_connections":null,"max_retries":3,"name":"tf-lb-bkd-wonderful-cartwright","on_marked_down_action":"on_marked_down_action_none","pool":[],"proxy_protocol":"proxy_protocol_none","redispatch_attempt_count":null,"send_proxy_v2":false,"ssl_bridging":false,"sticky_sessions":"none","sticky_sessions_cookie_name":"","timeout_connect":5000,"timeout_queue":"0s","timeout_server":300000,"timeout_tunnel":900000,"updated_at":"2023-06-29T13:35:32.902867Z"},"certificate":null,"certificate_ids":[],"created_at":"2023-06-29T13:35:33.617535Z","enable_http3":false,"id":"b4fcfb7e-012f-49e2-a48a-fe1ad1710d78","inbound_port":80,"lb":{"backend_count":1,"created_at":"2023-06-29T13:35:02.149631Z","description":"","frontend_count":1,"id":"08a835d0-a987-4f23-ad71-e8892d12f9ca","instances":[],"ip":[{"id":"0e3b7619-f1d2-4492-977c-8cb729cc6be3","ip_address":"51.159.27.185","lb_id":"08a835d0-a987-4f23-ad71-e8892d12f9ca","organization_id":"564aa517-68b0-4fd7-8c8c-d21c4bcdcbd5","project_id":"564aa517-68b0-4fd7-8c8c-d21c4bcdcbd5","region":"fr-par","reverse":"51-159-27-185.lb.fr-par.scw.cloud","zone":"fr-par-1"}],"name":"test-lb","organization_id":"564aa517-68b0-4fd7-8c8c-d21c4bcdcbd5","private_network_count":0,"project_id":"564aa517-68b0-4fd7-8c8c-d21c4bcdcbd5","region":"fr-par","route_count":2,"ssl_compatibility_level":"ssl_compatibility_level_intermediate","status":"ready","subscriber":null,"tags":[],"type":"lb-s","updated_at":"2023-06-29T13:35:04.357115Z","zone":"fr-par-1"},"name":"tf-lb-frt-romantic-brattain","timeout_client":null,"updated_at":"2023-06-29T13:35:34.052112Z"}'
    headers:
      Content-Length:
      - "2913"
      Content-Security-Policy:
      - default-src 'none'; frame-ancestors 'none'
      Content-Type:
      - application/json
      Date:
      - Thu, 29 Jun 2023 13:35:39 GMT
      Server:
      - Scaleway API-Gateway
      Strict-Transport-Security:
      - max-age=63072000
      X-Content-Type-Options:
      - nosniff
      X-Frame-Options:
      - DENY
      X-Request-Id:
      - b198fe91-4cc5-4cbe-aa8b-9769b0878db4
    status: 200 OK
    code: 200
    duration: ""
- request:
    body: ""
    form: {}
    headers:
      User-Agent:
      - scaleway-sdk-go/v1.0.0-beta.7+dev (go1.20.4; darwin; amd64) terraform-provider/develop
        terraform/terraform-tests
    url: https://api.scaleway.com/lb/v1/zones/fr-par-1/frontends/b4fcfb7e-012f-49e2-a48a-fe1ad1710d78/acls?order_by=created_at_asc&page=1
    method: GET
  response:
    body: '{"acls":[],"total_count":0}'
    headers:
      Content-Length:
      - "28"
      Content-Security-Policy:
      - default-src 'none'; frame-ancestors 'none'
      Content-Type:
      - application/json
      Date:
      - Thu, 29 Jun 2023 13:35:39 GMT
      Server:
      - Scaleway API-Gateway
      Strict-Transport-Security:
      - max-age=63072000
      X-Content-Type-Options:
      - nosniff
      X-Frame-Options:
      - DENY
      X-Request-Id:
      - 05cf19b2-ffb9-46c3-a767-8bed4946573e
    status: 200 OK
    code: 200
    duration: ""
- request:
    body: ""
    form: {}
    headers:
      User-Agent:
      - scaleway-sdk-go/v1.0.0-beta.7+dev (go1.20.4; darwin; amd64) terraform-provider/develop
        terraform/terraform-tests
    url: https://api.scaleway.com/lb/v1/zones/fr-par-1/routes/579e420d-69ad-49aa-8672-78e7c7794e94
    method: GET
  response:
    body: '{"backend_id":"d7d44ba1-a37b-48e2-aa6b-e32032e93d5b","created_at":"2023-06-29T13:35:34.781166Z","frontend_id":"b4fcfb7e-012f-49e2-a48a-fe1ad1710d78","id":"579e420d-69ad-49aa-8672-78e7c7794e94","match":{"sni":"sni.scaleway.com"},"updated_at":"2023-06-29T13:35:34.781166Z"}'
    headers:
      Content-Length:
      - "276"
      Content-Security-Policy:
      - default-src 'none'; frame-ancestors 'none'
      Content-Type:
      - application/json
      Date:
      - Thu, 29 Jun 2023 13:35:39 GMT
      Server:
      - Scaleway API-Gateway
      Strict-Transport-Security:
      - max-age=63072000
      X-Content-Type-Options:
      - nosniff
      X-Frame-Options:
      - DENY
      X-Request-Id:
      - 4b887407-9121-4793-b513-727a6498eb62
    status: 200 OK
    code: 200
    duration: ""
- request:
    body: ""
    form: {}
    headers:
      User-Agent:
      - scaleway-sdk-go/v1.0.0-beta.7+dev (go1.20.4; darwin; amd64) terraform-provider/develop
        terraform/terraform-tests
    url: https://api.scaleway.com/lb/v1/zones/fr-par-1/routes/e8f186c4-694e-4482-8456-c41b11070af4
    method: GET
  response:
    body: '{"backend_id":"d7d44ba1-a37b-48e2-aa6b-e32032e93d5b","created_at":"2023-06-29T13:35:37.814958Z","frontend_id":"b4fcfb7e-012f-49e2-a48a-fe1ad1710d78","id":"e8f186c4-694e-4482-8456-c41b11070af4","match":{"sni":"sni2.scaleway.com"},"updated_at":"2023-06-29T13:35:37.814958Z"}'
    headers:
      Content-Length:
      - "277"
      Content-Security-Policy:
      - default-src 'none'; frame-ancestors 'none'
      Content-Type:
      - application/json
      Date:
      - Thu, 29 Jun 2023 13:35:39 GMT
      Server:
      - Scaleway API-Gateway
      Strict-Transport-Security:
      - max-age=63072000
      X-Content-Type-Options:
      - nosniff
      X-Frame-Options:
      - DENY
      X-Request-Id:
      - c8def783-ff4f-421a-a4ba-404bd939fba7
    status: 200 OK
    code: 200
    duration: ""
- request:
    body: ""
    form: {}
    headers:
      User-Agent:
      - scaleway-sdk-go/v1.0.0-beta.7+dev (go1.20.4; darwin; amd64) terraform-provider/develop
        terraform/terraform-tests
    url: https://api.scaleway.com/lb/v1/zones/fr-par-1/routes?frontend_id=b4fcfb7e-012f-49e2-a48a-fe1ad1710d78&order_by=created_at_asc
    method: GET
  response:
    body: '{"routes":[{"backend_id":"d7d44ba1-a37b-48e2-aa6b-e32032e93d5b","created_at":"2023-06-29T13:35:34.781166Z","frontend_id":"b4fcfb7e-012f-49e2-a48a-fe1ad1710d78","id":"579e420d-69ad-49aa-8672-78e7c7794e94","match":{"sni":"sni.scaleway.com"},"updated_at":"2023-06-29T13:35:34.781166Z"},{"backend_id":"d7d44ba1-a37b-48e2-aa6b-e32032e93d5b","created_at":"2023-06-29T13:35:37.814958Z","frontend_id":"b4fcfb7e-012f-49e2-a48a-fe1ad1710d78","id":"e8f186c4-694e-4482-8456-c41b11070af4","match":{"sni":"sni2.scaleway.com"},"updated_at":"2023-06-29T13:35:37.814958Z"}],"total_count":2}'
    headers:
      Content-Length:
      - "585"
      Content-Security-Policy:
      - default-src 'none'; frame-ancestors 'none'
      Content-Type:
      - application/json
      Date:
      - Thu, 29 Jun 2023 13:35:39 GMT
      Server:
      - Scaleway API-Gateway
      Strict-Transport-Security:
      - max-age=63072000
      X-Content-Type-Options:
      - nosniff
      X-Frame-Options:
      - DENY
      X-Request-Id:
      - 5f2fb8e8-a279-4ee2-9f26-55624178ed6d
    status: 200 OK
    code: 200
    duration: ""
- request:
    body: ""
    form: {}
    headers:
      User-Agent:
      - scaleway-sdk-go/v1.0.0-beta.7+dev (go1.20.4; darwin; amd64) terraform-provider/develop
        terraform/terraform-tests
    url: https://api.scaleway.com/lb/v1/zones/fr-par-1/routes?frontend_id=b4fcfb7e-012f-49e2-a48a-fe1ad1710d78&order_by=created_at_asc
    method: GET
  response:
    body: '{"routes":[{"backend_id":"d7d44ba1-a37b-48e2-aa6b-e32032e93d5b","created_at":"2023-06-29T13:35:34.781166Z","frontend_id":"b4fcfb7e-012f-49e2-a48a-fe1ad1710d78","id":"579e420d-69ad-49aa-8672-78e7c7794e94","match":{"sni":"sni.scaleway.com"},"updated_at":"2023-06-29T13:35:34.781166Z"},{"backend_id":"d7d44ba1-a37b-48e2-aa6b-e32032e93d5b","created_at":"2023-06-29T13:35:37.814958Z","frontend_id":"b4fcfb7e-012f-49e2-a48a-fe1ad1710d78","id":"e8f186c4-694e-4482-8456-c41b11070af4","match":{"sni":"sni2.scaleway.com"},"updated_at":"2023-06-29T13:35:37.814958Z"}],"total_count":2}'
    headers:
      Content-Length:
      - "585"
      Content-Security-Policy:
      - default-src 'none'; frame-ancestors 'none'
      Content-Type:
      - application/json
      Date:
      - Thu, 29 Jun 2023 13:35:39 GMT
      Server:
      - Scaleway API-Gateway
      Strict-Transport-Security:
      - max-age=63072000
      X-Content-Type-Options:
      - nosniff
      X-Frame-Options:
      - DENY
      X-Request-Id:
      - bad49896-8bef-42b6-ab90-07ce42b087d7
    status: 200 OK
    code: 200
    duration: ""
- request:
    body: ""
    form: {}
    headers:
      User-Agent:
      - scaleway-sdk-go/v1.0.0-beta.7+dev (go1.20.4; darwin; amd64) terraform-provider/develop
        terraform/terraform-tests
    url: https://api.scaleway.com/lb/v1/zones/fr-par-1/routes/e8f186c4-694e-4482-8456-c41b11070af4
    method: DELETE
  response:
    body: ""
    headers:
      Content-Security-Policy:
      - default-src 'none'; frame-ancestors 'none'
      Content-Type:
      - application/json
      Date:
      - Thu, 29 Jun 2023 13:35:40 GMT
      Server:
      - Scaleway API-Gateway
      Strict-Transport-Security:
      - max-age=63072000
      X-Content-Type-Options:
      - nosniff
      X-Frame-Options:
      - DENY
      X-Request-Id:
      - 29104330-17db-4f1f-b26f-3fd4e59beada
    status: 204 No Content
    code: 204
    duration: ""
- request:
    body: ""
    form: {}
    headers:
      User-Agent:
      - scaleway-sdk-go/v1.0.0-beta.7+dev (go1.20.4; darwin; amd64) terraform-provider/develop
        terraform/terraform-tests
    url: https://api.scaleway.com/lb/v1/zones/fr-par-1/routes/579e420d-69ad-49aa-8672-78e7c7794e94
    method: DELETE
  response:
    body: ""
    headers:
      Content-Security-Policy:
      - default-src 'none'; frame-ancestors 'none'
      Content-Type:
      - application/json
      Date:
      - Thu, 29 Jun 2023 13:35:40 GMT
      Server:
      - Scaleway API-Gateway
      Strict-Transport-Security:
      - max-age=63072000
      X-Content-Type-Options:
      - nosniff
      X-Frame-Options:
      - DENY
      X-Request-Id:
      - d7d1883e-0a22-453a-aabd-36a3604bc7d6
    status: 204 No Content
    code: 204
    duration: ""
- request:
    body: ""
    form: {}
    headers:
      User-Agent:
      - scaleway-sdk-go/v1.0.0-beta.7+dev (go1.20.4; darwin; amd64) terraform-provider/develop
        terraform/terraform-tests
    url: https://api.scaleway.com/lb/v1/zones/fr-par-1/frontends/b4fcfb7e-012f-49e2-a48a-fe1ad1710d78
    method: DELETE
  response:
    body: ""
    headers:
      Content-Security-Policy:
      - default-src 'none'; frame-ancestors 'none'
      Content-Type:
      - application/json
      Date:
      - Thu, 29 Jun 2023 13:35:40 GMT
      Server:
      - Scaleway API-Gateway
      Strict-Transport-Security:
      - max-age=63072000
      X-Content-Type-Options:
      - nosniff
      X-Frame-Options:
      - DENY
      X-Request-Id:
      - dc0378c3-e586-45a6-9c22-94be2a153132
    status: 204 No Content
    code: 204
    duration: ""
- request:
    body: ""
    form: {}
    headers:
      User-Agent:
      - scaleway-sdk-go/v1.0.0-beta.7+dev (go1.20.4; darwin; amd64) terraform-provider/develop
        terraform/terraform-tests
    url: https://api.scaleway.com/lb/v1/zones/fr-par-1/lbs/08a835d0-a987-4f23-ad71-e8892d12f9ca
    method: GET
  response:
    body: '{"backend_count":1,"created_at":"2023-06-29T13:35:02.149631Z","description":"","frontend_count":0,"id":"08a835d0-a987-4f23-ad71-e8892d12f9ca","instances":[{"created_at":"2023-06-29T13:33:54.654034Z","id":"25d0bf41-ad46-47fd-b2c0-ea7b1b2d297b","ip_address":"10.74.34.61","region":"fr-par","status":"pending","updated_at":"2023-06-29T13:35:40.690052Z","zone":"fr-par-1"}],"ip":[{"id":"0e3b7619-f1d2-4492-977c-8cb729cc6be3","ip_address":"51.159.27.185","lb_id":"08a835d0-a987-4f23-ad71-e8892d12f9ca","organization_id":"564aa517-68b0-4fd7-8c8c-d21c4bcdcbd5","project_id":"564aa517-68b0-4fd7-8c8c-d21c4bcdcbd5","region":"fr-par","reverse":"51-159-27-185.lb.fr-par.scw.cloud","zone":"fr-par-1"}],"name":"test-lb","organization_id":"564aa517-68b0-4fd7-8c8c-d21c4bcdcbd5","private_network_count":0,"project_id":"564aa517-68b0-4fd7-8c8c-d21c4bcdcbd5","region":"fr-par","route_count":0,"ssl_compatibility_level":"ssl_compatibility_level_intermediate","status":"ready","subscriber":null,"tags":[],"type":"lb-s","updated_at":"2023-06-29T13:35:04.357115Z","zone":"fr-par-1"}'
    headers:
      Content-Length:
      - "1093"
      Content-Security-Policy:
      - default-src 'none'; frame-ancestors 'none'
      Content-Type:
      - application/json
      Date:
      - Thu, 29 Jun 2023 13:35:40 GMT
      Server:
      - Scaleway API-Gateway
      Strict-Transport-Security:
      - max-age=63072000
      X-Content-Type-Options:
      - nosniff
      X-Frame-Options:
      - DENY
      X-Request-Id:
      - 9b0cd1ad-48d2-43cf-a7cf-774e6039d163
    status: 200 OK
    code: 200
    duration: ""
- request:
    body: ""
    form: {}
    headers:
      User-Agent:
      - scaleway-sdk-go/v1.0.0-beta.7+dev (go1.20.4; darwin; amd64) terraform-provider/develop
        terraform/terraform-tests
    url: https://api.scaleway.com/lb/v1/zones/fr-par-1/lbs/08a835d0-a987-4f23-ad71-e8892d12f9ca
    method: GET
  response:
    body: '{"backend_count":1,"created_at":"2023-06-29T13:35:02.149631Z","description":"","frontend_count":0,"id":"08a835d0-a987-4f23-ad71-e8892d12f9ca","instances":[{"created_at":"2023-06-29T13:33:54.654034Z","id":"25d0bf41-ad46-47fd-b2c0-ea7b1b2d297b","ip_address":"10.74.34.61","region":"fr-par","status":"pending","updated_at":"2023-06-29T13:35:40.690052Z","zone":"fr-par-1"}],"ip":[{"id":"0e3b7619-f1d2-4492-977c-8cb729cc6be3","ip_address":"51.159.27.185","lb_id":"08a835d0-a987-4f23-ad71-e8892d12f9ca","organization_id":"564aa517-68b0-4fd7-8c8c-d21c4bcdcbd5","project_id":"564aa517-68b0-4fd7-8c8c-d21c4bcdcbd5","region":"fr-par","reverse":"51-159-27-185.lb.fr-par.scw.cloud","zone":"fr-par-1"}],"name":"test-lb","organization_id":"564aa517-68b0-4fd7-8c8c-d21c4bcdcbd5","private_network_count":0,"project_id":"564aa517-68b0-4fd7-8c8c-d21c4bcdcbd5","region":"fr-par","route_count":0,"ssl_compatibility_level":"ssl_compatibility_level_intermediate","status":"ready","subscriber":null,"tags":[],"type":"lb-s","updated_at":"2023-06-29T13:35:04.357115Z","zone":"fr-par-1"}'
    headers:
      Content-Length:
      - "1093"
      Content-Security-Policy:
      - default-src 'none'; frame-ancestors 'none'
      Content-Type:
      - application/json
      Date:
      - Thu, 29 Jun 2023 13:35:41 GMT
      Server:
      - Scaleway API-Gateway
      Strict-Transport-Security:
      - max-age=63072000
      X-Content-Type-Options:
      - nosniff
      X-Frame-Options:
      - DENY
      X-Request-Id:
      - 9dd2506e-4ea7-44ba-81cb-591bfe37108f
    status: 200 OK
    code: 200
    duration: ""
- request:
    body: ""
    form: {}
    headers:
      User-Agent:
      - scaleway-sdk-go/v1.0.0-beta.7+dev (go1.20.4; darwin; amd64) terraform-provider/develop
        terraform/terraform-tests
    url: https://api.scaleway.com/lb/v1/zones/fr-par-1/backends/d7d44ba1-a37b-48e2-aa6b-e32032e93d5b
    method: DELETE
  response:
    body: ""
    headers:
      Content-Security-Policy:
      - default-src 'none'; frame-ancestors 'none'
      Content-Type:
      - application/json
      Date:
      - Thu, 29 Jun 2023 13:35:41 GMT
      Server:
      - Scaleway API-Gateway
      Strict-Transport-Security:
      - max-age=63072000
      X-Content-Type-Options:
      - nosniff
      X-Frame-Options:
      - DENY
      X-Request-Id:
      - fe77367f-30ee-435f-bdf5-621809036993
    status: 204 No Content
    code: 204
    duration: ""
- request:
    body: ""
    form: {}
    headers:
      User-Agent:
      - scaleway-sdk-go/v1.0.0-beta.7+dev (go1.20.4; darwin; amd64) terraform-provider/develop
        terraform/terraform-tests
    url: https://api.scaleway.com/lb/v1/zones/fr-par-1/lbs/08a835d0-a987-4f23-ad71-e8892d12f9ca
    method: GET
  response:
    body: '{"backend_count":0,"created_at":"2023-06-29T13:35:02.149631Z","description":"","frontend_count":0,"id":"08a835d0-a987-4f23-ad71-e8892d12f9ca","instances":[{"created_at":"2023-06-29T13:33:54.654034Z","id":"25d0bf41-ad46-47fd-b2c0-ea7b1b2d297b","ip_address":"10.74.34.61","region":"fr-par","status":"pending","updated_at":"2023-06-29T13:35:41.202851Z","zone":"fr-par-1"}],"ip":[{"id":"0e3b7619-f1d2-4492-977c-8cb729cc6be3","ip_address":"51.159.27.185","lb_id":"08a835d0-a987-4f23-ad71-e8892d12f9ca","organization_id":"564aa517-68b0-4fd7-8c8c-d21c4bcdcbd5","project_id":"564aa517-68b0-4fd7-8c8c-d21c4bcdcbd5","region":"fr-par","reverse":"51-159-27-185.lb.fr-par.scw.cloud","zone":"fr-par-1"}],"name":"test-lb","organization_id":"564aa517-68b0-4fd7-8c8c-d21c4bcdcbd5","private_network_count":0,"project_id":"564aa517-68b0-4fd7-8c8c-d21c4bcdcbd5","region":"fr-par","route_count":0,"ssl_compatibility_level":"ssl_compatibility_level_intermediate","status":"ready","subscriber":null,"tags":[],"type":"lb-s","updated_at":"2023-06-29T13:35:04.357115Z","zone":"fr-par-1"}'
    headers:
      Content-Length:
      - "1093"
      Content-Security-Policy:
      - default-src 'none'; frame-ancestors 'none'
      Content-Type:
      - application/json
      Date:
      - Thu, 29 Jun 2023 13:35:41 GMT
      Server:
      - Scaleway API-Gateway
      Strict-Transport-Security:
      - max-age=63072000
      X-Content-Type-Options:
      - nosniff
      X-Frame-Options:
      - DENY
      X-Request-Id:
      - cc314a3b-0f8b-4665-b6e9-d5d4efe69c77
    status: 200 OK
    code: 200
    duration: ""
- request:
    body: ""
    form: {}
    headers:
      User-Agent:
      - scaleway-sdk-go/v1.0.0-beta.7+dev (go1.20.4; darwin; amd64) terraform-provider/develop
        terraform/terraform-tests
    url: https://api.scaleway.com/lb/v1/zones/fr-par-1/lbs/08a835d0-a987-4f23-ad71-e8892d12f9ca
    method: GET
  response:
    body: '{"backend_count":0,"created_at":"2023-06-29T13:35:02.149631Z","description":"","frontend_count":0,"id":"08a835d0-a987-4f23-ad71-e8892d12f9ca","instances":[{"created_at":"2023-06-29T13:33:54.654034Z","id":"25d0bf41-ad46-47fd-b2c0-ea7b1b2d297b","ip_address":"10.74.34.61","region":"fr-par","status":"pending","updated_at":"2023-06-29T13:35:41.202851Z","zone":"fr-par-1"}],"ip":[{"id":"0e3b7619-f1d2-4492-977c-8cb729cc6be3","ip_address":"51.159.27.185","lb_id":"08a835d0-a987-4f23-ad71-e8892d12f9ca","organization_id":"564aa517-68b0-4fd7-8c8c-d21c4bcdcbd5","project_id":"564aa517-68b0-4fd7-8c8c-d21c4bcdcbd5","region":"fr-par","reverse":"51-159-27-185.lb.fr-par.scw.cloud","zone":"fr-par-1"}],"name":"test-lb","organization_id":"564aa517-68b0-4fd7-8c8c-d21c4bcdcbd5","private_network_count":0,"project_id":"564aa517-68b0-4fd7-8c8c-d21c4bcdcbd5","region":"fr-par","route_count":0,"ssl_compatibility_level":"ssl_compatibility_level_intermediate","status":"ready","subscriber":null,"tags":[],"type":"lb-s","updated_at":"2023-06-29T13:35:04.357115Z","zone":"fr-par-1"}'
    headers:
      Content-Length:
      - "1093"
      Content-Security-Policy:
      - default-src 'none'; frame-ancestors 'none'
      Content-Type:
      - application/json
      Date:
      - Thu, 29 Jun 2023 13:35:41 GMT
      Server:
      - Scaleway API-Gateway
      Strict-Transport-Security:
      - max-age=63072000
      X-Content-Type-Options:
      - nosniff
      X-Frame-Options:
      - DENY
      X-Request-Id:
      - 42a74c3e-2fdf-41e0-93b7-7ef1a0b657ba
    status: 200 OK
    code: 200
    duration: ""
- request:
    body: ""
    form: {}
    headers:
      User-Agent:
      - scaleway-sdk-go/v1.0.0-beta.7+dev (go1.20.4; darwin; amd64) terraform-provider/develop
        terraform/terraform-tests
    url: https://api.scaleway.com/lb/v1/zones/fr-par-1/lbs/08a835d0-a987-4f23-ad71-e8892d12f9ca?release_ip=false
    method: DELETE
  response:
    body: ""
    headers:
      Content-Security-Policy:
      - default-src 'none'; frame-ancestors 'none'
      Content-Type:
      - application/json
      Date:
      - Thu, 29 Jun 2023 13:35:41 GMT
      Server:
      - Scaleway API-Gateway
      Strict-Transport-Security:
      - max-age=63072000
      X-Content-Type-Options:
      - nosniff
      X-Frame-Options:
      - DENY
      X-Request-Id:
      - f8a39b91-6682-4851-8a93-bf60c0f570fc
    status: 204 No Content
    code: 204
    duration: ""
- request:
    body: ""
    form: {}
    headers:
      User-Agent:
      - scaleway-sdk-go/v1.0.0-beta.7+dev (go1.20.4; darwin; amd64) terraform-provider/develop
        terraform/terraform-tests
    url: https://api.scaleway.com/lb/v1/zones/fr-par-1/lbs/08a835d0-a987-4f23-ad71-e8892d12f9ca
    method: GET
  response:
    body: '{"backend_count":0,"created_at":"2023-06-29T13:35:02.149631Z","description":"","frontend_count":0,"id":"08a835d0-a987-4f23-ad71-e8892d12f9ca","instances":[{"created_at":"2023-06-29T13:33:54.654034Z","id":"25d0bf41-ad46-47fd-b2c0-ea7b1b2d297b","ip_address":"10.74.34.61","region":"fr-par","status":"ready","updated_at":"2023-06-29T13:35:41.481480Z","zone":"fr-par-1"}],"ip":[{"id":"0e3b7619-f1d2-4492-977c-8cb729cc6be3","ip_address":"51.159.27.185","lb_id":"08a835d0-a987-4f23-ad71-e8892d12f9ca","organization_id":"564aa517-68b0-4fd7-8c8c-d21c4bcdcbd5","project_id":"564aa517-68b0-4fd7-8c8c-d21c4bcdcbd5","region":"fr-par","reverse":"51-159-27-185.lb.fr-par.scw.cloud","zone":"fr-par-1"}],"name":"test-lb","organization_id":"564aa517-68b0-4fd7-8c8c-d21c4bcdcbd5","private_network_count":0,"project_id":"564aa517-68b0-4fd7-8c8c-d21c4bcdcbd5","region":"fr-par","route_count":0,"ssl_compatibility_level":"ssl_compatibility_level_intermediate","status":"to_delete","subscriber":null,"tags":[],"type":"lb-s","updated_at":"2023-06-29T13:35:41.627991Z","zone":"fr-par-1"}'
    headers:
      Content-Length:
      - "1095"
      Content-Security-Policy:
      - default-src 'none'; frame-ancestors 'none'
      Content-Type:
      - application/json
      Date:
      - Thu, 29 Jun 2023 13:35:41 GMT
      Server:
      - Scaleway API-Gateway
      Strict-Transport-Security:
      - max-age=63072000
      X-Content-Type-Options:
      - nosniff
      X-Frame-Options:
      - DENY
      X-Request-Id:
      - 820e92e3-5f86-422d-a258-db8b3cc735ee
    status: 200 OK
    code: 200
    duration: ""
- request:
    body: ""
    form: {}
    headers:
      User-Agent:
      - scaleway-sdk-go/v1.0.0-beta.7+dev (go1.20.4; darwin; amd64) terraform-provider/develop
        terraform/terraform-tests
    url: https://api.scaleway.com/lb/v1/zones/fr-par-1/lbs/08a835d0-a987-4f23-ad71-e8892d12f9ca
    method: GET
  response:
    body: '{"message":"lbs not Found"}'
    headers:
      Content-Length:
      - "27"
      Content-Security-Policy:
      - default-src 'none'; frame-ancestors 'none'
      Content-Type:
      - application/json
      Date:
      - Thu, 29 Jun 2023 13:36:11 GMT
      Server:
      - Scaleway API-Gateway
      Strict-Transport-Security:
      - max-age=63072000
      X-Content-Type-Options:
      - nosniff
      X-Frame-Options:
      - DENY
      X-Request-Id:
      - 02ccdd48-6d96-48c7-afe9-b7b3bf48de05
    status: 404 Not Found
    code: 404
    duration: ""
- request:
    body: ""
    form: {}
    headers:
      User-Agent:
      - scaleway-sdk-go/v1.0.0-beta.7+dev (go1.20.4; darwin; amd64) terraform-provider/develop
        terraform/terraform-tests
    url: https://api.scaleway.com/lb/v1/zones/fr-par-1/lbs/08a835d0-a987-4f23-ad71-e8892d12f9ca
    method: GET
  response:
    body: '{"message":"lbs not Found"}'
    headers:
      Content-Length:
      - "27"
      Content-Security-Policy:
      - default-src 'none'; frame-ancestors 'none'
      Content-Type:
      - application/json
      Date:
      - Thu, 29 Jun 2023 13:36:11 GMT
      Server:
      - Scaleway API-Gateway
      Strict-Transport-Security:
      - max-age=63072000
      X-Content-Type-Options:
      - nosniff
      X-Frame-Options:
      - DENY
      X-Request-Id:
      - 06f7b91e-2dda-43af-8e98-691765bf72ba
    status: 404 Not Found
    code: 404
    duration: ""
- request:
    body: ""
    form: {}
    headers:
      User-Agent:
      - scaleway-sdk-go/v1.0.0-beta.7+dev (go1.20.4; darwin; amd64) terraform-provider/develop
        terraform/terraform-tests
    url: https://api.scaleway.com/lb/v1/zones/fr-par-1/ips/0e3b7619-f1d2-4492-977c-8cb729cc6be3
    method: GET
  response:
    body: '{"id":"0e3b7619-f1d2-4492-977c-8cb729cc6be3","ip_address":"51.159.27.185","lb_id":null,"organization_id":"564aa517-68b0-4fd7-8c8c-d21c4bcdcbd5","project_id":"564aa517-68b0-4fd7-8c8c-d21c4bcdcbd5","region":"fr-par","reverse":"51-159-27-185.lb.fr-par.scw.cloud","zone":"fr-par-1"}'
    headers:
      Content-Length:
      - "285"
      Content-Security-Policy:
      - default-src 'none'; frame-ancestors 'none'
      Content-Type:
      - application/json
      Date:
      - Thu, 29 Jun 2023 13:36:11 GMT
      Server:
      - Scaleway API-Gateway
      Strict-Transport-Security:
      - max-age=63072000
      X-Content-Type-Options:
      - nosniff
      X-Frame-Options:
      - DENY
      X-Request-Id:
      - 86a4a7fb-0133-4819-ae21-7300deb67ae2
    status: 200 OK
    code: 200
    duration: ""
- request:
    body: ""
    form: {}
    headers:
      User-Agent:
      - scaleway-sdk-go/v1.0.0-beta.7+dev (go1.20.4; darwin; amd64) terraform-provider/develop
        terraform/terraform-tests
    url: https://api.scaleway.com/lb/v1/zones/fr-par-1/ips/0e3b7619-f1d2-4492-977c-8cb729cc6be3
    method: DELETE
  response:
    body: ""
    headers:
      Content-Security-Policy:
      - default-src 'none'; frame-ancestors 'none'
      Content-Type:
      - application/json
      Date:
      - Thu, 29 Jun 2023 13:36:12 GMT
      Server:
      - Scaleway API-Gateway
      Strict-Transport-Security:
      - max-age=63072000
      X-Content-Type-Options:
      - nosniff
      X-Frame-Options:
      - DENY
      X-Request-Id:
      - 947dd262-d70a-4a7b-a0cd-df5e79263480
    status: 204 No Content
    code: 204
    duration: ""
- request:
    body: ""
    form: {}
    headers:
      User-Agent:
      - scaleway-sdk-go/v1.0.0-beta.7+dev (go1.20.4; darwin; amd64) terraform-provider/develop
        terraform/terraform-tests
    url: https://api.scaleway.com/lb/v1/zones/fr-par-1/lbs/08a835d0-a987-4f23-ad71-e8892d12f9ca
    method: GET
  response:
    body: '{"message":"lbs not Found"}'
    headers:
      Content-Length:
      - "27"
      Content-Security-Policy:
      - default-src 'none'; frame-ancestors 'none'
      Content-Type:
      - application/json
      Date:
      - Thu, 29 Jun 2023 13:36:12 GMT
      Server:
      - Scaleway API-Gateway
      Strict-Transport-Security:
      - max-age=63072000
      X-Content-Type-Options:
      - nosniff
      X-Frame-Options:
      - DENY
      X-Request-Id:
      - 34777f0e-83c0-4f90-9f39-d57a72950dbe
    status: 404 Not Found
    code: 404
    duration: ""
