---
version: 1
interactions:
- request:
    body: '{"project_id":"564aa517-68b0-4fd7-8c8c-d21c4bcdcbd5","reverse":null}'
    form: {}
    headers:
      Content-Type:
      - application/json
      User-Agent:
      - scaleway-sdk-go/v1.0.0-beta.7+dev (go1.20.4; darwin; amd64) terraform-provider/develop
        terraform/terraform-tests
    url: https://api.scaleway.com/lb/v1/zones/fr-par-1/ips
    method: POST
  response:
    body: '{"id":"a5c72821-9ee8-47c9-987a-58a2b9e5b9f3","ip_address":"195.154.197.39","lb_id":null,"organization_id":"564aa517-68b0-4fd7-8c8c-d21c4bcdcbd5","project_id":"564aa517-68b0-4fd7-8c8c-d21c4bcdcbd5","region":"fr-par","reverse":"195-154-197-39.lb.fr-par.scw.cloud","zone":"fr-par-1"}'
    headers:
      Content-Length:
      - "280"
      Content-Security-Policy:
      - default-src 'none'; frame-ancestors 'none'
      Content-Type:
      - application/json
      Date:
      - Wed, 24 May 2023 15:42:04 GMT
      Server:
      - Scaleway API-Gateway
      Strict-Transport-Security:
      - max-age=63072000
      X-Content-Type-Options:
      - nosniff
      X-Frame-Options:
      - DENY
      X-Request-Id:
      - 8bb6b234-a482-45a4-81da-e7edef9e50ee
    status: 200 OK
    code: 200
    duration: ""
- request:
    body: ""
    form: {}
    headers:
      User-Agent:
      - scaleway-sdk-go/v1.0.0-beta.7+dev (go1.20.4; darwin; amd64) terraform-provider/develop
        terraform/terraform-tests
    url: https://api.scaleway.com/lb/v1/zones/fr-par-1/ips/a5c72821-9ee8-47c9-987a-58a2b9e5b9f3
    method: GET
  response:
    body: '{"id":"a5c72821-9ee8-47c9-987a-58a2b9e5b9f3","ip_address":"195.154.197.39","lb_id":null,"organization_id":"564aa517-68b0-4fd7-8c8c-d21c4bcdcbd5","project_id":"564aa517-68b0-4fd7-8c8c-d21c4bcdcbd5","region":"fr-par","reverse":"195-154-197-39.lb.fr-par.scw.cloud","zone":"fr-par-1"}'
    headers:
      Content-Length:
      - "280"
      Content-Security-Policy:
      - default-src 'none'; frame-ancestors 'none'
      Content-Type:
      - application/json
      Date:
      - Wed, 24 May 2023 15:42:04 GMT
      Server:
      - Scaleway API-Gateway
      Strict-Transport-Security:
      - max-age=63072000
      X-Content-Type-Options:
      - nosniff
      X-Frame-Options:
      - DENY
      X-Request-Id:
      - 24d85d67-3d4f-47be-8cd6-8ebf3c550f9e
    status: 200 OK
    code: 200
    duration: ""
- request:
    body: '{"project_id":"564aa517-68b0-4fd7-8c8c-d21c4bcdcbd5","name":"test-lb","description":"","ip_id":"a5c72821-9ee8-47c9-987a-58a2b9e5b9f3","tags":null,"type":"lb-s","ssl_compatibility_level":"ssl_compatibility_level_intermediate"}'
    form: {}
    headers:
      Content-Type:
      - application/json
      User-Agent:
      - scaleway-sdk-go/v1.0.0-beta.7+dev (go1.20.4; darwin; amd64) terraform-provider/develop
        terraform/terraform-tests
    url: https://api.scaleway.com/lb/v1/zones/fr-par-1/lbs
    method: POST
  response:
    body: '{"backend_count":0,"created_at":"2023-05-24T15:42:04.616952910Z","description":"","frontend_count":0,"id":"369ccab5-39ee-4614-af4b-df42f937cf54","instances":[],"ip":[{"id":"a5c72821-9ee8-47c9-987a-58a2b9e5b9f3","ip_address":"195.154.197.39","lb_id":"369ccab5-39ee-4614-af4b-df42f937cf54","organization_id":"564aa517-68b0-4fd7-8c8c-d21c4bcdcbd5","project_id":"564aa517-68b0-4fd7-8c8c-d21c4bcdcbd5","region":"fr-par","reverse":"195-154-197-39.lb.fr-par.scw.cloud","zone":"fr-par-1"}],"name":"test-lb","organization_id":"564aa517-68b0-4fd7-8c8c-d21c4bcdcbd5","private_network_count":0,"project_id":"564aa517-68b0-4fd7-8c8c-d21c4bcdcbd5","region":"fr-par","route_count":0,"ssl_compatibility_level":"ssl_compatibility_level_intermediate","status":"to_create","subscriber":null,"tags":[],"type":"lb-s","updated_at":"2023-05-24T15:42:04.616952910Z","zone":"fr-par-1"}'
    headers:
      Content-Length:
      - "860"
      Content-Security-Policy:
      - default-src 'none'; frame-ancestors 'none'
      Content-Type:
      - application/json
      Date:
      - Wed, 24 May 2023 15:42:04 GMT
      Server:
      - Scaleway API-Gateway
      Strict-Transport-Security:
      - max-age=63072000
      X-Content-Type-Options:
      - nosniff
      X-Frame-Options:
      - DENY
      X-Request-Id:
      - 2bca0eba-302f-4267-a10c-7f214b47c920
    status: 200 OK
    code: 200
    duration: ""
- request:
    body: ""
    form: {}
    headers:
      User-Agent:
      - scaleway-sdk-go/v1.0.0-beta.7+dev (go1.20.4; darwin; amd64) terraform-provider/develop
        terraform/terraform-tests
    url: https://api.scaleway.com/lb/v1/zones/fr-par-1/lbs/369ccab5-39ee-4614-af4b-df42f937cf54
    method: GET
  response:
    body: '{"backend_count":0,"created_at":"2023-05-24T15:42:04.616953Z","description":"","frontend_count":0,"id":"369ccab5-39ee-4614-af4b-df42f937cf54","instances":[],"ip":[{"id":"a5c72821-9ee8-47c9-987a-58a2b9e5b9f3","ip_address":"195.154.197.39","lb_id":"369ccab5-39ee-4614-af4b-df42f937cf54","organization_id":"564aa517-68b0-4fd7-8c8c-d21c4bcdcbd5","project_id":"564aa517-68b0-4fd7-8c8c-d21c4bcdcbd5","region":"fr-par","reverse":"195-154-197-39.lb.fr-par.scw.cloud","zone":"fr-par-1"}],"name":"test-lb","organization_id":"564aa517-68b0-4fd7-8c8c-d21c4bcdcbd5","private_network_count":0,"project_id":"564aa517-68b0-4fd7-8c8c-d21c4bcdcbd5","region":"fr-par","route_count":0,"ssl_compatibility_level":"ssl_compatibility_level_intermediate","status":"to_create","subscriber":null,"tags":[],"type":"lb-s","updated_at":"2023-05-24T15:42:04.616953Z","zone":"fr-par-1"}'
    headers:
      Content-Length:
      - "854"
      Content-Security-Policy:
      - default-src 'none'; frame-ancestors 'none'
      Content-Type:
      - application/json
      Date:
      - Wed, 24 May 2023 15:42:04 GMT
      Server:
      - Scaleway API-Gateway
      Strict-Transport-Security:
      - max-age=63072000
      X-Content-Type-Options:
      - nosniff
      X-Frame-Options:
      - DENY
      X-Request-Id:
      - b2458e09-ece3-4ad2-ad03-f33c35f78e1c
    status: 200 OK
    code: 200
    duration: ""
- request:
    body: ""
    form: {}
    headers:
      User-Agent:
      - scaleway-sdk-go/v1.0.0-beta.7+dev (go1.20.4; darwin; amd64) terraform-provider/develop
        terraform/terraform-tests
    url: https://api.scaleway.com/lb/v1/zones/fr-par-1/lbs/369ccab5-39ee-4614-af4b-df42f937cf54
    method: GET
  response:
    body: '{"backend_count":0,"created_at":"2023-05-24T15:42:04.616953Z","description":"","frontend_count":0,"id":"369ccab5-39ee-4614-af4b-df42f937cf54","instances":[{"created_at":"2023-05-24T15:40:39.222747Z","id":"76c2f92d-a264-449a-bffb-5bf5d672a8e5","ip_address":"10.194.144.13","region":"fr-par","status":"ready","updated_at":"2023-05-24T15:42:05.280307Z","zone":"fr-par-1"}],"ip":[{"id":"a5c72821-9ee8-47c9-987a-58a2b9e5b9f3","ip_address":"195.154.197.39","lb_id":"369ccab5-39ee-4614-af4b-df42f937cf54","organization_id":"564aa517-68b0-4fd7-8c8c-d21c4bcdcbd5","project_id":"564aa517-68b0-4fd7-8c8c-d21c4bcdcbd5","region":"fr-par","reverse":"195-154-197-39.lb.fr-par.scw.cloud","zone":"fr-par-1"}],"name":"test-lb","organization_id":"564aa517-68b0-4fd7-8c8c-d21c4bcdcbd5","private_network_count":0,"project_id":"564aa517-68b0-4fd7-8c8c-d21c4bcdcbd5","region":"fr-par","route_count":0,"ssl_compatibility_level":"ssl_compatibility_level_intermediate","status":"ready","subscriber":null,"tags":[],"type":"lb-s","updated_at":"2023-05-24T15:42:06.344250Z","zone":"fr-par-1"}'
    headers:
      Content-Length:
      - "1063"
      Content-Security-Policy:
      - default-src 'none'; frame-ancestors 'none'
      Content-Type:
      - application/json
      Date:
      - Wed, 24 May 2023 15:42:34 GMT
      Server:
      - Scaleway API-Gateway
      Strict-Transport-Security:
      - max-age=63072000
      X-Content-Type-Options:
      - nosniff
      X-Frame-Options:
      - DENY
      X-Request-Id:
      - f5271147-f93c-430c-afc4-4683f22492f2
    status: 200 OK
    code: 200
    duration: ""
- request:
    body: ""
    form: {}
    headers:
      User-Agent:
      - scaleway-sdk-go/v1.0.0-beta.7+dev (go1.20.4; darwin; amd64) terraform-provider/develop
        terraform/terraform-tests
    url: https://api.scaleway.com/lb/v1/zones/fr-par-1/lbs/369ccab5-39ee-4614-af4b-df42f937cf54
    method: GET
  response:
    body: '{"backend_count":0,"created_at":"2023-05-24T15:42:04.616953Z","description":"","frontend_count":0,"id":"369ccab5-39ee-4614-af4b-df42f937cf54","instances":[{"created_at":"2023-05-24T15:40:39.222747Z","id":"76c2f92d-a264-449a-bffb-5bf5d672a8e5","ip_address":"10.194.144.13","region":"fr-par","status":"ready","updated_at":"2023-05-24T15:42:05.280307Z","zone":"fr-par-1"}],"ip":[{"id":"a5c72821-9ee8-47c9-987a-58a2b9e5b9f3","ip_address":"195.154.197.39","lb_id":"369ccab5-39ee-4614-af4b-df42f937cf54","organization_id":"564aa517-68b0-4fd7-8c8c-d21c4bcdcbd5","project_id":"564aa517-68b0-4fd7-8c8c-d21c4bcdcbd5","region":"fr-par","reverse":"195-154-197-39.lb.fr-par.scw.cloud","zone":"fr-par-1"}],"name":"test-lb","organization_id":"564aa517-68b0-4fd7-8c8c-d21c4bcdcbd5","private_network_count":0,"project_id":"564aa517-68b0-4fd7-8c8c-d21c4bcdcbd5","region":"fr-par","route_count":0,"ssl_compatibility_level":"ssl_compatibility_level_intermediate","status":"ready","subscriber":null,"tags":[],"type":"lb-s","updated_at":"2023-05-24T15:42:06.344250Z","zone":"fr-par-1"}'
    headers:
      Content-Length:
      - "1063"
      Content-Security-Policy:
      - default-src 'none'; frame-ancestors 'none'
      Content-Type:
      - application/json
      Date:
      - Wed, 24 May 2023 15:42:35 GMT
      Server:
      - Scaleway API-Gateway
      Strict-Transport-Security:
      - max-age=63072000
      X-Content-Type-Options:
      - nosniff
      X-Frame-Options:
      - DENY
      X-Request-Id:
      - d8460d80-7d02-4542-aaec-daec590741c3
    status: 200 OK
    code: 200
    duration: ""
- request:
    body: ""
    form: {}
    headers:
      User-Agent:
      - scaleway-sdk-go/v1.0.0-beta.7+dev (go1.20.4; darwin; amd64) terraform-provider/develop
        terraform/terraform-tests
    url: https://api.scaleway.com/lb/v1/zones/fr-par-1/lbs/369ccab5-39ee-4614-af4b-df42f937cf54/private-networks?order_by=created_at_asc
    method: GET
  response:
    body: '{"private_network":[],"total_count":0}'
    headers:
      Content-Length:
      - "38"
      Content-Security-Policy:
      - default-src 'none'; frame-ancestors 'none'
      Content-Type:
      - application/json
      Date:
      - Wed, 24 May 2023 15:42:35 GMT
      Server:
      - Scaleway API-Gateway
      Strict-Transport-Security:
      - max-age=63072000
      X-Content-Type-Options:
      - nosniff
      X-Frame-Options:
      - DENY
      X-Request-Id:
      - c1673f33-4543-4c44-9c9a-e06dbedf8316
    status: 200 OK
    code: 200
    duration: ""
- request:
    body: ""
    form: {}
    headers:
      User-Agent:
      - scaleway-sdk-go/v1.0.0-beta.7+dev (go1.20.4; darwin; amd64) terraform-provider/develop
        terraform/terraform-tests
    url: https://api.scaleway.com/lb/v1/zones/fr-par-1/lbs/369ccab5-39ee-4614-af4b-df42f937cf54
    method: GET
  response:
    body: '{"backend_count":0,"created_at":"2023-05-24T15:42:04.616953Z","description":"","frontend_count":0,"id":"369ccab5-39ee-4614-af4b-df42f937cf54","instances":[{"created_at":"2023-05-24T15:40:39.222747Z","id":"76c2f92d-a264-449a-bffb-5bf5d672a8e5","ip_address":"10.194.144.13","region":"fr-par","status":"ready","updated_at":"2023-05-24T15:42:05.280307Z","zone":"fr-par-1"}],"ip":[{"id":"a5c72821-9ee8-47c9-987a-58a2b9e5b9f3","ip_address":"195.154.197.39","lb_id":"369ccab5-39ee-4614-af4b-df42f937cf54","organization_id":"564aa517-68b0-4fd7-8c8c-d21c4bcdcbd5","project_id":"564aa517-68b0-4fd7-8c8c-d21c4bcdcbd5","region":"fr-par","reverse":"195-154-197-39.lb.fr-par.scw.cloud","zone":"fr-par-1"}],"name":"test-lb","organization_id":"564aa517-68b0-4fd7-8c8c-d21c4bcdcbd5","private_network_count":0,"project_id":"564aa517-68b0-4fd7-8c8c-d21c4bcdcbd5","region":"fr-par","route_count":0,"ssl_compatibility_level":"ssl_compatibility_level_intermediate","status":"ready","subscriber":null,"tags":[],"type":"lb-s","updated_at":"2023-05-24T15:42:06.344250Z","zone":"fr-par-1"}'
    headers:
      Content-Length:
      - "1063"
      Content-Security-Policy:
      - default-src 'none'; frame-ancestors 'none'
      Content-Type:
      - application/json
      Date:
      - Wed, 24 May 2023 15:42:35 GMT
      Server:
      - Scaleway API-Gateway
      Strict-Transport-Security:
      - max-age=63072000
      X-Content-Type-Options:
      - nosniff
      X-Frame-Options:
      - DENY
      X-Request-Id:
      - 7d049520-efc6-45c0-b13c-13cee7109be9
    status: 200 OK
    code: 200
    duration: ""
- request:
    body: '{"name":"tf-lb-bkd-goofy-diffie","forward_protocol":"tcp","forward_port":80,"forward_port_algorithm":"roundrobin","sticky_sessions":"none","sticky_sessions_cookie_name":"","health_check":{"port":80,"check_max_retries":2,"check_send_proxy":false,"transient_check_delay":null,"check_delay":60000,"check_timeout":30000},"server_ip":null,"send_proxy_v2":false,"on_marked_down_action":"on_marked_down_action_none","proxy_protocol":"proxy_protocol_none","failover_host":null,"ssl_bridging":false,"ignore_ssl_server_verify":false,"redispatch_attempt_count":null,"max_retries":null,"timeout_server":null,"timeout_connect":null,"timeout_tunnel":null}'
    form: {}
    headers:
      Content-Type:
      - application/json
      User-Agent:
      - scaleway-sdk-go/v1.0.0-beta.7+dev (go1.20.4; darwin; amd64) terraform-provider/develop
        terraform/terraform-tests
    url: https://api.scaleway.com/lb/v1/zones/fr-par-1/lbs/369ccab5-39ee-4614-af4b-df42f937cf54/backends
    method: POST
  response:
    body: '{"created_at":"2023-05-24T15:42:35.304947020Z","failover_host":null,"forward_port":80,"forward_port_algorithm":"roundrobin","forward_protocol":"tcp","health_check":{"check_delay":60000,"check_max_retries":2,"check_send_proxy":false,"check_timeout":30000,"port":80,"tcp_config":{},"transient_check_delay":null},"id":"fdea1cca-0f40-499b-bdf4-78eb64817acf","ignore_ssl_server_verify":false,"lb":{"backend_count":1,"created_at":"2023-05-24T15:42:04.616953Z","description":"","frontend_count":0,"id":"369ccab5-39ee-4614-af4b-df42f937cf54","instances":[{"created_at":"2023-05-24T15:40:39.222747Z","id":"76c2f92d-a264-449a-bffb-5bf5d672a8e5","ip_address":"10.194.144.13","region":"fr-par","status":"pending","updated_at":"2023-05-24T15:42:35.337678458Z","zone":"fr-par-1"}],"ip":[{"id":"a5c72821-9ee8-47c9-987a-58a2b9e5b9f3","ip_address":"195.154.197.39","lb_id":"369ccab5-39ee-4614-af4b-df42f937cf54","organization_id":"564aa517-68b0-4fd7-8c8c-d21c4bcdcbd5","project_id":"564aa517-68b0-4fd7-8c8c-d21c4bcdcbd5","region":"fr-par","reverse":"195-154-197-39.lb.fr-par.scw.cloud","zone":"fr-par-1"}],"name":"test-lb","organization_id":"564aa517-68b0-4fd7-8c8c-d21c4bcdcbd5","private_network_count":0,"project_id":"564aa517-68b0-4fd7-8c8c-d21c4bcdcbd5","region":"fr-par","route_count":0,"ssl_compatibility_level":"ssl_compatibility_level_intermediate","status":"ready","subscriber":null,"tags":[],"type":"lb-s","updated_at":"2023-05-24T15:42:06.344250Z","zone":"fr-par-1"},"max_connections":null,"max_retries":null,"name":"tf-lb-bkd-goofy-diffie","on_marked_down_action":"on_marked_down_action_none","pool":[],"proxy_protocol":"proxy_protocol_none","redispatch_attempt_count":null,"send_proxy_v2":false,"ssl_bridging":false,"sticky_sessions":"none","sticky_sessions_cookie_name":"","timeout_connect":null,"timeout_queue":null,"timeout_server":null,"timeout_tunnel":null,"updated_at":"2023-05-24T15:42:35.304947020Z"}'
    headers:
      Content-Length:
      - "1904"
      Content-Security-Policy:
      - default-src 'none'; frame-ancestors 'none'
      Content-Type:
      - application/json
      Date:
      - Wed, 24 May 2023 15:42:35 GMT
      Server:
      - Scaleway API-Gateway
      Strict-Transport-Security:
      - max-age=63072000
      X-Content-Type-Options:
      - nosniff
      X-Frame-Options:
      - DENY
      X-Request-Id:
      - 8bbae911-8c18-45f1-835b-b5640369b810
    status: 200 OK
    code: 200
    duration: ""
- request:
    body: ""
    form: {}
    headers:
      User-Agent:
      - scaleway-sdk-go/v1.0.0-beta.7+dev (go1.20.4; darwin; amd64) terraform-provider/develop
        terraform/terraform-tests
    url: https://api.scaleway.com/lb/v1/zones/fr-par-1/lbs/369ccab5-39ee-4614-af4b-df42f937cf54
    method: GET
  response:
    body: '{"backend_count":1,"created_at":"2023-05-24T15:42:04.616953Z","description":"","frontend_count":0,"id":"369ccab5-39ee-4614-af4b-df42f937cf54","instances":[{"created_at":"2023-05-24T15:40:39.222747Z","id":"76c2f92d-a264-449a-bffb-5bf5d672a8e5","ip_address":"10.194.144.13","region":"fr-par","status":"pending","updated_at":"2023-05-24T15:42:35.337678Z","zone":"fr-par-1"}],"ip":[{"id":"a5c72821-9ee8-47c9-987a-58a2b9e5b9f3","ip_address":"195.154.197.39","lb_id":"369ccab5-39ee-4614-af4b-df42f937cf54","organization_id":"564aa517-68b0-4fd7-8c8c-d21c4bcdcbd5","project_id":"564aa517-68b0-4fd7-8c8c-d21c4bcdcbd5","region":"fr-par","reverse":"195-154-197-39.lb.fr-par.scw.cloud","zone":"fr-par-1"}],"name":"test-lb","organization_id":"564aa517-68b0-4fd7-8c8c-d21c4bcdcbd5","private_network_count":0,"project_id":"564aa517-68b0-4fd7-8c8c-d21c4bcdcbd5","region":"fr-par","route_count":0,"ssl_compatibility_level":"ssl_compatibility_level_intermediate","status":"ready","subscriber":null,"tags":[],"type":"lb-s","updated_at":"2023-05-24T15:42:06.344250Z","zone":"fr-par-1"}'
    headers:
      Content-Length:
      - "1065"
      Content-Security-Policy:
      - default-src 'none'; frame-ancestors 'none'
      Content-Type:
      - application/json
      Date:
      - Wed, 24 May 2023 15:42:35 GMT
      Server:
      - Scaleway API-Gateway
      Strict-Transport-Security:
      - max-age=63072000
      X-Content-Type-Options:
      - nosniff
      X-Frame-Options:
      - DENY
      X-Request-Id:
      - a9787dc4-4b8a-482d-92c4-f0791665bbe9
    status: 200 OK
    code: 200
    duration: ""
- request:
    body: ""
    form: {}
    headers:
      User-Agent:
      - scaleway-sdk-go/v1.0.0-beta.7+dev (go1.20.4; darwin; amd64) terraform-provider/develop
        terraform/terraform-tests
    url: https://api.scaleway.com/lb/v1/zones/fr-par-1/backends/fdea1cca-0f40-499b-bdf4-78eb64817acf
    method: GET
  response:
    body: '{"created_at":"2023-05-24T15:42:35.304947Z","failover_host":null,"forward_port":80,"forward_port_algorithm":"roundrobin","forward_protocol":"tcp","health_check":{"check_delay":60000,"check_max_retries":2,"check_send_proxy":false,"check_timeout":30000,"port":80,"tcp_config":{},"transient_check_delay":null},"id":"fdea1cca-0f40-499b-bdf4-78eb64817acf","ignore_ssl_server_verify":false,"lb":{"backend_count":1,"created_at":"2023-05-24T15:42:04.616953Z","description":"","frontend_count":0,"id":"369ccab5-39ee-4614-af4b-df42f937cf54","instances":[{"created_at":"2023-05-24T15:40:39.222747Z","id":"76c2f92d-a264-449a-bffb-5bf5d672a8e5","ip_address":"10.194.144.13","region":"fr-par","status":"pending","updated_at":"2023-05-24T15:42:35.337678Z","zone":"fr-par-1"}],"ip":[{"id":"a5c72821-9ee8-47c9-987a-58a2b9e5b9f3","ip_address":"195.154.197.39","lb_id":"369ccab5-39ee-4614-af4b-df42f937cf54","organization_id":"564aa517-68b0-4fd7-8c8c-d21c4bcdcbd5","project_id":"564aa517-68b0-4fd7-8c8c-d21c4bcdcbd5","region":"fr-par","reverse":"195-154-197-39.lb.fr-par.scw.cloud","zone":"fr-par-1"}],"name":"test-lb","organization_id":"564aa517-68b0-4fd7-8c8c-d21c4bcdcbd5","private_network_count":0,"project_id":"564aa517-68b0-4fd7-8c8c-d21c4bcdcbd5","region":"fr-par","route_count":0,"ssl_compatibility_level":"ssl_compatibility_level_intermediate","status":"ready","subscriber":null,"tags":[],"type":"lb-s","updated_at":"2023-05-24T15:42:06.344250Z","zone":"fr-par-1"},"max_connections":null,"max_retries":null,"name":"tf-lb-bkd-goofy-diffie","on_marked_down_action":"on_marked_down_action_none","pool":[],"proxy_protocol":"proxy_protocol_none","redispatch_attempt_count":null,"send_proxy_v2":false,"ssl_bridging":false,"sticky_sessions":"none","sticky_sessions_cookie_name":"","timeout_connect":null,"timeout_queue":null,"timeout_server":null,"timeout_tunnel":null,"updated_at":"2023-05-24T15:42:35.304947Z"}'
    headers:
      Content-Length:
      - "1895"
      Content-Security-Policy:
      - default-src 'none'; frame-ancestors 'none'
      Content-Type:
      - application/json
      Date:
      - Wed, 24 May 2023 15:42:35 GMT
      Server:
      - Scaleway API-Gateway
      Strict-Transport-Security:
      - max-age=63072000
      X-Content-Type-Options:
      - nosniff
      X-Frame-Options:
      - DENY
      X-Request-Id:
      - df56b23f-4d1d-49c0-8b15-3fb90f633ff8
    status: 200 OK
    code: 200
    duration: ""
- request:
    body: ""
    form: {}
    headers:
      User-Agent:
      - scaleway-sdk-go/v1.0.0-beta.7+dev (go1.20.4; darwin; amd64) terraform-provider/develop
        terraform/terraform-tests
    url: https://api.scaleway.com/lb/v1/zones/fr-par-1/lbs/369ccab5-39ee-4614-af4b-df42f937cf54
    method: GET
  response:
    body: '{"backend_count":1,"created_at":"2023-05-24T15:42:04.616953Z","description":"","frontend_count":0,"id":"369ccab5-39ee-4614-af4b-df42f937cf54","instances":[{"created_at":"2023-05-24T15:40:39.222747Z","id":"76c2f92d-a264-449a-bffb-5bf5d672a8e5","ip_address":"10.194.144.13","region":"fr-par","status":"ready","updated_at":"2023-05-24T15:42:35.608407Z","zone":"fr-par-1"}],"ip":[{"id":"a5c72821-9ee8-47c9-987a-58a2b9e5b9f3","ip_address":"195.154.197.39","lb_id":"369ccab5-39ee-4614-af4b-df42f937cf54","organization_id":"564aa517-68b0-4fd7-8c8c-d21c4bcdcbd5","project_id":"564aa517-68b0-4fd7-8c8c-d21c4bcdcbd5","region":"fr-par","reverse":"195-154-197-39.lb.fr-par.scw.cloud","zone":"fr-par-1"}],"name":"test-lb","organization_id":"564aa517-68b0-4fd7-8c8c-d21c4bcdcbd5","private_network_count":0,"project_id":"564aa517-68b0-4fd7-8c8c-d21c4bcdcbd5","region":"fr-par","route_count":0,"ssl_compatibility_level":"ssl_compatibility_level_intermediate","status":"ready","subscriber":null,"tags":[],"type":"lb-s","updated_at":"2023-05-24T15:42:06.344250Z","zone":"fr-par-1"}'
    headers:
      Content-Length:
      - "1063"
      Content-Security-Policy:
      - default-src 'none'; frame-ancestors 'none'
      Content-Type:
      - application/json
      Date:
      - Wed, 24 May 2023 15:42:35 GMT
      Server:
      - Scaleway API-Gateway
      Strict-Transport-Security:
      - max-age=63072000
      X-Content-Type-Options:
      - nosniff
      X-Frame-Options:
      - DENY
      X-Request-Id:
      - 6869ab8c-b1f9-474b-a02d-659d3c4fe320
    status: 200 OK
    code: 200
    duration: ""
- request:
    body: ""
    form: {}
    headers:
      User-Agent:
      - scaleway-sdk-go/v1.0.0-beta.7+dev (go1.20.4; darwin; amd64) terraform-provider/develop
        terraform/terraform-tests
    url: https://api.scaleway.com/lb/v1/zones/fr-par-1/lbs/369ccab5-39ee-4614-af4b-df42f937cf54
    method: GET
  response:
    body: '{"backend_count":1,"created_at":"2023-05-24T15:42:04.616953Z","description":"","frontend_count":0,"id":"369ccab5-39ee-4614-af4b-df42f937cf54","instances":[{"created_at":"2023-05-24T15:40:39.222747Z","id":"76c2f92d-a264-449a-bffb-5bf5d672a8e5","ip_address":"10.194.144.13","region":"fr-par","status":"ready","updated_at":"2023-05-24T15:42:35.608407Z","zone":"fr-par-1"}],"ip":[{"id":"a5c72821-9ee8-47c9-987a-58a2b9e5b9f3","ip_address":"195.154.197.39","lb_id":"369ccab5-39ee-4614-af4b-df42f937cf54","organization_id":"564aa517-68b0-4fd7-8c8c-d21c4bcdcbd5","project_id":"564aa517-68b0-4fd7-8c8c-d21c4bcdcbd5","region":"fr-par","reverse":"195-154-197-39.lb.fr-par.scw.cloud","zone":"fr-par-1"}],"name":"test-lb","organization_id":"564aa517-68b0-4fd7-8c8c-d21c4bcdcbd5","private_network_count":0,"project_id":"564aa517-68b0-4fd7-8c8c-d21c4bcdcbd5","region":"fr-par","route_count":0,"ssl_compatibility_level":"ssl_compatibility_level_intermediate","status":"ready","subscriber":null,"tags":[],"type":"lb-s","updated_at":"2023-05-24T15:42:06.344250Z","zone":"fr-par-1"}'
    headers:
      Content-Length:
      - "1063"
      Content-Security-Policy:
      - default-src 'none'; frame-ancestors 'none'
      Content-Type:
      - application/json
      Date:
      - Wed, 24 May 2023 15:42:35 GMT
      Server:
      - Scaleway API-Gateway
      Strict-Transport-Security:
      - max-age=63072000
      X-Content-Type-Options:
      - nosniff
      X-Frame-Options:
      - DENY
      X-Request-Id:
      - 48af664e-5069-492c-82e8-9b6f8a4cc761
    status: 200 OK
    code: 200
    duration: ""
- request:
    body: '{"name":"tf-lb-frt-lucid-hopper","inbound_port":80,"backend_id":"fdea1cca-0f40-499b-bdf4-78eb64817acf","certificate_ids":null,"enable_http3":false,"timeout_client":null}'
    form: {}
    headers:
      Content-Type:
      - application/json
      User-Agent:
      - scaleway-sdk-go/v1.0.0-beta.7+dev (go1.20.4; darwin; amd64) terraform-provider/develop
        terraform/terraform-tests
    url: https://api.scaleway.com/lb/v1/zones/fr-par-1/lbs/369ccab5-39ee-4614-af4b-df42f937cf54/frontends
    method: POST
  response:
    body: '{"backend":{"created_at":"2023-05-24T15:42:35.304947Z","failover_host":null,"forward_port":80,"forward_port_algorithm":"roundrobin","forward_protocol":"tcp","health_check":{"check_delay":60000,"check_max_retries":2,"check_send_proxy":false,"check_timeout":30000,"port":80,"tcp_config":{},"transient_check_delay":null},"id":"fdea1cca-0f40-499b-bdf4-78eb64817acf","ignore_ssl_server_verify":false,"lb":{"backend_count":1,"created_at":"2023-05-24T15:42:04.616953Z","description":"","frontend_count":1,"id":"369ccab5-39ee-4614-af4b-df42f937cf54","instances":[],"ip":[{"id":"a5c72821-9ee8-47c9-987a-58a2b9e5b9f3","ip_address":"195.154.197.39","lb_id":"369ccab5-39ee-4614-af4b-df42f937cf54","organization_id":"564aa517-68b0-4fd7-8c8c-d21c4bcdcbd5","project_id":"564aa517-68b0-4fd7-8c8c-d21c4bcdcbd5","region":"fr-par","reverse":"195-154-197-39.lb.fr-par.scw.cloud","zone":"fr-par-1"}],"name":"test-lb","organization_id":"564aa517-68b0-4fd7-8c8c-d21c4bcdcbd5","private_network_count":0,"project_id":"564aa517-68b0-4fd7-8c8c-d21c4bcdcbd5","region":"fr-par","route_count":0,"ssl_compatibility_level":"ssl_compatibility_level_intermediate","status":"ready","subscriber":null,"tags":[],"type":"lb-s","updated_at":"2023-05-24T15:42:06.344250Z","zone":"fr-par-1"},"max_connections":null,"max_retries":null,"name":"tf-lb-bkd-goofy-diffie","on_marked_down_action":"on_marked_down_action_none","pool":[],"proxy_protocol":"proxy_protocol_none","redispatch_attempt_count":null,"send_proxy_v2":false,"ssl_bridging":false,"sticky_sessions":"none","sticky_sessions_cookie_name":"","timeout_connect":null,"timeout_queue":null,"timeout_server":null,"timeout_tunnel":null,"updated_at":"2023-05-24T15:42:35.304947Z"},"certificate":null,"certificate_ids":[],"created_at":"2023-05-24T15:42:36.011916Z","enable_http3":false,"id":"aaa7cba2-6fde-450a-9a48-e03d662bc673","inbound_port":80,"lb":{"backend_count":1,"created_at":"2023-05-24T15:42:04.616953Z","description":"","frontend_count":1,"id":"369ccab5-39ee-4614-af4b-df42f937cf54","instances":[{"created_at":"2023-05-24T15:40:39.222747Z","id":"76c2f92d-a264-449a-bffb-5bf5d672a8e5","ip_address":"10.194.144.13","region":"fr-par","status":"pending","updated_at":"2023-05-24T15:42:36.077588028Z","zone":"fr-par-1"}],"ip":[{"id":"a5c72821-9ee8-47c9-987a-58a2b9e5b9f3","ip_address":"195.154.197.39","lb_id":"369ccab5-39ee-4614-af4b-df42f937cf54","organization_id":"564aa517-68b0-4fd7-8c8c-d21c4bcdcbd5","project_id":"564aa517-68b0-4fd7-8c8c-d21c4bcdcbd5","region":"fr-par","reverse":"195-154-197-39.lb.fr-par.scw.cloud","zone":"fr-par-1"}],"name":"test-lb","organization_id":"564aa517-68b0-4fd7-8c8c-d21c4bcdcbd5","private_network_count":0,"project_id":"564aa517-68b0-4fd7-8c8c-d21c4bcdcbd5","region":"fr-par","route_count":0,"ssl_compatibility_level":"ssl_compatibility_level_intermediate","status":"ready","subscriber":null,"tags":[],"type":"lb-s","updated_at":"2023-05-24T15:42:06.344250Z","zone":"fr-par-1"},"name":"tf-lb-frt-lucid-hopper","timeout_client":null,"updated_at":"2023-05-24T15:42:36.011916Z"}'
    headers:
      Content-Length:
      - "3029"
      Content-Security-Policy:
      - default-src 'none'; frame-ancestors 'none'
      Content-Type:
      - application/json
      Date:
      - Wed, 24 May 2023 15:42:36 GMT
      Server:
      - Scaleway API-Gateway
      Strict-Transport-Security:
      - max-age=63072000
      X-Content-Type-Options:
      - nosniff
      X-Frame-Options:
      - DENY
      X-Request-Id:
      - ce7db70d-4de5-4387-9831-f74646ca6a8e
    status: 200 OK
    code: 200
    duration: ""
- request:
    body: ""
    form: {}
    headers:
      User-Agent:
      - scaleway-sdk-go/v1.0.0-beta.7+dev (go1.20.4; darwin; amd64) terraform-provider/develop
        terraform/terraform-tests
    url: https://api.scaleway.com/lb/v1/zones/fr-par-1/lbs/369ccab5-39ee-4614-af4b-df42f937cf54
    method: GET
  response:
    body: '{"backend_count":1,"created_at":"2023-05-24T15:42:04.616953Z","description":"","frontend_count":1,"id":"369ccab5-39ee-4614-af4b-df42f937cf54","instances":[{"created_at":"2023-05-24T15:40:39.222747Z","id":"76c2f92d-a264-449a-bffb-5bf5d672a8e5","ip_address":"10.194.144.13","region":"fr-par","status":"pending","updated_at":"2023-05-24T15:42:36.077588Z","zone":"fr-par-1"}],"ip":[{"id":"a5c72821-9ee8-47c9-987a-58a2b9e5b9f3","ip_address":"195.154.197.39","lb_id":"369ccab5-39ee-4614-af4b-df42f937cf54","organization_id":"564aa517-68b0-4fd7-8c8c-d21c4bcdcbd5","project_id":"564aa517-68b0-4fd7-8c8c-d21c4bcdcbd5","region":"fr-par","reverse":"195-154-197-39.lb.fr-par.scw.cloud","zone":"fr-par-1"}],"name":"test-lb","organization_id":"564aa517-68b0-4fd7-8c8c-d21c4bcdcbd5","private_network_count":0,"project_id":"564aa517-68b0-4fd7-8c8c-d21c4bcdcbd5","region":"fr-par","route_count":0,"ssl_compatibility_level":"ssl_compatibility_level_intermediate","status":"ready","subscriber":null,"tags":[],"type":"lb-s","updated_at":"2023-05-24T15:42:06.344250Z","zone":"fr-par-1"}'
    headers:
      Content-Length:
      - "1065"
      Content-Security-Policy:
      - default-src 'none'; frame-ancestors 'none'
      Content-Type:
      - application/json
      Date:
      - Wed, 24 May 2023 15:42:36 GMT
      Server:
      - Scaleway API-Gateway
      Strict-Transport-Security:
      - max-age=63072000
      X-Content-Type-Options:
      - nosniff
      X-Frame-Options:
      - DENY
      X-Request-Id:
      - 325cdfcf-ff15-46bf-83ac-c38aeae5e0dd
    status: 200 OK
    code: 200
    duration: ""
- request:
    body: '{"name":"tf-lb-frt-youthful-payne","inbound_port":80,"backend_id":"fdea1cca-0f40-499b-bdf4-78eb64817acf","certificate_ids":null,"enable_http3":false,"timeout_client":null}'
    form: {}
    headers:
      Content-Type:
      - application/json
      User-Agent:
      - scaleway-sdk-go/v1.0.0-beta.7+dev (go1.20.4; darwin; amd64) terraform-provider/develop
        terraform/terraform-tests
    url: https://api.scaleway.com/lb/v1/zones/fr-par-1/frontends/aaa7cba2-6fde-450a-9a48-e03d662bc673
    method: PUT
  response:
    body: '{"backend":{"created_at":"2023-05-24T15:42:35.304947Z","failover_host":null,"forward_port":80,"forward_port_algorithm":"roundrobin","forward_protocol":"tcp","health_check":{"check_delay":60000,"check_max_retries":2,"check_send_proxy":false,"check_timeout":30000,"port":80,"tcp_config":{},"transient_check_delay":null},"id":"fdea1cca-0f40-499b-bdf4-78eb64817acf","ignore_ssl_server_verify":false,"lb":{"backend_count":1,"created_at":"2023-05-24T15:42:04.616953Z","description":"","frontend_count":1,"id":"369ccab5-39ee-4614-af4b-df42f937cf54","instances":[],"ip":[{"id":"a5c72821-9ee8-47c9-987a-58a2b9e5b9f3","ip_address":"195.154.197.39","lb_id":"369ccab5-39ee-4614-af4b-df42f937cf54","organization_id":"564aa517-68b0-4fd7-8c8c-d21c4bcdcbd5","project_id":"564aa517-68b0-4fd7-8c8c-d21c4bcdcbd5","region":"fr-par","reverse":"195-154-197-39.lb.fr-par.scw.cloud","zone":"fr-par-1"}],"name":"test-lb","organization_id":"564aa517-68b0-4fd7-8c8c-d21c4bcdcbd5","private_network_count":0,"project_id":"564aa517-68b0-4fd7-8c8c-d21c4bcdcbd5","region":"fr-par","route_count":0,"ssl_compatibility_level":"ssl_compatibility_level_intermediate","status":"ready","subscriber":null,"tags":[],"type":"lb-s","updated_at":"2023-05-24T15:42:06.344250Z","zone":"fr-par-1"},"max_connections":null,"max_retries":null,"name":"tf-lb-bkd-goofy-diffie","on_marked_down_action":"on_marked_down_action_none","pool":[],"proxy_protocol":"proxy_protocol_none","redispatch_attempt_count":null,"send_proxy_v2":false,"ssl_bridging":false,"sticky_sessions":"none","sticky_sessions_cookie_name":"","timeout_connect":null,"timeout_queue":null,"timeout_server":null,"timeout_tunnel":null,"updated_at":"2023-05-24T15:42:35.304947Z"},"certificate":null,"certificate_ids":[],"created_at":"2023-05-24T15:42:36.011916Z","enable_http3":false,"id":"aaa7cba2-6fde-450a-9a48-e03d662bc673","inbound_port":80,"lb":{"backend_count":1,"created_at":"2023-05-24T15:42:04.616953Z","description":"","frontend_count":1,"id":"369ccab5-39ee-4614-af4b-df42f937cf54","instances":[{"created_at":"2023-05-24T15:40:39.222747Z","id":"76c2f92d-a264-449a-bffb-5bf5d672a8e5","ip_address":"10.194.144.13","region":"fr-par","status":"pending","updated_at":"2023-05-24T15:42:36.493127354Z","zone":"fr-par-1"}],"ip":[{"id":"a5c72821-9ee8-47c9-987a-58a2b9e5b9f3","ip_address":"195.154.197.39","lb_id":"369ccab5-39ee-4614-af4b-df42f937cf54","organization_id":"564aa517-68b0-4fd7-8c8c-d21c4bcdcbd5","project_id":"564aa517-68b0-4fd7-8c8c-d21c4bcdcbd5","region":"fr-par","reverse":"195-154-197-39.lb.fr-par.scw.cloud","zone":"fr-par-1"}],"name":"test-lb","organization_id":"564aa517-68b0-4fd7-8c8c-d21c4bcdcbd5","private_network_count":0,"project_id":"564aa517-68b0-4fd7-8c8c-d21c4bcdcbd5","region":"fr-par","route_count":0,"ssl_compatibility_level":"ssl_compatibility_level_intermediate","status":"ready","subscriber":null,"tags":[],"type":"lb-s","updated_at":"2023-05-24T15:42:06.344250Z","zone":"fr-par-1"},"name":"tf-lb-frt-youthful-payne","timeout_client":null,"updated_at":"2023-05-24T15:42:36.466610813Z"}'
    headers:
      Content-Length:
      - "3034"
      Content-Security-Policy:
      - default-src 'none'; frame-ancestors 'none'
      Content-Type:
      - application/json
      Date:
      - Wed, 24 May 2023 15:42:36 GMT
      Server:
      - Scaleway API-Gateway
      Strict-Transport-Security:
      - max-age=63072000
      X-Content-Type-Options:
      - nosniff
      X-Frame-Options:
      - DENY
      X-Request-Id:
      - 50e24e9a-aa6a-4f0f-8893-5da1e9a81ee2
    status: 200 OK
    code: 200
    duration: ""
- request:
    body: ""
    form: {}
    headers:
      User-Agent:
      - scaleway-sdk-go/v1.0.0-beta.7+dev (go1.20.4; darwin; amd64) terraform-provider/develop
        terraform/terraform-tests
    url: https://api.scaleway.com/lb/v1/zones/fr-par-1/frontends/aaa7cba2-6fde-450a-9a48-e03d662bc673/acls?order_by=created_at_asc&page=1
    method: GET
  response:
    body: '{"acls":[],"total_count":0}'
    headers:
      Content-Length:
      - "27"
      Content-Security-Policy:
      - default-src 'none'; frame-ancestors 'none'
      Content-Type:
      - application/json
      Date:
      - Wed, 24 May 2023 15:42:36 GMT
      Server:
      - Scaleway API-Gateway
      Strict-Transport-Security:
      - max-age=63072000
      X-Content-Type-Options:
      - nosniff
      X-Frame-Options:
      - DENY
      X-Request-Id:
      - 3fa9f3e8-20bc-422d-bc58-b285188258a4
    status: 200 OK
    code: 200
    duration: ""
- request:
    body: ""
    form: {}
    headers:
      User-Agent:
      - scaleway-sdk-go/v1.0.0-beta.7+dev (go1.20.4; darwin; amd64) terraform-provider/develop
        terraform/terraform-tests
    url: https://api.scaleway.com/lb/v1/zones/fr-par-1/frontends/aaa7cba2-6fde-450a-9a48-e03d662bc673
    method: GET
  response:
    body: '{"backend":{"created_at":"2023-05-24T15:42:35.304947Z","failover_host":null,"forward_port":80,"forward_port_algorithm":"roundrobin","forward_protocol":"tcp","health_check":{"check_delay":60000,"check_max_retries":2,"check_send_proxy":false,"check_timeout":30000,"port":80,"tcp_config":{},"transient_check_delay":null},"id":"fdea1cca-0f40-499b-bdf4-78eb64817acf","ignore_ssl_server_verify":false,"lb":{"backend_count":1,"created_at":"2023-05-24T15:42:04.616953Z","description":"","frontend_count":1,"id":"369ccab5-39ee-4614-af4b-df42f937cf54","instances":[],"ip":[{"id":"a5c72821-9ee8-47c9-987a-58a2b9e5b9f3","ip_address":"195.154.197.39","lb_id":"369ccab5-39ee-4614-af4b-df42f937cf54","organization_id":"564aa517-68b0-4fd7-8c8c-d21c4bcdcbd5","project_id":"564aa517-68b0-4fd7-8c8c-d21c4bcdcbd5","region":"fr-par","reverse":"195-154-197-39.lb.fr-par.scw.cloud","zone":"fr-par-1"}],"name":"test-lb","organization_id":"564aa517-68b0-4fd7-8c8c-d21c4bcdcbd5","private_network_count":0,"project_id":"564aa517-68b0-4fd7-8c8c-d21c4bcdcbd5","region":"fr-par","route_count":0,"ssl_compatibility_level":"ssl_compatibility_level_intermediate","status":"ready","subscriber":null,"tags":[],"type":"lb-s","updated_at":"2023-05-24T15:42:06.344250Z","zone":"fr-par-1"},"max_connections":null,"max_retries":null,"name":"tf-lb-bkd-goofy-diffie","on_marked_down_action":"on_marked_down_action_none","pool":[],"proxy_protocol":"proxy_protocol_none","redispatch_attempt_count":null,"send_proxy_v2":false,"ssl_bridging":false,"sticky_sessions":"none","sticky_sessions_cookie_name":"","timeout_connect":null,"timeout_queue":null,"timeout_server":null,"timeout_tunnel":null,"updated_at":"2023-05-24T15:42:35.304947Z"},"certificate":null,"certificate_ids":[],"created_at":"2023-05-24T15:42:36.011916Z","enable_http3":false,"id":"aaa7cba2-6fde-450a-9a48-e03d662bc673","inbound_port":80,"lb":{"backend_count":1,"created_at":"2023-05-24T15:42:04.616953Z","description":"","frontend_count":1,"id":"369ccab5-39ee-4614-af4b-df42f937cf54","instances":[],"ip":[{"id":"a5c72821-9ee8-47c9-987a-58a2b9e5b9f3","ip_address":"195.154.197.39","lb_id":"369ccab5-39ee-4614-af4b-df42f937cf54","organization_id":"564aa517-68b0-4fd7-8c8c-d21c4bcdcbd5","project_id":"564aa517-68b0-4fd7-8c8c-d21c4bcdcbd5","region":"fr-par","reverse":"195-154-197-39.lb.fr-par.scw.cloud","zone":"fr-par-1"}],"name":"test-lb","organization_id":"564aa517-68b0-4fd7-8c8c-d21c4bcdcbd5","private_network_count":0,"project_id":"564aa517-68b0-4fd7-8c8c-d21c4bcdcbd5","region":"fr-par","route_count":0,"ssl_compatibility_level":"ssl_compatibility_level_intermediate","status":"ready","subscriber":null,"tags":[],"type":"lb-s","updated_at":"2023-05-24T15:42:06.344250Z","zone":"fr-par-1"},"name":"tf-lb-frt-youthful-payne","timeout_client":null,"updated_at":"2023-05-24T15:42:36.466611Z"}'
    headers:
      Content-Length:
      - "2813"
      Content-Security-Policy:
      - default-src 'none'; frame-ancestors 'none'
      Content-Type:
      - application/json
      Date:
      - Wed, 24 May 2023 15:42:36 GMT
      Server:
      - Scaleway API-Gateway
      Strict-Transport-Security:
      - max-age=63072000
      X-Content-Type-Options:
      - nosniff
      X-Frame-Options:
      - DENY
      X-Request-Id:
      - 18332586-dfab-44d9-bdee-9635fa6f0e5d
    status: 200 OK
    code: 200
    duration: ""
- request:
    body: ""
    form: {}
    headers:
      User-Agent:
      - scaleway-sdk-go/v1.0.0-beta.7+dev (go1.20.4; darwin; amd64) terraform-provider/develop
        terraform/terraform-tests
    url: https://api.scaleway.com/lb/v1/zones/fr-par-1/frontends/aaa7cba2-6fde-450a-9a48-e03d662bc673/acls?order_by=created_at_asc&page=1
    method: GET
  response:
    body: '{"acls":[],"total_count":0}'
    headers:
      Content-Length:
      - "27"
      Content-Security-Policy:
      - default-src 'none'; frame-ancestors 'none'
      Content-Type:
      - application/json
      Date:
      - Wed, 24 May 2023 15:42:36 GMT
      Server:
      - Scaleway API-Gateway
      Strict-Transport-Security:
      - max-age=63072000
      X-Content-Type-Options:
      - nosniff
      X-Frame-Options:
      - DENY
      X-Request-Id:
      - b60277a0-db26-4605-8e8f-339bc59bb165
    status: 200 OK
    code: 200
    duration: ""
- request:
    body: '{"frontend_id":"aaa7cba2-6fde-450a-9a48-e03d662bc673","backend_id":"fdea1cca-0f40-499b-bdf4-78eb64817acf","match":{"sni":"sni.scaleway.com"}}'
    form: {}
    headers:
      Content-Type:
      - application/json
      User-Agent:
      - scaleway-sdk-go/v1.0.0-beta.7+dev (go1.20.4; darwin; amd64) terraform-provider/develop
        terraform/terraform-tests
    url: https://api.scaleway.com/lb/v1/zones/fr-par-1/routes
    method: POST
  response:
    body: '{"backend_id":"fdea1cca-0f40-499b-bdf4-78eb64817acf","created_at":"2023-05-24T15:42:37.076478216Z","frontend_id":"aaa7cba2-6fde-450a-9a48-e03d662bc673","id":"234d1863-bca5-442f-91fb-d293e85e726f","match":{"sni":"sni.scaleway.com"},"updated_at":"2023-05-24T15:42:37.076478216Z"}'
    headers:
      Content-Length:
      - "277"
      Content-Security-Policy:
      - default-src 'none'; frame-ancestors 'none'
      Content-Type:
      - application/json
      Date:
      - Wed, 24 May 2023 15:42:37 GMT
      Server:
      - Scaleway API-Gateway
      Strict-Transport-Security:
      - max-age=63072000
      X-Content-Type-Options:
      - nosniff
      X-Frame-Options:
      - DENY
      X-Request-Id:
      - 59e393e3-1f65-4a6b-bfd9-1bc388c5f554
    status: 200 OK
    code: 200
    duration: ""
- request:
    body: ""
    form: {}
    headers:
      User-Agent:
      - scaleway-sdk-go/v1.0.0-beta.7+dev (go1.20.4; darwin; amd64) terraform-provider/develop
        terraform/terraform-tests
    url: https://api.scaleway.com/lb/v1/zones/fr-par-1/routes/234d1863-bca5-442f-91fb-d293e85e726f
    method: GET
  response:
    body: '{"backend_id":"fdea1cca-0f40-499b-bdf4-78eb64817acf","created_at":"2023-05-24T15:42:37.076478Z","frontend_id":"aaa7cba2-6fde-450a-9a48-e03d662bc673","id":"234d1863-bca5-442f-91fb-d293e85e726f","match":{"sni":"sni.scaleway.com"},"updated_at":"2023-05-24T15:42:37.076478Z"}'
    headers:
      Content-Length:
      - "271"
      Content-Security-Policy:
      - default-src 'none'; frame-ancestors 'none'
      Content-Type:
      - application/json
      Date:
      - Wed, 24 May 2023 15:42:37 GMT
      Server:
      - Scaleway API-Gateway
      Strict-Transport-Security:
      - max-age=63072000
      X-Content-Type-Options:
      - nosniff
      X-Frame-Options:
      - DENY
      X-Request-Id:
      - d0649e7f-5dd7-4b95-b67a-dcb62c4c9dbe
    status: 200 OK
    code: 200
    duration: ""
- request:
    body: ""
    form: {}
    headers:
      User-Agent:
      - scaleway-sdk-go/v1.0.0-beta.7+dev (go1.20.4; darwin; amd64) terraform-provider/develop
        terraform/terraform-tests
    url: https://api.scaleway.com/lb/v1/zones/fr-par-1/routes/234d1863-bca5-442f-91fb-d293e85e726f
    method: GET
  response:
    body: '{"backend_id":"fdea1cca-0f40-499b-bdf4-78eb64817acf","created_at":"2023-05-24T15:42:37.076478Z","frontend_id":"aaa7cba2-6fde-450a-9a48-e03d662bc673","id":"234d1863-bca5-442f-91fb-d293e85e726f","match":{"sni":"sni.scaleway.com"},"updated_at":"2023-05-24T15:42:37.076478Z"}'
    headers:
      Content-Length:
      - "271"
      Content-Security-Policy:
      - default-src 'none'; frame-ancestors 'none'
      Content-Type:
      - application/json
      Date:
      - Wed, 24 May 2023 15:42:37 GMT
      Server:
      - Scaleway API-Gateway
      Strict-Transport-Security:
      - max-age=63072000
      X-Content-Type-Options:
      - nosniff
      X-Frame-Options:
      - DENY
      X-Request-Id:
      - bdd77247-bd51-4e5c-a6a5-eaf96f0e3ede
    status: 200 OK
    code: 200
    duration: ""
- request:
    body: ""
    form: {}
    headers:
      User-Agent:
      - scaleway-sdk-go/v1.0.0-beta.7+dev (go1.20.4; darwin; amd64) terraform-provider/develop
        terraform/terraform-tests
    url: https://api.scaleway.com/lb/v1/zones/fr-par-1/routes/234d1863-bca5-442f-91fb-d293e85e726f
    method: GET
  response:
    body: '{"backend_id":"fdea1cca-0f40-499b-bdf4-78eb64817acf","created_at":"2023-05-24T15:42:37.076478Z","frontend_id":"aaa7cba2-6fde-450a-9a48-e03d662bc673","id":"234d1863-bca5-442f-91fb-d293e85e726f","match":{"sni":"sni.scaleway.com"},"updated_at":"2023-05-24T15:42:37.076478Z"}'
    headers:
      Content-Length:
      - "271"
      Content-Security-Policy:
      - default-src 'none'; frame-ancestors 'none'
      Content-Type:
      - application/json
      Date:
      - Wed, 24 May 2023 15:42:37 GMT
      Server:
      - Scaleway API-Gateway
      Strict-Transport-Security:
      - max-age=63072000
      X-Content-Type-Options:
      - nosniff
      X-Frame-Options:
      - DENY
      X-Request-Id:
      - 9f0b5301-594a-4f6c-8550-353989a632a2
    status: 200 OK
    code: 200
    duration: ""
- request:
    body: ""
    form: {}
    headers:
      User-Agent:
      - scaleway-sdk-go/v1.0.0-beta.7+dev (go1.20.4; darwin; amd64) terraform-provider/develop
        terraform/terraform-tests
    url: https://api.scaleway.com/lb/v1/zones/fr-par-1/ips/a5c72821-9ee8-47c9-987a-58a2b9e5b9f3
    method: GET
  response:
    body: '{"id":"a5c72821-9ee8-47c9-987a-58a2b9e5b9f3","ip_address":"195.154.197.39","lb_id":"369ccab5-39ee-4614-af4b-df42f937cf54","organization_id":"564aa517-68b0-4fd7-8c8c-d21c4bcdcbd5","project_id":"564aa517-68b0-4fd7-8c8c-d21c4bcdcbd5","region":"fr-par","reverse":"195-154-197-39.lb.fr-par.scw.cloud","zone":"fr-par-1"}'
    headers:
      Content-Length:
      - "314"
      Content-Security-Policy:
      - default-src 'none'; frame-ancestors 'none'
      Content-Type:
      - application/json
      Date:
      - Wed, 24 May 2023 15:42:38 GMT
      Server:
      - Scaleway API-Gateway
      Strict-Transport-Security:
      - max-age=63072000
      X-Content-Type-Options:
      - nosniff
      X-Frame-Options:
      - DENY
      X-Request-Id:
      - d6bd4b0e-635f-4f27-80a4-c105a966eeab
    status: 200 OK
    code: 200
    duration: ""
- request:
    body: ""
    form: {}
    headers:
      User-Agent:
      - scaleway-sdk-go/v1.0.0-beta.7+dev (go1.20.4; darwin; amd64) terraform-provider/develop
        terraform/terraform-tests
    url: https://api.scaleway.com/lb/v1/zones/fr-par-1/lbs/369ccab5-39ee-4614-af4b-df42f937cf54
    method: GET
  response:
    body: '{"backend_count":1,"created_at":"2023-05-24T15:42:04.616953Z","description":"","frontend_count":1,"id":"369ccab5-39ee-4614-af4b-df42f937cf54","instances":[{"created_at":"2023-05-24T15:40:39.222747Z","id":"76c2f92d-a264-449a-bffb-5bf5d672a8e5","ip_address":"10.194.144.13","region":"fr-par","status":"ready","updated_at":"2023-05-24T15:42:37.510847Z","zone":"fr-par-1"}],"ip":[{"id":"a5c72821-9ee8-47c9-987a-58a2b9e5b9f3","ip_address":"195.154.197.39","lb_id":"369ccab5-39ee-4614-af4b-df42f937cf54","organization_id":"564aa517-68b0-4fd7-8c8c-d21c4bcdcbd5","project_id":"564aa517-68b0-4fd7-8c8c-d21c4bcdcbd5","region":"fr-par","reverse":"195-154-197-39.lb.fr-par.scw.cloud","zone":"fr-par-1"}],"name":"test-lb","organization_id":"564aa517-68b0-4fd7-8c8c-d21c4bcdcbd5","private_network_count":0,"project_id":"564aa517-68b0-4fd7-8c8c-d21c4bcdcbd5","region":"fr-par","route_count":1,"ssl_compatibility_level":"ssl_compatibility_level_intermediate","status":"ready","subscriber":null,"tags":[],"type":"lb-s","updated_at":"2023-05-24T15:42:06.344250Z","zone":"fr-par-1"}'
    headers:
      Content-Length:
      - "1063"
      Content-Security-Policy:
      - default-src 'none'; frame-ancestors 'none'
      Content-Type:
      - application/json
      Date:
      - Wed, 24 May 2023 15:42:38 GMT
      Server:
      - Scaleway API-Gateway
      Strict-Transport-Security:
      - max-age=63072000
      X-Content-Type-Options:
      - nosniff
      X-Frame-Options:
      - DENY
      X-Request-Id:
      - 5473b66a-0bc1-417c-bb18-0b013bc9cfc6
    status: 200 OK
    code: 200
    duration: ""
- request:
    body: ""
    form: {}
    headers:
      User-Agent:
      - scaleway-sdk-go/v1.0.0-beta.7+dev (go1.20.4; darwin; amd64) terraform-provider/develop
        terraform/terraform-tests
    url: https://api.scaleway.com/lb/v1/zones/fr-par-1/lbs/369ccab5-39ee-4614-af4b-df42f937cf54
    method: GET
  response:
    body: '{"backend_count":1,"created_at":"2023-05-24T15:42:04.616953Z","description":"","frontend_count":1,"id":"369ccab5-39ee-4614-af4b-df42f937cf54","instances":[{"created_at":"2023-05-24T15:40:39.222747Z","id":"76c2f92d-a264-449a-bffb-5bf5d672a8e5","ip_address":"10.194.144.13","region":"fr-par","status":"ready","updated_at":"2023-05-24T15:42:37.510847Z","zone":"fr-par-1"}],"ip":[{"id":"a5c72821-9ee8-47c9-987a-58a2b9e5b9f3","ip_address":"195.154.197.39","lb_id":"369ccab5-39ee-4614-af4b-df42f937cf54","organization_id":"564aa517-68b0-4fd7-8c8c-d21c4bcdcbd5","project_id":"564aa517-68b0-4fd7-8c8c-d21c4bcdcbd5","region":"fr-par","reverse":"195-154-197-39.lb.fr-par.scw.cloud","zone":"fr-par-1"}],"name":"test-lb","organization_id":"564aa517-68b0-4fd7-8c8c-d21c4bcdcbd5","private_network_count":0,"project_id":"564aa517-68b0-4fd7-8c8c-d21c4bcdcbd5","region":"fr-par","route_count":1,"ssl_compatibility_level":"ssl_compatibility_level_intermediate","status":"ready","subscriber":null,"tags":[],"type":"lb-s","updated_at":"2023-05-24T15:42:06.344250Z","zone":"fr-par-1"}'
    headers:
      Content-Length:
      - "1063"
      Content-Security-Policy:
      - default-src 'none'; frame-ancestors 'none'
      Content-Type:
      - application/json
      Date:
      - Wed, 24 May 2023 15:42:38 GMT
      Server:
      - Scaleway API-Gateway
      Strict-Transport-Security:
      - max-age=63072000
      X-Content-Type-Options:
      - nosniff
      X-Frame-Options:
      - DENY
      X-Request-Id:
      - fcfeff1b-0255-4e7d-a811-988ecb9713d0
    status: 200 OK
    code: 200
    duration: ""
- request:
    body: ""
    form: {}
    headers:
      User-Agent:
      - scaleway-sdk-go/v1.0.0-beta.7+dev (go1.20.4; darwin; amd64) terraform-provider/develop
        terraform/terraform-tests
    url: https://api.scaleway.com/lb/v1/zones/fr-par-1/lbs/369ccab5-39ee-4614-af4b-df42f937cf54/private-networks?order_by=created_at_asc
    method: GET
  response:
    body: '{"private_network":[],"total_count":0}'
    headers:
      Content-Length:
      - "38"
      Content-Security-Policy:
      - default-src 'none'; frame-ancestors 'none'
      Content-Type:
      - application/json
      Date:
      - Wed, 24 May 2023 15:42:38 GMT
      Server:
      - Scaleway API-Gateway
      Strict-Transport-Security:
      - max-age=63072000
      X-Content-Type-Options:
      - nosniff
      X-Frame-Options:
      - DENY
      X-Request-Id:
      - 4aa13d03-69b0-4432-9974-dcb78d141e36
    status: 200 OK
    code: 200
    duration: ""
- request:
    body: ""
    form: {}
    headers:
      User-Agent:
      - scaleway-sdk-go/v1.0.0-beta.7+dev (go1.20.4; darwin; amd64) terraform-provider/develop
        terraform/terraform-tests
    url: https://api.scaleway.com/lb/v1/zones/fr-par-1/backends/fdea1cca-0f40-499b-bdf4-78eb64817acf
    method: GET
  response:
    body: '{"created_at":"2023-05-24T15:42:35.304947Z","failover_host":null,"forward_port":80,"forward_port_algorithm":"roundrobin","forward_protocol":"tcp","health_check":{"check_delay":60000,"check_max_retries":2,"check_send_proxy":false,"check_timeout":30000,"port":80,"tcp_config":{},"transient_check_delay":null},"id":"fdea1cca-0f40-499b-bdf4-78eb64817acf","ignore_ssl_server_verify":false,"lb":{"backend_count":1,"created_at":"2023-05-24T15:42:04.616953Z","description":"","frontend_count":1,"id":"369ccab5-39ee-4614-af4b-df42f937cf54","instances":[{"created_at":"2023-05-24T15:40:39.222747Z","id":"76c2f92d-a264-449a-bffb-5bf5d672a8e5","ip_address":"10.194.144.13","region":"fr-par","status":"ready","updated_at":"2023-05-24T15:42:37.510847Z","zone":"fr-par-1"}],"ip":[{"id":"a5c72821-9ee8-47c9-987a-58a2b9e5b9f3","ip_address":"195.154.197.39","lb_id":"369ccab5-39ee-4614-af4b-df42f937cf54","organization_id":"564aa517-68b0-4fd7-8c8c-d21c4bcdcbd5","project_id":"564aa517-68b0-4fd7-8c8c-d21c4bcdcbd5","region":"fr-par","reverse":"195-154-197-39.lb.fr-par.scw.cloud","zone":"fr-par-1"}],"name":"test-lb","organization_id":"564aa517-68b0-4fd7-8c8c-d21c4bcdcbd5","private_network_count":0,"project_id":"564aa517-68b0-4fd7-8c8c-d21c4bcdcbd5","region":"fr-par","route_count":1,"ssl_compatibility_level":"ssl_compatibility_level_intermediate","status":"ready","subscriber":null,"tags":[],"type":"lb-s","updated_at":"2023-05-24T15:42:06.344250Z","zone":"fr-par-1"},"max_connections":null,"max_retries":null,"name":"tf-lb-bkd-goofy-diffie","on_marked_down_action":"on_marked_down_action_none","pool":[],"proxy_protocol":"proxy_protocol_none","redispatch_attempt_count":null,"send_proxy_v2":false,"ssl_bridging":false,"sticky_sessions":"none","sticky_sessions_cookie_name":"","timeout_connect":null,"timeout_queue":null,"timeout_server":null,"timeout_tunnel":null,"updated_at":"2023-05-24T15:42:35.304947Z"}'
    headers:
      Content-Length:
      - "1893"
      Content-Security-Policy:
      - default-src 'none'; frame-ancestors 'none'
      Content-Type:
      - application/json
      Date:
      - Wed, 24 May 2023 15:42:38 GMT
      Server:
      - Scaleway API-Gateway
      Strict-Transport-Security:
      - max-age=63072000
      X-Content-Type-Options:
      - nosniff
      X-Frame-Options:
      - DENY
      X-Request-Id:
      - 35a6b57c-3de7-48d7-a832-8b9f24b71806
    status: 200 OK
    code: 200
    duration: ""
- request:
    body: ""
    form: {}
    headers:
      User-Agent:
      - scaleway-sdk-go/v1.0.0-beta.7+dev (go1.20.4; darwin; amd64) terraform-provider/develop
        terraform/terraform-tests
    url: https://api.scaleway.com/lb/v1/zones/fr-par-1/lbs/369ccab5-39ee-4614-af4b-df42f937cf54
    method: GET
  response:
    body: '{"backend_count":1,"created_at":"2023-05-24T15:42:04.616953Z","description":"","frontend_count":1,"id":"369ccab5-39ee-4614-af4b-df42f937cf54","instances":[{"created_at":"2023-05-24T15:40:39.222747Z","id":"76c2f92d-a264-449a-bffb-5bf5d672a8e5","ip_address":"10.194.144.13","region":"fr-par","status":"ready","updated_at":"2023-05-24T15:42:37.510847Z","zone":"fr-par-1"}],"ip":[{"id":"a5c72821-9ee8-47c9-987a-58a2b9e5b9f3","ip_address":"195.154.197.39","lb_id":"369ccab5-39ee-4614-af4b-df42f937cf54","organization_id":"564aa517-68b0-4fd7-8c8c-d21c4bcdcbd5","project_id":"564aa517-68b0-4fd7-8c8c-d21c4bcdcbd5","region":"fr-par","reverse":"195-154-197-39.lb.fr-par.scw.cloud","zone":"fr-par-1"}],"name":"test-lb","organization_id":"564aa517-68b0-4fd7-8c8c-d21c4bcdcbd5","private_network_count":0,"project_id":"564aa517-68b0-4fd7-8c8c-d21c4bcdcbd5","region":"fr-par","route_count":1,"ssl_compatibility_level":"ssl_compatibility_level_intermediate","status":"ready","subscriber":null,"tags":[],"type":"lb-s","updated_at":"2023-05-24T15:42:06.344250Z","zone":"fr-par-1"}'
    headers:
      Content-Length:
      - "1063"
      Content-Security-Policy:
      - default-src 'none'; frame-ancestors 'none'
      Content-Type:
      - application/json
      Date:
      - Wed, 24 May 2023 15:42:38 GMT
      Server:
      - Scaleway API-Gateway
      Strict-Transport-Security:
      - max-age=63072000
      X-Content-Type-Options:
      - nosniff
      X-Frame-Options:
      - DENY
      X-Request-Id:
      - 400f4c55-e609-4faa-8a7d-c8b63a09549d
    status: 200 OK
    code: 200
    duration: ""
- request:
    body: ""
    form: {}
    headers:
      User-Agent:
      - scaleway-sdk-go/v1.0.0-beta.7+dev (go1.20.4; darwin; amd64) terraform-provider/develop
        terraform/terraform-tests
    url: https://api.scaleway.com/lb/v1/zones/fr-par-1/frontends/aaa7cba2-6fde-450a-9a48-e03d662bc673
    method: GET
  response:
    body: '{"backend":{"created_at":"2023-05-24T15:42:35.304947Z","failover_host":null,"forward_port":80,"forward_port_algorithm":"roundrobin","forward_protocol":"tcp","health_check":{"check_delay":60000,"check_max_retries":2,"check_send_proxy":false,"check_timeout":30000,"port":80,"tcp_config":{},"transient_check_delay":null},"id":"fdea1cca-0f40-499b-bdf4-78eb64817acf","ignore_ssl_server_verify":false,"lb":{"backend_count":1,"created_at":"2023-05-24T15:42:04.616953Z","description":"","frontend_count":1,"id":"369ccab5-39ee-4614-af4b-df42f937cf54","instances":[],"ip":[{"id":"a5c72821-9ee8-47c9-987a-58a2b9e5b9f3","ip_address":"195.154.197.39","lb_id":"369ccab5-39ee-4614-af4b-df42f937cf54","organization_id":"564aa517-68b0-4fd7-8c8c-d21c4bcdcbd5","project_id":"564aa517-68b0-4fd7-8c8c-d21c4bcdcbd5","region":"fr-par","reverse":"195-154-197-39.lb.fr-par.scw.cloud","zone":"fr-par-1"}],"name":"test-lb","organization_id":"564aa517-68b0-4fd7-8c8c-d21c4bcdcbd5","private_network_count":0,"project_id":"564aa517-68b0-4fd7-8c8c-d21c4bcdcbd5","region":"fr-par","route_count":1,"ssl_compatibility_level":"ssl_compatibility_level_intermediate","status":"ready","subscriber":null,"tags":[],"type":"lb-s","updated_at":"2023-05-24T15:42:06.344250Z","zone":"fr-par-1"},"max_connections":null,"max_retries":null,"name":"tf-lb-bkd-goofy-diffie","on_marked_down_action":"on_marked_down_action_none","pool":[],"proxy_protocol":"proxy_protocol_none","redispatch_attempt_count":null,"send_proxy_v2":false,"ssl_bridging":false,"sticky_sessions":"none","sticky_sessions_cookie_name":"","timeout_connect":null,"timeout_queue":null,"timeout_server":null,"timeout_tunnel":null,"updated_at":"2023-05-24T15:42:35.304947Z"},"certificate":null,"certificate_ids":[],"created_at":"2023-05-24T15:42:36.011916Z","enable_http3":false,"id":"aaa7cba2-6fde-450a-9a48-e03d662bc673","inbound_port":80,"lb":{"backend_count":1,"created_at":"2023-05-24T15:42:04.616953Z","description":"","frontend_count":1,"id":"369ccab5-39ee-4614-af4b-df42f937cf54","instances":[],"ip":[{"id":"a5c72821-9ee8-47c9-987a-58a2b9e5b9f3","ip_address":"195.154.197.39","lb_id":"369ccab5-39ee-4614-af4b-df42f937cf54","organization_id":"564aa517-68b0-4fd7-8c8c-d21c4bcdcbd5","project_id":"564aa517-68b0-4fd7-8c8c-d21c4bcdcbd5","region":"fr-par","reverse":"195-154-197-39.lb.fr-par.scw.cloud","zone":"fr-par-1"}],"name":"test-lb","organization_id":"564aa517-68b0-4fd7-8c8c-d21c4bcdcbd5","private_network_count":0,"project_id":"564aa517-68b0-4fd7-8c8c-d21c4bcdcbd5","region":"fr-par","route_count":1,"ssl_compatibility_level":"ssl_compatibility_level_intermediate","status":"ready","subscriber":null,"tags":[],"type":"lb-s","updated_at":"2023-05-24T15:42:06.344250Z","zone":"fr-par-1"},"name":"tf-lb-frt-youthful-payne","timeout_client":null,"updated_at":"2023-05-24T15:42:36.466611Z"}'
    headers:
      Content-Length:
      - "2813"
      Content-Security-Policy:
      - default-src 'none'; frame-ancestors 'none'
      Content-Type:
      - application/json
      Date:
      - Wed, 24 May 2023 15:42:38 GMT
      Server:
      - Scaleway API-Gateway
      Strict-Transport-Security:
      - max-age=63072000
      X-Content-Type-Options:
      - nosniff
      X-Frame-Options:
      - DENY
      X-Request-Id:
      - 53b8cff9-4ae8-4883-8e76-eafbf4f10175
    status: 200 OK
    code: 200
    duration: ""
- request:
    body: ""
    form: {}
    headers:
      User-Agent:
      - scaleway-sdk-go/v1.0.0-beta.7+dev (go1.20.4; darwin; amd64) terraform-provider/develop
        terraform/terraform-tests
    url: https://api.scaleway.com/lb/v1/zones/fr-par-1/frontends/aaa7cba2-6fde-450a-9a48-e03d662bc673/acls?order_by=created_at_asc&page=1
    method: GET
  response:
    body: '{"acls":[],"total_count":0}'
    headers:
      Content-Length:
      - "27"
      Content-Security-Policy:
      - default-src 'none'; frame-ancestors 'none'
      Content-Type:
      - application/json
      Date:
      - Wed, 24 May 2023 15:42:38 GMT
      Server:
      - Scaleway API-Gateway
      Strict-Transport-Security:
      - max-age=63072000
      X-Content-Type-Options:
      - nosniff
      X-Frame-Options:
      - DENY
      X-Request-Id:
      - b9f96d5a-6fb0-4ebb-96e0-76a1d8c9bf3a
    status: 200 OK
    code: 200
    duration: ""
- request:
    body: ""
    form: {}
    headers:
      User-Agent:
      - scaleway-sdk-go/v1.0.0-beta.7+dev (go1.20.4; darwin; amd64) terraform-provider/develop
        terraform/terraform-tests
    url: https://api.scaleway.com/lb/v1/zones/fr-par-1/routes/234d1863-bca5-442f-91fb-d293e85e726f
    method: GET
  response:
    body: '{"backend_id":"fdea1cca-0f40-499b-bdf4-78eb64817acf","created_at":"2023-05-24T15:42:37.076478Z","frontend_id":"aaa7cba2-6fde-450a-9a48-e03d662bc673","id":"234d1863-bca5-442f-91fb-d293e85e726f","match":{"sni":"sni.scaleway.com"},"updated_at":"2023-05-24T15:42:37.076478Z"}'
    headers:
      Content-Length:
      - "271"
      Content-Security-Policy:
      - default-src 'none'; frame-ancestors 'none'
      Content-Type:
      - application/json
      Date:
      - Wed, 24 May 2023 15:42:38 GMT
      Server:
      - Scaleway API-Gateway
      Strict-Transport-Security:
      - max-age=63072000
      X-Content-Type-Options:
      - nosniff
      X-Frame-Options:
      - DENY
      X-Request-Id:
      - 40ab4d5c-9870-433e-924d-a8f455b8aa5c
    status: 200 OK
    code: 200
    duration: ""
- request:
    body: ""
    form: {}
    headers:
      User-Agent:
      - scaleway-sdk-go/v1.0.0-beta.7+dev (go1.20.4; darwin; amd64) terraform-provider/develop
        terraform/terraform-tests
    url: https://api.scaleway.com/lb/v1/zones/fr-par-1/routes/234d1863-bca5-442f-91fb-d293e85e726f
    method: GET
  response:
    body: '{"backend_id":"fdea1cca-0f40-499b-bdf4-78eb64817acf","created_at":"2023-05-24T15:42:37.076478Z","frontend_id":"aaa7cba2-6fde-450a-9a48-e03d662bc673","id":"234d1863-bca5-442f-91fb-d293e85e726f","match":{"sni":"sni.scaleway.com"},"updated_at":"2023-05-24T15:42:37.076478Z"}'
    headers:
      Content-Length:
      - "271"
      Content-Security-Policy:
      - default-src 'none'; frame-ancestors 'none'
      Content-Type:
      - application/json
      Date:
      - Wed, 24 May 2023 15:42:38 GMT
      Server:
      - Scaleway API-Gateway
      Strict-Transport-Security:
      - max-age=63072000
      X-Content-Type-Options:
      - nosniff
      X-Frame-Options:
      - DENY
      X-Request-Id:
      - f6527ec3-5132-4b9c-9156-3fde139a10c2
    status: 200 OK
    code: 200
    duration: ""
- request:
    body: ""
    form: {}
    headers:
      User-Agent:
      - scaleway-sdk-go/v1.0.0-beta.7+dev (go1.20.4; darwin; amd64) terraform-provider/develop
        terraform/terraform-tests
    url: https://api.scaleway.com/lb/v1/zones/fr-par-1/routes/234d1863-bca5-442f-91fb-d293e85e726f
    method: GET
  response:
    body: '{"backend_id":"fdea1cca-0f40-499b-bdf4-78eb64817acf","created_at":"2023-05-24T15:42:37.076478Z","frontend_id":"aaa7cba2-6fde-450a-9a48-e03d662bc673","id":"234d1863-bca5-442f-91fb-d293e85e726f","match":{"sni":"sni.scaleway.com"},"updated_at":"2023-05-24T15:42:37.076478Z"}'
    headers:
      Content-Length:
      - "271"
      Content-Security-Policy:
      - default-src 'none'; frame-ancestors 'none'
      Content-Type:
      - application/json
      Date:
      - Wed, 24 May 2023 15:42:39 GMT
      Server:
      - Scaleway API-Gateway
      Strict-Transport-Security:
      - max-age=63072000
      X-Content-Type-Options:
      - nosniff
      X-Frame-Options:
      - DENY
      X-Request-Id:
      - dcfbcca3-dc14-49f3-bf8e-ea668be2c6bd
    status: 200 OK
    code: 200
    duration: ""
- request:
    body: ""
    form: {}
    headers:
      User-Agent:
      - scaleway-sdk-go/v1.0.0-beta.7+dev (go1.20.4; darwin; amd64) terraform-provider/develop
        terraform/terraform-tests
    url: https://api.scaleway.com/lb/v1/zones/fr-par-1/routes/234d1863-bca5-442f-91fb-d293e85e726f
    method: DELETE
  response:
    body: ""
    headers:
      Content-Security-Policy:
      - default-src 'none'; frame-ancestors 'none'
      Content-Type:
      - application/json
      Date:
      - Wed, 24 May 2023 15:42:39 GMT
      Server:
      - Scaleway API-Gateway
      Strict-Transport-Security:
      - max-age=63072000
      X-Content-Type-Options:
      - nosniff
      X-Frame-Options:
      - DENY
      X-Request-Id:
      - d9c146f5-c861-4015-b289-d12b704355df
    status: 204 No Content
    code: 204
    duration: ""
- request:
    body: ""
    form: {}
    headers:
      User-Agent:
      - scaleway-sdk-go/v1.0.0-beta.7+dev (go1.20.4; darwin; amd64) terraform-provider/develop
        terraform/terraform-tests
    url: https://api.scaleway.com/lb/v1/zones/fr-par-1/frontends/aaa7cba2-6fde-450a-9a48-e03d662bc673
    method: DELETE
  response:
    body: ""
    headers:
      Content-Security-Policy:
      - default-src 'none'; frame-ancestors 'none'
      Content-Type:
      - application/json
      Date:
      - Wed, 24 May 2023 15:42:39 GMT
      Server:
      - Scaleway API-Gateway
      Strict-Transport-Security:
      - max-age=63072000
      X-Content-Type-Options:
      - nosniff
      X-Frame-Options:
      - DENY
      X-Request-Id:
      - 1e755e4a-ddbe-4f5b-ba9d-62c3b5bc2c1b
    status: 204 No Content
    code: 204
    duration: ""
- request:
    body: ""
    form: {}
    headers:
      User-Agent:
      - scaleway-sdk-go/v1.0.0-beta.7+dev (go1.20.4; darwin; amd64) terraform-provider/develop
        terraform/terraform-tests
    url: https://api.scaleway.com/lb/v1/zones/fr-par-1/lbs/369ccab5-39ee-4614-af4b-df42f937cf54
    method: GET
  response:
    body: '{"backend_count":1,"created_at":"2023-05-24T15:42:04.616953Z","description":"","frontend_count":0,"id":"369ccab5-39ee-4614-af4b-df42f937cf54","instances":[{"created_at":"2023-05-24T15:40:39.222747Z","id":"76c2f92d-a264-449a-bffb-5bf5d672a8e5","ip_address":"10.194.144.13","region":"fr-par","status":"ready","updated_at":"2023-05-24T15:42:39.844075Z","zone":"fr-par-1"}],"ip":[{"id":"a5c72821-9ee8-47c9-987a-58a2b9e5b9f3","ip_address":"195.154.197.39","lb_id":"369ccab5-39ee-4614-af4b-df42f937cf54","organization_id":"564aa517-68b0-4fd7-8c8c-d21c4bcdcbd5","project_id":"564aa517-68b0-4fd7-8c8c-d21c4bcdcbd5","region":"fr-par","reverse":"195-154-197-39.lb.fr-par.scw.cloud","zone":"fr-par-1"}],"name":"test-lb","organization_id":"564aa517-68b0-4fd7-8c8c-d21c4bcdcbd5","private_network_count":0,"project_id":"564aa517-68b0-4fd7-8c8c-d21c4bcdcbd5","region":"fr-par","route_count":0,"ssl_compatibility_level":"ssl_compatibility_level_intermediate","status":"ready","subscriber":null,"tags":[],"type":"lb-s","updated_at":"2023-05-24T15:42:06.344250Z","zone":"fr-par-1"}'
    headers:
      Content-Length:
      - "1063"
      Content-Security-Policy:
      - default-src 'none'; frame-ancestors 'none'
      Content-Type:
      - application/json
      Date:
      - Wed, 24 May 2023 15:42:40 GMT
      Server:
      - Scaleway API-Gateway
      Strict-Transport-Security:
      - max-age=63072000
      X-Content-Type-Options:
      - nosniff
      X-Frame-Options:
      - DENY
      X-Request-Id:
      - 99078665-0b61-4b3c-9695-fd7b8310931a
    status: 200 OK
    code: 200
    duration: ""
- request:
    body: ""
    form: {}
    headers:
      User-Agent:
      - scaleway-sdk-go/v1.0.0-beta.7+dev (go1.20.4; darwin; amd64) terraform-provider/develop
        terraform/terraform-tests
    url: https://api.scaleway.com/lb/v1/zones/fr-par-1/lbs/369ccab5-39ee-4614-af4b-df42f937cf54
    method: GET
  response:
    body: '{"backend_count":1,"created_at":"2023-05-24T15:42:04.616953Z","description":"","frontend_count":0,"id":"369ccab5-39ee-4614-af4b-df42f937cf54","instances":[{"created_at":"2023-05-24T15:40:39.222747Z","id":"76c2f92d-a264-449a-bffb-5bf5d672a8e5","ip_address":"10.194.144.13","region":"fr-par","status":"ready","updated_at":"2023-05-24T15:42:39.844075Z","zone":"fr-par-1"}],"ip":[{"id":"a5c72821-9ee8-47c9-987a-58a2b9e5b9f3","ip_address":"195.154.197.39","lb_id":"369ccab5-39ee-4614-af4b-df42f937cf54","organization_id":"564aa517-68b0-4fd7-8c8c-d21c4bcdcbd5","project_id":"564aa517-68b0-4fd7-8c8c-d21c4bcdcbd5","region":"fr-par","reverse":"195-154-197-39.lb.fr-par.scw.cloud","zone":"fr-par-1"}],"name":"test-lb","organization_id":"564aa517-68b0-4fd7-8c8c-d21c4bcdcbd5","private_network_count":0,"project_id":"564aa517-68b0-4fd7-8c8c-d21c4bcdcbd5","region":"fr-par","route_count":0,"ssl_compatibility_level":"ssl_compatibility_level_intermediate","status":"ready","subscriber":null,"tags":[],"type":"lb-s","updated_at":"2023-05-24T15:42:06.344250Z","zone":"fr-par-1"}'
    headers:
      Content-Length:
      - "1063"
      Content-Security-Policy:
      - default-src 'none'; frame-ancestors 'none'
      Content-Type:
      - application/json
      Date:
      - Wed, 24 May 2023 15:42:40 GMT
      Server:
      - Scaleway API-Gateway
      Strict-Transport-Security:
      - max-age=63072000
      X-Content-Type-Options:
      - nosniff
      X-Frame-Options:
      - DENY
      X-Request-Id:
      - 1a5e7e82-c119-4d5d-81ba-d4cd0a86d17a
    status: 200 OK
    code: 200
    duration: ""
- request:
    body: ""
    form: {}
    headers:
      User-Agent:
      - scaleway-sdk-go/v1.0.0-beta.7+dev (go1.20.4; darwin; amd64) terraform-provider/develop
        terraform/terraform-tests
    url: https://api.scaleway.com/lb/v1/zones/fr-par-1/backends/fdea1cca-0f40-499b-bdf4-78eb64817acf
    method: DELETE
  response:
    body: ""
    headers:
      Content-Security-Policy:
      - default-src 'none'; frame-ancestors 'none'
      Content-Type:
      - application/json
      Date:
      - Wed, 24 May 2023 15:42:40 GMT
      Server:
      - Scaleway API-Gateway
      Strict-Transport-Security:
      - max-age=63072000
      X-Content-Type-Options:
      - nosniff
      X-Frame-Options:
      - DENY
      X-Request-Id:
      - d75260a8-4bf0-4d32-a1a4-be783b1c81aa
    status: 204 No Content
    code: 204
    duration: ""
- request:
    body: ""
    form: {}
    headers:
      User-Agent:
      - scaleway-sdk-go/v1.0.0-beta.7+dev (go1.20.4; darwin; amd64) terraform-provider/develop
        terraform/terraform-tests
    url: https://api.scaleway.com/lb/v1/zones/fr-par-1/lbs/369ccab5-39ee-4614-af4b-df42f937cf54
    method: GET
  response:
    body: '{"backend_count":0,"created_at":"2023-05-24T15:42:04.616953Z","description":"","frontend_count":0,"id":"369ccab5-39ee-4614-af4b-df42f937cf54","instances":[{"created_at":"2023-05-24T15:40:39.222747Z","id":"76c2f92d-a264-449a-bffb-5bf5d672a8e5","ip_address":"10.194.144.13","region":"fr-par","status":"pending","updated_at":"2023-05-24T15:42:40.263307Z","zone":"fr-par-1"}],"ip":[{"id":"a5c72821-9ee8-47c9-987a-58a2b9e5b9f3","ip_address":"195.154.197.39","lb_id":"369ccab5-39ee-4614-af4b-df42f937cf54","organization_id":"564aa517-68b0-4fd7-8c8c-d21c4bcdcbd5","project_id":"564aa517-68b0-4fd7-8c8c-d21c4bcdcbd5","region":"fr-par","reverse":"195-154-197-39.lb.fr-par.scw.cloud","zone":"fr-par-1"}],"name":"test-lb","organization_id":"564aa517-68b0-4fd7-8c8c-d21c4bcdcbd5","private_network_count":0,"project_id":"564aa517-68b0-4fd7-8c8c-d21c4bcdcbd5","region":"fr-par","route_count":0,"ssl_compatibility_level":"ssl_compatibility_level_intermediate","status":"ready","subscriber":null,"tags":[],"type":"lb-s","updated_at":"2023-05-24T15:42:06.344250Z","zone":"fr-par-1"}'
    headers:
      Content-Length:
      - "1065"
      Content-Security-Policy:
      - default-src 'none'; frame-ancestors 'none'
      Content-Type:
      - application/json
      Date:
      - Wed, 24 May 2023 15:42:40 GMT
      Server:
      - Scaleway API-Gateway
      Strict-Transport-Security:
      - max-age=63072000
      X-Content-Type-Options:
      - nosniff
      X-Frame-Options:
      - DENY
      X-Request-Id:
      - b640d01f-cfdb-46fa-906f-e8a2e79e1a52
    status: 200 OK
    code: 200
    duration: ""
- request:
    body: ""
    form: {}
    headers:
      User-Agent:
      - scaleway-sdk-go/v1.0.0-beta.7+dev (go1.20.4; darwin; amd64) terraform-provider/develop
        terraform/terraform-tests
    url: https://api.scaleway.com/lb/v1/zones/fr-par-1/lbs/369ccab5-39ee-4614-af4b-df42f937cf54
    method: GET
  response:
    body: '{"backend_count":0,"created_at":"2023-05-24T15:42:04.616953Z","description":"","frontend_count":0,"id":"369ccab5-39ee-4614-af4b-df42f937cf54","instances":[{"created_at":"2023-05-24T15:40:39.222747Z","id":"76c2f92d-a264-449a-bffb-5bf5d672a8e5","ip_address":"10.194.144.13","region":"fr-par","status":"ready","updated_at":"2023-05-24T15:42:40.493899Z","zone":"fr-par-1"}],"ip":[{"id":"a5c72821-9ee8-47c9-987a-58a2b9e5b9f3","ip_address":"195.154.197.39","lb_id":"369ccab5-39ee-4614-af4b-df42f937cf54","organization_id":"564aa517-68b0-4fd7-8c8c-d21c4bcdcbd5","project_id":"564aa517-68b0-4fd7-8c8c-d21c4bcdcbd5","region":"fr-par","reverse":"195-154-197-39.lb.fr-par.scw.cloud","zone":"fr-par-1"}],"name":"test-lb","organization_id":"564aa517-68b0-4fd7-8c8c-d21c4bcdcbd5","private_network_count":0,"project_id":"564aa517-68b0-4fd7-8c8c-d21c4bcdcbd5","region":"fr-par","route_count":0,"ssl_compatibility_level":"ssl_compatibility_level_intermediate","status":"ready","subscriber":null,"tags":[],"type":"lb-s","updated_at":"2023-05-24T15:42:06.344250Z","zone":"fr-par-1"}'
    headers:
      Content-Length:
      - "1063"
      Content-Security-Policy:
      - default-src 'none'; frame-ancestors 'none'
      Content-Type:
      - application/json
      Date:
      - Wed, 24 May 2023 15:42:40 GMT
      Server:
      - Scaleway API-Gateway
      Strict-Transport-Security:
      - max-age=63072000
      X-Content-Type-Options:
      - nosniff
      X-Frame-Options:
      - DENY
      X-Request-Id:
      - b5a922f9-804d-45a5-abeb-77af443c37ac
    status: 200 OK
    code: 200
    duration: ""
- request:
    body: ""
    form: {}
    headers:
      User-Agent:
      - scaleway-sdk-go/v1.0.0-beta.7+dev (go1.20.4; darwin; amd64) terraform-provider/develop
        terraform/terraform-tests
    url: https://api.scaleway.com/lb/v1/zones/fr-par-1/lbs/369ccab5-39ee-4614-af4b-df42f937cf54?release_ip=false
    method: DELETE
  response:
    body: ""
    headers:
      Content-Security-Policy:
      - default-src 'none'; frame-ancestors 'none'
      Content-Type:
      - application/json
      Date:
      - Wed, 24 May 2023 15:42:40 GMT
      Server:
      - Scaleway API-Gateway
      Strict-Transport-Security:
      - max-age=63072000
      X-Content-Type-Options:
      - nosniff
      X-Frame-Options:
      - DENY
      X-Request-Id:
      - aad2683b-aa87-4a9e-ae9f-21429907a3da
    status: 204 No Content
    code: 204
    duration: ""
- request:
    body: ""
    form: {}
    headers:
      User-Agent:
      - scaleway-sdk-go/v1.0.0-beta.7+dev (go1.20.4; darwin; amd64) terraform-provider/develop
        terraform/terraform-tests
    url: https://api.scaleway.com/lb/v1/zones/fr-par-1/lbs/369ccab5-39ee-4614-af4b-df42f937cf54
    method: GET
  response:
    body: '{"backend_count":0,"created_at":"2023-05-24T15:42:04.616953Z","description":"","frontend_count":0,"id":"369ccab5-39ee-4614-af4b-df42f937cf54","instances":[{"created_at":"2023-05-24T15:40:39.222747Z","id":"76c2f92d-a264-449a-bffb-5bf5d672a8e5","ip_address":"10.194.144.13","region":"fr-par","status":"ready","updated_at":"2023-05-24T15:42:40.493899Z","zone":"fr-par-1"}],"ip":[{"id":"a5c72821-9ee8-47c9-987a-58a2b9e5b9f3","ip_address":"195.154.197.39","lb_id":"369ccab5-39ee-4614-af4b-df42f937cf54","organization_id":"564aa517-68b0-4fd7-8c8c-d21c4bcdcbd5","project_id":"564aa517-68b0-4fd7-8c8c-d21c4bcdcbd5","region":"fr-par","reverse":"195-154-197-39.lb.fr-par.scw.cloud","zone":"fr-par-1"}],"name":"test-lb","organization_id":"564aa517-68b0-4fd7-8c8c-d21c4bcdcbd5","private_network_count":0,"project_id":"564aa517-68b0-4fd7-8c8c-d21c4bcdcbd5","region":"fr-par","route_count":0,"ssl_compatibility_level":"ssl_compatibility_level_intermediate","status":"to_delete","subscriber":null,"tags":[],"type":"lb-s","updated_at":"2023-05-24T15:42:40.628534Z","zone":"fr-par-1"}'
    headers:
      Content-Length:
      - "1067"
      Content-Security-Policy:
      - default-src 'none'; frame-ancestors 'none'
      Content-Type:
      - application/json
      Date:
      - Wed, 24 May 2023 15:42:40 GMT
      Server:
      - Scaleway API-Gateway
      Strict-Transport-Security:
      - max-age=63072000
      X-Content-Type-Options:
      - nosniff
      X-Frame-Options:
      - DENY
      X-Request-Id:
      - 3ab091ce-7427-479e-8efb-c5dbfb1bac03
    status: 200 OK
    code: 200
    duration: ""
- request:
    body: ""
    form: {}
    headers:
      User-Agent:
      - scaleway-sdk-go/v1.0.0-beta.7+dev (go1.20.4; darwin; amd64) terraform-provider/develop
        terraform/terraform-tests
    url: https://api.scaleway.com/lb/v1/zones/fr-par-1/lbs/369ccab5-39ee-4614-af4b-df42f937cf54
    method: GET
  response:
    body: '{"message":"lbs not Found"}'
    headers:
      Content-Length:
      - "27"
      Content-Security-Policy:
      - default-src 'none'; frame-ancestors 'none'
      Content-Type:
      - application/json
      Date:
      - Wed, 24 May 2023 15:43:10 GMT
      Server:
      - Scaleway API-Gateway
      Strict-Transport-Security:
      - max-age=63072000
      X-Content-Type-Options:
      - nosniff
      X-Frame-Options:
      - DENY
      X-Request-Id:
      - 1f4bf842-a16e-4d81-9b0d-3c269484f9f7
    status: 404 Not Found
    code: 404
    duration: ""
- request:
    body: ""
    form: {}
    headers:
      User-Agent:
      - scaleway-sdk-go/v1.0.0-beta.7+dev (go1.20.4; darwin; amd64) terraform-provider/develop
        terraform/terraform-tests
    url: https://api.scaleway.com/lb/v1/zones/fr-par-1/lbs/369ccab5-39ee-4614-af4b-df42f937cf54
    method: GET
  response:
    body: '{"message":"lbs not Found"}'
    headers:
      Content-Length:
      - "27"
      Content-Security-Policy:
      - default-src 'none'; frame-ancestors 'none'
      Content-Type:
      - application/json
      Date:
      - Wed, 24 May 2023 15:43:10 GMT
      Server:
      - Scaleway API-Gateway
      Strict-Transport-Security:
      - max-age=63072000
      X-Content-Type-Options:
      - nosniff
      X-Frame-Options:
      - DENY
      X-Request-Id:
      - 096b9675-05a3-4485-9f76-21172a015d07
    status: 404 Not Found
    code: 404
    duration: ""
- request:
    body: ""
    form: {}
    headers:
      User-Agent:
      - scaleway-sdk-go/v1.0.0-beta.7+dev (go1.20.4; darwin; amd64) terraform-provider/develop
        terraform/terraform-tests
    url: https://api.scaleway.com/lb/v1/zones/fr-par-1/ips/a5c72821-9ee8-47c9-987a-58a2b9e5b9f3
    method: GET
  response:
    body: '{"id":"a5c72821-9ee8-47c9-987a-58a2b9e5b9f3","ip_address":"195.154.197.39","lb_id":null,"organization_id":"564aa517-68b0-4fd7-8c8c-d21c4bcdcbd5","project_id":"564aa517-68b0-4fd7-8c8c-d21c4bcdcbd5","region":"fr-par","reverse":"195-154-197-39.lb.fr-par.scw.cloud","zone":"fr-par-1"}'
    headers:
      Content-Length:
      - "280"
      Content-Security-Policy:
      - default-src 'none'; frame-ancestors 'none'
      Content-Type:
      - application/json
      Date:
      - Wed, 24 May 2023 15:43:10 GMT
      Server:
      - Scaleway API-Gateway
      Strict-Transport-Security:
      - max-age=63072000
      X-Content-Type-Options:
      - nosniff
      X-Frame-Options:
      - DENY
      X-Request-Id:
      - 78ceb971-4817-4c19-bd2a-e48a8597497d
    status: 200 OK
    code: 200
    duration: ""
- request:
    body: ""
    form: {}
    headers:
      User-Agent:
      - scaleway-sdk-go/v1.0.0-beta.7+dev (go1.20.4; darwin; amd64) terraform-provider/develop
        terraform/terraform-tests
    url: https://api.scaleway.com/lb/v1/zones/fr-par-1/ips/a5c72821-9ee8-47c9-987a-58a2b9e5b9f3
    method: DELETE
  response:
    body: ""
    headers:
      Content-Security-Policy:
      - default-src 'none'; frame-ancestors 'none'
      Content-Type:
      - application/json
      Date:
      - Wed, 24 May 2023 15:43:11 GMT
      Server:
      - Scaleway API-Gateway
      Strict-Transport-Security:
      - max-age=63072000
      X-Content-Type-Options:
      - nosniff
      X-Frame-Options:
      - DENY
      X-Request-Id:
      - 54c07e3e-7006-45ab-9a93-84bbf05a8c40
    status: 204 No Content
    code: 204
    duration: ""
- request:
    body: ""
    form: {}
    headers:
      User-Agent:
      - scaleway-sdk-go/v1.0.0-beta.7+dev (go1.20.4; darwin; amd64) terraform-provider/develop
        terraform/terraform-tests
    url: https://api.scaleway.com/lb/v1/zones/fr-par-1/lbs/369ccab5-39ee-4614-af4b-df42f937cf54
    method: GET
  response:
    body: '{"message":"lbs not Found"}'
    headers:
      Content-Length:
      - "27"
      Content-Security-Policy:
      - default-src 'none'; frame-ancestors 'none'
      Content-Type:
      - application/json
      Date:
      - Wed, 24 May 2023 15:43:11 GMT
      Server:
      - Scaleway API-Gateway
      Strict-Transport-Security:
      - max-age=63072000
      X-Content-Type-Options:
      - nosniff
      X-Frame-Options:
      - DENY
      X-Request-Id:
      - 2dd4e640-88cc-4f10-b3ee-520e1660f87d
    status: 404 Not Found
    code: 404
    duration: ""
- request:
    body: ""
    form: {}
    headers:
      User-Agent:
      - scaleway-sdk-go/v1.0.0-beta.7+dev (go1.20.4; darwin; amd64) terraform-provider/develop
        terraform/terraform-tests
    url: https://api.scaleway.com/lb/v1/zones/fr-par-1/ips/a5c72821-9ee8-47c9-987a-58a2b9e5b9f3
    method: GET
  response:
    body: '{"message":"ips not Found"}'
    headers:
      Content-Length:
      - "27"
      Content-Security-Policy:
      - default-src 'none'; frame-ancestors 'none'
      Content-Type:
      - application/json
      Date:
      - Wed, 24 May 2023 15:43:11 GMT
      Server:
      - Scaleway API-Gateway
      Strict-Transport-Security:
      - max-age=63072000
      X-Content-Type-Options:
      - nosniff
      X-Frame-Options:
      - DENY
      X-Request-Id:
      - b621f70e-bd76-4fbb-bdc3-be17e6a4a783
    status: 404 Not Found
    code: 404
    duration: ""
- request:
    body: ""
    form: {}
    headers:
      User-Agent:
      - scaleway-sdk-go/v1.0.0-beta.7+dev (go1.20.4; darwin; amd64) terraform-provider/develop
        terraform/terraform-tests
    url: https://api.scaleway.com/lb/v1/zones/fr-par-1/lbs/369ccab5-39ee-4614-af4b-df42f937cf54
    method: GET
  response:
    body: '{"message":"lbs not Found"}'
    headers:
      Content-Length:
      - "27"
      Content-Security-Policy:
      - default-src 'none'; frame-ancestors 'none'
      Content-Type:
      - application/json
      Date:
      - Wed, 24 May 2023 15:43:11 GMT
      Server:
      - Scaleway API-Gateway
      Strict-Transport-Security:
      - max-age=63072000
      X-Content-Type-Options:
      - nosniff
      X-Frame-Options:
      - DENY
      X-Request-Id:
      - 91434c69-9626-491e-870d-80f1f473227f
    status: 404 Not Found
    code: 404
    duration: ""
