---
version: 1
interactions:
- request:
    body: '{"name":"my vpc","project_id":"564aa517-68b0-4fd7-8c8c-d21c4bcdcbd5","tags":null}'
    form: {}
    headers:
      Content-Type:
      - application/json
      User-Agent:
      - scaleway-sdk-go/v1.0.0-beta.7+dev (go1.21.3; darwin; amd64) terraform-provider/develop
        terraform/terraform-tests
    url: https://api.scaleway.com/vpc/v2/regions/fr-par/vpcs
    method: POST
  response:
    body: '{"created_at":"2024-01-12T15:57:51.052081Z","id":"a679bcad-c431-446a-84c2-4fbca7863571","is_default":false,"name":"my
      vpc","organization_id":"564aa517-68b0-4fd7-8c8c-d21c4bcdcbd5","private_network_count":0,"project_id":"564aa517-68b0-4fd7-8c8c-d21c4bcdcbd5","region":"fr-par","tags":[],"updated_at":"2024-01-12T15:57:51.052081Z"}'
    headers:
      Content-Length:
      - "329"
      Content-Security-Policy:
      - default-src 'none'; frame-ancestors 'none'
      Content-Type:
      - application/json
      Date:
      - Fri, 12 Jan 2024 15:57:51 GMT
      Server:
      - Scaleway API-Gateway
      Strict-Transport-Security:
      - max-age=63072000
      X-Content-Type-Options:
      - nosniff
      X-Frame-Options:
      - DENY
      X-Request-Id:
      - 1d9340ab-bd6c-471e-8f6c-0df6778564bf
    status: 200 OK
    code: 200
    duration: ""
- request:
    body: ""
    form: {}
    headers:
      User-Agent:
      - scaleway-sdk-go/v1.0.0-beta.7+dev (go1.21.3; darwin; amd64) terraform-provider/develop
        terraform/terraform-tests
    url: https://api.scaleway.com/vpc/v2/regions/fr-par/vpcs/a679bcad-c431-446a-84c2-4fbca7863571
    method: GET
  response:
    body: '{"created_at":"2024-01-12T15:57:51.052081Z","id":"a679bcad-c431-446a-84c2-4fbca7863571","is_default":false,"name":"my
      vpc","organization_id":"564aa517-68b0-4fd7-8c8c-d21c4bcdcbd5","private_network_count":0,"project_id":"564aa517-68b0-4fd7-8c8c-d21c4bcdcbd5","region":"fr-par","tags":[],"updated_at":"2024-01-12T15:57:51.052081Z"}'
    headers:
      Content-Length:
      - "329"
      Content-Security-Policy:
      - default-src 'none'; frame-ancestors 'none'
      Content-Type:
      - application/json
      Date:
      - Fri, 12 Jan 2024 15:57:51 GMT
      Server:
      - Scaleway API-Gateway
      Strict-Transport-Security:
      - max-age=63072000
      X-Content-Type-Options:
      - nosniff
      X-Frame-Options:
      - DENY
      X-Request-Id:
      - 5d859c31-332c-4956-98a0-5242c8db6720
    status: 200 OK
    code: 200
    duration: ""
- request:
    body: '{"name":"tf-pn-stupefied-cray","project_id":"564aa517-68b0-4fd7-8c8c-d21c4bcdcbd5","tags":null,"subnets":["172.16.32.0/22"],"vpc_id":"a679bcad-c431-446a-84c2-4fbca7863571"}'
    form: {}
    headers:
      Content-Type:
      - application/json
      User-Agent:
      - scaleway-sdk-go/v1.0.0-beta.7+dev (go1.21.3; darwin; amd64) terraform-provider/develop
        terraform/terraform-tests
    url: https://api.scaleway.com/vpc/v2/regions/fr-par/private-networks
    method: POST
  response:
    body: '{"created_at":"2024-01-12T15:57:51.259037Z","dhcp_enabled":true,"id":"8d42e7d2-52a7-47b2-a1a5-fa584f5dcc02","name":"tf-pn-stupefied-cray","organization_id":"564aa517-68b0-4fd7-8c8c-d21c4bcdcbd5","project_id":"564aa517-68b0-4fd7-8c8c-d21c4bcdcbd5","region":"fr-par","subnets":[{"created_at":"2024-01-12T15:57:51.259037Z","id":"afc56292-ec8b-42b7-b2c1-f279edf3cc05","subnet":"172.16.32.0/22","updated_at":"2024-01-12T15:57:51.259037Z"},{"created_at":"2024-01-12T15:57:51.259037Z","id":"31eff053-dea0-4e77-bfe2-1c892ad762a4","subnet":"fd46:78ab:30b8:776d::/64","updated_at":"2024-01-12T15:57:51.259037Z"}],"tags":[],"updated_at":"2024-01-12T15:57:51.259037Z","vpc_id":"a679bcad-c431-446a-84c2-4fbca7863571"}'
    headers:
      Content-Length:
      - "704"
      Content-Security-Policy:
      - default-src 'none'; frame-ancestors 'none'
      Content-Type:
      - application/json
      Date:
      - Fri, 12 Jan 2024 15:57:51 GMT
      Server:
      - Scaleway API-Gateway
      Strict-Transport-Security:
      - max-age=63072000
      X-Content-Type-Options:
      - nosniff
      X-Frame-Options:
      - DENY
      X-Request-Id:
      - 94c4bef8-f71b-418d-8eb2-6b8d79e6f92f
    status: 200 OK
    code: 200
    duration: ""
- request:
    body: ""
    form: {}
    headers:
      User-Agent:
      - scaleway-sdk-go/v1.0.0-beta.7+dev (go1.21.3; darwin; amd64) terraform-provider/develop
        terraform/terraform-tests
    url: https://api.scaleway.com/vpc/v2/regions/fr-par/private-networks/8d42e7d2-52a7-47b2-a1a5-fa584f5dcc02
    method: GET
  response:
    body: '{"created_at":"2024-01-12T15:57:51.259037Z","dhcp_enabled":true,"id":"8d42e7d2-52a7-47b2-a1a5-fa584f5dcc02","name":"tf-pn-stupefied-cray","organization_id":"564aa517-68b0-4fd7-8c8c-d21c4bcdcbd5","project_id":"564aa517-68b0-4fd7-8c8c-d21c4bcdcbd5","region":"fr-par","subnets":[{"created_at":"2024-01-12T15:57:51.259037Z","id":"afc56292-ec8b-42b7-b2c1-f279edf3cc05","subnet":"172.16.32.0/22","updated_at":"2024-01-12T15:57:51.259037Z"},{"created_at":"2024-01-12T15:57:51.259037Z","id":"31eff053-dea0-4e77-bfe2-1c892ad762a4","subnet":"fd46:78ab:30b8:776d::/64","updated_at":"2024-01-12T15:57:51.259037Z"}],"tags":[],"updated_at":"2024-01-12T15:57:51.259037Z","vpc_id":"a679bcad-c431-446a-84c2-4fbca7863571"}'
    headers:
      Content-Length:
      - "704"
      Content-Security-Policy:
      - default-src 'none'; frame-ancestors 'none'
      Content-Type:
      - application/json
      Date:
      - Fri, 12 Jan 2024 15:57:51 GMT
      Server:
      - Scaleway API-Gateway
      Strict-Transport-Security:
      - max-age=63072000
      X-Content-Type-Options:
      - nosniff
      X-Frame-Options:
      - DENY
      X-Request-Id:
      - c68d3d70-3128-41df-8bc3-6cf404131306
    status: 200 OK
    code: 200
    duration: ""
- request:
    body: '{"project_id":"564aa517-68b0-4fd7-8c8c-d21c4bcdcbd5","source":{"private_network_id":"8d42e7d2-52a7-47b2-a1a5-fa584f5dcc02"},"is_ipv6":false,"address":"172.16.32.5","tags":null}'
    form: {}
    headers:
      Content-Type:
      - application/json
      User-Agent:
      - scaleway-sdk-go/v1.0.0-beta.7+dev (go1.21.3; darwin; amd64) terraform-provider/develop
        terraform/terraform-tests
    url: https://api.scaleway.com/ipam/v1/regions/fr-par/ips
    method: POST
  response:
    body: '{"address":"172.16.32.5/22","created_at":"2024-01-12T15:57:51.946172Z","id":"1b669a53-4568-4679-9aff-fbcd360ac35e","is_ipv6":false,"project_id":"564aa517-68b0-4fd7-8c8c-d21c4bcdcbd5","region":"fr-par","resource":null,"reverses":[],"source":{"subnet_id":"afc56292-ec8b-42b7-b2c1-f279edf3cc05"},"tags":[],"updated_at":"2024-01-12T15:57:51.946172Z","zone":null}'
    headers:
      Content-Length:
      - "358"
      Content-Security-Policy:
      - default-src 'none'; frame-ancestors 'none'
      Content-Type:
      - application/json
      Date:
      - Fri, 12 Jan 2024 15:57:51 GMT
      Server:
      - Scaleway API-Gateway
      Strict-Transport-Security:
      - max-age=63072000
      X-Content-Type-Options:
      - nosniff
      X-Frame-Options:
      - DENY
      X-Request-Id:
      - 395d8251-48d1-433e-81fe-4bb5f408c796
    status: 200 OK
    code: 200
    duration: ""
- request:
    body: ""
    form: {}
    headers:
      User-Agent:
      - scaleway-sdk-go/v1.0.0-beta.7+dev (go1.21.3; darwin; amd64) terraform-provider/develop
        terraform/terraform-tests
    url: https://api.scaleway.com/ipam/v1/regions/fr-par/ips/1b669a53-4568-4679-9aff-fbcd360ac35e
    method: GET
  response:
    body: '{"address":"172.16.32.5/22","created_at":"2024-01-12T15:57:51.946172Z","id":"1b669a53-4568-4679-9aff-fbcd360ac35e","is_ipv6":false,"project_id":"564aa517-68b0-4fd7-8c8c-d21c4bcdcbd5","region":"fr-par","resource":null,"reverses":[],"source":{"subnet_id":"afc56292-ec8b-42b7-b2c1-f279edf3cc05"},"tags":[],"updated_at":"2024-01-12T15:57:51.946172Z","zone":null}'
    headers:
      Content-Length:
      - "358"
      Content-Security-Policy:
      - default-src 'none'; frame-ancestors 'none'
      Content-Type:
      - application/json
      Date:
      - Fri, 12 Jan 2024 15:57:52 GMT
      Server:
      - Scaleway API-Gateway
      Strict-Transport-Security:
      - max-age=63072000
      X-Content-Type-Options:
      - nosniff
      X-Frame-Options:
      - DENY
      X-Request-Id:
      - f5d1282b-17cd-48b8-abed-cff4d51f29d2
    status: 200 OK
    code: 200
    duration: ""
- request:
    body: ""
    form: {}
    headers:
      User-Agent:
      - scaleway-sdk-go/v1.0.0-beta.7+dev (go1.21.3; darwin; amd64) terraform-provider/develop
        terraform/terraform-tests
    url: https://api.scaleway.com/vpc/v2/regions/fr-par/private-networks/8d42e7d2-52a7-47b2-a1a5-fa584f5dcc02
    method: GET
  response:
    body: '{"created_at":"2024-01-12T15:57:51.259037Z","dhcp_enabled":true,"id":"8d42e7d2-52a7-47b2-a1a5-fa584f5dcc02","name":"tf-pn-stupefied-cray","organization_id":"564aa517-68b0-4fd7-8c8c-d21c4bcdcbd5","project_id":"564aa517-68b0-4fd7-8c8c-d21c4bcdcbd5","region":"fr-par","subnets":[{"created_at":"2024-01-12T15:57:51.259037Z","id":"afc56292-ec8b-42b7-b2c1-f279edf3cc05","subnet":"172.16.32.0/22","updated_at":"2024-01-12T15:57:51.259037Z"},{"created_at":"2024-01-12T15:57:51.259037Z","id":"31eff053-dea0-4e77-bfe2-1c892ad762a4","subnet":"fd46:78ab:30b8:776d::/64","updated_at":"2024-01-12T15:57:51.259037Z"}],"tags":[],"updated_at":"2024-01-12T15:57:51.259037Z","vpc_id":"a679bcad-c431-446a-84c2-4fbca7863571"}'
    headers:
      Content-Length:
      - "704"
      Content-Security-Policy:
      - default-src 'none'; frame-ancestors 'none'
      Content-Type:
      - application/json
      Date:
      - Fri, 12 Jan 2024 15:57:52 GMT
      Server:
      - Scaleway API-Gateway
      Strict-Transport-Security:
      - max-age=63072000
      X-Content-Type-Options:
      - nosniff
      X-Frame-Options:
      - DENY
      X-Request-Id:
      - 1a5708f6-2b2a-47a9-a434-26081439e15a
    status: 200 OK
    code: 200
    duration: ""
- request:
    body: ""
    form: {}
    headers:
      User-Agent:
      - scaleway-sdk-go/v1.0.0-beta.7+dev (go1.21.3; darwin; amd64) terraform-provider/develop
        terraform/terraform-tests
    url: https://api.scaleway.com/ipam/v1/regions/fr-par/ips/1b669a53-4568-4679-9aff-fbcd360ac35e
    method: GET
  response:
    body: '{"address":"172.16.32.5/22","created_at":"2024-01-12T15:57:51.946172Z","id":"1b669a53-4568-4679-9aff-fbcd360ac35e","is_ipv6":false,"project_id":"564aa517-68b0-4fd7-8c8c-d21c4bcdcbd5","region":"fr-par","resource":null,"reverses":[],"source":{"subnet_id":"afc56292-ec8b-42b7-b2c1-f279edf3cc05"},"tags":[],"updated_at":"2024-01-12T15:57:51.946172Z","zone":null}'
    headers:
      Content-Length:
      - "358"
      Content-Security-Policy:
      - default-src 'none'; frame-ancestors 'none'
      Content-Type:
      - application/json
      Date:
      - Fri, 12 Jan 2024 15:57:52 GMT
      Server:
      - Scaleway API-Gateway
      Strict-Transport-Security:
      - max-age=63072000
      X-Content-Type-Options:
      - nosniff
      X-Frame-Options:
      - DENY
      X-Request-Id:
      - f58a207d-3d01-4d63-929b-92d09dd2d8c7
    status: 200 OK
    code: 200
    duration: ""
- request:
    body: ""
    form: {}
    headers:
      User-Agent:
      - scaleway-sdk-go/v1.0.0-beta.7+dev (go1.21.3; darwin; amd64) terraform-provider/develop
        terraform/terraform-tests
    url: https://api.scaleway.com/ipam/v1/regions/fr-par/ips/1b669a53-4568-4679-9aff-fbcd360ac35e
    method: GET
  response:
    body: '{"address":"172.16.32.5/22","created_at":"2024-01-12T15:57:51.946172Z","id":"1b669a53-4568-4679-9aff-fbcd360ac35e","is_ipv6":false,"project_id":"564aa517-68b0-4fd7-8c8c-d21c4bcdcbd5","region":"fr-par","resource":null,"reverses":[],"source":{"subnet_id":"afc56292-ec8b-42b7-b2c1-f279edf3cc05"},"tags":[],"updated_at":"2024-01-12T15:57:51.946172Z","zone":null}'
    headers:
      Content-Length:
      - "358"
      Content-Security-Policy:
      - default-src 'none'; frame-ancestors 'none'
      Content-Type:
      - application/json
      Date:
      - Fri, 12 Jan 2024 15:57:52 GMT
      Server:
      - Scaleway API-Gateway
      Strict-Transport-Security:
      - max-age=63072000
      X-Content-Type-Options:
      - nosniff
      X-Frame-Options:
      - DENY
      X-Request-Id:
      - 36a41aac-ffed-496f-b38b-bcd0ad2daf72
    status: 200 OK
    code: 200
    duration: ""
- request:
    body: ""
    form: {}
    headers:
      User-Agent:
      - scaleway-sdk-go/v1.0.0-beta.7+dev (go1.21.3; darwin; amd64) terraform-provider/develop
        terraform/terraform-tests
    url: https://api.scaleway.com/vpc/v2/regions/fr-par/vpcs/a679bcad-c431-446a-84c2-4fbca7863571
    method: GET
  response:
    body: '{"created_at":"2024-01-12T15:57:51.052081Z","id":"a679bcad-c431-446a-84c2-4fbca7863571","is_default":false,"name":"my
      vpc","organization_id":"564aa517-68b0-4fd7-8c8c-d21c4bcdcbd5","private_network_count":1,"project_id":"564aa517-68b0-4fd7-8c8c-d21c4bcdcbd5","region":"fr-par","tags":[],"updated_at":"2024-01-12T15:57:51.052081Z"}'
    headers:
      Content-Length:
      - "329"
      Content-Security-Policy:
      - default-src 'none'; frame-ancestors 'none'
      Content-Type:
      - application/json
      Date:
      - Fri, 12 Jan 2024 15:57:52 GMT
      Server:
      - Scaleway API-Gateway
      Strict-Transport-Security:
      - max-age=63072000
      X-Content-Type-Options:
      - nosniff
      X-Frame-Options:
      - DENY
      X-Request-Id:
      - 2f7429e1-e0f3-4d26-80d0-b6a9f2ed35f7
    status: 200 OK
    code: 200
    duration: ""
- request:
    body: ""
    form: {}
    headers:
      User-Agent:
      - scaleway-sdk-go/v1.0.0-beta.7+dev (go1.21.3; darwin; amd64) terraform-provider/develop
        terraform/terraform-tests
    url: https://api.scaleway.com/vpc/v2/regions/fr-par/private-networks/8d42e7d2-52a7-47b2-a1a5-fa584f5dcc02
    method: GET
  response:
    body: '{"created_at":"2024-01-12T15:57:51.259037Z","dhcp_enabled":true,"id":"8d42e7d2-52a7-47b2-a1a5-fa584f5dcc02","name":"tf-pn-stupefied-cray","organization_id":"564aa517-68b0-4fd7-8c8c-d21c4bcdcbd5","project_id":"564aa517-68b0-4fd7-8c8c-d21c4bcdcbd5","region":"fr-par","subnets":[{"created_at":"2024-01-12T15:57:51.259037Z","id":"afc56292-ec8b-42b7-b2c1-f279edf3cc05","subnet":"172.16.32.0/22","updated_at":"2024-01-12T15:57:51.259037Z"},{"created_at":"2024-01-12T15:57:51.259037Z","id":"31eff053-dea0-4e77-bfe2-1c892ad762a4","subnet":"fd46:78ab:30b8:776d::/64","updated_at":"2024-01-12T15:57:51.259037Z"}],"tags":[],"updated_at":"2024-01-12T15:57:51.259037Z","vpc_id":"a679bcad-c431-446a-84c2-4fbca7863571"}'
    headers:
      Content-Length:
      - "704"
      Content-Security-Policy:
      - default-src 'none'; frame-ancestors 'none'
      Content-Type:
      - application/json
      Date:
      - Fri, 12 Jan 2024 15:57:52 GMT
      Server:
      - Scaleway API-Gateway
      Strict-Transport-Security:
      - max-age=63072000
      X-Content-Type-Options:
      - nosniff
      X-Frame-Options:
      - DENY
      X-Request-Id:
      - 4733ce1f-a131-40b0-bdff-8ae177929a46
    status: 200 OK
    code: 200
    duration: ""
- request:
    body: ""
    form: {}
    headers:
      User-Agent:
      - scaleway-sdk-go/v1.0.0-beta.7+dev (go1.21.3; darwin; amd64) terraform-provider/develop
        terraform/terraform-tests
    url: https://api.scaleway.com/ipam/v1/regions/fr-par/ips/1b669a53-4568-4679-9aff-fbcd360ac35e
    method: GET
  response:
    body: '{"address":"172.16.32.5/22","created_at":"2024-01-12T15:57:51.946172Z","id":"1b669a53-4568-4679-9aff-fbcd360ac35e","is_ipv6":false,"project_id":"564aa517-68b0-4fd7-8c8c-d21c4bcdcbd5","region":"fr-par","resource":null,"reverses":[],"source":{"subnet_id":"afc56292-ec8b-42b7-b2c1-f279edf3cc05"},"tags":[],"updated_at":"2024-01-12T15:57:51.946172Z","zone":null}'
    headers:
      Content-Length:
      - "358"
      Content-Security-Policy:
      - default-src 'none'; frame-ancestors 'none'
      Content-Type:
      - application/json
      Date:
      - Fri, 12 Jan 2024 15:57:52 GMT
      Server:
      - Scaleway API-Gateway
      Strict-Transport-Security:
      - max-age=63072000
      X-Content-Type-Options:
      - nosniff
      X-Frame-Options:
      - DENY
      X-Request-Id:
      - 184b6826-0919-4d84-868d-a29661903e8d
    status: 200 OK
    code: 200
    duration: ""
- request:
    body: ""
    form: {}
    headers:
      User-Agent:
      - scaleway-sdk-go/v1.0.0-beta.7+dev (go1.21.3; darwin; amd64) terraform-provider/develop
        terraform/terraform-tests
    url: https://api.scaleway.com/vpc/v2/regions/fr-par/private-networks/8d42e7d2-52a7-47b2-a1a5-fa584f5dcc02
    method: GET
  response:
    body: '{"created_at":"2024-01-12T15:57:51.259037Z","dhcp_enabled":true,"id":"8d42e7d2-52a7-47b2-a1a5-fa584f5dcc02","name":"tf-pn-stupefied-cray","organization_id":"564aa517-68b0-4fd7-8c8c-d21c4bcdcbd5","project_id":"564aa517-68b0-4fd7-8c8c-d21c4bcdcbd5","region":"fr-par","subnets":[{"created_at":"2024-01-12T15:57:51.259037Z","id":"afc56292-ec8b-42b7-b2c1-f279edf3cc05","subnet":"172.16.32.0/22","updated_at":"2024-01-12T15:57:51.259037Z"},{"created_at":"2024-01-12T15:57:51.259037Z","id":"31eff053-dea0-4e77-bfe2-1c892ad762a4","subnet":"fd46:78ab:30b8:776d::/64","updated_at":"2024-01-12T15:57:51.259037Z"}],"tags":[],"updated_at":"2024-01-12T15:57:51.259037Z","vpc_id":"a679bcad-c431-446a-84c2-4fbca7863571"}'
    headers:
      Content-Length:
      - "704"
      Content-Security-Policy:
      - default-src 'none'; frame-ancestors 'none'
      Content-Type:
      - application/json
      Date:
      - Fri, 12 Jan 2024 15:57:52 GMT
      Server:
      - Scaleway API-Gateway
      Strict-Transport-Security:
      - max-age=63072000
      X-Content-Type-Options:
      - nosniff
      X-Frame-Options:
      - DENY
      X-Request-Id:
      - 4e4d2a3f-f899-42e4-bb57-db26e65e0815
    status: 200 OK
    code: 200
    duration: ""
- request:
    body: ""
    form: {}
    headers:
      User-Agent:
      - scaleway-sdk-go/v1.0.0-beta.7+dev (go1.21.3; darwin; amd64) terraform-provider/develop
        terraform/terraform-tests
    url: https://api.scaleway.com/ipam/v1/regions/fr-par/ips/1b669a53-4568-4679-9aff-fbcd360ac35e
    method: GET
  response:
    body: '{"address":"172.16.32.5/22","created_at":"2024-01-12T15:57:51.946172Z","id":"1b669a53-4568-4679-9aff-fbcd360ac35e","is_ipv6":false,"project_id":"564aa517-68b0-4fd7-8c8c-d21c4bcdcbd5","region":"fr-par","resource":null,"reverses":[],"source":{"subnet_id":"afc56292-ec8b-42b7-b2c1-f279edf3cc05"},"tags":[],"updated_at":"2024-01-12T15:57:51.946172Z","zone":null}'
    headers:
      Content-Length:
      - "358"
      Content-Security-Policy:
      - default-src 'none'; frame-ancestors 'none'
      Content-Type:
      - application/json
      Date:
      - Fri, 12 Jan 2024 15:57:52 GMT
      Server:
      - Scaleway API-Gateway
      Strict-Transport-Security:
      - max-age=63072000
      X-Content-Type-Options:
      - nosniff
      X-Frame-Options:
      - DENY
      X-Request-Id:
      - f638f1d3-6135-4f35-8417-6460eeda951a
    status: 200 OK
    code: 200
    duration: ""
- request:
    body: ""
    form: {}
    headers:
      User-Agent:
      - scaleway-sdk-go/v1.0.0-beta.7+dev (go1.21.3; darwin; amd64) terraform-provider/develop
        terraform/terraform-tests
    url: https://api.scaleway.com/ipam/v1/regions/fr-par/ips/1b669a53-4568-4679-9aff-fbcd360ac35e
    method: GET
  response:
    body: '{"address":"172.16.32.5/22","created_at":"2024-01-12T15:57:51.946172Z","id":"1b669a53-4568-4679-9aff-fbcd360ac35e","is_ipv6":false,"project_id":"564aa517-68b0-4fd7-8c8c-d21c4bcdcbd5","region":"fr-par","resource":null,"reverses":[],"source":{"subnet_id":"afc56292-ec8b-42b7-b2c1-f279edf3cc05"},"tags":[],"updated_at":"2024-01-12T15:57:51.946172Z","zone":null}'
    headers:
      Content-Length:
      - "358"
      Content-Security-Policy:
      - default-src 'none'; frame-ancestors 'none'
      Content-Type:
      - application/json
      Date:
      - Fri, 12 Jan 2024 15:57:53 GMT
      Server:
      - Scaleway API-Gateway
      Strict-Transport-Security:
      - max-age=63072000
      X-Content-Type-Options:
      - nosniff
      X-Frame-Options:
      - DENY
      X-Request-Id:
      - ac5857a3-e883-496a-b3ac-c11b63837c50
    status: 200 OK
    code: 200
    duration: ""
- request:
    body: '{}'
    form: {}
    headers:
      Content-Type:
      - application/json
      User-Agent:
      - scaleway-sdk-go/v1.0.0-beta.7+dev (go1.21.3; darwin; amd64) terraform-provider/develop
        terraform/terraform-tests
    url: https://api.scaleway.com/ipam/v1/regions/fr-par/ips/1b669a53-4568-4679-9aff-fbcd360ac35e
    method: DELETE
  response:
    body: ""
    headers:
      Content-Security-Policy:
      - default-src 'none'; frame-ancestors 'none'
      Content-Type:
      - application/json
      Date:
      - Fri, 12 Jan 2024 15:57:53 GMT
      Server:
      - Scaleway API-Gateway
      Strict-Transport-Security:
      - max-age=63072000
      X-Content-Type-Options:
      - nosniff
      X-Frame-Options:
      - DENY
      X-Request-Id:
      - 7f4be684-bf7b-4a81-9f3f-7b4f75eb79fc
    status: 204 No Content
    code: 204
    duration: ""
- request:
    body: ""
    form: {}
    headers:
      User-Agent:
      - scaleway-sdk-go/v1.0.0-beta.7+dev (go1.21.3; darwin; amd64) terraform-provider/develop
        terraform/terraform-tests
    url: https://api.scaleway.com/vpc/v2/regions/fr-par/private-networks/8d42e7d2-52a7-47b2-a1a5-fa584f5dcc02
    method: DELETE
  response:
    body: ""
    headers:
      Content-Security-Policy:
      - default-src 'none'; frame-ancestors 'none'
      Content-Type:
      - application/json
      Date:
      - Fri, 12 Jan 2024 15:57:54 GMT
      Server:
      - Scaleway API-Gateway
      Strict-Transport-Security:
      - max-age=63072000
      X-Content-Type-Options:
      - nosniff
      X-Frame-Options:
      - DENY
      X-Request-Id:
      - 0841cdc1-de58-44d4-aad5-0f3e11a66c32
    status: 204 No Content
    code: 204
    duration: ""
- request:
    body: ""
    form: {}
    headers:
      User-Agent:
      - scaleway-sdk-go/v1.0.0-beta.7+dev (go1.21.3; darwin; amd64) terraform-provider/develop
        terraform/terraform-tests
    url: https://api.scaleway.com/vpc/v2/regions/fr-par/vpcs/a679bcad-c431-446a-84c2-4fbca7863571
    method: DELETE
  response:
    body: ""
    headers:
      Content-Security-Policy:
      - default-src 'none'; frame-ancestors 'none'
      Content-Type:
      - application/json
      Date:
      - Fri, 12 Jan 2024 15:57:54 GMT
      Server:
      - Scaleway API-Gateway
      Strict-Transport-Security:
      - max-age=63072000
      X-Content-Type-Options:
      - nosniff
      X-Frame-Options:
      - DENY
      X-Request-Id:
      - 6ceaf08f-9628-4ee6-b94d-b315ea92d8f9
    status: 204 No Content
    code: 204
    duration: ""
