---
version: 1
interactions:
- request:
    body: <CreateBucketConfiguration xmlns="http://s3.amazonaws.com/doc/2006-03-01/"><LocationConstraint>fr-par</LocationConstraint></CreateBucketConfiguration>
    form: {}
    headers:
      Content-Length:
      - "150"
      User-Agent:
      - aws-sdk-go/1.44.254 (go1.20.3; darwin; amd64)
      X-Amz-Acl:
      - private
      X-Amz-Bucket-Object-Lock-Enabled:
      - "false"
      X-Amz-Content-Sha256:
      - 2cb57fad7b7168921a4c94426cfcb9ee2953f126430595df844e22d50f029060
      X-Amz-Date:
      - 20230509T150455Z
    url: https://test-acc-scw-obp-data-basic-739082287733292553.s3.fr-par.scw.cloud/
    method: PUT
  response:
    body: ""
    headers:
      Content-Length:
      - "0"
      Content-Type:
      - text/html; charset=UTF-8
      Date:
      - Tue, 09 May 2023 15:04:56 GMT
      Location:
      - /test-acc-scw-obp-data-basic-739082287733292553
      X-Amz-Id-2:
      - tx40fd4906576e4dda8492f-00645a6117
      X-Amz-Request-Id:
      - tx40fd4906576e4dda8492f-00645a6117
    status: 200 OK
    code: 200
    duration: ""
- request:
    body: ""
    form: {}
    headers:
      Content-Md5:
      - 1B2M2Y8AsgTpgAmY7PhCfg==
      User-Agent:
      - aws-sdk-go/1.44.254 (go1.20.3; darwin; amd64)
      X-Amz-Acl:
      - private
      X-Amz-Content-Sha256:
      - e3b0c44298fc1c149afbf4c8996fb92427ae41e4649b934ca495991b7852b855
      X-Amz-Date:
      - 20230509T150456Z
    url: https://test-acc-scw-obp-data-basic-739082287733292553.s3.fr-par.scw.cloud/?acl=
    method: PUT
  response:
    body: ""
    headers:
      Content-Length:
      - "0"
      Content-Type:
      - text/html; charset=UTF-8
      Date:
      - Tue, 09 May 2023 15:04:56 GMT
      X-Amz-Id-2:
      - tx096cdbaa00e74e889148e-00645a6118
      X-Amz-Request-Id:
      - tx096cdbaa00e74e889148e-00645a6118
    status: 200 OK
    code: 200
    duration: ""
- request:
    body: ""
    form: {}
    headers:
      User-Agent:
      - aws-sdk-go/1.44.254 (go1.20.3; darwin; amd64)
      X-Amz-Content-Sha256:
      - e3b0c44298fc1c149afbf4c8996fb92427ae41e4649b934ca495991b7852b855
      X-Amz-Date:
      - 20230509T150456Z
    url: https://test-acc-scw-obp-data-basic-739082287733292553.s3.fr-par.scw.cloud/?acl=
    method: GET
  response:
    body: |-
      <?xml version='1.0' encoding='UTF-8'?>
      <AccessControlPolicy xmlns="http://s3.amazonaws.com/doc/2006-03-01/"><Owner><ID>105bdce1-64c0-48ab-899d-868455867ecf:105bdce1-64c0-48ab-899d-868455867ecf</ID><DisplayName>105bdce1-64c0-48ab-899d-868455867ecf:105bdce1-64c0-48ab-899d-868455867ecf</DisplayName></Owner><AccessControlList><Grant><Grantee xmlns:xsi="http://www.w3.org/2001/XMLSchema-instance" xsi:type="CanonicalUser"><ID>105bdce1-64c0-48ab-899d-868455867ecf:105bdce1-64c0-48ab-899d-868455867ecf</ID><DisplayName>105bdce1-64c0-48ab-899d-868455867ecf:105bdce1-64c0-48ab-899d-868455867ecf</DisplayName></Grantee><Permission>FULL_CONTROL</Permission></Grant></AccessControlList></AccessControlPolicy>
    headers:
      Content-Length:
      - "698"
      Content-Type:
      - text/html; charset=UTF-8
      Date:
      - Tue, 09 May 2023 15:04:56 GMT
      X-Amz-Id-2:
      - tx72ebd7549d324522a2673-00645a6118
      X-Amz-Request-Id:
      - tx72ebd7549d324522a2673-00645a6118
    status: 200 OK
    code: 200
    duration: ""
- request:
    body: ""
    form: {}
    headers:
      User-Agent:
      - aws-sdk-go/1.44.254 (go1.20.3; darwin; amd64)
      X-Amz-Content-Sha256:
      - e3b0c44298fc1c149afbf4c8996fb92427ae41e4649b934ca495991b7852b855
      X-Amz-Date:
      - 20230509T150456Z
    url: https://test-acc-scw-obp-data-basic-739082287733292553.s3.fr-par.scw.cloud/?object-lock=
    method: GET
  response:
    body: |-
      <?xml version='1.0' encoding='UTF-8'?>
      <Error><Code>ObjectLockConfigurationNotFoundError</Code><Message>Object Lock configuration does not exist for this bucket</Message><RequestId>txdcdd8e4a612641959ec09-00645a6118</RequestId></Error>
    headers:
      Content-Type:
      - application/xml
      Date:
      - Tue, 09 May 2023 15:04:56 GMT
      X-Amz-Id-2:
      - txdcdd8e4a612641959ec09-00645a6118
      X-Amz-Request-Id:
      - txdcdd8e4a612641959ec09-00645a6118
    status: 404 Not Found
    code: 404
    duration: ""
- request:
    body: ""
    form: {}
    headers:
      User-Agent:
      - aws-sdk-go/1.44.254 (go1.20.3; darwin; amd64)
      X-Amz-Content-Sha256:
      - e3b0c44298fc1c149afbf4c8996fb92427ae41e4649b934ca495991b7852b855
      X-Amz-Date:
      - 20230509T150456Z
    url: https://test-acc-scw-obp-data-basic-739082287733292553.s3.fr-par.scw.cloud/
    method: GET
  response:
    body: |-
      <?xml version='1.0' encoding='UTF-8'?>
      <ListBucketResult xmlns="http://s3.amazonaws.com/doc/2006-03-01/"><Name>test-acc-scw-obp-data-basic-739082287733292553</Name><Prefix/><Delimiter/><MaxKeys>1000</MaxKeys><IsTruncated>false</IsTruncated><Marker/></ListBucketResult>
    headers:
      Content-Length:
      - "268"
      Content-Type:
      - application/xml
      Date:
      - Tue, 09 May 2023 15:04:56 GMT
      X-Amz-Id-2:
      - txe7066f232af94fdfa14ba-00645a6118
      X-Amz-Request-Id:
      - txe7066f232af94fdfa14ba-00645a6118
    status: 200 OK
    code: 200
    duration: ""
- request:
    body: ""
    form: {}
    headers:
      User-Agent:
      - aws-sdk-go/1.44.254 (go1.20.3; darwin; amd64)
      X-Amz-Content-Sha256:
      - e3b0c44298fc1c149afbf4c8996fb92427ae41e4649b934ca495991b7852b855
      X-Amz-Date:
      - 20230509T150456Z
    url: https://test-acc-scw-obp-data-basic-739082287733292553.s3.fr-par.scw.cloud/?tagging=
    method: GET
  response:
    body: |-
      <?xml version='1.0' encoding='UTF-8'?>
      <Error><Code>NoSuchTagSet</Code><Message>There is no tag set associated with the bucket or object.</Message><RequestId>tx3c7498b9a12f41618ba84-00645a6118</RequestId><Headers/></Error>
    headers:
      Content-Type:
      - application/xml
      Date:
      - Tue, 09 May 2023 15:04:56 GMT
      X-Amz-Id-2:
      - tx3c7498b9a12f41618ba84-00645a6118
      X-Amz-Request-Id:
      - tx3c7498b9a12f41618ba84-00645a6118
    status: 404 Not Found
    code: 404
    duration: ""
- request:
    body: ""
    form: {}
    headers:
      User-Agent:
      - aws-sdk-go/1.44.254 (go1.20.3; darwin; amd64)
      X-Amz-Content-Sha256:
      - e3b0c44298fc1c149afbf4c8996fb92427ae41e4649b934ca495991b7852b855
      X-Amz-Date:
      - 20230509T150456Z
    url: https://test-acc-scw-obp-data-basic-739082287733292553.s3.fr-par.scw.cloud/?cors=
    method: GET
  response:
    body: |-
      <?xml version='1.0' encoding='UTF-8'?>
      <Error><Code>NoSuchCORSConfiguration</Code><Message>The CORS configuration does not exist</Message><RequestId>tx9d726397df774ff0b2732-00645a6118</RequestId></Error>
    headers:
      Content-Type:
      - application/xml
      Date:
      - Tue, 09 May 2023 15:04:56 GMT
      X-Amz-Id-2:
      - tx9d726397df774ff0b2732-00645a6118
      X-Amz-Request-Id:
      - tx9d726397df774ff0b2732-00645a6118
    status: 404 Not Found
    code: 404
    duration: ""
- request:
    body: ""
    form: {}
    headers:
      User-Agent:
      - aws-sdk-go/1.44.254 (go1.20.3; darwin; amd64)
      X-Amz-Content-Sha256:
      - e3b0c44298fc1c149afbf4c8996fb92427ae41e4649b934ca495991b7852b855
      X-Amz-Date:
      - 20230509T150456Z
    url: https://test-acc-scw-obp-data-basic-739082287733292553.s3.fr-par.scw.cloud/?versioning=
    method: GET
  response:
    body: |-
      <?xml version='1.0' encoding='UTF-8'?>
      <VersioningConfiguration xmlns="http://s3.amazonaws.com/doc/2006-03-01/"/>
    headers:
      Content-Length:
      - "113"
      Content-Type:
      - text/plain
      Date:
      - Tue, 09 May 2023 15:04:56 GMT
      X-Amz-Id-2:
      - tx5afd9e57e40f4491a9c9c-00645a6118
      X-Amz-Request-Id:
      - tx5afd9e57e40f4491a9c9c-00645a6118
    status: 200 OK
    code: 200
    duration: ""
- request:
    body: ""
    form: {}
    headers:
      User-Agent:
      - aws-sdk-go/1.44.254 (go1.20.3; darwin; amd64)
      X-Amz-Content-Sha256:
      - e3b0c44298fc1c149afbf4c8996fb92427ae41e4649b934ca495991b7852b855
      X-Amz-Date:
      - 20230509T150456Z
    url: https://test-acc-scw-obp-data-basic-739082287733292553.s3.fr-par.scw.cloud/?lifecycle=
    method: GET
  response:
    body: |-
      <?xml version='1.0' encoding='UTF-8'?>
      <Error><Code>NoSuchLifecycleConfiguration</Code><Message>The lifecycle configuration does not exist.</Message><RequestId>tx1ebaae0c5440476ea8ccf-00645a6118</RequestId></Error>
    headers:
      Content-Type:
      - application/xml
      Date:
      - Tue, 09 May 2023 15:04:56 GMT
      X-Amz-Id-2:
      - tx1ebaae0c5440476ea8ccf-00645a6118
      X-Amz-Request-Id:
      - tx1ebaae0c5440476ea8ccf-00645a6118
    status: 404 Not Found
    code: 404
    duration: ""
- request:
    body: '{"Id":"MyPolicy","Statement":[{"Action":["s3:ListBucket","s3:GetObject"],"Effect":"Allow","Principal":{"SCW":"*"},"Resource":["test-acc-scw-obp-data-basic-739082287733292553","test-acc-scw-obp-data-basic-739082287733292553/*"],"Sid":"GrantToEveryone"}],"Version":"2012-10-17"}'
    form: {}
    headers:
      Content-Length:
      - "276"
      Content-Md5:
      - NzrezvCc0wwuwSEkBV8Z+Q==
      User-Agent:
      - aws-sdk-go/1.44.254 (go1.20.3; darwin; amd64)
      X-Amz-Content-Sha256:
      - 979f56f6e1ac54f4af400d097f9336dbd56e40bda0b364b020bce283e3dd8b60
      X-Amz-Date:
      - 20230509T150456Z
    url: https://test-acc-scw-obp-data-basic-739082287733292553.s3.fr-par.scw.cloud/?policy=
    method: PUT
  response:
    body: ""
    headers:
      Content-Length:
      - "0"
      Content-Type:
      - text/html; charset=UTF-8
      Date:
      - Tue, 09 May 2023 15:04:57 GMT
      X-Amz-Id-2:
      - tx79bc1c831e7e4142aee85-00645a6118
      X-Amz-Request-Id:
      - tx79bc1c831e7e4142aee85-00645a6118
    status: 204 No Content
    code: 204
    duration: ""
- request:
    body: ""
    form: {}
    headers:
      User-Agent:
      - aws-sdk-go/1.44.254 (go1.20.3; darwin; amd64)
      X-Amz-Content-Sha256:
      - e3b0c44298fc1c149afbf4c8996fb92427ae41e4649b934ca495991b7852b855
      X-Amz-Date:
      - 20230509T150456Z
    url: https://test-acc-scw-obp-data-basic-739082287733292553.s3.fr-par.scw.cloud/?policy=
    method: GET
  response:
    body: '{"Id":"MyPolicy","Statement":[{"Action":["s3:ListBucket","s3:GetObject"],"Effect":"Allow","Principal":{"SCW":"*"},"Resource":["test-acc-scw-obp-data-basic-739082287733292553","test-acc-scw-obp-data-basic-739082287733292553/*"],"Sid":"GrantToEveryone"}],"Version":"2012-10-17"}'
    headers:
      Content-Length:
      - "293"
      Content-Type:
      - application/json
      Date:
      - Tue, 09 May 2023 15:04:57 GMT
      X-Amz-Id-2:
      - tx9cc0327b9471473793c38-00645a6119
      X-Amz-Request-Id:
      - tx9cc0327b9471473793c38-00645a6119
    status: 200 OK
    code: 200
    duration: ""
- request:
    body: ""
    form: {}
    headers:
      User-Agent:
      - aws-sdk-go/1.44.254 (go1.20.3; darwin; amd64)
      X-Amz-Content-Sha256:
      - e3b0c44298fc1c149afbf4c8996fb92427ae41e4649b934ca495991b7852b855
      X-Amz-Date:
      - 20230509T150456Z
    url: https://test-acc-scw-obp-data-basic-739082287733292553.s3.fr-par.scw.cloud/?acl=
    method: GET
  response:
    body: |-
      <?xml version='1.0' encoding='UTF-8'?>
      <AccessControlPolicy xmlns="http://s3.amazonaws.com/doc/2006-03-01/"><Owner><ID>105bdce1-64c0-48ab-899d-868455867ecf:105bdce1-64c0-48ab-899d-868455867ecf</ID><DisplayName>105bdce1-64c0-48ab-899d-868455867ecf:105bdce1-64c0-48ab-899d-868455867ecf</DisplayName></Owner><AccessControlList><Grant><Grantee xmlns:xsi="http://www.w3.org/2001/XMLSchema-instance" xsi:type="CanonicalUser"><ID>105bdce1-64c0-48ab-899d-868455867ecf:105bdce1-64c0-48ab-899d-868455867ecf</ID><DisplayName>105bdce1-64c0-48ab-899d-868455867ecf:105bdce1-64c0-48ab-899d-868455867ecf</DisplayName></Grantee><Permission>FULL_CONTROL</Permission></Grant></AccessControlList></AccessControlPolicy>
    headers:
      Content-Length:
      - "698"
      Content-Type:
      - text/html; charset=UTF-8
      Date:
      - Tue, 09 May 2023 15:04:57 GMT
      X-Amz-Id-2:
      - tx9f3638aca0b3424e82778-00645a6119
      X-Amz-Request-Id:
      - tx9f3638aca0b3424e82778-00645a6119
    status: 200 OK
    code: 200
    duration: ""
- request:
    body: ""
    form: {}
    headers:
      User-Agent:
      - aws-sdk-go/1.44.254 (go1.20.3; darwin; amd64)
      X-Amz-Content-Sha256:
      - e3b0c44298fc1c149afbf4c8996fb92427ae41e4649b934ca495991b7852b855
      X-Amz-Date:
      - 20230509T150457Z
    url: https://test-acc-scw-obp-data-basic-739082287733292553.s3.fr-par.scw.cloud/?policy=
    method: GET
  response:
    body: '{"Id":"MyPolicy","Statement":[{"Action":["s3:ListBucket","s3:GetObject"],"Effect":"Allow","Principal":{"SCW":"*"},"Resource":["test-acc-scw-obp-data-basic-739082287733292553","test-acc-scw-obp-data-basic-739082287733292553/*"],"Sid":"GrantToEveryone"}],"Version":"2012-10-17"}'
    headers:
      Content-Length:
      - "293"
      Content-Type:
      - application/json
      Date:
      - Tue, 09 May 2023 15:04:57 GMT
      X-Amz-Id-2:
      - tx4764605b9b5d491a9ba43-00645a6119
      X-Amz-Request-Id:
      - tx4764605b9b5d491a9ba43-00645a6119
    status: 200 OK
    code: 200
    duration: ""
- request:
    body: ""
    form: {}
    headers:
      User-Agent:
      - aws-sdk-go/1.44.254 (go1.20.3; darwin; amd64)
      X-Amz-Content-Sha256:
      - e3b0c44298fc1c149afbf4c8996fb92427ae41e4649b934ca495991b7852b855
      X-Amz-Date:
      - 20230509T150457Z
    url: https://test-acc-scw-obp-data-basic-739082287733292553.s3.fr-par.scw.cloud/?acl=
    method: GET
  response:
    body: |-
      <?xml version='1.0' encoding='UTF-8'?>
      <AccessControlPolicy xmlns="http://s3.amazonaws.com/doc/2006-03-01/"><Owner><ID>105bdce1-64c0-48ab-899d-868455867ecf:105bdce1-64c0-48ab-899d-868455867ecf</ID><DisplayName>105bdce1-64c0-48ab-899d-868455867ecf:105bdce1-64c0-48ab-899d-868455867ecf</DisplayName></Owner><AccessControlList><Grant><Grantee xmlns:xsi="http://www.w3.org/2001/XMLSchema-instance" xsi:type="CanonicalUser"><ID>105bdce1-64c0-48ab-899d-868455867ecf:105bdce1-64c0-48ab-899d-868455867ecf</ID><DisplayName>105bdce1-64c0-48ab-899d-868455867ecf:105bdce1-64c0-48ab-899d-868455867ecf</DisplayName></Grantee><Permission>FULL_CONTROL</Permission></Grant></AccessControlList></AccessControlPolicy>
    headers:
      Content-Length:
      - "698"
      Content-Type:
      - text/html; charset=UTF-8
      Date:
      - Tue, 09 May 2023 15:04:57 GMT
      X-Amz-Id-2:
      - tx960b8974f97443859de88-00645a6119
      X-Amz-Request-Id:
      - tx960b8974f97443859de88-00645a6119
    status: 200 OK
    code: 200
    duration: ""
- request:
    body: ""
    form: {}
    headers:
      User-Agent:
      - aws-sdk-go/1.44.254 (go1.20.3; darwin; amd64)
      X-Amz-Content-Sha256:
      - e3b0c44298fc1c149afbf4c8996fb92427ae41e4649b934ca495991b7852b855
      X-Amz-Date:
      - 20230509T150457Z
    url: https://test-acc-scw-obp-data-basic-739082287733292553.s3.fr-par.scw.cloud/?policy=
    method: GET
  response:
    body: '{"Id":"MyPolicy","Statement":[{"Action":["s3:ListBucket","s3:GetObject"],"Effect":"Allow","Principal":{"SCW":"*"},"Resource":["test-acc-scw-obp-data-basic-739082287733292553","test-acc-scw-obp-data-basic-739082287733292553/*"],"Sid":"GrantToEveryone"}],"Version":"2012-10-17"}'
    headers:
      Content-Length:
      - "293"
      Content-Type:
      - application/json
      Date:
      - Tue, 09 May 2023 15:04:58 GMT
      X-Amz-Id-2:
      - tx9f134f3058ac4abf8b452-00645a611a
      X-Amz-Request-Id:
      - tx9f134f3058ac4abf8b452-00645a611a
    status: 200 OK
    code: 200
    duration: ""
- request:
    body: ""
    form: {}
    headers:
      User-Agent:
      - aws-sdk-go/1.44.254 (go1.20.3; darwin; amd64)
      X-Amz-Content-Sha256:
      - e3b0c44298fc1c149afbf4c8996fb92427ae41e4649b934ca495991b7852b855
      X-Amz-Date:
      - 20230509T150457Z
    url: https://test-acc-scw-obp-data-basic-739082287733292553.s3.fr-par.scw.cloud/?acl=
    method: GET
  response:
    body: |-
      <?xml version='1.0' encoding='UTF-8'?>
      <AccessControlPolicy xmlns="http://s3.amazonaws.com/doc/2006-03-01/"><Owner><ID>105bdce1-64c0-48ab-899d-868455867ecf:105bdce1-64c0-48ab-899d-868455867ecf</ID><DisplayName>105bdce1-64c0-48ab-899d-868455867ecf:105bdce1-64c0-48ab-899d-868455867ecf</DisplayName></Owner><AccessControlList><Grant><Grantee xmlns:xsi="http://www.w3.org/2001/XMLSchema-instance" xsi:type="CanonicalUser"><ID>105bdce1-64c0-48ab-899d-868455867ecf:105bdce1-64c0-48ab-899d-868455867ecf</ID><DisplayName>105bdce1-64c0-48ab-899d-868455867ecf:105bdce1-64c0-48ab-899d-868455867ecf</DisplayName></Grantee><Permission>FULL_CONTROL</Permission></Grant></AccessControlList></AccessControlPolicy>
    headers:
      Content-Length:
      - "698"
      Content-Type:
      - text/html; charset=UTF-8
      Date:
      - Tue, 09 May 2023 15:04:58 GMT
      X-Amz-Id-2:
      - tx0104da20ce444da4a48fd-00645a611a
      X-Amz-Request-Id:
      - tx0104da20ce444da4a48fd-00645a611a
    status: 200 OK
    code: 200
    duration: ""
- request:
    body: ""
    form: {}
    headers:
      User-Agent:
      - aws-sdk-go/1.44.254 (go1.20.3; darwin; amd64)
      X-Amz-Content-Sha256:
      - e3b0c44298fc1c149afbf4c8996fb92427ae41e4649b934ca495991b7852b855
      X-Amz-Date:
      - 20230509T150458Z
    url: https://test-acc-scw-obp-data-basic-739082287733292553.s3.fr-par.scw.cloud/?acl=
    method: GET
  response:
    body: |-
      <?xml version='1.0' encoding='UTF-8'?>
      <AccessControlPolicy xmlns="http://s3.amazonaws.com/doc/2006-03-01/"><Owner><ID>105bdce1-64c0-48ab-899d-868455867ecf:105bdce1-64c0-48ab-899d-868455867ecf</ID><DisplayName>105bdce1-64c0-48ab-899d-868455867ecf:105bdce1-64c0-48ab-899d-868455867ecf</DisplayName></Owner><AccessControlList><Grant><Grantee xmlns:xsi="http://www.w3.org/2001/XMLSchema-instance" xsi:type="CanonicalUser"><ID>105bdce1-64c0-48ab-899d-868455867ecf:105bdce1-64c0-48ab-899d-868455867ecf</ID><DisplayName>105bdce1-64c0-48ab-899d-868455867ecf:105bdce1-64c0-48ab-899d-868455867ecf</DisplayName></Grantee><Permission>FULL_CONTROL</Permission></Grant></AccessControlList></AccessControlPolicy>
    headers:
      Content-Length:
      - "698"
      Content-Type:
      - text/html; charset=UTF-8
      Date:
      - Tue, 09 May 2023 15:04:58 GMT
      X-Amz-Id-2:
      - tx85ec22eaa0b946d599c54-00645a611a
      X-Amz-Request-Id:
      - tx85ec22eaa0b946d599c54-00645a611a
    status: 200 OK
    code: 200
    duration: ""
- request:
    body: ""
    form: {}
    headers:
      User-Agent:
      - aws-sdk-go/1.44.254 (go1.20.3; darwin; amd64)
      X-Amz-Content-Sha256:
      - e3b0c44298fc1c149afbf4c8996fb92427ae41e4649b934ca495991b7852b855
      X-Amz-Date:
      - 20230509T150458Z
    url: https://test-acc-scw-obp-data-basic-739082287733292553.s3.fr-par.scw.cloud/?object-lock=
    method: GET
  response:
    body: |-
      <?xml version='1.0' encoding='UTF-8'?>
      <Error><Code>ObjectLockConfigurationNotFoundError</Code><Message>Object Lock configuration does not exist for this bucket</Message><RequestId>txa8f70235d78a4079923db-00645a611a</RequestId></Error>
    headers:
      Content-Type:
      - application/xml
      Date:
      - Tue, 09 May 2023 15:04:58 GMT
      X-Amz-Id-2:
      - txa8f70235d78a4079923db-00645a611a
      X-Amz-Request-Id:
      - txa8f70235d78a4079923db-00645a611a
    status: 404 Not Found
    code: 404
    duration: ""
- request:
    body: ""
    form: {}
    headers:
      User-Agent:
      - aws-sdk-go/1.44.254 (go1.20.3; darwin; amd64)
      X-Amz-Content-Sha256:
      - e3b0c44298fc1c149afbf4c8996fb92427ae41e4649b934ca495991b7852b855
      X-Amz-Date:
      - 20230509T150458Z
    url: https://test-acc-scw-obp-data-basic-739082287733292553.s3.fr-par.scw.cloud/
    method: GET
  response:
    body: |-
      <?xml version='1.0' encoding='UTF-8'?>
      <ListBucketResult xmlns="http://s3.amazonaws.com/doc/2006-03-01/"><Name>test-acc-scw-obp-data-basic-739082287733292553</Name><Prefix/><Delimiter/><MaxKeys>1000</MaxKeys><IsTruncated>false</IsTruncated><Marker/></ListBucketResult>
    headers:
      Content-Length:
      - "268"
      Content-Type:
      - application/xml
      Date:
      - Tue, 09 May 2023 15:04:58 GMT
      X-Amz-Id-2:
      - txd26923a0523d4b509cdcf-00645a611a
      X-Amz-Request-Id:
      - txd26923a0523d4b509cdcf-00645a611a
    status: 200 OK
    code: 200
    duration: ""
- request:
    body: ""
    form: {}
    headers:
      User-Agent:
      - aws-sdk-go/1.44.254 (go1.20.3; darwin; amd64)
      X-Amz-Content-Sha256:
      - e3b0c44298fc1c149afbf4c8996fb92427ae41e4649b934ca495991b7852b855
      X-Amz-Date:
      - 20230509T150458Z
    url: https://test-acc-scw-obp-data-basic-739082287733292553.s3.fr-par.scw.cloud/?tagging=
    method: GET
  response:
    body: |-
      <?xml version='1.0' encoding='UTF-8'?>
      <Error><Code>NoSuchTagSet</Code><Message>There is no tag set associated with the bucket or object.</Message><RequestId>tx567879e8c6b84eda97433-00645a611a</RequestId><Headers/></Error>
    headers:
      Content-Type:
      - application/xml
      Date:
      - Tue, 09 May 2023 15:04:58 GMT
      X-Amz-Id-2:
      - tx567879e8c6b84eda97433-00645a611a
      X-Amz-Request-Id:
      - tx567879e8c6b84eda97433-00645a611a
    status: 404 Not Found
    code: 404
    duration: ""
- request:
    body: ""
    form: {}
    headers:
      User-Agent:
      - aws-sdk-go/1.44.254 (go1.20.3; darwin; amd64)
      X-Amz-Content-Sha256:
      - e3b0c44298fc1c149afbf4c8996fb92427ae41e4649b934ca495991b7852b855
      X-Amz-Date:
      - 20230509T150458Z
    url: https://test-acc-scw-obp-data-basic-739082287733292553.s3.fr-par.scw.cloud/?cors=
    method: GET
  response:
    body: |-
      <?xml version='1.0' encoding='UTF-8'?>
      <Error><Code>NoSuchCORSConfiguration</Code><Message>The CORS configuration does not exist</Message><RequestId>tx261076e17c964d59be859-00645a611a</RequestId></Error>
    headers:
      Content-Type:
      - application/xml
      Date:
      - Tue, 09 May 2023 15:04:58 GMT
      X-Amz-Id-2:
      - tx261076e17c964d59be859-00645a611a
      X-Amz-Request-Id:
      - tx261076e17c964d59be859-00645a611a
    status: 404 Not Found
    code: 404
    duration: ""
- request:
    body: ""
    form: {}
    headers:
      User-Agent:
      - aws-sdk-go/1.44.254 (go1.20.3; darwin; amd64)
      X-Amz-Content-Sha256:
      - e3b0c44298fc1c149afbf4c8996fb92427ae41e4649b934ca495991b7852b855
      X-Amz-Date:
      - 20230509T150458Z
    url: https://test-acc-scw-obp-data-basic-739082287733292553.s3.fr-par.scw.cloud/?versioning=
    method: GET
  response:
    body: |-
      <?xml version='1.0' encoding='UTF-8'?>
      <VersioningConfiguration xmlns="http://s3.amazonaws.com/doc/2006-03-01/"/>
    headers:
      Content-Length:
      - "113"
      Content-Type:
      - text/plain
      Date:
      - Tue, 09 May 2023 15:04:58 GMT
      X-Amz-Id-2:
      - txff796c86b2ee4ea5ab674-00645a611a
      X-Amz-Request-Id:
      - txff796c86b2ee4ea5ab674-00645a611a
    status: 200 OK
    code: 200
    duration: ""
- request:
    body: ""
    form: {}
    headers:
      User-Agent:
      - aws-sdk-go/1.44.254 (go1.20.3; darwin; amd64)
      X-Amz-Content-Sha256:
      - e3b0c44298fc1c149afbf4c8996fb92427ae41e4649b934ca495991b7852b855
      X-Amz-Date:
      - 20230509T150458Z
    url: https://test-acc-scw-obp-data-basic-739082287733292553.s3.fr-par.scw.cloud/?lifecycle=
    method: GET
  response:
    body: |-
      <?xml version='1.0' encoding='UTF-8'?>
      <Error><Code>NoSuchLifecycleConfiguration</Code><Message>The lifecycle configuration does not exist.</Message><RequestId>tx6f8374f95ba5475ebbba0-00645a611a</RequestId></Error>
    headers:
      Content-Type:
      - application/xml
      Date:
      - Tue, 09 May 2023 15:04:58 GMT
      X-Amz-Id-2:
      - tx6f8374f95ba5475ebbba0-00645a611a
      X-Amz-Request-Id:
      - tx6f8374f95ba5475ebbba0-00645a611a
    status: 404 Not Found
    code: 404
    duration: ""
- request:
    body: ""
    form: {}
    headers:
      User-Agent:
      - aws-sdk-go/1.44.254 (go1.20.3; darwin; amd64)
      X-Amz-Content-Sha256:
      - e3b0c44298fc1c149afbf4c8996fb92427ae41e4649b934ca495991b7852b855
      X-Amz-Date:
      - 20230509T150458Z
    url: https://test-acc-scw-obp-data-basic-739082287733292553.s3.fr-par.scw.cloud/?policy=
    method: GET
  response:
    body: '{"Id":"MyPolicy","Statement":[{"Action":["s3:ListBucket","s3:GetObject"],"Effect":"Allow","Principal":{"SCW":"*"},"Resource":["test-acc-scw-obp-data-basic-739082287733292553","test-acc-scw-obp-data-basic-739082287733292553/*"],"Sid":"GrantToEveryone"}],"Version":"2012-10-17"}'
    headers:
      Content-Length:
      - "293"
      Content-Type:
      - application/json
      Date:
      - Tue, 09 May 2023 15:04:58 GMT
      X-Amz-Id-2:
      - tx7dec43421046425badfc9-00645a611a
      X-Amz-Request-Id:
      - tx7dec43421046425badfc9-00645a611a
    status: 200 OK
    code: 200
    duration: ""
- request:
    body: ""
    form: {}
    headers:
      User-Agent:
      - aws-sdk-go/1.44.254 (go1.20.3; darwin; amd64)
      X-Amz-Content-Sha256:
      - e3b0c44298fc1c149afbf4c8996fb92427ae41e4649b934ca495991b7852b855
      X-Amz-Date:
      - 20230509T150458Z
    url: https://test-acc-scw-obp-data-basic-739082287733292553.s3.fr-par.scw.cloud/?acl=
    method: GET
  response:
    body: |-
      <?xml version='1.0' encoding='UTF-8'?>
      <AccessControlPolicy xmlns="http://s3.amazonaws.com/doc/2006-03-01/"><Owner><ID>105bdce1-64c0-48ab-899d-868455867ecf:105bdce1-64c0-48ab-899d-868455867ecf</ID><DisplayName>105bdce1-64c0-48ab-899d-868455867ecf:105bdce1-64c0-48ab-899d-868455867ecf</DisplayName></Owner><AccessControlList><Grant><Grantee xmlns:xsi="http://www.w3.org/2001/XMLSchema-instance" xsi:type="CanonicalUser"><ID>105bdce1-64c0-48ab-899d-868455867ecf:105bdce1-64c0-48ab-899d-868455867ecf</ID><DisplayName>105bdce1-64c0-48ab-899d-868455867ecf:105bdce1-64c0-48ab-899d-868455867ecf</DisplayName></Grantee><Permission>FULL_CONTROL</Permission></Grant></AccessControlList></AccessControlPolicy>
    headers:
      Content-Length:
      - "698"
      Content-Type:
      - text/html; charset=UTF-8
      Date:
      - Tue, 09 May 2023 15:04:59 GMT
      X-Amz-Id-2:
      - txca4acc182ef4476cb12eb-00645a611a
      X-Amz-Request-Id:
      - txca4acc182ef4476cb12eb-00645a611a
    status: 200 OK
    code: 200
    duration: ""
- request:
    body: ""
    form: {}
    headers:
      User-Agent:
      - aws-sdk-go/1.44.254 (go1.20.3; darwin; amd64)
      X-Amz-Content-Sha256:
      - e3b0c44298fc1c149afbf4c8996fb92427ae41e4649b934ca495991b7852b855
      X-Amz-Date:
      - 20230509T150458Z
    url: https://test-acc-scw-obp-data-basic-739082287733292553.s3.fr-par.scw.cloud/?policy=
    method: GET
  response:
    body: '{"Id":"MyPolicy","Statement":[{"Action":["s3:ListBucket","s3:GetObject"],"Effect":"Allow","Principal":{"SCW":"*"},"Resource":["test-acc-scw-obp-data-basic-739082287733292553","test-acc-scw-obp-data-basic-739082287733292553/*"],"Sid":"GrantToEveryone"}],"Version":"2012-10-17"}'
    headers:
      Content-Length:
      - "293"
      Content-Type:
      - application/json
      Date:
      - Tue, 09 May 2023 15:04:59 GMT
      X-Amz-Id-2:
      - txd72ea3d016954f4395883-00645a611b
      X-Amz-Request-Id:
      - txd72ea3d016954f4395883-00645a611b
    status: 200 OK
    code: 200
    duration: ""
- request:
    body: ""
    form: {}
    headers:
      User-Agent:
      - aws-sdk-go/1.44.254 (go1.20.3; darwin; amd64)
      X-Amz-Content-Sha256:
      - e3b0c44298fc1c149afbf4c8996fb92427ae41e4649b934ca495991b7852b855
      X-Amz-Date:
      - 20230509T150458Z
    url: https://test-acc-scw-obp-data-basic-739082287733292553.s3.fr-par.scw.cloud/?acl=
    method: GET
  response:
    body: |-
      <?xml version='1.0' encoding='UTF-8'?>
      <AccessControlPolicy xmlns="http://s3.amazonaws.com/doc/2006-03-01/"><Owner><ID>105bdce1-64c0-48ab-899d-868455867ecf:105bdce1-64c0-48ab-899d-868455867ecf</ID><DisplayName>105bdce1-64c0-48ab-899d-868455867ecf:105bdce1-64c0-48ab-899d-868455867ecf</DisplayName></Owner><AccessControlList><Grant><Grantee xmlns:xsi="http://www.w3.org/2001/XMLSchema-instance" xsi:type="CanonicalUser"><ID>105bdce1-64c0-48ab-899d-868455867ecf:105bdce1-64c0-48ab-899d-868455867ecf</ID><DisplayName>105bdce1-64c0-48ab-899d-868455867ecf:105bdce1-64c0-48ab-899d-868455867ecf</DisplayName></Grantee><Permission>FULL_CONTROL</Permission></Grant></AccessControlList></AccessControlPolicy>
    headers:
      Content-Length:
      - "698"
      Content-Type:
      - text/html; charset=UTF-8
      Date:
      - Tue, 09 May 2023 15:04:59 GMT
      X-Amz-Id-2:
      - tx4f0ba7d815614a41a022a-00645a611b
      X-Amz-Request-Id:
      - tx4f0ba7d815614a41a022a-00645a611b
    status: 200 OK
    code: 200
    duration: ""
- request:
    body: ""
    form: {}
    headers:
      User-Agent:
      - aws-sdk-go/1.44.254 (go1.20.3; darwin; amd64)
      X-Amz-Content-Sha256:
      - e3b0c44298fc1c149afbf4c8996fb92427ae41e4649b934ca495991b7852b855
      X-Amz-Date:
      - 20230509T150459Z
    url: https://test-acc-scw-obp-data-basic-739082287733292553.s3.fr-par.scw.cloud/?policy=
    method: GET
  response:
    body: '{"Id":"MyPolicy","Statement":[{"Action":["s3:ListBucket","s3:GetObject"],"Effect":"Allow","Principal":{"SCW":"*"},"Resource":["test-acc-scw-obp-data-basic-739082287733292553","test-acc-scw-obp-data-basic-739082287733292553/*"],"Sid":"GrantToEveryone"}],"Version":"2012-10-17"}'
    headers:
      Content-Length:
      - "293"
      Content-Type:
      - application/json
      Date:
      - Tue, 09 May 2023 15:04:59 GMT
      X-Amz-Id-2:
      - txec6d7b27c318405086c16-00645a611b
      X-Amz-Request-Id:
      - txec6d7b27c318405086c16-00645a611b
    status: 200 OK
    code: 200
    duration: ""
- request:
    body: ""
    form: {}
    headers:
      User-Agent:
      - aws-sdk-go/1.44.254 (go1.20.3; darwin; amd64)
      X-Amz-Content-Sha256:
      - e3b0c44298fc1c149afbf4c8996fb92427ae41e4649b934ca495991b7852b855
      X-Amz-Date:
      - 20230509T150459Z
    url: https://test-acc-scw-obp-data-basic-739082287733292553.s3.fr-par.scw.cloud/?acl=
    method: GET
  response:
    body: |-
      <?xml version='1.0' encoding='UTF-8'?>
      <AccessControlPolicy xmlns="http://s3.amazonaws.com/doc/2006-03-01/"><Owner><ID>105bdce1-64c0-48ab-899d-868455867ecf:105bdce1-64c0-48ab-899d-868455867ecf</ID><DisplayName>105bdce1-64c0-48ab-899d-868455867ecf:105bdce1-64c0-48ab-899d-868455867ecf</DisplayName></Owner><AccessControlList><Grant><Grantee xmlns:xsi="http://www.w3.org/2001/XMLSchema-instance" xsi:type="CanonicalUser"><ID>105bdce1-64c0-48ab-899d-868455867ecf:105bdce1-64c0-48ab-899d-868455867ecf</ID><DisplayName>105bdce1-64c0-48ab-899d-868455867ecf:105bdce1-64c0-48ab-899d-868455867ecf</DisplayName></Grantee><Permission>FULL_CONTROL</Permission></Grant></AccessControlList></AccessControlPolicy>
    headers:
      Content-Length:
      - "698"
      Content-Type:
      - text/html; charset=UTF-8
      Date:
      - Tue, 09 May 2023 15:04:59 GMT
      X-Amz-Id-2:
      - txca7e1a3675d9416fbf0f9-00645a611b
      X-Amz-Request-Id:
      - txca7e1a3675d9416fbf0f9-00645a611b
    status: 200 OK
    code: 200
    duration: ""
- request:
    body: ""
    form: {}
    headers:
      User-Agent:
      - aws-sdk-go/1.44.254 (go1.20.3; darwin; amd64)
      X-Amz-Content-Sha256:
      - e3b0c44298fc1c149afbf4c8996fb92427ae41e4649b934ca495991b7852b855
      X-Amz-Date:
      - 20230509T150459Z
    url: https://test-acc-scw-obp-data-basic-739082287733292553.s3.fr-par.scw.cloud/?policy=
    method: DELETE
  response:
    body: ""
    headers:
      Content-Length:
      - "0"
      Content-Type:
      - text/html; charset=UTF-8
      Date:
      - Tue, 09 May 2023 15:04:59 GMT
      X-Amz-Id-2:
      - tx66e2780b7f7e44a9acb54-00645a611b
      X-Amz-Request-Id:
      - tx66e2780b7f7e44a9acb54-00645a611b
    status: 204 No Content
    code: 204
    duration: ""
- request:
    body: ""
    form: {}
    headers:
      User-Agent:
      - aws-sdk-go/1.44.254 (go1.20.3; darwin; amd64)
      X-Amz-Content-Sha256:
      - e3b0c44298fc1c149afbf4c8996fb92427ae41e4649b934ca495991b7852b855
      X-Amz-Date:
      - 20230509T150459Z
    url: https://test-acc-scw-obp-data-basic-739082287733292553.s3.fr-par.scw.cloud/
    method: DELETE
  response:
    body: ""
    headers:
      Content-Length:
      - "0"
      Content-Type:
      - text/html; charset=UTF-8
      Date:
      - Tue, 09 May 2023 15:05:00 GMT
      X-Amz-Id-2:
      - tx005fbbf3d8e94da792895-00645a611b
      X-Amz-Request-Id:
      - tx005fbbf3d8e94da792895-00645a611b
    status: 204 No Content
    code: 204
    duration: ""
