---
version: 1
interactions:
- request:
    body: '{"name":"tf-volume","project":"105bdce1-64c0-48ab-899d-868455867ecf","volume_type":"l_ssd","size":2000000000}'
    form: {}
    headers:
      Content-Type:
      - application/json
      User-Agent:
      - scaleway-sdk-go/v1.0.0-beta.7+dev (go1.17.3; darwin; amd64) terraform-provider/develop
        terraform/terraform-tests
    url: https://api.scaleway.com/instance/v1/zones/fr-par-1/volumes
    method: POST
  response:
    body: '{"volume": {"id": "1f7dffa0-7677-4d37-83e4-16f55b2d0881", "name": "tf-volume",
      "volume_type": "l_ssd", "export_uri": null, "organization": "105bdce1-64c0-48ab-899d-868455867ecf",
      "project": "105bdce1-64c0-48ab-899d-868455867ecf", "server": null, "size": 2000000000,
      "state": "available", "creation_date": "2021-12-20T17:00:54.628923+00:00", "modification_date":
      "2021-12-20T17:00:54.628923+00:00", "zone": "fr-par-1"}}'
    headers:
      Content-Length:
      - "418"
      Content-Security-Policy:
      - default-src 'none'; frame-ancestors 'none'
      Content-Type:
      - application/json
      Date:
      - Mon, 20 Dec 2021 17:00:55 GMT
      Location:
      - https://api.scaleway.com/instance/v1/zones/fr-par-1/volumes/1f7dffa0-7677-4d37-83e4-16f55b2d0881
      Server:
      - Scaleway API-Gateway
      Strict-Transport-Security:
      - max-age=63072000
      X-Content-Type-Options:
      - nosniff
      X-Frame-Options:
      - DENY
      X-Request-Id:
      - f243a008-cf0e-4556-b81d-480a1276e08c
    status: 201 Created
    code: 201
    duration: ""
- request:
    body: ""
    form: {}
    headers:
      User-Agent:
      - scaleway-sdk-go/v1.0.0-beta.7+dev (go1.17.3; darwin; amd64) terraform-provider/develop
        terraform/terraform-tests
    url: https://api.scaleway.com/instance/v1/zones/fr-par-1/volumes/1f7dffa0-7677-4d37-83e4-16f55b2d0881
    method: GET
  response:
    body: '{"volume": {"id": "1f7dffa0-7677-4d37-83e4-16f55b2d0881", "name": "tf-volume",
      "volume_type": "l_ssd", "export_uri": null, "organization": "105bdce1-64c0-48ab-899d-868455867ecf",
      "project": "105bdce1-64c0-48ab-899d-868455867ecf", "server": null, "size": 2000000000,
      "state": "available", "creation_date": "2021-12-20T17:00:54.628923+00:00", "modification_date":
      "2021-12-20T17:00:54.628923+00:00", "zone": "fr-par-1"}}'
    headers:
      Content-Length:
      - "418"
      Content-Security-Policy:
      - default-src 'none'; frame-ancestors 'none'
      Content-Type:
      - application/json
      Date:
      - Mon, 20 Dec 2021 17:00:55 GMT
      Server:
      - Scaleway API-Gateway
      Strict-Transport-Security:
      - max-age=63072000
      X-Content-Type-Options:
      - nosniff
      X-Frame-Options:
      - DENY
      X-Request-Id:
      - b2ae3557-49c6-4001-a5fd-abcb466e3c78
    status: 200 OK
    code: 200
    duration: ""
- request:
    body: ""
    form: {}
    headers:
      User-Agent:
      - scaleway-sdk-go/v1.0.0-beta.7+dev (go1.17.3; darwin; amd64) terraform-provider/develop
        terraform/terraform-tests
    url: https://api.scaleway.com/instance/v1/zones/fr-par-1/volumes/1f7dffa0-7677-4d37-83e4-16f55b2d0881
    method: GET
  response:
    body: '{"volume": {"id": "1f7dffa0-7677-4d37-83e4-16f55b2d0881", "name": "tf-volume",
      "volume_type": "l_ssd", "export_uri": null, "organization": "105bdce1-64c0-48ab-899d-868455867ecf",
      "project": "105bdce1-64c0-48ab-899d-868455867ecf", "server": null, "size": 2000000000,
      "state": "available", "creation_date": "2021-12-20T17:00:54.628923+00:00", "modification_date":
      "2021-12-20T17:00:54.628923+00:00", "zone": "fr-par-1"}}'
    headers:
      Content-Length:
      - "418"
      Content-Security-Policy:
      - default-src 'none'; frame-ancestors 'none'
      Content-Type:
      - application/json
      Date:
      - Mon, 20 Dec 2021 17:00:55 GMT
      Server:
      - Scaleway API-Gateway
      Strict-Transport-Security:
      - max-age=63072000
      X-Content-Type-Options:
      - nosniff
      X-Frame-Options:
      - DENY
      X-Request-Id:
      - 3129b099-12d4-43aa-b659-6f2827d8556e
    status: 200 OK
    code: 200
    duration: ""
- request:
    body: ""
    form: {}
    headers:
      User-Agent:
      - scaleway-sdk-go/v1.0.0-beta.7+dev (go1.17.3; darwin; amd64) terraform-provider/develop
        terraform/terraform-tests
    url: https://api.scaleway.com/instance/v1/zones/fr-par-1/volumes/1f7dffa0-7677-4d37-83e4-16f55b2d0881
    method: GET
  response:
    body: '{"volume": {"id": "1f7dffa0-7677-4d37-83e4-16f55b2d0881", "name": "tf-volume",
      "volume_type": "l_ssd", "export_uri": null, "organization": "105bdce1-64c0-48ab-899d-868455867ecf",
      "project": "105bdce1-64c0-48ab-899d-868455867ecf", "server": null, "size": 2000000000,
      "state": "available", "creation_date": "2021-12-20T17:00:54.628923+00:00", "modification_date":
      "2021-12-20T17:00:54.628923+00:00", "zone": "fr-par-1"}}'
    headers:
      Content-Length:
      - "418"
      Content-Security-Policy:
      - default-src 'none'; frame-ancestors 'none'
      Content-Type:
      - application/json
      Date:
      - Mon, 20 Dec 2021 17:00:55 GMT
      Server:
      - Scaleway API-Gateway
      Strict-Transport-Security:
      - max-age=63072000
      X-Content-Type-Options:
      - nosniff
      X-Frame-Options:
      - DENY
      X-Request-Id:
      - b55ea8b6-a12d-4d2f-9f6a-39a01807faef
    status: 200 OK
    code: 200
    duration: ""
- request:
    body: ""
    form: {}
    headers:
      User-Agent:
      - scaleway-sdk-go/v1.0.0-beta.7+dev (go1.17.3; darwin; amd64) terraform-provider/develop
        terraform/terraform-tests
    url: https://api.scaleway.com/instance/v1/zones/fr-par-1/volumes/1f7dffa0-7677-4d37-83e4-16f55b2d0881
    method: GET
  response:
    body: '{"volume": {"id": "1f7dffa0-7677-4d37-83e4-16f55b2d0881", "name": "tf-volume",
      "volume_type": "l_ssd", "export_uri": null, "organization": "105bdce1-64c0-48ab-899d-868455867ecf",
      "project": "105bdce1-64c0-48ab-899d-868455867ecf", "server": null, "size": 2000000000,
      "state": "available", "creation_date": "2021-12-20T17:00:54.628923+00:00", "modification_date":
      "2021-12-20T17:00:54.628923+00:00", "zone": "fr-par-1"}}'
    headers:
      Content-Length:
      - "418"
      Content-Security-Policy:
      - default-src 'none'; frame-ancestors 'none'
      Content-Type:
      - application/json
      Date:
      - Mon, 20 Dec 2021 17:00:55 GMT
      Server:
      - Scaleway API-Gateway
      Strict-Transport-Security:
      - max-age=63072000
      X-Content-Type-Options:
      - nosniff
      X-Frame-Options:
      - DENY
      X-Request-Id:
      - 5c10cf56-fec8-4a1b-8db3-02b1704dea0f
    status: 200 OK
    code: 200
    duration: ""
- request:
    body: ""
    form: {}
    headers:
      User-Agent:
      - scaleway-sdk-go/v1.0.0-beta.7+dev (go1.17.3; darwin; amd64) terraform-provider/develop
        terraform/terraform-tests
    url: https://api.scaleway.com/instance/v1/zones/fr-par-1/volumes?name=tf-volume
    method: GET
  response:
    body: '{"volumes": [{"id": "1f7dffa0-7677-4d37-83e4-16f55b2d0881", "name": "tf-volume",
      "volume_type": "l_ssd", "export_uri": null, "organization": "105bdce1-64c0-48ab-899d-868455867ecf",
      "project": "105bdce1-64c0-48ab-899d-868455867ecf", "server": null, "size": 2000000000,
      "state": "available", "creation_date": "2021-12-20T17:00:54.628923+00:00", "modification_date":
      "2021-12-20T17:00:54.628923+00:00", "zone": "fr-par-1"}]}'
    headers:
      Content-Length:
      - "421"
      Content-Security-Policy:
      - default-src 'none'; frame-ancestors 'none'
      Content-Type:
      - application/json
      Date:
      - Mon, 20 Dec 2021 17:00:56 GMT
      Link:
      - </volumes?page=1&per_page=50&name=tf-volume>; rel="last"
      Server:
      - Scaleway API-Gateway
      Strict-Transport-Security:
      - max-age=63072000
      X-Content-Type-Options:
      - nosniff
      X-Frame-Options:
      - DENY
      X-Request-Id:
      - 993e80b2-8eb2-47b5-80b7-dfbbccb34115
      X-Total-Count:
      - "1"
    status: 200 OK
    code: 200
    duration: ""
- request:
    body: ""
    form: {}
    headers:
      User-Agent:
      - scaleway-sdk-go/v1.0.0-beta.7+dev (go1.17.3; darwin; amd64) terraform-provider/develop
        terraform/terraform-tests
    url: https://api.scaleway.com/instance/v1/zones/fr-par-1/volumes/1f7dffa0-7677-4d37-83e4-16f55b2d0881
    method: GET
  response:
    body: '{"volume": {"id": "1f7dffa0-7677-4d37-83e4-16f55b2d0881", "name": "tf-volume",
      "volume_type": "l_ssd", "export_uri": null, "organization": "105bdce1-64c0-48ab-899d-868455867ecf",
      "project": "105bdce1-64c0-48ab-899d-868455867ecf", "server": null, "size": 2000000000,
      "state": "available", "creation_date": "2021-12-20T17:00:54.628923+00:00", "modification_date":
      "2021-12-20T17:00:54.628923+00:00", "zone": "fr-par-1"}}'
    headers:
      Content-Length:
      - "418"
      Content-Security-Policy:
      - default-src 'none'; frame-ancestors 'none'
      Content-Type:
      - application/json
      Date:
      - Mon, 20 Dec 2021 17:00:56 GMT
      Server:
      - Scaleway API-Gateway
      Strict-Transport-Security:
      - max-age=63072000
      X-Content-Type-Options:
      - nosniff
      X-Frame-Options:
      - DENY
      X-Request-Id:
      - 6161fce7-ffca-4aad-9bec-3eb3f1b84d4e
    status: 200 OK
    code: 200
    duration: ""
- request:
    body: ""
    form: {}
    headers:
      User-Agent:
      - scaleway-sdk-go/v1.0.0-beta.7+dev (go1.17.3; darwin; amd64) terraform-provider/develop
        terraform/terraform-tests
    url: https://api.scaleway.com/instance/v1/zones/fr-par-1/volumes/1f7dffa0-7677-4d37-83e4-16f55b2d0881
    method: GET
  response:
    body: '{"volume": {"id": "1f7dffa0-7677-4d37-83e4-16f55b2d0881", "name": "tf-volume",
      "volume_type": "l_ssd", "export_uri": null, "organization": "105bdce1-64c0-48ab-899d-868455867ecf",
      "project": "105bdce1-64c0-48ab-899d-868455867ecf", "server": null, "size": 2000000000,
      "state": "available", "creation_date": "2021-12-20T17:00:54.628923+00:00", "modification_date":
      "2021-12-20T17:00:54.628923+00:00", "zone": "fr-par-1"}}'
    headers:
      Content-Length:
      - "418"
      Content-Security-Policy:
      - default-src 'none'; frame-ancestors 'none'
      Content-Type:
      - application/json
      Date:
      - Mon, 20 Dec 2021 17:00:56 GMT
      Server:
      - Scaleway API-Gateway
      Strict-Transport-Security:
      - max-age=63072000
      X-Content-Type-Options:
      - nosniff
      X-Frame-Options:
      - DENY
      X-Request-Id:
      - fd44964a-1db9-40a8-b8e5-651e490df281
    status: 200 OK
    code: 200
    duration: ""
- request:
    body: ""
    form: {}
    headers:
      User-Agent:
      - scaleway-sdk-go/v1.0.0-beta.7+dev (go1.17.3; darwin; amd64) terraform-provider/develop
        terraform/terraform-tests
    url: https://api.scaleway.com/instance/v1/zones/fr-par-1/volumes?name=tf-volume
    method: GET
  response:
    body: '{"volumes": [{"id": "1f7dffa0-7677-4d37-83e4-16f55b2d0881", "name": "tf-volume",
      "volume_type": "l_ssd", "export_uri": null, "organization": "105bdce1-64c0-48ab-899d-868455867ecf",
      "project": "105bdce1-64c0-48ab-899d-868455867ecf", "server": null, "size": 2000000000,
      "state": "available", "creation_date": "2021-12-20T17:00:54.628923+00:00", "modification_date":
      "2021-12-20T17:00:54.628923+00:00", "zone": "fr-par-1"}]}'
    headers:
      Content-Length:
      - "421"
      Content-Security-Policy:
      - default-src 'none'; frame-ancestors 'none'
      Content-Type:
      - application/json
      Date:
      - Mon, 20 Dec 2021 17:00:56 GMT
      Link:
      - </volumes?page=1&per_page=50&name=tf-volume>; rel="last"
      Server:
      - Scaleway API-Gateway
      Strict-Transport-Security:
      - max-age=63072000
      X-Content-Type-Options:
      - nosniff
      X-Frame-Options:
      - DENY
      X-Request-Id:
      - 20f14802-d226-4f12-9aff-d76f86f4c9b2
      X-Total-Count:
      - "1"
    status: 200 OK
    code: 200
    duration: ""
- request:
    body: ""
    form: {}
    headers:
      User-Agent:
      - scaleway-sdk-go/v1.0.0-beta.7+dev (go1.17.3; darwin; amd64) terraform-provider/develop
        terraform/terraform-tests
    url: https://api.scaleway.com/instance/v1/zones/fr-par-1/volumes/1f7dffa0-7677-4d37-83e4-16f55b2d0881
    method: GET
  response:
    body: '{"volume": {"id": "1f7dffa0-7677-4d37-83e4-16f55b2d0881", "name": "tf-volume",
      "volume_type": "l_ssd", "export_uri": null, "organization": "105bdce1-64c0-48ab-899d-868455867ecf",
      "project": "105bdce1-64c0-48ab-899d-868455867ecf", "server": null, "size": 2000000000,
      "state": "available", "creation_date": "2021-12-20T17:00:54.628923+00:00", "modification_date":
      "2021-12-20T17:00:54.628923+00:00", "zone": "fr-par-1"}}'
    headers:
      Content-Length:
      - "418"
      Content-Security-Policy:
      - default-src 'none'; frame-ancestors 'none'
      Content-Type:
      - application/json
      Date:
      - Mon, 20 Dec 2021 17:00:56 GMT
      Server:
      - Scaleway API-Gateway
      Strict-Transport-Security:
      - max-age=63072000
      X-Content-Type-Options:
      - nosniff
      X-Frame-Options:
      - DENY
      X-Request-Id:
      - f5e4fa1d-9508-461d-a2c3-fb30c790f825
    status: 200 OK
    code: 200
    duration: ""
- request:
    body: ""
    form: {}
    headers:
      User-Agent:
      - scaleway-sdk-go/v1.0.0-beta.7+dev (go1.17.3; darwin; amd64) terraform-provider/develop
        terraform/terraform-tests
    url: https://api.scaleway.com/instance/v1/zones/fr-par-1/volumes/1f7dffa0-7677-4d37-83e4-16f55b2d0881
    method: GET
  response:
    body: '{"volume": {"id": "1f7dffa0-7677-4d37-83e4-16f55b2d0881", "name": "tf-volume",
      "volume_type": "l_ssd", "export_uri": null, "organization": "105bdce1-64c0-48ab-899d-868455867ecf",
      "project": "105bdce1-64c0-48ab-899d-868455867ecf", "server": null, "size": 2000000000,
      "state": "available", "creation_date": "2021-12-20T17:00:54.628923+00:00", "modification_date":
      "2021-12-20T17:00:54.628923+00:00", "zone": "fr-par-1"}}'
    headers:
      Content-Length:
      - "418"
      Content-Security-Policy:
      - default-src 'none'; frame-ancestors 'none'
      Content-Type:
      - application/json
      Date:
      - Mon, 20 Dec 2021 17:00:56 GMT
      Server:
      - Scaleway API-Gateway
      Strict-Transport-Security:
      - max-age=63072000
      X-Content-Type-Options:
      - nosniff
      X-Frame-Options:
      - DENY
      X-Request-Id:
      - 8ecdc9a8-2a73-444c-bca8-712736904603
    status: 200 OK
    code: 200
    duration: ""
- request:
    body: ""
    form: {}
    headers:
      User-Agent:
      - scaleway-sdk-go/v1.0.0-beta.7+dev (go1.17.3; darwin; amd64) terraform-provider/develop
        terraform/terraform-tests
    url: https://api.scaleway.com/instance/v1/zones/fr-par-1/volumes/1f7dffa0-7677-4d37-83e4-16f55b2d0881
    method: GET
  response:
    body: '{"volume": {"id": "1f7dffa0-7677-4d37-83e4-16f55b2d0881", "name": "tf-volume",
      "volume_type": "l_ssd", "export_uri": null, "organization": "105bdce1-64c0-48ab-899d-868455867ecf",
      "project": "105bdce1-64c0-48ab-899d-868455867ecf", "server": null, "size": 2000000000,
      "state": "available", "creation_date": "2021-12-20T17:00:54.628923+00:00", "modification_date":
      "2021-12-20T17:00:54.628923+00:00", "zone": "fr-par-1"}}'
    headers:
      Content-Length:
      - "418"
      Content-Security-Policy:
      - default-src 'none'; frame-ancestors 'none'
      Content-Type:
      - application/json
      Date:
      - Mon, 20 Dec 2021 17:00:56 GMT
      Server:
      - Scaleway API-Gateway
      Strict-Transport-Security:
      - max-age=63072000
      X-Content-Type-Options:
      - nosniff
      X-Frame-Options:
      - DENY
      X-Request-Id:
      - cd8b5d98-31ca-42f8-af08-2c3cd64abee6
    status: 200 OK
    code: 200
    duration: ""
- request:
    body: ""
    form: {}
    headers:
      User-Agent:
      - scaleway-sdk-go/v1.0.0-beta.7+dev (go1.17.3; darwin; amd64) terraform-provider/develop
        terraform/terraform-tests
    url: https://api.scaleway.com/instance/v1/zones/fr-par-1/volumes?name=tf-volume
    method: GET
  response:
    body: '{"volumes": [{"id": "1f7dffa0-7677-4d37-83e4-16f55b2d0881", "name": "tf-volume",
      "volume_type": "l_ssd", "export_uri": null, "organization": "105bdce1-64c0-48ab-899d-868455867ecf",
      "project": "105bdce1-64c0-48ab-899d-868455867ecf", "server": null, "size": 2000000000,
      "state": "available", "creation_date": "2021-12-20T17:00:54.628923+00:00", "modification_date":
      "2021-12-20T17:00:54.628923+00:00", "zone": "fr-par-1"}]}'
    headers:
      Content-Length:
      - "421"
      Content-Security-Policy:
      - default-src 'none'; frame-ancestors 'none'
      Content-Type:
      - application/json
      Date:
      - Mon, 20 Dec 2021 17:00:57 GMT
      Link:
      - </volumes?page=1&per_page=50&name=tf-volume>; rel="last"
      Server:
      - Scaleway API-Gateway
      Strict-Transport-Security:
      - max-age=63072000
      X-Content-Type-Options:
      - nosniff
      X-Frame-Options:
      - DENY
      X-Request-Id:
      - c72bab76-af91-49e3-95c6-777a0784cdff
      X-Total-Count:
      - "1"
    status: 200 OK
    code: 200
    duration: ""
- request:
    body: ""
    form: {}
    headers:
      User-Agent:
      - scaleway-sdk-go/v1.0.0-beta.7+dev (go1.17.3; darwin; amd64) terraform-provider/develop
        terraform/terraform-tests
    url: https://api.scaleway.com/instance/v1/zones/fr-par-1/volumes/1f7dffa0-7677-4d37-83e4-16f55b2d0881
    method: GET
  response:
    body: '{"volume": {"id": "1f7dffa0-7677-4d37-83e4-16f55b2d0881", "name": "tf-volume",
      "volume_type": "l_ssd", "export_uri": null, "organization": "105bdce1-64c0-48ab-899d-868455867ecf",
      "project": "105bdce1-64c0-48ab-899d-868455867ecf", "server": null, "size": 2000000000,
      "state": "available", "creation_date": "2021-12-20T17:00:54.628923+00:00", "modification_date":
      "2021-12-20T17:00:54.628923+00:00", "zone": "fr-par-1"}}'
    headers:
      Content-Length:
      - "418"
      Content-Security-Policy:
      - default-src 'none'; frame-ancestors 'none'
      Content-Type:
      - application/json
      Date:
      - Mon, 20 Dec 2021 17:00:57 GMT
      Server:
      - Scaleway API-Gateway
      Strict-Transport-Security:
      - max-age=63072000
      X-Content-Type-Options:
      - nosniff
      X-Frame-Options:
      - DENY
      X-Request-Id:
      - 18183e4c-abb8-4748-a4e4-7b73927885b6
    status: 200 OK
    code: 200
    duration: ""
- request:
    body: ""
    form: {}
    headers:
      User-Agent:
      - scaleway-sdk-go/v1.0.0-beta.7+dev (go1.17.3; darwin; amd64) terraform-provider/develop
        terraform/terraform-tests
    url: https://api.scaleway.com/instance/v1/zones/fr-par-1/volumes/1f7dffa0-7677-4d37-83e4-16f55b2d0881
    method: GET
  response:
    body: '{"volume": {"id": "1f7dffa0-7677-4d37-83e4-16f55b2d0881", "name": "tf-volume",
      "volume_type": "l_ssd", "export_uri": null, "organization": "105bdce1-64c0-48ab-899d-868455867ecf",
      "project": "105bdce1-64c0-48ab-899d-868455867ecf", "server": null, "size": 2000000000,
      "state": "available", "creation_date": "2021-12-20T17:00:54.628923+00:00", "modification_date":
      "2021-12-20T17:00:54.628923+00:00", "zone": "fr-par-1"}}'
    headers:
      Content-Length:
      - "418"
      Content-Security-Policy:
      - default-src 'none'; frame-ancestors 'none'
      Content-Type:
      - application/json
      Date:
      - Mon, 20 Dec 2021 17:00:57 GMT
      Server:
      - Scaleway API-Gateway
      Strict-Transport-Security:
      - max-age=63072000
      X-Content-Type-Options:
      - nosniff
      X-Frame-Options:
      - DENY
      X-Request-Id:
      - ee787e03-1ae8-4369-b2e1-2f4cea43d003
    status: 200 OK
    code: 200
    duration: ""
- request:
    body: ""
    form: {}
    headers:
      User-Agent:
      - scaleway-sdk-go/v1.0.0-beta.7+dev (go1.17.3; darwin; amd64) terraform-provider/develop
        terraform/terraform-tests
    url: https://api.scaleway.com/instance/v1/zones/fr-par-1/volumes/1f7dffa0-7677-4d37-83e4-16f55b2d0881
    method: GET
  response:
    body: '{"volume": {"id": "1f7dffa0-7677-4d37-83e4-16f55b2d0881", "name": "tf-volume",
      "volume_type": "l_ssd", "export_uri": null, "organization": "105bdce1-64c0-48ab-899d-868455867ecf",
      "project": "105bdce1-64c0-48ab-899d-868455867ecf", "server": null, "size": 2000000000,
      "state": "available", "creation_date": "2021-12-20T17:00:54.628923+00:00", "modification_date":
      "2021-12-20T17:00:54.628923+00:00", "zone": "fr-par-1"}}'
    headers:
      Content-Length:
      - "418"
      Content-Security-Policy:
      - default-src 'none'; frame-ancestors 'none'
      Content-Type:
      - application/json
      Date:
      - Mon, 20 Dec 2021 17:00:57 GMT
      Server:
      - Scaleway API-Gateway
      Strict-Transport-Security:
      - max-age=63072000
      X-Content-Type-Options:
      - nosniff
      X-Frame-Options:
      - DENY
      X-Request-Id:
      - 9b56e6b5-fee7-4d98-a27a-8f0255b026bb
    status: 200 OK
    code: 200
    duration: ""
- request:
    body: ""
    form: {}
    headers:
      User-Agent:
      - scaleway-sdk-go/v1.0.0-beta.7+dev (go1.17.3; darwin; amd64) terraform-provider/develop
        terraform/terraform-tests
    url: https://api.scaleway.com/instance/v1/zones/fr-par-1/volumes?name=tf-volume
    method: GET
  response:
    body: '{"volumes": [{"id": "1f7dffa0-7677-4d37-83e4-16f55b2d0881", "name": "tf-volume",
      "volume_type": "l_ssd", "export_uri": null, "organization": "105bdce1-64c0-48ab-899d-868455867ecf",
      "project": "105bdce1-64c0-48ab-899d-868455867ecf", "server": null, "size": 2000000000,
      "state": "available", "creation_date": "2021-12-20T17:00:54.628923+00:00", "modification_date":
      "2021-12-20T17:00:54.628923+00:00", "zone": "fr-par-1"}]}'
    headers:
      Content-Length:
      - "421"
      Content-Security-Policy:
      - default-src 'none'; frame-ancestors 'none'
      Content-Type:
      - application/json
      Date:
      - Mon, 20 Dec 2021 17:00:57 GMT
      Link:
      - </volumes?page=1&per_page=50&name=tf-volume>; rel="last"
      Server:
      - Scaleway API-Gateway
      Strict-Transport-Security:
      - max-age=63072000
      X-Content-Type-Options:
      - nosniff
      X-Frame-Options:
      - DENY
      X-Request-Id:
      - ffeaeedd-295b-476c-9b46-a22211933f72
      X-Total-Count:
      - "1"
    status: 200 OK
    code: 200
    duration: ""
- request:
    body: ""
    form: {}
    headers:
      User-Agent:
      - scaleway-sdk-go/v1.0.0-beta.7+dev (go1.17.3; darwin; amd64) terraform-provider/develop
        terraform/terraform-tests
    url: https://api.scaleway.com/instance/v1/zones/fr-par-1/volumes/1f7dffa0-7677-4d37-83e4-16f55b2d0881
    method: GET
  response:
    body: '{"volume": {"id": "1f7dffa0-7677-4d37-83e4-16f55b2d0881", "name": "tf-volume",
      "volume_type": "l_ssd", "export_uri": null, "organization": "105bdce1-64c0-48ab-899d-868455867ecf",
      "project": "105bdce1-64c0-48ab-899d-868455867ecf", "server": null, "size": 2000000000,
      "state": "available", "creation_date": "2021-12-20T17:00:54.628923+00:00", "modification_date":
      "2021-12-20T17:00:54.628923+00:00", "zone": "fr-par-1"}}'
    headers:
      Content-Length:
      - "418"
      Content-Security-Policy:
      - default-src 'none'; frame-ancestors 'none'
      Content-Type:
      - application/json
      Date:
      - Mon, 20 Dec 2021 17:00:57 GMT
      Server:
      - Scaleway API-Gateway
      Strict-Transport-Security:
      - max-age=63072000
      X-Content-Type-Options:
      - nosniff
      X-Frame-Options:
      - DENY
      X-Request-Id:
      - 1d5b1750-d9a1-4860-ba06-5b6a912d2131
    status: 200 OK
    code: 200
    duration: ""
- request:
    body: ""
    form: {}
    headers:
      User-Agent:
      - scaleway-sdk-go/v1.0.0-beta.7+dev (go1.17.3; darwin; amd64) terraform-provider/develop
        terraform/terraform-tests
    url: https://api.scaleway.com/instance/v1/zones/fr-par-1/volumes/1f7dffa0-7677-4d37-83e4-16f55b2d0881
    method: GET
  response:
    body: '{"volume": {"id": "1f7dffa0-7677-4d37-83e4-16f55b2d0881", "name": "tf-volume",
      "volume_type": "l_ssd", "export_uri": null, "organization": "105bdce1-64c0-48ab-899d-868455867ecf",
      "project": "105bdce1-64c0-48ab-899d-868455867ecf", "server": null, "size": 2000000000,
      "state": "available", "creation_date": "2021-12-20T17:00:54.628923+00:00", "modification_date":
      "2021-12-20T17:00:54.628923+00:00", "zone": "fr-par-1"}}'
    headers:
      Content-Length:
      - "418"
      Content-Security-Policy:
      - default-src 'none'; frame-ancestors 'none'
      Content-Type:
      - application/json
      Date:
      - Mon, 20 Dec 2021 17:00:57 GMT
      Server:
      - Scaleway API-Gateway
      Strict-Transport-Security:
      - max-age=63072000
      X-Content-Type-Options:
      - nosniff
      X-Frame-Options:
      - DENY
      X-Request-Id:
      - 6c08158e-40ac-4115-af37-a60f8818579e
    status: 200 OK
    code: 200
    duration: ""
- request:
    body: ""
    form: {}
    headers:
      User-Agent:
      - scaleway-sdk-go/v1.0.0-beta.7+dev (go1.17.3; darwin; amd64) terraform-provider/develop
        terraform/terraform-tests
    url: https://api.scaleway.com/instance/v1/zones/fr-par-1/volumes?name=tf-volume
    method: GET
  response:
    body: '{"volumes": [{"id": "1f7dffa0-7677-4d37-83e4-16f55b2d0881", "name": "tf-volume",
      "volume_type": "l_ssd", "export_uri": null, "organization": "105bdce1-64c0-48ab-899d-868455867ecf",
      "project": "105bdce1-64c0-48ab-899d-868455867ecf", "server": null, "size": 2000000000,
      "state": "available", "creation_date": "2021-12-20T17:00:54.628923+00:00", "modification_date":
      "2021-12-20T17:00:54.628923+00:00", "zone": "fr-par-1"}]}'
    headers:
      Content-Length:
      - "421"
      Content-Security-Policy:
      - default-src 'none'; frame-ancestors 'none'
      Content-Type:
      - application/json
      Date:
      - Mon, 20 Dec 2021 17:00:58 GMT
      Link:
      - </volumes?page=1&per_page=50&name=tf-volume>; rel="last"
      Server:
      - Scaleway API-Gateway
      Strict-Transport-Security:
      - max-age=63072000
      X-Content-Type-Options:
      - nosniff
      X-Frame-Options:
      - DENY
      X-Request-Id:
      - c518c58c-f241-43a3-8050-fd5ddece3e66
      X-Total-Count:
      - "1"
    status: 200 OK
    code: 200
    duration: ""
- request:
    body: ""
    form: {}
    headers:
      User-Agent:
      - scaleway-sdk-go/v1.0.0-beta.7+dev (go1.17.3; darwin; amd64) terraform-provider/develop
        terraform/terraform-tests
    url: https://api.scaleway.com/instance/v1/zones/fr-par-1/volumes/1f7dffa0-7677-4d37-83e4-16f55b2d0881
    method: GET
  response:
    body: '{"volume": {"id": "1f7dffa0-7677-4d37-83e4-16f55b2d0881", "name": "tf-volume",
      "volume_type": "l_ssd", "export_uri": null, "organization": "105bdce1-64c0-48ab-899d-868455867ecf",
      "project": "105bdce1-64c0-48ab-899d-868455867ecf", "server": null, "size": 2000000000,
      "state": "available", "creation_date": "2021-12-20T17:00:54.628923+00:00", "modification_date":
      "2021-12-20T17:00:54.628923+00:00", "zone": "fr-par-1"}}'
    headers:
      Content-Length:
      - "418"
      Content-Security-Policy:
      - default-src 'none'; frame-ancestors 'none'
      Content-Type:
      - application/json
      Date:
      - Mon, 20 Dec 2021 17:00:58 GMT
      Server:
      - Scaleway API-Gateway
      Strict-Transport-Security:
      - max-age=63072000
      X-Content-Type-Options:
      - nosniff
      X-Frame-Options:
      - DENY
      X-Request-Id:
      - 728ac6b8-854b-4e86-831a-99c0d5938063
    status: 200 OK
    code: 200
    duration: ""
- request:
    body: ""
    form: {}
    headers:
      User-Agent:
      - scaleway-sdk-go/v1.0.0-beta.7+dev (go1.17.3; darwin; amd64) terraform-provider/develop
        terraform/terraform-tests
    url: https://api.scaleway.com/instance/v1/zones/fr-par-1/volumes/1f7dffa0-7677-4d37-83e4-16f55b2d0881
    method: GET
  response:
    body: '{"volume": {"id": "1f7dffa0-7677-4d37-83e4-16f55b2d0881", "name": "tf-volume",
      "volume_type": "l_ssd", "export_uri": null, "organization": "105bdce1-64c0-48ab-899d-868455867ecf",
      "project": "105bdce1-64c0-48ab-899d-868455867ecf", "server": null, "size": 2000000000,
      "state": "available", "creation_date": "2021-12-20T17:00:54.628923+00:00", "modification_date":
      "2021-12-20T17:00:54.628923+00:00", "zone": "fr-par-1"}}'
    headers:
      Content-Length:
      - "418"
      Content-Security-Policy:
      - default-src 'none'; frame-ancestors 'none'
      Content-Type:
      - application/json
      Date:
      - Mon, 20 Dec 2021 17:00:58 GMT
      Server:
      - Scaleway API-Gateway
      Strict-Transport-Security:
      - max-age=63072000
      X-Content-Type-Options:
      - nosniff
      X-Frame-Options:
      - DENY
      X-Request-Id:
      - d2d107d6-5190-4fdb-9083-a0903b211fb1
    status: 200 OK
    code: 200
    duration: ""
- request:
    body: ""
    form: {}
    headers:
      User-Agent:
      - scaleway-sdk-go/v1.0.0-beta.7+dev (go1.17.3; darwin; amd64) terraform-provider/develop
        terraform/terraform-tests
    url: https://api.scaleway.com/instance/v1/zones/fr-par-1/volumes/1f7dffa0-7677-4d37-83e4-16f55b2d0881
    method: DELETE
  response:
    body: ""
    headers:
      Content-Security-Policy:
      - default-src 'none'; frame-ancestors 'none'
      Date:
      - Mon, 20 Dec 2021 17:00:58 GMT
      Server:
      - Scaleway API-Gateway
      Strict-Transport-Security:
      - max-age=63072000
      X-Content-Type-Options:
      - nosniff
      X-Frame-Options:
      - DENY
      X-Request-Id:
      - 9e3086b6-4fa8-46c2-8895-cc5cad54dcf3
    status: 204 No Content
    code: 204
    duration: ""
- request:
    body: ""
    form: {}
    headers:
      User-Agent:
      - scaleway-sdk-go/v1.0.0-beta.7+dev (go1.17.3; darwin; amd64) terraform-provider/develop
        terraform/terraform-tests
    url: https://api.scaleway.com/instance/v1/zones/fr-par-1/volumes/1f7dffa0-7677-4d37-83e4-16f55b2d0881
    method: GET
  response:
    body: '{"type": "unknown_resource", "message": "Volume ''1f7dffa0-7677-4d37-83e4-16f55b2d0881''
      not found."}'
    headers:
      Content-Length:
      - "99"
      Content-Security-Policy:
      - default-src 'none'; frame-ancestors 'none'
      Content-Type:
      - application/json
      Date:
      - Mon, 20 Dec 2021 17:00:58 GMT
      Server:
      - Scaleway API-Gateway
      Strict-Transport-Security:
      - max-age=63072000
      X-Content-Type-Options:
      - nosniff
      X-Frame-Options:
      - DENY
      X-Request-Id:
      - 44afdd4d-b5b1-4b87-81e4-2390a23c283c
    status: 404 Not Found
    code: 404
    duration: ""
- request:
    body: ""
    form: {}
    headers:
      User-Agent:
      - scaleway-sdk-go/v1.0.0-beta.7+dev (go1.17.3; darwin; amd64) terraform-provider/develop
        terraform/terraform-tests
    url: https://api.scaleway.com/instance/v1/zones/fr-par-1/volumes/1f7dffa0-7677-4d37-83e4-16f55b2d0881
    method: GET
  response:
    body: '{"type": "unknown_resource", "message": "Volume ''1f7dffa0-7677-4d37-83e4-16f55b2d0881''
      not found."}'
    headers:
      Content-Length:
      - "99"
      Content-Security-Policy:
      - default-src 'none'; frame-ancestors 'none'
      Content-Type:
      - application/json
      Date:
      - Mon, 20 Dec 2021 17:00:58 GMT
      Server:
      - Scaleway API-Gateway
      Strict-Transport-Security:
      - max-age=63072000
      X-Content-Type-Options:
      - nosniff
      X-Frame-Options:
      - DENY
      X-Request-Id:
      - f96626fd-ff06-456c-a0ad-ea7aadcdcf2e
    status: 404 Not Found
    code: 404
    duration: ""
- request:
    body: ""
    form: {}
    headers:
      User-Agent:
      - scaleway-sdk-go/v1.0.0-beta.7+dev (go1.17.3; darwin; amd64) terraform-provider/develop
        terraform/terraform-tests
    url: https://api.scaleway.com/instance/v1/zones/fr-par-1/volumes/1f7dffa0-7677-4d37-83e4-16f55b2d0881
    method: GET
  response:
    body: '{"type": "unknown_resource", "message": "Volume ''1f7dffa0-7677-4d37-83e4-16f55b2d0881''
      not found."}'
    headers:
      Content-Length:
      - "99"
      Content-Security-Policy:
      - default-src 'none'; frame-ancestors 'none'
      Content-Type:
      - application/json
      Date:
      - Mon, 20 Dec 2021 17:00:58 GMT
      Server:
      - Scaleway API-Gateway
      Strict-Transport-Security:
      - max-age=63072000
      X-Content-Type-Options:
      - nosniff
      X-Frame-Options:
      - DENY
      X-Request-Id:
      - 396e09ed-0355-4277-975b-30529136614e
    status: 404 Not Found
    code: 404
    duration: ""
