---
version: 1
interactions:
- request:
    body: ""
    form: {}
    headers:
      User-Agent:
      - scaleway-sdk-go/v1.0.0-beta.7+dev (go1.19.1; linux; amd64) terraform-provider/develop
        terraform/terraform-tests
    url: https://api.scaleway.com/account/v2/projects?name=default&order_by=created_at_asc&organization_id=ee7bd9e1-9cbd-4724-b2f4-19e50f3cf38b
    method: GET
  response:
    body: '{"total_count":1,"projects":[{"id":"ee7bd9e1-9cbd-4724-b2f4-19e50f3cf38b","name":"default","organization_id":"ee7bd9e1-9cbd-4724-b2f4-19e50f3cf38b","created_at":"2022-01-27T09:48:44.921507Z","updated_at":"2022-01-27T09:48:44.921507Z","description":""}]}'
    headers:
      Content-Length:
      - "253"
      Content-Security-Policy:
      - default-src 'none'; frame-ancestors 'none'
      Content-Type:
      - application/json
      Date:
      - Thu, 06 Oct 2022 12:25:16 GMT
      Server:
      - Scaleway API-Gateway
      Strict-Transport-Security:
      - max-age=63072000
      X-Content-Type-Options:
      - nosniff
      X-Frame-Options:
      - DENY
      X-Request-Id:
      - 37c7b962-1cbd-4b3d-b356-10b042c4261f
    status: 200 OK
    code: 200
    duration: ""
- request:
    body: ""
    form: {}
    headers:
      User-Agent:
      - scaleway-sdk-go/v1.0.0-beta.7+dev (go1.19.1; linux; amd64) terraform-provider/develop
        terraform/terraform-tests
    url: https://api.scaleway.com/account/v2/projects/ee7bd9e1-9cbd-4724-b2f4-19e50f3cf38b
    method: GET
  response:
    body: '{"id":"ee7bd9e1-9cbd-4724-b2f4-19e50f3cf38b","name":"default","organization_id":"ee7bd9e1-9cbd-4724-b2f4-19e50f3cf38b","created_at":"2022-01-27T09:48:44.921507Z","updated_at":"2022-01-27T09:48:44.921507Z","description":""}'
    headers:
      Content-Length:
      - "222"
      Content-Security-Policy:
      - default-src 'none'; frame-ancestors 'none'
      Content-Type:
      - application/json
      Date:
      - Thu, 06 Oct 2022 12:25:17 GMT
      Server:
      - Scaleway API-Gateway
      Strict-Transport-Security:
      - max-age=63072000
      X-Content-Type-Options:
      - nosniff
      X-Frame-Options:
      - DENY
      X-Request-Id:
      - 1f9b7303-1c23-41ea-8f0e-8007f1a747b3
    status: 200 OK
    code: 200
    duration: ""
- request:
    body: ""
    form: {}
    headers:
      User-Agent:
      - scaleway-sdk-go/v1.0.0-beta.7+dev (go1.19.1; linux; amd64) terraform-provider/develop
        terraform/terraform-tests
    url: https://api.scaleway.com/account/v2/projects?name=default&order_by=created_at_asc&organization_id=ee7bd9e1-9cbd-4724-b2f4-19e50f3cf38b
    method: GET
  response:
    body: '{"total_count":1,"projects":[{"id":"ee7bd9e1-9cbd-4724-b2f4-19e50f3cf38b","name":"default","organization_id":"ee7bd9e1-9cbd-4724-b2f4-19e50f3cf38b","created_at":"2022-01-27T09:48:44.921507Z","updated_at":"2022-01-27T09:48:44.921507Z","description":""}]}'
    headers:
      Content-Length:
      - "253"
      Content-Security-Policy:
      - default-src 'none'; frame-ancestors 'none'
      Content-Type:
      - application/json
      Date:
      - Thu, 06 Oct 2022 12:25:17 GMT
      Server:
      - Scaleway API-Gateway
      Strict-Transport-Security:
      - max-age=63072000
      X-Content-Type-Options:
      - nosniff
      X-Frame-Options:
      - DENY
      X-Request-Id:
      - 7941954b-5531-48fa-9146-b82c8a725ffe
    status: 200 OK
    code: 200
    duration: ""
- request:
    body: ""
    form: {}
    headers:
      User-Agent:
      - scaleway-sdk-go/v1.0.0-beta.7+dev (go1.19.1; linux; amd64) terraform-provider/develop
        terraform/terraform-tests
    url: https://api.scaleway.com/account/v2/projects/ee7bd9e1-9cbd-4724-b2f4-19e50f3cf38b
    method: GET
  response:
    body: '{"id":"ee7bd9e1-9cbd-4724-b2f4-19e50f3cf38b","name":"default","organization_id":"ee7bd9e1-9cbd-4724-b2f4-19e50f3cf38b","created_at":"2022-01-27T09:48:44.921507Z","updated_at":"2022-01-27T09:48:44.921507Z","description":""}'
    headers:
      Content-Length:
      - "222"
      Content-Security-Policy:
      - default-src 'none'; frame-ancestors 'none'
      Content-Type:
      - application/json
      Date:
      - Thu, 06 Oct 2022 12:25:18 GMT
      Server:
      - Scaleway API-Gateway
      Strict-Transport-Security:
      - max-age=63072000
      X-Content-Type-Options:
      - nosniff
      X-Frame-Options:
      - DENY
      X-Request-Id:
      - fb2a39f5-7aef-4829-8562-f67e041fda5b
    status: 200 OK
    code: 200
    duration: ""
- request:
    body: ""
    form: {}
    headers:
      User-Agent:
      - scaleway-sdk-go/v1.0.0-beta.7+dev (go1.19.1; linux; amd64) terraform-provider/develop
        terraform/terraform-tests
    url: https://api.scaleway.com/account/v2/projects?name=default&order_by=created_at_asc&organization_id=ee7bd9e1-9cbd-4724-b2f4-19e50f3cf38b
    method: GET
  response:
    body: '{"total_count":1,"projects":[{"id":"ee7bd9e1-9cbd-4724-b2f4-19e50f3cf38b","name":"default","organization_id":"ee7bd9e1-9cbd-4724-b2f4-19e50f3cf38b","created_at":"2022-01-27T09:48:44.921507Z","updated_at":"2022-01-27T09:48:44.921507Z","description":""}]}'
    headers:
      Content-Length:
      - "253"
      Content-Security-Policy:
      - default-src 'none'; frame-ancestors 'none'
      Content-Type:
      - application/json
      Date:
      - Thu, 06 Oct 2022 12:25:18 GMT
      Server:
      - Scaleway API-Gateway
      Strict-Transport-Security:
      - max-age=63072000
      X-Content-Type-Options:
      - nosniff
      X-Frame-Options:
      - DENY
      X-Request-Id:
      - 51b66027-a960-4e9a-9a67-68abc0bb3e38
    status: 200 OK
    code: 200
    duration: ""
- request:
    body: ""
    form: {}
    headers:
      User-Agent:
      - scaleway-sdk-go/v1.0.0-beta.7+dev (go1.19.1; linux; amd64) terraform-provider/develop
        terraform/terraform-tests
    url: https://api.scaleway.com/account/v2/projects/ee7bd9e1-9cbd-4724-b2f4-19e50f3cf38b
    method: GET
  response:
    body: '{"id":"ee7bd9e1-9cbd-4724-b2f4-19e50f3cf38b","name":"default","organization_id":"ee7bd9e1-9cbd-4724-b2f4-19e50f3cf38b","created_at":"2022-01-27T09:48:44.921507Z","updated_at":"2022-01-27T09:48:44.921507Z","description":""}'
    headers:
      Content-Length:
      - "222"
      Content-Security-Policy:
      - default-src 'none'; frame-ancestors 'none'
      Content-Type:
      - application/json
      Date:
      - Thu, 06 Oct 2022 12:25:19 GMT
      Server:
      - Scaleway API-Gateway
      Strict-Transport-Security:
      - max-age=63072000
      X-Content-Type-Options:
      - nosniff
      X-Frame-Options:
      - DENY
      X-Request-Id:
      - 101ef85a-d2d8-4ef0-b6ab-2614784fcffe
    status: 200 OK
    code: 200
    duration: ""
- request:
    body: ""
    form: {}
    headers:
      User-Agent:
      - scaleway-sdk-go/v1.0.0-beta.7+dev (go1.19.1; linux; amd64) terraform-provider/develop
        terraform/terraform-tests
    url: https://api.scaleway.com/account/v2/projects?name=default&order_by=created_at_asc&organization_id=ee7bd9e1-9cbd-4724-b2f4-19e50f3cf38b
    method: GET
  response:
    body: '{"total_count":1,"projects":[{"id":"ee7bd9e1-9cbd-4724-b2f4-19e50f3cf38b","name":"default","organization_id":"ee7bd9e1-9cbd-4724-b2f4-19e50f3cf38b","created_at":"2022-01-27T09:48:44.921507Z","updated_at":"2022-01-27T09:48:44.921507Z","description":""}]}'
    headers:
      Content-Length:
      - "253"
      Content-Security-Policy:
      - default-src 'none'; frame-ancestors 'none'
      Content-Type:
      - application/json
      Date:
      - Thu, 06 Oct 2022 12:25:19 GMT
      Server:
      - Scaleway API-Gateway
      Strict-Transport-Security:
      - max-age=63072000
      X-Content-Type-Options:
      - nosniff
      X-Frame-Options:
      - DENY
      X-Request-Id:
      - 0b1b4ab1-2c52-469f-a91d-bcc723220e1e
    status: 200 OK
    code: 200
    duration: ""
- request:
    body: ""
    form: {}
    headers:
      User-Agent:
      - scaleway-sdk-go/v1.0.0-beta.7+dev (go1.19.1; linux; amd64) terraform-provider/develop
        terraform/terraform-tests
    url: https://api.scaleway.com/account/v2/projects/ee7bd9e1-9cbd-4724-b2f4-19e50f3cf38b
    method: GET
  response:
    body: '{"id":"ee7bd9e1-9cbd-4724-b2f4-19e50f3cf38b","name":"default","organization_id":"ee7bd9e1-9cbd-4724-b2f4-19e50f3cf38b","created_at":"2022-01-27T09:48:44.921507Z","updated_at":"2022-01-27T09:48:44.921507Z","description":""}'
    headers:
      Content-Length:
      - "222"
      Content-Security-Policy:
      - default-src 'none'; frame-ancestors 'none'
      Content-Type:
      - application/json
      Date:
      - Thu, 06 Oct 2022 12:25:19 GMT
      Server:
      - Scaleway API-Gateway
      Strict-Transport-Security:
      - max-age=63072000
      X-Content-Type-Options:
      - nosniff
      X-Frame-Options:
      - DENY
      X-Request-Id:
      - 60c2337d-41d9-4d53-b192-93e401affc25
    status: 200 OK
    code: 200
    duration: ""
- request:
    body: ""
    form: {}
    headers:
      User-Agent:
      - scaleway-sdk-go/v1.0.0-beta.7+dev (go1.19.1; linux; amd64) terraform-provider/develop
        terraform/terraform-tests
    url: https://api.scaleway.com/account/v2/projects?name=default&order_by=created_at_asc&organization_id=ee7bd9e1-9cbd-4724-b2f4-19e50f3cf38b
    method: GET
  response:
    body: '{"total_count":1,"projects":[{"id":"ee7bd9e1-9cbd-4724-b2f4-19e50f3cf38b","name":"default","organization_id":"ee7bd9e1-9cbd-4724-b2f4-19e50f3cf38b","created_at":"2022-01-27T09:48:44.921507Z","updated_at":"2022-01-27T09:48:44.921507Z","description":""}]}'
    headers:
      Content-Length:
      - "253"
      Content-Security-Policy:
      - default-src 'none'; frame-ancestors 'none'
      Content-Type:
      - application/json
      Date:
      - Thu, 06 Oct 2022 12:25:20 GMT
      Server:
      - Scaleway API-Gateway
      Strict-Transport-Security:
      - max-age=63072000
      X-Content-Type-Options:
      - nosniff
      X-Frame-Options:
      - DENY
      X-Request-Id:
      - 88bdf0a2-0ef8-42d3-b28b-0f2a7aad89a8
    status: 200 OK
    code: 200
    duration: ""
- request:
    body: ""
    form: {}
    headers:
      User-Agent:
      - scaleway-sdk-go/v1.0.0-beta.7+dev (go1.19.1; linux; amd64) terraform-provider/develop
        terraform/terraform-tests
    url: https://api.scaleway.com/account/v2/projects/ee7bd9e1-9cbd-4724-b2f4-19e50f3cf38b
    method: GET
  response:
    body: '{"id":"ee7bd9e1-9cbd-4724-b2f4-19e50f3cf38b","name":"default","organization_id":"ee7bd9e1-9cbd-4724-b2f4-19e50f3cf38b","created_at":"2022-01-27T09:48:44.921507Z","updated_at":"2022-01-27T09:48:44.921507Z","description":""}'
    headers:
      Content-Length:
      - "222"
      Content-Security-Policy:
      - default-src 'none'; frame-ancestors 'none'
      Content-Type:
      - application/json
      Date:
      - Thu, 06 Oct 2022 12:25:20 GMT
      Server:
      - Scaleway API-Gateway
      Strict-Transport-Security:
      - max-age=63072000
      X-Content-Type-Options:
      - nosniff
      X-Frame-Options:
      - DENY
      X-Request-Id:
      - 2bee6de9-29e6-48d0-9038-e8dcac126574
    status: 200 OK
    code: 200
    duration: ""
- request:
    body: ""
    form: {}
    headers:
      User-Agent:
      - scaleway-sdk-go/v1.0.0-beta.7+dev (go1.19.1; linux; amd64) terraform-provider/develop
        terraform/terraform-tests
    url: https://api.scaleway.com/account/v2/projects?name=default&order_by=created_at_asc&organization_id=ee7bd9e1-9cbd-4724-b2f4-19e50f3cf38b
    method: GET
  response:
    body: '{"total_count":1,"projects":[{"id":"ee7bd9e1-9cbd-4724-b2f4-19e50f3cf38b","name":"default","organization_id":"ee7bd9e1-9cbd-4724-b2f4-19e50f3cf38b","created_at":"2022-01-27T09:48:44.921507Z","updated_at":"2022-01-27T09:48:44.921507Z","description":""}]}'
    headers:
      Content-Length:
      - "253"
      Content-Security-Policy:
      - default-src 'none'; frame-ancestors 'none'
      Content-Type:
      - application/json
      Date:
      - Thu, 06 Oct 2022 12:25:21 GMT
      Server:
      - Scaleway API-Gateway
      Strict-Transport-Security:
      - max-age=63072000
      X-Content-Type-Options:
      - nosniff
      X-Frame-Options:
      - DENY
      X-Request-Id:
      - e2587808-4c0f-4d55-b0ac-42b38b2c57cc
    status: 200 OK
    code: 200
    duration: ""
- request:
    body: ""
    form: {}
    headers:
      User-Agent:
      - scaleway-sdk-go/v1.0.0-beta.7+dev (go1.19.1; linux; amd64) terraform-provider/develop
        terraform/terraform-tests
    url: https://api.scaleway.com/account/v2/projects/ee7bd9e1-9cbd-4724-b2f4-19e50f3cf38b
    method: GET
  response:
    body: '{"id":"ee7bd9e1-9cbd-4724-b2f4-19e50f3cf38b","name":"default","organization_id":"ee7bd9e1-9cbd-4724-b2f4-19e50f3cf38b","created_at":"2022-01-27T09:48:44.921507Z","updated_at":"2022-01-27T09:48:44.921507Z","description":""}'
    headers:
      Content-Length:
      - "222"
      Content-Security-Policy:
      - default-src 'none'; frame-ancestors 'none'
      Content-Type:
      - application/json
      Date:
      - Thu, 06 Oct 2022 12:25:21 GMT
      Server:
      - Scaleway API-Gateway
      Strict-Transport-Security:
      - max-age=63072000
      X-Content-Type-Options:
      - nosniff
      X-Frame-Options:
      - DENY
      X-Request-Id:
      - ec35b302-bd3b-4627-927f-2da6f27b25b4
    status: 200 OK
    code: 200
    duration: ""
- request:
    body: ""
    form: {}
    headers:
      User-Agent:
      - scaleway-sdk-go/v1.0.0-beta.7+dev (go1.19.1; linux; amd64) terraform-provider/develop
        terraform/terraform-tests
    url: https://api.scaleway.com/account/v2/projects?name=default&order_by=created_at_asc&organization_id=ee7bd9e1-9cbd-4724-b2f4-19e50f3cf38b
    method: GET
  response:
    body: '{"total_count":1,"projects":[{"id":"ee7bd9e1-9cbd-4724-b2f4-19e50f3cf38b","name":"default","organization_id":"ee7bd9e1-9cbd-4724-b2f4-19e50f3cf38b","created_at":"2022-01-27T09:48:44.921507Z","updated_at":"2022-01-27T09:48:44.921507Z","description":""}]}'
    headers:
      Content-Length:
      - "253"
      Content-Security-Policy:
      - default-src 'none'; frame-ancestors 'none'
      Content-Type:
      - application/json
      Date:
      - Thu, 06 Oct 2022 12:25:21 GMT
      Server:
      - Scaleway API-Gateway
      Strict-Transport-Security:
      - max-age=63072000
      X-Content-Type-Options:
      - nosniff
      X-Frame-Options:
      - DENY
      X-Request-Id:
      - ec32f309-bd2c-4d9b-a25a-f2dfa680a8dc
    status: 200 OK
    code: 200
    duration: ""
- request:
    body: ""
    form: {}
    headers:
      User-Agent:
      - scaleway-sdk-go/v1.0.0-beta.7+dev (go1.19.1; linux; amd64) terraform-provider/develop
        terraform/terraform-tests
    url: https://api.scaleway.com/account/v2/projects/ee7bd9e1-9cbd-4724-b2f4-19e50f3cf38b
    method: GET
  response:
    body: '{"id":"ee7bd9e1-9cbd-4724-b2f4-19e50f3cf38b","name":"default","organization_id":"ee7bd9e1-9cbd-4724-b2f4-19e50f3cf38b","created_at":"2022-01-27T09:48:44.921507Z","updated_at":"2022-01-27T09:48:44.921507Z","description":""}'
    headers:
      Content-Length:
      - "222"
      Content-Security-Policy:
      - default-src 'none'; frame-ancestors 'none'
      Content-Type:
      - application/json
      Date:
      - Thu, 06 Oct 2022 12:25:21 GMT
      Server:
      - Scaleway API-Gateway
      Strict-Transport-Security:
      - max-age=63072000
      X-Content-Type-Options:
      - nosniff
      X-Frame-Options:
      - DENY
      X-Request-Id:
      - aad67e8a-170b-43a6-ae97-694941e1ef9b
    status: 200 OK
    code: 200
    duration: ""
- request:
    body: ""
    form: {}
    headers:
      User-Agent:
      - scaleway-sdk-go/v1.0.0-beta.7+dev (go1.19.1; linux; amd64) terraform-provider/develop
        terraform/terraform-tests
    url: https://api.scaleway.com/account/v2/projects?name=default&order_by=created_at_asc&organization_id=ee7bd9e1-9cbd-4724-b2f4-19e50f3cf38b
    method: GET
  response:
    body: '{"total_count":1,"projects":[{"id":"ee7bd9e1-9cbd-4724-b2f4-19e50f3cf38b","name":"default","organization_id":"ee7bd9e1-9cbd-4724-b2f4-19e50f3cf38b","created_at":"2022-01-27T09:48:44.921507Z","updated_at":"2022-01-27T09:48:44.921507Z","description":""}]}'
    headers:
      Content-Length:
      - "253"
      Content-Security-Policy:
      - default-src 'none'; frame-ancestors 'none'
      Content-Type:
      - application/json
      Date:
      - Thu, 06 Oct 2022 12:25:22 GMT
      Server:
      - Scaleway API-Gateway
      Strict-Transport-Security:
      - max-age=63072000
      X-Content-Type-Options:
      - nosniff
      X-Frame-Options:
      - DENY
      X-Request-Id:
      - e92003ae-e9d8-485a-80b1-28a7ab4637c2
    status: 200 OK
    code: 200
    duration: ""
- request:
    body: ""
    form: {}
    headers:
      User-Agent:
      - scaleway-sdk-go/v1.0.0-beta.7+dev (go1.19.1; linux; amd64) terraform-provider/develop
        terraform/terraform-tests
    url: https://api.scaleway.com/account/v2/projects/ee7bd9e1-9cbd-4724-b2f4-19e50f3cf38b
    method: GET
  response:
    body: '{"id":"ee7bd9e1-9cbd-4724-b2f4-19e50f3cf38b","name":"default","organization_id":"ee7bd9e1-9cbd-4724-b2f4-19e50f3cf38b","created_at":"2022-01-27T09:48:44.921507Z","updated_at":"2022-01-27T09:48:44.921507Z","description":""}'
    headers:
      Content-Length:
      - "222"
      Content-Security-Policy:
      - default-src 'none'; frame-ancestors 'none'
      Content-Type:
      - application/json
      Date:
      - Thu, 06 Oct 2022 12:25:22 GMT
      Server:
      - Scaleway API-Gateway
      Strict-Transport-Security:
      - max-age=63072000
      X-Content-Type-Options:
      - nosniff
      X-Frame-Options:
      - DENY
      X-Request-Id:
      - 149996cb-4ebb-4bab-b23a-7ab156e53813
    status: 200 OK
    code: 200
    duration: ""
- request:
    body: ""
    form: {}
    headers:
      User-Agent:
      - scaleway-sdk-go/v1.0.0-beta.7+dev (go1.19.1; linux; amd64) terraform-provider/develop
        terraform/terraform-tests
    url: https://api.scaleway.com/account/v2/projects?name=default&order_by=created_at_asc&organization_id=ee7bd9e1-9cbd-4724-b2f4-19e50f3cf38b
    method: GET
  response:
    body: '{"total_count":1,"projects":[{"id":"ee7bd9e1-9cbd-4724-b2f4-19e50f3cf38b","name":"default","organization_id":"ee7bd9e1-9cbd-4724-b2f4-19e50f3cf38b","created_at":"2022-01-27T09:48:44.921507Z","updated_at":"2022-01-27T09:48:44.921507Z","description":""}]}'
    headers:
      Content-Length:
      - "253"
      Content-Security-Policy:
      - default-src 'none'; frame-ancestors 'none'
      Content-Type:
      - application/json
      Date:
      - Thu, 06 Oct 2022 12:25:22 GMT
      Server:
      - Scaleway API-Gateway
      Strict-Transport-Security:
      - max-age=63072000
      X-Content-Type-Options:
      - nosniff
      X-Frame-Options:
      - DENY
      X-Request-Id:
      - be58d595-9d5a-419a-a2a0-e4f7e36bcc24
    status: 200 OK
    code: 200
    duration: ""
- request:
    body: ""
    form: {}
    headers:
      User-Agent:
      - scaleway-sdk-go/v1.0.0-beta.7+dev (go1.19.1; linux; amd64) terraform-provider/develop
        terraform/terraform-tests
    url: https://api.scaleway.com/account/v2/projects/ee7bd9e1-9cbd-4724-b2f4-19e50f3cf38b
    method: GET
  response:
    body: '{"id":"ee7bd9e1-9cbd-4724-b2f4-19e50f3cf38b","name":"default","organization_id":"ee7bd9e1-9cbd-4724-b2f4-19e50f3cf38b","created_at":"2022-01-27T09:48:44.921507Z","updated_at":"2022-01-27T09:48:44.921507Z","description":""}'
    headers:
      Content-Length:
      - "222"
      Content-Security-Policy:
      - default-src 'none'; frame-ancestors 'none'
      Content-Type:
      - application/json
      Date:
      - Thu, 06 Oct 2022 12:25:23 GMT
      Server:
      - Scaleway API-Gateway
      Strict-Transport-Security:
      - max-age=63072000
      X-Content-Type-Options:
      - nosniff
      X-Frame-Options:
      - DENY
      X-Request-Id:
      - 845b7f10-fb81-4d53-b0b0-81c44ee5df2a
    status: 200 OK
    code: 200
    duration: ""
- request:
    body: ""
    form: {}
    headers:
      User-Agent:
      - scaleway-sdk-go/v1.0.0-beta.7+dev (go1.19.1; linux; amd64) terraform-provider/develop
        terraform/terraform-tests
    url: https://api.scaleway.com/account/v2/projects?name=default&order_by=created_at_asc&organization_id=ee7bd9e1-9cbd-4724-b2f4-19e50f3cf38b
    method: GET
  response:
    body: '{"total_count":1,"projects":[{"id":"ee7bd9e1-9cbd-4724-b2f4-19e50f3cf38b","name":"default","organization_id":"ee7bd9e1-9cbd-4724-b2f4-19e50f3cf38b","created_at":"2022-01-27T09:48:44.921507Z","updated_at":"2022-01-27T09:48:44.921507Z","description":""}]}'
    headers:
      Content-Length:
      - "253"
      Content-Security-Policy:
      - default-src 'none'; frame-ancestors 'none'
      Content-Type:
      - application/json
      Date:
      - Thu, 06 Oct 2022 12:25:23 GMT
      Server:
      - Scaleway API-Gateway
      Strict-Transport-Security:
      - max-age=63072000
      X-Content-Type-Options:
      - nosniff
      X-Frame-Options:
      - DENY
      X-Request-Id:
      - dadf8442-1ef3-4634-9566-2b502b3dd78c
    status: 200 OK
    code: 200
    duration: ""
- request:
    body: ""
    form: {}
    headers:
      User-Agent:
      - scaleway-sdk-go/v1.0.0-beta.7+dev (go1.19.1; linux; amd64) terraform-provider/develop
        terraform/terraform-tests
    url: https://api.scaleway.com/account/v2/projects/ee7bd9e1-9cbd-4724-b2f4-19e50f3cf38b
    method: GET
  response:
    body: '{"id":"ee7bd9e1-9cbd-4724-b2f4-19e50f3cf38b","name":"default","organization_id":"ee7bd9e1-9cbd-4724-b2f4-19e50f3cf38b","created_at":"2022-01-27T09:48:44.921507Z","updated_at":"2022-01-27T09:48:44.921507Z","description":""}'
    headers:
      Content-Length:
      - "222"
      Content-Security-Policy:
      - default-src 'none'; frame-ancestors 'none'
      Content-Type:
      - application/json
      Date:
      - Thu, 06 Oct 2022 12:25:24 GMT
      Server:
      - Scaleway API-Gateway
      Strict-Transport-Security:
      - max-age=63072000
      X-Content-Type-Options:
      - nosniff
      X-Frame-Options:
      - DENY
      X-Request-Id:
      - 9a6ef757-68eb-4a78-b5e2-a09a7435ddea
    status: 200 OK
    code: 200
    duration: ""
- request:
    body: ""
    form: {}
    headers:
      User-Agent:
      - scaleway-sdk-go/v1.0.0-beta.7+dev (go1.19.1; linux; amd64) terraform-provider/develop
        terraform/terraform-tests
    url: https://api.scaleway.com/account/v2/projects?name=default&order_by=created_at_asc&organization_id=ee7bd9e1-9cbd-4724-b2f4-19e50f3cf38b
    method: GET
  response:
    body: '{"total_count":1,"projects":[{"id":"ee7bd9e1-9cbd-4724-b2f4-19e50f3cf38b","name":"default","organization_id":"ee7bd9e1-9cbd-4724-b2f4-19e50f3cf38b","created_at":"2022-01-27T09:48:44.921507Z","updated_at":"2022-01-27T09:48:44.921507Z","description":""}]}'
    headers:
      Content-Length:
      - "253"
      Content-Security-Policy:
      - default-src 'none'; frame-ancestors 'none'
      Content-Type:
      - application/json
      Date:
      - Thu, 06 Oct 2022 12:25:24 GMT
      Server:
      - Scaleway API-Gateway
      Strict-Transport-Security:
      - max-age=63072000
      X-Content-Type-Options:
      - nosniff
      X-Frame-Options:
      - DENY
      X-Request-Id:
      - 76bc100b-82b9-4592-ab8d-2df2585e0b0a
    status: 200 OK
    code: 200
    duration: ""
- request:
    body: ""
    form: {}
    headers:
      User-Agent:
      - scaleway-sdk-go/v1.0.0-beta.7+dev (go1.19.1; linux; amd64) terraform-provider/develop
        terraform/terraform-tests
    url: https://api.scaleway.com/account/v2/projects/ee7bd9e1-9cbd-4724-b2f4-19e50f3cf38b
    method: GET
  response:
    body: '{"id":"ee7bd9e1-9cbd-4724-b2f4-19e50f3cf38b","name":"default","organization_id":"ee7bd9e1-9cbd-4724-b2f4-19e50f3cf38b","created_at":"2022-01-27T09:48:44.921507Z","updated_at":"2022-01-27T09:48:44.921507Z","description":""}'
    headers:
      Content-Length:
      - "222"
      Content-Security-Policy:
      - default-src 'none'; frame-ancestors 'none'
      Content-Type:
      - application/json
      Date:
      - Thu, 06 Oct 2022 12:25:24 GMT
      Server:
      - Scaleway API-Gateway
      Strict-Transport-Security:
      - max-age=63072000
      X-Content-Type-Options:
      - nosniff
      X-Frame-Options:
      - DENY
      X-Request-Id:
      - c785fa11-bce5-45ca-b67f-e64bc98de594
    status: 200 OK
    code: 200
    duration: ""
- request:
    body: ""
    form: {}
    headers:
      User-Agent:
      - scaleway-sdk-go/v1.0.0-beta.7+dev (go1.19.1; linux; amd64) terraform-provider/develop
        terraform/terraform-tests
    url: https://api.scaleway.com/account/v2/projects?name=default&order_by=created_at_asc&organization_id=ee7bd9e1-9cbd-4724-b2f4-19e50f3cf38b
    method: GET
  response:
    body: '{"total_count":1,"projects":[{"id":"ee7bd9e1-9cbd-4724-b2f4-19e50f3cf38b","name":"default","organization_id":"ee7bd9e1-9cbd-4724-b2f4-19e50f3cf38b","created_at":"2022-01-27T09:48:44.921507Z","updated_at":"2022-01-27T09:48:44.921507Z","description":""}]}'
    headers:
      Content-Length:
      - "253"
      Content-Security-Policy:
      - default-src 'none'; frame-ancestors 'none'
      Content-Type:
      - application/json
      Date:
      - Thu, 06 Oct 2022 12:25:25 GMT
      Server:
      - Scaleway API-Gateway
      Strict-Transport-Security:
      - max-age=63072000
      X-Content-Type-Options:
      - nosniff
      X-Frame-Options:
      - DENY
      X-Request-Id:
      - dcf26720-43a9-4198-83c3-0d6a685d3d5d
    status: 200 OK
    code: 200
    duration: ""
- request:
    body: ""
    form: {}
    headers:
      User-Agent:
      - scaleway-sdk-go/v1.0.0-beta.7+dev (go1.19.1; linux; amd64) terraform-provider/develop
        terraform/terraform-tests
    url: https://api.scaleway.com/account/v2/projects/ee7bd9e1-9cbd-4724-b2f4-19e50f3cf38b
    method: GET
  response:
    body: '{"id":"ee7bd9e1-9cbd-4724-b2f4-19e50f3cf38b","name":"default","organization_id":"ee7bd9e1-9cbd-4724-b2f4-19e50f3cf38b","created_at":"2022-01-27T09:48:44.921507Z","updated_at":"2022-01-27T09:48:44.921507Z","description":""}'
    headers:
      Content-Length:
      - "222"
      Content-Security-Policy:
      - default-src 'none'; frame-ancestors 'none'
      Content-Type:
      - application/json
      Date:
      - Thu, 06 Oct 2022 12:25:25 GMT
      Server:
      - Scaleway API-Gateway
      Strict-Transport-Security:
      - max-age=63072000
      X-Content-Type-Options:
      - nosniff
      X-Frame-Options:
      - DENY
      X-Request-Id:
      - c348c6a3-3899-41a1-a4d0-f0d84a9539a0
    status: 200 OK
    code: 200
    duration: ""
- request:
    body: ""
    form: {}
    headers:
      User-Agent:
      - scaleway-sdk-go/v1.0.0-beta.7+dev (go1.19.1; linux; amd64) terraform-provider/develop
        terraform/terraform-tests
    url: https://api.scaleway.com/account/v2/projects?name=default&order_by=created_at_asc&organization_id=ee7bd9e1-9cbd-4724-b2f4-19e50f3cf38b
    method: GET
  response:
    body: '{"total_count":1,"projects":[{"id":"ee7bd9e1-9cbd-4724-b2f4-19e50f3cf38b","name":"default","organization_id":"ee7bd9e1-9cbd-4724-b2f4-19e50f3cf38b","created_at":"2022-01-27T09:48:44.921507Z","updated_at":"2022-01-27T09:48:44.921507Z","description":""}]}'
    headers:
      Content-Length:
      - "253"
      Content-Security-Policy:
      - default-src 'none'; frame-ancestors 'none'
      Content-Type:
      - application/json
      Date:
      - Thu, 06 Oct 2022 12:25:26 GMT
      Server:
      - Scaleway API-Gateway
      Strict-Transport-Security:
      - max-age=63072000
      X-Content-Type-Options:
      - nosniff
      X-Frame-Options:
      - DENY
      X-Request-Id:
      - 9bd6fb1b-f0a1-48ee-89dd-2c43e1eb7b13
    status: 200 OK
    code: 200
    duration: ""
- request:
    body: ""
    form: {}
    headers:
      User-Agent:
      - scaleway-sdk-go/v1.0.0-beta.7+dev (go1.19.1; linux; amd64) terraform-provider/develop
        terraform/terraform-tests
    url: https://api.scaleway.com/account/v2/projects/ee7bd9e1-9cbd-4724-b2f4-19e50f3cf38b
    method: GET
  response:
    body: '{"id":"ee7bd9e1-9cbd-4724-b2f4-19e50f3cf38b","name":"default","organization_id":"ee7bd9e1-9cbd-4724-b2f4-19e50f3cf38b","created_at":"2022-01-27T09:48:44.921507Z","updated_at":"2022-01-27T09:48:44.921507Z","description":""}'
    headers:
      Content-Length:
      - "222"
      Content-Security-Policy:
      - default-src 'none'; frame-ancestors 'none'
      Content-Type:
      - application/json
      Date:
      - Thu, 06 Oct 2022 12:25:26 GMT
      Server:
      - Scaleway API-Gateway
      Strict-Transport-Security:
      - max-age=63072000
      X-Content-Type-Options:
      - nosniff
      X-Frame-Options:
      - DENY
      X-Request-Id:
      - 6693f7c2-0931-48e9-9c83-10a31f0fa940
    status: 200 OK
    code: 200
    duration: ""
- request:
    body: ""
    form: {}
    headers:
      User-Agent:
      - scaleway-sdk-go/v1.0.0-beta.7+dev (go1.19.1; linux; amd64) terraform-provider/develop
        terraform/terraform-tests
    url: https://api.scaleway.com/account/v2/projects?name=default&order_by=created_at_asc&organization_id=ee7bd9e1-9cbd-4724-b2f4-19e50f3cf38b
    method: GET
  response:
    body: '{"total_count":1,"projects":[{"id":"ee7bd9e1-9cbd-4724-b2f4-19e50f3cf38b","name":"default","organization_id":"ee7bd9e1-9cbd-4724-b2f4-19e50f3cf38b","created_at":"2022-01-27T09:48:44.921507Z","updated_at":"2022-01-27T09:48:44.921507Z","description":""}]}'
    headers:
      Content-Length:
      - "253"
      Content-Security-Policy:
      - default-src 'none'; frame-ancestors 'none'
      Content-Type:
      - application/json
      Date:
      - Thu, 06 Oct 2022 12:25:26 GMT
      Server:
      - Scaleway API-Gateway
      Strict-Transport-Security:
      - max-age=63072000
      X-Content-Type-Options:
      - nosniff
      X-Frame-Options:
      - DENY
      X-Request-Id:
      - 9153551d-50d9-42bd-8a85-3c57d6d97320
    status: 200 OK
    code: 200
    duration: ""
- request:
    body: ""
    form: {}
    headers:
      User-Agent:
      - scaleway-sdk-go/v1.0.0-beta.7+dev (go1.19.1; linux; amd64) terraform-provider/develop
        terraform/terraform-tests
    url: https://api.scaleway.com/account/v2/projects/ee7bd9e1-9cbd-4724-b2f4-19e50f3cf38b
    method: GET
  response:
    body: '{"id":"ee7bd9e1-9cbd-4724-b2f4-19e50f3cf38b","name":"default","organization_id":"ee7bd9e1-9cbd-4724-b2f4-19e50f3cf38b","created_at":"2022-01-27T09:48:44.921507Z","updated_at":"2022-01-27T09:48:44.921507Z","description":""}'
    headers:
      Content-Length:
      - "222"
      Content-Security-Policy:
      - default-src 'none'; frame-ancestors 'none'
      Content-Type:
      - application/json
      Date:
      - Thu, 06 Oct 2022 12:25:27 GMT
      Server:
      - Scaleway API-Gateway
      Strict-Transport-Security:
      - max-age=63072000
      X-Content-Type-Options:
      - nosniff
      X-Frame-Options:
      - DENY
      X-Request-Id:
      - 4ab75a56-08a6-421b-99f9-49651ecb09bb
    status: 200 OK
    code: 200
    duration: ""
- request:
    body: ""
    form: {}
    headers:
      User-Agent:
      - scaleway-sdk-go/v1.0.0-beta.7+dev (go1.19.1; linux; amd64) terraform-provider/develop
        terraform/terraform-tests
    url: https://api.scaleway.com/account/v2/projects?name=default&order_by=created_at_asc&organization_id=ee7bd9e1-9cbd-4724-b2f4-19e50f3cf38b
    method: GET
  response:
    body: '{"total_count":1,"projects":[{"id":"ee7bd9e1-9cbd-4724-b2f4-19e50f3cf38b","name":"default","organization_id":"ee7bd9e1-9cbd-4724-b2f4-19e50f3cf38b","created_at":"2022-01-27T09:48:44.921507Z","updated_at":"2022-01-27T09:48:44.921507Z","description":""}]}'
    headers:
      Content-Length:
      - "253"
      Content-Security-Policy:
      - default-src 'none'; frame-ancestors 'none'
      Content-Type:
      - application/json
      Date:
      - Thu, 06 Oct 2022 12:25:27 GMT
      Server:
      - Scaleway API-Gateway
      Strict-Transport-Security:
      - max-age=63072000
      X-Content-Type-Options:
      - nosniff
      X-Frame-Options:
      - DENY
      X-Request-Id:
      - 415da1e6-90ea-4db0-9b5e-6f87cb1516f1
    status: 200 OK
    code: 200
    duration: ""
- request:
    body: ""
    form: {}
    headers:
      User-Agent:
      - scaleway-sdk-go/v1.0.0-beta.7+dev (go1.19.1; linux; amd64) terraform-provider/develop
        terraform/terraform-tests
    url: https://api.scaleway.com/account/v2/projects/ee7bd9e1-9cbd-4724-b2f4-19e50f3cf38b
    method: GET
  response:
    body: '{"id":"ee7bd9e1-9cbd-4724-b2f4-19e50f3cf38b","name":"default","organization_id":"ee7bd9e1-9cbd-4724-b2f4-19e50f3cf38b","created_at":"2022-01-27T09:48:44.921507Z","updated_at":"2022-01-27T09:48:44.921507Z","description":""}'
    headers:
      Content-Length:
      - "222"
      Content-Security-Policy:
      - default-src 'none'; frame-ancestors 'none'
      Content-Type:
      - application/json
      Date:
      - Thu, 06 Oct 2022 12:25:27 GMT
      Server:
      - Scaleway API-Gateway
      Strict-Transport-Security:
      - max-age=63072000
      X-Content-Type-Options:
      - nosniff
      X-Frame-Options:
      - DENY
      X-Request-Id:
      - 4830a598-005e-4675-ac61-0432cfb5a261
    status: 200 OK
    code: 200
    duration: ""
