---
version: 1
interactions:
- request:
    body: '{"name":"tf-security-group","project":"105bdce1-64c0-48ab-899d-868455867ecf","stateful":true,"inbound_default_policy":"accept","outbound_default_policy":"accept","enable_default_security":true}'
    form: {}
    headers:
      Content-Type:
      - application/json
      User-Agent:
      - scaleway-sdk-go/v1.0.0-beta.7+dev (go1.18; darwin; amd64) terraform-provider/develop
        terraform/terraform-tests
    url: https://api.scaleway.com/instance/v1/zones/fr-par-1/security_groups
    method: POST
  response:
    body: '{"security_group": {"id": "d0afe3c4-b3f7-4a67-b607-88028e525e0e", "creation_date":
      "2022-04-12T10:14:58.162071+00:00", "modification_date": "2022-04-12T10:14:58.162071+00:00",
      "name": "tf-security-group", "description": null, "organization": "105bdce1-64c0-48ab-899d-868455867ecf",
      "project": "105bdce1-64c0-48ab-899d-868455867ecf", "servers": [], "stateful":
      true, "inbound_default_policy": "accept", "outbound_default_policy": "accept",
      "organization_default": false, "project_default": false, "enable_default_security":
      true, "state": "syncing", "tags": [], "zone": "fr-par-1"}}'
    headers:
      Content-Length:
      - "581"
      Content-Security-Policy:
      - default-src 'none'; frame-ancestors 'none'
      Content-Type:
      - application/json
      Date:
      - Tue, 12 Apr 2022 10:14:58 GMT
      Location:
      - https://api.scaleway.com/instance/v1/zones/fr-par-1/security_groups/d0afe3c4-b3f7-4a67-b607-88028e525e0e
      Server:
      - Scaleway API-Gateway
      Strict-Transport-Security:
      - max-age=63072000
      X-Content-Type-Options:
      - nosniff
      X-Frame-Options:
      - DENY
      X-Request-Id:
      - 28548bcb-bd82-4425-b2bf-93f7fd6ca8dc
    status: 201 Created
    code: 201
    duration: ""
- request:
    body: ""
    form: {}
    headers:
      User-Agent:
      - scaleway-sdk-go/v1.0.0-beta.7+dev (go1.18; darwin; amd64) terraform-provider/develop
        terraform/terraform-tests
    url: https://api.scaleway.com/instance/v1/zones/fr-par-1/security_groups/d0afe3c4-b3f7-4a67-b607-88028e525e0e
    method: GET
  response:
    body: '{"security_group": {"id": "d0afe3c4-b3f7-4a67-b607-88028e525e0e", "creation_date":
      "2022-04-12T10:14:58.162071+00:00", "modification_date": "2022-04-12T10:14:58.162071+00:00",
      "name": "tf-security-group", "description": null, "organization": "105bdce1-64c0-48ab-899d-868455867ecf",
      "project": "105bdce1-64c0-48ab-899d-868455867ecf", "servers": [], "stateful":
      true, "inbound_default_policy": "accept", "outbound_default_policy": "accept",
      "organization_default": false, "project_default": false, "enable_default_security":
      true, "state": "syncing", "tags": [], "zone": "fr-par-1"}}'
    headers:
      Content-Length:
      - "581"
      Content-Security-Policy:
      - default-src 'none'; frame-ancestors 'none'
      Content-Type:
      - application/json
      Date:
      - Tue, 12 Apr 2022 10:14:58 GMT
      Server:
      - Scaleway API-Gateway
      Strict-Transport-Security:
      - max-age=63072000
      X-Content-Type-Options:
      - nosniff
      X-Frame-Options:
      - DENY
      X-Request-Id:
      - 29c9fa12-33a6-4e43-bef4-15eddc53558a
    status: 200 OK
    code: 200
    duration: ""
- request:
    body: '{"name":"tf-security-group","tags":null,"creation_date":"2022-04-12T10:14:58.162071Z","modification_date":"2022-04-12T10:14:58.162071Z","description":"","enable_default_security":true,"inbound_default_policy":"accept","outbound_default_policy":"accept","organization":"105bdce1-64c0-48ab-899d-868455867ecf","project":"105bdce1-64c0-48ab-899d-868455867ecf","organization_default":false,"project_default":false,"servers":[],"stateful":true}'
    form: {}
    headers:
      Content-Type:
      - application/json
      User-Agent:
      - scaleway-sdk-go/v1.0.0-beta.7+dev (go1.18; darwin; amd64) terraform-provider/develop
        terraform/terraform-tests
    url: https://api.scaleway.com/instance/v1/zones/fr-par-1/security_groups/d0afe3c4-b3f7-4a67-b607-88028e525e0e
    method: PUT
  response:
    body: '{"type": "invalid_request_error", "message": "Validation Error", "fields":
      {"tags": ["expected a list"]}}'
    headers:
      Content-Length:
      - "105"
      Content-Security-Policy:
      - default-src 'none'; frame-ancestors 'none'
      Content-Type:
      - application/json
      Date:
      - Tue, 12 Apr 2022 10:14:58 GMT
      Server:
      - Scaleway API-Gateway
      Strict-Transport-Security:
      - max-age=63072000
      X-Content-Type-Options:
      - nosniff
      X-Frame-Options:
      - DENY
      X-Request-Id:
      - 2d2896e8-1d31-4354-b2ef-999fe2ec55d9
    status: 400 Bad Request
    code: 400
    duration: ""
- request:
    body: ""
    form: {}
    headers:
      User-Agent:
      - scaleway-sdk-go/v1.0.0-beta.7+dev (go1.18; darwin; amd64) terraform-provider/develop
        terraform/terraform-tests
    url: https://api.scaleway.com/instance/v1/zones/fr-par-1/security_groups/d0afe3c4-b3f7-4a67-b607-88028e525e0e
    method: DELETE
  response:
    body: ""
    headers:
      Content-Security-Policy:
      - default-src 'none'; frame-ancestors 'none'
      Date:
      - Tue, 12 Apr 2022 10:14:58 GMT
      Server:
      - Scaleway API-Gateway
      Strict-Transport-Security:
      - max-age=63072000
      X-Content-Type-Options:
      - nosniff
      X-Frame-Options:
      - DENY
      X-Request-Id:
      - 5efdac20-f70d-452e-9cd4-90b0dd8b72ef
    status: 204 No Content
    code: 204
    duration: ""
- request:
    body: ""
    form: {}
    headers:
      User-Agent:
      - scaleway-sdk-go/v1.0.0-beta.7+dev (go1.18; darwin; amd64) terraform-provider/develop
        terraform/terraform-tests
    url: https://api.scaleway.com/instance/v1/zones/fr-par-1/security_groups/d0afe3c4-b3f7-4a67-b607-88028e525e0e
    method: GET
  response:
    body: '{"type": "unknown_resource", "message": "Security group \"d0afe3c4-b3f7-4a67-b607-88028e525e0e\"
      not found"}'
    headers:
      Content-Length:
      - "108"
      Content-Security-Policy:
      - default-src 'none'; frame-ancestors 'none'
      Content-Type:
      - application/json
      Date:
      - Tue, 12 Apr 2022 10:14:59 GMT
      Server:
      - Scaleway API-Gateway
      Strict-Transport-Security:
      - max-age=63072000
      X-Content-Type-Options:
      - nosniff
      X-Frame-Options:
      - DENY
      X-Request-Id:
      - 3a3ec54c-7c87-4ac5-bd7e-ab8402dbac5f
    status: 404 Not Found
    code: 404
    duration: ""
