---
version: 1
interactions:
- request:
    body: ""
    form: {}
    headers:
      User-Agent:
      - scaleway-sdk-go/v1.0.0-beta.7+dev (go1.19; linux; amd64) terraform-provider/develop
        terraform/terraform-tests
    url: https://api.scaleway.com/k8s/v1/regions/fr-par/versions/1.26.2
    method: GET
  response:
    body: '{"available_admission_plugins":["PodNodeSelector","AlwaysPullImages","PodTolerationRestriction"],"available_cnis":["cilium","calico","kilo"],"available_container_runtimes":["containerd"],"available_feature_gates":["HPAScaleToZero","GRPCContainerProbe","ReadWriteOncePod"],"available_ingresses":["none"],"available_kubelet_args":{"containerLogMaxFiles":"uint16","containerLogMaxSize":"quantity","cpuCFSQuota":"bool","cpuCFSQuotaPeriod":"duration","cpuManagerPolicy":"enum:none|static","enableDebuggingHandlers":"bool","imageGCHighThresholdPercent":"uint32","imageGCLowThresholdPercent":"uint32","maxPods":"uint16"},"label":"Kubernetes
      1.26.2","name":"1.26.2","region":"fr-par"}'
    headers:
      Content-Length:
      - "698"
      Content-Security-Policy:
      - default-src 'none'; frame-ancestors 'none'
      Content-Type:
      - application/json
      Date:
      - Tue, 11 Apr 2023 12:15:49 GMT
      Server:
      - Scaleway API-Gateway
      Strict-Transport-Security:
      - max-age=63072000
      X-Content-Type-Options:
      - nosniff
      X-Frame-Options:
      - DENY
      X-Request-Id:
      - 87bbbfcf-5057-4f05-a7b7-d985245f7f42
    status: 200 OK
    code: 200
    duration: ""
- request:
    body: ""
    form: {}
    headers:
      User-Agent:
      - scaleway-sdk-go/v1.0.0-beta.7+dev (go1.19; linux; amd64) terraform-provider/develop
        terraform/terraform-tests
    url: https://api.scaleway.com/k8s/v1/regions/fr-par/versions/1.26.2
    method: GET
  response:
    body: '{"available_admission_plugins":["PodNodeSelector","AlwaysPullImages","PodTolerationRestriction"],"available_cnis":["cilium","calico","kilo"],"available_container_runtimes":["containerd"],"available_feature_gates":["HPAScaleToZero","GRPCContainerProbe","ReadWriteOncePod"],"available_ingresses":["none"],"available_kubelet_args":{"containerLogMaxFiles":"uint16","containerLogMaxSize":"quantity","cpuCFSQuota":"bool","cpuCFSQuotaPeriod":"duration","cpuManagerPolicy":"enum:none|static","enableDebuggingHandlers":"bool","imageGCHighThresholdPercent":"uint32","imageGCLowThresholdPercent":"uint32","maxPods":"uint16"},"label":"Kubernetes
      1.26.2","name":"1.26.2","region":"fr-par"}'
    headers:
      Content-Length:
      - "698"
      Content-Security-Policy:
      - default-src 'none'; frame-ancestors 'none'
      Content-Type:
      - application/json
      Date:
      - Tue, 11 Apr 2023 12:15:49 GMT
      Server:
      - Scaleway API-Gateway
      Strict-Transport-Security:
      - max-age=63072000
      X-Content-Type-Options:
      - nosniff
      X-Frame-Options:
      - DENY
      X-Request-Id:
      - 7add0f0d-3568-4d73-887c-b79d928b0362
    status: 200 OK
    code: 200
    duration: ""
- request:
    body: ""
    form: {}
    headers:
      User-Agent:
      - scaleway-sdk-go/v1.0.0-beta.7+dev (go1.19; linux; amd64) terraform-provider/develop
        terraform/terraform-tests
    url: https://api.scaleway.com/k8s/v1/regions/fr-par/versions/1.26.2
    method: GET
  response:
    body: '{"available_admission_plugins":["PodNodeSelector","AlwaysPullImages","PodTolerationRestriction"],"available_cnis":["cilium","calico","kilo"],"available_container_runtimes":["containerd"],"available_feature_gates":["HPAScaleToZero","GRPCContainerProbe","ReadWriteOncePod"],"available_ingresses":["none"],"available_kubelet_args":{"containerLogMaxFiles":"uint16","containerLogMaxSize":"quantity","cpuCFSQuota":"bool","cpuCFSQuotaPeriod":"duration","cpuManagerPolicy":"enum:none|static","enableDebuggingHandlers":"bool","imageGCHighThresholdPercent":"uint32","imageGCLowThresholdPercent":"uint32","maxPods":"uint16"},"label":"Kubernetes
      1.26.2","name":"1.26.2","region":"fr-par"}'
    headers:
      Content-Length:
      - "698"
      Content-Security-Policy:
      - default-src 'none'; frame-ancestors 'none'
      Content-Type:
      - application/json
      Date:
      - Tue, 11 Apr 2023 12:15:49 GMT
      Server:
      - Scaleway API-Gateway
      Strict-Transport-Security:
      - max-age=63072000
      X-Content-Type-Options:
      - nosniff
      X-Frame-Options:
      - DENY
      X-Request-Id:
      - 06af0745-efb2-4b2e-9622-554b31342034
    status: 200 OK
    code: 200
    duration: ""
- request:
    body: ""
    form: {}
    headers:
      User-Agent:
      - scaleway-sdk-go/v1.0.0-beta.7+dev (go1.19; linux; amd64) terraform-provider/develop
        terraform/terraform-tests
    url: https://api.scaleway.com/k8s/v1/regions/fr-par/versions/1.26.2
    method: GET
  response:
    body: '{"available_admission_plugins":["PodNodeSelector","AlwaysPullImages","PodTolerationRestriction"],"available_cnis":["cilium","calico","kilo"],"available_container_runtimes":["containerd"],"available_feature_gates":["HPAScaleToZero","GRPCContainerProbe","ReadWriteOncePod"],"available_ingresses":["none"],"available_kubelet_args":{"containerLogMaxFiles":"uint16","containerLogMaxSize":"quantity","cpuCFSQuota":"bool","cpuCFSQuotaPeriod":"duration","cpuManagerPolicy":"enum:none|static","enableDebuggingHandlers":"bool","imageGCHighThresholdPercent":"uint32","imageGCLowThresholdPercent":"uint32","maxPods":"uint16"},"label":"Kubernetes
      1.26.2","name":"1.26.2","region":"fr-par"}'
    headers:
      Content-Length:
      - "698"
      Content-Security-Policy:
      - default-src 'none'; frame-ancestors 'none'
      Content-Type:
      - application/json
      Date:
      - Tue, 11 Apr 2023 12:15:49 GMT
      Server:
      - Scaleway API-Gateway
      Strict-Transport-Security:
      - max-age=63072000
      X-Content-Type-Options:
      - nosniff
      X-Frame-Options:
      - DENY
      X-Request-Id:
      - 1b0f0b59-b500-4722-b6d3-595f03f0fc77
    status: 200 OK
    code: 200
    duration: ""
- request:
    body: ""
    form: {}
    headers:
      User-Agent:
      - scaleway-sdk-go/v1.0.0-beta.7+dev (go1.19; linux; amd64) terraform-provider/develop
        terraform/terraform-tests
    url: https://api.scaleway.com/k8s/v1/regions/fr-par/versions/1.26.2
    method: GET
  response:
    body: '{"available_admission_plugins":["PodNodeSelector","AlwaysPullImages","PodTolerationRestriction"],"available_cnis":["cilium","calico","kilo"],"available_container_runtimes":["containerd"],"available_feature_gates":["HPAScaleToZero","GRPCContainerProbe","ReadWriteOncePod"],"available_ingresses":["none"],"available_kubelet_args":{"containerLogMaxFiles":"uint16","containerLogMaxSize":"quantity","cpuCFSQuota":"bool","cpuCFSQuotaPeriod":"duration","cpuManagerPolicy":"enum:none|static","enableDebuggingHandlers":"bool","imageGCHighThresholdPercent":"uint32","imageGCLowThresholdPercent":"uint32","maxPods":"uint16"},"label":"Kubernetes
      1.26.2","name":"1.26.2","region":"fr-par"}'
    headers:
      Content-Length:
      - "698"
      Content-Security-Policy:
      - default-src 'none'; frame-ancestors 'none'
      Content-Type:
      - application/json
      Date:
      - Tue, 11 Apr 2023 12:15:49 GMT
      Server:
      - Scaleway API-Gateway
      Strict-Transport-Security:
      - max-age=63072000
      X-Content-Type-Options:
      - nosniff
      X-Frame-Options:
      - DENY
      X-Request-Id:
      - 0ccc6050-7924-4849-82a3-e05cf55b4c27
    status: 200 OK
    code: 200
    duration: ""
- request:
    body: ""
    form: {}
    headers:
      User-Agent:
      - scaleway-sdk-go/v1.0.0-beta.7+dev (go1.19; linux; amd64) terraform-provider/develop
        terraform/terraform-tests
    url: https://api.scaleway.com/k8s/v1/regions/fr-par/versions/1.26.2
    method: GET
  response:
    body: '{"available_admission_plugins":["PodNodeSelector","AlwaysPullImages","PodTolerationRestriction"],"available_cnis":["cilium","calico","kilo"],"available_container_runtimes":["containerd"],"available_feature_gates":["HPAScaleToZero","GRPCContainerProbe","ReadWriteOncePod"],"available_ingresses":["none"],"available_kubelet_args":{"containerLogMaxFiles":"uint16","containerLogMaxSize":"quantity","cpuCFSQuota":"bool","cpuCFSQuotaPeriod":"duration","cpuManagerPolicy":"enum:none|static","enableDebuggingHandlers":"bool","imageGCHighThresholdPercent":"uint32","imageGCLowThresholdPercent":"uint32","maxPods":"uint16"},"label":"Kubernetes
      1.26.2","name":"1.26.2","region":"fr-par"}'
    headers:
      Content-Length:
      - "698"
      Content-Security-Policy:
      - default-src 'none'; frame-ancestors 'none'
      Content-Type:
      - application/json
      Date:
      - Tue, 11 Apr 2023 12:15:49 GMT
      Server:
      - Scaleway API-Gateway
      Strict-Transport-Security:
      - max-age=63072000
      X-Content-Type-Options:
      - nosniff
      X-Frame-Options:
      - DENY
      X-Request-Id:
      - 3f0a4210-6487-4f5f-b0a4-57c7e6e1ca0a
    status: 200 OK
    code: 200
    duration: ""
