---
version: 1
interactions:
- request:
    body: '{"changes":[{"add":{"records":[{"data":"127.0.0.2","name":"tf_geo_ip","priority":0,"ttl":3600,"type":"A","comment":null,"geo_ip_config":{"matches":[{"countries":["FR"],"continents":["EU"],"data":"1.2.3.4"},{"countries":[],"continents":["NA"],"data":"1.2.3.5"}],"default":"127.0.0.2"},"id":""}]}}],"return_all_records":false,"disallow_new_zone_creation":false,"serial":null}'
    form: {}
    headers:
      Content-Type:
      - application/json
      User-Agent:
      - scaleway-sdk-go/v1.0.0-beta.7+dev (go1.18.2; linux; amd64) terraform-provider/develop
        terraform/terraform-tests
    url: https://api.scaleway.com/domain/v2beta1/dns-zones/test-geoip.scaleway-terraform.com/records
    method: PATCH
  response:
    body: '{"records":[{"id":"257810c6-877c-4d06-9f36-5c4d21f3ec37","data":"127.0.0.2","name":"tf_geo_ip","priority":0,"ttl":3600,"type":"A","comment":null,"geo_ip_config":{"matches":[{"countries":["FR"],"continents":["EU"],"data":"1.2.3.4"},{"countries":[],"continents":["NA"],"data":"1.2.3.5"}],"default":"127.0.0.2"}}]}'
    headers:
      Content-Length:
      - "311"
      Content-Security-Policy:
      - default-src 'none'; frame-ancestors 'none'
      Content-Type:
      - application/json
      Date:
      - Tue, 07 Jun 2022 13:19:42 GMT
      Server:
      - Scaleway API-Gateway
      Strict-Transport-Security:
      - max-age=63072000
      X-Content-Type-Options:
      - nosniff
      X-Frame-Options:
      - DENY
      X-Request-Id:
      - 70ac2f7b-b2d7-48a0-9110-06bffcfcdcfc
    status: 200 OK
    code: 200
    duration: ""
- request:
    body: ""
    form: {}
    headers:
      User-Agent:
      - scaleway-sdk-go/v1.0.0-beta.7+dev (go1.18.2; linux; amd64) terraform-provider/develop
        terraform/terraform-tests
    url: https://api.scaleway.com/domain/v2beta1/dns-zones?dns_zone=test-geoip.scaleway-terraform.com&domain=&order_by=domain_asc
    method: GET
  response:
    body: '{"total_count":1,"dns_zones":[{"domain":"scaleway-terraform.com","subdomain":"test-geoip","ns":["ns0.dom.scw.cloud","ns1.dom.scw.cloud"],"ns_default":["ns0.dom.scw.cloud","ns1.dom.scw.cloud"],"ns_master":[],"status":"pending","message":null,"updated_at":"2022-06-07T13:19:42Z","project_id":"105bdce1-64c0-48ab-899d-868455867ecf"}]}'
    headers:
      Content-Length:
      - "331"
      Content-Security-Policy:
      - default-src 'none'; frame-ancestors 'none'
      Content-Type:
      - application/json
      Date:
      - Tue, 07 Jun 2022 13:19:42 GMT
      Server:
      - Scaleway API-Gateway
      Strict-Transport-Security:
      - max-age=63072000
      X-Content-Type-Options:
      - nosniff
      X-Frame-Options:
      - DENY
      X-Request-Id:
      - f405b70b-be8d-4560-8a27-10d3c902b6e1
    status: 200 OK
    code: 200
    duration: ""
- request:
    body: ""
    form: {}
    headers:
      User-Agent:
      - scaleway-sdk-go/v1.0.0-beta.7+dev (go1.18.2; linux; amd64) terraform-provider/develop
        terraform/terraform-tests
    url: https://api.scaleway.com/domain/v2beta1/dns-zones?dns_zone=test-geoip.scaleway-terraform.com&domain=&order_by=domain_asc
    method: GET
  response:
    body: '{"total_count":1,"dns_zones":[{"domain":"scaleway-terraform.com","subdomain":"test-geoip","ns":["ns0.dom.scw.cloud","ns1.dom.scw.cloud"],"ns_default":["ns0.dom.scw.cloud","ns1.dom.scw.cloud"],"ns_master":[],"status":"active","message":null,"updated_at":"2022-06-07T13:19:47Z","project_id":"105bdce1-64c0-48ab-899d-868455867ecf"}]}'
    headers:
      Content-Length:
      - "330"
      Content-Security-Policy:
      - default-src 'none'; frame-ancestors 'none'
      Content-Type:
      - application/json
      Date:
      - Tue, 07 Jun 2022 13:19:48 GMT
      Server:
      - Scaleway API-Gateway
      Strict-Transport-Security:
      - max-age=63072000
      X-Content-Type-Options:
      - nosniff
      X-Frame-Options:
      - DENY
      X-Request-Id:
      - 36f4269d-5fdd-4129-a7f8-a42bf78299ed
    status: 200 OK
    code: 200
    duration: ""
- request:
    body: ""
    form: {}
    headers:
      User-Agent:
      - scaleway-sdk-go/v1.0.0-beta.7+dev (go1.18.2; linux; amd64) terraform-provider/develop
        terraform/terraform-tests
    url: https://api.scaleway.com/domain/v2beta1/dns-zones/test-geoip.scaleway-terraform.com/records?name=tf_geo_ip&order_by=name_asc&page=1&type=A
    method: GET
  response:
    body: '{"total_count":1,"records":[{"id":"257810c6-877c-4d06-9f36-5c4d21f3ec37","data":"127.0.0.2","name":"tf_geo_ip","priority":0,"ttl":3600,"type":"A","comment":null,"geo_ip_config":{"matches":[{"countries":["FR"],"continents":["EU"],"data":"1.2.3.4"},{"countries":[],"continents":["NA"],"data":"1.2.3.5"}],"default":"127.0.0.2"}}]}'
    headers:
      Content-Length:
      - "327"
      Content-Security-Policy:
      - default-src 'none'; frame-ancestors 'none'
      Content-Type:
      - application/json
      Date:
      - Tue, 07 Jun 2022 13:19:48 GMT
      Server:
      - Scaleway API-Gateway
      Strict-Transport-Security:
      - max-age=63072000
      X-Content-Type-Options:
      - nosniff
      X-Frame-Options:
      - DENY
      X-Request-Id:
      - 600122df-ad6c-4193-8b54-7a6a33d36559
    status: 200 OK
    code: 200
    duration: ""
- request:
    body: ""
    form: {}
    headers:
      User-Agent:
      - scaleway-sdk-go/v1.0.0-beta.7+dev (go1.18.2; linux; amd64) terraform-provider/develop
        terraform/terraform-tests
    url: https://api.scaleway.com/domain/v2beta1/dns-zones/test-geoip.scaleway-terraform.com/records?id=257810c6-877c-4d06-9f36-5c4d21f3ec37&name=&order_by=name_asc&page=1&type=unknown
    method: GET
  response:
    body: '{"total_count":1,"records":[{"id":"257810c6-877c-4d06-9f36-5c4d21f3ec37","data":"127.0.0.2","name":"tf_geo_ip","priority":0,"ttl":3600,"type":"A","comment":null,"geo_ip_config":{"matches":[{"countries":["FR"],"continents":["EU"],"data":"1.2.3.4"},{"countries":[],"continents":["NA"],"data":"1.2.3.5"}],"default":"127.0.0.2"}}]}'
    headers:
      Content-Length:
      - "327"
      Content-Security-Policy:
      - default-src 'none'; frame-ancestors 'none'
      Content-Type:
      - application/json
      Date:
      - Tue, 07 Jun 2022 13:19:49 GMT
      Server:
      - Scaleway API-Gateway
      Strict-Transport-Security:
      - max-age=63072000
      X-Content-Type-Options:
      - nosniff
      X-Frame-Options:
      - DENY
      X-Request-Id:
      - 2da20438-dd12-4aa9-9e60-7a970285cde9
    status: 200 OK
    code: 200
    duration: ""
- request:
    body: ""
    form: {}
    headers:
      User-Agent:
      - scaleway-sdk-go/v1.0.0-beta.7+dev (go1.18.2; linux; amd64) terraform-provider/develop
        terraform/terraform-tests
    url: https://api.scaleway.com/domain/v2beta1/dns-zones?dns_zone=test-geoip.scaleway-terraform.com&domain=&order_by=domain_asc
    method: GET
  response:
    body: '{"total_count":1,"dns_zones":[{"domain":"scaleway-terraform.com","subdomain":"test-geoip","ns":["ns0.dom.scw.cloud","ns1.dom.scw.cloud"],"ns_default":["ns0.dom.scw.cloud","ns1.dom.scw.cloud"],"ns_master":[],"status":"active","message":null,"updated_at":"2022-06-07T13:19:47Z","project_id":"105bdce1-64c0-48ab-899d-868455867ecf"}]}'
    headers:
      Content-Length:
      - "330"
      Content-Security-Policy:
      - default-src 'none'; frame-ancestors 'none'
      Content-Type:
      - application/json
      Date:
      - Tue, 07 Jun 2022 13:19:49 GMT
      Server:
      - Scaleway API-Gateway
      Strict-Transport-Security:
      - max-age=63072000
      X-Content-Type-Options:
      - nosniff
      X-Frame-Options:
      - DENY
      X-Request-Id:
      - 9a4ab4a8-b53d-4674-8620-409a3c933c80
    status: 200 OK
    code: 200
    duration: ""
- request:
    body: ""
    form: {}
    headers:
      User-Agent:
      - scaleway-sdk-go/v1.0.0-beta.7+dev (go1.18.2; linux; amd64) terraform-provider/develop
        terraform/terraform-tests
    url: https://api.scaleway.com/domain/v2beta1/dns-zones/test-geoip.scaleway-terraform.com/records?name=&order_by=name_asc&type=unknown
    method: GET
  response:
    body: '{"total_count":3,"records":[{"id":"a1a711b9-5fab-42c1-8c91-4d43d0c4a83d","data":"ns0.dom.scw.cloud.","name":"","priority":0,"ttl":600,"type":"NS","comment":null},{"id":"2490a2ce-4976-4411-8be8-f69785d92b97","data":"ns1.dom.scw.cloud.","name":"","priority":0,"ttl":600,"type":"NS","comment":null},{"id":"257810c6-877c-4d06-9f36-5c4d21f3ec37","data":"127.0.0.2","name":"tf_geo_ip","priority":0,"ttl":3600,"type":"A","comment":null,"geo_ip_config":{"matches":[{"countries":["FR"],"continents":["EU"],"data":"1.2.3.4"},{"countries":[],"continents":["NA"],"data":"1.2.3.5"}],"default":"127.0.0.2"}}]}'
    headers:
      Content-Length:
      - "595"
      Content-Security-Policy:
      - default-src 'none'; frame-ancestors 'none'
      Content-Type:
      - application/json
      Date:
      - Tue, 07 Jun 2022 13:19:50 GMT
      Server:
      - Scaleway API-Gateway
      Strict-Transport-Security:
      - max-age=63072000
      X-Content-Type-Options:
      - nosniff
      X-Frame-Options:
      - DENY
      X-Request-Id:
      - 35985170-1a47-4c8d-8306-90de7060efda
    status: 200 OK
    code: 200
    duration: ""
- request:
    body: ""
    form: {}
    headers:
      User-Agent:
      - scaleway-sdk-go/v1.0.0-beta.7+dev (go1.18.2; linux; amd64) terraform-provider/develop
        terraform/terraform-tests
    url: https://api.scaleway.com/domain/v2beta1/dns-zones/test-geoip.scaleway-terraform.com/records?id=257810c6-877c-4d06-9f36-5c4d21f3ec37&name=tf_geo_ip&order_by=name_asc&page=1&type=A
    method: GET
  response:
    body: '{"total_count":1,"records":[{"id":"257810c6-877c-4d06-9f36-5c4d21f3ec37","data":"127.0.0.2","name":"tf_geo_ip","priority":0,"ttl":3600,"type":"A","comment":null,"geo_ip_config":{"matches":[{"countries":["FR"],"continents":["EU"],"data":"1.2.3.4"},{"countries":[],"continents":["NA"],"data":"1.2.3.5"}],"default":"127.0.0.2"}}]}'
    headers:
      Content-Length:
      - "327"
      Content-Security-Policy:
      - default-src 'none'; frame-ancestors 'none'
      Content-Type:
      - application/json
      Date:
      - Tue, 07 Jun 2022 13:19:50 GMT
      Server:
      - Scaleway API-Gateway
      Strict-Transport-Security:
      - max-age=63072000
      X-Content-Type-Options:
      - nosniff
      X-Frame-Options:
      - DENY
      X-Request-Id:
      - 9b6f65ab-70bc-4c4c-82c2-d719f938786a
    status: 200 OK
    code: 200
    duration: ""
- request:
    body: ""
    form: {}
    headers:
      User-Agent:
      - scaleway-sdk-go/v1.0.0-beta.7+dev (go1.18.2; linux; amd64) terraform-provider/develop
        terraform/terraform-tests
    url: https://api.scaleway.com/domain/v2beta1/dns-zones?dns_zone=test-geoip.scaleway-terraform.com&domain=&order_by=domain_asc
    method: GET
  response:
    body: '{"total_count":1,"dns_zones":[{"domain":"scaleway-terraform.com","subdomain":"test-geoip","ns":["ns0.dom.scw.cloud","ns1.dom.scw.cloud"],"ns_default":["ns0.dom.scw.cloud","ns1.dom.scw.cloud"],"ns_master":[],"status":"active","message":null,"updated_at":"2022-06-07T13:19:47Z","project_id":"105bdce1-64c0-48ab-899d-868455867ecf"}]}'
    headers:
      Content-Length:
      - "330"
      Content-Security-Policy:
      - default-src 'none'; frame-ancestors 'none'
      Content-Type:
      - application/json
      Date:
      - Tue, 07 Jun 2022 13:19:50 GMT
      Server:
      - Scaleway API-Gateway
      Strict-Transport-Security:
      - max-age=63072000
      X-Content-Type-Options:
      - nosniff
      X-Frame-Options:
      - DENY
      X-Request-Id:
      - e7c1e0cf-0a76-4845-a7b6-a78a40673934
    status: 200 OK
    code: 200
    duration: ""
- request:
    body: ""
    form: {}
    headers:
      User-Agent:
      - scaleway-sdk-go/v1.0.0-beta.7+dev (go1.18.2; linux; amd64) terraform-provider/develop
        terraform/terraform-tests
    url: https://api.scaleway.com/domain/v2beta1/dns-zones/test-geoip.scaleway-terraform.com/records?id=257810c6-877c-4d06-9f36-5c4d21f3ec37&name=tf_geo_ip&order_by=name_asc&page=1&type=A
    method: GET
  response:
    body: '{"total_count":1,"records":[{"id":"257810c6-877c-4d06-9f36-5c4d21f3ec37","data":"127.0.0.2","name":"tf_geo_ip","priority":0,"ttl":3600,"type":"A","comment":null,"geo_ip_config":{"matches":[{"countries":["FR"],"continents":["EU"],"data":"1.2.3.4"},{"countries":[],"continents":["NA"],"data":"1.2.3.5"}],"default":"127.0.0.2"}}]}'
    headers:
      Content-Length:
      - "327"
      Content-Security-Policy:
      - default-src 'none'; frame-ancestors 'none'
      Content-Type:
      - application/json
      Date:
      - Tue, 07 Jun 2022 13:19:51 GMT
      Server:
      - Scaleway API-Gateway
      Strict-Transport-Security:
      - max-age=63072000
      X-Content-Type-Options:
      - nosniff
      X-Frame-Options:
      - DENY
      X-Request-Id:
      - 4b819e6b-2c54-4617-b798-25a281ec41c1
    status: 200 OK
    code: 200
    duration: ""
- request:
    body: ""
    form: {}
    headers:
      User-Agent:
      - scaleway-sdk-go/v1.0.0-beta.7+dev (go1.18.2; linux; amd64) terraform-provider/develop
        terraform/terraform-tests
    url: https://api.scaleway.com/domain/v2beta1/dns-zones?dns_zone=test-geoip.scaleway-terraform.com&domain=&order_by=domain_asc
    method: GET
  response:
    body: '{"total_count":1,"dns_zones":[{"domain":"scaleway-terraform.com","subdomain":"test-geoip","ns":["ns0.dom.scw.cloud","ns1.dom.scw.cloud"],"ns_default":["ns0.dom.scw.cloud","ns1.dom.scw.cloud"],"ns_master":[],"status":"active","message":null,"updated_at":"2022-06-07T13:19:47Z","project_id":"105bdce1-64c0-48ab-899d-868455867ecf"}]}'
    headers:
      Content-Length:
      - "330"
      Content-Security-Policy:
      - default-src 'none'; frame-ancestors 'none'
      Content-Type:
      - application/json
      Date:
      - Tue, 07 Jun 2022 13:19:51 GMT
      Server:
      - Scaleway API-Gateway
      Strict-Transport-Security:
      - max-age=63072000
      X-Content-Type-Options:
      - nosniff
      X-Frame-Options:
      - DENY
      X-Request-Id:
      - 16490432-b543-4b58-b48a-afb25692419d
    status: 200 OK
    code: 200
    duration: ""
- request:
    body: '{"changes":[{"set":{"id":"257810c6-877c-4d06-9f36-5c4d21f3ec37","records":[{"data":"","name":"tf_geo_ip","priority":0,"ttl":0,"type":"unknown","comment":null,"geo_ip_config":{"matches":[{"countries":["FR","AE"],"continents":["EU","AS"],"data":"1.2.3.4"},{"countries":["CI"],"continents":[],"data":"1.2.3.5"}],"default":"127.0.0.2"},"id":""}]}}],"return_all_records":false,"disallow_new_zone_creation":false,"serial":null}'
    form: {}
    headers:
      Content-Type:
      - application/json
      User-Agent:
      - scaleway-sdk-go/v1.0.0-beta.7+dev (go1.18.2; linux; amd64) terraform-provider/develop
        terraform/terraform-tests
    url: https://api.scaleway.com/domain/v2beta1/dns-zones/test-geoip.scaleway-terraform.com/records
    method: PATCH
  response:
    body: '{"records":[{"id":"257810c6-877c-4d06-9f36-5c4d21f3ec37","data":"127.0.0.2","name":"tf_geo_ip","priority":0,"ttl":3600,"type":"A","comment":null,"geo_ip_config":{"matches":[{"countries":["FR","AE"],"continents":["EU","AS"],"data":"1.2.3.4"},{"countries":["CI"],"continents":[],"data":"1.2.3.5"}],"default":"127.0.0.2"}}]}'
    headers:
      Content-Length:
      - "321"
      Content-Security-Policy:
      - default-src 'none'; frame-ancestors 'none'
      Content-Type:
      - application/json
      Date:
      - Tue, 07 Jun 2022 13:19:52 GMT
      Server:
      - Scaleway API-Gateway
      Strict-Transport-Security:
      - max-age=63072000
      X-Content-Type-Options:
      - nosniff
      X-Frame-Options:
      - DENY
      X-Request-Id:
      - e6ff5849-eed4-449a-af0c-af1ab58cab55
    status: 200 OK
    code: 200
    duration: ""
- request:
    body: ""
    form: {}
    headers:
      User-Agent:
      - scaleway-sdk-go/v1.0.0-beta.7+dev (go1.18.2; linux; amd64) terraform-provider/develop
        terraform/terraform-tests
    url: https://api.scaleway.com/domain/v2beta1/dns-zones?dns_zone=test-geoip.scaleway-terraform.com&domain=&order_by=domain_asc
    method: GET
  response:
    body: '{"total_count":1,"dns_zones":[{"domain":"scaleway-terraform.com","subdomain":"test-geoip","ns":["ns0.dom.scw.cloud","ns1.dom.scw.cloud"],"ns_default":["ns0.dom.scw.cloud","ns1.dom.scw.cloud"],"ns_master":[],"status":"pending","message":null,"updated_at":"2022-06-07T13:19:52Z","project_id":"105bdce1-64c0-48ab-899d-868455867ecf"}]}'
    headers:
      Content-Length:
      - "331"
      Content-Security-Policy:
      - default-src 'none'; frame-ancestors 'none'
      Content-Type:
      - application/json
      Date:
      - Tue, 07 Jun 2022 13:19:52 GMT
      Server:
      - Scaleway API-Gateway
      Strict-Transport-Security:
      - max-age=63072000
      X-Content-Type-Options:
      - nosniff
      X-Frame-Options:
      - DENY
      X-Request-Id:
      - 93a3d999-e83a-4a11-95e0-0cc2f219e226
    status: 200 OK
    code: 200
    duration: ""
- request:
    body: ""
    form: {}
    headers:
      User-Agent:
      - scaleway-sdk-go/v1.0.0-beta.7+dev (go1.18.2; linux; amd64) terraform-provider/develop
        terraform/terraform-tests
    url: https://api.scaleway.com/domain/v2beta1/dns-zones?dns_zone=test-geoip.scaleway-terraform.com&domain=&order_by=domain_asc
    method: GET
  response:
    body: '{"total_count":1,"dns_zones":[{"domain":"scaleway-terraform.com","subdomain":"test-geoip","ns":["ns0.dom.scw.cloud","ns1.dom.scw.cloud"],"ns_default":["ns0.dom.scw.cloud","ns1.dom.scw.cloud"],"ns_master":[],"status":"pending","message":null,"updated_at":"2022-06-07T13:19:52Z","project_id":"105bdce1-64c0-48ab-899d-868455867ecf"}]}'
    headers:
      Content-Length:
      - "331"
      Content-Security-Policy:
      - default-src 'none'; frame-ancestors 'none'
      Content-Type:
      - application/json
      Date:
      - Tue, 07 Jun 2022 13:19:57 GMT
      Server:
      - Scaleway API-Gateway
      Strict-Transport-Security:
      - max-age=63072000
      X-Content-Type-Options:
      - nosniff
      X-Frame-Options:
      - DENY
      X-Request-Id:
      - 46299e25-247b-4548-b3e3-025d250be441
    status: 200 OK
    code: 200
    duration: ""
- request:
    body: ""
    form: {}
    headers:
      User-Agent:
      - scaleway-sdk-go/v1.0.0-beta.7+dev (go1.18.2; linux; amd64) terraform-provider/develop
        terraform/terraform-tests
    url: https://api.scaleway.com/domain/v2beta1/dns-zones?dns_zone=test-geoip.scaleway-terraform.com&domain=&order_by=domain_asc
    method: GET
  response:
    body: '{"total_count":1,"dns_zones":[{"domain":"scaleway-terraform.com","subdomain":"test-geoip","ns":["ns0.dom.scw.cloud","ns1.dom.scw.cloud"],"ns_default":["ns0.dom.scw.cloud","ns1.dom.scw.cloud"],"ns_master":[],"status":"active","message":null,"updated_at":"2022-06-07T13:19:57Z","project_id":"105bdce1-64c0-48ab-899d-868455867ecf"}]}'
    headers:
      Content-Length:
      - "330"
      Content-Security-Policy:
      - default-src 'none'; frame-ancestors 'none'
      Content-Type:
      - application/json
      Date:
      - Tue, 07 Jun 2022 13:20:03 GMT
      Server:
      - Scaleway API-Gateway
      Strict-Transport-Security:
      - max-age=63072000
      X-Content-Type-Options:
      - nosniff
      X-Frame-Options:
      - DENY
      X-Request-Id:
      - 31957fb9-20aa-4859-b5d1-13f71aa2239f
    status: 200 OK
    code: 200
    duration: ""
- request:
    body: ""
    form: {}
    headers:
      User-Agent:
      - scaleway-sdk-go/v1.0.0-beta.7+dev (go1.18.2; linux; amd64) terraform-provider/develop
        terraform/terraform-tests
    url: https://api.scaleway.com/domain/v2beta1/dns-zones/test-geoip.scaleway-terraform.com/records?id=257810c6-877c-4d06-9f36-5c4d21f3ec37&name=tf_geo_ip&order_by=name_asc&page=1&type=A
    method: GET
  response:
    body: '{"total_count":1,"records":[{"id":"257810c6-877c-4d06-9f36-5c4d21f3ec37","data":"127.0.0.2","name":"tf_geo_ip","priority":0,"ttl":3600,"type":"A","comment":null,"geo_ip_config":{"matches":[{"countries":["FR","AE"],"continents":["EU","AS"],"data":"1.2.3.4"},{"countries":["CI"],"continents":[],"data":"1.2.3.5"}],"default":"127.0.0.2"}}]}'
    headers:
      Content-Length:
      - "337"
      Content-Security-Policy:
      - default-src 'none'; frame-ancestors 'none'
      Content-Type:
      - application/json
      Date:
      - Tue, 07 Jun 2022 13:20:03 GMT
      Server:
      - Scaleway API-Gateway
      Strict-Transport-Security:
      - max-age=63072000
      X-Content-Type-Options:
      - nosniff
      X-Frame-Options:
      - DENY
      X-Request-Id:
      - 4bca199a-5a67-482a-be55-d955fce0affa
    status: 200 OK
    code: 200
    duration: ""
- request:
    body: ""
    form: {}
    headers:
      User-Agent:
      - scaleway-sdk-go/v1.0.0-beta.7+dev (go1.18.2; linux; amd64) terraform-provider/develop
        terraform/terraform-tests
    url: https://api.scaleway.com/domain/v2beta1/dns-zones?dns_zone=test-geoip.scaleway-terraform.com&domain=&order_by=domain_asc
    method: GET
  response:
    body: '{"total_count":1,"dns_zones":[{"domain":"scaleway-terraform.com","subdomain":"test-geoip","ns":["ns0.dom.scw.cloud","ns1.dom.scw.cloud"],"ns_default":["ns0.dom.scw.cloud","ns1.dom.scw.cloud"],"ns_master":[],"status":"active","message":null,"updated_at":"2022-06-07T13:19:57Z","project_id":"105bdce1-64c0-48ab-899d-868455867ecf"}]}'
    headers:
      Content-Length:
      - "330"
      Content-Security-Policy:
      - default-src 'none'; frame-ancestors 'none'
      Content-Type:
      - application/json
      Date:
      - Tue, 07 Jun 2022 13:20:03 GMT
      Server:
      - Scaleway API-Gateway
      Strict-Transport-Security:
      - max-age=63072000
      X-Content-Type-Options:
      - nosniff
      X-Frame-Options:
      - DENY
      X-Request-Id:
      - daad5d8d-6edc-448e-85ba-9e6e9fc66b01
    status: 200 OK
    code: 200
    duration: ""
- request:
    body: ""
    form: {}
    headers:
      User-Agent:
      - scaleway-sdk-go/v1.0.0-beta.7+dev (go1.18.2; linux; amd64) terraform-provider/develop
        terraform/terraform-tests
    url: https://api.scaleway.com/domain/v2beta1/dns-zones/test-geoip.scaleway-terraform.com/records?name=&order_by=name_asc&type=unknown
    method: GET
  response:
    body: '{"total_count":3,"records":[{"id":"a1a711b9-5fab-42c1-8c91-4d43d0c4a83d","data":"ns0.dom.scw.cloud.","name":"","priority":0,"ttl":600,"type":"NS","comment":null},{"id":"2490a2ce-4976-4411-8be8-f69785d92b97","data":"ns1.dom.scw.cloud.","name":"","priority":0,"ttl":600,"type":"NS","comment":null},{"id":"257810c6-877c-4d06-9f36-5c4d21f3ec37","data":"127.0.0.2","name":"tf_geo_ip","priority":0,"ttl":3600,"type":"A","comment":null,"geo_ip_config":{"matches":[{"countries":["FR","AE"],"continents":["EU","AS"],"data":"1.2.3.4"},{"countries":["CI"],"continents":[],"data":"1.2.3.5"}],"default":"127.0.0.2"}}]}'
    headers:
      Content-Length:
      - "605"
      Content-Security-Policy:
      - default-src 'none'; frame-ancestors 'none'
      Content-Type:
      - application/json
      Date:
      - Tue, 07 Jun 2022 13:20:03 GMT
      Server:
      - Scaleway API-Gateway
      Strict-Transport-Security:
      - max-age=63072000
      X-Content-Type-Options:
      - nosniff
      X-Frame-Options:
      - DENY
      X-Request-Id:
      - 3beda6ed-83da-4e0c-8f02-b3900bcc0963
    status: 200 OK
    code: 200
    duration: ""
- request:
    body: ""
    form: {}
    headers:
      User-Agent:
      - scaleway-sdk-go/v1.0.0-beta.7+dev (go1.18.2; linux; amd64) terraform-provider/develop
        terraform/terraform-tests
    url: https://api.scaleway.com/domain/v2beta1/dns-zones/test-geoip.scaleway-terraform.com/records?id=257810c6-877c-4d06-9f36-5c4d21f3ec37&name=tf_geo_ip&order_by=name_asc&page=1&type=A
    method: GET
  response:
    body: '{"total_count":1,"records":[{"id":"257810c6-877c-4d06-9f36-5c4d21f3ec37","data":"127.0.0.2","name":"tf_geo_ip","priority":0,"ttl":3600,"type":"A","comment":null,"geo_ip_config":{"matches":[{"countries":["FR","AE"],"continents":["EU","AS"],"data":"1.2.3.4"},{"countries":["CI"],"continents":[],"data":"1.2.3.5"}],"default":"127.0.0.2"}}]}'
    headers:
      Content-Length:
      - "337"
      Content-Security-Policy:
      - default-src 'none'; frame-ancestors 'none'
      Content-Type:
      - application/json
      Date:
      - Tue, 07 Jun 2022 13:20:04 GMT
      Server:
      - Scaleway API-Gateway
      Strict-Transport-Security:
      - max-age=63072000
      X-Content-Type-Options:
      - nosniff
      X-Frame-Options:
      - DENY
      X-Request-Id:
      - 9f7a2fc5-9ba9-4fdb-b053-bfac14338811
    status: 200 OK
    code: 200
    duration: ""
- request:
    body: ""
    form: {}
    headers:
      User-Agent:
      - scaleway-sdk-go/v1.0.0-beta.7+dev (go1.18.2; linux; amd64) terraform-provider/develop
        terraform/terraform-tests
    url: https://api.scaleway.com/domain/v2beta1/dns-zones?dns_zone=test-geoip.scaleway-terraform.com&domain=&order_by=domain_asc
    method: GET
  response:
    body: '{"total_count":1,"dns_zones":[{"domain":"scaleway-terraform.com","subdomain":"test-geoip","ns":["ns0.dom.scw.cloud","ns1.dom.scw.cloud"],"ns_default":["ns0.dom.scw.cloud","ns1.dom.scw.cloud"],"ns_master":[],"status":"active","message":null,"updated_at":"2022-06-07T13:19:57Z","project_id":"105bdce1-64c0-48ab-899d-868455867ecf"}]}'
    headers:
      Content-Length:
      - "330"
      Content-Security-Policy:
      - default-src 'none'; frame-ancestors 'none'
      Content-Type:
      - application/json
      Date:
      - Tue, 07 Jun 2022 13:20:05 GMT
      Server:
      - Scaleway API-Gateway
      Strict-Transport-Security:
      - max-age=63072000
      X-Content-Type-Options:
      - nosniff
      X-Frame-Options:
      - DENY
      X-Request-Id:
      - 034a3eed-4213-4447-af59-5ede67866a49
    status: 200 OK
    code: 200
    duration: ""
- request:
    body: '{"changes":[{"delete":{"id":"257810c6-877c-4d06-9f36-5c4d21f3ec37"}}],"return_all_records":false,"disallow_new_zone_creation":false,"serial":null}'
    form: {}
    headers:
      Content-Type:
      - application/json
      User-Agent:
      - scaleway-sdk-go/v1.0.0-beta.7+dev (go1.18.2; linux; amd64) terraform-provider/develop
        terraform/terraform-tests
    url: https://api.scaleway.com/domain/v2beta1/dns-zones/test-geoip.scaleway-terraform.com/records
    method: PATCH
  response:
    body: '{"records":[]}'
    headers:
      Content-Length:
      - "14"
      Content-Security-Policy:
      - default-src 'none'; frame-ancestors 'none'
      Content-Type:
      - application/json
      Date:
      - Tue, 07 Jun 2022 13:20:05 GMT
      Server:
      - Scaleway API-Gateway
      Strict-Transport-Security:
      - max-age=63072000
      X-Content-Type-Options:
      - nosniff
      X-Frame-Options:
      - DENY
      X-Request-Id:
      - 260a34fb-2a7b-4b95-97c1-a939b2597b51
    status: 200 OK
    code: 200
    duration: ""
- request:
    body: ""
    form: {}
    headers:
      User-Agent:
      - scaleway-sdk-go/v1.0.0-beta.7+dev (go1.18.2; linux; amd64) terraform-provider/develop
        terraform/terraform-tests
    url: https://api.scaleway.com/domain/v2beta1/dns-zones?dns_zone=test-geoip.scaleway-terraform.com&domain=&order_by=domain_asc
    method: GET
  response:
    body: '{"total_count":1,"dns_zones":[{"domain":"scaleway-terraform.com","subdomain":"test-geoip","ns":["ns0.dom.scw.cloud","ns1.dom.scw.cloud"],"ns_default":["ns0.dom.scw.cloud","ns1.dom.scw.cloud"],"ns_master":[],"status":"pending","message":null,"updated_at":"2022-06-07T13:20:05Z","project_id":"105bdce1-64c0-48ab-899d-868455867ecf"}]}'
    headers:
      Content-Length:
      - "331"
      Content-Security-Policy:
      - default-src 'none'; frame-ancestors 'none'
      Content-Type:
      - application/json
      Date:
      - Tue, 07 Jun 2022 13:20:05 GMT
      Server:
      - Scaleway API-Gateway
      Strict-Transport-Security:
      - max-age=63072000
      X-Content-Type-Options:
      - nosniff
      X-Frame-Options:
      - DENY
      X-Request-Id:
      - 6a0c8af1-9764-4303-bdc8-b6220d7fa7de
    status: 200 OK
    code: 200
    duration: ""
- request:
    body: ""
    form: {}
    headers:
      User-Agent:
      - scaleway-sdk-go/v1.0.0-beta.7+dev (go1.18.2; linux; amd64) terraform-provider/develop
        terraform/terraform-tests
    url: https://api.scaleway.com/domain/v2beta1/dns-zones?dns_zone=test-geoip.scaleway-terraform.com&domain=&order_by=domain_asc
    method: GET
  response:
    body: '{"total_count":1,"dns_zones":[{"domain":"scaleway-terraform.com","subdomain":"test-geoip","ns":["ns0.dom.scw.cloud","ns1.dom.scw.cloud"],"ns_default":["ns0.dom.scw.cloud","ns1.dom.scw.cloud"],"ns_master":[],"status":"active","message":null,"updated_at":"2022-06-07T13:20:08Z","project_id":"105bdce1-64c0-48ab-899d-868455867ecf"}]}'
    headers:
      Content-Length:
      - "330"
      Content-Security-Policy:
      - default-src 'none'; frame-ancestors 'none'
      Content-Type:
      - application/json
      Date:
      - Tue, 07 Jun 2022 13:20:11 GMT
      Server:
      - Scaleway API-Gateway
      Strict-Transport-Security:
      - max-age=63072000
      X-Content-Type-Options:
      - nosniff
      X-Frame-Options:
      - DENY
      X-Request-Id:
      - 5fa5adc8-b19f-4d5d-a40c-0a190895669e
    status: 200 OK
    code: 200
    duration: ""
- request:
    body: ""
    form: {}
    headers:
      User-Agent:
      - scaleway-sdk-go/v1.0.0-beta.7+dev (go1.18.2; linux; amd64) terraform-provider/develop
        terraform/terraform-tests
    url: https://api.scaleway.com/domain/v2beta1/dns-zones/test-geoip.scaleway-terraform.com/records?name=&order_by=name_asc&type=unknown
    method: GET
  response:
    body: '{"total_count":2,"records":[{"id":"a1a711b9-5fab-42c1-8c91-4d43d0c4a83d","data":"ns0.dom.scw.cloud.","name":"","priority":0,"ttl":600,"type":"NS","comment":null},{"id":"2490a2ce-4976-4411-8be8-f69785d92b97","data":"ns1.dom.scw.cloud.","name":"","priority":0,"ttl":600,"type":"NS","comment":null}]}'
    headers:
      Content-Length:
      - "297"
      Content-Security-Policy:
      - default-src 'none'; frame-ancestors 'none'
      Content-Type:
      - application/json
      Date:
      - Tue, 07 Jun 2022 13:20:11 GMT
      Server:
      - Scaleway API-Gateway
      Strict-Transport-Security:
      - max-age=63072000
      X-Content-Type-Options:
      - nosniff
      X-Frame-Options:
      - DENY
      X-Request-Id:
      - a7994aab-5005-4bc1-99c6-de6981721957
    status: 200 OK
    code: 200
    duration: ""
- request:
    body: ""
    form: {}
    headers:
      User-Agent:
      - scaleway-sdk-go/v1.0.0-beta.7+dev (go1.18.2; linux; amd64) terraform-provider/develop
        terraform/terraform-tests
    url: https://api.scaleway.com/domain/v2beta1/dns-zones?dns_zone=test-geoip.scaleway-terraform.com&domain=&order_by=domain_asc
    method: GET
  response:
    body: '{"total_count":1,"dns_zones":[{"domain":"scaleway-terraform.com","subdomain":"test-geoip","ns":["ns0.dom.scw.cloud","ns1.dom.scw.cloud"],"ns_default":["ns0.dom.scw.cloud","ns1.dom.scw.cloud"],"ns_master":[],"status":"active","message":null,"updated_at":"2022-06-07T13:20:08Z","project_id":"105bdce1-64c0-48ab-899d-868455867ecf"}]}'
    headers:
      Content-Length:
      - "330"
      Content-Security-Policy:
      - default-src 'none'; frame-ancestors 'none'
      Content-Type:
      - application/json
      Date:
      - Tue, 07 Jun 2022 13:20:11 GMT
      Server:
      - Scaleway API-Gateway
      Strict-Transport-Security:
      - max-age=63072000
      X-Content-Type-Options:
      - nosniff
      X-Frame-Options:
      - DENY
      X-Request-Id:
      - 6d1a8986-45d4-4e9b-a174-4b8bf0d6d7c4
    status: 200 OK
    code: 200
    duration: ""
- request:
    body: ""
    form: {}
    headers:
      User-Agent:
      - scaleway-sdk-go/v1.0.0-beta.7+dev (go1.18.2; linux; amd64) terraform-provider/develop
        terraform/terraform-tests
    url: https://api.scaleway.com/domain/v2beta1/dns-zones/test-geoip.scaleway-terraform.com?project_id=105bdce1-64c0-48ab-899d-868455867ecf
    method: DELETE
  response:
    body: '{}'
    headers:
      Content-Length:
      - "2"
      Content-Security-Policy:
      - default-src 'none'; frame-ancestors 'none'
      Content-Type:
      - application/json
      Date:
      - Tue, 07 Jun 2022 13:20:12 GMT
      Server:
      - Scaleway API-Gateway
      Strict-Transport-Security:
      - max-age=63072000
      X-Content-Type-Options:
      - nosniff
      X-Frame-Options:
      - DENY
      X-Request-Id:
      - e48cd26d-5d50-4046-b799-553d59a40e2f
    status: 200 OK
    code: 200
    duration: ""
- request:
    body: ""
    form: {}
    headers:
      User-Agent:
      - scaleway-sdk-go/v1.0.0-beta.7+dev (go1.18.2; linux; amd64) terraform-provider/develop
        terraform/terraform-tests
    url: https://api.scaleway.com/domain/v2beta1/dns-zones/test-geoip.scaleway-terraform.com/records?name=&order_by=name_asc&type=unknown
    method: GET
  response:
    body: '{"message":"subdomain not found"}'
    headers:
      Content-Length:
      - "33"
      Content-Security-Policy:
      - default-src 'none'; frame-ancestors 'none'
      Content-Type:
      - application/json
      Date:
      - Tue, 07 Jun 2022 13:20:12 GMT
      Server:
      - Scaleway API-Gateway
      Strict-Transport-Security:
      - max-age=63072000
      X-Content-Type-Options:
      - nosniff
      X-Frame-Options:
      - DENY
      X-Request-Id:
      - 5b0a15b1-d134-4d2a-a92b-bc1a75783513
    status: 403 Forbidden
    code: 403
    duration: ""
