---
version: 1
interactions:
- request:
    body: '{"changes":[{"add":{"records":[{"data":"127.0.0.3","name":"tf_http_service","priority":0,"ttl":3600,"type":"A","comment":null,"http_service_config":{"ips":["1.2.3.4","4.3.2.1"],"must_contain":"up","url":"http://mywebsite.com/health","user_agent":"scw_service_up","strategy":"hashed"},"id":""}]}}],"return_all_records":false,"disallow_new_zone_creation":false,"serial":null}'
    form: {}
    headers:
      Content-Type:
      - application/json
      User-Agent:
      - scaleway-sdk-go/v1.0.0-beta.7+dev (go1.17.6; linux; amd64) terraform-provider/develop
        terraform/terraform-tests
    url: https://api.scaleway.com/domain/v2beta1/dns-zones/test-httpservice.scaleway-terraform.com/records
    method: PATCH
  response:
    body: '{"records":[{"id":"e464c8c0-8460-45b2-982b-d05789d11ca2","data":"127.0.0.3","name":"tf_http_service","priority":0,"ttl":3600,"type":"A","comment":null,"http_service_config":{"ips":["1.2.3.4","4.3.2.1"],"must_contain":"up","url":"http://mywebsite.com/health","user_agent":"scw_service_up","strategy":"hashed"}}]}'
    headers:
      Content-Length:
      - "311"
      Content-Security-Policy:
      - default-src 'none'; frame-ancestors 'none'
      Content-Type:
      - application/json
      Date:
      - Tue, 19 Apr 2022 09:00:59 GMT
      Server:
      - Scaleway API-Gateway
      Strict-Transport-Security:
      - max-age=63072000
      X-Content-Type-Options:
      - nosniff
      X-Frame-Options:
      - DENY
      X-Request-Id:
      - dfd61f4e-1037-4d74-b622-14e4f0af97e9
    status: 200 OK
    code: 200
    duration: ""
- request:
    body: ""
    form: {}
    headers:
      User-Agent:
      - scaleway-sdk-go/v1.0.0-beta.7+dev (go1.17.6; linux; amd64) terraform-provider/develop
        terraform/terraform-tests
    url: https://api.scaleway.com/domain/v2beta1/dns-zones/test-httpservice.scaleway-terraform.com/records?name=tf_http_service&order_by=name_asc&page=1&type=A
    method: GET
  response:
    body: '{"total_count":1,"records":[{"id":"e464c8c0-8460-45b2-982b-d05789d11ca2","data":"127.0.0.3","name":"tf_http_service","priority":0,"ttl":3600,"type":"A","comment":null,"http_service_config":{"ips":["1.2.3.4","4.3.2.1"],"must_contain":"up","url":"http://mywebsite.com/health","user_agent":"scw_service_up","strategy":"hashed"}}]}'
    headers:
      Content-Length:
      - "327"
      Content-Security-Policy:
      - default-src 'none'; frame-ancestors 'none'
      Content-Type:
      - application/json
      Date:
      - Tue, 19 Apr 2022 09:00:59 GMT
      Server:
      - Scaleway API-Gateway
      Strict-Transport-Security:
      - max-age=63072000
      X-Content-Type-Options:
      - nosniff
      X-Frame-Options:
      - DENY
      X-Request-Id:
      - aeea0613-f235-40d5-a6e2-d49d613cf469
    status: 200 OK
    code: 200
    duration: ""
- request:
    body: ""
    form: {}
    headers:
      User-Agent:
      - scaleway-sdk-go/v1.0.0-beta.7+dev (go1.17.6; linux; amd64) terraform-provider/develop
        terraform/terraform-tests
    url: https://api.scaleway.com/domain/v2beta1/dns-zones?dns_zone=test-httpservice.scaleway-terraform.com&domain=&order_by=domain_asc&page=1
    method: GET
  response:
    body: '{"total_count":1,"dns_zones":[{"domain":"scaleway-terraform.com","subdomain":"test-httpservice","ns":["ns0.dom.scw.cloud","ns1.dom.scw.cloud"],"ns_default":["ns0.dom.scw.cloud","ns1.dom.scw.cloud"],"ns_master":[],"status":"pending","message":null,"updated_at":"2022-04-19T09:00:59Z","project_id":"105bdce1-64c0-48ab-899d-868455867ecf"}]}'
    headers:
      Content-Length:
      - "337"
      Content-Security-Policy:
      - default-src 'none'; frame-ancestors 'none'
      Content-Type:
      - application/json
      Date:
      - Tue, 19 Apr 2022 09:00:59 GMT
      Server:
      - Scaleway API-Gateway
      Strict-Transport-Security:
      - max-age=63072000
      X-Content-Type-Options:
      - nosniff
      X-Frame-Options:
      - DENY
      X-Request-Id:
      - 64f25d37-c093-4a94-b7f8-9ea64d960b23
    status: 200 OK
    code: 200
    duration: ""
- request:
    body: ""
    form: {}
    headers:
      User-Agent:
      - scaleway-sdk-go/v1.0.0-beta.7+dev (go1.17.6; linux; amd64) terraform-provider/develop
        terraform/terraform-tests
    url: https://api.scaleway.com/domain/v2beta1/dns-zones/test-httpservice.scaleway-terraform.com/records?name=&order_by=name_asc&type=unknown
    method: GET
  response:
    body: '{"total_count":3,"records":[{"id":"49a1edff-f440-4ec0-860f-7e5216476298","data":"ns0.dom.scw.cloud.","name":"","priority":0,"ttl":600,"type":"NS","comment":null},{"id":"94467246-28bd-4611-8fca-67bbdc59514c","data":"ns1.dom.scw.cloud.","name":"","priority":0,"ttl":600,"type":"NS","comment":null},{"id":"e464c8c0-8460-45b2-982b-d05789d11ca2","data":"127.0.0.3","name":"tf_http_service","priority":0,"ttl":3600,"type":"A","comment":null,"http_service_config":{"ips":["1.2.3.4","4.3.2.1"],"must_contain":"up","url":"http://mywebsite.com/health","user_agent":"scw_service_up","strategy":"hashed"}}]}'
    headers:
      Content-Length:
      - "595"
      Content-Security-Policy:
      - default-src 'none'; frame-ancestors 'none'
      Content-Type:
      - application/json
      Date:
      - Tue, 19 Apr 2022 09:00:59 GMT
      Server:
      - Scaleway API-Gateway
      Strict-Transport-Security:
      - max-age=63072000
      X-Content-Type-Options:
      - nosniff
      X-Frame-Options:
      - DENY
      X-Request-Id:
      - 5be43554-4c4f-46dc-9805-cbc9b7f946df
    status: 200 OK
    code: 200
    duration: ""
- request:
    body: ""
    form: {}
    headers:
      User-Agent:
      - scaleway-sdk-go/v1.0.0-beta.7+dev (go1.17.6; linux; amd64) terraform-provider/develop
        terraform/terraform-tests
    url: https://api.scaleway.com/domain/v2beta1/dns-zones/test-httpservice.scaleway-terraform.com/records?name=tf_http_service&order_by=name_asc&page=1&type=A
    method: GET
  response:
    body: '{"total_count":1,"records":[{"id":"e464c8c0-8460-45b2-982b-d05789d11ca2","data":"127.0.0.3","name":"tf_http_service","priority":0,"ttl":3600,"type":"A","comment":null,"http_service_config":{"ips":["1.2.3.4","4.3.2.1"],"must_contain":"up","url":"http://mywebsite.com/health","user_agent":"scw_service_up","strategy":"hashed"}}]}'
    headers:
      Content-Length:
      - "327"
      Content-Security-Policy:
      - default-src 'none'; frame-ancestors 'none'
      Content-Type:
      - application/json
      Date:
      - Tue, 19 Apr 2022 09:01:00 GMT
      Server:
      - Scaleway API-Gateway
      Strict-Transport-Security:
      - max-age=63072000
      X-Content-Type-Options:
      - nosniff
      X-Frame-Options:
      - DENY
      X-Request-Id:
      - fa1dd73a-dde3-4ec3-8d44-978d5cff9581
    status: 200 OK
    code: 200
    duration: ""
- request:
    body: ""
    form: {}
    headers:
      User-Agent:
      - scaleway-sdk-go/v1.0.0-beta.7+dev (go1.17.6; linux; amd64) terraform-provider/develop
        terraform/terraform-tests
    url: https://api.scaleway.com/domain/v2beta1/dns-zones?dns_zone=test-httpservice.scaleway-terraform.com&domain=&order_by=domain_asc&page=1
    method: GET
  response:
    body: '{"total_count":1,"dns_zones":[{"domain":"scaleway-terraform.com","subdomain":"test-httpservice","ns":["ns0.dom.scw.cloud","ns1.dom.scw.cloud"],"ns_default":["ns0.dom.scw.cloud","ns1.dom.scw.cloud"],"ns_master":[],"status":"active","message":null,"updated_at":"2022-04-19T09:01:00Z","project_id":"105bdce1-64c0-48ab-899d-868455867ecf"}]}'
    headers:
      Content-Length:
      - "336"
      Content-Security-Policy:
      - default-src 'none'; frame-ancestors 'none'
      Content-Type:
      - application/json
      Date:
      - Tue, 19 Apr 2022 09:01:00 GMT
      Server:
      - Scaleway API-Gateway
      Strict-Transport-Security:
      - max-age=63072000
      X-Content-Type-Options:
      - nosniff
      X-Frame-Options:
      - DENY
      X-Request-Id:
      - 06d1ecc4-0345-43ae-be2e-976605a6bec4
    status: 200 OK
    code: 200
    duration: ""
- request:
    body: ""
    form: {}
    headers:
      User-Agent:
      - scaleway-sdk-go/v1.0.0-beta.7+dev (go1.17.6; linux; amd64) terraform-provider/develop
        terraform/terraform-tests
    url: https://api.scaleway.com/domain/v2beta1/dns-zones/test-httpservice.scaleway-terraform.com/records?name=tf_http_service&order_by=name_asc&page=1&type=A
    method: GET
  response:
    body: '{"total_count":1,"records":[{"id":"e464c8c0-8460-45b2-982b-d05789d11ca2","data":"127.0.0.3","name":"tf_http_service","priority":0,"ttl":3600,"type":"A","comment":null,"http_service_config":{"ips":["1.2.3.4","4.3.2.1"],"must_contain":"up","url":"http://mywebsite.com/health","user_agent":"scw_service_up","strategy":"hashed"}}]}'
    headers:
      Content-Length:
      - "327"
      Content-Security-Policy:
      - default-src 'none'; frame-ancestors 'none'
      Content-Type:
      - application/json
      Date:
      - Tue, 19 Apr 2022 09:01:01 GMT
      Server:
      - Scaleway API-Gateway
      Strict-Transport-Security:
      - max-age=63072000
      X-Content-Type-Options:
      - nosniff
      X-Frame-Options:
      - DENY
      X-Request-Id:
      - 3580932f-6c23-4084-bfad-8bd2498df6ea
    status: 200 OK
    code: 200
    duration: ""
- request:
    body: ""
    form: {}
    headers:
      User-Agent:
      - scaleway-sdk-go/v1.0.0-beta.7+dev (go1.17.6; linux; amd64) terraform-provider/develop
        terraform/terraform-tests
    url: https://api.scaleway.com/domain/v2beta1/dns-zones?dns_zone=test-httpservice.scaleway-terraform.com&domain=&order_by=domain_asc&page=1
    method: GET
  response:
    body: '{"total_count":1,"dns_zones":[{"domain":"scaleway-terraform.com","subdomain":"test-httpservice","ns":["ns0.dom.scw.cloud","ns1.dom.scw.cloud"],"ns_default":["ns0.dom.scw.cloud","ns1.dom.scw.cloud"],"ns_master":[],"status":"active","message":null,"updated_at":"2022-04-19T09:01:00Z","project_id":"105bdce1-64c0-48ab-899d-868455867ecf"}]}'
    headers:
      Content-Length:
      - "336"
      Content-Security-Policy:
      - default-src 'none'; frame-ancestors 'none'
      Content-Type:
      - application/json
      Date:
      - Tue, 19 Apr 2022 09:01:01 GMT
      Server:
      - Scaleway API-Gateway
      Strict-Transport-Security:
      - max-age=63072000
      X-Content-Type-Options:
      - nosniff
      X-Frame-Options:
      - DENY
      X-Request-Id:
      - 0bec8214-dab4-4600-8868-6e4fe047dc2b
    status: 200 OK
    code: 200
    duration: ""
- request:
    body: '{"changes":[{"set":{"id":"e464c8c0-8460-45b2-982b-d05789d11ca2","records":[{"data":"127.0.0.3","name":"tf_http_service","priority":0,"ttl":3600,"type":"A","comment":null,"http_service_config":{"ips":["5.6.7.8"],"must_contain":"online","url":"http://mywebsite.com/healthcheck","user_agent":"scw_service_online","strategy":"random"},"id":""}]}}],"return_all_records":false,"disallow_new_zone_creation":false,"serial":null}'
    form: {}
    headers:
      Content-Type:
      - application/json
      User-Agent:
      - scaleway-sdk-go/v1.0.0-beta.7+dev (go1.17.6; linux; amd64) terraform-provider/develop
        terraform/terraform-tests
    url: https://api.scaleway.com/domain/v2beta1/dns-zones/test-httpservice.scaleway-terraform.com/records
    method: PATCH
  response:
    body: '{"records":[{"id":"e464c8c0-8460-45b2-982b-d05789d11ca2","data":"127.0.0.3","name":"tf_http_service","priority":0,"ttl":3600,"type":"A","comment":null,"http_service_config":{"ips":["5.6.7.8"],"must_contain":"online","url":"http://mywebsite.com/healthcheck","user_agent":"scw_service_online","strategy":"random"}}]}'
    headers:
      Content-Length:
      - "314"
      Content-Security-Policy:
      - default-src 'none'; frame-ancestors 'none'
      Content-Type:
      - application/json
      Date:
      - Tue, 19 Apr 2022 09:01:01 GMT
      Server:
      - Scaleway API-Gateway
      Strict-Transport-Security:
      - max-age=63072000
      X-Content-Type-Options:
      - nosniff
      X-Frame-Options:
      - DENY
      X-Request-Id:
      - 442e9fc6-9f53-4c9e-93db-3703a47bc3cf
    status: 200 OK
    code: 200
    duration: ""
- request:
    body: ""
    form: {}
    headers:
      User-Agent:
      - scaleway-sdk-go/v1.0.0-beta.7+dev (go1.17.6; linux; amd64) terraform-provider/develop
        terraform/terraform-tests
    url: https://api.scaleway.com/domain/v2beta1/dns-zones/test-httpservice.scaleway-terraform.com/records?name=tf_http_service&order_by=name_asc&page=1&type=A
    method: GET
  response:
    body: '{"total_count":1,"records":[{"id":"e464c8c0-8460-45b2-982b-d05789d11ca2","data":"127.0.0.3","name":"tf_http_service","priority":0,"ttl":3600,"type":"A","comment":null,"http_service_config":{"ips":["5.6.7.8"],"must_contain":"online","url":"http://mywebsite.com/healthcheck","user_agent":"scw_service_online","strategy":"random"}}]}'
    headers:
      Content-Length:
      - "330"
      Content-Security-Policy:
      - default-src 'none'; frame-ancestors 'none'
      Content-Type:
      - application/json
      Date:
      - Tue, 19 Apr 2022 09:01:01 GMT
      Server:
      - Scaleway API-Gateway
      Strict-Transport-Security:
      - max-age=63072000
      X-Content-Type-Options:
      - nosniff
      X-Frame-Options:
      - DENY
      X-Request-Id:
      - 18ae8f6c-a88d-41be-aa1e-7207b5f3319c
    status: 200 OK
    code: 200
    duration: ""
- request:
    body: ""
    form: {}
    headers:
      User-Agent:
      - scaleway-sdk-go/v1.0.0-beta.7+dev (go1.17.6; linux; amd64) terraform-provider/develop
        terraform/terraform-tests
    url: https://api.scaleway.com/domain/v2beta1/dns-zones?dns_zone=test-httpservice.scaleway-terraform.com&domain=&order_by=domain_asc&page=1
    method: GET
  response:
    body: '{"total_count":1,"dns_zones":[{"domain":"scaleway-terraform.com","subdomain":"test-httpservice","ns":["ns0.dom.scw.cloud","ns1.dom.scw.cloud"],"ns_default":["ns0.dom.scw.cloud","ns1.dom.scw.cloud"],"ns_master":[],"status":"pending","message":null,"updated_at":"2022-04-19T09:01:01Z","project_id":"105bdce1-64c0-48ab-899d-868455867ecf"}]}'
    headers:
      Content-Length:
      - "337"
      Content-Security-Policy:
      - default-src 'none'; frame-ancestors 'none'
      Content-Type:
      - application/json
      Date:
      - Tue, 19 Apr 2022 09:01:01 GMT
      Server:
      - Scaleway API-Gateway
      Strict-Transport-Security:
      - max-age=63072000
      X-Content-Type-Options:
      - nosniff
      X-Frame-Options:
      - DENY
      X-Request-Id:
      - 9ad680c9-ac6c-4f04-b783-c197968cad4f
    status: 200 OK
    code: 200
    duration: ""
- request:
    body: ""
    form: {}
    headers:
      User-Agent:
      - scaleway-sdk-go/v1.0.0-beta.7+dev (go1.17.6; linux; amd64) terraform-provider/develop
        terraform/terraform-tests
    url: https://api.scaleway.com/domain/v2beta1/dns-zones/test-httpservice.scaleway-terraform.com/records?name=&order_by=name_asc&type=unknown
    method: GET
  response:
    body: '{"total_count":3,"records":[{"id":"49a1edff-f440-4ec0-860f-7e5216476298","data":"ns0.dom.scw.cloud.","name":"","priority":0,"ttl":600,"type":"NS","comment":null},{"id":"94467246-28bd-4611-8fca-67bbdc59514c","data":"ns1.dom.scw.cloud.","name":"","priority":0,"ttl":600,"type":"NS","comment":null},{"id":"e464c8c0-8460-45b2-982b-d05789d11ca2","data":"127.0.0.3","name":"tf_http_service","priority":0,"ttl":3600,"type":"A","comment":null,"http_service_config":{"ips":["5.6.7.8"],"must_contain":"online","url":"http://mywebsite.com/healthcheck","user_agent":"scw_service_online","strategy":"random"}}]}'
    headers:
      Content-Length:
      - "598"
      Content-Security-Policy:
      - default-src 'none'; frame-ancestors 'none'
      Content-Type:
      - application/json
      Date:
      - Tue, 19 Apr 2022 09:01:02 GMT
      Server:
      - Scaleway API-Gateway
      Strict-Transport-Security:
      - max-age=63072000
      X-Content-Type-Options:
      - nosniff
      X-Frame-Options:
      - DENY
      X-Request-Id:
      - 8d083691-b239-406a-b10d-3aacc5ba9054
    status: 200 OK
    code: 200
    duration: ""
- request:
    body: ""
    form: {}
    headers:
      User-Agent:
      - scaleway-sdk-go/v1.0.0-beta.7+dev (go1.17.6; linux; amd64) terraform-provider/develop
        terraform/terraform-tests
    url: https://api.scaleway.com/domain/v2beta1/dns-zones/test-httpservice.scaleway-terraform.com/records?name=tf_http_service&order_by=name_asc&page=1&type=A
    method: GET
  response:
    body: '{"total_count":1,"records":[{"id":"e464c8c0-8460-45b2-982b-d05789d11ca2","data":"127.0.0.3","name":"tf_http_service","priority":0,"ttl":3600,"type":"A","comment":null,"http_service_config":{"ips":["5.6.7.8"],"must_contain":"online","url":"http://mywebsite.com/healthcheck","user_agent":"scw_service_online","strategy":"random"}}]}'
    headers:
      Content-Length:
      - "330"
      Content-Security-Policy:
      - default-src 'none'; frame-ancestors 'none'
      Content-Type:
      - application/json
      Date:
      - Tue, 19 Apr 2022 09:01:02 GMT
      Server:
      - Scaleway API-Gateway
      Strict-Transport-Security:
      - max-age=63072000
      X-Content-Type-Options:
      - nosniff
      X-Frame-Options:
      - DENY
      X-Request-Id:
      - 38f6b985-cf8b-402a-9f0d-c177ea5146e3
    status: 200 OK
    code: 200
    duration: ""
- request:
    body: ""
    form: {}
    headers:
      User-Agent:
      - scaleway-sdk-go/v1.0.0-beta.7+dev (go1.17.6; linux; amd64) terraform-provider/develop
        terraform/terraform-tests
    url: https://api.scaleway.com/domain/v2beta1/dns-zones?dns_zone=test-httpservice.scaleway-terraform.com&domain=&order_by=domain_asc&page=1
    method: GET
  response:
    body: '{"total_count":1,"dns_zones":[{"domain":"scaleway-terraform.com","subdomain":"test-httpservice","ns":["ns0.dom.scw.cloud","ns1.dom.scw.cloud"],"ns_default":["ns0.dom.scw.cloud","ns1.dom.scw.cloud"],"ns_master":[],"status":"pending","message":null,"updated_at":"2022-04-19T09:01:01Z","project_id":"105bdce1-64c0-48ab-899d-868455867ecf"}]}'
    headers:
      Content-Length:
      - "337"
      Content-Security-Policy:
      - default-src 'none'; frame-ancestors 'none'
      Content-Type:
      - application/json
      Date:
      - Tue, 19 Apr 2022 09:01:02 GMT
      Server:
      - Scaleway API-Gateway
      Strict-Transport-Security:
      - max-age=63072000
      X-Content-Type-Options:
      - nosniff
      X-Frame-Options:
      - DENY
      X-Request-Id:
      - 8786b784-99cc-4bad-b95c-e5cc2afe3eeb
    status: 200 OK
    code: 200
    duration: ""
- request:
    body: '{"changes":[{"delete":{"id":"e464c8c0-8460-45b2-982b-d05789d11ca2"}}],"return_all_records":false,"disallow_new_zone_creation":false,"serial":null}'
    form: {}
    headers:
      Content-Type:
      - application/json
      User-Agent:
      - scaleway-sdk-go/v1.0.0-beta.7+dev (go1.17.6; linux; amd64) terraform-provider/develop
        terraform/terraform-tests
    url: https://api.scaleway.com/domain/v2beta1/dns-zones/test-httpservice.scaleway-terraform.com/records
    method: PATCH
  response:
    body: '{"records":[]}'
    headers:
      Content-Length:
      - "14"
      Content-Security-Policy:
      - default-src 'none'; frame-ancestors 'none'
      Content-Type:
      - application/json
      Date:
      - Tue, 19 Apr 2022 09:01:03 GMT
      Server:
      - Scaleway API-Gateway
      Strict-Transport-Security:
      - max-age=63072000
      X-Content-Type-Options:
      - nosniff
      X-Frame-Options:
      - DENY
      X-Request-Id:
      - 7942f0c0-5326-4a2c-b092-387a63a1dda7
    status: 200 OK
    code: 200
    duration: ""
- request:
    body: ""
    form: {}
    headers:
      User-Agent:
      - scaleway-sdk-go/v1.0.0-beta.7+dev (go1.17.6; linux; amd64) terraform-provider/develop
        terraform/terraform-tests
    url: https://api.scaleway.com/domain/v2beta1/dns-zones/test-httpservice.scaleway-terraform.com/records?name=&order_by=name_asc&type=unknown
    method: GET
  response:
    body: '{"total_count":2,"records":[{"id":"49a1edff-f440-4ec0-860f-7e5216476298","data":"ns0.dom.scw.cloud.","name":"","priority":0,"ttl":600,"type":"NS","comment":null},{"id":"94467246-28bd-4611-8fca-67bbdc59514c","data":"ns1.dom.scw.cloud.","name":"","priority":0,"ttl":600,"type":"NS","comment":null}]}'
    headers:
      Content-Length:
      - "297"
      Content-Security-Policy:
      - default-src 'none'; frame-ancestors 'none'
      Content-Type:
      - application/json
      Date:
      - Tue, 19 Apr 2022 09:01:03 GMT
      Server:
      - Scaleway API-Gateway
      Strict-Transport-Security:
      - max-age=63072000
      X-Content-Type-Options:
      - nosniff
      X-Frame-Options:
      - DENY
      X-Request-Id:
      - 2a095bf5-ff83-44a9-9cac-83bcf87bada2
    status: 200 OK
    code: 200
    duration: ""
- request:
    body: ""
    form: {}
    headers:
      User-Agent:
      - scaleway-sdk-go/v1.0.0-beta.7+dev (go1.17.6; linux; amd64) terraform-provider/develop
        terraform/terraform-tests
    url: https://api.scaleway.com/domain/v2beta1/dns-zones/test-httpservice.scaleway-terraform.com?project_id=105bdce1-64c0-48ab-899d-868455867ecf
    method: DELETE
  response:
    body: '{}'
    headers:
      Content-Length:
      - "2"
      Content-Security-Policy:
      - default-src 'none'; frame-ancestors 'none'
      Content-Type:
      - application/json
      Date:
      - Tue, 19 Apr 2022 09:01:03 GMT
      Server:
      - Scaleway API-Gateway
      Strict-Transport-Security:
      - max-age=63072000
      X-Content-Type-Options:
      - nosniff
      X-Frame-Options:
      - DENY
      X-Request-Id:
      - 665f9b0d-4436-4286-be29-9367046e5c25
    status: 200 OK
    code: 200
    duration: ""
- request:
    body: ""
    form: {}
    headers:
      User-Agent:
      - scaleway-sdk-go/v1.0.0-beta.7+dev (go1.17.6; linux; amd64) terraform-provider/develop
        terraform/terraform-tests
    url: https://api.scaleway.com/domain/v2beta1/dns-zones/test-httpservice.scaleway-terraform.com/records?name=&order_by=name_asc&type=unknown
    method: GET
  response:
    body: '{"message":"subdomain not found"}'
    headers:
      Content-Length:
      - "33"
      Content-Security-Policy:
      - default-src 'none'; frame-ancestors 'none'
      Content-Type:
      - application/json
      Date:
      - Tue, 19 Apr 2022 09:01:03 GMT
      Server:
      - Scaleway API-Gateway
      Strict-Transport-Security:
      - max-age=63072000
      X-Content-Type-Options:
      - nosniff
      X-Frame-Options:
      - DENY
      X-Request-Id:
      - 757f9b53-5a03-4797-bd83-cdd50bb9bff1
    status: 403 Forbidden
    code: 403
    duration: ""
