---
version: 1
interactions:
- request:
    body: '{"changes":[{"add":{"records":[{"data":"127.0.0.2","name":"tf_geo_ip","priority":0,"ttl":3600,"type":"A","comment":null,"geo_ip_config":{"matches":[{"countries":["FR"],"continents":["EU"],"data":"1.2.3.4"},{"countries":[],"continents":["NA"],"data":"1.2.3.5"}],"default":"127.0.0.2"},"id":""}]}}],"return_all_records":false,"disallow_new_zone_creation":false,"serial":null}'
    form: {}
    headers:
      Content-Type:
      - application/json
      User-Agent:
      - scaleway-sdk-go/v1.0.0-beta.7+dev (go1.18; darwin; amd64) terraform-provider/develop
        terraform/terraform-tests
    url: https://api.scaleway.com/domain/v2beta1/dns-zones/test-geoip.scaleway-terraform.com/records
    method: PATCH
  response:
    body: '{"records":[{"id":"4215eff1-5e52-43b6-9d00-c6ed02dc4471","data":"127.0.0.2","name":"tf_geo_ip","priority":0,"ttl":3600,"type":"A","comment":null,"geo_ip_config":{"matches":[{"countries":["FR"],"continents":["EU"],"data":"1.2.3.4"},{"countries":[],"continents":["NA"],"data":"1.2.3.5"}],"default":"127.0.0.2"}}]}'
    headers:
      Content-Length:
      - "311"
      Content-Security-Policy:
      - default-src 'none'; frame-ancestors 'none'
      Content-Type:
      - application/json
      Date:
      - Tue, 19 Apr 2022 14:45:12 GMT
      Server:
      - Scaleway API-Gateway
      Strict-Transport-Security:
      - max-age=63072000
      X-Content-Type-Options:
      - nosniff
      X-Frame-Options:
      - DENY
      X-Request-Id:
      - 1ca72f70-9ef0-4c90-b00f-b6c32a3f54d1
    status: 200 OK
    code: 200
    duration: ""
- request:
    body: ""
    form: {}
    headers:
      User-Agent:
      - scaleway-sdk-go/v1.0.0-beta.7+dev (go1.18; darwin; amd64) terraform-provider/develop
        terraform/terraform-tests
    url: https://api.scaleway.com/domain/v2beta1/dns-zones?dns_zone=test-geoip.scaleway-terraform.com&domain=&order_by=domain_asc
    method: GET
  response:
    body: '{"total_count":1,"dns_zones":[{"domain":"scaleway-terraform.com","subdomain":"test-geoip","ns":["ns0.dom.scw.cloud","ns1.dom.scw.cloud"],"ns_default":["ns0.dom.scw.cloud","ns1.dom.scw.cloud"],"ns_master":[],"status":"pending","message":null,"updated_at":"2022-04-19T14:45:12Z","project_id":"105bdce1-64c0-48ab-899d-868455867ecf"}]}'
    headers:
      Content-Length:
      - "331"
      Content-Security-Policy:
      - default-src 'none'; frame-ancestors 'none'
      Content-Type:
      - application/json
      Date:
      - Tue, 19 Apr 2022 14:45:12 GMT
      Server:
      - Scaleway API-Gateway
      Strict-Transport-Security:
      - max-age=63072000
      X-Content-Type-Options:
      - nosniff
      X-Frame-Options:
      - DENY
      X-Request-Id:
      - d21ef5cd-aab3-4270-9b79-1c950253ab4a
    status: 200 OK
    code: 200
    duration: ""
- request:
    body: ""
    form: {}
    headers:
      User-Agent:
      - scaleway-sdk-go/v1.0.0-beta.7+dev (go1.18; darwin; amd64) terraform-provider/develop
        terraform/terraform-tests
    url: https://api.scaleway.com/domain/v2beta1/dns-zones?dns_zone=test-geoip.scaleway-terraform.com&domain=&order_by=domain_asc
    method: GET
  response:
    body: '{"total_count":1,"dns_zones":[{"domain":"scaleway-terraform.com","subdomain":"test-geoip","ns":["ns0.dom.scw.cloud","ns1.dom.scw.cloud"],"ns_default":["ns0.dom.scw.cloud","ns1.dom.scw.cloud"],"ns_master":[],"status":"pending","message":null,"updated_at":"2022-04-19T14:45:12Z","project_id":"105bdce1-64c0-48ab-899d-868455867ecf"}]}'
    headers:
      Content-Length:
      - "331"
      Content-Security-Policy:
      - default-src 'none'; frame-ancestors 'none'
      Content-Type:
      - application/json
      Date:
      - Tue, 19 Apr 2022 14:45:17 GMT
      Server:
      - Scaleway API-Gateway
      Strict-Transport-Security:
      - max-age=63072000
      X-Content-Type-Options:
      - nosniff
      X-Frame-Options:
      - DENY
      X-Request-Id:
      - 321155af-a89e-41f0-b191-d3554a1296b5
    status: 200 OK
    code: 200
    duration: ""
- request:
    body: ""
    form: {}
    headers:
      User-Agent:
      - scaleway-sdk-go/v1.0.0-beta.7+dev (go1.18; darwin; amd64) terraform-provider/develop
        terraform/terraform-tests
    url: https://api.scaleway.com/domain/v2beta1/dns-zones?dns_zone=test-geoip.scaleway-terraform.com&domain=&order_by=domain_asc
    method: GET
  response:
    body: '{"total_count":1,"dns_zones":[{"domain":"scaleway-terraform.com","subdomain":"test-geoip","ns":["ns0.dom.scw.cloud","ns1.dom.scw.cloud"],"ns_default":["ns0.dom.scw.cloud","ns1.dom.scw.cloud"],"ns_master":[],"status":"active","message":null,"updated_at":"2022-04-19T14:45:22Z","project_id":"105bdce1-64c0-48ab-899d-868455867ecf"}]}'
    headers:
      Content-Length:
      - "330"
      Content-Security-Policy:
      - default-src 'none'; frame-ancestors 'none'
      Content-Type:
      - application/json
      Date:
      - Tue, 19 Apr 2022 14:45:22 GMT
      Server:
      - Scaleway API-Gateway
      Strict-Transport-Security:
      - max-age=63072000
      X-Content-Type-Options:
      - nosniff
      X-Frame-Options:
      - DENY
      X-Request-Id:
      - ef52f225-13db-4aef-8b3e-c5aefe74e1a1
    status: 200 OK
    code: 200
    duration: ""
- request:
    body: ""
    form: {}
    headers:
      User-Agent:
      - scaleway-sdk-go/v1.0.0-beta.7+dev (go1.18; darwin; amd64) terraform-provider/develop
        terraform/terraform-tests
    url: https://api.scaleway.com/domain/v2beta1/dns-zones/test-geoip.scaleway-terraform.com/records?name=tf_geo_ip&order_by=name_asc&page=1&type=A
    method: GET
  response:
    body: '{"total_count":1,"records":[{"id":"4215eff1-5e52-43b6-9d00-c6ed02dc4471","data":"127.0.0.2","name":"tf_geo_ip","priority":0,"ttl":3600,"type":"A","comment":null,"geo_ip_config":{"matches":[{"countries":["FR"],"continents":["EU"],"data":"1.2.3.4"},{"countries":[],"continents":["NA"],"data":"1.2.3.5"}],"default":"127.0.0.2"}}]}'
    headers:
      Content-Length:
      - "327"
      Content-Security-Policy:
      - default-src 'none'; frame-ancestors 'none'
      Content-Type:
      - application/json
      Date:
      - Tue, 19 Apr 2022 14:45:23 GMT
      Server:
      - Scaleway API-Gateway
      Strict-Transport-Security:
      - max-age=63072000
      X-Content-Type-Options:
      - nosniff
      X-Frame-Options:
      - DENY
      X-Request-Id:
      - d17ba568-125f-4fc5-836d-4b545c76857a
    status: 200 OK
    code: 200
    duration: ""
- request:
    body: ""
    form: {}
    headers:
      User-Agent:
      - scaleway-sdk-go/v1.0.0-beta.7+dev (go1.18; darwin; amd64) terraform-provider/develop
        terraform/terraform-tests
    url: https://api.scaleway.com/domain/v2beta1/dns-zones?dns_zone=test-geoip.scaleway-terraform.com&domain=&order_by=domain_asc&page=1
    method: GET
  response:
    body: '{"total_count":1,"dns_zones":[{"domain":"scaleway-terraform.com","subdomain":"test-geoip","ns":["ns0.dom.scw.cloud","ns1.dom.scw.cloud"],"ns_default":["ns0.dom.scw.cloud","ns1.dom.scw.cloud"],"ns_master":[],"status":"active","message":null,"updated_at":"2022-04-19T14:45:22Z","project_id":"105bdce1-64c0-48ab-899d-868455867ecf"}]}'
    headers:
      Content-Length:
      - "330"
      Content-Security-Policy:
      - default-src 'none'; frame-ancestors 'none'
      Content-Type:
      - application/json
      Date:
      - Tue, 19 Apr 2022 14:45:23 GMT
      Server:
      - Scaleway API-Gateway
      Strict-Transport-Security:
      - max-age=63072000
      X-Content-Type-Options:
      - nosniff
      X-Frame-Options:
      - DENY
      X-Request-Id:
      - 635ad27f-9fc4-498b-9607-fa3f3d96fa55
    status: 200 OK
    code: 200
    duration: ""
- request:
    body: ""
    form: {}
    headers:
      User-Agent:
      - scaleway-sdk-go/v1.0.0-beta.7+dev (go1.18; darwin; amd64) terraform-provider/develop
        terraform/terraform-tests
    url: https://api.scaleway.com/domain/v2beta1/dns-zones/test-geoip.scaleway-terraform.com/records?name=&order_by=name_asc&type=unknown
    method: GET
  response:
    body: '{"total_count":3,"records":[{"id":"44acddda-8c13-4e41-bf6c-75730f6b2c49","data":"ns0.dom.scw.cloud.","name":"","priority":0,"ttl":600,"type":"NS","comment":null},{"id":"68bdd858-df78-481b-9793-31cd332a18aa","data":"ns1.dom.scw.cloud.","name":"","priority":0,"ttl":600,"type":"NS","comment":null},{"id":"4215eff1-5e52-43b6-9d00-c6ed02dc4471","data":"127.0.0.2","name":"tf_geo_ip","priority":0,"ttl":3600,"type":"A","comment":null,"geo_ip_config":{"matches":[{"countries":["FR"],"continents":["EU"],"data":"1.2.3.4"},{"countries":[],"continents":["NA"],"data":"1.2.3.5"}],"default":"127.0.0.2"}}]}'
    headers:
      Content-Length:
      - "595"
      Content-Security-Policy:
      - default-src 'none'; frame-ancestors 'none'
      Content-Type:
      - application/json
      Date:
      - Tue, 19 Apr 2022 14:45:23 GMT
      Server:
      - Scaleway API-Gateway
      Strict-Transport-Security:
      - max-age=63072000
      X-Content-Type-Options:
      - nosniff
      X-Frame-Options:
      - DENY
      X-Request-Id:
      - d94c177d-5bc6-40f8-aa14-258963a27d7e
    status: 200 OK
    code: 200
    duration: ""
- request:
    body: ""
    form: {}
    headers:
      User-Agent:
      - scaleway-sdk-go/v1.0.0-beta.7+dev (go1.18; darwin; amd64) terraform-provider/develop
        terraform/terraform-tests
    url: https://api.scaleway.com/domain/v2beta1/dns-zones/test-geoip.scaleway-terraform.com/records?name=tf_geo_ip&order_by=name_asc&page=1&type=A
    method: GET
  response:
    body: '{"total_count":1,"records":[{"id":"4215eff1-5e52-43b6-9d00-c6ed02dc4471","data":"127.0.0.2","name":"tf_geo_ip","priority":0,"ttl":3600,"type":"A","comment":null,"geo_ip_config":{"matches":[{"countries":["FR"],"continents":["EU"],"data":"1.2.3.4"},{"countries":[],"continents":["NA"],"data":"1.2.3.5"}],"default":"127.0.0.2"}}]}'
    headers:
      Content-Length:
      - "327"
      Content-Security-Policy:
      - default-src 'none'; frame-ancestors 'none'
      Content-Type:
      - application/json
      Date:
      - Tue, 19 Apr 2022 14:45:23 GMT
      Server:
      - Scaleway API-Gateway
      Strict-Transport-Security:
      - max-age=63072000
      X-Content-Type-Options:
      - nosniff
      X-Frame-Options:
      - DENY
      X-Request-Id:
      - 410fbd28-fe16-4d8d-9cf4-f6461b1720ab
    status: 200 OK
    code: 200
    duration: ""
- request:
    body: ""
    form: {}
    headers:
      User-Agent:
      - scaleway-sdk-go/v1.0.0-beta.7+dev (go1.18; darwin; amd64) terraform-provider/develop
        terraform/terraform-tests
    url: https://api.scaleway.com/domain/v2beta1/dns-zones?dns_zone=test-geoip.scaleway-terraform.com&domain=&order_by=domain_asc&page=1
    method: GET
  response:
    body: '{"total_count":1,"dns_zones":[{"domain":"scaleway-terraform.com","subdomain":"test-geoip","ns":["ns0.dom.scw.cloud","ns1.dom.scw.cloud"],"ns_default":["ns0.dom.scw.cloud","ns1.dom.scw.cloud"],"ns_master":[],"status":"active","message":null,"updated_at":"2022-04-19T14:45:22Z","project_id":"105bdce1-64c0-48ab-899d-868455867ecf"}]}'
    headers:
      Content-Length:
      - "330"
      Content-Security-Policy:
      - default-src 'none'; frame-ancestors 'none'
      Content-Type:
      - application/json
      Date:
      - Tue, 19 Apr 2022 14:45:23 GMT
      Server:
      - Scaleway API-Gateway
      Strict-Transport-Security:
      - max-age=63072000
      X-Content-Type-Options:
      - nosniff
      X-Frame-Options:
      - DENY
      X-Request-Id:
      - 144b4e9c-b86b-4d6b-8d16-4f8f1095e5ca
    status: 200 OK
    code: 200
    duration: ""
- request:
    body: ""
    form: {}
    headers:
      User-Agent:
      - scaleway-sdk-go/v1.0.0-beta.7+dev (go1.18; darwin; amd64) terraform-provider/develop
        terraform/terraform-tests
    url: https://api.scaleway.com/domain/v2beta1/dns-zones/test-geoip.scaleway-terraform.com/records?name=tf_geo_ip&order_by=name_asc&page=1&type=A
    method: GET
  response:
    body: '{"total_count":1,"records":[{"id":"4215eff1-5e52-43b6-9d00-c6ed02dc4471","data":"127.0.0.2","name":"tf_geo_ip","priority":0,"ttl":3600,"type":"A","comment":null,"geo_ip_config":{"matches":[{"countries":["FR"],"continents":["EU"],"data":"1.2.3.4"},{"countries":[],"continents":["NA"],"data":"1.2.3.5"}],"default":"127.0.0.2"}}]}'
    headers:
      Content-Length:
      - "327"
      Content-Security-Policy:
      - default-src 'none'; frame-ancestors 'none'
      Content-Type:
      - application/json
      Date:
      - Tue, 19 Apr 2022 14:45:24 GMT
      Server:
      - Scaleway API-Gateway
      Strict-Transport-Security:
      - max-age=63072000
      X-Content-Type-Options:
      - nosniff
      X-Frame-Options:
      - DENY
      X-Request-Id:
      - 2973af0e-6ed4-43b4-89f6-06011fdb0418
    status: 200 OK
    code: 200
    duration: ""
- request:
    body: ""
    form: {}
    headers:
      User-Agent:
      - scaleway-sdk-go/v1.0.0-beta.7+dev (go1.18; darwin; amd64) terraform-provider/develop
        terraform/terraform-tests
    url: https://api.scaleway.com/domain/v2beta1/dns-zones?dns_zone=test-geoip.scaleway-terraform.com&domain=&order_by=domain_asc&page=1
    method: GET
  response:
    body: '{"total_count":1,"dns_zones":[{"domain":"scaleway-terraform.com","subdomain":"test-geoip","ns":["ns0.dom.scw.cloud","ns1.dom.scw.cloud"],"ns_default":["ns0.dom.scw.cloud","ns1.dom.scw.cloud"],"ns_master":[],"status":"active","message":null,"updated_at":"2022-04-19T14:45:22Z","project_id":"105bdce1-64c0-48ab-899d-868455867ecf"}]}'
    headers:
      Content-Length:
      - "330"
      Content-Security-Policy:
      - default-src 'none'; frame-ancestors 'none'
      Content-Type:
      - application/json
      Date:
      - Tue, 19 Apr 2022 14:45:24 GMT
      Server:
      - Scaleway API-Gateway
      Strict-Transport-Security:
      - max-age=63072000
      X-Content-Type-Options:
      - nosniff
      X-Frame-Options:
      - DENY
      X-Request-Id:
      - b78776f9-1810-4fb5-8afc-338b0084303e
    status: 200 OK
    code: 200
    duration: ""
- request:
    body: '{"changes":[{"set":{"id":"4215eff1-5e52-43b6-9d00-c6ed02dc4471","records":[{"data":"127.0.0.2","name":"tf_geo_ip","priority":0,"ttl":3600,"type":"A","comment":null,"geo_ip_config":{"matches":[{"countries":["FR","AE"],"continents":["EU","AS"],"data":"1.2.3.4"},{"countries":["CI"],"continents":[],"data":"1.2.3.5"}],"default":"127.0.0.2"},"id":""}]}}],"return_all_records":false,"disallow_new_zone_creation":false,"serial":null}'
    form: {}
    headers:
      Content-Type:
      - application/json
      User-Agent:
      - scaleway-sdk-go/v1.0.0-beta.7+dev (go1.18; darwin; amd64) terraform-provider/develop
        terraform/terraform-tests
    url: https://api.scaleway.com/domain/v2beta1/dns-zones/test-geoip.scaleway-terraform.com/records
    method: PATCH
  response:
    body: '{"records":[{"id":"4215eff1-5e52-43b6-9d00-c6ed02dc4471","data":"127.0.0.2","name":"tf_geo_ip","priority":0,"ttl":3600,"type":"A","comment":null,"geo_ip_config":{"matches":[{"countries":["FR","AE"],"continents":["EU","AS"],"data":"1.2.3.4"},{"countries":["CI"],"continents":[],"data":"1.2.3.5"}],"default":"127.0.0.2"}}]}'
    headers:
      Content-Length:
      - "321"
      Content-Security-Policy:
      - default-src 'none'; frame-ancestors 'none'
      Content-Type:
      - application/json
      Date:
      - Tue, 19 Apr 2022 14:45:25 GMT
      Server:
      - Scaleway API-Gateway
      Strict-Transport-Security:
      - max-age=63072000
      X-Content-Type-Options:
      - nosniff
      X-Frame-Options:
      - DENY
      X-Request-Id:
      - 04a7b195-da04-43fd-a6b3-ef5aedb9362d
    status: 200 OK
    code: 200
    duration: ""
- request:
    body: ""
    form: {}
    headers:
      User-Agent:
      - scaleway-sdk-go/v1.0.0-beta.7+dev (go1.18; darwin; amd64) terraform-provider/develop
        terraform/terraform-tests
    url: https://api.scaleway.com/domain/v2beta1/dns-zones?dns_zone=test-geoip.scaleway-terraform.com&domain=&order_by=domain_asc
    method: GET
  response:
    body: '{"total_count":1,"dns_zones":[{"domain":"scaleway-terraform.com","subdomain":"test-geoip","ns":["ns0.dom.scw.cloud","ns1.dom.scw.cloud"],"ns_default":["ns0.dom.scw.cloud","ns1.dom.scw.cloud"],"ns_master":[],"status":"pending","message":null,"updated_at":"2022-04-19T14:45:25Z","project_id":"105bdce1-64c0-48ab-899d-868455867ecf"}]}'
    headers:
      Content-Length:
      - "331"
      Content-Security-Policy:
      - default-src 'none'; frame-ancestors 'none'
      Content-Type:
      - application/json
      Date:
      - Tue, 19 Apr 2022 14:45:25 GMT
      Server:
      - Scaleway API-Gateway
      Strict-Transport-Security:
      - max-age=63072000
      X-Content-Type-Options:
      - nosniff
      X-Frame-Options:
      - DENY
      X-Request-Id:
      - 6a0bba3d-8a88-4623-a088-39c86f0ed5a5
    status: 200 OK
    code: 200
    duration: ""
- request:
    body: ""
    form: {}
    headers:
      User-Agent:
      - scaleway-sdk-go/v1.0.0-beta.7+dev (go1.18; darwin; amd64) terraform-provider/develop
        terraform/terraform-tests
    url: https://api.scaleway.com/domain/v2beta1/dns-zones?dns_zone=test-geoip.scaleway-terraform.com&domain=&order_by=domain_asc
    method: GET
  response:
    body: '{"total_count":1,"dns_zones":[{"domain":"scaleway-terraform.com","subdomain":"test-geoip","ns":["ns0.dom.scw.cloud","ns1.dom.scw.cloud"],"ns_default":["ns0.dom.scw.cloud","ns1.dom.scw.cloud"],"ns_master":[],"status":"pending","message":null,"updated_at":"2022-04-19T14:45:25Z","project_id":"105bdce1-64c0-48ab-899d-868455867ecf"}]}'
    headers:
      Content-Length:
      - "331"
      Content-Security-Policy:
      - default-src 'none'; frame-ancestors 'none'
      Content-Type:
      - application/json
      Date:
      - Tue, 19 Apr 2022 14:45:30 GMT
      Server:
      - Scaleway API-Gateway
      Strict-Transport-Security:
      - max-age=63072000
      X-Content-Type-Options:
      - nosniff
      X-Frame-Options:
      - DENY
      X-Request-Id:
      - 0c397a35-4445-4c66-a36d-c281a3310e95
    status: 200 OK
    code: 200
    duration: ""
- request:
    body: ""
    form: {}
    headers:
      User-Agent:
      - scaleway-sdk-go/v1.0.0-beta.7+dev (go1.18; darwin; amd64) terraform-provider/develop
        terraform/terraform-tests
    url: https://api.scaleway.com/domain/v2beta1/dns-zones?dns_zone=test-geoip.scaleway-terraform.com&domain=&order_by=domain_asc
    method: GET
  response:
    body: '{"total_count":1,"dns_zones":[{"domain":"scaleway-terraform.com","subdomain":"test-geoip","ns":["ns0.dom.scw.cloud","ns1.dom.scw.cloud"],"ns_default":["ns0.dom.scw.cloud","ns1.dom.scw.cloud"],"ns_master":[],"status":"active","message":null,"updated_at":"2022-04-19T14:45:33Z","project_id":"105bdce1-64c0-48ab-899d-868455867ecf"}]}'
    headers:
      Content-Length:
      - "330"
      Content-Security-Policy:
      - default-src 'none'; frame-ancestors 'none'
      Content-Type:
      - application/json
      Date:
      - Tue, 19 Apr 2022 14:45:35 GMT
      Server:
      - Scaleway API-Gateway
      Strict-Transport-Security:
      - max-age=63072000
      X-Content-Type-Options:
      - nosniff
      X-Frame-Options:
      - DENY
      X-Request-Id:
      - 296665d0-20fc-443f-8d5e-a95c4da05c85
    status: 200 OK
    code: 200
    duration: ""
- request:
    body: ""
    form: {}
    headers:
      User-Agent:
      - scaleway-sdk-go/v1.0.0-beta.7+dev (go1.18; darwin; amd64) terraform-provider/develop
        terraform/terraform-tests
    url: https://api.scaleway.com/domain/v2beta1/dns-zones/test-geoip.scaleway-terraform.com/records?name=tf_geo_ip&order_by=name_asc&page=1&type=A
    method: GET
  response:
    body: '{"total_count":1,"records":[{"id":"4215eff1-5e52-43b6-9d00-c6ed02dc4471","data":"127.0.0.2","name":"tf_geo_ip","priority":0,"ttl":3600,"type":"A","comment":null,"geo_ip_config":{"matches":[{"countries":["FR","AE"],"continents":["EU","AS"],"data":"1.2.3.4"},{"countries":["CI"],"continents":[],"data":"1.2.3.5"}],"default":"127.0.0.2"}}]}'
    headers:
      Content-Length:
      - "337"
      Content-Security-Policy:
      - default-src 'none'; frame-ancestors 'none'
      Content-Type:
      - application/json
      Date:
      - Tue, 19 Apr 2022 14:45:35 GMT
      Server:
      - Scaleway API-Gateway
      Strict-Transport-Security:
      - max-age=63072000
      X-Content-Type-Options:
      - nosniff
      X-Frame-Options:
      - DENY
      X-Request-Id:
      - ae2d9bed-d3ec-4b77-9026-d4a858dfc069
    status: 200 OK
    code: 200
    duration: ""
- request:
    body: ""
    form: {}
    headers:
      User-Agent:
      - scaleway-sdk-go/v1.0.0-beta.7+dev (go1.18; darwin; amd64) terraform-provider/develop
        terraform/terraform-tests
    url: https://api.scaleway.com/domain/v2beta1/dns-zones?dns_zone=test-geoip.scaleway-terraform.com&domain=&order_by=domain_asc&page=1
    method: GET
  response:
    body: '{"total_count":1,"dns_zones":[{"domain":"scaleway-terraform.com","subdomain":"test-geoip","ns":["ns0.dom.scw.cloud","ns1.dom.scw.cloud"],"ns_default":["ns0.dom.scw.cloud","ns1.dom.scw.cloud"],"ns_master":[],"status":"active","message":null,"updated_at":"2022-04-19T14:45:33Z","project_id":"105bdce1-64c0-48ab-899d-868455867ecf"}]}'
    headers:
      Content-Length:
      - "330"
      Content-Security-Policy:
      - default-src 'none'; frame-ancestors 'none'
      Content-Type:
      - application/json
      Date:
      - Tue, 19 Apr 2022 14:45:35 GMT
      Server:
      - Scaleway API-Gateway
      Strict-Transport-Security:
      - max-age=63072000
      X-Content-Type-Options:
      - nosniff
      X-Frame-Options:
      - DENY
      X-Request-Id:
      - be0cb956-36f6-49a8-ac6e-f59f0e3421e9
    status: 200 OK
    code: 200
    duration: ""
- request:
    body: ""
    form: {}
    headers:
      User-Agent:
      - scaleway-sdk-go/v1.0.0-beta.7+dev (go1.18; darwin; amd64) terraform-provider/develop
        terraform/terraform-tests
    url: https://api.scaleway.com/domain/v2beta1/dns-zones/test-geoip.scaleway-terraform.com/records?name=&order_by=name_asc&type=unknown
    method: GET
  response:
    body: '{"total_count":3,"records":[{"id":"44acddda-8c13-4e41-bf6c-75730f6b2c49","data":"ns0.dom.scw.cloud.","name":"","priority":0,"ttl":600,"type":"NS","comment":null},{"id":"68bdd858-df78-481b-9793-31cd332a18aa","data":"ns1.dom.scw.cloud.","name":"","priority":0,"ttl":600,"type":"NS","comment":null},{"id":"4215eff1-5e52-43b6-9d00-c6ed02dc4471","data":"127.0.0.2","name":"tf_geo_ip","priority":0,"ttl":3600,"type":"A","comment":null,"geo_ip_config":{"matches":[{"countries":["FR","AE"],"continents":["EU","AS"],"data":"1.2.3.4"},{"countries":["CI"],"continents":[],"data":"1.2.3.5"}],"default":"127.0.0.2"}}]}'
    headers:
      Content-Length:
      - "605"
      Content-Security-Policy:
      - default-src 'none'; frame-ancestors 'none'
      Content-Type:
      - application/json
      Date:
      - Tue, 19 Apr 2022 14:45:36 GMT
      Server:
      - Scaleway API-Gateway
      Strict-Transport-Security:
      - max-age=63072000
      X-Content-Type-Options:
      - nosniff
      X-Frame-Options:
      - DENY
      X-Request-Id:
      - a436234e-c81f-48bd-b227-b63c083d4eee
    status: 200 OK
    code: 200
    duration: ""
- request:
    body: ""
    form: {}
    headers:
      User-Agent:
      - scaleway-sdk-go/v1.0.0-beta.7+dev (go1.18; darwin; amd64) terraform-provider/develop
        terraform/terraform-tests
    url: https://api.scaleway.com/domain/v2beta1/dns-zones/test-geoip.scaleway-terraform.com/records?name=tf_geo_ip&order_by=name_asc&page=1&type=A
    method: GET
  response:
    body: '{"total_count":1,"records":[{"id":"4215eff1-5e52-43b6-9d00-c6ed02dc4471","data":"127.0.0.2","name":"tf_geo_ip","priority":0,"ttl":3600,"type":"A","comment":null,"geo_ip_config":{"matches":[{"countries":["FR","AE"],"continents":["EU","AS"],"data":"1.2.3.4"},{"countries":["CI"],"continents":[],"data":"1.2.3.5"}],"default":"127.0.0.2"}}]}'
    headers:
      Content-Length:
      - "337"
      Content-Security-Policy:
      - default-src 'none'; frame-ancestors 'none'
      Content-Type:
      - application/json
      Date:
      - Tue, 19 Apr 2022 14:45:36 GMT
      Server:
      - Scaleway API-Gateway
      Strict-Transport-Security:
      - max-age=63072000
      X-Content-Type-Options:
      - nosniff
      X-Frame-Options:
      - DENY
      X-Request-Id:
      - 2b1b25d3-96ff-41ab-b4f5-f05155036d22
    status: 200 OK
    code: 200
    duration: ""
- request:
    body: ""
    form: {}
    headers:
      User-Agent:
      - scaleway-sdk-go/v1.0.0-beta.7+dev (go1.18; darwin; amd64) terraform-provider/develop
        terraform/terraform-tests
    url: https://api.scaleway.com/domain/v2beta1/dns-zones?dns_zone=test-geoip.scaleway-terraform.com&domain=&order_by=domain_asc&page=1
    method: GET
  response:
    body: '{"total_count":1,"dns_zones":[{"domain":"scaleway-terraform.com","subdomain":"test-geoip","ns":["ns0.dom.scw.cloud","ns1.dom.scw.cloud"],"ns_default":["ns0.dom.scw.cloud","ns1.dom.scw.cloud"],"ns_master":[],"status":"active","message":null,"updated_at":"2022-04-19T14:45:33Z","project_id":"105bdce1-64c0-48ab-899d-868455867ecf"}]}'
    headers:
      Content-Length:
      - "330"
      Content-Security-Policy:
      - default-src 'none'; frame-ancestors 'none'
      Content-Type:
      - application/json
      Date:
      - Tue, 19 Apr 2022 14:45:36 GMT
      Server:
      - Scaleway API-Gateway
      Strict-Transport-Security:
      - max-age=63072000
      X-Content-Type-Options:
      - nosniff
      X-Frame-Options:
      - DENY
      X-Request-Id:
      - bb7fa0ba-d76b-449e-b73a-a00b25604a48
    status: 200 OK
    code: 200
    duration: ""
- request:
    body: '{"changes":[{"delete":{"id":"4215eff1-5e52-43b6-9d00-c6ed02dc4471"}}],"return_all_records":false,"disallow_new_zone_creation":false,"serial":null}'
    form: {}
    headers:
      Content-Type:
      - application/json
      User-Agent:
      - scaleway-sdk-go/v1.0.0-beta.7+dev (go1.18; darwin; amd64) terraform-provider/develop
        terraform/terraform-tests
    url: https://api.scaleway.com/domain/v2beta1/dns-zones/test-geoip.scaleway-terraform.com/records
    method: PATCH
  response:
    body: '{"records":[]}'
    headers:
      Content-Length:
      - "14"
      Content-Security-Policy:
      - default-src 'none'; frame-ancestors 'none'
      Content-Type:
      - application/json
      Date:
      - Tue, 19 Apr 2022 14:45:37 GMT
      Server:
      - Scaleway API-Gateway
      Strict-Transport-Security:
      - max-age=63072000
      X-Content-Type-Options:
      - nosniff
      X-Frame-Options:
      - DENY
      X-Request-Id:
      - 108d7f78-ef93-4da6-b6bc-850389ab8367
    status: 200 OK
    code: 200
    duration: ""
- request:
    body: ""
    form: {}
    headers:
      User-Agent:
      - scaleway-sdk-go/v1.0.0-beta.7+dev (go1.18; darwin; amd64) terraform-provider/develop
        terraform/terraform-tests
    url: https://api.scaleway.com/domain/v2beta1/dns-zones?dns_zone=test-geoip.scaleway-terraform.com&domain=&order_by=domain_asc
    method: GET
  response:
    body: '{"total_count":1,"dns_zones":[{"domain":"scaleway-terraform.com","subdomain":"test-geoip","ns":["ns0.dom.scw.cloud","ns1.dom.scw.cloud"],"ns_default":["ns0.dom.scw.cloud","ns1.dom.scw.cloud"],"ns_master":[],"status":"pending","message":null,"updated_at":"2022-04-19T14:45:37Z","project_id":"105bdce1-64c0-48ab-899d-868455867ecf"}]}'
    headers:
      Content-Length:
      - "331"
      Content-Security-Policy:
      - default-src 'none'; frame-ancestors 'none'
      Content-Type:
      - application/json
      Date:
      - Tue, 19 Apr 2022 14:45:37 GMT
      Server:
      - Scaleway API-Gateway
      Strict-Transport-Security:
      - max-age=63072000
      X-Content-Type-Options:
      - nosniff
      X-Frame-Options:
      - DENY
      X-Request-Id:
      - 15d07926-5acc-4e92-8914-6cd75470b3fa
    status: 200 OK
    code: 200
    duration: ""
- request:
    body: ""
    form: {}
    headers:
      User-Agent:
      - scaleway-sdk-go/v1.0.0-beta.7+dev (go1.18; darwin; amd64) terraform-provider/develop
        terraform/terraform-tests
    url: https://api.scaleway.com/domain/v2beta1/dns-zones?dns_zone=test-geoip.scaleway-terraform.com&domain=&order_by=domain_asc
    method: GET
  response:
    body: '{"total_count":1,"dns_zones":[{"domain":"scaleway-terraform.com","subdomain":"test-geoip","ns":["ns0.dom.scw.cloud","ns1.dom.scw.cloud"],"ns_default":["ns0.dom.scw.cloud","ns1.dom.scw.cloud"],"ns_master":[],"status":"pending","message":null,"updated_at":"2022-04-19T14:45:37Z","project_id":"105bdce1-64c0-48ab-899d-868455867ecf"}]}'
    headers:
      Content-Length:
      - "331"
      Content-Security-Policy:
      - default-src 'none'; frame-ancestors 'none'
      Content-Type:
      - application/json
      Date:
      - Tue, 19 Apr 2022 14:45:42 GMT
      Server:
      - Scaleway API-Gateway
      Strict-Transport-Security:
      - max-age=63072000
      X-Content-Type-Options:
      - nosniff
      X-Frame-Options:
      - DENY
      X-Request-Id:
      - 913b0810-5f57-4111-841a-c61e09d1f546
    status: 200 OK
    code: 200
    duration: ""
- request:
    body: ""
    form: {}
    headers:
      User-Agent:
      - scaleway-sdk-go/v1.0.0-beta.7+dev (go1.18; darwin; amd64) terraform-provider/develop
        terraform/terraform-tests
    url: https://api.scaleway.com/domain/v2beta1/dns-zones?dns_zone=test-geoip.scaleway-terraform.com&domain=&order_by=domain_asc
    method: GET
  response:
    body: '{"total_count":1,"dns_zones":[{"domain":"scaleway-terraform.com","subdomain":"test-geoip","ns":["ns0.dom.scw.cloud","ns1.dom.scw.cloud"],"ns_default":["ns0.dom.scw.cloud","ns1.dom.scw.cloud"],"ns_master":[],"status":"active","message":null,"updated_at":"2022-04-19T14:45:43Z","project_id":"105bdce1-64c0-48ab-899d-868455867ecf"}]}'
    headers:
      Content-Length:
      - "330"
      Content-Security-Policy:
      - default-src 'none'; frame-ancestors 'none'
      Content-Type:
      - application/json
      Date:
      - Tue, 19 Apr 2022 14:45:47 GMT
      Server:
      - Scaleway API-Gateway
      Strict-Transport-Security:
      - max-age=63072000
      X-Content-Type-Options:
      - nosniff
      X-Frame-Options:
      - DENY
      X-Request-Id:
      - 060aab0a-bd21-47bb-84c4-f80bed6d8112
    status: 200 OK
    code: 200
    duration: ""
- request:
    body: ""
    form: {}
    headers:
      User-Agent:
      - scaleway-sdk-go/v1.0.0-beta.7+dev (go1.18; darwin; amd64) terraform-provider/develop
        terraform/terraform-tests
    url: https://api.scaleway.com/domain/v2beta1/dns-zones/test-geoip.scaleway-terraform.com/records?name=&order_by=name_asc&type=unknown
    method: GET
  response:
    body: '{"total_count":2,"records":[{"id":"44acddda-8c13-4e41-bf6c-75730f6b2c49","data":"ns0.dom.scw.cloud.","name":"","priority":0,"ttl":600,"type":"NS","comment":null},{"id":"68bdd858-df78-481b-9793-31cd332a18aa","data":"ns1.dom.scw.cloud.","name":"","priority":0,"ttl":600,"type":"NS","comment":null}]}'
    headers:
      Content-Length:
      - "297"
      Content-Security-Policy:
      - default-src 'none'; frame-ancestors 'none'
      Content-Type:
      - application/json
      Date:
      - Tue, 19 Apr 2022 14:45:47 GMT
      Server:
      - Scaleway API-Gateway
      Strict-Transport-Security:
      - max-age=63072000
      X-Content-Type-Options:
      - nosniff
      X-Frame-Options:
      - DENY
      X-Request-Id:
      - be809467-a786-4c30-8cf5-680e9e25f6da
    status: 200 OK
    code: 200
    duration: ""
- request:
    body: ""
    form: {}
    headers:
      User-Agent:
      - scaleway-sdk-go/v1.0.0-beta.7+dev (go1.18; darwin; amd64) terraform-provider/develop
        terraform/terraform-tests
    url: https://api.scaleway.com/domain/v2beta1/dns-zones/test-geoip.scaleway-terraform.com?project_id=105bdce1-64c0-48ab-899d-868455867ecf
    method: DELETE
  response:
    body: '{}'
    headers:
      Content-Length:
      - "2"
      Content-Security-Policy:
      - default-src 'none'; frame-ancestors 'none'
      Content-Type:
      - application/json
      Date:
      - Tue, 19 Apr 2022 14:45:47 GMT
      Server:
      - Scaleway API-Gateway
      Strict-Transport-Security:
      - max-age=63072000
      X-Content-Type-Options:
      - nosniff
      X-Frame-Options:
      - DENY
      X-Request-Id:
      - b944846a-a5c7-4e4e-8400-ac79e9030ead
    status: 200 OK
    code: 200
    duration: ""
- request:
    body: ""
    form: {}
    headers:
      User-Agent:
      - scaleway-sdk-go/v1.0.0-beta.7+dev (go1.18; darwin; amd64) terraform-provider/develop
        terraform/terraform-tests
    url: https://api.scaleway.com/domain/v2beta1/dns-zones/test-geoip.scaleway-terraform.com/records?name=&order_by=name_asc&type=unknown
    method: GET
  response:
    body: '{"message":"subdomain not found"}'
    headers:
      Content-Length:
      - "33"
      Content-Security-Policy:
      - default-src 'none'; frame-ancestors 'none'
      Content-Type:
      - application/json
      Date:
      - Tue, 19 Apr 2022 14:45:47 GMT
      Server:
      - Scaleway API-Gateway
      Strict-Transport-Security:
      - max-age=63072000
      X-Content-Type-Options:
      - nosniff
      X-Frame-Options:
      - DENY
      X-Request-Id:
      - 91edfc44-5462-4eb8-966a-ecbfe612cdb4
    status: 403 Forbidden
    code: 403
    duration: ""
