---
version: 1
interactions:
- request:
    body: '{"project_id":"564aa517-68b0-4fd7-8c8c-d21c4bcdcbd5","description":"","tags":null,"server_id":null,"reverse":null,"is_ipv6":false}'
    form: {}
    headers:
      Content-Type:
      - application/json
      User-Agent:
      - scaleway-sdk-go/v1.0.0-beta.7+dev (go1.20.4; darwin; amd64) terraform-provider/develop
        terraform/terraform-tests
    url: https://api.scaleway.com/flexible-ip/v1alpha1/zones/fr-par-1/fips
    method: POST
  response:
    body: '{"created_at":"2021-07-21T08:31:17.409780Z","description":"","id":"504345eb-00d7-4162-a92b-e69beb30eb5e","ip_address":"51.159.124.49","mac_address":null,"organization_id":"564aa517-68b0-4fd7-8c8c-d21c4bcdcbd5","project_id":"564aa517-68b0-4fd7-8c8c-d21c4bcdcbd5","reverse":"51-159-124-49.rev.poneytelecom.eu.","server_id":null,"status":"ready","tags":[],"updated_at":"2023-08-11T05:58:23.254434353Z","zone":"fr-par-1"}'
    headers:
      Content-Length:
      - "417"
      Content-Security-Policy:
      - default-src 'none'; frame-ancestors 'none'
      Content-Type:
      - application/json
      Date:
      - Fri, 11 Aug 2023 05:58:23 GMT
      Server:
      - Scaleway API-Gateway
      Strict-Transport-Security:
      - max-age=63072000
      X-Content-Type-Options:
      - nosniff
      X-Frame-Options:
      - DENY
      X-Request-Id:
      - 7692d240-5384-4ff0-b554-753d83d6ce9a
    status: 200 OK
    code: 200
    duration: ""
- request:
    body: '{"project_id":"564aa517-68b0-4fd7-8c8c-d21c4bcdcbd5","description":"","tags":null,"server_id":null,"reverse":null,"is_ipv6":false}'
    form: {}
    headers:
      Content-Type:
      - application/json
      User-Agent:
      - scaleway-sdk-go/v1.0.0-beta.7+dev (go1.20.4; darwin; amd64) terraform-provider/develop
        terraform/terraform-tests
    url: https://api.scaleway.com/flexible-ip/v1alpha1/zones/fr-par-1/fips
    method: POST
  response:
    body: '{"created_at":"2021-07-21T08:31:17.640527Z","description":"","id":"4e673cfd-4848-4bb6-a5f6-964af9077617","ip_address":"51.159.124.65","mac_address":null,"organization_id":"564aa517-68b0-4fd7-8c8c-d21c4bcdcbd5","project_id":"564aa517-68b0-4fd7-8c8c-d21c4bcdcbd5","reverse":"51-159-124-65.rev.poneytelecom.eu.","server_id":null,"status":"ready","tags":[],"updated_at":"2023-08-11T05:58:23.329353663Z","zone":"fr-par-1"}'
    headers:
      Content-Length:
      - "417"
      Content-Security-Policy:
      - default-src 'none'; frame-ancestors 'none'
      Content-Type:
      - application/json
      Date:
      - Fri, 11 Aug 2023 05:58:23 GMT
      Server:
      - Scaleway API-Gateway
      Strict-Transport-Security:
      - max-age=63072000
      X-Content-Type-Options:
      - nosniff
      X-Frame-Options:
      - DENY
      X-Request-Id:
      - dc36da93-32c3-4dcc-82bc-6d71219bafa9
    status: 200 OK
    code: 200
    duration: ""
- request:
    body: ""
    form: {}
    headers:
      User-Agent:
      - scaleway-sdk-go/v1.0.0-beta.7+dev (go1.20.4; darwin; amd64) terraform-provider/develop
        terraform/terraform-tests
    url: https://api.scaleway.com/flexible-ip/v1alpha1/zones/fr-par-1/fips/504345eb-00d7-4162-a92b-e69beb30eb5e
    method: GET
  response:
    body: '{"created_at":"2021-07-21T08:31:17.409780Z","description":"","id":"504345eb-00d7-4162-a92b-e69beb30eb5e","ip_address":"51.159.124.49","mac_address":null,"organization_id":"564aa517-68b0-4fd7-8c8c-d21c4bcdcbd5","project_id":"564aa517-68b0-4fd7-8c8c-d21c4bcdcbd5","reverse":"51-159-124-49.rev.poneytelecom.eu.","server_id":null,"status":"ready","tags":[],"updated_at":"2023-08-11T05:58:23.254434Z","zone":"fr-par-1"}'
    headers:
      Content-Length:
      - "414"
      Content-Security-Policy:
      - default-src 'none'; frame-ancestors 'none'
      Content-Type:
      - application/json
      Date:
      - Fri, 11 Aug 2023 05:58:23 GMT
      Server:
      - Scaleway API-Gateway
      Strict-Transport-Security:
      - max-age=63072000
      X-Content-Type-Options:
      - nosniff
      X-Frame-Options:
      - DENY
      X-Request-Id:
      - cc016b97-7630-4e20-a7da-411e5df181b1
    status: 200 OK
    code: 200
    duration: ""
- request:
    body: ""
    form: {}
    headers:
      User-Agent:
      - scaleway-sdk-go/v1.0.0-beta.7+dev (go1.20.4; darwin; amd64) terraform-provider/develop
        terraform/terraform-tests
    url: https://api.scaleway.com/flexible-ip/v1alpha1/zones/fr-par-1/fips/4e673cfd-4848-4bb6-a5f6-964af9077617
    method: GET
  response:
    body: '{"created_at":"2021-07-21T08:31:17.640527Z","description":"","id":"4e673cfd-4848-4bb6-a5f6-964af9077617","ip_address":"51.159.124.65","mac_address":null,"organization_id":"564aa517-68b0-4fd7-8c8c-d21c4bcdcbd5","project_id":"564aa517-68b0-4fd7-8c8c-d21c4bcdcbd5","reverse":"51-159-124-65.rev.poneytelecom.eu.","server_id":null,"status":"ready","tags":[],"updated_at":"2023-08-11T05:58:23.329354Z","zone":"fr-par-1"}'
    headers:
      Content-Length:
      - "414"
      Content-Security-Policy:
      - default-src 'none'; frame-ancestors 'none'
      Content-Type:
      - application/json
      Date:
      - Fri, 11 Aug 2023 05:58:23 GMT
      Server:
      - Scaleway API-Gateway
      Strict-Transport-Security:
      - max-age=63072000
      X-Content-Type-Options:
      - nosniff
      X-Frame-Options:
      - DENY
      X-Request-Id:
      - f83aafbd-c41a-4a52-981f-ffed3d465c37
    status: 200 OK
    code: 200
    duration: ""
- request:
    body: ""
    form: {}
    headers:
      User-Agent:
      - scaleway-sdk-go/v1.0.0-beta.7+dev (go1.20.4; darwin; amd64) terraform-provider/develop
        terraform/terraform-tests
    url: https://api.scaleway.com/flexible-ip/v1alpha1/zones/fr-par-1/fips/504345eb-00d7-4162-a92b-e69beb30eb5e
    method: GET
  response:
    body: '{"created_at":"2021-07-21T08:31:17.409780Z","description":"","id":"504345eb-00d7-4162-a92b-e69beb30eb5e","ip_address":"51.159.124.49","mac_address":null,"organization_id":"564aa517-68b0-4fd7-8c8c-d21c4bcdcbd5","project_id":"564aa517-68b0-4fd7-8c8c-d21c4bcdcbd5","reverse":"51-159-124-49.rev.poneytelecom.eu.","server_id":null,"status":"ready","tags":[],"updated_at":"2023-08-11T05:58:23.254434Z","zone":"fr-par-1"}'
    headers:
      Content-Length:
      - "414"
      Content-Security-Policy:
      - default-src 'none'; frame-ancestors 'none'
      Content-Type:
      - application/json
      Date:
      - Fri, 11 Aug 2023 05:58:23 GMT
      Server:
      - Scaleway API-Gateway
      Strict-Transport-Security:
      - max-age=63072000
      X-Content-Type-Options:
      - nosniff
      X-Frame-Options:
      - DENY
      X-Request-Id:
      - 72cd62f0-5336-4512-9224-f9445993fc8e
    status: 200 OK
    code: 200
    duration: ""
- request:
    body: ""
    form: {}
    headers:
      User-Agent:
      - scaleway-sdk-go/v1.0.0-beta.7+dev (go1.20.4; darwin; amd64) terraform-provider/develop
        terraform/terraform-tests
    url: https://api.scaleway.com/flexible-ip/v1alpha1/zones/fr-par-1/fips/4e673cfd-4848-4bb6-a5f6-964af9077617
    method: GET
  response:
    body: '{"created_at":"2021-07-21T08:31:17.640527Z","description":"","id":"4e673cfd-4848-4bb6-a5f6-964af9077617","ip_address":"51.159.124.65","mac_address":null,"organization_id":"564aa517-68b0-4fd7-8c8c-d21c4bcdcbd5","project_id":"564aa517-68b0-4fd7-8c8c-d21c4bcdcbd5","reverse":"51-159-124-65.rev.poneytelecom.eu.","server_id":null,"status":"ready","tags":[],"updated_at":"2023-08-11T05:58:23.329354Z","zone":"fr-par-1"}'
    headers:
      Content-Length:
      - "414"
      Content-Security-Policy:
      - default-src 'none'; frame-ancestors 'none'
      Content-Type:
      - application/json
      Date:
      - Fri, 11 Aug 2023 05:58:23 GMT
      Server:
      - Scaleway API-Gateway
      Strict-Transport-Security:
      - max-age=63072000
      X-Content-Type-Options:
      - nosniff
      X-Frame-Options:
      - DENY
      X-Request-Id:
      - a368b1da-e777-414c-b12f-550f439c6eb3
    status: 200 OK
    code: 200
    duration: ""
- request:
    body: ""
    form: {}
    headers:
      User-Agent:
      - scaleway-sdk-go/v1.0.0-beta.7+dev (go1.20.4; darwin; amd64) terraform-provider/develop
        terraform/terraform-tests
    url: https://api.scaleway.com/flexible-ip/v1alpha1/zones/fr-par-1/fips/504345eb-00d7-4162-a92b-e69beb30eb5e
    method: GET
  response:
    body: '{"created_at":"2021-07-21T08:31:17.409780Z","description":"","id":"504345eb-00d7-4162-a92b-e69beb30eb5e","ip_address":"51.159.124.49","mac_address":null,"organization_id":"564aa517-68b0-4fd7-8c8c-d21c4bcdcbd5","project_id":"564aa517-68b0-4fd7-8c8c-d21c4bcdcbd5","reverse":"51-159-124-49.rev.poneytelecom.eu.","server_id":null,"status":"ready","tags":[],"updated_at":"2023-08-11T05:58:23.254434Z","zone":"fr-par-1"}'
    headers:
      Content-Length:
      - "414"
      Content-Security-Policy:
      - default-src 'none'; frame-ancestors 'none'
      Content-Type:
      - application/json
      Date:
      - Fri, 11 Aug 2023 05:58:23 GMT
      Server:
      - Scaleway API-Gateway
      Strict-Transport-Security:
      - max-age=63072000
      X-Content-Type-Options:
      - nosniff
      X-Frame-Options:
      - DENY
      X-Request-Id:
      - d5700e50-9d5a-4a35-b5fd-3b035cf4955e
    status: 200 OK
    code: 200
    duration: ""
- request:
    body: ""
    form: {}
    headers:
      User-Agent:
      - scaleway-sdk-go/v1.0.0-beta.7+dev (go1.20.4; darwin; amd64) terraform-provider/develop
        terraform/terraform-tests
    url: https://api.scaleway.com/flexible-ip/v1alpha1/zones/fr-par-1/fips/4e673cfd-4848-4bb6-a5f6-964af9077617
    method: GET
  response:
    body: '{"created_at":"2021-07-21T08:31:17.640527Z","description":"","id":"4e673cfd-4848-4bb6-a5f6-964af9077617","ip_address":"51.159.124.65","mac_address":null,"organization_id":"564aa517-68b0-4fd7-8c8c-d21c4bcdcbd5","project_id":"564aa517-68b0-4fd7-8c8c-d21c4bcdcbd5","reverse":"51-159-124-65.rev.poneytelecom.eu.","server_id":null,"status":"ready","tags":[],"updated_at":"2023-08-11T05:58:23.329354Z","zone":"fr-par-1"}'
    headers:
      Content-Length:
      - "414"
      Content-Security-Policy:
      - default-src 'none'; frame-ancestors 'none'
      Content-Type:
      - application/json
      Date:
      - Fri, 11 Aug 2023 05:58:23 GMT
      Server:
      - Scaleway API-Gateway
      Strict-Transport-Security:
      - max-age=63072000
      X-Content-Type-Options:
      - nosniff
      X-Frame-Options:
      - DENY
      X-Request-Id:
      - 1c1010f6-9115-4ff4-9476-5c19e5543309
    status: 200 OK
    code: 200
    duration: ""
- request:
    body: ""
    form: {}
    headers:
      User-Agent:
      - scaleway-sdk-go/v1.0.0-beta.7+dev (go1.20.4; darwin; amd64) terraform-provider/develop
        terraform/terraform-tests
    url: https://api.scaleway.com/flexible-ip/v1alpha1/zones/fr-par-1/fips/504345eb-00d7-4162-a92b-e69beb30eb5e
    method: GET
  response:
    body: '{"created_at":"2021-07-21T08:31:17.409780Z","description":"","id":"504345eb-00d7-4162-a92b-e69beb30eb5e","ip_address":"51.159.124.49","mac_address":null,"organization_id":"564aa517-68b0-4fd7-8c8c-d21c4bcdcbd5","project_id":"564aa517-68b0-4fd7-8c8c-d21c4bcdcbd5","reverse":"51-159-124-49.rev.poneytelecom.eu.","server_id":null,"status":"ready","tags":[],"updated_at":"2023-08-11T05:58:23.254434Z","zone":"fr-par-1"}'
    headers:
      Content-Length:
      - "414"
      Content-Security-Policy:
      - default-src 'none'; frame-ancestors 'none'
      Content-Type:
      - application/json
      Date:
      - Fri, 11 Aug 2023 05:58:23 GMT
      Server:
      - Scaleway API-Gateway
      Strict-Transport-Security:
      - max-age=63072000
      X-Content-Type-Options:
      - nosniff
      X-Frame-Options:
      - DENY
      X-Request-Id:
      - 94e42f93-da17-43a3-a7ef-4c5890d5583d
    status: 200 OK
    code: 200
    duration: ""
- request:
    body: '{"mac_type":"kvm"}'
    form: {}
    headers:
      Content-Type:
      - application/json
      User-Agent:
      - scaleway-sdk-go/v1.0.0-beta.7+dev (go1.20.4; darwin; amd64) terraform-provider/develop
        terraform/terraform-tests
    url: https://api.scaleway.com/flexible-ip/v1alpha1/zones/fr-par-1/fips/504345eb-00d7-4162-a92b-e69beb30eb5e/mac
    method: POST
  response:
    body: '{"created_at":"2021-07-21T08:31:17.409780Z","description":"","id":"504345eb-00d7-4162-a92b-e69beb30eb5e","ip_address":"51.159.124.49","mac_address":{"created_at":"2023-08-11T05:58:23.684455057Z","id":"dc85b4b6-8b13-4abd-8d55-e6ce25c87e19","mac_address":"52:54:00:7c:6d:0d","mac_type":"kvm","status":"ready","updated_at":"2023-08-11T05:58:23.689769513Z","zone":"fr-par-1"},"organization_id":"564aa517-68b0-4fd7-8c8c-d21c4bcdcbd5","project_id":"564aa517-68b0-4fd7-8c8c-d21c4bcdcbd5","reverse":"51-159-124-49.rev.poneytelecom.eu.","server_id":null,"status":"ready","tags":[],"updated_at":"2023-08-11T05:58:23.692535541Z","zone":"fr-par-1"}'
    headers:
      Content-Length:
      - "636"
      Content-Security-Policy:
      - default-src 'none'; frame-ancestors 'none'
      Content-Type:
      - application/json
      Date:
      - Fri, 11 Aug 2023 05:58:23 GMT
      Server:
      - Scaleway API-Gateway
      Strict-Transport-Security:
      - max-age=63072000
      X-Content-Type-Options:
      - nosniff
      X-Frame-Options:
      - DENY
      X-Request-Id:
      - 7bbcb48e-75c7-4114-84d8-08696013caba
    status: 200 OK
    code: 200
    duration: ""
- request:
    body: ""
    form: {}
    headers:
      User-Agent:
      - scaleway-sdk-go/v1.0.0-beta.7+dev (go1.20.4; darwin; amd64) terraform-provider/develop
        terraform/terraform-tests
    url: https://api.scaleway.com/flexible-ip/v1alpha1/zones/fr-par-1/fips/504345eb-00d7-4162-a92b-e69beb30eb5e
    method: GET
  response:
    body: '{"created_at":"2021-07-21T08:31:17.409780Z","description":"","id":"504345eb-00d7-4162-a92b-e69beb30eb5e","ip_address":"51.159.124.49","mac_address":{"created_at":"2023-08-11T05:58:23.684455Z","id":"dc85b4b6-8b13-4abd-8d55-e6ce25c87e19","mac_address":"52:54:00:7c:6d:0d","mac_type":"kvm","status":"ready","updated_at":"2023-08-11T05:58:23.689770Z","zone":"fr-par-1"},"organization_id":"564aa517-68b0-4fd7-8c8c-d21c4bcdcbd5","project_id":"564aa517-68b0-4fd7-8c8c-d21c4bcdcbd5","reverse":"51-159-124-49.rev.poneytelecom.eu.","server_id":null,"status":"ready","tags":[],"updated_at":"2023-08-11T05:58:23.692536Z","zone":"fr-par-1"}'
    headers:
      Content-Length:
      - "627"
      Content-Security-Policy:
      - default-src 'none'; frame-ancestors 'none'
      Content-Type:
      - application/json
      Date:
      - Fri, 11 Aug 2023 05:58:23 GMT
      Server:
      - Scaleway API-Gateway
      Strict-Transport-Security:
      - max-age=63072000
      X-Content-Type-Options:
      - nosniff
      X-Frame-Options:
      - DENY
      X-Request-Id:
      - 4c994469-5d01-4916-8cc0-b6ca9b6c64e5
    status: 200 OK
    code: 200
    duration: ""
- request:
    body: ""
    form: {}
    headers:
      User-Agent:
      - scaleway-sdk-go/v1.0.0-beta.7+dev (go1.20.4; darwin; amd64) terraform-provider/develop
        terraform/terraform-tests
    url: https://api.scaleway.com/flexible-ip/v1alpha1/zones/fr-par-1/fips/504345eb-00d7-4162-a92b-e69beb30eb5e
    method: GET
  response:
    body: '{"created_at":"2021-07-21T08:31:17.409780Z","description":"","id":"504345eb-00d7-4162-a92b-e69beb30eb5e","ip_address":"51.159.124.49","mac_address":{"created_at":"2023-08-11T05:58:23.684455Z","id":"dc85b4b6-8b13-4abd-8d55-e6ce25c87e19","mac_address":"52:54:00:7c:6d:0d","mac_type":"kvm","status":"ready","updated_at":"2023-08-11T05:58:23.689770Z","zone":"fr-par-1"},"organization_id":"564aa517-68b0-4fd7-8c8c-d21c4bcdcbd5","project_id":"564aa517-68b0-4fd7-8c8c-d21c4bcdcbd5","reverse":"51-159-124-49.rev.poneytelecom.eu.","server_id":null,"status":"ready","tags":[],"updated_at":"2023-08-11T05:58:23.692536Z","zone":"fr-par-1"}'
    headers:
      Content-Length:
      - "627"
      Content-Security-Policy:
      - default-src 'none'; frame-ancestors 'none'
      Content-Type:
      - application/json
      Date:
      - Fri, 11 Aug 2023 05:58:23 GMT
      Server:
      - Scaleway API-Gateway
      Strict-Transport-Security:
      - max-age=63072000
      X-Content-Type-Options:
      - nosniff
      X-Frame-Options:
      - DENY
      X-Request-Id:
      - 66aa11b1-950c-4873-9d7a-3725eb77d9d1
    status: 200 OK
    code: 200
    duration: ""
- request:
    body: ""
    form: {}
    headers:
      User-Agent:
      - scaleway-sdk-go/v1.0.0-beta.7+dev (go1.20.4; darwin; amd64) terraform-provider/develop
        terraform/terraform-tests
    url: https://api.scaleway.com/flexible-ip/v1alpha1/zones/fr-par-1/fips/504345eb-00d7-4162-a92b-e69beb30eb5e
    method: GET
  response:
    body: '{"created_at":"2021-07-21T08:31:17.409780Z","description":"","id":"504345eb-00d7-4162-a92b-e69beb30eb5e","ip_address":"51.159.124.49","mac_address":{"created_at":"2023-08-11T05:58:23.684455Z","id":"dc85b4b6-8b13-4abd-8d55-e6ce25c87e19","mac_address":"52:54:00:7c:6d:0d","mac_type":"kvm","status":"ready","updated_at":"2023-08-11T05:58:23.689770Z","zone":"fr-par-1"},"organization_id":"564aa517-68b0-4fd7-8c8c-d21c4bcdcbd5","project_id":"564aa517-68b0-4fd7-8c8c-d21c4bcdcbd5","reverse":"51-159-124-49.rev.poneytelecom.eu.","server_id":null,"status":"ready","tags":[],"updated_at":"2023-08-11T05:58:23.692536Z","zone":"fr-par-1"}'
    headers:
      Content-Length:
      - "627"
      Content-Security-Policy:
      - default-src 'none'; frame-ancestors 'none'
      Content-Type:
      - application/json
      Date:
      - Fri, 11 Aug 2023 05:58:24 GMT
      Server:
      - Scaleway API-Gateway
      Strict-Transport-Security:
      - max-age=63072000
      X-Content-Type-Options:
      - nosniff
      X-Frame-Options:
      - DENY
      X-Request-Id:
      - f33f9654-6f01-405a-9703-26bf3c79c85b
    status: 200 OK
    code: 200
    duration: ""
- request:
    body: ""
    form: {}
    headers:
      User-Agent:
      - scaleway-sdk-go/v1.0.0-beta.7+dev (go1.20.4; darwin; amd64) terraform-provider/develop
        terraform/terraform-tests
    url: https://api.scaleway.com/flexible-ip/v1alpha1/zones/fr-par-1/fips/4e673cfd-4848-4bb6-a5f6-964af9077617
    method: GET
  response:
    body: '{"created_at":"2021-07-21T08:31:17.640527Z","description":"","id":"4e673cfd-4848-4bb6-a5f6-964af9077617","ip_address":"51.159.124.65","mac_address":null,"organization_id":"564aa517-68b0-4fd7-8c8c-d21c4bcdcbd5","project_id":"564aa517-68b0-4fd7-8c8c-d21c4bcdcbd5","reverse":"51-159-124-65.rev.poneytelecom.eu.","server_id":null,"status":"ready","tags":[],"updated_at":"2023-08-11T05:58:23.329354Z","zone":"fr-par-1"}'
    headers:
      Content-Length:
      - "414"
      Content-Security-Policy:
      - default-src 'none'; frame-ancestors 'none'
      Content-Type:
      - application/json
      Date:
      - Fri, 11 Aug 2023 05:58:24 GMT
      Server:
      - Scaleway API-Gateway
      Strict-Transport-Security:
      - max-age=63072000
      X-Content-Type-Options:
      - nosniff
      X-Frame-Options:
      - DENY
      X-Request-Id:
      - 9720d06d-6451-4536-8117-de708753abd3
    status: 200 OK
    code: 200
    duration: ""
- request:
    body: ""
    form: {}
    headers:
      User-Agent:
      - scaleway-sdk-go/v1.0.0-beta.7+dev (go1.20.4; darwin; amd64) terraform-provider/develop
        terraform/terraform-tests
    url: https://api.scaleway.com/flexible-ip/v1alpha1/zones/fr-par-1/fips/504345eb-00d7-4162-a92b-e69beb30eb5e
    method: GET
  response:
    body: '{"created_at":"2021-07-21T08:31:17.409780Z","description":"","id":"504345eb-00d7-4162-a92b-e69beb30eb5e","ip_address":"51.159.124.49","mac_address":{"created_at":"2023-08-11T05:58:23.684455Z","id":"dc85b4b6-8b13-4abd-8d55-e6ce25c87e19","mac_address":"52:54:00:7c:6d:0d","mac_type":"kvm","status":"ready","updated_at":"2023-08-11T05:58:23.689770Z","zone":"fr-par-1"},"organization_id":"564aa517-68b0-4fd7-8c8c-d21c4bcdcbd5","project_id":"564aa517-68b0-4fd7-8c8c-d21c4bcdcbd5","reverse":"51-159-124-49.rev.poneytelecom.eu.","server_id":null,"status":"ready","tags":[],"updated_at":"2023-08-11T05:58:23.692536Z","zone":"fr-par-1"}'
    headers:
      Content-Length:
      - "627"
      Content-Security-Policy:
      - default-src 'none'; frame-ancestors 'none'
      Content-Type:
      - application/json
      Date:
      - Fri, 11 Aug 2023 05:58:24 GMT
      Server:
      - Scaleway API-Gateway
      Strict-Transport-Security:
      - max-age=63072000
      X-Content-Type-Options:
      - nosniff
      X-Frame-Options:
      - DENY
      X-Request-Id:
      - 147330a9-5b83-47f8-9005-d75b4cd62b7b
    status: 200 OK
    code: 200
    duration: ""
- request:
    body: ""
    form: {}
    headers:
      User-Agent:
      - scaleway-sdk-go/v1.0.0-beta.7+dev (go1.20.4; darwin; amd64) terraform-provider/develop
        terraform/terraform-tests
    url: https://api.scaleway.com/flexible-ip/v1alpha1/zones/fr-par-1/fips/504345eb-00d7-4162-a92b-e69beb30eb5e
    method: GET
  response:
    body: '{"created_at":"2021-07-21T08:31:17.409780Z","description":"","id":"504345eb-00d7-4162-a92b-e69beb30eb5e","ip_address":"51.159.124.49","mac_address":{"created_at":"2023-08-11T05:58:23.684455Z","id":"dc85b4b6-8b13-4abd-8d55-e6ce25c87e19","mac_address":"52:54:00:7c:6d:0d","mac_type":"kvm","status":"ready","updated_at":"2023-08-11T05:58:23.689770Z","zone":"fr-par-1"},"organization_id":"564aa517-68b0-4fd7-8c8c-d21c4bcdcbd5","project_id":"564aa517-68b0-4fd7-8c8c-d21c4bcdcbd5","reverse":"51-159-124-49.rev.poneytelecom.eu.","server_id":null,"status":"ready","tags":[],"updated_at":"2023-08-11T05:58:23.692536Z","zone":"fr-par-1"}'
    headers:
      Content-Length:
      - "627"
      Content-Security-Policy:
      - default-src 'none'; frame-ancestors 'none'
      Content-Type:
      - application/json
      Date:
      - Fri, 11 Aug 2023 05:58:24 GMT
      Server:
      - Scaleway API-Gateway
      Strict-Transport-Security:
      - max-age=63072000
      X-Content-Type-Options:
      - nosniff
      X-Frame-Options:
      - DENY
      X-Request-Id:
      - dac152a8-d667-4f7f-bbd9-3a5c44ae1c72
    status: 200 OK
    code: 200
    duration: ""
- request:
    body: ""
    form: {}
    headers:
      User-Agent:
      - scaleway-sdk-go/v1.0.0-beta.7+dev (go1.20.4; darwin; amd64) terraform-provider/develop
        terraform/terraform-tests
    url: https://api.scaleway.com/flexible-ip/v1alpha1/zones/fr-par-1/fips/4e673cfd-4848-4bb6-a5f6-964af9077617
    method: GET
  response:
    body: '{"created_at":"2021-07-21T08:31:17.640527Z","description":"","id":"4e673cfd-4848-4bb6-a5f6-964af9077617","ip_address":"51.159.124.65","mac_address":null,"organization_id":"564aa517-68b0-4fd7-8c8c-d21c4bcdcbd5","project_id":"564aa517-68b0-4fd7-8c8c-d21c4bcdcbd5","reverse":"51-159-124-65.rev.poneytelecom.eu.","server_id":null,"status":"ready","tags":[],"updated_at":"2023-08-11T05:58:23.329354Z","zone":"fr-par-1"}'
    headers:
      Content-Length:
      - "414"
      Content-Security-Policy:
      - default-src 'none'; frame-ancestors 'none'
      Content-Type:
      - application/json
      Date:
      - Fri, 11 Aug 2023 05:58:24 GMT
      Server:
      - Scaleway API-Gateway
      Strict-Transport-Security:
      - max-age=63072000
      X-Content-Type-Options:
      - nosniff
      X-Frame-Options:
      - DENY
      X-Request-Id:
      - ad10163a-7d33-4ee0-8273-801578d177d7
    status: 200 OK
    code: 200
    duration: ""
- request:
    body: ""
    form: {}
    headers:
      User-Agent:
      - scaleway-sdk-go/v1.0.0-beta.7+dev (go1.20.4; darwin; amd64) terraform-provider/develop
        terraform/terraform-tests
    url: https://api.scaleway.com/flexible-ip/v1alpha1/zones/fr-par-1/fips/504345eb-00d7-4162-a92b-e69beb30eb5e
    method: GET
  response:
    body: '{"created_at":"2021-07-21T08:31:17.409780Z","description":"","id":"504345eb-00d7-4162-a92b-e69beb30eb5e","ip_address":"51.159.124.49","mac_address":{"created_at":"2023-08-11T05:58:23.684455Z","id":"dc85b4b6-8b13-4abd-8d55-e6ce25c87e19","mac_address":"52:54:00:7c:6d:0d","mac_type":"kvm","status":"ready","updated_at":"2023-08-11T05:58:23.689770Z","zone":"fr-par-1"},"organization_id":"564aa517-68b0-4fd7-8c8c-d21c4bcdcbd5","project_id":"564aa517-68b0-4fd7-8c8c-d21c4bcdcbd5","reverse":"51-159-124-49.rev.poneytelecom.eu.","server_id":null,"status":"ready","tags":[],"updated_at":"2023-08-11T05:58:23.692536Z","zone":"fr-par-1"}'
    headers:
      Content-Length:
      - "627"
      Content-Security-Policy:
      - default-src 'none'; frame-ancestors 'none'
      Content-Type:
      - application/json
      Date:
      - Fri, 11 Aug 2023 05:58:24 GMT
      Server:
      - Scaleway API-Gateway
      Strict-Transport-Security:
      - max-age=63072000
      X-Content-Type-Options:
      - nosniff
      X-Frame-Options:
      - DENY
      X-Request-Id:
      - d8cf92b4-e013-4fdf-8528-5feeecc6a998
    status: 200 OK
    code: 200
    duration: ""
- request:
    body: ""
    form: {}
    headers:
      User-Agent:
      - scaleway-sdk-go/v1.0.0-beta.7+dev (go1.20.4; darwin; amd64) terraform-provider/develop
        terraform/terraform-tests
    url: https://api.scaleway.com/flexible-ip/v1alpha1/zones/fr-par-1/fips/4e673cfd-4848-4bb6-a5f6-964af9077617
    method: GET
  response:
    body: '{"created_at":"2021-07-21T08:31:17.640527Z","description":"","id":"4e673cfd-4848-4bb6-a5f6-964af9077617","ip_address":"51.159.124.65","mac_address":null,"organization_id":"564aa517-68b0-4fd7-8c8c-d21c4bcdcbd5","project_id":"564aa517-68b0-4fd7-8c8c-d21c4bcdcbd5","reverse":"51-159-124-65.rev.poneytelecom.eu.","server_id":null,"status":"ready","tags":[],"updated_at":"2023-08-11T05:58:23.329354Z","zone":"fr-par-1"}'
    headers:
      Content-Length:
      - "414"
      Content-Security-Policy:
      - default-src 'none'; frame-ancestors 'none'
      Content-Type:
      - application/json
      Date:
      - Fri, 11 Aug 2023 05:58:24 GMT
      Server:
      - Scaleway API-Gateway
      Strict-Transport-Security:
      - max-age=63072000
      X-Content-Type-Options:
      - nosniff
      X-Frame-Options:
      - DENY
      X-Request-Id:
      - 8d268c66-1fd3-4095-a293-821813803d26
    status: 200 OK
    code: 200
    duration: ""
- request:
    body: ""
    form: {}
    headers:
      User-Agent:
      - scaleway-sdk-go/v1.0.0-beta.7+dev (go1.20.4; darwin; amd64) terraform-provider/develop
        terraform/terraform-tests
    url: https://api.scaleway.com/flexible-ip/v1alpha1/zones/fr-par-1/fips/504345eb-00d7-4162-a92b-e69beb30eb5e
    method: GET
  response:
    body: '{"created_at":"2021-07-21T08:31:17.409780Z","description":"","id":"504345eb-00d7-4162-a92b-e69beb30eb5e","ip_address":"51.159.124.49","mac_address":{"created_at":"2023-08-11T05:58:23.684455Z","id":"dc85b4b6-8b13-4abd-8d55-e6ce25c87e19","mac_address":"52:54:00:7c:6d:0d","mac_type":"kvm","status":"ready","updated_at":"2023-08-11T05:58:23.689770Z","zone":"fr-par-1"},"organization_id":"564aa517-68b0-4fd7-8c8c-d21c4bcdcbd5","project_id":"564aa517-68b0-4fd7-8c8c-d21c4bcdcbd5","reverse":"51-159-124-49.rev.poneytelecom.eu.","server_id":null,"status":"ready","tags":[],"updated_at":"2023-08-11T05:58:23.692536Z","zone":"fr-par-1"}'
    headers:
      Content-Length:
      - "627"
      Content-Security-Policy:
      - default-src 'none'; frame-ancestors 'none'
      Content-Type:
      - application/json
      Date:
      - Fri, 11 Aug 2023 05:58:24 GMT
      Server:
      - Scaleway API-Gateway
      Strict-Transport-Security:
      - max-age=63072000
      X-Content-Type-Options:
      - nosniff
      X-Frame-Options:
      - DENY
      X-Request-Id:
      - 8d54c673-97b6-4953-877d-b9ab12ca7363
    status: 200 OK
    code: 200
    duration: ""
- request:
    body: ""
    form: {}
    headers:
      User-Agent:
      - scaleway-sdk-go/v1.0.0-beta.7+dev (go1.20.4; darwin; amd64) terraform-provider/develop
        terraform/terraform-tests
    url: https://api.scaleway.com/flexible-ip/v1alpha1/zones/fr-par-1/fips/4e673cfd-4848-4bb6-a5f6-964af9077617
    method: GET
  response:
    body: '{"created_at":"2021-07-21T08:31:17.640527Z","description":"","id":"4e673cfd-4848-4bb6-a5f6-964af9077617","ip_address":"51.159.124.65","mac_address":null,"organization_id":"564aa517-68b0-4fd7-8c8c-d21c4bcdcbd5","project_id":"564aa517-68b0-4fd7-8c8c-d21c4bcdcbd5","reverse":"51-159-124-65.rev.poneytelecom.eu.","server_id":null,"status":"ready","tags":[],"updated_at":"2023-08-11T05:58:23.329354Z","zone":"fr-par-1"}'
    headers:
      Content-Length:
      - "414"
      Content-Security-Policy:
      - default-src 'none'; frame-ancestors 'none'
      Content-Type:
      - application/json
      Date:
      - Fri, 11 Aug 2023 05:58:25 GMT
      Server:
      - Scaleway API-Gateway
      Strict-Transport-Security:
      - max-age=63072000
      X-Content-Type-Options:
      - nosniff
      X-Frame-Options:
      - DENY
      X-Request-Id:
      - da05e864-f4cc-4616-b608-87788756b506
    status: 200 OK
    code: 200
    duration: ""
- request:
    body: ""
    form: {}
    headers:
      User-Agent:
      - scaleway-sdk-go/v1.0.0-beta.7+dev (go1.20.4; darwin; amd64) terraform-provider/develop
        terraform/terraform-tests
    url: https://api.scaleway.com/flexible-ip/v1alpha1/zones/fr-par-1/fips/504345eb-00d7-4162-a92b-e69beb30eb5e
    method: GET
  response:
    body: '{"created_at":"2021-07-21T08:31:17.409780Z","description":"","id":"504345eb-00d7-4162-a92b-e69beb30eb5e","ip_address":"51.159.124.49","mac_address":{"created_at":"2023-08-11T05:58:23.684455Z","id":"dc85b4b6-8b13-4abd-8d55-e6ce25c87e19","mac_address":"52:54:00:7c:6d:0d","mac_type":"kvm","status":"ready","updated_at":"2023-08-11T05:58:23.689770Z","zone":"fr-par-1"},"organization_id":"564aa517-68b0-4fd7-8c8c-d21c4bcdcbd5","project_id":"564aa517-68b0-4fd7-8c8c-d21c4bcdcbd5","reverse":"51-159-124-49.rev.poneytelecom.eu.","server_id":null,"status":"ready","tags":[],"updated_at":"2023-08-11T05:58:23.692536Z","zone":"fr-par-1"}'
    headers:
      Content-Length:
      - "627"
      Content-Security-Policy:
      - default-src 'none'; frame-ancestors 'none'
      Content-Type:
      - application/json
      Date:
      - Fri, 11 Aug 2023 05:58:25 GMT
      Server:
      - Scaleway API-Gateway
      Strict-Transport-Security:
      - max-age=63072000
      X-Content-Type-Options:
      - nosniff
      X-Frame-Options:
      - DENY
      X-Request-Id:
      - d0738f02-b5e1-4939-8b3e-05946830eaaa
    status: 200 OK
    code: 200
    duration: ""
- request:
    body: ""
    form: {}
    headers:
      User-Agent:
      - scaleway-sdk-go/v1.0.0-beta.7+dev (go1.20.4; darwin; amd64) terraform-provider/develop
        terraform/terraform-tests
    url: https://api.scaleway.com/flexible-ip/v1alpha1/zones/fr-par-1/fips/4e673cfd-4848-4bb6-a5f6-964af9077617
    method: GET
  response:
    body: '{"created_at":"2021-07-21T08:31:17.640527Z","description":"","id":"4e673cfd-4848-4bb6-a5f6-964af9077617","ip_address":"51.159.124.65","mac_address":null,"organization_id":"564aa517-68b0-4fd7-8c8c-d21c4bcdcbd5","project_id":"564aa517-68b0-4fd7-8c8c-d21c4bcdcbd5","reverse":"51-159-124-65.rev.poneytelecom.eu.","server_id":null,"status":"ready","tags":[],"updated_at":"2023-08-11T05:58:23.329354Z","zone":"fr-par-1"}'
    headers:
      Content-Length:
      - "414"
      Content-Security-Policy:
      - default-src 'none'; frame-ancestors 'none'
      Content-Type:
      - application/json
      Date:
      - Fri, 11 Aug 2023 05:58:25 GMT
      Server:
      - Scaleway API-Gateway
      Strict-Transport-Security:
      - max-age=63072000
      X-Content-Type-Options:
      - nosniff
      X-Frame-Options:
      - DENY
      X-Request-Id:
      - 5b6a65c2-9f20-4bba-89e7-b6d800526b61
    status: 200 OK
    code: 200
    duration: ""
- request:
    body: ""
    form: {}
    headers:
      User-Agent:
      - scaleway-sdk-go/v1.0.0-beta.7+dev (go1.20.4; darwin; amd64) terraform-provider/develop
        terraform/terraform-tests
    url: https://api.scaleway.com/flexible-ip/v1alpha1/zones/fr-par-1/fips/504345eb-00d7-4162-a92b-e69beb30eb5e
    method: GET
  response:
    body: '{"created_at":"2021-07-21T08:31:17.409780Z","description":"","id":"504345eb-00d7-4162-a92b-e69beb30eb5e","ip_address":"51.159.124.49","mac_address":{"created_at":"2023-08-11T05:58:23.684455Z","id":"dc85b4b6-8b13-4abd-8d55-e6ce25c87e19","mac_address":"52:54:00:7c:6d:0d","mac_type":"kvm","status":"ready","updated_at":"2023-08-11T05:58:23.689770Z","zone":"fr-par-1"},"organization_id":"564aa517-68b0-4fd7-8c8c-d21c4bcdcbd5","project_id":"564aa517-68b0-4fd7-8c8c-d21c4bcdcbd5","reverse":"51-159-124-49.rev.poneytelecom.eu.","server_id":null,"status":"ready","tags":[],"updated_at":"2023-08-11T05:58:23.692536Z","zone":"fr-par-1"}'
    headers:
      Content-Length:
      - "627"
      Content-Security-Policy:
      - default-src 'none'; frame-ancestors 'none'
      Content-Type:
      - application/json
      Date:
      - Fri, 11 Aug 2023 05:58:25 GMT
      Server:
      - Scaleway API-Gateway
      Strict-Transport-Security:
      - max-age=63072000
      X-Content-Type-Options:
      - nosniff
      X-Frame-Options:
      - DENY
      X-Request-Id:
      - aa174938-88f3-4508-a874-f2b8c01b76f5
    status: 200 OK
    code: 200
    duration: ""
- request:
    body: ""
    form: {}
    headers:
      User-Agent:
      - scaleway-sdk-go/v1.0.0-beta.7+dev (go1.20.4; darwin; amd64) terraform-provider/develop
        terraform/terraform-tests
    url: https://api.scaleway.com/flexible-ip/v1alpha1/zones/fr-par-1/fips/504345eb-00d7-4162-a92b-e69beb30eb5e
    method: GET
  response:
    body: '{"created_at":"2021-07-21T08:31:17.409780Z","description":"","id":"504345eb-00d7-4162-a92b-e69beb30eb5e","ip_address":"51.159.124.49","mac_address":{"created_at":"2023-08-11T05:58:23.684455Z","id":"dc85b4b6-8b13-4abd-8d55-e6ce25c87e19","mac_address":"52:54:00:7c:6d:0d","mac_type":"kvm","status":"ready","updated_at":"2023-08-11T05:58:23.689770Z","zone":"fr-par-1"},"organization_id":"564aa517-68b0-4fd7-8c8c-d21c4bcdcbd5","project_id":"564aa517-68b0-4fd7-8c8c-d21c4bcdcbd5","reverse":"51-159-124-49.rev.poneytelecom.eu.","server_id":null,"status":"ready","tags":[],"updated_at":"2023-08-11T05:58:23.692536Z","zone":"fr-par-1"}'
    headers:
      Content-Length:
      - "627"
      Content-Security-Policy:
      - default-src 'none'; frame-ancestors 'none'
      Content-Type:
      - application/json
      Date:
      - Fri, 11 Aug 2023 05:58:25 GMT
      Server:
      - Scaleway API-Gateway
      Strict-Transport-Security:
      - max-age=63072000
      X-Content-Type-Options:
      - nosniff
      X-Frame-Options:
      - DENY
      X-Request-Id:
      - 417a6423-3941-40f8-9dd5-f3bce085eef9
    status: 200 OK
    code: 200
    duration: ""
- request:
    body: ""
    form: {}
    headers:
      User-Agent:
      - scaleway-sdk-go/v1.0.0-beta.7+dev (go1.20.4; darwin; amd64) terraform-provider/develop
        terraform/terraform-tests
    url: https://api.scaleway.com/flexible-ip/v1alpha1/zones/fr-par-1/fips/4e673cfd-4848-4bb6-a5f6-964af9077617
    method: GET
  response:
    body: '{"created_at":"2021-07-21T08:31:17.640527Z","description":"","id":"4e673cfd-4848-4bb6-a5f6-964af9077617","ip_address":"51.159.124.65","mac_address":null,"organization_id":"564aa517-68b0-4fd7-8c8c-d21c4bcdcbd5","project_id":"564aa517-68b0-4fd7-8c8c-d21c4bcdcbd5","reverse":"51-159-124-65.rev.poneytelecom.eu.","server_id":null,"status":"ready","tags":[],"updated_at":"2023-08-11T05:58:23.329354Z","zone":"fr-par-1"}'
    headers:
      Content-Length:
      - "414"
      Content-Security-Policy:
      - default-src 'none'; frame-ancestors 'none'
      Content-Type:
      - application/json
      Date:
      - Fri, 11 Aug 2023 05:58:26 GMT
      Server:
      - Scaleway API-Gateway
      Strict-Transport-Security:
      - max-age=63072000
      X-Content-Type-Options:
      - nosniff
      X-Frame-Options:
      - DENY
      X-Request-Id:
      - d40a27c1-8fbc-40d9-9b2b-17cd5e36b237
    status: 200 OK
    code: 200
    duration: ""
- request:
    body: '{"dst_fip_id":"4e673cfd-4848-4bb6-a5f6-964af9077617"}'
    form: {}
    headers:
      Content-Type:
      - application/json
      User-Agent:
      - scaleway-sdk-go/v1.0.0-beta.7+dev (go1.20.4; darwin; amd64) terraform-provider/develop
        terraform/terraform-tests
    url: https://api.scaleway.com/flexible-ip/v1alpha1/zones/fr-par-1/fips/504345eb-00d7-4162-a92b-e69beb30eb5e/mac/move
    method: POST
  response:
    body: '{"created_at":"2021-07-21T08:31:17.640527Z","description":"","id":"4e673cfd-4848-4bb6-a5f6-964af9077617","ip_address":"51.159.124.65","mac_address":{"created_at":"2023-08-11T05:58:23.684455Z","id":"dc85b4b6-8b13-4abd-8d55-e6ce25c87e19","mac_address":"52:54:00:7c:6d:0d","mac_type":"kvm","status":"ready","updated_at":"2023-08-11T05:58:26.165509076Z","zone":"fr-par-1"},"organization_id":"564aa517-68b0-4fd7-8c8c-d21c4bcdcbd5","project_id":"564aa517-68b0-4fd7-8c8c-d21c4bcdcbd5","reverse":"51-159-124-65.rev.poneytelecom.eu.","server_id":null,"status":"ready","tags":[],"updated_at":"2023-08-11T05:58:26.167159826Z","zone":"fr-par-1"}'
    headers:
      Content-Length:
      - "633"
      Content-Security-Policy:
      - default-src 'none'; frame-ancestors 'none'
      Content-Type:
      - application/json
      Date:
      - Fri, 11 Aug 2023 05:58:26 GMT
      Server:
      - Scaleway API-Gateway
      Strict-Transport-Security:
      - max-age=63072000
      X-Content-Type-Options:
      - nosniff
      X-Frame-Options:
      - DENY
      X-Request-Id:
      - 7559fccc-e33b-49b0-8f08-8b7bb4da2b6e
    status: 200 OK
    code: 200
    duration: ""
- request:
    body: ""
    form: {}
    headers:
      User-Agent:
      - scaleway-sdk-go/v1.0.0-beta.7+dev (go1.20.4; darwin; amd64) terraform-provider/develop
        terraform/terraform-tests
    url: https://api.scaleway.com/flexible-ip/v1alpha1/zones/fr-par-1/fips/4e673cfd-4848-4bb6-a5f6-964af9077617
    method: GET
  response:
    body: '{"created_at":"2021-07-21T08:31:17.640527Z","description":"","id":"4e673cfd-4848-4bb6-a5f6-964af9077617","ip_address":"51.159.124.65","mac_address":{"created_at":"2023-08-11T05:58:23.684455Z","id":"dc85b4b6-8b13-4abd-8d55-e6ce25c87e19","mac_address":"52:54:00:7c:6d:0d","mac_type":"kvm","status":"ready","updated_at":"2023-08-11T05:58:26.165509Z","zone":"fr-par-1"},"organization_id":"564aa517-68b0-4fd7-8c8c-d21c4bcdcbd5","project_id":"564aa517-68b0-4fd7-8c8c-d21c4bcdcbd5","reverse":"51-159-124-65.rev.poneytelecom.eu.","server_id":null,"status":"ready","tags":[],"updated_at":"2023-08-11T05:58:26.167160Z","zone":"fr-par-1"}'
    headers:
      Content-Length:
      - "627"
      Content-Security-Policy:
      - default-src 'none'; frame-ancestors 'none'
      Content-Type:
      - application/json
      Date:
      - Fri, 11 Aug 2023 05:58:26 GMT
      Server:
      - Scaleway API-Gateway
      Strict-Transport-Security:
      - max-age=63072000
      X-Content-Type-Options:
      - nosniff
      X-Frame-Options:
      - DENY
      X-Request-Id:
      - fed75773-1170-4550-93d0-c9d5b3c1b65e
    status: 200 OK
    code: 200
    duration: ""
- request:
    body: ""
    form: {}
    headers:
      User-Agent:
      - scaleway-sdk-go/v1.0.0-beta.7+dev (go1.20.4; darwin; amd64) terraform-provider/develop
        terraform/terraform-tests
    url: https://api.scaleway.com/flexible-ip/v1alpha1/zones/fr-par-1/fips/4e673cfd-4848-4bb6-a5f6-964af9077617
    method: GET
  response:
    body: '{"created_at":"2021-07-21T08:31:17.640527Z","description":"","id":"4e673cfd-4848-4bb6-a5f6-964af9077617","ip_address":"51.159.124.65","mac_address":{"created_at":"2023-08-11T05:58:23.684455Z","id":"dc85b4b6-8b13-4abd-8d55-e6ce25c87e19","mac_address":"52:54:00:7c:6d:0d","mac_type":"kvm","status":"ready","updated_at":"2023-08-11T05:58:26.165509Z","zone":"fr-par-1"},"organization_id":"564aa517-68b0-4fd7-8c8c-d21c4bcdcbd5","project_id":"564aa517-68b0-4fd7-8c8c-d21c4bcdcbd5","reverse":"51-159-124-65.rev.poneytelecom.eu.","server_id":null,"status":"ready","tags":[],"updated_at":"2023-08-11T05:58:26.167160Z","zone":"fr-par-1"}'
    headers:
      Content-Length:
      - "627"
      Content-Security-Policy:
      - default-src 'none'; frame-ancestors 'none'
      Content-Type:
      - application/json
      Date:
      - Fri, 11 Aug 2023 05:58:26 GMT
      Server:
      - Scaleway API-Gateway
      Strict-Transport-Security:
      - max-age=63072000
      X-Content-Type-Options:
      - nosniff
      X-Frame-Options:
      - DENY
      X-Request-Id:
      - 71a80a85-7d4e-40cf-98c5-493ac95456d1
    status: 200 OK
    code: 200
    duration: ""
- request:
    body: ""
    form: {}
    headers:
      User-Agent:
      - scaleway-sdk-go/v1.0.0-beta.7+dev (go1.20.4; darwin; amd64) terraform-provider/develop
        terraform/terraform-tests
    url: https://api.scaleway.com/flexible-ip/v1alpha1/zones/fr-par-1/fips/4e673cfd-4848-4bb6-a5f6-964af9077617
    method: GET
  response:
    body: '{"created_at":"2021-07-21T08:31:17.640527Z","description":"","id":"4e673cfd-4848-4bb6-a5f6-964af9077617","ip_address":"51.159.124.65","mac_address":{"created_at":"2023-08-11T05:58:23.684455Z","id":"dc85b4b6-8b13-4abd-8d55-e6ce25c87e19","mac_address":"52:54:00:7c:6d:0d","mac_type":"kvm","status":"ready","updated_at":"2023-08-11T05:58:26.165509Z","zone":"fr-par-1"},"organization_id":"564aa517-68b0-4fd7-8c8c-d21c4bcdcbd5","project_id":"564aa517-68b0-4fd7-8c8c-d21c4bcdcbd5","reverse":"51-159-124-65.rev.poneytelecom.eu.","server_id":null,"status":"ready","tags":[],"updated_at":"2023-08-11T05:58:26.167160Z","zone":"fr-par-1"}'
    headers:
      Content-Length:
      - "627"
      Content-Security-Policy:
      - default-src 'none'; frame-ancestors 'none'
      Content-Type:
      - application/json
      Date:
      - Fri, 11 Aug 2023 05:58:26 GMT
      Server:
      - Scaleway API-Gateway
      Strict-Transport-Security:
      - max-age=63072000
      X-Content-Type-Options:
      - nosniff
      X-Frame-Options:
      - DENY
      X-Request-Id:
      - 390373b6-eaca-40aa-ba55-cdc1d709608c
    status: 200 OK
    code: 200
    duration: ""
- request:
    body: ""
    form: {}
    headers:
      User-Agent:
      - scaleway-sdk-go/v1.0.0-beta.7+dev (go1.20.4; darwin; amd64) terraform-provider/develop
        terraform/terraform-tests
    url: https://api.scaleway.com/flexible-ip/v1alpha1/zones/fr-par-1/fips/504345eb-00d7-4162-a92b-e69beb30eb5e
    method: GET
  response:
    body: '{"created_at":"2021-07-21T08:31:17.409780Z","description":"","id":"504345eb-00d7-4162-a92b-e69beb30eb5e","ip_address":"51.159.124.49","mac_address":null,"organization_id":"564aa517-68b0-4fd7-8c8c-d21c4bcdcbd5","project_id":"564aa517-68b0-4fd7-8c8c-d21c4bcdcbd5","reverse":"51-159-124-49.rev.poneytelecom.eu.","server_id":null,"status":"ready","tags":[],"updated_at":"2023-08-11T05:58:23.692536Z","zone":"fr-par-1"}'
    headers:
      Content-Length:
      - "414"
      Content-Security-Policy:
      - default-src 'none'; frame-ancestors 'none'
      Content-Type:
      - application/json
      Date:
      - Fri, 11 Aug 2023 05:58:26 GMT
      Server:
      - Scaleway API-Gateway
      Strict-Transport-Security:
      - max-age=63072000
      X-Content-Type-Options:
      - nosniff
      X-Frame-Options:
      - DENY
      X-Request-Id:
      - 03142bc9-1ba7-40ed-92c2-97bfff4b5c8d
    status: 200 OK
    code: 200
    duration: ""
- request:
    body: ""
    form: {}
    headers:
      User-Agent:
      - scaleway-sdk-go/v1.0.0-beta.7+dev (go1.20.4; darwin; amd64) terraform-provider/develop
        terraform/terraform-tests
    url: https://api.scaleway.com/flexible-ip/v1alpha1/zones/fr-par-1/fips/4e673cfd-4848-4bb6-a5f6-964af9077617
    method: GET
  response:
    body: '{"created_at":"2021-07-21T08:31:17.640527Z","description":"","id":"4e673cfd-4848-4bb6-a5f6-964af9077617","ip_address":"51.159.124.65","mac_address":{"created_at":"2023-08-11T05:58:23.684455Z","id":"dc85b4b6-8b13-4abd-8d55-e6ce25c87e19","mac_address":"52:54:00:7c:6d:0d","mac_type":"kvm","status":"ready","updated_at":"2023-08-11T05:58:26.165509Z","zone":"fr-par-1"},"organization_id":"564aa517-68b0-4fd7-8c8c-d21c4bcdcbd5","project_id":"564aa517-68b0-4fd7-8c8c-d21c4bcdcbd5","reverse":"51-159-124-65.rev.poneytelecom.eu.","server_id":null,"status":"ready","tags":[],"updated_at":"2023-08-11T05:58:26.167160Z","zone":"fr-par-1"}'
    headers:
      Content-Length:
      - "627"
      Content-Security-Policy:
      - default-src 'none'; frame-ancestors 'none'
      Content-Type:
      - application/json
      Date:
      - Fri, 11 Aug 2023 05:58:26 GMT
      Server:
      - Scaleway API-Gateway
      Strict-Transport-Security:
      - max-age=63072000
      X-Content-Type-Options:
      - nosniff
      X-Frame-Options:
      - DENY
      X-Request-Id:
      - dc9c961f-dd1f-4575-b23f-b63f4ace24b1
    status: 200 OK
    code: 200
    duration: ""
- request:
    body: ""
    form: {}
    headers:
      User-Agent:
      - scaleway-sdk-go/v1.0.0-beta.7+dev (go1.20.4; darwin; amd64) terraform-provider/develop
        terraform/terraform-tests
    url: https://api.scaleway.com/flexible-ip/v1alpha1/zones/fr-par-1/fips/4e673cfd-4848-4bb6-a5f6-964af9077617
    method: GET
  response:
    body: '{"created_at":"2021-07-21T08:31:17.640527Z","description":"","id":"4e673cfd-4848-4bb6-a5f6-964af9077617","ip_address":"51.159.124.65","mac_address":{"created_at":"2023-08-11T05:58:23.684455Z","id":"dc85b4b6-8b13-4abd-8d55-e6ce25c87e19","mac_address":"52:54:00:7c:6d:0d","mac_type":"kvm","status":"ready","updated_at":"2023-08-11T05:58:26.165509Z","zone":"fr-par-1"},"organization_id":"564aa517-68b0-4fd7-8c8c-d21c4bcdcbd5","project_id":"564aa517-68b0-4fd7-8c8c-d21c4bcdcbd5","reverse":"51-159-124-65.rev.poneytelecom.eu.","server_id":null,"status":"ready","tags":[],"updated_at":"2023-08-11T05:58:26.167160Z","zone":"fr-par-1"}'
    headers:
      Content-Length:
      - "627"
      Content-Security-Policy:
      - default-src 'none'; frame-ancestors 'none'
      Content-Type:
      - application/json
      Date:
      - Fri, 11 Aug 2023 05:58:26 GMT
      Server:
      - Scaleway API-Gateway
      Strict-Transport-Security:
      - max-age=63072000
      X-Content-Type-Options:
      - nosniff
      X-Frame-Options:
      - DENY
      X-Request-Id:
      - 45e472dc-a8e8-49a6-b654-d4b385b56713
    status: 200 OK
    code: 200
    duration: ""
- request:
    body: ""
    form: {}
    headers:
      User-Agent:
      - scaleway-sdk-go/v1.0.0-beta.7+dev (go1.20.4; darwin; amd64) terraform-provider/develop
        terraform/terraform-tests
    url: https://api.scaleway.com/flexible-ip/v1alpha1/zones/fr-par-1/fips/504345eb-00d7-4162-a92b-e69beb30eb5e
    method: GET
  response:
    body: '{"created_at":"2021-07-21T08:31:17.409780Z","description":"","id":"504345eb-00d7-4162-a92b-e69beb30eb5e","ip_address":"51.159.124.49","mac_address":null,"organization_id":"564aa517-68b0-4fd7-8c8c-d21c4bcdcbd5","project_id":"564aa517-68b0-4fd7-8c8c-d21c4bcdcbd5","reverse":"51-159-124-49.rev.poneytelecom.eu.","server_id":null,"status":"ready","tags":[],"updated_at":"2023-08-11T05:58:23.692536Z","zone":"fr-par-1"}'
    headers:
      Content-Length:
      - "414"
      Content-Security-Policy:
      - default-src 'none'; frame-ancestors 'none'
      Content-Type:
      - application/json
      Date:
      - Fri, 11 Aug 2023 05:58:27 GMT
      Server:
      - Scaleway API-Gateway
      Strict-Transport-Security:
      - max-age=63072000
      X-Content-Type-Options:
      - nosniff
      X-Frame-Options:
      - DENY
      X-Request-Id:
      - 212b16aa-843f-4055-abbc-e122c9eeee98
    status: 200 OK
    code: 200
    duration: ""
- request:
    body: ""
    form: {}
    headers:
      User-Agent:
      - scaleway-sdk-go/v1.0.0-beta.7+dev (go1.20.4; darwin; amd64) terraform-provider/develop
        terraform/terraform-tests
    url: https://api.scaleway.com/flexible-ip/v1alpha1/zones/fr-par-1/fips/4e673cfd-4848-4bb6-a5f6-964af9077617
    method: GET
  response:
    body: '{"created_at":"2021-07-21T08:31:17.640527Z","description":"","id":"4e673cfd-4848-4bb6-a5f6-964af9077617","ip_address":"51.159.124.65","mac_address":{"created_at":"2023-08-11T05:58:23.684455Z","id":"dc85b4b6-8b13-4abd-8d55-e6ce25c87e19","mac_address":"52:54:00:7c:6d:0d","mac_type":"kvm","status":"ready","updated_at":"2023-08-11T05:58:26.165509Z","zone":"fr-par-1"},"organization_id":"564aa517-68b0-4fd7-8c8c-d21c4bcdcbd5","project_id":"564aa517-68b0-4fd7-8c8c-d21c4bcdcbd5","reverse":"51-159-124-65.rev.poneytelecom.eu.","server_id":null,"status":"ready","tags":[],"updated_at":"2023-08-11T05:58:26.167160Z","zone":"fr-par-1"}'
    headers:
      Content-Length:
      - "627"
      Content-Security-Policy:
      - default-src 'none'; frame-ancestors 'none'
      Content-Type:
      - application/json
      Date:
      - Fri, 11 Aug 2023 05:58:27 GMT
      Server:
      - Scaleway API-Gateway
      Strict-Transport-Security:
      - max-age=63072000
      X-Content-Type-Options:
      - nosniff
      X-Frame-Options:
      - DENY
      X-Request-Id:
      - 3e18e8bc-d976-4fa3-830f-cd3a5bbe6ba8
    status: 200 OK
    code: 200
    duration: ""
- request:
    body: ""
    form: {}
    headers:
      User-Agent:
      - scaleway-sdk-go/v1.0.0-beta.7+dev (go1.20.4; darwin; amd64) terraform-provider/develop
        terraform/terraform-tests
    url: https://api.scaleway.com/flexible-ip/v1alpha1/zones/fr-par-1/fips/504345eb-00d7-4162-a92b-e69beb30eb5e
    method: GET
  response:
    body: '{"created_at":"2021-07-21T08:31:17.409780Z","description":"","id":"504345eb-00d7-4162-a92b-e69beb30eb5e","ip_address":"51.159.124.49","mac_address":null,"organization_id":"564aa517-68b0-4fd7-8c8c-d21c4bcdcbd5","project_id":"564aa517-68b0-4fd7-8c8c-d21c4bcdcbd5","reverse":"51-159-124-49.rev.poneytelecom.eu.","server_id":null,"status":"ready","tags":[],"updated_at":"2023-08-11T05:58:23.692536Z","zone":"fr-par-1"}'
    headers:
      Content-Length:
      - "414"
      Content-Security-Policy:
      - default-src 'none'; frame-ancestors 'none'
      Content-Type:
      - application/json
      Date:
      - Fri, 11 Aug 2023 05:58:27 GMT
      Server:
      - Scaleway API-Gateway
      Strict-Transport-Security:
      - max-age=63072000
      X-Content-Type-Options:
      - nosniff
      X-Frame-Options:
      - DENY
      X-Request-Id:
      - 01a43eef-bd03-44d8-bfe7-f8d0df305128
    status: 200 OK
    code: 200
    duration: ""
- request:
    body: ""
    form: {}
    headers:
      User-Agent:
      - scaleway-sdk-go/v1.0.0-beta.7+dev (go1.20.4; darwin; amd64) terraform-provider/develop
        terraform/terraform-tests
    url: https://api.scaleway.com/flexible-ip/v1alpha1/zones/fr-par-1/fips/4e673cfd-4848-4bb6-a5f6-964af9077617
    method: GET
  response:
    body: '{"created_at":"2021-07-21T08:31:17.640527Z","description":"","id":"4e673cfd-4848-4bb6-a5f6-964af9077617","ip_address":"51.159.124.65","mac_address":{"created_at":"2023-08-11T05:58:23.684455Z","id":"dc85b4b6-8b13-4abd-8d55-e6ce25c87e19","mac_address":"52:54:00:7c:6d:0d","mac_type":"kvm","status":"ready","updated_at":"2023-08-11T05:58:26.165509Z","zone":"fr-par-1"},"organization_id":"564aa517-68b0-4fd7-8c8c-d21c4bcdcbd5","project_id":"564aa517-68b0-4fd7-8c8c-d21c4bcdcbd5","reverse":"51-159-124-65.rev.poneytelecom.eu.","server_id":null,"status":"ready","tags":[],"updated_at":"2023-08-11T05:58:26.167160Z","zone":"fr-par-1"}'
    headers:
      Content-Length:
      - "627"
      Content-Security-Policy:
      - default-src 'none'; frame-ancestors 'none'
      Content-Type:
      - application/json
      Date:
      - Fri, 11 Aug 2023 05:58:27 GMT
      Server:
      - Scaleway API-Gateway
      Strict-Transport-Security:
      - max-age=63072000
      X-Content-Type-Options:
      - nosniff
      X-Frame-Options:
      - DENY
      X-Request-Id:
      - 74361573-3c90-464d-9c16-163404a40288
    status: 200 OK
    code: 200
    duration: ""
- request:
    body: ""
    form: {}
    headers:
      User-Agent:
      - scaleway-sdk-go/v1.0.0-beta.7+dev (go1.20.4; darwin; amd64) terraform-provider/develop
        terraform/terraform-tests
    url: https://api.scaleway.com/flexible-ip/v1alpha1/zones/fr-par-1/fips/4e673cfd-4848-4bb6-a5f6-964af9077617
    method: GET
  response:
    body: '{"created_at":"2021-07-21T08:31:17.640527Z","description":"","id":"4e673cfd-4848-4bb6-a5f6-964af9077617","ip_address":"51.159.124.65","mac_address":{"created_at":"2023-08-11T05:58:23.684455Z","id":"dc85b4b6-8b13-4abd-8d55-e6ce25c87e19","mac_address":"52:54:00:7c:6d:0d","mac_type":"kvm","status":"ready","updated_at":"2023-08-11T05:58:26.165509Z","zone":"fr-par-1"},"organization_id":"564aa517-68b0-4fd7-8c8c-d21c4bcdcbd5","project_id":"564aa517-68b0-4fd7-8c8c-d21c4bcdcbd5","reverse":"51-159-124-65.rev.poneytelecom.eu.","server_id":null,"status":"ready","tags":[],"updated_at":"2023-08-11T05:58:26.167160Z","zone":"fr-par-1"}'
    headers:
      Content-Length:
      - "627"
      Content-Security-Policy:
      - default-src 'none'; frame-ancestors 'none'
      Content-Type:
      - application/json
      Date:
      - Fri, 11 Aug 2023 05:58:27 GMT
      Server:
      - Scaleway API-Gateway
      Strict-Transport-Security:
      - max-age=63072000
      X-Content-Type-Options:
      - nosniff
      X-Frame-Options:
      - DENY
      X-Request-Id:
      - d92e811d-c953-4a84-91d5-1139e11b6d05
    status: 200 OK
    code: 200
    duration: ""
- request:
    body: ""
    form: {}
    headers:
      User-Agent:
      - scaleway-sdk-go/v1.0.0-beta.7+dev (go1.20.4; darwin; amd64) terraform-provider/develop
        terraform/terraform-tests
    url: https://api.scaleway.com/flexible-ip/v1alpha1/zones/fr-par-1/fips/504345eb-00d7-4162-a92b-e69beb30eb5e
    method: GET
  response:
    body: '{"created_at":"2021-07-21T08:31:17.409780Z","description":"","id":"504345eb-00d7-4162-a92b-e69beb30eb5e","ip_address":"51.159.124.49","mac_address":null,"organization_id":"564aa517-68b0-4fd7-8c8c-d21c4bcdcbd5","project_id":"564aa517-68b0-4fd7-8c8c-d21c4bcdcbd5","reverse":"51-159-124-49.rev.poneytelecom.eu.","server_id":null,"status":"ready","tags":[],"updated_at":"2023-08-11T05:58:23.692536Z","zone":"fr-par-1"}'
    headers:
      Content-Length:
      - "414"
      Content-Security-Policy:
      - default-src 'none'; frame-ancestors 'none'
      Content-Type:
      - application/json
      Date:
      - Fri, 11 Aug 2023 05:58:27 GMT
      Server:
      - Scaleway API-Gateway
      Strict-Transport-Security:
      - max-age=63072000
      X-Content-Type-Options:
      - nosniff
      X-Frame-Options:
      - DENY
      X-Request-Id:
      - 3581b2f4-3dc1-41df-9d5f-b4e032c43aa0
    status: 200 OK
    code: 200
    duration: ""
- request:
    body: ""
    form: {}
    headers:
      User-Agent:
      - scaleway-sdk-go/v1.0.0-beta.7+dev (go1.20.4; darwin; amd64) terraform-provider/develop
        terraform/terraform-tests
    url: https://api.scaleway.com/flexible-ip/v1alpha1/zones/fr-par-1/fips/4e673cfd-4848-4bb6-a5f6-964af9077617
    method: GET
  response:
    body: '{"created_at":"2021-07-21T08:31:17.640527Z","description":"","id":"4e673cfd-4848-4bb6-a5f6-964af9077617","ip_address":"51.159.124.65","mac_address":{"created_at":"2023-08-11T05:58:23.684455Z","id":"dc85b4b6-8b13-4abd-8d55-e6ce25c87e19","mac_address":"52:54:00:7c:6d:0d","mac_type":"kvm","status":"ready","updated_at":"2023-08-11T05:58:26.165509Z","zone":"fr-par-1"},"organization_id":"564aa517-68b0-4fd7-8c8c-d21c4bcdcbd5","project_id":"564aa517-68b0-4fd7-8c8c-d21c4bcdcbd5","reverse":"51-159-124-65.rev.poneytelecom.eu.","server_id":null,"status":"ready","tags":[],"updated_at":"2023-08-11T05:58:26.167160Z","zone":"fr-par-1"}'
    headers:
      Content-Length:
      - "627"
      Content-Security-Policy:
      - default-src 'none'; frame-ancestors 'none'
      Content-Type:
      - application/json
      Date:
      - Fri, 11 Aug 2023 05:58:27 GMT
      Server:
      - Scaleway API-Gateway
      Strict-Transport-Security:
      - max-age=63072000
      X-Content-Type-Options:
      - nosniff
      X-Frame-Options:
      - DENY
      X-Request-Id:
      - 553fc5c9-e254-4b82-ba25-22aa62817cf4
    status: 200 OK
    code: 200
    duration: ""
- request:
    body: ""
    form: {}
    headers:
      User-Agent:
      - scaleway-sdk-go/v1.0.0-beta.7+dev (go1.20.4; darwin; amd64) terraform-provider/develop
        terraform/terraform-tests
    url: https://api.scaleway.com/flexible-ip/v1alpha1/zones/fr-par-1/fips/dc85b4b6-8b13-4abd-8d55-e6ce25c87e19/mac
    method: DELETE
  response:
    body: '{"message":"resource is not found","resource":"flexible_ips","resource_id":"dc85b4b6-8b13-4abd-8d55-e6ce25c87e19","type":"not_found"}'
    headers:
      Content-Length:
      - "133"
      Content-Security-Policy:
      - default-src 'none'; frame-ancestors 'none'
      Content-Type:
      - application/json
      Date:
      - Fri, 11 Aug 2023 05:58:27 GMT
      Server:
      - Scaleway API-Gateway
      Strict-Transport-Security:
      - max-age=63072000
      X-Content-Type-Options:
      - nosniff
      X-Frame-Options:
      - DENY
      X-Request-Id:
      - a78c801e-f4e5-4942-ae9d-6d75cea917a5
    status: 404 Not Found
    code: 404
    duration: ""
- request:
    body: ""
    form: {}
    headers:
      User-Agent:
      - scaleway-sdk-go/v1.0.0-beta.7+dev (go1.20.4; darwin; amd64) terraform-provider/develop
        terraform/terraform-tests
    url: https://api.scaleway.com/flexible-ip/v1alpha1/zones/fr-par-1/fips/504345eb-00d7-4162-a92b-e69beb30eb5e
    method: DELETE
  response:
    body: ""
    headers:
      Content-Security-Policy:
      - default-src 'none'; frame-ancestors 'none'
      Content-Type:
      - application/json
      Date:
      - Fri, 11 Aug 2023 05:58:28 GMT
      Server:
      - Scaleway API-Gateway
      Strict-Transport-Security:
      - max-age=63072000
      X-Content-Type-Options:
      - nosniff
      X-Frame-Options:
      - DENY
      X-Request-Id:
      - 62b4c57f-148d-4631-99af-7c03534659ff
    status: 204 No Content
    code: 204
    duration: ""
- request:
    body: ""
    form: {}
    headers:
      User-Agent:
      - scaleway-sdk-go/v1.0.0-beta.7+dev (go1.20.4; darwin; amd64) terraform-provider/develop
        terraform/terraform-tests
    url: https://api.scaleway.com/flexible-ip/v1alpha1/zones/fr-par-1/fips/4e673cfd-4848-4bb6-a5f6-964af9077617
    method: GET
  response:
    body: '{"created_at":"2021-07-21T08:31:17.640527Z","description":"","id":"4e673cfd-4848-4bb6-a5f6-964af9077617","ip_address":"51.159.124.65","mac_address":{"created_at":"2023-08-11T05:58:23.684455Z","id":"dc85b4b6-8b13-4abd-8d55-e6ce25c87e19","mac_address":"52:54:00:7c:6d:0d","mac_type":"kvm","status":"ready","updated_at":"2023-08-11T05:58:26.165509Z","zone":"fr-par-1"},"organization_id":"564aa517-68b0-4fd7-8c8c-d21c4bcdcbd5","project_id":"564aa517-68b0-4fd7-8c8c-d21c4bcdcbd5","reverse":"51-159-124-65.rev.poneytelecom.eu.","server_id":null,"status":"ready","tags":[],"updated_at":"2023-08-11T05:58:26.167160Z","zone":"fr-par-1"}'
    headers:
      Content-Length:
      - "627"
      Content-Security-Policy:
      - default-src 'none'; frame-ancestors 'none'
      Content-Type:
      - application/json
      Date:
      - Fri, 11 Aug 2023 05:58:28 GMT
      Server:
      - Scaleway API-Gateway
      Strict-Transport-Security:
      - max-age=63072000
      X-Content-Type-Options:
      - nosniff
      X-Frame-Options:
      - DENY
      X-Request-Id:
      - 4aaf4675-5a99-40b3-a79b-a7b0b72f80a4
    status: 200 OK
    code: 200
    duration: ""
- request:
    body: ""
    form: {}
    headers:
      User-Agent:
      - scaleway-sdk-go/v1.0.0-beta.7+dev (go1.20.4; darwin; amd64) terraform-provider/develop
        terraform/terraform-tests
    url: https://api.scaleway.com/flexible-ip/v1alpha1/zones/fr-par-1/fips/504345eb-00d7-4162-a92b-e69beb30eb5e
    method: GET
  response:
    body: '{"details":[{"action":"read","resource":"flexible-ip"}],"message":"insufficient
      permissions","type":"permissions_denied"}'
    headers:
      Content-Length:
      - "121"
      Content-Security-Policy:
      - default-src 'none'; frame-ancestors 'none'
      Content-Type:
      - application/json
      Date:
      - Fri, 11 Aug 2023 05:58:28 GMT
      Server:
      - Scaleway API-Gateway
      Strict-Transport-Security:
      - max-age=63072000
      X-Content-Type-Options:
      - nosniff
      X-Frame-Options:
      - DENY
      X-Request-Id:
      - e98c0537-0404-4c66-8f93-7ac6a8d149d8
    status: 403 Forbidden
    code: 403
    duration: ""
- request:
    body: ""
    form: {}
    headers:
      User-Agent:
      - scaleway-sdk-go/v1.0.0-beta.7+dev (go1.20.4; darwin; amd64) terraform-provider/develop
        terraform/terraform-tests
    url: https://api.scaleway.com/flexible-ip/v1alpha1/zones/fr-par-1/fips/4e673cfd-4848-4bb6-a5f6-964af9077617
    method: GET
  response:
    body: '{"created_at":"2021-07-21T08:31:17.640527Z","description":"","id":"4e673cfd-4848-4bb6-a5f6-964af9077617","ip_address":"51.159.124.65","mac_address":{"created_at":"2023-08-11T05:58:23.684455Z","id":"dc85b4b6-8b13-4abd-8d55-e6ce25c87e19","mac_address":"52:54:00:7c:6d:0d","mac_type":"kvm","status":"ready","updated_at":"2023-08-11T05:58:26.165509Z","zone":"fr-par-1"},"organization_id":"564aa517-68b0-4fd7-8c8c-d21c4bcdcbd5","project_id":"564aa517-68b0-4fd7-8c8c-d21c4bcdcbd5","reverse":"51-159-124-65.rev.poneytelecom.eu.","server_id":null,"status":"ready","tags":[],"updated_at":"2023-08-11T05:58:26.167160Z","zone":"fr-par-1"}'
    headers:
      Content-Length:
      - "627"
      Content-Security-Policy:
      - default-src 'none'; frame-ancestors 'none'
      Content-Type:
      - application/json
      Date:
      - Fri, 11 Aug 2023 05:58:28 GMT
      Server:
      - Scaleway API-Gateway
      Strict-Transport-Security:
      - max-age=63072000
      X-Content-Type-Options:
      - nosniff
      X-Frame-Options:
      - DENY
      X-Request-Id:
      - 50bf9fd4-5e9e-40a7-b7cd-559d5f38103b
    status: 200 OK
    code: 200
    duration: ""
- request:
    body: ""
    form: {}
    headers:
      User-Agent:
      - scaleway-sdk-go/v1.0.0-beta.7+dev (go1.20.4; darwin; amd64) terraform-provider/develop
        terraform/terraform-tests
    url: https://api.scaleway.com/flexible-ip/v1alpha1/zones/fr-par-1/fips/4e673cfd-4848-4bb6-a5f6-964af9077617
    method: DELETE
  response:
    body: ""
    headers:
      Content-Security-Policy:
      - default-src 'none'; frame-ancestors 'none'
      Content-Type:
      - application/json
      Date:
      - Fri, 11 Aug 2023 05:58:28 GMT
      Server:
      - Scaleway API-Gateway
      Strict-Transport-Security:
      - max-age=63072000
      X-Content-Type-Options:
      - nosniff
      X-Frame-Options:
      - DENY
      X-Request-Id:
      - 05496d68-386d-408a-b51d-870bc4f17a2b
    status: 204 No Content
    code: 204
    duration: ""
- request:
    body: ""
    form: {}
    headers:
      User-Agent:
      - scaleway-sdk-go/v1.0.0-beta.7+dev (go1.20.4; darwin; amd64) terraform-provider/develop
        terraform/terraform-tests
    url: https://api.scaleway.com/flexible-ip/v1alpha1/zones/fr-par-1/fips/4e673cfd-4848-4bb6-a5f6-964af9077617
    method: GET
  response:
    body: '{"details":[{"action":"read","resource":"flexible-ip"}],"message":"insufficient
      permissions","type":"permissions_denied"}'
    headers:
      Content-Length:
      - "121"
      Content-Security-Policy:
      - default-src 'none'; frame-ancestors 'none'
      Content-Type:
      - application/json
      Date:
      - Fri, 11 Aug 2023 05:58:28 GMT
      Server:
      - Scaleway API-Gateway
      Strict-Transport-Security:
      - max-age=63072000
      X-Content-Type-Options:
      - nosniff
      X-Frame-Options:
      - DENY
      X-Request-Id:
      - f3d5fa48-9368-4fb2-8b14-6aacc88fdc60
    status: 403 Forbidden
    code: 403
    duration: ""
- request:
    body: ""
    form: {}
    headers:
      User-Agent:
      - scaleway-sdk-go/v1.0.0-beta.7+dev (go1.20.4; darwin; amd64) terraform-provider/develop
        terraform/terraform-tests
    url: https://api.scaleway.com/flexible-ip/v1alpha1/zones/fr-par-1/fips/504345eb-00d7-4162-a92b-e69beb30eb5e
    method: GET
  response:
    body: '{"details":[{"action":"read","resource":"flexible-ip"}],"message":"insufficient
      permissions","type":"permissions_denied"}'
    headers:
      Content-Length:
      - "121"
      Content-Security-Policy:
      - default-src 'none'; frame-ancestors 'none'
      Content-Type:
      - application/json
      Date:
      - Fri, 11 Aug 2023 05:58:28 GMT
      Server:
      - Scaleway API-Gateway
      Strict-Transport-Security:
      - max-age=63072000
      X-Content-Type-Options:
      - nosniff
      X-Frame-Options:
      - DENY
      X-Request-Id:
      - dd4e56a2-6f5a-4005-8450-d485d842dc67
    status: 403 Forbidden
    code: 403
    duration: ""
- request:
    body: ""
    form: {}
    headers:
      User-Agent:
      - scaleway-sdk-go/v1.0.0-beta.7+dev (go1.20.4; darwin; amd64) terraform-provider/develop
        terraform/terraform-tests
    url: https://api.scaleway.com/flexible-ip/v1alpha1/zones/fr-par-1/fips/4e673cfd-4848-4bb6-a5f6-964af9077617
    method: GET
  response:
    body: '{"details":[{"action":"read","resource":"flexible-ip"}],"message":"insufficient
      permissions","type":"permissions_denied"}'
    headers:
      Content-Length:
      - "121"
      Content-Security-Policy:
      - default-src 'none'; frame-ancestors 'none'
      Content-Type:
      - application/json
      Date:
      - Fri, 11 Aug 2023 05:58:28 GMT
      Server:
      - Scaleway API-Gateway
      Strict-Transport-Security:
      - max-age=63072000
      X-Content-Type-Options:
      - nosniff
      X-Frame-Options:
      - DENY
      X-Request-Id:
      - 147a6617-29b5-478b-95e7-651d70f157b2
    status: 403 Forbidden
    code: 403
    duration: ""
