---
version: 1
interactions:
- request:
    body: '{"project_id":"564aa517-68b0-4fd7-8c8c-d21c4bcdcbd5","description":"","tags":null,"server_id":null,"reverse":null,"is_ipv6":false}'
    form: {}
    headers:
      Content-Type:
      - application/json
      User-Agent:
      - scaleway-sdk-go/v1.0.0-beta.7+dev (go1.20.4; darwin; amd64) terraform-provider/develop
        terraform/terraform-tests
    url: https://api.scaleway.com/flexible-ip/v1alpha1/zones/fr-par-1/fips
    method: POST
  response:
    body: '{"created_at":"2021-07-21T08:31:17.409780Z","description":"","id":"504345eb-00d7-4162-a92b-e69beb30eb5e","ip_address":"51.159.124.49","mac_address":null,"organization_id":"564aa517-68b0-4fd7-8c8c-d21c4bcdcbd5","project_id":"564aa517-68b0-4fd7-8c8c-d21c4bcdcbd5","reverse":"51-159-124-49.rev.poneytelecom.eu.","server_id":null,"status":"ready","tags":[],"updated_at":"2023-08-11T08:45:24.905430177Z","zone":"fr-par-1"}'
    headers:
      Content-Length:
      - "417"
      Content-Security-Policy:
      - default-src 'none'; frame-ancestors 'none'
      Content-Type:
      - application/json
      Date:
      - Fri, 11 Aug 2023 08:45:24 GMT
      Server:
      - Scaleway API-Gateway
      Strict-Transport-Security:
      - max-age=63072000
      X-Content-Type-Options:
      - nosniff
      X-Frame-Options:
      - DENY
      X-Request-Id:
      - e4f93df7-a850-43c2-b263-f81980e81c7c
    status: 200 OK
    code: 200
    duration: ""
- request:
    body: ""
    form: {}
    headers:
      User-Agent:
      - scaleway-sdk-go/v1.0.0-beta.7+dev (go1.20.4; darwin; amd64) terraform-provider/develop
        terraform/terraform-tests
    url: https://api.scaleway.com/flexible-ip/v1alpha1/zones/fr-par-1/fips/504345eb-00d7-4162-a92b-e69beb30eb5e
    method: GET
  response:
    body: '{"created_at":"2021-07-21T08:31:17.409780Z","description":"","id":"504345eb-00d7-4162-a92b-e69beb30eb5e","ip_address":"51.159.124.49","mac_address":null,"organization_id":"564aa517-68b0-4fd7-8c8c-d21c4bcdcbd5","project_id":"564aa517-68b0-4fd7-8c8c-d21c4bcdcbd5","reverse":"51-159-124-49.rev.poneytelecom.eu.","server_id":null,"status":"ready","tags":[],"updated_at":"2023-08-11T08:45:24.905430Z","zone":"fr-par-1"}'
    headers:
      Content-Length:
      - "414"
      Content-Security-Policy:
      - default-src 'none'; frame-ancestors 'none'
      Content-Type:
      - application/json
      Date:
      - Fri, 11 Aug 2023 08:45:24 GMT
      Server:
      - Scaleway API-Gateway
      Strict-Transport-Security:
      - max-age=63072000
      X-Content-Type-Options:
      - nosniff
      X-Frame-Options:
      - DENY
      X-Request-Id:
      - a6b495be-8971-4f87-9fa9-e1abdba0961c
    status: 200 OK
    code: 200
    duration: ""
- request:
    body: '{"project_id":"564aa517-68b0-4fd7-8c8c-d21c4bcdcbd5","description":"","tags":null,"server_id":null,"reverse":null,"is_ipv6":false}'
    form: {}
    headers:
      Content-Type:
      - application/json
      User-Agent:
      - scaleway-sdk-go/v1.0.0-beta.7+dev (go1.20.4; darwin; amd64) terraform-provider/develop
        terraform/terraform-tests
    url: https://api.scaleway.com/flexible-ip/v1alpha1/zones/fr-par-1/fips
    method: POST
  response:
    body: '{"created_at":"2021-07-21T08:31:17.640527Z","description":"","id":"4e673cfd-4848-4bb6-a5f6-964af9077617","ip_address":"51.159.124.65","mac_address":null,"organization_id":"564aa517-68b0-4fd7-8c8c-d21c4bcdcbd5","project_id":"564aa517-68b0-4fd7-8c8c-d21c4bcdcbd5","reverse":"51-159-124-65.rev.poneytelecom.eu.","server_id":null,"status":"ready","tags":[],"updated_at":"2023-08-11T08:45:24.985167742Z","zone":"fr-par-1"}'
    headers:
      Content-Length:
      - "417"
      Content-Security-Policy:
      - default-src 'none'; frame-ancestors 'none'
      Content-Type:
      - application/json
      Date:
      - Fri, 11 Aug 2023 08:45:24 GMT
      Server:
      - Scaleway API-Gateway
      Strict-Transport-Security:
      - max-age=63072000
      X-Content-Type-Options:
      - nosniff
      X-Frame-Options:
      - DENY
      X-Request-Id:
      - 910a586d-cde2-48d7-963d-0750f0273e6d
    status: 200 OK
    code: 200
    duration: ""
- request:
    body: ""
    form: {}
    headers:
      User-Agent:
      - scaleway-sdk-go/v1.0.0-beta.7+dev (go1.20.4; darwin; amd64) terraform-provider/develop
        terraform/terraform-tests
    url: https://api.scaleway.com/flexible-ip/v1alpha1/zones/fr-par-1/fips/504345eb-00d7-4162-a92b-e69beb30eb5e
    method: GET
  response:
    body: '{"created_at":"2021-07-21T08:31:17.409780Z","description":"","id":"504345eb-00d7-4162-a92b-e69beb30eb5e","ip_address":"51.159.124.49","mac_address":null,"organization_id":"564aa517-68b0-4fd7-8c8c-d21c4bcdcbd5","project_id":"564aa517-68b0-4fd7-8c8c-d21c4bcdcbd5","reverse":"51-159-124-49.rev.poneytelecom.eu.","server_id":null,"status":"ready","tags":[],"updated_at":"2023-08-11T08:45:24.905430Z","zone":"fr-par-1"}'
    headers:
      Content-Length:
      - "414"
      Content-Security-Policy:
      - default-src 'none'; frame-ancestors 'none'
      Content-Type:
      - application/json
      Date:
      - Fri, 11 Aug 2023 08:45:25 GMT
      Server:
      - Scaleway API-Gateway
      Strict-Transport-Security:
      - max-age=63072000
      X-Content-Type-Options:
      - nosniff
      X-Frame-Options:
      - DENY
      X-Request-Id:
      - 3a4fe84e-7219-477e-9dae-3b6c2c3b08c5
    status: 200 OK
    code: 200
    duration: ""
- request:
    body: ""
    form: {}
    headers:
      User-Agent:
      - scaleway-sdk-go/v1.0.0-beta.7+dev (go1.20.4; darwin; amd64) terraform-provider/develop
        terraform/terraform-tests
    url: https://api.scaleway.com/flexible-ip/v1alpha1/zones/fr-par-1/fips/504345eb-00d7-4162-a92b-e69beb30eb5e
    method: GET
  response:
    body: '{"created_at":"2021-07-21T08:31:17.409780Z","description":"","id":"504345eb-00d7-4162-a92b-e69beb30eb5e","ip_address":"51.159.124.49","mac_address":null,"organization_id":"564aa517-68b0-4fd7-8c8c-d21c4bcdcbd5","project_id":"564aa517-68b0-4fd7-8c8c-d21c4bcdcbd5","reverse":"51-159-124-49.rev.poneytelecom.eu.","server_id":null,"status":"ready","tags":[],"updated_at":"2023-08-11T08:45:24.905430Z","zone":"fr-par-1"}'
    headers:
      Content-Length:
      - "414"
      Content-Security-Policy:
      - default-src 'none'; frame-ancestors 'none'
      Content-Type:
      - application/json
      Date:
      - Fri, 11 Aug 2023 08:45:25 GMT
      Server:
      - Scaleway API-Gateway
      Strict-Transport-Security:
      - max-age=63072000
      X-Content-Type-Options:
      - nosniff
      X-Frame-Options:
      - DENY
      X-Request-Id:
      - d657c27c-b74e-421e-b184-ad6b87847fe6
    status: 200 OK
    code: 200
    duration: ""
- request:
    body: ""
    form: {}
    headers:
      User-Agent:
      - scaleway-sdk-go/v1.0.0-beta.7+dev (go1.20.4; darwin; amd64) terraform-provider/develop
        terraform/terraform-tests
    url: https://api.scaleway.com/flexible-ip/v1alpha1/zones/fr-par-1/fips/4e673cfd-4848-4bb6-a5f6-964af9077617
    method: GET
  response:
    body: '{"created_at":"2021-07-21T08:31:17.640527Z","description":"","id":"4e673cfd-4848-4bb6-a5f6-964af9077617","ip_address":"51.159.124.65","mac_address":null,"organization_id":"564aa517-68b0-4fd7-8c8c-d21c4bcdcbd5","project_id":"564aa517-68b0-4fd7-8c8c-d21c4bcdcbd5","reverse":"51-159-124-65.rev.poneytelecom.eu.","server_id":null,"status":"ready","tags":[],"updated_at":"2023-08-11T08:45:24.985168Z","zone":"fr-par-1"}'
    headers:
      Content-Length:
      - "414"
      Content-Security-Policy:
      - default-src 'none'; frame-ancestors 'none'
      Content-Type:
      - application/json
      Date:
      - Fri, 11 Aug 2023 08:45:25 GMT
      Server:
      - Scaleway API-Gateway
      Strict-Transport-Security:
      - max-age=63072000
      X-Content-Type-Options:
      - nosniff
      X-Frame-Options:
      - DENY
      X-Request-Id:
      - df9bc162-bfb4-4719-9320-6e7c6df91b43
    status: 200 OK
    code: 200
    duration: ""
- request:
    body: ""
    form: {}
    headers:
      User-Agent:
      - scaleway-sdk-go/v1.0.0-beta.7+dev (go1.20.4; darwin; amd64) terraform-provider/develop
        terraform/terraform-tests
    url: https://api.scaleway.com/flexible-ip/v1alpha1/zones/fr-par-1/fips/4e673cfd-4848-4bb6-a5f6-964af9077617
    method: GET
  response:
    body: '{"created_at":"2021-07-21T08:31:17.640527Z","description":"","id":"4e673cfd-4848-4bb6-a5f6-964af9077617","ip_address":"51.159.124.65","mac_address":null,"organization_id":"564aa517-68b0-4fd7-8c8c-d21c4bcdcbd5","project_id":"564aa517-68b0-4fd7-8c8c-d21c4bcdcbd5","reverse":"51-159-124-65.rev.poneytelecom.eu.","server_id":null,"status":"ready","tags":[],"updated_at":"2023-08-11T08:45:24.985168Z","zone":"fr-par-1"}'
    headers:
      Content-Length:
      - "414"
      Content-Security-Policy:
      - default-src 'none'; frame-ancestors 'none'
      Content-Type:
      - application/json
      Date:
      - Fri, 11 Aug 2023 08:45:25 GMT
      Server:
      - Scaleway API-Gateway
      Strict-Transport-Security:
      - max-age=63072000
      X-Content-Type-Options:
      - nosniff
      X-Frame-Options:
      - DENY
      X-Request-Id:
      - bbd233bc-186a-4053-ac25-13d9f697a5cc
    status: 200 OK
    code: 200
    duration: ""
- request:
    body: ""
    form: {}
    headers:
      User-Agent:
      - scaleway-sdk-go/v1.0.0-beta.7+dev (go1.20.4; darwin; amd64) terraform-provider/develop
        terraform/terraform-tests
    url: https://api.scaleway.com/flexible-ip/v1alpha1/zones/fr-par-1/fips/504345eb-00d7-4162-a92b-e69beb30eb5e
    method: GET
  response:
    body: '{"created_at":"2021-07-21T08:31:17.409780Z","description":"","id":"504345eb-00d7-4162-a92b-e69beb30eb5e","ip_address":"51.159.124.49","mac_address":null,"organization_id":"564aa517-68b0-4fd7-8c8c-d21c4bcdcbd5","project_id":"564aa517-68b0-4fd7-8c8c-d21c4bcdcbd5","reverse":"51-159-124-49.rev.poneytelecom.eu.","server_id":null,"status":"ready","tags":[],"updated_at":"2023-08-11T08:45:24.905430Z","zone":"fr-par-1"}'
    headers:
      Content-Length:
      - "414"
      Content-Security-Policy:
      - default-src 'none'; frame-ancestors 'none'
      Content-Type:
      - application/json
      Date:
      - Fri, 11 Aug 2023 08:45:25 GMT
      Server:
      - Scaleway API-Gateway
      Strict-Transport-Security:
      - max-age=63072000
      X-Content-Type-Options:
      - nosniff
      X-Frame-Options:
      - DENY
      X-Request-Id:
      - e877259e-60da-4898-815b-fccbe1f1332d
    status: 200 OK
    code: 200
    duration: ""
- request:
    body: ""
    form: {}
    headers:
      User-Agent:
      - scaleway-sdk-go/v1.0.0-beta.7+dev (go1.20.4; darwin; amd64) terraform-provider/develop
        terraform/terraform-tests
    url: https://api.scaleway.com/flexible-ip/v1alpha1/zones/fr-par-1/fips/4e673cfd-4848-4bb6-a5f6-964af9077617
    method: GET
  response:
    body: '{"created_at":"2021-07-21T08:31:17.640527Z","description":"","id":"4e673cfd-4848-4bb6-a5f6-964af9077617","ip_address":"51.159.124.65","mac_address":null,"organization_id":"564aa517-68b0-4fd7-8c8c-d21c4bcdcbd5","project_id":"564aa517-68b0-4fd7-8c8c-d21c4bcdcbd5","reverse":"51-159-124-65.rev.poneytelecom.eu.","server_id":null,"status":"ready","tags":[],"updated_at":"2023-08-11T08:45:24.985168Z","zone":"fr-par-1"}'
    headers:
      Content-Length:
      - "414"
      Content-Security-Policy:
      - default-src 'none'; frame-ancestors 'none'
      Content-Type:
      - application/json
      Date:
      - Fri, 11 Aug 2023 08:45:25 GMT
      Server:
      - Scaleway API-Gateway
      Strict-Transport-Security:
      - max-age=63072000
      X-Content-Type-Options:
      - nosniff
      X-Frame-Options:
      - DENY
      X-Request-Id:
      - 7c57beda-b4b4-46cd-b9d1-4f67cb848b41
    status: 200 OK
    code: 200
    duration: ""
- request:
    body: '{"mac_type":"kvm"}'
    form: {}
    headers:
      Content-Type:
      - application/json
      User-Agent:
      - scaleway-sdk-go/v1.0.0-beta.7+dev (go1.20.4; darwin; amd64) terraform-provider/develop
        terraform/terraform-tests
    url: https://api.scaleway.com/flexible-ip/v1alpha1/zones/fr-par-1/fips/504345eb-00d7-4162-a92b-e69beb30eb5e/mac
    method: POST
  response:
    body: '{"created_at":"2021-07-21T08:31:17.409780Z","description":"","id":"504345eb-00d7-4162-a92b-e69beb30eb5e","ip_address":"51.159.124.49","mac_address":{"created_at":"2023-08-11T08:45:25.135891878Z","id":"b17beb4e-d64e-455a-b254-4c1b00621c69","mac_address":"52:54:00:46:a3:02","mac_type":"kvm","status":"ready","updated_at":"2023-08-11T08:45:25.138089343Z","zone":"fr-par-1"},"organization_id":"564aa517-68b0-4fd7-8c8c-d21c4bcdcbd5","project_id":"564aa517-68b0-4fd7-8c8c-d21c4bcdcbd5","reverse":"51-159-124-49.rev.poneytelecom.eu.","server_id":null,"status":"ready","tags":[],"updated_at":"2023-08-11T08:45:25.141124509Z","zone":"fr-par-1"}'
    headers:
      Content-Length:
      - "636"
      Content-Security-Policy:
      - default-src 'none'; frame-ancestors 'none'
      Content-Type:
      - application/json
      Date:
      - Fri, 11 Aug 2023 08:45:25 GMT
      Server:
      - Scaleway API-Gateway
      Strict-Transport-Security:
      - max-age=63072000
      X-Content-Type-Options:
      - nosniff
      X-Frame-Options:
      - DENY
      X-Request-Id:
      - bc2153bb-bee7-4c8f-b837-5b2c3ca25458
    status: 200 OK
    code: 200
    duration: ""
- request:
    body: ""
    form: {}
    headers:
      User-Agent:
      - scaleway-sdk-go/v1.0.0-beta.7+dev (go1.20.4; darwin; amd64) terraform-provider/develop
        terraform/terraform-tests
    url: https://api.scaleway.com/flexible-ip/v1alpha1/zones/fr-par-1/fips/504345eb-00d7-4162-a92b-e69beb30eb5e
    method: GET
  response:
    body: '{"created_at":"2021-07-21T08:31:17.409780Z","description":"","id":"504345eb-00d7-4162-a92b-e69beb30eb5e","ip_address":"51.159.124.49","mac_address":{"created_at":"2023-08-11T08:45:25.135892Z","id":"b17beb4e-d64e-455a-b254-4c1b00621c69","mac_address":"52:54:00:46:a3:02","mac_type":"kvm","status":"ready","updated_at":"2023-08-11T08:45:25.138089Z","zone":"fr-par-1"},"organization_id":"564aa517-68b0-4fd7-8c8c-d21c4bcdcbd5","project_id":"564aa517-68b0-4fd7-8c8c-d21c4bcdcbd5","reverse":"51-159-124-49.rev.poneytelecom.eu.","server_id":null,"status":"ready","tags":[],"updated_at":"2023-08-11T08:45:25.141125Z","zone":"fr-par-1"}'
    headers:
      Content-Length:
      - "627"
      Content-Security-Policy:
      - default-src 'none'; frame-ancestors 'none'
      Content-Type:
      - application/json
      Date:
      - Fri, 11 Aug 2023 08:45:25 GMT
      Server:
      - Scaleway API-Gateway
      Strict-Transport-Security:
      - max-age=63072000
      X-Content-Type-Options:
      - nosniff
      X-Frame-Options:
      - DENY
      X-Request-Id:
      - 6e83d1d8-0bd0-46aa-8909-93fbc8102243
    status: 200 OK
    code: 200
    duration: ""
- request:
    body: ""
    form: {}
    headers:
      User-Agent:
      - scaleway-sdk-go/v1.0.0-beta.7+dev (go1.20.4; darwin; amd64) terraform-provider/develop
        terraform/terraform-tests
    url: https://api.scaleway.com/flexible-ip/v1alpha1/zones/fr-par-1/fips/504345eb-00d7-4162-a92b-e69beb30eb5e
    method: GET
  response:
    body: '{"created_at":"2021-07-21T08:31:17.409780Z","description":"","id":"504345eb-00d7-4162-a92b-e69beb30eb5e","ip_address":"51.159.124.49","mac_address":{"created_at":"2023-08-11T08:45:25.135892Z","id":"b17beb4e-d64e-455a-b254-4c1b00621c69","mac_address":"52:54:00:46:a3:02","mac_type":"kvm","status":"ready","updated_at":"2023-08-11T08:45:25.138089Z","zone":"fr-par-1"},"organization_id":"564aa517-68b0-4fd7-8c8c-d21c4bcdcbd5","project_id":"564aa517-68b0-4fd7-8c8c-d21c4bcdcbd5","reverse":"51-159-124-49.rev.poneytelecom.eu.","server_id":null,"status":"ready","tags":[],"updated_at":"2023-08-11T08:45:25.141125Z","zone":"fr-par-1"}'
    headers:
      Content-Length:
      - "627"
      Content-Security-Policy:
      - default-src 'none'; frame-ancestors 'none'
      Content-Type:
      - application/json
      Date:
      - Fri, 11 Aug 2023 08:45:25 GMT
      Server:
      - Scaleway API-Gateway
      Strict-Transport-Security:
      - max-age=63072000
      X-Content-Type-Options:
      - nosniff
      X-Frame-Options:
      - DENY
      X-Request-Id:
      - 5482da25-0243-4570-b083-dd38a045f052
    status: 200 OK
    code: 200
    duration: ""
- request:
    body: ""
    form: {}
    headers:
      User-Agent:
      - scaleway-sdk-go/v1.0.0-beta.7+dev (go1.20.4; darwin; amd64) terraform-provider/develop
        terraform/terraform-tests
    url: https://api.scaleway.com/flexible-ip/v1alpha1/zones/fr-par-1/fips/504345eb-00d7-4162-a92b-e69beb30eb5e
    method: GET
  response:
    body: '{"created_at":"2021-07-21T08:31:17.409780Z","description":"","id":"504345eb-00d7-4162-a92b-e69beb30eb5e","ip_address":"51.159.124.49","mac_address":{"created_at":"2023-08-11T08:45:25.135892Z","id":"b17beb4e-d64e-455a-b254-4c1b00621c69","mac_address":"52:54:00:46:a3:02","mac_type":"kvm","status":"ready","updated_at":"2023-08-11T08:45:25.138089Z","zone":"fr-par-1"},"organization_id":"564aa517-68b0-4fd7-8c8c-d21c4bcdcbd5","project_id":"564aa517-68b0-4fd7-8c8c-d21c4bcdcbd5","reverse":"51-159-124-49.rev.poneytelecom.eu.","server_id":null,"status":"ready","tags":[],"updated_at":"2023-08-11T08:45:25.141125Z","zone":"fr-par-1"}'
    headers:
      Content-Length:
      - "627"
      Content-Security-Policy:
      - default-src 'none'; frame-ancestors 'none'
      Content-Type:
      - application/json
      Date:
      - Fri, 11 Aug 2023 08:45:25 GMT
      Server:
      - Scaleway API-Gateway
      Strict-Transport-Security:
      - max-age=63072000
      X-Content-Type-Options:
      - nosniff
      X-Frame-Options:
      - DENY
      X-Request-Id:
      - e25f12ae-95e8-447f-afc1-5e38e34c5953
    status: 200 OK
    code: 200
    duration: ""
- request:
    body: ""
    form: {}
    headers:
      User-Agent:
      - scaleway-sdk-go/v1.0.0-beta.7+dev (go1.20.4; darwin; amd64) terraform-provider/develop
        terraform/terraform-tests
    url: https://api.scaleway.com/flexible-ip/v1alpha1/zones/fr-par-1/fips/4e673cfd-4848-4bb6-a5f6-964af9077617
    method: GET
  response:
    body: '{"created_at":"2021-07-21T08:31:17.640527Z","description":"","id":"4e673cfd-4848-4bb6-a5f6-964af9077617","ip_address":"51.159.124.65","mac_address":null,"organization_id":"564aa517-68b0-4fd7-8c8c-d21c4bcdcbd5","project_id":"564aa517-68b0-4fd7-8c8c-d21c4bcdcbd5","reverse":"51-159-124-65.rev.poneytelecom.eu.","server_id":null,"status":"ready","tags":[],"updated_at":"2023-08-11T08:45:24.985168Z","zone":"fr-par-1"}'
    headers:
      Content-Length:
      - "414"
      Content-Security-Policy:
      - default-src 'none'; frame-ancestors 'none'
      Content-Type:
      - application/json
      Date:
      - Fri, 11 Aug 2023 08:45:25 GMT
      Server:
      - Scaleway API-Gateway
      Strict-Transport-Security:
      - max-age=63072000
      X-Content-Type-Options:
      - nosniff
      X-Frame-Options:
      - DENY
      X-Request-Id:
      - d32a9fef-fc4e-42da-a03a-01ca2e6a76a8
    status: 200 OK
    code: 200
    duration: ""
- request:
    body: ""
    form: {}
    headers:
      User-Agent:
      - scaleway-sdk-go/v1.0.0-beta.7+dev (go1.20.4; darwin; amd64) terraform-provider/develop
        terraform/terraform-tests
    url: https://api.scaleway.com/flexible-ip/v1alpha1/zones/fr-par-1/fips/504345eb-00d7-4162-a92b-e69beb30eb5e
    method: GET
  response:
    body: '{"created_at":"2021-07-21T08:31:17.409780Z","description":"","id":"504345eb-00d7-4162-a92b-e69beb30eb5e","ip_address":"51.159.124.49","mac_address":{"created_at":"2023-08-11T08:45:25.135892Z","id":"b17beb4e-d64e-455a-b254-4c1b00621c69","mac_address":"52:54:00:46:a3:02","mac_type":"kvm","status":"ready","updated_at":"2023-08-11T08:45:25.138089Z","zone":"fr-par-1"},"organization_id":"564aa517-68b0-4fd7-8c8c-d21c4bcdcbd5","project_id":"564aa517-68b0-4fd7-8c8c-d21c4bcdcbd5","reverse":"51-159-124-49.rev.poneytelecom.eu.","server_id":null,"status":"ready","tags":[],"updated_at":"2023-08-11T08:45:25.141125Z","zone":"fr-par-1"}'
    headers:
      Content-Length:
      - "627"
      Content-Security-Policy:
      - default-src 'none'; frame-ancestors 'none'
      Content-Type:
      - application/json
      Date:
      - Fri, 11 Aug 2023 08:45:25 GMT
      Server:
      - Scaleway API-Gateway
      Strict-Transport-Security:
      - max-age=63072000
      X-Content-Type-Options:
      - nosniff
      X-Frame-Options:
      - DENY
      X-Request-Id:
      - a24297d1-7f92-4459-a329-49d851d406a9
    status: 200 OK
    code: 200
    duration: ""
- request:
    body: ""
    form: {}
    headers:
      User-Agent:
      - scaleway-sdk-go/v1.0.0-beta.7+dev (go1.20.4; darwin; amd64) terraform-provider/develop
        terraform/terraform-tests
    url: https://api.scaleway.com/flexible-ip/v1alpha1/zones/fr-par-1/fips/504345eb-00d7-4162-a92b-e69beb30eb5e
    method: GET
  response:
    body: '{"created_at":"2021-07-21T08:31:17.409780Z","description":"","id":"504345eb-00d7-4162-a92b-e69beb30eb5e","ip_address":"51.159.124.49","mac_address":{"created_at":"2023-08-11T08:45:25.135892Z","id":"b17beb4e-d64e-455a-b254-4c1b00621c69","mac_address":"52:54:00:46:a3:02","mac_type":"kvm","status":"ready","updated_at":"2023-08-11T08:45:25.138089Z","zone":"fr-par-1"},"organization_id":"564aa517-68b0-4fd7-8c8c-d21c4bcdcbd5","project_id":"564aa517-68b0-4fd7-8c8c-d21c4bcdcbd5","reverse":"51-159-124-49.rev.poneytelecom.eu.","server_id":null,"status":"ready","tags":[],"updated_at":"2023-08-11T08:45:25.141125Z","zone":"fr-par-1"}'
    headers:
      Content-Length:
      - "627"
      Content-Security-Policy:
      - default-src 'none'; frame-ancestors 'none'
      Content-Type:
      - application/json
      Date:
      - Fri, 11 Aug 2023 08:45:25 GMT
      Server:
      - Scaleway API-Gateway
      Strict-Transport-Security:
      - max-age=63072000
      X-Content-Type-Options:
      - nosniff
      X-Frame-Options:
      - DENY
      X-Request-Id:
      - 412a323e-2339-4339-b7f2-b4577bbd961a
    status: 200 OK
    code: 200
    duration: ""
- request:
    body: ""
    form: {}
    headers:
      User-Agent:
      - scaleway-sdk-go/v1.0.0-beta.7+dev (go1.20.4; darwin; amd64) terraform-provider/develop
        terraform/terraform-tests
    url: https://api.scaleway.com/flexible-ip/v1alpha1/zones/fr-par-1/fips/4e673cfd-4848-4bb6-a5f6-964af9077617
    method: GET
  response:
    body: '{"created_at":"2021-07-21T08:31:17.640527Z","description":"","id":"4e673cfd-4848-4bb6-a5f6-964af9077617","ip_address":"51.159.124.65","mac_address":null,"organization_id":"564aa517-68b0-4fd7-8c8c-d21c4bcdcbd5","project_id":"564aa517-68b0-4fd7-8c8c-d21c4bcdcbd5","reverse":"51-159-124-65.rev.poneytelecom.eu.","server_id":null,"status":"ready","tags":[],"updated_at":"2023-08-11T08:45:24.985168Z","zone":"fr-par-1"}'
    headers:
      Content-Length:
      - "414"
      Content-Security-Policy:
      - default-src 'none'; frame-ancestors 'none'
      Content-Type:
      - application/json
      Date:
      - Fri, 11 Aug 2023 08:45:25 GMT
      Server:
      - Scaleway API-Gateway
      Strict-Transport-Security:
      - max-age=63072000
      X-Content-Type-Options:
      - nosniff
      X-Frame-Options:
      - DENY
      X-Request-Id:
      - 874c2bc3-1f94-4134-ab88-4bb70c958c69
    status: 200 OK
    code: 200
    duration: ""
- request:
    body: ""
    form: {}
    headers:
      User-Agent:
      - scaleway-sdk-go/v1.0.0-beta.7+dev (go1.20.4; darwin; amd64) terraform-provider/develop
        terraform/terraform-tests
    url: https://api.scaleway.com/flexible-ip/v1alpha1/zones/fr-par-1/fips/4e673cfd-4848-4bb6-a5f6-964af9077617
    method: GET
  response:
    body: '{"created_at":"2021-07-21T08:31:17.640527Z","description":"","id":"4e673cfd-4848-4bb6-a5f6-964af9077617","ip_address":"51.159.124.65","mac_address":null,"organization_id":"564aa517-68b0-4fd7-8c8c-d21c4bcdcbd5","project_id":"564aa517-68b0-4fd7-8c8c-d21c4bcdcbd5","reverse":"51-159-124-65.rev.poneytelecom.eu.","server_id":null,"status":"ready","tags":[],"updated_at":"2023-08-11T08:45:24.985168Z","zone":"fr-par-1"}'
    headers:
      Content-Length:
      - "414"
      Content-Security-Policy:
      - default-src 'none'; frame-ancestors 'none'
      Content-Type:
      - application/json
      Date:
      - Fri, 11 Aug 2023 08:45:25 GMT
      Server:
      - Scaleway API-Gateway
      Strict-Transport-Security:
      - max-age=63072000
      X-Content-Type-Options:
      - nosniff
      X-Frame-Options:
      - DENY
      X-Request-Id:
      - 42973ee7-f2d9-455d-81ce-e457958b7622
    status: 200 OK
    code: 200
    duration: ""
- request:
    body: ""
    form: {}
    headers:
      User-Agent:
      - scaleway-sdk-go/v1.0.0-beta.7+dev (go1.20.4; darwin; amd64) terraform-provider/develop
        terraform/terraform-tests
    url: https://api.scaleway.com/flexible-ip/v1alpha1/zones/fr-par-1/fips/504345eb-00d7-4162-a92b-e69beb30eb5e
    method: GET
  response:
    body: '{"created_at":"2021-07-21T08:31:17.409780Z","description":"","id":"504345eb-00d7-4162-a92b-e69beb30eb5e","ip_address":"51.159.124.49","mac_address":{"created_at":"2023-08-11T08:45:25.135892Z","id":"b17beb4e-d64e-455a-b254-4c1b00621c69","mac_address":"52:54:00:46:a3:02","mac_type":"kvm","status":"ready","updated_at":"2023-08-11T08:45:25.138089Z","zone":"fr-par-1"},"organization_id":"564aa517-68b0-4fd7-8c8c-d21c4bcdcbd5","project_id":"564aa517-68b0-4fd7-8c8c-d21c4bcdcbd5","reverse":"51-159-124-49.rev.poneytelecom.eu.","server_id":null,"status":"ready","tags":[],"updated_at":"2023-08-11T08:45:25.141125Z","zone":"fr-par-1"}'
    headers:
      Content-Length:
      - "627"
      Content-Security-Policy:
      - default-src 'none'; frame-ancestors 'none'
      Content-Type:
      - application/json
      Date:
      - Fri, 11 Aug 2023 08:45:25 GMT
      Server:
      - Scaleway API-Gateway
      Strict-Transport-Security:
      - max-age=63072000
      X-Content-Type-Options:
      - nosniff
      X-Frame-Options:
      - DENY
      X-Request-Id:
      - 4d6bf6a6-1902-4252-a97b-edf3174ad5c2
    status: 200 OK
    code: 200
    duration: ""
- request:
    body: ""
    form: {}
    headers:
      User-Agent:
      - scaleway-sdk-go/v1.0.0-beta.7+dev (go1.20.4; darwin; amd64) terraform-provider/develop
        terraform/terraform-tests
    url: https://api.scaleway.com/flexible-ip/v1alpha1/zones/fr-par-1/fips/504345eb-00d7-4162-a92b-e69beb30eb5e
    method: GET
  response:
    body: '{"created_at":"2021-07-21T08:31:17.409780Z","description":"","id":"504345eb-00d7-4162-a92b-e69beb30eb5e","ip_address":"51.159.124.49","mac_address":{"created_at":"2023-08-11T08:45:25.135892Z","id":"b17beb4e-d64e-455a-b254-4c1b00621c69","mac_address":"52:54:00:46:a3:02","mac_type":"kvm","status":"ready","updated_at":"2023-08-11T08:45:25.138089Z","zone":"fr-par-1"},"organization_id":"564aa517-68b0-4fd7-8c8c-d21c4bcdcbd5","project_id":"564aa517-68b0-4fd7-8c8c-d21c4bcdcbd5","reverse":"51-159-124-49.rev.poneytelecom.eu.","server_id":null,"status":"ready","tags":[],"updated_at":"2023-08-11T08:45:25.141125Z","zone":"fr-par-1"}'
    headers:
      Content-Length:
      - "627"
      Content-Security-Policy:
      - default-src 'none'; frame-ancestors 'none'
      Content-Type:
      - application/json
      Date:
      - Fri, 11 Aug 2023 08:45:25 GMT
      Server:
      - Scaleway API-Gateway
      Strict-Transport-Security:
      - max-age=63072000
      X-Content-Type-Options:
      - nosniff
      X-Frame-Options:
      - DENY
      X-Request-Id:
      - d53c1a54-b353-410c-8c0a-db62bedd363f
    status: 200 OK
    code: 200
    duration: ""
- request:
    body: ""
    form: {}
    headers:
      User-Agent:
      - scaleway-sdk-go/v1.0.0-beta.7+dev (go1.20.4; darwin; amd64) terraform-provider/develop
        terraform/terraform-tests
    url: https://api.scaleway.com/flexible-ip/v1alpha1/zones/fr-par-1/fips/4e673cfd-4848-4bb6-a5f6-964af9077617
    method: GET
  response:
    body: '{"created_at":"2021-07-21T08:31:17.640527Z","description":"","id":"4e673cfd-4848-4bb6-a5f6-964af9077617","ip_address":"51.159.124.65","mac_address":null,"organization_id":"564aa517-68b0-4fd7-8c8c-d21c4bcdcbd5","project_id":"564aa517-68b0-4fd7-8c8c-d21c4bcdcbd5","reverse":"51-159-124-65.rev.poneytelecom.eu.","server_id":null,"status":"ready","tags":[],"updated_at":"2023-08-11T08:45:24.985168Z","zone":"fr-par-1"}'
    headers:
      Content-Length:
      - "414"
      Content-Security-Policy:
      - default-src 'none'; frame-ancestors 'none'
      Content-Type:
      - application/json
      Date:
      - Fri, 11 Aug 2023 08:45:26 GMT
      Server:
      - Scaleway API-Gateway
      Strict-Transport-Security:
      - max-age=63072000
      X-Content-Type-Options:
      - nosniff
      X-Frame-Options:
      - DENY
      X-Request-Id:
      - 241acf35-7083-479b-8be6-b017fe2c4f47
    status: 200 OK
    code: 200
    duration: ""
- request:
    body: ""
    form: {}
    headers:
      User-Agent:
      - scaleway-sdk-go/v1.0.0-beta.7+dev (go1.20.4; darwin; amd64) terraform-provider/develop
        terraform/terraform-tests
    url: https://api.scaleway.com/flexible-ip/v1alpha1/zones/fr-par-1/fips/504345eb-00d7-4162-a92b-e69beb30eb5e
    method: GET
  response:
    body: '{"created_at":"2021-07-21T08:31:17.409780Z","description":"","id":"504345eb-00d7-4162-a92b-e69beb30eb5e","ip_address":"51.159.124.49","mac_address":{"created_at":"2023-08-11T08:45:25.135892Z","id":"b17beb4e-d64e-455a-b254-4c1b00621c69","mac_address":"52:54:00:46:a3:02","mac_type":"kvm","status":"ready","updated_at":"2023-08-11T08:45:25.138089Z","zone":"fr-par-1"},"organization_id":"564aa517-68b0-4fd7-8c8c-d21c4bcdcbd5","project_id":"564aa517-68b0-4fd7-8c8c-d21c4bcdcbd5","reverse":"51-159-124-49.rev.poneytelecom.eu.","server_id":null,"status":"ready","tags":[],"updated_at":"2023-08-11T08:45:25.141125Z","zone":"fr-par-1"}'
    headers:
      Content-Length:
      - "627"
      Content-Security-Policy:
      - default-src 'none'; frame-ancestors 'none'
      Content-Type:
      - application/json
      Date:
      - Fri, 11 Aug 2023 08:45:26 GMT
      Server:
      - Scaleway API-Gateway
      Strict-Transport-Security:
      - max-age=63072000
      X-Content-Type-Options:
      - nosniff
      X-Frame-Options:
      - DENY
      X-Request-Id:
      - 811a1f93-5f9d-4faa-bb26-5ce4323a9bb1
    status: 200 OK
    code: 200
    duration: ""
- request:
    body: ""
    form: {}
    headers:
      User-Agent:
      - scaleway-sdk-go/v1.0.0-beta.7+dev (go1.20.4; darwin; amd64) terraform-provider/develop
        terraform/terraform-tests
    url: https://api.scaleway.com/flexible-ip/v1alpha1/zones/fr-par-1/fips/4e673cfd-4848-4bb6-a5f6-964af9077617
    method: GET
  response:
    body: '{"created_at":"2021-07-21T08:31:17.640527Z","description":"","id":"4e673cfd-4848-4bb6-a5f6-964af9077617","ip_address":"51.159.124.65","mac_address":null,"organization_id":"564aa517-68b0-4fd7-8c8c-d21c4bcdcbd5","project_id":"564aa517-68b0-4fd7-8c8c-d21c4bcdcbd5","reverse":"51-159-124-65.rev.poneytelecom.eu.","server_id":null,"status":"ready","tags":[],"updated_at":"2023-08-11T08:45:24.985168Z","zone":"fr-par-1"}'
    headers:
      Content-Length:
      - "414"
      Content-Security-Policy:
      - default-src 'none'; frame-ancestors 'none'
      Content-Type:
      - application/json
      Date:
      - Fri, 11 Aug 2023 08:45:26 GMT
      Server:
      - Scaleway API-Gateway
      Strict-Transport-Security:
      - max-age=63072000
      X-Content-Type-Options:
      - nosniff
      X-Frame-Options:
      - DENY
      X-Request-Id:
      - b1c78f04-5fe2-4699-bba8-f2c02cd8b9c5
    status: 200 OK
    code: 200
    duration: ""
- request:
    body: ""
    form: {}
    headers:
      User-Agent:
      - scaleway-sdk-go/v1.0.0-beta.7+dev (go1.20.4; darwin; amd64) terraform-provider/develop
        terraform/terraform-tests
    url: https://api.scaleway.com/flexible-ip/v1alpha1/zones/fr-par-1/fips/504345eb-00d7-4162-a92b-e69beb30eb5e
    method: GET
  response:
    body: '{"created_at":"2021-07-21T08:31:17.409780Z","description":"","id":"504345eb-00d7-4162-a92b-e69beb30eb5e","ip_address":"51.159.124.49","mac_address":{"created_at":"2023-08-11T08:45:25.135892Z","id":"b17beb4e-d64e-455a-b254-4c1b00621c69","mac_address":"52:54:00:46:a3:02","mac_type":"kvm","status":"ready","updated_at":"2023-08-11T08:45:25.138089Z","zone":"fr-par-1"},"organization_id":"564aa517-68b0-4fd7-8c8c-d21c4bcdcbd5","project_id":"564aa517-68b0-4fd7-8c8c-d21c4bcdcbd5","reverse":"51-159-124-49.rev.poneytelecom.eu.","server_id":null,"status":"ready","tags":[],"updated_at":"2023-08-11T08:45:25.141125Z","zone":"fr-par-1"}'
    headers:
      Content-Length:
      - "627"
      Content-Security-Policy:
      - default-src 'none'; frame-ancestors 'none'
      Content-Type:
      - application/json
      Date:
      - Fri, 11 Aug 2023 08:45:26 GMT
      Server:
      - Scaleway API-Gateway
      Strict-Transport-Security:
      - max-age=63072000
      X-Content-Type-Options:
      - nosniff
      X-Frame-Options:
      - DENY
      X-Request-Id:
      - 1fa3e1d0-f45f-4a81-a01b-eccf526740ce
    status: 200 OK
    code: 200
    duration: ""
- request:
    body: ""
    form: {}
    headers:
      User-Agent:
      - scaleway-sdk-go/v1.0.0-beta.7+dev (go1.20.4; darwin; amd64) terraform-provider/develop
        terraform/terraform-tests
    url: https://api.scaleway.com/flexible-ip/v1alpha1/zones/fr-par-1/fips/504345eb-00d7-4162-a92b-e69beb30eb5e
    method: GET
  response:
    body: '{"created_at":"2021-07-21T08:31:17.409780Z","description":"","id":"504345eb-00d7-4162-a92b-e69beb30eb5e","ip_address":"51.159.124.49","mac_address":{"created_at":"2023-08-11T08:45:25.135892Z","id":"b17beb4e-d64e-455a-b254-4c1b00621c69","mac_address":"52:54:00:46:a3:02","mac_type":"kvm","status":"ready","updated_at":"2023-08-11T08:45:25.138089Z","zone":"fr-par-1"},"organization_id":"564aa517-68b0-4fd7-8c8c-d21c4bcdcbd5","project_id":"564aa517-68b0-4fd7-8c8c-d21c4bcdcbd5","reverse":"51-159-124-49.rev.poneytelecom.eu.","server_id":null,"status":"ready","tags":[],"updated_at":"2023-08-11T08:45:25.141125Z","zone":"fr-par-1"}'
    headers:
      Content-Length:
      - "627"
      Content-Security-Policy:
      - default-src 'none'; frame-ancestors 'none'
      Content-Type:
      - application/json
      Date:
      - Fri, 11 Aug 2023 08:45:26 GMT
      Server:
      - Scaleway API-Gateway
      Strict-Transport-Security:
      - max-age=63072000
      X-Content-Type-Options:
      - nosniff
      X-Frame-Options:
      - DENY
      X-Request-Id:
      - 2bf992c7-20fd-4a6d-837a-12ba1360ed5e
    status: 200 OK
    code: 200
    duration: ""
- request:
    body: ""
    form: {}
    headers:
      User-Agent:
      - scaleway-sdk-go/v1.0.0-beta.7+dev (go1.20.4; darwin; amd64) terraform-provider/develop
        terraform/terraform-tests
    url: https://api.scaleway.com/flexible-ip/v1alpha1/zones/fr-par-1/fips/4e673cfd-4848-4bb6-a5f6-964af9077617
    method: GET
  response:
    body: '{"created_at":"2021-07-21T08:31:17.640527Z","description":"","id":"4e673cfd-4848-4bb6-a5f6-964af9077617","ip_address":"51.159.124.65","mac_address":null,"organization_id":"564aa517-68b0-4fd7-8c8c-d21c4bcdcbd5","project_id":"564aa517-68b0-4fd7-8c8c-d21c4bcdcbd5","reverse":"51-159-124-65.rev.poneytelecom.eu.","server_id":null,"status":"ready","tags":[],"updated_at":"2023-08-11T08:45:24.985168Z","zone":"fr-par-1"}'
    headers:
      Content-Length:
      - "414"
      Content-Security-Policy:
      - default-src 'none'; frame-ancestors 'none'
      Content-Type:
      - application/json
      Date:
      - Fri, 11 Aug 2023 08:45:26 GMT
      Server:
      - Scaleway API-Gateway
      Strict-Transport-Security:
      - max-age=63072000
      X-Content-Type-Options:
      - nosniff
      X-Frame-Options:
      - DENY
      X-Request-Id:
      - d4a976a6-92ab-486b-a42e-34fd0f0d092f
    status: 200 OK
    code: 200
    duration: ""
- request:
    body: '{"dst_fip_id":"4e673cfd-4848-4bb6-a5f6-964af9077617"}'
    form: {}
    headers:
      Content-Type:
      - application/json
      User-Agent:
      - scaleway-sdk-go/v1.0.0-beta.7+dev (go1.20.4; darwin; amd64) terraform-provider/develop
        terraform/terraform-tests
    url: https://api.scaleway.com/flexible-ip/v1alpha1/zones/fr-par-1/fips/504345eb-00d7-4162-a92b-e69beb30eb5e/mac/move
    method: POST
  response:
    body: '{"created_at":"2021-07-21T08:31:17.640527Z","description":"","id":"4e673cfd-4848-4bb6-a5f6-964af9077617","ip_address":"51.159.124.65","mac_address":{"created_at":"2023-08-11T08:45:25.135892Z","id":"b17beb4e-d64e-455a-b254-4c1b00621c69","mac_address":"52:54:00:46:a3:02","mac_type":"kvm","status":"ready","updated_at":"2023-08-11T08:45:26.942507354Z","zone":"fr-par-1"},"organization_id":"564aa517-68b0-4fd7-8c8c-d21c4bcdcbd5","project_id":"564aa517-68b0-4fd7-8c8c-d21c4bcdcbd5","reverse":"51-159-124-65.rev.poneytelecom.eu.","server_id":null,"status":"ready","tags":[],"updated_at":"2023-08-11T08:45:26.945563251Z","zone":"fr-par-1"}'
    headers:
      Content-Length:
      - "633"
      Content-Security-Policy:
      - default-src 'none'; frame-ancestors 'none'
      Content-Type:
      - application/json
      Date:
      - Fri, 11 Aug 2023 08:45:26 GMT
      Server:
      - Scaleway API-Gateway
      Strict-Transport-Security:
      - max-age=63072000
      X-Content-Type-Options:
      - nosniff
      X-Frame-Options:
      - DENY
      X-Request-Id:
      - 583bc46f-bca3-4790-a956-e50a7b3d7ab1
    status: 200 OK
    code: 200
    duration: ""
- request:
    body: ""
    form: {}
    headers:
      User-Agent:
      - scaleway-sdk-go/v1.0.0-beta.7+dev (go1.20.4; darwin; amd64) terraform-provider/develop
        terraform/terraform-tests
    url: https://api.scaleway.com/flexible-ip/v1alpha1/zones/fr-par-1/fips/4e673cfd-4848-4bb6-a5f6-964af9077617
    method: GET
  response:
    body: '{"created_at":"2021-07-21T08:31:17.640527Z","description":"","id":"4e673cfd-4848-4bb6-a5f6-964af9077617","ip_address":"51.159.124.65","mac_address":{"created_at":"2023-08-11T08:45:25.135892Z","id":"b17beb4e-d64e-455a-b254-4c1b00621c69","mac_address":"52:54:00:46:a3:02","mac_type":"kvm","status":"ready","updated_at":"2023-08-11T08:45:26.942507Z","zone":"fr-par-1"},"organization_id":"564aa517-68b0-4fd7-8c8c-d21c4bcdcbd5","project_id":"564aa517-68b0-4fd7-8c8c-d21c4bcdcbd5","reverse":"51-159-124-65.rev.poneytelecom.eu.","server_id":null,"status":"ready","tags":[],"updated_at":"2023-08-11T08:45:26.945563Z","zone":"fr-par-1"}'
    headers:
      Content-Length:
      - "627"
      Content-Security-Policy:
      - default-src 'none'; frame-ancestors 'none'
      Content-Type:
      - application/json
      Date:
      - Fri, 11 Aug 2023 08:45:27 GMT
      Server:
      - Scaleway API-Gateway
      Strict-Transport-Security:
      - max-age=63072000
      X-Content-Type-Options:
      - nosniff
      X-Frame-Options:
      - DENY
      X-Request-Id:
      - f70fb32f-1eaf-4d94-b20c-b0bf5615d4f6
    status: 200 OK
    code: 200
    duration: ""
- request:
    body: ""
    form: {}
    headers:
      User-Agent:
      - scaleway-sdk-go/v1.0.0-beta.7+dev (go1.20.4; darwin; amd64) terraform-provider/develop
        terraform/terraform-tests
    url: https://api.scaleway.com/flexible-ip/v1alpha1/zones/fr-par-1/fips/4e673cfd-4848-4bb6-a5f6-964af9077617
    method: GET
  response:
    body: '{"created_at":"2021-07-21T08:31:17.640527Z","description":"","id":"4e673cfd-4848-4bb6-a5f6-964af9077617","ip_address":"51.159.124.65","mac_address":{"created_at":"2023-08-11T08:45:25.135892Z","id":"b17beb4e-d64e-455a-b254-4c1b00621c69","mac_address":"52:54:00:46:a3:02","mac_type":"kvm","status":"ready","updated_at":"2023-08-11T08:45:26.942507Z","zone":"fr-par-1"},"organization_id":"564aa517-68b0-4fd7-8c8c-d21c4bcdcbd5","project_id":"564aa517-68b0-4fd7-8c8c-d21c4bcdcbd5","reverse":"51-159-124-65.rev.poneytelecom.eu.","server_id":null,"status":"ready","tags":[],"updated_at":"2023-08-11T08:45:26.945563Z","zone":"fr-par-1"}'
    headers:
      Content-Length:
      - "627"
      Content-Security-Policy:
      - default-src 'none'; frame-ancestors 'none'
      Content-Type:
      - application/json
      Date:
      - Fri, 11 Aug 2023 08:45:27 GMT
      Server:
      - Scaleway API-Gateway
      Strict-Transport-Security:
      - max-age=63072000
      X-Content-Type-Options:
      - nosniff
      X-Frame-Options:
      - DENY
      X-Request-Id:
      - 48065de5-cca8-4bc0-a5d9-8df5a4a4af2a
    status: 200 OK
    code: 200
    duration: ""
- request:
    body: ""
    form: {}
    headers:
      User-Agent:
      - scaleway-sdk-go/v1.0.0-beta.7+dev (go1.20.4; darwin; amd64) terraform-provider/develop
        terraform/terraform-tests
    url: https://api.scaleway.com/flexible-ip/v1alpha1/zones/fr-par-1/fips/4e673cfd-4848-4bb6-a5f6-964af9077617
    method: GET
  response:
    body: '{"created_at":"2021-07-21T08:31:17.640527Z","description":"","id":"4e673cfd-4848-4bb6-a5f6-964af9077617","ip_address":"51.159.124.65","mac_address":{"created_at":"2023-08-11T08:45:25.135892Z","id":"b17beb4e-d64e-455a-b254-4c1b00621c69","mac_address":"52:54:00:46:a3:02","mac_type":"kvm","status":"ready","updated_at":"2023-08-11T08:45:26.942507Z","zone":"fr-par-1"},"organization_id":"564aa517-68b0-4fd7-8c8c-d21c4bcdcbd5","project_id":"564aa517-68b0-4fd7-8c8c-d21c4bcdcbd5","reverse":"51-159-124-65.rev.poneytelecom.eu.","server_id":null,"status":"ready","tags":[],"updated_at":"2023-08-11T08:45:26.945563Z","zone":"fr-par-1"}'
    headers:
      Content-Length:
      - "627"
      Content-Security-Policy:
      - default-src 'none'; frame-ancestors 'none'
      Content-Type:
      - application/json
      Date:
      - Fri, 11 Aug 2023 08:45:27 GMT
      Server:
      - Scaleway API-Gateway
      Strict-Transport-Security:
      - max-age=63072000
      X-Content-Type-Options:
      - nosniff
      X-Frame-Options:
      - DENY
      X-Request-Id:
      - 42888920-a8f7-4413-82b9-299717e795bb
    status: 200 OK
    code: 200
    duration: ""
- request:
    body: ""
    form: {}
    headers:
      User-Agent:
      - scaleway-sdk-go/v1.0.0-beta.7+dev (go1.20.4; darwin; amd64) terraform-provider/develop
        terraform/terraform-tests
    url: https://api.scaleway.com/flexible-ip/v1alpha1/zones/fr-par-1/fips/504345eb-00d7-4162-a92b-e69beb30eb5e
    method: GET
  response:
    body: '{"created_at":"2021-07-21T08:31:17.409780Z","description":"","id":"504345eb-00d7-4162-a92b-e69beb30eb5e","ip_address":"51.159.124.49","mac_address":null,"organization_id":"564aa517-68b0-4fd7-8c8c-d21c4bcdcbd5","project_id":"564aa517-68b0-4fd7-8c8c-d21c4bcdcbd5","reverse":"51-159-124-49.rev.poneytelecom.eu.","server_id":null,"status":"ready","tags":[],"updated_at":"2023-08-11T08:45:25.141125Z","zone":"fr-par-1"}'
    headers:
      Content-Length:
      - "414"
      Content-Security-Policy:
      - default-src 'none'; frame-ancestors 'none'
      Content-Type:
      - application/json
      Date:
      - Fri, 11 Aug 2023 08:45:27 GMT
      Server:
      - Scaleway API-Gateway
      Strict-Transport-Security:
      - max-age=63072000
      X-Content-Type-Options:
      - nosniff
      X-Frame-Options:
      - DENY
      X-Request-Id:
      - 62c9b86c-9f34-4b72-8e1c-f88392d09b7b
    status: 200 OK
    code: 200
    duration: ""
- request:
    body: ""
    form: {}
    headers:
      User-Agent:
      - scaleway-sdk-go/v1.0.0-beta.7+dev (go1.20.4; darwin; amd64) terraform-provider/develop
        terraform/terraform-tests
    url: https://api.scaleway.com/flexible-ip/v1alpha1/zones/fr-par-1/fips/4e673cfd-4848-4bb6-a5f6-964af9077617
    method: GET
  response:
    body: '{"created_at":"2021-07-21T08:31:17.640527Z","description":"","id":"4e673cfd-4848-4bb6-a5f6-964af9077617","ip_address":"51.159.124.65","mac_address":{"created_at":"2023-08-11T08:45:25.135892Z","id":"b17beb4e-d64e-455a-b254-4c1b00621c69","mac_address":"52:54:00:46:a3:02","mac_type":"kvm","status":"ready","updated_at":"2023-08-11T08:45:26.942507Z","zone":"fr-par-1"},"organization_id":"564aa517-68b0-4fd7-8c8c-d21c4bcdcbd5","project_id":"564aa517-68b0-4fd7-8c8c-d21c4bcdcbd5","reverse":"51-159-124-65.rev.poneytelecom.eu.","server_id":null,"status":"ready","tags":[],"updated_at":"2023-08-11T08:45:26.945563Z","zone":"fr-par-1"}'
    headers:
      Content-Length:
      - "627"
      Content-Security-Policy:
      - default-src 'none'; frame-ancestors 'none'
      Content-Type:
      - application/json
      Date:
      - Fri, 11 Aug 2023 08:45:27 GMT
      Server:
      - Scaleway API-Gateway
      Strict-Transport-Security:
      - max-age=63072000
      X-Content-Type-Options:
      - nosniff
      X-Frame-Options:
      - DENY
      X-Request-Id:
      - 9e18b1dd-b1db-4e17-93f7-d621c3bdc970
    status: 200 OK
    code: 200
    duration: ""
- request:
    body: ""
    form: {}
    headers:
      User-Agent:
      - scaleway-sdk-go/v1.0.0-beta.7+dev (go1.20.4; darwin; amd64) terraform-provider/develop
        terraform/terraform-tests
    url: https://api.scaleway.com/flexible-ip/v1alpha1/zones/fr-par-1/fips/4e673cfd-4848-4bb6-a5f6-964af9077617
    method: GET
  response:
    body: '{"created_at":"2021-07-21T08:31:17.640527Z","description":"","id":"4e673cfd-4848-4bb6-a5f6-964af9077617","ip_address":"51.159.124.65","mac_address":{"created_at":"2023-08-11T08:45:25.135892Z","id":"b17beb4e-d64e-455a-b254-4c1b00621c69","mac_address":"52:54:00:46:a3:02","mac_type":"kvm","status":"ready","updated_at":"2023-08-11T08:45:26.942507Z","zone":"fr-par-1"},"organization_id":"564aa517-68b0-4fd7-8c8c-d21c4bcdcbd5","project_id":"564aa517-68b0-4fd7-8c8c-d21c4bcdcbd5","reverse":"51-159-124-65.rev.poneytelecom.eu.","server_id":null,"status":"ready","tags":[],"updated_at":"2023-08-11T08:45:26.945563Z","zone":"fr-par-1"}'
    headers:
      Content-Length:
      - "627"
      Content-Security-Policy:
      - default-src 'none'; frame-ancestors 'none'
      Content-Type:
      - application/json
      Date:
      - Fri, 11 Aug 2023 08:45:27 GMT
      Server:
      - Scaleway API-Gateway
      Strict-Transport-Security:
      - max-age=63072000
      X-Content-Type-Options:
      - nosniff
      X-Frame-Options:
      - DENY
      X-Request-Id:
      - 6716f537-66f8-43d1-9e16-1533e2b59588
    status: 200 OK
    code: 200
    duration: ""
- request:
    body: ""
    form: {}
    headers:
      User-Agent:
      - scaleway-sdk-go/v1.0.0-beta.7+dev (go1.20.4; darwin; amd64) terraform-provider/develop
        terraform/terraform-tests
    url: https://api.scaleway.com/flexible-ip/v1alpha1/zones/fr-par-1/fips/504345eb-00d7-4162-a92b-e69beb30eb5e
    method: GET
  response:
    body: '{"created_at":"2021-07-21T08:31:17.409780Z","description":"","id":"504345eb-00d7-4162-a92b-e69beb30eb5e","ip_address":"51.159.124.49","mac_address":null,"organization_id":"564aa517-68b0-4fd7-8c8c-d21c4bcdcbd5","project_id":"564aa517-68b0-4fd7-8c8c-d21c4bcdcbd5","reverse":"51-159-124-49.rev.poneytelecom.eu.","server_id":null,"status":"ready","tags":[],"updated_at":"2023-08-11T08:45:25.141125Z","zone":"fr-par-1"}'
    headers:
      Content-Length:
      - "414"
      Content-Security-Policy:
      - default-src 'none'; frame-ancestors 'none'
      Content-Type:
      - application/json
      Date:
      - Fri, 11 Aug 2023 08:45:27 GMT
      Server:
      - Scaleway API-Gateway
      Strict-Transport-Security:
      - max-age=63072000
      X-Content-Type-Options:
      - nosniff
      X-Frame-Options:
      - DENY
      X-Request-Id:
      - fda13522-eb80-4fb8-ad98-6948643702af
    status: 200 OK
    code: 200
    duration: ""
- request:
    body: ""
    form: {}
    headers:
      User-Agent:
      - scaleway-sdk-go/v1.0.0-beta.7+dev (go1.20.4; darwin; amd64) terraform-provider/develop
        terraform/terraform-tests
    url: https://api.scaleway.com/flexible-ip/v1alpha1/zones/fr-par-1/fips/4e673cfd-4848-4bb6-a5f6-964af9077617
    method: GET
  response:
    body: '{"created_at":"2021-07-21T08:31:17.640527Z","description":"","id":"4e673cfd-4848-4bb6-a5f6-964af9077617","ip_address":"51.159.124.65","mac_address":{"created_at":"2023-08-11T08:45:25.135892Z","id":"b17beb4e-d64e-455a-b254-4c1b00621c69","mac_address":"52:54:00:46:a3:02","mac_type":"kvm","status":"ready","updated_at":"2023-08-11T08:45:26.942507Z","zone":"fr-par-1"},"organization_id":"564aa517-68b0-4fd7-8c8c-d21c4bcdcbd5","project_id":"564aa517-68b0-4fd7-8c8c-d21c4bcdcbd5","reverse":"51-159-124-65.rev.poneytelecom.eu.","server_id":null,"status":"ready","tags":[],"updated_at":"2023-08-11T08:45:26.945563Z","zone":"fr-par-1"}'
    headers:
      Content-Length:
      - "627"
      Content-Security-Policy:
      - default-src 'none'; frame-ancestors 'none'
      Content-Type:
      - application/json
      Date:
      - Fri, 11 Aug 2023 08:45:27 GMT
      Server:
      - Scaleway API-Gateway
      Strict-Transport-Security:
      - max-age=63072000
      X-Content-Type-Options:
      - nosniff
      X-Frame-Options:
      - DENY
      X-Request-Id:
      - 4815032e-44a0-49c2-9cdd-61c8eb28d677
    status: 200 OK
    code: 200
    duration: ""
- request:
    body: ""
    form: {}
    headers:
      User-Agent:
      - scaleway-sdk-go/v1.0.0-beta.7+dev (go1.20.4; darwin; amd64) terraform-provider/develop
        terraform/terraform-tests
    url: https://api.scaleway.com/flexible-ip/v1alpha1/zones/fr-par-1/fips/504345eb-00d7-4162-a92b-e69beb30eb5e
    method: GET
  response:
    body: '{"created_at":"2021-07-21T08:31:17.409780Z","description":"","id":"504345eb-00d7-4162-a92b-e69beb30eb5e","ip_address":"51.159.124.49","mac_address":null,"organization_id":"564aa517-68b0-4fd7-8c8c-d21c4bcdcbd5","project_id":"564aa517-68b0-4fd7-8c8c-d21c4bcdcbd5","reverse":"51-159-124-49.rev.poneytelecom.eu.","server_id":null,"status":"ready","tags":[],"updated_at":"2023-08-11T08:45:25.141125Z","zone":"fr-par-1"}'
    headers:
      Content-Length:
      - "414"
      Content-Security-Policy:
      - default-src 'none'; frame-ancestors 'none'
      Content-Type:
      - application/json
      Date:
      - Fri, 11 Aug 2023 08:45:27 GMT
      Server:
      - Scaleway API-Gateway
      Strict-Transport-Security:
      - max-age=63072000
      X-Content-Type-Options:
      - nosniff
      X-Frame-Options:
      - DENY
      X-Request-Id:
      - 0d722f54-7da0-4e91-b216-2548dbb7372f
    status: 200 OK
    code: 200
    duration: ""
- request:
    body: ""
    form: {}
    headers:
      User-Agent:
      - scaleway-sdk-go/v1.0.0-beta.7+dev (go1.20.4; darwin; amd64) terraform-provider/develop
        terraform/terraform-tests
    url: https://api.scaleway.com/flexible-ip/v1alpha1/zones/fr-par-1/fips/4e673cfd-4848-4bb6-a5f6-964af9077617
    method: GET
  response:
    body: '{"created_at":"2021-07-21T08:31:17.640527Z","description":"","id":"4e673cfd-4848-4bb6-a5f6-964af9077617","ip_address":"51.159.124.65","mac_address":{"created_at":"2023-08-11T08:45:25.135892Z","id":"b17beb4e-d64e-455a-b254-4c1b00621c69","mac_address":"52:54:00:46:a3:02","mac_type":"kvm","status":"ready","updated_at":"2023-08-11T08:45:26.942507Z","zone":"fr-par-1"},"organization_id":"564aa517-68b0-4fd7-8c8c-d21c4bcdcbd5","project_id":"564aa517-68b0-4fd7-8c8c-d21c4bcdcbd5","reverse":"51-159-124-65.rev.poneytelecom.eu.","server_id":null,"status":"ready","tags":[],"updated_at":"2023-08-11T08:45:26.945563Z","zone":"fr-par-1"}'
    headers:
      Content-Length:
      - "627"
      Content-Security-Policy:
      - default-src 'none'; frame-ancestors 'none'
      Content-Type:
      - application/json
      Date:
      - Fri, 11 Aug 2023 08:45:27 GMT
      Server:
      - Scaleway API-Gateway
      Strict-Transport-Security:
      - max-age=63072000
      X-Content-Type-Options:
      - nosniff
      X-Frame-Options:
      - DENY
      X-Request-Id:
      - 421af166-8aa3-4c4c-99b2-89aa183d825d
    status: 200 OK
    code: 200
    duration: ""
- request:
    body: ""
    form: {}
    headers:
      User-Agent:
      - scaleway-sdk-go/v1.0.0-beta.7+dev (go1.20.4; darwin; amd64) terraform-provider/develop
        terraform/terraform-tests
    url: https://api.scaleway.com/flexible-ip/v1alpha1/zones/fr-par-1/fips/4e673cfd-4848-4bb6-a5f6-964af9077617
    method: GET
  response:
    body: '{"created_at":"2021-07-21T08:31:17.640527Z","description":"","id":"4e673cfd-4848-4bb6-a5f6-964af9077617","ip_address":"51.159.124.65","mac_address":{"created_at":"2023-08-11T08:45:25.135892Z","id":"b17beb4e-d64e-455a-b254-4c1b00621c69","mac_address":"52:54:00:46:a3:02","mac_type":"kvm","status":"ready","updated_at":"2023-08-11T08:45:26.942507Z","zone":"fr-par-1"},"organization_id":"564aa517-68b0-4fd7-8c8c-d21c4bcdcbd5","project_id":"564aa517-68b0-4fd7-8c8c-d21c4bcdcbd5","reverse":"51-159-124-65.rev.poneytelecom.eu.","server_id":null,"status":"ready","tags":[],"updated_at":"2023-08-11T08:45:26.945563Z","zone":"fr-par-1"}'
    headers:
      Content-Length:
      - "627"
      Content-Security-Policy:
      - default-src 'none'; frame-ancestors 'none'
      Content-Type:
      - application/json
      Date:
      - Fri, 11 Aug 2023 08:45:27 GMT
      Server:
      - Scaleway API-Gateway
      Strict-Transport-Security:
      - max-age=63072000
      X-Content-Type-Options:
      - nosniff
      X-Frame-Options:
      - DENY
      X-Request-Id:
      - 499ecdaf-6b3d-4df3-8af6-8b699e67b541
    status: 200 OK
    code: 200
    duration: ""
- request:
    body: ""
    form: {}
    headers:
      User-Agent:
      - scaleway-sdk-go/v1.0.0-beta.7+dev (go1.20.4; darwin; amd64) terraform-provider/develop
        terraform/terraform-tests
    url: https://api.scaleway.com/flexible-ip/v1alpha1/zones/fr-par-1/fips/504345eb-00d7-4162-a92b-e69beb30eb5e
    method: GET
  response:
    body: '{"created_at":"2021-07-21T08:31:17.409780Z","description":"","id":"504345eb-00d7-4162-a92b-e69beb30eb5e","ip_address":"51.159.124.49","mac_address":null,"organization_id":"564aa517-68b0-4fd7-8c8c-d21c4bcdcbd5","project_id":"564aa517-68b0-4fd7-8c8c-d21c4bcdcbd5","reverse":"51-159-124-49.rev.poneytelecom.eu.","server_id":null,"status":"ready","tags":[],"updated_at":"2023-08-11T08:45:25.141125Z","zone":"fr-par-1"}'
    headers:
      Content-Length:
      - "414"
      Content-Security-Policy:
      - default-src 'none'; frame-ancestors 'none'
      Content-Type:
      - application/json
      Date:
      - Fri, 11 Aug 2023 08:45:28 GMT
      Server:
      - Scaleway API-Gateway
      Strict-Transport-Security:
      - max-age=63072000
      X-Content-Type-Options:
      - nosniff
      X-Frame-Options:
      - DENY
      X-Request-Id:
      - 27bc2211-f140-4ad4-a581-0ccaa3c6b38d
    status: 200 OK
    code: 200
    duration: ""
- request:
    body: ""
    form: {}
    headers:
      User-Agent:
      - scaleway-sdk-go/v1.0.0-beta.7+dev (go1.20.4; darwin; amd64) terraform-provider/develop
        terraform/terraform-tests
    url: https://api.scaleway.com/flexible-ip/v1alpha1/zones/fr-par-1/fips/4e673cfd-4848-4bb6-a5f6-964af9077617
    method: GET
  response:
    body: '{"created_at":"2021-07-21T08:31:17.640527Z","description":"","id":"4e673cfd-4848-4bb6-a5f6-964af9077617","ip_address":"51.159.124.65","mac_address":{"created_at":"2023-08-11T08:45:25.135892Z","id":"b17beb4e-d64e-455a-b254-4c1b00621c69","mac_address":"52:54:00:46:a3:02","mac_type":"kvm","status":"ready","updated_at":"2023-08-11T08:45:26.942507Z","zone":"fr-par-1"},"organization_id":"564aa517-68b0-4fd7-8c8c-d21c4bcdcbd5","project_id":"564aa517-68b0-4fd7-8c8c-d21c4bcdcbd5","reverse":"51-159-124-65.rev.poneytelecom.eu.","server_id":null,"status":"ready","tags":[],"updated_at":"2023-08-11T08:45:26.945563Z","zone":"fr-par-1"}'
    headers:
      Content-Length:
      - "627"
      Content-Security-Policy:
      - default-src 'none'; frame-ancestors 'none'
      Content-Type:
      - application/json
      Date:
      - Fri, 11 Aug 2023 08:45:28 GMT
      Server:
      - Scaleway API-Gateway
      Strict-Transport-Security:
      - max-age=63072000
      X-Content-Type-Options:
      - nosniff
      X-Frame-Options:
      - DENY
      X-Request-Id:
      - 0b87f139-17f1-4949-bf15-0060a4725742
    status: 200 OK
    code: 200
    duration: ""
- request:
    body: ""
    form: {}
    headers:
      User-Agent:
      - scaleway-sdk-go/v1.0.0-beta.7+dev (go1.20.4; darwin; amd64) terraform-provider/develop
        terraform/terraform-tests
    url: https://api.scaleway.com/flexible-ip/v1alpha1/zones/fr-par-1/fips/b17beb4e-d64e-455a-b254-4c1b00621c69/mac
    method: DELETE
  response:
    body: '{"message":"resource is not found","resource":"flexible_ips","resource_id":"b17beb4e-d64e-455a-b254-4c1b00621c69","type":"not_found"}'
    headers:
      Content-Length:
      - "133"
      Content-Security-Policy:
      - default-src 'none'; frame-ancestors 'none'
      Content-Type:
      - application/json
      Date:
      - Fri, 11 Aug 2023 08:45:28 GMT
      Server:
      - Scaleway API-Gateway
      Strict-Transport-Security:
      - max-age=63072000
      X-Content-Type-Options:
      - nosniff
      X-Frame-Options:
      - DENY
      X-Request-Id:
      - 22e5414f-67e0-43fd-9521-771fc1e2e244
    status: 404 Not Found
    code: 404
    duration: ""
- request:
    body: ""
    form: {}
    headers:
      User-Agent:
      - scaleway-sdk-go/v1.0.0-beta.7+dev (go1.20.4; darwin; amd64) terraform-provider/develop
        terraform/terraform-tests
    url: https://api.scaleway.com/flexible-ip/v1alpha1/zones/fr-par-1/fips/4e673cfd-4848-4bb6-a5f6-964af9077617
    method: GET
  response:
    body: '{"created_at":"2021-07-21T08:31:17.640527Z","description":"","id":"4e673cfd-4848-4bb6-a5f6-964af9077617","ip_address":"51.159.124.65","mac_address":{"created_at":"2023-08-11T08:45:25.135892Z","id":"b17beb4e-d64e-455a-b254-4c1b00621c69","mac_address":"52:54:00:46:a3:02","mac_type":"kvm","status":"ready","updated_at":"2023-08-11T08:45:26.942507Z","zone":"fr-par-1"},"organization_id":"564aa517-68b0-4fd7-8c8c-d21c4bcdcbd5","project_id":"564aa517-68b0-4fd7-8c8c-d21c4bcdcbd5","reverse":"51-159-124-65.rev.poneytelecom.eu.","server_id":null,"status":"ready","tags":[],"updated_at":"2023-08-11T08:45:26.945563Z","zone":"fr-par-1"}'
    headers:
      Content-Length:
      - "627"
      Content-Security-Policy:
      - default-src 'none'; frame-ancestors 'none'
      Content-Type:
      - application/json
      Date:
      - Fri, 11 Aug 2023 08:45:28 GMT
      Server:
      - Scaleway API-Gateway
      Strict-Transport-Security:
      - max-age=63072000
      X-Content-Type-Options:
      - nosniff
      X-Frame-Options:
      - DENY
      X-Request-Id:
      - ff601e21-f226-4c96-9bc4-ab529df77ef1
    status: 200 OK
    code: 200
    duration: ""
- request:
    body: ""
    form: {}
    headers:
      User-Agent:
      - scaleway-sdk-go/v1.0.0-beta.7+dev (go1.20.4; darwin; amd64) terraform-provider/develop
        terraform/terraform-tests
    url: https://api.scaleway.com/flexible-ip/v1alpha1/zones/fr-par-1/fips/504345eb-00d7-4162-a92b-e69beb30eb5e
    method: DELETE
  response:
    body: ""
    headers:
      Content-Security-Policy:
      - default-src 'none'; frame-ancestors 'none'
      Content-Type:
      - application/json
      Date:
      - Fri, 11 Aug 2023 08:45:28 GMT
      Server:
      - Scaleway API-Gateway
      Strict-Transport-Security:
      - max-age=63072000
      X-Content-Type-Options:
      - nosniff
      X-Frame-Options:
      - DENY
      X-Request-Id:
      - f1f80d1c-5af8-481c-9b6e-d5606b2fab9e
    status: 204 No Content
    code: 204
    duration: ""
- request:
    body: ""
    form: {}
    headers:
      User-Agent:
      - scaleway-sdk-go/v1.0.0-beta.7+dev (go1.20.4; darwin; amd64) terraform-provider/develop
        terraform/terraform-tests
    url: https://api.scaleway.com/flexible-ip/v1alpha1/zones/fr-par-1/fips/504345eb-00d7-4162-a92b-e69beb30eb5e
    method: GET
  response:
    body: '{"details":[{"action":"read","resource":"flexible-ip"}],"message":"insufficient
      permissions","type":"permissions_denied"}'
    headers:
      Content-Length:
      - "121"
      Content-Security-Policy:
      - default-src 'none'; frame-ancestors 'none'
      Content-Type:
      - application/json
      Date:
      - Fri, 11 Aug 2023 08:45:28 GMT
      Server:
      - Scaleway API-Gateway
      Strict-Transport-Security:
      - max-age=63072000
      X-Content-Type-Options:
      - nosniff
      X-Frame-Options:
      - DENY
      X-Request-Id:
      - 392efd6f-e1cc-4283-9233-6d065057e099
    status: 403 Forbidden
    code: 403
    duration: ""
- request:
    body: ""
    form: {}
    headers:
      User-Agent:
      - scaleway-sdk-go/v1.0.0-beta.7+dev (go1.20.4; darwin; amd64) terraform-provider/develop
        terraform/terraform-tests
    url: https://api.scaleway.com/flexible-ip/v1alpha1/zones/fr-par-1/fips/4e673cfd-4848-4bb6-a5f6-964af9077617
    method: GET
  response:
    body: '{"created_at":"2021-07-21T08:31:17.640527Z","description":"","id":"4e673cfd-4848-4bb6-a5f6-964af9077617","ip_address":"51.159.124.65","mac_address":{"created_at":"2023-08-11T08:45:25.135892Z","id":"b17beb4e-d64e-455a-b254-4c1b00621c69","mac_address":"52:54:00:46:a3:02","mac_type":"kvm","status":"ready","updated_at":"2023-08-11T08:45:26.942507Z","zone":"fr-par-1"},"organization_id":"564aa517-68b0-4fd7-8c8c-d21c4bcdcbd5","project_id":"564aa517-68b0-4fd7-8c8c-d21c4bcdcbd5","reverse":"51-159-124-65.rev.poneytelecom.eu.","server_id":null,"status":"ready","tags":[],"updated_at":"2023-08-11T08:45:26.945563Z","zone":"fr-par-1"}'
    headers:
      Content-Length:
      - "627"
      Content-Security-Policy:
      - default-src 'none'; frame-ancestors 'none'
      Content-Type:
      - application/json
      Date:
      - Fri, 11 Aug 2023 08:45:28 GMT
      Server:
      - Scaleway API-Gateway
      Strict-Transport-Security:
      - max-age=63072000
      X-Content-Type-Options:
      - nosniff
      X-Frame-Options:
      - DENY
      X-Request-Id:
      - fb07e0cd-9b0e-4fa7-95c2-ddd71ec8fe1d
    status: 200 OK
    code: 200
    duration: ""
- request:
    body: ""
    form: {}
    headers:
      User-Agent:
      - scaleway-sdk-go/v1.0.0-beta.7+dev (go1.20.4; darwin; amd64) terraform-provider/develop
        terraform/terraform-tests
    url: https://api.scaleway.com/flexible-ip/v1alpha1/zones/fr-par-1/fips/4e673cfd-4848-4bb6-a5f6-964af9077617
    method: DELETE
  response:
    body: ""
    headers:
      Content-Security-Policy:
      - default-src 'none'; frame-ancestors 'none'
      Content-Type:
      - application/json
      Date:
      - Fri, 11 Aug 2023 08:45:28 GMT
      Server:
      - Scaleway API-Gateway
      Strict-Transport-Security:
      - max-age=63072000
      X-Content-Type-Options:
      - nosniff
      X-Frame-Options:
      - DENY
      X-Request-Id:
      - c79676c9-26fc-4e20-822f-e60c3dec1632
    status: 204 No Content
    code: 204
    duration: ""
- request:
    body: ""
    form: {}
    headers:
      User-Agent:
      - scaleway-sdk-go/v1.0.0-beta.7+dev (go1.20.4; darwin; amd64) terraform-provider/develop
        terraform/terraform-tests
    url: https://api.scaleway.com/flexible-ip/v1alpha1/zones/fr-par-1/fips/4e673cfd-4848-4bb6-a5f6-964af9077617
    method: GET
  response:
    body: '{"details":[{"action":"read","resource":"flexible-ip"}],"message":"insufficient
      permissions","type":"permissions_denied"}'
    headers:
      Content-Length:
      - "121"
      Content-Security-Policy:
      - default-src 'none'; frame-ancestors 'none'
      Content-Type:
      - application/json
      Date:
      - Fri, 11 Aug 2023 08:45:28 GMT
      Server:
      - Scaleway API-Gateway
      Strict-Transport-Security:
      - max-age=63072000
      X-Content-Type-Options:
      - nosniff
      X-Frame-Options:
      - DENY
      X-Request-Id:
      - d6381020-f542-4854-9c4a-6a934a4dae60
    status: 403 Forbidden
    code: 403
    duration: ""
- request:
    body: ""
    form: {}
    headers:
      User-Agent:
      - scaleway-sdk-go/v1.0.0-beta.7+dev (go1.20.4; darwin; amd64) terraform-provider/develop
        terraform/terraform-tests
    url: https://api.scaleway.com/flexible-ip/v1alpha1/zones/fr-par-1/fips/504345eb-00d7-4162-a92b-e69beb30eb5e
    method: GET
  response:
    body: '{"details":[{"action":"read","resource":"flexible-ip"}],"message":"insufficient
      permissions","type":"permissions_denied"}'
    headers:
      Content-Length:
      - "121"
      Content-Security-Policy:
      - default-src 'none'; frame-ancestors 'none'
      Content-Type:
      - application/json
      Date:
      - Fri, 11 Aug 2023 08:45:28 GMT
      Server:
      - Scaleway API-Gateway
      Strict-Transport-Security:
      - max-age=63072000
      X-Content-Type-Options:
      - nosniff
      X-Frame-Options:
      - DENY
      X-Request-Id:
      - 0244d7e8-42b4-44ee-87af-239d0445f502
    status: 403 Forbidden
    code: 403
    duration: ""
- request:
    body: ""
    form: {}
    headers:
      User-Agent:
      - scaleway-sdk-go/v1.0.0-beta.7+dev (go1.20.4; darwin; amd64) terraform-provider/develop
        terraform/terraform-tests
    url: https://api.scaleway.com/flexible-ip/v1alpha1/zones/fr-par-1/fips/4e673cfd-4848-4bb6-a5f6-964af9077617
    method: GET
  response:
    body: '{"details":[{"action":"read","resource":"flexible-ip"}],"message":"insufficient
      permissions","type":"permissions_denied"}'
    headers:
      Content-Length:
      - "121"
      Content-Security-Policy:
      - default-src 'none'; frame-ancestors 'none'
      Content-Type:
      - application/json
      Date:
      - Fri, 11 Aug 2023 08:45:28 GMT
      Server:
      - Scaleway API-Gateway
      Strict-Transport-Security:
      - max-age=63072000
      X-Content-Type-Options:
      - nosniff
      X-Frame-Options:
      - DENY
      X-Request-Id:
      - 109e5f6b-a925-481e-a837-c9f22eb8bcc7
    status: 403 Forbidden
    code: 403
    duration: ""
