---
version: 1
interactions:
- request:
    body: '{"name":"tf-func--competent-payne","environment_variables":{},"project_id":"ee7bd9e1-9cbd-4724-b2f4-19e50f3cf38b","description":null,"secret_environment_variables":null}'
    form: {}
    headers:
      Content-Type:
      - application/json
      User-Agent:
      - scaleway-sdk-go/v1.0.0-beta.7+dev (go1.18.2; linux; amd64) terraform-provider/develop
        terraform/terraform-tests
    url: https://api.scaleway.com/functions/v1beta1/regions/fr-par/namespaces
    method: POST
  response:
    body: '{"id":"820fcb27-7f69-49d2-a8f6-afa01f7800e8","name":"tf-func--competent-payne","environment_variables":{},"organization_id":"ee7bd9e1-9cbd-4724-b2f4-19e50f3cf38b","project_id":"ee7bd9e1-9cbd-4724-b2f4-19e50f3cf38b","status":"pending","registry_namespace_id":"","error_message":null,"registry_endpoint":"","description":"","secret_environment_variables":[],"region":"fr-par"}'
    headers:
      Content-Length:
      - "374"
      Content-Security-Policy:
      - default-src 'none'; frame-ancestors 'none'
      Content-Type:
      - application/json
      Date:
      - Tue, 14 Jun 2022 14:23:21 GMT
      Server:
      - Scaleway API-Gateway
      Strict-Transport-Security:
      - max-age=63072000
      X-Content-Type-Options:
      - nosniff
      X-Frame-Options:
      - DENY
      X-Request-Id:
      - 0da4b341-f8eb-4484-bbf4-63b2212f24a9
    status: 200 OK
    code: 200
    duration: ""
- request:
    body: ""
    form: {}
    headers:
      User-Agent:
      - scaleway-sdk-go/v1.0.0-beta.7+dev (go1.18.2; linux; amd64) terraform-provider/develop
        terraform/terraform-tests
    url: https://api.scaleway.com/functions/v1beta1/regions/fr-par/namespaces/820fcb27-7f69-49d2-a8f6-afa01f7800e8
    method: GET
  response:
    body: '{"id":"820fcb27-7f69-49d2-a8f6-afa01f7800e8","name":"tf-func--competent-payne","environment_variables":{},"organization_id":"ee7bd9e1-9cbd-4724-b2f4-19e50f3cf38b","project_id":"ee7bd9e1-9cbd-4724-b2f4-19e50f3cf38b","status":"pending","registry_namespace_id":"","error_message":null,"registry_endpoint":"","description":"","secret_environment_variables":[],"region":"fr-par"}'
    headers:
      Content-Length:
      - "374"
      Content-Security-Policy:
      - default-src 'none'; frame-ancestors 'none'
      Content-Type:
      - application/json
      Date:
      - Tue, 14 Jun 2022 14:23:22 GMT
      Server:
      - Scaleway API-Gateway
      Strict-Transport-Security:
      - max-age=63072000
      X-Content-Type-Options:
      - nosniff
      X-Frame-Options:
      - DENY
      X-Request-Id:
      - e9eb5140-bea1-48e9-bdf6-603e49da6544
    status: 200 OK
    code: 200
    duration: ""
- request:
    body: ""
    form: {}
    headers:
      User-Agent:
      - scaleway-sdk-go/v1.0.0-beta.7+dev (go1.18.2; linux; amd64) terraform-provider/develop
        terraform/terraform-tests
    url: https://api.scaleway.com/functions/v1beta1/regions/fr-par/namespaces/820fcb27-7f69-49d2-a8f6-afa01f7800e8
    method: GET
  response:
    body: '{"id":"820fcb27-7f69-49d2-a8f6-afa01f7800e8","name":"tf-func--competent-payne","environment_variables":{},"organization_id":"ee7bd9e1-9cbd-4724-b2f4-19e50f3cf38b","project_id":"ee7bd9e1-9cbd-4724-b2f4-19e50f3cf38b","status":"pending","registry_namespace_id":"","error_message":null,"registry_endpoint":"","description":"","secret_environment_variables":[],"region":"fr-par"}'
    headers:
      Content-Length:
      - "374"
      Content-Security-Policy:
      - default-src 'none'; frame-ancestors 'none'
      Content-Type:
      - application/json
      Date:
      - Tue, 14 Jun 2022 14:23:27 GMT
      Server:
      - Scaleway API-Gateway
      Strict-Transport-Security:
      - max-age=63072000
      X-Content-Type-Options:
      - nosniff
      X-Frame-Options:
      - DENY
      X-Request-Id:
      - 29314ea8-093f-4b26-8212-7ba3afa5997e
    status: 200 OK
    code: 200
    duration: ""
- request:
    body: ""
    form: {}
    headers:
      User-Agent:
      - scaleway-sdk-go/v1.0.0-beta.7+dev (go1.18.2; linux; amd64) terraform-provider/develop
        terraform/terraform-tests
    url: https://api.scaleway.com/functions/v1beta1/regions/fr-par/namespaces/820fcb27-7f69-49d2-a8f6-afa01f7800e8
    method: GET
  response:
    body: '{"id":"820fcb27-7f69-49d2-a8f6-afa01f7800e8","name":"tf-func--competent-payne","environment_variables":{},"organization_id":"ee7bd9e1-9cbd-4724-b2f4-19e50f3cf38b","project_id":"ee7bd9e1-9cbd-4724-b2f4-19e50f3cf38b","status":"pending","registry_namespace_id":"","error_message":null,"registry_endpoint":"","description":"","secret_environment_variables":[],"region":"fr-par"}'
    headers:
      Content-Length:
      - "374"
      Content-Security-Policy:
      - default-src 'none'; frame-ancestors 'none'
      Content-Type:
      - application/json
      Date:
      - Tue, 14 Jun 2022 14:23:32 GMT
      Server:
      - Scaleway API-Gateway
      Strict-Transport-Security:
      - max-age=63072000
      X-Content-Type-Options:
      - nosniff
      X-Frame-Options:
      - DENY
      X-Request-Id:
      - 5d9a108e-3019-4faf-a4ff-eebce73fb7eb
    status: 200 OK
    code: 200
    duration: ""
- request:
    body: ""
    form: {}
    headers:
      User-Agent:
      - scaleway-sdk-go/v1.0.0-beta.7+dev (go1.18.2; linux; amd64) terraform-provider/develop
        terraform/terraform-tests
    url: https://api.scaleway.com/functions/v1beta1/regions/fr-par/namespaces/820fcb27-7f69-49d2-a8f6-afa01f7800e8
    method: GET
  response:
    body: '{"id":"820fcb27-7f69-49d2-a8f6-afa01f7800e8","name":"tf-func--competent-payne","environment_variables":{},"organization_id":"ee7bd9e1-9cbd-4724-b2f4-19e50f3cf38b","project_id":"ee7bd9e1-9cbd-4724-b2f4-19e50f3cf38b","status":"ready","registry_namespace_id":"238067f6-578d-4758-a53d-802906998a7a","error_message":null,"registry_endpoint":"rg.fr-par.scw.cloud/funcscwtffunccompetentpayne7umwgw9k","description":"","secret_environment_variables":[],"region":"fr-par"}'
    headers:
      Content-Length:
      - "463"
      Content-Security-Policy:
      - default-src 'none'; frame-ancestors 'none'
      Content-Type:
      - application/json
      Date:
      - Tue, 14 Jun 2022 14:23:37 GMT
      Server:
      - Scaleway API-Gateway
      Strict-Transport-Security:
      - max-age=63072000
      X-Content-Type-Options:
      - nosniff
      X-Frame-Options:
      - DENY
      X-Request-Id:
      - 13300ea4-4d2b-44f3-bb5d-202d70ab0b5d
    status: 200 OK
    code: 200
    duration: ""
- request:
    body: ""
    form: {}
    headers:
      User-Agent:
      - scaleway-sdk-go/v1.0.0-beta.7+dev (go1.18.2; linux; amd64) terraform-provider/develop
        terraform/terraform-tests
    url: https://api.scaleway.com/functions/v1beta1/regions/fr-par/namespaces/820fcb27-7f69-49d2-a8f6-afa01f7800e8
    method: GET
  response:
    body: '{"id":"820fcb27-7f69-49d2-a8f6-afa01f7800e8","name":"tf-func--competent-payne","environment_variables":{},"organization_id":"ee7bd9e1-9cbd-4724-b2f4-19e50f3cf38b","project_id":"ee7bd9e1-9cbd-4724-b2f4-19e50f3cf38b","status":"ready","registry_namespace_id":"238067f6-578d-4758-a53d-802906998a7a","error_message":null,"registry_endpoint":"rg.fr-par.scw.cloud/funcscwtffunccompetentpayne7umwgw9k","description":"","secret_environment_variables":[],"region":"fr-par"}'
    headers:
      Content-Length:
      - "463"
      Content-Security-Policy:
      - default-src 'none'; frame-ancestors 'none'
      Content-Type:
      - application/json
      Date:
      - Tue, 14 Jun 2022 14:23:38 GMT
      Server:
      - Scaleway API-Gateway
      Strict-Transport-Security:
      - max-age=63072000
      X-Content-Type-Options:
      - nosniff
      X-Frame-Options:
      - DENY
      X-Request-Id:
      - c9cad13d-e650-4856-abd2-e2337478e3c4
    status: 200 OK
    code: 200
    duration: ""
- request:
    body: '{"name":"tf-func-pedantic-cerf","namespace_id":"820fcb27-7f69-49d2-a8f6-afa01f7800e8","environment_variables":{},"min_scale":0,"max_scale":20,"runtime":"node14","memory_limit":128,"timeout":null,"handler":"handler.handle","privacy":"private","description":null,"secret_environment_variables":null,"http_option":null}'
    form: {}
    headers:
      Content-Type:
      - application/json
      User-Agent:
      - scaleway-sdk-go/v1.0.0-beta.7+dev (go1.18.2; linux; amd64) terraform-provider/develop
        terraform/terraform-tests
    url: https://api.scaleway.com/functions/v1beta1/regions/fr-par/functions
    method: POST
  response:
    body: '{"id":"689413cd-b4eb-4a05-920c-8e054f739dbe","name":"tf-func-pedantic-cerf","namespace_id":"820fcb27-7f69-49d2-a8f6-afa01f7800e8","status":"created","environment_variables":{},"min_scale":0,"max_scale":20,"runtime":"node14","memory_limit":128,"cpu_limit":70,"timeout":"300s","handler":"handler.handle","error_message":null,"privacy":"private","description":"","domain_name":"tffunccompetentpayne7umwgw9k-tf-func-pedantic-cerf.functions.fnc.fr-par.scw.cloud","secret_environment_variables":[],"http_option":"","runtime_message":"","region":"fr-par"}'
    headers:
      Content-Length:
      - "548"
      Content-Security-Policy:
      - default-src 'none'; frame-ancestors 'none'
      Content-Type:
      - application/json
      Date:
      - Tue, 14 Jun 2022 14:23:38 GMT
      Server:
      - Scaleway API-Gateway
      Strict-Transport-Security:
      - max-age=63072000
      X-Content-Type-Options:
      - nosniff
      X-Frame-Options:
      - DENY
      X-Request-Id:
      - 27545ddf-e573-4cef-aa0f-7a999ae87426
    status: 200 OK
    code: 200
    duration: ""
- request:
    body: ""
    form: {}
    headers:
      User-Agent:
      - scaleway-sdk-go/v1.0.0-beta.7+dev (go1.18.2; linux; amd64) terraform-provider/develop
        terraform/terraform-tests
    url: https://api.scaleway.com/functions/v1beta1/regions/fr-par/functions/689413cd-b4eb-4a05-920c-8e054f739dbe
    method: GET
  response:
    body: '{"id":"689413cd-b4eb-4a05-920c-8e054f739dbe","name":"tf-func-pedantic-cerf","namespace_id":"820fcb27-7f69-49d2-a8f6-afa01f7800e8","status":"created","environment_variables":{},"min_scale":0,"max_scale":20,"runtime":"node14","memory_limit":128,"cpu_limit":70,"timeout":"300s","handler":"handler.handle","error_message":null,"privacy":"private","description":"","domain_name":"tffunccompetentpayne7umwgw9k-tf-func-pedantic-cerf.functions.fnc.fr-par.scw.cloud","secret_environment_variables":[],"http_option":"","runtime_message":"","region":"fr-par"}'
    headers:
      Content-Length:
      - "548"
      Content-Security-Policy:
      - default-src 'none'; frame-ancestors 'none'
      Content-Type:
      - application/json
      Date:
      - Tue, 14 Jun 2022 14:23:38 GMT
      Server:
      - Scaleway API-Gateway
      Strict-Transport-Security:
      - max-age=63072000
      X-Content-Type-Options:
      - nosniff
      X-Frame-Options:
      - DENY
      X-Request-Id:
      - a5b65845-41f8-41c4-bd2b-1796182bc92d
    status: 200 OK
    code: 200
    duration: ""
- request:
    body: ""
    form: {}
    headers:
      User-Agent:
      - scaleway-sdk-go/v1.0.0-beta.7+dev (go1.18.2; linux; amd64) terraform-provider/develop
        terraform/terraform-tests
    url: https://api.scaleway.com/functions/v1beta1/regions/fr-par/functions/689413cd-b4eb-4a05-920c-8e054f739dbe
    method: GET
  response:
    body: '{"id":"689413cd-b4eb-4a05-920c-8e054f739dbe","name":"tf-func-pedantic-cerf","namespace_id":"820fcb27-7f69-49d2-a8f6-afa01f7800e8","status":"created","environment_variables":{},"min_scale":0,"max_scale":20,"runtime":"node14","memory_limit":128,"cpu_limit":70,"timeout":"300s","handler":"handler.handle","error_message":null,"privacy":"private","description":"","domain_name":"tffunccompetentpayne7umwgw9k-tf-func-pedantic-cerf.functions.fnc.fr-par.scw.cloud","secret_environment_variables":[],"http_option":"","runtime_message":"","region":"fr-par"}'
    headers:
      Content-Length:
      - "548"
      Content-Security-Policy:
      - default-src 'none'; frame-ancestors 'none'
      Content-Type:
      - application/json
      Date:
      - Tue, 14 Jun 2022 14:23:38 GMT
      Server:
      - Scaleway API-Gateway
      Strict-Transport-Security:
      - max-age=63072000
      X-Content-Type-Options:
      - nosniff
      X-Frame-Options:
      - DENY
      X-Request-Id:
      - c15119e4-baaa-4b3c-a2ea-0aeb5ff69cb5
    status: 200 OK
    code: 200
    duration: ""
- request:
    body: ""
    form: {}
    headers:
      User-Agent:
      - scaleway-sdk-go/v1.0.0-beta.7+dev (go1.18.2; linux; amd64) terraform-provider/develop
        terraform/terraform-tests
    url: https://api.scaleway.com/functions/v1beta1/regions/fr-par/functions/689413cd-b4eb-4a05-920c-8e054f739dbe
    method: GET
  response:
    body: '{"id":"689413cd-b4eb-4a05-920c-8e054f739dbe","name":"tf-func-pedantic-cerf","namespace_id":"820fcb27-7f69-49d2-a8f6-afa01f7800e8","status":"created","environment_variables":{},"min_scale":0,"max_scale":20,"runtime":"node14","memory_limit":128,"cpu_limit":70,"timeout":"300s","handler":"handler.handle","error_message":null,"privacy":"private","description":"","domain_name":"tffunccompetentpayne7umwgw9k-tf-func-pedantic-cerf.functions.fnc.fr-par.scw.cloud","secret_environment_variables":[],"http_option":"","runtime_message":"","region":"fr-par"}'
    headers:
      Content-Length:
      - "548"
      Content-Security-Policy:
      - default-src 'none'; frame-ancestors 'none'
      Content-Type:
      - application/json
      Date:
      - Tue, 14 Jun 2022 14:23:38 GMT
      Server:
      - Scaleway API-Gateway
      Strict-Transport-Security:
      - max-age=63072000
      X-Content-Type-Options:
      - nosniff
      X-Frame-Options:
      - DENY
      X-Request-Id:
      - dcffe79e-3448-49d1-9e36-e8a886c7e91a
    status: 200 OK
    code: 200
    duration: ""
- request:
    body: ""
    form: {}
    headers:
      User-Agent:
      - scaleway-sdk-go/v1.0.0-beta.7+dev (go1.18.2; linux; amd64) terraform-provider/develop
        terraform/terraform-tests
    url: https://api.scaleway.com/functions/v1beta1/regions/fr-par/namespaces/820fcb27-7f69-49d2-a8f6-afa01f7800e8
    method: GET
  response:
    body: '{"id":"820fcb27-7f69-49d2-a8f6-afa01f7800e8","name":"tf-func--competent-payne","environment_variables":{},"organization_id":"ee7bd9e1-9cbd-4724-b2f4-19e50f3cf38b","project_id":"ee7bd9e1-9cbd-4724-b2f4-19e50f3cf38b","status":"ready","registry_namespace_id":"238067f6-578d-4758-a53d-802906998a7a","error_message":null,"registry_endpoint":"rg.fr-par.scw.cloud/funcscwtffunccompetentpayne7umwgw9k","description":"","secret_environment_variables":[],"region":"fr-par"}'
    headers:
      Content-Length:
      - "463"
      Content-Security-Policy:
      - default-src 'none'; frame-ancestors 'none'
      Content-Type:
      - application/json
      Date:
      - Tue, 14 Jun 2022 14:23:39 GMT
      Server:
      - Scaleway API-Gateway
      Strict-Transport-Security:
      - max-age=63072000
      X-Content-Type-Options:
      - nosniff
      X-Frame-Options:
      - DENY
      X-Request-Id:
      - 780f4205-cbd9-42c5-b96e-fc5fd2759916
    status: 200 OK
    code: 200
    duration: ""
- request:
    body: ""
    form: {}
    headers:
      User-Agent:
      - scaleway-sdk-go/v1.0.0-beta.7+dev (go1.18.2; linux; amd64) terraform-provider/develop
        terraform/terraform-tests
    url: https://api.scaleway.com/functions/v1beta1/regions/fr-par/functions/689413cd-b4eb-4a05-920c-8e054f739dbe
    method: GET
  response:
    body: '{"id":"689413cd-b4eb-4a05-920c-8e054f739dbe","name":"tf-func-pedantic-cerf","namespace_id":"820fcb27-7f69-49d2-a8f6-afa01f7800e8","status":"created","environment_variables":{},"min_scale":0,"max_scale":20,"runtime":"node14","memory_limit":128,"cpu_limit":70,"timeout":"300s","handler":"handler.handle","error_message":null,"privacy":"private","description":"","domain_name":"tffunccompetentpayne7umwgw9k-tf-func-pedantic-cerf.functions.fnc.fr-par.scw.cloud","secret_environment_variables":[],"http_option":"","runtime_message":"","region":"fr-par"}'
    headers:
      Content-Length:
      - "548"
      Content-Security-Policy:
      - default-src 'none'; frame-ancestors 'none'
      Content-Type:
      - application/json
      Date:
      - Tue, 14 Jun 2022 14:23:39 GMT
      Server:
      - Scaleway API-Gateway
      Strict-Transport-Security:
      - max-age=63072000
      X-Content-Type-Options:
      - nosniff
      X-Frame-Options:
      - DENY
      X-Request-Id:
      - 095617a0-bc54-465c-bcb2-c0b6acf3be08
    status: 200 OK
    code: 200
    duration: ""
- request:
    body: ""
    form: {}
    headers:
      User-Agent:
      - scaleway-sdk-go/v1.0.0-beta.7+dev (go1.18.2; linux; amd64) terraform-provider/develop
        terraform/terraform-tests
    url: https://api.scaleway.com/functions/v1beta1/regions/fr-par/functions/689413cd-b4eb-4a05-920c-8e054f739dbe
    method: GET
  response:
    body: '{"id":"689413cd-b4eb-4a05-920c-8e054f739dbe","name":"tf-func-pedantic-cerf","namespace_id":"820fcb27-7f69-49d2-a8f6-afa01f7800e8","status":"created","environment_variables":{},"min_scale":0,"max_scale":20,"runtime":"node14","memory_limit":128,"cpu_limit":70,"timeout":"300s","handler":"handler.handle","error_message":null,"privacy":"private","description":"","domain_name":"tffunccompetentpayne7umwgw9k-tf-func-pedantic-cerf.functions.fnc.fr-par.scw.cloud","secret_environment_variables":[],"http_option":"","runtime_message":"","region":"fr-par"}'
    headers:
      Content-Length:
      - "548"
      Content-Security-Policy:
      - default-src 'none'; frame-ancestors 'none'
      Content-Type:
      - application/json
      Date:
      - Tue, 14 Jun 2022 14:23:39 GMT
      Server:
      - Scaleway API-Gateway
      Strict-Transport-Security:
      - max-age=63072000
      X-Content-Type-Options:
      - nosniff
      X-Frame-Options:
      - DENY
      X-Request-Id:
      - d13ec44f-3c90-46fc-9013-b11c66474308
    status: 200 OK
    code: 200
    duration: ""
- request:
    body: ""
    form: {}
    headers:
      User-Agent:
      - scaleway-sdk-go/v1.0.0-beta.7+dev (go1.18.2; linux; amd64) terraform-provider/develop
        terraform/terraform-tests
    url: https://api.scaleway.com/functions/v1beta1/regions/fr-par/functions/689413cd-b4eb-4a05-920c-8e054f739dbe
    method: DELETE
  response:
    body: '{"id":"689413cd-b4eb-4a05-920c-8e054f739dbe","name":"tf-func-pedantic-cerf","namespace_id":"820fcb27-7f69-49d2-a8f6-afa01f7800e8","status":"deleting","environment_variables":{},"min_scale":0,"max_scale":20,"runtime":"node14","memory_limit":128,"cpu_limit":70,"timeout":"300s","handler":"handler.handle","error_message":null,"privacy":"private","description":"","domain_name":"tffunccompetentpayne7umwgw9k-tf-func-pedantic-cerf.functions.fnc.fr-par.scw.cloud","secret_environment_variables":[],"http_option":"","runtime_message":"","region":"fr-par"}'
    headers:
      Content-Length:
      - "549"
      Content-Security-Policy:
      - default-src 'none'; frame-ancestors 'none'
      Content-Type:
      - application/json
      Date:
      - Tue, 14 Jun 2022 14:23:39 GMT
      Server:
      - Scaleway API-Gateway
      Strict-Transport-Security:
      - max-age=63072000
      X-Content-Type-Options:
      - nosniff
      X-Frame-Options:
      - DENY
      X-Request-Id:
      - e6c59789-9ddc-4089-b82f-41d61d9fab25
    status: 200 OK
    code: 200
    duration: ""
- request:
    body: ""
    form: {}
    headers:
      User-Agent:
      - scaleway-sdk-go/v1.0.0-beta.7+dev (go1.18.2; linux; amd64) terraform-provider/develop
        terraform/terraform-tests
    url: https://api.scaleway.com/functions/v1beta1/regions/fr-par/namespaces/820fcb27-7f69-49d2-a8f6-afa01f7800e8
    method: GET
  response:
    body: '{"id":"820fcb27-7f69-49d2-a8f6-afa01f7800e8","name":"tf-func--competent-payne","environment_variables":{},"organization_id":"ee7bd9e1-9cbd-4724-b2f4-19e50f3cf38b","project_id":"ee7bd9e1-9cbd-4724-b2f4-19e50f3cf38b","status":"ready","registry_namespace_id":"238067f6-578d-4758-a53d-802906998a7a","error_message":null,"registry_endpoint":"rg.fr-par.scw.cloud/funcscwtffunccompetentpayne7umwgw9k","description":"","secret_environment_variables":[],"region":"fr-par"}'
    headers:
      Content-Length:
      - "463"
      Content-Security-Policy:
      - default-src 'none'; frame-ancestors 'none'
      Content-Type:
      - application/json
      Date:
      - Tue, 14 Jun 2022 14:23:39 GMT
      Server:
      - Scaleway API-Gateway
      Strict-Transport-Security:
      - max-age=63072000
      X-Content-Type-Options:
      - nosniff
      X-Frame-Options:
      - DENY
      X-Request-Id:
      - a810740c-7e61-42a5-926f-9d6ecdebb042
    status: 200 OK
    code: 200
    duration: ""
- request:
    body: ""
    form: {}
    headers:
      User-Agent:
      - scaleway-sdk-go/v1.0.0-beta.7+dev (go1.18.2; linux; amd64) terraform-provider/develop
        terraform/terraform-tests
    url: https://api.scaleway.com/functions/v1beta1/regions/fr-par/namespaces/820fcb27-7f69-49d2-a8f6-afa01f7800e8
    method: DELETE
  response:
    body: '{"id":"820fcb27-7f69-49d2-a8f6-afa01f7800e8","name":"tf-func--competent-payne","environment_variables":{},"organization_id":"ee7bd9e1-9cbd-4724-b2f4-19e50f3cf38b","project_id":"ee7bd9e1-9cbd-4724-b2f4-19e50f3cf38b","status":"deleting","registry_namespace_id":"238067f6-578d-4758-a53d-802906998a7a","error_message":null,"registry_endpoint":"rg.fr-par.scw.cloud/funcscwtffunccompetentpayne7umwgw9k","description":"","secret_environment_variables":[],"region":"fr-par"}'
    headers:
      Content-Length:
      - "466"
      Content-Security-Policy:
      - default-src 'none'; frame-ancestors 'none'
      Content-Type:
      - application/json
      Date:
      - Tue, 14 Jun 2022 14:23:40 GMT
      Server:
      - Scaleway API-Gateway
      Strict-Transport-Security:
      - max-age=63072000
      X-Content-Type-Options:
      - nosniff
      X-Frame-Options:
      - DENY
      X-Request-Id:
      - 29d918f0-bde8-40b9-b56e-5e5946d2b370
    status: 200 OK
    code: 200
    duration: ""
- request:
    body: ""
    form: {}
    headers:
      User-Agent:
      - scaleway-sdk-go/v1.0.0-beta.7+dev (go1.18.2; linux; amd64) terraform-provider/develop
        terraform/terraform-tests
    url: https://api.scaleway.com/functions/v1beta1/regions/fr-par/namespaces/820fcb27-7f69-49d2-a8f6-afa01f7800e8
    method: GET
  response:
    body: '{"id":"820fcb27-7f69-49d2-a8f6-afa01f7800e8","name":"tf-func--competent-payne","environment_variables":{},"organization_id":"ee7bd9e1-9cbd-4724-b2f4-19e50f3cf38b","project_id":"ee7bd9e1-9cbd-4724-b2f4-19e50f3cf38b","status":"deleting","registry_namespace_id":"238067f6-578d-4758-a53d-802906998a7a","error_message":null,"registry_endpoint":"rg.fr-par.scw.cloud/funcscwtffunccompetentpayne7umwgw9k","description":"","secret_environment_variables":[],"region":"fr-par"}'
    headers:
      Content-Length:
      - "466"
      Content-Security-Policy:
      - default-src 'none'; frame-ancestors 'none'
      Content-Type:
      - application/json
      Date:
      - Tue, 14 Jun 2022 14:23:40 GMT
      Server:
      - Scaleway API-Gateway
      Strict-Transport-Security:
      - max-age=63072000
      X-Content-Type-Options:
      - nosniff
      X-Frame-Options:
      - DENY
      X-Request-Id:
      - 93449338-e54d-45ba-8898-5e7146b0f49b
    status: 200 OK
    code: 200
    duration: ""
- request:
    body: ""
    form: {}
    headers:
      User-Agent:
      - scaleway-sdk-go/v1.0.0-beta.7+dev (go1.18.2; linux; amd64) terraform-provider/develop
        terraform/terraform-tests
    url: https://api.scaleway.com/functions/v1beta1/regions/fr-par/namespaces/820fcb27-7f69-49d2-a8f6-afa01f7800e8
    method: GET
  response:
    body: '{"message":"Namespace was not found"}'
    headers:
      Content-Length:
      - "37"
      Content-Security-Policy:
      - default-src 'none'; frame-ancestors 'none'
      Content-Type:
      - application/json
      Date:
      - Tue, 14 Jun 2022 14:23:45 GMT
      Server:
      - Scaleway API-Gateway
      Strict-Transport-Security:
      - max-age=63072000
      X-Content-Type-Options:
      - nosniff
      X-Frame-Options:
      - DENY
      X-Request-Id:
      - ec48576e-478a-42a5-8c8c-7b12bb4dc678
    status: 404 Not Found
    code: 404
    duration: ""
- request:
    body: ""
    form: {}
    headers:
      User-Agent:
      - scaleway-sdk-go/v1.0.0-beta.7+dev (go1.18.2; linux; amd64) terraform-provider/develop
        terraform/terraform-tests
    url: https://api.scaleway.com/functions/v1beta1/regions/fr-par/namespaces/820fcb27-7f69-49d2-a8f6-afa01f7800e8
    method: DELETE
  response:
    body: '{"message":"Namespace was not found"}'
    headers:
      Content-Length:
      - "37"
      Content-Security-Policy:
      - default-src 'none'; frame-ancestors 'none'
      Content-Type:
      - application/json
      Date:
      - Tue, 14 Jun 2022 14:23:45 GMT
      Server:
      - Scaleway API-Gateway
      Strict-Transport-Security:
      - max-age=63072000
      X-Content-Type-Options:
      - nosniff
      X-Frame-Options:
      - DENY
      X-Request-Id:
      - ec12166b-ee17-4116-a2b6-5bef0c434ef4
    status: 404 Not Found
    code: 404
    duration: ""
