---
version: 1
interactions:
- request:
    body: '{"name":"tf-func--vibrant-engelbart","environment_variables":{},"project_id":"ee7bd9e1-9cbd-4724-b2f4-19e50f3cf38b","description":null,"secret_environment_variables":null}'
    form: {}
    headers:
      Content-Type:
      - application/json
      User-Agent:
      - scaleway-sdk-go/v1.0.0-beta.7+dev (go1.18.2; linux; amd64) terraform-provider/develop
        terraform/terraform-tests
    url: https://api.scaleway.com/functions/v1beta1/regions/fr-par/namespaces
    method: POST
  response:
    body: '{"id":"ae503036-197d-4115-ba56-a1fa89c257cb","name":"tf-func--vibrant-engelbart","environment_variables":{},"organization_id":"ee7bd9e1-9cbd-4724-b2f4-19e50f3cf38b","project_id":"ee7bd9e1-9cbd-4724-b2f4-19e50f3cf38b","status":"pending","registry_namespace_id":"","error_message":null,"registry_endpoint":"","description":"","secret_environment_variables":[],"region":"fr-par"}'
    headers:
      Content-Length:
      - "376"
      Content-Security-Policy:
      - default-src 'none'; frame-ancestors 'none'
      Content-Type:
      - application/json
      Date:
      - Tue, 14 Jun 2022 07:38:39 GMT
      Server:
      - Scaleway API-Gateway
      Strict-Transport-Security:
      - max-age=63072000
      X-Content-Type-Options:
      - nosniff
      X-Frame-Options:
      - DENY
      X-Request-Id:
      - b53bbdbf-21ad-481c-8aca-da1d47093e56
    status: 200 OK
    code: 200
    duration: ""
- request:
    body: ""
    form: {}
    headers:
      User-Agent:
      - scaleway-sdk-go/v1.0.0-beta.7+dev (go1.18.2; linux; amd64) terraform-provider/develop
        terraform/terraform-tests
    url: https://api.scaleway.com/functions/v1beta1/regions/fr-par/namespaces/ae503036-197d-4115-ba56-a1fa89c257cb
    method: GET
  response:
    body: '{"id":"ae503036-197d-4115-ba56-a1fa89c257cb","name":"tf-func--vibrant-engelbart","environment_variables":{},"organization_id":"ee7bd9e1-9cbd-4724-b2f4-19e50f3cf38b","project_id":"ee7bd9e1-9cbd-4724-b2f4-19e50f3cf38b","status":"pending","registry_namespace_id":"","error_message":null,"registry_endpoint":"","description":"","secret_environment_variables":[],"region":"fr-par"}'
    headers:
      Content-Length:
      - "376"
      Content-Security-Policy:
      - default-src 'none'; frame-ancestors 'none'
      Content-Type:
      - application/json
      Date:
      - Tue, 14 Jun 2022 07:38:39 GMT
      Server:
      - Scaleway API-Gateway
      Strict-Transport-Security:
      - max-age=63072000
      X-Content-Type-Options:
      - nosniff
      X-Frame-Options:
      - DENY
      X-Request-Id:
      - c794713b-b0ca-43f4-8c2d-58aa446106e1
    status: 200 OK
    code: 200
    duration: ""
- request:
    body: ""
    form: {}
    headers:
      User-Agent:
      - scaleway-sdk-go/v1.0.0-beta.7+dev (go1.18.2; linux; amd64) terraform-provider/develop
        terraform/terraform-tests
    url: https://api.scaleway.com/functions/v1beta1/regions/fr-par/namespaces/ae503036-197d-4115-ba56-a1fa89c257cb
    method: GET
  response:
    body: '{"id":"ae503036-197d-4115-ba56-a1fa89c257cb","name":"tf-func--vibrant-engelbart","environment_variables":{},"organization_id":"ee7bd9e1-9cbd-4724-b2f4-19e50f3cf38b","project_id":"ee7bd9e1-9cbd-4724-b2f4-19e50f3cf38b","status":"pending","registry_namespace_id":"","error_message":null,"registry_endpoint":"","description":"","secret_environment_variables":[],"region":"fr-par"}'
    headers:
      Content-Length:
      - "376"
      Content-Security-Policy:
      - default-src 'none'; frame-ancestors 'none'
      Content-Type:
      - application/json
      Date:
      - Tue, 14 Jun 2022 07:38:44 GMT
      Server:
      - Scaleway API-Gateway
      Strict-Transport-Security:
      - max-age=63072000
      X-Content-Type-Options:
      - nosniff
      X-Frame-Options:
      - DENY
      X-Request-Id:
      - 3c3be0bb-81ac-4253-af4f-c391262de2f7
    status: 200 OK
    code: 200
    duration: ""
- request:
    body: ""
    form: {}
    headers:
      User-Agent:
      - scaleway-sdk-go/v1.0.0-beta.7+dev (go1.18.2; linux; amd64) terraform-provider/develop
        terraform/terraform-tests
    url: https://api.scaleway.com/functions/v1beta1/regions/fr-par/namespaces/ae503036-197d-4115-ba56-a1fa89c257cb
    method: GET
  response:
    body: '{"id":"ae503036-197d-4115-ba56-a1fa89c257cb","name":"tf-func--vibrant-engelbart","environment_variables":{},"organization_id":"ee7bd9e1-9cbd-4724-b2f4-19e50f3cf38b","project_id":"ee7bd9e1-9cbd-4724-b2f4-19e50f3cf38b","status":"ready","registry_namespace_id":"23d7244e-3fea-4720-8e85-1bc089e313a0","error_message":null,"registry_endpoint":"rg.fr-par.scw.cloud/funcscwtffuncvibrantengelba7dm1fn89","description":"","secret_environment_variables":[],"region":"fr-par"}'
    headers:
      Content-Length:
      - "465"
      Content-Security-Policy:
      - default-src 'none'; frame-ancestors 'none'
      Content-Type:
      - application/json
      Date:
      - Tue, 14 Jun 2022 07:38:50 GMT
      Server:
      - Scaleway API-Gateway
      Strict-Transport-Security:
      - max-age=63072000
      X-Content-Type-Options:
      - nosniff
      X-Frame-Options:
      - DENY
      X-Request-Id:
      - 9f8dc88b-ba65-4e28-8f48-9192b2a9621c
    status: 200 OK
    code: 200
    duration: ""
- request:
    body: ""
    form: {}
    headers:
      User-Agent:
      - scaleway-sdk-go/v1.0.0-beta.7+dev (go1.18.2; linux; amd64) terraform-provider/develop
        terraform/terraform-tests
    url: https://api.scaleway.com/functions/v1beta1/regions/fr-par/namespaces/ae503036-197d-4115-ba56-a1fa89c257cb
    method: GET
  response:
    body: '{"id":"ae503036-197d-4115-ba56-a1fa89c257cb","name":"tf-func--vibrant-engelbart","environment_variables":{},"organization_id":"ee7bd9e1-9cbd-4724-b2f4-19e50f3cf38b","project_id":"ee7bd9e1-9cbd-4724-b2f4-19e50f3cf38b","status":"ready","registry_namespace_id":"23d7244e-3fea-4720-8e85-1bc089e313a0","error_message":null,"registry_endpoint":"rg.fr-par.scw.cloud/funcscwtffuncvibrantengelba7dm1fn89","description":"","secret_environment_variables":[],"region":"fr-par"}'
    headers:
      Content-Length:
      - "465"
      Content-Security-Policy:
      - default-src 'none'; frame-ancestors 'none'
      Content-Type:
      - application/json
      Date:
      - Tue, 14 Jun 2022 07:38:50 GMT
      Server:
      - Scaleway API-Gateway
      Strict-Transport-Security:
      - max-age=63072000
      X-Content-Type-Options:
      - nosniff
      X-Frame-Options:
      - DENY
      X-Request-Id:
      - 2fd2c3f3-e046-4fa0-b550-ac68414f3f65
    status: 200 OK
    code: 200
    duration: ""
- request:
    body: '{"name":"foobar","namespace_id":"ae503036-197d-4115-ba56-a1fa89c257cb","environment_variables":{"test":"test"},"min_scale":0,"max_scale":20,"runtime":"node14","memory_limit":128,"timeout":null,"handler":"handler.handle","privacy":"private","description":null,"secret_environment_variables":null,"http_option":null}'
    form: {}
    headers:
      Content-Type:
      - application/json
      User-Agent:
      - scaleway-sdk-go/v1.0.0-beta.7+dev (go1.18.2; linux; amd64) terraform-provider/develop
        terraform/terraform-tests
    url: https://api.scaleway.com/functions/v1beta1/regions/fr-par/functions
    method: POST
  response:
    body: '{"id":"db1de709-e727-4d7e-8124-5e9dd0e5c837","name":"foobar","namespace_id":"ae503036-197d-4115-ba56-a1fa89c257cb","status":"created","environment_variables":{"test":"test"},"min_scale":0,"max_scale":20,"runtime":"node14","memory_limit":128,"cpu_limit":70,"timeout":"300s","handler":"handler.handle","error_message":null,"privacy":"private","description":"","domain_name":"tffuncvibrantengelba7dm1fn89-foobar.functions.fnc.fr-par.scw.cloud","secret_environment_variables":[],"http_option":"","runtime_message":"","region":"fr-par"}'
    headers:
      Content-Length:
      - "531"
      Content-Security-Policy:
      - default-src 'none'; frame-ancestors 'none'
      Content-Type:
      - application/json
      Date:
      - Tue, 14 Jun 2022 07:38:50 GMT
      Server:
      - Scaleway API-Gateway
      Strict-Transport-Security:
      - max-age=63072000
      X-Content-Type-Options:
      - nosniff
      X-Frame-Options:
      - DENY
      X-Request-Id:
      - 92967254-84f1-4e3d-b491-f4c2f513d1b1
    status: 200 OK
    code: 200
    duration: ""
- request:
    body: ""
    form: {}
    headers:
      User-Agent:
      - scaleway-sdk-go/v1.0.0-beta.7+dev (go1.18.2; linux; amd64) terraform-provider/develop
        terraform/terraform-tests
    url: https://api.scaleway.com/functions/v1beta1/regions/fr-par/functions/db1de709-e727-4d7e-8124-5e9dd0e5c837
    method: GET
  response:
    body: '{"id":"db1de709-e727-4d7e-8124-5e9dd0e5c837","name":"foobar","namespace_id":"ae503036-197d-4115-ba56-a1fa89c257cb","status":"created","environment_variables":{"test":"test"},"min_scale":0,"max_scale":20,"runtime":"node14","memory_limit":128,"cpu_limit":70,"timeout":"300s","handler":"handler.handle","error_message":null,"privacy":"private","description":"","domain_name":"tffuncvibrantengelba7dm1fn89-foobar.functions.fnc.fr-par.scw.cloud","secret_environment_variables":[],"http_option":"","runtime_message":"","region":"fr-par"}'
    headers:
      Content-Length:
      - "531"
      Content-Security-Policy:
      - default-src 'none'; frame-ancestors 'none'
      Content-Type:
      - application/json
      Date:
      - Tue, 14 Jun 2022 07:38:51 GMT
      Server:
      - Scaleway API-Gateway
      Strict-Transport-Security:
      - max-age=63072000
      X-Content-Type-Options:
      - nosniff
      X-Frame-Options:
      - DENY
      X-Request-Id:
      - a7c373c3-9d46-4491-8920-a7c138db8cec
    status: 200 OK
    code: 200
    duration: ""
- request:
    body: ""
    form: {}
    headers:
      User-Agent:
      - scaleway-sdk-go/v1.0.0-beta.7+dev (go1.18.2; linux; amd64) terraform-provider/develop
        terraform/terraform-tests
    url: https://api.scaleway.com/functions/v1beta1/regions/fr-par/functions/db1de709-e727-4d7e-8124-5e9dd0e5c837
    method: GET
  response:
    body: '{"id":"db1de709-e727-4d7e-8124-5e9dd0e5c837","name":"foobar","namespace_id":"ae503036-197d-4115-ba56-a1fa89c257cb","status":"created","environment_variables":{"test":"test"},"min_scale":0,"max_scale":20,"runtime":"node14","memory_limit":128,"cpu_limit":70,"timeout":"300s","handler":"handler.handle","error_message":null,"privacy":"private","description":"","domain_name":"tffuncvibrantengelba7dm1fn89-foobar.functions.fnc.fr-par.scw.cloud","secret_environment_variables":[],"http_option":"","runtime_message":"","region":"fr-par"}'
    headers:
      Content-Length:
      - "531"
      Content-Security-Policy:
      - default-src 'none'; frame-ancestors 'none'
      Content-Type:
      - application/json
      Date:
      - Tue, 14 Jun 2022 07:38:51 GMT
      Server:
      - Scaleway API-Gateway
      Strict-Transport-Security:
      - max-age=63072000
      X-Content-Type-Options:
      - nosniff
      X-Frame-Options:
      - DENY
      X-Request-Id:
      - df419b03-55a9-443c-b797-d07dbe80db3a
    status: 200 OK
    code: 200
    duration: ""
- request:
    body: ""
    form: {}
    headers:
      User-Agent:
      - scaleway-sdk-go/v1.0.0-beta.7+dev (go1.18.2; linux; amd64) terraform-provider/develop
        terraform/terraform-tests
    url: https://api.scaleway.com/functions/v1beta1/regions/fr-par/namespaces/ae503036-197d-4115-ba56-a1fa89c257cb
    method: GET
  response:
    body: '{"id":"ae503036-197d-4115-ba56-a1fa89c257cb","name":"tf-func--vibrant-engelbart","environment_variables":{},"organization_id":"ee7bd9e1-9cbd-4724-b2f4-19e50f3cf38b","project_id":"ee7bd9e1-9cbd-4724-b2f4-19e50f3cf38b","status":"ready","registry_namespace_id":"23d7244e-3fea-4720-8e85-1bc089e313a0","error_message":null,"registry_endpoint":"rg.fr-par.scw.cloud/funcscwtffuncvibrantengelba7dm1fn89","description":"","secret_environment_variables":[],"region":"fr-par"}'
    headers:
      Content-Length:
      - "465"
      Content-Security-Policy:
      - default-src 'none'; frame-ancestors 'none'
      Content-Type:
      - application/json
      Date:
      - Tue, 14 Jun 2022 07:38:51 GMT
      Server:
      - Scaleway API-Gateway
      Strict-Transport-Security:
      - max-age=63072000
      X-Content-Type-Options:
      - nosniff
      X-Frame-Options:
      - DENY
      X-Request-Id:
      - 8e655d19-53aa-4468-a29e-d7f5529a089c
    status: 200 OK
    code: 200
    duration: ""
- request:
    body: ""
    form: {}
    headers:
      User-Agent:
      - scaleway-sdk-go/v1.0.0-beta.7+dev (go1.18.2; linux; amd64) terraform-provider/develop
        terraform/terraform-tests
    url: https://api.scaleway.com/functions/v1beta1/regions/fr-par/functions/db1de709-e727-4d7e-8124-5e9dd0e5c837
    method: GET
  response:
    body: '{"id":"db1de709-e727-4d7e-8124-5e9dd0e5c837","name":"foobar","namespace_id":"ae503036-197d-4115-ba56-a1fa89c257cb","status":"created","environment_variables":{"test":"test"},"min_scale":0,"max_scale":20,"runtime":"node14","memory_limit":128,"cpu_limit":70,"timeout":"300s","handler":"handler.handle","error_message":null,"privacy":"private","description":"","domain_name":"tffuncvibrantengelba7dm1fn89-foobar.functions.fnc.fr-par.scw.cloud","secret_environment_variables":[],"http_option":"","runtime_message":"","region":"fr-par"}'
    headers:
      Content-Length:
      - "531"
      Content-Security-Policy:
      - default-src 'none'; frame-ancestors 'none'
      Content-Type:
      - application/json
      Date:
      - Tue, 14 Jun 2022 07:38:52 GMT
      Server:
      - Scaleway API-Gateway
      Strict-Transport-Security:
      - max-age=63072000
      X-Content-Type-Options:
      - nosniff
      X-Frame-Options:
      - DENY
      X-Request-Id:
      - fcd9b264-9fcc-42e5-9d94-e5b4ce4bcfa2
    status: 200 OK
    code: 200
    duration: ""
- request:
    body: ""
    form: {}
    headers:
      User-Agent:
      - scaleway-sdk-go/v1.0.0-beta.7+dev (go1.18.2; linux; amd64) terraform-provider/develop
        terraform/terraform-tests
    url: https://api.scaleway.com/functions/v1beta1/regions/fr-par/namespaces/ae503036-197d-4115-ba56-a1fa89c257cb
    method: GET
  response:
    body: '{"id":"ae503036-197d-4115-ba56-a1fa89c257cb","name":"tf-func--vibrant-engelbart","environment_variables":{},"organization_id":"ee7bd9e1-9cbd-4724-b2f4-19e50f3cf38b","project_id":"ee7bd9e1-9cbd-4724-b2f4-19e50f3cf38b","status":"ready","registry_namespace_id":"23d7244e-3fea-4720-8e85-1bc089e313a0","error_message":null,"registry_endpoint":"rg.fr-par.scw.cloud/funcscwtffuncvibrantengelba7dm1fn89","description":"","secret_environment_variables":[],"region":"fr-par"}'
    headers:
      Content-Length:
      - "465"
      Content-Security-Policy:
      - default-src 'none'; frame-ancestors 'none'
      Content-Type:
      - application/json
      Date:
      - Tue, 14 Jun 2022 07:38:52 GMT
      Server:
      - Scaleway API-Gateway
      Strict-Transport-Security:
      - max-age=63072000
      X-Content-Type-Options:
      - nosniff
      X-Frame-Options:
      - DENY
      X-Request-Id:
      - cd715163-ba6b-4ba6-a700-299b69dccae4
    status: 200 OK
    code: 200
    duration: ""
- request:
    body: ""
    form: {}
    headers:
      User-Agent:
      - scaleway-sdk-go/v1.0.0-beta.7+dev (go1.18.2; linux; amd64) terraform-provider/develop
        terraform/terraform-tests
    url: https://api.scaleway.com/functions/v1beta1/regions/fr-par/functions/db1de709-e727-4d7e-8124-5e9dd0e5c837
    method: GET
  response:
    body: '{"id":"db1de709-e727-4d7e-8124-5e9dd0e5c837","name":"foobar","namespace_id":"ae503036-197d-4115-ba56-a1fa89c257cb","status":"created","environment_variables":{"test":"test"},"min_scale":0,"max_scale":20,"runtime":"node14","memory_limit":128,"cpu_limit":70,"timeout":"300s","handler":"handler.handle","error_message":null,"privacy":"private","description":"","domain_name":"tffuncvibrantengelba7dm1fn89-foobar.functions.fnc.fr-par.scw.cloud","secret_environment_variables":[],"http_option":"","runtime_message":"","region":"fr-par"}'
    headers:
      Content-Length:
      - "531"
      Content-Security-Policy:
      - default-src 'none'; frame-ancestors 'none'
      Content-Type:
      - application/json
      Date:
      - Tue, 14 Jun 2022 07:38:53 GMT
      Server:
      - Scaleway API-Gateway
      Strict-Transport-Security:
      - max-age=63072000
      X-Content-Type-Options:
      - nosniff
      X-Frame-Options:
      - DENY
      X-Request-Id:
      - 318465e0-0f3e-4b75-a4c1-b6baa2c4eabc
    status: 200 OK
    code: 200
    duration: ""
- request:
    body: ""
    form: {}
    headers:
      User-Agent:
      - scaleway-sdk-go/v1.0.0-beta.7+dev (go1.18.2; linux; amd64) terraform-provider/develop
        terraform/terraform-tests
    url: https://api.scaleway.com/functions/v1beta1/regions/fr-par/functions/db1de709-e727-4d7e-8124-5e9dd0e5c837
    method: GET
  response:
    body: '{"id":"db1de709-e727-4d7e-8124-5e9dd0e5c837","name":"foobar","namespace_id":"ae503036-197d-4115-ba56-a1fa89c257cb","status":"created","environment_variables":{"test":"test"},"min_scale":0,"max_scale":20,"runtime":"node14","memory_limit":128,"cpu_limit":70,"timeout":"300s","handler":"handler.handle","error_message":null,"privacy":"private","description":"","domain_name":"tffuncvibrantengelba7dm1fn89-foobar.functions.fnc.fr-par.scw.cloud","secret_environment_variables":[],"http_option":"","runtime_message":"","region":"fr-par"}'
    headers:
      Content-Length:
      - "531"
      Content-Security-Policy:
      - default-src 'none'; frame-ancestors 'none'
      Content-Type:
      - application/json
      Date:
      - Tue, 14 Jun 2022 07:38:53 GMT
      Server:
      - Scaleway API-Gateway
      Strict-Transport-Security:
      - max-age=63072000
      X-Content-Type-Options:
      - nosniff
      X-Frame-Options:
      - DENY
      X-Request-Id:
      - 96463d14-b3f0-4217-801a-8548742d57d7
    status: 200 OK
    code: 200
    duration: ""
- request:
    body: '{"environment_variables":{"foo":"bar"},"min_scale":null,"max_scale":null,"runtime":"unknown_runtime","memory_limit":null,"timeout":null,"redeploy":null,"handler":null,"privacy":"unknown_privacy","description":null,"secret_environment_variables":null,"http_option":null}'
    form: {}
    headers:
      Content-Type:
      - application/json
      User-Agent:
      - scaleway-sdk-go/v1.0.0-beta.7+dev (go1.18.2; linux; amd64) terraform-provider/develop
        terraform/terraform-tests
    url: https://api.scaleway.com/functions/v1beta1/regions/fr-par/functions/db1de709-e727-4d7e-8124-5e9dd0e5c837
    method: PATCH
  response:
    body: '{"id":"db1de709-e727-4d7e-8124-5e9dd0e5c837","name":"foobar","namespace_id":"ae503036-197d-4115-ba56-a1fa89c257cb","status":"created","environment_variables":{"foo":"bar"},"min_scale":0,"max_scale":20,"runtime":"node14","memory_limit":128,"cpu_limit":70,"timeout":"300s","handler":"handler.handle","error_message":null,"privacy":"private","description":"","domain_name":"tffuncvibrantengelba7dm1fn89-foobar.functions.fnc.fr-par.scw.cloud","secret_environment_variables":[],"http_option":"","runtime_message":"","region":"fr-par"}'
    headers:
      Content-Length:
      - "529"
      Content-Security-Policy:
      - default-src 'none'; frame-ancestors 'none'
      Content-Type:
      - application/json
      Date:
      - Tue, 14 Jun 2022 07:38:53 GMT
      Server:
      - Scaleway API-Gateway
      Strict-Transport-Security:
      - max-age=63072000
      X-Content-Type-Options:
      - nosniff
      X-Frame-Options:
      - DENY
      X-Request-Id:
      - f5e5f65a-065b-4bb0-aae6-70c80574802f
    status: 200 OK
    code: 200
    duration: ""
- request:
    body: ""
    form: {}
    headers:
      User-Agent:
      - scaleway-sdk-go/v1.0.0-beta.7+dev (go1.18.2; linux; amd64) terraform-provider/develop
        terraform/terraform-tests
    url: https://api.scaleway.com/functions/v1beta1/regions/fr-par/functions/db1de709-e727-4d7e-8124-5e9dd0e5c837
    method: GET
  response:
    body: '{"id":"db1de709-e727-4d7e-8124-5e9dd0e5c837","name":"foobar","namespace_id":"ae503036-197d-4115-ba56-a1fa89c257cb","status":"created","environment_variables":{"foo":"bar"},"min_scale":0,"max_scale":20,"runtime":"node14","memory_limit":128,"cpu_limit":70,"timeout":"300s","handler":"handler.handle","error_message":null,"privacy":"private","description":"","domain_name":"tffuncvibrantengelba7dm1fn89-foobar.functions.fnc.fr-par.scw.cloud","secret_environment_variables":[],"http_option":"","runtime_message":"","region":"fr-par"}'
    headers:
      Content-Length:
      - "529"
      Content-Security-Policy:
      - default-src 'none'; frame-ancestors 'none'
      Content-Type:
      - application/json
      Date:
      - Tue, 14 Jun 2022 07:38:53 GMT
      Server:
      - Scaleway API-Gateway
      Strict-Transport-Security:
      - max-age=63072000
      X-Content-Type-Options:
      - nosniff
      X-Frame-Options:
      - DENY
      X-Request-Id:
      - c623f979-4cf3-40e4-983b-baa7dbdd31ac
    status: 200 OK
    code: 200
    duration: ""
- request:
    body: ""
    form: {}
    headers:
      User-Agent:
      - scaleway-sdk-go/v1.0.0-beta.7+dev (go1.18.2; linux; amd64) terraform-provider/develop
        terraform/terraform-tests
    url: https://api.scaleway.com/functions/v1beta1/regions/fr-par/functions/db1de709-e727-4d7e-8124-5e9dd0e5c837
    method: GET
  response:
    body: '{"id":"db1de709-e727-4d7e-8124-5e9dd0e5c837","name":"foobar","namespace_id":"ae503036-197d-4115-ba56-a1fa89c257cb","status":"created","environment_variables":{"foo":"bar"},"min_scale":0,"max_scale":20,"runtime":"node14","memory_limit":128,"cpu_limit":70,"timeout":"300s","handler":"handler.handle","error_message":null,"privacy":"private","description":"","domain_name":"tffuncvibrantengelba7dm1fn89-foobar.functions.fnc.fr-par.scw.cloud","secret_environment_variables":[],"http_option":"","runtime_message":"","region":"fr-par"}'
    headers:
      Content-Length:
      - "529"
      Content-Security-Policy:
      - default-src 'none'; frame-ancestors 'none'
      Content-Type:
      - application/json
      Date:
      - Tue, 14 Jun 2022 07:38:54 GMT
      Server:
      - Scaleway API-Gateway
      Strict-Transport-Security:
      - max-age=63072000
      X-Content-Type-Options:
      - nosniff
      X-Frame-Options:
      - DENY
      X-Request-Id:
      - 147ba6df-33d0-43c9-abf8-5d7418dc0027
    status: 200 OK
    code: 200
    duration: ""
- request:
    body: ""
    form: {}
    headers:
      User-Agent:
      - scaleway-sdk-go/v1.0.0-beta.7+dev (go1.18.2; linux; amd64) terraform-provider/develop
        terraform/terraform-tests
    url: https://api.scaleway.com/functions/v1beta1/regions/fr-par/namespaces/ae503036-197d-4115-ba56-a1fa89c257cb
    method: GET
  response:
    body: '{"id":"ae503036-197d-4115-ba56-a1fa89c257cb","name":"tf-func--vibrant-engelbart","environment_variables":{},"organization_id":"ee7bd9e1-9cbd-4724-b2f4-19e50f3cf38b","project_id":"ee7bd9e1-9cbd-4724-b2f4-19e50f3cf38b","status":"ready","registry_namespace_id":"23d7244e-3fea-4720-8e85-1bc089e313a0","error_message":null,"registry_endpoint":"rg.fr-par.scw.cloud/funcscwtffuncvibrantengelba7dm1fn89","description":"","secret_environment_variables":[],"region":"fr-par"}'
    headers:
      Content-Length:
      - "465"
      Content-Security-Policy:
      - default-src 'none'; frame-ancestors 'none'
      Content-Type:
      - application/json
      Date:
      - Tue, 14 Jun 2022 07:38:55 GMT
      Server:
      - Scaleway API-Gateway
      Strict-Transport-Security:
      - max-age=63072000
      X-Content-Type-Options:
      - nosniff
      X-Frame-Options:
      - DENY
      X-Request-Id:
      - 4f44df92-e21b-4904-957e-f2d5f4713927
    status: 200 OK
    code: 200
    duration: ""
- request:
    body: ""
    form: {}
    headers:
      User-Agent:
      - scaleway-sdk-go/v1.0.0-beta.7+dev (go1.18.2; linux; amd64) terraform-provider/develop
        terraform/terraform-tests
    url: https://api.scaleway.com/functions/v1beta1/regions/fr-par/functions/db1de709-e727-4d7e-8124-5e9dd0e5c837
    method: GET
  response:
    body: '{"id":"db1de709-e727-4d7e-8124-5e9dd0e5c837","name":"foobar","namespace_id":"ae503036-197d-4115-ba56-a1fa89c257cb","status":"created","environment_variables":{"foo":"bar"},"min_scale":0,"max_scale":20,"runtime":"node14","memory_limit":128,"cpu_limit":70,"timeout":"300s","handler":"handler.handle","error_message":null,"privacy":"private","description":"","domain_name":"tffuncvibrantengelba7dm1fn89-foobar.functions.fnc.fr-par.scw.cloud","secret_environment_variables":[],"http_option":"","runtime_message":"","region":"fr-par"}'
    headers:
      Content-Length:
      - "529"
      Content-Security-Policy:
      - default-src 'none'; frame-ancestors 'none'
      Content-Type:
      - application/json
      Date:
      - Tue, 14 Jun 2022 07:38:55 GMT
      Server:
      - Scaleway API-Gateway
      Strict-Transport-Security:
      - max-age=63072000
      X-Content-Type-Options:
      - nosniff
      X-Frame-Options:
      - DENY
      X-Request-Id:
      - fc7a3665-8849-4c87-b301-9b9963b5fcad
    status: 200 OK
    code: 200
    duration: ""
- request:
    body: ""
    form: {}
    headers:
      User-Agent:
      - scaleway-sdk-go/v1.0.0-beta.7+dev (go1.18.2; linux; amd64) terraform-provider/develop
        terraform/terraform-tests
    url: https://api.scaleway.com/functions/v1beta1/regions/fr-par/functions/db1de709-e727-4d7e-8124-5e9dd0e5c837
    method: GET
  response:
    body: '{"id":"db1de709-e727-4d7e-8124-5e9dd0e5c837","name":"foobar","namespace_id":"ae503036-197d-4115-ba56-a1fa89c257cb","status":"created","environment_variables":{"foo":"bar"},"min_scale":0,"max_scale":20,"runtime":"node14","memory_limit":128,"cpu_limit":70,"timeout":"300s","handler":"handler.handle","error_message":null,"privacy":"private","description":"","domain_name":"tffuncvibrantengelba7dm1fn89-foobar.functions.fnc.fr-par.scw.cloud","secret_environment_variables":[],"http_option":"","runtime_message":"","region":"fr-par"}'
    headers:
      Content-Length:
      - "529"
      Content-Security-Policy:
      - default-src 'none'; frame-ancestors 'none'
      Content-Type:
      - application/json
      Date:
      - Tue, 14 Jun 2022 07:38:55 GMT
      Server:
      - Scaleway API-Gateway
      Strict-Transport-Security:
      - max-age=63072000
      X-Content-Type-Options:
      - nosniff
      X-Frame-Options:
      - DENY
      X-Request-Id:
      - d076272f-6e4e-4d02-8514-c3bedec8a265
    status: 200 OK
    code: 200
    duration: ""
- request:
    body: ""
    form: {}
    headers:
      User-Agent:
      - scaleway-sdk-go/v1.0.0-beta.7+dev (go1.18.2; linux; amd64) terraform-provider/develop
        terraform/terraform-tests
    url: https://api.scaleway.com/functions/v1beta1/regions/fr-par/functions/db1de709-e727-4d7e-8124-5e9dd0e5c837
    method: DELETE
  response:
    body: '{"id":"db1de709-e727-4d7e-8124-5e9dd0e5c837","name":"foobar","namespace_id":"ae503036-197d-4115-ba56-a1fa89c257cb","status":"deleting","environment_variables":{"foo":"bar"},"min_scale":0,"max_scale":20,"runtime":"node14","memory_limit":128,"cpu_limit":70,"timeout":"300s","handler":"handler.handle","error_message":null,"privacy":"private","description":"","domain_name":"tffuncvibrantengelba7dm1fn89-foobar.functions.fnc.fr-par.scw.cloud","secret_environment_variables":[],"http_option":"","runtime_message":"","region":"fr-par"}'
    headers:
      Content-Length:
      - "530"
      Content-Security-Policy:
      - default-src 'none'; frame-ancestors 'none'
      Content-Type:
      - application/json
      Date:
      - Tue, 14 Jun 2022 07:38:56 GMT
      Server:
      - Scaleway API-Gateway
      Strict-Transport-Security:
      - max-age=63072000
      X-Content-Type-Options:
      - nosniff
      X-Frame-Options:
      - DENY
      X-Request-Id:
      - 5af2dc2f-2cc8-4e02-bd5f-320c6fddd7ea
    status: 200 OK
    code: 200
    duration: ""
- request:
    body: ""
    form: {}
    headers:
      User-Agent:
      - scaleway-sdk-go/v1.0.0-beta.7+dev (go1.18.2; linux; amd64) terraform-provider/develop
        terraform/terraform-tests
    url: https://api.scaleway.com/functions/v1beta1/regions/fr-par/namespaces/ae503036-197d-4115-ba56-a1fa89c257cb
    method: GET
  response:
    body: '{"id":"ae503036-197d-4115-ba56-a1fa89c257cb","name":"tf-func--vibrant-engelbart","environment_variables":{},"organization_id":"ee7bd9e1-9cbd-4724-b2f4-19e50f3cf38b","project_id":"ee7bd9e1-9cbd-4724-b2f4-19e50f3cf38b","status":"ready","registry_namespace_id":"23d7244e-3fea-4720-8e85-1bc089e313a0","error_message":null,"registry_endpoint":"rg.fr-par.scw.cloud/funcscwtffuncvibrantengelba7dm1fn89","description":"","secret_environment_variables":[],"region":"fr-par"}'
    headers:
      Content-Length:
      - "465"
      Content-Security-Policy:
      - default-src 'none'; frame-ancestors 'none'
      Content-Type:
      - application/json
      Date:
      - Tue, 14 Jun 2022 07:38:56 GMT
      Server:
      - Scaleway API-Gateway
      Strict-Transport-Security:
      - max-age=63072000
      X-Content-Type-Options:
      - nosniff
      X-Frame-Options:
      - DENY
      X-Request-Id:
      - 707dec08-c703-4338-95de-9cac03df3780
    status: 200 OK
    code: 200
    duration: ""
- request:
    body: ""
    form: {}
    headers:
      User-Agent:
      - scaleway-sdk-go/v1.0.0-beta.7+dev (go1.18.2; linux; amd64) terraform-provider/develop
        terraform/terraform-tests
    url: https://api.scaleway.com/functions/v1beta1/regions/fr-par/namespaces/ae503036-197d-4115-ba56-a1fa89c257cb
    method: DELETE
  response:
    body: '{"id":"ae503036-197d-4115-ba56-a1fa89c257cb","name":"tf-func--vibrant-engelbart","environment_variables":{},"organization_id":"ee7bd9e1-9cbd-4724-b2f4-19e50f3cf38b","project_id":"ee7bd9e1-9cbd-4724-b2f4-19e50f3cf38b","status":"deleting","registry_namespace_id":"23d7244e-3fea-4720-8e85-1bc089e313a0","error_message":null,"registry_endpoint":"rg.fr-par.scw.cloud/funcscwtffuncvibrantengelba7dm1fn89","description":"","secret_environment_variables":[],"region":"fr-par"}'
    headers:
      Content-Length:
      - "468"
      Content-Security-Policy:
      - default-src 'none'; frame-ancestors 'none'
      Content-Type:
      - application/json
      Date:
      - Tue, 14 Jun 2022 07:38:56 GMT
      Server:
      - Scaleway API-Gateway
      Strict-Transport-Security:
      - max-age=63072000
      X-Content-Type-Options:
      - nosniff
      X-Frame-Options:
      - DENY
      X-Request-Id:
      - 54957e17-7f81-4206-aa97-5477e4496bf4
    status: 200 OK
    code: 200
    duration: ""
- request:
    body: ""
    form: {}
    headers:
      User-Agent:
      - scaleway-sdk-go/v1.0.0-beta.7+dev (go1.18.2; linux; amd64) terraform-provider/develop
        terraform/terraform-tests
    url: https://api.scaleway.com/functions/v1beta1/regions/fr-par/namespaces/ae503036-197d-4115-ba56-a1fa89c257cb
    method: GET
  response:
    body: '{"message":"Namespace was not found"}'
    headers:
      Content-Length:
      - "37"
      Content-Security-Policy:
      - default-src 'none'; frame-ancestors 'none'
      Content-Type:
      - application/json
      Date:
      - Tue, 14 Jun 2022 07:38:57 GMT
      Server:
      - Scaleway API-Gateway
      Strict-Transport-Security:
      - max-age=63072000
      X-Content-Type-Options:
      - nosniff
      X-Frame-Options:
      - DENY
      X-Request-Id:
      - 6843f8c7-0f7a-4a5c-9118-3884119d68d0
    status: 404 Not Found
    code: 404
    duration: ""
- request:
    body: ""
    form: {}
    headers:
      User-Agent:
      - scaleway-sdk-go/v1.0.0-beta.7+dev (go1.18.2; linux; amd64) terraform-provider/develop
        terraform/terraform-tests
    url: https://api.scaleway.com/functions/v1beta1/regions/fr-par/functions/db1de709-e727-4d7e-8124-5e9dd0e5c837
    method: DELETE
  response:
    body: '{"message":"Function was not found"}'
    headers:
      Content-Length:
      - "36"
      Content-Security-Policy:
      - default-src 'none'; frame-ancestors 'none'
      Content-Type:
      - application/json
      Date:
      - Tue, 14 Jun 2022 07:38:57 GMT
      Server:
      - Scaleway API-Gateway
      Strict-Transport-Security:
      - max-age=63072000
      X-Content-Type-Options:
      - nosniff
      X-Frame-Options:
      - DENY
      X-Request-Id:
      - 3e7391d5-42f0-474b-a49f-ca2c2ad292e5
    status: 404 Not Found
    code: 404
    duration: ""
