---
version: 1
interactions:
- request:
    body: '{"name":"test-cron","environment_variables":{},"project_id":"105bdce1-64c0-48ab-899d-868455867ecf","description":null,"secret_environment_variables":null}'
    form: {}
    headers:
      Content-Type:
      - application/json
      User-Agent:
      - scaleway-sdk-go/v1.0.0-beta.7+dev (go1.18.1; darwin; amd64) terraform-provider/develop
        terraform/terraform-tests
    url: https://api.scaleway.com/functions/v1beta1/regions/fr-par/namespaces
    method: POST
  response:
    body: '{"id":"0188d6ca-8aee-4622-bbab-4597f07eddd2","name":"test-cron","environment_variables":{},"organization_id":"105bdce1-64c0-48ab-899d-868455867ecf","project_id":"105bdce1-64c0-48ab-899d-868455867ecf","status":"pending","registry_namespace_id":"","error_message":null,"registry_endpoint":"","description":"","secret_environment_variables":[],"region":"fr-par"}'
    headers:
      Content-Length:
      - "359"
      Content-Security-Policy:
      - default-src 'none'; frame-ancestors 'none'
      Content-Type:
      - application/json
      Date:
      - Wed, 03 Aug 2022 13:23:11 GMT
      Server:
      - Scaleway API-Gateway
      Strict-Transport-Security:
      - max-age=63072000
      X-Content-Type-Options:
      - nosniff
      X-Frame-Options:
      - DENY
      X-Request-Id:
      - 93a3b15d-c7ef-48bc-b770-968fd8e42154
    status: 200 OK
    code: 200
    duration: ""
- request:
    body: ""
    form: {}
    headers:
      User-Agent:
      - scaleway-sdk-go/v1.0.0-beta.7+dev (go1.18.1; darwin; amd64) terraform-provider/develop
        terraform/terraform-tests
    url: https://api.scaleway.com/functions/v1beta1/regions/fr-par/namespaces/0188d6ca-8aee-4622-bbab-4597f07eddd2
    method: GET
  response:
    body: '{"id":"0188d6ca-8aee-4622-bbab-4597f07eddd2","name":"test-cron","environment_variables":{},"organization_id":"105bdce1-64c0-48ab-899d-868455867ecf","project_id":"105bdce1-64c0-48ab-899d-868455867ecf","status":"pending","registry_namespace_id":"","error_message":null,"registry_endpoint":"","description":"","secret_environment_variables":[],"region":"fr-par"}'
    headers:
      Content-Length:
      - "359"
      Content-Security-Policy:
      - default-src 'none'; frame-ancestors 'none'
      Content-Type:
      - application/json
      Date:
      - Wed, 03 Aug 2022 13:23:11 GMT
      Server:
      - Scaleway API-Gateway
      Strict-Transport-Security:
      - max-age=63072000
      X-Content-Type-Options:
      - nosniff
      X-Frame-Options:
      - DENY
      X-Request-Id:
      - 22e014e4-b36f-43b6-8b0f-54eeaa96dcd0
    status: 200 OK
    code: 200
    duration: ""
- request:
    body: ""
    form: {}
    headers:
      User-Agent:
      - scaleway-sdk-go/v1.0.0-beta.7+dev (go1.18.1; darwin; amd64) terraform-provider/develop
        terraform/terraform-tests
    url: https://api.scaleway.com/functions/v1beta1/regions/fr-par/namespaces/0188d6ca-8aee-4622-bbab-4597f07eddd2
    method: GET
  response:
    body: '{"id":"0188d6ca-8aee-4622-bbab-4597f07eddd2","name":"test-cron","environment_variables":{},"organization_id":"105bdce1-64c0-48ab-899d-868455867ecf","project_id":"105bdce1-64c0-48ab-899d-868455867ecf","status":"ready","registry_namespace_id":"c50278cb-4caf-4bed-b659-abcd655f1317","error_message":null,"registry_endpoint":"rg.fr-par.scw.cloud/funcscwtestcrontvpemjl6","description":"","secret_environment_variables":[],"region":"fr-par"}'
    headers:
      Content-Length:
      - "436"
      Content-Security-Policy:
      - default-src 'none'; frame-ancestors 'none'
      Content-Type:
      - application/json
      Date:
      - Wed, 03 Aug 2022 13:23:16 GMT
      Server:
      - Scaleway API-Gateway
      Strict-Transport-Security:
      - max-age=63072000
      X-Content-Type-Options:
      - nosniff
      X-Frame-Options:
      - DENY
      X-Request-Id:
      - 182c8d12-720a-40a0-82ed-aed688095acc
    status: 200 OK
    code: 200
    duration: ""
- request:
    body: ""
    form: {}
    headers:
      User-Agent:
      - scaleway-sdk-go/v1.0.0-beta.7+dev (go1.18.1; darwin; amd64) terraform-provider/develop
        terraform/terraform-tests
    url: https://api.scaleway.com/functions/v1beta1/regions/fr-par/namespaces/0188d6ca-8aee-4622-bbab-4597f07eddd2
    method: GET
  response:
    body: '{"id":"0188d6ca-8aee-4622-bbab-4597f07eddd2","name":"test-cron","environment_variables":{},"organization_id":"105bdce1-64c0-48ab-899d-868455867ecf","project_id":"105bdce1-64c0-48ab-899d-868455867ecf","status":"ready","registry_namespace_id":"c50278cb-4caf-4bed-b659-abcd655f1317","error_message":null,"registry_endpoint":"rg.fr-par.scw.cloud/funcscwtestcrontvpemjl6","description":"","secret_environment_variables":[],"region":"fr-par"}'
    headers:
      Content-Length:
      - "436"
      Content-Security-Policy:
      - default-src 'none'; frame-ancestors 'none'
      Content-Type:
      - application/json
      Date:
      - Wed, 03 Aug 2022 13:23:16 GMT
      Server:
      - Scaleway API-Gateway
      Strict-Transport-Security:
      - max-age=63072000
      X-Content-Type-Options:
      - nosniff
      X-Frame-Options:
      - DENY
      X-Request-Id:
      - a8020fb9-76e6-4897-8935-c834390c7483
    status: 200 OK
    code: 200
    duration: ""
- request:
    body: '{"name":"test-cron","namespace_id":"0188d6ca-8aee-4622-bbab-4597f07eddd2","environment_variables":{},"min_scale":0,"max_scale":20,"runtime":"node14","memory_limit":128,"timeout":null,"handler":"handler.handle","privacy":"private","description":null,"secret_environment_variables":null}'
    form: {}
    headers:
      Content-Type:
      - application/json
      User-Agent:
      - scaleway-sdk-go/v1.0.0-beta.7+dev (go1.18.1; darwin; amd64) terraform-provider/develop
        terraform/terraform-tests
    url: https://api.scaleway.com/functions/v1beta1/regions/fr-par/functions
    method: POST
  response:
    body: '{"id":"37f1b9fe-0cf9-48df-ae3d-dab0b30b5262","name":"test-cron","namespace_id":"0188d6ca-8aee-4622-bbab-4597f07eddd2","status":"created","environment_variables":{},"min_scale":0,"max_scale":20,"runtime":"node14","memory_limit":128,"cpu_limit":70,"timeout":"300s","handler":"handler.handle","error_message":null,"privacy":"private","description":"","domain_name":"testcrontvpemjl6-test-cron.functions.fnc.fr-par.scw.cloud","secret_environment_variables":[],"http_option":"","runtime_message":"","region":"fr-par"}'
    headers:
      Content-Length:
      - "512"
      Content-Security-Policy:
      - default-src 'none'; frame-ancestors 'none'
      Content-Type:
      - application/json
      Date:
      - Wed, 03 Aug 2022 13:23:17 GMT
      Server:
      - Scaleway API-Gateway
      Strict-Transport-Security:
      - max-age=63072000
      X-Content-Type-Options:
      - nosniff
      X-Frame-Options:
      - DENY
      X-Request-Id:
      - cacb8d80-2ffb-4dc4-841b-1efd34ba440c
    status: 200 OK
    code: 200
    duration: ""
- request:
    body: ""
    form: {}
    headers:
      User-Agent:
      - scaleway-sdk-go/v1.0.0-beta.7+dev (go1.18.1; darwin; amd64) terraform-provider/develop
        terraform/terraform-tests
    url: https://api.scaleway.com/functions/v1beta1/regions/fr-par/functions/37f1b9fe-0cf9-48df-ae3d-dab0b30b5262
    method: GET
  response:
    body: '{"id":"37f1b9fe-0cf9-48df-ae3d-dab0b30b5262","name":"test-cron","namespace_id":"0188d6ca-8aee-4622-bbab-4597f07eddd2","status":"created","environment_variables":{},"min_scale":0,"max_scale":20,"runtime":"node14","memory_limit":128,"cpu_limit":70,"timeout":"300s","handler":"handler.handle","error_message":null,"privacy":"private","description":"","domain_name":"testcrontvpemjl6-test-cron.functions.fnc.fr-par.scw.cloud","secret_environment_variables":[],"http_option":"","runtime_message":"","region":"fr-par"}'
    headers:
      Content-Length:
      - "512"
      Content-Security-Policy:
      - default-src 'none'; frame-ancestors 'none'
      Content-Type:
      - application/json
      Date:
      - Wed, 03 Aug 2022 13:23:17 GMT
      Server:
      - Scaleway API-Gateway
      Strict-Transport-Security:
      - max-age=63072000
      X-Content-Type-Options:
      - nosniff
      X-Frame-Options:
      - DENY
      X-Request-Id:
      - 5aa36ec7-3bb7-4a52-84d1-a6064ce7ad6d
    status: 200 OK
    code: 200
    duration: ""
- request:
    body: ""
    form: {}
    headers:
      User-Agent:
      - scaleway-sdk-go/v1.0.0-beta.7+dev (go1.18.1; darwin; amd64) terraform-provider/develop
        terraform/terraform-tests
    url: https://api.scaleway.com/functions/v1beta1/regions/fr-par/functions/37f1b9fe-0cf9-48df-ae3d-dab0b30b5262
    method: GET
  response:
    body: '{"id":"37f1b9fe-0cf9-48df-ae3d-dab0b30b5262","name":"test-cron","namespace_id":"0188d6ca-8aee-4622-bbab-4597f07eddd2","status":"created","environment_variables":{},"min_scale":0,"max_scale":20,"runtime":"node14","memory_limit":128,"cpu_limit":70,"timeout":"300s","handler":"handler.handle","error_message":null,"privacy":"private","description":"","domain_name":"testcrontvpemjl6-test-cron.functions.fnc.fr-par.scw.cloud","secret_environment_variables":[],"http_option":"","runtime_message":"","region":"fr-par"}'
    headers:
      Content-Length:
      - "512"
      Content-Security-Policy:
      - default-src 'none'; frame-ancestors 'none'
      Content-Type:
      - application/json
      Date:
      - Wed, 03 Aug 2022 13:23:17 GMT
      Server:
      - Scaleway API-Gateway
      Strict-Transport-Security:
      - max-age=63072000
      X-Content-Type-Options:
      - nosniff
      X-Frame-Options:
      - DENY
      X-Request-Id:
      - 53d28229-7501-4a7c-b242-7d97b1861d5e
    status: 200 OK
    code: 200
    duration: ""
- request:
    body: ""
    form: {}
    headers:
      User-Agent:
      - scaleway-sdk-go/v1.0.0-beta.7+dev (go1.18.1; darwin; amd64) terraform-provider/develop
        terraform/terraform-tests
    url: https://api.scaleway.com/functions/v1beta1/regions/fr-par/functions/37f1b9fe-0cf9-48df-ae3d-dab0b30b5262
    method: GET
  response:
    body: '{"id":"37f1b9fe-0cf9-48df-ae3d-dab0b30b5262","name":"test-cron","namespace_id":"0188d6ca-8aee-4622-bbab-4597f07eddd2","status":"created","environment_variables":{},"min_scale":0,"max_scale":20,"runtime":"node14","memory_limit":128,"cpu_limit":70,"timeout":"300s","handler":"handler.handle","error_message":null,"privacy":"private","description":"","domain_name":"testcrontvpemjl6-test-cron.functions.fnc.fr-par.scw.cloud","secret_environment_variables":[],"http_option":"","runtime_message":"","region":"fr-par"}'
    headers:
      Content-Length:
      - "512"
      Content-Security-Policy:
      - default-src 'none'; frame-ancestors 'none'
      Content-Type:
      - application/json
      Date:
      - Wed, 03 Aug 2022 13:23:17 GMT
      Server:
      - Scaleway API-Gateway
      Strict-Transport-Security:
      - max-age=63072000
      X-Content-Type-Options:
      - nosniff
      X-Frame-Options:
      - DENY
      X-Request-Id:
      - 9a19b1b8-8ad2-4eb2-8a81-d3f7b036360b
    status: 200 OK
    code: 200
    duration: ""
- request:
    body: ""
    form: {}
    headers:
      User-Agent:
      - scaleway-sdk-go/v1.0.0-beta.7+dev (go1.18.1; darwin; amd64) terraform-provider/develop
        terraform/terraform-tests
    url: https://api.scaleway.com/functions/v1beta1/regions/fr-par/functions/37f1b9fe-0cf9-48df-ae3d-dab0b30b5262
    method: GET
  response:
    body: '{"id":"37f1b9fe-0cf9-48df-ae3d-dab0b30b5262","name":"test-cron","namespace_id":"0188d6ca-8aee-4622-bbab-4597f07eddd2","status":"created","environment_variables":{},"min_scale":0,"max_scale":20,"runtime":"node14","memory_limit":128,"cpu_limit":70,"timeout":"300s","handler":"handler.handle","error_message":null,"privacy":"private","description":"","domain_name":"testcrontvpemjl6-test-cron.functions.fnc.fr-par.scw.cloud","secret_environment_variables":[],"http_option":"","runtime_message":"","region":"fr-par"}'
    headers:
      Content-Length:
      - "512"
      Content-Security-Policy:
      - default-src 'none'; frame-ancestors 'none'
      Content-Type:
      - application/json
      Date:
      - Wed, 03 Aug 2022 13:23:17 GMT
      Server:
      - Scaleway API-Gateway
      Strict-Transport-Security:
      - max-age=63072000
      X-Content-Type-Options:
      - nosniff
      X-Frame-Options:
      - DENY
      X-Request-Id:
      - 18eb8b21-8a23-40a6-b707-9a3a78a45a64
    status: 200 OK
    code: 200
    duration: ""
- request:
    body: '{"function_id":"37f1b9fe-0cf9-48df-ae3d-dab0b30b5262","schedule":"0 0 *
      * *","args":{"test":"scw"}}'
    form: {}
    headers:
      Content-Type:
      - application/json
      User-Agent:
      - scaleway-sdk-go/v1.0.0-beta.7+dev (go1.18.1; darwin; amd64) terraform-provider/develop
        terraform/terraform-tests
    url: https://api.scaleway.com/functions/v1beta1/regions/fr-par/crons
    method: POST
  response:
    body: '{"id":"63a5bbd9-3d0d-4801-b046-ff16a6cbcfa4","function_id":"37f1b9fe-0cf9-48df-ae3d-dab0b30b5262","schedule":"0
      0 * * *","args":{"test":"scw"},"status":"pending"}'
    headers:
      Content-Length:
      - "162"
      Content-Security-Policy:
      - default-src 'none'; frame-ancestors 'none'
      Content-Type:
      - application/json
      Date:
      - Wed, 03 Aug 2022 13:23:17 GMT
      Server:
      - Scaleway API-Gateway
      Strict-Transport-Security:
      - max-age=63072000
      X-Content-Type-Options:
      - nosniff
      X-Frame-Options:
      - DENY
      X-Request-Id:
      - 75b5d68e-b2ac-4ed2-bb61-a08ab4ac3f86
    status: 200 OK
    code: 200
    duration: ""
- request:
    body: '{"function_id":"37f1b9fe-0cf9-48df-ae3d-dab0b30b5262","schedule":"0 1 *
      * *","args":{"my_var":"terraform"}}'
    form: {}
    headers:
      Content-Type:
      - application/json
      User-Agent:
      - scaleway-sdk-go/v1.0.0-beta.7+dev (go1.18.1; darwin; amd64) terraform-provider/develop
        terraform/terraform-tests
    url: https://api.scaleway.com/functions/v1beta1/regions/fr-par/crons
    method: POST
  response:
    body: '{"id":"0129fcf5-a1a5-42d4-93d0-2e2c93a9fb3e","function_id":"37f1b9fe-0cf9-48df-ae3d-dab0b30b5262","schedule":"0
      1 * * *","args":{"my_var":"terraform"},"status":"pending"}'
    headers:
      Content-Length:
      - "170"
      Content-Security-Policy:
      - default-src 'none'; frame-ancestors 'none'
      Content-Type:
      - application/json
      Date:
      - Wed, 03 Aug 2022 13:23:17 GMT
      Server:
      - Scaleway API-Gateway
      Strict-Transport-Security:
      - max-age=63072000
      X-Content-Type-Options:
      - nosniff
      X-Frame-Options:
      - DENY
      X-Request-Id:
      - fb61015a-68c2-468c-99f5-912d75913b3b
    status: 200 OK
    code: 200
    duration: ""
- request:
    body: ""
    form: {}
    headers:
      User-Agent:
      - scaleway-sdk-go/v1.0.0-beta.7+dev (go1.18.1; darwin; amd64) terraform-provider/develop
        terraform/terraform-tests
    url: https://api.scaleway.com/functions/v1beta1/regions/fr-par/crons/63a5bbd9-3d0d-4801-b046-ff16a6cbcfa4
    method: GET
  response:
    body: '{"id":"63a5bbd9-3d0d-4801-b046-ff16a6cbcfa4","function_id":"37f1b9fe-0cf9-48df-ae3d-dab0b30b5262","schedule":"0
      0 * * *","args":{"test":"scw"},"status":"ready"}'
    headers:
      Content-Length:
      - "160"
      Content-Security-Policy:
      - default-src 'none'; frame-ancestors 'none'
      Content-Type:
      - application/json
      Date:
      - Wed, 03 Aug 2022 13:23:17 GMT
      Server:
      - Scaleway API-Gateway
      Strict-Transport-Security:
      - max-age=63072000
      X-Content-Type-Options:
      - nosniff
      X-Frame-Options:
      - DENY
      X-Request-Id:
      - 403d952b-d980-4fde-a406-fb1a25f02cb8
    status: 200 OK
    code: 200
    duration: ""
- request:
    body: ""
    form: {}
    headers:
      User-Agent:
      - scaleway-sdk-go/v1.0.0-beta.7+dev (go1.18.1; darwin; amd64) terraform-provider/develop
        terraform/terraform-tests
    url: https://api.scaleway.com/functions/v1beta1/regions/fr-par/crons/0129fcf5-a1a5-42d4-93d0-2e2c93a9fb3e
    method: GET
  response:
    body: '{"id":"0129fcf5-a1a5-42d4-93d0-2e2c93a9fb3e","function_id":"37f1b9fe-0cf9-48df-ae3d-dab0b30b5262","schedule":"0
      1 * * *","args":{"my_var":"terraform"},"status":"ready"}'
    headers:
      Content-Length:
      - "168"
      Content-Security-Policy:
      - default-src 'none'; frame-ancestors 'none'
      Content-Type:
      - application/json
      Date:
      - Wed, 03 Aug 2022 13:23:17 GMT
      Server:
      - Scaleway API-Gateway
      Strict-Transport-Security:
      - max-age=63072000
      X-Content-Type-Options:
      - nosniff
      X-Frame-Options:
      - DENY
      X-Request-Id:
      - 3026c41c-3123-408d-aa56-f48e6a2a97cb
    status: 200 OK
    code: 200
    duration: ""
- request:
    body: ""
    form: {}
    headers:
      User-Agent:
      - scaleway-sdk-go/v1.0.0-beta.7+dev (go1.18.1; darwin; amd64) terraform-provider/develop
        terraform/terraform-tests
    url: https://api.scaleway.com/functions/v1beta1/regions/fr-par/crons/63a5bbd9-3d0d-4801-b046-ff16a6cbcfa4
    method: GET
  response:
    body: '{"id":"63a5bbd9-3d0d-4801-b046-ff16a6cbcfa4","function_id":"37f1b9fe-0cf9-48df-ae3d-dab0b30b5262","schedule":"0
      0 * * *","args":{"test":"scw"},"status":"ready"}'
    headers:
      Content-Length:
      - "160"
      Content-Security-Policy:
      - default-src 'none'; frame-ancestors 'none'
      Content-Type:
      - application/json
      Date:
      - Wed, 03 Aug 2022 13:23:17 GMT
      Server:
      - Scaleway API-Gateway
      Strict-Transport-Security:
      - max-age=63072000
      X-Content-Type-Options:
      - nosniff
      X-Frame-Options:
      - DENY
      X-Request-Id:
      - ce2407bb-45a2-42fa-9477-773acaea7358
    status: 200 OK
    code: 200
    duration: ""
- request:
    body: ""
    form: {}
    headers:
      User-Agent:
      - scaleway-sdk-go/v1.0.0-beta.7+dev (go1.18.1; darwin; amd64) terraform-provider/develop
        terraform/terraform-tests
    url: https://api.scaleway.com/functions/v1beta1/regions/fr-par/crons/0129fcf5-a1a5-42d4-93d0-2e2c93a9fb3e
    method: GET
  response:
    body: '{"id":"0129fcf5-a1a5-42d4-93d0-2e2c93a9fb3e","function_id":"37f1b9fe-0cf9-48df-ae3d-dab0b30b5262","schedule":"0
      1 * * *","args":{"my_var":"terraform"},"status":"ready"}'
    headers:
      Content-Length:
      - "168"
      Content-Security-Policy:
      - default-src 'none'; frame-ancestors 'none'
      Content-Type:
      - application/json
      Date:
      - Wed, 03 Aug 2022 13:23:17 GMT
      Server:
      - Scaleway API-Gateway
      Strict-Transport-Security:
      - max-age=63072000
      X-Content-Type-Options:
      - nosniff
      X-Frame-Options:
      - DENY
      X-Request-Id:
      - 7fe31753-b409-4349-b1de-d1d00cf71cbd
    status: 200 OK
    code: 200
    duration: ""
- request:
    body: ""
    form: {}
    headers:
      User-Agent:
      - scaleway-sdk-go/v1.0.0-beta.7+dev (go1.18.1; darwin; amd64) terraform-provider/develop
        terraform/terraform-tests
    url: https://api.scaleway.com/functions/v1beta1/regions/fr-par/crons/63a5bbd9-3d0d-4801-b046-ff16a6cbcfa4
    method: GET
  response:
    body: '{"id":"63a5bbd9-3d0d-4801-b046-ff16a6cbcfa4","function_id":"37f1b9fe-0cf9-48df-ae3d-dab0b30b5262","schedule":"0
      0 * * *","args":{"test":"scw"},"status":"ready"}'
    headers:
      Content-Length:
      - "160"
      Content-Security-Policy:
      - default-src 'none'; frame-ancestors 'none'
      Content-Type:
      - application/json
      Date:
      - Wed, 03 Aug 2022 13:23:17 GMT
      Server:
      - Scaleway API-Gateway
      Strict-Transport-Security:
      - max-age=63072000
      X-Content-Type-Options:
      - nosniff
      X-Frame-Options:
      - DENY
      X-Request-Id:
      - 100a58e4-d7ad-4964-8adc-8f06c2696c74
    status: 200 OK
    code: 200
    duration: ""
- request:
    body: ""
    form: {}
    headers:
      User-Agent:
      - scaleway-sdk-go/v1.0.0-beta.7+dev (go1.18.1; darwin; amd64) terraform-provider/develop
        terraform/terraform-tests
    url: https://api.scaleway.com/functions/v1beta1/regions/fr-par/crons/0129fcf5-a1a5-42d4-93d0-2e2c93a9fb3e
    method: GET
  response:
    body: '{"id":"0129fcf5-a1a5-42d4-93d0-2e2c93a9fb3e","function_id":"37f1b9fe-0cf9-48df-ae3d-dab0b30b5262","schedule":"0
      1 * * *","args":{"my_var":"terraform"},"status":"ready"}'
    headers:
      Content-Length:
      - "168"
      Content-Security-Policy:
      - default-src 'none'; frame-ancestors 'none'
      Content-Type:
      - application/json
      Date:
      - Wed, 03 Aug 2022 13:23:17 GMT
      Server:
      - Scaleway API-Gateway
      Strict-Transport-Security:
      - max-age=63072000
      X-Content-Type-Options:
      - nosniff
      X-Frame-Options:
      - DENY
      X-Request-Id:
      - d7d0e5d9-a818-4106-80c8-bf36904d393e
    status: 200 OK
    code: 200
    duration: ""
- request:
    body: ""
    form: {}
    headers:
      User-Agent:
      - scaleway-sdk-go/v1.0.0-beta.7+dev (go1.18.1; darwin; amd64) terraform-provider/develop
        terraform/terraform-tests
    url: https://api.scaleway.com/functions/v1beta1/regions/fr-par/namespaces/0188d6ca-8aee-4622-bbab-4597f07eddd2
    method: GET
  response:
    body: '{"id":"0188d6ca-8aee-4622-bbab-4597f07eddd2","name":"test-cron","environment_variables":{},"organization_id":"105bdce1-64c0-48ab-899d-868455867ecf","project_id":"105bdce1-64c0-48ab-899d-868455867ecf","status":"ready","registry_namespace_id":"c50278cb-4caf-4bed-b659-abcd655f1317","error_message":null,"registry_endpoint":"rg.fr-par.scw.cloud/funcscwtestcrontvpemjl6","description":"","secret_environment_variables":[],"region":"fr-par"}'
    headers:
      Content-Length:
      - "436"
      Content-Security-Policy:
      - default-src 'none'; frame-ancestors 'none'
      Content-Type:
      - application/json
      Date:
      - Wed, 03 Aug 2022 13:23:18 GMT
      Server:
      - Scaleway API-Gateway
      Strict-Transport-Security:
      - max-age=63072000
      X-Content-Type-Options:
      - nosniff
      X-Frame-Options:
      - DENY
      X-Request-Id:
      - 444d28a7-0038-4c8f-9169-4f77c37ffcab
    status: 200 OK
    code: 200
    duration: ""
- request:
    body: ""
    form: {}
    headers:
      User-Agent:
      - scaleway-sdk-go/v1.0.0-beta.7+dev (go1.18.1; darwin; amd64) terraform-provider/develop
        terraform/terraform-tests
    url: https://api.scaleway.com/functions/v1beta1/regions/fr-par/functions/37f1b9fe-0cf9-48df-ae3d-dab0b30b5262
    method: GET
  response:
    body: '{"id":"37f1b9fe-0cf9-48df-ae3d-dab0b30b5262","name":"test-cron","namespace_id":"0188d6ca-8aee-4622-bbab-4597f07eddd2","status":"created","environment_variables":{},"min_scale":0,"max_scale":20,"runtime":"node14","memory_limit":128,"cpu_limit":70,"timeout":"300s","handler":"handler.handle","error_message":null,"privacy":"private","description":"","domain_name":"testcrontvpemjl6-test-cron.functions.fnc.fr-par.scw.cloud","secret_environment_variables":[],"http_option":"","runtime_message":"","region":"fr-par"}'
    headers:
      Content-Length:
      - "512"
      Content-Security-Policy:
      - default-src 'none'; frame-ancestors 'none'
      Content-Type:
      - application/json
      Date:
      - Wed, 03 Aug 2022 13:23:18 GMT
      Server:
      - Scaleway API-Gateway
      Strict-Transport-Security:
      - max-age=63072000
      X-Content-Type-Options:
      - nosniff
      X-Frame-Options:
      - DENY
      X-Request-Id:
      - db7230c2-d1db-450a-afc9-48839c9d8403
    status: 200 OK
    code: 200
    duration: ""
- request:
    body: ""
    form: {}
    headers:
      User-Agent:
      - scaleway-sdk-go/v1.0.0-beta.7+dev (go1.18.1; darwin; amd64) terraform-provider/develop
        terraform/terraform-tests
    url: https://api.scaleway.com/functions/v1beta1/regions/fr-par/crons/0129fcf5-a1a5-42d4-93d0-2e2c93a9fb3e
    method: GET
  response:
    body: '{"id":"0129fcf5-a1a5-42d4-93d0-2e2c93a9fb3e","function_id":"37f1b9fe-0cf9-48df-ae3d-dab0b30b5262","schedule":"0
      1 * * *","args":{"my_var":"terraform"},"status":"ready"}'
    headers:
      Content-Length:
      - "168"
      Content-Security-Policy:
      - default-src 'none'; frame-ancestors 'none'
      Content-Type:
      - application/json
      Date:
      - Wed, 03 Aug 2022 13:23:18 GMT
      Server:
      - Scaleway API-Gateway
      Strict-Transport-Security:
      - max-age=63072000
      X-Content-Type-Options:
      - nosniff
      X-Frame-Options:
      - DENY
      X-Request-Id:
      - b5fd9656-24c4-4c1c-b4ed-f65b3a8e180a
    status: 200 OK
    code: 200
    duration: ""
- request:
    body: ""
    form: {}
    headers:
      User-Agent:
      - scaleway-sdk-go/v1.0.0-beta.7+dev (go1.18.1; darwin; amd64) terraform-provider/develop
        terraform/terraform-tests
    url: https://api.scaleway.com/functions/v1beta1/regions/fr-par/crons/63a5bbd9-3d0d-4801-b046-ff16a6cbcfa4
    method: GET
  response:
    body: '{"id":"63a5bbd9-3d0d-4801-b046-ff16a6cbcfa4","function_id":"37f1b9fe-0cf9-48df-ae3d-dab0b30b5262","schedule":"0
      0 * * *","args":{"test":"scw"},"status":"ready"}'
    headers:
      Content-Length:
      - "160"
      Content-Security-Policy:
      - default-src 'none'; frame-ancestors 'none'
      Content-Type:
      - application/json
      Date:
      - Wed, 03 Aug 2022 13:23:18 GMT
      Server:
      - Scaleway API-Gateway
      Strict-Transport-Security:
      - max-age=63072000
      X-Content-Type-Options:
      - nosniff
      X-Frame-Options:
      - DENY
      X-Request-Id:
      - 35a4813a-b281-41bc-a2b4-231ef9fe1a19
    status: 200 OK
    code: 200
    duration: ""
- request:
    body: ""
    form: {}
    headers:
      User-Agent:
      - scaleway-sdk-go/v1.0.0-beta.7+dev (go1.18.1; darwin; amd64) terraform-provider/develop
        terraform/terraform-tests
    url: https://api.scaleway.com/functions/v1beta1/regions/fr-par/namespaces/0188d6ca-8aee-4622-bbab-4597f07eddd2
    method: GET
  response:
    body: '{"id":"0188d6ca-8aee-4622-bbab-4597f07eddd2","name":"test-cron","environment_variables":{},"organization_id":"105bdce1-64c0-48ab-899d-868455867ecf","project_id":"105bdce1-64c0-48ab-899d-868455867ecf","status":"ready","registry_namespace_id":"c50278cb-4caf-4bed-b659-abcd655f1317","error_message":null,"registry_endpoint":"rg.fr-par.scw.cloud/funcscwtestcrontvpemjl6","description":"","secret_environment_variables":[],"region":"fr-par"}'
    headers:
      Content-Length:
      - "436"
      Content-Security-Policy:
      - default-src 'none'; frame-ancestors 'none'
      Content-Type:
      - application/json
      Date:
      - Wed, 03 Aug 2022 13:23:19 GMT
      Server:
      - Scaleway API-Gateway
      Strict-Transport-Security:
      - max-age=63072000
      X-Content-Type-Options:
      - nosniff
      X-Frame-Options:
      - DENY
      X-Request-Id:
      - e6adc039-6e0d-4e43-8fab-7627af3cf8aa
    status: 200 OK
    code: 200
    duration: ""
- request:
    body: ""
    form: {}
    headers:
      User-Agent:
      - scaleway-sdk-go/v1.0.0-beta.7+dev (go1.18.1; darwin; amd64) terraform-provider/develop
        terraform/terraform-tests
    url: https://api.scaleway.com/functions/v1beta1/regions/fr-par/crons/0129fcf5-a1a5-42d4-93d0-2e2c93a9fb3e
    method: GET
  response:
    body: '{"id":"0129fcf5-a1a5-42d4-93d0-2e2c93a9fb3e","function_id":"37f1b9fe-0cf9-48df-ae3d-dab0b30b5262","schedule":"0
      1 * * *","args":{"my_var":"terraform"},"status":"ready"}'
    headers:
      Content-Length:
      - "168"
      Content-Security-Policy:
      - default-src 'none'; frame-ancestors 'none'
      Content-Type:
      - application/json
      Date:
      - Wed, 03 Aug 2022 13:23:19 GMT
      Server:
      - Scaleway API-Gateway
      Strict-Transport-Security:
      - max-age=63072000
      X-Content-Type-Options:
      - nosniff
      X-Frame-Options:
      - DENY
      X-Request-Id:
      - bd3ab1f6-4e93-4376-9b5d-c050cca10c92
    status: 200 OK
    code: 200
    duration: ""
- request:
    body: ""
    form: {}
    headers:
      User-Agent:
      - scaleway-sdk-go/v1.0.0-beta.7+dev (go1.18.1; darwin; amd64) terraform-provider/develop
        terraform/terraform-tests
    url: https://api.scaleway.com/functions/v1beta1/regions/fr-par/functions/37f1b9fe-0cf9-48df-ae3d-dab0b30b5262
    method: GET
  response:
    body: '{"id":"37f1b9fe-0cf9-48df-ae3d-dab0b30b5262","name":"test-cron","namespace_id":"0188d6ca-8aee-4622-bbab-4597f07eddd2","status":"created","environment_variables":{},"min_scale":0,"max_scale":20,"runtime":"node14","memory_limit":128,"cpu_limit":70,"timeout":"300s","handler":"handler.handle","error_message":null,"privacy":"private","description":"","domain_name":"testcrontvpemjl6-test-cron.functions.fnc.fr-par.scw.cloud","secret_environment_variables":[],"http_option":"","runtime_message":"","region":"fr-par"}'
    headers:
      Content-Length:
      - "512"
      Content-Security-Policy:
      - default-src 'none'; frame-ancestors 'none'
      Content-Type:
      - application/json
      Date:
      - Wed, 03 Aug 2022 13:23:19 GMT
      Server:
      - Scaleway API-Gateway
      Strict-Transport-Security:
      - max-age=63072000
      X-Content-Type-Options:
      - nosniff
      X-Frame-Options:
      - DENY
      X-Request-Id:
      - d3bf9a76-b40d-43f3-b672-3262301e82fc
    status: 200 OK
    code: 200
    duration: ""
- request:
    body: ""
    form: {}
    headers:
      User-Agent:
      - scaleway-sdk-go/v1.0.0-beta.7+dev (go1.18.1; darwin; amd64) terraform-provider/develop
        terraform/terraform-tests
    url: https://api.scaleway.com/functions/v1beta1/regions/fr-par/crons/63a5bbd9-3d0d-4801-b046-ff16a6cbcfa4
    method: GET
  response:
    body: '{"id":"63a5bbd9-3d0d-4801-b046-ff16a6cbcfa4","function_id":"37f1b9fe-0cf9-48df-ae3d-dab0b30b5262","schedule":"0
      0 * * *","args":{"test":"scw"},"status":"ready"}'
    headers:
      Content-Length:
      - "160"
      Content-Security-Policy:
      - default-src 'none'; frame-ancestors 'none'
      Content-Type:
      - application/json
      Date:
      - Wed, 03 Aug 2022 13:23:19 GMT
      Server:
      - Scaleway API-Gateway
      Strict-Transport-Security:
      - max-age=63072000
      X-Content-Type-Options:
      - nosniff
      X-Frame-Options:
      - DENY
      X-Request-Id:
      - bc3ee95d-e105-428d-a229-b73863c4634a
    status: 200 OK
    code: 200
    duration: ""
- request:
    body: ""
    form: {}
    headers:
      User-Agent:
      - scaleway-sdk-go/v1.0.0-beta.7+dev (go1.18.1; darwin; amd64) terraform-provider/develop
        terraform/terraform-tests
    url: https://api.scaleway.com/functions/v1beta1/regions/fr-par/crons/0129fcf5-a1a5-42d4-93d0-2e2c93a9fb3e
    method: GET
  response:
    body: '{"id":"0129fcf5-a1a5-42d4-93d0-2e2c93a9fb3e","function_id":"37f1b9fe-0cf9-48df-ae3d-dab0b30b5262","schedule":"0
      1 * * *","args":{"my_var":"terraform"},"status":"ready"}'
    headers:
      Content-Length:
      - "168"
      Content-Security-Policy:
      - default-src 'none'; frame-ancestors 'none'
      Content-Type:
      - application/json
      Date:
      - Wed, 03 Aug 2022 13:23:19 GMT
      Server:
      - Scaleway API-Gateway
      Strict-Transport-Security:
      - max-age=63072000
      X-Content-Type-Options:
      - nosniff
      X-Frame-Options:
      - DENY
      X-Request-Id:
      - eac23e02-3e6f-43cd-b046-fd3d369634f3
    status: 200 OK
    code: 200
    duration: ""
- request:
    body: ""
    form: {}
    headers:
      User-Agent:
      - scaleway-sdk-go/v1.0.0-beta.7+dev (go1.18.1; darwin; amd64) terraform-provider/develop
        terraform/terraform-tests
    url: https://api.scaleway.com/functions/v1beta1/regions/fr-par/crons/63a5bbd9-3d0d-4801-b046-ff16a6cbcfa4
    method: GET
  response:
    body: '{"id":"63a5bbd9-3d0d-4801-b046-ff16a6cbcfa4","function_id":"37f1b9fe-0cf9-48df-ae3d-dab0b30b5262","schedule":"0
      0 * * *","args":{"test":"scw"},"status":"ready"}'
    headers:
      Content-Length:
      - "160"
      Content-Security-Policy:
      - default-src 'none'; frame-ancestors 'none'
      Content-Type:
      - application/json
      Date:
      - Wed, 03 Aug 2022 13:23:19 GMT
      Server:
      - Scaleway API-Gateway
      Strict-Transport-Security:
      - max-age=63072000
      X-Content-Type-Options:
      - nosniff
      X-Frame-Options:
      - DENY
      X-Request-Id:
      - 9bc07d8f-7e22-48fc-985f-63f26e41b045
    status: 200 OK
    code: 200
    duration: ""
- request:
    body: ""
    form: {}
    headers:
      User-Agent:
      - scaleway-sdk-go/v1.0.0-beta.7+dev (go1.18.1; darwin; amd64) terraform-provider/develop
        terraform/terraform-tests
    url: https://api.scaleway.com/functions/v1beta1/regions/fr-par/crons/0129fcf5-a1a5-42d4-93d0-2e2c93a9fb3e
    method: DELETE
  response:
    body: '{"id":"0129fcf5-a1a5-42d4-93d0-2e2c93a9fb3e","function_id":"37f1b9fe-0cf9-48df-ae3d-dab0b30b5262","schedule":"0
      1 * * *","args":{"my_var":"terraform"},"status":"deleting"}'
    headers:
      Content-Length:
      - "171"
      Content-Security-Policy:
      - default-src 'none'; frame-ancestors 'none'
      Content-Type:
      - application/json
      Date:
      - Wed, 03 Aug 2022 13:23:19 GMT
      Server:
      - Scaleway API-Gateway
      Strict-Transport-Security:
      - max-age=63072000
      X-Content-Type-Options:
      - nosniff
      X-Frame-Options:
      - DENY
      X-Request-Id:
      - dac37330-582e-4fc4-aca1-f312c020663c
    status: 200 OK
    code: 200
    duration: ""
- request:
    body: '{"function_id":null,"schedule":"1 1 * * *","args":{"address":{"city":"Paris","country":"FR"},"age":23,"firstName":"John","isAlive":true,"lastName":"Smith"}}'
    form: {}
    headers:
      Content-Type:
      - application/json
      User-Agent:
      - scaleway-sdk-go/v1.0.0-beta.7+dev (go1.18.1; darwin; amd64) terraform-provider/develop
        terraform/terraform-tests
    url: https://api.scaleway.com/functions/v1beta1/regions/fr-par/crons/63a5bbd9-3d0d-4801-b046-ff16a6cbcfa4
    method: PATCH
  response:
    body: '{"id":"63a5bbd9-3d0d-4801-b046-ff16a6cbcfa4","function_id":"37f1b9fe-0cf9-48df-ae3d-dab0b30b5262","schedule":"1
      1 * * *","args":{"address":{"city":"Paris","country":"FR"},"age":23,"firstName":"John","isAlive":true,"lastName":"Smith"},"status":"ready"}'
    headers:
      Content-Length:
      - "251"
      Content-Security-Policy:
      - default-src 'none'; frame-ancestors 'none'
      Content-Type:
      - application/json
      Date:
      - Wed, 03 Aug 2022 13:23:19 GMT
      Server:
      - Scaleway API-Gateway
      Strict-Transport-Security:
      - max-age=63072000
      X-Content-Type-Options:
      - nosniff
      X-Frame-Options:
      - DENY
      X-Request-Id:
      - a0ea76c9-6747-47fe-8ca7-8179a5a348f2
    status: 200 OK
    code: 200
    duration: ""
- request:
    body: ""
    form: {}
    headers:
      User-Agent:
      - scaleway-sdk-go/v1.0.0-beta.7+dev (go1.18.1; darwin; amd64) terraform-provider/develop
        terraform/terraform-tests
    url: https://api.scaleway.com/functions/v1beta1/regions/fr-par/crons/63a5bbd9-3d0d-4801-b046-ff16a6cbcfa4
    method: GET
  response:
    body: '{"id":"63a5bbd9-3d0d-4801-b046-ff16a6cbcfa4","function_id":"37f1b9fe-0cf9-48df-ae3d-dab0b30b5262","schedule":"1
      1 * * *","args":{"address":{"city":"Paris","country":"FR"},"age":23,"firstName":"John","isAlive":true,"lastName":"Smith"},"status":"ready"}'
    headers:
      Content-Length:
      - "251"
      Content-Security-Policy:
      - default-src 'none'; frame-ancestors 'none'
      Content-Type:
      - application/json
      Date:
      - Wed, 03 Aug 2022 13:23:20 GMT
      Server:
      - Scaleway API-Gateway
      Strict-Transport-Security:
      - max-age=63072000
      X-Content-Type-Options:
      - nosniff
      X-Frame-Options:
      - DENY
      X-Request-Id:
      - a05c7efc-30b0-49bf-b83f-cb8259d71558
    status: 200 OK
    code: 200
    duration: ""
- request:
    body: ""
    form: {}
    headers:
      User-Agent:
      - scaleway-sdk-go/v1.0.0-beta.7+dev (go1.18.1; darwin; amd64) terraform-provider/develop
        terraform/terraform-tests
    url: https://api.scaleway.com/functions/v1beta1/regions/fr-par/crons/63a5bbd9-3d0d-4801-b046-ff16a6cbcfa4
    method: GET
  response:
    body: '{"id":"63a5bbd9-3d0d-4801-b046-ff16a6cbcfa4","function_id":"37f1b9fe-0cf9-48df-ae3d-dab0b30b5262","schedule":"1
      1 * * *","args":{"address":{"city":"Paris","country":"FR"},"age":23,"firstName":"John","isAlive":true,"lastName":"Smith"},"status":"ready"}'
    headers:
      Content-Length:
      - "251"
      Content-Security-Policy:
      - default-src 'none'; frame-ancestors 'none'
      Content-Type:
      - application/json
      Date:
      - Wed, 03 Aug 2022 13:23:20 GMT
      Server:
      - Scaleway API-Gateway
      Strict-Transport-Security:
      - max-age=63072000
      X-Content-Type-Options:
      - nosniff
      X-Frame-Options:
      - DENY
      X-Request-Id:
      - 5b25c749-b300-4de7-a8cb-32a8b06656c5
    status: 200 OK
    code: 200
    duration: ""
- request:
    body: ""
    form: {}
    headers:
      User-Agent:
      - scaleway-sdk-go/v1.0.0-beta.7+dev (go1.18.1; darwin; amd64) terraform-provider/develop
        terraform/terraform-tests
    url: https://api.scaleway.com/functions/v1beta1/regions/fr-par/namespaces/0188d6ca-8aee-4622-bbab-4597f07eddd2
    method: GET
  response:
    body: '{"id":"0188d6ca-8aee-4622-bbab-4597f07eddd2","name":"test-cron","environment_variables":{},"organization_id":"105bdce1-64c0-48ab-899d-868455867ecf","project_id":"105bdce1-64c0-48ab-899d-868455867ecf","status":"ready","registry_namespace_id":"c50278cb-4caf-4bed-b659-abcd655f1317","error_message":null,"registry_endpoint":"rg.fr-par.scw.cloud/funcscwtestcrontvpemjl6","description":"","secret_environment_variables":[],"region":"fr-par"}'
    headers:
      Content-Length:
      - "436"
      Content-Security-Policy:
      - default-src 'none'; frame-ancestors 'none'
      Content-Type:
      - application/json
      Date:
      - Wed, 03 Aug 2022 13:23:20 GMT
      Server:
      - Scaleway API-Gateway
      Strict-Transport-Security:
      - max-age=63072000
      X-Content-Type-Options:
      - nosniff
      X-Frame-Options:
      - DENY
      X-Request-Id:
      - fac4adaa-98fc-4e29-87e5-51f59422ff6e
    status: 200 OK
    code: 200
    duration: ""
- request:
    body: ""
    form: {}
    headers:
      User-Agent:
      - scaleway-sdk-go/v1.0.0-beta.7+dev (go1.18.1; darwin; amd64) terraform-provider/develop
        terraform/terraform-tests
    url: https://api.scaleway.com/functions/v1beta1/regions/fr-par/functions/37f1b9fe-0cf9-48df-ae3d-dab0b30b5262
    method: GET
  response:
    body: '{"id":"37f1b9fe-0cf9-48df-ae3d-dab0b30b5262","name":"test-cron","namespace_id":"0188d6ca-8aee-4622-bbab-4597f07eddd2","status":"created","environment_variables":{},"min_scale":0,"max_scale":20,"runtime":"node14","memory_limit":128,"cpu_limit":70,"timeout":"300s","handler":"handler.handle","error_message":null,"privacy":"private","description":"","domain_name":"testcrontvpemjl6-test-cron.functions.fnc.fr-par.scw.cloud","secret_environment_variables":[],"http_option":"","runtime_message":"","region":"fr-par"}'
    headers:
      Content-Length:
      - "512"
      Content-Security-Policy:
      - default-src 'none'; frame-ancestors 'none'
      Content-Type:
      - application/json
      Date:
      - Wed, 03 Aug 2022 13:23:20 GMT
      Server:
      - Scaleway API-Gateway
      Strict-Transport-Security:
      - max-age=63072000
      X-Content-Type-Options:
      - nosniff
      X-Frame-Options:
      - DENY
      X-Request-Id:
      - 8d7930c1-4748-4b34-8ccc-c73f0e797358
    status: 200 OK
    code: 200
    duration: ""
- request:
    body: ""
    form: {}
    headers:
      User-Agent:
      - scaleway-sdk-go/v1.0.0-beta.7+dev (go1.18.1; darwin; amd64) terraform-provider/develop
        terraform/terraform-tests
    url: https://api.scaleway.com/functions/v1beta1/regions/fr-par/crons/63a5bbd9-3d0d-4801-b046-ff16a6cbcfa4
    method: GET
  response:
    body: '{"id":"63a5bbd9-3d0d-4801-b046-ff16a6cbcfa4","function_id":"37f1b9fe-0cf9-48df-ae3d-dab0b30b5262","schedule":"1
      1 * * *","args":{"address":{"city":"Paris","country":"FR"},"age":23,"firstName":"John","isAlive":true,"lastName":"Smith"},"status":"ready"}'
    headers:
      Content-Length:
      - "251"
      Content-Security-Policy:
      - default-src 'none'; frame-ancestors 'none'
      Content-Type:
      - application/json
      Date:
      - Wed, 03 Aug 2022 13:23:20 GMT
      Server:
      - Scaleway API-Gateway
      Strict-Transport-Security:
      - max-age=63072000
      X-Content-Type-Options:
      - nosniff
      X-Frame-Options:
      - DENY
      X-Request-Id:
      - ab6a139a-ffc1-4bea-9a40-47e134240034
    status: 200 OK
    code: 200
    duration: ""
- request:
    body: ""
    form: {}
    headers:
      User-Agent:
      - scaleway-sdk-go/v1.0.0-beta.7+dev (go1.18.1; darwin; amd64) terraform-provider/develop
        terraform/terraform-tests
    url: https://api.scaleway.com/functions/v1beta1/regions/fr-par/crons/63a5bbd9-3d0d-4801-b046-ff16a6cbcfa4
    method: GET
  response:
    body: '{"id":"63a5bbd9-3d0d-4801-b046-ff16a6cbcfa4","function_id":"37f1b9fe-0cf9-48df-ae3d-dab0b30b5262","schedule":"1
      1 * * *","args":{"address":{"city":"Paris","country":"FR"},"age":23,"firstName":"John","isAlive":true,"lastName":"Smith"},"status":"ready"}'
    headers:
      Content-Length:
      - "251"
      Content-Security-Policy:
      - default-src 'none'; frame-ancestors 'none'
      Content-Type:
      - application/json
      Date:
      - Wed, 03 Aug 2022 13:23:21 GMT
      Server:
      - Scaleway API-Gateway
      Strict-Transport-Security:
      - max-age=63072000
      X-Content-Type-Options:
      - nosniff
      X-Frame-Options:
      - DENY
      X-Request-Id:
      - 8e910ac9-d06c-4ab0-9108-4b896f6acb03
    status: 200 OK
    code: 200
    duration: ""
- request:
    body: ""
    form: {}
    headers:
      User-Agent:
      - scaleway-sdk-go/v1.0.0-beta.7+dev (go1.18.1; darwin; amd64) terraform-provider/develop
        terraform/terraform-tests
    url: https://api.scaleway.com/functions/v1beta1/regions/fr-par/crons/63a5bbd9-3d0d-4801-b046-ff16a6cbcfa4
    method: DELETE
  response:
    body: '{"id":"63a5bbd9-3d0d-4801-b046-ff16a6cbcfa4","function_id":"37f1b9fe-0cf9-48df-ae3d-dab0b30b5262","schedule":"1
      1 * * *","args":{"address":{"city":"Paris","country":"FR"},"age":23,"firstName":"John","isAlive":true,"lastName":"Smith"},"status":"deleting"}'
    headers:
      Content-Length:
      - "254"
      Content-Security-Policy:
      - default-src 'none'; frame-ancestors 'none'
      Content-Type:
      - application/json
      Date:
      - Wed, 03 Aug 2022 13:23:21 GMT
      Server:
      - Scaleway API-Gateway
      Strict-Transport-Security:
      - max-age=63072000
      X-Content-Type-Options:
      - nosniff
      X-Frame-Options:
      - DENY
      X-Request-Id:
      - caacb70f-2bde-420c-be50-964e42f7af7e
    status: 200 OK
    code: 200
    duration: ""
- request:
    body: ""
    form: {}
    headers:
      User-Agent:
      - scaleway-sdk-go/v1.0.0-beta.7+dev (go1.18.1; darwin; amd64) terraform-provider/develop
        terraform/terraform-tests
    url: https://api.scaleway.com/functions/v1beta1/regions/fr-par/functions/37f1b9fe-0cf9-48df-ae3d-dab0b30b5262
    method: GET
  response:
    body: '{"id":"37f1b9fe-0cf9-48df-ae3d-dab0b30b5262","name":"test-cron","namespace_id":"0188d6ca-8aee-4622-bbab-4597f07eddd2","status":"created","environment_variables":{},"min_scale":0,"max_scale":20,"runtime":"node14","memory_limit":128,"cpu_limit":70,"timeout":"300s","handler":"handler.handle","error_message":null,"privacy":"private","description":"","domain_name":"testcrontvpemjl6-test-cron.functions.fnc.fr-par.scw.cloud","secret_environment_variables":[],"http_option":"","runtime_message":"","region":"fr-par"}'
    headers:
      Content-Length:
      - "512"
      Content-Security-Policy:
      - default-src 'none'; frame-ancestors 'none'
      Content-Type:
      - application/json
      Date:
      - Wed, 03 Aug 2022 13:23:21 GMT
      Server:
      - Scaleway API-Gateway
      Strict-Transport-Security:
      - max-age=63072000
      X-Content-Type-Options:
      - nosniff
      X-Frame-Options:
      - DENY
      X-Request-Id:
      - a7c81498-dcfd-4cb6-849e-bd1b4aac3a08
    status: 200 OK
    code: 200
    duration: ""
- request:
    body: ""
    form: {}
    headers:
      User-Agent:
      - scaleway-sdk-go/v1.0.0-beta.7+dev (go1.18.1; darwin; amd64) terraform-provider/develop
        terraform/terraform-tests
    url: https://api.scaleway.com/functions/v1beta1/regions/fr-par/functions/37f1b9fe-0cf9-48df-ae3d-dab0b30b5262
    method: DELETE
  response:
    body: '{"id":"37f1b9fe-0cf9-48df-ae3d-dab0b30b5262","name":"test-cron","namespace_id":"0188d6ca-8aee-4622-bbab-4597f07eddd2","status":"deleting","environment_variables":{},"min_scale":0,"max_scale":20,"runtime":"node14","memory_limit":128,"cpu_limit":70,"timeout":"300s","handler":"handler.handle","error_message":null,"privacy":"private","description":"","domain_name":"testcrontvpemjl6-test-cron.functions.fnc.fr-par.scw.cloud","secret_environment_variables":[],"http_option":"","runtime_message":"","region":"fr-par"}'
    headers:
      Content-Length:
      - "513"
      Content-Security-Policy:
      - default-src 'none'; frame-ancestors 'none'
      Content-Type:
      - application/json
      Date:
      - Wed, 03 Aug 2022 13:23:22 GMT
      Server:
      - Scaleway API-Gateway
      Strict-Transport-Security:
      - max-age=63072000
      X-Content-Type-Options:
      - nosniff
      X-Frame-Options:
      - DENY
      X-Request-Id:
      - 65f73bb2-cf25-4a88-b88d-9306b5f428bf
    status: 200 OK
    code: 200
    duration: ""
- request:
    body: ""
    form: {}
    headers:
      User-Agent:
      - scaleway-sdk-go/v1.0.0-beta.7+dev (go1.18.1; darwin; amd64) terraform-provider/develop
        terraform/terraform-tests
    url: https://api.scaleway.com/functions/v1beta1/regions/fr-par/namespaces/0188d6ca-8aee-4622-bbab-4597f07eddd2
    method: GET
  response:
    body: '{"id":"0188d6ca-8aee-4622-bbab-4597f07eddd2","name":"test-cron","environment_variables":{},"organization_id":"105bdce1-64c0-48ab-899d-868455867ecf","project_id":"105bdce1-64c0-48ab-899d-868455867ecf","status":"ready","registry_namespace_id":"c50278cb-4caf-4bed-b659-abcd655f1317","error_message":null,"registry_endpoint":"rg.fr-par.scw.cloud/funcscwtestcrontvpemjl6","description":"","secret_environment_variables":[],"region":"fr-par"}'
    headers:
      Content-Length:
      - "436"
      Content-Security-Policy:
      - default-src 'none'; frame-ancestors 'none'
      Content-Type:
      - application/json
      Date:
      - Wed, 03 Aug 2022 13:23:22 GMT
      Server:
      - Scaleway API-Gateway
      Strict-Transport-Security:
      - max-age=63072000
      X-Content-Type-Options:
      - nosniff
      X-Frame-Options:
      - DENY
      X-Request-Id:
      - 10213927-db16-444b-a9b1-84369dbe2261
    status: 200 OK
    code: 200
    duration: ""
- request:
    body: ""
    form: {}
    headers:
      User-Agent:
      - scaleway-sdk-go/v1.0.0-beta.7+dev (go1.18.1; darwin; amd64) terraform-provider/develop
        terraform/terraform-tests
    url: https://api.scaleway.com/functions/v1beta1/regions/fr-par/namespaces/0188d6ca-8aee-4622-bbab-4597f07eddd2
    method: DELETE
  response:
    body: '{"id":"0188d6ca-8aee-4622-bbab-4597f07eddd2","name":"test-cron","environment_variables":{},"organization_id":"105bdce1-64c0-48ab-899d-868455867ecf","project_id":"105bdce1-64c0-48ab-899d-868455867ecf","status":"deleting","registry_namespace_id":"c50278cb-4caf-4bed-b659-abcd655f1317","error_message":null,"registry_endpoint":"rg.fr-par.scw.cloud/funcscwtestcrontvpemjl6","description":"","secret_environment_variables":[],"region":"fr-par"}'
    headers:
      Content-Length:
      - "439"
      Content-Security-Policy:
      - default-src 'none'; frame-ancestors 'none'
      Content-Type:
      - application/json
      Date:
      - Wed, 03 Aug 2022 13:23:22 GMT
      Server:
      - Scaleway API-Gateway
      Strict-Transport-Security:
      - max-age=63072000
      X-Content-Type-Options:
      - nosniff
      X-Frame-Options:
      - DENY
      X-Request-Id:
      - 1ed1a639-44f8-49c9-bd58-f9a04d829420
    status: 200 OK
    code: 200
    duration: ""
- request:
    body: ""
    form: {}
    headers:
      User-Agent:
      - scaleway-sdk-go/v1.0.0-beta.7+dev (go1.18.1; darwin; amd64) terraform-provider/develop
        terraform/terraform-tests
    url: https://api.scaleway.com/functions/v1beta1/regions/fr-par/namespaces/0188d6ca-8aee-4622-bbab-4597f07eddd2
    method: GET
  response:
    body: '{"id":"0188d6ca-8aee-4622-bbab-4597f07eddd2","name":"test-cron","environment_variables":{},"organization_id":"105bdce1-64c0-48ab-899d-868455867ecf","project_id":"105bdce1-64c0-48ab-899d-868455867ecf","status":"deleting","registry_namespace_id":"c50278cb-4caf-4bed-b659-abcd655f1317","error_message":null,"registry_endpoint":"rg.fr-par.scw.cloud/funcscwtestcrontvpemjl6","description":"","secret_environment_variables":[],"region":"fr-par"}'
    headers:
      Content-Length:
      - "439"
      Content-Security-Policy:
      - default-src 'none'; frame-ancestors 'none'
      Content-Type:
      - application/json
      Date:
      - Wed, 03 Aug 2022 13:23:22 GMT
      Server:
      - Scaleway API-Gateway
      Strict-Transport-Security:
      - max-age=63072000
      X-Content-Type-Options:
      - nosniff
      X-Frame-Options:
      - DENY
      X-Request-Id:
      - d4083241-dba2-4389-a186-81a1410ec61d
    status: 200 OK
    code: 200
    duration: ""
- request:
    body: ""
    form: {}
    headers:
      User-Agent:
      - scaleway-sdk-go/v1.0.0-beta.7+dev (go1.18.1; darwin; amd64) terraform-provider/develop
        terraform/terraform-tests
    url: https://api.scaleway.com/functions/v1beta1/regions/fr-par/namespaces/0188d6ca-8aee-4622-bbab-4597f07eddd2
    method: GET
  response:
    body: '{"message":"Namespace was not found"}'
    headers:
      Content-Length:
      - "37"
      Content-Security-Policy:
      - default-src 'none'; frame-ancestors 'none'
      Content-Type:
      - application/json
      Date:
      - Wed, 03 Aug 2022 13:23:27 GMT
      Server:
      - Scaleway API-Gateway
      Strict-Transport-Security:
      - max-age=63072000
      X-Content-Type-Options:
      - nosniff
      X-Frame-Options:
      - DENY
      X-Request-Id:
      - e9e98ef5-aa3c-4f60-beac-a93d7bdaad94
    status: 404 Not Found
    code: 404
    duration: ""
- request:
    body: ""
    form: {}
    headers:
      User-Agent:
      - scaleway-sdk-go/v1.0.0-beta.7+dev (go1.18.1; darwin; amd64) terraform-provider/develop
        terraform/terraform-tests
    url: https://api.scaleway.com/functions/v1beta1/regions/fr-par/namespaces/0188d6ca-8aee-4622-bbab-4597f07eddd2
    method: DELETE
  response:
    body: '{"message":"Namespace was not found"}'
    headers:
      Content-Length:
      - "37"
      Content-Security-Policy:
      - default-src 'none'; frame-ancestors 'none'
      Content-Type:
      - application/json
      Date:
      - Wed, 03 Aug 2022 13:23:27 GMT
      Server:
      - Scaleway API-Gateway
      Strict-Transport-Security:
      - max-age=63072000
      X-Content-Type-Options:
      - nosniff
      X-Frame-Options:
      - DENY
      X-Request-Id:
      - 71741091-ccdf-44ea-9514-8b4d51bf8a50
    status: 404 Not Found
    code: 404
    duration: ""
