---
version: 1
interactions:
- request:
    body: '{"name":"third app","organization_id":"458f88ce-0f70-48b5-834d-5304b8b76253","description":""}'
    form: {}
    headers:
      Content-Type:
      - application/json
      User-Agent:
      - scaleway-sdk-go/v1.0.0-beta.7+dev (go1.18.2; linux; amd64) terraform-provider/develop
        terraform/terraform-tests
    url: https://api.scaleway.com/iam/v1alpha1/applications
    method: POST
  response:
    body: '{"id":"65ba93bb-a1d9-4f46-8dfb-ff087b95a986","name":"third app","description":"","created_at":"2022-06-30T14:27:39.330338Z","updated_at":"2022-06-30T14:27:39.330338Z","organization_id":"458f88ce-0f70-48b5-834d-5304b8b76253","editable":true,"nb_api_keys":0}'
    headers:
      Content-Length:
      - "256"
      Content-Security-Policy:
      - default-src 'none'; frame-ancestors 'none'
      Content-Type:
      - application/json
      Date:
      - Thu, 30 Jun 2022 14:27:39 GMT
      Server:
      - Scaleway API-Gateway
      Strict-Transport-Security:
      - max-age=63072000
      X-Content-Type-Options:
      - nosniff
      X-Frame-Options:
      - DENY
      X-Request-Id:
      - 2a8adde3-2577-4d04-bb64-a3870d024f39
    status: 200 OK
    code: 200
    duration: ""
- request:
    body: ""
    form: {}
    headers:
      User-Agent:
      - scaleway-sdk-go/v1.0.0-beta.7+dev (go1.18.2; linux; amd64) terraform-provider/develop
        terraform/terraform-tests
    url: https://api.scaleway.com/iam/v1alpha1/applications/65ba93bb-a1d9-4f46-8dfb-ff087b95a986
    method: GET
  response:
    body: '{"id":"65ba93bb-a1d9-4f46-8dfb-ff087b95a986","name":"third app","description":"","created_at":"2022-06-30T14:27:39.330338Z","updated_at":"2022-06-30T14:27:39.330338Z","organization_id":"458f88ce-0f70-48b5-834d-5304b8b76253","editable":true,"nb_api_keys":0}'
    headers:
      Content-Length:
      - "256"
      Content-Security-Policy:
      - default-src 'none'; frame-ancestors 'none'
      Content-Type:
      - application/json
      Date:
      - Thu, 30 Jun 2022 14:27:39 GMT
      Server:
      - Scaleway API-Gateway
      Strict-Transport-Security:
      - max-age=63072000
      X-Content-Type-Options:
      - nosniff
      X-Frame-Options:
      - DENY
      X-Request-Id:
      - 1371fd8c-ea1c-4af6-8b76-54f375b5d45a
    status: 200 OK
    code: 200
    duration: ""
- request:
    body: '{"organization_id":"458f88ce-0f70-48b5-834d-5304b8b76253","name":"iam_group_app","description":""}'
    form: {}
    headers:
      Content-Type:
      - application/json
      User-Agent:
      - scaleway-sdk-go/v1.0.0-beta.7+dev (go1.18.2; linux; amd64) terraform-provider/develop
        terraform/terraform-tests
    url: https://api.scaleway.com/iam/v1alpha1/groups
    method: POST
  response:
    body: '{"id":"4d400673-a28f-4cf4-ad4c-2bafb5e1fbaf","created_at":"2022-06-30T14:27:39.911195Z","updated_at":"2022-06-30T14:27:39.911195Z","organization_id":"458f88ce-0f70-48b5-834d-5304b8b76253","name":"iam_group_app","description":"","user_ids":[],"application_ids":[]}'
    headers:
      Content-Length:
      - "263"
      Content-Security-Policy:
      - default-src 'none'; frame-ancestors 'none'
      Content-Type:
      - application/json
      Date:
      - Thu, 30 Jun 2022 14:27:39 GMT
      Server:
      - Scaleway API-Gateway
      Strict-Transport-Security:
      - max-age=63072000
      X-Content-Type-Options:
      - nosniff
      X-Frame-Options:
      - DENY
      X-Request-Id:
      - d2b09c00-1378-4990-9068-a980a7f2646a
    status: 200 OK
    code: 200
    duration: ""
- request:
    body: '{"user_ids":["29c31dd4-8ea1-4927-82d9-a0620e04773f"],"application_ids":["65ba93bb-a1d9-4f46-8dfb-ff087b95a986"]}'
    form: {}
    headers:
      Content-Type:
      - application/json
      User-Agent:
      - scaleway-sdk-go/v1.0.0-beta.7+dev (go1.18.2; linux; amd64) terraform-provider/develop
        terraform/terraform-tests
    url: https://api.scaleway.com/iam/v1alpha1/groups/4d400673-a28f-4cf4-ad4c-2bafb5e1fbaf/members
    method: PUT
  response:
    body: '{"id":"4d400673-a28f-4cf4-ad4c-2bafb5e1fbaf","created_at":"2022-06-30T14:27:39.911195Z","updated_at":"2022-06-30T14:27:39.911195Z","organization_id":"458f88ce-0f70-48b5-834d-5304b8b76253","name":"iam_group_app","description":"","user_ids":["29c31dd4-8ea1-4927-82d9-a0620e04773f"],"application_ids":["65ba93bb-a1d9-4f46-8dfb-ff087b95a986"]}'
    headers:
      Content-Length:
      - "339"
      Content-Security-Policy:
      - default-src 'none'; frame-ancestors 'none'
      Content-Type:
      - application/json
      Date:
      - Thu, 30 Jun 2022 14:27:40 GMT
      Server:
      - Scaleway API-Gateway
      Strict-Transport-Security:
      - max-age=63072000
      X-Content-Type-Options:
      - nosniff
      X-Frame-Options:
      - DENY
      X-Request-Id:
      - 3e49ae49-3dc6-434c-a8dc-c25f0100f4fc
    status: 200 OK
    code: 200
    duration: ""
- request:
    body: ""
    form: {}
    headers:
      User-Agent:
      - scaleway-sdk-go/v1.0.0-beta.7+dev (go1.18.2; linux; amd64) terraform-provider/develop
        terraform/terraform-tests
    url: https://api.scaleway.com/iam/v1alpha1/groups/4d400673-a28f-4cf4-ad4c-2bafb5e1fbaf
    method: GET
  response:
    body: '{"id":"4d400673-a28f-4cf4-ad4c-2bafb5e1fbaf","created_at":"2022-06-30T14:27:39.911195Z","updated_at":"2022-06-30T14:27:39.911195Z","organization_id":"458f88ce-0f70-48b5-834d-5304b8b76253","name":"iam_group_app","description":"","user_ids":["29c31dd4-8ea1-4927-82d9-a0620e04773f"],"application_ids":["65ba93bb-a1d9-4f46-8dfb-ff087b95a986"]}'
    headers:
      Content-Length:
      - "339"
      Content-Security-Policy:
      - default-src 'none'; frame-ancestors 'none'
      Content-Type:
      - application/json
      Date:
      - Thu, 30 Jun 2022 14:27:40 GMT
      Server:
      - Scaleway API-Gateway
      Strict-Transport-Security:
      - max-age=63072000
      X-Content-Type-Options:
      - nosniff
      X-Frame-Options:
      - DENY
      X-Request-Id:
      - 30b66b8b-20e7-4d53-9a11-7c790ac5b5c5
    status: 200 OK
    code: 200
    duration: ""
- request:
    body: ""
    form: {}
    headers:
      User-Agent:
      - scaleway-sdk-go/v1.0.0-beta.7+dev (go1.18.2; linux; amd64) terraform-provider/develop
        terraform/terraform-tests
    url: https://api.scaleway.com/iam/v1alpha1/groups/4d400673-a28f-4cf4-ad4c-2bafb5e1fbaf
    method: GET
  response:
    body: '{"id":"4d400673-a28f-4cf4-ad4c-2bafb5e1fbaf","created_at":"2022-06-30T14:27:39.911195Z","updated_at":"2022-06-30T14:27:39.911195Z","organization_id":"458f88ce-0f70-48b5-834d-5304b8b76253","name":"iam_group_app","description":"","user_ids":["29c31dd4-8ea1-4927-82d9-a0620e04773f"],"application_ids":["65ba93bb-a1d9-4f46-8dfb-ff087b95a986"]}'
    headers:
      Content-Length:
      - "339"
      Content-Security-Policy:
      - default-src 'none'; frame-ancestors 'none'
      Content-Type:
      - application/json
      Date:
      - Thu, 30 Jun 2022 14:27:40 GMT
      Server:
      - Scaleway API-Gateway
      Strict-Transport-Security:
      - max-age=63072000
      X-Content-Type-Options:
      - nosniff
      X-Frame-Options:
      - DENY
      X-Request-Id:
      - b2d838dd-5c7d-47e3-9c85-d87f161edb13
    status: 200 OK
    code: 200
    duration: ""
- request:
    body: ""
    form: {}
    headers:
      User-Agent:
      - scaleway-sdk-go/v1.0.0-beta.7+dev (go1.18.2; linux; amd64) terraform-provider/develop
        terraform/terraform-tests
    url: https://api.scaleway.com/iam/v1alpha1/groups/4d400673-a28f-4cf4-ad4c-2bafb5e1fbaf
    method: DELETE
  response:
    body: ""
    headers:
      Content-Security-Policy:
      - default-src 'none'; frame-ancestors 'none'
      Content-Type:
      - application/json
      Date:
      - Thu, 30 Jun 2022 14:27:41 GMT
      Server:
      - Scaleway API-Gateway
      Strict-Transport-Security:
      - max-age=63072000
      X-Content-Type-Options:
      - nosniff
      X-Frame-Options:
      - DENY
      X-Request-Id:
      - 53072a16-d5ff-413d-b262-885115205196
    status: 204 No Content
    code: 204
    duration: ""
- request:
    body: ""
    form: {}
    headers:
      User-Agent:
      - scaleway-sdk-go/v1.0.0-beta.7+dev (go1.18.2; linux; amd64) terraform-provider/develop
        terraform/terraform-tests
    url: https://api.scaleway.com/iam/v1alpha1/applications/65ba93bb-a1d9-4f46-8dfb-ff087b95a986
    method: DELETE
  response:
    body: ""
    headers:
      Content-Security-Policy:
      - default-src 'none'; frame-ancestors 'none'
      Content-Type:
      - application/json
      Date:
      - Thu, 30 Jun 2022 14:27:41 GMT
      Server:
      - Scaleway API-Gateway
      Strict-Transport-Security:
      - max-age=63072000
      X-Content-Type-Options:
      - nosniff
      X-Frame-Options:
      - DENY
      X-Request-Id:
      - 3586df2e-cddd-4127-9906-93ee79a5c5f6
    status: 204 No Content
    code: 204
    duration: ""
- request:
    body: ""
    form: {}
    headers:
      User-Agent:
      - scaleway-sdk-go/v1.0.0-beta.7+dev (go1.18.2; linux; amd64) terraform-provider/develop
        terraform/terraform-tests
    url: https://api.scaleway.com/iam/v1alpha1/groups/4d400673-a28f-4cf4-ad4c-2bafb5e1fbaf
    method: GET
  response:
    body: '{"message":"resource is not found","resource":"group","resource_id":"4d400673-a28f-4cf4-ad4c-2bafb5e1fbaf","type":"not_found"}'
    headers:
      Content-Length:
      - "126"
      Content-Security-Policy:
      - default-src 'none'; frame-ancestors 'none'
      Content-Type:
      - application/json
      Date:
      - Thu, 30 Jun 2022 14:27:41 GMT
      Server:
      - Scaleway API-Gateway
      Strict-Transport-Security:
      - max-age=63072000
      X-Content-Type-Options:
      - nosniff
      X-Frame-Options:
      - DENY
      X-Request-Id:
      - 0f29dcdb-3d08-4926-8685-b65015b0a56d
    status: 404 Not Found
    code: 404
    duration: ""
- request:
    body: ""
    form: {}
    headers:
      User-Agent:
      - scaleway-sdk-go/v1.0.0-beta.7+dev (go1.18.2; linux; amd64) terraform-provider/develop
        terraform/terraform-tests
    url: https://api.scaleway.com/iam/v1alpha1/applications/65ba93bb-a1d9-4f46-8dfb-ff087b95a986
    method: GET
  response:
    body: '{"message":"resource is not found","resource":"application","resource_id":"65ba93bb-a1d9-4f46-8dfb-ff087b95a986","type":"not_found"}'
    headers:
      Content-Length:
      - "132"
      Content-Security-Policy:
      - default-src 'none'; frame-ancestors 'none'
      Content-Type:
      - application/json
      Date:
      - Thu, 30 Jun 2022 14:27:41 GMT
      Server:
      - Scaleway API-Gateway
      Strict-Transport-Security:
      - max-age=63072000
      X-Content-Type-Options:
      - nosniff
      X-Frame-Options:
      - DENY
      X-Request-Id:
      - 087d12a2-8b69-4b49-a397-3199ee3fad75
    status: 404 Not Found
    code: 404
    duration: ""
