---
version: 1
interactions:
- request:
    body: '{"organization_id":"458f88ce-0f70-48b5-834d-5304b8b76253","name":"iam_group_user","description":""}'
    form: {}
    headers:
      Content-Type:
      - application/json
      User-Agent:
      - scaleway-sdk-go/v1.0.0-beta.7+dev (go1.18.2; linux; amd64) terraform-provider/develop
        terraform/terraform-tests
    url: https://api.scaleway.com/iam/v1alpha1/groups
    method: POST
  response:
    body: '{"id":"a2e9f43b-9da9-41a7-9283-2c13379caef2","created_at":"2022-06-30T14:27:39.323642Z","updated_at":"2022-06-30T14:27:39.323642Z","organization_id":"458f88ce-0f70-48b5-834d-5304b8b76253","name":"iam_group_user","description":"","user_ids":[],"application_ids":[]}'
    headers:
      Content-Length:
      - "264"
      Content-Security-Policy:
      - default-src 'none'; frame-ancestors 'none'
      Content-Type:
      - application/json
      Date:
      - Thu, 30 Jun 2022 14:27:39 GMT
      Server:
      - Scaleway API-Gateway
      Strict-Transport-Security:
      - max-age=63072000
      X-Content-Type-Options:
      - nosniff
      X-Frame-Options:
      - DENY
      X-Request-Id:
      - f70a5ad7-789b-4272-8e65-1fb959d6b687
    status: 200 OK
    code: 200
    duration: ""
- request:
    body: '{"user_ids":["29c31dd4-8ea1-4927-82d9-a0620e04773f"],"application_ids":null}'
    form: {}
    headers:
      Content-Type:
      - application/json
      User-Agent:
      - scaleway-sdk-go/v1.0.0-beta.7+dev (go1.18.2; linux; amd64) terraform-provider/develop
        terraform/terraform-tests
    url: https://api.scaleway.com/iam/v1alpha1/groups/a2e9f43b-9da9-41a7-9283-2c13379caef2/members
    method: PUT
  response:
    body: '{"id":"a2e9f43b-9da9-41a7-9283-2c13379caef2","created_at":"2022-06-30T14:27:39.323642Z","updated_at":"2022-06-30T14:27:39.323642Z","organization_id":"458f88ce-0f70-48b5-834d-5304b8b76253","name":"iam_group_user","description":"","user_ids":["29c31dd4-8ea1-4927-82d9-a0620e04773f"],"application_ids":[]}'
    headers:
      Content-Length:
      - "302"
      Content-Security-Policy:
      - default-src 'none'; frame-ancestors 'none'
      Content-Type:
      - application/json
      Date:
      - Thu, 30 Jun 2022 14:27:39 GMT
      Server:
      - Scaleway API-Gateway
      Strict-Transport-Security:
      - max-age=63072000
      X-Content-Type-Options:
      - nosniff
      X-Frame-Options:
      - DENY
      X-Request-Id:
      - 9c19b545-5b52-4a01-832f-01fd15b76cb6
    status: 200 OK
    code: 200
    duration: ""
- request:
    body: ""
    form: {}
    headers:
      User-Agent:
      - scaleway-sdk-go/v1.0.0-beta.7+dev (go1.18.2; linux; amd64) terraform-provider/develop
        terraform/terraform-tests
    url: https://api.scaleway.com/iam/v1alpha1/groups/a2e9f43b-9da9-41a7-9283-2c13379caef2
    method: GET
  response:
    body: '{"id":"a2e9f43b-9da9-41a7-9283-2c13379caef2","created_at":"2022-06-30T14:27:39.323642Z","updated_at":"2022-06-30T14:27:39.323642Z","organization_id":"458f88ce-0f70-48b5-834d-5304b8b76253","name":"iam_group_user","description":"","user_ids":["29c31dd4-8ea1-4927-82d9-a0620e04773f"],"application_ids":[]}'
    headers:
      Content-Length:
      - "302"
      Content-Security-Policy:
      - default-src 'none'; frame-ancestors 'none'
      Content-Type:
      - application/json
      Date:
      - Thu, 30 Jun 2022 14:27:39 GMT
      Server:
      - Scaleway API-Gateway
      Strict-Transport-Security:
      - max-age=63072000
      X-Content-Type-Options:
      - nosniff
      X-Frame-Options:
      - DENY
      X-Request-Id:
      - d8efd9de-e2f4-40f9-9fc8-99997faf3bb8
    status: 200 OK
    code: 200
    duration: ""
- request:
    body: ""
    form: {}
    headers:
      User-Agent:
      - scaleway-sdk-go/v1.0.0-beta.7+dev (go1.18.2; linux; amd64) terraform-provider/develop
        terraform/terraform-tests
    url: https://api.scaleway.com/iam/v1alpha1/groups/a2e9f43b-9da9-41a7-9283-2c13379caef2
    method: GET
  response:
    body: '{"id":"a2e9f43b-9da9-41a7-9283-2c13379caef2","created_at":"2022-06-30T14:27:39.323642Z","updated_at":"2022-06-30T14:27:39.323642Z","organization_id":"458f88ce-0f70-48b5-834d-5304b8b76253","name":"iam_group_user","description":"","user_ids":["29c31dd4-8ea1-4927-82d9-a0620e04773f"],"application_ids":[]}'
    headers:
      Content-Length:
      - "302"
      Content-Security-Policy:
      - default-src 'none'; frame-ancestors 'none'
      Content-Type:
      - application/json
      Date:
      - Thu, 30 Jun 2022 14:27:40 GMT
      Server:
      - Scaleway API-Gateway
      Strict-Transport-Security:
      - max-age=63072000
      X-Content-Type-Options:
      - nosniff
      X-Frame-Options:
      - DENY
      X-Request-Id:
      - 8bf2b57f-2678-45ac-ad71-e2da7144c434
    status: 200 OK
    code: 200
    duration: ""
- request:
    body: ""
    form: {}
    headers:
      User-Agent:
      - scaleway-sdk-go/v1.0.0-beta.7+dev (go1.18.2; linux; amd64) terraform-provider/develop
        terraform/terraform-tests
    url: https://api.scaleway.com/iam/v1alpha1/groups/a2e9f43b-9da9-41a7-9283-2c13379caef2
    method: DELETE
  response:
    body: ""
    headers:
      Content-Security-Policy:
      - default-src 'none'; frame-ancestors 'none'
      Content-Type:
      - application/json
      Date:
      - Thu, 30 Jun 2022 14:27:41 GMT
      Server:
      - Scaleway API-Gateway
      Strict-Transport-Security:
      - max-age=63072000
      X-Content-Type-Options:
      - nosniff
      X-Frame-Options:
      - DENY
      X-Request-Id:
      - ad0e5785-840a-4a33-a092-af4cd471b845
    status: 204 No Content
    code: 204
    duration: ""
- request:
    body: ""
    form: {}
    headers:
      User-Agent:
      - scaleway-sdk-go/v1.0.0-beta.7+dev (go1.18.2; linux; amd64) terraform-provider/develop
        terraform/terraform-tests
    url: https://api.scaleway.com/iam/v1alpha1/groups/a2e9f43b-9da9-41a7-9283-2c13379caef2
    method: GET
  response:
    body: '{"message":"resource is not found","resource":"group","resource_id":"a2e9f43b-9da9-41a7-9283-2c13379caef2","type":"not_found"}'
    headers:
      Content-Length:
      - "126"
      Content-Security-Policy:
      - default-src 'none'; frame-ancestors 'none'
      Content-Type:
      - application/json
      Date:
      - Thu, 30 Jun 2022 14:27:41 GMT
      Server:
      - Scaleway API-Gateway
      Strict-Transport-Security:
      - max-age=63072000
      X-Content-Type-Options:
      - nosniff
      X-Frame-Options:
      - DENY
      X-Request-Id:
      - 3605530f-1d08-408b-a209-e84f5ced817b
    status: 404 Not Found
    code: 404
    duration: ""
