---
version: 1
interactions:
- request:
    body: '{"name":"TestAccScalewayIamSSHKey_ChangeResourceName","public_key":"ssh-ed25519
      AAAAC3NzaC1lZDI1NTE5AAAAICJEoOOgQBLJPs4g/XcPTKT82NywNPpxeuA20FlOPlpO opensource@scaleway.com","project_id":"012eb4a7-a183-4fed-89fa-6ae2013bcf60"}'
    form: {}
    headers:
      Content-Type:
      - application/json
      User-Agent:
      - scaleway-sdk-go/v1.0.0-beta.7+dev (go1.18.3; darwin; amd64) terraform-provider/develop
        terraform/terraform-tests
    url: https://api.scaleway.com/iam/v1alpha1/ssh-keys
    method: POST
  response:
    body: '{"id":"851075c1-3ddf-4a4b-a39a-8f694a537b3e","name":"TestAccScalewayIamSSHKey_ChangeResourceName","public_key":"ssh-ed25519
      AAAAC3NzaC1lZDI1NTE5AAAAICJEoOOgQBLJPs4g/XcPTKT82NywNPpxeuA20FlOPlpO opensource@scaleway.com","fingerprint":"256
      MD5:6b:cd:72:8a:ae:45:24:4b:2b:72:f6:d0:6a:8d:16:06 opensource@scaleway.com
      (ssh-ed25519)","created_at":"2022-06-24T13:37:46.838410Z","updated_at":"2022-06-24T13:37:46.838410Z","organization_id":"012eb4a7-a183-4fed-89fa-6ae2013bcf60","project_id":"012eb4a7-a183-4fed-89fa-6ae2013bcf60","disabled":false}'
    headers:
      Content-Length:
      - "540"
      Content-Security-Policy:
      - default-src 'none'; frame-ancestors 'none'
      Content-Type:
      - application/json
      Date:
      - Fri, 24 Jun 2022 13:37:46 GMT
      Server:
      - Scaleway API-Gateway
      Strict-Transport-Security:
      - max-age=63072000
      X-Content-Type-Options:
      - nosniff
      X-Frame-Options:
      - DENY
      X-Request-Id:
      - b96a8844-d7ed-44a9-9da5-07ebfefcf78b
    status: 200 OK
    code: 200
    duration: ""
- request:
    body: ""
    form: {}
    headers:
      User-Agent:
      - scaleway-sdk-go/v1.0.0-beta.7+dev (go1.18.3; darwin; amd64) terraform-provider/develop
        terraform/terraform-tests
    url: https://api.scaleway.com/iam/v1alpha1/ssh-keys/851075c1-3ddf-4a4b-a39a-8f694a537b3e
    method: GET
  response:
    body: '{"id":"851075c1-3ddf-4a4b-a39a-8f694a537b3e","name":"TestAccScalewayIamSSHKey_ChangeResourceName","public_key":"ssh-ed25519
      AAAAC3NzaC1lZDI1NTE5AAAAICJEoOOgQBLJPs4g/XcPTKT82NywNPpxeuA20FlOPlpO opensource@scaleway.com","fingerprint":"256
      MD5:6b:cd:72:8a:ae:45:24:4b:2b:72:f6:d0:6a:8d:16:06 opensource@scaleway.com
      (ssh-ed25519)","created_at":"2022-06-24T13:37:46.838410Z","updated_at":"2022-06-24T13:37:46.838410Z","organization_id":"012eb4a7-a183-4fed-89fa-6ae2013bcf60","project_id":"012eb4a7-a183-4fed-89fa-6ae2013bcf60","disabled":false}'
    headers:
      Content-Length:
      - "540"
      Content-Security-Policy:
      - default-src 'none'; frame-ancestors 'none'
      Content-Type:
      - application/json
      Date:
      - Fri, 24 Jun 2022 13:37:46 GMT
      Server:
      - Scaleway API-Gateway
      Strict-Transport-Security:
      - max-age=63072000
      X-Content-Type-Options:
      - nosniff
      X-Frame-Options:
      - DENY
      X-Request-Id:
      - 551e5d9b-895b-40f7-83bf-f2849abc4568
    status: 200 OK
    code: 200
    duration: ""
- request:
    body: ""
    form: {}
    headers:
      User-Agent:
      - scaleway-sdk-go/v1.0.0-beta.7+dev (go1.18.3; darwin; amd64) terraform-provider/develop
        terraform/terraform-tests
    url: https://api.scaleway.com/iam/v1alpha1/ssh-keys/851075c1-3ddf-4a4b-a39a-8f694a537b3e
    method: GET
  response:
    body: '{"id":"851075c1-3ddf-4a4b-a39a-8f694a537b3e","name":"TestAccScalewayIamSSHKey_ChangeResourceName","public_key":"ssh-ed25519
      AAAAC3NzaC1lZDI1NTE5AAAAICJEoOOgQBLJPs4g/XcPTKT82NywNPpxeuA20FlOPlpO opensource@scaleway.com","fingerprint":"256
      MD5:6b:cd:72:8a:ae:45:24:4b:2b:72:f6:d0:6a:8d:16:06 opensource@scaleway.com
      (ssh-ed25519)","created_at":"2022-06-24T13:37:46.838410Z","updated_at":"2022-06-24T13:37:46.838410Z","organization_id":"012eb4a7-a183-4fed-89fa-6ae2013bcf60","project_id":"012eb4a7-a183-4fed-89fa-6ae2013bcf60","disabled":false}'
    headers:
      Content-Length:
      - "540"
      Content-Security-Policy:
      - default-src 'none'; frame-ancestors 'none'
      Content-Type:
      - application/json
      Date:
      - Fri, 24 Jun 2022 13:37:47 GMT
      Server:
      - Scaleway API-Gateway
      Strict-Transport-Security:
      - max-age=63072000
      X-Content-Type-Options:
      - nosniff
      X-Frame-Options:
      - DENY
      X-Request-Id:
      - cc756378-72df-4d2f-ad28-01a99fafb15c
    status: 200 OK
    code: 200
    duration: ""
- request:
    body: ""
    form: {}
    headers:
      User-Agent:
      - scaleway-sdk-go/v1.0.0-beta.7+dev (go1.18.3; darwin; amd64) terraform-provider/develop
        terraform/terraform-tests
    url: https://api.scaleway.com/iam/v1alpha1/ssh-keys/851075c1-3ddf-4a4b-a39a-8f694a537b3e
    method: GET
  response:
    body: '{"id":"851075c1-3ddf-4a4b-a39a-8f694a537b3e","name":"TestAccScalewayIamSSHKey_ChangeResourceName","public_key":"ssh-ed25519
      AAAAC3NzaC1lZDI1NTE5AAAAICJEoOOgQBLJPs4g/XcPTKT82NywNPpxeuA20FlOPlpO opensource@scaleway.com","fingerprint":"256
      MD5:6b:cd:72:8a:ae:45:24:4b:2b:72:f6:d0:6a:8d:16:06 opensource@scaleway.com
      (ssh-ed25519)","created_at":"2022-06-24T13:37:46.838410Z","updated_at":"2022-06-24T13:37:46.838410Z","organization_id":"012eb4a7-a183-4fed-89fa-6ae2013bcf60","project_id":"012eb4a7-a183-4fed-89fa-6ae2013bcf60","disabled":false}'
    headers:
      Content-Length:
      - "540"
      Content-Security-Policy:
      - default-src 'none'; frame-ancestors 'none'
      Content-Type:
      - application/json
      Date:
      - Fri, 24 Jun 2022 13:37:47 GMT
      Server:
      - Scaleway API-Gateway
      Strict-Transport-Security:
      - max-age=63072000
      X-Content-Type-Options:
      - nosniff
      X-Frame-Options:
      - DENY
      X-Request-Id:
      - b3358203-f7f7-4d56-8c06-8dd4a35d7c0f
    status: 200 OK
    code: 200
    duration: ""
- request:
    body: ""
    form: {}
    headers:
      User-Agent:
      - scaleway-sdk-go/v1.0.0-beta.7+dev (go1.18.3; darwin; amd64) terraform-provider/develop
        terraform/terraform-tests
    url: https://api.scaleway.com/iam/v1alpha1/ssh-keys/851075c1-3ddf-4a4b-a39a-8f694a537b3e
    method: GET
  response:
    body: '{"id":"851075c1-3ddf-4a4b-a39a-8f694a537b3e","name":"TestAccScalewayIamSSHKey_ChangeResourceName","public_key":"ssh-ed25519
      AAAAC3NzaC1lZDI1NTE5AAAAICJEoOOgQBLJPs4g/XcPTKT82NywNPpxeuA20FlOPlpO opensource@scaleway.com","fingerprint":"256
      MD5:6b:cd:72:8a:ae:45:24:4b:2b:72:f6:d0:6a:8d:16:06 opensource@scaleway.com
      (ssh-ed25519)","created_at":"2022-06-24T13:37:46.838410Z","updated_at":"2022-06-24T13:37:46.838410Z","organization_id":"012eb4a7-a183-4fed-89fa-6ae2013bcf60","project_id":"012eb4a7-a183-4fed-89fa-6ae2013bcf60","disabled":false}'
    headers:
      Content-Length:
      - "540"
      Content-Security-Policy:
      - default-src 'none'; frame-ancestors 'none'
      Content-Type:
      - application/json
      Date:
      - Fri, 24 Jun 2022 13:37:47 GMT
      Server:
      - Scaleway API-Gateway
      Strict-Transport-Security:
      - max-age=63072000
      X-Content-Type-Options:
      - nosniff
      X-Frame-Options:
      - DENY
      X-Request-Id:
      - 172449df-dfda-4cd2-9cea-ff308f4d6ee9
    status: 200 OK
    code: 200
    duration: ""
- request:
    body: ""
    form: {}
    headers:
      User-Agent:
      - scaleway-sdk-go/v1.0.0-beta.7+dev (go1.18.3; darwin; amd64) terraform-provider/develop
        terraform/terraform-tests
    url: https://api.scaleway.com/iam/v1alpha1/ssh-keys/851075c1-3ddf-4a4b-a39a-8f694a537b3e
    method: DELETE
  response:
    body: ""
    headers:
      Content-Security-Policy:
      - default-src 'none'; frame-ancestors 'none'
      Content-Type:
      - application/json
      Date:
      - Fri, 24 Jun 2022 13:37:47 GMT
      Server:
      - Scaleway API-Gateway
      Strict-Transport-Security:
      - max-age=63072000
      X-Content-Type-Options:
      - nosniff
      X-Frame-Options:
      - DENY
      X-Request-Id:
      - 9f49982d-9f40-45d7-aeb7-543f2ef86223
    status: 204 No Content
    code: 204
    duration: ""
- request:
    body: '{"name":"TestAccScalewayIamSSHKey_ChangeResourceName","public_key":"ssh-ed25519
      AAAAC3NzaC1lZDI1NTE5AAAAICJEoOOgQBLJPs4g/XcPTKT82NywNPpxeuA20FlOPlpO opensource@scaleway.com","project_id":"012eb4a7-a183-4fed-89fa-6ae2013bcf60"}'
    form: {}
    headers:
      Content-Type:
      - application/json
      User-Agent:
      - scaleway-sdk-go/v1.0.0-beta.7+dev (go1.18.3; darwin; amd64) terraform-provider/develop
        terraform/terraform-tests
    url: https://api.scaleway.com/iam/v1alpha1/ssh-keys
    method: POST
  response:
    body: '{"id":"dfbb1bbf-9fd2-4d63-894d-7dab18da9cc4","name":"TestAccScalewayIamSSHKey_ChangeResourceName","public_key":"ssh-ed25519
      AAAAC3NzaC1lZDI1NTE5AAAAICJEoOOgQBLJPs4g/XcPTKT82NywNPpxeuA20FlOPlpO opensource@scaleway.com","fingerprint":"256
      MD5:6b:cd:72:8a:ae:45:24:4b:2b:72:f6:d0:6a:8d:16:06 opensource@scaleway.com
      (ssh-ed25519)","created_at":"2022-06-24T13:37:47.994708Z","updated_at":"2022-06-24T13:37:47.994708Z","organization_id":"012eb4a7-a183-4fed-89fa-6ae2013bcf60","project_id":"012eb4a7-a183-4fed-89fa-6ae2013bcf60","disabled":false}'
    headers:
      Content-Length:
      - "540"
      Content-Security-Policy:
      - default-src 'none'; frame-ancestors 'none'
      Content-Type:
      - application/json
      Date:
      - Fri, 24 Jun 2022 13:37:48 GMT
      Server:
      - Scaleway API-Gateway
      Strict-Transport-Security:
      - max-age=63072000
      X-Content-Type-Options:
      - nosniff
      X-Frame-Options:
      - DENY
      X-Request-Id:
      - bce37c53-c6e4-4e20-bc5b-e387b08b780d
    status: 200 OK
    code: 200
    duration: ""
- request:
    body: ""
    form: {}
    headers:
      User-Agent:
      - scaleway-sdk-go/v1.0.0-beta.7+dev (go1.18.3; darwin; amd64) terraform-provider/develop
        terraform/terraform-tests
    url: https://api.scaleway.com/iam/v1alpha1/ssh-keys/dfbb1bbf-9fd2-4d63-894d-7dab18da9cc4
    method: GET
  response:
    body: '{"id":"dfbb1bbf-9fd2-4d63-894d-7dab18da9cc4","name":"TestAccScalewayIamSSHKey_ChangeResourceName","public_key":"ssh-ed25519
      AAAAC3NzaC1lZDI1NTE5AAAAICJEoOOgQBLJPs4g/XcPTKT82NywNPpxeuA20FlOPlpO opensource@scaleway.com","fingerprint":"256
      MD5:6b:cd:72:8a:ae:45:24:4b:2b:72:f6:d0:6a:8d:16:06 opensource@scaleway.com
      (ssh-ed25519)","created_at":"2022-06-24T13:37:47.994708Z","updated_at":"2022-06-24T13:37:47.994708Z","organization_id":"012eb4a7-a183-4fed-89fa-6ae2013bcf60","project_id":"012eb4a7-a183-4fed-89fa-6ae2013bcf60","disabled":false}'
    headers:
      Content-Length:
      - "540"
      Content-Security-Policy:
      - default-src 'none'; frame-ancestors 'none'
      Content-Type:
      - application/json
      Date:
      - Fri, 24 Jun 2022 13:37:48 GMT
      Server:
      - Scaleway API-Gateway
      Strict-Transport-Security:
      - max-age=63072000
      X-Content-Type-Options:
      - nosniff
      X-Frame-Options:
      - DENY
      X-Request-Id:
      - 6ae90156-6a1a-45b6-81ed-613e5e71086a
    status: 200 OK
    code: 200
    duration: ""
- request:
    body: ""
    form: {}
    headers:
      User-Agent:
      - scaleway-sdk-go/v1.0.0-beta.7+dev (go1.18.3; darwin; amd64) terraform-provider/develop
        terraform/terraform-tests
    url: https://api.scaleway.com/iam/v1alpha1/ssh-keys/dfbb1bbf-9fd2-4d63-894d-7dab18da9cc4
    method: GET
  response:
    body: '{"id":"dfbb1bbf-9fd2-4d63-894d-7dab18da9cc4","name":"TestAccScalewayIamSSHKey_ChangeResourceName","public_key":"ssh-ed25519
      AAAAC3NzaC1lZDI1NTE5AAAAICJEoOOgQBLJPs4g/XcPTKT82NywNPpxeuA20FlOPlpO opensource@scaleway.com","fingerprint":"256
      MD5:6b:cd:72:8a:ae:45:24:4b:2b:72:f6:d0:6a:8d:16:06 opensource@scaleway.com
      (ssh-ed25519)","created_at":"2022-06-24T13:37:47.994708Z","updated_at":"2022-06-24T13:37:47.994708Z","organization_id":"012eb4a7-a183-4fed-89fa-6ae2013bcf60","project_id":"012eb4a7-a183-4fed-89fa-6ae2013bcf60","disabled":false}'
    headers:
      Content-Length:
      - "540"
      Content-Security-Policy:
      - default-src 'none'; frame-ancestors 'none'
      Content-Type:
      - application/json
      Date:
      - Fri, 24 Jun 2022 13:37:48 GMT
      Server:
      - Scaleway API-Gateway
      Strict-Transport-Security:
      - max-age=63072000
      X-Content-Type-Options:
      - nosniff
      X-Frame-Options:
      - DENY
      X-Request-Id:
      - 300df5df-fff3-42dd-9b0e-a7512b4fdff3
    status: 200 OK
    code: 200
    duration: ""
- request:
    body: ""
    form: {}
    headers:
      User-Agent:
      - scaleway-sdk-go/v1.0.0-beta.7+dev (go1.18.3; darwin; amd64) terraform-provider/develop
        terraform/terraform-tests
    url: https://api.scaleway.com/iam/v1alpha1/ssh-keys/dfbb1bbf-9fd2-4d63-894d-7dab18da9cc4
    method: GET
  response:
    body: '{"id":"dfbb1bbf-9fd2-4d63-894d-7dab18da9cc4","name":"TestAccScalewayIamSSHKey_ChangeResourceName","public_key":"ssh-ed25519
      AAAAC3NzaC1lZDI1NTE5AAAAICJEoOOgQBLJPs4g/XcPTKT82NywNPpxeuA20FlOPlpO opensource@scaleway.com","fingerprint":"256
      MD5:6b:cd:72:8a:ae:45:24:4b:2b:72:f6:d0:6a:8d:16:06 opensource@scaleway.com
      (ssh-ed25519)","created_at":"2022-06-24T13:37:47.994708Z","updated_at":"2022-06-24T13:37:47.994708Z","organization_id":"012eb4a7-a183-4fed-89fa-6ae2013bcf60","project_id":"012eb4a7-a183-4fed-89fa-6ae2013bcf60","disabled":false}'
    headers:
      Content-Length:
      - "540"
      Content-Security-Policy:
      - default-src 'none'; frame-ancestors 'none'
      Content-Type:
      - application/json
      Date:
      - Fri, 24 Jun 2022 13:37:48 GMT
      Server:
      - Scaleway API-Gateway
      Strict-Transport-Security:
      - max-age=63072000
      X-Content-Type-Options:
      - nosniff
      X-Frame-Options:
      - DENY
      X-Request-Id:
      - ff006079-fdfd-4131-b6f6-8015798394a1
    status: 200 OK
    code: 200
    duration: ""
- request:
    body: ""
    form: {}
    headers:
      User-Agent:
      - scaleway-sdk-go/v1.0.0-beta.7+dev (go1.18.3; darwin; amd64) terraform-provider/develop
        terraform/terraform-tests
    url: https://api.scaleway.com/iam/v1alpha1/ssh-keys/dfbb1bbf-9fd2-4d63-894d-7dab18da9cc4
    method: DELETE
  response:
    body: ""
    headers:
      Content-Security-Policy:
      - default-src 'none'; frame-ancestors 'none'
      Content-Type:
      - application/json
      Date:
      - Fri, 24 Jun 2022 13:37:48 GMT
      Server:
      - Scaleway API-Gateway
      Strict-Transport-Security:
      - max-age=63072000
      X-Content-Type-Options:
      - nosniff
      X-Frame-Options:
      - DENY
      X-Request-Id:
      - 4c422011-23ba-4338-b35e-8fcbd9906dc0
    status: 204 No Content
    code: 204
    duration: ""
- request:
    body: ""
    form: {}
    headers:
      User-Agent:
      - scaleway-sdk-go/v1.0.0-beta.7+dev (go1.18.3; darwin; amd64) terraform-provider/develop
        terraform/terraform-tests
    url: https://api.scaleway.com/iam/v1alpha1/ssh-keys/dfbb1bbf-9fd2-4d63-894d-7dab18da9cc4
    method: GET
  response:
    body: '{"message":"resource is not found","resource":"ssh_key_id","resource_id":"dfbb1bbf-9fd2-4d63-894d-7dab18da9cc4","type":"not_found"}'
    headers:
      Content-Length:
      - "131"
      Content-Security-Policy:
      - default-src 'none'; frame-ancestors 'none'
      Content-Type:
      - application/json
      Date:
      - Fri, 24 Jun 2022 13:37:48 GMT
      Server:
      - Scaleway API-Gateway
      Strict-Transport-Security:
      - max-age=63072000
      X-Content-Type-Options:
      - nosniff
      X-Frame-Options:
      - DENY
      X-Request-Id:
      - 8c195d9c-6eb3-4e1d-93aa-0d617c274135
    status: 404 Not Found
    code: 404
    duration: ""
