---
version: 1
interactions:
- request:
    body: ""
    form: {}
    headers:
      User-Agent:
      - scaleway-sdk-go/v1.0.0-beta.7+dev (go1.20.4; darwin; amd64) terraform-provider/develop
        terraform/terraform-tests
    url: https://api.scaleway.com/marketplace/v2/local-images?image_label=ubuntu_focal&order_by=created_at_asc&type=instance_local&zone=fr-par-1
    method: GET
  response:
    body: '{"local_images":[{"arch":"x86_64","compatible_commercial_types":["DEV1-L","DEV1-M","DEV1-S","DEV1-XL","GP1-L","GP1-M","GP1-S","GP1-XL","GP1-XS","START1-L","START1-M","START1-S","START1-XS","VC1L","VC1M","VC1S","X64-120GB","X64-15GB","X64-30GB","X64-60GB","ENT1-XXS","ENT1-XS","ENT1-S","ENT1-M","ENT1-L","ENT1-XL","ENT1-2XL","PRO2-XXS","PRO2-XS","PRO2-S","PRO2-M","PRO2-L","STARDUST1-S","PLAY2-MICRO","PLAY2-NANO","PLAY2-PICO","POP2-2C-8G","POP2-4C-16G","POP2-8C-32G","POP2-16C-64G","POP2-32C-128G","POP2-64C-256G","POP2-HM-2C-16G","POP2-HM-4C-32G","POP2-HM-8C-64G","POP2-HM-16C-128G","POP2-HM-32C-256G","POP2-HM-64C-512G","POP2-HC-2C-4G","POP2-HC-4C-8G","POP2-HC-8C-16G","POP2-HC-16C-32G","POP2-HC-32C-64G","POP2-HC-64C-128G"],"id":"aef2a64e-d6d8-4b39-b00d-61ce2ddce2c8","label":"ubuntu_focal","type":"unknown_type","zone":"fr-par-1"},{"arch":"arm64","compatible_commercial_types":["AMP2-C1","AMP2-C2","AMP2-C4","AMP2-C8","AMP2-C12","AMP2-C24","AMP2-C48","AMP2-C60"],"id":"5b51710c-e543-47b5-92d2-a68a83cefbe9","label":"ubuntu_focal","type":"unknown_type","zone":"fr-par-1"}],"total_count":2}'
    headers:
      Content-Length:
      - "1092"
      Content-Security-Policy:
      - default-src 'none'; frame-ancestors 'none'
      Content-Type:
      - application/json
      Date:
      - Wed, 12 Jul 2023 09:53:29 GMT
      Server:
      - Scaleway API-Gateway
      Strict-Transport-Security:
      - max-age=63072000
      X-Content-Type-Options:
      - nosniff
      X-Frame-Options:
      - DENY
      X-Request-Id:
      - 8278b600-6053-4335-b5aa-5d6ce4e8d81c
    status: 200 OK
    code: 200
    duration: ""
- request:
    body: ""
    form: {}
    headers:
      User-Agent:
      - scaleway-sdk-go/v1.0.0-beta.7+dev (go1.20.4; darwin; amd64) terraform-provider/develop
        terraform/terraform-tests
    url: https://api.scaleway.com/instance/v1/zones/fr-par-1/products/servers?page=1
    method: GET
  response:
    body: '{"servers":{"DEV1-L":{"alt_names":[],"arch":"x86_64","baremetal":false,"capabilities":{"block_storage":true,"boot_types":["bootscript","rescue","local"],"default_boot_type":"local","hot_snapshots_local_volume":true,"placement_groups":true,"private_network":8},"gpu":0,"hourly_price":0.04952,"mig_profile":null,"monthly_price":36.1496,"ncpus":4,"network":{"interfaces":[{"internal_bandwidth":400000000,"internet_bandwidth":null},{"internal_bandwidth":null,"internet_bandwidth":400000000}],"ipv6_support":true,"sum_internal_bandwidth":400000000,"sum_internet_bandwidth":400000000},"per_volume_constraint":{"l_ssd":{"max_size":800000000000,"min_size":1000000000}},"ram":8589934592,"volumes_constraint":{"max_size":80000000000,"min_size":0}},"DEV1-M":{"alt_names":[],"arch":"x86_64","baremetal":false,"capabilities":{"block_storage":true,"boot_types":["bootscript","rescue","local"],"default_boot_type":"local","hot_snapshots_local_volume":true,"placement_groups":true,"private_network":8},"gpu":0,"hourly_price":0.02556,"mig_profile":null,"monthly_price":18.6588,"ncpus":3,"network":{"interfaces":[{"internal_bandwidth":300000000,"internet_bandwidth":null},{"internal_bandwidth":null,"internet_bandwidth":300000000}],"ipv6_support":true,"sum_internal_bandwidth":300000000,"sum_internet_bandwidth":300000000},"per_volume_constraint":{"l_ssd":{"max_size":800000000000,"min_size":1000000000}},"ram":4294967296,"volumes_constraint":{"max_size":40000000000,"min_size":0}},"DEV1-S":{"alt_names":[],"arch":"x86_64","baremetal":false,"capabilities":{"block_storage":true,"boot_types":["bootscript","rescue","local"],"default_boot_type":"local","hot_snapshots_local_volume":true,"placement_groups":true,"private_network":8},"gpu":0,"hourly_price":0.01368,"mig_profile":null,"monthly_price":9.9864,"ncpus":2,"network":{"interfaces":[{"internal_bandwidth":200000000,"internet_bandwidth":null},{"internal_bandwidth":null,"internet_bandwidth":200000000}],"ipv6_support":true,"sum_internal_bandwidth":200000000,"sum_internet_bandwidth":200000000},"per_volume_constraint":{"l_ssd":{"max_size":800000000000,"min_size":1000000000}},"ram":2147483648,"volumes_constraint":{"max_size":20000000000,"min_size":0}},"DEV1-XL":{"alt_names":[],"arch":"x86_64","baremetal":false,"capabilities":{"block_storage":true,"boot_types":["bootscript","rescue","local"],"default_boot_type":"local","hot_snapshots_local_volume":true,"placement_groups":true,"private_network":8},"gpu":0,"hourly_price":0.07308,"mig_profile":null,"monthly_price":53.3484,"ncpus":4,"network":{"interfaces":[{"internal_bandwidth":500000000,"internet_bandwidth":null},{"internal_bandwidth":null,"internet_bandwidth":500000000}],"ipv6_support":true,"sum_internal_bandwidth":500000000,"sum_internet_bandwidth":500000000},"per_volume_constraint":{"l_ssd":{"max_size":800000000000,"min_size":1000000000}},"ram":12884901888,"volumes_constraint":{"max_size":120000000000,"min_size":0}},"ENT1-2XL":{"alt_names":[],"arch":"x86_64","baremetal":false,"capabilities":{"block_storage":true,"boot_types":["rescue","local"],"default_boot_type":"local","hot_snapshots_local_volume":false,"placement_groups":true,"private_network":8},"gpu":0,"hourly_price":3.53,"mig_profile":null,"monthly_price":2576.9,"ncpus":96,"network":{"interfaces":[{"internal_bandwidth":20000000000,"internet_bandwidth":null},{"internal_bandwidth":null,"internet_bandwidth":20000000000}],"ipv6_support":true,"sum_internal_bandwidth":20000000000,"sum_internet_bandwidth":20000000000},"per_volume_constraint":{"l_ssd":{"max_size":0,"min_size":0}},"ram":412316860416,"volumes_constraint":{"max_size":0,"min_size":0}},"ENT1-L":{"alt_names":[],"arch":"x86_64","baremetal":false,"capabilities":{"block_storage":true,"boot_types":["rescue","local"],"default_boot_type":"local","hot_snapshots_local_volume":false,"placement_groups":true,"private_network":8},"gpu":0,"hourly_price":1.18,"mig_profile":null,"monthly_price":861.4,"ncpus":32,"network":{"interfaces":[{"internal_bandwidth":6400000000,"internet_bandwidth":null},{"internal_bandwidth":null,"internet_bandwidth":6400000000}],"ipv6_support":true,"sum_internal_bandwidth":6400000000,"sum_internet_bandwidth":6400000000},"per_volume_constraint":{"l_ssd":{"max_size":0,"min_size":0}},"ram":137438953472,"volumes_constraint":{"max_size":0,"min_size":0}},"ENT1-M":{"alt_names":[],"arch":"x86_64","baremetal":false,"capabilities":{"block_storage":true,"boot_types":["rescue","local"],"default_boot_type":"local","hot_snapshots_local_volume":false,"placement_groups":true,"private_network":8},"gpu":0,"hourly_price":0.59,"mig_profile":null,"monthly_price":430.7,"ncpus":16,"network":{"interfaces":[{"internal_bandwidth":3200000000,"internet_bandwidth":null},{"internal_bandwidth":null,"internet_bandwidth":3200000000}],"ipv6_support":true,"sum_internal_bandwidth":3200000000,"sum_internet_bandwidth":3200000000},"per_volume_constraint":{"l_ssd":{"max_size":0,"min_size":0}},"ram":68719476736,"volumes_constraint":{"max_size":0,"min_size":0}},"ENT1-S":{"alt_names":[],"arch":"x86_64","baremetal":false,"capabilities":{"block_storage":true,"boot_types":["rescue","local"],"default_boot_type":"local","hot_snapshots_local_volume":false,"placement_groups":true,"private_network":8},"gpu":0,"hourly_price":0.29,"mig_profile":null,"monthly_price":211.7,"ncpus":8,"network":{"interfaces":[{"internal_bandwidth":1600000000,"internet_bandwidth":null},{"internal_bandwidth":null,"internet_bandwidth":1600000000}],"ipv6_support":true,"sum_internal_bandwidth":1600000000,"sum_internet_bandwidth":1600000000},"per_volume_constraint":{"l_ssd":{"max_size":0,"min_size":0}},"ram":34359738368,"volumes_constraint":{"max_size":0,"min_size":0}},"ENT1-XL":{"alt_names":[],"arch":"x86_64","baremetal":false,"capabilities":{"block_storage":true,"boot_types":["rescue","local"],"default_boot_type":"local","hot_snapshots_local_volume":false,"placement_groups":true,"private_network":8},"gpu":0,"hourly_price":2.35,"mig_profile":null,"monthly_price":1715.5,"ncpus":64,"network":{"interfaces":[{"internal_bandwidth":12800000000,"internet_bandwidth":null},{"internal_bandwidth":null,"internet_bandwidth":12800000000}],"ipv6_support":true,"sum_internal_bandwidth":12800000000,"sum_internet_bandwidth":12800000000},"per_volume_constraint":{"l_ssd":{"max_size":0,"min_size":0}},"ram":274877906944,"volumes_constraint":{"max_size":0,"min_size":0}},"ENT1-XS":{"alt_names":[],"arch":"x86_64","baremetal":false,"capabilities":{"block_storage":true,"boot_types":["rescue","local"],"default_boot_type":"local","hot_snapshots_local_volume":false,"placement_groups":true,"private_network":8},"gpu":0,"hourly_price":0.147,"mig_profile":null,"monthly_price":107.31,"ncpus":4,"network":{"interfaces":[{"internal_bandwidth":800000000,"internet_bandwidth":null},{"internal_bandwidth":null,"internet_bandwidth":800000000}],"ipv6_support":true,"sum_internal_bandwidth":800000000,"sum_internet_bandwidth":800000000},"per_volume_constraint":{"l_ssd":{"max_size":0,"min_size":0}},"ram":17179869184,"volumes_constraint":{"max_size":0,"min_size":0}},"ENT1-XXS":{"alt_names":[],"arch":"x86_64","baremetal":false,"capabilities":{"block_storage":true,"boot_types":["rescue","local"],"default_boot_type":"local","hot_snapshots_local_volume":false,"placement_groups":true,"private_network":8},"gpu":0,"hourly_price":0.0735,"mig_profile":null,"monthly_price":53.655,"ncpus":2,"network":{"interfaces":[{"internal_bandwidth":400000000,"internet_bandwidth":null},{"internal_bandwidth":null,"internet_bandwidth":400000000}],"ipv6_support":true,"sum_internal_bandwidth":400000000,"sum_internet_bandwidth":400000000},"per_volume_constraint":{"l_ssd":{"max_size":0,"min_size":0}},"ram":8589934592,"volumes_constraint":{"max_size":0,"min_size":0}},"GP1-L":{"alt_names":[],"arch":"x86_64","baremetal":false,"capabilities":{"block_storage":true,"boot_types":["bootscript","rescue","local"],"default_boot_type":"local","hot_snapshots_local_volume":true,"placement_groups":true,"private_network":8},"gpu":0,"hourly_price":0.7894,"mig_profile":null,"monthly_price":576.262,"ncpus":32,"network":{"interfaces":[{"internal_bandwidth":5000000000,"internet_bandwidth":null},{"internal_bandwidth":null,"internet_bandwidth":5000000000}],"ipv6_support":true,"sum_internal_bandwidth":5000000000,"sum_internet_bandwidth":5000000000},"per_volume_constraint":{"l_ssd":{"max_size":800000000000,"min_size":1000000000}},"ram":137438953472,"volumes_constraint":{"max_size":600000000000,"min_size":0}},"GP1-M":{"alt_names":[],"arch":"x86_64","baremetal":false,"capabilities":{"block_storage":true,"boot_types":["bootscript","rescue","local"],"default_boot_type":"local","hot_snapshots_local_volume":true,"placement_groups":true,"private_network":8},"gpu":0,"hourly_price":0.4064,"mig_profile":null,"monthly_price":296.672,"ncpus":16,"network":{"interfaces":[{"internal_bandwidth":1500000000,"internet_bandwidth":null},{"internal_bandwidth":null,"internet_bandwidth":1500000000}],"ipv6_support":true,"sum_internal_bandwidth":1500000000,"sum_internet_bandwidth":1500000000},"per_volume_constraint":{"l_ssd":{"max_size":800000000000,"min_size":1000000000}},"ram":68719476736,"volumes_constraint":{"max_size":600000000000,"min_size":0}},"GP1-S":{"alt_names":[],"arch":"x86_64","baremetal":false,"capabilities":{"block_storage":true,"boot_types":["bootscript","rescue","local"],"default_boot_type":"local","hot_snapshots_local_volume":true,"placement_groups":true,"private_network":8},"gpu":0,"hourly_price":0.2042,"mig_profile":null,"monthly_price":149.066,"ncpus":8,"network":{"interfaces":[{"internal_bandwidth":800000000,"internet_bandwidth":null},{"internal_bandwidth":null,"internet_bandwidth":800000000}],"ipv6_support":true,"sum_internal_bandwidth":800000000,"sum_internet_bandwidth":800000000},"per_volume_constraint":{"l_ssd":{"max_size":800000000000,"min_size":1000000000}},"ram":34359738368,"volumes_constraint":{"max_size":300000000000,"min_size":0}},"GP1-VIZ":{"alt_names":[],"arch":"x86_64","baremetal":false,"capabilities":{"block_storage":true,"boot_types":["bootscript","rescue","local"],"default_boot_type":"local","hot_snapshots_local_volume":true,"placement_groups":true,"private_network":8},"gpu":0,"hourly_price":0.1,"mig_profile":null,"monthly_price":72,"ncpus":8,"network":{"interfaces":[{"internal_bandwidth":500000000,"internet_bandwidth":null},{"internal_bandwidth":null,"internet_bandwidth":500000000}],"ipv6_support":true,"sum_internal_bandwidth":500000000,"sum_internet_bandwidth":500000000},"per_volume_constraint":{"l_ssd":{"max_size":800000000000,"min_size":1000000000}},"ram":34359738368,"volumes_constraint":{"max_size":300000000000,"min_size":0}},"GP1-XL":{"alt_names":[],"arch":"x86_64","baremetal":false,"capabilities":{"block_storage":true,"boot_types":["bootscript","rescue","local"],"default_boot_type":"local","hot_snapshots_local_volume":true,"placement_groups":true,"private_network":8},"gpu":0,"hourly_price":1.6714,"mig_profile":null,"monthly_price":1220.122,"ncpus":48,"network":{"interfaces":[{"internal_bandwidth":10000000000,"internet_bandwidth":null},{"internal_bandwidth":null,"internet_bandwidth":10000000000}],"ipv6_support":true,"sum_internal_bandwidth":10000000000,"sum_internet_bandwidth":10000000000},"per_volume_constraint":{"l_ssd":{"max_size":800000000000,"min_size":1000000000}},"ram":274877906944,"volumes_constraint":{"max_size":600000000000,"min_size":0}},"GP1-XS":{"alt_names":[],"arch":"x86_64","baremetal":false,"capabilities":{"block_storage":true,"boot_types":["bootscript","rescue","local"],"default_boot_type":"local","hot_snapshots_local_volume":true,"placement_groups":true,"private_network":8},"gpu":0,"hourly_price":0.1016,"mig_profile":null,"monthly_price":74.168,"ncpus":4,"network":{"interfaces":[{"internal_bandwidth":500000000,"internet_bandwidth":null},{"internal_bandwidth":null,"internet_bandwidth":500000000}],"ipv6_support":true,"sum_internal_bandwidth":500000000,"sum_internet_bandwidth":500000000},"per_volume_constraint":{"l_ssd":{"max_size":800000000000,"min_size":1000000000}},"ram":17179869184,"volumes_constraint":{"max_size":150000000000,"min_size":0}},"PLAY2-MICRO":{"alt_names":[],"arch":"x86_64","baremetal":false,"capabilities":{"block_storage":true,"boot_types":["rescue","local"],"default_boot_type":"local","hot_snapshots_local_volume":false,"placement_groups":true,"private_network":8},"gpu":0,"hourly_price":0.054,"mig_profile":null,"monthly_price":39.42,"ncpus":4,"network":{"interfaces":[{"internal_bandwidth":400000000,"internet_bandwidth":null},{"internal_bandwidth":null,"internet_bandwidth":400000000}],"ipv6_support":true,"sum_internal_bandwidth":400000000,"sum_internet_bandwidth":400000000},"per_volume_constraint":{"l_ssd":{"max_size":0,"min_size":0}},"ram":8589934592,"volumes_constraint":{"max_size":0,"min_size":0}},"PLAY2-NANO":{"alt_names":[],"arch":"x86_64","baremetal":false,"capabilities":{"block_storage":true,"boot_types":["rescue","local"],"default_boot_type":"local","hot_snapshots_local_volume":false,"placement_groups":true,"private_network":8},"gpu":0,"hourly_price":0.027,"mig_profile":null,"monthly_price":19.71,"ncpus":2,"network":{"interfaces":[{"internal_bandwidth":200000000,"internet_bandwidth":null},{"internal_bandwidth":null,"internet_bandwidth":200000000}],"ipv6_support":true,"sum_internal_bandwidth":200000000,"sum_internet_bandwidth":200000000},"per_volume_constraint":{"l_ssd":{"max_size":0,"min_size":0}},"ram":4294967296,"volumes_constraint":{"max_size":0,"min_size":0}},"PLAY2-PICO":{"alt_names":[],"arch":"x86_64","baremetal":false,"capabilities":{"block_storage":true,"boot_types":["rescue","local"],"default_boot_type":"local","hot_snapshots_local_volume":false,"placement_groups":true,"private_network":8},"gpu":0,"hourly_price":0.014,"mig_profile":null,"monthly_price":10.22,"ncpus":1,"network":{"interfaces":[{"internal_bandwidth":100000000,"internet_bandwidth":null},{"internal_bandwidth":null,"internet_bandwidth":100000000}],"ipv6_support":true,"sum_internal_bandwidth":100000000,"sum_internet_bandwidth":100000000},"per_volume_constraint":{"l_ssd":{"max_size":0,"min_size":0}},"ram":2147483648,"volumes_constraint":{"max_size":0,"min_size":0}},"POP2-16C-64G":{"alt_names":[],"arch":"x86_64","baremetal":false,"capabilities":{"block_storage":true,"boot_types":["rescue","local"],"default_boot_type":"local","hot_snapshots_local_volume":false,"placement_groups":true,"private_network":8},"gpu":0,"hourly_price":0.59,"mig_profile":null,"monthly_price":430.7,"ncpus":16,"network":{"interfaces":[{"internal_bandwidth":3200000000,"internet_bandwidth":null},{"internal_bandwidth":null,"internet_bandwidth":3200000000}],"ipv6_support":true,"sum_internal_bandwidth":3200000000,"sum_internet_bandwidth":3200000000},"per_volume_constraint":{"l_ssd":{"max_size":0,"min_size":0}},"ram":68719476736,"volumes_constraint":{"max_size":0,"min_size":0}},"POP2-2C-8G":{"alt_names":[],"arch":"x86_64","baremetal":false,"capabilities":{"block_storage":true,"boot_types":["rescue","local"],"default_boot_type":"local","hot_snapshots_local_volume":false,"placement_groups":true,"private_network":8},"gpu":0,"hourly_price":0.0735,"mig_profile":null,"monthly_price":53.66,"ncpus":2,"network":{"interfaces":[{"internal_bandwidth":400000000,"internet_bandwidth":null},{"internal_bandwidth":null,"internet_bandwidth":400000000}],"ipv6_support":true,"sum_internal_bandwidth":400000000,"sum_internet_bandwidth":400000000},"per_volume_constraint":{"l_ssd":{"max_size":0,"min_size":0}},"ram":8589934592,"volumes_constraint":{"max_size":0,"min_size":0}},"POP2-32C-128G":{"alt_names":[],"arch":"x86_64","baremetal":false,"capabilities":{"block_storage":true,"boot_types":["rescue","local"],"default_boot_type":"local","hot_snapshots_local_volume":false,"placement_groups":true,"private_network":8},"gpu":0,"hourly_price":1.18,"mig_profile":null,"monthly_price":861.4,"ncpus":32,"network":{"interfaces":[{"internal_bandwidth":6400000000,"internet_bandwidth":null},{"internal_bandwidth":null,"internet_bandwidth":6400000000}],"ipv6_support":true,"sum_internal_bandwidth":6400000000,"sum_internet_bandwidth":6400000000},"per_volume_constraint":{"l_ssd":{"max_size":0,"min_size":0}},"ram":137438953472,"volumes_constraint":{"max_size":0,"min_size":0}},"POP2-4C-16G":{"alt_names":[],"arch":"x86_64","baremetal":false,"capabilities":{"block_storage":true,"boot_types":["rescue","local"],"default_boot_type":"local","hot_snapshots_local_volume":false,"placement_groups":true,"private_network":8},"gpu":0,"hourly_price":0.147,"mig_profile":null,"monthly_price":107.31,"ncpus":4,"network":{"interfaces":[{"internal_bandwidth":800000000,"internet_bandwidth":null},{"internal_bandwidth":null,"internet_bandwidth":800000000}],"ipv6_support":true,"sum_internal_bandwidth":800000000,"sum_internet_bandwidth":800000000},"per_volume_constraint":{"l_ssd":{"max_size":0,"min_size":0}},"ram":17179869184,"volumes_constraint":{"max_size":0,"min_size":0}},"POP2-64C-256G":{"alt_names":[],"arch":"x86_64","baremetal":false,"capabilities":{"block_storage":true,"boot_types":["rescue","local"],"default_boot_type":"local","hot_snapshots_local_volume":false,"placement_groups":true,"private_network":8},"gpu":0,"hourly_price":2.35,"mig_profile":null,"monthly_price":1715.5,"ncpus":64,"network":{"interfaces":[{"internal_bandwidth":12800000000,"internet_bandwidth":null},{"internal_bandwidth":null,"internet_bandwidth":12800000000}],"ipv6_support":true,"sum_internal_bandwidth":12800000000,"sum_internet_bandwidth":12800000000},"per_volume_constraint":{"l_ssd":{"max_size":0,"min_size":0}},"ram":274877906944,"volumes_constraint":{"max_size":0,"min_size":0}},"POP2-8C-32G":{"alt_names":[],"arch":"x86_64","baremetal":false,"capabilities":{"block_storage":true,"boot_types":["rescue","local"],"default_boot_type":"local","hot_snapshots_local_volume":false,"placement_groups":true,"private_network":8},"gpu":0,"hourly_price":0.29,"mig_profile":null,"monthly_price":211.7,"ncpus":8,"network":{"interfaces":[{"internal_bandwidth":1600000000,"internet_bandwidth":null},{"internal_bandwidth":null,"internet_bandwidth":1600000000}],"ipv6_support":true,"sum_internal_bandwidth":1600000000,"sum_internet_bandwidth":1600000000},"per_volume_constraint":{"l_ssd":{"max_size":0,"min_size":0}},"ram":34359738368,"volumes_constraint":{"max_size":0,"min_size":0}},"POP2-HC-16C-32G":{"alt_names":[],"arch":"x86_64","baremetal":false,"capabilities":{"block_storage":true,"boot_types":["rescue","local"],"default_boot_type":"local","hot_snapshots_local_volume":false,"placement_groups":true,"private_network":8},"gpu":0,"hourly_price":0.4256,"mig_profile":null,"monthly_price":310.69,"ncpus":16,"network":{"interfaces":[{"internal_bandwidth":3200000000,"internet_bandwidth":null},{"internal_bandwidth":null,"internet_bandwidth":3200000000}],"ipv6_support":true,"sum_internal_bandwidth":3200000000,"sum_internet_bandwidth":3200000000},"per_volume_constraint":{"l_ssd":{"max_size":0,"min_size":0}},"ram":34359738368,"volumes_constraint":{"max_size":0,"min_size":0}},"POP2-HC-2C-4G":{"alt_names":[],"arch":"x86_64","baremetal":false,"capabilities":{"block_storage":true,"boot_types":["rescue","local"],"default_boot_type":"local","hot_snapshots_local_volume":false,"placement_groups":true,"private_network":8},"gpu":0,"hourly_price":0.0532,"mig_profile":null,"monthly_price":38.84,"ncpus":2,"network":{"interfaces":[{"internal_bandwidth":400000000,"internet_bandwidth":null},{"internal_bandwidth":null,"internet_bandwidth":400000000}],"ipv6_support":true,"sum_internal_bandwidth":400000000,"sum_internet_bandwidth":400000000},"per_volume_constraint":{"l_ssd":{"max_size":0,"min_size":0}},"ram":4294967296,"volumes_constraint":{"max_size":0,"min_size":0}},"POP2-HC-32C-64G":{"alt_names":[],"arch":"x86_64","baremetal":false,"capabilities":{"block_storage":true,"boot_types":["rescue","local"],"default_boot_type":"local","hot_snapshots_local_volume":false,"placement_groups":true,"private_network":8},"gpu":0,"hourly_price":0.8512,"mig_profile":null,"monthly_price":621.38,"ncpus":32,"network":{"interfaces":[{"internal_bandwidth":6400000000,"internet_bandwidth":null},{"internal_bandwidth":null,"internet_bandwidth":6400000000}],"ipv6_support":true,"sum_internal_bandwidth":6400000000,"sum_internet_bandwidth":6400000000},"per_volume_constraint":{"l_ssd":{"max_size":0,"min_size":0}},"ram":68719476736,"volumes_constraint":{"max_size":0,"min_size":0}},"POP2-HC-4C-8G":{"alt_names":[],"arch":"x86_64","baremetal":false,"capabilities":{"block_storage":true,"boot_types":["rescue","local"],"default_boot_type":"local","hot_snapshots_local_volume":false,"placement_groups":true,"private_network":8},"gpu":0,"hourly_price":0.1064,"mig_profile":null,"monthly_price":77.67,"ncpus":4,"network":{"interfaces":[{"internal_bandwidth":800000000,"internet_bandwidth":null},{"internal_bandwidth":null,"internet_bandwidth":800000000}],"ipv6_support":true,"sum_internal_bandwidth":800000000,"sum_internet_bandwidth":800000000},"per_volume_constraint":{"l_ssd":{"max_size":0,"min_size":0}},"ram":8589934592,"volumes_constraint":{"max_size":0,"min_size":0}},"POP2-HC-64C-128G":{"alt_names":[],"arch":"x86_64","baremetal":false,"capabilities":{"block_storage":true,"boot_types":["rescue","local"],"default_boot_type":"local","hot_snapshots_local_volume":false,"placement_groups":true,"private_network":8},"gpu":0,"hourly_price":1.7024,"mig_profile":null,"monthly_price":1242.75,"ncpus":64,"network":{"interfaces":[{"internal_bandwidth":12800000000,"internet_bandwidth":null},{"internal_bandwidth":null,"internet_bandwidth":12800000000}],"ipv6_support":true,"sum_internal_bandwidth":12800000000,"sum_internet_bandwidth":12800000000},"per_volume_constraint":{"l_ssd":{"max_size":0,"min_size":0}},"ram":137438953472,"volumes_constraint":{"max_size":0,"min_size":0}},"POP2-HC-8C-16G":{"alt_names":[],"arch":"x86_64","baremetal":false,"capabilities":{"block_storage":true,"boot_types":["rescue","local"],"default_boot_type":"local","hot_snapshots_local_volume":false,"placement_groups":true,"private_network":8},"gpu":0,"hourly_price":0.2128,"mig_profile":null,"monthly_price":155.34,"ncpus":8,"network":{"interfaces":[{"internal_bandwidth":1600000000,"internet_bandwidth":null},{"internal_bandwidth":null,"internet_bandwidth":1600000000}],"ipv6_support":true,"sum_internal_bandwidth":1600000000,"sum_internet_bandwidth":1600000000},"per_volume_constraint":{"l_ssd":{"max_size":0,"min_size":0}},"ram":17179869184,"volumes_constraint":{"max_size":0,"min_size":0}},"POP2-HM-16C-128G":{"alt_names":[],"arch":"x86_64","baremetal":false,"capabilities":{"block_storage":true,"boot_types":["rescue","local"],"default_boot_type":"local","hot_snapshots_local_volume":false,"placement_groups":true,"private_network":8},"gpu":0,"hourly_price":0.824,"mig_profile":null,"monthly_price":601.52,"ncpus":16,"network":{"interfaces":[{"internal_bandwidth":3200000000,"internet_bandwidth":null},{"internal_bandwidth":null,"internet_bandwidth":3200000000}],"ipv6_support":true,"sum_internal_bandwidth":3200000000,"sum_internet_bandwidth":3200000000},"per_volume_constraint":{"l_ssd":{"max_size":0,"min_size":0}},"ram":137438953472,"volumes_constraint":{"max_size":0,"min_size":0}},"POP2-HM-2C-16G":{"alt_names":[],"arch":"x86_64","baremetal":false,"capabilities":{"block_storage":true,"boot_types":["rescue","local"],"default_boot_type":"local","hot_snapshots_local_volume":false,"placement_groups":true,"private_network":8},"gpu":0,"hourly_price":0.103,"mig_profile":null,"monthly_price":75.19,"ncpus":2,"network":{"interfaces":[{"internal_bandwidth":400000000,"internet_bandwidth":null},{"internal_bandwidth":null,"internet_bandwidth":400000000}],"ipv6_support":true,"sum_internal_bandwidth":400000000,"sum_internet_bandwidth":400000000},"per_volume_constraint":{"l_ssd":{"max_size":0,"min_size":0}},"ram":17179869184,"volumes_constraint":{"max_size":0,"min_size":0}},"POP2-HM-32C-256G":{"alt_names":[],"arch":"x86_64","baremetal":false,"capabilities":{"block_storage":true,"boot_types":["rescue","local"],"default_boot_type":"local","hot_snapshots_local_volume":false,"placement_groups":true,"private_network":8},"gpu":0,"hourly_price":1.648,"mig_profile":null,"monthly_price":1203.04,"ncpus":32,"network":{"interfaces":[{"internal_bandwidth":6400000000,"internet_bandwidth":null},{"internal_bandwidth":null,"internet_bandwidth":6400000000}],"ipv6_support":true,"sum_internal_bandwidth":6400000000,"sum_internet_bandwidth":6400000000},"per_volume_constraint":{"l_ssd":{"max_size":0,"min_size":0}},"ram":274877906944,"volumes_constraint":{"max_size":0,"min_size":0}},"POP2-HM-4C-32G":{"alt_names":[],"arch":"x86_64","baremetal":false,"capabilities":{"block_storage":true,"boot_types":["rescue","local"],"default_boot_type":"local","hot_snapshots_local_volume":false,"placement_groups":true,"private_network":8},"gpu":0,"hourly_price":0.206,"mig_profile":null,"monthly_price":150.38,"ncpus":4,"network":{"interfaces":[{"internal_bandwidth":800000000,"internet_bandwidth":null},{"internal_bandwidth":null,"internet_bandwidth":800000000}],"ipv6_support":true,"sum_internal_bandwidth":800000000,"sum_internet_bandwidth":800000000},"per_volume_constraint":{"l_ssd":{"max_size":0,"min_size":0}},"ram":34359738368,"volumes_constraint":{"max_size":0,"min_size":0}},"POP2-HM-64C-512G":{"alt_names":[],"arch":"x86_64","baremetal":false,"capabilities":{"block_storage":true,"boot_types":["rescue","local"],"default_boot_type":"local","hot_snapshots_local_volume":false,"placement_groups":true,"private_network":8},"gpu":0,"hourly_price":3.296,"mig_profile":null,"monthly_price":2406.08,"ncpus":64,"network":{"interfaces":[{"internal_bandwidth":12800000000,"internet_bandwidth":null},{"internal_bandwidth":null,"internet_bandwidth":12800000000}],"ipv6_support":true,"sum_internal_bandwidth":12800000000,"sum_internet_bandwidth":12800000000},"per_volume_constraint":{"l_ssd":{"max_size":0,"min_size":0}},"ram":549755813888,"volumes_constraint":{"max_size":0,"min_size":0}},"POP2-HM-8C-64G":{"alt_names":[],"arch":"x86_64","baremetal":false,"capabilities":{"block_storage":true,"boot_types":["rescue","local"],"default_boot_type":"local","hot_snapshots_local_volume":false,"placement_groups":true,"private_network":8},"gpu":0,"hourly_price":0.412,"mig_profile":null,"monthly_price":300.76,"ncpus":8,"network":{"interfaces":[{"internal_bandwidth":1600000000,"internet_bandwidth":null},{"internal_bandwidth":null,"internet_bandwidth":1600000000}],"ipv6_support":true,"sum_internal_bandwidth":1600000000,"sum_internet_bandwidth":1600000000},"per_volume_constraint":{"l_ssd":{"max_size":0,"min_size":0}},"ram":68719476736,"volumes_constraint":{"max_size":0,"min_size":0}},"PRO2-L":{"alt_names":[],"arch":"x86_64","baremetal":false,"capabilities":{"block_storage":true,"boot_types":["rescue","local"],"default_boot_type":"local","hot_snapshots_local_volume":false,"placement_groups":true,"private_network":8},"gpu":0,"hourly_price":0.877,"mig_profile":null,"monthly_price":640.21,"ncpus":32,"network":{"interfaces":[{"internal_bandwidth":6000000000,"internet_bandwidth":null},{"internal_bandwidth":null,"internet_bandwidth":6000000000}],"ipv6_support":true,"sum_internal_bandwidth":6000000000,"sum_internet_bandwidth":6000000000},"per_volume_constraint":{"l_ssd":{"max_size":0,"min_size":0}},"ram":137438953472,"volumes_constraint":{"max_size":0,"min_size":0}},"PRO2-M":{"alt_names":[],"arch":"x86_64","baremetal":false,"capabilities":{"block_storage":true,"boot_types":["rescue","local"],"default_boot_type":"local","hot_snapshots_local_volume":false,"placement_groups":true,"private_network":8},"gpu":0,"hourly_price":0.438,"mig_profile":null,"monthly_price":319.74,"ncpus":16,"network":{"interfaces":[{"internal_bandwidth":3000000000,"internet_bandwidth":null},{"internal_bandwidth":null,"internet_bandwidth":3000000000}],"ipv6_support":true,"sum_internal_bandwidth":3000000000,"sum_internet_bandwidth":3000000000},"per_volume_constraint":{"l_ssd":{"max_size":0,"min_size":0}},"ram":68719476736,"volumes_constraint":{"max_size":0,"min_size":0}},"PRO2-S":{"alt_names":[],"arch":"x86_64","baremetal":false,"capabilities":{"block_storage":true,"boot_types":["rescue","local"],"default_boot_type":"local","hot_snapshots_local_volume":false,"placement_groups":true,"private_network":8},"gpu":0,"hourly_price":0.219,"mig_profile":null,"monthly_price":159.87,"ncpus":8,"network":{"interfaces":[{"internal_bandwidth":1500000000,"internet_bandwidth":null},{"internal_bandwidth":null,"internet_bandwidth":1500000000}],"ipv6_support":true,"sum_internal_bandwidth":1500000000,"sum_internet_bandwidth":1500000000},"per_volume_constraint":{"l_ssd":{"max_size":0,"min_size":0}},"ram":34359738368,"volumes_constraint":{"max_size":0,"min_size":0}},"PRO2-XS":{"alt_names":[],"arch":"x86_64","baremetal":false,"capabilities":{"block_storage":true,"boot_types":["rescue","local"],"default_boot_type":"local","hot_snapshots_local_volume":false,"placement_groups":true,"private_network":8},"gpu":0,"hourly_price":0.11,"mig_profile":null,"monthly_price":80.3,"ncpus":4,"network":{"interfaces":[{"internal_bandwidth":700000000,"internet_bandwidth":null},{"internal_bandwidth":null,"internet_bandwidth":700000000}],"ipv6_support":true,"sum_internal_bandwidth":700000000,"sum_internet_bandwidth":700000000},"per_volume_constraint":{"l_ssd":{"max_size":0,"min_size":0}},"ram":17179869184,"volumes_constraint":{"max_size":0,"min_size":0}},"PRO2-XXS":{"alt_names":[],"arch":"x86_64","baremetal":false,"capabilities":{"block_storage":true,"boot_types":["rescue","local"],"default_boot_type":"local","hot_snapshots_local_volume":false,"placement_groups":true,"private_network":8},"gpu":0,"hourly_price":0.055,"mig_profile":null,"monthly_price":40.15,"ncpus":2,"network":{"interfaces":[{"internal_bandwidth":350000000,"internet_bandwidth":null},{"internal_bandwidth":null,"internet_bandwidth":350000000}],"ipv6_support":true,"sum_internal_bandwidth":350000000,"sum_internet_bandwidth":350000000},"per_volume_constraint":{"l_ssd":{"max_size":0,"min_size":0}},"ram":8589934592,"volumes_constraint":{"max_size":0,"min_size":0}},"RENDER-S":{"alt_names":[],"arch":"x86_64","baremetal":false,"capabilities":{"block_storage":true,"boot_types":["local","rescue"],"default_boot_type":"local","hot_snapshots_local_volume":true,"placement_groups":true,"private_network":8},"gpu":1,"hourly_price":1.2426,"mig_profile":null,"monthly_price":907.098,"ncpus":10,"network":{"interfaces":[{"internal_bandwidth":1000000000,"internet_bandwidth":null},{"internal_bandwidth":null,"internet_bandwidth":1000000000}],"ipv6_support":true,"sum_internal_bandwidth":1000000000,"sum_internet_bandwidth":1000000000},"per_volume_constraint":{"l_ssd":{"max_size":800000000000,"min_size":1000000000}},"ram":45097156608,"volumes_constraint":{"max_size":400000000000,"min_size":0}},"STARDUST1-S":{"alt_names":[],"arch":"x86_64","baremetal":false,"capabilities":{"block_storage":true,"boot_types":["bootscript","rescue","local"],"default_boot_type":"local","hot_snapshots_local_volume":true,"placement_groups":true,"private_network":8},"gpu":0,"hourly_price":0.00459,"mig_profile":null,"monthly_price":3.3507,"ncpus":1,"network":{"interfaces":[{"internal_bandwidth":100000000,"internet_bandwidth":null},{"internal_bandwidth":null,"internet_bandwidth":100000000}],"ipv6_support":true,"sum_internal_bandwidth":100000000,"sum_internet_bandwidth":100000000},"per_volume_constraint":{"l_ssd":{"max_size":800000000000,"min_size":1000000000}},"ram":1073741824,"volumes_constraint":{"max_size":10000000000,"min_size":0}},"START1-L":{"alt_names":[],"arch":"x86_64","baremetal":false,"capabilities":{"block_storage":true,"boot_types":["bootscript","rescue","local"],"default_boot_type":"bootscript","hot_snapshots_local_volume":true,"placement_groups":true,"private_network":0},"gpu":0,"hourly_price":0.0368,"mig_profile":null,"monthly_price":26.864,"ncpus":8,"network":{"interfaces":[{"internal_bandwidth":null,"internet_bandwidth":400000000}],"ipv6_support":true,"sum_internal_bandwidth":104857600,"sum_internet_bandwidth":400000000},"per_volume_constraint":{"l_ssd":{"max_size":200000000000,"min_size":1000000000}},"ram":8589934592,"volumes_constraint":{"max_size":200000000000,"min_size":200000000000}},"START1-M":{"alt_names":[],"arch":"x86_64","baremetal":false,"capabilities":{"block_storage":true,"boot_types":["bootscript","rescue","local"],"default_boot_type":"bootscript","hot_snapshots_local_volume":true,"placement_groups":true,"private_network":0},"gpu":0,"hourly_price":0.0194,"mig_profile":null,"monthly_price":14.162,"ncpus":4,"network":{"interfaces":[{"internal_bandwidth":null,"internet_bandwidth":300000000}],"ipv6_support":true,"sum_internal_bandwidth":104857600,"sum_internet_bandwidth":300000000},"per_volume_constraint":{"l_ssd":{"max_size":200000000000,"min_size":1000000000}},"ram":4294967296,"volumes_constraint":{"max_size":100000000000,"min_size":100000000000}},"START1-S":{"alt_names":[],"arch":"x86_64","baremetal":false,"capabilities":{"block_storage":true,"boot_types":["bootscript","rescue","local"],"default_boot_type":"bootscript","hot_snapshots_local_volume":true,"placement_groups":true,"private_network":0},"gpu":0,"hourly_price":0.0106,"mig_profile":null,"monthly_price":7.738,"ncpus":2,"network":{"interfaces":[{"internal_bandwidth":null,"internet_bandwidth":200000000}],"ipv6_support":true,"sum_internal_bandwidth":104857600,"sum_internet_bandwidth":200000000},"per_volume_constraint":{"l_ssd":{"max_size":200000000000,"min_size":1000000000}},"ram":2147483648,"volumes_constraint":{"max_size":50000000000,"min_size":50000000000}},"START1-XS":{"alt_names":[],"arch":"x86_64","baremetal":false,"capabilities":{"block_storage":true,"boot_types":["bootscript","rescue","local"],"default_boot_type":"bootscript","hot_snapshots_local_volume":true,"placement_groups":true,"private_network":0},"gpu":0,"hourly_price":0.0062,"mig_profile":null,"monthly_price":4.526,"ncpus":1,"network":{"interfaces":[{"internal_bandwidth":null,"internet_bandwidth":100000000}],"ipv6_support":true,"sum_internal_bandwidth":104857600,"sum_internet_bandwidth":100000000},"per_volume_constraint":{"l_ssd":{"max_size":200000000000,"min_size":1000000000}},"ram":1073741824,"volumes_constraint":{"max_size":25000000000,"min_size":25000000000}},"VC1L":{"alt_names":["X64-8GB"],"arch":"x86_64","baremetal":false,"capabilities":{"block_storage":true,"boot_types":["bootscript","rescue","local"],"default_boot_type":"bootscript","hot_snapshots_local_volume":true,"placement_groups":true,"private_network":0},"gpu":0,"hourly_price":0.02468,"mig_profile":null,"monthly_price":18.0164,"ncpus":6,"network":{"interfaces":[{"internal_bandwidth":null,"internet_bandwidth":200000000}],"ipv6_support":true,"sum_internal_bandwidth":104857600,"sum_internet_bandwidth":200000000},"per_volume_constraint":{"l_ssd":{"max_size":200000000000,"min_size":1000000000}},"ram":8589934592,"volumes_constraint":{"max_size":200000000000,"min_size":200000000000}}}}'
    headers:
      Content-Length:
      - "37931"
      Content-Security-Policy:
      - default-src 'none'; frame-ancestors 'none'
      Content-Type:
      - application/json
      Date:
      - Wed, 12 Jul 2023 09:53:29 GMT
      Link:
      - </products/servers?page=2&per_page=50&>; rel="next",</products/servers?page=2&per_page=50&>;
        rel="last"
      Server:
      - Scaleway API-Gateway
      Strict-Transport-Security:
      - max-age=63072000
      X-Content-Type-Options:
      - nosniff
      X-Frame-Options:
      - DENY
      X-Request-Id:
      - bdcb59fa-ecae-496a-9f4a-2e0d646647a0
      X-Total-Count:
      - "56"
    status: 200 OK
    code: 200
    duration: ""
- request:
    body: '{"name":"TestAccScalewayInstancePrivateNIC_Basic","project_id":"564aa517-68b0-4fd7-8c8c-d21c4bcdcbd5","tags":null,"subnets":null,"vpc_id":null}'
    form: {}
    headers:
      Content-Type:
      - application/json
      User-Agent:
      - scaleway-sdk-go/v1.0.0-beta.7+dev (go1.20.4; darwin; amd64) terraform-provider/develop
        terraform/terraform-tests
    url: https://api.scaleway.com/vpc/v2/regions/fr-par/private-networks
    method: POST
  response:
    body: '{"created_at":"2023-07-12T09:53:29.581676Z","dhcp_enabled":false,"id":"888f3aae-12a8-4a11-bc1b-13ff61352966","name":"TestAccScalewayInstancePrivateNIC_Basic","organization_id":"564aa517-68b0-4fd7-8c8c-d21c4bcdcbd5","project_id":"564aa517-68b0-4fd7-8c8c-d21c4bcdcbd5","region":"fr-par","subnets":[{"created_at":"2023-07-12T09:53:29.581676Z","id":"8c10af29-0472-4245-b297-8528a32169ca","subnet":"172.16.16.0/22","updated_at":"2023-07-12T09:53:29.581676Z"},{"created_at":"2023-07-12T09:53:29.581676Z","id":"84bfe4df-ed2f-487a-8fb9-34d3c0ba8611","subnet":"fd46:78ab:30b8:2ebd::/64","updated_at":"2023-07-12T09:53:29.581676Z"}],"tags":[],"updated_at":"2023-07-12T09:53:29.581676Z","vpc_id":"086a5171-f7ab-4667-a231-840a81203f19"}'
    headers:
      Content-Length:
      - "724"
      Content-Security-Policy:
      - default-src 'none'; frame-ancestors 'none'
      Content-Type:
      - application/json
      Date:
      - Wed, 12 Jul 2023 09:53:29 GMT
      Server:
      - Scaleway API-Gateway
      Strict-Transport-Security:
      - max-age=63072000
      X-Content-Type-Options:
      - nosniff
      X-Frame-Options:
      - DENY
      X-Request-Id:
      - cfe420db-5e67-4b3c-9e9a-ba05608d35a7
    status: 200 OK
    code: 200
    duration: ""
- request:
    body: ""
    form: {}
    headers:
      User-Agent:
      - scaleway-sdk-go/v1.0.0-beta.7+dev (go1.20.4; darwin; amd64) terraform-provider/develop
        terraform/terraform-tests
    url: https://api.scaleway.com/instance/v1/zones/fr-par-1/products/servers?page=2
    method: GET
  response:
    body: '{"servers":{"VC1M":{"alt_names":["X64-4GB"],"arch":"x86_64","baremetal":false,"capabilities":{"block_storage":true,"boot_types":["bootscript","rescue","local"],"default_boot_type":"bootscript","hot_snapshots_local_volume":true,"placement_groups":true,"private_network":0},"gpu":0,"hourly_price":0.01555,"mig_profile":null,"monthly_price":11.3515,"ncpus":4,"network":{"interfaces":[{"internal_bandwidth":null,"internet_bandwidth":200000000}],"ipv6_support":true,"sum_internal_bandwidth":104857600,"sum_internet_bandwidth":200000000},"per_volume_constraint":{"l_ssd":{"max_size":200000000000,"min_size":1000000000}},"ram":4294967296,"volumes_constraint":{"max_size":100000000000,"min_size":100000000000}},"VC1S":{"alt_names":["X64-2GB"],"arch":"x86_64","baremetal":false,"capabilities":{"block_storage":true,"boot_types":["bootscript","rescue","local"],"default_boot_type":"bootscript","hot_snapshots_local_volume":true,"placement_groups":true,"private_network":0},"gpu":0,"hourly_price":0.00862,"mig_profile":null,"monthly_price":6.2926,"ncpus":2,"network":{"interfaces":[{"internal_bandwidth":null,"internet_bandwidth":200000000}],"ipv6_support":true,"sum_internal_bandwidth":104857600,"sum_internet_bandwidth":200000000},"per_volume_constraint":{"l_ssd":{"max_size":200000000000,"min_size":1000000000}},"ram":2147483648,"volumes_constraint":{"max_size":50000000000,"min_size":50000000000}},"X64-120GB":{"alt_names":[],"arch":"x86_64","baremetal":false,"capabilities":{"block_storage":true,"boot_types":["bootscript","rescue","local"],"default_boot_type":"bootscript","hot_snapshots_local_volume":true,"placement_groups":true,"private_network":0},"gpu":0,"hourly_price":0.42574,"mig_profile":null,"monthly_price":310.7902,"ncpus":12,"network":{"interfaces":[{"internal_bandwidth":null,"internet_bandwidth":1000000000}],"ipv6_support":true,"sum_internal_bandwidth":104857600,"sum_internet_bandwidth":1000000000},"per_volume_constraint":{"l_ssd":{"max_size":200000000000,"min_size":1000000000}},"ram":128849018880,"volumes_constraint":{"max_size":1000000000000,"min_size":500000000000}},"X64-15GB":{"alt_names":[],"arch":"x86_64","baremetal":false,"capabilities":{"block_storage":true,"boot_types":["bootscript","rescue","local"],"default_boot_type":"bootscript","hot_snapshots_local_volume":true,"placement_groups":true,"private_network":0},"gpu":0,"hourly_price":0.06032,"mig_profile":null,"monthly_price":44.0336,"ncpus":6,"network":{"interfaces":[{"internal_bandwidth":null,"internet_bandwidth":250000000}],"ipv6_support":true,"sum_internal_bandwidth":104857600,"sum_internet_bandwidth":250000000},"per_volume_constraint":{"l_ssd":{"max_size":200000000000,"min_size":1000000000}},"ram":16106127360,"volumes_constraint":{"max_size":200000000000,"min_size":200000000000}},"X64-30GB":{"alt_names":[],"arch":"x86_64","baremetal":false,"capabilities":{"block_storage":true,"boot_types":["bootscript","rescue","local"],"default_boot_type":"bootscript","hot_snapshots_local_volume":true,"placement_groups":true,"private_network":0},"gpu":0,"hourly_price":0.11906,"mig_profile":null,"monthly_price":86.9138,"ncpus":8,"network":{"interfaces":[{"internal_bandwidth":null,"internet_bandwidth":500000000}],"ipv6_support":true,"sum_internal_bandwidth":104857600,"sum_internet_bandwidth":500000000},"per_volume_constraint":{"l_ssd":{"max_size":200000000000,"min_size":1000000000}},"ram":32212254720,"volumes_constraint":{"max_size":400000000000,"min_size":300000000000}},"X64-60GB":{"alt_names":[],"arch":"x86_64","baremetal":false,"capabilities":{"block_storage":true,"boot_types":["bootscript","rescue","local"],"default_boot_type":"bootscript","hot_snapshots_local_volume":true,"placement_groups":true,"private_network":0},"gpu":0,"hourly_price":0.213,"mig_profile":null,"monthly_price":155.49,"ncpus":10,"network":{"interfaces":[{"internal_bandwidth":null,"internet_bandwidth":1000000000}],"ipv6_support":true,"sum_internal_bandwidth":104857600,"sum_internet_bandwidth":1000000000},"per_volume_constraint":{"l_ssd":{"max_size":200000000000,"min_size":1000000000}},"ram":64424509440,"volumes_constraint":{"max_size":700000000000,"min_size":400000000000}}}}'
    headers:
      Content-Length:
      - "4489"
      Content-Security-Policy:
      - default-src 'none'; frame-ancestors 'none'
      Content-Type:
      - application/json
      Date:
      - Wed, 12 Jul 2023 09:53:29 GMT
      Link:
      - </products/servers?page=1&per_page=50&>; rel="first",</products/servers?page=1&per_page=50&>;
        rel="previous",</products/servers?page=2&per_page=50&>; rel="last"
      Server:
      - Scaleway API-Gateway
      Strict-Transport-Security:
      - max-age=63072000
      X-Content-Type-Options:
      - nosniff
      X-Frame-Options:
      - DENY
      X-Request-Id:
      - 52eb9679-2f4f-4906-9576-6e52069dd463
      X-Total-Count:
      - "56"
    status: 200 OK
    code: 200
    duration: ""
- request:
    body: ""
    form: {}
    headers:
      User-Agent:
      - scaleway-sdk-go/v1.0.0-beta.7+dev (go1.20.4; darwin; amd64) terraform-provider/develop
        terraform/terraform-tests
    url: https://api.scaleway.com/vpc/v2/regions/fr-par/private-networks/888f3aae-12a8-4a11-bc1b-13ff61352966
    method: GET
  response:
    body: '{"created_at":"2023-07-12T09:53:29.581676Z","dhcp_enabled":false,"id":"888f3aae-12a8-4a11-bc1b-13ff61352966","name":"TestAccScalewayInstancePrivateNIC_Basic","organization_id":"564aa517-68b0-4fd7-8c8c-d21c4bcdcbd5","project_id":"564aa517-68b0-4fd7-8c8c-d21c4bcdcbd5","region":"fr-par","subnets":[{"created_at":"2023-07-12T09:53:29.581676Z","id":"8c10af29-0472-4245-b297-8528a32169ca","subnet":"172.16.16.0/22","updated_at":"2023-07-12T09:53:29.581676Z"},{"created_at":"2023-07-12T09:53:29.581676Z","id":"84bfe4df-ed2f-487a-8fb9-34d3c0ba8611","subnet":"fd46:78ab:30b8:2ebd::/64","updated_at":"2023-07-12T09:53:29.581676Z"}],"tags":[],"updated_at":"2023-07-12T09:53:29.581676Z","vpc_id":"086a5171-f7ab-4667-a231-840a81203f19"}'
    headers:
      Content-Length:
      - "724"
      Content-Security-Policy:
      - default-src 'none'; frame-ancestors 'none'
      Content-Type:
      - application/json
      Date:
      - Wed, 12 Jul 2023 09:53:29 GMT
      Server:
      - Scaleway API-Gateway
      Strict-Transport-Security:
      - max-age=63072000
      X-Content-Type-Options:
      - nosniff
      X-Frame-Options:
      - DENY
      X-Request-Id:
      - f2aa222d-25d6-49a0-b70b-83992e333130
    status: 200 OK
    code: 200
    duration: ""
- request:
    body: '{"name":"tf-srv-amazing-mayer","dynamic_ip_required":false,"commercial_type":"DEV1-S","image":"aef2a64e-d6d8-4b39-b00d-61ce2ddce2c8","volumes":{"0":{"boot":false,"size":20000000000,"volume_type":"l_ssd"}},"boot_type":"local","project":"564aa517-68b0-4fd7-8c8c-d21c4bcdcbd5"}'
    form: {}
    headers:
      Content-Type:
      - application/json
      User-Agent:
      - scaleway-sdk-go/v1.0.0-beta.7+dev (go1.20.4; darwin; amd64) terraform-provider/develop
        terraform/terraform-tests
    url: https://api.scaleway.com/instance/v1/zones/fr-par-1/servers
    method: POST
  response:
    body: '{"server":{"allowed_actions":["poweron","backup"],"arch":"x86_64","boot_type":"local","bootscript":{"architecture":"x86_64","bootcmdargs":"LINUX_COMMON
      scaleway boot=local nbd.max_part=16","default":true,"dtb":"","id":"fdfe150f-a870-4ce4-b432-9f56b5b995c1","initrd":"http://10.194.3.9/initrd/initrd-Linux-x86_64-v3.14.6.gz","kernel":"http://10.194.3.9/kernel/x86_64-mainline-lts-4.4-4.4.230-rev1/vmlinuz-4.4.230","organization":"11111111-1111-4111-8111-111111111111","project":"11111111-1111-4111-8111-111111111111","public":true,"title":"x86_64
      mainline 4.4.230 rev1","zone":"fr-par-1"},"commercial_type":"DEV1-S","creation_date":"2023-07-12T09:53:30.066332+00:00","dynamic_ip_required":false,"enable_ipv6":false,"extra_networks":[],"hostname":"tf-srv-amazing-mayer","id":"4e52e574-eb14-4651-b90a-64b74ad94f5b","image":{"arch":"x86_64","creation_date":"2023-06-28T12:44:51.423515+00:00","default_bootscript":null,"extra_volumes":{},"from_server":null,"id":"aef2a64e-d6d8-4b39-b00d-61ce2ddce2c8","modification_date":"2023-06-28T12:44:51.423515+00:00","name":"Ubuntu
      20.04 Focal Fossa","organization":"51b656e3-4865-41e8-adbc-0c45bdd780db","project":"51b656e3-4865-41e8-adbc-0c45bdd780db","public":true,"root_volume":{"id":"3cd60412-e478-4f16-ad7c-8290c6e1e8c8","name":"Ubuntu
      20.04 Focal Fossa","size":10000000000,"volume_type":"unified"},"state":"available","tags":[],"zone":"fr-par-1"},"ipv6":null,"location":null,"mac_address":"de:00:00:1c:fa:81","maintenances":[],"modification_date":"2023-07-12T09:53:30.066332+00:00","name":"tf-srv-amazing-mayer","organization":"564aa517-68b0-4fd7-8c8c-d21c4bcdcbd5","placement_group":null,"private_ip":null,"private_nics":[],"project":"564aa517-68b0-4fd7-8c8c-d21c4bcdcbd5","protected":false,"public_ip":null,"public_ips":[],"routed_ip_enabled":false,"security_group":{"id":"ac7c7160-8415-425b-8cf0-9976ee15ccd1","name":"Default
      security group"},"state":"stopped","state_detail":"","tags":[],"volumes":{"0":{"boot":false,"creation_date":"2023-07-12T09:53:30.066332+00:00","export_uri":null,"id":"6fd21478-4fcc-4a98-b775-9d77dec7d57b","modification_date":"2023-07-12T09:53:30.066332+00:00","name":"Ubuntu
      20.04 Focal Fossa","organization":"564aa517-68b0-4fd7-8c8c-d21c4bcdcbd5","project":"564aa517-68b0-4fd7-8c8c-d21c4bcdcbd5","server":{"id":"4e52e574-eb14-4651-b90a-64b74ad94f5b","name":"tf-srv-amazing-mayer"},"size":20000000000,"state":"available","tags":[],"volume_type":"l_ssd","zone":"fr-par-1"}},"zone":"fr-par-1"}}'
    headers:
      Content-Length:
      - "2622"
      Content-Security-Policy:
      - default-src 'none'; frame-ancestors 'none'
      Content-Type:
      - application/json
      Date:
      - Wed, 12 Jul 2023 09:53:30 GMT
      Location:
      - https://api.scaleway.com/instance/v1/zones/fr-par-1/servers/4e52e574-eb14-4651-b90a-64b74ad94f5b
      Server:
      - Scaleway API-Gateway
      Strict-Transport-Security:
      - max-age=63072000
      X-Content-Type-Options:
      - nosniff
      X-Frame-Options:
      - DENY
      X-Request-Id:
      - 588a99e7-b675-42ad-b151-6980f41c9fed
    status: 201 Created
    code: 201
    duration: ""
- request:
    body: ""
    form: {}
    headers:
      User-Agent:
      - scaleway-sdk-go/v1.0.0-beta.7+dev (go1.20.4; darwin; amd64) terraform-provider/develop
        terraform/terraform-tests
    url: https://api.scaleway.com/instance/v1/zones/fr-par-1/servers/4e52e574-eb14-4651-b90a-64b74ad94f5b
    method: GET
  response:
    body: '{"server":{"allowed_actions":["poweron","backup"],"arch":"x86_64","boot_type":"local","bootscript":{"architecture":"x86_64","bootcmdargs":"LINUX_COMMON
      scaleway boot=local nbd.max_part=16","default":true,"dtb":"","id":"fdfe150f-a870-4ce4-b432-9f56b5b995c1","initrd":"http://10.194.3.9/initrd/initrd-Linux-x86_64-v3.14.6.gz","kernel":"http://10.194.3.9/kernel/x86_64-mainline-lts-4.4-4.4.230-rev1/vmlinuz-4.4.230","organization":"11111111-1111-4111-8111-111111111111","project":"11111111-1111-4111-8111-111111111111","public":true,"title":"x86_64
      mainline 4.4.230 rev1","zone":"fr-par-1"},"commercial_type":"DEV1-S","creation_date":"2023-07-12T09:53:30.066332+00:00","dynamic_ip_required":false,"enable_ipv6":false,"extra_networks":[],"hostname":"tf-srv-amazing-mayer","id":"4e52e574-eb14-4651-b90a-64b74ad94f5b","image":{"arch":"x86_64","creation_date":"2023-06-28T12:44:51.423515+00:00","default_bootscript":null,"extra_volumes":{},"from_server":null,"id":"aef2a64e-d6d8-4b39-b00d-61ce2ddce2c8","modification_date":"2023-06-28T12:44:51.423515+00:00","name":"Ubuntu
      20.04 Focal Fossa","organization":"51b656e3-4865-41e8-adbc-0c45bdd780db","project":"51b656e3-4865-41e8-adbc-0c45bdd780db","public":true,"root_volume":{"id":"3cd60412-e478-4f16-ad7c-8290c6e1e8c8","name":"Ubuntu
      20.04 Focal Fossa","size":10000000000,"volume_type":"unified"},"state":"available","tags":[],"zone":"fr-par-1"},"ipv6":null,"location":null,"mac_address":"de:00:00:1c:fa:81","maintenances":[],"modification_date":"2023-07-12T09:53:30.066332+00:00","name":"tf-srv-amazing-mayer","organization":"564aa517-68b0-4fd7-8c8c-d21c4bcdcbd5","placement_group":null,"private_ip":null,"private_nics":[],"project":"564aa517-68b0-4fd7-8c8c-d21c4bcdcbd5","protected":false,"public_ip":null,"public_ips":[],"routed_ip_enabled":false,"security_group":{"id":"ac7c7160-8415-425b-8cf0-9976ee15ccd1","name":"Default
      security group"},"state":"stopped","state_detail":"","tags":[],"volumes":{"0":{"boot":false,"creation_date":"2023-07-12T09:53:30.066332+00:00","export_uri":null,"id":"6fd21478-4fcc-4a98-b775-9d77dec7d57b","modification_date":"2023-07-12T09:53:30.066332+00:00","name":"Ubuntu
      20.04 Focal Fossa","organization":"564aa517-68b0-4fd7-8c8c-d21c4bcdcbd5","project":"564aa517-68b0-4fd7-8c8c-d21c4bcdcbd5","server":{"id":"4e52e574-eb14-4651-b90a-64b74ad94f5b","name":"tf-srv-amazing-mayer"},"size":20000000000,"state":"available","tags":[],"volume_type":"l_ssd","zone":"fr-par-1"}},"zone":"fr-par-1"}}'
    headers:
      Content-Length:
      - "2622"
      Content-Security-Policy:
      - default-src 'none'; frame-ancestors 'none'
      Content-Type:
      - application/json
      Date:
      - Wed, 12 Jul 2023 09:53:30 GMT
      Server:
      - Scaleway API-Gateway
      Strict-Transport-Security:
      - max-age=63072000
      X-Content-Type-Options:
      - nosniff
      X-Frame-Options:
      - DENY
      X-Request-Id:
      - b123708d-6258-4757-b9bc-7933b40b9122
    status: 200 OK
    code: 200
    duration: ""
- request:
    body: ""
    form: {}
    headers:
      User-Agent:
      - scaleway-sdk-go/v1.0.0-beta.7+dev (go1.20.4; darwin; amd64) terraform-provider/develop
        terraform/terraform-tests
    url: https://api.scaleway.com/instance/v1/zones/fr-par-1/servers/4e52e574-eb14-4651-b90a-64b74ad94f5b
    method: GET
  response:
    body: '{"server":{"allowed_actions":["poweron","backup"],"arch":"x86_64","boot_type":"local","bootscript":{"architecture":"x86_64","bootcmdargs":"LINUX_COMMON
      scaleway boot=local nbd.max_part=16","default":true,"dtb":"","id":"fdfe150f-a870-4ce4-b432-9f56b5b995c1","initrd":"http://10.194.3.9/initrd/initrd-Linux-x86_64-v3.14.6.gz","kernel":"http://10.194.3.9/kernel/x86_64-mainline-lts-4.4-4.4.230-rev1/vmlinuz-4.4.230","organization":"11111111-1111-4111-8111-111111111111","project":"11111111-1111-4111-8111-111111111111","public":true,"title":"x86_64
      mainline 4.4.230 rev1","zone":"fr-par-1"},"commercial_type":"DEV1-S","creation_date":"2023-07-12T09:53:30.066332+00:00","dynamic_ip_required":false,"enable_ipv6":false,"extra_networks":[],"hostname":"tf-srv-amazing-mayer","id":"4e52e574-eb14-4651-b90a-64b74ad94f5b","image":{"arch":"x86_64","creation_date":"2023-06-28T12:44:51.423515+00:00","default_bootscript":null,"extra_volumes":{},"from_server":null,"id":"aef2a64e-d6d8-4b39-b00d-61ce2ddce2c8","modification_date":"2023-06-28T12:44:51.423515+00:00","name":"Ubuntu
      20.04 Focal Fossa","organization":"51b656e3-4865-41e8-adbc-0c45bdd780db","project":"51b656e3-4865-41e8-adbc-0c45bdd780db","public":true,"root_volume":{"id":"3cd60412-e478-4f16-ad7c-8290c6e1e8c8","name":"Ubuntu
      20.04 Focal Fossa","size":10000000000,"volume_type":"unified"},"state":"available","tags":[],"zone":"fr-par-1"},"ipv6":null,"location":null,"mac_address":"de:00:00:1c:fa:81","maintenances":[],"modification_date":"2023-07-12T09:53:30.066332+00:00","name":"tf-srv-amazing-mayer","organization":"564aa517-68b0-4fd7-8c8c-d21c4bcdcbd5","placement_group":null,"private_ip":null,"private_nics":[],"project":"564aa517-68b0-4fd7-8c8c-d21c4bcdcbd5","protected":false,"public_ip":null,"public_ips":[],"routed_ip_enabled":false,"security_group":{"id":"ac7c7160-8415-425b-8cf0-9976ee15ccd1","name":"Default
      security group"},"state":"stopped","state_detail":"","tags":[],"volumes":{"0":{"boot":false,"creation_date":"2023-07-12T09:53:30.066332+00:00","export_uri":null,"id":"6fd21478-4fcc-4a98-b775-9d77dec7d57b","modification_date":"2023-07-12T09:53:30.066332+00:00","name":"Ubuntu
      20.04 Focal Fossa","organization":"564aa517-68b0-4fd7-8c8c-d21c4bcdcbd5","project":"564aa517-68b0-4fd7-8c8c-d21c4bcdcbd5","server":{"id":"4e52e574-eb14-4651-b90a-64b74ad94f5b","name":"tf-srv-amazing-mayer"},"size":20000000000,"state":"available","tags":[],"volume_type":"l_ssd","zone":"fr-par-1"}},"zone":"fr-par-1"}}'
    headers:
      Content-Length:
      - "2622"
      Content-Security-Policy:
      - default-src 'none'; frame-ancestors 'none'
      Content-Type:
      - application/json
      Date:
      - Wed, 12 Jul 2023 09:53:30 GMT
      Server:
      - Scaleway API-Gateway
      Strict-Transport-Security:
      - max-age=63072000
      X-Content-Type-Options:
      - nosniff
      X-Frame-Options:
      - DENY
      X-Request-Id:
      - b80960b7-dc29-4568-9354-8b47bff1cc1c
    status: 200 OK
    code: 200
    duration: ""
- request:
    body: '{"action":"poweron"}'
    form: {}
    headers:
      Content-Type:
      - application/json
      User-Agent:
      - scaleway-sdk-go/v1.0.0-beta.7+dev (go1.20.4; darwin; amd64) terraform-provider/develop
        terraform/terraform-tests
    url: https://api.scaleway.com/instance/v1/zones/fr-par-1/servers/4e52e574-eb14-4651-b90a-64b74ad94f5b/action
    method: POST
  response:
    body: '{"task":{"description":"server_batch_poweron","href_from":"/servers/4e52e574-eb14-4651-b90a-64b74ad94f5b/action","href_result":"/servers/4e52e574-eb14-4651-b90a-64b74ad94f5b","id":"2990b43a-e651-4eff-9b9e-aa1d4e38face","started_at":"2023-07-12T09:53:31.090484+00:00","status":"pending","terminated_at":null}}'
    headers:
      Content-Length:
      - "322"
      Content-Security-Policy:
      - default-src 'none'; frame-ancestors 'none'
      Content-Type:
      - application/json
      Date:
      - Wed, 12 Jul 2023 09:53:31 GMT
      Location:
      - https://api.scaleway.com/instance/v1/zones/fr-par-1/tasks/2990b43a-e651-4eff-9b9e-aa1d4e38face
      Server:
      - Scaleway API-Gateway
      Strict-Transport-Security:
      - max-age=63072000
      X-Content-Type-Options:
      - nosniff
      X-Frame-Options:
      - DENY
      X-Request-Id:
      - 37064950-1244-4c6e-8958-83b38a50c7e1
    status: 202 Accepted
    code: 202
    duration: ""
- request:
    body: ""
    form: {}
    headers:
      User-Agent:
      - scaleway-sdk-go/v1.0.0-beta.7+dev (go1.20.4; darwin; amd64) terraform-provider/develop
        terraform/terraform-tests
    url: https://api.scaleway.com/instance/v1/zones/fr-par-1/servers/4e52e574-eb14-4651-b90a-64b74ad94f5b
    method: GET
  response:
    body: '{"server":{"allowed_actions":["stop_in_place","backup"],"arch":"x86_64","boot_type":"local","bootscript":{"architecture":"x86_64","bootcmdargs":"LINUX_COMMON
      scaleway boot=local nbd.max_part=16","default":true,"dtb":"","id":"fdfe150f-a870-4ce4-b432-9f56b5b995c1","initrd":"http://10.194.3.9/initrd/initrd-Linux-x86_64-v3.14.6.gz","kernel":"http://10.194.3.9/kernel/x86_64-mainline-lts-4.4-4.4.230-rev1/vmlinuz-4.4.230","organization":"11111111-1111-4111-8111-111111111111","project":"11111111-1111-4111-8111-111111111111","public":true,"title":"x86_64
      mainline 4.4.230 rev1","zone":"fr-par-1"},"commercial_type":"DEV1-S","creation_date":"2023-07-12T09:53:30.066332+00:00","dynamic_ip_required":false,"enable_ipv6":false,"extra_networks":[],"hostname":"tf-srv-amazing-mayer","id":"4e52e574-eb14-4651-b90a-64b74ad94f5b","image":{"arch":"x86_64","creation_date":"2023-06-28T12:44:51.423515+00:00","default_bootscript":null,"extra_volumes":{},"from_server":null,"id":"aef2a64e-d6d8-4b39-b00d-61ce2ddce2c8","modification_date":"2023-06-28T12:44:51.423515+00:00","name":"Ubuntu
      20.04 Focal Fossa","organization":"51b656e3-4865-41e8-adbc-0c45bdd780db","project":"51b656e3-4865-41e8-adbc-0c45bdd780db","public":true,"root_volume":{"id":"3cd60412-e478-4f16-ad7c-8290c6e1e8c8","name":"Ubuntu
      20.04 Focal Fossa","size":10000000000,"volume_type":"unified"},"state":"available","tags":[],"zone":"fr-par-1"},"ipv6":null,"location":null,"mac_address":"de:00:00:1c:fa:81","maintenances":[],"modification_date":"2023-07-12T09:53:30.731882+00:00","name":"tf-srv-amazing-mayer","organization":"564aa517-68b0-4fd7-8c8c-d21c4bcdcbd5","placement_group":null,"private_ip":null,"private_nics":[],"project":"564aa517-68b0-4fd7-8c8c-d21c4bcdcbd5","protected":false,"public_ip":null,"public_ips":[],"routed_ip_enabled":false,"security_group":{"id":"ac7c7160-8415-425b-8cf0-9976ee15ccd1","name":"Default
      security group"},"state":"starting","state_detail":"allocating node","tags":[],"volumes":{"0":{"boot":false,"creation_date":"2023-07-12T09:53:30.066332+00:00","export_uri":null,"id":"6fd21478-4fcc-4a98-b775-9d77dec7d57b","modification_date":"2023-07-12T09:53:30.066332+00:00","name":"Ubuntu
      20.04 Focal Fossa","organization":"564aa517-68b0-4fd7-8c8c-d21c4bcdcbd5","project":"564aa517-68b0-4fd7-8c8c-d21c4bcdcbd5","server":{"id":"4e52e574-eb14-4651-b90a-64b74ad94f5b","name":"tf-srv-amazing-mayer"},"size":20000000000,"state":"available","tags":[],"volume_type":"l_ssd","zone":"fr-par-1"}},"zone":"fr-par-1"}}'
    headers:
      Content-Length:
      - "2644"
      Content-Security-Policy:
      - default-src 'none'; frame-ancestors 'none'
      Content-Type:
      - application/json
      Date:
      - Wed, 12 Jul 2023 09:53:31 GMT
      Server:
      - Scaleway API-Gateway
      Strict-Transport-Security:
      - max-age=63072000
      X-Content-Type-Options:
      - nosniff
      X-Frame-Options:
      - DENY
      X-Request-Id:
      - b40cd6ef-3a78-4fda-81ec-e040688106eb
    status: 200 OK
    code: 200
    duration: ""
- request:
    body: ""
    form: {}
    headers:
      User-Agent:
      - scaleway-sdk-go/v1.0.0-beta.7+dev (go1.20.4; darwin; amd64) terraform-provider/develop
        terraform/terraform-tests
    url: https://api.scaleway.com/instance/v1/zones/fr-par-1/servers/4e52e574-eb14-4651-b90a-64b74ad94f5b
    method: GET
  response:
    body: '{"server":{"allowed_actions":["stop_in_place","backup"],"arch":"x86_64","boot_type":"local","bootscript":{"architecture":"x86_64","bootcmdargs":"LINUX_COMMON
      scaleway boot=local nbd.max_part=16","default":true,"dtb":"","id":"fdfe150f-a870-4ce4-b432-9f56b5b995c1","initrd":"http://10.194.3.9/initrd/initrd-Linux-x86_64-v3.14.6.gz","kernel":"http://10.194.3.9/kernel/x86_64-mainline-lts-4.4-4.4.230-rev1/vmlinuz-4.4.230","organization":"11111111-1111-4111-8111-111111111111","project":"11111111-1111-4111-8111-111111111111","public":true,"title":"x86_64
      mainline 4.4.230 rev1","zone":"fr-par-1"},"commercial_type":"DEV1-S","creation_date":"2023-07-12T09:53:30.066332+00:00","dynamic_ip_required":false,"enable_ipv6":false,"extra_networks":[],"hostname":"tf-srv-amazing-mayer","id":"4e52e574-eb14-4651-b90a-64b74ad94f5b","image":{"arch":"x86_64","creation_date":"2023-06-28T12:44:51.423515+00:00","default_bootscript":null,"extra_volumes":{},"from_server":null,"id":"aef2a64e-d6d8-4b39-b00d-61ce2ddce2c8","modification_date":"2023-06-28T12:44:51.423515+00:00","name":"Ubuntu
      20.04 Focal Fossa","organization":"51b656e3-4865-41e8-adbc-0c45bdd780db","project":"51b656e3-4865-41e8-adbc-0c45bdd780db","public":true,"root_volume":{"id":"3cd60412-e478-4f16-ad7c-8290c6e1e8c8","name":"Ubuntu
      20.04 Focal Fossa","size":10000000000,"volume_type":"unified"},"state":"available","tags":[],"zone":"fr-par-1"},"ipv6":null,"location":{"cluster_id":"17","hypervisor_id":"902","node_id":"42","platform_id":"14","zone_id":"par1"},"mac_address":"de:00:00:1c:fa:81","maintenances":[],"modification_date":"2023-07-12T09:53:30.731882+00:00","name":"tf-srv-amazing-mayer","organization":"564aa517-68b0-4fd7-8c8c-d21c4bcdcbd5","placement_group":null,"private_ip":"10.64.194.83","private_nics":[],"project":"564aa517-68b0-4fd7-8c8c-d21c4bcdcbd5","protected":false,"public_ip":null,"public_ips":[],"routed_ip_enabled":false,"security_group":{"id":"ac7c7160-8415-425b-8cf0-9976ee15ccd1","name":"Default
      security group"},"state":"starting","state_detail":"provisioning node","tags":[],"volumes":{"0":{"boot":false,"creation_date":"2023-07-12T09:53:30.066332+00:00","export_uri":null,"id":"6fd21478-4fcc-4a98-b775-9d77dec7d57b","modification_date":"2023-07-12T09:53:30.066332+00:00","name":"Ubuntu
      20.04 Focal Fossa","organization":"564aa517-68b0-4fd7-8c8c-d21c4bcdcbd5","project":"564aa517-68b0-4fd7-8c8c-d21c4bcdcbd5","server":{"id":"4e52e574-eb14-4651-b90a-64b74ad94f5b","name":"tf-srv-amazing-mayer"},"size":20000000000,"state":"available","tags":[],"volume_type":"l_ssd","zone":"fr-par-1"}},"zone":"fr-par-1"}}'
    headers:
      Content-Length:
      - "2753"
      Content-Security-Policy:
      - default-src 'none'; frame-ancestors 'none'
      Content-Type:
      - application/json
      Date:
      - Wed, 12 Jul 2023 09:53:36 GMT
      Server:
      - Scaleway API-Gateway
      Strict-Transport-Security:
      - max-age=63072000
      X-Content-Type-Options:
      - nosniff
      X-Frame-Options:
      - DENY
      X-Request-Id:
      - e0721eba-01a8-4272-85e8-6d8a89bfdff4
    status: 200 OK
    code: 200
    duration: ""
- request:
    body: ""
    form: {}
    headers:
      User-Agent:
      - scaleway-sdk-go/v1.0.0-beta.7+dev (go1.20.4; darwin; amd64) terraform-provider/develop
        terraform/terraform-tests
    url: https://api.scaleway.com/instance/v1/zones/fr-par-1/servers/4e52e574-eb14-4651-b90a-64b74ad94f5b
    method: GET
  response:
    body: '{"server":{"allowed_actions":["stop_in_place","backup"],"arch":"x86_64","boot_type":"local","bootscript":{"architecture":"x86_64","bootcmdargs":"LINUX_COMMON
      scaleway boot=local nbd.max_part=16","default":true,"dtb":"","id":"fdfe150f-a870-4ce4-b432-9f56b5b995c1","initrd":"http://10.194.3.9/initrd/initrd-Linux-x86_64-v3.14.6.gz","kernel":"http://10.194.3.9/kernel/x86_64-mainline-lts-4.4-4.4.230-rev1/vmlinuz-4.4.230","organization":"11111111-1111-4111-8111-111111111111","project":"11111111-1111-4111-8111-111111111111","public":true,"title":"x86_64
      mainline 4.4.230 rev1","zone":"fr-par-1"},"commercial_type":"DEV1-S","creation_date":"2023-07-12T09:53:30.066332+00:00","dynamic_ip_required":false,"enable_ipv6":false,"extra_networks":[],"hostname":"tf-srv-amazing-mayer","id":"4e52e574-eb14-4651-b90a-64b74ad94f5b","image":{"arch":"x86_64","creation_date":"2023-06-28T12:44:51.423515+00:00","default_bootscript":null,"extra_volumes":{},"from_server":null,"id":"aef2a64e-d6d8-4b39-b00d-61ce2ddce2c8","modification_date":"2023-06-28T12:44:51.423515+00:00","name":"Ubuntu
      20.04 Focal Fossa","organization":"51b656e3-4865-41e8-adbc-0c45bdd780db","project":"51b656e3-4865-41e8-adbc-0c45bdd780db","public":true,"root_volume":{"id":"3cd60412-e478-4f16-ad7c-8290c6e1e8c8","name":"Ubuntu
      20.04 Focal Fossa","size":10000000000,"volume_type":"unified"},"state":"available","tags":[],"zone":"fr-par-1"},"ipv6":null,"location":{"cluster_id":"17","hypervisor_id":"902","node_id":"42","platform_id":"14","zone_id":"par1"},"mac_address":"de:00:00:1c:fa:81","maintenances":[],"modification_date":"2023-07-12T09:53:30.731882+00:00","name":"tf-srv-amazing-mayer","organization":"564aa517-68b0-4fd7-8c8c-d21c4bcdcbd5","placement_group":null,"private_ip":"10.64.194.83","private_nics":[],"project":"564aa517-68b0-4fd7-8c8c-d21c4bcdcbd5","protected":false,"public_ip":null,"public_ips":[],"routed_ip_enabled":false,"security_group":{"id":"ac7c7160-8415-425b-8cf0-9976ee15ccd1","name":"Default
      security group"},"state":"starting","state_detail":"provisioning node","tags":[],"volumes":{"0":{"boot":false,"creation_date":"2023-07-12T09:53:30.066332+00:00","export_uri":null,"id":"6fd21478-4fcc-4a98-b775-9d77dec7d57b","modification_date":"2023-07-12T09:53:30.066332+00:00","name":"Ubuntu
      20.04 Focal Fossa","organization":"564aa517-68b0-4fd7-8c8c-d21c4bcdcbd5","project":"564aa517-68b0-4fd7-8c8c-d21c4bcdcbd5","server":{"id":"4e52e574-eb14-4651-b90a-64b74ad94f5b","name":"tf-srv-amazing-mayer"},"size":20000000000,"state":"available","tags":[],"volume_type":"l_ssd","zone":"fr-par-1"}},"zone":"fr-par-1"}}'
    headers:
      Content-Length:
      - "2753"
      Content-Security-Policy:
      - default-src 'none'; frame-ancestors 'none'
      Content-Type:
      - application/json
      Date:
      - Wed, 12 Jul 2023 09:53:41 GMT
      Server:
      - Scaleway API-Gateway
      Strict-Transport-Security:
      - max-age=63072000
      X-Content-Type-Options:
      - nosniff
      X-Frame-Options:
      - DENY
      X-Request-Id:
      - ef431936-9f26-4d82-8c66-3212044ef482
    status: 200 OK
    code: 200
    duration: ""
- request:
    body: ""
    form: {}
    headers:
      User-Agent:
      - scaleway-sdk-go/v1.0.0-beta.7+dev (go1.20.4; darwin; amd64) terraform-provider/develop
        terraform/terraform-tests
    url: https://api.scaleway.com/instance/v1/zones/fr-par-1/servers/4e52e574-eb14-4651-b90a-64b74ad94f5b
    method: GET
  response:
    body: '{"server":{"allowed_actions":["poweroff","terminate","reboot","stop_in_place","backup"],"arch":"x86_64","boot_type":"local","bootscript":{"architecture":"x86_64","bootcmdargs":"LINUX_COMMON
      scaleway boot=local nbd.max_part=16","default":true,"dtb":"","id":"fdfe150f-a870-4ce4-b432-9f56b5b995c1","initrd":"http://10.194.3.9/initrd/initrd-Linux-x86_64-v3.14.6.gz","kernel":"http://10.194.3.9/kernel/x86_64-mainline-lts-4.4-4.4.230-rev1/vmlinuz-4.4.230","organization":"11111111-1111-4111-8111-111111111111","project":"11111111-1111-4111-8111-111111111111","public":true,"title":"x86_64
      mainline 4.4.230 rev1","zone":"fr-par-1"},"commercial_type":"DEV1-S","creation_date":"2023-07-12T09:53:30.066332+00:00","dynamic_ip_required":false,"enable_ipv6":false,"extra_networks":[],"hostname":"tf-srv-amazing-mayer","id":"4e52e574-eb14-4651-b90a-64b74ad94f5b","image":{"arch":"x86_64","creation_date":"2023-06-28T12:44:51.423515+00:00","default_bootscript":null,"extra_volumes":{},"from_server":null,"id":"aef2a64e-d6d8-4b39-b00d-61ce2ddce2c8","modification_date":"2023-06-28T12:44:51.423515+00:00","name":"Ubuntu
      20.04 Focal Fossa","organization":"51b656e3-4865-41e8-adbc-0c45bdd780db","project":"51b656e3-4865-41e8-adbc-0c45bdd780db","public":true,"root_volume":{"id":"3cd60412-e478-4f16-ad7c-8290c6e1e8c8","name":"Ubuntu
      20.04 Focal Fossa","size":10000000000,"volume_type":"unified"},"state":"available","tags":[],"zone":"fr-par-1"},"ipv6":null,"location":{"cluster_id":"17","hypervisor_id":"902","node_id":"42","platform_id":"14","zone_id":"par1"},"mac_address":"de:00:00:1c:fa:81","maintenances":[],"modification_date":"2023-07-12T09:53:44.538095+00:00","name":"tf-srv-amazing-mayer","organization":"564aa517-68b0-4fd7-8c8c-d21c4bcdcbd5","placement_group":null,"private_ip":"10.64.194.83","private_nics":[],"project":"564aa517-68b0-4fd7-8c8c-d21c4bcdcbd5","protected":false,"public_ip":null,"public_ips":[],"routed_ip_enabled":false,"security_group":{"id":"ac7c7160-8415-425b-8cf0-9976ee15ccd1","name":"Default
      security group"},"state":"running","state_detail":"booting kernel","tags":[],"volumes":{"0":{"boot":false,"creation_date":"2023-07-12T09:53:30.066332+00:00","export_uri":null,"id":"6fd21478-4fcc-4a98-b775-9d77dec7d57b","modification_date":"2023-07-12T09:53:30.066332+00:00","name":"Ubuntu
      20.04 Focal Fossa","organization":"564aa517-68b0-4fd7-8c8c-d21c4bcdcbd5","project":"564aa517-68b0-4fd7-8c8c-d21c4bcdcbd5","server":{"id":"4e52e574-eb14-4651-b90a-64b74ad94f5b","name":"tf-srv-amazing-mayer"},"size":20000000000,"state":"available","tags":[],"volume_type":"l_ssd","zone":"fr-par-1"}},"zone":"fr-par-1"}}'
    headers:
      Content-Length:
      - "2784"
      Content-Security-Policy:
      - default-src 'none'; frame-ancestors 'none'
      Content-Type:
      - application/json
      Date:
      - Wed, 12 Jul 2023 09:53:46 GMT
      Server:
      - Scaleway API-Gateway
      Strict-Transport-Security:
      - max-age=63072000
      X-Content-Type-Options:
      - nosniff
      X-Frame-Options:
      - DENY
      X-Request-Id:
      - 0d5a22dd-fa45-490f-8897-926c1c422726
    status: 200 OK
    code: 200
    duration: ""
- request:
    body: ""
    form: {}
    headers:
      User-Agent:
      - scaleway-sdk-go/v1.0.0-beta.7+dev (go1.20.4; darwin; amd64) terraform-provider/develop
        terraform/terraform-tests
    url: https://api.scaleway.com/instance/v1/zones/fr-par-1/servers/4e52e574-eb14-4651-b90a-64b74ad94f5b
    method: GET
  response:
    body: '{"server":{"allowed_actions":["poweroff","terminate","reboot","stop_in_place","backup"],"arch":"x86_64","boot_type":"local","bootscript":{"architecture":"x86_64","bootcmdargs":"LINUX_COMMON
      scaleway boot=local nbd.max_part=16","default":true,"dtb":"","id":"fdfe150f-a870-4ce4-b432-9f56b5b995c1","initrd":"http://10.194.3.9/initrd/initrd-Linux-x86_64-v3.14.6.gz","kernel":"http://10.194.3.9/kernel/x86_64-mainline-lts-4.4-4.4.230-rev1/vmlinuz-4.4.230","organization":"11111111-1111-4111-8111-111111111111","project":"11111111-1111-4111-8111-111111111111","public":true,"title":"x86_64
      mainline 4.4.230 rev1","zone":"fr-par-1"},"commercial_type":"DEV1-S","creation_date":"2023-07-12T09:53:30.066332+00:00","dynamic_ip_required":false,"enable_ipv6":false,"extra_networks":[],"hostname":"tf-srv-amazing-mayer","id":"4e52e574-eb14-4651-b90a-64b74ad94f5b","image":{"arch":"x86_64","creation_date":"2023-06-28T12:44:51.423515+00:00","default_bootscript":null,"extra_volumes":{},"from_server":null,"id":"aef2a64e-d6d8-4b39-b00d-61ce2ddce2c8","modification_date":"2023-06-28T12:44:51.423515+00:00","name":"Ubuntu
      20.04 Focal Fossa","organization":"51b656e3-4865-41e8-adbc-0c45bdd780db","project":"51b656e3-4865-41e8-adbc-0c45bdd780db","public":true,"root_volume":{"id":"3cd60412-e478-4f16-ad7c-8290c6e1e8c8","name":"Ubuntu
      20.04 Focal Fossa","size":10000000000,"volume_type":"unified"},"state":"available","tags":[],"zone":"fr-par-1"},"ipv6":null,"location":{"cluster_id":"17","hypervisor_id":"902","node_id":"42","platform_id":"14","zone_id":"par1"},"mac_address":"de:00:00:1c:fa:81","maintenances":[],"modification_date":"2023-07-12T09:53:44.538095+00:00","name":"tf-srv-amazing-mayer","organization":"564aa517-68b0-4fd7-8c8c-d21c4bcdcbd5","placement_group":null,"private_ip":"10.64.194.83","private_nics":[],"project":"564aa517-68b0-4fd7-8c8c-d21c4bcdcbd5","protected":false,"public_ip":null,"public_ips":[],"routed_ip_enabled":false,"security_group":{"id":"ac7c7160-8415-425b-8cf0-9976ee15ccd1","name":"Default
      security group"},"state":"running","state_detail":"booting kernel","tags":[],"volumes":{"0":{"boot":false,"creation_date":"2023-07-12T09:53:30.066332+00:00","export_uri":null,"id":"6fd21478-4fcc-4a98-b775-9d77dec7d57b","modification_date":"2023-07-12T09:53:30.066332+00:00","name":"Ubuntu
      20.04 Focal Fossa","organization":"564aa517-68b0-4fd7-8c8c-d21c4bcdcbd5","project":"564aa517-68b0-4fd7-8c8c-d21c4bcdcbd5","server":{"id":"4e52e574-eb14-4651-b90a-64b74ad94f5b","name":"tf-srv-amazing-mayer"},"size":20000000000,"state":"available","tags":[],"volume_type":"l_ssd","zone":"fr-par-1"}},"zone":"fr-par-1"}}'
    headers:
      Content-Length:
      - "2784"
      Content-Security-Policy:
      - default-src 'none'; frame-ancestors 'none'
      Content-Type:
      - application/json
      Date:
      - Wed, 12 Jul 2023 09:53:46 GMT
      Server:
      - Scaleway API-Gateway
      Strict-Transport-Security:
      - max-age=63072000
      X-Content-Type-Options:
      - nosniff
      X-Frame-Options:
      - DENY
      X-Request-Id:
      - 319f5286-c752-403d-947d-b87f646de12c
    status: 200 OK
    code: 200
    duration: ""
- request:
    body: ""
    form: {}
    headers:
      User-Agent:
      - scaleway-sdk-go/v1.0.0-beta.7+dev (go1.20.4; darwin; amd64) terraform-provider/develop
        terraform/terraform-tests
    url: https://api.scaleway.com/instance/v1/zones/fr-par-1/servers/4e52e574-eb14-4651-b90a-64b74ad94f5b/user_data
    method: GET
  response:
    body: '{"user_data":[]}'
    headers:
      Content-Length:
      - "17"
      Content-Security-Policy:
      - default-src 'none'; frame-ancestors 'none'
      Content-Type:
      - application/json
      Date:
      - Wed, 12 Jul 2023 09:53:46 GMT
      Server:
      - Scaleway API-Gateway
      Strict-Transport-Security:
      - max-age=63072000
      X-Content-Type-Options:
      - nosniff
      X-Frame-Options:
      - DENY
      X-Request-Id:
      - a1118a09-afde-45d9-98e1-e0f6a3042d69
    status: 200 OK
    code: 200
    duration: ""
- request:
    body: ""
    form: {}
    headers:
      User-Agent:
      - scaleway-sdk-go/v1.0.0-beta.7+dev (go1.20.4; darwin; amd64) terraform-provider/develop
        terraform/terraform-tests
    url: https://api.scaleway.com/instance/v1/zones/fr-par-1/servers/4e52e574-eb14-4651-b90a-64b74ad94f5b/private_nics
    method: GET
  response:
    body: '{"private_nics":[]}'
    headers:
      Content-Length:
      - "20"
      Content-Security-Policy:
      - default-src 'none'; frame-ancestors 'none'
      Content-Type:
      - application/json
      Date:
      - Wed, 12 Jul 2023 09:53:46 GMT
      Link:
      - </servers/4e52e574-eb14-4651-b90a-64b74ad94f5b/private_nics?page=0&per_page=50&>;
        rel="last"
      Server:
      - Scaleway API-Gateway
      Strict-Transport-Security:
      - max-age=63072000
      X-Content-Type-Options:
      - nosniff
      X-Frame-Options:
      - DENY
      X-Request-Id:
      - 2d8355dd-475f-4801-a17c-8c0c1948f070
      X-Total-Count:
      - "0"
    status: 200 OK
    code: 200
    duration: ""
- request:
    body: ""
    form: {}
    headers:
      User-Agent:
      - scaleway-sdk-go/v1.0.0-beta.7+dev (go1.20.4; darwin; amd64) terraform-provider/develop
        terraform/terraform-tests
    url: https://api.scaleway.com/instance/v1/zones/fr-par-1/servers/4e52e574-eb14-4651-b90a-64b74ad94f5b
    method: GET
  response:
    body: '{"server":{"allowed_actions":["poweroff","terminate","reboot","stop_in_place","backup"],"arch":"x86_64","boot_type":"local","bootscript":{"architecture":"x86_64","bootcmdargs":"LINUX_COMMON
      scaleway boot=local nbd.max_part=16","default":true,"dtb":"","id":"fdfe150f-a870-4ce4-b432-9f56b5b995c1","initrd":"http://10.194.3.9/initrd/initrd-Linux-x86_64-v3.14.6.gz","kernel":"http://10.194.3.9/kernel/x86_64-mainline-lts-4.4-4.4.230-rev1/vmlinuz-4.4.230","organization":"11111111-1111-4111-8111-111111111111","project":"11111111-1111-4111-8111-111111111111","public":true,"title":"x86_64
      mainline 4.4.230 rev1","zone":"fr-par-1"},"commercial_type":"DEV1-S","creation_date":"2023-07-12T09:53:30.066332+00:00","dynamic_ip_required":false,"enable_ipv6":false,"extra_networks":[],"hostname":"tf-srv-amazing-mayer","id":"4e52e574-eb14-4651-b90a-64b74ad94f5b","image":{"arch":"x86_64","creation_date":"2023-06-28T12:44:51.423515+00:00","default_bootscript":null,"extra_volumes":{},"from_server":null,"id":"aef2a64e-d6d8-4b39-b00d-61ce2ddce2c8","modification_date":"2023-06-28T12:44:51.423515+00:00","name":"Ubuntu
      20.04 Focal Fossa","organization":"51b656e3-4865-41e8-adbc-0c45bdd780db","project":"51b656e3-4865-41e8-adbc-0c45bdd780db","public":true,"root_volume":{"id":"3cd60412-e478-4f16-ad7c-8290c6e1e8c8","name":"Ubuntu
      20.04 Focal Fossa","size":10000000000,"volume_type":"unified"},"state":"available","tags":[],"zone":"fr-par-1"},"ipv6":null,"location":{"cluster_id":"17","hypervisor_id":"902","node_id":"42","platform_id":"14","zone_id":"par1"},"mac_address":"de:00:00:1c:fa:81","maintenances":[],"modification_date":"2023-07-12T09:53:44.538095+00:00","name":"tf-srv-amazing-mayer","organization":"564aa517-68b0-4fd7-8c8c-d21c4bcdcbd5","placement_group":null,"private_ip":"10.64.194.83","private_nics":[],"project":"564aa517-68b0-4fd7-8c8c-d21c4bcdcbd5","protected":false,"public_ip":null,"public_ips":[],"routed_ip_enabled":false,"security_group":{"id":"ac7c7160-8415-425b-8cf0-9976ee15ccd1","name":"Default
      security group"},"state":"running","state_detail":"booting kernel","tags":[],"volumes":{"0":{"boot":false,"creation_date":"2023-07-12T09:53:30.066332+00:00","export_uri":null,"id":"6fd21478-4fcc-4a98-b775-9d77dec7d57b","modification_date":"2023-07-12T09:53:30.066332+00:00","name":"Ubuntu
      20.04 Focal Fossa","organization":"564aa517-68b0-4fd7-8c8c-d21c4bcdcbd5","project":"564aa517-68b0-4fd7-8c8c-d21c4bcdcbd5","server":{"id":"4e52e574-eb14-4651-b90a-64b74ad94f5b","name":"tf-srv-amazing-mayer"},"size":20000000000,"state":"available","tags":[],"volume_type":"l_ssd","zone":"fr-par-1"}},"zone":"fr-par-1"}}'
    headers:
      Content-Length:
      - "2784"
      Content-Security-Policy:
      - default-src 'none'; frame-ancestors 'none'
      Content-Type:
      - application/json
      Date:
      - Wed, 12 Jul 2023 09:53:47 GMT
      Server:
      - Scaleway API-Gateway
      Strict-Transport-Security:
      - max-age=63072000
      X-Content-Type-Options:
      - nosniff
      X-Frame-Options:
      - DENY
      X-Request-Id:
      - b5f02447-64a8-4402-823e-4ab55b212445
    status: 200 OK
    code: 200
    duration: ""
- request:
    body: '{"private_network_id":"888f3aae-12a8-4a11-bc1b-13ff61352966"}'
    form: {}
    headers:
      Content-Type:
      - application/json
      User-Agent:
      - scaleway-sdk-go/v1.0.0-beta.7+dev (go1.20.4; darwin; amd64) terraform-provider/develop
        terraform/terraform-tests
    url: https://api.scaleway.com/instance/v1/zones/fr-par-1/servers/4e52e574-eb14-4651-b90a-64b74ad94f5b/private_nics
    method: POST
  response:
    body: '{"private_nic":{"creation_date":"2023-07-12T09:53:47.040808+00:00","id":"1180ba38-bb70-44a4-a199-797a99dd9dd4","mac_address":"02:00:00:13:5d:cc","modification_date":"2023-07-12T09:53:47.040808+00:00","private_network_id":"888f3aae-12a8-4a11-bc1b-13ff61352966","server_id":"4e52e574-eb14-4651-b90a-64b74ad94f5b","state":"syncing","tags":[],"zone":"fr-par-1"}}'
    headers:
      Content-Length:
      - "376"
      Content-Security-Policy:
      - default-src 'none'; frame-ancestors 'none'
      Content-Type:
      - application/json
      Date:
      - Wed, 12 Jul 2023 09:53:47 GMT
      Server:
      - Scaleway API-Gateway
      Strict-Transport-Security:
      - max-age=63072000
      X-Content-Type-Options:
      - nosniff
      X-Frame-Options:
      - DENY
      X-Request-Id:
      - d98c4670-0e6c-4f35-b45b-402dbedfe2cc
    status: 201 Created
    code: 201
    duration: ""
- request:
    body: ""
    form: {}
    headers:
      User-Agent:
      - scaleway-sdk-go/v1.0.0-beta.7+dev (go1.20.4; darwin; amd64) terraform-provider/develop
        terraform/terraform-tests
    url: https://api.scaleway.com/instance/v1/zones/fr-par-1/servers/4e52e574-eb14-4651-b90a-64b74ad94f5b/private_nics/1180ba38-bb70-44a4-a199-797a99dd9dd4
    method: GET
  response:
    body: '{"private_nic":{"creation_date":"2023-07-12T09:53:47.040808+00:00","id":"1180ba38-bb70-44a4-a199-797a99dd9dd4","mac_address":"02:00:00:13:5d:cc","modification_date":"2023-07-12T09:53:47.040808+00:00","private_network_id":"888f3aae-12a8-4a11-bc1b-13ff61352966","server_id":"4e52e574-eb14-4651-b90a-64b74ad94f5b","state":"syncing","tags":[],"zone":"fr-par-1"}}'
    headers:
      Content-Length:
      - "376"
      Content-Security-Policy:
      - default-src 'none'; frame-ancestors 'none'
      Content-Type:
      - application/json
      Date:
      - Wed, 12 Jul 2023 09:53:47 GMT
      Server:
      - Scaleway API-Gateway
      Strict-Transport-Security:
      - max-age=63072000
      X-Content-Type-Options:
      - nosniff
      X-Frame-Options:
      - DENY
      X-Request-Id:
      - 06a6a931-2165-4924-9194-453a650ab73a
    status: 200 OK
    code: 200
    duration: ""
- request:
    body: ""
    form: {}
    headers:
      User-Agent:
      - scaleway-sdk-go/v1.0.0-beta.7+dev (go1.20.4; darwin; amd64) terraform-provider/develop
        terraform/terraform-tests
    url: https://api.scaleway.com/instance/v1/zones/fr-par-1/servers/4e52e574-eb14-4651-b90a-64b74ad94f5b/private_nics/1180ba38-bb70-44a4-a199-797a99dd9dd4
    method: GET
  response:
    body: '{"private_nic":{"creation_date":"2023-07-12T09:53:47.040808+00:00","id":"1180ba38-bb70-44a4-a199-797a99dd9dd4","mac_address":"02:00:00:13:5d:cc","modification_date":"2023-07-12T09:53:47.893418+00:00","private_network_id":"888f3aae-12a8-4a11-bc1b-13ff61352966","server_id":"4e52e574-eb14-4651-b90a-64b74ad94f5b","state":"syncing","tags":[],"zone":"fr-par-1"}}'
    headers:
      Content-Length:
      - "376"
      Content-Security-Policy:
      - default-src 'none'; frame-ancestors 'none'
      Content-Type:
      - application/json
      Date:
      - Wed, 12 Jul 2023 09:53:52 GMT
      Server:
      - Scaleway API-Gateway
      Strict-Transport-Security:
      - max-age=63072000
      X-Content-Type-Options:
      - nosniff
      X-Frame-Options:
      - DENY
      X-Request-Id:
      - d30dfc8e-49d0-4934-b392-d7e2cab2b521
    status: 200 OK
    code: 200
    duration: ""
- request:
    body: ""
    form: {}
    headers:
      User-Agent:
      - scaleway-sdk-go/v1.0.0-beta.7+dev (go1.20.4; darwin; amd64) terraform-provider/develop
        terraform/terraform-tests
    url: https://api.scaleway.com/instance/v1/zones/fr-par-1/servers/4e52e574-eb14-4651-b90a-64b74ad94f5b/private_nics/1180ba38-bb70-44a4-a199-797a99dd9dd4
    method: GET
  response:
    body: '{"private_nic":{"creation_date":"2023-07-12T09:53:47.040808+00:00","id":"1180ba38-bb70-44a4-a199-797a99dd9dd4","mac_address":"02:00:00:13:5d:cc","modification_date":"2023-07-12T09:53:47.893418+00:00","private_network_id":"888f3aae-12a8-4a11-bc1b-13ff61352966","server_id":"4e52e574-eb14-4651-b90a-64b74ad94f5b","state":"syncing","tags":[],"zone":"fr-par-1"}}'
    headers:
      Content-Length:
      - "376"
      Content-Security-Policy:
      - default-src 'none'; frame-ancestors 'none'
      Content-Type:
      - application/json
      Date:
      - Wed, 12 Jul 2023 09:53:57 GMT
      Server:
      - Scaleway API-Gateway
      Strict-Transport-Security:
      - max-age=63072000
      X-Content-Type-Options:
      - nosniff
      X-Frame-Options:
      - DENY
      X-Request-Id:
      - ffe9c480-686b-434b-a255-1df16323f78e
    status: 200 OK
    code: 200
    duration: ""
- request:
    body: ""
    form: {}
    headers:
      User-Agent:
      - scaleway-sdk-go/v1.0.0-beta.7+dev (go1.20.4; darwin; amd64) terraform-provider/develop
        terraform/terraform-tests
    url: https://api.scaleway.com/instance/v1/zones/fr-par-1/servers/4e52e574-eb14-4651-b90a-64b74ad94f5b/private_nics/1180ba38-bb70-44a4-a199-797a99dd9dd4
    method: GET
  response:
    body: '{"private_nic":{"creation_date":"2023-07-12T09:53:47.040808+00:00","id":"1180ba38-bb70-44a4-a199-797a99dd9dd4","mac_address":"02:00:00:13:5d:cc","modification_date":"2023-07-12T09:53:47.893418+00:00","private_network_id":"888f3aae-12a8-4a11-bc1b-13ff61352966","server_id":"4e52e574-eb14-4651-b90a-64b74ad94f5b","state":"syncing","tags":[],"zone":"fr-par-1"}}'
    headers:
      Content-Length:
      - "376"
      Content-Security-Policy:
      - default-src 'none'; frame-ancestors 'none'
      Content-Type:
      - application/json
      Date:
      - Wed, 12 Jul 2023 09:54:02 GMT
      Server:
      - Scaleway API-Gateway
      Strict-Transport-Security:
      - max-age=63072000
      X-Content-Type-Options:
      - nosniff
      X-Frame-Options:
      - DENY
      X-Request-Id:
      - 4c5a1d0b-fd08-4c69-871c-b9bbbca39a18
    status: 200 OK
    code: 200
    duration: ""
- request:
    body: ""
    form: {}
    headers:
      User-Agent:
      - scaleway-sdk-go/v1.0.0-beta.7+dev (go1.20.4; darwin; amd64) terraform-provider/develop
        terraform/terraform-tests
    url: https://api.scaleway.com/instance/v1/zones/fr-par-1/servers/4e52e574-eb14-4651-b90a-64b74ad94f5b/private_nics/1180ba38-bb70-44a4-a199-797a99dd9dd4
    method: GET
  response:
    body: '{"private_nic":{"creation_date":"2023-07-12T09:53:47.040808+00:00","id":"1180ba38-bb70-44a4-a199-797a99dd9dd4","mac_address":"02:00:00:13:5d:cc","modification_date":"2023-07-12T09:53:47.893418+00:00","private_network_id":"888f3aae-12a8-4a11-bc1b-13ff61352966","server_id":"4e52e574-eb14-4651-b90a-64b74ad94f5b","state":"syncing","tags":[],"zone":"fr-par-1"}}'
    headers:
      Content-Length:
      - "376"
      Content-Security-Policy:
      - default-src 'none'; frame-ancestors 'none'
      Content-Type:
      - application/json
      Date:
      - Wed, 12 Jul 2023 09:54:07 GMT
      Server:
      - Scaleway API-Gateway
      Strict-Transport-Security:
      - max-age=63072000
      X-Content-Type-Options:
      - nosniff
      X-Frame-Options:
      - DENY
      X-Request-Id:
      - b318d25f-9318-4f30-bbfd-3231fa9af3ad
    status: 200 OK
    code: 200
    duration: ""
- request:
    body: ""
    form: {}
    headers:
      User-Agent:
      - scaleway-sdk-go/v1.0.0-beta.7+dev (go1.20.4; darwin; amd64) terraform-provider/develop
        terraform/terraform-tests
    url: https://api.scaleway.com/instance/v1/zones/fr-par-1/servers/4e52e574-eb14-4651-b90a-64b74ad94f5b/private_nics/1180ba38-bb70-44a4-a199-797a99dd9dd4
    method: GET
  response:
    body: '{"private_nic":{"creation_date":"2023-07-12T09:53:47.040808+00:00","id":"1180ba38-bb70-44a4-a199-797a99dd9dd4","mac_address":"02:00:00:13:5d:cc","modification_date":"2023-07-12T09:53:47.893418+00:00","private_network_id":"888f3aae-12a8-4a11-bc1b-13ff61352966","server_id":"4e52e574-eb14-4651-b90a-64b74ad94f5b","state":"syncing","tags":[],"zone":"fr-par-1"}}'
    headers:
      Content-Length:
      - "376"
      Content-Security-Policy:
      - default-src 'none'; frame-ancestors 'none'
      Content-Type:
      - application/json
      Date:
      - Wed, 12 Jul 2023 09:54:13 GMT
      Server:
      - Scaleway API-Gateway
      Strict-Transport-Security:
      - max-age=63072000
      X-Content-Type-Options:
      - nosniff
      X-Frame-Options:
      - DENY
      X-Request-Id:
      - 8534d1b3-9daa-47eb-a4ff-3928ef07cfe5
    status: 200 OK
    code: 200
    duration: ""
- request:
    body: ""
    form: {}
    headers:
      User-Agent:
      - scaleway-sdk-go/v1.0.0-beta.7+dev (go1.20.4; darwin; amd64) terraform-provider/develop
        terraform/terraform-tests
    url: https://api.scaleway.com/instance/v1/zones/fr-par-1/servers/4e52e574-eb14-4651-b90a-64b74ad94f5b/private_nics/1180ba38-bb70-44a4-a199-797a99dd9dd4
    method: GET
  response:
    body: '{"private_nic":{"creation_date":"2023-07-12T09:53:47.040808+00:00","id":"1180ba38-bb70-44a4-a199-797a99dd9dd4","mac_address":"02:00:00:13:5d:cc","modification_date":"2023-07-12T09:53:47.893418+00:00","private_network_id":"888f3aae-12a8-4a11-bc1b-13ff61352966","server_id":"4e52e574-eb14-4651-b90a-64b74ad94f5b","state":"syncing","tags":[],"zone":"fr-par-1"}}'
    headers:
      Content-Length:
      - "376"
      Content-Security-Policy:
      - default-src 'none'; frame-ancestors 'none'
      Content-Type:
      - application/json
      Date:
      - Wed, 12 Jul 2023 09:54:18 GMT
      Server:
      - Scaleway API-Gateway
      Strict-Transport-Security:
      - max-age=63072000
      X-Content-Type-Options:
      - nosniff
      X-Frame-Options:
      - DENY
      X-Request-Id:
      - 1a6b2d8d-8c3f-440c-9a98-9e2b38d46c99
    status: 200 OK
    code: 200
    duration: ""
- request:
    body: ""
    form: {}
    headers:
      User-Agent:
      - scaleway-sdk-go/v1.0.0-beta.7+dev (go1.20.4; darwin; amd64) terraform-provider/develop
        terraform/terraform-tests
    url: https://api.scaleway.com/instance/v1/zones/fr-par-1/servers/4e52e574-eb14-4651-b90a-64b74ad94f5b/private_nics/1180ba38-bb70-44a4-a199-797a99dd9dd4
    method: GET
  response:
    body: '{"private_nic":{"creation_date":"2023-07-12T09:53:47.040808+00:00","id":"1180ba38-bb70-44a4-a199-797a99dd9dd4","mac_address":"02:00:00:13:5d:cc","modification_date":"2023-07-12T09:54:18.251778+00:00","private_network_id":"888f3aae-12a8-4a11-bc1b-13ff61352966","server_id":"4e52e574-eb14-4651-b90a-64b74ad94f5b","state":"available","tags":[],"zone":"fr-par-1"}}'
    headers:
      Content-Length:
      - "378"
      Content-Security-Policy:
      - default-src 'none'; frame-ancestors 'none'
      Content-Type:
      - application/json
      Date:
      - Wed, 12 Jul 2023 09:54:23 GMT
      Server:
      - Scaleway API-Gateway
      Strict-Transport-Security:
      - max-age=63072000
      X-Content-Type-Options:
      - nosniff
      X-Frame-Options:
      - DENY
      X-Request-Id:
      - 63fef731-aab2-4c01-81fb-8372408653b5
    status: 200 OK
    code: 200
    duration: ""
- request:
    body: ""
    form: {}
    headers:
      User-Agent:
      - scaleway-sdk-go/v1.0.0-beta.7+dev (go1.20.4; darwin; amd64) terraform-provider/develop
        terraform/terraform-tests
    url: https://api.scaleway.com/instance/v1/zones/fr-par-1/servers/4e52e574-eb14-4651-b90a-64b74ad94f5b/private_nics/1180ba38-bb70-44a4-a199-797a99dd9dd4
    method: GET
  response:
    body: '{"private_nic":{"creation_date":"2023-07-12T09:53:47.040808+00:00","id":"1180ba38-bb70-44a4-a199-797a99dd9dd4","mac_address":"02:00:00:13:5d:cc","modification_date":"2023-07-12T09:54:18.251778+00:00","private_network_id":"888f3aae-12a8-4a11-bc1b-13ff61352966","server_id":"4e52e574-eb14-4651-b90a-64b74ad94f5b","state":"available","tags":[],"zone":"fr-par-1"}}'
    headers:
      Content-Length:
      - "378"
      Content-Security-Policy:
      - default-src 'none'; frame-ancestors 'none'
      Content-Type:
      - application/json
      Date:
      - Wed, 12 Jul 2023 09:54:23 GMT
      Server:
      - Scaleway API-Gateway
      Strict-Transport-Security:
      - max-age=63072000
      X-Content-Type-Options:
      - nosniff
      X-Frame-Options:
      - DENY
      X-Request-Id:
      - bb1c9ea6-e225-4431-a5c8-b0fae5f6fc3a
    status: 200 OK
    code: 200
    duration: ""
- request:
    body: ""
    form: {}
    headers:
      User-Agent:
      - scaleway-sdk-go/v1.0.0-beta.7+dev (go1.20.4; darwin; amd64) terraform-provider/develop
        terraform/terraform-tests
    url: https://api.scaleway.com/instance/v1/zones/fr-par-1/servers/4e52e574-eb14-4651-b90a-64b74ad94f5b/private_nics/1180ba38-bb70-44a4-a199-797a99dd9dd4
    method: GET
  response:
    body: '{"private_nic":{"creation_date":"2023-07-12T09:53:47.040808+00:00","id":"1180ba38-bb70-44a4-a199-797a99dd9dd4","mac_address":"02:00:00:13:5d:cc","modification_date":"2023-07-12T09:54:18.251778+00:00","private_network_id":"888f3aae-12a8-4a11-bc1b-13ff61352966","server_id":"4e52e574-eb14-4651-b90a-64b74ad94f5b","state":"available","tags":[],"zone":"fr-par-1"}}'
    headers:
      Content-Length:
      - "378"
      Content-Security-Policy:
      - default-src 'none'; frame-ancestors 'none'
      Content-Type:
      - application/json
      Date:
      - Wed, 12 Jul 2023 09:54:23 GMT
      Server:
      - Scaleway API-Gateway
      Strict-Transport-Security:
      - max-age=63072000
      X-Content-Type-Options:
      - nosniff
      X-Frame-Options:
      - DENY
      X-Request-Id:
      - 77132f9f-2924-48c5-907d-e889c1e3a57a
    status: 200 OK
    code: 200
    duration: ""
- request:
    body: ""
    form: {}
    headers:
      User-Agent:
      - scaleway-sdk-go/v1.0.0-beta.7+dev (go1.20.4; darwin; amd64) terraform-provider/develop
        terraform/terraform-tests
    url: https://api.scaleway.com/vpc/v2/regions/fr-par/private-networks/888f3aae-12a8-4a11-bc1b-13ff61352966
    method: GET
  response:
    body: '{"created_at":"2023-07-12T09:53:29.581676Z","dhcp_enabled":false,"id":"888f3aae-12a8-4a11-bc1b-13ff61352966","name":"TestAccScalewayInstancePrivateNIC_Basic","organization_id":"564aa517-68b0-4fd7-8c8c-d21c4bcdcbd5","project_id":"564aa517-68b0-4fd7-8c8c-d21c4bcdcbd5","region":"fr-par","subnets":[{"created_at":"2023-07-12T09:53:29.581676Z","id":"8c10af29-0472-4245-b297-8528a32169ca","subnet":"172.16.16.0/22","updated_at":"2023-07-12T09:53:29.581676Z"},{"created_at":"2023-07-12T09:53:29.581676Z","id":"84bfe4df-ed2f-487a-8fb9-34d3c0ba8611","subnet":"fd46:78ab:30b8:2ebd::/64","updated_at":"2023-07-12T09:53:29.581676Z"}],"tags":[],"updated_at":"2023-07-12T09:53:29.581676Z","vpc_id":"086a5171-f7ab-4667-a231-840a81203f19"}'
    headers:
      Content-Length:
      - "724"
      Content-Security-Policy:
      - default-src 'none'; frame-ancestors 'none'
      Content-Type:
      - application/json
      Date:
      - Wed, 12 Jul 2023 09:54:23 GMT
      Server:
      - Scaleway API-Gateway
      Strict-Transport-Security:
      - max-age=63072000
      X-Content-Type-Options:
      - nosniff
      X-Frame-Options:
      - DENY
      X-Request-Id:
      - 33ecf115-1ba2-441b-a8db-e319e0c99ad6
    status: 200 OK
    code: 200
    duration: ""
- request:
    body: ""
    form: {}
    headers:
      User-Agent:
      - scaleway-sdk-go/v1.0.0-beta.7+dev (go1.20.4; darwin; amd64) terraform-provider/develop
        terraform/terraform-tests
    url: https://api.scaleway.com/instance/v1/zones/fr-par-1/servers/4e52e574-eb14-4651-b90a-64b74ad94f5b
    method: GET
  response:
    body: '{"server":{"allowed_actions":["poweroff","terminate","reboot","stop_in_place","backup"],"arch":"x86_64","boot_type":"local","bootscript":{"architecture":"x86_64","bootcmdargs":"LINUX_COMMON
      scaleway boot=local nbd.max_part=16","default":true,"dtb":"","id":"fdfe150f-a870-4ce4-b432-9f56b5b995c1","initrd":"http://10.194.3.9/initrd/initrd-Linux-x86_64-v3.14.6.gz","kernel":"http://10.194.3.9/kernel/x86_64-mainline-lts-4.4-4.4.230-rev1/vmlinuz-4.4.230","organization":"11111111-1111-4111-8111-111111111111","project":"11111111-1111-4111-8111-111111111111","public":true,"title":"x86_64
      mainline 4.4.230 rev1","zone":"fr-par-1"},"commercial_type":"DEV1-S","creation_date":"2023-07-12T09:53:30.066332+00:00","dynamic_ip_required":false,"enable_ipv6":false,"extra_networks":[],"hostname":"tf-srv-amazing-mayer","id":"4e52e574-eb14-4651-b90a-64b74ad94f5b","image":{"arch":"x86_64","creation_date":"2023-06-28T12:44:51.423515+00:00","default_bootscript":null,"extra_volumes":{},"from_server":null,"id":"aef2a64e-d6d8-4b39-b00d-61ce2ddce2c8","modification_date":"2023-06-28T12:44:51.423515+00:00","name":"Ubuntu
      20.04 Focal Fossa","organization":"51b656e3-4865-41e8-adbc-0c45bdd780db","project":"51b656e3-4865-41e8-adbc-0c45bdd780db","public":true,"root_volume":{"id":"3cd60412-e478-4f16-ad7c-8290c6e1e8c8","name":"Ubuntu
      20.04 Focal Fossa","size":10000000000,"volume_type":"unified"},"state":"available","tags":[],"zone":"fr-par-1"},"ipv6":null,"location":{"cluster_id":"17","hypervisor_id":"902","node_id":"42","platform_id":"14","zone_id":"par1"},"mac_address":"de:00:00:1c:fa:81","maintenances":[],"modification_date":"2023-07-12T09:53:44.538095+00:00","name":"tf-srv-amazing-mayer","organization":"564aa517-68b0-4fd7-8c8c-d21c4bcdcbd5","placement_group":null,"private_ip":"10.64.194.83","private_nics":[{"creation_date":"2023-07-12T09:53:47.040808+00:00","id":"1180ba38-bb70-44a4-a199-797a99dd9dd4","mac_address":"02:00:00:13:5d:cc","modification_date":"2023-07-12T09:54:18.251778+00:00","private_network_id":"888f3aae-12a8-4a11-bc1b-13ff61352966","server_id":"4e52e574-eb14-4651-b90a-64b74ad94f5b","state":"available","tags":[],"zone":"fr-par-1"}],"project":"564aa517-68b0-4fd7-8c8c-d21c4bcdcbd5","protected":false,"public_ip":null,"public_ips":[],"routed_ip_enabled":false,"security_group":{"id":"ac7c7160-8415-425b-8cf0-9976ee15ccd1","name":"Default
      security group"},"state":"running","state_detail":"booted","tags":[],"volumes":{"0":{"boot":false,"creation_date":"2023-07-12T09:53:30.066332+00:00","export_uri":null,"id":"6fd21478-4fcc-4a98-b775-9d77dec7d57b","modification_date":"2023-07-12T09:53:30.066332+00:00","name":"Ubuntu
      20.04 Focal Fossa","organization":"564aa517-68b0-4fd7-8c8c-d21c4bcdcbd5","project":"564aa517-68b0-4fd7-8c8c-d21c4bcdcbd5","server":{"id":"4e52e574-eb14-4651-b90a-64b74ad94f5b","name":"tf-srv-amazing-mayer"},"size":20000000000,"state":"available","tags":[],"volume_type":"l_ssd","zone":"fr-par-1"}},"zone":"fr-par-1"}}'
    headers:
      Content-Length:
      - "3137"
      Content-Security-Policy:
      - default-src 'none'; frame-ancestors 'none'
      Content-Type:
      - application/json
      Date:
      - Wed, 12 Jul 2023 09:54:23 GMT
      Server:
      - Scaleway API-Gateway
      Strict-Transport-Security:
      - max-age=63072000
      X-Content-Type-Options:
      - nosniff
      X-Frame-Options:
      - DENY
      X-Request-Id:
      - 4356614d-d077-4677-92cb-6be8b8990010
    status: 200 OK
    code: 200
    duration: ""
- request:
    body: ""
    form: {}
    headers:
      User-Agent:
      - scaleway-sdk-go/v1.0.0-beta.7+dev (go1.20.4; darwin; amd64) terraform-provider/develop
        terraform/terraform-tests
    url: https://api.scaleway.com/instance/v1/zones/fr-par-1/servers/4e52e574-eb14-4651-b90a-64b74ad94f5b/user_data
    method: GET
  response:
    body: '{"user_data":[]}'
    headers:
      Content-Length:
      - "17"
      Content-Security-Policy:
      - default-src 'none'; frame-ancestors 'none'
      Content-Type:
      - application/json
      Date:
      - Wed, 12 Jul 2023 09:54:23 GMT
      Server:
      - Scaleway API-Gateway
      Strict-Transport-Security:
      - max-age=63072000
      X-Content-Type-Options:
      - nosniff
      X-Frame-Options:
      - DENY
      X-Request-Id:
      - df2dd471-c40b-4079-b60e-c65aabcbb44b
    status: 200 OK
    code: 200
    duration: ""
- request:
    body: ""
    form: {}
    headers:
      User-Agent:
      - scaleway-sdk-go/v1.0.0-beta.7+dev (go1.20.4; darwin; amd64) terraform-provider/develop
        terraform/terraform-tests
    url: https://api.scaleway.com/instance/v1/zones/fr-par-1/servers/4e52e574-eb14-4651-b90a-64b74ad94f5b/private_nics
    method: GET
  response:
    body: '{"private_nics":[{"creation_date":"2023-07-12T09:53:47.040808+00:00","id":"1180ba38-bb70-44a4-a199-797a99dd9dd4","mac_address":"02:00:00:13:5d:cc","modification_date":"2023-07-12T09:54:18.251778+00:00","private_network_id":"888f3aae-12a8-4a11-bc1b-13ff61352966","server_id":"4e52e574-eb14-4651-b90a-64b74ad94f5b","state":"available","tags":[],"zone":"fr-par-1"}]}'
    headers:
      Content-Length:
      - "381"
      Content-Security-Policy:
      - default-src 'none'; frame-ancestors 'none'
      Content-Type:
      - application/json
      Date:
      - Wed, 12 Jul 2023 09:54:23 GMT
      Link:
      - </servers/4e52e574-eb14-4651-b90a-64b74ad94f5b/private_nics?page=1&per_page=50&>;
        rel="last"
      Server:
      - Scaleway API-Gateway
      Strict-Transport-Security:
      - max-age=63072000
      X-Content-Type-Options:
      - nosniff
      X-Frame-Options:
      - DENY
      X-Request-Id:
      - ddfad039-b879-49c5-b298-51351adabb8f
      X-Total-Count:
      - "1"
    status: 200 OK
    code: 200
    duration: ""
- request:
    body: ""
    form: {}
    headers:
      User-Agent:
      - scaleway-sdk-go/v1.0.0-beta.7+dev (go1.20.4; darwin; amd64) terraform-provider/develop
        terraform/terraform-tests
    url: https://api.scaleway.com/instance/v1/zones/fr-par-1/servers/4e52e574-eb14-4651-b90a-64b74ad94f5b/private_nics/1180ba38-bb70-44a4-a199-797a99dd9dd4
    method: GET
  response:
    body: '{"private_nic":{"creation_date":"2023-07-12T09:53:47.040808+00:00","id":"1180ba38-bb70-44a4-a199-797a99dd9dd4","mac_address":"02:00:00:13:5d:cc","modification_date":"2023-07-12T09:54:18.251778+00:00","private_network_id":"888f3aae-12a8-4a11-bc1b-13ff61352966","server_id":"4e52e574-eb14-4651-b90a-64b74ad94f5b","state":"available","tags":[],"zone":"fr-par-1"}}'
    headers:
      Content-Length:
      - "378"
      Content-Security-Policy:
      - default-src 'none'; frame-ancestors 'none'
      Content-Type:
      - application/json
      Date:
      - Wed, 12 Jul 2023 09:54:24 GMT
      Server:
      - Scaleway API-Gateway
      Strict-Transport-Security:
      - max-age=63072000
      X-Content-Type-Options:
      - nosniff
      X-Frame-Options:
      - DENY
      X-Request-Id:
      - 2658ce4a-1481-417e-801c-b142a4c8970c
    status: 200 OK
    code: 200
    duration: ""
- request:
    body: ""
    form: {}
    headers:
      User-Agent:
      - scaleway-sdk-go/v1.0.0-beta.7+dev (go1.20.4; darwin; amd64) terraform-provider/develop
        terraform/terraform-tests
    url: https://api.scaleway.com/instance/v1/zones/fr-par-1/servers/4e52e574-eb14-4651-b90a-64b74ad94f5b/private_nics/1180ba38-bb70-44a4-a199-797a99dd9dd4
    method: GET
  response:
    body: '{"private_nic":{"creation_date":"2023-07-12T09:53:47.040808+00:00","id":"1180ba38-bb70-44a4-a199-797a99dd9dd4","mac_address":"02:00:00:13:5d:cc","modification_date":"2023-07-12T09:54:18.251778+00:00","private_network_id":"888f3aae-12a8-4a11-bc1b-13ff61352966","server_id":"4e52e574-eb14-4651-b90a-64b74ad94f5b","state":"available","tags":[],"zone":"fr-par-1"}}'
    headers:
      Content-Length:
      - "378"
      Content-Security-Policy:
      - default-src 'none'; frame-ancestors 'none'
      Content-Type:
      - application/json
      Date:
      - Wed, 12 Jul 2023 09:54:24 GMT
      Server:
      - Scaleway API-Gateway
      Strict-Transport-Security:
      - max-age=63072000
      X-Content-Type-Options:
      - nosniff
      X-Frame-Options:
      - DENY
      X-Request-Id:
      - d50b4fd4-8813-454a-ba32-cb44a69cbb44
    status: 200 OK
    code: 200
    duration: ""
- request:
    body: ""
    form: {}
    headers:
      User-Agent:
      - scaleway-sdk-go/v1.0.0-beta.7+dev (go1.20.4; darwin; amd64) terraform-provider/develop
        terraform/terraform-tests
    url: https://api.scaleway.com/instance/v1/zones/fr-par-1/servers/4e52e574-eb14-4651-b90a-64b74ad94f5b/private_nics/1180ba38-bb70-44a4-a199-797a99dd9dd4
    method: DELETE
  response:
    body: ""
    headers:
      Content-Security-Policy:
      - default-src 'none'; frame-ancestors 'none'
      Date:
      - Wed, 12 Jul 2023 09:54:25 GMT
      Server:
      - Scaleway API-Gateway
      Strict-Transport-Security:
      - max-age=63072000
      X-Content-Type-Options:
      - nosniff
      X-Frame-Options:
      - DENY
      X-Request-Id:
      - e33b2495-9a31-4ff7-af86-1219cac26cf3
    status: 204 No Content
    code: 204
    duration: ""
- request:
    body: ""
    form: {}
    headers:
      User-Agent:
      - scaleway-sdk-go/v1.0.0-beta.7+dev (go1.20.4; darwin; amd64) terraform-provider/develop
        terraform/terraform-tests
    url: https://api.scaleway.com/instance/v1/zones/fr-par-1/servers/4e52e574-eb14-4651-b90a-64b74ad94f5b/private_nics/1180ba38-bb70-44a4-a199-797a99dd9dd4
    method: GET
  response:
    body: '{"message":"Private Nic \"1180ba38-bb70-44a4-a199-797a99dd9dd4\" or server
      \"4e52e574-eb14-4651-b90a-64b74ad94f5b\" not found","type":"unknown_resource"}'
    headers:
      Content-Length:
      - "156"
      Content-Security-Policy:
      - default-src 'none'; frame-ancestors 'none'
      Content-Type:
      - application/json
      Date:
      - Wed, 12 Jul 2023 09:54:25 GMT
      Server:
      - Scaleway API-Gateway
      Strict-Transport-Security:
      - max-age=63072000
      X-Content-Type-Options:
      - nosniff
      X-Frame-Options:
      - DENY
      X-Request-Id:
      - c324a8ec-ef77-4573-ab87-a08295c83c60
    status: 404 Not Found
    code: 404
    duration: ""
- request:
    body: ""
    form: {}
    headers:
      User-Agent:
      - scaleway-sdk-go/v1.0.0-beta.7+dev (go1.20.4; darwin; amd64) terraform-provider/develop
        terraform/terraform-tests
    url: https://api.scaleway.com/instance/v1/zones/fr-par-1/servers/4e52e574-eb14-4651-b90a-64b74ad94f5b
    method: GET
  response:
    body: '{"server":{"allowed_actions":["poweroff","terminate","reboot","stop_in_place","backup"],"arch":"x86_64","boot_type":"local","bootscript":{"architecture":"x86_64","bootcmdargs":"LINUX_COMMON
      scaleway boot=local nbd.max_part=16","default":true,"dtb":"","id":"fdfe150f-a870-4ce4-b432-9f56b5b995c1","initrd":"http://10.194.3.9/initrd/initrd-Linux-x86_64-v3.14.6.gz","kernel":"http://10.194.3.9/kernel/x86_64-mainline-lts-4.4-4.4.230-rev1/vmlinuz-4.4.230","organization":"11111111-1111-4111-8111-111111111111","project":"11111111-1111-4111-8111-111111111111","public":true,"title":"x86_64
      mainline 4.4.230 rev1","zone":"fr-par-1"},"commercial_type":"DEV1-S","creation_date":"2023-07-12T09:53:30.066332+00:00","dynamic_ip_required":false,"enable_ipv6":false,"extra_networks":[],"hostname":"tf-srv-amazing-mayer","id":"4e52e574-eb14-4651-b90a-64b74ad94f5b","image":{"arch":"x86_64","creation_date":"2023-06-28T12:44:51.423515+00:00","default_bootscript":null,"extra_volumes":{},"from_server":null,"id":"aef2a64e-d6d8-4b39-b00d-61ce2ddce2c8","modification_date":"2023-06-28T12:44:51.423515+00:00","name":"Ubuntu
      20.04 Focal Fossa","organization":"51b656e3-4865-41e8-adbc-0c45bdd780db","project":"51b656e3-4865-41e8-adbc-0c45bdd780db","public":true,"root_volume":{"id":"3cd60412-e478-4f16-ad7c-8290c6e1e8c8","name":"Ubuntu
      20.04 Focal Fossa","size":10000000000,"volume_type":"unified"},"state":"available","tags":[],"zone":"fr-par-1"},"ipv6":null,"location":{"cluster_id":"17","hypervisor_id":"902","node_id":"42","platform_id":"14","zone_id":"par1"},"mac_address":"de:00:00:1c:fa:81","maintenances":[],"modification_date":"2023-07-12T09:53:44.538095+00:00","name":"tf-srv-amazing-mayer","organization":"564aa517-68b0-4fd7-8c8c-d21c4bcdcbd5","placement_group":null,"private_ip":"10.64.194.83","private_nics":[],"project":"564aa517-68b0-4fd7-8c8c-d21c4bcdcbd5","protected":false,"public_ip":null,"public_ips":[],"routed_ip_enabled":false,"security_group":{"id":"ac7c7160-8415-425b-8cf0-9976ee15ccd1","name":"Default
      security group"},"state":"running","state_detail":"booted","tags":[],"volumes":{"0":{"boot":false,"creation_date":"2023-07-12T09:53:30.066332+00:00","export_uri":null,"id":"6fd21478-4fcc-4a98-b775-9d77dec7d57b","modification_date":"2023-07-12T09:53:30.066332+00:00","name":"Ubuntu
      20.04 Focal Fossa","organization":"564aa517-68b0-4fd7-8c8c-d21c4bcdcbd5","project":"564aa517-68b0-4fd7-8c8c-d21c4bcdcbd5","server":{"id":"4e52e574-eb14-4651-b90a-64b74ad94f5b","name":"tf-srv-amazing-mayer"},"size":20000000000,"state":"available","tags":[],"volume_type":"l_ssd","zone":"fr-par-1"}},"zone":"fr-par-1"}}'
    headers:
      Content-Length:
      - "2776"
      Content-Security-Policy:
      - default-src 'none'; frame-ancestors 'none'
      Content-Type:
      - application/json
      Date:
      - Wed, 12 Jul 2023 09:54:25 GMT
      Server:
      - Scaleway API-Gateway
      Strict-Transport-Security:
      - max-age=63072000
      X-Content-Type-Options:
      - nosniff
      X-Frame-Options:
      - DENY
      X-Request-Id:
      - c11718c7-5aab-4845-bf37-2c72e85fcaa3
    status: 200 OK
    code: 200
    duration: ""
- request:
    body: ""
    form: {}
    headers:
      User-Agent:
      - scaleway-sdk-go/v1.0.0-beta.7+dev (go1.20.4; darwin; amd64) terraform-provider/develop
        terraform/terraform-tests
    url: https://api.scaleway.com/vpc/v2/regions/fr-par/private-networks/888f3aae-12a8-4a11-bc1b-13ff61352966
    method: DELETE
  response:
    body: ""
    headers:
      Content-Security-Policy:
      - default-src 'none'; frame-ancestors 'none'
      Content-Type:
      - application/json
      Date:
      - Wed, 12 Jul 2023 09:54:25 GMT
      Server:
      - Scaleway API-Gateway
      Strict-Transport-Security:
      - max-age=63072000
      X-Content-Type-Options:
      - nosniff
      X-Frame-Options:
      - DENY
      X-Request-Id:
      - 016382a1-d7fa-440e-a24a-a02c606f0902
    status: 204 No Content
    code: 204
    duration: ""
- request:
    body: '{"action":"poweroff"}'
    form: {}
    headers:
      Content-Type:
      - application/json
      User-Agent:
      - scaleway-sdk-go/v1.0.0-beta.7+dev (go1.20.4; darwin; amd64) terraform-provider/develop
        terraform/terraform-tests
    url: https://api.scaleway.com/instance/v1/zones/fr-par-1/servers/4e52e574-eb14-4651-b90a-64b74ad94f5b/action
    method: POST
  response:
    body: '{"task":{"description":"server_poweroff","href_from":"/servers/4e52e574-eb14-4651-b90a-64b74ad94f5b/action","href_result":"/servers/4e52e574-eb14-4651-b90a-64b74ad94f5b","id":"d91acdf3-603f-4852-9636-f5ccdaf1f2f2","started_at":"2023-07-12T09:54:25.936772+00:00","status":"pending","terminated_at":null}}'
    headers:
      Content-Length:
      - "317"
      Content-Security-Policy:
      - default-src 'none'; frame-ancestors 'none'
      Content-Type:
      - application/json
      Date:
      - Wed, 12 Jul 2023 09:54:25 GMT
      Location:
      - https://api.scaleway.com/instance/v1/zones/fr-par-1/tasks/d91acdf3-603f-4852-9636-f5ccdaf1f2f2
      Server:
      - Scaleway API-Gateway
      Strict-Transport-Security:
      - max-age=63072000
      X-Content-Type-Options:
      - nosniff
      X-Frame-Options:
      - DENY
      X-Request-Id:
      - ac3affe4-b419-462a-80a5-2189d04c3827
    status: 202 Accepted
    code: 202
    duration: ""
- request:
    body: ""
    form: {}
    headers:
      User-Agent:
      - scaleway-sdk-go/v1.0.0-beta.7+dev (go1.20.4; darwin; amd64) terraform-provider/develop
        terraform/terraform-tests
    url: https://api.scaleway.com/instance/v1/zones/fr-par-1/servers/4e52e574-eb14-4651-b90a-64b74ad94f5b
    method: GET
  response:
    body: '{"server":{"allowed_actions":["stop_in_place","backup"],"arch":"x86_64","boot_type":"local","bootscript":{"architecture":"x86_64","bootcmdargs":"LINUX_COMMON
      scaleway boot=local nbd.max_part=16","default":true,"dtb":"","id":"fdfe150f-a870-4ce4-b432-9f56b5b995c1","initrd":"http://10.194.3.9/initrd/initrd-Linux-x86_64-v3.14.6.gz","kernel":"http://10.194.3.9/kernel/x86_64-mainline-lts-4.4-4.4.230-rev1/vmlinuz-4.4.230","organization":"11111111-1111-4111-8111-111111111111","project":"11111111-1111-4111-8111-111111111111","public":true,"title":"x86_64
      mainline 4.4.230 rev1","zone":"fr-par-1"},"commercial_type":"DEV1-S","creation_date":"2023-07-12T09:53:30.066332+00:00","dynamic_ip_required":false,"enable_ipv6":false,"extra_networks":[],"hostname":"tf-srv-amazing-mayer","id":"4e52e574-eb14-4651-b90a-64b74ad94f5b","image":{"arch":"x86_64","creation_date":"2023-06-28T12:44:51.423515+00:00","default_bootscript":null,"extra_volumes":{},"from_server":null,"id":"aef2a64e-d6d8-4b39-b00d-61ce2ddce2c8","modification_date":"2023-06-28T12:44:51.423515+00:00","name":"Ubuntu
      20.04 Focal Fossa","organization":"51b656e3-4865-41e8-adbc-0c45bdd780db","project":"51b656e3-4865-41e8-adbc-0c45bdd780db","public":true,"root_volume":{"id":"3cd60412-e478-4f16-ad7c-8290c6e1e8c8","name":"Ubuntu
      20.04 Focal Fossa","size":10000000000,"volume_type":"unified"},"state":"available","tags":[],"zone":"fr-par-1"},"ipv6":null,"location":{"cluster_id":"17","hypervisor_id":"902","node_id":"42","platform_id":"14","zone_id":"par1"},"mac_address":"de:00:00:1c:fa:81","maintenances":[],"modification_date":"2023-07-12T09:54:25.244657+00:00","name":"tf-srv-amazing-mayer","organization":"564aa517-68b0-4fd7-8c8c-d21c4bcdcbd5","placement_group":null,"private_ip":"10.64.194.83","private_nics":[],"project":"564aa517-68b0-4fd7-8c8c-d21c4bcdcbd5","protected":false,"public_ip":null,"public_ips":[],"routed_ip_enabled":false,"security_group":{"id":"ac7c7160-8415-425b-8cf0-9976ee15ccd1","name":"Default
      security group"},"state":"stopping","state_detail":"stopping","tags":[],"volumes":{"0":{"boot":false,"creation_date":"2023-07-12T09:53:30.066332+00:00","export_uri":null,"id":"6fd21478-4fcc-4a98-b775-9d77dec7d57b","modification_date":"2023-07-12T09:53:30.066332+00:00","name":"Ubuntu
      20.04 Focal Fossa","organization":"564aa517-68b0-4fd7-8c8c-d21c4bcdcbd5","project":"564aa517-68b0-4fd7-8c8c-d21c4bcdcbd5","server":{"id":"4e52e574-eb14-4651-b90a-64b74ad94f5b","name":"tf-srv-amazing-mayer"},"size":20000000000,"state":"available","tags":[],"volume_type":"l_ssd","zone":"fr-par-1"}},"zone":"fr-par-1"}}'
    headers:
      Content-Length:
      - "2744"
      Content-Security-Policy:
      - default-src 'none'; frame-ancestors 'none'
      Content-Type:
      - application/json
      Date:
      - Wed, 12 Jul 2023 09:54:26 GMT
      Server:
      - Scaleway API-Gateway
      Strict-Transport-Security:
      - max-age=63072000
      X-Content-Type-Options:
      - nosniff
      X-Frame-Options:
      - DENY
      X-Request-Id:
      - bcff12c4-6c7f-48e3-aae5-d7ac2d53a2dc
    status: 200 OK
    code: 200
    duration: ""
- request:
    body: ""
    form: {}
    headers:
      User-Agent:
      - scaleway-sdk-go/v1.0.0-beta.7+dev (go1.20.4; darwin; amd64) terraform-provider/develop
        terraform/terraform-tests
    url: https://api.scaleway.com/instance/v1/zones/fr-par-1/servers/4e52e574-eb14-4651-b90a-64b74ad94f5b
    method: GET
  response:
    body: '{"server":{"allowed_actions":["stop_in_place","backup"],"arch":"x86_64","boot_type":"local","bootscript":{"architecture":"x86_64","bootcmdargs":"LINUX_COMMON
      scaleway boot=local nbd.max_part=16","default":true,"dtb":"","id":"fdfe150f-a870-4ce4-b432-9f56b5b995c1","initrd":"http://10.194.3.9/initrd/initrd-Linux-x86_64-v3.14.6.gz","kernel":"http://10.194.3.9/kernel/x86_64-mainline-lts-4.4-4.4.230-rev1/vmlinuz-4.4.230","organization":"11111111-1111-4111-8111-111111111111","project":"11111111-1111-4111-8111-111111111111","public":true,"title":"x86_64
      mainline 4.4.230 rev1","zone":"fr-par-1"},"commercial_type":"DEV1-S","creation_date":"2023-07-12T09:53:30.066332+00:00","dynamic_ip_required":false,"enable_ipv6":false,"extra_networks":[],"hostname":"tf-srv-amazing-mayer","id":"4e52e574-eb14-4651-b90a-64b74ad94f5b","image":{"arch":"x86_64","creation_date":"2023-06-28T12:44:51.423515+00:00","default_bootscript":null,"extra_volumes":{},"from_server":null,"id":"aef2a64e-d6d8-4b39-b00d-61ce2ddce2c8","modification_date":"2023-06-28T12:44:51.423515+00:00","name":"Ubuntu
      20.04 Focal Fossa","organization":"51b656e3-4865-41e8-adbc-0c45bdd780db","project":"51b656e3-4865-41e8-adbc-0c45bdd780db","public":true,"root_volume":{"id":"3cd60412-e478-4f16-ad7c-8290c6e1e8c8","name":"Ubuntu
      20.04 Focal Fossa","size":10000000000,"volume_type":"unified"},"state":"available","tags":[],"zone":"fr-par-1"},"ipv6":null,"location":{"cluster_id":"17","hypervisor_id":"902","node_id":"42","platform_id":"14","zone_id":"par1"},"mac_address":"de:00:00:1c:fa:81","maintenances":[],"modification_date":"2023-07-12T09:54:25.244657+00:00","name":"tf-srv-amazing-mayer","organization":"564aa517-68b0-4fd7-8c8c-d21c4bcdcbd5","placement_group":null,"private_ip":"10.64.194.83","private_nics":[],"project":"564aa517-68b0-4fd7-8c8c-d21c4bcdcbd5","protected":false,"public_ip":null,"public_ips":[],"routed_ip_enabled":false,"security_group":{"id":"ac7c7160-8415-425b-8cf0-9976ee15ccd1","name":"Default
      security group"},"state":"stopping","state_detail":"stopping","tags":[],"volumes":{"0":{"boot":false,"creation_date":"2023-07-12T09:53:30.066332+00:00","export_uri":null,"id":"6fd21478-4fcc-4a98-b775-9d77dec7d57b","modification_date":"2023-07-12T09:53:30.066332+00:00","name":"Ubuntu
      20.04 Focal Fossa","organization":"564aa517-68b0-4fd7-8c8c-d21c4bcdcbd5","project":"564aa517-68b0-4fd7-8c8c-d21c4bcdcbd5","server":{"id":"4e52e574-eb14-4651-b90a-64b74ad94f5b","name":"tf-srv-amazing-mayer"},"size":20000000000,"state":"available","tags":[],"volume_type":"l_ssd","zone":"fr-par-1"}},"zone":"fr-par-1"}}'
    headers:
      Content-Length:
      - "2744"
      Content-Security-Policy:
      - default-src 'none'; frame-ancestors 'none'
      Content-Type:
      - application/json
      Date:
      - Wed, 12 Jul 2023 09:54:31 GMT
      Server:
      - Scaleway API-Gateway
      Strict-Transport-Security:
      - max-age=63072000
      X-Content-Type-Options:
      - nosniff
      X-Frame-Options:
      - DENY
      X-Request-Id:
      - bd161b24-50e5-487a-a867-52cdd058fec7
    status: 200 OK
    code: 200
    duration: ""
- request:
    body: ""
    form: {}
    headers:
      User-Agent:
      - scaleway-sdk-go/v1.0.0-beta.7+dev (go1.20.4; darwin; amd64) terraform-provider/develop
        terraform/terraform-tests
    url: https://api.scaleway.com/instance/v1/zones/fr-par-1/servers/4e52e574-eb14-4651-b90a-64b74ad94f5b
    method: GET
  response:
    body: '{"server":{"allowed_actions":["stop_in_place","backup"],"arch":"x86_64","boot_type":"local","bootscript":{"architecture":"x86_64","bootcmdargs":"LINUX_COMMON
      scaleway boot=local nbd.max_part=16","default":true,"dtb":"","id":"fdfe150f-a870-4ce4-b432-9f56b5b995c1","initrd":"http://10.194.3.9/initrd/initrd-Linux-x86_64-v3.14.6.gz","kernel":"http://10.194.3.9/kernel/x86_64-mainline-lts-4.4-4.4.230-rev1/vmlinuz-4.4.230","organization":"11111111-1111-4111-8111-111111111111","project":"11111111-1111-4111-8111-111111111111","public":true,"title":"x86_64
      mainline 4.4.230 rev1","zone":"fr-par-1"},"commercial_type":"DEV1-S","creation_date":"2023-07-12T09:53:30.066332+00:00","dynamic_ip_required":false,"enable_ipv6":false,"extra_networks":[],"hostname":"tf-srv-amazing-mayer","id":"4e52e574-eb14-4651-b90a-64b74ad94f5b","image":{"arch":"x86_64","creation_date":"2023-06-28T12:44:51.423515+00:00","default_bootscript":null,"extra_volumes":{},"from_server":null,"id":"aef2a64e-d6d8-4b39-b00d-61ce2ddce2c8","modification_date":"2023-06-28T12:44:51.423515+00:00","name":"Ubuntu
      20.04 Focal Fossa","organization":"51b656e3-4865-41e8-adbc-0c45bdd780db","project":"51b656e3-4865-41e8-adbc-0c45bdd780db","public":true,"root_volume":{"id":"3cd60412-e478-4f16-ad7c-8290c6e1e8c8","name":"Ubuntu
      20.04 Focal Fossa","size":10000000000,"volume_type":"unified"},"state":"available","tags":[],"zone":"fr-par-1"},"ipv6":null,"location":{"cluster_id":"17","hypervisor_id":"902","node_id":"42","platform_id":"14","zone_id":"par1"},"mac_address":"de:00:00:1c:fa:81","maintenances":[],"modification_date":"2023-07-12T09:54:25.244657+00:00","name":"tf-srv-amazing-mayer","organization":"564aa517-68b0-4fd7-8c8c-d21c4bcdcbd5","placement_group":null,"private_ip":"10.64.194.83","private_nics":[],"project":"564aa517-68b0-4fd7-8c8c-d21c4bcdcbd5","protected":false,"public_ip":null,"public_ips":[],"routed_ip_enabled":false,"security_group":{"id":"ac7c7160-8415-425b-8cf0-9976ee15ccd1","name":"Default
      security group"},"state":"stopping","state_detail":"stopping","tags":[],"volumes":{"0":{"boot":false,"creation_date":"2023-07-12T09:53:30.066332+00:00","export_uri":null,"id":"6fd21478-4fcc-4a98-b775-9d77dec7d57b","modification_date":"2023-07-12T09:53:30.066332+00:00","name":"Ubuntu
      20.04 Focal Fossa","organization":"564aa517-68b0-4fd7-8c8c-d21c4bcdcbd5","project":"564aa517-68b0-4fd7-8c8c-d21c4bcdcbd5","server":{"id":"4e52e574-eb14-4651-b90a-64b74ad94f5b","name":"tf-srv-amazing-mayer"},"size":20000000000,"state":"available","tags":[],"volume_type":"l_ssd","zone":"fr-par-1"}},"zone":"fr-par-1"}}'
    headers:
      Content-Length:
      - "2744"
      Content-Security-Policy:
      - default-src 'none'; frame-ancestors 'none'
      Content-Type:
      - application/json
      Date:
      - Wed, 12 Jul 2023 09:54:36 GMT
      Server:
      - Scaleway API-Gateway
      Strict-Transport-Security:
      - max-age=63072000
      X-Content-Type-Options:
      - nosniff
      X-Frame-Options:
      - DENY
      X-Request-Id:
      - 1b95afdc-d0cb-4c91-a857-6ad2a8e3ee8b
    status: 200 OK
    code: 200
    duration: ""
- request:
    body: ""
    form: {}
    headers:
      User-Agent:
      - scaleway-sdk-go/v1.0.0-beta.7+dev (go1.20.4; darwin; amd64) terraform-provider/develop
        terraform/terraform-tests
    url: https://api.scaleway.com/instance/v1/zones/fr-par-1/servers/4e52e574-eb14-4651-b90a-64b74ad94f5b
    method: GET
  response:
    body: '{"server":{"allowed_actions":["stop_in_place","backup"],"arch":"x86_64","boot_type":"local","bootscript":{"architecture":"x86_64","bootcmdargs":"LINUX_COMMON
      scaleway boot=local nbd.max_part=16","default":true,"dtb":"","id":"fdfe150f-a870-4ce4-b432-9f56b5b995c1","initrd":"http://10.194.3.9/initrd/initrd-Linux-x86_64-v3.14.6.gz","kernel":"http://10.194.3.9/kernel/x86_64-mainline-lts-4.4-4.4.230-rev1/vmlinuz-4.4.230","organization":"11111111-1111-4111-8111-111111111111","project":"11111111-1111-4111-8111-111111111111","public":true,"title":"x86_64
      mainline 4.4.230 rev1","zone":"fr-par-1"},"commercial_type":"DEV1-S","creation_date":"2023-07-12T09:53:30.066332+00:00","dynamic_ip_required":false,"enable_ipv6":false,"extra_networks":[],"hostname":"tf-srv-amazing-mayer","id":"4e52e574-eb14-4651-b90a-64b74ad94f5b","image":{"arch":"x86_64","creation_date":"2023-06-28T12:44:51.423515+00:00","default_bootscript":null,"extra_volumes":{},"from_server":null,"id":"aef2a64e-d6d8-4b39-b00d-61ce2ddce2c8","modification_date":"2023-06-28T12:44:51.423515+00:00","name":"Ubuntu
      20.04 Focal Fossa","organization":"51b656e3-4865-41e8-adbc-0c45bdd780db","project":"51b656e3-4865-41e8-adbc-0c45bdd780db","public":true,"root_volume":{"id":"3cd60412-e478-4f16-ad7c-8290c6e1e8c8","name":"Ubuntu
      20.04 Focal Fossa","size":10000000000,"volume_type":"unified"},"state":"available","tags":[],"zone":"fr-par-1"},"ipv6":null,"location":{"cluster_id":"17","hypervisor_id":"902","node_id":"42","platform_id":"14","zone_id":"par1"},"mac_address":"de:00:00:1c:fa:81","maintenances":[],"modification_date":"2023-07-12T09:54:25.244657+00:00","name":"tf-srv-amazing-mayer","organization":"564aa517-68b0-4fd7-8c8c-d21c4bcdcbd5","placement_group":null,"private_ip":"10.64.194.83","private_nics":[],"project":"564aa517-68b0-4fd7-8c8c-d21c4bcdcbd5","protected":false,"public_ip":null,"public_ips":[],"routed_ip_enabled":false,"security_group":{"id":"ac7c7160-8415-425b-8cf0-9976ee15ccd1","name":"Default
      security group"},"state":"stopping","state_detail":"stopping","tags":[],"volumes":{"0":{"boot":false,"creation_date":"2023-07-12T09:53:30.066332+00:00","export_uri":null,"id":"6fd21478-4fcc-4a98-b775-9d77dec7d57b","modification_date":"2023-07-12T09:53:30.066332+00:00","name":"Ubuntu
      20.04 Focal Fossa","organization":"564aa517-68b0-4fd7-8c8c-d21c4bcdcbd5","project":"564aa517-68b0-4fd7-8c8c-d21c4bcdcbd5","server":{"id":"4e52e574-eb14-4651-b90a-64b74ad94f5b","name":"tf-srv-amazing-mayer"},"size":20000000000,"state":"available","tags":[],"volume_type":"l_ssd","zone":"fr-par-1"}},"zone":"fr-par-1"}}'
    headers:
      Content-Length:
      - "2744"
      Content-Security-Policy:
      - default-src 'none'; frame-ancestors 'none'
      Content-Type:
      - application/json
      Date:
      - Wed, 12 Jul 2023 09:54:41 GMT
      Server:
      - Scaleway API-Gateway
      Strict-Transport-Security:
      - max-age=63072000
      X-Content-Type-Options:
      - nosniff
      X-Frame-Options:
      - DENY
      X-Request-Id:
      - 729204e6-63af-4124-8077-75b628869586
    status: 200 OK
    code: 200
    duration: ""
- request:
    body: ""
    form: {}
    headers:
      User-Agent:
      - scaleway-sdk-go/v1.0.0-beta.7+dev (go1.20.4; darwin; amd64) terraform-provider/develop
        terraform/terraform-tests
    url: https://api.scaleway.com/instance/v1/zones/fr-par-1/servers/4e52e574-eb14-4651-b90a-64b74ad94f5b
    method: GET
  response:
    body: '{"server":{"allowed_actions":["stop_in_place","backup"],"arch":"x86_64","boot_type":"local","bootscript":{"architecture":"x86_64","bootcmdargs":"LINUX_COMMON
      scaleway boot=local nbd.max_part=16","default":true,"dtb":"","id":"fdfe150f-a870-4ce4-b432-9f56b5b995c1","initrd":"http://10.194.3.9/initrd/initrd-Linux-x86_64-v3.14.6.gz","kernel":"http://10.194.3.9/kernel/x86_64-mainline-lts-4.4-4.4.230-rev1/vmlinuz-4.4.230","organization":"11111111-1111-4111-8111-111111111111","project":"11111111-1111-4111-8111-111111111111","public":true,"title":"x86_64
      mainline 4.4.230 rev1","zone":"fr-par-1"},"commercial_type":"DEV1-S","creation_date":"2023-07-12T09:53:30.066332+00:00","dynamic_ip_required":false,"enable_ipv6":false,"extra_networks":[],"hostname":"tf-srv-amazing-mayer","id":"4e52e574-eb14-4651-b90a-64b74ad94f5b","image":{"arch":"x86_64","creation_date":"2023-06-28T12:44:51.423515+00:00","default_bootscript":null,"extra_volumes":{},"from_server":null,"id":"aef2a64e-d6d8-4b39-b00d-61ce2ddce2c8","modification_date":"2023-06-28T12:44:51.423515+00:00","name":"Ubuntu
      20.04 Focal Fossa","organization":"51b656e3-4865-41e8-adbc-0c45bdd780db","project":"51b656e3-4865-41e8-adbc-0c45bdd780db","public":true,"root_volume":{"id":"3cd60412-e478-4f16-ad7c-8290c6e1e8c8","name":"Ubuntu
      20.04 Focal Fossa","size":10000000000,"volume_type":"unified"},"state":"available","tags":[],"zone":"fr-par-1"},"ipv6":null,"location":{"cluster_id":"17","hypervisor_id":"902","node_id":"42","platform_id":"14","zone_id":"par1"},"mac_address":"de:00:00:1c:fa:81","maintenances":[],"modification_date":"2023-07-12T09:54:25.244657+00:00","name":"tf-srv-amazing-mayer","organization":"564aa517-68b0-4fd7-8c8c-d21c4bcdcbd5","placement_group":null,"private_ip":"10.64.194.83","private_nics":[],"project":"564aa517-68b0-4fd7-8c8c-d21c4bcdcbd5","protected":false,"public_ip":null,"public_ips":[],"routed_ip_enabled":false,"security_group":{"id":"ac7c7160-8415-425b-8cf0-9976ee15ccd1","name":"Default
      security group"},"state":"stopping","state_detail":"stopping","tags":[],"volumes":{"0":{"boot":false,"creation_date":"2023-07-12T09:53:30.066332+00:00","export_uri":null,"id":"6fd21478-4fcc-4a98-b775-9d77dec7d57b","modification_date":"2023-07-12T09:53:30.066332+00:00","name":"Ubuntu
      20.04 Focal Fossa","organization":"564aa517-68b0-4fd7-8c8c-d21c4bcdcbd5","project":"564aa517-68b0-4fd7-8c8c-d21c4bcdcbd5","server":{"id":"4e52e574-eb14-4651-b90a-64b74ad94f5b","name":"tf-srv-amazing-mayer"},"size":20000000000,"state":"available","tags":[],"volume_type":"l_ssd","zone":"fr-par-1"}},"zone":"fr-par-1"}}'
    headers:
      Content-Length:
      - "2744"
      Content-Security-Policy:
      - default-src 'none'; frame-ancestors 'none'
      Content-Type:
      - application/json
      Date:
      - Wed, 12 Jul 2023 09:54:46 GMT
      Server:
      - Scaleway API-Gateway
      Strict-Transport-Security:
      - max-age=63072000
      X-Content-Type-Options:
      - nosniff
      X-Frame-Options:
      - DENY
      X-Request-Id:
      - 330c8a21-9021-40e1-901d-a5995478eb41
    status: 200 OK
    code: 200
    duration: ""
- request:
    body: ""
    form: {}
    headers:
      User-Agent:
      - scaleway-sdk-go/v1.0.0-beta.7+dev (go1.20.4; darwin; amd64) terraform-provider/develop
        terraform/terraform-tests
    url: https://api.scaleway.com/instance/v1/zones/fr-par-1/servers/4e52e574-eb14-4651-b90a-64b74ad94f5b
    method: GET
  response:
    body: '{"server":{"allowed_actions":["stop_in_place","backup"],"arch":"x86_64","boot_type":"local","bootscript":{"architecture":"x86_64","bootcmdargs":"LINUX_COMMON
      scaleway boot=local nbd.max_part=16","default":true,"dtb":"","id":"fdfe150f-a870-4ce4-b432-9f56b5b995c1","initrd":"http://10.194.3.9/initrd/initrd-Linux-x86_64-v3.14.6.gz","kernel":"http://10.194.3.9/kernel/x86_64-mainline-lts-4.4-4.4.230-rev1/vmlinuz-4.4.230","organization":"11111111-1111-4111-8111-111111111111","project":"11111111-1111-4111-8111-111111111111","public":true,"title":"x86_64
      mainline 4.4.230 rev1","zone":"fr-par-1"},"commercial_type":"DEV1-S","creation_date":"2023-07-12T09:53:30.066332+00:00","dynamic_ip_required":false,"enable_ipv6":false,"extra_networks":[],"hostname":"tf-srv-amazing-mayer","id":"4e52e574-eb14-4651-b90a-64b74ad94f5b","image":{"arch":"x86_64","creation_date":"2023-06-28T12:44:51.423515+00:00","default_bootscript":null,"extra_volumes":{},"from_server":null,"id":"aef2a64e-d6d8-4b39-b00d-61ce2ddce2c8","modification_date":"2023-06-28T12:44:51.423515+00:00","name":"Ubuntu
      20.04 Focal Fossa","organization":"51b656e3-4865-41e8-adbc-0c45bdd780db","project":"51b656e3-4865-41e8-adbc-0c45bdd780db","public":true,"root_volume":{"id":"3cd60412-e478-4f16-ad7c-8290c6e1e8c8","name":"Ubuntu
      20.04 Focal Fossa","size":10000000000,"volume_type":"unified"},"state":"available","tags":[],"zone":"fr-par-1"},"ipv6":null,"location":{"cluster_id":"17","hypervisor_id":"902","node_id":"42","platform_id":"14","zone_id":"par1"},"mac_address":"de:00:00:1c:fa:81","maintenances":[],"modification_date":"2023-07-12T09:54:25.244657+00:00","name":"tf-srv-amazing-mayer","organization":"564aa517-68b0-4fd7-8c8c-d21c4bcdcbd5","placement_group":null,"private_ip":"10.64.194.83","private_nics":[],"project":"564aa517-68b0-4fd7-8c8c-d21c4bcdcbd5","protected":false,"public_ip":null,"public_ips":[],"routed_ip_enabled":false,"security_group":{"id":"ac7c7160-8415-425b-8cf0-9976ee15ccd1","name":"Default
      security group"},"state":"stopping","state_detail":"stopping","tags":[],"volumes":{"0":{"boot":false,"creation_date":"2023-07-12T09:53:30.066332+00:00","export_uri":null,"id":"6fd21478-4fcc-4a98-b775-9d77dec7d57b","modification_date":"2023-07-12T09:53:30.066332+00:00","name":"Ubuntu
      20.04 Focal Fossa","organization":"564aa517-68b0-4fd7-8c8c-d21c4bcdcbd5","project":"564aa517-68b0-4fd7-8c8c-d21c4bcdcbd5","server":{"id":"4e52e574-eb14-4651-b90a-64b74ad94f5b","name":"tf-srv-amazing-mayer"},"size":20000000000,"state":"available","tags":[],"volume_type":"l_ssd","zone":"fr-par-1"}},"zone":"fr-par-1"}}'
    headers:
      Content-Length:
      - "2744"
      Content-Security-Policy:
      - default-src 'none'; frame-ancestors 'none'
      Content-Type:
      - application/json
      Date:
      - Wed, 12 Jul 2023 09:54:51 GMT
      Server:
      - Scaleway API-Gateway
      Strict-Transport-Security:
      - max-age=63072000
      X-Content-Type-Options:
      - nosniff
      X-Frame-Options:
      - DENY
      X-Request-Id:
      - 7ffc3a42-d8cb-4dad-bf80-4a56b29bda60
    status: 200 OK
    code: 200
    duration: ""
- request:
    body: ""
    form: {}
    headers:
      User-Agent:
      - scaleway-sdk-go/v1.0.0-beta.7+dev (go1.20.4; darwin; amd64) terraform-provider/develop
        terraform/terraform-tests
    url: https://api.scaleway.com/instance/v1/zones/fr-par-1/servers/4e52e574-eb14-4651-b90a-64b74ad94f5b
    method: GET
  response:
    body: '{"server":{"allowed_actions":["stop_in_place","backup"],"arch":"x86_64","boot_type":"local","bootscript":{"architecture":"x86_64","bootcmdargs":"LINUX_COMMON
      scaleway boot=local nbd.max_part=16","default":true,"dtb":"","id":"fdfe150f-a870-4ce4-b432-9f56b5b995c1","initrd":"http://10.194.3.9/initrd/initrd-Linux-x86_64-v3.14.6.gz","kernel":"http://10.194.3.9/kernel/x86_64-mainline-lts-4.4-4.4.230-rev1/vmlinuz-4.4.230","organization":"11111111-1111-4111-8111-111111111111","project":"11111111-1111-4111-8111-111111111111","public":true,"title":"x86_64
      mainline 4.4.230 rev1","zone":"fr-par-1"},"commercial_type":"DEV1-S","creation_date":"2023-07-12T09:53:30.066332+00:00","dynamic_ip_required":false,"enable_ipv6":false,"extra_networks":[],"hostname":"tf-srv-amazing-mayer","id":"4e52e574-eb14-4651-b90a-64b74ad94f5b","image":{"arch":"x86_64","creation_date":"2023-06-28T12:44:51.423515+00:00","default_bootscript":null,"extra_volumes":{},"from_server":null,"id":"aef2a64e-d6d8-4b39-b00d-61ce2ddce2c8","modification_date":"2023-06-28T12:44:51.423515+00:00","name":"Ubuntu
      20.04 Focal Fossa","organization":"51b656e3-4865-41e8-adbc-0c45bdd780db","project":"51b656e3-4865-41e8-adbc-0c45bdd780db","public":true,"root_volume":{"id":"3cd60412-e478-4f16-ad7c-8290c6e1e8c8","name":"Ubuntu
      20.04 Focal Fossa","size":10000000000,"volume_type":"unified"},"state":"available","tags":[],"zone":"fr-par-1"},"ipv6":null,"location":{"cluster_id":"17","hypervisor_id":"902","node_id":"42","platform_id":"14","zone_id":"par1"},"mac_address":"de:00:00:1c:fa:81","maintenances":[],"modification_date":"2023-07-12T09:54:25.244657+00:00","name":"tf-srv-amazing-mayer","organization":"564aa517-68b0-4fd7-8c8c-d21c4bcdcbd5","placement_group":null,"private_ip":"10.64.194.83","private_nics":[],"project":"564aa517-68b0-4fd7-8c8c-d21c4bcdcbd5","protected":false,"public_ip":null,"public_ips":[],"routed_ip_enabled":false,"security_group":{"id":"ac7c7160-8415-425b-8cf0-9976ee15ccd1","name":"Default
      security group"},"state":"stopping","state_detail":"stopping","tags":[],"volumes":{"0":{"boot":false,"creation_date":"2023-07-12T09:53:30.066332+00:00","export_uri":null,"id":"6fd21478-4fcc-4a98-b775-9d77dec7d57b","modification_date":"2023-07-12T09:53:30.066332+00:00","name":"Ubuntu
      20.04 Focal Fossa","organization":"564aa517-68b0-4fd7-8c8c-d21c4bcdcbd5","project":"564aa517-68b0-4fd7-8c8c-d21c4bcdcbd5","server":{"id":"4e52e574-eb14-4651-b90a-64b74ad94f5b","name":"tf-srv-amazing-mayer"},"size":20000000000,"state":"available","tags":[],"volume_type":"l_ssd","zone":"fr-par-1"}},"zone":"fr-par-1"}}'
    headers:
      Content-Length:
      - "2744"
      Content-Security-Policy:
      - default-src 'none'; frame-ancestors 'none'
      Content-Type:
      - application/json
      Date:
      - Wed, 12 Jul 2023 09:54:57 GMT
      Server:
      - Scaleway API-Gateway
      Strict-Transport-Security:
      - max-age=63072000
      X-Content-Type-Options:
      - nosniff
      X-Frame-Options:
      - DENY
      X-Request-Id:
      - 1509067c-67b1-48af-9a21-d511df414310
    status: 200 OK
    code: 200
    duration: ""
- request:
    body: ""
    form: {}
    headers:
      User-Agent:
      - scaleway-sdk-go/v1.0.0-beta.7+dev (go1.20.4; darwin; amd64) terraform-provider/develop
        terraform/terraform-tests
    url: https://api.scaleway.com/instance/v1/zones/fr-par-1/servers/4e52e574-eb14-4651-b90a-64b74ad94f5b
    method: GET
  response:
    body: '{"server":{"allowed_actions":["stop_in_place","backup"],"arch":"x86_64","boot_type":"local","bootscript":{"architecture":"x86_64","bootcmdargs":"LINUX_COMMON
      scaleway boot=local nbd.max_part=16","default":true,"dtb":"","id":"fdfe150f-a870-4ce4-b432-9f56b5b995c1","initrd":"http://10.194.3.9/initrd/initrd-Linux-x86_64-v3.14.6.gz","kernel":"http://10.194.3.9/kernel/x86_64-mainline-lts-4.4-4.4.230-rev1/vmlinuz-4.4.230","organization":"11111111-1111-4111-8111-111111111111","project":"11111111-1111-4111-8111-111111111111","public":true,"title":"x86_64
      mainline 4.4.230 rev1","zone":"fr-par-1"},"commercial_type":"DEV1-S","creation_date":"2023-07-12T09:53:30.066332+00:00","dynamic_ip_required":false,"enable_ipv6":false,"extra_networks":[],"hostname":"tf-srv-amazing-mayer","id":"4e52e574-eb14-4651-b90a-64b74ad94f5b","image":{"arch":"x86_64","creation_date":"2023-06-28T12:44:51.423515+00:00","default_bootscript":null,"extra_volumes":{},"from_server":null,"id":"aef2a64e-d6d8-4b39-b00d-61ce2ddce2c8","modification_date":"2023-06-28T12:44:51.423515+00:00","name":"Ubuntu
      20.04 Focal Fossa","organization":"51b656e3-4865-41e8-adbc-0c45bdd780db","project":"51b656e3-4865-41e8-adbc-0c45bdd780db","public":true,"root_volume":{"id":"3cd60412-e478-4f16-ad7c-8290c6e1e8c8","name":"Ubuntu
      20.04 Focal Fossa","size":10000000000,"volume_type":"unified"},"state":"available","tags":[],"zone":"fr-par-1"},"ipv6":null,"location":{"cluster_id":"17","hypervisor_id":"902","node_id":"42","platform_id":"14","zone_id":"par1"},"mac_address":"de:00:00:1c:fa:81","maintenances":[],"modification_date":"2023-07-12T09:54:25.244657+00:00","name":"tf-srv-amazing-mayer","organization":"564aa517-68b0-4fd7-8c8c-d21c4bcdcbd5","placement_group":null,"private_ip":"10.64.194.83","private_nics":[],"project":"564aa517-68b0-4fd7-8c8c-d21c4bcdcbd5","protected":false,"public_ip":null,"public_ips":[],"routed_ip_enabled":false,"security_group":{"id":"ac7c7160-8415-425b-8cf0-9976ee15ccd1","name":"Default
      security group"},"state":"stopping","state_detail":"stopping","tags":[],"volumes":{"0":{"boot":false,"creation_date":"2023-07-12T09:53:30.066332+00:00","export_uri":null,"id":"6fd21478-4fcc-4a98-b775-9d77dec7d57b","modification_date":"2023-07-12T09:53:30.066332+00:00","name":"Ubuntu
      20.04 Focal Fossa","organization":"564aa517-68b0-4fd7-8c8c-d21c4bcdcbd5","project":"564aa517-68b0-4fd7-8c8c-d21c4bcdcbd5","server":{"id":"4e52e574-eb14-4651-b90a-64b74ad94f5b","name":"tf-srv-amazing-mayer"},"size":20000000000,"state":"available","tags":[],"volume_type":"l_ssd","zone":"fr-par-1"}},"zone":"fr-par-1"}}'
    headers:
      Content-Length:
      - "2744"
      Content-Security-Policy:
      - default-src 'none'; frame-ancestors 'none'
      Content-Type:
      - application/json
      Date:
      - Wed, 12 Jul 2023 09:55:02 GMT
      Server:
      - Scaleway API-Gateway
      Strict-Transport-Security:
      - max-age=63072000
      X-Content-Type-Options:
      - nosniff
      X-Frame-Options:
      - DENY
      X-Request-Id:
      - ae6e351d-4f16-4be7-95de-606bfcf06465
    status: 200 OK
    code: 200
    duration: ""
- request:
    body: ""
    form: {}
    headers:
      User-Agent:
      - scaleway-sdk-go/v1.0.0-beta.7+dev (go1.20.4; darwin; amd64) terraform-provider/develop
        terraform/terraform-tests
    url: https://api.scaleway.com/instance/v1/zones/fr-par-1/servers/4e52e574-eb14-4651-b90a-64b74ad94f5b
    method: GET
  response:
    body: '{"server":{"allowed_actions":["stop_in_place","backup"],"arch":"x86_64","boot_type":"local","bootscript":{"architecture":"x86_64","bootcmdargs":"LINUX_COMMON
      scaleway boot=local nbd.max_part=16","default":true,"dtb":"","id":"fdfe150f-a870-4ce4-b432-9f56b5b995c1","initrd":"http://10.194.3.9/initrd/initrd-Linux-x86_64-v3.14.6.gz","kernel":"http://10.194.3.9/kernel/x86_64-mainline-lts-4.4-4.4.230-rev1/vmlinuz-4.4.230","organization":"11111111-1111-4111-8111-111111111111","project":"11111111-1111-4111-8111-111111111111","public":true,"title":"x86_64
      mainline 4.4.230 rev1","zone":"fr-par-1"},"commercial_type":"DEV1-S","creation_date":"2023-07-12T09:53:30.066332+00:00","dynamic_ip_required":false,"enable_ipv6":false,"extra_networks":[],"hostname":"tf-srv-amazing-mayer","id":"4e52e574-eb14-4651-b90a-64b74ad94f5b","image":{"arch":"x86_64","creation_date":"2023-06-28T12:44:51.423515+00:00","default_bootscript":null,"extra_volumes":{},"from_server":null,"id":"aef2a64e-d6d8-4b39-b00d-61ce2ddce2c8","modification_date":"2023-06-28T12:44:51.423515+00:00","name":"Ubuntu
      20.04 Focal Fossa","organization":"51b656e3-4865-41e8-adbc-0c45bdd780db","project":"51b656e3-4865-41e8-adbc-0c45bdd780db","public":true,"root_volume":{"id":"3cd60412-e478-4f16-ad7c-8290c6e1e8c8","name":"Ubuntu
      20.04 Focal Fossa","size":10000000000,"volume_type":"unified"},"state":"available","tags":[],"zone":"fr-par-1"},"ipv6":null,"location":{"cluster_id":"17","hypervisor_id":"902","node_id":"42","platform_id":"14","zone_id":"par1"},"mac_address":"de:00:00:1c:fa:81","maintenances":[],"modification_date":"2023-07-12T09:54:25.244657+00:00","name":"tf-srv-amazing-mayer","organization":"564aa517-68b0-4fd7-8c8c-d21c4bcdcbd5","placement_group":null,"private_ip":"10.64.194.83","private_nics":[],"project":"564aa517-68b0-4fd7-8c8c-d21c4bcdcbd5","protected":false,"public_ip":null,"public_ips":[],"routed_ip_enabled":false,"security_group":{"id":"ac7c7160-8415-425b-8cf0-9976ee15ccd1","name":"Default
      security group"},"state":"stopping","state_detail":"stopping","tags":[],"volumes":{"0":{"boot":false,"creation_date":"2023-07-12T09:53:30.066332+00:00","export_uri":null,"id":"6fd21478-4fcc-4a98-b775-9d77dec7d57b","modification_date":"2023-07-12T09:53:30.066332+00:00","name":"Ubuntu
      20.04 Focal Fossa","organization":"564aa517-68b0-4fd7-8c8c-d21c4bcdcbd5","project":"564aa517-68b0-4fd7-8c8c-d21c4bcdcbd5","server":{"id":"4e52e574-eb14-4651-b90a-64b74ad94f5b","name":"tf-srv-amazing-mayer"},"size":20000000000,"state":"available","tags":[],"volume_type":"l_ssd","zone":"fr-par-1"}},"zone":"fr-par-1"}}'
    headers:
      Content-Length:
      - "2744"
      Content-Security-Policy:
      - default-src 'none'; frame-ancestors 'none'
      Content-Type:
      - application/json
      Date:
      - Wed, 12 Jul 2023 09:55:07 GMT
      Server:
      - Scaleway API-Gateway
      Strict-Transport-Security:
      - max-age=63072000
      X-Content-Type-Options:
      - nosniff
      X-Frame-Options:
      - DENY
      X-Request-Id:
      - d284bd5f-804b-47a4-93f9-4385607182ca
    status: 200 OK
    code: 200
    duration: ""
- request:
    body: ""
    form: {}
    headers:
      User-Agent:
      - scaleway-sdk-go/v1.0.0-beta.7+dev (go1.20.4; darwin; amd64) terraform-provider/develop
        terraform/terraform-tests
    url: https://api.scaleway.com/instance/v1/zones/fr-par-1/servers/4e52e574-eb14-4651-b90a-64b74ad94f5b
    method: GET
  response:
    body: '{"server":{"allowed_actions":["poweron","backup"],"arch":"x86_64","boot_type":"local","bootscript":{"architecture":"x86_64","bootcmdargs":"LINUX_COMMON
      scaleway boot=local nbd.max_part=16","default":true,"dtb":"","id":"fdfe150f-a870-4ce4-b432-9f56b5b995c1","initrd":"http://10.194.3.9/initrd/initrd-Linux-x86_64-v3.14.6.gz","kernel":"http://10.194.3.9/kernel/x86_64-mainline-lts-4.4-4.4.230-rev1/vmlinuz-4.4.230","organization":"11111111-1111-4111-8111-111111111111","project":"11111111-1111-4111-8111-111111111111","public":true,"title":"x86_64
      mainline 4.4.230 rev1","zone":"fr-par-1"},"commercial_type":"DEV1-S","creation_date":"2023-07-12T09:53:30.066332+00:00","dynamic_ip_required":false,"enable_ipv6":false,"extra_networks":[],"hostname":"tf-srv-amazing-mayer","id":"4e52e574-eb14-4651-b90a-64b74ad94f5b","image":{"arch":"x86_64","creation_date":"2023-06-28T12:44:51.423515+00:00","default_bootscript":null,"extra_volumes":{},"from_server":null,"id":"aef2a64e-d6d8-4b39-b00d-61ce2ddce2c8","modification_date":"2023-06-28T12:44:51.423515+00:00","name":"Ubuntu
      20.04 Focal Fossa","organization":"51b656e3-4865-41e8-adbc-0c45bdd780db","project":"51b656e3-4865-41e8-adbc-0c45bdd780db","public":true,"root_volume":{"id":"3cd60412-e478-4f16-ad7c-8290c6e1e8c8","name":"Ubuntu
      20.04 Focal Fossa","size":10000000000,"volume_type":"unified"},"state":"available","tags":[],"zone":"fr-par-1"},"ipv6":null,"location":null,"mac_address":"de:00:00:1c:fa:81","maintenances":[],"modification_date":"2023-07-12T09:55:11.039918+00:00","name":"tf-srv-amazing-mayer","organization":"564aa517-68b0-4fd7-8c8c-d21c4bcdcbd5","placement_group":null,"private_ip":null,"private_nics":[],"project":"564aa517-68b0-4fd7-8c8c-d21c4bcdcbd5","protected":false,"public_ip":null,"public_ips":[],"routed_ip_enabled":false,"security_group":{"id":"ac7c7160-8415-425b-8cf0-9976ee15ccd1","name":"Default
      security group"},"state":"stopped","state_detail":"","tags":[],"volumes":{"0":{"boot":false,"creation_date":"2023-07-12T09:53:30.066332+00:00","export_uri":null,"id":"6fd21478-4fcc-4a98-b775-9d77dec7d57b","modification_date":"2023-07-12T09:53:30.066332+00:00","name":"Ubuntu
      20.04 Focal Fossa","organization":"564aa517-68b0-4fd7-8c8c-d21c4bcdcbd5","project":"564aa517-68b0-4fd7-8c8c-d21c4bcdcbd5","server":{"id":"4e52e574-eb14-4651-b90a-64b74ad94f5b","name":"tf-srv-amazing-mayer"},"size":20000000000,"state":"available","tags":[],"volume_type":"l_ssd","zone":"fr-par-1"}},"zone":"fr-par-1"}}'
    headers:
      Content-Length:
      - "2622"
      Content-Security-Policy:
      - default-src 'none'; frame-ancestors 'none'
      Content-Type:
      - application/json
      Date:
      - Wed, 12 Jul 2023 09:55:12 GMT
      Server:
      - Scaleway API-Gateway
      Strict-Transport-Security:
      - max-age=63072000
      X-Content-Type-Options:
      - nosniff
      X-Frame-Options:
      - DENY
      X-Request-Id:
      - bc048956-4b49-401a-bdc3-4a2afb984bc6
    status: 200 OK
    code: 200
    duration: ""
- request:
    body: ""
    form: {}
    headers:
      User-Agent:
      - scaleway-sdk-go/v1.0.0-beta.7+dev (go1.20.4; darwin; amd64) terraform-provider/develop
        terraform/terraform-tests
    url: https://api.scaleway.com/instance/v1/zones/fr-par-1/servers/4e52e574-eb14-4651-b90a-64b74ad94f5b
    method: GET
  response:
    body: '{"server":{"allowed_actions":["poweron","backup"],"arch":"x86_64","boot_type":"local","bootscript":{"architecture":"x86_64","bootcmdargs":"LINUX_COMMON
      scaleway boot=local nbd.max_part=16","default":true,"dtb":"","id":"fdfe150f-a870-4ce4-b432-9f56b5b995c1","initrd":"http://10.194.3.9/initrd/initrd-Linux-x86_64-v3.14.6.gz","kernel":"http://10.194.3.9/kernel/x86_64-mainline-lts-4.4-4.4.230-rev1/vmlinuz-4.4.230","organization":"11111111-1111-4111-8111-111111111111","project":"11111111-1111-4111-8111-111111111111","public":true,"title":"x86_64
      mainline 4.4.230 rev1","zone":"fr-par-1"},"commercial_type":"DEV1-S","creation_date":"2023-07-12T09:53:30.066332+00:00","dynamic_ip_required":false,"enable_ipv6":false,"extra_networks":[],"hostname":"tf-srv-amazing-mayer","id":"4e52e574-eb14-4651-b90a-64b74ad94f5b","image":{"arch":"x86_64","creation_date":"2023-06-28T12:44:51.423515+00:00","default_bootscript":null,"extra_volumes":{},"from_server":null,"id":"aef2a64e-d6d8-4b39-b00d-61ce2ddce2c8","modification_date":"2023-06-28T12:44:51.423515+00:00","name":"Ubuntu
      20.04 Focal Fossa","organization":"51b656e3-4865-41e8-adbc-0c45bdd780db","project":"51b656e3-4865-41e8-adbc-0c45bdd780db","public":true,"root_volume":{"id":"3cd60412-e478-4f16-ad7c-8290c6e1e8c8","name":"Ubuntu
      20.04 Focal Fossa","size":10000000000,"volume_type":"unified"},"state":"available","tags":[],"zone":"fr-par-1"},"ipv6":null,"location":null,"mac_address":"de:00:00:1c:fa:81","maintenances":[],"modification_date":"2023-07-12T09:55:11.039918+00:00","name":"tf-srv-amazing-mayer","organization":"564aa517-68b0-4fd7-8c8c-d21c4bcdcbd5","placement_group":null,"private_ip":null,"private_nics":[],"project":"564aa517-68b0-4fd7-8c8c-d21c4bcdcbd5","protected":false,"public_ip":null,"public_ips":[],"routed_ip_enabled":false,"security_group":{"id":"ac7c7160-8415-425b-8cf0-9976ee15ccd1","name":"Default
      security group"},"state":"stopped","state_detail":"","tags":[],"volumes":{"0":{"boot":false,"creation_date":"2023-07-12T09:53:30.066332+00:00","export_uri":null,"id":"6fd21478-4fcc-4a98-b775-9d77dec7d57b","modification_date":"2023-07-12T09:53:30.066332+00:00","name":"Ubuntu
      20.04 Focal Fossa","organization":"564aa517-68b0-4fd7-8c8c-d21c4bcdcbd5","project":"564aa517-68b0-4fd7-8c8c-d21c4bcdcbd5","server":{"id":"4e52e574-eb14-4651-b90a-64b74ad94f5b","name":"tf-srv-amazing-mayer"},"size":20000000000,"state":"available","tags":[],"volume_type":"l_ssd","zone":"fr-par-1"}},"zone":"fr-par-1"}}'
    headers:
      Content-Length:
      - "2622"
      Content-Security-Policy:
      - default-src 'none'; frame-ancestors 'none'
      Content-Type:
      - application/json
      Date:
      - Wed, 12 Jul 2023 09:55:12 GMT
      Server:
      - Scaleway API-Gateway
      Strict-Transport-Security:
      - max-age=63072000
      X-Content-Type-Options:
      - nosniff
      X-Frame-Options:
      - DENY
      X-Request-Id:
      - 743a1303-8493-43b0-8709-4fad32b78afd
    status: 200 OK
    code: 200
    duration: ""
- request:
    body: ""
    form: {}
    headers:
      User-Agent:
      - scaleway-sdk-go/v1.0.0-beta.7+dev (go1.20.4; darwin; amd64) terraform-provider/develop
        terraform/terraform-tests
    url: https://api.scaleway.com/instance/v1/zones/fr-par-1/servers/4e52e574-eb14-4651-b90a-64b74ad94f5b
    method: DELETE
  response:
    body: ""
    headers:
      Content-Security-Policy:
      - default-src 'none'; frame-ancestors 'none'
      Date:
      - Wed, 12 Jul 2023 09:55:12 GMT
      Server:
      - Scaleway API-Gateway
      Strict-Transport-Security:
      - max-age=63072000
      X-Content-Type-Options:
      - nosniff
      X-Frame-Options:
      - DENY
      X-Request-Id:
      - 8f05be83-5b18-4fae-9d83-9d242464fd51
    status: 204 No Content
    code: 204
    duration: ""
- request:
    body: ""
    form: {}
    headers:
      User-Agent:
      - scaleway-sdk-go/v1.0.0-beta.7+dev (go1.20.4; darwin; amd64) terraform-provider/develop
        terraform/terraform-tests
    url: https://api.scaleway.com/instance/v1/zones/fr-par-1/servers/4e52e574-eb14-4651-b90a-64b74ad94f5b
    method: GET
  response:
    body: '{"message":"\"4e52e574-eb14-4651-b90a-64b74ad94f5b\" not found","type":"unknown_resource"}'
    headers:
      Content-Length:
      - "93"
      Content-Security-Policy:
      - default-src 'none'; frame-ancestors 'none'
      Content-Type:
      - application/json
      Date:
      - Wed, 12 Jul 2023 09:55:13 GMT
      Server:
      - Scaleway API-Gateway
      Strict-Transport-Security:
      - max-age=63072000
      X-Content-Type-Options:
      - nosniff
      X-Frame-Options:
      - DENY
      X-Request-Id:
      - b59eac48-df06-47d4-808c-3571d83e0f6b
    status: 404 Not Found
    code: 404
    duration: ""
- request:
    body: ""
    form: {}
    headers:
      User-Agent:
      - scaleway-sdk-go/v1.0.0-beta.7+dev (go1.20.4; darwin; amd64) terraform-provider/develop
        terraform/terraform-tests
    url: https://api.scaleway.com/instance/v1/zones/fr-par-1/volumes/6fd21478-4fcc-4a98-b775-9d77dec7d57b
    method: DELETE
  response:
    body: ""
    headers:
      Content-Security-Policy:
      - default-src 'none'; frame-ancestors 'none'
      Date:
      - Wed, 12 Jul 2023 09:55:13 GMT
      Server:
      - Scaleway API-Gateway
      Strict-Transport-Security:
      - max-age=63072000
      X-Content-Type-Options:
      - nosniff
      X-Frame-Options:
      - DENY
      X-Request-Id:
      - 5fa8dc58-fb09-4d18-baf3-1bc19061833c
    status: 204 No Content
    code: 204
    duration: ""
- request:
    body: ""
    form: {}
    headers:
      User-Agent:
      - scaleway-sdk-go/v1.0.0-beta.7+dev (go1.20.4; darwin; amd64) terraform-provider/develop
        terraform/terraform-tests
    url: https://api.scaleway.com/instance/v1/zones/fr-par-1/servers/4e52e574-eb14-4651-b90a-64b74ad94f5b/private_nics/1180ba38-bb70-44a4-a199-797a99dd9dd4
    method: GET
  response:
    body: '{"message":"Private Nic \"1180ba38-bb70-44a4-a199-797a99dd9dd4\" or server
      \"4e52e574-eb14-4651-b90a-64b74ad94f5b\" not found","type":"unknown_resource"}'
    headers:
      Content-Length:
      - "156"
      Content-Security-Policy:
      - default-src 'none'; frame-ancestors 'none'
      Content-Type:
      - application/json
      Date:
      - Wed, 12 Jul 2023 09:55:13 GMT
      Server:
      - Scaleway API-Gateway
      Strict-Transport-Security:
      - max-age=63072000
      X-Content-Type-Options:
      - nosniff
      X-Frame-Options:
      - DENY
      X-Request-Id:
      - 9a4fee83-f3a3-491f-a86a-45e0e5a84410
    status: 404 Not Found
    code: 404
    duration: ""
