---
version: 1
interactions:
- request:
    body: '{"name":"tf-sg-charming-rhodes","project":"105bdce1-64c0-48ab-899d-868455867ecf","stateful":true,"inbound_default_policy":"accept","outbound_default_policy":"accept","enable_default_security":true}'
    form: {}
    headers:
      Content-Type:
      - application/json
      User-Agent:
      - scaleway-sdk-go/v1.0.0-beta.7+dev (go1.17.3; darwin; amd64) terraform-provider/develop
        terraform/terraform-tests
    url: https://api.scaleway.com/instance/v1/zones/fr-par-1/security_groups
    method: POST
  response:
    body: '{"security_group": {"id": "8f237152-1061-4f1c-8ca9-585e544c15a5", "creation_date":
      "2021-12-07T10:44:52.540286+00:00", "modification_date": "2021-12-07T10:44:52.540286+00:00",
      "name": "tf-sg-charming-rhodes", "description": null, "organization": "105bdce1-64c0-48ab-899d-868455867ecf",
      "project": "105bdce1-64c0-48ab-899d-868455867ecf", "servers": [], "stateful":
      true, "inbound_default_policy": "accept", "outbound_default_policy": "accept",
      "organization_default": false, "project_default": false, "enable_default_security":
      true, "state": "syncing", "zone": "fr-par-1"}}'
    headers:
      Content-Length:
      - "573"
      Content-Security-Policy:
      - default-src 'none'; frame-ancestors 'none'
      Content-Type:
      - application/json
      Date:
      - Tue, 07 Dec 2021 10:44:52 GMT
      Location:
      - https://api.scaleway.com/instance/v1/zones/fr-par-1/security_groups/8f237152-1061-4f1c-8ca9-585e544c15a5
      Server:
      - Scaleway API-Gateway
      Strict-Transport-Security:
      - max-age=63072000
      X-Content-Type-Options:
      - nosniff
      X-Frame-Options:
      - DENY
      X-Request-Id:
      - 797d075d-6838-4c69-94d7-7cc540af6685
    status: 201 Created
    code: 201
    duration: ""
- request:
    body: ""
    form: {}
    headers:
      User-Agent:
      - scaleway-sdk-go/v1.0.0-beta.7+dev (go1.17.3; darwin; amd64) terraform-provider/develop
        terraform/terraform-tests
    url: https://api.scaleway.com/instance/v1/zones/fr-par-1/security_groups/8f237152-1061-4f1c-8ca9-585e544c15a5
    method: GET
  response:
    body: '{"security_group": {"id": "8f237152-1061-4f1c-8ca9-585e544c15a5", "creation_date":
      "2021-12-07T10:44:52.540286+00:00", "modification_date": "2021-12-07T10:44:52.908989+00:00",
      "name": "tf-sg-charming-rhodes", "description": null, "organization": "105bdce1-64c0-48ab-899d-868455867ecf",
      "project": "105bdce1-64c0-48ab-899d-868455867ecf", "servers": [], "stateful":
      true, "inbound_default_policy": "accept", "outbound_default_policy": "accept",
      "organization_default": false, "project_default": false, "enable_default_security":
      true, "state": "available", "zone": "fr-par-1"}}'
    headers:
      Content-Length:
      - "575"
      Content-Security-Policy:
      - default-src 'none'; frame-ancestors 'none'
      Content-Type:
      - application/json
      Date:
      - Tue, 07 Dec 2021 10:44:53 GMT
      Server:
      - Scaleway API-Gateway
      Strict-Transport-Security:
      - max-age=63072000
      X-Content-Type-Options:
      - nosniff
      X-Frame-Options:
      - DENY
      X-Request-Id:
      - c6d70a88-c260-4a32-b193-d9e790b96e0c
    status: 200 OK
    code: 200
    duration: ""
- request:
    body: '{"name":"tf-sg-charming-rhodes","creation_date":"2021-12-07T10:44:52.540286Z","modification_date":"2021-12-07T10:44:52.908989Z","description":"","enable_default_security":true,"inbound_default_policy":"accept","outbound_default_policy":"accept","organization":"105bdce1-64c0-48ab-899d-868455867ecf","project":"105bdce1-64c0-48ab-899d-868455867ecf","organization_default":false,"project_default":false,"servers":[],"stateful":true}'
    form: {}
    headers:
      Content-Type:
      - application/json
      User-Agent:
      - scaleway-sdk-go/v1.0.0-beta.7+dev (go1.17.3; darwin; amd64) terraform-provider/develop
        terraform/terraform-tests
    url: https://api.scaleway.com/instance/v1/zones/fr-par-1/security_groups/8f237152-1061-4f1c-8ca9-585e544c15a5
    method: PUT
  response:
    body: '{"security_group": {"id": "8f237152-1061-4f1c-8ca9-585e544c15a5", "creation_date":
      "2021-12-07T10:44:52.540286+00:00", "modification_date": "2021-12-07T10:44:53.290201+00:00",
      "name": "tf-sg-charming-rhodes", "description": "", "organization": "105bdce1-64c0-48ab-899d-868455867ecf",
      "project": "105bdce1-64c0-48ab-899d-868455867ecf", "servers": [], "stateful":
      true, "inbound_default_policy": "accept", "outbound_default_policy": "accept",
      "organization_default": false, "project_default": false, "enable_default_security":
      true, "state": "syncing", "zone": "fr-par-1"}}'
    headers:
      Content-Length:
      - "571"
      Content-Security-Policy:
      - default-src 'none'; frame-ancestors 'none'
      Content-Type:
      - application/json
      Date:
      - Tue, 07 Dec 2021 10:44:53 GMT
      Server:
      - Scaleway API-Gateway
      Strict-Transport-Security:
      - max-age=63072000
      X-Content-Type-Options:
      - nosniff
      X-Frame-Options:
      - DENY
      X-Request-Id:
      - c50a7bf3-db86-4316-8738-3e831cf0a1a5
    status: 200 OK
    code: 200
    duration: ""
- request:
    body: ""
    form: {}
    headers:
      User-Agent:
      - scaleway-sdk-go/v1.0.0-beta.7+dev (go1.17.3; darwin; amd64) terraform-provider/develop
        terraform/terraform-tests
    url: https://api.scaleway.com/instance/v1/zones/fr-par-1/security_groups/8f237152-1061-4f1c-8ca9-585e544c15a5/rules?page=1
    method: GET
  response:
    body: '{"rules": [{"id": "58909be7-d17c-4ac8-9eb3-23d5fc58abc5", "protocol": "TCP",
      "direction": "outbound", "ip_range": "0.0.0.0/0", "dest_port_from": 25, "dest_port_to":
      null, "position": 1, "editable": false, "action": "drop", "zone": "fr-par-1"},
      {"id": "25680235-108b-4bbc-8e25-114303d950bd", "protocol": "TCP", "direction":
      "outbound", "ip_range": "0.0.0.0/0", "dest_port_from": 465, "dest_port_to":
      null, "position": 2, "editable": false, "action": "drop", "zone": "fr-par-1"},
      {"id": "4a31b633-118e-4900-bd52-facf1085fc8d", "protocol": "TCP", "direction":
      "outbound", "ip_range": "0.0.0.0/0", "dest_port_from": 587, "dest_port_to":
      null, "position": 3, "editable": false, "action": "drop", "zone": "fr-par-1"},
      {"id": "e7dd28e8-3747-4c7c-9a4f-35ae3f0ae2cd", "protocol": "TCP", "direction":
      "outbound", "ip_range": "::/0", "dest_port_from": 25, "dest_port_to": null,
      "position": 4, "editable": false, "action": "drop", "zone": "fr-par-1"}, {"id":
      "f37d9e7c-8ed7-4e0f-baff-7f5e7ede0baf", "protocol": "TCP", "direction": "outbound",
      "ip_range": "::/0", "dest_port_from": 465, "dest_port_to": null, "position":
      5, "editable": false, "action": "drop", "zone": "fr-par-1"}, {"id": "68054851-54e3-46c9-9cd7-83219751248b",
      "protocol": "TCP", "direction": "outbound", "ip_range": "::/0", "dest_port_from":
      587, "dest_port_to": null, "position": 6, "editable": false, "action": "drop",
      "zone": "fr-par-1"}]}'
    headers:
      Content-Length:
      - "1398"
      Content-Security-Policy:
      - default-src 'none'; frame-ancestors 'none'
      Content-Type:
      - application/json
      Date:
      - Tue, 07 Dec 2021 10:44:53 GMT
      Server:
      - Scaleway API-Gateway
      Strict-Transport-Security:
      - max-age=63072000
      X-Content-Type-Options:
      - nosniff
      X-Frame-Options:
      - DENY
      X-Request-Id:
      - 1a003fe4-acaf-4b37-bda8-c2bb71ac5367
    status: 200 OK
    code: 200
    duration: ""
- request:
    body: '{"protocol":"ANY","direction":"inbound","action":"drop","ip_range":"1.1.1.1/32"}'
    form: {}
    headers:
      Content-Type:
      - application/json
      User-Agent:
      - scaleway-sdk-go/v1.0.0-beta.7+dev (go1.17.3; darwin; amd64) terraform-provider/develop
        terraform/terraform-tests
    url: https://api.scaleway.com/instance/v1/zones/fr-par-1/security_groups/8f237152-1061-4f1c-8ca9-585e544c15a5/rules
    method: POST
  response:
    body: '{"rule": {"id": "35e04ef2-0c84-4d76-8ae8-c3cdaa787db7", "protocol": "ANY",
      "direction": "inbound", "ip_range": "1.1.1.1", "dest_port_from": null, "dest_port_to":
      null, "position": 1, "editable": null, "action": "drop", "zone": "fr-par-1"}}'
    headers:
      Content-Length:
      - "239"
      Content-Security-Policy:
      - default-src 'none'; frame-ancestors 'none'
      Content-Type:
      - application/json
      Date:
      - Tue, 07 Dec 2021 10:44:54 GMT
      Location:
      - https://api.scaleway.com/instance/v1/zones/fr-par-1/security_groups/8f237152-1061-4f1c-8ca9-585e544c15a5/rules/35e04ef2-0c84-4d76-8ae8-c3cdaa787db7
      Server:
      - Scaleway API-Gateway
      Strict-Transport-Security:
      - max-age=63072000
      X-Content-Type-Options:
      - nosniff
      X-Frame-Options:
      - DENY
      X-Request-Id:
      - f811c2b8-97d5-403a-8850-91b53573e98e
    status: 201 Created
    code: 201
    duration: ""
- request:
    body: '{"protocol":"ANY","direction":"inbound","action":"drop","ip_range":"2.2.2.2/32"}'
    form: {}
    headers:
      Content-Type:
      - application/json
      User-Agent:
      - scaleway-sdk-go/v1.0.0-beta.7+dev (go1.17.3; darwin; amd64) terraform-provider/develop
        terraform/terraform-tests
    url: https://api.scaleway.com/instance/v1/zones/fr-par-1/security_groups/8f237152-1061-4f1c-8ca9-585e544c15a5/rules
    method: POST
  response:
    body: '{"rule": {"id": "f8d34f0d-5121-4639-ab0f-576b5434c040", "protocol": "ANY",
      "direction": "inbound", "ip_range": "2.2.2.2", "dest_port_from": null, "dest_port_to":
      null, "position": 2, "editable": null, "action": "drop", "zone": "fr-par-1"}}'
    headers:
      Content-Length:
      - "239"
      Content-Security-Policy:
      - default-src 'none'; frame-ancestors 'none'
      Content-Type:
      - application/json
      Date:
      - Tue, 07 Dec 2021 10:44:54 GMT
      Location:
      - https://api.scaleway.com/instance/v1/zones/fr-par-1/security_groups/8f237152-1061-4f1c-8ca9-585e544c15a5/rules/f8d34f0d-5121-4639-ab0f-576b5434c040
      Server:
      - Scaleway API-Gateway
      Strict-Transport-Security:
      - max-age=63072000
      X-Content-Type-Options:
      - nosniff
      X-Frame-Options:
      - DENY
      X-Request-Id:
      - 20eba289-16bd-420c-9ff9-06027b0082fa
    status: 201 Created
    code: 201
    duration: ""
- request:
    body: '{"protocol":"ANY","direction":"inbound","action":"drop","ip_range":"3.3.3.3/32"}'
    form: {}
    headers:
      Content-Type:
      - application/json
      User-Agent:
      - scaleway-sdk-go/v1.0.0-beta.7+dev (go1.17.3; darwin; amd64) terraform-provider/develop
        terraform/terraform-tests
    url: https://api.scaleway.com/instance/v1/zones/fr-par-1/security_groups/8f237152-1061-4f1c-8ca9-585e544c15a5/rules
    method: POST
  response:
    body: '{"rule": {"id": "4814a0d8-02f4-49dc-baae-7ce96c1b6f95", "protocol": "ANY",
      "direction": "inbound", "ip_range": "3.3.3.3", "dest_port_from": null, "dest_port_to":
      null, "position": 3, "editable": null, "action": "drop", "zone": "fr-par-1"}}'
    headers:
      Content-Length:
      - "239"
      Content-Security-Policy:
      - default-src 'none'; frame-ancestors 'none'
      Content-Type:
      - application/json
      Date:
      - Tue, 07 Dec 2021 10:44:55 GMT
      Location:
      - https://api.scaleway.com/instance/v1/zones/fr-par-1/security_groups/8f237152-1061-4f1c-8ca9-585e544c15a5/rules/4814a0d8-02f4-49dc-baae-7ce96c1b6f95
      Server:
      - Scaleway API-Gateway
      Strict-Transport-Security:
      - max-age=63072000
      X-Content-Type-Options:
      - nosniff
      X-Frame-Options:
      - DENY
      X-Request-Id:
      - fec0bff0-9f58-48a3-af7e-50b784547f83
    status: 201 Created
    code: 201
    duration: ""
- request:
    body: ""
    form: {}
    headers:
      User-Agent:
      - scaleway-sdk-go/v1.0.0-beta.7+dev (go1.17.3; darwin; amd64) terraform-provider/develop
        terraform/terraform-tests
    url: https://api.scaleway.com/instance/v1/zones/fr-par-1/security_groups/8f237152-1061-4f1c-8ca9-585e544c15a5
    method: GET
  response:
    body: '{"security_group": {"id": "8f237152-1061-4f1c-8ca9-585e544c15a5", "creation_date":
      "2021-12-07T10:44:52.540286+00:00", "modification_date": "2021-12-07T10:44:55.234331+00:00",
      "name": "tf-sg-charming-rhodes", "description": "", "organization": "105bdce1-64c0-48ab-899d-868455867ecf",
      "project": "105bdce1-64c0-48ab-899d-868455867ecf", "servers": [], "stateful":
      true, "inbound_default_policy": "accept", "outbound_default_policy": "accept",
      "organization_default": false, "project_default": false, "enable_default_security":
      true, "state": "available", "zone": "fr-par-1"}}'
    headers:
      Content-Length:
      - "573"
      Content-Security-Policy:
      - default-src 'none'; frame-ancestors 'none'
      Content-Type:
      - application/json
      Date:
      - Tue, 07 Dec 2021 10:44:55 GMT
      Server:
      - Scaleway API-Gateway
      Strict-Transport-Security:
      - max-age=63072000
      X-Content-Type-Options:
      - nosniff
      X-Frame-Options:
      - DENY
      X-Request-Id:
      - 818ea186-c34b-4b38-9d22-1182d83ed17c
    status: 200 OK
    code: 200
    duration: ""
- request:
    body: ""
    form: {}
    headers:
      User-Agent:
      - scaleway-sdk-go/v1.0.0-beta.7+dev (go1.17.3; darwin; amd64) terraform-provider/develop
        terraform/terraform-tests
    url: https://api.scaleway.com/instance/v1/zones/fr-par-1/security_groups/8f237152-1061-4f1c-8ca9-585e544c15a5/rules?page=1
    method: GET
  response:
    body: '{"rules": [{"id": "58909be7-d17c-4ac8-9eb3-23d5fc58abc5", "protocol": "TCP",
      "direction": "outbound", "ip_range": "0.0.0.0/0", "dest_port_from": 25, "dest_port_to":
      null, "position": 1, "editable": false, "action": "drop", "zone": "fr-par-1"},
      {"id": "25680235-108b-4bbc-8e25-114303d950bd", "protocol": "TCP", "direction":
      "outbound", "ip_range": "0.0.0.0/0", "dest_port_from": 465, "dest_port_to":
      null, "position": 2, "editable": false, "action": "drop", "zone": "fr-par-1"},
      {"id": "4a31b633-118e-4900-bd52-facf1085fc8d", "protocol": "TCP", "direction":
      "outbound", "ip_range": "0.0.0.0/0", "dest_port_from": 587, "dest_port_to":
      null, "position": 3, "editable": false, "action": "drop", "zone": "fr-par-1"},
      {"id": "e7dd28e8-3747-4c7c-9a4f-35ae3f0ae2cd", "protocol": "TCP", "direction":
      "outbound", "ip_range": "::/0", "dest_port_from": 25, "dest_port_to": null,
      "position": 4, "editable": false, "action": "drop", "zone": "fr-par-1"}, {"id":
      "f37d9e7c-8ed7-4e0f-baff-7f5e7ede0baf", "protocol": "TCP", "direction": "outbound",
      "ip_range": "::/0", "dest_port_from": 465, "dest_port_to": null, "position":
      5, "editable": false, "action": "drop", "zone": "fr-par-1"}, {"id": "68054851-54e3-46c9-9cd7-83219751248b",
      "protocol": "TCP", "direction": "outbound", "ip_range": "::/0", "dest_port_from":
      587, "dest_port_to": null, "position": 6, "editable": false, "action": "drop",
      "zone": "fr-par-1"}, {"id": "35e04ef2-0c84-4d76-8ae8-c3cdaa787db7", "protocol":
      "ANY", "direction": "inbound", "ip_range": "1.1.1.1", "dest_port_from": null,
      "dest_port_to": null, "position": 1, "editable": true, "action": "drop", "zone":
      "fr-par-1"}, {"id": "f8d34f0d-5121-4639-ab0f-576b5434c040", "protocol": "ANY",
      "direction": "inbound", "ip_range": "2.2.2.2", "dest_port_from": null, "dest_port_to":
      null, "position": 2, "editable": true, "action": "drop", "zone": "fr-par-1"},
      {"id": "4814a0d8-02f4-49dc-baae-7ce96c1b6f95", "protocol": "ANY", "direction":
      "inbound", "ip_range": "3.3.3.3", "dest_port_from": null, "dest_port_to": null,
      "position": 3, "editable": true, "action": "drop", "zone": "fr-par-1"}]}'
    headers:
      Content-Length:
      - "2091"
      Content-Security-Policy:
      - default-src 'none'; frame-ancestors 'none'
      Content-Type:
      - application/json
      Date:
      - Tue, 07 Dec 2021 10:44:55 GMT
      Server:
      - Scaleway API-Gateway
      Strict-Transport-Security:
      - max-age=63072000
      X-Content-Type-Options:
      - nosniff
      X-Frame-Options:
      - DENY
      X-Request-Id:
      - 94a344f5-b784-4526-a1ef-bf1fbb3d9547
    status: 200 OK
    code: 200
    duration: ""
- request:
    body: ""
    form: {}
    headers:
      User-Agent:
      - scaleway-sdk-go/v1.0.0-beta.7+dev (go1.17.3; darwin; amd64) terraform-provider/develop
        terraform/terraform-tests
    url: https://api.scaleway.com/instance/v1/zones/fr-par-1/security_groups/8f237152-1061-4f1c-8ca9-585e544c15a5
    method: GET
  response:
    body: '{"security_group": {"id": "8f237152-1061-4f1c-8ca9-585e544c15a5", "creation_date":
      "2021-12-07T10:44:52.540286+00:00", "modification_date": "2021-12-07T10:44:55.234331+00:00",
      "name": "tf-sg-charming-rhodes", "description": "", "organization": "105bdce1-64c0-48ab-899d-868455867ecf",
      "project": "105bdce1-64c0-48ab-899d-868455867ecf", "servers": [], "stateful":
      true, "inbound_default_policy": "accept", "outbound_default_policy": "accept",
      "organization_default": false, "project_default": false, "enable_default_security":
      true, "state": "available", "zone": "fr-par-1"}}'
    headers:
      Content-Length:
      - "573"
      Content-Security-Policy:
      - default-src 'none'; frame-ancestors 'none'
      Content-Type:
      - application/json
      Date:
      - Tue, 07 Dec 2021 10:44:56 GMT
      Server:
      - Scaleway API-Gateway
      Strict-Transport-Security:
      - max-age=63072000
      X-Content-Type-Options:
      - nosniff
      X-Frame-Options:
      - DENY
      X-Request-Id:
      - 4e079884-c45d-4344-baa8-5425ef3e13c8
    status: 200 OK
    code: 200
    duration: ""
- request:
    body: ""
    form: {}
    headers:
      User-Agent:
      - scaleway-sdk-go/v1.0.0-beta.7+dev (go1.17.3; darwin; amd64) terraform-provider/develop
        terraform/terraform-tests
    url: https://api.scaleway.com/instance/v1/zones/fr-par-1/security_groups/8f237152-1061-4f1c-8ca9-585e544c15a5/rules?page=1
    method: GET
  response:
    body: '{"rules": [{"id": "58909be7-d17c-4ac8-9eb3-23d5fc58abc5", "protocol": "TCP",
      "direction": "outbound", "ip_range": "0.0.0.0/0", "dest_port_from": 25, "dest_port_to":
      null, "position": 1, "editable": false, "action": "drop", "zone": "fr-par-1"},
      {"id": "25680235-108b-4bbc-8e25-114303d950bd", "protocol": "TCP", "direction":
      "outbound", "ip_range": "0.0.0.0/0", "dest_port_from": 465, "dest_port_to":
      null, "position": 2, "editable": false, "action": "drop", "zone": "fr-par-1"},
      {"id": "4a31b633-118e-4900-bd52-facf1085fc8d", "protocol": "TCP", "direction":
      "outbound", "ip_range": "0.0.0.0/0", "dest_port_from": 587, "dest_port_to":
      null, "position": 3, "editable": false, "action": "drop", "zone": "fr-par-1"},
      {"id": "e7dd28e8-3747-4c7c-9a4f-35ae3f0ae2cd", "protocol": "TCP", "direction":
      "outbound", "ip_range": "::/0", "dest_port_from": 25, "dest_port_to": null,
      "position": 4, "editable": false, "action": "drop", "zone": "fr-par-1"}, {"id":
      "f37d9e7c-8ed7-4e0f-baff-7f5e7ede0baf", "protocol": "TCP", "direction": "outbound",
      "ip_range": "::/0", "dest_port_from": 465, "dest_port_to": null, "position":
      5, "editable": false, "action": "drop", "zone": "fr-par-1"}, {"id": "68054851-54e3-46c9-9cd7-83219751248b",
      "protocol": "TCP", "direction": "outbound", "ip_range": "::/0", "dest_port_from":
      587, "dest_port_to": null, "position": 6, "editable": false, "action": "drop",
      "zone": "fr-par-1"}, {"id": "35e04ef2-0c84-4d76-8ae8-c3cdaa787db7", "protocol":
      "ANY", "direction": "inbound", "ip_range": "1.1.1.1", "dest_port_from": null,
      "dest_port_to": null, "position": 1, "editable": true, "action": "drop", "zone":
      "fr-par-1"}, {"id": "f8d34f0d-5121-4639-ab0f-576b5434c040", "protocol": "ANY",
      "direction": "inbound", "ip_range": "2.2.2.2", "dest_port_from": null, "dest_port_to":
      null, "position": 2, "editable": true, "action": "drop", "zone": "fr-par-1"},
      {"id": "4814a0d8-02f4-49dc-baae-7ce96c1b6f95", "protocol": "ANY", "direction":
      "inbound", "ip_range": "3.3.3.3", "dest_port_from": null, "dest_port_to": null,
      "position": 3, "editable": true, "action": "drop", "zone": "fr-par-1"}]}'
    headers:
      Content-Length:
      - "2091"
      Content-Security-Policy:
      - default-src 'none'; frame-ancestors 'none'
      Content-Type:
      - application/json
      Date:
      - Tue, 07 Dec 2021 10:44:56 GMT
      Server:
      - Scaleway API-Gateway
      Strict-Transport-Security:
      - max-age=63072000
      X-Content-Type-Options:
      - nosniff
      X-Frame-Options:
      - DENY
      X-Request-Id:
      - c3aece94-8b85-423a-b057-097d6c84d339
    status: 200 OK
    code: 200
    duration: ""
- request:
    body: ""
    form: {}
    headers:
      User-Agent:
      - scaleway-sdk-go/v1.0.0-beta.7+dev (go1.17.3; darwin; amd64) terraform-provider/develop
        terraform/terraform-tests
    url: https://api.scaleway.com/instance/v1/zones/fr-par-1/security_groups/8f237152-1061-4f1c-8ca9-585e544c15a5
    method: DELETE
  response:
    body: ""
    headers:
      Content-Security-Policy:
      - default-src 'none'; frame-ancestors 'none'
      Date:
      - Tue, 07 Dec 2021 10:44:57 GMT
      Server:
      - Scaleway API-Gateway
      Strict-Transport-Security:
      - max-age=63072000
      X-Content-Type-Options:
      - nosniff
      X-Frame-Options:
      - DENY
      X-Request-Id:
      - 0825e2d3-aacc-43e7-8e4b-969f9f20ce9f
    status: 204 No Content
    code: 204
    duration: ""
- request:
    body: ""
    form: {}
    headers:
      User-Agent:
      - scaleway-sdk-go/v1.0.0-beta.7+dev (go1.17.3; darwin; amd64) terraform-provider/develop
        terraform/terraform-tests
    url: https://api.scaleway.com/instance/v1/zones/fr-par-1/security_groups/8f237152-1061-4f1c-8ca9-585e544c15a5
    method: GET
  response:
    body: '{"type": "unknown_resource", "message": "Security group \"8f237152-1061-4f1c-8ca9-585e544c15a5\"
      not found"}'
    headers:
      Content-Length:
      - "108"
      Content-Security-Policy:
      - default-src 'none'; frame-ancestors 'none'
      Content-Type:
      - application/json
      Date:
      - Tue, 07 Dec 2021 10:44:57 GMT
      Server:
      - Scaleway API-Gateway
      Strict-Transport-Security:
      - max-age=63072000
      X-Content-Type-Options:
      - nosniff
      X-Frame-Options:
      - DENY
      X-Request-Id:
      - 0f746339-7a2b-42c1-9162-992a2ca4b9fb
    status: 404 Not Found
    code: 404
    duration: ""
