---
version: 1
interactions:
- request:
    body: ""
    form: {}
    headers:
      User-Agent:
      - scaleway-sdk-go/v1.0.0-beta.7+dev (go1.19.1; linux; amd64) terraform-provider/develop
        terraform/terraform-tests
    url: https://api.scaleway.com/marketplace/v2/local-images?image_label=ubuntu_focal&order_by=created_at_asc&zone=fr-par-1
    method: GET
  response:
    body: '{"local_images":[{"arch":"x86_64","compatible_commercial_types":["DEV1-L","DEV1-M","DEV1-S","DEV1-XL","ENT1-2XL","ENT1-L","ENT1-M","ENT1-S","ENT1-XL","ENT1-XS","ENT1-XXS","GP1-L","GP1-M","GP1-S","GP1-VIZ","GP1-XL","GP1-XS","PLAY2-MICRO","PLAY2-NANO","PLAY2-PICO","PRO2-L","PRO2-M","PRO2-S","PRO2-XS","PRO2-XXS","RENDER-S","STARDUST1-S","START1-L","START1-M","START1-S","START1-XS","VC1L","VC1M","VC1S","X64-120GB","X64-15GB","X64-30GB","X64-60GB"],"id":"d318f34b-1044-482a-afe3-1be349690a13","label":"ubuntu_focal","zone":"fr-par-1"}],"total_count":1}'
    headers:
      Content-Length:
      - "593"
      Content-Security-Policy:
      - default-src 'none'; frame-ancestors 'none'
      Content-Type:
      - application/json
      Date:
      - Tue, 14 Feb 2023 13:37:29 GMT
      Server:
      - Scaleway API-Gateway
      Strict-Transport-Security:
      - max-age=63072000
      X-Content-Type-Options:
      - nosniff
      X-Frame-Options:
      - DENY
      X-Request-Id:
      - f7609219-83b8-4b85-a972-94ff2d55ba1c
    status: 200 OK
    code: 200
    duration: ""
- request:
    body: ""
    form: {}
    headers:
      User-Agent:
      - scaleway-sdk-go/v1.0.0-beta.7+dev (go1.19.1; linux; amd64) terraform-provider/develop
        terraform/terraform-tests
    url: https://api.scaleway.com/instance/v1/zones/fr-par-1/products/servers
    method: GET
  response:
    body: '{"servers":{"DEV1-L":{"alt_names":[],"arch":"x86_64","baremetal":false,"capabilities":{"block_storage":true,"boot_types":["bootscript","rescue","local"],"default_boot_type":"local","hot_snapshots_local_volume":true,"placement_groups":true,"private_network":8},"gpu":0,"hourly_price":0.04952,"monthly_price":36.1496,"ncpus":4,"network":{"interfaces":[{"internal_bandwidth":400000000,"internet_bandwidth":null},{"internal_bandwidth":null,"internet_bandwidth":400000000}],"ipv6_support":true,"sum_internal_bandwidth":400000000,"sum_internet_bandwidth":400000000},"per_volume_constraint":{"l_ssd":{"max_size":800000000000,"min_size":1000000000}},"ram":8589934592,"volumes_constraint":{"max_size":80000000000,"min_size":0}},"DEV1-M":{"alt_names":[],"arch":"x86_64","baremetal":false,"capabilities":{"block_storage":true,"boot_types":["bootscript","rescue","local"],"default_boot_type":"local","hot_snapshots_local_volume":true,"placement_groups":true,"private_network":8},"gpu":0,"hourly_price":0.02556,"monthly_price":18.6588,"ncpus":3,"network":{"interfaces":[{"internal_bandwidth":300000000,"internet_bandwidth":null},{"internal_bandwidth":null,"internet_bandwidth":300000000}],"ipv6_support":true,"sum_internal_bandwidth":300000000,"sum_internet_bandwidth":300000000},"per_volume_constraint":{"l_ssd":{"max_size":800000000000,"min_size":1000000000}},"ram":4294967296,"volumes_constraint":{"max_size":40000000000,"min_size":0}},"DEV1-S":{"alt_names":[],"arch":"x86_64","baremetal":false,"capabilities":{"block_storage":true,"boot_types":["bootscript","rescue","local"],"default_boot_type":"local","hot_snapshots_local_volume":true,"placement_groups":true,"private_network":8},"gpu":0,"hourly_price":0.01368,"monthly_price":9.9864,"ncpus":2,"network":{"interfaces":[{"internal_bandwidth":200000000,"internet_bandwidth":null},{"internal_bandwidth":null,"internet_bandwidth":200000000}],"ipv6_support":true,"sum_internal_bandwidth":200000000,"sum_internet_bandwidth":200000000},"per_volume_constraint":{"l_ssd":{"max_size":800000000000,"min_size":1000000000}},"ram":2147483648,"volumes_constraint":{"max_size":20000000000,"min_size":0}},"DEV1-XL":{"alt_names":[],"arch":"x86_64","baremetal":false,"capabilities":{"block_storage":true,"boot_types":["bootscript","rescue","local"],"default_boot_type":"local","hot_snapshots_local_volume":true,"placement_groups":true,"private_network":8},"gpu":0,"hourly_price":0.07308,"monthly_price":53.3484,"ncpus":4,"network":{"interfaces":[{"internal_bandwidth":500000000,"internet_bandwidth":null},{"internal_bandwidth":null,"internet_bandwidth":500000000}],"ipv6_support":true,"sum_internal_bandwidth":500000000,"sum_internet_bandwidth":500000000},"per_volume_constraint":{"l_ssd":{"max_size":800000000000,"min_size":1000000000}},"ram":12884901888,"volumes_constraint":{"max_size":120000000000,"min_size":0}},"ENT1-2XL":{"alt_names":[],"arch":"x86_64","baremetal":false,"capabilities":{"block_storage":true,"boot_types":["rescue","local"],"default_boot_type":"local","hot_snapshots_local_volume":false,"placement_groups":true,"private_network":8},"gpu":0,"hourly_price":3.53,"monthly_price":2576.9,"ncpus":96,"network":{"interfaces":[{"internal_bandwidth":20000000000,"internet_bandwidth":null},{"internal_bandwidth":null,"internet_bandwidth":20000000000}],"ipv6_support":true,"sum_internal_bandwidth":20000000000,"sum_internet_bandwidth":20000000000},"per_volume_constraint":{"l_ssd":{"max_size":0,"min_size":0}},"ram":412316860416,"volumes_constraint":{"max_size":0,"min_size":0}},"ENT1-L":{"alt_names":[],"arch":"x86_64","baremetal":false,"capabilities":{"block_storage":true,"boot_types":["rescue","local"],"default_boot_type":"local","hot_snapshots_local_volume":false,"placement_groups":true,"private_network":8},"gpu":0,"hourly_price":1.18,"monthly_price":861.4,"ncpus":32,"network":{"interfaces":[{"internal_bandwidth":6400000000,"internet_bandwidth":null},{"internal_bandwidth":null,"internet_bandwidth":6400000000}],"ipv6_support":true,"sum_internal_bandwidth":6400000000,"sum_internet_bandwidth":6400000000},"per_volume_constraint":{"l_ssd":{"max_size":0,"min_size":0}},"ram":137438953472,"volumes_constraint":{"max_size":0,"min_size":0}},"ENT1-M":{"alt_names":[],"arch":"x86_64","baremetal":false,"capabilities":{"block_storage":true,"boot_types":["rescue","local"],"default_boot_type":"local","hot_snapshots_local_volume":false,"placement_groups":true,"private_network":8},"gpu":0,"hourly_price":0.59,"monthly_price":430.7,"ncpus":16,"network":{"interfaces":[{"internal_bandwidth":3200000000,"internet_bandwidth":null},{"internal_bandwidth":null,"internet_bandwidth":3200000000}],"ipv6_support":true,"sum_internal_bandwidth":3200000000,"sum_internet_bandwidth":3200000000},"per_volume_constraint":{"l_ssd":{"max_size":0,"min_size":0}},"ram":68719476736,"volumes_constraint":{"max_size":0,"min_size":0}},"ENT1-S":{"alt_names":[],"arch":"x86_64","baremetal":false,"capabilities":{"block_storage":true,"boot_types":["rescue","local"],"default_boot_type":"local","hot_snapshots_local_volume":false,"placement_groups":true,"private_network":8},"gpu":0,"hourly_price":0.29,"monthly_price":211.7,"ncpus":8,"network":{"interfaces":[{"internal_bandwidth":1600000000,"internet_bandwidth":null},{"internal_bandwidth":null,"internet_bandwidth":1600000000}],"ipv6_support":true,"sum_internal_bandwidth":1600000000,"sum_internet_bandwidth":1600000000},"per_volume_constraint":{"l_ssd":{"max_size":0,"min_size":0}},"ram":34359738368,"volumes_constraint":{"max_size":0,"min_size":0}},"ENT1-XL":{"alt_names":[],"arch":"x86_64","baremetal":false,"capabilities":{"block_storage":true,"boot_types":["rescue","local"],"default_boot_type":"local","hot_snapshots_local_volume":false,"placement_groups":true,"private_network":8},"gpu":0,"hourly_price":2.35,"monthly_price":1715.5,"ncpus":64,"network":{"interfaces":[{"internal_bandwidth":12800000000,"internet_bandwidth":null},{"internal_bandwidth":null,"internet_bandwidth":12800000000}],"ipv6_support":true,"sum_internal_bandwidth":12800000000,"sum_internet_bandwidth":12800000000},"per_volume_constraint":{"l_ssd":{"max_size":0,"min_size":0}},"ram":274877906944,"volumes_constraint":{"max_size":0,"min_size":0}},"ENT1-XS":{"alt_names":[],"arch":"x86_64","baremetal":false,"capabilities":{"block_storage":true,"boot_types":["rescue","local"],"default_boot_type":"local","hot_snapshots_local_volume":false,"placement_groups":true,"private_network":8},"gpu":0,"hourly_price":0.147,"monthly_price":107.31,"ncpus":4,"network":{"interfaces":[{"internal_bandwidth":800000000,"internet_bandwidth":null},{"internal_bandwidth":null,"internet_bandwidth":800000000}],"ipv6_support":true,"sum_internal_bandwidth":800000000,"sum_internet_bandwidth":800000000},"per_volume_constraint":{"l_ssd":{"max_size":0,"min_size":0}},"ram":17179869184,"volumes_constraint":{"max_size":0,"min_size":0}},"ENT1-XXS":{"alt_names":[],"arch":"x86_64","baremetal":false,"capabilities":{"block_storage":true,"boot_types":["rescue","local"],"default_boot_type":"local","hot_snapshots_local_volume":false,"placement_groups":true,"private_network":8},"gpu":0,"hourly_price":0.0735,"monthly_price":53.655,"ncpus":2,"network":{"interfaces":[{"internal_bandwidth":400000000,"internet_bandwidth":null},{"internal_bandwidth":null,"internet_bandwidth":400000000}],"ipv6_support":true,"sum_internal_bandwidth":400000000,"sum_internet_bandwidth":400000000},"per_volume_constraint":{"l_ssd":{"max_size":0,"min_size":0}},"ram":8589934592,"volumes_constraint":{"max_size":0,"min_size":0}},"GP1-L":{"alt_names":[],"arch":"x86_64","baremetal":false,"capabilities":{"block_storage":true,"boot_types":["bootscript","rescue","local"],"default_boot_type":"local","hot_snapshots_local_volume":true,"placement_groups":true,"private_network":8},"gpu":0,"hourly_price":0.7894,"monthly_price":576.262,"ncpus":32,"network":{"interfaces":[{"internal_bandwidth":5000000000,"internet_bandwidth":null},{"internal_bandwidth":null,"internet_bandwidth":5000000000}],"ipv6_support":true,"sum_internal_bandwidth":5000000000,"sum_internet_bandwidth":5000000000},"per_volume_constraint":{"l_ssd":{"max_size":800000000000,"min_size":1000000000}},"ram":137438953472,"volumes_constraint":{"max_size":600000000000,"min_size":0}},"GP1-M":{"alt_names":[],"arch":"x86_64","baremetal":false,"capabilities":{"block_storage":true,"boot_types":["bootscript","rescue","local"],"default_boot_type":"local","hot_snapshots_local_volume":true,"placement_groups":true,"private_network":8},"gpu":0,"hourly_price":0.4064,"monthly_price":296.672,"ncpus":16,"network":{"interfaces":[{"internal_bandwidth":1500000000,"internet_bandwidth":null},{"internal_bandwidth":null,"internet_bandwidth":1500000000}],"ipv6_support":true,"sum_internal_bandwidth":1500000000,"sum_internet_bandwidth":1500000000},"per_volume_constraint":{"l_ssd":{"max_size":800000000000,"min_size":1000000000}},"ram":68719476736,"volumes_constraint":{"max_size":600000000000,"min_size":0}},"GP1-S":{"alt_names":[],"arch":"x86_64","baremetal":false,"capabilities":{"block_storage":true,"boot_types":["bootscript","rescue","local"],"default_boot_type":"local","hot_snapshots_local_volume":true,"placement_groups":true,"private_network":8},"gpu":0,"hourly_price":0.2042,"monthly_price":149.066,"ncpus":8,"network":{"interfaces":[{"internal_bandwidth":800000000,"internet_bandwidth":null},{"internal_bandwidth":null,"internet_bandwidth":800000000}],"ipv6_support":true,"sum_internal_bandwidth":800000000,"sum_internet_bandwidth":800000000},"per_volume_constraint":{"l_ssd":{"max_size":800000000000,"min_size":1000000000}},"ram":34359738368,"volumes_constraint":{"max_size":300000000000,"min_size":0}},"GP1-VIZ":{"alt_names":[],"arch":"x86_64","baremetal":false,"capabilities":{"block_storage":true,"boot_types":["bootscript","rescue","local"],"default_boot_type":"local","hot_snapshots_local_volume":true,"placement_groups":true,"private_network":8},"gpu":0,"hourly_price":0.1,"monthly_price":72,"ncpus":8,"network":{"interfaces":[{"internal_bandwidth":500000000,"internet_bandwidth":null},{"internal_bandwidth":null,"internet_bandwidth":500000000}],"ipv6_support":true,"sum_internal_bandwidth":500000000,"sum_internet_bandwidth":500000000},"per_volume_constraint":{"l_ssd":{"max_size":800000000000,"min_size":1000000000}},"ram":34359738368,"volumes_constraint":{"max_size":300000000000,"min_size":0}},"GP1-XL":{"alt_names":[],"arch":"x86_64","baremetal":false,"capabilities":{"block_storage":true,"boot_types":["bootscript","rescue","local"],"default_boot_type":"local","hot_snapshots_local_volume":true,"placement_groups":true,"private_network":8},"gpu":0,"hourly_price":1.6714,"monthly_price":1220.122,"ncpus":48,"network":{"interfaces":[{"internal_bandwidth":10000000000,"internet_bandwidth":null},{"internal_bandwidth":null,"internet_bandwidth":10000000000}],"ipv6_support":true,"sum_internal_bandwidth":10000000000,"sum_internet_bandwidth":10000000000},"per_volume_constraint":{"l_ssd":{"max_size":800000000000,"min_size":1000000000}},"ram":274877906944,"volumes_constraint":{"max_size":600000000000,"min_size":0}},"GP1-XS":{"alt_names":[],"arch":"x86_64","baremetal":false,"capabilities":{"block_storage":true,"boot_types":["bootscript","rescue","local"],"default_boot_type":"local","hot_snapshots_local_volume":true,"placement_groups":true,"private_network":8},"gpu":0,"hourly_price":0.1016,"monthly_price":74.168,"ncpus":4,"network":{"interfaces":[{"internal_bandwidth":500000000,"internet_bandwidth":null},{"internal_bandwidth":null,"internet_bandwidth":500000000}],"ipv6_support":true,"sum_internal_bandwidth":500000000,"sum_internet_bandwidth":500000000},"per_volume_constraint":{"l_ssd":{"max_size":800000000000,"min_size":1000000000}},"ram":17179869184,"volumes_constraint":{"max_size":150000000000,"min_size":0}},"PLAY2-MICRO":{"alt_names":[],"arch":"x86_64","baremetal":false,"capabilities":{"block_storage":true,"boot_types":["rescue","local"],"default_boot_type":"local","hot_snapshots_local_volume":false,"placement_groups":true,"private_network":8},"gpu":0,"hourly_price":0.054,"monthly_price":39.42,"ncpus":4,"network":{"interfaces":[{"internal_bandwidth":400000000,"internet_bandwidth":null},{"internal_bandwidth":null,"internet_bandwidth":400000000}],"ipv6_support":true,"sum_internal_bandwidth":400000000,"sum_internet_bandwidth":400000000},"per_volume_constraint":{"l_ssd":{"max_size":0,"min_size":0}},"ram":8589934592,"volumes_constraint":{"max_size":0,"min_size":0}},"PLAY2-NANO":{"alt_names":[],"arch":"x86_64","baremetal":false,"capabilities":{"block_storage":true,"boot_types":["rescue","local"],"default_boot_type":"local","hot_snapshots_local_volume":false,"placement_groups":true,"private_network":8},"gpu":0,"hourly_price":0.027,"monthly_price":19.71,"ncpus":2,"network":{"interfaces":[{"internal_bandwidth":200000000,"internet_bandwidth":null},{"internal_bandwidth":null,"internet_bandwidth":200000000}],"ipv6_support":true,"sum_internal_bandwidth":200000000,"sum_internet_bandwidth":200000000},"per_volume_constraint":{"l_ssd":{"max_size":0,"min_size":0}},"ram":4294967296,"volumes_constraint":{"max_size":0,"min_size":0}},"PLAY2-PICO":{"alt_names":[],"arch":"x86_64","baremetal":false,"capabilities":{"block_storage":true,"boot_types":["rescue","local"],"default_boot_type":"local","hot_snapshots_local_volume":false,"placement_groups":true,"private_network":8},"gpu":0,"hourly_price":0.014,"monthly_price":10.22,"ncpus":1,"network":{"interfaces":[{"internal_bandwidth":100000000,"internet_bandwidth":null},{"internal_bandwidth":null,"internet_bandwidth":100000000}],"ipv6_support":true,"sum_internal_bandwidth":100000000,"sum_internet_bandwidth":100000000},"per_volume_constraint":{"l_ssd":{"max_size":0,"min_size":0}},"ram":2147483648,"volumes_constraint":{"max_size":0,"min_size":0}},"PRO2-L":{"alt_names":[],"arch":"x86_64","baremetal":false,"capabilities":{"block_storage":true,"boot_types":["rescue","local"],"default_boot_type":"local","hot_snapshots_local_volume":false,"placement_groups":true,"private_network":8},"gpu":0,"hourly_price":0.877,"monthly_price":640.21,"ncpus":32,"network":{"interfaces":[{"internal_bandwidth":6000000000,"internet_bandwidth":null},{"internal_bandwidth":null,"internet_bandwidth":6000000000}],"ipv6_support":true,"sum_internal_bandwidth":6000000000,"sum_internet_bandwidth":6000000000},"per_volume_constraint":{"l_ssd":{"max_size":0,"min_size":0}},"ram":137438953472,"volumes_constraint":{"max_size":0,"min_size":0}},"PRO2-M":{"alt_names":[],"arch":"x86_64","baremetal":false,"capabilities":{"block_storage":true,"boot_types":["rescue","local"],"default_boot_type":"local","hot_snapshots_local_volume":false,"placement_groups":true,"private_network":8},"gpu":0,"hourly_price":0.438,"monthly_price":319.74,"ncpus":16,"network":{"interfaces":[{"internal_bandwidth":3000000000,"internet_bandwidth":null},{"internal_bandwidth":null,"internet_bandwidth":3000000000}],"ipv6_support":true,"sum_internal_bandwidth":3000000000,"sum_internet_bandwidth":3000000000},"per_volume_constraint":{"l_ssd":{"max_size":0,"min_size":0}},"ram":68719476736,"volumes_constraint":{"max_size":0,"min_size":0}},"PRO2-S":{"alt_names":[],"arch":"x86_64","baremetal":false,"capabilities":{"block_storage":true,"boot_types":["rescue","local"],"default_boot_type":"local","hot_snapshots_local_volume":false,"placement_groups":true,"private_network":8},"gpu":0,"hourly_price":0.219,"monthly_price":159.87,"ncpus":8,"network":{"interfaces":[{"internal_bandwidth":1500000000,"internet_bandwidth":null},{"internal_bandwidth":null,"internet_bandwidth":1500000000}],"ipv6_support":true,"sum_internal_bandwidth":1500000000,"sum_internet_bandwidth":1500000000},"per_volume_constraint":{"l_ssd":{"max_size":0,"min_size":0}},"ram":34359738368,"volumes_constraint":{"max_size":0,"min_size":0}},"PRO2-XS":{"alt_names":[],"arch":"x86_64","baremetal":false,"capabilities":{"block_storage":true,"boot_types":["rescue","local"],"default_boot_type":"local","hot_snapshots_local_volume":false,"placement_groups":true,"private_network":8},"gpu":0,"hourly_price":0.11,"monthly_price":80.3,"ncpus":4,"network":{"interfaces":[{"internal_bandwidth":700000000,"internet_bandwidth":null},{"internal_bandwidth":null,"internet_bandwidth":700000000}],"ipv6_support":true,"sum_internal_bandwidth":700000000,"sum_internet_bandwidth":700000000},"per_volume_constraint":{"l_ssd":{"max_size":0,"min_size":0}},"ram":17179869184,"volumes_constraint":{"max_size":0,"min_size":0}},"PRO2-XXS":{"alt_names":[],"arch":"x86_64","baremetal":false,"capabilities":{"block_storage":true,"boot_types":["rescue","local"],"default_boot_type":"local","hot_snapshots_local_volume":false,"placement_groups":true,"private_network":8},"gpu":0,"hourly_price":0.055,"monthly_price":40.15,"ncpus":2,"network":{"interfaces":[{"internal_bandwidth":350000000,"internet_bandwidth":null},{"internal_bandwidth":null,"internet_bandwidth":350000000}],"ipv6_support":true,"sum_internal_bandwidth":350000000,"sum_internet_bandwidth":350000000},"per_volume_constraint":{"l_ssd":{"max_size":0,"min_size":0}},"ram":8589934592,"volumes_constraint":{"max_size":0,"min_size":0}},"RENDER-S":{"alt_names":[],"arch":"x86_64","baremetal":false,"capabilities":{"block_storage":true,"boot_types":["local","rescue"],"default_boot_type":"local","hot_snapshots_local_volume":true,"placement_groups":true,"private_network":8},"gpu":1,"hourly_price":1.2426,"monthly_price":907.098,"ncpus":10,"network":{"interfaces":[{"internal_bandwidth":1000000000,"internet_bandwidth":null},{"internal_bandwidth":null,"internet_bandwidth":1000000000}],"ipv6_support":true,"sum_internal_bandwidth":1000000000,"sum_internet_bandwidth":1000000000},"per_volume_constraint":{"l_ssd":{"max_size":800000000000,"min_size":1000000000}},"ram":45097156608,"volumes_constraint":{"max_size":400000000000,"min_size":0}},"STARDUST1-S":{"alt_names":[],"arch":"x86_64","baremetal":false,"capabilities":{"block_storage":true,"boot_types":["bootscript","rescue","local"],"default_boot_type":"local","hot_snapshots_local_volume":true,"placement_groups":true,"private_network":8},"gpu":0,"hourly_price":0.00459,"monthly_price":3.3507,"ncpus":1,"network":{"interfaces":[{"internal_bandwidth":100000000,"internet_bandwidth":null},{"internal_bandwidth":null,"internet_bandwidth":100000000}],"ipv6_support":true,"sum_internal_bandwidth":100000000,"sum_internet_bandwidth":100000000},"per_volume_constraint":{"l_ssd":{"max_size":800000000000,"min_size":1000000000}},"ram":1073741824,"volumes_constraint":{"max_size":10000000000,"min_size":0}},"START1-L":{"alt_names":[],"arch":"x86_64","baremetal":false,"capabilities":{"block_storage":false,"boot_types":["bootscript","rescue","local"],"default_boot_type":"bootscript","hot_snapshots_local_volume":true,"placement_groups":true,"private_network":0},"gpu":0,"hourly_price":0.0368,"monthly_price":26.864,"ncpus":8,"network":{"interfaces":[{"internal_bandwidth":null,"internet_bandwidth":400000000}],"ipv6_support":true,"sum_internal_bandwidth":104857600,"sum_internet_bandwidth":400000000},"per_volume_constraint":{"l_ssd":{"max_size":200000000000,"min_size":1000000000}},"ram":8589934592,"volumes_constraint":{"max_size":200000000000,"min_size":200000000000}},"START1-M":{"alt_names":[],"arch":"x86_64","baremetal":false,"capabilities":{"block_storage":false,"boot_types":["bootscript","rescue","local"],"default_boot_type":"bootscript","hot_snapshots_local_volume":true,"placement_groups":true,"private_network":0},"gpu":0,"hourly_price":0.0194,"monthly_price":14.162,"ncpus":4,"network":{"interfaces":[{"internal_bandwidth":null,"internet_bandwidth":300000000}],"ipv6_support":true,"sum_internal_bandwidth":104857600,"sum_internet_bandwidth":300000000},"per_volume_constraint":{"l_ssd":{"max_size":200000000000,"min_size":1000000000}},"ram":4294967296,"volumes_constraint":{"max_size":100000000000,"min_size":100000000000}},"START1-S":{"alt_names":[],"arch":"x86_64","baremetal":false,"capabilities":{"block_storage":false,"boot_types":["bootscript","rescue","local"],"default_boot_type":"bootscript","hot_snapshots_local_volume":true,"placement_groups":true,"private_network":0},"gpu":0,"hourly_price":0.0106,"monthly_price":7.738,"ncpus":2,"network":{"interfaces":[{"internal_bandwidth":null,"internet_bandwidth":200000000}],"ipv6_support":true,"sum_internal_bandwidth":104857600,"sum_internet_bandwidth":200000000},"per_volume_constraint":{"l_ssd":{"max_size":200000000000,"min_size":1000000000}},"ram":2147483648,"volumes_constraint":{"max_size":50000000000,"min_size":50000000000}},"START1-XS":{"alt_names":[],"arch":"x86_64","baremetal":false,"capabilities":{"block_storage":false,"boot_types":["bootscript","rescue","local"],"default_boot_type":"bootscript","hot_snapshots_local_volume":true,"placement_groups":true,"private_network":0},"gpu":0,"hourly_price":0.0062,"monthly_price":4.526,"ncpus":1,"network":{"interfaces":[{"internal_bandwidth":null,"internet_bandwidth":100000000}],"ipv6_support":true,"sum_internal_bandwidth":104857600,"sum_internet_bandwidth":100000000},"per_volume_constraint":{"l_ssd":{"max_size":200000000000,"min_size":1000000000}},"ram":1073741824,"volumes_constraint":{"max_size":25000000000,"min_size":25000000000}},"VC1L":{"alt_names":["X64-8GB"],"arch":"x86_64","baremetal":false,"capabilities":{"block_storage":false,"boot_types":["bootscript","rescue","local"],"default_boot_type":"bootscript","hot_snapshots_local_volume":true,"placement_groups":true,"private_network":0},"gpu":0,"hourly_price":0.02468,"monthly_price":18.0164,"ncpus":6,"network":{"interfaces":[{"internal_bandwidth":null,"internet_bandwidth":200000000}],"ipv6_support":true,"sum_internal_bandwidth":104857600,"sum_internet_bandwidth":200000000},"per_volume_constraint":{"l_ssd":{"max_size":200000000000,"min_size":1000000000}},"ram":8589934592,"volumes_constraint":{"max_size":200000000000,"min_size":200000000000}},"VC1M":{"alt_names":["X64-4GB"],"arch":"x86_64","baremetal":false,"capabilities":{"block_storage":false,"boot_types":["bootscript","rescue","local"],"default_boot_type":"bootscript","hot_snapshots_local_volume":true,"placement_groups":true,"private_network":0},"gpu":0,"hourly_price":0.01555,"monthly_price":11.3515,"ncpus":4,"network":{"interfaces":[{"internal_bandwidth":null,"internet_bandwidth":200000000}],"ipv6_support":true,"sum_internal_bandwidth":104857600,"sum_internet_bandwidth":200000000},"per_volume_constraint":{"l_ssd":{"max_size":200000000000,"min_size":1000000000}},"ram":4294967296,"volumes_constraint":{"max_size":100000000000,"min_size":100000000000}},"VC1S":{"alt_names":["X64-2GB"],"arch":"x86_64","baremetal":false,"capabilities":{"block_storage":false,"boot_types":["bootscript","rescue","local"],"default_boot_type":"bootscript","hot_snapshots_local_volume":true,"placement_groups":true,"private_network":0},"gpu":0,"hourly_price":0.00862,"monthly_price":6.2926,"ncpus":2,"network":{"interfaces":[{"internal_bandwidth":null,"internet_bandwidth":200000000}],"ipv6_support":true,"sum_internal_bandwidth":104857600,"sum_internet_bandwidth":200000000},"per_volume_constraint":{"l_ssd":{"max_size":200000000000,"min_size":1000000000}},"ram":2147483648,"volumes_constraint":{"max_size":50000000000,"min_size":50000000000}},"X64-120GB":{"alt_names":[],"arch":"x86_64","baremetal":false,"capabilities":{"block_storage":false,"boot_types":["bootscript","rescue","local"],"default_boot_type":"bootscript","hot_snapshots_local_volume":true,"placement_groups":true,"private_network":0},"gpu":0,"hourly_price":0.42574,"monthly_price":310.7902,"ncpus":12,"network":{"interfaces":[{"internal_bandwidth":null,"internet_bandwidth":1000000000}],"ipv6_support":true,"sum_internal_bandwidth":104857600,"sum_internet_bandwidth":1000000000},"per_volume_constraint":{"l_ssd":{"max_size":200000000000,"min_size":1000000000}},"ram":128849018880,"volumes_constraint":{"max_size":1000000000000,"min_size":500000000000}},"X64-15GB":{"alt_names":[],"arch":"x86_64","baremetal":false,"capabilities":{"block_storage":false,"boot_types":["bootscript","rescue","local"],"default_boot_type":"bootscript","hot_snapshots_local_volume":true,"placement_groups":true,"private_network":0},"gpu":0,"hourly_price":0.06032,"monthly_price":44.0336,"ncpus":6,"network":{"interfaces":[{"internal_bandwidth":null,"internet_bandwidth":250000000}],"ipv6_support":true,"sum_internal_bandwidth":104857600,"sum_internet_bandwidth":250000000},"per_volume_constraint":{"l_ssd":{"max_size":200000000000,"min_size":1000000000}},"ram":16106127360,"volumes_constraint":{"max_size":200000000000,"min_size":200000000000}},"X64-30GB":{"alt_names":[],"arch":"x86_64","baremetal":false,"capabilities":{"block_storage":false,"boot_types":["bootscript","rescue","local"],"default_boot_type":"bootscript","hot_snapshots_local_volume":true,"placement_groups":true,"private_network":0},"gpu":0,"hourly_price":0.11906,"monthly_price":86.9138,"ncpus":8,"network":{"interfaces":[{"internal_bandwidth":null,"internet_bandwidth":500000000}],"ipv6_support":true,"sum_internal_bandwidth":104857600,"sum_internet_bandwidth":500000000},"per_volume_constraint":{"l_ssd":{"max_size":200000000000,"min_size":1000000000}},"ram":32212254720,"volumes_constraint":{"max_size":400000000000,"min_size":300000000000}},"X64-60GB":{"alt_names":[],"arch":"x86_64","baremetal":false,"capabilities":{"block_storage":false,"boot_types":["bootscript","rescue","local"],"default_boot_type":"bootscript","hot_snapshots_local_volume":true,"placement_groups":true,"private_network":0},"gpu":0,"hourly_price":0.213,"monthly_price":155.49,"ncpus":10,"network":{"interfaces":[{"internal_bandwidth":null,"internet_bandwidth":1000000000}],"ipv6_support":true,"sum_internal_bandwidth":104857600,"sum_internet_bandwidth":1000000000},"per_volume_constraint":{"l_ssd":{"max_size":200000000000,"min_size":1000000000}},"ram":64424509440,"volumes_constraint":{"max_size":700000000000,"min_size":400000000000}}}}'
    headers:
      Content-Length:
      - "28055"
      Content-Security-Policy:
      - default-src 'none'; frame-ancestors 'none'
      Content-Type:
      - application/json
      Date:
      - Tue, 14 Feb 2023 13:37:29 GMT
      Link:
      - </products/servers?page=1&per_page=50&>; rel="last"
      Server:
      - Scaleway API-Gateway
      Strict-Transport-Security:
      - max-age=63072000
      X-Content-Type-Options:
      - nosniff
      X-Frame-Options:
      - DENY
      X-Request-Id:
      - d318a72e-70d1-4786-8b49-71273ac5b0ff
      X-Total-Count:
      - "38"
    status: 200 OK
    code: 200
    duration: ""
- request:
    body: '{"name":"tf-srv-friendly-haibt","dynamic_ip_required":false,"commercial_type":"DEV1-S","image":"d318f34b-1044-482a-afe3-1be349690a13","volumes":{"0":{"size":20000000000,"volume_type":"l_ssd"}},"enable_ipv6":true,"boot_type":"local","project":"ee7bd9e1-9cbd-4724-b2f4-19e50f3cf38b"}'
    form: {}
    headers:
      Content-Type:
      - application/json
      User-Agent:
      - scaleway-sdk-go/v1.0.0-beta.7+dev (go1.19.1; linux; amd64) terraform-provider/develop
        terraform/terraform-tests
    url: https://api.scaleway.com/instance/v1/zones/fr-par-1/servers
    method: POST
  response:
    body: '{"server":{"allowed_actions":["poweron","backup"],"arch":"x86_64","boot_type":"local","bootscript":{"architecture":"x86_64","bootcmdargs":"LINUX_COMMON
      scaleway boot=local nbd.max_part=16","default":true,"dtb":"","id":"fdfe150f-a870-4ce4-b432-9f56b5b995c1","initrd":"http://10.194.3.9/initrd/initrd-Linux-x86_64-v3.14.6.gz","kernel":"http://10.194.3.9/kernel/x86_64-mainline-lts-4.4-4.4.230-rev1/vmlinuz-4.4.230","organization":"11111111-1111-4111-8111-111111111111","project":"11111111-1111-4111-8111-111111111111","public":true,"title":"x86_64
      mainline 4.4.230 rev1","zone":"fr-par-1"},"commercial_type":"DEV1-S","creation_date":"2023-02-14T13:37:29.391409+00:00","dynamic_ip_required":false,"enable_ipv6":true,"extra_networks":[],"hostname":"tf-srv-friendly-haibt","id":"7aee117b-0f39-42cb-b713-256eed2e93da","image":{"arch":"x86_64","creation_date":"2022-11-17T16:48:17.919713+00:00","default_bootscript":null,"extra_volumes":{},"from_server":null,"id":"d318f34b-1044-482a-afe3-1be349690a13","modification_date":"2022-11-17T16:48:17.919713+00:00","name":"Ubuntu
      20.04 Focal Fossa","organization":"51b656e3-4865-41e8-adbc-0c45bdd780db","project":"51b656e3-4865-41e8-adbc-0c45bdd780db","public":true,"root_volume":{"id":"c18532d5-1d4b-4bf3-8a02-3670e0fd67b4","name":"Ubuntu
      20.04 Focal Fossa","size":10000000000,"volume_type":"unified"},"state":"available","tags":[],"zone":"fr-par-1"},"ipv6":null,"location":null,"maintenances":[],"modification_date":"2023-02-14T13:37:29.391409+00:00","name":"tf-srv-friendly-haibt","organization":"ee7bd9e1-9cbd-4724-b2f4-19e50f3cf38b","placement_group":null,"private_ip":null,"private_nics":[],"project":"ee7bd9e1-9cbd-4724-b2f4-19e50f3cf38b","protected":false,"public_ip":null,"security_group":{"id":"a8f5f9bb-20a7-4244-9521-4cde6f510e0e","name":"Default
      security group"},"state":"stopped","state_detail":"","tags":[],"volumes":{"0":{"boot":false,"creation_date":"2023-02-14T13:37:29.391409+00:00","export_uri":null,"id":"5400b33e-8a1e-4459-86b7-50ae8cb2c030","modification_date":"2023-02-14T13:37:29.391409+00:00","name":"Ubuntu
      20.04 Focal Fossa","organization":"ee7bd9e1-9cbd-4724-b2f4-19e50f3cf38b","project":"ee7bd9e1-9cbd-4724-b2f4-19e50f3cf38b","server":{"id":"7aee117b-0f39-42cb-b713-256eed2e93da","name":"tf-srv-friendly-haibt"},"size":20000000000,"state":"available","tags":[],"volume_type":"l_ssd","zone":"fr-par-1"}},"zone":"fr-par-1"}}'
    headers:
      Content-Length:
      - "2542"
      Content-Security-Policy:
      - default-src 'none'; frame-ancestors 'none'
      Content-Type:
      - application/json
      Date:
      - Tue, 14 Feb 2023 13:37:29 GMT
      Location:
      - https://api.scaleway.com/instance/v1/zones/fr-par-1/servers/7aee117b-0f39-42cb-b713-256eed2e93da
      Server:
      - Scaleway API-Gateway
      Strict-Transport-Security:
      - max-age=63072000
      X-Content-Type-Options:
      - nosniff
      X-Frame-Options:
      - DENY
      X-Request-Id:
      - 7a6e248e-27eb-4591-bb9e-316342ea437c
    status: 201 Created
    code: 201
    duration: ""
- request:
    body: ""
    form: {}
    headers:
      User-Agent:
      - scaleway-sdk-go/v1.0.0-beta.7+dev (go1.19.1; linux; amd64) terraform-provider/develop
        terraform/terraform-tests
    url: https://api.scaleway.com/instance/v1/zones/fr-par-1/servers/7aee117b-0f39-42cb-b713-256eed2e93da
    method: GET
  response:
    body: '{"server":{"allowed_actions":["poweron","backup"],"arch":"x86_64","boot_type":"local","bootscript":{"architecture":"x86_64","bootcmdargs":"LINUX_COMMON
      scaleway boot=local nbd.max_part=16","default":true,"dtb":"","id":"fdfe150f-a870-4ce4-b432-9f56b5b995c1","initrd":"http://10.194.3.9/initrd/initrd-Linux-x86_64-v3.14.6.gz","kernel":"http://10.194.3.9/kernel/x86_64-mainline-lts-4.4-4.4.230-rev1/vmlinuz-4.4.230","organization":"11111111-1111-4111-8111-111111111111","project":"11111111-1111-4111-8111-111111111111","public":true,"title":"x86_64
      mainline 4.4.230 rev1","zone":"fr-par-1"},"commercial_type":"DEV1-S","creation_date":"2023-02-14T13:37:29.391409+00:00","dynamic_ip_required":false,"enable_ipv6":true,"extra_networks":[],"hostname":"tf-srv-friendly-haibt","id":"7aee117b-0f39-42cb-b713-256eed2e93da","image":{"arch":"x86_64","creation_date":"2022-11-17T16:48:17.919713+00:00","default_bootscript":null,"extra_volumes":{},"from_server":null,"id":"d318f34b-1044-482a-afe3-1be349690a13","modification_date":"2022-11-17T16:48:17.919713+00:00","name":"Ubuntu
      20.04 Focal Fossa","organization":"51b656e3-4865-41e8-adbc-0c45bdd780db","project":"51b656e3-4865-41e8-adbc-0c45bdd780db","public":true,"root_volume":{"id":"c18532d5-1d4b-4bf3-8a02-3670e0fd67b4","name":"Ubuntu
      20.04 Focal Fossa","size":10000000000,"volume_type":"unified"},"state":"available","tags":[],"zone":"fr-par-1"},"ipv6":null,"location":null,"maintenances":[],"modification_date":"2023-02-14T13:37:29.391409+00:00","name":"tf-srv-friendly-haibt","organization":"ee7bd9e1-9cbd-4724-b2f4-19e50f3cf38b","placement_group":null,"private_ip":null,"private_nics":[],"project":"ee7bd9e1-9cbd-4724-b2f4-19e50f3cf38b","protected":false,"public_ip":null,"security_group":{"id":"a8f5f9bb-20a7-4244-9521-4cde6f510e0e","name":"Default
      security group"},"state":"stopped","state_detail":"","tags":[],"volumes":{"0":{"boot":false,"creation_date":"2023-02-14T13:37:29.391409+00:00","export_uri":null,"id":"5400b33e-8a1e-4459-86b7-50ae8cb2c030","modification_date":"2023-02-14T13:37:29.391409+00:00","name":"Ubuntu
      20.04 Focal Fossa","organization":"ee7bd9e1-9cbd-4724-b2f4-19e50f3cf38b","project":"ee7bd9e1-9cbd-4724-b2f4-19e50f3cf38b","server":{"id":"7aee117b-0f39-42cb-b713-256eed2e93da","name":"tf-srv-friendly-haibt"},"size":20000000000,"state":"available","tags":[],"volume_type":"l_ssd","zone":"fr-par-1"}},"zone":"fr-par-1"}}'
    headers:
      Content-Length:
      - "2542"
      Content-Security-Policy:
      - default-src 'none'; frame-ancestors 'none'
      Content-Type:
      - application/json
      Date:
      - Tue, 14 Feb 2023 13:37:30 GMT
      Server:
      - Scaleway API-Gateway
      Strict-Transport-Security:
      - max-age=63072000
      X-Content-Type-Options:
      - nosniff
      X-Frame-Options:
      - DENY
      X-Request-Id:
      - 67ec5804-7ff4-47b1-82b4-24bcb52e5bd3
    status: 200 OK
    code: 200
    duration: ""
- request:
    body: ""
    form: {}
    headers:
      User-Agent:
      - scaleway-sdk-go/v1.0.0-beta.7+dev (go1.19.1; linux; amd64) terraform-provider/develop
        terraform/terraform-tests
    url: https://api.scaleway.com/instance/v1/zones/fr-par-1/servers/7aee117b-0f39-42cb-b713-256eed2e93da
    method: GET
  response:
    body: '{"server":{"allowed_actions":["poweron","backup"],"arch":"x86_64","boot_type":"local","bootscript":{"architecture":"x86_64","bootcmdargs":"LINUX_COMMON
      scaleway boot=local nbd.max_part=16","default":true,"dtb":"","id":"fdfe150f-a870-4ce4-b432-9f56b5b995c1","initrd":"http://10.194.3.9/initrd/initrd-Linux-x86_64-v3.14.6.gz","kernel":"http://10.194.3.9/kernel/x86_64-mainline-lts-4.4-4.4.230-rev1/vmlinuz-4.4.230","organization":"11111111-1111-4111-8111-111111111111","project":"11111111-1111-4111-8111-111111111111","public":true,"title":"x86_64
      mainline 4.4.230 rev1","zone":"fr-par-1"},"commercial_type":"DEV1-S","creation_date":"2023-02-14T13:37:29.391409+00:00","dynamic_ip_required":false,"enable_ipv6":true,"extra_networks":[],"hostname":"tf-srv-friendly-haibt","id":"7aee117b-0f39-42cb-b713-256eed2e93da","image":{"arch":"x86_64","creation_date":"2022-11-17T16:48:17.919713+00:00","default_bootscript":null,"extra_volumes":{},"from_server":null,"id":"d318f34b-1044-482a-afe3-1be349690a13","modification_date":"2022-11-17T16:48:17.919713+00:00","name":"Ubuntu
      20.04 Focal Fossa","organization":"51b656e3-4865-41e8-adbc-0c45bdd780db","project":"51b656e3-4865-41e8-adbc-0c45bdd780db","public":true,"root_volume":{"id":"c18532d5-1d4b-4bf3-8a02-3670e0fd67b4","name":"Ubuntu
      20.04 Focal Fossa","size":10000000000,"volume_type":"unified"},"state":"available","tags":[],"zone":"fr-par-1"},"ipv6":null,"location":null,"maintenances":[],"modification_date":"2023-02-14T13:37:29.391409+00:00","name":"tf-srv-friendly-haibt","organization":"ee7bd9e1-9cbd-4724-b2f4-19e50f3cf38b","placement_group":null,"private_ip":null,"private_nics":[],"project":"ee7bd9e1-9cbd-4724-b2f4-19e50f3cf38b","protected":false,"public_ip":null,"security_group":{"id":"a8f5f9bb-20a7-4244-9521-4cde6f510e0e","name":"Default
      security group"},"state":"stopped","state_detail":"","tags":[],"volumes":{"0":{"boot":false,"creation_date":"2023-02-14T13:37:29.391409+00:00","export_uri":null,"id":"5400b33e-8a1e-4459-86b7-50ae8cb2c030","modification_date":"2023-02-14T13:37:29.391409+00:00","name":"Ubuntu
      20.04 Focal Fossa","organization":"ee7bd9e1-9cbd-4724-b2f4-19e50f3cf38b","project":"ee7bd9e1-9cbd-4724-b2f4-19e50f3cf38b","server":{"id":"7aee117b-0f39-42cb-b713-256eed2e93da","name":"tf-srv-friendly-haibt"},"size":20000000000,"state":"available","tags":[],"volume_type":"l_ssd","zone":"fr-par-1"}},"zone":"fr-par-1"}}'
    headers:
      Content-Length:
      - "2542"
      Content-Security-Policy:
      - default-src 'none'; frame-ancestors 'none'
      Content-Type:
      - application/json
      Date:
      - Tue, 14 Feb 2023 13:37:30 GMT
      Server:
      - Scaleway API-Gateway
      Strict-Transport-Security:
      - max-age=63072000
      X-Content-Type-Options:
      - nosniff
      X-Frame-Options:
      - DENY
      X-Request-Id:
      - d2521b44-ad20-4ee0-b15b-0199e049112b
    status: 200 OK
    code: 200
    duration: ""
- request:
    body: '{"action":"poweron"}'
    form: {}
    headers:
      Content-Type:
      - application/json
      User-Agent:
      - scaleway-sdk-go/v1.0.0-beta.7+dev (go1.19.1; linux; amd64) terraform-provider/develop
        terraform/terraform-tests
    url: https://api.scaleway.com/instance/v1/zones/fr-par-1/servers/7aee117b-0f39-42cb-b713-256eed2e93da/action
    method: POST
  response:
    body: '{"task":{"description":"server_batch_poweron","href_from":"/servers/7aee117b-0f39-42cb-b713-256eed2e93da/action","href_result":"/servers/7aee117b-0f39-42cb-b713-256eed2e93da","id":"c2c8aeda-283c-4f93-9aa9-ebb3c16123de","started_at":"2023-02-14T13:37:31.039914+00:00","status":"pending","terminated_at":null}}'
    headers:
      Content-Length:
      - "322"
      Content-Security-Policy:
      - default-src 'none'; frame-ancestors 'none'
      Content-Type:
      - application/json
      Date:
      - Tue, 14 Feb 2023 13:37:31 GMT
      Location:
      - https://api.scaleway.com/instance/v1/zones/fr-par-1/tasks/c2c8aeda-283c-4f93-9aa9-ebb3c16123de
      Server:
      - Scaleway API-Gateway
      Strict-Transport-Security:
      - max-age=63072000
      X-Content-Type-Options:
      - nosniff
      X-Frame-Options:
      - DENY
      X-Request-Id:
      - 2323d0ca-83dd-429c-851f-459b0e6dbf18
    status: 202 Accepted
    code: 202
    duration: ""
- request:
    body: ""
    form: {}
    headers:
      User-Agent:
      - scaleway-sdk-go/v1.0.0-beta.7+dev (go1.19.1; linux; amd64) terraform-provider/develop
        terraform/terraform-tests
    url: https://api.scaleway.com/instance/v1/zones/fr-par-1/servers/7aee117b-0f39-42cb-b713-256eed2e93da
    method: GET
  response:
    body: '{"server":{"allowed_actions":["stop_in_place","backup"],"arch":"x86_64","boot_type":"local","bootscript":{"architecture":"x86_64","bootcmdargs":"LINUX_COMMON
      scaleway boot=local nbd.max_part=16","default":true,"dtb":"","id":"fdfe150f-a870-4ce4-b432-9f56b5b995c1","initrd":"http://10.194.3.9/initrd/initrd-Linux-x86_64-v3.14.6.gz","kernel":"http://10.194.3.9/kernel/x86_64-mainline-lts-4.4-4.4.230-rev1/vmlinuz-4.4.230","organization":"11111111-1111-4111-8111-111111111111","project":"11111111-1111-4111-8111-111111111111","public":true,"title":"x86_64
      mainline 4.4.230 rev1","zone":"fr-par-1"},"commercial_type":"DEV1-S","creation_date":"2023-02-14T13:37:29.391409+00:00","dynamic_ip_required":false,"enable_ipv6":true,"extra_networks":[],"hostname":"tf-srv-friendly-haibt","id":"7aee117b-0f39-42cb-b713-256eed2e93da","image":{"arch":"x86_64","creation_date":"2022-11-17T16:48:17.919713+00:00","default_bootscript":null,"extra_volumes":{},"from_server":null,"id":"d318f34b-1044-482a-afe3-1be349690a13","modification_date":"2022-11-17T16:48:17.919713+00:00","name":"Ubuntu
      20.04 Focal Fossa","organization":"51b656e3-4865-41e8-adbc-0c45bdd780db","project":"51b656e3-4865-41e8-adbc-0c45bdd780db","public":true,"root_volume":{"id":"c18532d5-1d4b-4bf3-8a02-3670e0fd67b4","name":"Ubuntu
      20.04 Focal Fossa","size":10000000000,"volume_type":"unified"},"state":"available","tags":[],"zone":"fr-par-1"},"ipv6":null,"location":null,"maintenances":[],"modification_date":"2023-02-14T13:37:30.519981+00:00","name":"tf-srv-friendly-haibt","organization":"ee7bd9e1-9cbd-4724-b2f4-19e50f3cf38b","placement_group":null,"private_ip":null,"private_nics":[],"project":"ee7bd9e1-9cbd-4724-b2f4-19e50f3cf38b","protected":false,"public_ip":null,"security_group":{"id":"a8f5f9bb-20a7-4244-9521-4cde6f510e0e","name":"Default
      security group"},"state":"starting","state_detail":"allocating node","tags":[],"volumes":{"0":{"boot":false,"creation_date":"2023-02-14T13:37:29.391409+00:00","export_uri":null,"id":"5400b33e-8a1e-4459-86b7-50ae8cb2c030","modification_date":"2023-02-14T13:37:29.391409+00:00","name":"Ubuntu
      20.04 Focal Fossa","organization":"ee7bd9e1-9cbd-4724-b2f4-19e50f3cf38b","project":"ee7bd9e1-9cbd-4724-b2f4-19e50f3cf38b","server":{"id":"7aee117b-0f39-42cb-b713-256eed2e93da","name":"tf-srv-friendly-haibt"},"size":20000000000,"state":"available","tags":[],"volume_type":"l_ssd","zone":"fr-par-1"}},"zone":"fr-par-1"}}'
    headers:
      Content-Length:
      - "2564"
      Content-Security-Policy:
      - default-src 'none'; frame-ancestors 'none'
      Content-Type:
      - application/json
      Date:
      - Tue, 14 Feb 2023 13:37:31 GMT
      Server:
      - Scaleway API-Gateway
      Strict-Transport-Security:
      - max-age=63072000
      X-Content-Type-Options:
      - nosniff
      X-Frame-Options:
      - DENY
      X-Request-Id:
      - b585e048-d068-463b-8144-83ec717d9696
    status: 200 OK
    code: 200
    duration: ""
- request:
    body: ""
    form: {}
    headers:
      User-Agent:
      - scaleway-sdk-go/v1.0.0-beta.7+dev (go1.19.1; linux; amd64) terraform-provider/develop
        terraform/terraform-tests
    url: https://api.scaleway.com/instance/v1/zones/fr-par-1/servers/7aee117b-0f39-42cb-b713-256eed2e93da
    method: GET
  response:
    body: '{"server":{"allowed_actions":["stop_in_place","backup"],"arch":"x86_64","boot_type":"local","bootscript":{"architecture":"x86_64","bootcmdargs":"LINUX_COMMON
      scaleway boot=local nbd.max_part=16","default":true,"dtb":"","id":"fdfe150f-a870-4ce4-b432-9f56b5b995c1","initrd":"http://10.194.3.9/initrd/initrd-Linux-x86_64-v3.14.6.gz","kernel":"http://10.194.3.9/kernel/x86_64-mainline-lts-4.4-4.4.230-rev1/vmlinuz-4.4.230","organization":"11111111-1111-4111-8111-111111111111","project":"11111111-1111-4111-8111-111111111111","public":true,"title":"x86_64
      mainline 4.4.230 rev1","zone":"fr-par-1"},"commercial_type":"DEV1-S","creation_date":"2023-02-14T13:37:29.391409+00:00","dynamic_ip_required":false,"enable_ipv6":true,"extra_networks":[],"hostname":"tf-srv-friendly-haibt","id":"7aee117b-0f39-42cb-b713-256eed2e93da","image":{"arch":"x86_64","creation_date":"2022-11-17T16:48:17.919713+00:00","default_bootscript":null,"extra_volumes":{},"from_server":null,"id":"d318f34b-1044-482a-afe3-1be349690a13","modification_date":"2022-11-17T16:48:17.919713+00:00","name":"Ubuntu
      20.04 Focal Fossa","organization":"51b656e3-4865-41e8-adbc-0c45bdd780db","project":"51b656e3-4865-41e8-adbc-0c45bdd780db","public":true,"root_volume":{"id":"c18532d5-1d4b-4bf3-8a02-3670e0fd67b4","name":"Ubuntu
      20.04 Focal Fossa","size":10000000000,"volume_type":"unified"},"state":"available","tags":[],"zone":"fr-par-1"},"ipv6":{"address":"2001:bc8:634:1011::1","gateway":"2001:bc8:634:1011::","netmask":"64"},"location":{"cluster_id":"41","hypervisor_id":"901","node_id":"18","platform_id":"14","zone_id":"par1"},"maintenances":[],"modification_date":"2023-02-14T13:37:30.519981+00:00","name":"tf-srv-friendly-haibt","organization":"ee7bd9e1-9cbd-4724-b2f4-19e50f3cf38b","placement_group":null,"private_ip":"10.70.112.35","private_nics":[],"project":"ee7bd9e1-9cbd-4724-b2f4-19e50f3cf38b","protected":false,"public_ip":null,"security_group":{"id":"a8f5f9bb-20a7-4244-9521-4cde6f510e0e","name":"Default
      security group"},"state":"starting","state_detail":"provisioning node","tags":[],"volumes":{"0":{"boot":false,"creation_date":"2023-02-14T13:37:29.391409+00:00","export_uri":null,"id":"5400b33e-8a1e-4459-86b7-50ae8cb2c030","modification_date":"2023-02-14T13:37:29.391409+00:00","name":"Ubuntu
      20.04 Focal Fossa","organization":"ee7bd9e1-9cbd-4724-b2f4-19e50f3cf38b","project":"ee7bd9e1-9cbd-4724-b2f4-19e50f3cf38b","server":{"id":"7aee117b-0f39-42cb-b713-256eed2e93da","name":"tf-srv-friendly-haibt"},"size":20000000000,"state":"available","tags":[],"volume_type":"l_ssd","zone":"fr-par-1"}},"zone":"fr-par-1"}}'
    headers:
      Content-Length:
      - "2755"
      Content-Security-Policy:
      - default-src 'none'; frame-ancestors 'none'
      Content-Type:
      - application/json
      Date:
      - Tue, 14 Feb 2023 13:37:36 GMT
      Server:
      - Scaleway API-Gateway
      Strict-Transport-Security:
      - max-age=63072000
      X-Content-Type-Options:
      - nosniff
      X-Frame-Options:
      - DENY
      X-Request-Id:
      - b4d56b6c-6dd2-475d-ad58-54bed239d7c0
    status: 200 OK
    code: 200
    duration: ""
- request:
    body: ""
    form: {}
    headers:
      User-Agent:
      - scaleway-sdk-go/v1.0.0-beta.7+dev (go1.19.1; linux; amd64) terraform-provider/develop
        terraform/terraform-tests
    url: https://api.scaleway.com/instance/v1/zones/fr-par-1/servers/7aee117b-0f39-42cb-b713-256eed2e93da
    method: GET
  response:
    body: '{"server":{"allowed_actions":["stop_in_place","backup"],"arch":"x86_64","boot_type":"local","bootscript":{"architecture":"x86_64","bootcmdargs":"LINUX_COMMON
      scaleway boot=local nbd.max_part=16","default":true,"dtb":"","id":"fdfe150f-a870-4ce4-b432-9f56b5b995c1","initrd":"http://10.194.3.9/initrd/initrd-Linux-x86_64-v3.14.6.gz","kernel":"http://10.194.3.9/kernel/x86_64-mainline-lts-4.4-4.4.230-rev1/vmlinuz-4.4.230","organization":"11111111-1111-4111-8111-111111111111","project":"11111111-1111-4111-8111-111111111111","public":true,"title":"x86_64
      mainline 4.4.230 rev1","zone":"fr-par-1"},"commercial_type":"DEV1-S","creation_date":"2023-02-14T13:37:29.391409+00:00","dynamic_ip_required":false,"enable_ipv6":true,"extra_networks":[],"hostname":"tf-srv-friendly-haibt","id":"7aee117b-0f39-42cb-b713-256eed2e93da","image":{"arch":"x86_64","creation_date":"2022-11-17T16:48:17.919713+00:00","default_bootscript":null,"extra_volumes":{},"from_server":null,"id":"d318f34b-1044-482a-afe3-1be349690a13","modification_date":"2022-11-17T16:48:17.919713+00:00","name":"Ubuntu
      20.04 Focal Fossa","organization":"51b656e3-4865-41e8-adbc-0c45bdd780db","project":"51b656e3-4865-41e8-adbc-0c45bdd780db","public":true,"root_volume":{"id":"c18532d5-1d4b-4bf3-8a02-3670e0fd67b4","name":"Ubuntu
      20.04 Focal Fossa","size":10000000000,"volume_type":"unified"},"state":"available","tags":[],"zone":"fr-par-1"},"ipv6":{"address":"2001:bc8:634:1011::1","gateway":"2001:bc8:634:1011::","netmask":"64"},"location":{"cluster_id":"41","hypervisor_id":"901","node_id":"18","platform_id":"14","zone_id":"par1"},"maintenances":[],"modification_date":"2023-02-14T13:37:30.519981+00:00","name":"tf-srv-friendly-haibt","organization":"ee7bd9e1-9cbd-4724-b2f4-19e50f3cf38b","placement_group":null,"private_ip":"10.70.112.35","private_nics":[],"project":"ee7bd9e1-9cbd-4724-b2f4-19e50f3cf38b","protected":false,"public_ip":null,"security_group":{"id":"a8f5f9bb-20a7-4244-9521-4cde6f510e0e","name":"Default
      security group"},"state":"starting","state_detail":"provisioning node","tags":[],"volumes":{"0":{"boot":false,"creation_date":"2023-02-14T13:37:29.391409+00:00","export_uri":null,"id":"5400b33e-8a1e-4459-86b7-50ae8cb2c030","modification_date":"2023-02-14T13:37:29.391409+00:00","name":"Ubuntu
      20.04 Focal Fossa","organization":"ee7bd9e1-9cbd-4724-b2f4-19e50f3cf38b","project":"ee7bd9e1-9cbd-4724-b2f4-19e50f3cf38b","server":{"id":"7aee117b-0f39-42cb-b713-256eed2e93da","name":"tf-srv-friendly-haibt"},"size":20000000000,"state":"available","tags":[],"volume_type":"l_ssd","zone":"fr-par-1"}},"zone":"fr-par-1"}}'
    headers:
      Content-Length:
      - "2755"
      Content-Security-Policy:
      - default-src 'none'; frame-ancestors 'none'
      Content-Type:
      - application/json
      Date:
      - Tue, 14 Feb 2023 13:37:41 GMT
      Server:
      - Scaleway API-Gateway
      Strict-Transport-Security:
      - max-age=63072000
      X-Content-Type-Options:
      - nosniff
      X-Frame-Options:
      - DENY
      X-Request-Id:
      - 1db70c01-7683-446b-b965-7f4d64ac306b
    status: 200 OK
    code: 200
    duration: ""
- request:
    body: ""
    form: {}
    headers:
      User-Agent:
      - scaleway-sdk-go/v1.0.0-beta.7+dev (go1.19.1; linux; amd64) terraform-provider/develop
        terraform/terraform-tests
    url: https://api.scaleway.com/instance/v1/zones/fr-par-1/servers/7aee117b-0f39-42cb-b713-256eed2e93da
    method: GET
  response:
    body: '{"server":{"allowed_actions":["stop_in_place","backup"],"arch":"x86_64","boot_type":"local","bootscript":{"architecture":"x86_64","bootcmdargs":"LINUX_COMMON
      scaleway boot=local nbd.max_part=16","default":true,"dtb":"","id":"fdfe150f-a870-4ce4-b432-9f56b5b995c1","initrd":"http://10.194.3.9/initrd/initrd-Linux-x86_64-v3.14.6.gz","kernel":"http://10.194.3.9/kernel/x86_64-mainline-lts-4.4-4.4.230-rev1/vmlinuz-4.4.230","organization":"11111111-1111-4111-8111-111111111111","project":"11111111-1111-4111-8111-111111111111","public":true,"title":"x86_64
      mainline 4.4.230 rev1","zone":"fr-par-1"},"commercial_type":"DEV1-S","creation_date":"2023-02-14T13:37:29.391409+00:00","dynamic_ip_required":false,"enable_ipv6":true,"extra_networks":[],"hostname":"tf-srv-friendly-haibt","id":"7aee117b-0f39-42cb-b713-256eed2e93da","image":{"arch":"x86_64","creation_date":"2022-11-17T16:48:17.919713+00:00","default_bootscript":null,"extra_volumes":{},"from_server":null,"id":"d318f34b-1044-482a-afe3-1be349690a13","modification_date":"2022-11-17T16:48:17.919713+00:00","name":"Ubuntu
      20.04 Focal Fossa","organization":"51b656e3-4865-41e8-adbc-0c45bdd780db","project":"51b656e3-4865-41e8-adbc-0c45bdd780db","public":true,"root_volume":{"id":"c18532d5-1d4b-4bf3-8a02-3670e0fd67b4","name":"Ubuntu
      20.04 Focal Fossa","size":10000000000,"volume_type":"unified"},"state":"available","tags":[],"zone":"fr-par-1"},"ipv6":{"address":"2001:bc8:634:1011::1","gateway":"2001:bc8:634:1011::","netmask":"64"},"location":{"cluster_id":"41","hypervisor_id":"901","node_id":"18","platform_id":"14","zone_id":"par1"},"maintenances":[],"modification_date":"2023-02-14T13:37:30.519981+00:00","name":"tf-srv-friendly-haibt","organization":"ee7bd9e1-9cbd-4724-b2f4-19e50f3cf38b","placement_group":null,"private_ip":"10.70.112.35","private_nics":[],"project":"ee7bd9e1-9cbd-4724-b2f4-19e50f3cf38b","protected":false,"public_ip":null,"security_group":{"id":"a8f5f9bb-20a7-4244-9521-4cde6f510e0e","name":"Default
      security group"},"state":"starting","state_detail":"provisioning node","tags":[],"volumes":{"0":{"boot":false,"creation_date":"2023-02-14T13:37:29.391409+00:00","export_uri":null,"id":"5400b33e-8a1e-4459-86b7-50ae8cb2c030","modification_date":"2023-02-14T13:37:29.391409+00:00","name":"Ubuntu
      20.04 Focal Fossa","organization":"ee7bd9e1-9cbd-4724-b2f4-19e50f3cf38b","project":"ee7bd9e1-9cbd-4724-b2f4-19e50f3cf38b","server":{"id":"7aee117b-0f39-42cb-b713-256eed2e93da","name":"tf-srv-friendly-haibt"},"size":20000000000,"state":"available","tags":[],"volume_type":"l_ssd","zone":"fr-par-1"}},"zone":"fr-par-1"}}'
    headers:
      Content-Length:
      - "2755"
      Content-Security-Policy:
      - default-src 'none'; frame-ancestors 'none'
      Content-Type:
      - application/json
      Date:
      - Tue, 14 Feb 2023 13:37:46 GMT
      Server:
      - Scaleway API-Gateway
      Strict-Transport-Security:
      - max-age=63072000
      X-Content-Type-Options:
      - nosniff
      X-Frame-Options:
      - DENY
      X-Request-Id:
      - 84abd846-3eaf-4be3-ae45-b123d071cfc3
    status: 200 OK
    code: 200
    duration: ""
- request:
    body: ""
    form: {}
    headers:
      User-Agent:
      - scaleway-sdk-go/v1.0.0-beta.7+dev (go1.19.1; linux; amd64) terraform-provider/develop
        terraform/terraform-tests
    url: https://api.scaleway.com/instance/v1/zones/fr-par-1/servers/7aee117b-0f39-42cb-b713-256eed2e93da
    method: GET
  response:
    body: '{"server":{"allowed_actions":["stop_in_place","backup"],"arch":"x86_64","boot_type":"local","bootscript":{"architecture":"x86_64","bootcmdargs":"LINUX_COMMON
      scaleway boot=local nbd.max_part=16","default":true,"dtb":"","id":"fdfe150f-a870-4ce4-b432-9f56b5b995c1","initrd":"http://10.194.3.9/initrd/initrd-Linux-x86_64-v3.14.6.gz","kernel":"http://10.194.3.9/kernel/x86_64-mainline-lts-4.4-4.4.230-rev1/vmlinuz-4.4.230","organization":"11111111-1111-4111-8111-111111111111","project":"11111111-1111-4111-8111-111111111111","public":true,"title":"x86_64
      mainline 4.4.230 rev1","zone":"fr-par-1"},"commercial_type":"DEV1-S","creation_date":"2023-02-14T13:37:29.391409+00:00","dynamic_ip_required":false,"enable_ipv6":true,"extra_networks":[],"hostname":"tf-srv-friendly-haibt","id":"7aee117b-0f39-42cb-b713-256eed2e93da","image":{"arch":"x86_64","creation_date":"2022-11-17T16:48:17.919713+00:00","default_bootscript":null,"extra_volumes":{},"from_server":null,"id":"d318f34b-1044-482a-afe3-1be349690a13","modification_date":"2022-11-17T16:48:17.919713+00:00","name":"Ubuntu
      20.04 Focal Fossa","organization":"51b656e3-4865-41e8-adbc-0c45bdd780db","project":"51b656e3-4865-41e8-adbc-0c45bdd780db","public":true,"root_volume":{"id":"c18532d5-1d4b-4bf3-8a02-3670e0fd67b4","name":"Ubuntu
      20.04 Focal Fossa","size":10000000000,"volume_type":"unified"},"state":"available","tags":[],"zone":"fr-par-1"},"ipv6":{"address":"2001:bc8:634:1011::1","gateway":"2001:bc8:634:1011::","netmask":"64"},"location":{"cluster_id":"41","hypervisor_id":"901","node_id":"18","platform_id":"14","zone_id":"par1"},"maintenances":[],"modification_date":"2023-02-14T13:37:30.519981+00:00","name":"tf-srv-friendly-haibt","organization":"ee7bd9e1-9cbd-4724-b2f4-19e50f3cf38b","placement_group":null,"private_ip":"10.70.112.35","private_nics":[],"project":"ee7bd9e1-9cbd-4724-b2f4-19e50f3cf38b","protected":false,"public_ip":null,"security_group":{"id":"a8f5f9bb-20a7-4244-9521-4cde6f510e0e","name":"Default
      security group"},"state":"starting","state_detail":"provisioning node","tags":[],"volumes":{"0":{"boot":false,"creation_date":"2023-02-14T13:37:29.391409+00:00","export_uri":null,"id":"5400b33e-8a1e-4459-86b7-50ae8cb2c030","modification_date":"2023-02-14T13:37:29.391409+00:00","name":"Ubuntu
      20.04 Focal Fossa","organization":"ee7bd9e1-9cbd-4724-b2f4-19e50f3cf38b","project":"ee7bd9e1-9cbd-4724-b2f4-19e50f3cf38b","server":{"id":"7aee117b-0f39-42cb-b713-256eed2e93da","name":"tf-srv-friendly-haibt"},"size":20000000000,"state":"available","tags":[],"volume_type":"l_ssd","zone":"fr-par-1"}},"zone":"fr-par-1"}}'
    headers:
      Content-Length:
      - "2755"
      Content-Security-Policy:
      - default-src 'none'; frame-ancestors 'none'
      Content-Type:
      - application/json
      Date:
      - Tue, 14 Feb 2023 13:37:52 GMT
      Server:
      - Scaleway API-Gateway
      Strict-Transport-Security:
      - max-age=63072000
      X-Content-Type-Options:
      - nosniff
      X-Frame-Options:
      - DENY
      X-Request-Id:
      - e65fcf2a-693b-4222-8a14-01a359a2ddab
    status: 200 OK
    code: 200
    duration: ""
- request:
    body: ""
    form: {}
    headers:
      User-Agent:
      - scaleway-sdk-go/v1.0.0-beta.7+dev (go1.19.1; linux; amd64) terraform-provider/develop
        terraform/terraform-tests
    url: https://api.scaleway.com/instance/v1/zones/fr-par-1/servers/7aee117b-0f39-42cb-b713-256eed2e93da
    method: GET
  response:
    body: '{"server":{"allowed_actions":["poweroff","terminate","reboot","stop_in_place","backup"],"arch":"x86_64","boot_type":"local","bootscript":{"architecture":"x86_64","bootcmdargs":"LINUX_COMMON
      scaleway boot=local nbd.max_part=16","default":true,"dtb":"","id":"fdfe150f-a870-4ce4-b432-9f56b5b995c1","initrd":"http://10.194.3.9/initrd/initrd-Linux-x86_64-v3.14.6.gz","kernel":"http://10.194.3.9/kernel/x86_64-mainline-lts-4.4-4.4.230-rev1/vmlinuz-4.4.230","organization":"11111111-1111-4111-8111-111111111111","project":"11111111-1111-4111-8111-111111111111","public":true,"title":"x86_64
      mainline 4.4.230 rev1","zone":"fr-par-1"},"commercial_type":"DEV1-S","creation_date":"2023-02-14T13:37:29.391409+00:00","dynamic_ip_required":false,"enable_ipv6":true,"extra_networks":[],"hostname":"tf-srv-friendly-haibt","id":"7aee117b-0f39-42cb-b713-256eed2e93da","image":{"arch":"x86_64","creation_date":"2022-11-17T16:48:17.919713+00:00","default_bootscript":null,"extra_volumes":{},"from_server":null,"id":"d318f34b-1044-482a-afe3-1be349690a13","modification_date":"2022-11-17T16:48:17.919713+00:00","name":"Ubuntu
      20.04 Focal Fossa","organization":"51b656e3-4865-41e8-adbc-0c45bdd780db","project":"51b656e3-4865-41e8-adbc-0c45bdd780db","public":true,"root_volume":{"id":"c18532d5-1d4b-4bf3-8a02-3670e0fd67b4","name":"Ubuntu
      20.04 Focal Fossa","size":10000000000,"volume_type":"unified"},"state":"available","tags":[],"zone":"fr-par-1"},"ipv6":{"address":"2001:bc8:634:1011::1","gateway":"2001:bc8:634:1011::","netmask":"64"},"location":{"cluster_id":"41","hypervisor_id":"901","node_id":"18","platform_id":"14","zone_id":"par1"},"maintenances":[],"modification_date":"2023-02-14T13:37:54.194510+00:00","name":"tf-srv-friendly-haibt","organization":"ee7bd9e1-9cbd-4724-b2f4-19e50f3cf38b","placement_group":null,"private_ip":"10.70.112.35","private_nics":[],"project":"ee7bd9e1-9cbd-4724-b2f4-19e50f3cf38b","protected":false,"public_ip":null,"security_group":{"id":"a8f5f9bb-20a7-4244-9521-4cde6f510e0e","name":"Default
      security group"},"state":"running","state_detail":"booting kernel","tags":[],"volumes":{"0":{"boot":false,"creation_date":"2023-02-14T13:37:29.391409+00:00","export_uri":null,"id":"5400b33e-8a1e-4459-86b7-50ae8cb2c030","modification_date":"2023-02-14T13:37:29.391409+00:00","name":"Ubuntu
      20.04 Focal Fossa","organization":"ee7bd9e1-9cbd-4724-b2f4-19e50f3cf38b","project":"ee7bd9e1-9cbd-4724-b2f4-19e50f3cf38b","server":{"id":"7aee117b-0f39-42cb-b713-256eed2e93da","name":"tf-srv-friendly-haibt"},"size":20000000000,"state":"available","tags":[],"volume_type":"l_ssd","zone":"fr-par-1"}},"zone":"fr-par-1"}}'
    headers:
      Content-Length:
      - "2786"
      Content-Security-Policy:
      - default-src 'none'; frame-ancestors 'none'
      Content-Type:
      - application/json
      Date:
      - Tue, 14 Feb 2023 13:37:57 GMT
      Server:
      - Scaleway API-Gateway
      Strict-Transport-Security:
      - max-age=63072000
      X-Content-Type-Options:
      - nosniff
      X-Frame-Options:
      - DENY
      X-Request-Id:
      - 6491b10a-39c7-44f1-8e99-310e8e3926c9
    status: 200 OK
    code: 200
    duration: ""
- request:
    body: ""
    form: {}
    headers:
      User-Agent:
      - scaleway-sdk-go/v1.0.0-beta.7+dev (go1.19.1; linux; amd64) terraform-provider/develop
        terraform/terraform-tests
    url: https://api.scaleway.com/instance/v1/zones/fr-par-1/servers/7aee117b-0f39-42cb-b713-256eed2e93da
    method: GET
  response:
    body: '{"server":{"allowed_actions":["poweroff","terminate","reboot","stop_in_place","backup"],"arch":"x86_64","boot_type":"local","bootscript":{"architecture":"x86_64","bootcmdargs":"LINUX_COMMON
      scaleway boot=local nbd.max_part=16","default":true,"dtb":"","id":"fdfe150f-a870-4ce4-b432-9f56b5b995c1","initrd":"http://10.194.3.9/initrd/initrd-Linux-x86_64-v3.14.6.gz","kernel":"http://10.194.3.9/kernel/x86_64-mainline-lts-4.4-4.4.230-rev1/vmlinuz-4.4.230","organization":"11111111-1111-4111-8111-111111111111","project":"11111111-1111-4111-8111-111111111111","public":true,"title":"x86_64
      mainline 4.4.230 rev1","zone":"fr-par-1"},"commercial_type":"DEV1-S","creation_date":"2023-02-14T13:37:29.391409+00:00","dynamic_ip_required":false,"enable_ipv6":true,"extra_networks":[],"hostname":"tf-srv-friendly-haibt","id":"7aee117b-0f39-42cb-b713-256eed2e93da","image":{"arch":"x86_64","creation_date":"2022-11-17T16:48:17.919713+00:00","default_bootscript":null,"extra_volumes":{},"from_server":null,"id":"d318f34b-1044-482a-afe3-1be349690a13","modification_date":"2022-11-17T16:48:17.919713+00:00","name":"Ubuntu
      20.04 Focal Fossa","organization":"51b656e3-4865-41e8-adbc-0c45bdd780db","project":"51b656e3-4865-41e8-adbc-0c45bdd780db","public":true,"root_volume":{"id":"c18532d5-1d4b-4bf3-8a02-3670e0fd67b4","name":"Ubuntu
      20.04 Focal Fossa","size":10000000000,"volume_type":"unified"},"state":"available","tags":[],"zone":"fr-par-1"},"ipv6":{"address":"2001:bc8:634:1011::1","gateway":"2001:bc8:634:1011::","netmask":"64"},"location":{"cluster_id":"41","hypervisor_id":"901","node_id":"18","platform_id":"14","zone_id":"par1"},"maintenances":[],"modification_date":"2023-02-14T13:37:54.194510+00:00","name":"tf-srv-friendly-haibt","organization":"ee7bd9e1-9cbd-4724-b2f4-19e50f3cf38b","placement_group":null,"private_ip":"10.70.112.35","private_nics":[],"project":"ee7bd9e1-9cbd-4724-b2f4-19e50f3cf38b","protected":false,"public_ip":null,"security_group":{"id":"a8f5f9bb-20a7-4244-9521-4cde6f510e0e","name":"Default
      security group"},"state":"running","state_detail":"booting kernel","tags":[],"volumes":{"0":{"boot":false,"creation_date":"2023-02-14T13:37:29.391409+00:00","export_uri":null,"id":"5400b33e-8a1e-4459-86b7-50ae8cb2c030","modification_date":"2023-02-14T13:37:29.391409+00:00","name":"Ubuntu
      20.04 Focal Fossa","organization":"ee7bd9e1-9cbd-4724-b2f4-19e50f3cf38b","project":"ee7bd9e1-9cbd-4724-b2f4-19e50f3cf38b","server":{"id":"7aee117b-0f39-42cb-b713-256eed2e93da","name":"tf-srv-friendly-haibt"},"size":20000000000,"state":"available","tags":[],"volume_type":"l_ssd","zone":"fr-par-1"}},"zone":"fr-par-1"}}'
    headers:
      Content-Length:
      - "2786"
      Content-Security-Policy:
      - default-src 'none'; frame-ancestors 'none'
      Content-Type:
      - application/json
      Date:
      - Tue, 14 Feb 2023 13:37:57 GMT
      Server:
      - Scaleway API-Gateway
      Strict-Transport-Security:
      - max-age=63072000
      X-Content-Type-Options:
      - nosniff
      X-Frame-Options:
      - DENY
      X-Request-Id:
      - 9357605f-555e-43f9-9391-d22ada387ed8
    status: 200 OK
    code: 200
    duration: ""
- request:
    body: ""
    form: {}
    headers:
      User-Agent:
      - scaleway-sdk-go/v1.0.0-beta.7+dev (go1.19.1; linux; amd64) terraform-provider/develop
        terraform/terraform-tests
    url: https://api.scaleway.com/instance/v1/zones/fr-par-1/servers/7aee117b-0f39-42cb-b713-256eed2e93da/user_data
    method: GET
  response:
    body: '{"user_data":[]}'
    headers:
      Content-Length:
      - "17"
      Content-Security-Policy:
      - default-src 'none'; frame-ancestors 'none'
      Content-Type:
      - application/json
      Date:
      - Tue, 14 Feb 2023 13:37:57 GMT
      Server:
      - Scaleway API-Gateway
      Strict-Transport-Security:
      - max-age=63072000
      X-Content-Type-Options:
      - nosniff
      X-Frame-Options:
      - DENY
      X-Request-Id:
      - 57911fb0-6527-4cd2-b296-c91e8c260a36
    status: 200 OK
    code: 200
    duration: ""
- request:
    body: ""
    form: {}
    headers:
      User-Agent:
      - scaleway-sdk-go/v1.0.0-beta.7+dev (go1.19.1; linux; amd64) terraform-provider/develop
        terraform/terraform-tests
    url: https://api.scaleway.com/instance/v1/zones/fr-par-1/servers/7aee117b-0f39-42cb-b713-256eed2e93da/private_nics
    method: GET
  response:
    body: '{"private_nics":[]}'
    headers:
      Content-Length:
      - "20"
      Content-Security-Policy:
      - default-src 'none'; frame-ancestors 'none'
      Content-Type:
      - application/json
      Date:
      - Tue, 14 Feb 2023 13:37:57 GMT
      Server:
      - Scaleway API-Gateway
      Strict-Transport-Security:
      - max-age=63072000
      X-Content-Type-Options:
      - nosniff
      X-Frame-Options:
      - DENY
      X-Request-Id:
      - 37cf01b0-3e5f-4966-8f07-ba16a7de7628
    status: 200 OK
    code: 200
    duration: ""
- request:
    body: ""
    form: {}
    headers:
      User-Agent:
      - scaleway-sdk-go/v1.0.0-beta.7+dev (go1.19.1; linux; amd64) terraform-provider/develop
        terraform/terraform-tests
    url: https://api.scaleway.com/instance/v1/zones/fr-par-1/servers/7aee117b-0f39-42cb-b713-256eed2e93da
    method: GET
  response:
    body: '{"server":{"allowed_actions":["poweroff","terminate","reboot","stop_in_place","backup"],"arch":"x86_64","boot_type":"local","bootscript":{"architecture":"x86_64","bootcmdargs":"LINUX_COMMON
      scaleway boot=local nbd.max_part=16","default":true,"dtb":"","id":"fdfe150f-a870-4ce4-b432-9f56b5b995c1","initrd":"http://10.194.3.9/initrd/initrd-Linux-x86_64-v3.14.6.gz","kernel":"http://10.194.3.9/kernel/x86_64-mainline-lts-4.4-4.4.230-rev1/vmlinuz-4.4.230","organization":"11111111-1111-4111-8111-111111111111","project":"11111111-1111-4111-8111-111111111111","public":true,"title":"x86_64
      mainline 4.4.230 rev1","zone":"fr-par-1"},"commercial_type":"DEV1-S","creation_date":"2023-02-14T13:37:29.391409+00:00","dynamic_ip_required":false,"enable_ipv6":true,"extra_networks":[],"hostname":"tf-srv-friendly-haibt","id":"7aee117b-0f39-42cb-b713-256eed2e93da","image":{"arch":"x86_64","creation_date":"2022-11-17T16:48:17.919713+00:00","default_bootscript":null,"extra_volumes":{},"from_server":null,"id":"d318f34b-1044-482a-afe3-1be349690a13","modification_date":"2022-11-17T16:48:17.919713+00:00","name":"Ubuntu
      20.04 Focal Fossa","organization":"51b656e3-4865-41e8-adbc-0c45bdd780db","project":"51b656e3-4865-41e8-adbc-0c45bdd780db","public":true,"root_volume":{"id":"c18532d5-1d4b-4bf3-8a02-3670e0fd67b4","name":"Ubuntu
      20.04 Focal Fossa","size":10000000000,"volume_type":"unified"},"state":"available","tags":[],"zone":"fr-par-1"},"ipv6":{"address":"2001:bc8:634:1011::1","gateway":"2001:bc8:634:1011::","netmask":"64"},"location":{"cluster_id":"41","hypervisor_id":"901","node_id":"18","platform_id":"14","zone_id":"par1"},"maintenances":[],"modification_date":"2023-02-14T13:37:54.194510+00:00","name":"tf-srv-friendly-haibt","organization":"ee7bd9e1-9cbd-4724-b2f4-19e50f3cf38b","placement_group":null,"private_ip":"10.70.112.35","private_nics":[],"project":"ee7bd9e1-9cbd-4724-b2f4-19e50f3cf38b","protected":false,"public_ip":null,"security_group":{"id":"a8f5f9bb-20a7-4244-9521-4cde6f510e0e","name":"Default
      security group"},"state":"running","state_detail":"booting kernel","tags":[],"volumes":{"0":{"boot":false,"creation_date":"2023-02-14T13:37:29.391409+00:00","export_uri":null,"id":"5400b33e-8a1e-4459-86b7-50ae8cb2c030","modification_date":"2023-02-14T13:37:29.391409+00:00","name":"Ubuntu
      20.04 Focal Fossa","organization":"ee7bd9e1-9cbd-4724-b2f4-19e50f3cf38b","project":"ee7bd9e1-9cbd-4724-b2f4-19e50f3cf38b","server":{"id":"7aee117b-0f39-42cb-b713-256eed2e93da","name":"tf-srv-friendly-haibt"},"size":20000000000,"state":"available","tags":[],"volume_type":"l_ssd","zone":"fr-par-1"}},"zone":"fr-par-1"}}'
    headers:
      Content-Length:
      - "2786"
      Content-Security-Policy:
      - default-src 'none'; frame-ancestors 'none'
      Content-Type:
      - application/json
      Date:
      - Tue, 14 Feb 2023 13:37:57 GMT
      Server:
      - Scaleway API-Gateway
      Strict-Transport-Security:
      - max-age=63072000
      X-Content-Type-Options:
      - nosniff
      X-Frame-Options:
      - DENY
      X-Request-Id:
      - c2d05609-cf77-49ef-9800-726d462be28b
    status: 200 OK
    code: 200
    duration: ""
- request:
    body: ""
    form: {}
    headers:
      User-Agent:
      - scaleway-sdk-go/v1.0.0-beta.7+dev (go1.19.1; linux; amd64) terraform-provider/develop
        terraform/terraform-tests
    url: https://api.scaleway.com/instance/v1/zones/fr-par-1/servers/7aee117b-0f39-42cb-b713-256eed2e93da
    method: GET
  response:
    body: '{"server":{"allowed_actions":["poweroff","terminate","reboot","stop_in_place","backup"],"arch":"x86_64","boot_type":"local","bootscript":{"architecture":"x86_64","bootcmdargs":"LINUX_COMMON
      scaleway boot=local nbd.max_part=16","default":true,"dtb":"","id":"fdfe150f-a870-4ce4-b432-9f56b5b995c1","initrd":"http://10.194.3.9/initrd/initrd-Linux-x86_64-v3.14.6.gz","kernel":"http://10.194.3.9/kernel/x86_64-mainline-lts-4.4-4.4.230-rev1/vmlinuz-4.4.230","organization":"11111111-1111-4111-8111-111111111111","project":"11111111-1111-4111-8111-111111111111","public":true,"title":"x86_64
      mainline 4.4.230 rev1","zone":"fr-par-1"},"commercial_type":"DEV1-S","creation_date":"2023-02-14T13:37:29.391409+00:00","dynamic_ip_required":false,"enable_ipv6":true,"extra_networks":[],"hostname":"tf-srv-friendly-haibt","id":"7aee117b-0f39-42cb-b713-256eed2e93da","image":{"arch":"x86_64","creation_date":"2022-11-17T16:48:17.919713+00:00","default_bootscript":null,"extra_volumes":{},"from_server":null,"id":"d318f34b-1044-482a-afe3-1be349690a13","modification_date":"2022-11-17T16:48:17.919713+00:00","name":"Ubuntu
      20.04 Focal Fossa","organization":"51b656e3-4865-41e8-adbc-0c45bdd780db","project":"51b656e3-4865-41e8-adbc-0c45bdd780db","public":true,"root_volume":{"id":"c18532d5-1d4b-4bf3-8a02-3670e0fd67b4","name":"Ubuntu
      20.04 Focal Fossa","size":10000000000,"volume_type":"unified"},"state":"available","tags":[],"zone":"fr-par-1"},"ipv6":{"address":"2001:bc8:634:1011::1","gateway":"2001:bc8:634:1011::","netmask":"64"},"location":{"cluster_id":"41","hypervisor_id":"901","node_id":"18","platform_id":"14","zone_id":"par1"},"maintenances":[],"modification_date":"2023-02-14T13:37:54.194510+00:00","name":"tf-srv-friendly-haibt","organization":"ee7bd9e1-9cbd-4724-b2f4-19e50f3cf38b","placement_group":null,"private_ip":"10.70.112.35","private_nics":[],"project":"ee7bd9e1-9cbd-4724-b2f4-19e50f3cf38b","protected":false,"public_ip":null,"security_group":{"id":"a8f5f9bb-20a7-4244-9521-4cde6f510e0e","name":"Default
      security group"},"state":"running","state_detail":"booting kernel","tags":[],"volumes":{"0":{"boot":false,"creation_date":"2023-02-14T13:37:29.391409+00:00","export_uri":null,"id":"5400b33e-8a1e-4459-86b7-50ae8cb2c030","modification_date":"2023-02-14T13:37:29.391409+00:00","name":"Ubuntu
      20.04 Focal Fossa","organization":"ee7bd9e1-9cbd-4724-b2f4-19e50f3cf38b","project":"ee7bd9e1-9cbd-4724-b2f4-19e50f3cf38b","server":{"id":"7aee117b-0f39-42cb-b713-256eed2e93da","name":"tf-srv-friendly-haibt"},"size":20000000000,"state":"available","tags":[],"volume_type":"l_ssd","zone":"fr-par-1"}},"zone":"fr-par-1"}}'
    headers:
      Content-Length:
      - "2786"
      Content-Security-Policy:
      - default-src 'none'; frame-ancestors 'none'
      Content-Type:
      - application/json
      Date:
      - Tue, 14 Feb 2023 13:37:58 GMT
      Server:
      - Scaleway API-Gateway
      Strict-Transport-Security:
      - max-age=63072000
      X-Content-Type-Options:
      - nosniff
      X-Frame-Options:
      - DENY
      X-Request-Id:
      - 80ad1153-85d8-4415-a5dc-6e69266097f9
    status: 200 OK
    code: 200
    duration: ""
- request:
    body: ""
    form: {}
    headers:
      User-Agent:
      - scaleway-sdk-go/v1.0.0-beta.7+dev (go1.19.1; linux; amd64) terraform-provider/develop
        terraform/terraform-tests
    url: https://api.scaleway.com/instance/v1/zones/fr-par-1/servers/7aee117b-0f39-42cb-b713-256eed2e93da/user_data
    method: GET
  response:
    body: '{"user_data":[]}'
    headers:
      Content-Length:
      - "17"
      Content-Security-Policy:
      - default-src 'none'; frame-ancestors 'none'
      Content-Type:
      - application/json
      Date:
      - Tue, 14 Feb 2023 13:37:58 GMT
      Server:
      - Scaleway API-Gateway
      Strict-Transport-Security:
      - max-age=63072000
      X-Content-Type-Options:
      - nosniff
      X-Frame-Options:
      - DENY
      X-Request-Id:
      - 5a46bf30-73e0-4f01-9fa3-a23911b68909
    status: 200 OK
    code: 200
    duration: ""
- request:
    body: ""
    form: {}
    headers:
      User-Agent:
      - scaleway-sdk-go/v1.0.0-beta.7+dev (go1.19.1; linux; amd64) terraform-provider/develop
        terraform/terraform-tests
    url: https://api.scaleway.com/instance/v1/zones/fr-par-1/servers/7aee117b-0f39-42cb-b713-256eed2e93da/private_nics
    method: GET
  response:
    body: '{"private_nics":[]}'
    headers:
      Content-Length:
      - "20"
      Content-Security-Policy:
      - default-src 'none'; frame-ancestors 'none'
      Content-Type:
      - application/json
      Date:
      - Tue, 14 Feb 2023 13:37:58 GMT
      Server:
      - Scaleway API-Gateway
      Strict-Transport-Security:
      - max-age=63072000
      X-Content-Type-Options:
      - nosniff
      X-Frame-Options:
      - DENY
      X-Request-Id:
      - b9395699-31fc-4c40-8436-b526eb0561c1
    status: 200 OK
    code: 200
    duration: ""
- request:
    body: ""
    form: {}
    headers:
      User-Agent:
      - scaleway-sdk-go/v1.0.0-beta.7+dev (go1.19.1; linux; amd64) terraform-provider/develop
        terraform/terraform-tests
    url: https://api.scaleway.com/instance/v1/zones/fr-par-1/servers/7aee117b-0f39-42cb-b713-256eed2e93da
    method: GET
  response:
    body: '{"server":{"allowed_actions":["poweroff","terminate","reboot","stop_in_place","backup"],"arch":"x86_64","boot_type":"local","bootscript":{"architecture":"x86_64","bootcmdargs":"LINUX_COMMON
      scaleway boot=local nbd.max_part=16","default":true,"dtb":"","id":"fdfe150f-a870-4ce4-b432-9f56b5b995c1","initrd":"http://10.194.3.9/initrd/initrd-Linux-x86_64-v3.14.6.gz","kernel":"http://10.194.3.9/kernel/x86_64-mainline-lts-4.4-4.4.230-rev1/vmlinuz-4.4.230","organization":"11111111-1111-4111-8111-111111111111","project":"11111111-1111-4111-8111-111111111111","public":true,"title":"x86_64
      mainline 4.4.230 rev1","zone":"fr-par-1"},"commercial_type":"DEV1-S","creation_date":"2023-02-14T13:37:29.391409+00:00","dynamic_ip_required":false,"enable_ipv6":true,"extra_networks":[],"hostname":"tf-srv-friendly-haibt","id":"7aee117b-0f39-42cb-b713-256eed2e93da","image":{"arch":"x86_64","creation_date":"2022-11-17T16:48:17.919713+00:00","default_bootscript":null,"extra_volumes":{},"from_server":null,"id":"d318f34b-1044-482a-afe3-1be349690a13","modification_date":"2022-11-17T16:48:17.919713+00:00","name":"Ubuntu
      20.04 Focal Fossa","organization":"51b656e3-4865-41e8-adbc-0c45bdd780db","project":"51b656e3-4865-41e8-adbc-0c45bdd780db","public":true,"root_volume":{"id":"c18532d5-1d4b-4bf3-8a02-3670e0fd67b4","name":"Ubuntu
      20.04 Focal Fossa","size":10000000000,"volume_type":"unified"},"state":"available","tags":[],"zone":"fr-par-1"},"ipv6":{"address":"2001:bc8:634:1011::1","gateway":"2001:bc8:634:1011::","netmask":"64"},"location":{"cluster_id":"41","hypervisor_id":"901","node_id":"18","platform_id":"14","zone_id":"par1"},"maintenances":[],"modification_date":"2023-02-14T13:37:54.194510+00:00","name":"tf-srv-friendly-haibt","organization":"ee7bd9e1-9cbd-4724-b2f4-19e50f3cf38b","placement_group":null,"private_ip":"10.70.112.35","private_nics":[],"project":"ee7bd9e1-9cbd-4724-b2f4-19e50f3cf38b","protected":false,"public_ip":null,"security_group":{"id":"a8f5f9bb-20a7-4244-9521-4cde6f510e0e","name":"Default
      security group"},"state":"running","state_detail":"booting kernel","tags":[],"volumes":{"0":{"boot":false,"creation_date":"2023-02-14T13:37:29.391409+00:00","export_uri":null,"id":"5400b33e-8a1e-4459-86b7-50ae8cb2c030","modification_date":"2023-02-14T13:37:29.391409+00:00","name":"Ubuntu
      20.04 Focal Fossa","organization":"ee7bd9e1-9cbd-4724-b2f4-19e50f3cf38b","project":"ee7bd9e1-9cbd-4724-b2f4-19e50f3cf38b","server":{"id":"7aee117b-0f39-42cb-b713-256eed2e93da","name":"tf-srv-friendly-haibt"},"size":20000000000,"state":"available","tags":[],"volume_type":"l_ssd","zone":"fr-par-1"}},"zone":"fr-par-1"}}'
    headers:
      Content-Length:
      - "2786"
      Content-Security-Policy:
      - default-src 'none'; frame-ancestors 'none'
      Content-Type:
      - application/json
      Date:
      - Tue, 14 Feb 2023 13:37:58 GMT
      Server:
      - Scaleway API-Gateway
      Strict-Transport-Security:
      - max-age=63072000
      X-Content-Type-Options:
      - nosniff
      X-Frame-Options:
      - DENY
      X-Request-Id:
      - 31e3e426-c3a6-47cb-877a-eb2e1cb1bd2f
    status: 200 OK
    code: 200
    duration: ""
- request:
    body: ""
    form: {}
    headers:
      User-Agent:
      - scaleway-sdk-go/v1.0.0-beta.7+dev (go1.19.1; linux; amd64) terraform-provider/develop
        terraform/terraform-tests
    url: https://api.scaleway.com/instance/v1/zones/fr-par-1/servers/7aee117b-0f39-42cb-b713-256eed2e93da/user_data
    method: GET
  response:
    body: '{"user_data":[]}'
    headers:
      Content-Length:
      - "17"
      Content-Security-Policy:
      - default-src 'none'; frame-ancestors 'none'
      Content-Type:
      - application/json
      Date:
      - Tue, 14 Feb 2023 13:37:58 GMT
      Server:
      - Scaleway API-Gateway
      Strict-Transport-Security:
      - max-age=63072000
      X-Content-Type-Options:
      - nosniff
      X-Frame-Options:
      - DENY
      X-Request-Id:
      - 51d78691-747d-4bf8-964c-313fb319301e
    status: 200 OK
    code: 200
    duration: ""
- request:
    body: ""
    form: {}
    headers:
      User-Agent:
      - scaleway-sdk-go/v1.0.0-beta.7+dev (go1.19.1; linux; amd64) terraform-provider/develop
        terraform/terraform-tests
    url: https://api.scaleway.com/instance/v1/zones/fr-par-1/servers/7aee117b-0f39-42cb-b713-256eed2e93da/private_nics
    method: GET
  response:
    body: '{"private_nics":[]}'
    headers:
      Content-Length:
      - "20"
      Content-Security-Policy:
      - default-src 'none'; frame-ancestors 'none'
      Content-Type:
      - application/json
      Date:
      - Tue, 14 Feb 2023 13:37:59 GMT
      Server:
      - Scaleway API-Gateway
      Strict-Transport-Security:
      - max-age=63072000
      X-Content-Type-Options:
      - nosniff
      X-Frame-Options:
      - DENY
      X-Request-Id:
      - 2c5fefac-77be-4a27-9d90-2625000b38bf
    status: 200 OK
    code: 200
    duration: ""
- request:
    body: ""
    form: {}
    headers:
      User-Agent:
      - scaleway-sdk-go/v1.0.0-beta.7+dev (go1.19.1; linux; amd64) terraform-provider/develop
        terraform/terraform-tests
    url: https://api.scaleway.com/instance/v1/zones/fr-par-1/servers/7aee117b-0f39-42cb-b713-256eed2e93da
    method: GET
  response:
    body: '{"server":{"allowed_actions":["poweroff","terminate","reboot","stop_in_place","backup"],"arch":"x86_64","boot_type":"local","bootscript":{"architecture":"x86_64","bootcmdargs":"LINUX_COMMON
      scaleway boot=local nbd.max_part=16","default":true,"dtb":"","id":"fdfe150f-a870-4ce4-b432-9f56b5b995c1","initrd":"http://10.194.3.9/initrd/initrd-Linux-x86_64-v3.14.6.gz","kernel":"http://10.194.3.9/kernel/x86_64-mainline-lts-4.4-4.4.230-rev1/vmlinuz-4.4.230","organization":"11111111-1111-4111-8111-111111111111","project":"11111111-1111-4111-8111-111111111111","public":true,"title":"x86_64
      mainline 4.4.230 rev1","zone":"fr-par-1"},"commercial_type":"DEV1-S","creation_date":"2023-02-14T13:37:29.391409+00:00","dynamic_ip_required":false,"enable_ipv6":true,"extra_networks":[],"hostname":"tf-srv-friendly-haibt","id":"7aee117b-0f39-42cb-b713-256eed2e93da","image":{"arch":"x86_64","creation_date":"2022-11-17T16:48:17.919713+00:00","default_bootscript":null,"extra_volumes":{},"from_server":null,"id":"d318f34b-1044-482a-afe3-1be349690a13","modification_date":"2022-11-17T16:48:17.919713+00:00","name":"Ubuntu
      20.04 Focal Fossa","organization":"51b656e3-4865-41e8-adbc-0c45bdd780db","project":"51b656e3-4865-41e8-adbc-0c45bdd780db","public":true,"root_volume":{"id":"c18532d5-1d4b-4bf3-8a02-3670e0fd67b4","name":"Ubuntu
      20.04 Focal Fossa","size":10000000000,"volume_type":"unified"},"state":"available","tags":[],"zone":"fr-par-1"},"ipv6":{"address":"2001:bc8:634:1011::1","gateway":"2001:bc8:634:1011::","netmask":"64"},"location":{"cluster_id":"41","hypervisor_id":"901","node_id":"18","platform_id":"14","zone_id":"par1"},"maintenances":[],"modification_date":"2023-02-14T13:37:54.194510+00:00","name":"tf-srv-friendly-haibt","organization":"ee7bd9e1-9cbd-4724-b2f4-19e50f3cf38b","placement_group":null,"private_ip":"10.70.112.35","private_nics":[],"project":"ee7bd9e1-9cbd-4724-b2f4-19e50f3cf38b","protected":false,"public_ip":null,"security_group":{"id":"a8f5f9bb-20a7-4244-9521-4cde6f510e0e","name":"Default
      security group"},"state":"running","state_detail":"booting kernel","tags":[],"volumes":{"0":{"boot":false,"creation_date":"2023-02-14T13:37:29.391409+00:00","export_uri":null,"id":"5400b33e-8a1e-4459-86b7-50ae8cb2c030","modification_date":"2023-02-14T13:37:29.391409+00:00","name":"Ubuntu
      20.04 Focal Fossa","organization":"ee7bd9e1-9cbd-4724-b2f4-19e50f3cf38b","project":"ee7bd9e1-9cbd-4724-b2f4-19e50f3cf38b","server":{"id":"7aee117b-0f39-42cb-b713-256eed2e93da","name":"tf-srv-friendly-haibt"},"size":20000000000,"state":"available","tags":[],"volume_type":"l_ssd","zone":"fr-par-1"}},"zone":"fr-par-1"}}'
    headers:
      Content-Length:
      - "2786"
      Content-Security-Policy:
      - default-src 'none'; frame-ancestors 'none'
      Content-Type:
      - application/json
      Date:
      - Tue, 14 Feb 2023 13:37:59 GMT
      Server:
      - Scaleway API-Gateway
      Strict-Transport-Security:
      - max-age=63072000
      X-Content-Type-Options:
      - nosniff
      X-Frame-Options:
      - DENY
      X-Request-Id:
      - e27d7cdf-c938-43d1-b009-2a2983808a49
    status: 200 OK
    code: 200
    duration: ""
- request:
    body: '{"enable_ipv6":false}'
    form: {}
    headers:
      Content-Type:
      - application/json
      User-Agent:
      - scaleway-sdk-go/v1.0.0-beta.7+dev (go1.19.1; linux; amd64) terraform-provider/develop
        terraform/terraform-tests
    url: https://api.scaleway.com/instance/v1/zones/fr-par-1/servers/7aee117b-0f39-42cb-b713-256eed2e93da
    method: PATCH
  response:
    body: '{"server":{"allowed_actions":["poweroff","terminate","reboot","stop_in_place","backup"],"arch":"x86_64","boot_type":"local","bootscript":{"architecture":"x86_64","bootcmdargs":"LINUX_COMMON
      scaleway boot=local nbd.max_part=16","default":true,"dtb":"","id":"fdfe150f-a870-4ce4-b432-9f56b5b995c1","initrd":"http://10.194.3.9/initrd/initrd-Linux-x86_64-v3.14.6.gz","kernel":"http://10.194.3.9/kernel/x86_64-mainline-lts-4.4-4.4.230-rev1/vmlinuz-4.4.230","organization":"11111111-1111-4111-8111-111111111111","project":"11111111-1111-4111-8111-111111111111","public":true,"title":"x86_64
      mainline 4.4.230 rev1","zone":"fr-par-1"},"commercial_type":"DEV1-S","creation_date":"2023-02-14T13:37:29.391409+00:00","dynamic_ip_required":false,"enable_ipv6":false,"extra_networks":[],"hostname":"tf-srv-friendly-haibt","id":"7aee117b-0f39-42cb-b713-256eed2e93da","image":{"arch":"x86_64","creation_date":"2022-11-17T16:48:17.919713+00:00","default_bootscript":null,"extra_volumes":{},"from_server":null,"id":"d318f34b-1044-482a-afe3-1be349690a13","modification_date":"2022-11-17T16:48:17.919713+00:00","name":"Ubuntu
      20.04 Focal Fossa","organization":"51b656e3-4865-41e8-adbc-0c45bdd780db","project":"51b656e3-4865-41e8-adbc-0c45bdd780db","public":true,"root_volume":{"id":"c18532d5-1d4b-4bf3-8a02-3670e0fd67b4","name":"Ubuntu
      20.04 Focal Fossa","size":10000000000,"volume_type":"unified"},"state":"available","tags":[],"zone":"fr-par-1"},"ipv6":null,"location":{"cluster_id":"41","hypervisor_id":"901","node_id":"18","platform_id":"14","zone_id":"par1"},"maintenances":[],"modification_date":"2023-02-14T13:37:59.663966+00:00","name":"tf-srv-friendly-haibt","organization":"ee7bd9e1-9cbd-4724-b2f4-19e50f3cf38b","placement_group":null,"private_ip":"10.70.112.35","private_nics":[],"project":"ee7bd9e1-9cbd-4724-b2f4-19e50f3cf38b","protected":false,"public_ip":null,"security_group":{"id":"a8f5f9bb-20a7-4244-9521-4cde6f510e0e","name":"Default
      security group"},"state":"running","state_detail":"booting kernel","tags":[],"volumes":{"0":{"boot":false,"creation_date":"2023-02-14T13:37:29.391409+00:00","export_uri":null,"id":"5400b33e-8a1e-4459-86b7-50ae8cb2c030","modification_date":"2023-02-14T13:37:29.391409+00:00","name":"Ubuntu
      20.04 Focal Fossa","organization":"ee7bd9e1-9cbd-4724-b2f4-19e50f3cf38b","project":"ee7bd9e1-9cbd-4724-b2f4-19e50f3cf38b","server":{"id":"7aee117b-0f39-42cb-b713-256eed2e93da","name":"tf-srv-friendly-haibt"},"size":20000000000,"state":"available","tags":[],"volume_type":"l_ssd","zone":"fr-par-1"}},"zone":"fr-par-1"}}'
    headers:
      Content-Length:
      - "2705"
      Content-Security-Policy:
      - default-src 'none'; frame-ancestors 'none'
      Content-Type:
      - application/json
      Date:
      - Tue, 14 Feb 2023 13:38:00 GMT
      Server:
      - Scaleway API-Gateway
      Strict-Transport-Security:
      - max-age=63072000
      X-Content-Type-Options:
      - nosniff
      X-Frame-Options:
      - DENY
      X-Request-Id:
      - a9ee50a0-fb23-4966-b52d-341e86b4685b
    status: 200 OK
    code: 200
    duration: ""
- request:
    body: ""
    form: {}
    headers:
      User-Agent:
      - scaleway-sdk-go/v1.0.0-beta.7+dev (go1.19.1; linux; amd64) terraform-provider/develop
        terraform/terraform-tests
    url: https://api.scaleway.com/instance/v1/zones/fr-par-1/servers/7aee117b-0f39-42cb-b713-256eed2e93da
    method: GET
  response:
    body: '{"server":{"allowed_actions":["poweroff","terminate","reboot","stop_in_place","backup"],"arch":"x86_64","boot_type":"local","bootscript":{"architecture":"x86_64","bootcmdargs":"LINUX_COMMON
      scaleway boot=local nbd.max_part=16","default":true,"dtb":"","id":"fdfe150f-a870-4ce4-b432-9f56b5b995c1","initrd":"http://10.194.3.9/initrd/initrd-Linux-x86_64-v3.14.6.gz","kernel":"http://10.194.3.9/kernel/x86_64-mainline-lts-4.4-4.4.230-rev1/vmlinuz-4.4.230","organization":"11111111-1111-4111-8111-111111111111","project":"11111111-1111-4111-8111-111111111111","public":true,"title":"x86_64
      mainline 4.4.230 rev1","zone":"fr-par-1"},"commercial_type":"DEV1-S","creation_date":"2023-02-14T13:37:29.391409+00:00","dynamic_ip_required":false,"enable_ipv6":false,"extra_networks":[],"hostname":"tf-srv-friendly-haibt","id":"7aee117b-0f39-42cb-b713-256eed2e93da","image":{"arch":"x86_64","creation_date":"2022-11-17T16:48:17.919713+00:00","default_bootscript":null,"extra_volumes":{},"from_server":null,"id":"d318f34b-1044-482a-afe3-1be349690a13","modification_date":"2022-11-17T16:48:17.919713+00:00","name":"Ubuntu
      20.04 Focal Fossa","organization":"51b656e3-4865-41e8-adbc-0c45bdd780db","project":"51b656e3-4865-41e8-adbc-0c45bdd780db","public":true,"root_volume":{"id":"c18532d5-1d4b-4bf3-8a02-3670e0fd67b4","name":"Ubuntu
      20.04 Focal Fossa","size":10000000000,"volume_type":"unified"},"state":"available","tags":[],"zone":"fr-par-1"},"ipv6":null,"location":{"cluster_id":"41","hypervisor_id":"901","node_id":"18","platform_id":"14","zone_id":"par1"},"maintenances":[],"modification_date":"2023-02-14T13:37:59.663966+00:00","name":"tf-srv-friendly-haibt","organization":"ee7bd9e1-9cbd-4724-b2f4-19e50f3cf38b","placement_group":null,"private_ip":"10.70.112.35","private_nics":[],"project":"ee7bd9e1-9cbd-4724-b2f4-19e50f3cf38b","protected":false,"public_ip":null,"security_group":{"id":"a8f5f9bb-20a7-4244-9521-4cde6f510e0e","name":"Default
      security group"},"state":"running","state_detail":"booting kernel","tags":[],"volumes":{"0":{"boot":false,"creation_date":"2023-02-14T13:37:29.391409+00:00","export_uri":null,"id":"5400b33e-8a1e-4459-86b7-50ae8cb2c030","modification_date":"2023-02-14T13:37:29.391409+00:00","name":"Ubuntu
      20.04 Focal Fossa","organization":"ee7bd9e1-9cbd-4724-b2f4-19e50f3cf38b","project":"ee7bd9e1-9cbd-4724-b2f4-19e50f3cf38b","server":{"id":"7aee117b-0f39-42cb-b713-256eed2e93da","name":"tf-srv-friendly-haibt"},"size":20000000000,"state":"available","tags":[],"volume_type":"l_ssd","zone":"fr-par-1"}},"zone":"fr-par-1"}}'
    headers:
      Content-Length:
      - "2705"
      Content-Security-Policy:
      - default-src 'none'; frame-ancestors 'none'
      Content-Type:
      - application/json
      Date:
      - Tue, 14 Feb 2023 13:38:00 GMT
      Server:
      - Scaleway API-Gateway
      Strict-Transport-Security:
      - max-age=63072000
      X-Content-Type-Options:
      - nosniff
      X-Frame-Options:
      - DENY
      X-Request-Id:
      - 082bee0c-832f-4bc3-b608-ab6750843bfb
    status: 200 OK
    code: 200
    duration: ""
- request:
    body: ""
    form: {}
    headers:
      User-Agent:
      - scaleway-sdk-go/v1.0.0-beta.7+dev (go1.19.1; linux; amd64) terraform-provider/develop
        terraform/terraform-tests
    url: https://api.scaleway.com/instance/v1/zones/fr-par-1/servers/7aee117b-0f39-42cb-b713-256eed2e93da
    method: GET
  response:
    body: '{"server":{"allowed_actions":["poweroff","terminate","reboot","stop_in_place","backup"],"arch":"x86_64","boot_type":"local","bootscript":{"architecture":"x86_64","bootcmdargs":"LINUX_COMMON
      scaleway boot=local nbd.max_part=16","default":true,"dtb":"","id":"fdfe150f-a870-4ce4-b432-9f56b5b995c1","initrd":"http://10.194.3.9/initrd/initrd-Linux-x86_64-v3.14.6.gz","kernel":"http://10.194.3.9/kernel/x86_64-mainline-lts-4.4-4.4.230-rev1/vmlinuz-4.4.230","organization":"11111111-1111-4111-8111-111111111111","project":"11111111-1111-4111-8111-111111111111","public":true,"title":"x86_64
      mainline 4.4.230 rev1","zone":"fr-par-1"},"commercial_type":"DEV1-S","creation_date":"2023-02-14T13:37:29.391409+00:00","dynamic_ip_required":false,"enable_ipv6":false,"extra_networks":[],"hostname":"tf-srv-friendly-haibt","id":"7aee117b-0f39-42cb-b713-256eed2e93da","image":{"arch":"x86_64","creation_date":"2022-11-17T16:48:17.919713+00:00","default_bootscript":null,"extra_volumes":{},"from_server":null,"id":"d318f34b-1044-482a-afe3-1be349690a13","modification_date":"2022-11-17T16:48:17.919713+00:00","name":"Ubuntu
      20.04 Focal Fossa","organization":"51b656e3-4865-41e8-adbc-0c45bdd780db","project":"51b656e3-4865-41e8-adbc-0c45bdd780db","public":true,"root_volume":{"id":"c18532d5-1d4b-4bf3-8a02-3670e0fd67b4","name":"Ubuntu
      20.04 Focal Fossa","size":10000000000,"volume_type":"unified"},"state":"available","tags":[],"zone":"fr-par-1"},"ipv6":null,"location":{"cluster_id":"41","hypervisor_id":"901","node_id":"18","platform_id":"14","zone_id":"par1"},"maintenances":[],"modification_date":"2023-02-14T13:37:59.663966+00:00","name":"tf-srv-friendly-haibt","organization":"ee7bd9e1-9cbd-4724-b2f4-19e50f3cf38b","placement_group":null,"private_ip":"10.70.112.35","private_nics":[],"project":"ee7bd9e1-9cbd-4724-b2f4-19e50f3cf38b","protected":false,"public_ip":null,"security_group":{"id":"a8f5f9bb-20a7-4244-9521-4cde6f510e0e","name":"Default
      security group"},"state":"running","state_detail":"booting kernel","tags":[],"volumes":{"0":{"boot":false,"creation_date":"2023-02-14T13:37:29.391409+00:00","export_uri":null,"id":"5400b33e-8a1e-4459-86b7-50ae8cb2c030","modification_date":"2023-02-14T13:37:29.391409+00:00","name":"Ubuntu
      20.04 Focal Fossa","organization":"ee7bd9e1-9cbd-4724-b2f4-19e50f3cf38b","project":"ee7bd9e1-9cbd-4724-b2f4-19e50f3cf38b","server":{"id":"7aee117b-0f39-42cb-b713-256eed2e93da","name":"tf-srv-friendly-haibt"},"size":20000000000,"state":"available","tags":[],"volume_type":"l_ssd","zone":"fr-par-1"}},"zone":"fr-par-1"}}'
    headers:
      Content-Length:
      - "2705"
      Content-Security-Policy:
      - default-src 'none'; frame-ancestors 'none'
      Content-Type:
      - application/json
      Date:
      - Tue, 14 Feb 2023 13:38:00 GMT
      Server:
      - Scaleway API-Gateway
      Strict-Transport-Security:
      - max-age=63072000
      X-Content-Type-Options:
      - nosniff
      X-Frame-Options:
      - DENY
      X-Request-Id:
      - b220f296-81e0-4bdb-b9cb-c98fdd8e0fde
    status: 200 OK
    code: 200
    duration: ""
- request:
    body: ""
    form: {}
    headers:
      User-Agent:
      - scaleway-sdk-go/v1.0.0-beta.7+dev (go1.19.1; linux; amd64) terraform-provider/develop
        terraform/terraform-tests
    url: https://api.scaleway.com/instance/v1/zones/fr-par-1/servers/7aee117b-0f39-42cb-b713-256eed2e93da/user_data
    method: GET
  response:
    body: '{"user_data":[]}'
    headers:
      Content-Length:
      - "17"
      Content-Security-Policy:
      - default-src 'none'; frame-ancestors 'none'
      Content-Type:
      - application/json
      Date:
      - Tue, 14 Feb 2023 13:38:00 GMT
      Server:
      - Scaleway API-Gateway
      Strict-Transport-Security:
      - max-age=63072000
      X-Content-Type-Options:
      - nosniff
      X-Frame-Options:
      - DENY
      X-Request-Id:
      - 68d6ecd9-b04e-4800-baf9-ed2c1211e720
    status: 200 OK
    code: 200
    duration: ""
- request:
    body: ""
    form: {}
    headers:
      User-Agent:
      - scaleway-sdk-go/v1.0.0-beta.7+dev (go1.19.1; linux; amd64) terraform-provider/develop
        terraform/terraform-tests
    url: https://api.scaleway.com/instance/v1/zones/fr-par-1/servers/7aee117b-0f39-42cb-b713-256eed2e93da/private_nics
    method: GET
  response:
    body: '{"private_nics":[]}'
    headers:
      Content-Length:
      - "20"
      Content-Security-Policy:
      - default-src 'none'; frame-ancestors 'none'
      Content-Type:
      - application/json
      Date:
      - Tue, 14 Feb 2023 13:38:00 GMT
      Server:
      - Scaleway API-Gateway
      Strict-Transport-Security:
      - max-age=63072000
      X-Content-Type-Options:
      - nosniff
      X-Frame-Options:
      - DENY
      X-Request-Id:
      - 9b3ac3ea-f753-4fc3-86e8-4a6173c2d33b
    status: 200 OK
    code: 200
    duration: ""
- request:
    body: ""
    form: {}
    headers:
      User-Agent:
      - scaleway-sdk-go/v1.0.0-beta.7+dev (go1.19.1; linux; amd64) terraform-provider/develop
        terraform/terraform-tests
    url: https://api.scaleway.com/instance/v1/zones/fr-par-1/servers/7aee117b-0f39-42cb-b713-256eed2e93da
    method: GET
  response:
    body: '{"server":{"allowed_actions":["poweroff","terminate","reboot","stop_in_place","backup"],"arch":"x86_64","boot_type":"local","bootscript":{"architecture":"x86_64","bootcmdargs":"LINUX_COMMON
      scaleway boot=local nbd.max_part=16","default":true,"dtb":"","id":"fdfe150f-a870-4ce4-b432-9f56b5b995c1","initrd":"http://10.194.3.9/initrd/initrd-Linux-x86_64-v3.14.6.gz","kernel":"http://10.194.3.9/kernel/x86_64-mainline-lts-4.4-4.4.230-rev1/vmlinuz-4.4.230","organization":"11111111-1111-4111-8111-111111111111","project":"11111111-1111-4111-8111-111111111111","public":true,"title":"x86_64
      mainline 4.4.230 rev1","zone":"fr-par-1"},"commercial_type":"DEV1-S","creation_date":"2023-02-14T13:37:29.391409+00:00","dynamic_ip_required":false,"enable_ipv6":false,"extra_networks":[],"hostname":"tf-srv-friendly-haibt","id":"7aee117b-0f39-42cb-b713-256eed2e93da","image":{"arch":"x86_64","creation_date":"2022-11-17T16:48:17.919713+00:00","default_bootscript":null,"extra_volumes":{},"from_server":null,"id":"d318f34b-1044-482a-afe3-1be349690a13","modification_date":"2022-11-17T16:48:17.919713+00:00","name":"Ubuntu
      20.04 Focal Fossa","organization":"51b656e3-4865-41e8-adbc-0c45bdd780db","project":"51b656e3-4865-41e8-adbc-0c45bdd780db","public":true,"root_volume":{"id":"c18532d5-1d4b-4bf3-8a02-3670e0fd67b4","name":"Ubuntu
      20.04 Focal Fossa","size":10000000000,"volume_type":"unified"},"state":"available","tags":[],"zone":"fr-par-1"},"ipv6":null,"location":{"cluster_id":"41","hypervisor_id":"901","node_id":"18","platform_id":"14","zone_id":"par1"},"maintenances":[],"modification_date":"2023-02-14T13:37:59.663966+00:00","name":"tf-srv-friendly-haibt","organization":"ee7bd9e1-9cbd-4724-b2f4-19e50f3cf38b","placement_group":null,"private_ip":"10.70.112.35","private_nics":[],"project":"ee7bd9e1-9cbd-4724-b2f4-19e50f3cf38b","protected":false,"public_ip":null,"security_group":{"id":"a8f5f9bb-20a7-4244-9521-4cde6f510e0e","name":"Default
      security group"},"state":"running","state_detail":"booting kernel","tags":[],"volumes":{"0":{"boot":false,"creation_date":"2023-02-14T13:37:29.391409+00:00","export_uri":null,"id":"5400b33e-8a1e-4459-86b7-50ae8cb2c030","modification_date":"2023-02-14T13:37:29.391409+00:00","name":"Ubuntu
      20.04 Focal Fossa","organization":"ee7bd9e1-9cbd-4724-b2f4-19e50f3cf38b","project":"ee7bd9e1-9cbd-4724-b2f4-19e50f3cf38b","server":{"id":"7aee117b-0f39-42cb-b713-256eed2e93da","name":"tf-srv-friendly-haibt"},"size":20000000000,"state":"available","tags":[],"volume_type":"l_ssd","zone":"fr-par-1"}},"zone":"fr-par-1"}}'
    headers:
      Content-Length:
      - "2705"
      Content-Security-Policy:
      - default-src 'none'; frame-ancestors 'none'
      Content-Type:
      - application/json
      Date:
      - Tue, 14 Feb 2023 13:38:00 GMT
      Server:
      - Scaleway API-Gateway
      Strict-Transport-Security:
      - max-age=63072000
      X-Content-Type-Options:
      - nosniff
      X-Frame-Options:
      - DENY
      X-Request-Id:
      - 5802144b-5eee-49d2-ba47-c6555a69e2e4
    status: 200 OK
    code: 200
    duration: ""
- request:
    body: ""
    form: {}
    headers:
      User-Agent:
      - scaleway-sdk-go/v1.0.0-beta.7+dev (go1.19.1; linux; amd64) terraform-provider/develop
        terraform/terraform-tests
    url: https://api.scaleway.com/instance/v1/zones/fr-par-1/servers/7aee117b-0f39-42cb-b713-256eed2e93da
    method: GET
  response:
    body: '{"server":{"allowed_actions":["poweroff","terminate","reboot","stop_in_place","backup"],"arch":"x86_64","boot_type":"local","bootscript":{"architecture":"x86_64","bootcmdargs":"LINUX_COMMON
      scaleway boot=local nbd.max_part=16","default":true,"dtb":"","id":"fdfe150f-a870-4ce4-b432-9f56b5b995c1","initrd":"http://10.194.3.9/initrd/initrd-Linux-x86_64-v3.14.6.gz","kernel":"http://10.194.3.9/kernel/x86_64-mainline-lts-4.4-4.4.230-rev1/vmlinuz-4.4.230","organization":"11111111-1111-4111-8111-111111111111","project":"11111111-1111-4111-8111-111111111111","public":true,"title":"x86_64
      mainline 4.4.230 rev1","zone":"fr-par-1"},"commercial_type":"DEV1-S","creation_date":"2023-02-14T13:37:29.391409+00:00","dynamic_ip_required":false,"enable_ipv6":false,"extra_networks":[],"hostname":"tf-srv-friendly-haibt","id":"7aee117b-0f39-42cb-b713-256eed2e93da","image":{"arch":"x86_64","creation_date":"2022-11-17T16:48:17.919713+00:00","default_bootscript":null,"extra_volumes":{},"from_server":null,"id":"d318f34b-1044-482a-afe3-1be349690a13","modification_date":"2022-11-17T16:48:17.919713+00:00","name":"Ubuntu
      20.04 Focal Fossa","organization":"51b656e3-4865-41e8-adbc-0c45bdd780db","project":"51b656e3-4865-41e8-adbc-0c45bdd780db","public":true,"root_volume":{"id":"c18532d5-1d4b-4bf3-8a02-3670e0fd67b4","name":"Ubuntu
      20.04 Focal Fossa","size":10000000000,"volume_type":"unified"},"state":"available","tags":[],"zone":"fr-par-1"},"ipv6":null,"location":{"cluster_id":"41","hypervisor_id":"901","node_id":"18","platform_id":"14","zone_id":"par1"},"maintenances":[],"modification_date":"2023-02-14T13:37:59.663966+00:00","name":"tf-srv-friendly-haibt","organization":"ee7bd9e1-9cbd-4724-b2f4-19e50f3cf38b","placement_group":null,"private_ip":"10.70.112.35","private_nics":[],"project":"ee7bd9e1-9cbd-4724-b2f4-19e50f3cf38b","protected":false,"public_ip":null,"security_group":{"id":"a8f5f9bb-20a7-4244-9521-4cde6f510e0e","name":"Default
      security group"},"state":"running","state_detail":"booting kernel","tags":[],"volumes":{"0":{"boot":false,"creation_date":"2023-02-14T13:37:29.391409+00:00","export_uri":null,"id":"5400b33e-8a1e-4459-86b7-50ae8cb2c030","modification_date":"2023-02-14T13:37:29.391409+00:00","name":"Ubuntu
      20.04 Focal Fossa","organization":"ee7bd9e1-9cbd-4724-b2f4-19e50f3cf38b","project":"ee7bd9e1-9cbd-4724-b2f4-19e50f3cf38b","server":{"id":"7aee117b-0f39-42cb-b713-256eed2e93da","name":"tf-srv-friendly-haibt"},"size":20000000000,"state":"available","tags":[],"volume_type":"l_ssd","zone":"fr-par-1"}},"zone":"fr-par-1"}}'
    headers:
      Content-Length:
      - "2705"
      Content-Security-Policy:
      - default-src 'none'; frame-ancestors 'none'
      Content-Type:
      - application/json
      Date:
      - Tue, 14 Feb 2023 13:38:01 GMT
      Server:
      - Scaleway API-Gateway
      Strict-Transport-Security:
      - max-age=63072000
      X-Content-Type-Options:
      - nosniff
      X-Frame-Options:
      - DENY
      X-Request-Id:
      - 38ed39d2-08bf-41ee-812e-93191b2e00e3
    status: 200 OK
    code: 200
    duration: ""
- request:
    body: ""
    form: {}
    headers:
      User-Agent:
      - scaleway-sdk-go/v1.0.0-beta.7+dev (go1.19.1; linux; amd64) terraform-provider/develop
        terraform/terraform-tests
    url: https://api.scaleway.com/instance/v1/zones/fr-par-1/servers/7aee117b-0f39-42cb-b713-256eed2e93da/user_data
    method: GET
  response:
    body: '{"user_data":[]}'
    headers:
      Content-Length:
      - "17"
      Content-Security-Policy:
      - default-src 'none'; frame-ancestors 'none'
      Content-Type:
      - application/json
      Date:
      - Tue, 14 Feb 2023 13:38:01 GMT
      Server:
      - Scaleway API-Gateway
      Strict-Transport-Security:
      - max-age=63072000
      X-Content-Type-Options:
      - nosniff
      X-Frame-Options:
      - DENY
      X-Request-Id:
      - b75928cd-2831-4657-acd4-57cae66c24f6
    status: 200 OK
    code: 200
    duration: ""
- request:
    body: ""
    form: {}
    headers:
      User-Agent:
      - scaleway-sdk-go/v1.0.0-beta.7+dev (go1.19.1; linux; amd64) terraform-provider/develop
        terraform/terraform-tests
    url: https://api.scaleway.com/instance/v1/zones/fr-par-1/servers/7aee117b-0f39-42cb-b713-256eed2e93da/private_nics
    method: GET
  response:
    body: '{"private_nics":[]}'
    headers:
      Content-Length:
      - "20"
      Content-Security-Policy:
      - default-src 'none'; frame-ancestors 'none'
      Content-Type:
      - application/json
      Date:
      - Tue, 14 Feb 2023 13:38:01 GMT
      Server:
      - Scaleway API-Gateway
      Strict-Transport-Security:
      - max-age=63072000
      X-Content-Type-Options:
      - nosniff
      X-Frame-Options:
      - DENY
      X-Request-Id:
      - 1c2f5a06-29f9-450c-bdd3-b0378b1deb14
    status: 200 OK
    code: 200
    duration: ""
- request:
    body: ""
    form: {}
    headers:
      User-Agent:
      - scaleway-sdk-go/v1.0.0-beta.7+dev (go1.19.1; linux; amd64) terraform-provider/develop
        terraform/terraform-tests
    url: https://api.scaleway.com/instance/v1/zones/fr-par-1/servers/7aee117b-0f39-42cb-b713-256eed2e93da
    method: GET
  response:
    body: '{"server":{"allowed_actions":["poweroff","terminate","reboot","stop_in_place","backup"],"arch":"x86_64","boot_type":"local","bootscript":{"architecture":"x86_64","bootcmdargs":"LINUX_COMMON
      scaleway boot=local nbd.max_part=16","default":true,"dtb":"","id":"fdfe150f-a870-4ce4-b432-9f56b5b995c1","initrd":"http://10.194.3.9/initrd/initrd-Linux-x86_64-v3.14.6.gz","kernel":"http://10.194.3.9/kernel/x86_64-mainline-lts-4.4-4.4.230-rev1/vmlinuz-4.4.230","organization":"11111111-1111-4111-8111-111111111111","project":"11111111-1111-4111-8111-111111111111","public":true,"title":"x86_64
      mainline 4.4.230 rev1","zone":"fr-par-1"},"commercial_type":"DEV1-S","creation_date":"2023-02-14T13:37:29.391409+00:00","dynamic_ip_required":false,"enable_ipv6":false,"extra_networks":[],"hostname":"tf-srv-friendly-haibt","id":"7aee117b-0f39-42cb-b713-256eed2e93da","image":{"arch":"x86_64","creation_date":"2022-11-17T16:48:17.919713+00:00","default_bootscript":null,"extra_volumes":{},"from_server":null,"id":"d318f34b-1044-482a-afe3-1be349690a13","modification_date":"2022-11-17T16:48:17.919713+00:00","name":"Ubuntu
      20.04 Focal Fossa","organization":"51b656e3-4865-41e8-adbc-0c45bdd780db","project":"51b656e3-4865-41e8-adbc-0c45bdd780db","public":true,"root_volume":{"id":"c18532d5-1d4b-4bf3-8a02-3670e0fd67b4","name":"Ubuntu
      20.04 Focal Fossa","size":10000000000,"volume_type":"unified"},"state":"available","tags":[],"zone":"fr-par-1"},"ipv6":null,"location":{"cluster_id":"41","hypervisor_id":"901","node_id":"18","platform_id":"14","zone_id":"par1"},"maintenances":[],"modification_date":"2023-02-14T13:37:59.663966+00:00","name":"tf-srv-friendly-haibt","organization":"ee7bd9e1-9cbd-4724-b2f4-19e50f3cf38b","placement_group":null,"private_ip":"10.70.112.35","private_nics":[],"project":"ee7bd9e1-9cbd-4724-b2f4-19e50f3cf38b","protected":false,"public_ip":null,"security_group":{"id":"a8f5f9bb-20a7-4244-9521-4cde6f510e0e","name":"Default
      security group"},"state":"running","state_detail":"booting kernel","tags":[],"volumes":{"0":{"boot":false,"creation_date":"2023-02-14T13:37:29.391409+00:00","export_uri":null,"id":"5400b33e-8a1e-4459-86b7-50ae8cb2c030","modification_date":"2023-02-14T13:37:29.391409+00:00","name":"Ubuntu
      20.04 Focal Fossa","organization":"ee7bd9e1-9cbd-4724-b2f4-19e50f3cf38b","project":"ee7bd9e1-9cbd-4724-b2f4-19e50f3cf38b","server":{"id":"7aee117b-0f39-42cb-b713-256eed2e93da","name":"tf-srv-friendly-haibt"},"size":20000000000,"state":"available","tags":[],"volume_type":"l_ssd","zone":"fr-par-1"}},"zone":"fr-par-1"}}'
    headers:
      Content-Length:
      - "2705"
      Content-Security-Policy:
      - default-src 'none'; frame-ancestors 'none'
      Content-Type:
      - application/json
      Date:
      - Tue, 14 Feb 2023 13:38:01 GMT
      Server:
      - Scaleway API-Gateway
      Strict-Transport-Security:
      - max-age=63072000
      X-Content-Type-Options:
      - nosniff
      X-Frame-Options:
      - DENY
      X-Request-Id:
      - af80277f-aca7-4a8f-aec0-7c9dc82956b7
    status: 200 OK
    code: 200
    duration: ""
- request:
    body: '{"action":"poweroff"}'
    form: {}
    headers:
      Content-Type:
      - application/json
      User-Agent:
      - scaleway-sdk-go/v1.0.0-beta.7+dev (go1.19.1; linux; amd64) terraform-provider/develop
        terraform/terraform-tests
    url: https://api.scaleway.com/instance/v1/zones/fr-par-1/servers/7aee117b-0f39-42cb-b713-256eed2e93da/action
    method: POST
  response:
    body: '{"task":{"description":"server_poweroff","href_from":"/servers/7aee117b-0f39-42cb-b713-256eed2e93da/action","href_result":"/servers/7aee117b-0f39-42cb-b713-256eed2e93da","id":"e7234579-8ca7-4b70-9939-66901ce8b1b0","started_at":"2023-02-14T13:38:02.326920+00:00","status":"pending","terminated_at":null}}'
    headers:
      Content-Length:
      - "317"
      Content-Security-Policy:
      - default-src 'none'; frame-ancestors 'none'
      Content-Type:
      - application/json
      Date:
      - Tue, 14 Feb 2023 13:38:02 GMT
      Location:
      - https://api.scaleway.com/instance/v1/zones/fr-par-1/tasks/e7234579-8ca7-4b70-9939-66901ce8b1b0
      Server:
      - Scaleway API-Gateway
      Strict-Transport-Security:
      - max-age=63072000
      X-Content-Type-Options:
      - nosniff
      X-Frame-Options:
      - DENY
      X-Request-Id:
      - f0ebd94b-c0dc-4967-81de-989a7ec39519
    status: 202 Accepted
    code: 202
    duration: ""
- request:
    body: ""
    form: {}
    headers:
      User-Agent:
      - scaleway-sdk-go/v1.0.0-beta.7+dev (go1.19.1; linux; amd64) terraform-provider/develop
        terraform/terraform-tests
    url: https://api.scaleway.com/instance/v1/zones/fr-par-1/servers/7aee117b-0f39-42cb-b713-256eed2e93da
    method: GET
  response:
    body: '{"server":{"allowed_actions":["stop_in_place","backup"],"arch":"x86_64","boot_type":"local","bootscript":{"architecture":"x86_64","bootcmdargs":"LINUX_COMMON
      scaleway boot=local nbd.max_part=16","default":true,"dtb":"","id":"fdfe150f-a870-4ce4-b432-9f56b5b995c1","initrd":"http://10.194.3.9/initrd/initrd-Linux-x86_64-v3.14.6.gz","kernel":"http://10.194.3.9/kernel/x86_64-mainline-lts-4.4-4.4.230-rev1/vmlinuz-4.4.230","organization":"11111111-1111-4111-8111-111111111111","project":"11111111-1111-4111-8111-111111111111","public":true,"title":"x86_64
      mainline 4.4.230 rev1","zone":"fr-par-1"},"commercial_type":"DEV1-S","creation_date":"2023-02-14T13:37:29.391409+00:00","dynamic_ip_required":false,"enable_ipv6":false,"extra_networks":[],"hostname":"tf-srv-friendly-haibt","id":"7aee117b-0f39-42cb-b713-256eed2e93da","image":{"arch":"x86_64","creation_date":"2022-11-17T16:48:17.919713+00:00","default_bootscript":null,"extra_volumes":{},"from_server":null,"id":"d318f34b-1044-482a-afe3-1be349690a13","modification_date":"2022-11-17T16:48:17.919713+00:00","name":"Ubuntu
      20.04 Focal Fossa","organization":"51b656e3-4865-41e8-adbc-0c45bdd780db","project":"51b656e3-4865-41e8-adbc-0c45bdd780db","public":true,"root_volume":{"id":"c18532d5-1d4b-4bf3-8a02-3670e0fd67b4","name":"Ubuntu
      20.04 Focal Fossa","size":10000000000,"volume_type":"unified"},"state":"available","tags":[],"zone":"fr-par-1"},"ipv6":null,"location":{"cluster_id":"41","hypervisor_id":"901","node_id":"18","platform_id":"14","zone_id":"par1"},"maintenances":[],"modification_date":"2023-02-14T13:38:02.000578+00:00","name":"tf-srv-friendly-haibt","organization":"ee7bd9e1-9cbd-4724-b2f4-19e50f3cf38b","placement_group":null,"private_ip":"10.70.112.35","private_nics":[],"project":"ee7bd9e1-9cbd-4724-b2f4-19e50f3cf38b","protected":false,"public_ip":null,"security_group":{"id":"a8f5f9bb-20a7-4244-9521-4cde6f510e0e","name":"Default
      security group"},"state":"stopping","state_detail":"launching Action.POWEROFF
      task","tags":[],"volumes":{"0":{"boot":false,"creation_date":"2023-02-14T13:37:29.391409+00:00","export_uri":null,"id":"5400b33e-8a1e-4459-86b7-50ae8cb2c030","modification_date":"2023-02-14T13:37:29.391409+00:00","name":"Ubuntu
      20.04 Focal Fossa","organization":"ee7bd9e1-9cbd-4724-b2f4-19e50f3cf38b","project":"ee7bd9e1-9cbd-4724-b2f4-19e50f3cf38b","server":{"id":"7aee117b-0f39-42cb-b713-256eed2e93da","name":"tf-srv-friendly-haibt"},"size":20000000000,"state":"available","tags":[],"volume_type":"l_ssd","zone":"fr-par-1"}},"zone":"fr-par-1"}}'
    headers:
      Content-Length:
      - "2687"
      Content-Security-Policy:
      - default-src 'none'; frame-ancestors 'none'
      Content-Type:
      - application/json
      Date:
      - Tue, 14 Feb 2023 13:38:02 GMT
      Server:
      - Scaleway API-Gateway
      Strict-Transport-Security:
      - max-age=63072000
      X-Content-Type-Options:
      - nosniff
      X-Frame-Options:
      - DENY
      X-Request-Id:
      - a8b4c564-07dc-427a-a49b-f1d226ff2472
    status: 200 OK
    code: 200
    duration: ""
- request:
    body: ""
    form: {}
    headers:
      User-Agent:
      - scaleway-sdk-go/v1.0.0-beta.7+dev (go1.19.1; linux; amd64) terraform-provider/develop
        terraform/terraform-tests
    url: https://api.scaleway.com/instance/v1/zones/fr-par-1/servers/7aee117b-0f39-42cb-b713-256eed2e93da
    method: GET
  response:
    body: '{"server":{"allowed_actions":["stop_in_place","backup"],"arch":"x86_64","boot_type":"local","bootscript":{"architecture":"x86_64","bootcmdargs":"LINUX_COMMON
      scaleway boot=local nbd.max_part=16","default":true,"dtb":"","id":"fdfe150f-a870-4ce4-b432-9f56b5b995c1","initrd":"http://10.194.3.9/initrd/initrd-Linux-x86_64-v3.14.6.gz","kernel":"http://10.194.3.9/kernel/x86_64-mainline-lts-4.4-4.4.230-rev1/vmlinuz-4.4.230","organization":"11111111-1111-4111-8111-111111111111","project":"11111111-1111-4111-8111-111111111111","public":true,"title":"x86_64
      mainline 4.4.230 rev1","zone":"fr-par-1"},"commercial_type":"DEV1-S","creation_date":"2023-02-14T13:37:29.391409+00:00","dynamic_ip_required":false,"enable_ipv6":false,"extra_networks":[],"hostname":"tf-srv-friendly-haibt","id":"7aee117b-0f39-42cb-b713-256eed2e93da","image":{"arch":"x86_64","creation_date":"2022-11-17T16:48:17.919713+00:00","default_bootscript":null,"extra_volumes":{},"from_server":null,"id":"d318f34b-1044-482a-afe3-1be349690a13","modification_date":"2022-11-17T16:48:17.919713+00:00","name":"Ubuntu
      20.04 Focal Fossa","organization":"51b656e3-4865-41e8-adbc-0c45bdd780db","project":"51b656e3-4865-41e8-adbc-0c45bdd780db","public":true,"root_volume":{"id":"c18532d5-1d4b-4bf3-8a02-3670e0fd67b4","name":"Ubuntu
      20.04 Focal Fossa","size":10000000000,"volume_type":"unified"},"state":"available","tags":[],"zone":"fr-par-1"},"ipv6":null,"location":{"cluster_id":"41","hypervisor_id":"901","node_id":"18","platform_id":"14","zone_id":"par1"},"maintenances":[],"modification_date":"2023-02-14T13:38:02.000578+00:00","name":"tf-srv-friendly-haibt","organization":"ee7bd9e1-9cbd-4724-b2f4-19e50f3cf38b","placement_group":null,"private_ip":"10.70.112.35","private_nics":[],"project":"ee7bd9e1-9cbd-4724-b2f4-19e50f3cf38b","protected":false,"public_ip":null,"security_group":{"id":"a8f5f9bb-20a7-4244-9521-4cde6f510e0e","name":"Default
      security group"},"state":"stopping","state_detail":"stopping","tags":[],"volumes":{"0":{"boot":false,"creation_date":"2023-02-14T13:37:29.391409+00:00","export_uri":null,"id":"5400b33e-8a1e-4459-86b7-50ae8cb2c030","modification_date":"2023-02-14T13:37:29.391409+00:00","name":"Ubuntu
      20.04 Focal Fossa","organization":"ee7bd9e1-9cbd-4724-b2f4-19e50f3cf38b","project":"ee7bd9e1-9cbd-4724-b2f4-19e50f3cf38b","server":{"id":"7aee117b-0f39-42cb-b713-256eed2e93da","name":"tf-srv-friendly-haibt"},"size":20000000000,"state":"available","tags":[],"volume_type":"l_ssd","zone":"fr-par-1"}},"zone":"fr-par-1"}}'
    headers:
      Content-Length:
      - "2665"
      Content-Security-Policy:
      - default-src 'none'; frame-ancestors 'none'
      Content-Type:
      - application/json
      Date:
      - Tue, 14 Feb 2023 13:38:08 GMT
      Server:
      - Scaleway API-Gateway
      Strict-Transport-Security:
      - max-age=63072000
      X-Content-Type-Options:
      - nosniff
      X-Frame-Options:
      - DENY
      X-Request-Id:
      - da944301-9e9a-419d-9313-7957c5a67ae2
    status: 200 OK
    code: 200
    duration: ""
- request:
    body: ""
    form: {}
    headers:
      User-Agent:
      - scaleway-sdk-go/v1.0.0-beta.7+dev (go1.19.1; linux; amd64) terraform-provider/develop
        terraform/terraform-tests
    url: https://api.scaleway.com/instance/v1/zones/fr-par-1/servers/7aee117b-0f39-42cb-b713-256eed2e93da
    method: GET
  response:
    body: '{"server":{"allowed_actions":["stop_in_place","backup"],"arch":"x86_64","boot_type":"local","bootscript":{"architecture":"x86_64","bootcmdargs":"LINUX_COMMON
      scaleway boot=local nbd.max_part=16","default":true,"dtb":"","id":"fdfe150f-a870-4ce4-b432-9f56b5b995c1","initrd":"http://10.194.3.9/initrd/initrd-Linux-x86_64-v3.14.6.gz","kernel":"http://10.194.3.9/kernel/x86_64-mainline-lts-4.4-4.4.230-rev1/vmlinuz-4.4.230","organization":"11111111-1111-4111-8111-111111111111","project":"11111111-1111-4111-8111-111111111111","public":true,"title":"x86_64
      mainline 4.4.230 rev1","zone":"fr-par-1"},"commercial_type":"DEV1-S","creation_date":"2023-02-14T13:37:29.391409+00:00","dynamic_ip_required":false,"enable_ipv6":false,"extra_networks":[],"hostname":"tf-srv-friendly-haibt","id":"7aee117b-0f39-42cb-b713-256eed2e93da","image":{"arch":"x86_64","creation_date":"2022-11-17T16:48:17.919713+00:00","default_bootscript":null,"extra_volumes":{},"from_server":null,"id":"d318f34b-1044-482a-afe3-1be349690a13","modification_date":"2022-11-17T16:48:17.919713+00:00","name":"Ubuntu
      20.04 Focal Fossa","organization":"51b656e3-4865-41e8-adbc-0c45bdd780db","project":"51b656e3-4865-41e8-adbc-0c45bdd780db","public":true,"root_volume":{"id":"c18532d5-1d4b-4bf3-8a02-3670e0fd67b4","name":"Ubuntu
      20.04 Focal Fossa","size":10000000000,"volume_type":"unified"},"state":"available","tags":[],"zone":"fr-par-1"},"ipv6":null,"location":{"cluster_id":"41","hypervisor_id":"901","node_id":"18","platform_id":"14","zone_id":"par1"},"maintenances":[],"modification_date":"2023-02-14T13:38:02.000578+00:00","name":"tf-srv-friendly-haibt","organization":"ee7bd9e1-9cbd-4724-b2f4-19e50f3cf38b","placement_group":null,"private_ip":"10.70.112.35","private_nics":[],"project":"ee7bd9e1-9cbd-4724-b2f4-19e50f3cf38b","protected":false,"public_ip":null,"security_group":{"id":"a8f5f9bb-20a7-4244-9521-4cde6f510e0e","name":"Default
      security group"},"state":"stopping","state_detail":"stopping","tags":[],"volumes":{"0":{"boot":false,"creation_date":"2023-02-14T13:37:29.391409+00:00","export_uri":null,"id":"5400b33e-8a1e-4459-86b7-50ae8cb2c030","modification_date":"2023-02-14T13:37:29.391409+00:00","name":"Ubuntu
      20.04 Focal Fossa","organization":"ee7bd9e1-9cbd-4724-b2f4-19e50f3cf38b","project":"ee7bd9e1-9cbd-4724-b2f4-19e50f3cf38b","server":{"id":"7aee117b-0f39-42cb-b713-256eed2e93da","name":"tf-srv-friendly-haibt"},"size":20000000000,"state":"available","tags":[],"volume_type":"l_ssd","zone":"fr-par-1"}},"zone":"fr-par-1"}}'
    headers:
      Content-Length:
      - "2665"
      Content-Security-Policy:
      - default-src 'none'; frame-ancestors 'none'
      Content-Type:
      - application/json
      Date:
      - Tue, 14 Feb 2023 13:38:13 GMT
      Server:
      - Scaleway API-Gateway
      Strict-Transport-Security:
      - max-age=63072000
      X-Content-Type-Options:
      - nosniff
      X-Frame-Options:
      - DENY
      X-Request-Id:
      - 02622eca-8e49-4930-ac1c-c5fc01ed5d54
    status: 200 OK
    code: 200
    duration: ""
- request:
    body: ""
    form: {}
    headers:
      User-Agent:
      - scaleway-sdk-go/v1.0.0-beta.7+dev (go1.19.1; linux; amd64) terraform-provider/develop
        terraform/terraform-tests
    url: https://api.scaleway.com/instance/v1/zones/fr-par-1/servers/7aee117b-0f39-42cb-b713-256eed2e93da
    method: GET
  response:
    body: '{"server":{"allowed_actions":["stop_in_place","backup"],"arch":"x86_64","boot_type":"local","bootscript":{"architecture":"x86_64","bootcmdargs":"LINUX_COMMON
      scaleway boot=local nbd.max_part=16","default":true,"dtb":"","id":"fdfe150f-a870-4ce4-b432-9f56b5b995c1","initrd":"http://10.194.3.9/initrd/initrd-Linux-x86_64-v3.14.6.gz","kernel":"http://10.194.3.9/kernel/x86_64-mainline-lts-4.4-4.4.230-rev1/vmlinuz-4.4.230","organization":"11111111-1111-4111-8111-111111111111","project":"11111111-1111-4111-8111-111111111111","public":true,"title":"x86_64
      mainline 4.4.230 rev1","zone":"fr-par-1"},"commercial_type":"DEV1-S","creation_date":"2023-02-14T13:37:29.391409+00:00","dynamic_ip_required":false,"enable_ipv6":false,"extra_networks":[],"hostname":"tf-srv-friendly-haibt","id":"7aee117b-0f39-42cb-b713-256eed2e93da","image":{"arch":"x86_64","creation_date":"2022-11-17T16:48:17.919713+00:00","default_bootscript":null,"extra_volumes":{},"from_server":null,"id":"d318f34b-1044-482a-afe3-1be349690a13","modification_date":"2022-11-17T16:48:17.919713+00:00","name":"Ubuntu
      20.04 Focal Fossa","organization":"51b656e3-4865-41e8-adbc-0c45bdd780db","project":"51b656e3-4865-41e8-adbc-0c45bdd780db","public":true,"root_volume":{"id":"c18532d5-1d4b-4bf3-8a02-3670e0fd67b4","name":"Ubuntu
      20.04 Focal Fossa","size":10000000000,"volume_type":"unified"},"state":"available","tags":[],"zone":"fr-par-1"},"ipv6":null,"location":{"cluster_id":"41","hypervisor_id":"901","node_id":"18","platform_id":"14","zone_id":"par1"},"maintenances":[],"modification_date":"2023-02-14T13:38:02.000578+00:00","name":"tf-srv-friendly-haibt","organization":"ee7bd9e1-9cbd-4724-b2f4-19e50f3cf38b","placement_group":null,"private_ip":"10.70.112.35","private_nics":[],"project":"ee7bd9e1-9cbd-4724-b2f4-19e50f3cf38b","protected":false,"public_ip":null,"security_group":{"id":"a8f5f9bb-20a7-4244-9521-4cde6f510e0e","name":"Default
      security group"},"state":"stopping","state_detail":"stopping","tags":[],"volumes":{"0":{"boot":false,"creation_date":"2023-02-14T13:37:29.391409+00:00","export_uri":null,"id":"5400b33e-8a1e-4459-86b7-50ae8cb2c030","modification_date":"2023-02-14T13:37:29.391409+00:00","name":"Ubuntu
      20.04 Focal Fossa","organization":"ee7bd9e1-9cbd-4724-b2f4-19e50f3cf38b","project":"ee7bd9e1-9cbd-4724-b2f4-19e50f3cf38b","server":{"id":"7aee117b-0f39-42cb-b713-256eed2e93da","name":"tf-srv-friendly-haibt"},"size":20000000000,"state":"available","tags":[],"volume_type":"l_ssd","zone":"fr-par-1"}},"zone":"fr-par-1"}}'
    headers:
      Content-Length:
      - "2665"
      Content-Security-Policy:
      - default-src 'none'; frame-ancestors 'none'
      Content-Type:
      - application/json
      Date:
      - Tue, 14 Feb 2023 13:38:18 GMT
      Server:
      - Scaleway API-Gateway
      Strict-Transport-Security:
      - max-age=63072000
      X-Content-Type-Options:
      - nosniff
      X-Frame-Options:
      - DENY
      X-Request-Id:
      - b20accf6-cd04-4985-8cf0-3a63ac1ec381
    status: 200 OK
    code: 200
    duration: ""
- request:
    body: ""
    form: {}
    headers:
      User-Agent:
      - scaleway-sdk-go/v1.0.0-beta.7+dev (go1.19.1; linux; amd64) terraform-provider/develop
        terraform/terraform-tests
    url: https://api.scaleway.com/instance/v1/zones/fr-par-1/servers/7aee117b-0f39-42cb-b713-256eed2e93da
    method: GET
  response:
    body: '{"server":{"allowed_actions":["stop_in_place","backup"],"arch":"x86_64","boot_type":"local","bootscript":{"architecture":"x86_64","bootcmdargs":"LINUX_COMMON
      scaleway boot=local nbd.max_part=16","default":true,"dtb":"","id":"fdfe150f-a870-4ce4-b432-9f56b5b995c1","initrd":"http://10.194.3.9/initrd/initrd-Linux-x86_64-v3.14.6.gz","kernel":"http://10.194.3.9/kernel/x86_64-mainline-lts-4.4-4.4.230-rev1/vmlinuz-4.4.230","organization":"11111111-1111-4111-8111-111111111111","project":"11111111-1111-4111-8111-111111111111","public":true,"title":"x86_64
      mainline 4.4.230 rev1","zone":"fr-par-1"},"commercial_type":"DEV1-S","creation_date":"2023-02-14T13:37:29.391409+00:00","dynamic_ip_required":false,"enable_ipv6":false,"extra_networks":[],"hostname":"tf-srv-friendly-haibt","id":"7aee117b-0f39-42cb-b713-256eed2e93da","image":{"arch":"x86_64","creation_date":"2022-11-17T16:48:17.919713+00:00","default_bootscript":null,"extra_volumes":{},"from_server":null,"id":"d318f34b-1044-482a-afe3-1be349690a13","modification_date":"2022-11-17T16:48:17.919713+00:00","name":"Ubuntu
      20.04 Focal Fossa","organization":"51b656e3-4865-41e8-adbc-0c45bdd780db","project":"51b656e3-4865-41e8-adbc-0c45bdd780db","public":true,"root_volume":{"id":"c18532d5-1d4b-4bf3-8a02-3670e0fd67b4","name":"Ubuntu
      20.04 Focal Fossa","size":10000000000,"volume_type":"unified"},"state":"available","tags":[],"zone":"fr-par-1"},"ipv6":null,"location":{"cluster_id":"41","hypervisor_id":"901","node_id":"18","platform_id":"14","zone_id":"par1"},"maintenances":[],"modification_date":"2023-02-14T13:38:02.000578+00:00","name":"tf-srv-friendly-haibt","organization":"ee7bd9e1-9cbd-4724-b2f4-19e50f3cf38b","placement_group":null,"private_ip":"10.70.112.35","private_nics":[],"project":"ee7bd9e1-9cbd-4724-b2f4-19e50f3cf38b","protected":false,"public_ip":null,"security_group":{"id":"a8f5f9bb-20a7-4244-9521-4cde6f510e0e","name":"Default
      security group"},"state":"stopping","state_detail":"booted","tags":[],"volumes":{"0":{"boot":false,"creation_date":"2023-02-14T13:37:29.391409+00:00","export_uri":null,"id":"5400b33e-8a1e-4459-86b7-50ae8cb2c030","modification_date":"2023-02-14T13:37:29.391409+00:00","name":"Ubuntu
      20.04 Focal Fossa","organization":"ee7bd9e1-9cbd-4724-b2f4-19e50f3cf38b","project":"ee7bd9e1-9cbd-4724-b2f4-19e50f3cf38b","server":{"id":"7aee117b-0f39-42cb-b713-256eed2e93da","name":"tf-srv-friendly-haibt"},"size":20000000000,"state":"available","tags":[],"volume_type":"l_ssd","zone":"fr-par-1"}},"zone":"fr-par-1"}}'
    headers:
      Content-Length:
      - "2663"
      Content-Security-Policy:
      - default-src 'none'; frame-ancestors 'none'
      Content-Type:
      - application/json
      Date:
      - Tue, 14 Feb 2023 13:38:23 GMT
      Server:
      - Scaleway API-Gateway
      Strict-Transport-Security:
      - max-age=63072000
      X-Content-Type-Options:
      - nosniff
      X-Frame-Options:
      - DENY
      X-Request-Id:
      - 21c699a5-8409-49ca-9597-da1c5a8bd7a2
    status: 200 OK
    code: 200
    duration: ""
- request:
    body: ""
    form: {}
    headers:
      User-Agent:
      - scaleway-sdk-go/v1.0.0-beta.7+dev (go1.19.1; linux; amd64) terraform-provider/develop
        terraform/terraform-tests
    url: https://api.scaleway.com/instance/v1/zones/fr-par-1/servers/7aee117b-0f39-42cb-b713-256eed2e93da
    method: GET
  response:
    body: '{"server":{"allowed_actions":["stop_in_place","backup"],"arch":"x86_64","boot_type":"local","bootscript":{"architecture":"x86_64","bootcmdargs":"LINUX_COMMON
      scaleway boot=local nbd.max_part=16","default":true,"dtb":"","id":"fdfe150f-a870-4ce4-b432-9f56b5b995c1","initrd":"http://10.194.3.9/initrd/initrd-Linux-x86_64-v3.14.6.gz","kernel":"http://10.194.3.9/kernel/x86_64-mainline-lts-4.4-4.4.230-rev1/vmlinuz-4.4.230","organization":"11111111-1111-4111-8111-111111111111","project":"11111111-1111-4111-8111-111111111111","public":true,"title":"x86_64
      mainline 4.4.230 rev1","zone":"fr-par-1"},"commercial_type":"DEV1-S","creation_date":"2023-02-14T13:37:29.391409+00:00","dynamic_ip_required":false,"enable_ipv6":false,"extra_networks":[],"hostname":"tf-srv-friendly-haibt","id":"7aee117b-0f39-42cb-b713-256eed2e93da","image":{"arch":"x86_64","creation_date":"2022-11-17T16:48:17.919713+00:00","default_bootscript":null,"extra_volumes":{},"from_server":null,"id":"d318f34b-1044-482a-afe3-1be349690a13","modification_date":"2022-11-17T16:48:17.919713+00:00","name":"Ubuntu
      20.04 Focal Fossa","organization":"51b656e3-4865-41e8-adbc-0c45bdd780db","project":"51b656e3-4865-41e8-adbc-0c45bdd780db","public":true,"root_volume":{"id":"c18532d5-1d4b-4bf3-8a02-3670e0fd67b4","name":"Ubuntu
      20.04 Focal Fossa","size":10000000000,"volume_type":"unified"},"state":"available","tags":[],"zone":"fr-par-1"},"ipv6":null,"location":{"cluster_id":"41","hypervisor_id":"901","node_id":"18","platform_id":"14","zone_id":"par1"},"maintenances":[],"modification_date":"2023-02-14T13:38:02.000578+00:00","name":"tf-srv-friendly-haibt","organization":"ee7bd9e1-9cbd-4724-b2f4-19e50f3cf38b","placement_group":null,"private_ip":"10.70.112.35","private_nics":[],"project":"ee7bd9e1-9cbd-4724-b2f4-19e50f3cf38b","protected":false,"public_ip":null,"security_group":{"id":"a8f5f9bb-20a7-4244-9521-4cde6f510e0e","name":"Default
      security group"},"state":"stopping","state_detail":"booted","tags":[],"volumes":{"0":{"boot":false,"creation_date":"2023-02-14T13:37:29.391409+00:00","export_uri":null,"id":"5400b33e-8a1e-4459-86b7-50ae8cb2c030","modification_date":"2023-02-14T13:37:29.391409+00:00","name":"Ubuntu
      20.04 Focal Fossa","organization":"ee7bd9e1-9cbd-4724-b2f4-19e50f3cf38b","project":"ee7bd9e1-9cbd-4724-b2f4-19e50f3cf38b","server":{"id":"7aee117b-0f39-42cb-b713-256eed2e93da","name":"tf-srv-friendly-haibt"},"size":20000000000,"state":"available","tags":[],"volume_type":"l_ssd","zone":"fr-par-1"}},"zone":"fr-par-1"}}'
    headers:
      Content-Length:
      - "2663"
      Content-Security-Policy:
      - default-src 'none'; frame-ancestors 'none'
      Content-Type:
      - application/json
      Date:
      - Tue, 14 Feb 2023 13:38:28 GMT
      Server:
      - Scaleway API-Gateway
      Strict-Transport-Security:
      - max-age=63072000
      X-Content-Type-Options:
      - nosniff
      X-Frame-Options:
      - DENY
      X-Request-Id:
      - 1ef0ee48-3feb-46b3-9797-c3d81a22fc29
    status: 200 OK
    code: 200
    duration: ""
- request:
    body: ""
    form: {}
    headers:
      User-Agent:
      - scaleway-sdk-go/v1.0.0-beta.7+dev (go1.19.1; linux; amd64) terraform-provider/develop
        terraform/terraform-tests
    url: https://api.scaleway.com/instance/v1/zones/fr-par-1/servers/7aee117b-0f39-42cb-b713-256eed2e93da
    method: GET
  response:
    body: '{"server":{"allowed_actions":["stop_in_place","backup"],"arch":"x86_64","boot_type":"local","bootscript":{"architecture":"x86_64","bootcmdargs":"LINUX_COMMON
      scaleway boot=local nbd.max_part=16","default":true,"dtb":"","id":"fdfe150f-a870-4ce4-b432-9f56b5b995c1","initrd":"http://10.194.3.9/initrd/initrd-Linux-x86_64-v3.14.6.gz","kernel":"http://10.194.3.9/kernel/x86_64-mainline-lts-4.4-4.4.230-rev1/vmlinuz-4.4.230","organization":"11111111-1111-4111-8111-111111111111","project":"11111111-1111-4111-8111-111111111111","public":true,"title":"x86_64
      mainline 4.4.230 rev1","zone":"fr-par-1"},"commercial_type":"DEV1-S","creation_date":"2023-02-14T13:37:29.391409+00:00","dynamic_ip_required":false,"enable_ipv6":false,"extra_networks":[],"hostname":"tf-srv-friendly-haibt","id":"7aee117b-0f39-42cb-b713-256eed2e93da","image":{"arch":"x86_64","creation_date":"2022-11-17T16:48:17.919713+00:00","default_bootscript":null,"extra_volumes":{},"from_server":null,"id":"d318f34b-1044-482a-afe3-1be349690a13","modification_date":"2022-11-17T16:48:17.919713+00:00","name":"Ubuntu
      20.04 Focal Fossa","organization":"51b656e3-4865-41e8-adbc-0c45bdd780db","project":"51b656e3-4865-41e8-adbc-0c45bdd780db","public":true,"root_volume":{"id":"c18532d5-1d4b-4bf3-8a02-3670e0fd67b4","name":"Ubuntu
      20.04 Focal Fossa","size":10000000000,"volume_type":"unified"},"state":"available","tags":[],"zone":"fr-par-1"},"ipv6":null,"location":{"cluster_id":"41","hypervisor_id":"901","node_id":"18","platform_id":"14","zone_id":"par1"},"maintenances":[],"modification_date":"2023-02-14T13:38:02.000578+00:00","name":"tf-srv-friendly-haibt","organization":"ee7bd9e1-9cbd-4724-b2f4-19e50f3cf38b","placement_group":null,"private_ip":"10.70.112.35","private_nics":[],"project":"ee7bd9e1-9cbd-4724-b2f4-19e50f3cf38b","protected":false,"public_ip":null,"security_group":{"id":"a8f5f9bb-20a7-4244-9521-4cde6f510e0e","name":"Default
      security group"},"state":"stopping","state_detail":"booted","tags":[],"volumes":{"0":{"boot":false,"creation_date":"2023-02-14T13:37:29.391409+00:00","export_uri":null,"id":"5400b33e-8a1e-4459-86b7-50ae8cb2c030","modification_date":"2023-02-14T13:37:29.391409+00:00","name":"Ubuntu
      20.04 Focal Fossa","organization":"ee7bd9e1-9cbd-4724-b2f4-19e50f3cf38b","project":"ee7bd9e1-9cbd-4724-b2f4-19e50f3cf38b","server":{"id":"7aee117b-0f39-42cb-b713-256eed2e93da","name":"tf-srv-friendly-haibt"},"size":20000000000,"state":"available","tags":[],"volume_type":"l_ssd","zone":"fr-par-1"}},"zone":"fr-par-1"}}'
    headers:
      Content-Length:
      - "2663"
      Content-Security-Policy:
      - default-src 'none'; frame-ancestors 'none'
      Content-Type:
      - application/json
      Date:
      - Tue, 14 Feb 2023 13:38:34 GMT
      Server:
      - Scaleway API-Gateway
      Strict-Transport-Security:
      - max-age=63072000
      X-Content-Type-Options:
      - nosniff
      X-Frame-Options:
      - DENY
      X-Request-Id:
      - b2b685f5-988d-4442-8100-eab4258dc693
    status: 200 OK
    code: 200
    duration: ""
- request:
    body: ""
    form: {}
    headers:
      User-Agent:
      - scaleway-sdk-go/v1.0.0-beta.7+dev (go1.19.1; linux; amd64) terraform-provider/develop
        terraform/terraform-tests
    url: https://api.scaleway.com/instance/v1/zones/fr-par-1/servers/7aee117b-0f39-42cb-b713-256eed2e93da
    method: GET
  response:
    body: '{"server":{"allowed_actions":["stop_in_place","backup"],"arch":"x86_64","boot_type":"local","bootscript":{"architecture":"x86_64","bootcmdargs":"LINUX_COMMON
      scaleway boot=local nbd.max_part=16","default":true,"dtb":"","id":"fdfe150f-a870-4ce4-b432-9f56b5b995c1","initrd":"http://10.194.3.9/initrd/initrd-Linux-x86_64-v3.14.6.gz","kernel":"http://10.194.3.9/kernel/x86_64-mainline-lts-4.4-4.4.230-rev1/vmlinuz-4.4.230","organization":"11111111-1111-4111-8111-111111111111","project":"11111111-1111-4111-8111-111111111111","public":true,"title":"x86_64
      mainline 4.4.230 rev1","zone":"fr-par-1"},"commercial_type":"DEV1-S","creation_date":"2023-02-14T13:37:29.391409+00:00","dynamic_ip_required":false,"enable_ipv6":false,"extra_networks":[],"hostname":"tf-srv-friendly-haibt","id":"7aee117b-0f39-42cb-b713-256eed2e93da","image":{"arch":"x86_64","creation_date":"2022-11-17T16:48:17.919713+00:00","default_bootscript":null,"extra_volumes":{},"from_server":null,"id":"d318f34b-1044-482a-afe3-1be349690a13","modification_date":"2022-11-17T16:48:17.919713+00:00","name":"Ubuntu
      20.04 Focal Fossa","organization":"51b656e3-4865-41e8-adbc-0c45bdd780db","project":"51b656e3-4865-41e8-adbc-0c45bdd780db","public":true,"root_volume":{"id":"c18532d5-1d4b-4bf3-8a02-3670e0fd67b4","name":"Ubuntu
      20.04 Focal Fossa","size":10000000000,"volume_type":"unified"},"state":"available","tags":[],"zone":"fr-par-1"},"ipv6":null,"location":{"cluster_id":"41","hypervisor_id":"901","node_id":"18","platform_id":"14","zone_id":"par1"},"maintenances":[],"modification_date":"2023-02-14T13:38:02.000578+00:00","name":"tf-srv-friendly-haibt","organization":"ee7bd9e1-9cbd-4724-b2f4-19e50f3cf38b","placement_group":null,"private_ip":"10.70.112.35","private_nics":[],"project":"ee7bd9e1-9cbd-4724-b2f4-19e50f3cf38b","protected":false,"public_ip":null,"security_group":{"id":"a8f5f9bb-20a7-4244-9521-4cde6f510e0e","name":"Default
      security group"},"state":"stopping","state_detail":"booted","tags":[],"volumes":{"0":{"boot":false,"creation_date":"2023-02-14T13:37:29.391409+00:00","export_uri":null,"id":"5400b33e-8a1e-4459-86b7-50ae8cb2c030","modification_date":"2023-02-14T13:37:29.391409+00:00","name":"Ubuntu
      20.04 Focal Fossa","organization":"ee7bd9e1-9cbd-4724-b2f4-19e50f3cf38b","project":"ee7bd9e1-9cbd-4724-b2f4-19e50f3cf38b","server":{"id":"7aee117b-0f39-42cb-b713-256eed2e93da","name":"tf-srv-friendly-haibt"},"size":20000000000,"state":"available","tags":[],"volume_type":"l_ssd","zone":"fr-par-1"}},"zone":"fr-par-1"}}'
    headers:
      Content-Length:
      - "2663"
      Content-Security-Policy:
      - default-src 'none'; frame-ancestors 'none'
      Content-Type:
      - application/json
      Date:
      - Tue, 14 Feb 2023 13:38:39 GMT
      Server:
      - Scaleway API-Gateway
      Strict-Transport-Security:
      - max-age=63072000
      X-Content-Type-Options:
      - nosniff
      X-Frame-Options:
      - DENY
      X-Request-Id:
      - 8479b765-f0d9-4012-a120-951dc1df9650
    status: 200 OK
    code: 200
    duration: ""
- request:
    body: ""
    form: {}
    headers:
      User-Agent:
      - scaleway-sdk-go/v1.0.0-beta.7+dev (go1.19.1; linux; amd64) terraform-provider/develop
        terraform/terraform-tests
    url: https://api.scaleway.com/instance/v1/zones/fr-par-1/servers/7aee117b-0f39-42cb-b713-256eed2e93da
    method: GET
  response:
    body: '{"server":{"allowed_actions":["stop_in_place","backup"],"arch":"x86_64","boot_type":"local","bootscript":{"architecture":"x86_64","bootcmdargs":"LINUX_COMMON
      scaleway boot=local nbd.max_part=16","default":true,"dtb":"","id":"fdfe150f-a870-4ce4-b432-9f56b5b995c1","initrd":"http://10.194.3.9/initrd/initrd-Linux-x86_64-v3.14.6.gz","kernel":"http://10.194.3.9/kernel/x86_64-mainline-lts-4.4-4.4.230-rev1/vmlinuz-4.4.230","organization":"11111111-1111-4111-8111-111111111111","project":"11111111-1111-4111-8111-111111111111","public":true,"title":"x86_64
      mainline 4.4.230 rev1","zone":"fr-par-1"},"commercial_type":"DEV1-S","creation_date":"2023-02-14T13:37:29.391409+00:00","dynamic_ip_required":false,"enable_ipv6":false,"extra_networks":[],"hostname":"tf-srv-friendly-haibt","id":"7aee117b-0f39-42cb-b713-256eed2e93da","image":{"arch":"x86_64","creation_date":"2022-11-17T16:48:17.919713+00:00","default_bootscript":null,"extra_volumes":{},"from_server":null,"id":"d318f34b-1044-482a-afe3-1be349690a13","modification_date":"2022-11-17T16:48:17.919713+00:00","name":"Ubuntu
      20.04 Focal Fossa","organization":"51b656e3-4865-41e8-adbc-0c45bdd780db","project":"51b656e3-4865-41e8-adbc-0c45bdd780db","public":true,"root_volume":{"id":"c18532d5-1d4b-4bf3-8a02-3670e0fd67b4","name":"Ubuntu
      20.04 Focal Fossa","size":10000000000,"volume_type":"unified"},"state":"available","tags":[],"zone":"fr-par-1"},"ipv6":null,"location":{"cluster_id":"41","hypervisor_id":"901","node_id":"18","platform_id":"14","zone_id":"par1"},"maintenances":[],"modification_date":"2023-02-14T13:38:02.000578+00:00","name":"tf-srv-friendly-haibt","organization":"ee7bd9e1-9cbd-4724-b2f4-19e50f3cf38b","placement_group":null,"private_ip":"10.70.112.35","private_nics":[],"project":"ee7bd9e1-9cbd-4724-b2f4-19e50f3cf38b","protected":false,"public_ip":null,"security_group":{"id":"a8f5f9bb-20a7-4244-9521-4cde6f510e0e","name":"Default
      security group"},"state":"stopping","state_detail":"booted","tags":[],"volumes":{"0":{"boot":false,"creation_date":"2023-02-14T13:37:29.391409+00:00","export_uri":null,"id":"5400b33e-8a1e-4459-86b7-50ae8cb2c030","modification_date":"2023-02-14T13:37:29.391409+00:00","name":"Ubuntu
      20.04 Focal Fossa","organization":"ee7bd9e1-9cbd-4724-b2f4-19e50f3cf38b","project":"ee7bd9e1-9cbd-4724-b2f4-19e50f3cf38b","server":{"id":"7aee117b-0f39-42cb-b713-256eed2e93da","name":"tf-srv-friendly-haibt"},"size":20000000000,"state":"available","tags":[],"volume_type":"l_ssd","zone":"fr-par-1"}},"zone":"fr-par-1"}}'
    headers:
      Content-Length:
      - "2663"
      Content-Security-Policy:
      - default-src 'none'; frame-ancestors 'none'
      Content-Type:
      - application/json
      Date:
      - Tue, 14 Feb 2023 13:38:44 GMT
      Server:
      - Scaleway API-Gateway
      Strict-Transport-Security:
      - max-age=63072000
      X-Content-Type-Options:
      - nosniff
      X-Frame-Options:
      - DENY
      X-Request-Id:
      - 309673bd-3e32-480a-a597-ad8354c9a4b1
    status: 200 OK
    code: 200
    duration: ""
- request:
    body: ""
    form: {}
    headers:
      User-Agent:
      - scaleway-sdk-go/v1.0.0-beta.7+dev (go1.19.1; linux; amd64) terraform-provider/develop
        terraform/terraform-tests
    url: https://api.scaleway.com/instance/v1/zones/fr-par-1/servers/7aee117b-0f39-42cb-b713-256eed2e93da
    method: GET
  response:
    body: '{"server":{"allowed_actions":["stop_in_place","backup"],"arch":"x86_64","boot_type":"local","bootscript":{"architecture":"x86_64","bootcmdargs":"LINUX_COMMON
      scaleway boot=local nbd.max_part=16","default":true,"dtb":"","id":"fdfe150f-a870-4ce4-b432-9f56b5b995c1","initrd":"http://10.194.3.9/initrd/initrd-Linux-x86_64-v3.14.6.gz","kernel":"http://10.194.3.9/kernel/x86_64-mainline-lts-4.4-4.4.230-rev1/vmlinuz-4.4.230","organization":"11111111-1111-4111-8111-111111111111","project":"11111111-1111-4111-8111-111111111111","public":true,"title":"x86_64
      mainline 4.4.230 rev1","zone":"fr-par-1"},"commercial_type":"DEV1-S","creation_date":"2023-02-14T13:37:29.391409+00:00","dynamic_ip_required":false,"enable_ipv6":false,"extra_networks":[],"hostname":"tf-srv-friendly-haibt","id":"7aee117b-0f39-42cb-b713-256eed2e93da","image":{"arch":"x86_64","creation_date":"2022-11-17T16:48:17.919713+00:00","default_bootscript":null,"extra_volumes":{},"from_server":null,"id":"d318f34b-1044-482a-afe3-1be349690a13","modification_date":"2022-11-17T16:48:17.919713+00:00","name":"Ubuntu
      20.04 Focal Fossa","organization":"51b656e3-4865-41e8-adbc-0c45bdd780db","project":"51b656e3-4865-41e8-adbc-0c45bdd780db","public":true,"root_volume":{"id":"c18532d5-1d4b-4bf3-8a02-3670e0fd67b4","name":"Ubuntu
      20.04 Focal Fossa","size":10000000000,"volume_type":"unified"},"state":"available","tags":[],"zone":"fr-par-1"},"ipv6":null,"location":{"cluster_id":"41","hypervisor_id":"901","node_id":"18","platform_id":"14","zone_id":"par1"},"maintenances":[],"modification_date":"2023-02-14T13:38:02.000578+00:00","name":"tf-srv-friendly-haibt","organization":"ee7bd9e1-9cbd-4724-b2f4-19e50f3cf38b","placement_group":null,"private_ip":"10.70.112.35","private_nics":[],"project":"ee7bd9e1-9cbd-4724-b2f4-19e50f3cf38b","protected":false,"public_ip":null,"security_group":{"id":"a8f5f9bb-20a7-4244-9521-4cde6f510e0e","name":"Default
      security group"},"state":"stopping","state_detail":"booted","tags":[],"volumes":{"0":{"boot":false,"creation_date":"2023-02-14T13:37:29.391409+00:00","export_uri":null,"id":"5400b33e-8a1e-4459-86b7-50ae8cb2c030","modification_date":"2023-02-14T13:37:29.391409+00:00","name":"Ubuntu
      20.04 Focal Fossa","organization":"ee7bd9e1-9cbd-4724-b2f4-19e50f3cf38b","project":"ee7bd9e1-9cbd-4724-b2f4-19e50f3cf38b","server":{"id":"7aee117b-0f39-42cb-b713-256eed2e93da","name":"tf-srv-friendly-haibt"},"size":20000000000,"state":"available","tags":[],"volume_type":"l_ssd","zone":"fr-par-1"}},"zone":"fr-par-1"}}'
    headers:
      Content-Length:
      - "2663"
      Content-Security-Policy:
      - default-src 'none'; frame-ancestors 'none'
      Content-Type:
      - application/json
      Date:
      - Tue, 14 Feb 2023 13:38:49 GMT
      Server:
      - Scaleway API-Gateway
      Strict-Transport-Security:
      - max-age=63072000
      X-Content-Type-Options:
      - nosniff
      X-Frame-Options:
      - DENY
      X-Request-Id:
      - e09fec93-65a6-4f31-84f1-5301f8cf7e5c
    status: 200 OK
    code: 200
    duration: ""
- request:
    body: ""
    form: {}
    headers:
      User-Agent:
      - scaleway-sdk-go/v1.0.0-beta.7+dev (go1.19.1; linux; amd64) terraform-provider/develop
        terraform/terraform-tests
    url: https://api.scaleway.com/instance/v1/zones/fr-par-1/servers/7aee117b-0f39-42cb-b713-256eed2e93da
    method: GET
  response:
    body: '{"server":{"allowed_actions":["stop_in_place","backup"],"arch":"x86_64","boot_type":"local","bootscript":{"architecture":"x86_64","bootcmdargs":"LINUX_COMMON
      scaleway boot=local nbd.max_part=16","default":true,"dtb":"","id":"fdfe150f-a870-4ce4-b432-9f56b5b995c1","initrd":"http://10.194.3.9/initrd/initrd-Linux-x86_64-v3.14.6.gz","kernel":"http://10.194.3.9/kernel/x86_64-mainline-lts-4.4-4.4.230-rev1/vmlinuz-4.4.230","organization":"11111111-1111-4111-8111-111111111111","project":"11111111-1111-4111-8111-111111111111","public":true,"title":"x86_64
      mainline 4.4.230 rev1","zone":"fr-par-1"},"commercial_type":"DEV1-S","creation_date":"2023-02-14T13:37:29.391409+00:00","dynamic_ip_required":false,"enable_ipv6":false,"extra_networks":[],"hostname":"tf-srv-friendly-haibt","id":"7aee117b-0f39-42cb-b713-256eed2e93da","image":{"arch":"x86_64","creation_date":"2022-11-17T16:48:17.919713+00:00","default_bootscript":null,"extra_volumes":{},"from_server":null,"id":"d318f34b-1044-482a-afe3-1be349690a13","modification_date":"2022-11-17T16:48:17.919713+00:00","name":"Ubuntu
      20.04 Focal Fossa","organization":"51b656e3-4865-41e8-adbc-0c45bdd780db","project":"51b656e3-4865-41e8-adbc-0c45bdd780db","public":true,"root_volume":{"id":"c18532d5-1d4b-4bf3-8a02-3670e0fd67b4","name":"Ubuntu
      20.04 Focal Fossa","size":10000000000,"volume_type":"unified"},"state":"available","tags":[],"zone":"fr-par-1"},"ipv6":null,"location":{"cluster_id":"41","hypervisor_id":"901","node_id":"18","platform_id":"14","zone_id":"par1"},"maintenances":[],"modification_date":"2023-02-14T13:38:02.000578+00:00","name":"tf-srv-friendly-haibt","organization":"ee7bd9e1-9cbd-4724-b2f4-19e50f3cf38b","placement_group":null,"private_ip":"10.70.112.35","private_nics":[],"project":"ee7bd9e1-9cbd-4724-b2f4-19e50f3cf38b","protected":false,"public_ip":null,"security_group":{"id":"a8f5f9bb-20a7-4244-9521-4cde6f510e0e","name":"Default
      security group"},"state":"stopping","state_detail":"booted","tags":[],"volumes":{"0":{"boot":false,"creation_date":"2023-02-14T13:37:29.391409+00:00","export_uri":null,"id":"5400b33e-8a1e-4459-86b7-50ae8cb2c030","modification_date":"2023-02-14T13:37:29.391409+00:00","name":"Ubuntu
      20.04 Focal Fossa","organization":"ee7bd9e1-9cbd-4724-b2f4-19e50f3cf38b","project":"ee7bd9e1-9cbd-4724-b2f4-19e50f3cf38b","server":{"id":"7aee117b-0f39-42cb-b713-256eed2e93da","name":"tf-srv-friendly-haibt"},"size":20000000000,"state":"available","tags":[],"volume_type":"l_ssd","zone":"fr-par-1"}},"zone":"fr-par-1"}}'
    headers:
      Content-Length:
      - "2663"
      Content-Security-Policy:
      - default-src 'none'; frame-ancestors 'none'
      Content-Type:
      - application/json
      Date:
      - Tue, 14 Feb 2023 13:38:54 GMT
      Server:
      - Scaleway API-Gateway
      Strict-Transport-Security:
      - max-age=63072000
      X-Content-Type-Options:
      - nosniff
      X-Frame-Options:
      - DENY
      X-Request-Id:
      - 8c9199e9-e254-4f88-aec6-b408fdb731bf
    status: 200 OK
    code: 200
    duration: ""
- request:
    body: ""
    form: {}
    headers:
      User-Agent:
      - scaleway-sdk-go/v1.0.0-beta.7+dev (go1.19.1; linux; amd64) terraform-provider/develop
        terraform/terraform-tests
    url: https://api.scaleway.com/instance/v1/zones/fr-par-1/servers/7aee117b-0f39-42cb-b713-256eed2e93da
    method: GET
  response:
    body: '{"server":{"allowed_actions":["stop_in_place","backup"],"arch":"x86_64","boot_type":"local","bootscript":{"architecture":"x86_64","bootcmdargs":"LINUX_COMMON
      scaleway boot=local nbd.max_part=16","default":true,"dtb":"","id":"fdfe150f-a870-4ce4-b432-9f56b5b995c1","initrd":"http://10.194.3.9/initrd/initrd-Linux-x86_64-v3.14.6.gz","kernel":"http://10.194.3.9/kernel/x86_64-mainline-lts-4.4-4.4.230-rev1/vmlinuz-4.4.230","organization":"11111111-1111-4111-8111-111111111111","project":"11111111-1111-4111-8111-111111111111","public":true,"title":"x86_64
      mainline 4.4.230 rev1","zone":"fr-par-1"},"commercial_type":"DEV1-S","creation_date":"2023-02-14T13:37:29.391409+00:00","dynamic_ip_required":false,"enable_ipv6":false,"extra_networks":[],"hostname":"tf-srv-friendly-haibt","id":"7aee117b-0f39-42cb-b713-256eed2e93da","image":{"arch":"x86_64","creation_date":"2022-11-17T16:48:17.919713+00:00","default_bootscript":null,"extra_volumes":{},"from_server":null,"id":"d318f34b-1044-482a-afe3-1be349690a13","modification_date":"2022-11-17T16:48:17.919713+00:00","name":"Ubuntu
      20.04 Focal Fossa","organization":"51b656e3-4865-41e8-adbc-0c45bdd780db","project":"51b656e3-4865-41e8-adbc-0c45bdd780db","public":true,"root_volume":{"id":"c18532d5-1d4b-4bf3-8a02-3670e0fd67b4","name":"Ubuntu
      20.04 Focal Fossa","size":10000000000,"volume_type":"unified"},"state":"available","tags":[],"zone":"fr-par-1"},"ipv6":null,"location":{"cluster_id":"41","hypervisor_id":"901","node_id":"18","platform_id":"14","zone_id":"par1"},"maintenances":[],"modification_date":"2023-02-14T13:38:02.000578+00:00","name":"tf-srv-friendly-haibt","organization":"ee7bd9e1-9cbd-4724-b2f4-19e50f3cf38b","placement_group":null,"private_ip":"10.70.112.35","private_nics":[],"project":"ee7bd9e1-9cbd-4724-b2f4-19e50f3cf38b","protected":false,"public_ip":null,"security_group":{"id":"a8f5f9bb-20a7-4244-9521-4cde6f510e0e","name":"Default
      security group"},"state":"stopping","state_detail":"booted","tags":[],"volumes":{"0":{"boot":false,"creation_date":"2023-02-14T13:37:29.391409+00:00","export_uri":null,"id":"5400b33e-8a1e-4459-86b7-50ae8cb2c030","modification_date":"2023-02-14T13:37:29.391409+00:00","name":"Ubuntu
      20.04 Focal Fossa","organization":"ee7bd9e1-9cbd-4724-b2f4-19e50f3cf38b","project":"ee7bd9e1-9cbd-4724-b2f4-19e50f3cf38b","server":{"id":"7aee117b-0f39-42cb-b713-256eed2e93da","name":"tf-srv-friendly-haibt"},"size":20000000000,"state":"available","tags":[],"volume_type":"l_ssd","zone":"fr-par-1"}},"zone":"fr-par-1"}}'
    headers:
      Content-Length:
      - "2663"
      Content-Security-Policy:
      - default-src 'none'; frame-ancestors 'none'
      Content-Type:
      - application/json
      Date:
      - Tue, 14 Feb 2023 13:39:00 GMT
      Server:
      - Scaleway API-Gateway
      Strict-Transport-Security:
      - max-age=63072000
      X-Content-Type-Options:
      - nosniff
      X-Frame-Options:
      - DENY
      X-Request-Id:
      - a72d7500-3de9-4c49-95b9-a5c26324ca1e
    status: 200 OK
    code: 200
    duration: ""
- request:
    body: ""
    form: {}
    headers:
      User-Agent:
      - scaleway-sdk-go/v1.0.0-beta.7+dev (go1.19.1; linux; amd64) terraform-provider/develop
        terraform/terraform-tests
    url: https://api.scaleway.com/instance/v1/zones/fr-par-1/servers/7aee117b-0f39-42cb-b713-256eed2e93da
    method: GET
  response:
    body: '{"server":{"allowed_actions":["poweron","backup"],"arch":"x86_64","boot_type":"local","bootscript":{"architecture":"x86_64","bootcmdargs":"LINUX_COMMON
      scaleway boot=local nbd.max_part=16","default":true,"dtb":"","id":"fdfe150f-a870-4ce4-b432-9f56b5b995c1","initrd":"http://10.194.3.9/initrd/initrd-Linux-x86_64-v3.14.6.gz","kernel":"http://10.194.3.9/kernel/x86_64-mainline-lts-4.4-4.4.230-rev1/vmlinuz-4.4.230","organization":"11111111-1111-4111-8111-111111111111","project":"11111111-1111-4111-8111-111111111111","public":true,"title":"x86_64
      mainline 4.4.230 rev1","zone":"fr-par-1"},"commercial_type":"DEV1-S","creation_date":"2023-02-14T13:37:29.391409+00:00","dynamic_ip_required":false,"enable_ipv6":false,"extra_networks":[],"hostname":"tf-srv-friendly-haibt","id":"7aee117b-0f39-42cb-b713-256eed2e93da","image":{"arch":"x86_64","creation_date":"2022-11-17T16:48:17.919713+00:00","default_bootscript":null,"extra_volumes":{},"from_server":null,"id":"d318f34b-1044-482a-afe3-1be349690a13","modification_date":"2022-11-17T16:48:17.919713+00:00","name":"Ubuntu
      20.04 Focal Fossa","organization":"51b656e3-4865-41e8-adbc-0c45bdd780db","project":"51b656e3-4865-41e8-adbc-0c45bdd780db","public":true,"root_volume":{"id":"c18532d5-1d4b-4bf3-8a02-3670e0fd67b4","name":"Ubuntu
      20.04 Focal Fossa","size":10000000000,"volume_type":"unified"},"state":"available","tags":[],"zone":"fr-par-1"},"ipv6":null,"location":null,"maintenances":[],"modification_date":"2023-02-14T13:39:04.338588+00:00","name":"tf-srv-friendly-haibt","organization":"ee7bd9e1-9cbd-4724-b2f4-19e50f3cf38b","placement_group":null,"private_ip":null,"private_nics":[],"project":"ee7bd9e1-9cbd-4724-b2f4-19e50f3cf38b","protected":false,"public_ip":null,"security_group":{"id":"a8f5f9bb-20a7-4244-9521-4cde6f510e0e","name":"Default
      security group"},"state":"stopped","state_detail":"","tags":[],"volumes":{"0":{"boot":false,"creation_date":"2023-02-14T13:37:29.391409+00:00","export_uri":null,"id":"5400b33e-8a1e-4459-86b7-50ae8cb2c030","modification_date":"2023-02-14T13:37:29.391409+00:00","name":"Ubuntu
      20.04 Focal Fossa","organization":"ee7bd9e1-9cbd-4724-b2f4-19e50f3cf38b","project":"ee7bd9e1-9cbd-4724-b2f4-19e50f3cf38b","server":{"id":"7aee117b-0f39-42cb-b713-256eed2e93da","name":"tf-srv-friendly-haibt"},"size":20000000000,"state":"available","tags":[],"volume_type":"l_ssd","zone":"fr-par-1"}},"zone":"fr-par-1"}}'
    headers:
      Content-Length:
      - "2543"
      Content-Security-Policy:
      - default-src 'none'; frame-ancestors 'none'
      Content-Type:
      - application/json
      Date:
      - Tue, 14 Feb 2023 13:39:05 GMT
      Server:
      - Scaleway API-Gateway
      Strict-Transport-Security:
      - max-age=63072000
      X-Content-Type-Options:
      - nosniff
      X-Frame-Options:
      - DENY
      X-Request-Id:
      - fbbd4c26-e75a-46a3-812d-d5f219ae9eb9
    status: 200 OK
    code: 200
    duration: ""
- request:
    body: ""
    form: {}
    headers:
      User-Agent:
      - scaleway-sdk-go/v1.0.0-beta.7+dev (go1.19.1; linux; amd64) terraform-provider/develop
        terraform/terraform-tests
    url: https://api.scaleway.com/instance/v1/zones/fr-par-1/servers/7aee117b-0f39-42cb-b713-256eed2e93da
    method: GET
  response:
    body: '{"server":{"allowed_actions":["poweron","backup"],"arch":"x86_64","boot_type":"local","bootscript":{"architecture":"x86_64","bootcmdargs":"LINUX_COMMON
      scaleway boot=local nbd.max_part=16","default":true,"dtb":"","id":"fdfe150f-a870-4ce4-b432-9f56b5b995c1","initrd":"http://10.194.3.9/initrd/initrd-Linux-x86_64-v3.14.6.gz","kernel":"http://10.194.3.9/kernel/x86_64-mainline-lts-4.4-4.4.230-rev1/vmlinuz-4.4.230","organization":"11111111-1111-4111-8111-111111111111","project":"11111111-1111-4111-8111-111111111111","public":true,"title":"x86_64
      mainline 4.4.230 rev1","zone":"fr-par-1"},"commercial_type":"DEV1-S","creation_date":"2023-02-14T13:37:29.391409+00:00","dynamic_ip_required":false,"enable_ipv6":false,"extra_networks":[],"hostname":"tf-srv-friendly-haibt","id":"7aee117b-0f39-42cb-b713-256eed2e93da","image":{"arch":"x86_64","creation_date":"2022-11-17T16:48:17.919713+00:00","default_bootscript":null,"extra_volumes":{},"from_server":null,"id":"d318f34b-1044-482a-afe3-1be349690a13","modification_date":"2022-11-17T16:48:17.919713+00:00","name":"Ubuntu
      20.04 Focal Fossa","organization":"51b656e3-4865-41e8-adbc-0c45bdd780db","project":"51b656e3-4865-41e8-adbc-0c45bdd780db","public":true,"root_volume":{"id":"c18532d5-1d4b-4bf3-8a02-3670e0fd67b4","name":"Ubuntu
      20.04 Focal Fossa","size":10000000000,"volume_type":"unified"},"state":"available","tags":[],"zone":"fr-par-1"},"ipv6":null,"location":null,"maintenances":[],"modification_date":"2023-02-14T13:39:04.338588+00:00","name":"tf-srv-friendly-haibt","organization":"ee7bd9e1-9cbd-4724-b2f4-19e50f3cf38b","placement_group":null,"private_ip":null,"private_nics":[],"project":"ee7bd9e1-9cbd-4724-b2f4-19e50f3cf38b","protected":false,"public_ip":null,"security_group":{"id":"a8f5f9bb-20a7-4244-9521-4cde6f510e0e","name":"Default
      security group"},"state":"stopped","state_detail":"","tags":[],"volumes":{"0":{"boot":false,"creation_date":"2023-02-14T13:37:29.391409+00:00","export_uri":null,"id":"5400b33e-8a1e-4459-86b7-50ae8cb2c030","modification_date":"2023-02-14T13:37:29.391409+00:00","name":"Ubuntu
      20.04 Focal Fossa","organization":"ee7bd9e1-9cbd-4724-b2f4-19e50f3cf38b","project":"ee7bd9e1-9cbd-4724-b2f4-19e50f3cf38b","server":{"id":"7aee117b-0f39-42cb-b713-256eed2e93da","name":"tf-srv-friendly-haibt"},"size":20000000000,"state":"available","tags":[],"volume_type":"l_ssd","zone":"fr-par-1"}},"zone":"fr-par-1"}}'
    headers:
      Content-Length:
      - "2543"
      Content-Security-Policy:
      - default-src 'none'; frame-ancestors 'none'
      Content-Type:
      - application/json
      Date:
      - Tue, 14 Feb 2023 13:39:05 GMT
      Server:
      - Scaleway API-Gateway
      Strict-Transport-Security:
      - max-age=63072000
      X-Content-Type-Options:
      - nosniff
      X-Frame-Options:
      - DENY
      X-Request-Id:
      - 12effaa7-939a-4a2e-b126-2ce88007639e
    status: 200 OK
    code: 200
    duration: ""
- request:
    body: ""
    form: {}
    headers:
      User-Agent:
      - scaleway-sdk-go/v1.0.0-beta.7+dev (go1.19.1; linux; amd64) terraform-provider/develop
        terraform/terraform-tests
    url: https://api.scaleway.com/instance/v1/zones/fr-par-1/servers/7aee117b-0f39-42cb-b713-256eed2e93da
    method: DELETE
  response:
    body: ""
    headers:
      Content-Security-Policy:
      - default-src 'none'; frame-ancestors 'none'
      Date:
      - Tue, 14 Feb 2023 13:39:05 GMT
      Server:
      - Scaleway API-Gateway
      Strict-Transport-Security:
      - max-age=63072000
      X-Content-Type-Options:
      - nosniff
      X-Frame-Options:
      - DENY
      X-Request-Id:
      - 9f04e648-6162-479c-9f52-55a72d3a7b93
    status: 204 No Content
    code: 204
    duration: ""
- request:
    body: ""
    form: {}
    headers:
      User-Agent:
      - scaleway-sdk-go/v1.0.0-beta.7+dev (go1.19.1; linux; amd64) terraform-provider/develop
        terraform/terraform-tests
    url: https://api.scaleway.com/instance/v1/zones/fr-par-1/servers/7aee117b-0f39-42cb-b713-256eed2e93da
    method: GET
  response:
    body: '{"message":"\"7aee117b-0f39-42cb-b713-256eed2e93da\" not found","type":"unknown_resource"}'
    headers:
      Content-Length:
      - "93"
      Content-Security-Policy:
      - default-src 'none'; frame-ancestors 'none'
      Content-Type:
      - application/json
      Date:
      - Tue, 14 Feb 2023 13:39:05 GMT
      Server:
      - Scaleway API-Gateway
      Strict-Transport-Security:
      - max-age=63072000
      X-Content-Type-Options:
      - nosniff
      X-Frame-Options:
      - DENY
      X-Request-Id:
      - 071b6d2c-2371-46ac-b997-15678a74861b
    status: 404 Not Found
    code: 404
    duration: ""
- request:
    body: ""
    form: {}
    headers:
      User-Agent:
      - scaleway-sdk-go/v1.0.0-beta.7+dev (go1.19.1; linux; amd64) terraform-provider/develop
        terraform/terraform-tests
    url: https://api.scaleway.com/instance/v1/zones/fr-par-1/volumes/5400b33e-8a1e-4459-86b7-50ae8cb2c030
    method: DELETE
  response:
    body: ""
    headers:
      Content-Security-Policy:
      - default-src 'none'; frame-ancestors 'none'
      Date:
      - Tue, 14 Feb 2023 13:39:05 GMT
      Server:
      - Scaleway API-Gateway
      Strict-Transport-Security:
      - max-age=63072000
      X-Content-Type-Options:
      - nosniff
      X-Frame-Options:
      - DENY
      X-Request-Id:
      - 36b034ea-b4d5-4457-b33e-b8febe34182f
    status: 204 No Content
    code: 204
    duration: ""
- request:
    body: ""
    form: {}
    headers:
      User-Agent:
      - scaleway-sdk-go/v1.0.0-beta.7+dev (go1.19.1; linux; amd64) terraform-provider/develop
        terraform/terraform-tests
    url: https://api.scaleway.com/instance/v1/zones/fr-par-1/servers/7aee117b-0f39-42cb-b713-256eed2e93da
    method: GET
  response:
    body: '{"message":"\"7aee117b-0f39-42cb-b713-256eed2e93da\" not found","type":"unknown_resource"}'
    headers:
      Content-Length:
      - "93"
      Content-Security-Policy:
      - default-src 'none'; frame-ancestors 'none'
      Content-Type:
      - application/json
      Date:
      - Tue, 14 Feb 2023 13:39:05 GMT
      Server:
      - Scaleway API-Gateway
      Strict-Transport-Security:
      - max-age=63072000
      X-Content-Type-Options:
      - nosniff
      X-Frame-Options:
      - DENY
      X-Request-Id:
      - d942a085-e866-47dd-9e35-d09b1afade28
    status: 404 Not Found
    code: 404
    duration: ""
