---
version: 1
interactions:
- request:
    body: '{"name":"tf-sg-jolly-einstein","project":"105bdce1-64c0-48ab-899d-868455867ecf","stateful":true,"inbound_default_policy":"accept","outbound_default_policy":"accept","enable_default_security":true}'
    form: {}
    headers:
      Content-Type:
      - application/json
      User-Agent:
      - scaleway-sdk-go/v1.0.0-beta.7+dev (go1.18; darwin; amd64) terraform-provider/develop
        terraform/terraform-tests
    url: https://api.scaleway.com/instance/v1/zones/fr-par-1/security_groups
    method: POST
  response:
    body: '{"security_group": {"id": "d75cd359-4b6e-42dc-a7e3-9787441f3da1", "creation_date":
      "2022-04-12T10:04:57.286758+00:00", "modification_date": "2022-04-12T10:04:57.286758+00:00",
      "name": "tf-sg-jolly-einstein", "description": null, "organization": "105bdce1-64c0-48ab-899d-868455867ecf",
      "project": "105bdce1-64c0-48ab-899d-868455867ecf", "servers": [], "stateful":
      true, "inbound_default_policy": "accept", "outbound_default_policy": "accept",
      "organization_default": false, "project_default": false, "enable_default_security":
      true, "state": "syncing", "tags": [], "zone": "fr-par-1"}}'
    headers:
      Content-Length:
      - "584"
      Content-Security-Policy:
      - default-src 'none'; frame-ancestors 'none'
      Content-Type:
      - application/json
      Date:
      - Tue, 12 Apr 2022 10:04:57 GMT
      Location:
      - https://api.scaleway.com/instance/v1/zones/fr-par-1/security_groups/d75cd359-4b6e-42dc-a7e3-9787441f3da1
      Server:
      - Scaleway API-Gateway
      Strict-Transport-Security:
      - max-age=63072000
      X-Content-Type-Options:
      - nosniff
      X-Frame-Options:
      - DENY
      X-Request-Id:
      - 7f30be40-7b0b-4aaa-ae41-da3af6bcb6f4
    status: 201 Created
    code: 201
    duration: ""
- request:
    body: ""
    form: {}
    headers:
      User-Agent:
      - scaleway-sdk-go/v1.0.0-beta.7+dev (go1.18; darwin; amd64) terraform-provider/develop
        terraform/terraform-tests
    url: https://api.scaleway.com/instance/v1/zones/fr-par-1/security_groups/d75cd359-4b6e-42dc-a7e3-9787441f3da1
    method: GET
  response:
    body: '{"security_group": {"id": "d75cd359-4b6e-42dc-a7e3-9787441f3da1", "creation_date":
      "2022-04-12T10:04:57.286758+00:00", "modification_date": "2022-04-12T10:04:57.788536+00:00",
      "name": "tf-sg-jolly-einstein", "description": null, "organization": "105bdce1-64c0-48ab-899d-868455867ecf",
      "project": "105bdce1-64c0-48ab-899d-868455867ecf", "servers": [], "stateful":
      true, "inbound_default_policy": "accept", "outbound_default_policy": "accept",
      "organization_default": false, "project_default": false, "enable_default_security":
      true, "state": "available", "tags": [], "zone": "fr-par-1"}}'
    headers:
      Content-Length:
      - "586"
      Content-Security-Policy:
      - default-src 'none'; frame-ancestors 'none'
      Content-Type:
      - application/json
      Date:
      - Tue, 12 Apr 2022 10:04:58 GMT
      Server:
      - Scaleway API-Gateway
      Strict-Transport-Security:
      - max-age=63072000
      X-Content-Type-Options:
      - nosniff
      X-Frame-Options:
      - DENY
      X-Request-Id:
      - 764b4678-f751-4f0a-9341-26cc4c28b947
    status: 200 OK
    code: 200
    duration: ""
- request:
    body: ""
    form: {}
    headers:
      User-Agent:
      - scaleway-sdk-go/v1.0.0-beta.7+dev (go1.18; darwin; amd64) terraform-provider/develop
        terraform/terraform-tests
    url: https://api.scaleway.com/instance/v1/zones/fr-par-1/security_groups/d75cd359-4b6e-42dc-a7e3-9787441f3da1/rules?page=1
    method: GET
  response:
    body: '{"rules": [{"id": "58909be7-d17c-4ac8-9eb3-23d5fc58abc5", "protocol": "TCP",
      "direction": "outbound", "ip_range": "0.0.0.0/0", "dest_port_from": 25, "dest_port_to":
      null, "position": 1, "editable": false, "action": "drop", "zone": "fr-par-1"},
      {"id": "25680235-108b-4bbc-8e25-114303d950bd", "protocol": "TCP", "direction":
      "outbound", "ip_range": "0.0.0.0/0", "dest_port_from": 465, "dest_port_to":
      null, "position": 2, "editable": false, "action": "drop", "zone": "fr-par-1"},
      {"id": "4a31b633-118e-4900-bd52-facf1085fc8d", "protocol": "TCP", "direction":
      "outbound", "ip_range": "0.0.0.0/0", "dest_port_from": 587, "dest_port_to":
      null, "position": 3, "editable": false, "action": "drop", "zone": "fr-par-1"},
      {"id": "e7dd28e8-3747-4c7c-9a4f-35ae3f0ae2cd", "protocol": "TCP", "direction":
      "outbound", "ip_range": "::/0", "dest_port_from": 25, "dest_port_to": null,
      "position": 4, "editable": false, "action": "drop", "zone": "fr-par-1"}, {"id":
      "f37d9e7c-8ed7-4e0f-baff-7f5e7ede0baf", "protocol": "TCP", "direction": "outbound",
      "ip_range": "::/0", "dest_port_from": 465, "dest_port_to": null, "position":
      5, "editable": false, "action": "drop", "zone": "fr-par-1"}, {"id": "68054851-54e3-46c9-9cd7-83219751248b",
      "protocol": "TCP", "direction": "outbound", "ip_range": "::/0", "dest_port_from":
      587, "dest_port_to": null, "position": 6, "editable": false, "action": "drop",
      "zone": "fr-par-1"}]}'
    headers:
      Content-Length:
      - "1398"
      Content-Security-Policy:
      - default-src 'none'; frame-ancestors 'none'
      Content-Type:
      - application/json
      Date:
      - Tue, 12 Apr 2022 10:04:58 GMT
      Server:
      - Scaleway API-Gateway
      Strict-Transport-Security:
      - max-age=63072000
      X-Content-Type-Options:
      - nosniff
      X-Frame-Options:
      - DENY
      X-Request-Id:
      - 7ca52b76-5e88-4925-a230-b6960634dcdd
    status: 200 OK
    code: 200
    duration: ""
- request:
    body: '{"protocol":"TCP","direction":"inbound","action":"accept","ip_range":"0.0.0.0/0","dest_port_from":80}'
    form: {}
    headers:
      Content-Type:
      - application/json
      User-Agent:
      - scaleway-sdk-go/v1.0.0-beta.7+dev (go1.18; darwin; amd64) terraform-provider/develop
        terraform/terraform-tests
    url: https://api.scaleway.com/instance/v1/zones/fr-par-1/security_groups/d75cd359-4b6e-42dc-a7e3-9787441f3da1/rules
    method: POST
  response:
    body: '{"rule": {"id": "4675882f-7f8b-42f5-908a-d949772214c6", "protocol": "TCP",
      "direction": "inbound", "ip_range": "0.0.0.0/0", "dest_port_from": 80, "dest_port_to":
      null, "position": 1, "editable": null, "action": "accept", "zone": "fr-par-1"}}'
    headers:
      Content-Length:
      - "241"
      Content-Security-Policy:
      - default-src 'none'; frame-ancestors 'none'
      Content-Type:
      - application/json
      Date:
      - Tue, 12 Apr 2022 10:04:58 GMT
      Location:
      - https://api.scaleway.com/instance/v1/zones/fr-par-1/security_groups/d75cd359-4b6e-42dc-a7e3-9787441f3da1/rules/4675882f-7f8b-42f5-908a-d949772214c6
      Server:
      - Scaleway API-Gateway
      Strict-Transport-Security:
      - max-age=63072000
      X-Content-Type-Options:
      - nosniff
      X-Frame-Options:
      - DENY
      X-Request-Id:
      - e8a0dae4-1e71-4af7-94b4-671119b7ad94
    status: 201 Created
    code: 201
    duration: ""
- request:
    body: '{"protocol":"TCP","direction":"inbound","action":"drop","ip_range":"1.2.0.0/16","dest_port_from":443}'
    form: {}
    headers:
      Content-Type:
      - application/json
      User-Agent:
      - scaleway-sdk-go/v1.0.0-beta.7+dev (go1.18; darwin; amd64) terraform-provider/develop
        terraform/terraform-tests
    url: https://api.scaleway.com/instance/v1/zones/fr-par-1/security_groups/d75cd359-4b6e-42dc-a7e3-9787441f3da1/rules
    method: POST
  response:
    body: '{"rule": {"id": "3f333c9b-4cf2-4f0e-9556-4ca4179e3ce1", "protocol": "TCP",
      "direction": "inbound", "ip_range": "1.2.0.0/16", "dest_port_from": 443, "dest_port_to":
      null, "position": 2, "editable": null, "action": "drop", "zone": "fr-par-1"}}'
    headers:
      Content-Length:
      - "241"
      Content-Security-Policy:
      - default-src 'none'; frame-ancestors 'none'
      Content-Type:
      - application/json
      Date:
      - Tue, 12 Apr 2022 10:04:58 GMT
      Location:
      - https://api.scaleway.com/instance/v1/zones/fr-par-1/security_groups/d75cd359-4b6e-42dc-a7e3-9787441f3da1/rules/3f333c9b-4cf2-4f0e-9556-4ca4179e3ce1
      Server:
      - Scaleway API-Gateway
      Strict-Transport-Security:
      - max-age=63072000
      X-Content-Type-Options:
      - nosniff
      X-Frame-Options:
      - DENY
      X-Request-Id:
      - 9c2a063f-8ded-4f5e-82bb-5420517961af
    status: 201 Created
    code: 201
    duration: ""
- request:
    body: '{"protocol":"TCP","direction":"outbound","action":"accept","ip_range":"1.2.3.0/32","dest_port_from":80}'
    form: {}
    headers:
      Content-Type:
      - application/json
      User-Agent:
      - scaleway-sdk-go/v1.0.0-beta.7+dev (go1.18; darwin; amd64) terraform-provider/develop
        terraform/terraform-tests
    url: https://api.scaleway.com/instance/v1/zones/fr-par-1/security_groups/d75cd359-4b6e-42dc-a7e3-9787441f3da1/rules
    method: POST
  response:
    body: '{"rule": {"id": "7a24fddc-6385-4cc5-b905-ec8ec13e20fd", "protocol": "TCP",
      "direction": "outbound", "ip_range": "1.2.3.0", "dest_port_from": 80, "dest_port_to":
      null, "position": 3, "editable": null, "action": "accept", "zone": "fr-par-1"}}'
    headers:
      Content-Length:
      - "240"
      Content-Security-Policy:
      - default-src 'none'; frame-ancestors 'none'
      Content-Type:
      - application/json
      Date:
      - Tue, 12 Apr 2022 10:04:59 GMT
      Location:
      - https://api.scaleway.com/instance/v1/zones/fr-par-1/security_groups/d75cd359-4b6e-42dc-a7e3-9787441f3da1/rules/7a24fddc-6385-4cc5-b905-ec8ec13e20fd
      Server:
      - Scaleway API-Gateway
      Strict-Transport-Security:
      - max-age=63072000
      X-Content-Type-Options:
      - nosniff
      X-Frame-Options:
      - DENY
      X-Request-Id:
      - 22697917-27f8-4079-8b0d-6b5cead219d6
    status: 201 Created
    code: 201
    duration: ""
- request:
    body: '{"protocol":"TCP","direction":"outbound","action":"drop","ip_range":"2002::/24","dest_port_from":443}'
    form: {}
    headers:
      Content-Type:
      - application/json
      User-Agent:
      - scaleway-sdk-go/v1.0.0-beta.7+dev (go1.18; darwin; amd64) terraform-provider/develop
        terraform/terraform-tests
    url: https://api.scaleway.com/instance/v1/zones/fr-par-1/security_groups/d75cd359-4b6e-42dc-a7e3-9787441f3da1/rules
    method: POST
  response:
    body: '{"rule": {"id": "344b0e5a-de1d-47a2-9f02-19c911829668", "protocol": "TCP",
      "direction": "outbound", "ip_range": "2002::/24", "dest_port_from": 443, "dest_port_to":
      null, "position": 4, "editable": null, "action": "drop", "zone": "fr-par-1"}}'
    headers:
      Content-Length:
      - "241"
      Content-Security-Policy:
      - default-src 'none'; frame-ancestors 'none'
      Content-Type:
      - application/json
      Date:
      - Tue, 12 Apr 2022 10:05:00 GMT
      Location:
      - https://api.scaleway.com/instance/v1/zones/fr-par-1/security_groups/d75cd359-4b6e-42dc-a7e3-9787441f3da1/rules/344b0e5a-de1d-47a2-9f02-19c911829668
      Server:
      - Scaleway API-Gateway
      Strict-Transport-Security:
      - max-age=63072000
      X-Content-Type-Options:
      - nosniff
      X-Frame-Options:
      - DENY
      X-Request-Id:
      - c50d82f5-b650-415e-9d11-6fb2c46da1ef
    status: 201 Created
    code: 201
    duration: ""
- request:
    body: '{"protocol":"TCP","direction":"outbound","action":"drop","ip_range":"2002:0:0:1234::/64","dest_port_from":443}'
    form: {}
    headers:
      Content-Type:
      - application/json
      User-Agent:
      - scaleway-sdk-go/v1.0.0-beta.7+dev (go1.18; darwin; amd64) terraform-provider/develop
        terraform/terraform-tests
    url: https://api.scaleway.com/instance/v1/zones/fr-par-1/security_groups/d75cd359-4b6e-42dc-a7e3-9787441f3da1/rules
    method: POST
  response:
    body: '{"rule": {"id": "24e7d2ca-615e-488b-9686-2ab6b4ca4b48", "protocol": "TCP",
      "direction": "outbound", "ip_range": "2002:0:0:1234::/64", "dest_port_from":
      443, "dest_port_to": null, "position": 5, "editable": null, "action": "drop",
      "zone": "fr-par-1"}}'
    headers:
      Content-Length:
      - "250"
      Content-Security-Policy:
      - default-src 'none'; frame-ancestors 'none'
      Content-Type:
      - application/json
      Date:
      - Tue, 12 Apr 2022 10:05:00 GMT
      Location:
      - https://api.scaleway.com/instance/v1/zones/fr-par-1/security_groups/d75cd359-4b6e-42dc-a7e3-9787441f3da1/rules/24e7d2ca-615e-488b-9686-2ab6b4ca4b48
      Server:
      - Scaleway API-Gateway
      Strict-Transport-Security:
      - max-age=63072000
      X-Content-Type-Options:
      - nosniff
      X-Frame-Options:
      - DENY
      X-Request-Id:
      - 4907d745-f6c4-466d-bd63-84bf5b1eb509
    status: 201 Created
    code: 201
    duration: ""
- request:
    body: '{"protocol":"TCP","direction":"outbound","action":"drop","ip_range":"2002::1234:abcd:ffff:c0a8:101/128","dest_port_from":443}'
    form: {}
    headers:
      Content-Type:
      - application/json
      User-Agent:
      - scaleway-sdk-go/v1.0.0-beta.7+dev (go1.18; darwin; amd64) terraform-provider/develop
        terraform/terraform-tests
    url: https://api.scaleway.com/instance/v1/zones/fr-par-1/security_groups/d75cd359-4b6e-42dc-a7e3-9787441f3da1/rules
    method: POST
  response:
    body: '{"rule": {"id": "8d2de6f8-af0a-49d4-ac4d-d63c86509ce5", "protocol": "TCP",
      "direction": "outbound", "ip_range": "2002::1234:abcd:ffff:c0a8:101", "dest_port_from":
      443, "dest_port_to": null, "position": 6, "editable": null, "action": "drop",
      "zone": "fr-par-1"}}'
    headers:
      Content-Length:
      - "261"
      Content-Security-Policy:
      - default-src 'none'; frame-ancestors 'none'
      Content-Type:
      - application/json
      Date:
      - Tue, 12 Apr 2022 10:05:00 GMT
      Location:
      - https://api.scaleway.com/instance/v1/zones/fr-par-1/security_groups/d75cd359-4b6e-42dc-a7e3-9787441f3da1/rules/8d2de6f8-af0a-49d4-ac4d-d63c86509ce5
      Server:
      - Scaleway API-Gateway
      Strict-Transport-Security:
      - max-age=63072000
      X-Content-Type-Options:
      - nosniff
      X-Frame-Options:
      - DENY
      X-Request-Id:
      - 0cc9a3d3-0b85-40e7-a76b-99dad974dd0a
    status: 201 Created
    code: 201
    duration: ""
- request:
    body: ""
    form: {}
    headers:
      User-Agent:
      - scaleway-sdk-go/v1.0.0-beta.7+dev (go1.18; darwin; amd64) terraform-provider/develop
        terraform/terraform-tests
    url: https://api.scaleway.com/instance/v1/zones/fr-par-1/security_groups/d75cd359-4b6e-42dc-a7e3-9787441f3da1/rules?page=1
    method: GET
  response:
    body: '{"rules": [{"id": "58909be7-d17c-4ac8-9eb3-23d5fc58abc5", "protocol": "TCP",
      "direction": "outbound", "ip_range": "0.0.0.0/0", "dest_port_from": 25, "dest_port_to":
      null, "position": 1, "editable": false, "action": "drop", "zone": "fr-par-1"},
      {"id": "25680235-108b-4bbc-8e25-114303d950bd", "protocol": "TCP", "direction":
      "outbound", "ip_range": "0.0.0.0/0", "dest_port_from": 465, "dest_port_to":
      null, "position": 2, "editable": false, "action": "drop", "zone": "fr-par-1"},
      {"id": "4a31b633-118e-4900-bd52-facf1085fc8d", "protocol": "TCP", "direction":
      "outbound", "ip_range": "0.0.0.0/0", "dest_port_from": 587, "dest_port_to":
      null, "position": 3, "editable": false, "action": "drop", "zone": "fr-par-1"},
      {"id": "e7dd28e8-3747-4c7c-9a4f-35ae3f0ae2cd", "protocol": "TCP", "direction":
      "outbound", "ip_range": "::/0", "dest_port_from": 25, "dest_port_to": null,
      "position": 4, "editable": false, "action": "drop", "zone": "fr-par-1"}, {"id":
      "f37d9e7c-8ed7-4e0f-baff-7f5e7ede0baf", "protocol": "TCP", "direction": "outbound",
      "ip_range": "::/0", "dest_port_from": 465, "dest_port_to": null, "position":
      5, "editable": false, "action": "drop", "zone": "fr-par-1"}, {"id": "68054851-54e3-46c9-9cd7-83219751248b",
      "protocol": "TCP", "direction": "outbound", "ip_range": "::/0", "dest_port_from":
      587, "dest_port_to": null, "position": 6, "editable": false, "action": "drop",
      "zone": "fr-par-1"}, {"id": "4675882f-7f8b-42f5-908a-d949772214c6", "protocol":
      "TCP", "direction": "inbound", "ip_range": "0.0.0.0/0", "dest_port_from": 80,
      "dest_port_to": null, "position": 1, "editable": true, "action": "accept", "zone":
      "fr-par-1"}, {"id": "3f333c9b-4cf2-4f0e-9556-4ca4179e3ce1", "protocol": "TCP",
      "direction": "inbound", "ip_range": "1.2.0.0/16", "dest_port_from": 443, "dest_port_to":
      null, "position": 2, "editable": true, "action": "drop", "zone": "fr-par-1"},
      {"id": "7a24fddc-6385-4cc5-b905-ec8ec13e20fd", "protocol": "TCP", "direction":
      "outbound", "ip_range": "1.2.3.0", "dest_port_from": 80, "dest_port_to": null,
      "position": 3, "editable": true, "action": "accept", "zone": "fr-par-1"}, {"id":
      "344b0e5a-de1d-47a2-9f02-19c911829668", "protocol": "TCP", "direction": "outbound",
      "ip_range": "2002::/24", "dest_port_from": 443, "dest_port_to": null, "position":
      4, "editable": true, "action": "drop", "zone": "fr-par-1"}, {"id": "24e7d2ca-615e-488b-9686-2ab6b4ca4b48",
      "protocol": "TCP", "direction": "outbound", "ip_range": "2002:0:0:1234::/64",
      "dest_port_from": 443, "dest_port_to": null, "position": 5, "editable": true,
      "action": "drop", "zone": "fr-par-1"}, {"id": "8d2de6f8-af0a-49d4-ac4d-d63c86509ce5",
      "protocol": "TCP", "direction": "outbound", "ip_range": "2002::1234:abcd:ffff:c0a8:101",
      "dest_port_from": 443, "dest_port_to": null, "position": 6, "editable": true,
      "action": "drop", "zone": "fr-par-1"}]}'
    headers:
      Content-Length:
      - "2824"
      Content-Security-Policy:
      - default-src 'none'; frame-ancestors 'none'
      Content-Type:
      - application/json
      Date:
      - Tue, 12 Apr 2022 10:05:00 GMT
      Server:
      - Scaleway API-Gateway
      Strict-Transport-Security:
      - max-age=63072000
      X-Content-Type-Options:
      - nosniff
      X-Frame-Options:
      - DENY
      X-Request-Id:
      - 4d0941ae-e368-45da-9cd8-20dcfee62c7a
    status: 200 OK
    code: 200
    duration: ""
- request:
    body: ""
    form: {}
    headers:
      User-Agent:
      - scaleway-sdk-go/v1.0.0-beta.7+dev (go1.18; darwin; amd64) terraform-provider/develop
        terraform/terraform-tests
    url: https://api.scaleway.com/instance/v1/zones/fr-par-1/security_groups/d75cd359-4b6e-42dc-a7e3-9787441f3da1
    method: GET
  response:
    body: '{"security_group": {"id": "d75cd359-4b6e-42dc-a7e3-9787441f3da1", "creation_date":
      "2022-04-12T10:04:57.286758+00:00", "modification_date": "2022-04-12T10:05:00.825165+00:00",
      "name": "tf-sg-jolly-einstein", "description": null, "organization": "105bdce1-64c0-48ab-899d-868455867ecf",
      "project": "105bdce1-64c0-48ab-899d-868455867ecf", "servers": [], "stateful":
      true, "inbound_default_policy": "accept", "outbound_default_policy": "accept",
      "organization_default": false, "project_default": false, "enable_default_security":
      true, "state": "available", "tags": [], "zone": "fr-par-1"}}'
    headers:
      Content-Length:
      - "586"
      Content-Security-Policy:
      - default-src 'none'; frame-ancestors 'none'
      Content-Type:
      - application/json
      Date:
      - Tue, 12 Apr 2022 10:05:01 GMT
      Server:
      - Scaleway API-Gateway
      Strict-Transport-Security:
      - max-age=63072000
      X-Content-Type-Options:
      - nosniff
      X-Frame-Options:
      - DENY
      X-Request-Id:
      - 3c50e447-b703-475c-8920-9f23c46785bc
    status: 200 OK
    code: 200
    duration: ""
- request:
    body: ""
    form: {}
    headers:
      User-Agent:
      - scaleway-sdk-go/v1.0.0-beta.7+dev (go1.18; darwin; amd64) terraform-provider/develop
        terraform/terraform-tests
    url: https://api.scaleway.com/instance/v1/zones/fr-par-1/security_groups/d75cd359-4b6e-42dc-a7e3-9787441f3da1/rules?page=1
    method: GET
  response:
    body: '{"rules": [{"id": "58909be7-d17c-4ac8-9eb3-23d5fc58abc5", "protocol": "TCP",
      "direction": "outbound", "ip_range": "0.0.0.0/0", "dest_port_from": 25, "dest_port_to":
      null, "position": 1, "editable": false, "action": "drop", "zone": "fr-par-1"},
      {"id": "25680235-108b-4bbc-8e25-114303d950bd", "protocol": "TCP", "direction":
      "outbound", "ip_range": "0.0.0.0/0", "dest_port_from": 465, "dest_port_to":
      null, "position": 2, "editable": false, "action": "drop", "zone": "fr-par-1"},
      {"id": "4a31b633-118e-4900-bd52-facf1085fc8d", "protocol": "TCP", "direction":
      "outbound", "ip_range": "0.0.0.0/0", "dest_port_from": 587, "dest_port_to":
      null, "position": 3, "editable": false, "action": "drop", "zone": "fr-par-1"},
      {"id": "e7dd28e8-3747-4c7c-9a4f-35ae3f0ae2cd", "protocol": "TCP", "direction":
      "outbound", "ip_range": "::/0", "dest_port_from": 25, "dest_port_to": null,
      "position": 4, "editable": false, "action": "drop", "zone": "fr-par-1"}, {"id":
      "f37d9e7c-8ed7-4e0f-baff-7f5e7ede0baf", "protocol": "TCP", "direction": "outbound",
      "ip_range": "::/0", "dest_port_from": 465, "dest_port_to": null, "position":
      5, "editable": false, "action": "drop", "zone": "fr-par-1"}, {"id": "68054851-54e3-46c9-9cd7-83219751248b",
      "protocol": "TCP", "direction": "outbound", "ip_range": "::/0", "dest_port_from":
      587, "dest_port_to": null, "position": 6, "editable": false, "action": "drop",
      "zone": "fr-par-1"}, {"id": "4675882f-7f8b-42f5-908a-d949772214c6", "protocol":
      "TCP", "direction": "inbound", "ip_range": "0.0.0.0/0", "dest_port_from": 80,
      "dest_port_to": null, "position": 1, "editable": true, "action": "accept", "zone":
      "fr-par-1"}, {"id": "3f333c9b-4cf2-4f0e-9556-4ca4179e3ce1", "protocol": "TCP",
      "direction": "inbound", "ip_range": "1.2.0.0/16", "dest_port_from": 443, "dest_port_to":
      null, "position": 2, "editable": true, "action": "drop", "zone": "fr-par-1"},
      {"id": "7a24fddc-6385-4cc5-b905-ec8ec13e20fd", "protocol": "TCP", "direction":
      "outbound", "ip_range": "1.2.3.0", "dest_port_from": 80, "dest_port_to": null,
      "position": 3, "editable": true, "action": "accept", "zone": "fr-par-1"}, {"id":
      "344b0e5a-de1d-47a2-9f02-19c911829668", "protocol": "TCP", "direction": "outbound",
      "ip_range": "2002::/24", "dest_port_from": 443, "dest_port_to": null, "position":
      4, "editable": true, "action": "drop", "zone": "fr-par-1"}, {"id": "24e7d2ca-615e-488b-9686-2ab6b4ca4b48",
      "protocol": "TCP", "direction": "outbound", "ip_range": "2002:0:0:1234::/64",
      "dest_port_from": 443, "dest_port_to": null, "position": 5, "editable": true,
      "action": "drop", "zone": "fr-par-1"}, {"id": "8d2de6f8-af0a-49d4-ac4d-d63c86509ce5",
      "protocol": "TCP", "direction": "outbound", "ip_range": "2002::1234:abcd:ffff:c0a8:101",
      "dest_port_from": 443, "dest_port_to": null, "position": 6, "editable": true,
      "action": "drop", "zone": "fr-par-1"}]}'
    headers:
      Content-Length:
      - "2824"
      Content-Security-Policy:
      - default-src 'none'; frame-ancestors 'none'
      Content-Type:
      - application/json
      Date:
      - Tue, 12 Apr 2022 10:05:01 GMT
      Server:
      - Scaleway API-Gateway
      Strict-Transport-Security:
      - max-age=63072000
      X-Content-Type-Options:
      - nosniff
      X-Frame-Options:
      - DENY
      X-Request-Id:
      - e8cb8d17-41fc-4bda-9f1f-90f851415e14
    status: 200 OK
    code: 200
    duration: ""
- request:
    body: ""
    form: {}
    headers:
      User-Agent:
      - scaleway-sdk-go/v1.0.0-beta.7+dev (go1.18; darwin; amd64) terraform-provider/develop
        terraform/terraform-tests
    url: https://api.scaleway.com/instance/v1/zones/fr-par-1/security_groups/d75cd359-4b6e-42dc-a7e3-9787441f3da1/rules?page=1
    method: GET
  response:
    body: '{"rules": [{"id": "58909be7-d17c-4ac8-9eb3-23d5fc58abc5", "protocol": "TCP",
      "direction": "outbound", "ip_range": "0.0.0.0/0", "dest_port_from": 25, "dest_port_to":
      null, "position": 1, "editable": false, "action": "drop", "zone": "fr-par-1"},
      {"id": "25680235-108b-4bbc-8e25-114303d950bd", "protocol": "TCP", "direction":
      "outbound", "ip_range": "0.0.0.0/0", "dest_port_from": 465, "dest_port_to":
      null, "position": 2, "editable": false, "action": "drop", "zone": "fr-par-1"},
      {"id": "4a31b633-118e-4900-bd52-facf1085fc8d", "protocol": "TCP", "direction":
      "outbound", "ip_range": "0.0.0.0/0", "dest_port_from": 587, "dest_port_to":
      null, "position": 3, "editable": false, "action": "drop", "zone": "fr-par-1"},
      {"id": "e7dd28e8-3747-4c7c-9a4f-35ae3f0ae2cd", "protocol": "TCP", "direction":
      "outbound", "ip_range": "::/0", "dest_port_from": 25, "dest_port_to": null,
      "position": 4, "editable": false, "action": "drop", "zone": "fr-par-1"}, {"id":
      "f37d9e7c-8ed7-4e0f-baff-7f5e7ede0baf", "protocol": "TCP", "direction": "outbound",
      "ip_range": "::/0", "dest_port_from": 465, "dest_port_to": null, "position":
      5, "editable": false, "action": "drop", "zone": "fr-par-1"}, {"id": "68054851-54e3-46c9-9cd7-83219751248b",
      "protocol": "TCP", "direction": "outbound", "ip_range": "::/0", "dest_port_from":
      587, "dest_port_to": null, "position": 6, "editable": false, "action": "drop",
      "zone": "fr-par-1"}, {"id": "4675882f-7f8b-42f5-908a-d949772214c6", "protocol":
      "TCP", "direction": "inbound", "ip_range": "0.0.0.0/0", "dest_port_from": 80,
      "dest_port_to": null, "position": 1, "editable": true, "action": "accept", "zone":
      "fr-par-1"}, {"id": "3f333c9b-4cf2-4f0e-9556-4ca4179e3ce1", "protocol": "TCP",
      "direction": "inbound", "ip_range": "1.2.0.0/16", "dest_port_from": 443, "dest_port_to":
      null, "position": 2, "editable": true, "action": "drop", "zone": "fr-par-1"},
      {"id": "7a24fddc-6385-4cc5-b905-ec8ec13e20fd", "protocol": "TCP", "direction":
      "outbound", "ip_range": "1.2.3.0", "dest_port_from": 80, "dest_port_to": null,
      "position": 3, "editable": true, "action": "accept", "zone": "fr-par-1"}, {"id":
      "344b0e5a-de1d-47a2-9f02-19c911829668", "protocol": "TCP", "direction": "outbound",
      "ip_range": "2002::/24", "dest_port_from": 443, "dest_port_to": null, "position":
      4, "editable": true, "action": "drop", "zone": "fr-par-1"}, {"id": "24e7d2ca-615e-488b-9686-2ab6b4ca4b48",
      "protocol": "TCP", "direction": "outbound", "ip_range": "2002:0:0:1234::/64",
      "dest_port_from": 443, "dest_port_to": null, "position": 5, "editable": true,
      "action": "drop", "zone": "fr-par-1"}, {"id": "8d2de6f8-af0a-49d4-ac4d-d63c86509ce5",
      "protocol": "TCP", "direction": "outbound", "ip_range": "2002::1234:abcd:ffff:c0a8:101",
      "dest_port_from": 443, "dest_port_to": null, "position": 6, "editable": true,
      "action": "drop", "zone": "fr-par-1"}]}'
    headers:
      Content-Length:
      - "2824"
      Content-Security-Policy:
      - default-src 'none'; frame-ancestors 'none'
      Content-Type:
      - application/json
      Date:
      - Tue, 12 Apr 2022 10:05:01 GMT
      Server:
      - Scaleway API-Gateway
      Strict-Transport-Security:
      - max-age=63072000
      X-Content-Type-Options:
      - nosniff
      X-Frame-Options:
      - DENY
      X-Request-Id:
      - ed6c266d-5048-4116-b8d6-3602ceba3351
    status: 200 OK
    code: 200
    duration: ""
- request:
    body: ""
    form: {}
    headers:
      User-Agent:
      - scaleway-sdk-go/v1.0.0-beta.7+dev (go1.18; darwin; amd64) terraform-provider/develop
        terraform/terraform-tests
    url: https://api.scaleway.com/instance/v1/zones/fr-par-1/security_groups/d75cd359-4b6e-42dc-a7e3-9787441f3da1/rules?page=1
    method: GET
  response:
    body: '{"rules": [{"id": "58909be7-d17c-4ac8-9eb3-23d5fc58abc5", "protocol": "TCP",
      "direction": "outbound", "ip_range": "0.0.0.0/0", "dest_port_from": 25, "dest_port_to":
      null, "position": 1, "editable": false, "action": "drop", "zone": "fr-par-1"},
      {"id": "25680235-108b-4bbc-8e25-114303d950bd", "protocol": "TCP", "direction":
      "outbound", "ip_range": "0.0.0.0/0", "dest_port_from": 465, "dest_port_to":
      null, "position": 2, "editable": false, "action": "drop", "zone": "fr-par-1"},
      {"id": "4a31b633-118e-4900-bd52-facf1085fc8d", "protocol": "TCP", "direction":
      "outbound", "ip_range": "0.0.0.0/0", "dest_port_from": 587, "dest_port_to":
      null, "position": 3, "editable": false, "action": "drop", "zone": "fr-par-1"},
      {"id": "e7dd28e8-3747-4c7c-9a4f-35ae3f0ae2cd", "protocol": "TCP", "direction":
      "outbound", "ip_range": "::/0", "dest_port_from": 25, "dest_port_to": null,
      "position": 4, "editable": false, "action": "drop", "zone": "fr-par-1"}, {"id":
      "f37d9e7c-8ed7-4e0f-baff-7f5e7ede0baf", "protocol": "TCP", "direction": "outbound",
      "ip_range": "::/0", "dest_port_from": 465, "dest_port_to": null, "position":
      5, "editable": false, "action": "drop", "zone": "fr-par-1"}, {"id": "68054851-54e3-46c9-9cd7-83219751248b",
      "protocol": "TCP", "direction": "outbound", "ip_range": "::/0", "dest_port_from":
      587, "dest_port_to": null, "position": 6, "editable": false, "action": "drop",
      "zone": "fr-par-1"}, {"id": "4675882f-7f8b-42f5-908a-d949772214c6", "protocol":
      "TCP", "direction": "inbound", "ip_range": "0.0.0.0/0", "dest_port_from": 80,
      "dest_port_to": null, "position": 1, "editable": true, "action": "accept", "zone":
      "fr-par-1"}, {"id": "3f333c9b-4cf2-4f0e-9556-4ca4179e3ce1", "protocol": "TCP",
      "direction": "inbound", "ip_range": "1.2.0.0/16", "dest_port_from": 443, "dest_port_to":
      null, "position": 2, "editable": true, "action": "drop", "zone": "fr-par-1"},
      {"id": "7a24fddc-6385-4cc5-b905-ec8ec13e20fd", "protocol": "TCP", "direction":
      "outbound", "ip_range": "1.2.3.0", "dest_port_from": 80, "dest_port_to": null,
      "position": 3, "editable": true, "action": "accept", "zone": "fr-par-1"}, {"id":
      "344b0e5a-de1d-47a2-9f02-19c911829668", "protocol": "TCP", "direction": "outbound",
      "ip_range": "2002::/24", "dest_port_from": 443, "dest_port_to": null, "position":
      4, "editable": true, "action": "drop", "zone": "fr-par-1"}, {"id": "24e7d2ca-615e-488b-9686-2ab6b4ca4b48",
      "protocol": "TCP", "direction": "outbound", "ip_range": "2002:0:0:1234::/64",
      "dest_port_from": 443, "dest_port_to": null, "position": 5, "editable": true,
      "action": "drop", "zone": "fr-par-1"}, {"id": "8d2de6f8-af0a-49d4-ac4d-d63c86509ce5",
      "protocol": "TCP", "direction": "outbound", "ip_range": "2002::1234:abcd:ffff:c0a8:101",
      "dest_port_from": 443, "dest_port_to": null, "position": 6, "editable": true,
      "action": "drop", "zone": "fr-par-1"}]}'
    headers:
      Content-Length:
      - "2824"
      Content-Security-Policy:
      - default-src 'none'; frame-ancestors 'none'
      Content-Type:
      - application/json
      Date:
      - Tue, 12 Apr 2022 10:05:02 GMT
      Server:
      - Scaleway API-Gateway
      Strict-Transport-Security:
      - max-age=63072000
      X-Content-Type-Options:
      - nosniff
      X-Frame-Options:
      - DENY
      X-Request-Id:
      - c85859af-5b5e-4b44-bf39-583a192e306a
    status: 200 OK
    code: 200
    duration: ""
- request:
    body: ""
    form: {}
    headers:
      User-Agent:
      - scaleway-sdk-go/v1.0.0-beta.7+dev (go1.18; darwin; amd64) terraform-provider/develop
        terraform/terraform-tests
    url: https://api.scaleway.com/instance/v1/zones/fr-par-1/security_groups/d75cd359-4b6e-42dc-a7e3-9787441f3da1/rules/4675882f-7f8b-42f5-908a-d949772214c6
    method: DELETE
  response:
    body: ""
    headers:
      Content-Security-Policy:
      - default-src 'none'; frame-ancestors 'none'
      Date:
      - Tue, 12 Apr 2022 10:05:02 GMT
      Server:
      - Scaleway API-Gateway
      Strict-Transport-Security:
      - max-age=63072000
      X-Content-Type-Options:
      - nosniff
      X-Frame-Options:
      - DENY
      X-Request-Id:
      - 3d8b33c2-faff-4dfa-85e2-e1e1355b0342
    status: 204 No Content
    code: 204
    duration: ""
- request:
    body: ""
    form: {}
    headers:
      User-Agent:
      - scaleway-sdk-go/v1.0.0-beta.7+dev (go1.18; darwin; amd64) terraform-provider/develop
        terraform/terraform-tests
    url: https://api.scaleway.com/instance/v1/zones/fr-par-1/security_groups/d75cd359-4b6e-42dc-a7e3-9787441f3da1/rules/3f333c9b-4cf2-4f0e-9556-4ca4179e3ce1
    method: DELETE
  response:
    body: ""
    headers:
      Content-Security-Policy:
      - default-src 'none'; frame-ancestors 'none'
      Date:
      - Tue, 12 Apr 2022 10:05:03 GMT
      Server:
      - Scaleway API-Gateway
      Strict-Transport-Security:
      - max-age=63072000
      X-Content-Type-Options:
      - nosniff
      X-Frame-Options:
      - DENY
      X-Request-Id:
      - fbfde2b2-02b4-4bda-9e58-c98ae34cfd6d
    status: 204 No Content
    code: 204
    duration: ""
- request:
    body: ""
    form: {}
    headers:
      User-Agent:
      - scaleway-sdk-go/v1.0.0-beta.7+dev (go1.18; darwin; amd64) terraform-provider/develop
        terraform/terraform-tests
    url: https://api.scaleway.com/instance/v1/zones/fr-par-1/security_groups/d75cd359-4b6e-42dc-a7e3-9787441f3da1/rules/7a24fddc-6385-4cc5-b905-ec8ec13e20fd
    method: DELETE
  response:
    body: ""
    headers:
      Content-Security-Policy:
      - default-src 'none'; frame-ancestors 'none'
      Date:
      - Tue, 12 Apr 2022 10:05:03 GMT
      Server:
      - Scaleway API-Gateway
      Strict-Transport-Security:
      - max-age=63072000
      X-Content-Type-Options:
      - nosniff
      X-Frame-Options:
      - DENY
      X-Request-Id:
      - 79d868f7-9359-4b73-99e5-23d1ee58d75d
    status: 204 No Content
    code: 204
    duration: ""
- request:
    body: ""
    form: {}
    headers:
      User-Agent:
      - scaleway-sdk-go/v1.0.0-beta.7+dev (go1.18; darwin; amd64) terraform-provider/develop
        terraform/terraform-tests
    url: https://api.scaleway.com/instance/v1/zones/fr-par-1/security_groups/d75cd359-4b6e-42dc-a7e3-9787441f3da1/rules/344b0e5a-de1d-47a2-9f02-19c911829668
    method: DELETE
  response:
    body: ""
    headers:
      Content-Security-Policy:
      - default-src 'none'; frame-ancestors 'none'
      Date:
      - Tue, 12 Apr 2022 10:05:03 GMT
      Server:
      - Scaleway API-Gateway
      Strict-Transport-Security:
      - max-age=63072000
      X-Content-Type-Options:
      - nosniff
      X-Frame-Options:
      - DENY
      X-Request-Id:
      - 05b959b0-643c-4680-bdc4-400ab330b51d
    status: 204 No Content
    code: 204
    duration: ""
- request:
    body: ""
    form: {}
    headers:
      User-Agent:
      - scaleway-sdk-go/v1.0.0-beta.7+dev (go1.18; darwin; amd64) terraform-provider/develop
        terraform/terraform-tests
    url: https://api.scaleway.com/instance/v1/zones/fr-par-1/security_groups/d75cd359-4b6e-42dc-a7e3-9787441f3da1/rules/24e7d2ca-615e-488b-9686-2ab6b4ca4b48
    method: DELETE
  response:
    body: ""
    headers:
      Content-Security-Policy:
      - default-src 'none'; frame-ancestors 'none'
      Date:
      - Tue, 12 Apr 2022 10:05:04 GMT
      Server:
      - Scaleway API-Gateway
      Strict-Transport-Security:
      - max-age=63072000
      X-Content-Type-Options:
      - nosniff
      X-Frame-Options:
      - DENY
      X-Request-Id:
      - f1ef6872-023d-4e10-b348-4b557303130a
    status: 204 No Content
    code: 204
    duration: ""
- request:
    body: ""
    form: {}
    headers:
      User-Agent:
      - scaleway-sdk-go/v1.0.0-beta.7+dev (go1.18; darwin; amd64) terraform-provider/develop
        terraform/terraform-tests
    url: https://api.scaleway.com/instance/v1/zones/fr-par-1/security_groups/d75cd359-4b6e-42dc-a7e3-9787441f3da1/rules/8d2de6f8-af0a-49d4-ac4d-d63c86509ce5
    method: DELETE
  response:
    body: ""
    headers:
      Content-Security-Policy:
      - default-src 'none'; frame-ancestors 'none'
      Date:
      - Tue, 12 Apr 2022 10:05:04 GMT
      Server:
      - Scaleway API-Gateway
      Strict-Transport-Security:
      - max-age=63072000
      X-Content-Type-Options:
      - nosniff
      X-Frame-Options:
      - DENY
      X-Request-Id:
      - 0160e5ec-6ef7-411e-8ab5-8c57cd233288
    status: 204 No Content
    code: 204
    duration: ""
- request:
    body: ""
    form: {}
    headers:
      User-Agent:
      - scaleway-sdk-go/v1.0.0-beta.7+dev (go1.18; darwin; amd64) terraform-provider/develop
        terraform/terraform-tests
    url: https://api.scaleway.com/instance/v1/zones/fr-par-1/security_groups/d75cd359-4b6e-42dc-a7e3-9787441f3da1
    method: DELETE
  response:
    body: ""
    headers:
      Content-Security-Policy:
      - default-src 'none'; frame-ancestors 'none'
      Date:
      - Tue, 12 Apr 2022 10:05:04 GMT
      Server:
      - Scaleway API-Gateway
      Strict-Transport-Security:
      - max-age=63072000
      X-Content-Type-Options:
      - nosniff
      X-Frame-Options:
      - DENY
      X-Request-Id:
      - 03c0dd95-4bf5-4339-90f8-a723f33fdae1
    status: 204 No Content
    code: 204
    duration: ""
- request:
    body: ""
    form: {}
    headers:
      User-Agent:
      - scaleway-sdk-go/v1.0.0-beta.7+dev (go1.18; darwin; amd64) terraform-provider/develop
        terraform/terraform-tests
    url: https://api.scaleway.com/instance/v1/zones/fr-par-1/security_groups/d75cd359-4b6e-42dc-a7e3-9787441f3da1
    method: GET
  response:
    body: '{"type": "unknown_resource", "message": "Security group \"d75cd359-4b6e-42dc-a7e3-9787441f3da1\"
      not found"}'
    headers:
      Content-Length:
      - "108"
      Content-Security-Policy:
      - default-src 'none'; frame-ancestors 'none'
      Content-Type:
      - application/json
      Date:
      - Tue, 12 Apr 2022 10:05:04 GMT
      Server:
      - Scaleway API-Gateway
      Strict-Transport-Security:
      - max-age=63072000
      X-Content-Type-Options:
      - nosniff
      X-Frame-Options:
      - DENY
      X-Request-Id:
      - 522c696d-4c64-49b6-8151-fa3c02bbea78
    status: 404 Not Found
    code: 404
    duration: ""
