---
version: 1
interactions:
- request:
    body: '{"name":"tf-vol-exciting-spence","project":"105bdce1-64c0-48ab-899d-868455867ecf","volume_type":"b_ssd","size":20000000000}'
    form: {}
    headers:
      Content-Type:
      - application/json
      User-Agent:
      - scaleway-sdk-go/v1.0.0-beta.7+dev (go1.17.3; darwin; amd64) terraform-provider/develop
        terraform/terraform-tests
    url: https://api.scaleway.com/instance/v1/zones/fr-par-1/volumes
    method: POST
  response:
    body: '{"volume": {"id": "220aaecd-e1ff-4986-9dee-675c87983c91", "name": "tf-vol-exciting-spence",
      "volume_type": "b_ssd", "export_uri": null, "organization": "105bdce1-64c0-48ab-899d-868455867ecf",
      "project": "105bdce1-64c0-48ab-899d-868455867ecf", "server": null, "size": 20000000000,
      "state": "available", "creation_date": "2021-12-07T10:45:24.561104+00:00", "modification_date":
      "2021-12-07T10:45:24.561104+00:00", "zone": "fr-par-1"}}'
    headers:
      Content-Length:
      - "432"
      Content-Security-Policy:
      - default-src 'none'; frame-ancestors 'none'
      Content-Type:
      - application/json
      Date:
      - Tue, 07 Dec 2021 10:45:25 GMT
      Location:
      - https://api.scaleway.com/instance/v1/zones/fr-par-1/volumes/220aaecd-e1ff-4986-9dee-675c87983c91
      Server:
      - Scaleway API-Gateway
      Strict-Transport-Security:
      - max-age=63072000
      X-Content-Type-Options:
      - nosniff
      X-Frame-Options:
      - DENY
      X-Request-Id:
      - eb8d0639-2c03-4dbd-bf6f-f94971d9830f
    status: 201 Created
    code: 201
    duration: ""
- request:
    body: ""
    form: {}
    headers:
      User-Agent:
      - scaleway-sdk-go/v1.0.0-beta.7+dev (go1.17.3; darwin; amd64) terraform-provider/develop
        terraform/terraform-tests
    url: https://api.scaleway.com/instance/v1/zones/fr-par-1/volumes/220aaecd-e1ff-4986-9dee-675c87983c91
    method: GET
  response:
    body: '{"volume": {"id": "220aaecd-e1ff-4986-9dee-675c87983c91", "name": "tf-vol-exciting-spence",
      "volume_type": "b_ssd", "export_uri": null, "organization": "105bdce1-64c0-48ab-899d-868455867ecf",
      "project": "105bdce1-64c0-48ab-899d-868455867ecf", "server": null, "size": 20000000000,
      "state": "available", "creation_date": "2021-12-07T10:45:24.561104+00:00", "modification_date":
      "2021-12-07T10:45:24.561104+00:00", "zone": "fr-par-1"}}'
    headers:
      Content-Length:
      - "432"
      Content-Security-Policy:
      - default-src 'none'; frame-ancestors 'none'
      Content-Type:
      - application/json
      Date:
      - Tue, 07 Dec 2021 10:45:25 GMT
      Server:
      - Scaleway API-Gateway
      Strict-Transport-Security:
      - max-age=63072000
      X-Content-Type-Options:
      - nosniff
      X-Frame-Options:
      - DENY
      X-Request-Id:
      - 2b56bccb-89f4-4fd4-9d5c-6fcd9d475cfe
    status: 200 OK
    code: 200
    duration: ""
- request:
    body: '{"name":"tf-snap-happy-curran","volume_id":"220aaecd-e1ff-4986-9dee-675c87983c91","project":"105bdce1-64c0-48ab-899d-868455867ecf"}'
    form: {}
    headers:
      Content-Type:
      - application/json
      User-Agent:
      - scaleway-sdk-go/v1.0.0-beta.7+dev (go1.17.3; darwin; amd64) terraform-provider/develop
        terraform/terraform-tests
    url: https://api.scaleway.com/instance/v1/zones/fr-par-1/snapshots
    method: POST
  response:
    body: '{"snapshot": {"id": "f522d98c-7ba7-4bfb-9452-43949be283c7", "name": "tf-snap-happy-curran",
      "volume_type": "b_ssd", "creation_date": "2021-12-07T10:45:25.208962+00:00",
      "modification_date": "2021-12-07T10:45:25.208962+00:00", "organization": "105bdce1-64c0-48ab-899d-868455867ecf",
      "project": "105bdce1-64c0-48ab-899d-868455867ecf", "size": 20000000000, "state":
      "snapshotting", "base_volume": {"id": "220aaecd-e1ff-4986-9dee-675c87983c91",
      "name": "tf-vol-exciting-spence"}, "zone": "fr-par-1"}}'
    headers:
      Content-Length:
      - "496"
      Content-Security-Policy:
      - default-src 'none'; frame-ancestors 'none'
      Content-Type:
      - application/json
      Date:
      - Tue, 07 Dec 2021 10:45:25 GMT
      Server:
      - Scaleway API-Gateway
      Strict-Transport-Security:
      - max-age=63072000
      X-Content-Type-Options:
      - nosniff
      X-Frame-Options:
      - DENY
      X-Request-Id:
      - 6d1302b7-8ac3-4f64-a001-dc950911be93
    status: 201 Created
    code: 201
    duration: ""
- request:
    body: ""
    form: {}
    headers:
      User-Agent:
      - scaleway-sdk-go/v1.0.0-beta.7+dev (go1.17.3; darwin; amd64) terraform-provider/develop
        terraform/terraform-tests
    url: https://api.scaleway.com/instance/v1/zones/fr-par-1/snapshots/f522d98c-7ba7-4bfb-9452-43949be283c7
    method: GET
  response:
    body: '{"snapshot": {"id": "f522d98c-7ba7-4bfb-9452-43949be283c7", "name": "tf-snap-happy-curran",
      "volume_type": "b_ssd", "creation_date": "2021-12-07T10:45:25.208962+00:00",
      "modification_date": "2021-12-07T10:45:25.208962+00:00", "organization": "105bdce1-64c0-48ab-899d-868455867ecf",
      "project": "105bdce1-64c0-48ab-899d-868455867ecf", "size": 20000000000, "state":
      "snapshotting", "base_volume": {"id": "220aaecd-e1ff-4986-9dee-675c87983c91",
      "name": "tf-vol-exciting-spence"}, "zone": "fr-par-1"}}'
    headers:
      Content-Length:
      - "496"
      Content-Security-Policy:
      - default-src 'none'; frame-ancestors 'none'
      Content-Type:
      - application/json
      Date:
      - Tue, 07 Dec 2021 10:45:25 GMT
      Server:
      - Scaleway API-Gateway
      Strict-Transport-Security:
      - max-age=63072000
      X-Content-Type-Options:
      - nosniff
      X-Frame-Options:
      - DENY
      X-Request-Id:
      - ad583e17-67c2-4153-82c4-13e201d1643e
    status: 200 OK
    code: 200
    duration: ""
- request:
    body: ""
    form: {}
    headers:
      User-Agent:
      - scaleway-sdk-go/v1.0.0-beta.7+dev (go1.17.3; darwin; amd64) terraform-provider/develop
        terraform/terraform-tests
    url: https://api.scaleway.com/instance/v1/zones/fr-par-1/volumes/220aaecd-e1ff-4986-9dee-675c87983c91
    method: GET
  response:
    body: '{"volume": {"id": "220aaecd-e1ff-4986-9dee-675c87983c91", "name": "tf-vol-exciting-spence",
      "volume_type": "b_ssd", "export_uri": null, "organization": "105bdce1-64c0-48ab-899d-868455867ecf",
      "project": "105bdce1-64c0-48ab-899d-868455867ecf", "server": null, "size": 20000000000,
      "state": "snapshotting", "creation_date": "2021-12-07T10:45:24.561104+00:00",
      "modification_date": "2021-12-07T10:45:25.208962+00:00", "zone": "fr-par-1"}}'
    headers:
      Content-Length:
      - "435"
      Content-Security-Policy:
      - default-src 'none'; frame-ancestors 'none'
      Content-Type:
      - application/json
      Date:
      - Tue, 07 Dec 2021 10:45:26 GMT
      Server:
      - Scaleway API-Gateway
      Strict-Transport-Security:
      - max-age=63072000
      X-Content-Type-Options:
      - nosniff
      X-Frame-Options:
      - DENY
      X-Request-Id:
      - d301167b-94ed-4394-a4e4-bdfd530aab64
    status: 200 OK
    code: 200
    duration: ""
- request:
    body: ""
    form: {}
    headers:
      User-Agent:
      - scaleway-sdk-go/v1.0.0-beta.7+dev (go1.17.3; darwin; amd64) terraform-provider/develop
        terraform/terraform-tests
    url: https://api.scaleway.com/instance/v1/zones/fr-par-1/snapshots/f522d98c-7ba7-4bfb-9452-43949be283c7
    method: GET
  response:
    body: '{"snapshot": {"id": "f522d98c-7ba7-4bfb-9452-43949be283c7", "name": "tf-snap-happy-curran",
      "volume_type": "b_ssd", "creation_date": "2021-12-07T10:45:25.208962+00:00",
      "modification_date": "2021-12-07T10:45:25.208962+00:00", "organization": "105bdce1-64c0-48ab-899d-868455867ecf",
      "project": "105bdce1-64c0-48ab-899d-868455867ecf", "size": 20000000000, "state":
      "snapshotting", "base_volume": {"id": "220aaecd-e1ff-4986-9dee-675c87983c91",
      "name": "tf-vol-exciting-spence"}, "zone": "fr-par-1"}}'
    headers:
      Content-Length:
      - "496"
      Content-Security-Policy:
      - default-src 'none'; frame-ancestors 'none'
      Content-Type:
      - application/json
      Date:
      - Tue, 07 Dec 2021 10:45:26 GMT
      Server:
      - Scaleway API-Gateway
      Strict-Transport-Security:
      - max-age=63072000
      X-Content-Type-Options:
      - nosniff
      X-Frame-Options:
      - DENY
      X-Request-Id:
      - 03177eaf-77d7-4648-bceb-ed621fd9a5a2
    status: 200 OK
    code: 200
    duration: ""
- request:
    body: ""
    form: {}
    headers:
      User-Agent:
      - scaleway-sdk-go/v1.0.0-beta.7+dev (go1.17.3; darwin; amd64) terraform-provider/develop
        terraform/terraform-tests
    url: https://api.scaleway.com/instance/v1/zones/fr-par-1/snapshots/f522d98c-7ba7-4bfb-9452-43949be283c7
    method: GET
  response:
    body: '{"snapshot": {"id": "f522d98c-7ba7-4bfb-9452-43949be283c7", "name": "tf-snap-happy-curran",
      "volume_type": "b_ssd", "creation_date": "2021-12-07T10:45:25.208962+00:00",
      "modification_date": "2021-12-07T10:45:25.208962+00:00", "organization": "105bdce1-64c0-48ab-899d-868455867ecf",
      "project": "105bdce1-64c0-48ab-899d-868455867ecf", "size": 20000000000, "state":
      "snapshotting", "base_volume": {"id": "220aaecd-e1ff-4986-9dee-675c87983c91",
      "name": "tf-vol-exciting-spence"}, "zone": "fr-par-1"}}'
    headers:
      Content-Length:
      - "496"
      Content-Security-Policy:
      - default-src 'none'; frame-ancestors 'none'
      Content-Type:
      - application/json
      Date:
      - Tue, 07 Dec 2021 10:45:27 GMT
      Server:
      - Scaleway API-Gateway
      Strict-Transport-Security:
      - max-age=63072000
      X-Content-Type-Options:
      - nosniff
      X-Frame-Options:
      - DENY
      X-Request-Id:
      - 7c27e818-6b30-40d0-a6ac-6ec0c2f09e73
    status: 200 OK
    code: 200
    duration: ""
- request:
    body: ""
    form: {}
    headers:
      User-Agent:
      - scaleway-sdk-go/v1.0.0-beta.7+dev (go1.17.3; darwin; amd64) terraform-provider/develop
        terraform/terraform-tests
    url: https://api.scaleway.com/instance/v1/zones/fr-par-1/snapshots/f522d98c-7ba7-4bfb-9452-43949be283c7
    method: GET
  response:
    body: '{"snapshot": {"id": "f522d98c-7ba7-4bfb-9452-43949be283c7", "name": "tf-snap-happy-curran",
      "volume_type": "b_ssd", "creation_date": "2021-12-07T10:45:25.208962+00:00",
      "modification_date": "2021-12-07T10:45:27.152813+00:00", "organization": "105bdce1-64c0-48ab-899d-868455867ecf",
      "project": "105bdce1-64c0-48ab-899d-868455867ecf", "size": 20000000000, "state":
      "available", "base_volume": {"id": "220aaecd-e1ff-4986-9dee-675c87983c91", "name":
      "tf-vol-exciting-spence"}, "zone": "fr-par-1"}}'
    headers:
      Content-Length:
      - "493"
      Content-Security-Policy:
      - default-src 'none'; frame-ancestors 'none'
      Content-Type:
      - application/json
      Date:
      - Tue, 07 Dec 2021 10:45:32 GMT
      Server:
      - Scaleway API-Gateway
      Strict-Transport-Security:
      - max-age=63072000
      X-Content-Type-Options:
      - nosniff
      X-Frame-Options:
      - DENY
      X-Request-Id:
      - 74807456-3053-4225-8b7b-bdd6a8c4a05c
    status: 200 OK
    code: 200
    duration: ""
- request:
    body: ""
    form: {}
    headers:
      User-Agent:
      - scaleway-sdk-go/v1.0.0-beta.7+dev (go1.17.3; darwin; amd64) terraform-provider/develop
        terraform/terraform-tests
    url: https://api.scaleway.com/instance/v1/zones/fr-par-1/snapshots/f522d98c-7ba7-4bfb-9452-43949be283c7
    method: DELETE
  response:
    body: ""
    headers:
      Content-Security-Policy:
      - default-src 'none'; frame-ancestors 'none'
      Date:
      - Tue, 07 Dec 2021 10:45:32 GMT
      Server:
      - Scaleway API-Gateway
      Strict-Transport-Security:
      - max-age=63072000
      X-Content-Type-Options:
      - nosniff
      X-Frame-Options:
      - DENY
      X-Request-Id:
      - 408cc3d2-89fc-4f57-8d4d-a141d0ccd1e5
    status: 204 No Content
    code: 204
    duration: ""
- request:
    body: ""
    form: {}
    headers:
      User-Agent:
      - scaleway-sdk-go/v1.0.0-beta.7+dev (go1.17.3; darwin; amd64) terraform-provider/develop
        terraform/terraform-tests
    url: https://api.scaleway.com/instance/v1/zones/fr-par-1/volumes/220aaecd-e1ff-4986-9dee-675c87983c91
    method: GET
  response:
    body: '{"volume": {"id": "220aaecd-e1ff-4986-9dee-675c87983c91", "name": "tf-vol-exciting-spence",
      "volume_type": "b_ssd", "export_uri": null, "organization": "105bdce1-64c0-48ab-899d-868455867ecf",
      "project": "105bdce1-64c0-48ab-899d-868455867ecf", "server": null, "size": 20000000000,
      "state": "available", "creation_date": "2021-12-07T10:45:24.561104+00:00", "modification_date":
      "2021-12-07T10:45:27.152813+00:00", "zone": "fr-par-1"}}'
    headers:
      Content-Length:
      - "432"
      Content-Security-Policy:
      - default-src 'none'; frame-ancestors 'none'
      Content-Type:
      - application/json
      Date:
      - Tue, 07 Dec 2021 10:45:32 GMT
      Server:
      - Scaleway API-Gateway
      Strict-Transport-Security:
      - max-age=63072000
      X-Content-Type-Options:
      - nosniff
      X-Frame-Options:
      - DENY
      X-Request-Id:
      - f4674b67-eb7e-40c8-8480-d29aad318999
    status: 200 OK
    code: 200
    duration: ""
- request:
    body: ""
    form: {}
    headers:
      User-Agent:
      - scaleway-sdk-go/v1.0.0-beta.7+dev (go1.17.3; darwin; amd64) terraform-provider/develop
        terraform/terraform-tests
    url: https://api.scaleway.com/instance/v1/zones/fr-par-1/volumes/220aaecd-e1ff-4986-9dee-675c87983c91
    method: DELETE
  response:
    body: ""
    headers:
      Content-Security-Policy:
      - default-src 'none'; frame-ancestors 'none'
      Date:
      - Tue, 07 Dec 2021 10:45:32 GMT
      Server:
      - Scaleway API-Gateway
      Strict-Transport-Security:
      - max-age=63072000
      X-Content-Type-Options:
      - nosniff
      X-Frame-Options:
      - DENY
      X-Request-Id:
      - e450fc3a-8f84-4c35-9272-ee83e27cfe61
    status: 204 No Content
    code: 204
    duration: ""
- request:
    body: ""
    form: {}
    headers:
      User-Agent:
      - scaleway-sdk-go/v1.0.0-beta.7+dev (go1.17.3; darwin; amd64) terraform-provider/develop
        terraform/terraform-tests
    url: https://api.scaleway.com/instance/v1/zones/fr-par-1/volumes/220aaecd-e1ff-4986-9dee-675c87983c91
    method: GET
  response:
    body: '{"type": "unknown_resource", "message": "Volume ''220aaecd-e1ff-4986-9dee-675c87983c91''
      not found."}'
    headers:
      Content-Length:
      - "99"
      Content-Security-Policy:
      - default-src 'none'; frame-ancestors 'none'
      Content-Type:
      - application/json
      Date:
      - Tue, 07 Dec 2021 10:45:32 GMT
      Server:
      - Scaleway API-Gateway
      Strict-Transport-Security:
      - max-age=63072000
      X-Content-Type-Options:
      - nosniff
      X-Frame-Options:
      - DENY
      X-Request-Id:
      - 41ebe058-c479-4bd1-8e5b-a5acb25154dd
    status: 404 Not Found
    code: 404
    duration: ""
