---
version: 1
interactions:
- request:
    body: '{"name":"foobar","project":"ee7bd9e1-9cbd-4724-b2f4-19e50f3cf38b","volume_type":"b_ssd","size":1000000000}'
    form: {}
    headers:
      Content-Type:
      - application/json
      User-Agent:
      - scaleway-sdk-go/v1.0.0-beta.7+dev (go1.19.1; linux; amd64) terraform-provider/develop
        terraform/terraform-tests
    url: https://api.scaleway.com/instance/v1/zones/fr-par-1/volumes
    method: POST
  response:
    body: '{"volume":{"creation_date":"2023-02-14T13:37:29.248434+00:00","export_uri":null,"id":"a54a7202-3cd5-4d76-976e-0f05a780882e","modification_date":"2023-02-14T13:37:29.248434+00:00","name":"foobar","organization":"ee7bd9e1-9cbd-4724-b2f4-19e50f3cf38b","project":"ee7bd9e1-9cbd-4724-b2f4-19e50f3cf38b","server":null,"size":1000000000,"state":"available","tags":[],"volume_type":"b_ssd","zone":"fr-par-1"}}'
    headers:
      Content-Length:
      - "427"
      Content-Security-Policy:
      - default-src 'none'; frame-ancestors 'none'
      Content-Type:
      - application/json
      Date:
      - Tue, 14 Feb 2023 13:37:29 GMT
      Location:
      - https://api.scaleway.com/instance/v1/zones/fr-par-1/volumes/a54a7202-3cd5-4d76-976e-0f05a780882e
      Server:
      - Scaleway API-Gateway
      Strict-Transport-Security:
      - max-age=63072000
      X-Content-Type-Options:
      - nosniff
      X-Frame-Options:
      - DENY
      X-Request-Id:
      - aedc4f11-7f32-497a-805f-d998478dea6c
    status: 201 Created
    code: 201
    duration: ""
- request:
    body: ""
    form: {}
    headers:
      User-Agent:
      - scaleway-sdk-go/v1.0.0-beta.7+dev (go1.19.1; linux; amd64) terraform-provider/develop
        terraform/terraform-tests
    url: https://api.scaleway.com/instance/v1/zones/fr-par-1/volumes/a54a7202-3cd5-4d76-976e-0f05a780882e
    method: GET
  response:
    body: '{"volume":{"creation_date":"2023-02-14T13:37:29.248434+00:00","export_uri":null,"id":"a54a7202-3cd5-4d76-976e-0f05a780882e","modification_date":"2023-02-14T13:37:29.248434+00:00","name":"foobar","organization":"ee7bd9e1-9cbd-4724-b2f4-19e50f3cf38b","project":"ee7bd9e1-9cbd-4724-b2f4-19e50f3cf38b","server":null,"size":1000000000,"state":"available","tags":[],"volume_type":"b_ssd","zone":"fr-par-1"}}'
    headers:
      Content-Length:
      - "427"
      Content-Security-Policy:
      - default-src 'none'; frame-ancestors 'none'
      Content-Type:
      - application/json
      Date:
      - Tue, 14 Feb 2023 13:37:29 GMT
      Server:
      - Scaleway API-Gateway
      Strict-Transport-Security:
      - max-age=63072000
      X-Content-Type-Options:
      - nosniff
      X-Frame-Options:
      - DENY
      X-Request-Id:
      - c710fff0-3855-4fd1-a109-3ad2db451907
    status: 200 OK
    code: 200
    duration: ""
- request:
    body: ""
    form: {}
    headers:
      User-Agent:
      - scaleway-sdk-go/v1.0.0-beta.7+dev (go1.19.1; linux; amd64) terraform-provider/develop
        terraform/terraform-tests
    url: https://api.scaleway.com/instance/v1/zones/fr-par-1/volumes/a54a7202-3cd5-4d76-976e-0f05a780882e
    method: GET
  response:
    body: '{"volume":{"creation_date":"2023-02-14T13:37:29.248434+00:00","export_uri":null,"id":"a54a7202-3cd5-4d76-976e-0f05a780882e","modification_date":"2023-02-14T13:37:29.248434+00:00","name":"foobar","organization":"ee7bd9e1-9cbd-4724-b2f4-19e50f3cf38b","project":"ee7bd9e1-9cbd-4724-b2f4-19e50f3cf38b","server":null,"size":1000000000,"state":"available","tags":[],"volume_type":"b_ssd","zone":"fr-par-1"}}'
    headers:
      Content-Length:
      - "427"
      Content-Security-Policy:
      - default-src 'none'; frame-ancestors 'none'
      Content-Type:
      - application/json
      Date:
      - Tue, 14 Feb 2023 13:37:29 GMT
      Server:
      - Scaleway API-Gateway
      Strict-Transport-Security:
      - max-age=63072000
      X-Content-Type-Options:
      - nosniff
      X-Frame-Options:
      - DENY
      X-Request-Id:
      - 884ab6f8-9816-48a5-84de-9488c88ec177
    status: 200 OK
    code: 200
    duration: ""
- request:
    body: ""
    form: {}
    headers:
      User-Agent:
      - scaleway-sdk-go/v1.0.0-beta.7+dev (go1.19.1; linux; amd64) terraform-provider/develop
        terraform/terraform-tests
    url: https://api.scaleway.com/marketplace/v2/local-images?image_label=ubuntu_focal&order_by=created_at_asc&zone=fr-par-1
    method: GET
  response:
    body: '{"local_images":[{"arch":"x86_64","compatible_commercial_types":["DEV1-L","DEV1-M","DEV1-S","DEV1-XL","ENT1-2XL","ENT1-L","ENT1-M","ENT1-S","ENT1-XL","ENT1-XS","ENT1-XXS","GP1-L","GP1-M","GP1-S","GP1-VIZ","GP1-XL","GP1-XS","PLAY2-MICRO","PLAY2-NANO","PLAY2-PICO","PRO2-L","PRO2-M","PRO2-S","PRO2-XS","PRO2-XXS","RENDER-S","STARDUST1-S","START1-L","START1-M","START1-S","START1-XS","VC1L","VC1M","VC1S","X64-120GB","X64-15GB","X64-30GB","X64-60GB"],"id":"d318f34b-1044-482a-afe3-1be349690a13","label":"ubuntu_focal","zone":"fr-par-1"}],"total_count":1}'
    headers:
      Content-Length:
      - "593"
      Content-Security-Policy:
      - default-src 'none'; frame-ancestors 'none'
      Content-Type:
      - application/json
      Date:
      - Tue, 14 Feb 2023 13:37:29 GMT
      Server:
      - Scaleway API-Gateway
      Strict-Transport-Security:
      - max-age=63072000
      X-Content-Type-Options:
      - nosniff
      X-Frame-Options:
      - DENY
      X-Request-Id:
      - f0ee34b3-7f61-4f71-9a50-82c7cc242d2a
    status: 200 OK
    code: 200
    duration: ""
- request:
    body: ""
    form: {}
    headers:
      User-Agent:
      - scaleway-sdk-go/v1.0.0-beta.7+dev (go1.19.1; linux; amd64) terraform-provider/develop
        terraform/terraform-tests
    url: https://api.scaleway.com/instance/v1/zones/fr-par-1/products/servers
    method: GET
  response:
    body: '{"servers":{"DEV1-L":{"alt_names":[],"arch":"x86_64","baremetal":false,"capabilities":{"block_storage":true,"boot_types":["bootscript","rescue","local"],"default_boot_type":"local","hot_snapshots_local_volume":true,"placement_groups":true,"private_network":8},"gpu":0,"hourly_price":0.04952,"monthly_price":36.1496,"ncpus":4,"network":{"interfaces":[{"internal_bandwidth":400000000,"internet_bandwidth":null},{"internal_bandwidth":null,"internet_bandwidth":400000000}],"ipv6_support":true,"sum_internal_bandwidth":400000000,"sum_internet_bandwidth":400000000},"per_volume_constraint":{"l_ssd":{"max_size":800000000000,"min_size":1000000000}},"ram":8589934592,"volumes_constraint":{"max_size":80000000000,"min_size":0}},"DEV1-M":{"alt_names":[],"arch":"x86_64","baremetal":false,"capabilities":{"block_storage":true,"boot_types":["bootscript","rescue","local"],"default_boot_type":"local","hot_snapshots_local_volume":true,"placement_groups":true,"private_network":8},"gpu":0,"hourly_price":0.02556,"monthly_price":18.6588,"ncpus":3,"network":{"interfaces":[{"internal_bandwidth":300000000,"internet_bandwidth":null},{"internal_bandwidth":null,"internet_bandwidth":300000000}],"ipv6_support":true,"sum_internal_bandwidth":300000000,"sum_internet_bandwidth":300000000},"per_volume_constraint":{"l_ssd":{"max_size":800000000000,"min_size":1000000000}},"ram":4294967296,"volumes_constraint":{"max_size":40000000000,"min_size":0}},"DEV1-S":{"alt_names":[],"arch":"x86_64","baremetal":false,"capabilities":{"block_storage":true,"boot_types":["bootscript","rescue","local"],"default_boot_type":"local","hot_snapshots_local_volume":true,"placement_groups":true,"private_network":8},"gpu":0,"hourly_price":0.01368,"monthly_price":9.9864,"ncpus":2,"network":{"interfaces":[{"internal_bandwidth":200000000,"internet_bandwidth":null},{"internal_bandwidth":null,"internet_bandwidth":200000000}],"ipv6_support":true,"sum_internal_bandwidth":200000000,"sum_internet_bandwidth":200000000},"per_volume_constraint":{"l_ssd":{"max_size":800000000000,"min_size":1000000000}},"ram":2147483648,"volumes_constraint":{"max_size":20000000000,"min_size":0}},"DEV1-XL":{"alt_names":[],"arch":"x86_64","baremetal":false,"capabilities":{"block_storage":true,"boot_types":["bootscript","rescue","local"],"default_boot_type":"local","hot_snapshots_local_volume":true,"placement_groups":true,"private_network":8},"gpu":0,"hourly_price":0.07308,"monthly_price":53.3484,"ncpus":4,"network":{"interfaces":[{"internal_bandwidth":500000000,"internet_bandwidth":null},{"internal_bandwidth":null,"internet_bandwidth":500000000}],"ipv6_support":true,"sum_internal_bandwidth":500000000,"sum_internet_bandwidth":500000000},"per_volume_constraint":{"l_ssd":{"max_size":800000000000,"min_size":1000000000}},"ram":12884901888,"volumes_constraint":{"max_size":120000000000,"min_size":0}},"ENT1-2XL":{"alt_names":[],"arch":"x86_64","baremetal":false,"capabilities":{"block_storage":true,"boot_types":["rescue","local"],"default_boot_type":"local","hot_snapshots_local_volume":false,"placement_groups":true,"private_network":8},"gpu":0,"hourly_price":3.53,"monthly_price":2576.9,"ncpus":96,"network":{"interfaces":[{"internal_bandwidth":20000000000,"internet_bandwidth":null},{"internal_bandwidth":null,"internet_bandwidth":20000000000}],"ipv6_support":true,"sum_internal_bandwidth":20000000000,"sum_internet_bandwidth":20000000000},"per_volume_constraint":{"l_ssd":{"max_size":0,"min_size":0}},"ram":412316860416,"volumes_constraint":{"max_size":0,"min_size":0}},"ENT1-L":{"alt_names":[],"arch":"x86_64","baremetal":false,"capabilities":{"block_storage":true,"boot_types":["rescue","local"],"default_boot_type":"local","hot_snapshots_local_volume":false,"placement_groups":true,"private_network":8},"gpu":0,"hourly_price":1.18,"monthly_price":861.4,"ncpus":32,"network":{"interfaces":[{"internal_bandwidth":6400000000,"internet_bandwidth":null},{"internal_bandwidth":null,"internet_bandwidth":6400000000}],"ipv6_support":true,"sum_internal_bandwidth":6400000000,"sum_internet_bandwidth":6400000000},"per_volume_constraint":{"l_ssd":{"max_size":0,"min_size":0}},"ram":137438953472,"volumes_constraint":{"max_size":0,"min_size":0}},"ENT1-M":{"alt_names":[],"arch":"x86_64","baremetal":false,"capabilities":{"block_storage":true,"boot_types":["rescue","local"],"default_boot_type":"local","hot_snapshots_local_volume":false,"placement_groups":true,"private_network":8},"gpu":0,"hourly_price":0.59,"monthly_price":430.7,"ncpus":16,"network":{"interfaces":[{"internal_bandwidth":3200000000,"internet_bandwidth":null},{"internal_bandwidth":null,"internet_bandwidth":3200000000}],"ipv6_support":true,"sum_internal_bandwidth":3200000000,"sum_internet_bandwidth":3200000000},"per_volume_constraint":{"l_ssd":{"max_size":0,"min_size":0}},"ram":68719476736,"volumes_constraint":{"max_size":0,"min_size":0}},"ENT1-S":{"alt_names":[],"arch":"x86_64","baremetal":false,"capabilities":{"block_storage":true,"boot_types":["rescue","local"],"default_boot_type":"local","hot_snapshots_local_volume":false,"placement_groups":true,"private_network":8},"gpu":0,"hourly_price":0.29,"monthly_price":211.7,"ncpus":8,"network":{"interfaces":[{"internal_bandwidth":1600000000,"internet_bandwidth":null},{"internal_bandwidth":null,"internet_bandwidth":1600000000}],"ipv6_support":true,"sum_internal_bandwidth":1600000000,"sum_internet_bandwidth":1600000000},"per_volume_constraint":{"l_ssd":{"max_size":0,"min_size":0}},"ram":34359738368,"volumes_constraint":{"max_size":0,"min_size":0}},"ENT1-XL":{"alt_names":[],"arch":"x86_64","baremetal":false,"capabilities":{"block_storage":true,"boot_types":["rescue","local"],"default_boot_type":"local","hot_snapshots_local_volume":false,"placement_groups":true,"private_network":8},"gpu":0,"hourly_price":2.35,"monthly_price":1715.5,"ncpus":64,"network":{"interfaces":[{"internal_bandwidth":12800000000,"internet_bandwidth":null},{"internal_bandwidth":null,"internet_bandwidth":12800000000}],"ipv6_support":true,"sum_internal_bandwidth":12800000000,"sum_internet_bandwidth":12800000000},"per_volume_constraint":{"l_ssd":{"max_size":0,"min_size":0}},"ram":274877906944,"volumes_constraint":{"max_size":0,"min_size":0}},"ENT1-XS":{"alt_names":[],"arch":"x86_64","baremetal":false,"capabilities":{"block_storage":true,"boot_types":["rescue","local"],"default_boot_type":"local","hot_snapshots_local_volume":false,"placement_groups":true,"private_network":8},"gpu":0,"hourly_price":0.147,"monthly_price":107.31,"ncpus":4,"network":{"interfaces":[{"internal_bandwidth":800000000,"internet_bandwidth":null},{"internal_bandwidth":null,"internet_bandwidth":800000000}],"ipv6_support":true,"sum_internal_bandwidth":800000000,"sum_internet_bandwidth":800000000},"per_volume_constraint":{"l_ssd":{"max_size":0,"min_size":0}},"ram":17179869184,"volumes_constraint":{"max_size":0,"min_size":0}},"ENT1-XXS":{"alt_names":[],"arch":"x86_64","baremetal":false,"capabilities":{"block_storage":true,"boot_types":["rescue","local"],"default_boot_type":"local","hot_snapshots_local_volume":false,"placement_groups":true,"private_network":8},"gpu":0,"hourly_price":0.0735,"monthly_price":53.655,"ncpus":2,"network":{"interfaces":[{"internal_bandwidth":400000000,"internet_bandwidth":null},{"internal_bandwidth":null,"internet_bandwidth":400000000}],"ipv6_support":true,"sum_internal_bandwidth":400000000,"sum_internet_bandwidth":400000000},"per_volume_constraint":{"l_ssd":{"max_size":0,"min_size":0}},"ram":8589934592,"volumes_constraint":{"max_size":0,"min_size":0}},"GP1-L":{"alt_names":[],"arch":"x86_64","baremetal":false,"capabilities":{"block_storage":true,"boot_types":["bootscript","rescue","local"],"default_boot_type":"local","hot_snapshots_local_volume":true,"placement_groups":true,"private_network":8},"gpu":0,"hourly_price":0.7894,"monthly_price":576.262,"ncpus":32,"network":{"interfaces":[{"internal_bandwidth":5000000000,"internet_bandwidth":null},{"internal_bandwidth":null,"internet_bandwidth":5000000000}],"ipv6_support":true,"sum_internal_bandwidth":5000000000,"sum_internet_bandwidth":5000000000},"per_volume_constraint":{"l_ssd":{"max_size":800000000000,"min_size":1000000000}},"ram":137438953472,"volumes_constraint":{"max_size":600000000000,"min_size":0}},"GP1-M":{"alt_names":[],"arch":"x86_64","baremetal":false,"capabilities":{"block_storage":true,"boot_types":["bootscript","rescue","local"],"default_boot_type":"local","hot_snapshots_local_volume":true,"placement_groups":true,"private_network":8},"gpu":0,"hourly_price":0.4064,"monthly_price":296.672,"ncpus":16,"network":{"interfaces":[{"internal_bandwidth":1500000000,"internet_bandwidth":null},{"internal_bandwidth":null,"internet_bandwidth":1500000000}],"ipv6_support":true,"sum_internal_bandwidth":1500000000,"sum_internet_bandwidth":1500000000},"per_volume_constraint":{"l_ssd":{"max_size":800000000000,"min_size":1000000000}},"ram":68719476736,"volumes_constraint":{"max_size":600000000000,"min_size":0}},"GP1-S":{"alt_names":[],"arch":"x86_64","baremetal":false,"capabilities":{"block_storage":true,"boot_types":["bootscript","rescue","local"],"default_boot_type":"local","hot_snapshots_local_volume":true,"placement_groups":true,"private_network":8},"gpu":0,"hourly_price":0.2042,"monthly_price":149.066,"ncpus":8,"network":{"interfaces":[{"internal_bandwidth":800000000,"internet_bandwidth":null},{"internal_bandwidth":null,"internet_bandwidth":800000000}],"ipv6_support":true,"sum_internal_bandwidth":800000000,"sum_internet_bandwidth":800000000},"per_volume_constraint":{"l_ssd":{"max_size":800000000000,"min_size":1000000000}},"ram":34359738368,"volumes_constraint":{"max_size":300000000000,"min_size":0}},"GP1-VIZ":{"alt_names":[],"arch":"x86_64","baremetal":false,"capabilities":{"block_storage":true,"boot_types":["bootscript","rescue","local"],"default_boot_type":"local","hot_snapshots_local_volume":true,"placement_groups":true,"private_network":8},"gpu":0,"hourly_price":0.1,"monthly_price":72,"ncpus":8,"network":{"interfaces":[{"internal_bandwidth":500000000,"internet_bandwidth":null},{"internal_bandwidth":null,"internet_bandwidth":500000000}],"ipv6_support":true,"sum_internal_bandwidth":500000000,"sum_internet_bandwidth":500000000},"per_volume_constraint":{"l_ssd":{"max_size":800000000000,"min_size":1000000000}},"ram":34359738368,"volumes_constraint":{"max_size":300000000000,"min_size":0}},"GP1-XL":{"alt_names":[],"arch":"x86_64","baremetal":false,"capabilities":{"block_storage":true,"boot_types":["bootscript","rescue","local"],"default_boot_type":"local","hot_snapshots_local_volume":true,"placement_groups":true,"private_network":8},"gpu":0,"hourly_price":1.6714,"monthly_price":1220.122,"ncpus":48,"network":{"interfaces":[{"internal_bandwidth":10000000000,"internet_bandwidth":null},{"internal_bandwidth":null,"internet_bandwidth":10000000000}],"ipv6_support":true,"sum_internal_bandwidth":10000000000,"sum_internet_bandwidth":10000000000},"per_volume_constraint":{"l_ssd":{"max_size":800000000000,"min_size":1000000000}},"ram":274877906944,"volumes_constraint":{"max_size":600000000000,"min_size":0}},"GP1-XS":{"alt_names":[],"arch":"x86_64","baremetal":false,"capabilities":{"block_storage":true,"boot_types":["bootscript","rescue","local"],"default_boot_type":"local","hot_snapshots_local_volume":true,"placement_groups":true,"private_network":8},"gpu":0,"hourly_price":0.1016,"monthly_price":74.168,"ncpus":4,"network":{"interfaces":[{"internal_bandwidth":500000000,"internet_bandwidth":null},{"internal_bandwidth":null,"internet_bandwidth":500000000}],"ipv6_support":true,"sum_internal_bandwidth":500000000,"sum_internet_bandwidth":500000000},"per_volume_constraint":{"l_ssd":{"max_size":800000000000,"min_size":1000000000}},"ram":17179869184,"volumes_constraint":{"max_size":150000000000,"min_size":0}},"PLAY2-MICRO":{"alt_names":[],"arch":"x86_64","baremetal":false,"capabilities":{"block_storage":true,"boot_types":["rescue","local"],"default_boot_type":"local","hot_snapshots_local_volume":false,"placement_groups":true,"private_network":8},"gpu":0,"hourly_price":0.054,"monthly_price":39.42,"ncpus":4,"network":{"interfaces":[{"internal_bandwidth":400000000,"internet_bandwidth":null},{"internal_bandwidth":null,"internet_bandwidth":400000000}],"ipv6_support":true,"sum_internal_bandwidth":400000000,"sum_internet_bandwidth":400000000},"per_volume_constraint":{"l_ssd":{"max_size":0,"min_size":0}},"ram":8589934592,"volumes_constraint":{"max_size":0,"min_size":0}},"PLAY2-NANO":{"alt_names":[],"arch":"x86_64","baremetal":false,"capabilities":{"block_storage":true,"boot_types":["rescue","local"],"default_boot_type":"local","hot_snapshots_local_volume":false,"placement_groups":true,"private_network":8},"gpu":0,"hourly_price":0.027,"monthly_price":19.71,"ncpus":2,"network":{"interfaces":[{"internal_bandwidth":200000000,"internet_bandwidth":null},{"internal_bandwidth":null,"internet_bandwidth":200000000}],"ipv6_support":true,"sum_internal_bandwidth":200000000,"sum_internet_bandwidth":200000000},"per_volume_constraint":{"l_ssd":{"max_size":0,"min_size":0}},"ram":4294967296,"volumes_constraint":{"max_size":0,"min_size":0}},"PLAY2-PICO":{"alt_names":[],"arch":"x86_64","baremetal":false,"capabilities":{"block_storage":true,"boot_types":["rescue","local"],"default_boot_type":"local","hot_snapshots_local_volume":false,"placement_groups":true,"private_network":8},"gpu":0,"hourly_price":0.014,"monthly_price":10.22,"ncpus":1,"network":{"interfaces":[{"internal_bandwidth":100000000,"internet_bandwidth":null},{"internal_bandwidth":null,"internet_bandwidth":100000000}],"ipv6_support":true,"sum_internal_bandwidth":100000000,"sum_internet_bandwidth":100000000},"per_volume_constraint":{"l_ssd":{"max_size":0,"min_size":0}},"ram":2147483648,"volumes_constraint":{"max_size":0,"min_size":0}},"PRO2-L":{"alt_names":[],"arch":"x86_64","baremetal":false,"capabilities":{"block_storage":true,"boot_types":["rescue","local"],"default_boot_type":"local","hot_snapshots_local_volume":false,"placement_groups":true,"private_network":8},"gpu":0,"hourly_price":0.877,"monthly_price":640.21,"ncpus":32,"network":{"interfaces":[{"internal_bandwidth":6000000000,"internet_bandwidth":null},{"internal_bandwidth":null,"internet_bandwidth":6000000000}],"ipv6_support":true,"sum_internal_bandwidth":6000000000,"sum_internet_bandwidth":6000000000},"per_volume_constraint":{"l_ssd":{"max_size":0,"min_size":0}},"ram":137438953472,"volumes_constraint":{"max_size":0,"min_size":0}},"PRO2-M":{"alt_names":[],"arch":"x86_64","baremetal":false,"capabilities":{"block_storage":true,"boot_types":["rescue","local"],"default_boot_type":"local","hot_snapshots_local_volume":false,"placement_groups":true,"private_network":8},"gpu":0,"hourly_price":0.438,"monthly_price":319.74,"ncpus":16,"network":{"interfaces":[{"internal_bandwidth":3000000000,"internet_bandwidth":null},{"internal_bandwidth":null,"internet_bandwidth":3000000000}],"ipv6_support":true,"sum_internal_bandwidth":3000000000,"sum_internet_bandwidth":3000000000},"per_volume_constraint":{"l_ssd":{"max_size":0,"min_size":0}},"ram":68719476736,"volumes_constraint":{"max_size":0,"min_size":0}},"PRO2-S":{"alt_names":[],"arch":"x86_64","baremetal":false,"capabilities":{"block_storage":true,"boot_types":["rescue","local"],"default_boot_type":"local","hot_snapshots_local_volume":false,"placement_groups":true,"private_network":8},"gpu":0,"hourly_price":0.219,"monthly_price":159.87,"ncpus":8,"network":{"interfaces":[{"internal_bandwidth":1500000000,"internet_bandwidth":null},{"internal_bandwidth":null,"internet_bandwidth":1500000000}],"ipv6_support":true,"sum_internal_bandwidth":1500000000,"sum_internet_bandwidth":1500000000},"per_volume_constraint":{"l_ssd":{"max_size":0,"min_size":0}},"ram":34359738368,"volumes_constraint":{"max_size":0,"min_size":0}},"PRO2-XS":{"alt_names":[],"arch":"x86_64","baremetal":false,"capabilities":{"block_storage":true,"boot_types":["rescue","local"],"default_boot_type":"local","hot_snapshots_local_volume":false,"placement_groups":true,"private_network":8},"gpu":0,"hourly_price":0.11,"monthly_price":80.3,"ncpus":4,"network":{"interfaces":[{"internal_bandwidth":700000000,"internet_bandwidth":null},{"internal_bandwidth":null,"internet_bandwidth":700000000}],"ipv6_support":true,"sum_internal_bandwidth":700000000,"sum_internet_bandwidth":700000000},"per_volume_constraint":{"l_ssd":{"max_size":0,"min_size":0}},"ram":17179869184,"volumes_constraint":{"max_size":0,"min_size":0}},"PRO2-XXS":{"alt_names":[],"arch":"x86_64","baremetal":false,"capabilities":{"block_storage":true,"boot_types":["rescue","local"],"default_boot_type":"local","hot_snapshots_local_volume":false,"placement_groups":true,"private_network":8},"gpu":0,"hourly_price":0.055,"monthly_price":40.15,"ncpus":2,"network":{"interfaces":[{"internal_bandwidth":350000000,"internet_bandwidth":null},{"internal_bandwidth":null,"internet_bandwidth":350000000}],"ipv6_support":true,"sum_internal_bandwidth":350000000,"sum_internet_bandwidth":350000000},"per_volume_constraint":{"l_ssd":{"max_size":0,"min_size":0}},"ram":8589934592,"volumes_constraint":{"max_size":0,"min_size":0}},"RENDER-S":{"alt_names":[],"arch":"x86_64","baremetal":false,"capabilities":{"block_storage":true,"boot_types":["local","rescue"],"default_boot_type":"local","hot_snapshots_local_volume":true,"placement_groups":true,"private_network":8},"gpu":1,"hourly_price":1.2426,"monthly_price":907.098,"ncpus":10,"network":{"interfaces":[{"internal_bandwidth":1000000000,"internet_bandwidth":null},{"internal_bandwidth":null,"internet_bandwidth":1000000000}],"ipv6_support":true,"sum_internal_bandwidth":1000000000,"sum_internet_bandwidth":1000000000},"per_volume_constraint":{"l_ssd":{"max_size":800000000000,"min_size":1000000000}},"ram":45097156608,"volumes_constraint":{"max_size":400000000000,"min_size":0}},"STARDUST1-S":{"alt_names":[],"arch":"x86_64","baremetal":false,"capabilities":{"block_storage":true,"boot_types":["bootscript","rescue","local"],"default_boot_type":"local","hot_snapshots_local_volume":true,"placement_groups":true,"private_network":8},"gpu":0,"hourly_price":0.00459,"monthly_price":3.3507,"ncpus":1,"network":{"interfaces":[{"internal_bandwidth":100000000,"internet_bandwidth":null},{"internal_bandwidth":null,"internet_bandwidth":100000000}],"ipv6_support":true,"sum_internal_bandwidth":100000000,"sum_internet_bandwidth":100000000},"per_volume_constraint":{"l_ssd":{"max_size":800000000000,"min_size":1000000000}},"ram":1073741824,"volumes_constraint":{"max_size":10000000000,"min_size":0}},"START1-L":{"alt_names":[],"arch":"x86_64","baremetal":false,"capabilities":{"block_storage":false,"boot_types":["bootscript","rescue","local"],"default_boot_type":"bootscript","hot_snapshots_local_volume":true,"placement_groups":true,"private_network":0},"gpu":0,"hourly_price":0.0368,"monthly_price":26.864,"ncpus":8,"network":{"interfaces":[{"internal_bandwidth":null,"internet_bandwidth":400000000}],"ipv6_support":true,"sum_internal_bandwidth":104857600,"sum_internet_bandwidth":400000000},"per_volume_constraint":{"l_ssd":{"max_size":200000000000,"min_size":1000000000}},"ram":8589934592,"volumes_constraint":{"max_size":200000000000,"min_size":200000000000}},"START1-M":{"alt_names":[],"arch":"x86_64","baremetal":false,"capabilities":{"block_storage":false,"boot_types":["bootscript","rescue","local"],"default_boot_type":"bootscript","hot_snapshots_local_volume":true,"placement_groups":true,"private_network":0},"gpu":0,"hourly_price":0.0194,"monthly_price":14.162,"ncpus":4,"network":{"interfaces":[{"internal_bandwidth":null,"internet_bandwidth":300000000}],"ipv6_support":true,"sum_internal_bandwidth":104857600,"sum_internet_bandwidth":300000000},"per_volume_constraint":{"l_ssd":{"max_size":200000000000,"min_size":1000000000}},"ram":4294967296,"volumes_constraint":{"max_size":100000000000,"min_size":100000000000}},"START1-S":{"alt_names":[],"arch":"x86_64","baremetal":false,"capabilities":{"block_storage":false,"boot_types":["bootscript","rescue","local"],"default_boot_type":"bootscript","hot_snapshots_local_volume":true,"placement_groups":true,"private_network":0},"gpu":0,"hourly_price":0.0106,"monthly_price":7.738,"ncpus":2,"network":{"interfaces":[{"internal_bandwidth":null,"internet_bandwidth":200000000}],"ipv6_support":true,"sum_internal_bandwidth":104857600,"sum_internet_bandwidth":200000000},"per_volume_constraint":{"l_ssd":{"max_size":200000000000,"min_size":1000000000}},"ram":2147483648,"volumes_constraint":{"max_size":50000000000,"min_size":50000000000}},"START1-XS":{"alt_names":[],"arch":"x86_64","baremetal":false,"capabilities":{"block_storage":false,"boot_types":["bootscript","rescue","local"],"default_boot_type":"bootscript","hot_snapshots_local_volume":true,"placement_groups":true,"private_network":0},"gpu":0,"hourly_price":0.0062,"monthly_price":4.526,"ncpus":1,"network":{"interfaces":[{"internal_bandwidth":null,"internet_bandwidth":100000000}],"ipv6_support":true,"sum_internal_bandwidth":104857600,"sum_internet_bandwidth":100000000},"per_volume_constraint":{"l_ssd":{"max_size":200000000000,"min_size":1000000000}},"ram":1073741824,"volumes_constraint":{"max_size":25000000000,"min_size":25000000000}},"VC1L":{"alt_names":["X64-8GB"],"arch":"x86_64","baremetal":false,"capabilities":{"block_storage":false,"boot_types":["bootscript","rescue","local"],"default_boot_type":"bootscript","hot_snapshots_local_volume":true,"placement_groups":true,"private_network":0},"gpu":0,"hourly_price":0.02468,"monthly_price":18.0164,"ncpus":6,"network":{"interfaces":[{"internal_bandwidth":null,"internet_bandwidth":200000000}],"ipv6_support":true,"sum_internal_bandwidth":104857600,"sum_internet_bandwidth":200000000},"per_volume_constraint":{"l_ssd":{"max_size":200000000000,"min_size":1000000000}},"ram":8589934592,"volumes_constraint":{"max_size":200000000000,"min_size":200000000000}},"VC1M":{"alt_names":["X64-4GB"],"arch":"x86_64","baremetal":false,"capabilities":{"block_storage":false,"boot_types":["bootscript","rescue","local"],"default_boot_type":"bootscript","hot_snapshots_local_volume":true,"placement_groups":true,"private_network":0},"gpu":0,"hourly_price":0.01555,"monthly_price":11.3515,"ncpus":4,"network":{"interfaces":[{"internal_bandwidth":null,"internet_bandwidth":200000000}],"ipv6_support":true,"sum_internal_bandwidth":104857600,"sum_internet_bandwidth":200000000},"per_volume_constraint":{"l_ssd":{"max_size":200000000000,"min_size":1000000000}},"ram":4294967296,"volumes_constraint":{"max_size":100000000000,"min_size":100000000000}},"VC1S":{"alt_names":["X64-2GB"],"arch":"x86_64","baremetal":false,"capabilities":{"block_storage":false,"boot_types":["bootscript","rescue","local"],"default_boot_type":"bootscript","hot_snapshots_local_volume":true,"placement_groups":true,"private_network":0},"gpu":0,"hourly_price":0.00862,"monthly_price":6.2926,"ncpus":2,"network":{"interfaces":[{"internal_bandwidth":null,"internet_bandwidth":200000000}],"ipv6_support":true,"sum_internal_bandwidth":104857600,"sum_internet_bandwidth":200000000},"per_volume_constraint":{"l_ssd":{"max_size":200000000000,"min_size":1000000000}},"ram":2147483648,"volumes_constraint":{"max_size":50000000000,"min_size":50000000000}},"X64-120GB":{"alt_names":[],"arch":"x86_64","baremetal":false,"capabilities":{"block_storage":false,"boot_types":["bootscript","rescue","local"],"default_boot_type":"bootscript","hot_snapshots_local_volume":true,"placement_groups":true,"private_network":0},"gpu":0,"hourly_price":0.42574,"monthly_price":310.7902,"ncpus":12,"network":{"interfaces":[{"internal_bandwidth":null,"internet_bandwidth":1000000000}],"ipv6_support":true,"sum_internal_bandwidth":104857600,"sum_internet_bandwidth":1000000000},"per_volume_constraint":{"l_ssd":{"max_size":200000000000,"min_size":1000000000}},"ram":128849018880,"volumes_constraint":{"max_size":1000000000000,"min_size":500000000000}},"X64-15GB":{"alt_names":[],"arch":"x86_64","baremetal":false,"capabilities":{"block_storage":false,"boot_types":["bootscript","rescue","local"],"default_boot_type":"bootscript","hot_snapshots_local_volume":true,"placement_groups":true,"private_network":0},"gpu":0,"hourly_price":0.06032,"monthly_price":44.0336,"ncpus":6,"network":{"interfaces":[{"internal_bandwidth":null,"internet_bandwidth":250000000}],"ipv6_support":true,"sum_internal_bandwidth":104857600,"sum_internet_bandwidth":250000000},"per_volume_constraint":{"l_ssd":{"max_size":200000000000,"min_size":1000000000}},"ram":16106127360,"volumes_constraint":{"max_size":200000000000,"min_size":200000000000}},"X64-30GB":{"alt_names":[],"arch":"x86_64","baremetal":false,"capabilities":{"block_storage":false,"boot_types":["bootscript","rescue","local"],"default_boot_type":"bootscript","hot_snapshots_local_volume":true,"placement_groups":true,"private_network":0},"gpu":0,"hourly_price":0.11906,"monthly_price":86.9138,"ncpus":8,"network":{"interfaces":[{"internal_bandwidth":null,"internet_bandwidth":500000000}],"ipv6_support":true,"sum_internal_bandwidth":104857600,"sum_internet_bandwidth":500000000},"per_volume_constraint":{"l_ssd":{"max_size":200000000000,"min_size":1000000000}},"ram":32212254720,"volumes_constraint":{"max_size":400000000000,"min_size":300000000000}},"X64-60GB":{"alt_names":[],"arch":"x86_64","baremetal":false,"capabilities":{"block_storage":false,"boot_types":["bootscript","rescue","local"],"default_boot_type":"bootscript","hot_snapshots_local_volume":true,"placement_groups":true,"private_network":0},"gpu":0,"hourly_price":0.213,"monthly_price":155.49,"ncpus":10,"network":{"interfaces":[{"internal_bandwidth":null,"internet_bandwidth":1000000000}],"ipv6_support":true,"sum_internal_bandwidth":104857600,"sum_internet_bandwidth":1000000000},"per_volume_constraint":{"l_ssd":{"max_size":200000000000,"min_size":1000000000}},"ram":64424509440,"volumes_constraint":{"max_size":700000000000,"min_size":400000000000}}}}'
    headers:
      Content-Length:
      - "28055"
      Content-Security-Policy:
      - default-src 'none'; frame-ancestors 'none'
      Content-Type:
      - application/json
      Date:
      - Tue, 14 Feb 2023 13:37:29 GMT
      Link:
      - </products/servers?page=1&per_page=50&>; rel="last"
      Server:
      - Scaleway API-Gateway
      Strict-Transport-Security:
      - max-age=63072000
      X-Content-Type-Options:
      - nosniff
      X-Frame-Options:
      - DENY
      X-Request-Id:
      - 66ab0598-18e9-4e18-9d41-c334f4a9766d
      X-Total-Count:
      - "38"
    status: 200 OK
    code: 200
    duration: ""
- request:
    body: ""
    form: {}
    headers:
      User-Agent:
      - scaleway-sdk-go/v1.0.0-beta.7+dev (go1.19.1; linux; amd64) terraform-provider/develop
        terraform/terraform-tests
    url: https://api.scaleway.com/instance/v1/zones/fr-par-1/volumes/a54a7202-3cd5-4d76-976e-0f05a780882e
    method: GET
  response:
    body: '{"volume":{"creation_date":"2023-02-14T13:37:29.248434+00:00","export_uri":null,"id":"a54a7202-3cd5-4d76-976e-0f05a780882e","modification_date":"2023-02-14T13:37:29.248434+00:00","name":"foobar","organization":"ee7bd9e1-9cbd-4724-b2f4-19e50f3cf38b","project":"ee7bd9e1-9cbd-4724-b2f4-19e50f3cf38b","server":null,"size":1000000000,"state":"available","tags":[],"volume_type":"b_ssd","zone":"fr-par-1"}}'
    headers:
      Content-Length:
      - "427"
      Content-Security-Policy:
      - default-src 'none'; frame-ancestors 'none'
      Content-Type:
      - application/json
      Date:
      - Tue, 14 Feb 2023 13:37:30 GMT
      Server:
      - Scaleway API-Gateway
      Strict-Transport-Security:
      - max-age=63072000
      X-Content-Type-Options:
      - nosniff
      X-Frame-Options:
      - DENY
      X-Request-Id:
      - 11e29d62-5a2b-44e6-a28f-aa303c467b40
    status: 200 OK
    code: 200
    duration: ""
- request:
    body: '{"name":"foobar","dynamic_ip_required":true,"commercial_type":"DEV1-S","image":"d318f34b-1044-482a-afe3-1be349690a13","volumes":{"0":{"size":20000000000,"volume_type":"l_ssd"},"1":{"id":"a54a7202-3cd5-4d76-976e-0f05a780882e","name":"foobar"}},"boot_type":"local","project":"ee7bd9e1-9cbd-4724-b2f4-19e50f3cf38b"}'
    form: {}
    headers:
      Content-Type:
      - application/json
      User-Agent:
      - scaleway-sdk-go/v1.0.0-beta.7+dev (go1.19.1; linux; amd64) terraform-provider/develop
        terraform/terraform-tests
    url: https://api.scaleway.com/instance/v1/zones/fr-par-1/servers
    method: POST
  response:
    body: '{"server":{"allowed_actions":["poweron","backup"],"arch":"x86_64","boot_type":"local","bootscript":{"architecture":"x86_64","bootcmdargs":"LINUX_COMMON
      scaleway boot=local nbd.max_part=16","default":true,"dtb":"","id":"fdfe150f-a870-4ce4-b432-9f56b5b995c1","initrd":"http://10.194.3.9/initrd/initrd-Linux-x86_64-v3.14.6.gz","kernel":"http://10.194.3.9/kernel/x86_64-mainline-lts-4.4-4.4.230-rev1/vmlinuz-4.4.230","organization":"11111111-1111-4111-8111-111111111111","project":"11111111-1111-4111-8111-111111111111","public":true,"title":"x86_64
      mainline 4.4.230 rev1","zone":"fr-par-1"},"commercial_type":"DEV1-S","creation_date":"2023-02-14T13:37:30.246061+00:00","dynamic_ip_required":true,"enable_ipv6":false,"extra_networks":[],"hostname":"foobar","id":"78180bd9-6811-45f1-bec2-166b782586dc","image":{"arch":"x86_64","creation_date":"2022-11-17T16:48:17.919713+00:00","default_bootscript":null,"extra_volumes":{},"from_server":null,"id":"d318f34b-1044-482a-afe3-1be349690a13","modification_date":"2022-11-17T16:48:17.919713+00:00","name":"Ubuntu
      20.04 Focal Fossa","organization":"51b656e3-4865-41e8-adbc-0c45bdd780db","project":"51b656e3-4865-41e8-adbc-0c45bdd780db","public":true,"root_volume":{"id":"c18532d5-1d4b-4bf3-8a02-3670e0fd67b4","name":"Ubuntu
      20.04 Focal Fossa","size":10000000000,"volume_type":"unified"},"state":"available","tags":[],"zone":"fr-par-1"},"ipv6":null,"location":null,"maintenances":[],"modification_date":"2023-02-14T13:37:30.246061+00:00","name":"foobar","organization":"ee7bd9e1-9cbd-4724-b2f4-19e50f3cf38b","placement_group":null,"private_ip":null,"private_nics":[],"project":"ee7bd9e1-9cbd-4724-b2f4-19e50f3cf38b","protected":false,"public_ip":null,"security_group":{"id":"a8f5f9bb-20a7-4244-9521-4cde6f510e0e","name":"Default
      security group"},"state":"stopped","state_detail":"","tags":[],"volumes":{"0":{"boot":false,"creation_date":"2023-02-14T13:37:30.246061+00:00","export_uri":null,"id":"13db37e0-7185-4505-b50f-3538f4632e48","modification_date":"2023-02-14T13:37:30.246061+00:00","name":"Ubuntu
      20.04 Focal Fossa","organization":"ee7bd9e1-9cbd-4724-b2f4-19e50f3cf38b","project":"ee7bd9e1-9cbd-4724-b2f4-19e50f3cf38b","server":{"id":"78180bd9-6811-45f1-bec2-166b782586dc","name":"foobar"},"size":20000000000,"state":"available","tags":[],"volume_type":"l_ssd","zone":"fr-par-1"},"1":{"boot":false,"creation_date":"2023-02-14T13:37:29.248434+00:00","export_uri":null,"id":"a54a7202-3cd5-4d76-976e-0f05a780882e","modification_date":"2023-02-14T13:37:30.246061+00:00","name":"foobar","organization":"ee7bd9e1-9cbd-4724-b2f4-19e50f3cf38b","project":"ee7bd9e1-9cbd-4724-b2f4-19e50f3cf38b","server":{"id":"78180bd9-6811-45f1-bec2-166b782586dc","name":"foobar"},"size":1000000000,"state":"available","tags":[],"volume_type":"b_ssd","zone":"fr-par-1"}},"zone":"fr-par-1"}}'
    headers:
      Content-Length:
      - "2994"
      Content-Security-Policy:
      - default-src 'none'; frame-ancestors 'none'
      Content-Type:
      - application/json
      Date:
      - Tue, 14 Feb 2023 13:37:30 GMT
      Location:
      - https://api.scaleway.com/instance/v1/zones/fr-par-1/servers/78180bd9-6811-45f1-bec2-166b782586dc
      Server:
      - Scaleway API-Gateway
      Strict-Transport-Security:
      - max-age=63072000
      X-Content-Type-Options:
      - nosniff
      X-Frame-Options:
      - DENY
      X-Request-Id:
      - 582eb542-b2d4-40fe-9ce3-0fbabfbdeadb
    status: 201 Created
    code: 201
    duration: ""
- request:
    body: ""
    form: {}
    headers:
      User-Agent:
      - scaleway-sdk-go/v1.0.0-beta.7+dev (go1.19.1; linux; amd64) terraform-provider/develop
        terraform/terraform-tests
    url: https://api.scaleway.com/instance/v1/zones/fr-par-1/servers/78180bd9-6811-45f1-bec2-166b782586dc
    method: GET
  response:
    body: '{"server":{"allowed_actions":["poweron","backup"],"arch":"x86_64","boot_type":"local","bootscript":{"architecture":"x86_64","bootcmdargs":"LINUX_COMMON
      scaleway boot=local nbd.max_part=16","default":true,"dtb":"","id":"fdfe150f-a870-4ce4-b432-9f56b5b995c1","initrd":"http://10.194.3.9/initrd/initrd-Linux-x86_64-v3.14.6.gz","kernel":"http://10.194.3.9/kernel/x86_64-mainline-lts-4.4-4.4.230-rev1/vmlinuz-4.4.230","organization":"11111111-1111-4111-8111-111111111111","project":"11111111-1111-4111-8111-111111111111","public":true,"title":"x86_64
      mainline 4.4.230 rev1","zone":"fr-par-1"},"commercial_type":"DEV1-S","creation_date":"2023-02-14T13:37:30.246061+00:00","dynamic_ip_required":true,"enable_ipv6":false,"extra_networks":[],"hostname":"foobar","id":"78180bd9-6811-45f1-bec2-166b782586dc","image":{"arch":"x86_64","creation_date":"2022-11-17T16:48:17.919713+00:00","default_bootscript":null,"extra_volumes":{},"from_server":null,"id":"d318f34b-1044-482a-afe3-1be349690a13","modification_date":"2022-11-17T16:48:17.919713+00:00","name":"Ubuntu
      20.04 Focal Fossa","organization":"51b656e3-4865-41e8-adbc-0c45bdd780db","project":"51b656e3-4865-41e8-adbc-0c45bdd780db","public":true,"root_volume":{"id":"c18532d5-1d4b-4bf3-8a02-3670e0fd67b4","name":"Ubuntu
      20.04 Focal Fossa","size":10000000000,"volume_type":"unified"},"state":"available","tags":[],"zone":"fr-par-1"},"ipv6":null,"location":null,"maintenances":[],"modification_date":"2023-02-14T13:37:30.246061+00:00","name":"foobar","organization":"ee7bd9e1-9cbd-4724-b2f4-19e50f3cf38b","placement_group":null,"private_ip":null,"private_nics":[],"project":"ee7bd9e1-9cbd-4724-b2f4-19e50f3cf38b","protected":false,"public_ip":null,"security_group":{"id":"a8f5f9bb-20a7-4244-9521-4cde6f510e0e","name":"Default
      security group"},"state":"stopped","state_detail":"","tags":[],"volumes":{"0":{"boot":false,"creation_date":"2023-02-14T13:37:30.246061+00:00","export_uri":null,"id":"13db37e0-7185-4505-b50f-3538f4632e48","modification_date":"2023-02-14T13:37:30.246061+00:00","name":"Ubuntu
      20.04 Focal Fossa","organization":"ee7bd9e1-9cbd-4724-b2f4-19e50f3cf38b","project":"ee7bd9e1-9cbd-4724-b2f4-19e50f3cf38b","server":{"id":"78180bd9-6811-45f1-bec2-166b782586dc","name":"foobar"},"size":20000000000,"state":"available","tags":[],"volume_type":"l_ssd","zone":"fr-par-1"},"1":{"boot":false,"creation_date":"2023-02-14T13:37:29.248434+00:00","export_uri":null,"id":"a54a7202-3cd5-4d76-976e-0f05a780882e","modification_date":"2023-02-14T13:37:30.246061+00:00","name":"foobar","organization":"ee7bd9e1-9cbd-4724-b2f4-19e50f3cf38b","project":"ee7bd9e1-9cbd-4724-b2f4-19e50f3cf38b","server":{"id":"78180bd9-6811-45f1-bec2-166b782586dc","name":"foobar"},"size":1000000000,"state":"available","tags":[],"volume_type":"b_ssd","zone":"fr-par-1"}},"zone":"fr-par-1"}}'
    headers:
      Content-Length:
      - "2994"
      Content-Security-Policy:
      - default-src 'none'; frame-ancestors 'none'
      Content-Type:
      - application/json
      Date:
      - Tue, 14 Feb 2023 13:37:30 GMT
      Server:
      - Scaleway API-Gateway
      Strict-Transport-Security:
      - max-age=63072000
      X-Content-Type-Options:
      - nosniff
      X-Frame-Options:
      - DENY
      X-Request-Id:
      - cede6fb5-d717-4c34-b5ca-a1d1f1ccd217
    status: 200 OK
    code: 200
    duration: ""
- request:
    body: ""
    form: {}
    headers:
      User-Agent:
      - scaleway-sdk-go/v1.0.0-beta.7+dev (go1.19.1; linux; amd64) terraform-provider/develop
        terraform/terraform-tests
    url: https://api.scaleway.com/instance/v1/zones/fr-par-1/servers/78180bd9-6811-45f1-bec2-166b782586dc
    method: GET
  response:
    body: '{"server":{"allowed_actions":["poweron","backup"],"arch":"x86_64","boot_type":"local","bootscript":{"architecture":"x86_64","bootcmdargs":"LINUX_COMMON
      scaleway boot=local nbd.max_part=16","default":true,"dtb":"","id":"fdfe150f-a870-4ce4-b432-9f56b5b995c1","initrd":"http://10.194.3.9/initrd/initrd-Linux-x86_64-v3.14.6.gz","kernel":"http://10.194.3.9/kernel/x86_64-mainline-lts-4.4-4.4.230-rev1/vmlinuz-4.4.230","organization":"11111111-1111-4111-8111-111111111111","project":"11111111-1111-4111-8111-111111111111","public":true,"title":"x86_64
      mainline 4.4.230 rev1","zone":"fr-par-1"},"commercial_type":"DEV1-S","creation_date":"2023-02-14T13:37:30.246061+00:00","dynamic_ip_required":true,"enable_ipv6":false,"extra_networks":[],"hostname":"foobar","id":"78180bd9-6811-45f1-bec2-166b782586dc","image":{"arch":"x86_64","creation_date":"2022-11-17T16:48:17.919713+00:00","default_bootscript":null,"extra_volumes":{},"from_server":null,"id":"d318f34b-1044-482a-afe3-1be349690a13","modification_date":"2022-11-17T16:48:17.919713+00:00","name":"Ubuntu
      20.04 Focal Fossa","organization":"51b656e3-4865-41e8-adbc-0c45bdd780db","project":"51b656e3-4865-41e8-adbc-0c45bdd780db","public":true,"root_volume":{"id":"c18532d5-1d4b-4bf3-8a02-3670e0fd67b4","name":"Ubuntu
      20.04 Focal Fossa","size":10000000000,"volume_type":"unified"},"state":"available","tags":[],"zone":"fr-par-1"},"ipv6":null,"location":null,"maintenances":[],"modification_date":"2023-02-14T13:37:30.246061+00:00","name":"foobar","organization":"ee7bd9e1-9cbd-4724-b2f4-19e50f3cf38b","placement_group":null,"private_ip":null,"private_nics":[],"project":"ee7bd9e1-9cbd-4724-b2f4-19e50f3cf38b","protected":false,"public_ip":null,"security_group":{"id":"a8f5f9bb-20a7-4244-9521-4cde6f510e0e","name":"Default
      security group"},"state":"stopped","state_detail":"","tags":[],"volumes":{"0":{"boot":false,"creation_date":"2023-02-14T13:37:30.246061+00:00","export_uri":null,"id":"13db37e0-7185-4505-b50f-3538f4632e48","modification_date":"2023-02-14T13:37:30.246061+00:00","name":"Ubuntu
      20.04 Focal Fossa","organization":"ee7bd9e1-9cbd-4724-b2f4-19e50f3cf38b","project":"ee7bd9e1-9cbd-4724-b2f4-19e50f3cf38b","server":{"id":"78180bd9-6811-45f1-bec2-166b782586dc","name":"foobar"},"size":20000000000,"state":"available","tags":[],"volume_type":"l_ssd","zone":"fr-par-1"},"1":{"boot":false,"creation_date":"2023-02-14T13:37:29.248434+00:00","export_uri":null,"id":"a54a7202-3cd5-4d76-976e-0f05a780882e","modification_date":"2023-02-14T13:37:30.246061+00:00","name":"foobar","organization":"ee7bd9e1-9cbd-4724-b2f4-19e50f3cf38b","project":"ee7bd9e1-9cbd-4724-b2f4-19e50f3cf38b","server":{"id":"78180bd9-6811-45f1-bec2-166b782586dc","name":"foobar"},"size":1000000000,"state":"available","tags":[],"volume_type":"b_ssd","zone":"fr-par-1"}},"zone":"fr-par-1"}}'
    headers:
      Content-Length:
      - "2994"
      Content-Security-Policy:
      - default-src 'none'; frame-ancestors 'none'
      Content-Type:
      - application/json
      Date:
      - Tue, 14 Feb 2023 13:37:31 GMT
      Server:
      - Scaleway API-Gateway
      Strict-Transport-Security:
      - max-age=63072000
      X-Content-Type-Options:
      - nosniff
      X-Frame-Options:
      - DENY
      X-Request-Id:
      - 21473102-bfb7-472c-aeb0-ffc20402396e
    status: 200 OK
    code: 200
    duration: ""
- request:
    body: '{"action":"poweron"}'
    form: {}
    headers:
      Content-Type:
      - application/json
      User-Agent:
      - scaleway-sdk-go/v1.0.0-beta.7+dev (go1.19.1; linux; amd64) terraform-provider/develop
        terraform/terraform-tests
    url: https://api.scaleway.com/instance/v1/zones/fr-par-1/servers/78180bd9-6811-45f1-bec2-166b782586dc/action
    method: POST
  response:
    body: '{"task":{"description":"server_batch_poweron","href_from":"/servers/78180bd9-6811-45f1-bec2-166b782586dc/action","href_result":"/servers/78180bd9-6811-45f1-bec2-166b782586dc","id":"daf78f18-4a39-47b3-ba70-8a5430b4acc7","started_at":"2023-02-14T13:37:31.667778+00:00","status":"pending","terminated_at":null}}'
    headers:
      Content-Length:
      - "322"
      Content-Security-Policy:
      - default-src 'none'; frame-ancestors 'none'
      Content-Type:
      - application/json
      Date:
      - Tue, 14 Feb 2023 13:37:31 GMT
      Location:
      - https://api.scaleway.com/instance/v1/zones/fr-par-1/tasks/daf78f18-4a39-47b3-ba70-8a5430b4acc7
      Server:
      - Scaleway API-Gateway
      Strict-Transport-Security:
      - max-age=63072000
      X-Content-Type-Options:
      - nosniff
      X-Frame-Options:
      - DENY
      X-Request-Id:
      - 59787850-039d-4e4c-9dde-3063991fd1f7
    status: 202 Accepted
    code: 202
    duration: ""
- request:
    body: ""
    form: {}
    headers:
      User-Agent:
      - scaleway-sdk-go/v1.0.0-beta.7+dev (go1.19.1; linux; amd64) terraform-provider/develop
        terraform/terraform-tests
    url: https://api.scaleway.com/instance/v1/zones/fr-par-1/servers/78180bd9-6811-45f1-bec2-166b782586dc
    method: GET
  response:
    body: '{"server":{"allowed_actions":["stop_in_place","backup"],"arch":"x86_64","boot_type":"local","bootscript":{"architecture":"x86_64","bootcmdargs":"LINUX_COMMON
      scaleway boot=local nbd.max_part=16","default":true,"dtb":"","id":"fdfe150f-a870-4ce4-b432-9f56b5b995c1","initrd":"http://10.194.3.9/initrd/initrd-Linux-x86_64-v3.14.6.gz","kernel":"http://10.194.3.9/kernel/x86_64-mainline-lts-4.4-4.4.230-rev1/vmlinuz-4.4.230","organization":"11111111-1111-4111-8111-111111111111","project":"11111111-1111-4111-8111-111111111111","public":true,"title":"x86_64
      mainline 4.4.230 rev1","zone":"fr-par-1"},"commercial_type":"DEV1-S","creation_date":"2023-02-14T13:37:30.246061+00:00","dynamic_ip_required":true,"enable_ipv6":false,"extra_networks":[],"hostname":"foobar","id":"78180bd9-6811-45f1-bec2-166b782586dc","image":{"arch":"x86_64","creation_date":"2022-11-17T16:48:17.919713+00:00","default_bootscript":null,"extra_volumes":{},"from_server":null,"id":"d318f34b-1044-482a-afe3-1be349690a13","modification_date":"2022-11-17T16:48:17.919713+00:00","name":"Ubuntu
      20.04 Focal Fossa","organization":"51b656e3-4865-41e8-adbc-0c45bdd780db","project":"51b656e3-4865-41e8-adbc-0c45bdd780db","public":true,"root_volume":{"id":"c18532d5-1d4b-4bf3-8a02-3670e0fd67b4","name":"Ubuntu
      20.04 Focal Fossa","size":10000000000,"volume_type":"unified"},"state":"available","tags":[],"zone":"fr-par-1"},"ipv6":null,"location":null,"maintenances":[],"modification_date":"2023-02-14T13:37:31.273774+00:00","name":"foobar","organization":"ee7bd9e1-9cbd-4724-b2f4-19e50f3cf38b","placement_group":null,"private_ip":null,"private_nics":[],"project":"ee7bd9e1-9cbd-4724-b2f4-19e50f3cf38b","protected":false,"public_ip":null,"security_group":{"id":"a8f5f9bb-20a7-4244-9521-4cde6f510e0e","name":"Default
      security group"},"state":"starting","state_detail":"allocating node","tags":[],"volumes":{"0":{"boot":false,"creation_date":"2023-02-14T13:37:30.246061+00:00","export_uri":null,"id":"13db37e0-7185-4505-b50f-3538f4632e48","modification_date":"2023-02-14T13:37:30.246061+00:00","name":"Ubuntu
      20.04 Focal Fossa","organization":"ee7bd9e1-9cbd-4724-b2f4-19e50f3cf38b","project":"ee7bd9e1-9cbd-4724-b2f4-19e50f3cf38b","server":{"id":"78180bd9-6811-45f1-bec2-166b782586dc","name":"foobar"},"size":20000000000,"state":"available","tags":[],"volume_type":"l_ssd","zone":"fr-par-1"},"1":{"boot":false,"creation_date":"2023-02-14T13:37:29.248434+00:00","export_uri":null,"id":"a54a7202-3cd5-4d76-976e-0f05a780882e","modification_date":"2023-02-14T13:37:30.246061+00:00","name":"foobar","organization":"ee7bd9e1-9cbd-4724-b2f4-19e50f3cf38b","project":"ee7bd9e1-9cbd-4724-b2f4-19e50f3cf38b","server":{"id":"78180bd9-6811-45f1-bec2-166b782586dc","name":"foobar"},"size":1000000000,"state":"available","tags":[],"volume_type":"b_ssd","zone":"fr-par-1"}},"zone":"fr-par-1"}}'
    headers:
      Content-Length:
      - "3016"
      Content-Security-Policy:
      - default-src 'none'; frame-ancestors 'none'
      Content-Type:
      - application/json
      Date:
      - Tue, 14 Feb 2023 13:37:31 GMT
      Server:
      - Scaleway API-Gateway
      Strict-Transport-Security:
      - max-age=63072000
      X-Content-Type-Options:
      - nosniff
      X-Frame-Options:
      - DENY
      X-Request-Id:
      - 33ee2ec6-3f00-4a76-9018-0e5c1372b827
    status: 200 OK
    code: 200
    duration: ""
- request:
    body: ""
    form: {}
    headers:
      User-Agent:
      - scaleway-sdk-go/v1.0.0-beta.7+dev (go1.19.1; linux; amd64) terraform-provider/develop
        terraform/terraform-tests
    url: https://api.scaleway.com/instance/v1/zones/fr-par-1/servers/78180bd9-6811-45f1-bec2-166b782586dc
    method: GET
  response:
    body: '{"server":{"allowed_actions":["stop_in_place","backup"],"arch":"x86_64","boot_type":"local","bootscript":{"architecture":"x86_64","bootcmdargs":"LINUX_COMMON
      scaleway boot=local nbd.max_part=16","default":true,"dtb":"","id":"fdfe150f-a870-4ce4-b432-9f56b5b995c1","initrd":"http://10.194.3.9/initrd/initrd-Linux-x86_64-v3.14.6.gz","kernel":"http://10.194.3.9/kernel/x86_64-mainline-lts-4.4-4.4.230-rev1/vmlinuz-4.4.230","organization":"11111111-1111-4111-8111-111111111111","project":"11111111-1111-4111-8111-111111111111","public":true,"title":"x86_64
      mainline 4.4.230 rev1","zone":"fr-par-1"},"commercial_type":"DEV1-S","creation_date":"2023-02-14T13:37:30.246061+00:00","dynamic_ip_required":true,"enable_ipv6":false,"extra_networks":[],"hostname":"foobar","id":"78180bd9-6811-45f1-bec2-166b782586dc","image":{"arch":"x86_64","creation_date":"2022-11-17T16:48:17.919713+00:00","default_bootscript":null,"extra_volumes":{},"from_server":null,"id":"d318f34b-1044-482a-afe3-1be349690a13","modification_date":"2022-11-17T16:48:17.919713+00:00","name":"Ubuntu
      20.04 Focal Fossa","organization":"51b656e3-4865-41e8-adbc-0c45bdd780db","project":"51b656e3-4865-41e8-adbc-0c45bdd780db","public":true,"root_volume":{"id":"c18532d5-1d4b-4bf3-8a02-3670e0fd67b4","name":"Ubuntu
      20.04 Focal Fossa","size":10000000000,"volume_type":"unified"},"state":"available","tags":[],"zone":"fr-par-1"},"ipv6":null,"location":null,"maintenances":[],"modification_date":"2023-02-14T13:37:31.273774+00:00","name":"foobar","organization":"ee7bd9e1-9cbd-4724-b2f4-19e50f3cf38b","placement_group":null,"private_ip":null,"private_nics":[],"project":"ee7bd9e1-9cbd-4724-b2f4-19e50f3cf38b","protected":false,"public_ip":null,"security_group":{"id":"a8f5f9bb-20a7-4244-9521-4cde6f510e0e","name":"Default
      security group"},"state":"starting","state_detail":"allocating node","tags":[],"volumes":{"0":{"boot":false,"creation_date":"2023-02-14T13:37:30.246061+00:00","export_uri":null,"id":"13db37e0-7185-4505-b50f-3538f4632e48","modification_date":"2023-02-14T13:37:30.246061+00:00","name":"Ubuntu
      20.04 Focal Fossa","organization":"ee7bd9e1-9cbd-4724-b2f4-19e50f3cf38b","project":"ee7bd9e1-9cbd-4724-b2f4-19e50f3cf38b","server":{"id":"78180bd9-6811-45f1-bec2-166b782586dc","name":"foobar"},"size":20000000000,"state":"available","tags":[],"volume_type":"l_ssd","zone":"fr-par-1"},"1":{"boot":false,"creation_date":"2023-02-14T13:37:29.248434+00:00","export_uri":null,"id":"a54a7202-3cd5-4d76-976e-0f05a780882e","modification_date":"2023-02-14T13:37:30.246061+00:00","name":"foobar","organization":"ee7bd9e1-9cbd-4724-b2f4-19e50f3cf38b","project":"ee7bd9e1-9cbd-4724-b2f4-19e50f3cf38b","server":{"id":"78180bd9-6811-45f1-bec2-166b782586dc","name":"foobar"},"size":1000000000,"state":"available","tags":[],"volume_type":"b_ssd","zone":"fr-par-1"}},"zone":"fr-par-1"}}'
    headers:
      Content-Length:
      - "3016"
      Content-Security-Policy:
      - default-src 'none'; frame-ancestors 'none'
      Content-Type:
      - application/json
      Date:
      - Tue, 14 Feb 2023 13:37:37 GMT
      Server:
      - Scaleway API-Gateway
      Strict-Transport-Security:
      - max-age=63072000
      X-Content-Type-Options:
      - nosniff
      X-Frame-Options:
      - DENY
      X-Request-Id:
      - ab03e576-54c8-4a20-9dca-fdd979bf3fbd
    status: 200 OK
    code: 200
    duration: ""
- request:
    body: ""
    form: {}
    headers:
      User-Agent:
      - scaleway-sdk-go/v1.0.0-beta.7+dev (go1.19.1; linux; amd64) terraform-provider/develop
        terraform/terraform-tests
    url: https://api.scaleway.com/instance/v1/zones/fr-par-1/servers/78180bd9-6811-45f1-bec2-166b782586dc
    method: GET
  response:
    body: '{"server":{"allowed_actions":["stop_in_place","backup"],"arch":"x86_64","boot_type":"local","bootscript":{"architecture":"x86_64","bootcmdargs":"LINUX_COMMON
      scaleway boot=local nbd.max_part=16","default":true,"dtb":"","id":"fdfe150f-a870-4ce4-b432-9f56b5b995c1","initrd":"http://10.194.3.9/initrd/initrd-Linux-x86_64-v3.14.6.gz","kernel":"http://10.194.3.9/kernel/x86_64-mainline-lts-4.4-4.4.230-rev1/vmlinuz-4.4.230","organization":"11111111-1111-4111-8111-111111111111","project":"11111111-1111-4111-8111-111111111111","public":true,"title":"x86_64
      mainline 4.4.230 rev1","zone":"fr-par-1"},"commercial_type":"DEV1-S","creation_date":"2023-02-14T13:37:30.246061+00:00","dynamic_ip_required":true,"enable_ipv6":false,"extra_networks":[],"hostname":"foobar","id":"78180bd9-6811-45f1-bec2-166b782586dc","image":{"arch":"x86_64","creation_date":"2022-11-17T16:48:17.919713+00:00","default_bootscript":null,"extra_volumes":{},"from_server":null,"id":"d318f34b-1044-482a-afe3-1be349690a13","modification_date":"2022-11-17T16:48:17.919713+00:00","name":"Ubuntu
      20.04 Focal Fossa","organization":"51b656e3-4865-41e8-adbc-0c45bdd780db","project":"51b656e3-4865-41e8-adbc-0c45bdd780db","public":true,"root_volume":{"id":"c18532d5-1d4b-4bf3-8a02-3670e0fd67b4","name":"Ubuntu
      20.04 Focal Fossa","size":10000000000,"volume_type":"unified"},"state":"available","tags":[],"zone":"fr-par-1"},"ipv6":null,"location":{"cluster_id":"31","hypervisor_id":"502","node_id":"1","platform_id":"14","zone_id":"par1"},"maintenances":[],"modification_date":"2023-02-14T13:37:31.273774+00:00","name":"foobar","organization":"ee7bd9e1-9cbd-4724-b2f4-19e50f3cf38b","placement_group":null,"private_ip":"10.72.34.1","private_nics":[],"project":"ee7bd9e1-9cbd-4724-b2f4-19e50f3cf38b","protected":false,"public_ip":{"address":"51.15.252.241","dynamic":true,"id":"21601ab1-8b75-4d2f-bbb0-2b8b71c4bc13"},"security_group":{"id":"a8f5f9bb-20a7-4244-9521-4cde6f510e0e","name":"Default
      security group"},"state":"starting","state_detail":"provisioning node","tags":[],"volumes":{"0":{"boot":false,"creation_date":"2023-02-14T13:37:30.246061+00:00","export_uri":null,"id":"13db37e0-7185-4505-b50f-3538f4632e48","modification_date":"2023-02-14T13:37:30.246061+00:00","name":"Ubuntu
      20.04 Focal Fossa","organization":"ee7bd9e1-9cbd-4724-b2f4-19e50f3cf38b","project":"ee7bd9e1-9cbd-4724-b2f4-19e50f3cf38b","server":{"id":"78180bd9-6811-45f1-bec2-166b782586dc","name":"foobar"},"size":20000000000,"state":"available","tags":[],"volume_type":"l_ssd","zone":"fr-par-1"},"1":{"boot":false,"creation_date":"2023-02-14T13:37:29.248434+00:00","export_uri":null,"id":"a54a7202-3cd5-4d76-976e-0f05a780882e","modification_date":"2023-02-14T13:37:30.246061+00:00","name":"foobar","organization":"ee7bd9e1-9cbd-4724-b2f4-19e50f3cf38b","project":"ee7bd9e1-9cbd-4724-b2f4-19e50f3cf38b","server":{"id":"78180bd9-6811-45f1-bec2-166b782586dc","name":"foobar"},"size":1000000000,"state":"available","tags":[],"volume_type":"b_ssd","zone":"fr-par-1"}},"zone":"fr-par-1"}}'
    headers:
      Content-Length:
      - "3209"
      Content-Security-Policy:
      - default-src 'none'; frame-ancestors 'none'
      Content-Type:
      - application/json
      Date:
      - Tue, 14 Feb 2023 13:37:42 GMT
      Server:
      - Scaleway API-Gateway
      Strict-Transport-Security:
      - max-age=63072000
      X-Content-Type-Options:
      - nosniff
      X-Frame-Options:
      - DENY
      X-Request-Id:
      - dd13c736-c3a3-4488-b167-c85415ffe26d
    status: 200 OK
    code: 200
    duration: ""
- request:
    body: ""
    form: {}
    headers:
      User-Agent:
      - scaleway-sdk-go/v1.0.0-beta.7+dev (go1.19.1; linux; amd64) terraform-provider/develop
        terraform/terraform-tests
    url: https://api.scaleway.com/instance/v1/zones/fr-par-1/servers/78180bd9-6811-45f1-bec2-166b782586dc
    method: GET
  response:
    body: '{"server":{"allowed_actions":["stop_in_place","backup"],"arch":"x86_64","boot_type":"local","bootscript":{"architecture":"x86_64","bootcmdargs":"LINUX_COMMON
      scaleway boot=local nbd.max_part=16","default":true,"dtb":"","id":"fdfe150f-a870-4ce4-b432-9f56b5b995c1","initrd":"http://10.194.3.9/initrd/initrd-Linux-x86_64-v3.14.6.gz","kernel":"http://10.194.3.9/kernel/x86_64-mainline-lts-4.4-4.4.230-rev1/vmlinuz-4.4.230","organization":"11111111-1111-4111-8111-111111111111","project":"11111111-1111-4111-8111-111111111111","public":true,"title":"x86_64
      mainline 4.4.230 rev1","zone":"fr-par-1"},"commercial_type":"DEV1-S","creation_date":"2023-02-14T13:37:30.246061+00:00","dynamic_ip_required":true,"enable_ipv6":false,"extra_networks":[],"hostname":"foobar","id":"78180bd9-6811-45f1-bec2-166b782586dc","image":{"arch":"x86_64","creation_date":"2022-11-17T16:48:17.919713+00:00","default_bootscript":null,"extra_volumes":{},"from_server":null,"id":"d318f34b-1044-482a-afe3-1be349690a13","modification_date":"2022-11-17T16:48:17.919713+00:00","name":"Ubuntu
      20.04 Focal Fossa","organization":"51b656e3-4865-41e8-adbc-0c45bdd780db","project":"51b656e3-4865-41e8-adbc-0c45bdd780db","public":true,"root_volume":{"id":"c18532d5-1d4b-4bf3-8a02-3670e0fd67b4","name":"Ubuntu
      20.04 Focal Fossa","size":10000000000,"volume_type":"unified"},"state":"available","tags":[],"zone":"fr-par-1"},"ipv6":null,"location":{"cluster_id":"31","hypervisor_id":"502","node_id":"1","platform_id":"14","zone_id":"par1"},"maintenances":[],"modification_date":"2023-02-14T13:37:31.273774+00:00","name":"foobar","organization":"ee7bd9e1-9cbd-4724-b2f4-19e50f3cf38b","placement_group":null,"private_ip":"10.72.34.1","private_nics":[],"project":"ee7bd9e1-9cbd-4724-b2f4-19e50f3cf38b","protected":false,"public_ip":{"address":"51.15.252.241","dynamic":true,"id":"21601ab1-8b75-4d2f-bbb0-2b8b71c4bc13"},"security_group":{"id":"a8f5f9bb-20a7-4244-9521-4cde6f510e0e","name":"Default
      security group"},"state":"starting","state_detail":"provisioning node","tags":[],"volumes":{"0":{"boot":false,"creation_date":"2023-02-14T13:37:30.246061+00:00","export_uri":null,"id":"13db37e0-7185-4505-b50f-3538f4632e48","modification_date":"2023-02-14T13:37:30.246061+00:00","name":"Ubuntu
      20.04 Focal Fossa","organization":"ee7bd9e1-9cbd-4724-b2f4-19e50f3cf38b","project":"ee7bd9e1-9cbd-4724-b2f4-19e50f3cf38b","server":{"id":"78180bd9-6811-45f1-bec2-166b782586dc","name":"foobar"},"size":20000000000,"state":"available","tags":[],"volume_type":"l_ssd","zone":"fr-par-1"},"1":{"boot":false,"creation_date":"2023-02-14T13:37:29.248434+00:00","export_uri":null,"id":"a54a7202-3cd5-4d76-976e-0f05a780882e","modification_date":"2023-02-14T13:37:30.246061+00:00","name":"foobar","organization":"ee7bd9e1-9cbd-4724-b2f4-19e50f3cf38b","project":"ee7bd9e1-9cbd-4724-b2f4-19e50f3cf38b","server":{"id":"78180bd9-6811-45f1-bec2-166b782586dc","name":"foobar"},"size":1000000000,"state":"available","tags":[],"volume_type":"b_ssd","zone":"fr-par-1"}},"zone":"fr-par-1"}}'
    headers:
      Content-Length:
      - "3209"
      Content-Security-Policy:
      - default-src 'none'; frame-ancestors 'none'
      Content-Type:
      - application/json
      Date:
      - Tue, 14 Feb 2023 13:37:47 GMT
      Server:
      - Scaleway API-Gateway
      Strict-Transport-Security:
      - max-age=63072000
      X-Content-Type-Options:
      - nosniff
      X-Frame-Options:
      - DENY
      X-Request-Id:
      - 1eed4c99-746a-4598-a17d-1c595ffa2592
    status: 200 OK
    code: 200
    duration: ""
- request:
    body: ""
    form: {}
    headers:
      User-Agent:
      - scaleway-sdk-go/v1.0.0-beta.7+dev (go1.19.1; linux; amd64) terraform-provider/develop
        terraform/terraform-tests
    url: https://api.scaleway.com/instance/v1/zones/fr-par-1/servers/78180bd9-6811-45f1-bec2-166b782586dc
    method: GET
  response:
    body: '{"server":{"allowed_actions":["stop_in_place","backup"],"arch":"x86_64","boot_type":"local","bootscript":{"architecture":"x86_64","bootcmdargs":"LINUX_COMMON
      scaleway boot=local nbd.max_part=16","default":true,"dtb":"","id":"fdfe150f-a870-4ce4-b432-9f56b5b995c1","initrd":"http://10.194.3.9/initrd/initrd-Linux-x86_64-v3.14.6.gz","kernel":"http://10.194.3.9/kernel/x86_64-mainline-lts-4.4-4.4.230-rev1/vmlinuz-4.4.230","organization":"11111111-1111-4111-8111-111111111111","project":"11111111-1111-4111-8111-111111111111","public":true,"title":"x86_64
      mainline 4.4.230 rev1","zone":"fr-par-1"},"commercial_type":"DEV1-S","creation_date":"2023-02-14T13:37:30.246061+00:00","dynamic_ip_required":true,"enable_ipv6":false,"extra_networks":[],"hostname":"foobar","id":"78180bd9-6811-45f1-bec2-166b782586dc","image":{"arch":"x86_64","creation_date":"2022-11-17T16:48:17.919713+00:00","default_bootscript":null,"extra_volumes":{},"from_server":null,"id":"d318f34b-1044-482a-afe3-1be349690a13","modification_date":"2022-11-17T16:48:17.919713+00:00","name":"Ubuntu
      20.04 Focal Fossa","organization":"51b656e3-4865-41e8-adbc-0c45bdd780db","project":"51b656e3-4865-41e8-adbc-0c45bdd780db","public":true,"root_volume":{"id":"c18532d5-1d4b-4bf3-8a02-3670e0fd67b4","name":"Ubuntu
      20.04 Focal Fossa","size":10000000000,"volume_type":"unified"},"state":"available","tags":[],"zone":"fr-par-1"},"ipv6":null,"location":{"cluster_id":"31","hypervisor_id":"502","node_id":"1","platform_id":"14","zone_id":"par1"},"maintenances":[],"modification_date":"2023-02-14T13:37:31.273774+00:00","name":"foobar","organization":"ee7bd9e1-9cbd-4724-b2f4-19e50f3cf38b","placement_group":null,"private_ip":"10.72.34.1","private_nics":[],"project":"ee7bd9e1-9cbd-4724-b2f4-19e50f3cf38b","protected":false,"public_ip":{"address":"51.15.252.241","dynamic":true,"id":"21601ab1-8b75-4d2f-bbb0-2b8b71c4bc13"},"security_group":{"id":"a8f5f9bb-20a7-4244-9521-4cde6f510e0e","name":"Default
      security group"},"state":"starting","state_detail":"provisioning node","tags":[],"volumes":{"0":{"boot":false,"creation_date":"2023-02-14T13:37:30.246061+00:00","export_uri":null,"id":"13db37e0-7185-4505-b50f-3538f4632e48","modification_date":"2023-02-14T13:37:30.246061+00:00","name":"Ubuntu
      20.04 Focal Fossa","organization":"ee7bd9e1-9cbd-4724-b2f4-19e50f3cf38b","project":"ee7bd9e1-9cbd-4724-b2f4-19e50f3cf38b","server":{"id":"78180bd9-6811-45f1-bec2-166b782586dc","name":"foobar"},"size":20000000000,"state":"available","tags":[],"volume_type":"l_ssd","zone":"fr-par-1"},"1":{"boot":false,"creation_date":"2023-02-14T13:37:29.248434+00:00","export_uri":null,"id":"a54a7202-3cd5-4d76-976e-0f05a780882e","modification_date":"2023-02-14T13:37:30.246061+00:00","name":"foobar","organization":"ee7bd9e1-9cbd-4724-b2f4-19e50f3cf38b","project":"ee7bd9e1-9cbd-4724-b2f4-19e50f3cf38b","server":{"id":"78180bd9-6811-45f1-bec2-166b782586dc","name":"foobar"},"size":1000000000,"state":"available","tags":[],"volume_type":"b_ssd","zone":"fr-par-1"}},"zone":"fr-par-1"}}'
    headers:
      Content-Length:
      - "3209"
      Content-Security-Policy:
      - default-src 'none'; frame-ancestors 'none'
      Content-Type:
      - application/json
      Date:
      - Tue, 14 Feb 2023 13:37:52 GMT
      Server:
      - Scaleway API-Gateway
      Strict-Transport-Security:
      - max-age=63072000
      X-Content-Type-Options:
      - nosniff
      X-Frame-Options:
      - DENY
      X-Request-Id:
      - 2c95eabe-4fda-46bd-b34b-c5b4650a54a3
    status: 200 OK
    code: 200
    duration: ""
- request:
    body: ""
    form: {}
    headers:
      User-Agent:
      - scaleway-sdk-go/v1.0.0-beta.7+dev (go1.19.1; linux; amd64) terraform-provider/develop
        terraform/terraform-tests
    url: https://api.scaleway.com/instance/v1/zones/fr-par-1/servers/78180bd9-6811-45f1-bec2-166b782586dc
    method: GET
  response:
    body: '{"server":{"allowed_actions":["stop_in_place","backup"],"arch":"x86_64","boot_type":"local","bootscript":{"architecture":"x86_64","bootcmdargs":"LINUX_COMMON
      scaleway boot=local nbd.max_part=16","default":true,"dtb":"","id":"fdfe150f-a870-4ce4-b432-9f56b5b995c1","initrd":"http://10.194.3.9/initrd/initrd-Linux-x86_64-v3.14.6.gz","kernel":"http://10.194.3.9/kernel/x86_64-mainline-lts-4.4-4.4.230-rev1/vmlinuz-4.4.230","organization":"11111111-1111-4111-8111-111111111111","project":"11111111-1111-4111-8111-111111111111","public":true,"title":"x86_64
      mainline 4.4.230 rev1","zone":"fr-par-1"},"commercial_type":"DEV1-S","creation_date":"2023-02-14T13:37:30.246061+00:00","dynamic_ip_required":true,"enable_ipv6":false,"extra_networks":[],"hostname":"foobar","id":"78180bd9-6811-45f1-bec2-166b782586dc","image":{"arch":"x86_64","creation_date":"2022-11-17T16:48:17.919713+00:00","default_bootscript":null,"extra_volumes":{},"from_server":null,"id":"d318f34b-1044-482a-afe3-1be349690a13","modification_date":"2022-11-17T16:48:17.919713+00:00","name":"Ubuntu
      20.04 Focal Fossa","organization":"51b656e3-4865-41e8-adbc-0c45bdd780db","project":"51b656e3-4865-41e8-adbc-0c45bdd780db","public":true,"root_volume":{"id":"c18532d5-1d4b-4bf3-8a02-3670e0fd67b4","name":"Ubuntu
      20.04 Focal Fossa","size":10000000000,"volume_type":"unified"},"state":"available","tags":[],"zone":"fr-par-1"},"ipv6":null,"location":{"cluster_id":"31","hypervisor_id":"502","node_id":"1","platform_id":"14","zone_id":"par1"},"maintenances":[],"modification_date":"2023-02-14T13:37:31.273774+00:00","name":"foobar","organization":"ee7bd9e1-9cbd-4724-b2f4-19e50f3cf38b","placement_group":null,"private_ip":"10.72.34.1","private_nics":[],"project":"ee7bd9e1-9cbd-4724-b2f4-19e50f3cf38b","protected":false,"public_ip":{"address":"51.15.252.241","dynamic":true,"id":"21601ab1-8b75-4d2f-bbb0-2b8b71c4bc13"},"security_group":{"id":"a8f5f9bb-20a7-4244-9521-4cde6f510e0e","name":"Default
      security group"},"state":"starting","state_detail":"provisioning node","tags":[],"volumes":{"0":{"boot":false,"creation_date":"2023-02-14T13:37:30.246061+00:00","export_uri":null,"id":"13db37e0-7185-4505-b50f-3538f4632e48","modification_date":"2023-02-14T13:37:30.246061+00:00","name":"Ubuntu
      20.04 Focal Fossa","organization":"ee7bd9e1-9cbd-4724-b2f4-19e50f3cf38b","project":"ee7bd9e1-9cbd-4724-b2f4-19e50f3cf38b","server":{"id":"78180bd9-6811-45f1-bec2-166b782586dc","name":"foobar"},"size":20000000000,"state":"available","tags":[],"volume_type":"l_ssd","zone":"fr-par-1"},"1":{"boot":false,"creation_date":"2023-02-14T13:37:29.248434+00:00","export_uri":null,"id":"a54a7202-3cd5-4d76-976e-0f05a780882e","modification_date":"2023-02-14T13:37:30.246061+00:00","name":"foobar","organization":"ee7bd9e1-9cbd-4724-b2f4-19e50f3cf38b","project":"ee7bd9e1-9cbd-4724-b2f4-19e50f3cf38b","server":{"id":"78180bd9-6811-45f1-bec2-166b782586dc","name":"foobar"},"size":1000000000,"state":"available","tags":[],"volume_type":"b_ssd","zone":"fr-par-1"}},"zone":"fr-par-1"}}'
    headers:
      Content-Length:
      - "3209"
      Content-Security-Policy:
      - default-src 'none'; frame-ancestors 'none'
      Content-Type:
      - application/json
      Date:
      - Tue, 14 Feb 2023 13:37:57 GMT
      Server:
      - Scaleway API-Gateway
      Strict-Transport-Security:
      - max-age=63072000
      X-Content-Type-Options:
      - nosniff
      X-Frame-Options:
      - DENY
      X-Request-Id:
      - 351e2693-7b2a-47a9-a189-7a562edfb1e9
    status: 200 OK
    code: 200
    duration: ""
- request:
    body: ""
    form: {}
    headers:
      User-Agent:
      - scaleway-sdk-go/v1.0.0-beta.7+dev (go1.19.1; linux; amd64) terraform-provider/develop
        terraform/terraform-tests
    url: https://api.scaleway.com/instance/v1/zones/fr-par-1/servers/78180bd9-6811-45f1-bec2-166b782586dc
    method: GET
  response:
    body: '{"server":{"allowed_actions":["stop_in_place","backup"],"arch":"x86_64","boot_type":"local","bootscript":{"architecture":"x86_64","bootcmdargs":"LINUX_COMMON
      scaleway boot=local nbd.max_part=16","default":true,"dtb":"","id":"fdfe150f-a870-4ce4-b432-9f56b5b995c1","initrd":"http://10.194.3.9/initrd/initrd-Linux-x86_64-v3.14.6.gz","kernel":"http://10.194.3.9/kernel/x86_64-mainline-lts-4.4-4.4.230-rev1/vmlinuz-4.4.230","organization":"11111111-1111-4111-8111-111111111111","project":"11111111-1111-4111-8111-111111111111","public":true,"title":"x86_64
      mainline 4.4.230 rev1","zone":"fr-par-1"},"commercial_type":"DEV1-S","creation_date":"2023-02-14T13:37:30.246061+00:00","dynamic_ip_required":true,"enable_ipv6":false,"extra_networks":[],"hostname":"foobar","id":"78180bd9-6811-45f1-bec2-166b782586dc","image":{"arch":"x86_64","creation_date":"2022-11-17T16:48:17.919713+00:00","default_bootscript":null,"extra_volumes":{},"from_server":null,"id":"d318f34b-1044-482a-afe3-1be349690a13","modification_date":"2022-11-17T16:48:17.919713+00:00","name":"Ubuntu
      20.04 Focal Fossa","organization":"51b656e3-4865-41e8-adbc-0c45bdd780db","project":"51b656e3-4865-41e8-adbc-0c45bdd780db","public":true,"root_volume":{"id":"c18532d5-1d4b-4bf3-8a02-3670e0fd67b4","name":"Ubuntu
      20.04 Focal Fossa","size":10000000000,"volume_type":"unified"},"state":"available","tags":[],"zone":"fr-par-1"},"ipv6":null,"location":{"cluster_id":"31","hypervisor_id":"502","node_id":"1","platform_id":"14","zone_id":"par1"},"maintenances":[],"modification_date":"2023-02-14T13:37:31.273774+00:00","name":"foobar","organization":"ee7bd9e1-9cbd-4724-b2f4-19e50f3cf38b","placement_group":null,"private_ip":"10.72.34.1","private_nics":[],"project":"ee7bd9e1-9cbd-4724-b2f4-19e50f3cf38b","protected":false,"public_ip":{"address":"51.15.252.241","dynamic":true,"id":"21601ab1-8b75-4d2f-bbb0-2b8b71c4bc13"},"security_group":{"id":"a8f5f9bb-20a7-4244-9521-4cde6f510e0e","name":"Default
      security group"},"state":"starting","state_detail":"provisioning node","tags":[],"volumes":{"0":{"boot":false,"creation_date":"2023-02-14T13:37:30.246061+00:00","export_uri":null,"id":"13db37e0-7185-4505-b50f-3538f4632e48","modification_date":"2023-02-14T13:37:30.246061+00:00","name":"Ubuntu
      20.04 Focal Fossa","organization":"ee7bd9e1-9cbd-4724-b2f4-19e50f3cf38b","project":"ee7bd9e1-9cbd-4724-b2f4-19e50f3cf38b","server":{"id":"78180bd9-6811-45f1-bec2-166b782586dc","name":"foobar"},"size":20000000000,"state":"available","tags":[],"volume_type":"l_ssd","zone":"fr-par-1"},"1":{"boot":false,"creation_date":"2023-02-14T13:37:29.248434+00:00","export_uri":null,"id":"a54a7202-3cd5-4d76-976e-0f05a780882e","modification_date":"2023-02-14T13:37:30.246061+00:00","name":"foobar","organization":"ee7bd9e1-9cbd-4724-b2f4-19e50f3cf38b","project":"ee7bd9e1-9cbd-4724-b2f4-19e50f3cf38b","server":{"id":"78180bd9-6811-45f1-bec2-166b782586dc","name":"foobar"},"size":1000000000,"state":"available","tags":[],"volume_type":"b_ssd","zone":"fr-par-1"}},"zone":"fr-par-1"}}'
    headers:
      Content-Length:
      - "3209"
      Content-Security-Policy:
      - default-src 'none'; frame-ancestors 'none'
      Content-Type:
      - application/json
      Date:
      - Tue, 14 Feb 2023 13:38:02 GMT
      Server:
      - Scaleway API-Gateway
      Strict-Transport-Security:
      - max-age=63072000
      X-Content-Type-Options:
      - nosniff
      X-Frame-Options:
      - DENY
      X-Request-Id:
      - edf37415-9f03-46cc-8e37-421cd110a472
    status: 200 OK
    code: 200
    duration: ""
- request:
    body: ""
    form: {}
    headers:
      User-Agent:
      - scaleway-sdk-go/v1.0.0-beta.7+dev (go1.19.1; linux; amd64) terraform-provider/develop
        terraform/terraform-tests
    url: https://api.scaleway.com/instance/v1/zones/fr-par-1/servers/78180bd9-6811-45f1-bec2-166b782586dc
    method: GET
  response:
    body: '{"server":{"allowed_actions":["poweroff","terminate","reboot","stop_in_place","backup"],"arch":"x86_64","boot_type":"local","bootscript":{"architecture":"x86_64","bootcmdargs":"LINUX_COMMON
      scaleway boot=local nbd.max_part=16","default":true,"dtb":"","id":"fdfe150f-a870-4ce4-b432-9f56b5b995c1","initrd":"http://10.194.3.9/initrd/initrd-Linux-x86_64-v3.14.6.gz","kernel":"http://10.194.3.9/kernel/x86_64-mainline-lts-4.4-4.4.230-rev1/vmlinuz-4.4.230","organization":"11111111-1111-4111-8111-111111111111","project":"11111111-1111-4111-8111-111111111111","public":true,"title":"x86_64
      mainline 4.4.230 rev1","zone":"fr-par-1"},"commercial_type":"DEV1-S","creation_date":"2023-02-14T13:37:30.246061+00:00","dynamic_ip_required":true,"enable_ipv6":false,"extra_networks":[],"hostname":"foobar","id":"78180bd9-6811-45f1-bec2-166b782586dc","image":{"arch":"x86_64","creation_date":"2022-11-17T16:48:17.919713+00:00","default_bootscript":null,"extra_volumes":{},"from_server":null,"id":"d318f34b-1044-482a-afe3-1be349690a13","modification_date":"2022-11-17T16:48:17.919713+00:00","name":"Ubuntu
      20.04 Focal Fossa","organization":"51b656e3-4865-41e8-adbc-0c45bdd780db","project":"51b656e3-4865-41e8-adbc-0c45bdd780db","public":true,"root_volume":{"id":"c18532d5-1d4b-4bf3-8a02-3670e0fd67b4","name":"Ubuntu
      20.04 Focal Fossa","size":10000000000,"volume_type":"unified"},"state":"available","tags":[],"zone":"fr-par-1"},"ipv6":null,"location":{"cluster_id":"31","hypervisor_id":"502","node_id":"1","platform_id":"14","zone_id":"par1"},"maintenances":[],"modification_date":"2023-02-14T13:38:05.853075+00:00","name":"foobar","organization":"ee7bd9e1-9cbd-4724-b2f4-19e50f3cf38b","placement_group":null,"private_ip":"10.72.34.1","private_nics":[],"project":"ee7bd9e1-9cbd-4724-b2f4-19e50f3cf38b","protected":false,"public_ip":{"address":"51.15.252.241","dynamic":true,"id":"21601ab1-8b75-4d2f-bbb0-2b8b71c4bc13"},"security_group":{"id":"a8f5f9bb-20a7-4244-9521-4cde6f510e0e","name":"Default
      security group"},"state":"running","state_detail":"booting kernel","tags":[],"volumes":{"0":{"boot":false,"creation_date":"2023-02-14T13:37:30.246061+00:00","export_uri":null,"id":"13db37e0-7185-4505-b50f-3538f4632e48","modification_date":"2023-02-14T13:37:30.246061+00:00","name":"Ubuntu
      20.04 Focal Fossa","organization":"ee7bd9e1-9cbd-4724-b2f4-19e50f3cf38b","project":"ee7bd9e1-9cbd-4724-b2f4-19e50f3cf38b","server":{"id":"78180bd9-6811-45f1-bec2-166b782586dc","name":"foobar"},"size":20000000000,"state":"available","tags":[],"volume_type":"l_ssd","zone":"fr-par-1"},"1":{"boot":false,"creation_date":"2023-02-14T13:37:29.248434+00:00","export_uri":null,"id":"a54a7202-3cd5-4d76-976e-0f05a780882e","modification_date":"2023-02-14T13:37:30.246061+00:00","name":"foobar","organization":"ee7bd9e1-9cbd-4724-b2f4-19e50f3cf38b","project":"ee7bd9e1-9cbd-4724-b2f4-19e50f3cf38b","server":{"id":"78180bd9-6811-45f1-bec2-166b782586dc","name":"foobar"},"size":1000000000,"state":"available","tags":[],"volume_type":"b_ssd","zone":"fr-par-1"}},"zone":"fr-par-1"}}'
    headers:
      Content-Length:
      - "3240"
      Content-Security-Policy:
      - default-src 'none'; frame-ancestors 'none'
      Content-Type:
      - application/json
      Date:
      - Tue, 14 Feb 2023 13:38:08 GMT
      Server:
      - Scaleway API-Gateway
      Strict-Transport-Security:
      - max-age=63072000
      X-Content-Type-Options:
      - nosniff
      X-Frame-Options:
      - DENY
      X-Request-Id:
      - 7dcf27a5-dc12-49a2-8478-f2d383ddb1da
    status: 200 OK
    code: 200
    duration: ""
- request:
    body: ""
    form: {}
    headers:
      User-Agent:
      - scaleway-sdk-go/v1.0.0-beta.7+dev (go1.19.1; linux; amd64) terraform-provider/develop
        terraform/terraform-tests
    url: https://api.scaleway.com/instance/v1/zones/fr-par-1/servers/78180bd9-6811-45f1-bec2-166b782586dc
    method: GET
  response:
    body: '{"server":{"allowed_actions":["poweroff","terminate","reboot","stop_in_place","backup"],"arch":"x86_64","boot_type":"local","bootscript":{"architecture":"x86_64","bootcmdargs":"LINUX_COMMON
      scaleway boot=local nbd.max_part=16","default":true,"dtb":"","id":"fdfe150f-a870-4ce4-b432-9f56b5b995c1","initrd":"http://10.194.3.9/initrd/initrd-Linux-x86_64-v3.14.6.gz","kernel":"http://10.194.3.9/kernel/x86_64-mainline-lts-4.4-4.4.230-rev1/vmlinuz-4.4.230","organization":"11111111-1111-4111-8111-111111111111","project":"11111111-1111-4111-8111-111111111111","public":true,"title":"x86_64
      mainline 4.4.230 rev1","zone":"fr-par-1"},"commercial_type":"DEV1-S","creation_date":"2023-02-14T13:37:30.246061+00:00","dynamic_ip_required":true,"enable_ipv6":false,"extra_networks":[],"hostname":"foobar","id":"78180bd9-6811-45f1-bec2-166b782586dc","image":{"arch":"x86_64","creation_date":"2022-11-17T16:48:17.919713+00:00","default_bootscript":null,"extra_volumes":{},"from_server":null,"id":"d318f34b-1044-482a-afe3-1be349690a13","modification_date":"2022-11-17T16:48:17.919713+00:00","name":"Ubuntu
      20.04 Focal Fossa","organization":"51b656e3-4865-41e8-adbc-0c45bdd780db","project":"51b656e3-4865-41e8-adbc-0c45bdd780db","public":true,"root_volume":{"id":"c18532d5-1d4b-4bf3-8a02-3670e0fd67b4","name":"Ubuntu
      20.04 Focal Fossa","size":10000000000,"volume_type":"unified"},"state":"available","tags":[],"zone":"fr-par-1"},"ipv6":null,"location":{"cluster_id":"31","hypervisor_id":"502","node_id":"1","platform_id":"14","zone_id":"par1"},"maintenances":[],"modification_date":"2023-02-14T13:38:05.853075+00:00","name":"foobar","organization":"ee7bd9e1-9cbd-4724-b2f4-19e50f3cf38b","placement_group":null,"private_ip":"10.72.34.1","private_nics":[],"project":"ee7bd9e1-9cbd-4724-b2f4-19e50f3cf38b","protected":false,"public_ip":{"address":"51.15.252.241","dynamic":true,"id":"21601ab1-8b75-4d2f-bbb0-2b8b71c4bc13"},"security_group":{"id":"a8f5f9bb-20a7-4244-9521-4cde6f510e0e","name":"Default
      security group"},"state":"running","state_detail":"booting kernel","tags":[],"volumes":{"0":{"boot":false,"creation_date":"2023-02-14T13:37:30.246061+00:00","export_uri":null,"id":"13db37e0-7185-4505-b50f-3538f4632e48","modification_date":"2023-02-14T13:37:30.246061+00:00","name":"Ubuntu
      20.04 Focal Fossa","organization":"ee7bd9e1-9cbd-4724-b2f4-19e50f3cf38b","project":"ee7bd9e1-9cbd-4724-b2f4-19e50f3cf38b","server":{"id":"78180bd9-6811-45f1-bec2-166b782586dc","name":"foobar"},"size":20000000000,"state":"available","tags":[],"volume_type":"l_ssd","zone":"fr-par-1"},"1":{"boot":false,"creation_date":"2023-02-14T13:37:29.248434+00:00","export_uri":null,"id":"a54a7202-3cd5-4d76-976e-0f05a780882e","modification_date":"2023-02-14T13:37:30.246061+00:00","name":"foobar","organization":"ee7bd9e1-9cbd-4724-b2f4-19e50f3cf38b","project":"ee7bd9e1-9cbd-4724-b2f4-19e50f3cf38b","server":{"id":"78180bd9-6811-45f1-bec2-166b782586dc","name":"foobar"},"size":1000000000,"state":"available","tags":[],"volume_type":"b_ssd","zone":"fr-par-1"}},"zone":"fr-par-1"}}'
    headers:
      Content-Length:
      - "3240"
      Content-Security-Policy:
      - default-src 'none'; frame-ancestors 'none'
      Content-Type:
      - application/json
      Date:
      - Tue, 14 Feb 2023 13:38:08 GMT
      Server:
      - Scaleway API-Gateway
      Strict-Transport-Security:
      - max-age=63072000
      X-Content-Type-Options:
      - nosniff
      X-Frame-Options:
      - DENY
      X-Request-Id:
      - 6de3e4d5-074e-4481-9ddd-611512a8006c
    status: 200 OK
    code: 200
    duration: ""
- request:
    body: ""
    form: {}
    headers:
      User-Agent:
      - scaleway-sdk-go/v1.0.0-beta.7+dev (go1.19.1; linux; amd64) terraform-provider/develop
        terraform/terraform-tests
    url: https://api.scaleway.com/instance/v1/zones/fr-par-1/servers/78180bd9-6811-45f1-bec2-166b782586dc/user_data
    method: GET
  response:
    body: '{"user_data":[]}'
    headers:
      Content-Length:
      - "17"
      Content-Security-Policy:
      - default-src 'none'; frame-ancestors 'none'
      Content-Type:
      - application/json
      Date:
      - Tue, 14 Feb 2023 13:38:08 GMT
      Server:
      - Scaleway API-Gateway
      Strict-Transport-Security:
      - max-age=63072000
      X-Content-Type-Options:
      - nosniff
      X-Frame-Options:
      - DENY
      X-Request-Id:
      - 4ac11705-952b-4de5-93ee-edced40bb239
    status: 200 OK
    code: 200
    duration: ""
- request:
    body: ""
    form: {}
    headers:
      User-Agent:
      - scaleway-sdk-go/v1.0.0-beta.7+dev (go1.19.1; linux; amd64) terraform-provider/develop
        terraform/terraform-tests
    url: https://api.scaleway.com/instance/v1/zones/fr-par-1/servers/78180bd9-6811-45f1-bec2-166b782586dc/private_nics
    method: GET
  response:
    body: '{"private_nics":[]}'
    headers:
      Content-Length:
      - "20"
      Content-Security-Policy:
      - default-src 'none'; frame-ancestors 'none'
      Content-Type:
      - application/json
      Date:
      - Tue, 14 Feb 2023 13:38:08 GMT
      Server:
      - Scaleway API-Gateway
      Strict-Transport-Security:
      - max-age=63072000
      X-Content-Type-Options:
      - nosniff
      X-Frame-Options:
      - DENY
      X-Request-Id:
      - 5fd098c0-783a-4d42-a7de-140da774e61c
    status: 200 OK
    code: 200
    duration: ""
- request:
    body: ""
    form: {}
    headers:
      User-Agent:
      - scaleway-sdk-go/v1.0.0-beta.7+dev (go1.19.1; linux; amd64) terraform-provider/develop
        terraform/terraform-tests
    url: https://api.scaleway.com/instance/v1/zones/fr-par-1/volumes/a54a7202-3cd5-4d76-976e-0f05a780882e
    method: GET
  response:
    body: '{"volume":{"creation_date":"2023-02-14T13:37:29.248434+00:00","export_uri":null,"id":"a54a7202-3cd5-4d76-976e-0f05a780882e","modification_date":"2023-02-14T13:37:30.246061+00:00","name":"foobar","organization":"ee7bd9e1-9cbd-4724-b2f4-19e50f3cf38b","project":"ee7bd9e1-9cbd-4724-b2f4-19e50f3cf38b","server":{"id":"78180bd9-6811-45f1-bec2-166b782586dc","name":"foobar"},"size":1000000000,"state":"available","tags":[],"volume_type":"b_ssd","zone":"fr-par-1"}}'
    headers:
      Content-Length:
      - "487"
      Content-Security-Policy:
      - default-src 'none'; frame-ancestors 'none'
      Content-Type:
      - application/json
      Date:
      - Tue, 14 Feb 2023 13:38:08 GMT
      Server:
      - Scaleway API-Gateway
      Strict-Transport-Security:
      - max-age=63072000
      X-Content-Type-Options:
      - nosniff
      X-Frame-Options:
      - DENY
      X-Request-Id:
      - 71d69ef1-ff3a-4bef-8ab2-b24c021bbda4
    status: 200 OK
    code: 200
    duration: ""
- request:
    body: ""
    form: {}
    headers:
      User-Agent:
      - scaleway-sdk-go/v1.0.0-beta.7+dev (go1.19.1; linux; amd64) terraform-provider/develop
        terraform/terraform-tests
    url: https://api.scaleway.com/instance/v1/zones/fr-par-1/servers/78180bd9-6811-45f1-bec2-166b782586dc
    method: GET
  response:
    body: '{"server":{"allowed_actions":["poweroff","terminate","reboot","stop_in_place","backup"],"arch":"x86_64","boot_type":"local","bootscript":{"architecture":"x86_64","bootcmdargs":"LINUX_COMMON
      scaleway boot=local nbd.max_part=16","default":true,"dtb":"","id":"fdfe150f-a870-4ce4-b432-9f56b5b995c1","initrd":"http://10.194.3.9/initrd/initrd-Linux-x86_64-v3.14.6.gz","kernel":"http://10.194.3.9/kernel/x86_64-mainline-lts-4.4-4.4.230-rev1/vmlinuz-4.4.230","organization":"11111111-1111-4111-8111-111111111111","project":"11111111-1111-4111-8111-111111111111","public":true,"title":"x86_64
      mainline 4.4.230 rev1","zone":"fr-par-1"},"commercial_type":"DEV1-S","creation_date":"2023-02-14T13:37:30.246061+00:00","dynamic_ip_required":true,"enable_ipv6":false,"extra_networks":[],"hostname":"foobar","id":"78180bd9-6811-45f1-bec2-166b782586dc","image":{"arch":"x86_64","creation_date":"2022-11-17T16:48:17.919713+00:00","default_bootscript":null,"extra_volumes":{},"from_server":null,"id":"d318f34b-1044-482a-afe3-1be349690a13","modification_date":"2022-11-17T16:48:17.919713+00:00","name":"Ubuntu
      20.04 Focal Fossa","organization":"51b656e3-4865-41e8-adbc-0c45bdd780db","project":"51b656e3-4865-41e8-adbc-0c45bdd780db","public":true,"root_volume":{"id":"c18532d5-1d4b-4bf3-8a02-3670e0fd67b4","name":"Ubuntu
      20.04 Focal Fossa","size":10000000000,"volume_type":"unified"},"state":"available","tags":[],"zone":"fr-par-1"},"ipv6":null,"location":{"cluster_id":"31","hypervisor_id":"502","node_id":"1","platform_id":"14","zone_id":"par1"},"maintenances":[],"modification_date":"2023-02-14T13:38:05.853075+00:00","name":"foobar","organization":"ee7bd9e1-9cbd-4724-b2f4-19e50f3cf38b","placement_group":null,"private_ip":"10.72.34.1","private_nics":[],"project":"ee7bd9e1-9cbd-4724-b2f4-19e50f3cf38b","protected":false,"public_ip":{"address":"51.15.252.241","dynamic":true,"id":"21601ab1-8b75-4d2f-bbb0-2b8b71c4bc13"},"security_group":{"id":"a8f5f9bb-20a7-4244-9521-4cde6f510e0e","name":"Default
      security group"},"state":"running","state_detail":"booting kernel","tags":[],"volumes":{"0":{"boot":false,"creation_date":"2023-02-14T13:37:30.246061+00:00","export_uri":null,"id":"13db37e0-7185-4505-b50f-3538f4632e48","modification_date":"2023-02-14T13:37:30.246061+00:00","name":"Ubuntu
      20.04 Focal Fossa","organization":"ee7bd9e1-9cbd-4724-b2f4-19e50f3cf38b","project":"ee7bd9e1-9cbd-4724-b2f4-19e50f3cf38b","server":{"id":"78180bd9-6811-45f1-bec2-166b782586dc","name":"foobar"},"size":20000000000,"state":"available","tags":[],"volume_type":"l_ssd","zone":"fr-par-1"},"1":{"boot":false,"creation_date":"2023-02-14T13:37:29.248434+00:00","export_uri":null,"id":"a54a7202-3cd5-4d76-976e-0f05a780882e","modification_date":"2023-02-14T13:37:30.246061+00:00","name":"foobar","organization":"ee7bd9e1-9cbd-4724-b2f4-19e50f3cf38b","project":"ee7bd9e1-9cbd-4724-b2f4-19e50f3cf38b","server":{"id":"78180bd9-6811-45f1-bec2-166b782586dc","name":"foobar"},"size":1000000000,"state":"available","tags":[],"volume_type":"b_ssd","zone":"fr-par-1"}},"zone":"fr-par-1"}}'
    headers:
      Content-Length:
      - "3240"
      Content-Security-Policy:
      - default-src 'none'; frame-ancestors 'none'
      Content-Type:
      - application/json
      Date:
      - Tue, 14 Feb 2023 13:38:09 GMT
      Server:
      - Scaleway API-Gateway
      Strict-Transport-Security:
      - max-age=63072000
      X-Content-Type-Options:
      - nosniff
      X-Frame-Options:
      - DENY
      X-Request-Id:
      - 650e3ea3-f9ed-43f6-bc6a-0ec356d0872c
    status: 200 OK
    code: 200
    duration: ""
- request:
    body: ""
    form: {}
    headers:
      User-Agent:
      - scaleway-sdk-go/v1.0.0-beta.7+dev (go1.19.1; linux; amd64) terraform-provider/develop
        terraform/terraform-tests
    url: https://api.scaleway.com/instance/v1/zones/fr-par-1/servers/78180bd9-6811-45f1-bec2-166b782586dc/user_data
    method: GET
  response:
    body: '{"user_data":[]}'
    headers:
      Content-Length:
      - "17"
      Content-Security-Policy:
      - default-src 'none'; frame-ancestors 'none'
      Content-Type:
      - application/json
      Date:
      - Tue, 14 Feb 2023 13:38:09 GMT
      Server:
      - Scaleway API-Gateway
      Strict-Transport-Security:
      - max-age=63072000
      X-Content-Type-Options:
      - nosniff
      X-Frame-Options:
      - DENY
      X-Request-Id:
      - 508680a3-58fe-43a2-baa9-42290aea1366
    status: 200 OK
    code: 200
    duration: ""
- request:
    body: ""
    form: {}
    headers:
      User-Agent:
      - scaleway-sdk-go/v1.0.0-beta.7+dev (go1.19.1; linux; amd64) terraform-provider/develop
        terraform/terraform-tests
    url: https://api.scaleway.com/instance/v1/zones/fr-par-1/servers/78180bd9-6811-45f1-bec2-166b782586dc/private_nics
    method: GET
  response:
    body: '{"private_nics":[]}'
    headers:
      Content-Length:
      - "20"
      Content-Security-Policy:
      - default-src 'none'; frame-ancestors 'none'
      Content-Type:
      - application/json
      Date:
      - Tue, 14 Feb 2023 13:38:09 GMT
      Server:
      - Scaleway API-Gateway
      Strict-Transport-Security:
      - max-age=63072000
      X-Content-Type-Options:
      - nosniff
      X-Frame-Options:
      - DENY
      X-Request-Id:
      - a907095d-45dd-485d-beeb-cd3672f84a73
    status: 200 OK
    code: 200
    duration: ""
- request:
    body: ""
    form: {}
    headers:
      User-Agent:
      - scaleway-sdk-go/v1.0.0-beta.7+dev (go1.19.1; linux; amd64) terraform-provider/develop
        terraform/terraform-tests
    url: https://api.scaleway.com/instance/v1/zones/fr-par-1/volumes/a54a7202-3cd5-4d76-976e-0f05a780882e
    method: GET
  response:
    body: '{"volume":{"creation_date":"2023-02-14T13:37:29.248434+00:00","export_uri":null,"id":"a54a7202-3cd5-4d76-976e-0f05a780882e","modification_date":"2023-02-14T13:37:30.246061+00:00","name":"foobar","organization":"ee7bd9e1-9cbd-4724-b2f4-19e50f3cf38b","project":"ee7bd9e1-9cbd-4724-b2f4-19e50f3cf38b","server":{"id":"78180bd9-6811-45f1-bec2-166b782586dc","name":"foobar"},"size":1000000000,"state":"available","tags":[],"volume_type":"b_ssd","zone":"fr-par-1"}}'
    headers:
      Content-Length:
      - "487"
      Content-Security-Policy:
      - default-src 'none'; frame-ancestors 'none'
      Content-Type:
      - application/json
      Date:
      - Tue, 14 Feb 2023 13:38:09 GMT
      Server:
      - Scaleway API-Gateway
      Strict-Transport-Security:
      - max-age=63072000
      X-Content-Type-Options:
      - nosniff
      X-Frame-Options:
      - DENY
      X-Request-Id:
      - a1ab81e6-fefb-48bd-9655-7552e07b0048
    status: 200 OK
    code: 200
    duration: ""
- request:
    body: ""
    form: {}
    headers:
      User-Agent:
      - scaleway-sdk-go/v1.0.0-beta.7+dev (go1.19.1; linux; amd64) terraform-provider/develop
        terraform/terraform-tests
    url: https://api.scaleway.com/instance/v1/zones/fr-par-1/servers/78180bd9-6811-45f1-bec2-166b782586dc
    method: GET
  response:
    body: '{"server":{"allowed_actions":["poweroff","terminate","reboot","stop_in_place","backup"],"arch":"x86_64","boot_type":"local","bootscript":{"architecture":"x86_64","bootcmdargs":"LINUX_COMMON
      scaleway boot=local nbd.max_part=16","default":true,"dtb":"","id":"fdfe150f-a870-4ce4-b432-9f56b5b995c1","initrd":"http://10.194.3.9/initrd/initrd-Linux-x86_64-v3.14.6.gz","kernel":"http://10.194.3.9/kernel/x86_64-mainline-lts-4.4-4.4.230-rev1/vmlinuz-4.4.230","organization":"11111111-1111-4111-8111-111111111111","project":"11111111-1111-4111-8111-111111111111","public":true,"title":"x86_64
      mainline 4.4.230 rev1","zone":"fr-par-1"},"commercial_type":"DEV1-S","creation_date":"2023-02-14T13:37:30.246061+00:00","dynamic_ip_required":true,"enable_ipv6":false,"extra_networks":[],"hostname":"foobar","id":"78180bd9-6811-45f1-bec2-166b782586dc","image":{"arch":"x86_64","creation_date":"2022-11-17T16:48:17.919713+00:00","default_bootscript":null,"extra_volumes":{},"from_server":null,"id":"d318f34b-1044-482a-afe3-1be349690a13","modification_date":"2022-11-17T16:48:17.919713+00:00","name":"Ubuntu
      20.04 Focal Fossa","organization":"51b656e3-4865-41e8-adbc-0c45bdd780db","project":"51b656e3-4865-41e8-adbc-0c45bdd780db","public":true,"root_volume":{"id":"c18532d5-1d4b-4bf3-8a02-3670e0fd67b4","name":"Ubuntu
      20.04 Focal Fossa","size":10000000000,"volume_type":"unified"},"state":"available","tags":[],"zone":"fr-par-1"},"ipv6":null,"location":{"cluster_id":"31","hypervisor_id":"502","node_id":"1","platform_id":"14","zone_id":"par1"},"maintenances":[],"modification_date":"2023-02-14T13:38:05.853075+00:00","name":"foobar","organization":"ee7bd9e1-9cbd-4724-b2f4-19e50f3cf38b","placement_group":null,"private_ip":"10.72.34.1","private_nics":[],"project":"ee7bd9e1-9cbd-4724-b2f4-19e50f3cf38b","protected":false,"public_ip":{"address":"51.15.252.241","dynamic":true,"id":"21601ab1-8b75-4d2f-bbb0-2b8b71c4bc13"},"security_group":{"id":"a8f5f9bb-20a7-4244-9521-4cde6f510e0e","name":"Default
      security group"},"state":"running","state_detail":"booting kernel","tags":[],"volumes":{"0":{"boot":false,"creation_date":"2023-02-14T13:37:30.246061+00:00","export_uri":null,"id":"13db37e0-7185-4505-b50f-3538f4632e48","modification_date":"2023-02-14T13:37:30.246061+00:00","name":"Ubuntu
      20.04 Focal Fossa","organization":"ee7bd9e1-9cbd-4724-b2f4-19e50f3cf38b","project":"ee7bd9e1-9cbd-4724-b2f4-19e50f3cf38b","server":{"id":"78180bd9-6811-45f1-bec2-166b782586dc","name":"foobar"},"size":20000000000,"state":"available","tags":[],"volume_type":"l_ssd","zone":"fr-par-1"},"1":{"boot":false,"creation_date":"2023-02-14T13:37:29.248434+00:00","export_uri":null,"id":"a54a7202-3cd5-4d76-976e-0f05a780882e","modification_date":"2023-02-14T13:37:30.246061+00:00","name":"foobar","organization":"ee7bd9e1-9cbd-4724-b2f4-19e50f3cf38b","project":"ee7bd9e1-9cbd-4724-b2f4-19e50f3cf38b","server":{"id":"78180bd9-6811-45f1-bec2-166b782586dc","name":"foobar"},"size":1000000000,"state":"available","tags":[],"volume_type":"b_ssd","zone":"fr-par-1"}},"zone":"fr-par-1"}}'
    headers:
      Content-Length:
      - "3240"
      Content-Security-Policy:
      - default-src 'none'; frame-ancestors 'none'
      Content-Type:
      - application/json
      Date:
      - Tue, 14 Feb 2023 13:38:09 GMT
      Server:
      - Scaleway API-Gateway
      Strict-Transport-Security:
      - max-age=63072000
      X-Content-Type-Options:
      - nosniff
      X-Frame-Options:
      - DENY
      X-Request-Id:
      - 01fc3916-6da3-4484-9177-1fd8090f97a2
    status: 200 OK
    code: 200
    duration: ""
- request:
    body: ""
    form: {}
    headers:
      User-Agent:
      - scaleway-sdk-go/v1.0.0-beta.7+dev (go1.19.1; linux; amd64) terraform-provider/develop
        terraform/terraform-tests
    url: https://api.scaleway.com/instance/v1/zones/fr-par-1/servers/78180bd9-6811-45f1-bec2-166b782586dc/user_data
    method: GET
  response:
    body: '{"user_data":[]}'
    headers:
      Content-Length:
      - "17"
      Content-Security-Policy:
      - default-src 'none'; frame-ancestors 'none'
      Content-Type:
      - application/json
      Date:
      - Tue, 14 Feb 2023 13:38:09 GMT
      Server:
      - Scaleway API-Gateway
      Strict-Transport-Security:
      - max-age=63072000
      X-Content-Type-Options:
      - nosniff
      X-Frame-Options:
      - DENY
      X-Request-Id:
      - 17f6f728-619b-435a-9873-f852a45290ef
    status: 200 OK
    code: 200
    duration: ""
- request:
    body: ""
    form: {}
    headers:
      User-Agent:
      - scaleway-sdk-go/v1.0.0-beta.7+dev (go1.19.1; linux; amd64) terraform-provider/develop
        terraform/terraform-tests
    url: https://api.scaleway.com/instance/v1/zones/fr-par-1/servers/78180bd9-6811-45f1-bec2-166b782586dc/private_nics
    method: GET
  response:
    body: '{"private_nics":[]}'
    headers:
      Content-Length:
      - "20"
      Content-Security-Policy:
      - default-src 'none'; frame-ancestors 'none'
      Content-Type:
      - application/json
      Date:
      - Tue, 14 Feb 2023 13:38:09 GMT
      Server:
      - Scaleway API-Gateway
      Strict-Transport-Security:
      - max-age=63072000
      X-Content-Type-Options:
      - nosniff
      X-Frame-Options:
      - DENY
      X-Request-Id:
      - 61f1529e-848a-4298-a793-bbdec3d4779e
    status: 200 OK
    code: 200
    duration: ""
- request:
    body: ""
    form: {}
    headers:
      User-Agent:
      - scaleway-sdk-go/v1.0.0-beta.7+dev (go1.19.1; linux; amd64) terraform-provider/develop
        terraform/terraform-tests
    url: https://api.scaleway.com/instance/v1/zones/fr-par-1/servers/78180bd9-6811-45f1-bec2-166b782586dc
    method: GET
  response:
    body: '{"server":{"allowed_actions":["poweroff","terminate","reboot","stop_in_place","backup"],"arch":"x86_64","boot_type":"local","bootscript":{"architecture":"x86_64","bootcmdargs":"LINUX_COMMON
      scaleway boot=local nbd.max_part=16","default":true,"dtb":"","id":"fdfe150f-a870-4ce4-b432-9f56b5b995c1","initrd":"http://10.194.3.9/initrd/initrd-Linux-x86_64-v3.14.6.gz","kernel":"http://10.194.3.9/kernel/x86_64-mainline-lts-4.4-4.4.230-rev1/vmlinuz-4.4.230","organization":"11111111-1111-4111-8111-111111111111","project":"11111111-1111-4111-8111-111111111111","public":true,"title":"x86_64
      mainline 4.4.230 rev1","zone":"fr-par-1"},"commercial_type":"DEV1-S","creation_date":"2023-02-14T13:37:30.246061+00:00","dynamic_ip_required":true,"enable_ipv6":false,"extra_networks":[],"hostname":"foobar","id":"78180bd9-6811-45f1-bec2-166b782586dc","image":{"arch":"x86_64","creation_date":"2022-11-17T16:48:17.919713+00:00","default_bootscript":null,"extra_volumes":{},"from_server":null,"id":"d318f34b-1044-482a-afe3-1be349690a13","modification_date":"2022-11-17T16:48:17.919713+00:00","name":"Ubuntu
      20.04 Focal Fossa","organization":"51b656e3-4865-41e8-adbc-0c45bdd780db","project":"51b656e3-4865-41e8-adbc-0c45bdd780db","public":true,"root_volume":{"id":"c18532d5-1d4b-4bf3-8a02-3670e0fd67b4","name":"Ubuntu
      20.04 Focal Fossa","size":10000000000,"volume_type":"unified"},"state":"available","tags":[],"zone":"fr-par-1"},"ipv6":null,"location":{"cluster_id":"31","hypervisor_id":"502","node_id":"1","platform_id":"14","zone_id":"par1"},"maintenances":[],"modification_date":"2023-02-14T13:38:05.853075+00:00","name":"foobar","organization":"ee7bd9e1-9cbd-4724-b2f4-19e50f3cf38b","placement_group":null,"private_ip":"10.72.34.1","private_nics":[],"project":"ee7bd9e1-9cbd-4724-b2f4-19e50f3cf38b","protected":false,"public_ip":{"address":"51.15.252.241","dynamic":true,"id":"21601ab1-8b75-4d2f-bbb0-2b8b71c4bc13"},"security_group":{"id":"a8f5f9bb-20a7-4244-9521-4cde6f510e0e","name":"Default
      security group"},"state":"running","state_detail":"booting kernel","tags":[],"volumes":{"0":{"boot":false,"creation_date":"2023-02-14T13:37:30.246061+00:00","export_uri":null,"id":"13db37e0-7185-4505-b50f-3538f4632e48","modification_date":"2023-02-14T13:37:30.246061+00:00","name":"Ubuntu
      20.04 Focal Fossa","organization":"ee7bd9e1-9cbd-4724-b2f4-19e50f3cf38b","project":"ee7bd9e1-9cbd-4724-b2f4-19e50f3cf38b","server":{"id":"78180bd9-6811-45f1-bec2-166b782586dc","name":"foobar"},"size":20000000000,"state":"available","tags":[],"volume_type":"l_ssd","zone":"fr-par-1"},"1":{"boot":false,"creation_date":"2023-02-14T13:37:29.248434+00:00","export_uri":null,"id":"a54a7202-3cd5-4d76-976e-0f05a780882e","modification_date":"2023-02-14T13:37:30.246061+00:00","name":"foobar","organization":"ee7bd9e1-9cbd-4724-b2f4-19e50f3cf38b","project":"ee7bd9e1-9cbd-4724-b2f4-19e50f3cf38b","server":{"id":"78180bd9-6811-45f1-bec2-166b782586dc","name":"foobar"},"size":1000000000,"state":"available","tags":[],"volume_type":"b_ssd","zone":"fr-par-1"}},"zone":"fr-par-1"}}'
    headers:
      Content-Length:
      - "3240"
      Content-Security-Policy:
      - default-src 'none'; frame-ancestors 'none'
      Content-Type:
      - application/json
      Date:
      - Tue, 14 Feb 2023 13:38:10 GMT
      Server:
      - Scaleway API-Gateway
      Strict-Transport-Security:
      - max-age=63072000
      X-Content-Type-Options:
      - nosniff
      X-Frame-Options:
      - DENY
      X-Request-Id:
      - 3c8bfb80-feba-4b7a-acb3-f4325febdcfb
    status: 200 OK
    code: 200
    duration: ""
- request:
    body: '{"volumes":{"0":{"id":"13db37e0-7185-4505-b50f-3538f4632e48","name":"tf-vol-festive-hofstadter"}}}'
    form: {}
    headers:
      Content-Type:
      - application/json
      User-Agent:
      - scaleway-sdk-go/v1.0.0-beta.7+dev (go1.19.1; linux; amd64) terraform-provider/develop
        terraform/terraform-tests
    url: https://api.scaleway.com/instance/v1/zones/fr-par-1/servers/78180bd9-6811-45f1-bec2-166b782586dc
    method: PATCH
  response:
    body: '{"server":{"allowed_actions":["poweroff","terminate","reboot","stop_in_place","backup"],"arch":"x86_64","boot_type":"local","bootscript":{"architecture":"x86_64","bootcmdargs":"LINUX_COMMON
      scaleway boot=local nbd.max_part=16","default":true,"dtb":"","id":"fdfe150f-a870-4ce4-b432-9f56b5b995c1","initrd":"http://10.194.3.9/initrd/initrd-Linux-x86_64-v3.14.6.gz","kernel":"http://10.194.3.9/kernel/x86_64-mainline-lts-4.4-4.4.230-rev1/vmlinuz-4.4.230","organization":"11111111-1111-4111-8111-111111111111","project":"11111111-1111-4111-8111-111111111111","public":true,"title":"x86_64
      mainline 4.4.230 rev1","zone":"fr-par-1"},"commercial_type":"DEV1-S","creation_date":"2023-02-14T13:37:30.246061+00:00","dynamic_ip_required":true,"enable_ipv6":false,"extra_networks":[],"hostname":"foobar","id":"78180bd9-6811-45f1-bec2-166b782586dc","image":{"arch":"x86_64","creation_date":"2022-11-17T16:48:17.919713+00:00","default_bootscript":null,"extra_volumes":{},"from_server":null,"id":"d318f34b-1044-482a-afe3-1be349690a13","modification_date":"2022-11-17T16:48:17.919713+00:00","name":"Ubuntu
      20.04 Focal Fossa","organization":"51b656e3-4865-41e8-adbc-0c45bdd780db","project":"51b656e3-4865-41e8-adbc-0c45bdd780db","public":true,"root_volume":{"id":"c18532d5-1d4b-4bf3-8a02-3670e0fd67b4","name":"Ubuntu
      20.04 Focal Fossa","size":10000000000,"volume_type":"unified"},"state":"available","tags":[],"zone":"fr-par-1"},"ipv6":null,"location":{"cluster_id":"31","hypervisor_id":"502","node_id":"1","platform_id":"14","zone_id":"par1"},"maintenances":[],"modification_date":"2023-02-14T13:38:05.853075+00:00","name":"foobar","organization":"ee7bd9e1-9cbd-4724-b2f4-19e50f3cf38b","placement_group":null,"private_ip":"10.72.34.1","private_nics":[],"project":"ee7bd9e1-9cbd-4724-b2f4-19e50f3cf38b","protected":false,"public_ip":{"address":"51.15.252.241","dynamic":true,"id":"21601ab1-8b75-4d2f-bbb0-2b8b71c4bc13"},"security_group":{"id":"a8f5f9bb-20a7-4244-9521-4cde6f510e0e","name":"Default
      security group"},"state":"running","state_detail":"booting kernel","tags":[],"volumes":{"0":{"boot":false,"creation_date":"2023-02-14T13:37:30.246061+00:00","export_uri":null,"id":"13db37e0-7185-4505-b50f-3538f4632e48","modification_date":"2023-02-14T13:37:30.246061+00:00","name":"Ubuntu
      20.04 Focal Fossa","organization":"ee7bd9e1-9cbd-4724-b2f4-19e50f3cf38b","project":"ee7bd9e1-9cbd-4724-b2f4-19e50f3cf38b","server":{"id":"78180bd9-6811-45f1-bec2-166b782586dc","name":"foobar"},"size":20000000000,"state":"available","tags":[],"volume_type":"l_ssd","zone":"fr-par-1"}},"zone":"fr-par-1"}}'
    headers:
      Content-Length:
      - "2743"
      Content-Security-Policy:
      - default-src 'none'; frame-ancestors 'none'
      Content-Type:
      - application/json
      Date:
      - Tue, 14 Feb 2023 13:38:10 GMT
      Server:
      - Scaleway API-Gateway
      Strict-Transport-Security:
      - max-age=63072000
      X-Content-Type-Options:
      - nosniff
      X-Frame-Options:
      - DENY
      X-Request-Id:
      - 0d170341-4326-4cf1-8aa1-3e1f02afcf3e
    status: 200 OK
    code: 200
    duration: ""
- request:
    body: ""
    form: {}
    headers:
      User-Agent:
      - scaleway-sdk-go/v1.0.0-beta.7+dev (go1.19.1; linux; amd64) terraform-provider/develop
        terraform/terraform-tests
    url: https://api.scaleway.com/instance/v1/zones/fr-par-1/servers/78180bd9-6811-45f1-bec2-166b782586dc
    method: GET
  response:
    body: '{"server":{"allowed_actions":["poweroff","terminate","reboot","stop_in_place","backup"],"arch":"x86_64","boot_type":"local","bootscript":{"architecture":"x86_64","bootcmdargs":"LINUX_COMMON
      scaleway boot=local nbd.max_part=16","default":true,"dtb":"","id":"fdfe150f-a870-4ce4-b432-9f56b5b995c1","initrd":"http://10.194.3.9/initrd/initrd-Linux-x86_64-v3.14.6.gz","kernel":"http://10.194.3.9/kernel/x86_64-mainline-lts-4.4-4.4.230-rev1/vmlinuz-4.4.230","organization":"11111111-1111-4111-8111-111111111111","project":"11111111-1111-4111-8111-111111111111","public":true,"title":"x86_64
      mainline 4.4.230 rev1","zone":"fr-par-1"},"commercial_type":"DEV1-S","creation_date":"2023-02-14T13:37:30.246061+00:00","dynamic_ip_required":true,"enable_ipv6":false,"extra_networks":[],"hostname":"foobar","id":"78180bd9-6811-45f1-bec2-166b782586dc","image":{"arch":"x86_64","creation_date":"2022-11-17T16:48:17.919713+00:00","default_bootscript":null,"extra_volumes":{},"from_server":null,"id":"d318f34b-1044-482a-afe3-1be349690a13","modification_date":"2022-11-17T16:48:17.919713+00:00","name":"Ubuntu
      20.04 Focal Fossa","organization":"51b656e3-4865-41e8-adbc-0c45bdd780db","project":"51b656e3-4865-41e8-adbc-0c45bdd780db","public":true,"root_volume":{"id":"c18532d5-1d4b-4bf3-8a02-3670e0fd67b4","name":"Ubuntu
      20.04 Focal Fossa","size":10000000000,"volume_type":"unified"},"state":"available","tags":[],"zone":"fr-par-1"},"ipv6":null,"location":{"cluster_id":"31","hypervisor_id":"502","node_id":"1","platform_id":"14","zone_id":"par1"},"maintenances":[],"modification_date":"2023-02-14T13:38:05.853075+00:00","name":"foobar","organization":"ee7bd9e1-9cbd-4724-b2f4-19e50f3cf38b","placement_group":null,"private_ip":"10.72.34.1","private_nics":[],"project":"ee7bd9e1-9cbd-4724-b2f4-19e50f3cf38b","protected":false,"public_ip":{"address":"51.15.252.241","dynamic":true,"id":"21601ab1-8b75-4d2f-bbb0-2b8b71c4bc13"},"security_group":{"id":"a8f5f9bb-20a7-4244-9521-4cde6f510e0e","name":"Default
      security group"},"state":"running","state_detail":"booting kernel","tags":[],"volumes":{"0":{"boot":false,"creation_date":"2023-02-14T13:37:30.246061+00:00","export_uri":null,"id":"13db37e0-7185-4505-b50f-3538f4632e48","modification_date":"2023-02-14T13:37:30.246061+00:00","name":"Ubuntu
      20.04 Focal Fossa","organization":"ee7bd9e1-9cbd-4724-b2f4-19e50f3cf38b","project":"ee7bd9e1-9cbd-4724-b2f4-19e50f3cf38b","server":{"id":"78180bd9-6811-45f1-bec2-166b782586dc","name":"foobar"},"size":20000000000,"state":"available","tags":[],"volume_type":"l_ssd","zone":"fr-par-1"}},"zone":"fr-par-1"}}'
    headers:
      Content-Length:
      - "2743"
      Content-Security-Policy:
      - default-src 'none'; frame-ancestors 'none'
      Content-Type:
      - application/json
      Date:
      - Tue, 14 Feb 2023 13:38:11 GMT
      Server:
      - Scaleway API-Gateway
      Strict-Transport-Security:
      - max-age=63072000
      X-Content-Type-Options:
      - nosniff
      X-Frame-Options:
      - DENY
      X-Request-Id:
      - e072c414-f730-4a71-8a4e-c044a5fc4ff6
    status: 200 OK
    code: 200
    duration: ""
- request:
    body: ""
    form: {}
    headers:
      User-Agent:
      - scaleway-sdk-go/v1.0.0-beta.7+dev (go1.19.1; linux; amd64) terraform-provider/develop
        terraform/terraform-tests
    url: https://api.scaleway.com/instance/v1/zones/fr-par-1/servers/78180bd9-6811-45f1-bec2-166b782586dc
    method: GET
  response:
    body: '{"server":{"allowed_actions":["poweroff","terminate","reboot","stop_in_place","backup"],"arch":"x86_64","boot_type":"local","bootscript":{"architecture":"x86_64","bootcmdargs":"LINUX_COMMON
      scaleway boot=local nbd.max_part=16","default":true,"dtb":"","id":"fdfe150f-a870-4ce4-b432-9f56b5b995c1","initrd":"http://10.194.3.9/initrd/initrd-Linux-x86_64-v3.14.6.gz","kernel":"http://10.194.3.9/kernel/x86_64-mainline-lts-4.4-4.4.230-rev1/vmlinuz-4.4.230","organization":"11111111-1111-4111-8111-111111111111","project":"11111111-1111-4111-8111-111111111111","public":true,"title":"x86_64
      mainline 4.4.230 rev1","zone":"fr-par-1"},"commercial_type":"DEV1-S","creation_date":"2023-02-14T13:37:30.246061+00:00","dynamic_ip_required":true,"enable_ipv6":false,"extra_networks":[],"hostname":"foobar","id":"78180bd9-6811-45f1-bec2-166b782586dc","image":{"arch":"x86_64","creation_date":"2022-11-17T16:48:17.919713+00:00","default_bootscript":null,"extra_volumes":{},"from_server":null,"id":"d318f34b-1044-482a-afe3-1be349690a13","modification_date":"2022-11-17T16:48:17.919713+00:00","name":"Ubuntu
      20.04 Focal Fossa","organization":"51b656e3-4865-41e8-adbc-0c45bdd780db","project":"51b656e3-4865-41e8-adbc-0c45bdd780db","public":true,"root_volume":{"id":"c18532d5-1d4b-4bf3-8a02-3670e0fd67b4","name":"Ubuntu
      20.04 Focal Fossa","size":10000000000,"volume_type":"unified"},"state":"available","tags":[],"zone":"fr-par-1"},"ipv6":null,"location":{"cluster_id":"31","hypervisor_id":"502","node_id":"1","platform_id":"14","zone_id":"par1"},"maintenances":[],"modification_date":"2023-02-14T13:38:05.853075+00:00","name":"foobar","organization":"ee7bd9e1-9cbd-4724-b2f4-19e50f3cf38b","placement_group":null,"private_ip":"10.72.34.1","private_nics":[],"project":"ee7bd9e1-9cbd-4724-b2f4-19e50f3cf38b","protected":false,"public_ip":{"address":"51.15.252.241","dynamic":true,"id":"21601ab1-8b75-4d2f-bbb0-2b8b71c4bc13"},"security_group":{"id":"a8f5f9bb-20a7-4244-9521-4cde6f510e0e","name":"Default
      security group"},"state":"running","state_detail":"booting kernel","tags":[],"volumes":{"0":{"boot":false,"creation_date":"2023-02-14T13:37:30.246061+00:00","export_uri":null,"id":"13db37e0-7185-4505-b50f-3538f4632e48","modification_date":"2023-02-14T13:37:30.246061+00:00","name":"Ubuntu
      20.04 Focal Fossa","organization":"ee7bd9e1-9cbd-4724-b2f4-19e50f3cf38b","project":"ee7bd9e1-9cbd-4724-b2f4-19e50f3cf38b","server":{"id":"78180bd9-6811-45f1-bec2-166b782586dc","name":"foobar"},"size":20000000000,"state":"available","tags":[],"volume_type":"l_ssd","zone":"fr-par-1"}},"zone":"fr-par-1"}}'
    headers:
      Content-Length:
      - "2743"
      Content-Security-Policy:
      - default-src 'none'; frame-ancestors 'none'
      Content-Type:
      - application/json
      Date:
      - Tue, 14 Feb 2023 13:38:11 GMT
      Server:
      - Scaleway API-Gateway
      Strict-Transport-Security:
      - max-age=63072000
      X-Content-Type-Options:
      - nosniff
      X-Frame-Options:
      - DENY
      X-Request-Id:
      - f47e5aaf-f487-45c0-b7d4-96dcdae30b31
    status: 200 OK
    code: 200
    duration: ""
- request:
    body: ""
    form: {}
    headers:
      User-Agent:
      - scaleway-sdk-go/v1.0.0-beta.7+dev (go1.19.1; linux; amd64) terraform-provider/develop
        terraform/terraform-tests
    url: https://api.scaleway.com/instance/v1/zones/fr-par-1/servers/78180bd9-6811-45f1-bec2-166b782586dc/user_data
    method: GET
  response:
    body: '{"user_data":[]}'
    headers:
      Content-Length:
      - "17"
      Content-Security-Policy:
      - default-src 'none'; frame-ancestors 'none'
      Content-Type:
      - application/json
      Date:
      - Tue, 14 Feb 2023 13:38:11 GMT
      Server:
      - Scaleway API-Gateway
      Strict-Transport-Security:
      - max-age=63072000
      X-Content-Type-Options:
      - nosniff
      X-Frame-Options:
      - DENY
      X-Request-Id:
      - d988d662-da8a-4398-a0e2-380f22ce0a28
    status: 200 OK
    code: 200
    duration: ""
- request:
    body: ""
    form: {}
    headers:
      User-Agent:
      - scaleway-sdk-go/v1.0.0-beta.7+dev (go1.19.1; linux; amd64) terraform-provider/develop
        terraform/terraform-tests
    url: https://api.scaleway.com/instance/v1/zones/fr-par-1/servers/78180bd9-6811-45f1-bec2-166b782586dc/private_nics
    method: GET
  response:
    body: '{"private_nics":[]}'
    headers:
      Content-Length:
      - "20"
      Content-Security-Policy:
      - default-src 'none'; frame-ancestors 'none'
      Content-Type:
      - application/json
      Date:
      - Tue, 14 Feb 2023 13:38:11 GMT
      Server:
      - Scaleway API-Gateway
      Strict-Transport-Security:
      - max-age=63072000
      X-Content-Type-Options:
      - nosniff
      X-Frame-Options:
      - DENY
      X-Request-Id:
      - 406b5fb5-e090-478f-bf7f-57d350a7c186
    status: 200 OK
    code: 200
    duration: ""
- request:
    body: ""
    form: {}
    headers:
      User-Agent:
      - scaleway-sdk-go/v1.0.0-beta.7+dev (go1.19.1; linux; amd64) terraform-provider/develop
        terraform/terraform-tests
    url: https://api.scaleway.com/instance/v1/zones/fr-par-1/volumes/a54a7202-3cd5-4d76-976e-0f05a780882e
    method: GET
  response:
    body: '{"volume":{"creation_date":"2023-02-14T13:37:29.248434+00:00","export_uri":null,"id":"a54a7202-3cd5-4d76-976e-0f05a780882e","modification_date":"2023-02-14T13:38:10.544941+00:00","name":"foobar","organization":"ee7bd9e1-9cbd-4724-b2f4-19e50f3cf38b","project":"ee7bd9e1-9cbd-4724-b2f4-19e50f3cf38b","server":null,"size":1000000000,"state":"hotsyncing","tags":[],"volume_type":"b_ssd","zone":"fr-par-1"}}'
    headers:
      Content-Length:
      - "428"
      Content-Security-Policy:
      - default-src 'none'; frame-ancestors 'none'
      Content-Type:
      - application/json
      Date:
      - Tue, 14 Feb 2023 13:38:11 GMT
      Server:
      - Scaleway API-Gateway
      Strict-Transport-Security:
      - max-age=63072000
      X-Content-Type-Options:
      - nosniff
      X-Frame-Options:
      - DENY
      X-Request-Id:
      - d8e55835-524e-40d1-b51e-b28a7fafd23a
    status: 200 OK
    code: 200
    duration: ""
- request:
    body: ""
    form: {}
    headers:
      User-Agent:
      - scaleway-sdk-go/v1.0.0-beta.7+dev (go1.19.1; linux; amd64) terraform-provider/develop
        terraform/terraform-tests
    url: https://api.scaleway.com/instance/v1/zones/fr-par-1/volumes/a54a7202-3cd5-4d76-976e-0f05a780882e
    method: GET
  response:
    body: '{"volume":{"creation_date":"2023-02-14T13:37:29.248434+00:00","export_uri":null,"id":"a54a7202-3cd5-4d76-976e-0f05a780882e","modification_date":"2023-02-14T13:38:10.544941+00:00","name":"foobar","organization":"ee7bd9e1-9cbd-4724-b2f4-19e50f3cf38b","project":"ee7bd9e1-9cbd-4724-b2f4-19e50f3cf38b","server":null,"size":1000000000,"state":"hotsyncing","tags":[],"volume_type":"b_ssd","zone":"fr-par-1"}}'
    headers:
      Content-Length:
      - "428"
      Content-Security-Policy:
      - default-src 'none'; frame-ancestors 'none'
      Content-Type:
      - application/json
      Date:
      - Tue, 14 Feb 2023 13:38:11 GMT
      Server:
      - Scaleway API-Gateway
      Strict-Transport-Security:
      - max-age=63072000
      X-Content-Type-Options:
      - nosniff
      X-Frame-Options:
      - DENY
      X-Request-Id:
      - 1f5c9bf8-cf40-433a-87cc-b006da8e8225
    status: 200 OK
    code: 200
    duration: ""
- request:
    body: ""
    form: {}
    headers:
      User-Agent:
      - scaleway-sdk-go/v1.0.0-beta.7+dev (go1.19.1; linux; amd64) terraform-provider/develop
        terraform/terraform-tests
    url: https://api.scaleway.com/instance/v1/zones/fr-par-1/servers/78180bd9-6811-45f1-bec2-166b782586dc
    method: GET
  response:
    body: '{"server":{"allowed_actions":["poweroff","terminate","reboot","stop_in_place","backup"],"arch":"x86_64","boot_type":"local","bootscript":{"architecture":"x86_64","bootcmdargs":"LINUX_COMMON
      scaleway boot=local nbd.max_part=16","default":true,"dtb":"","id":"fdfe150f-a870-4ce4-b432-9f56b5b995c1","initrd":"http://10.194.3.9/initrd/initrd-Linux-x86_64-v3.14.6.gz","kernel":"http://10.194.3.9/kernel/x86_64-mainline-lts-4.4-4.4.230-rev1/vmlinuz-4.4.230","organization":"11111111-1111-4111-8111-111111111111","project":"11111111-1111-4111-8111-111111111111","public":true,"title":"x86_64
      mainline 4.4.230 rev1","zone":"fr-par-1"},"commercial_type":"DEV1-S","creation_date":"2023-02-14T13:37:30.246061+00:00","dynamic_ip_required":true,"enable_ipv6":false,"extra_networks":[],"hostname":"foobar","id":"78180bd9-6811-45f1-bec2-166b782586dc","image":{"arch":"x86_64","creation_date":"2022-11-17T16:48:17.919713+00:00","default_bootscript":null,"extra_volumes":{},"from_server":null,"id":"d318f34b-1044-482a-afe3-1be349690a13","modification_date":"2022-11-17T16:48:17.919713+00:00","name":"Ubuntu
      20.04 Focal Fossa","organization":"51b656e3-4865-41e8-adbc-0c45bdd780db","project":"51b656e3-4865-41e8-adbc-0c45bdd780db","public":true,"root_volume":{"id":"c18532d5-1d4b-4bf3-8a02-3670e0fd67b4","name":"Ubuntu
      20.04 Focal Fossa","size":10000000000,"volume_type":"unified"},"state":"available","tags":[],"zone":"fr-par-1"},"ipv6":null,"location":{"cluster_id":"31","hypervisor_id":"502","node_id":"1","platform_id":"14","zone_id":"par1"},"maintenances":[],"modification_date":"2023-02-14T13:38:05.853075+00:00","name":"foobar","organization":"ee7bd9e1-9cbd-4724-b2f4-19e50f3cf38b","placement_group":null,"private_ip":"10.72.34.1","private_nics":[],"project":"ee7bd9e1-9cbd-4724-b2f4-19e50f3cf38b","protected":false,"public_ip":{"address":"51.15.252.241","dynamic":true,"id":"21601ab1-8b75-4d2f-bbb0-2b8b71c4bc13"},"security_group":{"id":"a8f5f9bb-20a7-4244-9521-4cde6f510e0e","name":"Default
      security group"},"state":"running","state_detail":"booting kernel","tags":[],"volumes":{"0":{"boot":false,"creation_date":"2023-02-14T13:37:30.246061+00:00","export_uri":null,"id":"13db37e0-7185-4505-b50f-3538f4632e48","modification_date":"2023-02-14T13:37:30.246061+00:00","name":"Ubuntu
      20.04 Focal Fossa","organization":"ee7bd9e1-9cbd-4724-b2f4-19e50f3cf38b","project":"ee7bd9e1-9cbd-4724-b2f4-19e50f3cf38b","server":{"id":"78180bd9-6811-45f1-bec2-166b782586dc","name":"foobar"},"size":20000000000,"state":"available","tags":[],"volume_type":"l_ssd","zone":"fr-par-1"}},"zone":"fr-par-1"}}'
    headers:
      Content-Length:
      - "2743"
      Content-Security-Policy:
      - default-src 'none'; frame-ancestors 'none'
      Content-Type:
      - application/json
      Date:
      - Tue, 14 Feb 2023 13:38:11 GMT
      Server:
      - Scaleway API-Gateway
      Strict-Transport-Security:
      - max-age=63072000
      X-Content-Type-Options:
      - nosniff
      X-Frame-Options:
      - DENY
      X-Request-Id:
      - 6fbce280-35dd-499f-86b8-5245badb850c
    status: 200 OK
    code: 200
    duration: ""
- request:
    body: ""
    form: {}
    headers:
      User-Agent:
      - scaleway-sdk-go/v1.0.0-beta.7+dev (go1.19.1; linux; amd64) terraform-provider/develop
        terraform/terraform-tests
    url: https://api.scaleway.com/instance/v1/zones/fr-par-1/servers/78180bd9-6811-45f1-bec2-166b782586dc/user_data
    method: GET
  response:
    body: '{"user_data":[]}'
    headers:
      Content-Length:
      - "17"
      Content-Security-Policy:
      - default-src 'none'; frame-ancestors 'none'
      Content-Type:
      - application/json
      Date:
      - Tue, 14 Feb 2023 13:38:11 GMT
      Server:
      - Scaleway API-Gateway
      Strict-Transport-Security:
      - max-age=63072000
      X-Content-Type-Options:
      - nosniff
      X-Frame-Options:
      - DENY
      X-Request-Id:
      - 49e61469-38f3-4b5c-acf7-2c13f74304be
    status: 200 OK
    code: 200
    duration: ""
- request:
    body: ""
    form: {}
    headers:
      User-Agent:
      - scaleway-sdk-go/v1.0.0-beta.7+dev (go1.19.1; linux; amd64) terraform-provider/develop
        terraform/terraform-tests
    url: https://api.scaleway.com/instance/v1/zones/fr-par-1/servers/78180bd9-6811-45f1-bec2-166b782586dc/private_nics
    method: GET
  response:
    body: '{"private_nics":[]}'
    headers:
      Content-Length:
      - "20"
      Content-Security-Policy:
      - default-src 'none'; frame-ancestors 'none'
      Content-Type:
      - application/json
      Date:
      - Tue, 14 Feb 2023 13:38:11 GMT
      Server:
      - Scaleway API-Gateway
      Strict-Transport-Security:
      - max-age=63072000
      X-Content-Type-Options:
      - nosniff
      X-Frame-Options:
      - DENY
      X-Request-Id:
      - c141a6f1-03d7-4b42-a359-e1b4616dd13c
    status: 200 OK
    code: 200
    duration: ""
- request:
    body: ""
    form: {}
    headers:
      User-Agent:
      - scaleway-sdk-go/v1.0.0-beta.7+dev (go1.19.1; linux; amd64) terraform-provider/develop
        terraform/terraform-tests
    url: https://api.scaleway.com/instance/v1/zones/fr-par-1/volumes/a54a7202-3cd5-4d76-976e-0f05a780882e
    method: GET
  response:
    body: '{"volume":{"creation_date":"2023-02-14T13:37:29.248434+00:00","export_uri":null,"id":"a54a7202-3cd5-4d76-976e-0f05a780882e","modification_date":"2023-02-14T13:38:10.544941+00:00","name":"foobar","organization":"ee7bd9e1-9cbd-4724-b2f4-19e50f3cf38b","project":"ee7bd9e1-9cbd-4724-b2f4-19e50f3cf38b","server":null,"size":1000000000,"state":"hotsyncing","tags":[],"volume_type":"b_ssd","zone":"fr-par-1"}}'
    headers:
      Content-Length:
      - "428"
      Content-Security-Policy:
      - default-src 'none'; frame-ancestors 'none'
      Content-Type:
      - application/json
      Date:
      - Tue, 14 Feb 2023 13:38:12 GMT
      Server:
      - Scaleway API-Gateway
      Strict-Transport-Security:
      - max-age=63072000
      X-Content-Type-Options:
      - nosniff
      X-Frame-Options:
      - DENY
      X-Request-Id:
      - 7d5c42e3-e11b-482b-8e7d-4102d6309c30
    status: 200 OK
    code: 200
    duration: ""
- request:
    body: ""
    form: {}
    headers:
      User-Agent:
      - scaleway-sdk-go/v1.0.0-beta.7+dev (go1.19.1; linux; amd64) terraform-provider/develop
        terraform/terraform-tests
    url: https://api.scaleway.com/instance/v1/zones/fr-par-1/servers/78180bd9-6811-45f1-bec2-166b782586dc
    method: GET
  response:
    body: '{"server":{"allowed_actions":["poweroff","terminate","reboot","stop_in_place","backup"],"arch":"x86_64","boot_type":"local","bootscript":{"architecture":"x86_64","bootcmdargs":"LINUX_COMMON
      scaleway boot=local nbd.max_part=16","default":true,"dtb":"","id":"fdfe150f-a870-4ce4-b432-9f56b5b995c1","initrd":"http://10.194.3.9/initrd/initrd-Linux-x86_64-v3.14.6.gz","kernel":"http://10.194.3.9/kernel/x86_64-mainline-lts-4.4-4.4.230-rev1/vmlinuz-4.4.230","organization":"11111111-1111-4111-8111-111111111111","project":"11111111-1111-4111-8111-111111111111","public":true,"title":"x86_64
      mainline 4.4.230 rev1","zone":"fr-par-1"},"commercial_type":"DEV1-S","creation_date":"2023-02-14T13:37:30.246061+00:00","dynamic_ip_required":true,"enable_ipv6":false,"extra_networks":[],"hostname":"foobar","id":"78180bd9-6811-45f1-bec2-166b782586dc","image":{"arch":"x86_64","creation_date":"2022-11-17T16:48:17.919713+00:00","default_bootscript":null,"extra_volumes":{},"from_server":null,"id":"d318f34b-1044-482a-afe3-1be349690a13","modification_date":"2022-11-17T16:48:17.919713+00:00","name":"Ubuntu
      20.04 Focal Fossa","organization":"51b656e3-4865-41e8-adbc-0c45bdd780db","project":"51b656e3-4865-41e8-adbc-0c45bdd780db","public":true,"root_volume":{"id":"c18532d5-1d4b-4bf3-8a02-3670e0fd67b4","name":"Ubuntu
      20.04 Focal Fossa","size":10000000000,"volume_type":"unified"},"state":"available","tags":[],"zone":"fr-par-1"},"ipv6":null,"location":{"cluster_id":"31","hypervisor_id":"502","node_id":"1","platform_id":"14","zone_id":"par1"},"maintenances":[],"modification_date":"2023-02-14T13:38:05.853075+00:00","name":"foobar","organization":"ee7bd9e1-9cbd-4724-b2f4-19e50f3cf38b","placement_group":null,"private_ip":"10.72.34.1","private_nics":[],"project":"ee7bd9e1-9cbd-4724-b2f4-19e50f3cf38b","protected":false,"public_ip":{"address":"51.15.252.241","dynamic":true,"id":"21601ab1-8b75-4d2f-bbb0-2b8b71c4bc13"},"security_group":{"id":"a8f5f9bb-20a7-4244-9521-4cde6f510e0e","name":"Default
      security group"},"state":"running","state_detail":"booting kernel","tags":[],"volumes":{"0":{"boot":false,"creation_date":"2023-02-14T13:37:30.246061+00:00","export_uri":null,"id":"13db37e0-7185-4505-b50f-3538f4632e48","modification_date":"2023-02-14T13:37:30.246061+00:00","name":"Ubuntu
      20.04 Focal Fossa","organization":"ee7bd9e1-9cbd-4724-b2f4-19e50f3cf38b","project":"ee7bd9e1-9cbd-4724-b2f4-19e50f3cf38b","server":{"id":"78180bd9-6811-45f1-bec2-166b782586dc","name":"foobar"},"size":20000000000,"state":"available","tags":[],"volume_type":"l_ssd","zone":"fr-par-1"}},"zone":"fr-par-1"}}'
    headers:
      Content-Length:
      - "2743"
      Content-Security-Policy:
      - default-src 'none'; frame-ancestors 'none'
      Content-Type:
      - application/json
      Date:
      - Tue, 14 Feb 2023 13:38:12 GMT
      Server:
      - Scaleway API-Gateway
      Strict-Transport-Security:
      - max-age=63072000
      X-Content-Type-Options:
      - nosniff
      X-Frame-Options:
      - DENY
      X-Request-Id:
      - 745d5658-4b18-4220-a1cc-daa1ce7fdd2f
    status: 200 OK
    code: 200
    duration: ""
- request:
    body: '{"action":"poweroff"}'
    form: {}
    headers:
      Content-Type:
      - application/json
      User-Agent:
      - scaleway-sdk-go/v1.0.0-beta.7+dev (go1.19.1; linux; amd64) terraform-provider/develop
        terraform/terraform-tests
    url: https://api.scaleway.com/instance/v1/zones/fr-par-1/servers/78180bd9-6811-45f1-bec2-166b782586dc/action
    method: POST
  response:
    body: '{"task":{"description":"server_poweroff","href_from":"/servers/78180bd9-6811-45f1-bec2-166b782586dc/action","href_result":"/servers/78180bd9-6811-45f1-bec2-166b782586dc","id":"6b51e467-ca9b-47b7-9287-490c8f909ac3","started_at":"2023-02-14T13:38:12.762666+00:00","status":"pending","terminated_at":null}}'
    headers:
      Content-Length:
      - "317"
      Content-Security-Policy:
      - default-src 'none'; frame-ancestors 'none'
      Content-Type:
      - application/json
      Date:
      - Tue, 14 Feb 2023 13:38:12 GMT
      Location:
      - https://api.scaleway.com/instance/v1/zones/fr-par-1/tasks/6b51e467-ca9b-47b7-9287-490c8f909ac3
      Server:
      - Scaleway API-Gateway
      Strict-Transport-Security:
      - max-age=63072000
      X-Content-Type-Options:
      - nosniff
      X-Frame-Options:
      - DENY
      X-Request-Id:
      - 1dfa506f-1d5f-4764-9d50-60a9cf2547ff
    status: 202 Accepted
    code: 202
    duration: ""
- request:
    body: ""
    form: {}
    headers:
      User-Agent:
      - scaleway-sdk-go/v1.0.0-beta.7+dev (go1.19.1; linux; amd64) terraform-provider/develop
        terraform/terraform-tests
    url: https://api.scaleway.com/instance/v1/zones/fr-par-1/servers/78180bd9-6811-45f1-bec2-166b782586dc
    method: GET
  response:
    body: '{"server":{"allowed_actions":["stop_in_place","backup"],"arch":"x86_64","boot_type":"local","bootscript":{"architecture":"x86_64","bootcmdargs":"LINUX_COMMON
      scaleway boot=local nbd.max_part=16","default":true,"dtb":"","id":"fdfe150f-a870-4ce4-b432-9f56b5b995c1","initrd":"http://10.194.3.9/initrd/initrd-Linux-x86_64-v3.14.6.gz","kernel":"http://10.194.3.9/kernel/x86_64-mainline-lts-4.4-4.4.230-rev1/vmlinuz-4.4.230","organization":"11111111-1111-4111-8111-111111111111","project":"11111111-1111-4111-8111-111111111111","public":true,"title":"x86_64
      mainline 4.4.230 rev1","zone":"fr-par-1"},"commercial_type":"DEV1-S","creation_date":"2023-02-14T13:37:30.246061+00:00","dynamic_ip_required":true,"enable_ipv6":false,"extra_networks":[],"hostname":"foobar","id":"78180bd9-6811-45f1-bec2-166b782586dc","image":{"arch":"x86_64","creation_date":"2022-11-17T16:48:17.919713+00:00","default_bootscript":null,"extra_volumes":{},"from_server":null,"id":"d318f34b-1044-482a-afe3-1be349690a13","modification_date":"2022-11-17T16:48:17.919713+00:00","name":"Ubuntu
      20.04 Focal Fossa","organization":"51b656e3-4865-41e8-adbc-0c45bdd780db","project":"51b656e3-4865-41e8-adbc-0c45bdd780db","public":true,"root_volume":{"id":"c18532d5-1d4b-4bf3-8a02-3670e0fd67b4","name":"Ubuntu
      20.04 Focal Fossa","size":10000000000,"volume_type":"unified"},"state":"available","tags":[],"zone":"fr-par-1"},"ipv6":null,"location":{"cluster_id":"31","hypervisor_id":"502","node_id":"1","platform_id":"14","zone_id":"par1"},"maintenances":[],"modification_date":"2023-02-14T13:38:12.484554+00:00","name":"foobar","organization":"ee7bd9e1-9cbd-4724-b2f4-19e50f3cf38b","placement_group":null,"private_ip":"10.72.34.1","private_nics":[],"project":"ee7bd9e1-9cbd-4724-b2f4-19e50f3cf38b","protected":false,"public_ip":null,"security_group":{"id":"a8f5f9bb-20a7-4244-9521-4cde6f510e0e","name":"Default
      security group"},"state":"stopping","state_detail":"stopping","tags":[],"volumes":{"0":{"boot":false,"creation_date":"2023-02-14T13:37:30.246061+00:00","export_uri":null,"id":"13db37e0-7185-4505-b50f-3538f4632e48","modification_date":"2023-02-14T13:37:30.246061+00:00","name":"Ubuntu
      20.04 Focal Fossa","organization":"ee7bd9e1-9cbd-4724-b2f4-19e50f3cf38b","project":"ee7bd9e1-9cbd-4724-b2f4-19e50f3cf38b","server":{"id":"78180bd9-6811-45f1-bec2-166b782586dc","name":"foobar"},"size":20000000000,"state":"available","tags":[],"volume_type":"l_ssd","zone":"fr-par-1"}},"zone":"fr-par-1"}}'
    headers:
      Content-Length:
      - "2616"
      Content-Security-Policy:
      - default-src 'none'; frame-ancestors 'none'
      Content-Type:
      - application/json
      Date:
      - Tue, 14 Feb 2023 13:38:12 GMT
      Server:
      - Scaleway API-Gateway
      Strict-Transport-Security:
      - max-age=63072000
      X-Content-Type-Options:
      - nosniff
      X-Frame-Options:
      - DENY
      X-Request-Id:
      - b871fb18-1994-4731-addc-aace1ad40318
    status: 200 OK
    code: 200
    duration: ""
- request:
    body: ""
    form: {}
    headers:
      User-Agent:
      - scaleway-sdk-go/v1.0.0-beta.7+dev (go1.19.1; linux; amd64) terraform-provider/develop
        terraform/terraform-tests
    url: https://api.scaleway.com/instance/v1/zones/fr-par-1/volumes/a54a7202-3cd5-4d76-976e-0f05a780882e
    method: GET
  response:
    body: '{"volume":{"creation_date":"2023-02-14T13:37:29.248434+00:00","export_uri":null,"id":"a54a7202-3cd5-4d76-976e-0f05a780882e","modification_date":"2023-02-14T13:38:10.544941+00:00","name":"foobar","organization":"ee7bd9e1-9cbd-4724-b2f4-19e50f3cf38b","project":"ee7bd9e1-9cbd-4724-b2f4-19e50f3cf38b","server":null,"size":1000000000,"state":"hotsyncing","tags":[],"volume_type":"b_ssd","zone":"fr-par-1"}}'
    headers:
      Content-Length:
      - "428"
      Content-Security-Policy:
      - default-src 'none'; frame-ancestors 'none'
      Content-Type:
      - application/json
      Date:
      - Tue, 14 Feb 2023 13:38:17 GMT
      Server:
      - Scaleway API-Gateway
      Strict-Transport-Security:
      - max-age=63072000
      X-Content-Type-Options:
      - nosniff
      X-Frame-Options:
      - DENY
      X-Request-Id:
      - 64cf6066-a90f-4749-bec1-d4721f34f511
    status: 200 OK
    code: 200
    duration: ""
- request:
    body: ""
    form: {}
    headers:
      User-Agent:
      - scaleway-sdk-go/v1.0.0-beta.7+dev (go1.19.1; linux; amd64) terraform-provider/develop
        terraform/terraform-tests
    url: https://api.scaleway.com/instance/v1/zones/fr-par-1/servers/78180bd9-6811-45f1-bec2-166b782586dc
    method: GET
  response:
    body: '{"server":{"allowed_actions":["stop_in_place","backup"],"arch":"x86_64","boot_type":"local","bootscript":{"architecture":"x86_64","bootcmdargs":"LINUX_COMMON
      scaleway boot=local nbd.max_part=16","default":true,"dtb":"","id":"fdfe150f-a870-4ce4-b432-9f56b5b995c1","initrd":"http://10.194.3.9/initrd/initrd-Linux-x86_64-v3.14.6.gz","kernel":"http://10.194.3.9/kernel/x86_64-mainline-lts-4.4-4.4.230-rev1/vmlinuz-4.4.230","organization":"11111111-1111-4111-8111-111111111111","project":"11111111-1111-4111-8111-111111111111","public":true,"title":"x86_64
      mainline 4.4.230 rev1","zone":"fr-par-1"},"commercial_type":"DEV1-S","creation_date":"2023-02-14T13:37:30.246061+00:00","dynamic_ip_required":true,"enable_ipv6":false,"extra_networks":[],"hostname":"foobar","id":"78180bd9-6811-45f1-bec2-166b782586dc","image":{"arch":"x86_64","creation_date":"2022-11-17T16:48:17.919713+00:00","default_bootscript":null,"extra_volumes":{},"from_server":null,"id":"d318f34b-1044-482a-afe3-1be349690a13","modification_date":"2022-11-17T16:48:17.919713+00:00","name":"Ubuntu
      20.04 Focal Fossa","organization":"51b656e3-4865-41e8-adbc-0c45bdd780db","project":"51b656e3-4865-41e8-adbc-0c45bdd780db","public":true,"root_volume":{"id":"c18532d5-1d4b-4bf3-8a02-3670e0fd67b4","name":"Ubuntu
      20.04 Focal Fossa","size":10000000000,"volume_type":"unified"},"state":"available","tags":[],"zone":"fr-par-1"},"ipv6":null,"location":{"cluster_id":"31","hypervisor_id":"502","node_id":"1","platform_id":"14","zone_id":"par1"},"maintenances":[],"modification_date":"2023-02-14T13:38:12.484554+00:00","name":"foobar","organization":"ee7bd9e1-9cbd-4724-b2f4-19e50f3cf38b","placement_group":null,"private_ip":"10.72.34.1","private_nics":[],"project":"ee7bd9e1-9cbd-4724-b2f4-19e50f3cf38b","protected":false,"public_ip":null,"security_group":{"id":"a8f5f9bb-20a7-4244-9521-4cde6f510e0e","name":"Default
      security group"},"state":"stopping","state_detail":"stopping","tags":[],"volumes":{"0":{"boot":false,"creation_date":"2023-02-14T13:37:30.246061+00:00","export_uri":null,"id":"13db37e0-7185-4505-b50f-3538f4632e48","modification_date":"2023-02-14T13:37:30.246061+00:00","name":"Ubuntu
      20.04 Focal Fossa","organization":"ee7bd9e1-9cbd-4724-b2f4-19e50f3cf38b","project":"ee7bd9e1-9cbd-4724-b2f4-19e50f3cf38b","server":{"id":"78180bd9-6811-45f1-bec2-166b782586dc","name":"foobar"},"size":20000000000,"state":"available","tags":[],"volume_type":"l_ssd","zone":"fr-par-1"}},"zone":"fr-par-1"}}'
    headers:
      Content-Length:
      - "2616"
      Content-Security-Policy:
      - default-src 'none'; frame-ancestors 'none'
      Content-Type:
      - application/json
      Date:
      - Tue, 14 Feb 2023 13:38:18 GMT
      Server:
      - Scaleway API-Gateway
      Strict-Transport-Security:
      - max-age=63072000
      X-Content-Type-Options:
      - nosniff
      X-Frame-Options:
      - DENY
      X-Request-Id:
      - c3e1a152-910c-4a59-b45c-9f3420bb1083
    status: 200 OK
    code: 200
    duration: ""
- request:
    body: ""
    form: {}
    headers:
      User-Agent:
      - scaleway-sdk-go/v1.0.0-beta.7+dev (go1.19.1; linux; amd64) terraform-provider/develop
        terraform/terraform-tests
    url: https://api.scaleway.com/instance/v1/zones/fr-par-1/volumes/a54a7202-3cd5-4d76-976e-0f05a780882e
    method: GET
  response:
    body: '{"volume":{"creation_date":"2023-02-14T13:37:29.248434+00:00","export_uri":null,"id":"a54a7202-3cd5-4d76-976e-0f05a780882e","modification_date":"2023-02-14T13:38:10.544941+00:00","name":"foobar","organization":"ee7bd9e1-9cbd-4724-b2f4-19e50f3cf38b","project":"ee7bd9e1-9cbd-4724-b2f4-19e50f3cf38b","server":null,"size":1000000000,"state":"hotsyncing","tags":[],"volume_type":"b_ssd","zone":"fr-par-1"}}'
    headers:
      Content-Length:
      - "428"
      Content-Security-Policy:
      - default-src 'none'; frame-ancestors 'none'
      Content-Type:
      - application/json
      Date:
      - Tue, 14 Feb 2023 13:38:22 GMT
      Server:
      - Scaleway API-Gateway
      Strict-Transport-Security:
      - max-age=63072000
      X-Content-Type-Options:
      - nosniff
      X-Frame-Options:
      - DENY
      X-Request-Id:
      - 7d851ae3-0a5f-44e5-9fa3-d450c1d2cd08
    status: 200 OK
    code: 200
    duration: ""
- request:
    body: ""
    form: {}
    headers:
      User-Agent:
      - scaleway-sdk-go/v1.0.0-beta.7+dev (go1.19.1; linux; amd64) terraform-provider/develop
        terraform/terraform-tests
    url: https://api.scaleway.com/instance/v1/zones/fr-par-1/servers/78180bd9-6811-45f1-bec2-166b782586dc
    method: GET
  response:
    body: '{"server":{"allowed_actions":["stop_in_place","backup"],"arch":"x86_64","boot_type":"local","bootscript":{"architecture":"x86_64","bootcmdargs":"LINUX_COMMON
      scaleway boot=local nbd.max_part=16","default":true,"dtb":"","id":"fdfe150f-a870-4ce4-b432-9f56b5b995c1","initrd":"http://10.194.3.9/initrd/initrd-Linux-x86_64-v3.14.6.gz","kernel":"http://10.194.3.9/kernel/x86_64-mainline-lts-4.4-4.4.230-rev1/vmlinuz-4.4.230","organization":"11111111-1111-4111-8111-111111111111","project":"11111111-1111-4111-8111-111111111111","public":true,"title":"x86_64
      mainline 4.4.230 rev1","zone":"fr-par-1"},"commercial_type":"DEV1-S","creation_date":"2023-02-14T13:37:30.246061+00:00","dynamic_ip_required":true,"enable_ipv6":false,"extra_networks":[],"hostname":"foobar","id":"78180bd9-6811-45f1-bec2-166b782586dc","image":{"arch":"x86_64","creation_date":"2022-11-17T16:48:17.919713+00:00","default_bootscript":null,"extra_volumes":{},"from_server":null,"id":"d318f34b-1044-482a-afe3-1be349690a13","modification_date":"2022-11-17T16:48:17.919713+00:00","name":"Ubuntu
      20.04 Focal Fossa","organization":"51b656e3-4865-41e8-adbc-0c45bdd780db","project":"51b656e3-4865-41e8-adbc-0c45bdd780db","public":true,"root_volume":{"id":"c18532d5-1d4b-4bf3-8a02-3670e0fd67b4","name":"Ubuntu
      20.04 Focal Fossa","size":10000000000,"volume_type":"unified"},"state":"available","tags":[],"zone":"fr-par-1"},"ipv6":null,"location":{"cluster_id":"31","hypervisor_id":"502","node_id":"1","platform_id":"14","zone_id":"par1"},"maintenances":[],"modification_date":"2023-02-14T13:38:12.484554+00:00","name":"foobar","organization":"ee7bd9e1-9cbd-4724-b2f4-19e50f3cf38b","placement_group":null,"private_ip":"10.72.34.1","private_nics":[],"project":"ee7bd9e1-9cbd-4724-b2f4-19e50f3cf38b","protected":false,"public_ip":null,"security_group":{"id":"a8f5f9bb-20a7-4244-9521-4cde6f510e0e","name":"Default
      security group"},"state":"stopping","state_detail":"stopping","tags":[],"volumes":{"0":{"boot":false,"creation_date":"2023-02-14T13:37:30.246061+00:00","export_uri":null,"id":"13db37e0-7185-4505-b50f-3538f4632e48","modification_date":"2023-02-14T13:37:30.246061+00:00","name":"Ubuntu
      20.04 Focal Fossa","organization":"ee7bd9e1-9cbd-4724-b2f4-19e50f3cf38b","project":"ee7bd9e1-9cbd-4724-b2f4-19e50f3cf38b","server":{"id":"78180bd9-6811-45f1-bec2-166b782586dc","name":"foobar"},"size":20000000000,"state":"available","tags":[],"volume_type":"l_ssd","zone":"fr-par-1"}},"zone":"fr-par-1"}}'
    headers:
      Content-Length:
      - "2616"
      Content-Security-Policy:
      - default-src 'none'; frame-ancestors 'none'
      Content-Type:
      - application/json
      Date:
      - Tue, 14 Feb 2023 13:38:23 GMT
      Server:
      - Scaleway API-Gateway
      Strict-Transport-Security:
      - max-age=63072000
      X-Content-Type-Options:
      - nosniff
      X-Frame-Options:
      - DENY
      X-Request-Id:
      - fa777fee-828c-480b-9d77-a79d1910313d
    status: 200 OK
    code: 200
    duration: ""
- request:
    body: ""
    form: {}
    headers:
      User-Agent:
      - scaleway-sdk-go/v1.0.0-beta.7+dev (go1.19.1; linux; amd64) terraform-provider/develop
        terraform/terraform-tests
    url: https://api.scaleway.com/instance/v1/zones/fr-par-1/volumes/a54a7202-3cd5-4d76-976e-0f05a780882e
    method: GET
  response:
    body: '{"volume":{"creation_date":"2023-02-14T13:37:29.248434+00:00","export_uri":null,"id":"a54a7202-3cd5-4d76-976e-0f05a780882e","modification_date":"2023-02-14T13:38:10.544941+00:00","name":"foobar","organization":"ee7bd9e1-9cbd-4724-b2f4-19e50f3cf38b","project":"ee7bd9e1-9cbd-4724-b2f4-19e50f3cf38b","server":null,"size":1000000000,"state":"hotsyncing","tags":[],"volume_type":"b_ssd","zone":"fr-par-1"}}'
    headers:
      Content-Length:
      - "428"
      Content-Security-Policy:
      - default-src 'none'; frame-ancestors 'none'
      Content-Type:
      - application/json
      Date:
      - Tue, 14 Feb 2023 13:38:27 GMT
      Server:
      - Scaleway API-Gateway
      Strict-Transport-Security:
      - max-age=63072000
      X-Content-Type-Options:
      - nosniff
      X-Frame-Options:
      - DENY
      X-Request-Id:
      - 6c763a46-7010-401f-ab7b-8d79702c4a63
    status: 200 OK
    code: 200
    duration: ""
- request:
    body: ""
    form: {}
    headers:
      User-Agent:
      - scaleway-sdk-go/v1.0.0-beta.7+dev (go1.19.1; linux; amd64) terraform-provider/develop
        terraform/terraform-tests
    url: https://api.scaleway.com/instance/v1/zones/fr-par-1/servers/78180bd9-6811-45f1-bec2-166b782586dc
    method: GET
  response:
    body: '{"server":{"allowed_actions":["stop_in_place","backup"],"arch":"x86_64","boot_type":"local","bootscript":{"architecture":"x86_64","bootcmdargs":"LINUX_COMMON
      scaleway boot=local nbd.max_part=16","default":true,"dtb":"","id":"fdfe150f-a870-4ce4-b432-9f56b5b995c1","initrd":"http://10.194.3.9/initrd/initrd-Linux-x86_64-v3.14.6.gz","kernel":"http://10.194.3.9/kernel/x86_64-mainline-lts-4.4-4.4.230-rev1/vmlinuz-4.4.230","organization":"11111111-1111-4111-8111-111111111111","project":"11111111-1111-4111-8111-111111111111","public":true,"title":"x86_64
      mainline 4.4.230 rev1","zone":"fr-par-1"},"commercial_type":"DEV1-S","creation_date":"2023-02-14T13:37:30.246061+00:00","dynamic_ip_required":true,"enable_ipv6":false,"extra_networks":[],"hostname":"foobar","id":"78180bd9-6811-45f1-bec2-166b782586dc","image":{"arch":"x86_64","creation_date":"2022-11-17T16:48:17.919713+00:00","default_bootscript":null,"extra_volumes":{},"from_server":null,"id":"d318f34b-1044-482a-afe3-1be349690a13","modification_date":"2022-11-17T16:48:17.919713+00:00","name":"Ubuntu
      20.04 Focal Fossa","organization":"51b656e3-4865-41e8-adbc-0c45bdd780db","project":"51b656e3-4865-41e8-adbc-0c45bdd780db","public":true,"root_volume":{"id":"c18532d5-1d4b-4bf3-8a02-3670e0fd67b4","name":"Ubuntu
      20.04 Focal Fossa","size":10000000000,"volume_type":"unified"},"state":"available","tags":[],"zone":"fr-par-1"},"ipv6":null,"location":{"cluster_id":"31","hypervisor_id":"502","node_id":"1","platform_id":"14","zone_id":"par1"},"maintenances":[],"modification_date":"2023-02-14T13:38:12.484554+00:00","name":"foobar","organization":"ee7bd9e1-9cbd-4724-b2f4-19e50f3cf38b","placement_group":null,"private_ip":"10.72.34.1","private_nics":[],"project":"ee7bd9e1-9cbd-4724-b2f4-19e50f3cf38b","protected":false,"public_ip":null,"security_group":{"id":"a8f5f9bb-20a7-4244-9521-4cde6f510e0e","name":"Default
      security group"},"state":"stopping","state_detail":"stopping","tags":[],"volumes":{"0":{"boot":false,"creation_date":"2023-02-14T13:37:30.246061+00:00","export_uri":null,"id":"13db37e0-7185-4505-b50f-3538f4632e48","modification_date":"2023-02-14T13:37:30.246061+00:00","name":"Ubuntu
      20.04 Focal Fossa","organization":"ee7bd9e1-9cbd-4724-b2f4-19e50f3cf38b","project":"ee7bd9e1-9cbd-4724-b2f4-19e50f3cf38b","server":{"id":"78180bd9-6811-45f1-bec2-166b782586dc","name":"foobar"},"size":20000000000,"state":"available","tags":[],"volume_type":"l_ssd","zone":"fr-par-1"}},"zone":"fr-par-1"}}'
    headers:
      Content-Length:
      - "2616"
      Content-Security-Policy:
      - default-src 'none'; frame-ancestors 'none'
      Content-Type:
      - application/json
      Date:
      - Tue, 14 Feb 2023 13:38:28 GMT
      Server:
      - Scaleway API-Gateway
      Strict-Transport-Security:
      - max-age=63072000
      X-Content-Type-Options:
      - nosniff
      X-Frame-Options:
      - DENY
      X-Request-Id:
      - 4c259219-437c-480b-b3ae-1e240c7c63f4
    status: 200 OK
    code: 200
    duration: ""
- request:
    body: ""
    form: {}
    headers:
      User-Agent:
      - scaleway-sdk-go/v1.0.0-beta.7+dev (go1.19.1; linux; amd64) terraform-provider/develop
        terraform/terraform-tests
    url: https://api.scaleway.com/instance/v1/zones/fr-par-1/volumes/a54a7202-3cd5-4d76-976e-0f05a780882e
    method: GET
  response:
    body: '{"volume":{"creation_date":"2023-02-14T13:37:29.248434+00:00","export_uri":null,"id":"a54a7202-3cd5-4d76-976e-0f05a780882e","modification_date":"2023-02-14T13:38:10.544941+00:00","name":"foobar","organization":"ee7bd9e1-9cbd-4724-b2f4-19e50f3cf38b","project":"ee7bd9e1-9cbd-4724-b2f4-19e50f3cf38b","server":null,"size":1000000000,"state":"hotsyncing","tags":[],"volume_type":"b_ssd","zone":"fr-par-1"}}'
    headers:
      Content-Length:
      - "428"
      Content-Security-Policy:
      - default-src 'none'; frame-ancestors 'none'
      Content-Type:
      - application/json
      Date:
      - Tue, 14 Feb 2023 13:38:32 GMT
      Server:
      - Scaleway API-Gateway
      Strict-Transport-Security:
      - max-age=63072000
      X-Content-Type-Options:
      - nosniff
      X-Frame-Options:
      - DENY
      X-Request-Id:
      - 4c22aa94-afbf-4342-9ff3-4b222de904c6
    status: 200 OK
    code: 200
    duration: ""
- request:
    body: ""
    form: {}
    headers:
      User-Agent:
      - scaleway-sdk-go/v1.0.0-beta.7+dev (go1.19.1; linux; amd64) terraform-provider/develop
        terraform/terraform-tests
    url: https://api.scaleway.com/instance/v1/zones/fr-par-1/servers/78180bd9-6811-45f1-bec2-166b782586dc
    method: GET
  response:
    body: '{"server":{"allowed_actions":["stop_in_place","backup"],"arch":"x86_64","boot_type":"local","bootscript":{"architecture":"x86_64","bootcmdargs":"LINUX_COMMON
      scaleway boot=local nbd.max_part=16","default":true,"dtb":"","id":"fdfe150f-a870-4ce4-b432-9f56b5b995c1","initrd":"http://10.194.3.9/initrd/initrd-Linux-x86_64-v3.14.6.gz","kernel":"http://10.194.3.9/kernel/x86_64-mainline-lts-4.4-4.4.230-rev1/vmlinuz-4.4.230","organization":"11111111-1111-4111-8111-111111111111","project":"11111111-1111-4111-8111-111111111111","public":true,"title":"x86_64
      mainline 4.4.230 rev1","zone":"fr-par-1"},"commercial_type":"DEV1-S","creation_date":"2023-02-14T13:37:30.246061+00:00","dynamic_ip_required":true,"enable_ipv6":false,"extra_networks":[],"hostname":"foobar","id":"78180bd9-6811-45f1-bec2-166b782586dc","image":{"arch":"x86_64","creation_date":"2022-11-17T16:48:17.919713+00:00","default_bootscript":null,"extra_volumes":{},"from_server":null,"id":"d318f34b-1044-482a-afe3-1be349690a13","modification_date":"2022-11-17T16:48:17.919713+00:00","name":"Ubuntu
      20.04 Focal Fossa","organization":"51b656e3-4865-41e8-adbc-0c45bdd780db","project":"51b656e3-4865-41e8-adbc-0c45bdd780db","public":true,"root_volume":{"id":"c18532d5-1d4b-4bf3-8a02-3670e0fd67b4","name":"Ubuntu
      20.04 Focal Fossa","size":10000000000,"volume_type":"unified"},"state":"available","tags":[],"zone":"fr-par-1"},"ipv6":null,"location":{"cluster_id":"31","hypervisor_id":"502","node_id":"1","platform_id":"14","zone_id":"par1"},"maintenances":[],"modification_date":"2023-02-14T13:38:12.484554+00:00","name":"foobar","organization":"ee7bd9e1-9cbd-4724-b2f4-19e50f3cf38b","placement_group":null,"private_ip":"10.72.34.1","private_nics":[],"project":"ee7bd9e1-9cbd-4724-b2f4-19e50f3cf38b","protected":false,"public_ip":null,"security_group":{"id":"a8f5f9bb-20a7-4244-9521-4cde6f510e0e","name":"Default
      security group"},"state":"stopping","state_detail":"booted","tags":[],"volumes":{"0":{"boot":false,"creation_date":"2023-02-14T13:37:30.246061+00:00","export_uri":null,"id":"13db37e0-7185-4505-b50f-3538f4632e48","modification_date":"2023-02-14T13:37:30.246061+00:00","name":"Ubuntu
      20.04 Focal Fossa","organization":"ee7bd9e1-9cbd-4724-b2f4-19e50f3cf38b","project":"ee7bd9e1-9cbd-4724-b2f4-19e50f3cf38b","server":{"id":"78180bd9-6811-45f1-bec2-166b782586dc","name":"foobar"},"size":20000000000,"state":"available","tags":[],"volume_type":"l_ssd","zone":"fr-par-1"}},"zone":"fr-par-1"}}'
    headers:
      Content-Length:
      - "2614"
      Content-Security-Policy:
      - default-src 'none'; frame-ancestors 'none'
      Content-Type:
      - application/json
      Date:
      - Tue, 14 Feb 2023 13:38:33 GMT
      Server:
      - Scaleway API-Gateway
      Strict-Transport-Security:
      - max-age=63072000
      X-Content-Type-Options:
      - nosniff
      X-Frame-Options:
      - DENY
      X-Request-Id:
      - f2b48f33-8b41-4293-b21c-61487afc46fe
    status: 200 OK
    code: 200
    duration: ""
- request:
    body: ""
    form: {}
    headers:
      User-Agent:
      - scaleway-sdk-go/v1.0.0-beta.7+dev (go1.19.1; linux; amd64) terraform-provider/develop
        terraform/terraform-tests
    url: https://api.scaleway.com/instance/v1/zones/fr-par-1/volumes/a54a7202-3cd5-4d76-976e-0f05a780882e
    method: GET
  response:
    body: '{"volume":{"creation_date":"2023-02-14T13:37:29.248434+00:00","export_uri":null,"id":"a54a7202-3cd5-4d76-976e-0f05a780882e","modification_date":"2023-02-14T13:38:10.544941+00:00","name":"foobar","organization":"ee7bd9e1-9cbd-4724-b2f4-19e50f3cf38b","project":"ee7bd9e1-9cbd-4724-b2f4-19e50f3cf38b","server":null,"size":1000000000,"state":"hotsyncing","tags":[],"volume_type":"b_ssd","zone":"fr-par-1"}}'
    headers:
      Content-Length:
      - "428"
      Content-Security-Policy:
      - default-src 'none'; frame-ancestors 'none'
      Content-Type:
      - application/json
      Date:
      - Tue, 14 Feb 2023 13:38:37 GMT
      Server:
      - Scaleway API-Gateway
      Strict-Transport-Security:
      - max-age=63072000
      X-Content-Type-Options:
      - nosniff
      X-Frame-Options:
      - DENY
      X-Request-Id:
      - c4e7c01d-e2e2-44d3-8eae-0e8c7a80d8b0
    status: 200 OK
    code: 200
    duration: ""
- request:
    body: ""
    form: {}
    headers:
      User-Agent:
      - scaleway-sdk-go/v1.0.0-beta.7+dev (go1.19.1; linux; amd64) terraform-provider/develop
        terraform/terraform-tests
    url: https://api.scaleway.com/instance/v1/zones/fr-par-1/servers/78180bd9-6811-45f1-bec2-166b782586dc
    method: GET
  response:
    body: '{"server":{"allowed_actions":["stop_in_place","backup"],"arch":"x86_64","boot_type":"local","bootscript":{"architecture":"x86_64","bootcmdargs":"LINUX_COMMON
      scaleway boot=local nbd.max_part=16","default":true,"dtb":"","id":"fdfe150f-a870-4ce4-b432-9f56b5b995c1","initrd":"http://10.194.3.9/initrd/initrd-Linux-x86_64-v3.14.6.gz","kernel":"http://10.194.3.9/kernel/x86_64-mainline-lts-4.4-4.4.230-rev1/vmlinuz-4.4.230","organization":"11111111-1111-4111-8111-111111111111","project":"11111111-1111-4111-8111-111111111111","public":true,"title":"x86_64
      mainline 4.4.230 rev1","zone":"fr-par-1"},"commercial_type":"DEV1-S","creation_date":"2023-02-14T13:37:30.246061+00:00","dynamic_ip_required":true,"enable_ipv6":false,"extra_networks":[],"hostname":"foobar","id":"78180bd9-6811-45f1-bec2-166b782586dc","image":{"arch":"x86_64","creation_date":"2022-11-17T16:48:17.919713+00:00","default_bootscript":null,"extra_volumes":{},"from_server":null,"id":"d318f34b-1044-482a-afe3-1be349690a13","modification_date":"2022-11-17T16:48:17.919713+00:00","name":"Ubuntu
      20.04 Focal Fossa","organization":"51b656e3-4865-41e8-adbc-0c45bdd780db","project":"51b656e3-4865-41e8-adbc-0c45bdd780db","public":true,"root_volume":{"id":"c18532d5-1d4b-4bf3-8a02-3670e0fd67b4","name":"Ubuntu
      20.04 Focal Fossa","size":10000000000,"volume_type":"unified"},"state":"available","tags":[],"zone":"fr-par-1"},"ipv6":null,"location":{"cluster_id":"31","hypervisor_id":"502","node_id":"1","platform_id":"14","zone_id":"par1"},"maintenances":[],"modification_date":"2023-02-14T13:38:12.484554+00:00","name":"foobar","organization":"ee7bd9e1-9cbd-4724-b2f4-19e50f3cf38b","placement_group":null,"private_ip":"10.72.34.1","private_nics":[],"project":"ee7bd9e1-9cbd-4724-b2f4-19e50f3cf38b","protected":false,"public_ip":null,"security_group":{"id":"a8f5f9bb-20a7-4244-9521-4cde6f510e0e","name":"Default
      security group"},"state":"stopping","state_detail":"booted","tags":[],"volumes":{"0":{"boot":false,"creation_date":"2023-02-14T13:37:30.246061+00:00","export_uri":null,"id":"13db37e0-7185-4505-b50f-3538f4632e48","modification_date":"2023-02-14T13:37:30.246061+00:00","name":"Ubuntu
      20.04 Focal Fossa","organization":"ee7bd9e1-9cbd-4724-b2f4-19e50f3cf38b","project":"ee7bd9e1-9cbd-4724-b2f4-19e50f3cf38b","server":{"id":"78180bd9-6811-45f1-bec2-166b782586dc","name":"foobar"},"size":20000000000,"state":"available","tags":[],"volume_type":"l_ssd","zone":"fr-par-1"}},"zone":"fr-par-1"}}'
    headers:
      Content-Length:
      - "2614"
      Content-Security-Policy:
      - default-src 'none'; frame-ancestors 'none'
      Content-Type:
      - application/json
      Date:
      - Tue, 14 Feb 2023 13:38:39 GMT
      Server:
      - Scaleway API-Gateway
      Strict-Transport-Security:
      - max-age=63072000
      X-Content-Type-Options:
      - nosniff
      X-Frame-Options:
      - DENY
      X-Request-Id:
      - 506cf7f5-8b2e-457e-9e88-476d88fff33a
    status: 200 OK
    code: 200
    duration: ""
- request:
    body: ""
    form: {}
    headers:
      User-Agent:
      - scaleway-sdk-go/v1.0.0-beta.7+dev (go1.19.1; linux; amd64) terraform-provider/develop
        terraform/terraform-tests
    url: https://api.scaleway.com/instance/v1/zones/fr-par-1/volumes/a54a7202-3cd5-4d76-976e-0f05a780882e
    method: GET
  response:
    body: '{"volume":{"creation_date":"2023-02-14T13:37:29.248434+00:00","export_uri":null,"id":"a54a7202-3cd5-4d76-976e-0f05a780882e","modification_date":"2023-02-14T13:38:10.544941+00:00","name":"foobar","organization":"ee7bd9e1-9cbd-4724-b2f4-19e50f3cf38b","project":"ee7bd9e1-9cbd-4724-b2f4-19e50f3cf38b","server":null,"size":1000000000,"state":"hotsyncing","tags":[],"volume_type":"b_ssd","zone":"fr-par-1"}}'
    headers:
      Content-Length:
      - "428"
      Content-Security-Policy:
      - default-src 'none'; frame-ancestors 'none'
      Content-Type:
      - application/json
      Date:
      - Tue, 14 Feb 2023 13:38:42 GMT
      Server:
      - Scaleway API-Gateway
      Strict-Transport-Security:
      - max-age=63072000
      X-Content-Type-Options:
      - nosniff
      X-Frame-Options:
      - DENY
      X-Request-Id:
      - aec67d91-a868-433b-af7b-29d3cd81846c
    status: 200 OK
    code: 200
    duration: ""
- request:
    body: ""
    form: {}
    headers:
      User-Agent:
      - scaleway-sdk-go/v1.0.0-beta.7+dev (go1.19.1; linux; amd64) terraform-provider/develop
        terraform/terraform-tests
    url: https://api.scaleway.com/instance/v1/zones/fr-par-1/servers/78180bd9-6811-45f1-bec2-166b782586dc
    method: GET
  response:
    body: '{"server":{"allowed_actions":["stop_in_place","backup"],"arch":"x86_64","boot_type":"local","bootscript":{"architecture":"x86_64","bootcmdargs":"LINUX_COMMON
      scaleway boot=local nbd.max_part=16","default":true,"dtb":"","id":"fdfe150f-a870-4ce4-b432-9f56b5b995c1","initrd":"http://10.194.3.9/initrd/initrd-Linux-x86_64-v3.14.6.gz","kernel":"http://10.194.3.9/kernel/x86_64-mainline-lts-4.4-4.4.230-rev1/vmlinuz-4.4.230","organization":"11111111-1111-4111-8111-111111111111","project":"11111111-1111-4111-8111-111111111111","public":true,"title":"x86_64
      mainline 4.4.230 rev1","zone":"fr-par-1"},"commercial_type":"DEV1-S","creation_date":"2023-02-14T13:37:30.246061+00:00","dynamic_ip_required":true,"enable_ipv6":false,"extra_networks":[],"hostname":"foobar","id":"78180bd9-6811-45f1-bec2-166b782586dc","image":{"arch":"x86_64","creation_date":"2022-11-17T16:48:17.919713+00:00","default_bootscript":null,"extra_volumes":{},"from_server":null,"id":"d318f34b-1044-482a-afe3-1be349690a13","modification_date":"2022-11-17T16:48:17.919713+00:00","name":"Ubuntu
      20.04 Focal Fossa","organization":"51b656e3-4865-41e8-adbc-0c45bdd780db","project":"51b656e3-4865-41e8-adbc-0c45bdd780db","public":true,"root_volume":{"id":"c18532d5-1d4b-4bf3-8a02-3670e0fd67b4","name":"Ubuntu
      20.04 Focal Fossa","size":10000000000,"volume_type":"unified"},"state":"available","tags":[],"zone":"fr-par-1"},"ipv6":null,"location":{"cluster_id":"31","hypervisor_id":"502","node_id":"1","platform_id":"14","zone_id":"par1"},"maintenances":[],"modification_date":"2023-02-14T13:38:12.484554+00:00","name":"foobar","organization":"ee7bd9e1-9cbd-4724-b2f4-19e50f3cf38b","placement_group":null,"private_ip":"10.72.34.1","private_nics":[],"project":"ee7bd9e1-9cbd-4724-b2f4-19e50f3cf38b","protected":false,"public_ip":null,"security_group":{"id":"a8f5f9bb-20a7-4244-9521-4cde6f510e0e","name":"Default
      security group"},"state":"stopping","state_detail":"booted","tags":[],"volumes":{"0":{"boot":false,"creation_date":"2023-02-14T13:37:30.246061+00:00","export_uri":null,"id":"13db37e0-7185-4505-b50f-3538f4632e48","modification_date":"2023-02-14T13:37:30.246061+00:00","name":"Ubuntu
      20.04 Focal Fossa","organization":"ee7bd9e1-9cbd-4724-b2f4-19e50f3cf38b","project":"ee7bd9e1-9cbd-4724-b2f4-19e50f3cf38b","server":{"id":"78180bd9-6811-45f1-bec2-166b782586dc","name":"foobar"},"size":20000000000,"state":"available","tags":[],"volume_type":"l_ssd","zone":"fr-par-1"}},"zone":"fr-par-1"}}'
    headers:
      Content-Length:
      - "2614"
      Content-Security-Policy:
      - default-src 'none'; frame-ancestors 'none'
      Content-Type:
      - application/json
      Date:
      - Tue, 14 Feb 2023 13:38:44 GMT
      Server:
      - Scaleway API-Gateway
      Strict-Transport-Security:
      - max-age=63072000
      X-Content-Type-Options:
      - nosniff
      X-Frame-Options:
      - DENY
      X-Request-Id:
      - c6a413b0-f5ff-4d10-afb8-00d705404952
    status: 200 OK
    code: 200
    duration: ""
- request:
    body: ""
    form: {}
    headers:
      User-Agent:
      - scaleway-sdk-go/v1.0.0-beta.7+dev (go1.19.1; linux; amd64) terraform-provider/develop
        terraform/terraform-tests
    url: https://api.scaleway.com/instance/v1/zones/fr-par-1/volumes/a54a7202-3cd5-4d76-976e-0f05a780882e
    method: GET
  response:
    body: '{"volume":{"creation_date":"2023-02-14T13:37:29.248434+00:00","export_uri":null,"id":"a54a7202-3cd5-4d76-976e-0f05a780882e","modification_date":"2023-02-14T13:38:44.421844+00:00","name":"foobar","organization":"ee7bd9e1-9cbd-4724-b2f4-19e50f3cf38b","project":"ee7bd9e1-9cbd-4724-b2f4-19e50f3cf38b","server":null,"size":1000000000,"state":"available","tags":[],"volume_type":"b_ssd","zone":"fr-par-1"}}'
    headers:
      Content-Length:
      - "427"
      Content-Security-Policy:
      - default-src 'none'; frame-ancestors 'none'
      Content-Type:
      - application/json
      Date:
      - Tue, 14 Feb 2023 13:38:47 GMT
      Server:
      - Scaleway API-Gateway
      Strict-Transport-Security:
      - max-age=63072000
      X-Content-Type-Options:
      - nosniff
      X-Frame-Options:
      - DENY
      X-Request-Id:
      - 1927ed70-ddd3-4063-9f01-92bb04021bdf
    status: 200 OK
    code: 200
    duration: ""
- request:
    body: ""
    form: {}
    headers:
      User-Agent:
      - scaleway-sdk-go/v1.0.0-beta.7+dev (go1.19.1; linux; amd64) terraform-provider/develop
        terraform/terraform-tests
    url: https://api.scaleway.com/instance/v1/zones/fr-par-1/volumes/a54a7202-3cd5-4d76-976e-0f05a780882e
    method: DELETE
  response:
    body: ""
    headers:
      Content-Security-Policy:
      - default-src 'none'; frame-ancestors 'none'
      Date:
      - Tue, 14 Feb 2023 13:38:47 GMT
      Server:
      - Scaleway API-Gateway
      Strict-Transport-Security:
      - max-age=63072000
      X-Content-Type-Options:
      - nosniff
      X-Frame-Options:
      - DENY
      X-Request-Id:
      - febb175e-5895-4169-ae4b-d16cacf75e72
    status: 204 No Content
    code: 204
    duration: ""
- request:
    body: ""
    form: {}
    headers:
      User-Agent:
      - scaleway-sdk-go/v1.0.0-beta.7+dev (go1.19.1; linux; amd64) terraform-provider/develop
        terraform/terraform-tests
    url: https://api.scaleway.com/instance/v1/zones/fr-par-1/servers/78180bd9-6811-45f1-bec2-166b782586dc
    method: GET
  response:
    body: '{"server":{"allowed_actions":["stop_in_place","backup"],"arch":"x86_64","boot_type":"local","bootscript":{"architecture":"x86_64","bootcmdargs":"LINUX_COMMON
      scaleway boot=local nbd.max_part=16","default":true,"dtb":"","id":"fdfe150f-a870-4ce4-b432-9f56b5b995c1","initrd":"http://10.194.3.9/initrd/initrd-Linux-x86_64-v3.14.6.gz","kernel":"http://10.194.3.9/kernel/x86_64-mainline-lts-4.4-4.4.230-rev1/vmlinuz-4.4.230","organization":"11111111-1111-4111-8111-111111111111","project":"11111111-1111-4111-8111-111111111111","public":true,"title":"x86_64
      mainline 4.4.230 rev1","zone":"fr-par-1"},"commercial_type":"DEV1-S","creation_date":"2023-02-14T13:37:30.246061+00:00","dynamic_ip_required":true,"enable_ipv6":false,"extra_networks":[],"hostname":"foobar","id":"78180bd9-6811-45f1-bec2-166b782586dc","image":{"arch":"x86_64","creation_date":"2022-11-17T16:48:17.919713+00:00","default_bootscript":null,"extra_volumes":{},"from_server":null,"id":"d318f34b-1044-482a-afe3-1be349690a13","modification_date":"2022-11-17T16:48:17.919713+00:00","name":"Ubuntu
      20.04 Focal Fossa","organization":"51b656e3-4865-41e8-adbc-0c45bdd780db","project":"51b656e3-4865-41e8-adbc-0c45bdd780db","public":true,"root_volume":{"id":"c18532d5-1d4b-4bf3-8a02-3670e0fd67b4","name":"Ubuntu
      20.04 Focal Fossa","size":10000000000,"volume_type":"unified"},"state":"available","tags":[],"zone":"fr-par-1"},"ipv6":null,"location":{"cluster_id":"31","hypervisor_id":"502","node_id":"1","platform_id":"14","zone_id":"par1"},"maintenances":[],"modification_date":"2023-02-14T13:38:12.484554+00:00","name":"foobar","organization":"ee7bd9e1-9cbd-4724-b2f4-19e50f3cf38b","placement_group":null,"private_ip":"10.72.34.1","private_nics":[],"project":"ee7bd9e1-9cbd-4724-b2f4-19e50f3cf38b","protected":false,"public_ip":null,"security_group":{"id":"a8f5f9bb-20a7-4244-9521-4cde6f510e0e","name":"Default
      security group"},"state":"stopping","state_detail":"booted","tags":[],"volumes":{"0":{"boot":false,"creation_date":"2023-02-14T13:37:30.246061+00:00","export_uri":null,"id":"13db37e0-7185-4505-b50f-3538f4632e48","modification_date":"2023-02-14T13:37:30.246061+00:00","name":"Ubuntu
      20.04 Focal Fossa","organization":"ee7bd9e1-9cbd-4724-b2f4-19e50f3cf38b","project":"ee7bd9e1-9cbd-4724-b2f4-19e50f3cf38b","server":{"id":"78180bd9-6811-45f1-bec2-166b782586dc","name":"foobar"},"size":20000000000,"state":"available","tags":[],"volume_type":"l_ssd","zone":"fr-par-1"}},"zone":"fr-par-1"}}'
    headers:
      Content-Length:
      - "2614"
      Content-Security-Policy:
      - default-src 'none'; frame-ancestors 'none'
      Content-Type:
      - application/json
      Date:
      - Tue, 14 Feb 2023 13:38:49 GMT
      Server:
      - Scaleway API-Gateway
      Strict-Transport-Security:
      - max-age=63072000
      X-Content-Type-Options:
      - nosniff
      X-Frame-Options:
      - DENY
      X-Request-Id:
      - 248fbdbf-bc16-4ff3-bcd3-74f3773f50b7
    status: 200 OK
    code: 200
    duration: ""
- request:
    body: ""
    form: {}
    headers:
      User-Agent:
      - scaleway-sdk-go/v1.0.0-beta.7+dev (go1.19.1; linux; amd64) terraform-provider/develop
        terraform/terraform-tests
    url: https://api.scaleway.com/instance/v1/zones/fr-par-1/servers/78180bd9-6811-45f1-bec2-166b782586dc
    method: GET
  response:
    body: '{"server":{"allowed_actions":["stop_in_place","backup"],"arch":"x86_64","boot_type":"local","bootscript":{"architecture":"x86_64","bootcmdargs":"LINUX_COMMON
      scaleway boot=local nbd.max_part=16","default":true,"dtb":"","id":"fdfe150f-a870-4ce4-b432-9f56b5b995c1","initrd":"http://10.194.3.9/initrd/initrd-Linux-x86_64-v3.14.6.gz","kernel":"http://10.194.3.9/kernel/x86_64-mainline-lts-4.4-4.4.230-rev1/vmlinuz-4.4.230","organization":"11111111-1111-4111-8111-111111111111","project":"11111111-1111-4111-8111-111111111111","public":true,"title":"x86_64
      mainline 4.4.230 rev1","zone":"fr-par-1"},"commercial_type":"DEV1-S","creation_date":"2023-02-14T13:37:30.246061+00:00","dynamic_ip_required":true,"enable_ipv6":false,"extra_networks":[],"hostname":"foobar","id":"78180bd9-6811-45f1-bec2-166b782586dc","image":{"arch":"x86_64","creation_date":"2022-11-17T16:48:17.919713+00:00","default_bootscript":null,"extra_volumes":{},"from_server":null,"id":"d318f34b-1044-482a-afe3-1be349690a13","modification_date":"2022-11-17T16:48:17.919713+00:00","name":"Ubuntu
      20.04 Focal Fossa","organization":"51b656e3-4865-41e8-adbc-0c45bdd780db","project":"51b656e3-4865-41e8-adbc-0c45bdd780db","public":true,"root_volume":{"id":"c18532d5-1d4b-4bf3-8a02-3670e0fd67b4","name":"Ubuntu
      20.04 Focal Fossa","size":10000000000,"volume_type":"unified"},"state":"available","tags":[],"zone":"fr-par-1"},"ipv6":null,"location":{"cluster_id":"31","hypervisor_id":"502","node_id":"1","platform_id":"14","zone_id":"par1"},"maintenances":[],"modification_date":"2023-02-14T13:38:12.484554+00:00","name":"foobar","organization":"ee7bd9e1-9cbd-4724-b2f4-19e50f3cf38b","placement_group":null,"private_ip":"10.72.34.1","private_nics":[],"project":"ee7bd9e1-9cbd-4724-b2f4-19e50f3cf38b","protected":false,"public_ip":null,"security_group":{"id":"a8f5f9bb-20a7-4244-9521-4cde6f510e0e","name":"Default
      security group"},"state":"stopping","state_detail":"booted","tags":[],"volumes":{"0":{"boot":false,"creation_date":"2023-02-14T13:37:30.246061+00:00","export_uri":null,"id":"13db37e0-7185-4505-b50f-3538f4632e48","modification_date":"2023-02-14T13:37:30.246061+00:00","name":"Ubuntu
      20.04 Focal Fossa","organization":"ee7bd9e1-9cbd-4724-b2f4-19e50f3cf38b","project":"ee7bd9e1-9cbd-4724-b2f4-19e50f3cf38b","server":{"id":"78180bd9-6811-45f1-bec2-166b782586dc","name":"foobar"},"size":20000000000,"state":"available","tags":[],"volume_type":"l_ssd","zone":"fr-par-1"}},"zone":"fr-par-1"}}'
    headers:
      Content-Length:
      - "2614"
      Content-Security-Policy:
      - default-src 'none'; frame-ancestors 'none'
      Content-Type:
      - application/json
      Date:
      - Tue, 14 Feb 2023 13:38:54 GMT
      Server:
      - Scaleway API-Gateway
      Strict-Transport-Security:
      - max-age=63072000
      X-Content-Type-Options:
      - nosniff
      X-Frame-Options:
      - DENY
      X-Request-Id:
      - 693ad79e-2fa4-478a-a242-aa74fee33e31
    status: 200 OK
    code: 200
    duration: ""
- request:
    body: ""
    form: {}
    headers:
      User-Agent:
      - scaleway-sdk-go/v1.0.0-beta.7+dev (go1.19.1; linux; amd64) terraform-provider/develop
        terraform/terraform-tests
    url: https://api.scaleway.com/instance/v1/zones/fr-par-1/servers/78180bd9-6811-45f1-bec2-166b782586dc
    method: GET
  response:
    body: '{"server":{"allowed_actions":["stop_in_place","backup"],"arch":"x86_64","boot_type":"local","bootscript":{"architecture":"x86_64","bootcmdargs":"LINUX_COMMON
      scaleway boot=local nbd.max_part=16","default":true,"dtb":"","id":"fdfe150f-a870-4ce4-b432-9f56b5b995c1","initrd":"http://10.194.3.9/initrd/initrd-Linux-x86_64-v3.14.6.gz","kernel":"http://10.194.3.9/kernel/x86_64-mainline-lts-4.4-4.4.230-rev1/vmlinuz-4.4.230","organization":"11111111-1111-4111-8111-111111111111","project":"11111111-1111-4111-8111-111111111111","public":true,"title":"x86_64
      mainline 4.4.230 rev1","zone":"fr-par-1"},"commercial_type":"DEV1-S","creation_date":"2023-02-14T13:37:30.246061+00:00","dynamic_ip_required":true,"enable_ipv6":false,"extra_networks":[],"hostname":"foobar","id":"78180bd9-6811-45f1-bec2-166b782586dc","image":{"arch":"x86_64","creation_date":"2022-11-17T16:48:17.919713+00:00","default_bootscript":null,"extra_volumes":{},"from_server":null,"id":"d318f34b-1044-482a-afe3-1be349690a13","modification_date":"2022-11-17T16:48:17.919713+00:00","name":"Ubuntu
      20.04 Focal Fossa","organization":"51b656e3-4865-41e8-adbc-0c45bdd780db","project":"51b656e3-4865-41e8-adbc-0c45bdd780db","public":true,"root_volume":{"id":"c18532d5-1d4b-4bf3-8a02-3670e0fd67b4","name":"Ubuntu
      20.04 Focal Fossa","size":10000000000,"volume_type":"unified"},"state":"available","tags":[],"zone":"fr-par-1"},"ipv6":null,"location":{"cluster_id":"31","hypervisor_id":"502","node_id":"1","platform_id":"14","zone_id":"par1"},"maintenances":[],"modification_date":"2023-02-14T13:38:12.484554+00:00","name":"foobar","organization":"ee7bd9e1-9cbd-4724-b2f4-19e50f3cf38b","placement_group":null,"private_ip":"10.72.34.1","private_nics":[],"project":"ee7bd9e1-9cbd-4724-b2f4-19e50f3cf38b","protected":false,"public_ip":null,"security_group":{"id":"a8f5f9bb-20a7-4244-9521-4cde6f510e0e","name":"Default
      security group"},"state":"stopping","state_detail":"booted","tags":[],"volumes":{"0":{"boot":false,"creation_date":"2023-02-14T13:37:30.246061+00:00","export_uri":null,"id":"13db37e0-7185-4505-b50f-3538f4632e48","modification_date":"2023-02-14T13:37:30.246061+00:00","name":"Ubuntu
      20.04 Focal Fossa","organization":"ee7bd9e1-9cbd-4724-b2f4-19e50f3cf38b","project":"ee7bd9e1-9cbd-4724-b2f4-19e50f3cf38b","server":{"id":"78180bd9-6811-45f1-bec2-166b782586dc","name":"foobar"},"size":20000000000,"state":"available","tags":[],"volume_type":"l_ssd","zone":"fr-par-1"}},"zone":"fr-par-1"}}'
    headers:
      Content-Length:
      - "2614"
      Content-Security-Policy:
      - default-src 'none'; frame-ancestors 'none'
      Content-Type:
      - application/json
      Date:
      - Tue, 14 Feb 2023 13:39:00 GMT
      Server:
      - Scaleway API-Gateway
      Strict-Transport-Security:
      - max-age=63072000
      X-Content-Type-Options:
      - nosniff
      X-Frame-Options:
      - DENY
      X-Request-Id:
      - 2e06e4c2-39d4-4bd0-af3e-f8fe618046b9
    status: 200 OK
    code: 200
    duration: ""
- request:
    body: ""
    form: {}
    headers:
      User-Agent:
      - scaleway-sdk-go/v1.0.0-beta.7+dev (go1.19.1; linux; amd64) terraform-provider/develop
        terraform/terraform-tests
    url: https://api.scaleway.com/instance/v1/zones/fr-par-1/servers/78180bd9-6811-45f1-bec2-166b782586dc
    method: GET
  response:
    body: '{"server":{"allowed_actions":["stop_in_place","backup"],"arch":"x86_64","boot_type":"local","bootscript":{"architecture":"x86_64","bootcmdargs":"LINUX_COMMON
      scaleway boot=local nbd.max_part=16","default":true,"dtb":"","id":"fdfe150f-a870-4ce4-b432-9f56b5b995c1","initrd":"http://10.194.3.9/initrd/initrd-Linux-x86_64-v3.14.6.gz","kernel":"http://10.194.3.9/kernel/x86_64-mainline-lts-4.4-4.4.230-rev1/vmlinuz-4.4.230","organization":"11111111-1111-4111-8111-111111111111","project":"11111111-1111-4111-8111-111111111111","public":true,"title":"x86_64
      mainline 4.4.230 rev1","zone":"fr-par-1"},"commercial_type":"DEV1-S","creation_date":"2023-02-14T13:37:30.246061+00:00","dynamic_ip_required":true,"enable_ipv6":false,"extra_networks":[],"hostname":"foobar","id":"78180bd9-6811-45f1-bec2-166b782586dc","image":{"arch":"x86_64","creation_date":"2022-11-17T16:48:17.919713+00:00","default_bootscript":null,"extra_volumes":{},"from_server":null,"id":"d318f34b-1044-482a-afe3-1be349690a13","modification_date":"2022-11-17T16:48:17.919713+00:00","name":"Ubuntu
      20.04 Focal Fossa","organization":"51b656e3-4865-41e8-adbc-0c45bdd780db","project":"51b656e3-4865-41e8-adbc-0c45bdd780db","public":true,"root_volume":{"id":"c18532d5-1d4b-4bf3-8a02-3670e0fd67b4","name":"Ubuntu
      20.04 Focal Fossa","size":10000000000,"volume_type":"unified"},"state":"available","tags":[],"zone":"fr-par-1"},"ipv6":null,"location":{"cluster_id":"31","hypervisor_id":"502","node_id":"1","platform_id":"14","zone_id":"par1"},"maintenances":[],"modification_date":"2023-02-14T13:38:12.484554+00:00","name":"foobar","organization":"ee7bd9e1-9cbd-4724-b2f4-19e50f3cf38b","placement_group":null,"private_ip":"10.72.34.1","private_nics":[],"project":"ee7bd9e1-9cbd-4724-b2f4-19e50f3cf38b","protected":false,"public_ip":null,"security_group":{"id":"a8f5f9bb-20a7-4244-9521-4cde6f510e0e","name":"Default
      security group"},"state":"stopping","state_detail":"booted","tags":[],"volumes":{"0":{"boot":false,"creation_date":"2023-02-14T13:37:30.246061+00:00","export_uri":null,"id":"13db37e0-7185-4505-b50f-3538f4632e48","modification_date":"2023-02-14T13:37:30.246061+00:00","name":"Ubuntu
      20.04 Focal Fossa","organization":"ee7bd9e1-9cbd-4724-b2f4-19e50f3cf38b","project":"ee7bd9e1-9cbd-4724-b2f4-19e50f3cf38b","server":{"id":"78180bd9-6811-45f1-bec2-166b782586dc","name":"foobar"},"size":20000000000,"state":"available","tags":[],"volume_type":"l_ssd","zone":"fr-par-1"}},"zone":"fr-par-1"}}'
    headers:
      Content-Length:
      - "2614"
      Content-Security-Policy:
      - default-src 'none'; frame-ancestors 'none'
      Content-Type:
      - application/json
      Date:
      - Tue, 14 Feb 2023 13:39:05 GMT
      Server:
      - Scaleway API-Gateway
      Strict-Transport-Security:
      - max-age=63072000
      X-Content-Type-Options:
      - nosniff
      X-Frame-Options:
      - DENY
      X-Request-Id:
      - 7aaab99b-8fe7-48c8-b429-65cf557fce1f
    status: 200 OK
    code: 200
    duration: ""
- request:
    body: ""
    form: {}
    headers:
      User-Agent:
      - scaleway-sdk-go/v1.0.0-beta.7+dev (go1.19.1; linux; amd64) terraform-provider/develop
        terraform/terraform-tests
    url: https://api.scaleway.com/instance/v1/zones/fr-par-1/servers/78180bd9-6811-45f1-bec2-166b782586dc
    method: GET
  response:
    body: '{"server":{"allowed_actions":["poweron","backup"],"arch":"x86_64","boot_type":"local","bootscript":{"architecture":"x86_64","bootcmdargs":"LINUX_COMMON
      scaleway boot=local nbd.max_part=16","default":true,"dtb":"","id":"fdfe150f-a870-4ce4-b432-9f56b5b995c1","initrd":"http://10.194.3.9/initrd/initrd-Linux-x86_64-v3.14.6.gz","kernel":"http://10.194.3.9/kernel/x86_64-mainline-lts-4.4-4.4.230-rev1/vmlinuz-4.4.230","organization":"11111111-1111-4111-8111-111111111111","project":"11111111-1111-4111-8111-111111111111","public":true,"title":"x86_64
      mainline 4.4.230 rev1","zone":"fr-par-1"},"commercial_type":"DEV1-S","creation_date":"2023-02-14T13:37:30.246061+00:00","dynamic_ip_required":true,"enable_ipv6":false,"extra_networks":[],"hostname":"foobar","id":"78180bd9-6811-45f1-bec2-166b782586dc","image":{"arch":"x86_64","creation_date":"2022-11-17T16:48:17.919713+00:00","default_bootscript":null,"extra_volumes":{},"from_server":null,"id":"d318f34b-1044-482a-afe3-1be349690a13","modification_date":"2022-11-17T16:48:17.919713+00:00","name":"Ubuntu
      20.04 Focal Fossa","organization":"51b656e3-4865-41e8-adbc-0c45bdd780db","project":"51b656e3-4865-41e8-adbc-0c45bdd780db","public":true,"root_volume":{"id":"c18532d5-1d4b-4bf3-8a02-3670e0fd67b4","name":"Ubuntu
      20.04 Focal Fossa","size":10000000000,"volume_type":"unified"},"state":"available","tags":[],"zone":"fr-par-1"},"ipv6":null,"location":null,"maintenances":[],"modification_date":"2023-02-14T13:39:06.400307+00:00","name":"foobar","organization":"ee7bd9e1-9cbd-4724-b2f4-19e50f3cf38b","placement_group":null,"private_ip":null,"private_nics":[],"project":"ee7bd9e1-9cbd-4724-b2f4-19e50f3cf38b","protected":false,"public_ip":null,"security_group":{"id":"a8f5f9bb-20a7-4244-9521-4cde6f510e0e","name":"Default
      security group"},"state":"stopped","state_detail":"","tags":[],"volumes":{"0":{"boot":false,"creation_date":"2023-02-14T13:37:30.246061+00:00","export_uri":null,"id":"13db37e0-7185-4505-b50f-3538f4632e48","modification_date":"2023-02-14T13:37:30.246061+00:00","name":"Ubuntu
      20.04 Focal Fossa","organization":"ee7bd9e1-9cbd-4724-b2f4-19e50f3cf38b","project":"ee7bd9e1-9cbd-4724-b2f4-19e50f3cf38b","server":{"id":"78180bd9-6811-45f1-bec2-166b782586dc","name":"foobar"},"size":20000000000,"state":"available","tags":[],"volume_type":"l_ssd","zone":"fr-par-1"}},"zone":"fr-par-1"}}'
    headers:
      Content-Length:
      - "2497"
      Content-Security-Policy:
      - default-src 'none'; frame-ancestors 'none'
      Content-Type:
      - application/json
      Date:
      - Tue, 14 Feb 2023 13:39:10 GMT
      Server:
      - Scaleway API-Gateway
      Strict-Transport-Security:
      - max-age=63072000
      X-Content-Type-Options:
      - nosniff
      X-Frame-Options:
      - DENY
      X-Request-Id:
      - 45dbef3e-0b97-4e2b-945f-a81893cc71e4
    status: 200 OK
    code: 200
    duration: ""
- request:
    body: ""
    form: {}
    headers:
      User-Agent:
      - scaleway-sdk-go/v1.0.0-beta.7+dev (go1.19.1; linux; amd64) terraform-provider/develop
        terraform/terraform-tests
    url: https://api.scaleway.com/instance/v1/zones/fr-par-1/servers/78180bd9-6811-45f1-bec2-166b782586dc
    method: GET
  response:
    body: '{"server":{"allowed_actions":["poweron","backup"],"arch":"x86_64","boot_type":"local","bootscript":{"architecture":"x86_64","bootcmdargs":"LINUX_COMMON
      scaleway boot=local nbd.max_part=16","default":true,"dtb":"","id":"fdfe150f-a870-4ce4-b432-9f56b5b995c1","initrd":"http://10.194.3.9/initrd/initrd-Linux-x86_64-v3.14.6.gz","kernel":"http://10.194.3.9/kernel/x86_64-mainline-lts-4.4-4.4.230-rev1/vmlinuz-4.4.230","organization":"11111111-1111-4111-8111-111111111111","project":"11111111-1111-4111-8111-111111111111","public":true,"title":"x86_64
      mainline 4.4.230 rev1","zone":"fr-par-1"},"commercial_type":"DEV1-S","creation_date":"2023-02-14T13:37:30.246061+00:00","dynamic_ip_required":true,"enable_ipv6":false,"extra_networks":[],"hostname":"foobar","id":"78180bd9-6811-45f1-bec2-166b782586dc","image":{"arch":"x86_64","creation_date":"2022-11-17T16:48:17.919713+00:00","default_bootscript":null,"extra_volumes":{},"from_server":null,"id":"d318f34b-1044-482a-afe3-1be349690a13","modification_date":"2022-11-17T16:48:17.919713+00:00","name":"Ubuntu
      20.04 Focal Fossa","organization":"51b656e3-4865-41e8-adbc-0c45bdd780db","project":"51b656e3-4865-41e8-adbc-0c45bdd780db","public":true,"root_volume":{"id":"c18532d5-1d4b-4bf3-8a02-3670e0fd67b4","name":"Ubuntu
      20.04 Focal Fossa","size":10000000000,"volume_type":"unified"},"state":"available","tags":[],"zone":"fr-par-1"},"ipv6":null,"location":null,"maintenances":[],"modification_date":"2023-02-14T13:39:06.400307+00:00","name":"foobar","organization":"ee7bd9e1-9cbd-4724-b2f4-19e50f3cf38b","placement_group":null,"private_ip":null,"private_nics":[],"project":"ee7bd9e1-9cbd-4724-b2f4-19e50f3cf38b","protected":false,"public_ip":null,"security_group":{"id":"a8f5f9bb-20a7-4244-9521-4cde6f510e0e","name":"Default
      security group"},"state":"stopped","state_detail":"","tags":[],"volumes":{"0":{"boot":false,"creation_date":"2023-02-14T13:37:30.246061+00:00","export_uri":null,"id":"13db37e0-7185-4505-b50f-3538f4632e48","modification_date":"2023-02-14T13:37:30.246061+00:00","name":"Ubuntu
      20.04 Focal Fossa","organization":"ee7bd9e1-9cbd-4724-b2f4-19e50f3cf38b","project":"ee7bd9e1-9cbd-4724-b2f4-19e50f3cf38b","server":{"id":"78180bd9-6811-45f1-bec2-166b782586dc","name":"foobar"},"size":20000000000,"state":"available","tags":[],"volume_type":"l_ssd","zone":"fr-par-1"}},"zone":"fr-par-1"}}'
    headers:
      Content-Length:
      - "2497"
      Content-Security-Policy:
      - default-src 'none'; frame-ancestors 'none'
      Content-Type:
      - application/json
      Date:
      - Tue, 14 Feb 2023 13:39:10 GMT
      Server:
      - Scaleway API-Gateway
      Strict-Transport-Security:
      - max-age=63072000
      X-Content-Type-Options:
      - nosniff
      X-Frame-Options:
      - DENY
      X-Request-Id:
      - d8b4d54d-0433-4485-b7d7-9af30458a530
    status: 200 OK
    code: 200
    duration: ""
- request:
    body: ""
    form: {}
    headers:
      User-Agent:
      - scaleway-sdk-go/v1.0.0-beta.7+dev (go1.19.1; linux; amd64) terraform-provider/develop
        terraform/terraform-tests
    url: https://api.scaleway.com/instance/v1/zones/fr-par-1/servers/78180bd9-6811-45f1-bec2-166b782586dc
    method: DELETE
  response:
    body: ""
    headers:
      Content-Security-Policy:
      - default-src 'none'; frame-ancestors 'none'
      Date:
      - Tue, 14 Feb 2023 13:39:10 GMT
      Server:
      - Scaleway API-Gateway
      Strict-Transport-Security:
      - max-age=63072000
      X-Content-Type-Options:
      - nosniff
      X-Frame-Options:
      - DENY
      X-Request-Id:
      - 38a9a7b5-fecf-462b-8abc-0b5a41396695
    status: 204 No Content
    code: 204
    duration: ""
- request:
    body: ""
    form: {}
    headers:
      User-Agent:
      - scaleway-sdk-go/v1.0.0-beta.7+dev (go1.19.1; linux; amd64) terraform-provider/develop
        terraform/terraform-tests
    url: https://api.scaleway.com/instance/v1/zones/fr-par-1/servers/78180bd9-6811-45f1-bec2-166b782586dc
    method: GET
  response:
    body: '{"message":"\"78180bd9-6811-45f1-bec2-166b782586dc\" not found","type":"unknown_resource"}'
    headers:
      Content-Length:
      - "93"
      Content-Security-Policy:
      - default-src 'none'; frame-ancestors 'none'
      Content-Type:
      - application/json
      Date:
      - Tue, 14 Feb 2023 13:39:10 GMT
      Server:
      - Scaleway API-Gateway
      Strict-Transport-Security:
      - max-age=63072000
      X-Content-Type-Options:
      - nosniff
      X-Frame-Options:
      - DENY
      X-Request-Id:
      - a9749306-8774-4d8f-a9ec-0e4f5416d493
    status: 404 Not Found
    code: 404
    duration: ""
- request:
    body: ""
    form: {}
    headers:
      User-Agent:
      - scaleway-sdk-go/v1.0.0-beta.7+dev (go1.19.1; linux; amd64) terraform-provider/develop
        terraform/terraform-tests
    url: https://api.scaleway.com/instance/v1/zones/fr-par-1/volumes/13db37e0-7185-4505-b50f-3538f4632e48
    method: DELETE
  response:
    body: ""
    headers:
      Content-Security-Policy:
      - default-src 'none'; frame-ancestors 'none'
      Date:
      - Tue, 14 Feb 2023 13:39:10 GMT
      Server:
      - Scaleway API-Gateway
      Strict-Transport-Security:
      - max-age=63072000
      X-Content-Type-Options:
      - nosniff
      X-Frame-Options:
      - DENY
      X-Request-Id:
      - 072e4d3d-5268-46f7-95b9-332286045b1b
    status: 204 No Content
    code: 204
    duration: ""
- request:
    body: ""
    form: {}
    headers:
      User-Agent:
      - scaleway-sdk-go/v1.0.0-beta.7+dev (go1.19.1; linux; amd64) terraform-provider/develop
        terraform/terraform-tests
    url: https://api.scaleway.com/instance/v1/zones/fr-par-1/volumes/a54a7202-3cd5-4d76-976e-0f05a780882e
    method: GET
  response:
    body: '{"message":"Volume ''a54a7202-3cd5-4d76-976e-0f05a780882e'' not found.","type":"unknown_resource"}'
    headers:
      Content-Length:
      - "99"
      Content-Security-Policy:
      - default-src 'none'; frame-ancestors 'none'
      Content-Type:
      - application/json
      Date:
      - Tue, 14 Feb 2023 13:39:11 GMT
      Server:
      - Scaleway API-Gateway
      Strict-Transport-Security:
      - max-age=63072000
      X-Content-Type-Options:
      - nosniff
      X-Frame-Options:
      - DENY
      X-Request-Id:
      - 62560c87-a31c-43ed-b82a-fc9bcd6b9270
    status: 404 Not Found
    code: 404
    duration: ""
- request:
    body: ""
    form: {}
    headers:
      User-Agent:
      - scaleway-sdk-go/v1.0.0-beta.7+dev (go1.19.1; linux; amd64) terraform-provider/develop
        terraform/terraform-tests
    url: https://api.scaleway.com/instance/v1/zones/fr-par-1/servers/78180bd9-6811-45f1-bec2-166b782586dc
    method: GET
  response:
    body: '{"message":"\"78180bd9-6811-45f1-bec2-166b782586dc\" not found","type":"unknown_resource"}'
    headers:
      Content-Length:
      - "93"
      Content-Security-Policy:
      - default-src 'none'; frame-ancestors 'none'
      Content-Type:
      - application/json
      Date:
      - Tue, 14 Feb 2023 13:39:11 GMT
      Server:
      - Scaleway API-Gateway
      Strict-Transport-Security:
      - max-age=63072000
      X-Content-Type-Options:
      - nosniff
      X-Frame-Options:
      - DENY
      X-Request-Id:
      - 07a0ab1e-df2c-40e1-bc83-a9fd2b73eb65
    status: 404 Not Found
    code: 404
    duration: ""
