---
version: 1
interactions:
- request:
    body: ""
    form: {}
    headers:
      User-Agent:
      - scaleway-sdk-go/v1.0.0-beta.7+dev (go1.20.4; darwin; amd64) terraform-provider/develop
        terraform/terraform-tests
    url: https://api.scaleway.com/marketplace/v2/local-images?image_label=ubuntu_jammy&order_by=created_at_asc&type=instance_local&zone=fr-par-1
    method: GET
  response:
    body: '{"local_images":[{"arch":"arm64","compatible_commercial_types":["AMP2-C1","AMP2-C2","AMP2-C4","AMP2-C8","AMP2-C12","AMP2-C24","AMP2-C48","AMP2-C60"],"id":"d3b9cc2d-37a2-46e8-918e-2443e7a1caab","label":"ubuntu_jammy","type":"unknown_type","zone":"fr-par-1"},{"arch":"x86_64","compatible_commercial_types":["DEV1-L","DEV1-M","DEV1-S","DEV1-XL","GP1-L","GP1-M","GP1-S","GP1-XL","GP1-XS","START1-L","START1-M","START1-S","START1-XS","VC1L","VC1M","VC1S","X64-120GB","X64-15GB","X64-30GB","X64-60GB","ENT1-XXS","ENT1-XS","ENT1-S","ENT1-M","ENT1-L","ENT1-XL","ENT1-2XL","PRO2-XXS","PRO2-XS","PRO2-S","PRO2-M","PRO2-L","STARDUST1-S","PLAY2-MICRO","PLAY2-NANO","PLAY2-PICO","POP2-2C-8G","POP2-4C-16G","POP2-8C-32G","POP2-16C-64G","POP2-32C-128G","POP2-64C-256G","POP2-HM-2C-16G","POP2-HM-4C-32G","POP2-HM-8C-64G","POP2-HM-16C-128G","POP2-HM-32C-256G","POP2-HM-64C-512G","POP2-HC-2C-4G","POP2-HC-4C-8G","POP2-HC-8C-16G","POP2-HC-16C-32G","POP2-HC-32C-64G","POP2-HC-64C-128G"],"id":"915cb204-e4b8-458e-9408-967a25a86f47","label":"ubuntu_jammy","type":"unknown_type","zone":"fr-par-1"}],"total_count":2}'
    headers:
      Content-Length:
      - "1092"
      Content-Security-Policy:
      - default-src 'none'; frame-ancestors 'none'
      Content-Type:
      - application/json
      Date:
      - Wed, 12 Jul 2023 09:52:56 GMT
      Server:
      - Scaleway API-Gateway
      Strict-Transport-Security:
      - max-age=63072000
      X-Content-Type-Options:
      - nosniff
      X-Frame-Options:
      - DENY
      X-Request-Id:
      - b964a4d6-cc8a-4a63-9fd9-f303b6647d18
    status: 200 OK
    code: 200
    duration: ""
- request:
    body: ""
    form: {}
    headers:
      User-Agent:
      - scaleway-sdk-go/v1.0.0-beta.7+dev (go1.20.4; darwin; amd64) terraform-provider/develop
        terraform/terraform-tests
    url: https://api.scaleway.com/instance/v1/zones/fr-par-1/products/servers?page=1
    method: GET
  response:
    body: '{"servers":{"DEV1-L":{"alt_names":[],"arch":"x86_64","baremetal":false,"capabilities":{"block_storage":true,"boot_types":["bootscript","rescue","local"],"default_boot_type":"local","hot_snapshots_local_volume":true,"placement_groups":true,"private_network":8},"gpu":0,"hourly_price":0.04952,"mig_profile":null,"monthly_price":36.1496,"ncpus":4,"network":{"interfaces":[{"internal_bandwidth":400000000,"internet_bandwidth":null},{"internal_bandwidth":null,"internet_bandwidth":400000000}],"ipv6_support":true,"sum_internal_bandwidth":400000000,"sum_internet_bandwidth":400000000},"per_volume_constraint":{"l_ssd":{"max_size":800000000000,"min_size":1000000000}},"ram":8589934592,"volumes_constraint":{"max_size":80000000000,"min_size":0}},"DEV1-M":{"alt_names":[],"arch":"x86_64","baremetal":false,"capabilities":{"block_storage":true,"boot_types":["bootscript","rescue","local"],"default_boot_type":"local","hot_snapshots_local_volume":true,"placement_groups":true,"private_network":8},"gpu":0,"hourly_price":0.02556,"mig_profile":null,"monthly_price":18.6588,"ncpus":3,"network":{"interfaces":[{"internal_bandwidth":300000000,"internet_bandwidth":null},{"internal_bandwidth":null,"internet_bandwidth":300000000}],"ipv6_support":true,"sum_internal_bandwidth":300000000,"sum_internet_bandwidth":300000000},"per_volume_constraint":{"l_ssd":{"max_size":800000000000,"min_size":1000000000}},"ram":4294967296,"volumes_constraint":{"max_size":40000000000,"min_size":0}},"DEV1-S":{"alt_names":[],"arch":"x86_64","baremetal":false,"capabilities":{"block_storage":true,"boot_types":["bootscript","rescue","local"],"default_boot_type":"local","hot_snapshots_local_volume":true,"placement_groups":true,"private_network":8},"gpu":0,"hourly_price":0.01368,"mig_profile":null,"monthly_price":9.9864,"ncpus":2,"network":{"interfaces":[{"internal_bandwidth":200000000,"internet_bandwidth":null},{"internal_bandwidth":null,"internet_bandwidth":200000000}],"ipv6_support":true,"sum_internal_bandwidth":200000000,"sum_internet_bandwidth":200000000},"per_volume_constraint":{"l_ssd":{"max_size":800000000000,"min_size":1000000000}},"ram":2147483648,"volumes_constraint":{"max_size":20000000000,"min_size":0}},"DEV1-XL":{"alt_names":[],"arch":"x86_64","baremetal":false,"capabilities":{"block_storage":true,"boot_types":["bootscript","rescue","local"],"default_boot_type":"local","hot_snapshots_local_volume":true,"placement_groups":true,"private_network":8},"gpu":0,"hourly_price":0.07308,"mig_profile":null,"monthly_price":53.3484,"ncpus":4,"network":{"interfaces":[{"internal_bandwidth":500000000,"internet_bandwidth":null},{"internal_bandwidth":null,"internet_bandwidth":500000000}],"ipv6_support":true,"sum_internal_bandwidth":500000000,"sum_internet_bandwidth":500000000},"per_volume_constraint":{"l_ssd":{"max_size":800000000000,"min_size":1000000000}},"ram":12884901888,"volumes_constraint":{"max_size":120000000000,"min_size":0}},"ENT1-2XL":{"alt_names":[],"arch":"x86_64","baremetal":false,"capabilities":{"block_storage":true,"boot_types":["rescue","local"],"default_boot_type":"local","hot_snapshots_local_volume":false,"placement_groups":true,"private_network":8},"gpu":0,"hourly_price":3.53,"mig_profile":null,"monthly_price":2576.9,"ncpus":96,"network":{"interfaces":[{"internal_bandwidth":20000000000,"internet_bandwidth":null},{"internal_bandwidth":null,"internet_bandwidth":20000000000}],"ipv6_support":true,"sum_internal_bandwidth":20000000000,"sum_internet_bandwidth":20000000000},"per_volume_constraint":{"l_ssd":{"max_size":0,"min_size":0}},"ram":412316860416,"volumes_constraint":{"max_size":0,"min_size":0}},"ENT1-L":{"alt_names":[],"arch":"x86_64","baremetal":false,"capabilities":{"block_storage":true,"boot_types":["rescue","local"],"default_boot_type":"local","hot_snapshots_local_volume":false,"placement_groups":true,"private_network":8},"gpu":0,"hourly_price":1.18,"mig_profile":null,"monthly_price":861.4,"ncpus":32,"network":{"interfaces":[{"internal_bandwidth":6400000000,"internet_bandwidth":null},{"internal_bandwidth":null,"internet_bandwidth":6400000000}],"ipv6_support":true,"sum_internal_bandwidth":6400000000,"sum_internet_bandwidth":6400000000},"per_volume_constraint":{"l_ssd":{"max_size":0,"min_size":0}},"ram":137438953472,"volumes_constraint":{"max_size":0,"min_size":0}},"ENT1-M":{"alt_names":[],"arch":"x86_64","baremetal":false,"capabilities":{"block_storage":true,"boot_types":["rescue","local"],"default_boot_type":"local","hot_snapshots_local_volume":false,"placement_groups":true,"private_network":8},"gpu":0,"hourly_price":0.59,"mig_profile":null,"monthly_price":430.7,"ncpus":16,"network":{"interfaces":[{"internal_bandwidth":3200000000,"internet_bandwidth":null},{"internal_bandwidth":null,"internet_bandwidth":3200000000}],"ipv6_support":true,"sum_internal_bandwidth":3200000000,"sum_internet_bandwidth":3200000000},"per_volume_constraint":{"l_ssd":{"max_size":0,"min_size":0}},"ram":68719476736,"volumes_constraint":{"max_size":0,"min_size":0}},"ENT1-S":{"alt_names":[],"arch":"x86_64","baremetal":false,"capabilities":{"block_storage":true,"boot_types":["rescue","local"],"default_boot_type":"local","hot_snapshots_local_volume":false,"placement_groups":true,"private_network":8},"gpu":0,"hourly_price":0.29,"mig_profile":null,"monthly_price":211.7,"ncpus":8,"network":{"interfaces":[{"internal_bandwidth":1600000000,"internet_bandwidth":null},{"internal_bandwidth":null,"internet_bandwidth":1600000000}],"ipv6_support":true,"sum_internal_bandwidth":1600000000,"sum_internet_bandwidth":1600000000},"per_volume_constraint":{"l_ssd":{"max_size":0,"min_size":0}},"ram":34359738368,"volumes_constraint":{"max_size":0,"min_size":0}},"ENT1-XL":{"alt_names":[],"arch":"x86_64","baremetal":false,"capabilities":{"block_storage":true,"boot_types":["rescue","local"],"default_boot_type":"local","hot_snapshots_local_volume":false,"placement_groups":true,"private_network":8},"gpu":0,"hourly_price":2.35,"mig_profile":null,"monthly_price":1715.5,"ncpus":64,"network":{"interfaces":[{"internal_bandwidth":12800000000,"internet_bandwidth":null},{"internal_bandwidth":null,"internet_bandwidth":12800000000}],"ipv6_support":true,"sum_internal_bandwidth":12800000000,"sum_internet_bandwidth":12800000000},"per_volume_constraint":{"l_ssd":{"max_size":0,"min_size":0}},"ram":274877906944,"volumes_constraint":{"max_size":0,"min_size":0}},"ENT1-XS":{"alt_names":[],"arch":"x86_64","baremetal":false,"capabilities":{"block_storage":true,"boot_types":["rescue","local"],"default_boot_type":"local","hot_snapshots_local_volume":false,"placement_groups":true,"private_network":8},"gpu":0,"hourly_price":0.147,"mig_profile":null,"monthly_price":107.31,"ncpus":4,"network":{"interfaces":[{"internal_bandwidth":800000000,"internet_bandwidth":null},{"internal_bandwidth":null,"internet_bandwidth":800000000}],"ipv6_support":true,"sum_internal_bandwidth":800000000,"sum_internet_bandwidth":800000000},"per_volume_constraint":{"l_ssd":{"max_size":0,"min_size":0}},"ram":17179869184,"volumes_constraint":{"max_size":0,"min_size":0}},"ENT1-XXS":{"alt_names":[],"arch":"x86_64","baremetal":false,"capabilities":{"block_storage":true,"boot_types":["rescue","local"],"default_boot_type":"local","hot_snapshots_local_volume":false,"placement_groups":true,"private_network":8},"gpu":0,"hourly_price":0.0735,"mig_profile":null,"monthly_price":53.655,"ncpus":2,"network":{"interfaces":[{"internal_bandwidth":400000000,"internet_bandwidth":null},{"internal_bandwidth":null,"internet_bandwidth":400000000}],"ipv6_support":true,"sum_internal_bandwidth":400000000,"sum_internet_bandwidth":400000000},"per_volume_constraint":{"l_ssd":{"max_size":0,"min_size":0}},"ram":8589934592,"volumes_constraint":{"max_size":0,"min_size":0}},"GP1-L":{"alt_names":[],"arch":"x86_64","baremetal":false,"capabilities":{"block_storage":true,"boot_types":["bootscript","rescue","local"],"default_boot_type":"local","hot_snapshots_local_volume":true,"placement_groups":true,"private_network":8},"gpu":0,"hourly_price":0.7894,"mig_profile":null,"monthly_price":576.262,"ncpus":32,"network":{"interfaces":[{"internal_bandwidth":5000000000,"internet_bandwidth":null},{"internal_bandwidth":null,"internet_bandwidth":5000000000}],"ipv6_support":true,"sum_internal_bandwidth":5000000000,"sum_internet_bandwidth":5000000000},"per_volume_constraint":{"l_ssd":{"max_size":800000000000,"min_size":1000000000}},"ram":137438953472,"volumes_constraint":{"max_size":600000000000,"min_size":0}},"GP1-M":{"alt_names":[],"arch":"x86_64","baremetal":false,"capabilities":{"block_storage":true,"boot_types":["bootscript","rescue","local"],"default_boot_type":"local","hot_snapshots_local_volume":true,"placement_groups":true,"private_network":8},"gpu":0,"hourly_price":0.4064,"mig_profile":null,"monthly_price":296.672,"ncpus":16,"network":{"interfaces":[{"internal_bandwidth":1500000000,"internet_bandwidth":null},{"internal_bandwidth":null,"internet_bandwidth":1500000000}],"ipv6_support":true,"sum_internal_bandwidth":1500000000,"sum_internet_bandwidth":1500000000},"per_volume_constraint":{"l_ssd":{"max_size":800000000000,"min_size":1000000000}},"ram":68719476736,"volumes_constraint":{"max_size":600000000000,"min_size":0}},"GP1-S":{"alt_names":[],"arch":"x86_64","baremetal":false,"capabilities":{"block_storage":true,"boot_types":["bootscript","rescue","local"],"default_boot_type":"local","hot_snapshots_local_volume":true,"placement_groups":true,"private_network":8},"gpu":0,"hourly_price":0.2042,"mig_profile":null,"monthly_price":149.066,"ncpus":8,"network":{"interfaces":[{"internal_bandwidth":800000000,"internet_bandwidth":null},{"internal_bandwidth":null,"internet_bandwidth":800000000}],"ipv6_support":true,"sum_internal_bandwidth":800000000,"sum_internet_bandwidth":800000000},"per_volume_constraint":{"l_ssd":{"max_size":800000000000,"min_size":1000000000}},"ram":34359738368,"volumes_constraint":{"max_size":300000000000,"min_size":0}},"GP1-VIZ":{"alt_names":[],"arch":"x86_64","baremetal":false,"capabilities":{"block_storage":true,"boot_types":["bootscript","rescue","local"],"default_boot_type":"local","hot_snapshots_local_volume":true,"placement_groups":true,"private_network":8},"gpu":0,"hourly_price":0.1,"mig_profile":null,"monthly_price":72,"ncpus":8,"network":{"interfaces":[{"internal_bandwidth":500000000,"internet_bandwidth":null},{"internal_bandwidth":null,"internet_bandwidth":500000000}],"ipv6_support":true,"sum_internal_bandwidth":500000000,"sum_internet_bandwidth":500000000},"per_volume_constraint":{"l_ssd":{"max_size":800000000000,"min_size":1000000000}},"ram":34359738368,"volumes_constraint":{"max_size":300000000000,"min_size":0}},"GP1-XL":{"alt_names":[],"arch":"x86_64","baremetal":false,"capabilities":{"block_storage":true,"boot_types":["bootscript","rescue","local"],"default_boot_type":"local","hot_snapshots_local_volume":true,"placement_groups":true,"private_network":8},"gpu":0,"hourly_price":1.6714,"mig_profile":null,"monthly_price":1220.122,"ncpus":48,"network":{"interfaces":[{"internal_bandwidth":10000000000,"internet_bandwidth":null},{"internal_bandwidth":null,"internet_bandwidth":10000000000}],"ipv6_support":true,"sum_internal_bandwidth":10000000000,"sum_internet_bandwidth":10000000000},"per_volume_constraint":{"l_ssd":{"max_size":800000000000,"min_size":1000000000}},"ram":274877906944,"volumes_constraint":{"max_size":600000000000,"min_size":0}},"GP1-XS":{"alt_names":[],"arch":"x86_64","baremetal":false,"capabilities":{"block_storage":true,"boot_types":["bootscript","rescue","local"],"default_boot_type":"local","hot_snapshots_local_volume":true,"placement_groups":true,"private_network":8},"gpu":0,"hourly_price":0.1016,"mig_profile":null,"monthly_price":74.168,"ncpus":4,"network":{"interfaces":[{"internal_bandwidth":500000000,"internet_bandwidth":null},{"internal_bandwidth":null,"internet_bandwidth":500000000}],"ipv6_support":true,"sum_internal_bandwidth":500000000,"sum_internet_bandwidth":500000000},"per_volume_constraint":{"l_ssd":{"max_size":800000000000,"min_size":1000000000}},"ram":17179869184,"volumes_constraint":{"max_size":150000000000,"min_size":0}},"PLAY2-MICRO":{"alt_names":[],"arch":"x86_64","baremetal":false,"capabilities":{"block_storage":true,"boot_types":["rescue","local"],"default_boot_type":"local","hot_snapshots_local_volume":false,"placement_groups":true,"private_network":8},"gpu":0,"hourly_price":0.054,"mig_profile":null,"monthly_price":39.42,"ncpus":4,"network":{"interfaces":[{"internal_bandwidth":400000000,"internet_bandwidth":null},{"internal_bandwidth":null,"internet_bandwidth":400000000}],"ipv6_support":true,"sum_internal_bandwidth":400000000,"sum_internet_bandwidth":400000000},"per_volume_constraint":{"l_ssd":{"max_size":0,"min_size":0}},"ram":8589934592,"volumes_constraint":{"max_size":0,"min_size":0}},"PLAY2-NANO":{"alt_names":[],"arch":"x86_64","baremetal":false,"capabilities":{"block_storage":true,"boot_types":["rescue","local"],"default_boot_type":"local","hot_snapshots_local_volume":false,"placement_groups":true,"private_network":8},"gpu":0,"hourly_price":0.027,"mig_profile":null,"monthly_price":19.71,"ncpus":2,"network":{"interfaces":[{"internal_bandwidth":200000000,"internet_bandwidth":null},{"internal_bandwidth":null,"internet_bandwidth":200000000}],"ipv6_support":true,"sum_internal_bandwidth":200000000,"sum_internet_bandwidth":200000000},"per_volume_constraint":{"l_ssd":{"max_size":0,"min_size":0}},"ram":4294967296,"volumes_constraint":{"max_size":0,"min_size":0}},"PLAY2-PICO":{"alt_names":[],"arch":"x86_64","baremetal":false,"capabilities":{"block_storage":true,"boot_types":["rescue","local"],"default_boot_type":"local","hot_snapshots_local_volume":false,"placement_groups":true,"private_network":8},"gpu":0,"hourly_price":0.014,"mig_profile":null,"monthly_price":10.22,"ncpus":1,"network":{"interfaces":[{"internal_bandwidth":100000000,"internet_bandwidth":null},{"internal_bandwidth":null,"internet_bandwidth":100000000}],"ipv6_support":true,"sum_internal_bandwidth":100000000,"sum_internet_bandwidth":100000000},"per_volume_constraint":{"l_ssd":{"max_size":0,"min_size":0}},"ram":2147483648,"volumes_constraint":{"max_size":0,"min_size":0}},"POP2-16C-64G":{"alt_names":[],"arch":"x86_64","baremetal":false,"capabilities":{"block_storage":true,"boot_types":["rescue","local"],"default_boot_type":"local","hot_snapshots_local_volume":false,"placement_groups":true,"private_network":8},"gpu":0,"hourly_price":0.59,"mig_profile":null,"monthly_price":430.7,"ncpus":16,"network":{"interfaces":[{"internal_bandwidth":3200000000,"internet_bandwidth":null},{"internal_bandwidth":null,"internet_bandwidth":3200000000}],"ipv6_support":true,"sum_internal_bandwidth":3200000000,"sum_internet_bandwidth":3200000000},"per_volume_constraint":{"l_ssd":{"max_size":0,"min_size":0}},"ram":68719476736,"volumes_constraint":{"max_size":0,"min_size":0}},"POP2-2C-8G":{"alt_names":[],"arch":"x86_64","baremetal":false,"capabilities":{"block_storage":true,"boot_types":["rescue","local"],"default_boot_type":"local","hot_snapshots_local_volume":false,"placement_groups":true,"private_network":8},"gpu":0,"hourly_price":0.0735,"mig_profile":null,"monthly_price":53.66,"ncpus":2,"network":{"interfaces":[{"internal_bandwidth":400000000,"internet_bandwidth":null},{"internal_bandwidth":null,"internet_bandwidth":400000000}],"ipv6_support":true,"sum_internal_bandwidth":400000000,"sum_internet_bandwidth":400000000},"per_volume_constraint":{"l_ssd":{"max_size":0,"min_size":0}},"ram":8589934592,"volumes_constraint":{"max_size":0,"min_size":0}},"POP2-32C-128G":{"alt_names":[],"arch":"x86_64","baremetal":false,"capabilities":{"block_storage":true,"boot_types":["rescue","local"],"default_boot_type":"local","hot_snapshots_local_volume":false,"placement_groups":true,"private_network":8},"gpu":0,"hourly_price":1.18,"mig_profile":null,"monthly_price":861.4,"ncpus":32,"network":{"interfaces":[{"internal_bandwidth":6400000000,"internet_bandwidth":null},{"internal_bandwidth":null,"internet_bandwidth":6400000000}],"ipv6_support":true,"sum_internal_bandwidth":6400000000,"sum_internet_bandwidth":6400000000},"per_volume_constraint":{"l_ssd":{"max_size":0,"min_size":0}},"ram":137438953472,"volumes_constraint":{"max_size":0,"min_size":0}},"POP2-4C-16G":{"alt_names":[],"arch":"x86_64","baremetal":false,"capabilities":{"block_storage":true,"boot_types":["rescue","local"],"default_boot_type":"local","hot_snapshots_local_volume":false,"placement_groups":true,"private_network":8},"gpu":0,"hourly_price":0.147,"mig_profile":null,"monthly_price":107.31,"ncpus":4,"network":{"interfaces":[{"internal_bandwidth":800000000,"internet_bandwidth":null},{"internal_bandwidth":null,"internet_bandwidth":800000000}],"ipv6_support":true,"sum_internal_bandwidth":800000000,"sum_internet_bandwidth":800000000},"per_volume_constraint":{"l_ssd":{"max_size":0,"min_size":0}},"ram":17179869184,"volumes_constraint":{"max_size":0,"min_size":0}},"POP2-64C-256G":{"alt_names":[],"arch":"x86_64","baremetal":false,"capabilities":{"block_storage":true,"boot_types":["rescue","local"],"default_boot_type":"local","hot_snapshots_local_volume":false,"placement_groups":true,"private_network":8},"gpu":0,"hourly_price":2.35,"mig_profile":null,"monthly_price":1715.5,"ncpus":64,"network":{"interfaces":[{"internal_bandwidth":12800000000,"internet_bandwidth":null},{"internal_bandwidth":null,"internet_bandwidth":12800000000}],"ipv6_support":true,"sum_internal_bandwidth":12800000000,"sum_internet_bandwidth":12800000000},"per_volume_constraint":{"l_ssd":{"max_size":0,"min_size":0}},"ram":274877906944,"volumes_constraint":{"max_size":0,"min_size":0}},"POP2-8C-32G":{"alt_names":[],"arch":"x86_64","baremetal":false,"capabilities":{"block_storage":true,"boot_types":["rescue","local"],"default_boot_type":"local","hot_snapshots_local_volume":false,"placement_groups":true,"private_network":8},"gpu":0,"hourly_price":0.29,"mig_profile":null,"monthly_price":211.7,"ncpus":8,"network":{"interfaces":[{"internal_bandwidth":1600000000,"internet_bandwidth":null},{"internal_bandwidth":null,"internet_bandwidth":1600000000}],"ipv6_support":true,"sum_internal_bandwidth":1600000000,"sum_internet_bandwidth":1600000000},"per_volume_constraint":{"l_ssd":{"max_size":0,"min_size":0}},"ram":34359738368,"volumes_constraint":{"max_size":0,"min_size":0}},"POP2-HC-16C-32G":{"alt_names":[],"arch":"x86_64","baremetal":false,"capabilities":{"block_storage":true,"boot_types":["rescue","local"],"default_boot_type":"local","hot_snapshots_local_volume":false,"placement_groups":true,"private_network":8},"gpu":0,"hourly_price":0.4256,"mig_profile":null,"monthly_price":310.69,"ncpus":16,"network":{"interfaces":[{"internal_bandwidth":3200000000,"internet_bandwidth":null},{"internal_bandwidth":null,"internet_bandwidth":3200000000}],"ipv6_support":true,"sum_internal_bandwidth":3200000000,"sum_internet_bandwidth":3200000000},"per_volume_constraint":{"l_ssd":{"max_size":0,"min_size":0}},"ram":34359738368,"volumes_constraint":{"max_size":0,"min_size":0}},"POP2-HC-2C-4G":{"alt_names":[],"arch":"x86_64","baremetal":false,"capabilities":{"block_storage":true,"boot_types":["rescue","local"],"default_boot_type":"local","hot_snapshots_local_volume":false,"placement_groups":true,"private_network":8},"gpu":0,"hourly_price":0.0532,"mig_profile":null,"monthly_price":38.84,"ncpus":2,"network":{"interfaces":[{"internal_bandwidth":400000000,"internet_bandwidth":null},{"internal_bandwidth":null,"internet_bandwidth":400000000}],"ipv6_support":true,"sum_internal_bandwidth":400000000,"sum_internet_bandwidth":400000000},"per_volume_constraint":{"l_ssd":{"max_size":0,"min_size":0}},"ram":4294967296,"volumes_constraint":{"max_size":0,"min_size":0}},"POP2-HC-32C-64G":{"alt_names":[],"arch":"x86_64","baremetal":false,"capabilities":{"block_storage":true,"boot_types":["rescue","local"],"default_boot_type":"local","hot_snapshots_local_volume":false,"placement_groups":true,"private_network":8},"gpu":0,"hourly_price":0.8512,"mig_profile":null,"monthly_price":621.38,"ncpus":32,"network":{"interfaces":[{"internal_bandwidth":6400000000,"internet_bandwidth":null},{"internal_bandwidth":null,"internet_bandwidth":6400000000}],"ipv6_support":true,"sum_internal_bandwidth":6400000000,"sum_internet_bandwidth":6400000000},"per_volume_constraint":{"l_ssd":{"max_size":0,"min_size":0}},"ram":68719476736,"volumes_constraint":{"max_size":0,"min_size":0}},"POP2-HC-4C-8G":{"alt_names":[],"arch":"x86_64","baremetal":false,"capabilities":{"block_storage":true,"boot_types":["rescue","local"],"default_boot_type":"local","hot_snapshots_local_volume":false,"placement_groups":true,"private_network":8},"gpu":0,"hourly_price":0.1064,"mig_profile":null,"monthly_price":77.67,"ncpus":4,"network":{"interfaces":[{"internal_bandwidth":800000000,"internet_bandwidth":null},{"internal_bandwidth":null,"internet_bandwidth":800000000}],"ipv6_support":true,"sum_internal_bandwidth":800000000,"sum_internet_bandwidth":800000000},"per_volume_constraint":{"l_ssd":{"max_size":0,"min_size":0}},"ram":8589934592,"volumes_constraint":{"max_size":0,"min_size":0}},"POP2-HC-64C-128G":{"alt_names":[],"arch":"x86_64","baremetal":false,"capabilities":{"block_storage":true,"boot_types":["rescue","local"],"default_boot_type":"local","hot_snapshots_local_volume":false,"placement_groups":true,"private_network":8},"gpu":0,"hourly_price":1.7024,"mig_profile":null,"monthly_price":1242.75,"ncpus":64,"network":{"interfaces":[{"internal_bandwidth":12800000000,"internet_bandwidth":null},{"internal_bandwidth":null,"internet_bandwidth":12800000000}],"ipv6_support":true,"sum_internal_bandwidth":12800000000,"sum_internet_bandwidth":12800000000},"per_volume_constraint":{"l_ssd":{"max_size":0,"min_size":0}},"ram":137438953472,"volumes_constraint":{"max_size":0,"min_size":0}},"POP2-HC-8C-16G":{"alt_names":[],"arch":"x86_64","baremetal":false,"capabilities":{"block_storage":true,"boot_types":["rescue","local"],"default_boot_type":"local","hot_snapshots_local_volume":false,"placement_groups":true,"private_network":8},"gpu":0,"hourly_price":0.2128,"mig_profile":null,"monthly_price":155.34,"ncpus":8,"network":{"interfaces":[{"internal_bandwidth":1600000000,"internet_bandwidth":null},{"internal_bandwidth":null,"internet_bandwidth":1600000000}],"ipv6_support":true,"sum_internal_bandwidth":1600000000,"sum_internet_bandwidth":1600000000},"per_volume_constraint":{"l_ssd":{"max_size":0,"min_size":0}},"ram":17179869184,"volumes_constraint":{"max_size":0,"min_size":0}},"POP2-HM-16C-128G":{"alt_names":[],"arch":"x86_64","baremetal":false,"capabilities":{"block_storage":true,"boot_types":["rescue","local"],"default_boot_type":"local","hot_snapshots_local_volume":false,"placement_groups":true,"private_network":8},"gpu":0,"hourly_price":0.824,"mig_profile":null,"monthly_price":601.52,"ncpus":16,"network":{"interfaces":[{"internal_bandwidth":3200000000,"internet_bandwidth":null},{"internal_bandwidth":null,"internet_bandwidth":3200000000}],"ipv6_support":true,"sum_internal_bandwidth":3200000000,"sum_internet_bandwidth":3200000000},"per_volume_constraint":{"l_ssd":{"max_size":0,"min_size":0}},"ram":137438953472,"volumes_constraint":{"max_size":0,"min_size":0}},"POP2-HM-2C-16G":{"alt_names":[],"arch":"x86_64","baremetal":false,"capabilities":{"block_storage":true,"boot_types":["rescue","local"],"default_boot_type":"local","hot_snapshots_local_volume":false,"placement_groups":true,"private_network":8},"gpu":0,"hourly_price":0.103,"mig_profile":null,"monthly_price":75.19,"ncpus":2,"network":{"interfaces":[{"internal_bandwidth":400000000,"internet_bandwidth":null},{"internal_bandwidth":null,"internet_bandwidth":400000000}],"ipv6_support":true,"sum_internal_bandwidth":400000000,"sum_internet_bandwidth":400000000},"per_volume_constraint":{"l_ssd":{"max_size":0,"min_size":0}},"ram":17179869184,"volumes_constraint":{"max_size":0,"min_size":0}},"POP2-HM-32C-256G":{"alt_names":[],"arch":"x86_64","baremetal":false,"capabilities":{"block_storage":true,"boot_types":["rescue","local"],"default_boot_type":"local","hot_snapshots_local_volume":false,"placement_groups":true,"private_network":8},"gpu":0,"hourly_price":1.648,"mig_profile":null,"monthly_price":1203.04,"ncpus":32,"network":{"interfaces":[{"internal_bandwidth":6400000000,"internet_bandwidth":null},{"internal_bandwidth":null,"internet_bandwidth":6400000000}],"ipv6_support":true,"sum_internal_bandwidth":6400000000,"sum_internet_bandwidth":6400000000},"per_volume_constraint":{"l_ssd":{"max_size":0,"min_size":0}},"ram":274877906944,"volumes_constraint":{"max_size":0,"min_size":0}},"POP2-HM-4C-32G":{"alt_names":[],"arch":"x86_64","baremetal":false,"capabilities":{"block_storage":true,"boot_types":["rescue","local"],"default_boot_type":"local","hot_snapshots_local_volume":false,"placement_groups":true,"private_network":8},"gpu":0,"hourly_price":0.206,"mig_profile":null,"monthly_price":150.38,"ncpus":4,"network":{"interfaces":[{"internal_bandwidth":800000000,"internet_bandwidth":null},{"internal_bandwidth":null,"internet_bandwidth":800000000}],"ipv6_support":true,"sum_internal_bandwidth":800000000,"sum_internet_bandwidth":800000000},"per_volume_constraint":{"l_ssd":{"max_size":0,"min_size":0}},"ram":34359738368,"volumes_constraint":{"max_size":0,"min_size":0}},"POP2-HM-64C-512G":{"alt_names":[],"arch":"x86_64","baremetal":false,"capabilities":{"block_storage":true,"boot_types":["rescue","local"],"default_boot_type":"local","hot_snapshots_local_volume":false,"placement_groups":true,"private_network":8},"gpu":0,"hourly_price":3.296,"mig_profile":null,"monthly_price":2406.08,"ncpus":64,"network":{"interfaces":[{"internal_bandwidth":12800000000,"internet_bandwidth":null},{"internal_bandwidth":null,"internet_bandwidth":12800000000}],"ipv6_support":true,"sum_internal_bandwidth":12800000000,"sum_internet_bandwidth":12800000000},"per_volume_constraint":{"l_ssd":{"max_size":0,"min_size":0}},"ram":549755813888,"volumes_constraint":{"max_size":0,"min_size":0}},"POP2-HM-8C-64G":{"alt_names":[],"arch":"x86_64","baremetal":false,"capabilities":{"block_storage":true,"boot_types":["rescue","local"],"default_boot_type":"local","hot_snapshots_local_volume":false,"placement_groups":true,"private_network":8},"gpu":0,"hourly_price":0.412,"mig_profile":null,"monthly_price":300.76,"ncpus":8,"network":{"interfaces":[{"internal_bandwidth":1600000000,"internet_bandwidth":null},{"internal_bandwidth":null,"internet_bandwidth":1600000000}],"ipv6_support":true,"sum_internal_bandwidth":1600000000,"sum_internet_bandwidth":1600000000},"per_volume_constraint":{"l_ssd":{"max_size":0,"min_size":0}},"ram":68719476736,"volumes_constraint":{"max_size":0,"min_size":0}},"PRO2-L":{"alt_names":[],"arch":"x86_64","baremetal":false,"capabilities":{"block_storage":true,"boot_types":["rescue","local"],"default_boot_type":"local","hot_snapshots_local_volume":false,"placement_groups":true,"private_network":8},"gpu":0,"hourly_price":0.877,"mig_profile":null,"monthly_price":640.21,"ncpus":32,"network":{"interfaces":[{"internal_bandwidth":6000000000,"internet_bandwidth":null},{"internal_bandwidth":null,"internet_bandwidth":6000000000}],"ipv6_support":true,"sum_internal_bandwidth":6000000000,"sum_internet_bandwidth":6000000000},"per_volume_constraint":{"l_ssd":{"max_size":0,"min_size":0}},"ram":137438953472,"volumes_constraint":{"max_size":0,"min_size":0}},"PRO2-M":{"alt_names":[],"arch":"x86_64","baremetal":false,"capabilities":{"block_storage":true,"boot_types":["rescue","local"],"default_boot_type":"local","hot_snapshots_local_volume":false,"placement_groups":true,"private_network":8},"gpu":0,"hourly_price":0.438,"mig_profile":null,"monthly_price":319.74,"ncpus":16,"network":{"interfaces":[{"internal_bandwidth":3000000000,"internet_bandwidth":null},{"internal_bandwidth":null,"internet_bandwidth":3000000000}],"ipv6_support":true,"sum_internal_bandwidth":3000000000,"sum_internet_bandwidth":3000000000},"per_volume_constraint":{"l_ssd":{"max_size":0,"min_size":0}},"ram":68719476736,"volumes_constraint":{"max_size":0,"min_size":0}},"PRO2-S":{"alt_names":[],"arch":"x86_64","baremetal":false,"capabilities":{"block_storage":true,"boot_types":["rescue","local"],"default_boot_type":"local","hot_snapshots_local_volume":false,"placement_groups":true,"private_network":8},"gpu":0,"hourly_price":0.219,"mig_profile":null,"monthly_price":159.87,"ncpus":8,"network":{"interfaces":[{"internal_bandwidth":1500000000,"internet_bandwidth":null},{"internal_bandwidth":null,"internet_bandwidth":1500000000}],"ipv6_support":true,"sum_internal_bandwidth":1500000000,"sum_internet_bandwidth":1500000000},"per_volume_constraint":{"l_ssd":{"max_size":0,"min_size":0}},"ram":34359738368,"volumes_constraint":{"max_size":0,"min_size":0}},"PRO2-XS":{"alt_names":[],"arch":"x86_64","baremetal":false,"capabilities":{"block_storage":true,"boot_types":["rescue","local"],"default_boot_type":"local","hot_snapshots_local_volume":false,"placement_groups":true,"private_network":8},"gpu":0,"hourly_price":0.11,"mig_profile":null,"monthly_price":80.3,"ncpus":4,"network":{"interfaces":[{"internal_bandwidth":700000000,"internet_bandwidth":null},{"internal_bandwidth":null,"internet_bandwidth":700000000}],"ipv6_support":true,"sum_internal_bandwidth":700000000,"sum_internet_bandwidth":700000000},"per_volume_constraint":{"l_ssd":{"max_size":0,"min_size":0}},"ram":17179869184,"volumes_constraint":{"max_size":0,"min_size":0}},"PRO2-XXS":{"alt_names":[],"arch":"x86_64","baremetal":false,"capabilities":{"block_storage":true,"boot_types":["rescue","local"],"default_boot_type":"local","hot_snapshots_local_volume":false,"placement_groups":true,"private_network":8},"gpu":0,"hourly_price":0.055,"mig_profile":null,"monthly_price":40.15,"ncpus":2,"network":{"interfaces":[{"internal_bandwidth":350000000,"internet_bandwidth":null},{"internal_bandwidth":null,"internet_bandwidth":350000000}],"ipv6_support":true,"sum_internal_bandwidth":350000000,"sum_internet_bandwidth":350000000},"per_volume_constraint":{"l_ssd":{"max_size":0,"min_size":0}},"ram":8589934592,"volumes_constraint":{"max_size":0,"min_size":0}},"RENDER-S":{"alt_names":[],"arch":"x86_64","baremetal":false,"capabilities":{"block_storage":true,"boot_types":["local","rescue"],"default_boot_type":"local","hot_snapshots_local_volume":true,"placement_groups":true,"private_network":8},"gpu":1,"hourly_price":1.2426,"mig_profile":null,"monthly_price":907.098,"ncpus":10,"network":{"interfaces":[{"internal_bandwidth":1000000000,"internet_bandwidth":null},{"internal_bandwidth":null,"internet_bandwidth":1000000000}],"ipv6_support":true,"sum_internal_bandwidth":1000000000,"sum_internet_bandwidth":1000000000},"per_volume_constraint":{"l_ssd":{"max_size":800000000000,"min_size":1000000000}},"ram":45097156608,"volumes_constraint":{"max_size":400000000000,"min_size":0}},"STARDUST1-S":{"alt_names":[],"arch":"x86_64","baremetal":false,"capabilities":{"block_storage":true,"boot_types":["bootscript","rescue","local"],"default_boot_type":"local","hot_snapshots_local_volume":true,"placement_groups":true,"private_network":8},"gpu":0,"hourly_price":0.00459,"mig_profile":null,"monthly_price":3.3507,"ncpus":1,"network":{"interfaces":[{"internal_bandwidth":100000000,"internet_bandwidth":null},{"internal_bandwidth":null,"internet_bandwidth":100000000}],"ipv6_support":true,"sum_internal_bandwidth":100000000,"sum_internet_bandwidth":100000000},"per_volume_constraint":{"l_ssd":{"max_size":800000000000,"min_size":1000000000}},"ram":1073741824,"volumes_constraint":{"max_size":10000000000,"min_size":0}},"START1-L":{"alt_names":[],"arch":"x86_64","baremetal":false,"capabilities":{"block_storage":true,"boot_types":["bootscript","rescue","local"],"default_boot_type":"bootscript","hot_snapshots_local_volume":true,"placement_groups":true,"private_network":0},"gpu":0,"hourly_price":0.0368,"mig_profile":null,"monthly_price":26.864,"ncpus":8,"network":{"interfaces":[{"internal_bandwidth":null,"internet_bandwidth":400000000}],"ipv6_support":true,"sum_internal_bandwidth":104857600,"sum_internet_bandwidth":400000000},"per_volume_constraint":{"l_ssd":{"max_size":200000000000,"min_size":1000000000}},"ram":8589934592,"volumes_constraint":{"max_size":200000000000,"min_size":200000000000}},"START1-M":{"alt_names":[],"arch":"x86_64","baremetal":false,"capabilities":{"block_storage":true,"boot_types":["bootscript","rescue","local"],"default_boot_type":"bootscript","hot_snapshots_local_volume":true,"placement_groups":true,"private_network":0},"gpu":0,"hourly_price":0.0194,"mig_profile":null,"monthly_price":14.162,"ncpus":4,"network":{"interfaces":[{"internal_bandwidth":null,"internet_bandwidth":300000000}],"ipv6_support":true,"sum_internal_bandwidth":104857600,"sum_internet_bandwidth":300000000},"per_volume_constraint":{"l_ssd":{"max_size":200000000000,"min_size":1000000000}},"ram":4294967296,"volumes_constraint":{"max_size":100000000000,"min_size":100000000000}},"START1-S":{"alt_names":[],"arch":"x86_64","baremetal":false,"capabilities":{"block_storage":true,"boot_types":["bootscript","rescue","local"],"default_boot_type":"bootscript","hot_snapshots_local_volume":true,"placement_groups":true,"private_network":0},"gpu":0,"hourly_price":0.0106,"mig_profile":null,"monthly_price":7.738,"ncpus":2,"network":{"interfaces":[{"internal_bandwidth":null,"internet_bandwidth":200000000}],"ipv6_support":true,"sum_internal_bandwidth":104857600,"sum_internet_bandwidth":200000000},"per_volume_constraint":{"l_ssd":{"max_size":200000000000,"min_size":1000000000}},"ram":2147483648,"volumes_constraint":{"max_size":50000000000,"min_size":50000000000}},"START1-XS":{"alt_names":[],"arch":"x86_64","baremetal":false,"capabilities":{"block_storage":true,"boot_types":["bootscript","rescue","local"],"default_boot_type":"bootscript","hot_snapshots_local_volume":true,"placement_groups":true,"private_network":0},"gpu":0,"hourly_price":0.0062,"mig_profile":null,"monthly_price":4.526,"ncpus":1,"network":{"interfaces":[{"internal_bandwidth":null,"internet_bandwidth":100000000}],"ipv6_support":true,"sum_internal_bandwidth":104857600,"sum_internet_bandwidth":100000000},"per_volume_constraint":{"l_ssd":{"max_size":200000000000,"min_size":1000000000}},"ram":1073741824,"volumes_constraint":{"max_size":25000000000,"min_size":25000000000}},"VC1L":{"alt_names":["X64-8GB"],"arch":"x86_64","baremetal":false,"capabilities":{"block_storage":true,"boot_types":["bootscript","rescue","local"],"default_boot_type":"bootscript","hot_snapshots_local_volume":true,"placement_groups":true,"private_network":0},"gpu":0,"hourly_price":0.02468,"mig_profile":null,"monthly_price":18.0164,"ncpus":6,"network":{"interfaces":[{"internal_bandwidth":null,"internet_bandwidth":200000000}],"ipv6_support":true,"sum_internal_bandwidth":104857600,"sum_internet_bandwidth":200000000},"per_volume_constraint":{"l_ssd":{"max_size":200000000000,"min_size":1000000000}},"ram":8589934592,"volumes_constraint":{"max_size":200000000000,"min_size":200000000000}}}}'
    headers:
      Content-Length:
      - "37931"
      Content-Security-Policy:
      - default-src 'none'; frame-ancestors 'none'
      Content-Type:
      - application/json
      Date:
      - Wed, 12 Jul 2023 09:52:56 GMT
      Link:
      - </products/servers?page=2&per_page=50&>; rel="next",</products/servers?page=2&per_page=50&>;
        rel="last"
      Server:
      - Scaleway API-Gateway
      Strict-Transport-Security:
      - max-age=63072000
      X-Content-Type-Options:
      - nosniff
      X-Frame-Options:
      - DENY
      X-Request-Id:
      - 2cf8d216-6141-46e4-b31a-2608b7b0bd60
      X-Total-Count:
      - "56"
    status: 200 OK
    code: 200
    duration: ""
- request:
    body: '{"name":"TestAccScalewayInstancePrivateNIC_Tags","project_id":"564aa517-68b0-4fd7-8c8c-d21c4bcdcbd5","tags":null,"subnets":null,"vpc_id":null}'
    form: {}
    headers:
      Content-Type:
      - application/json
      User-Agent:
      - scaleway-sdk-go/v1.0.0-beta.7+dev (go1.20.4; darwin; amd64) terraform-provider/develop
        terraform/terraform-tests
    url: https://api.scaleway.com/vpc/v2/regions/fr-par/private-networks
    method: POST
  response:
    body: '{"created_at":"2023-07-12T09:52:56.301817Z","dhcp_enabled":false,"id":"eb3393ff-daed-44e7-aee3-11bc0e1f030e","name":"TestAccScalewayInstancePrivateNIC_Tags","organization_id":"564aa517-68b0-4fd7-8c8c-d21c4bcdcbd5","project_id":"564aa517-68b0-4fd7-8c8c-d21c4bcdcbd5","region":"fr-par","subnets":[{"created_at":"2023-07-12T09:52:56.301817Z","id":"811d5f4a-283e-4fb6-bcba-7634546fc617","subnet":"172.16.24.0/22","updated_at":"2023-07-12T09:52:56.301817Z"},{"created_at":"2023-07-12T09:52:56.301817Z","id":"cb71d035-17a6-4e45-8adc-50d8287158d6","subnet":"fd46:78ab:30b8:4b30::/64","updated_at":"2023-07-12T09:52:56.301817Z"}],"tags":[],"updated_at":"2023-07-12T09:52:56.301817Z","vpc_id":"086a5171-f7ab-4667-a231-840a81203f19"}'
    headers:
      Content-Length:
      - "723"
      Content-Security-Policy:
      - default-src 'none'; frame-ancestors 'none'
      Content-Type:
      - application/json
      Date:
      - Wed, 12 Jul 2023 09:52:56 GMT
      Server:
      - Scaleway API-Gateway
      Strict-Transport-Security:
      - max-age=63072000
      X-Content-Type-Options:
      - nosniff
      X-Frame-Options:
      - DENY
      X-Request-Id:
      - 4085e8a2-38d8-49d3-abdd-b113902aa816
    status: 200 OK
    code: 200
    duration: ""
- request:
    body: ""
    form: {}
    headers:
      User-Agent:
      - scaleway-sdk-go/v1.0.0-beta.7+dev (go1.20.4; darwin; amd64) terraform-provider/develop
        terraform/terraform-tests
    url: https://api.scaleway.com/instance/v1/zones/fr-par-1/products/servers?page=2
    method: GET
  response:
    body: '{"servers":{"VC1M":{"alt_names":["X64-4GB"],"arch":"x86_64","baremetal":false,"capabilities":{"block_storage":true,"boot_types":["bootscript","rescue","local"],"default_boot_type":"bootscript","hot_snapshots_local_volume":true,"placement_groups":true,"private_network":0},"gpu":0,"hourly_price":0.01555,"mig_profile":null,"monthly_price":11.3515,"ncpus":4,"network":{"interfaces":[{"internal_bandwidth":null,"internet_bandwidth":200000000}],"ipv6_support":true,"sum_internal_bandwidth":104857600,"sum_internet_bandwidth":200000000},"per_volume_constraint":{"l_ssd":{"max_size":200000000000,"min_size":1000000000}},"ram":4294967296,"volumes_constraint":{"max_size":100000000000,"min_size":100000000000}},"VC1S":{"alt_names":["X64-2GB"],"arch":"x86_64","baremetal":false,"capabilities":{"block_storage":true,"boot_types":["bootscript","rescue","local"],"default_boot_type":"bootscript","hot_snapshots_local_volume":true,"placement_groups":true,"private_network":0},"gpu":0,"hourly_price":0.00862,"mig_profile":null,"monthly_price":6.2926,"ncpus":2,"network":{"interfaces":[{"internal_bandwidth":null,"internet_bandwidth":200000000}],"ipv6_support":true,"sum_internal_bandwidth":104857600,"sum_internet_bandwidth":200000000},"per_volume_constraint":{"l_ssd":{"max_size":200000000000,"min_size":1000000000}},"ram":2147483648,"volumes_constraint":{"max_size":50000000000,"min_size":50000000000}},"X64-120GB":{"alt_names":[],"arch":"x86_64","baremetal":false,"capabilities":{"block_storage":true,"boot_types":["bootscript","rescue","local"],"default_boot_type":"bootscript","hot_snapshots_local_volume":true,"placement_groups":true,"private_network":0},"gpu":0,"hourly_price":0.42574,"mig_profile":null,"monthly_price":310.7902,"ncpus":12,"network":{"interfaces":[{"internal_bandwidth":null,"internet_bandwidth":1000000000}],"ipv6_support":true,"sum_internal_bandwidth":104857600,"sum_internet_bandwidth":1000000000},"per_volume_constraint":{"l_ssd":{"max_size":200000000000,"min_size":1000000000}},"ram":128849018880,"volumes_constraint":{"max_size":1000000000000,"min_size":500000000000}},"X64-15GB":{"alt_names":[],"arch":"x86_64","baremetal":false,"capabilities":{"block_storage":true,"boot_types":["bootscript","rescue","local"],"default_boot_type":"bootscript","hot_snapshots_local_volume":true,"placement_groups":true,"private_network":0},"gpu":0,"hourly_price":0.06032,"mig_profile":null,"monthly_price":44.0336,"ncpus":6,"network":{"interfaces":[{"internal_bandwidth":null,"internet_bandwidth":250000000}],"ipv6_support":true,"sum_internal_bandwidth":104857600,"sum_internet_bandwidth":250000000},"per_volume_constraint":{"l_ssd":{"max_size":200000000000,"min_size":1000000000}},"ram":16106127360,"volumes_constraint":{"max_size":200000000000,"min_size":200000000000}},"X64-30GB":{"alt_names":[],"arch":"x86_64","baremetal":false,"capabilities":{"block_storage":true,"boot_types":["bootscript","rescue","local"],"default_boot_type":"bootscript","hot_snapshots_local_volume":true,"placement_groups":true,"private_network":0},"gpu":0,"hourly_price":0.11906,"mig_profile":null,"monthly_price":86.9138,"ncpus":8,"network":{"interfaces":[{"internal_bandwidth":null,"internet_bandwidth":500000000}],"ipv6_support":true,"sum_internal_bandwidth":104857600,"sum_internet_bandwidth":500000000},"per_volume_constraint":{"l_ssd":{"max_size":200000000000,"min_size":1000000000}},"ram":32212254720,"volumes_constraint":{"max_size":400000000000,"min_size":300000000000}},"X64-60GB":{"alt_names":[],"arch":"x86_64","baremetal":false,"capabilities":{"block_storage":true,"boot_types":["bootscript","rescue","local"],"default_boot_type":"bootscript","hot_snapshots_local_volume":true,"placement_groups":true,"private_network":0},"gpu":0,"hourly_price":0.213,"mig_profile":null,"monthly_price":155.49,"ncpus":10,"network":{"interfaces":[{"internal_bandwidth":null,"internet_bandwidth":1000000000}],"ipv6_support":true,"sum_internal_bandwidth":104857600,"sum_internet_bandwidth":1000000000},"per_volume_constraint":{"l_ssd":{"max_size":200000000000,"min_size":1000000000}},"ram":64424509440,"volumes_constraint":{"max_size":700000000000,"min_size":400000000000}}}}'
    headers:
      Content-Length:
      - "4489"
      Content-Security-Policy:
      - default-src 'none'; frame-ancestors 'none'
      Content-Type:
      - application/json
      Date:
      - Wed, 12 Jul 2023 09:52:56 GMT
      Link:
      - </products/servers?page=1&per_page=50&>; rel="first",</products/servers?page=1&per_page=50&>;
        rel="previous",</products/servers?page=2&per_page=50&>; rel="last"
      Server:
      - Scaleway API-Gateway
      Strict-Transport-Security:
      - max-age=63072000
      X-Content-Type-Options:
      - nosniff
      X-Frame-Options:
      - DENY
      X-Request-Id:
      - 3c260e1b-986c-4930-8339-d02a148b9c68
      X-Total-Count:
      - "56"
    status: 200 OK
    code: 200
    duration: ""
- request:
    body: ""
    form: {}
    headers:
      User-Agent:
      - scaleway-sdk-go/v1.0.0-beta.7+dev (go1.20.4; darwin; amd64) terraform-provider/develop
        terraform/terraform-tests
    url: https://api.scaleway.com/vpc/v2/regions/fr-par/private-networks/eb3393ff-daed-44e7-aee3-11bc0e1f030e
    method: GET
  response:
    body: '{"created_at":"2023-07-12T09:52:56.301817Z","dhcp_enabled":false,"id":"eb3393ff-daed-44e7-aee3-11bc0e1f030e","name":"TestAccScalewayInstancePrivateNIC_Tags","organization_id":"564aa517-68b0-4fd7-8c8c-d21c4bcdcbd5","project_id":"564aa517-68b0-4fd7-8c8c-d21c4bcdcbd5","region":"fr-par","subnets":[{"created_at":"2023-07-12T09:52:56.301817Z","id":"811d5f4a-283e-4fb6-bcba-7634546fc617","subnet":"172.16.24.0/22","updated_at":"2023-07-12T09:52:56.301817Z"},{"created_at":"2023-07-12T09:52:56.301817Z","id":"cb71d035-17a6-4e45-8adc-50d8287158d6","subnet":"fd46:78ab:30b8:4b30::/64","updated_at":"2023-07-12T09:52:56.301817Z"}],"tags":[],"updated_at":"2023-07-12T09:52:56.301817Z","vpc_id":"086a5171-f7ab-4667-a231-840a81203f19"}'
    headers:
      Content-Length:
      - "723"
      Content-Security-Policy:
      - default-src 'none'; frame-ancestors 'none'
      Content-Type:
      - application/json
      Date:
      - Wed, 12 Jul 2023 09:52:56 GMT
      Server:
      - Scaleway API-Gateway
      Strict-Transport-Security:
      - max-age=63072000
      X-Content-Type-Options:
      - nosniff
      X-Frame-Options:
      - DENY
      X-Request-Id:
      - 8e1ff4f6-d5df-4ed4-a688-bbfdedf4b441
    status: 200 OK
    code: 200
    duration: ""
- request:
    body: '{"name":"tf-srv-great-shirley","dynamic_ip_required":false,"commercial_type":"PLAY2-PICO","image":"915cb204-e4b8-458e-9408-967a25a86f47","volumes":{"0":{"boot":false,"volume_type":"b_ssd"}},"boot_type":"local","project":"564aa517-68b0-4fd7-8c8c-d21c4bcdcbd5"}'
    form: {}
    headers:
      Content-Type:
      - application/json
      User-Agent:
      - scaleway-sdk-go/v1.0.0-beta.7+dev (go1.20.4; darwin; amd64) terraform-provider/develop
        terraform/terraform-tests
    url: https://api.scaleway.com/instance/v1/zones/fr-par-1/servers
    method: POST
  response:
    body: '{"server":{"allowed_actions":["poweron","backup"],"arch":"x86_64","boot_type":"local","bootscript":{"architecture":"x86_64","bootcmdargs":"LINUX_COMMON
      scaleway boot=local nbd.max_part=16","default":true,"dtb":"","id":"fdfe150f-a870-4ce4-b432-9f56b5b995c1","initrd":"http://10.194.3.9/initrd/initrd-Linux-x86_64-v3.14.6.gz","kernel":"http://10.194.3.9/kernel/x86_64-mainline-lts-4.4-4.4.230-rev1/vmlinuz-4.4.230","organization":"11111111-1111-4111-8111-111111111111","project":"11111111-1111-4111-8111-111111111111","public":true,"title":"x86_64
      mainline 4.4.230 rev1","zone":"fr-par-1"},"commercial_type":"PLAY2-PICO","creation_date":"2023-07-12T09:52:56.809828+00:00","dynamic_ip_required":false,"enable_ipv6":false,"extra_networks":[],"hostname":"tf-srv-great-shirley","id":"64dbc12f-f708-4613-86ff-8d30b6d44765","image":{"arch":"x86_64","creation_date":"2023-06-28T11:43:27.495576+00:00","default_bootscript":null,"extra_volumes":{},"from_server":null,"id":"915cb204-e4b8-458e-9408-967a25a86f47","modification_date":"2023-06-28T11:43:27.495576+00:00","name":"Ubuntu
      22.04 Jammy Jellyfish","organization":"51b656e3-4865-41e8-adbc-0c45bdd780db","project":"51b656e3-4865-41e8-adbc-0c45bdd780db","public":true,"root_volume":{"id":"1277b23f-f308-4373-936d-aa91535176fe","name":"Ubuntu
      22.04 Jammy Jellyfish","size":10000000000,"volume_type":"unified"},"state":"available","tags":[],"zone":"fr-par-1"},"ipv6":null,"location":null,"mac_address":"de:00:00:1c:fa:7d","maintenances":[],"modification_date":"2023-07-12T09:52:56.809828+00:00","name":"tf-srv-great-shirley","organization":"564aa517-68b0-4fd7-8c8c-d21c4bcdcbd5","placement_group":null,"private_ip":null,"private_nics":[],"project":"564aa517-68b0-4fd7-8c8c-d21c4bcdcbd5","protected":false,"public_ip":null,"public_ips":[],"routed_ip_enabled":false,"security_group":{"id":"ac7c7160-8415-425b-8cf0-9976ee15ccd1","name":"Default
      security group"},"state":"stopped","state_detail":"","tags":[],"volumes":{"0":{"boot":false,"creation_date":"2023-07-12T09:52:56.809828+00:00","export_uri":null,"id":"721d5b70-7e88-4967-9c53-754fd5214caf","modification_date":"2023-07-12T09:52:56.809828+00:00","name":"Ubuntu
      22.04 Jammy Jellyfish","organization":"564aa517-68b0-4fd7-8c8c-d21c4bcdcbd5","project":"564aa517-68b0-4fd7-8c8c-d21c4bcdcbd5","server":{"id":"64dbc12f-f708-4613-86ff-8d30b6d44765","name":"tf-srv-great-shirley"},"size":10000000000,"state":"available","tags":[],"volume_type":"b_ssd","zone":"fr-par-1"}},"zone":"fr-par-1"}}'
    headers:
      Content-Length:
      - "2638"
      Content-Security-Policy:
      - default-src 'none'; frame-ancestors 'none'
      Content-Type:
      - application/json
      Date:
      - Wed, 12 Jul 2023 09:52:56 GMT
      Location:
      - https://api.scaleway.com/instance/v1/zones/fr-par-1/servers/64dbc12f-f708-4613-86ff-8d30b6d44765
      Server:
      - Scaleway API-Gateway
      Strict-Transport-Security:
      - max-age=63072000
      X-Content-Type-Options:
      - nosniff
      X-Frame-Options:
      - DENY
      X-Request-Id:
      - f5387c5b-a365-49de-87c2-d300c6512ed9
    status: 201 Created
    code: 201
    duration: ""
- request:
    body: ""
    form: {}
    headers:
      User-Agent:
      - scaleway-sdk-go/v1.0.0-beta.7+dev (go1.20.4; darwin; amd64) terraform-provider/develop
        terraform/terraform-tests
    url: https://api.scaleway.com/instance/v1/zones/fr-par-1/servers/64dbc12f-f708-4613-86ff-8d30b6d44765
    method: GET
  response:
    body: '{"server":{"allowed_actions":["poweron","backup"],"arch":"x86_64","boot_type":"local","bootscript":{"architecture":"x86_64","bootcmdargs":"LINUX_COMMON
      scaleway boot=local nbd.max_part=16","default":true,"dtb":"","id":"fdfe150f-a870-4ce4-b432-9f56b5b995c1","initrd":"http://10.194.3.9/initrd/initrd-Linux-x86_64-v3.14.6.gz","kernel":"http://10.194.3.9/kernel/x86_64-mainline-lts-4.4-4.4.230-rev1/vmlinuz-4.4.230","organization":"11111111-1111-4111-8111-111111111111","project":"11111111-1111-4111-8111-111111111111","public":true,"title":"x86_64
      mainline 4.4.230 rev1","zone":"fr-par-1"},"commercial_type":"PLAY2-PICO","creation_date":"2023-07-12T09:52:56.809828+00:00","dynamic_ip_required":false,"enable_ipv6":false,"extra_networks":[],"hostname":"tf-srv-great-shirley","id":"64dbc12f-f708-4613-86ff-8d30b6d44765","image":{"arch":"x86_64","creation_date":"2023-06-28T11:43:27.495576+00:00","default_bootscript":null,"extra_volumes":{},"from_server":null,"id":"915cb204-e4b8-458e-9408-967a25a86f47","modification_date":"2023-06-28T11:43:27.495576+00:00","name":"Ubuntu
      22.04 Jammy Jellyfish","organization":"51b656e3-4865-41e8-adbc-0c45bdd780db","project":"51b656e3-4865-41e8-adbc-0c45bdd780db","public":true,"root_volume":{"id":"1277b23f-f308-4373-936d-aa91535176fe","name":"Ubuntu
      22.04 Jammy Jellyfish","size":10000000000,"volume_type":"unified"},"state":"available","tags":[],"zone":"fr-par-1"},"ipv6":null,"location":null,"mac_address":"de:00:00:1c:fa:7d","maintenances":[],"modification_date":"2023-07-12T09:52:56.809828+00:00","name":"tf-srv-great-shirley","organization":"564aa517-68b0-4fd7-8c8c-d21c4bcdcbd5","placement_group":null,"private_ip":null,"private_nics":[],"project":"564aa517-68b0-4fd7-8c8c-d21c4bcdcbd5","protected":false,"public_ip":null,"public_ips":[],"routed_ip_enabled":false,"security_group":{"id":"ac7c7160-8415-425b-8cf0-9976ee15ccd1","name":"Default
      security group"},"state":"stopped","state_detail":"","tags":[],"volumes":{"0":{"boot":false,"creation_date":"2023-07-12T09:52:56.809828+00:00","export_uri":null,"id":"721d5b70-7e88-4967-9c53-754fd5214caf","modification_date":"2023-07-12T09:52:56.809828+00:00","name":"Ubuntu
      22.04 Jammy Jellyfish","organization":"564aa517-68b0-4fd7-8c8c-d21c4bcdcbd5","project":"564aa517-68b0-4fd7-8c8c-d21c4bcdcbd5","server":{"id":"64dbc12f-f708-4613-86ff-8d30b6d44765","name":"tf-srv-great-shirley"},"size":10000000000,"state":"available","tags":[],"volume_type":"b_ssd","zone":"fr-par-1"}},"zone":"fr-par-1"}}'
    headers:
      Content-Length:
      - "2638"
      Content-Security-Policy:
      - default-src 'none'; frame-ancestors 'none'
      Content-Type:
      - application/json
      Date:
      - Wed, 12 Jul 2023 09:52:57 GMT
      Server:
      - Scaleway API-Gateway
      Strict-Transport-Security:
      - max-age=63072000
      X-Content-Type-Options:
      - nosniff
      X-Frame-Options:
      - DENY
      X-Request-Id:
      - 3df41e5a-d73c-4de6-8c06-80a411f66a7d
    status: 200 OK
    code: 200
    duration: ""
- request:
    body: ""
    form: {}
    headers:
      User-Agent:
      - scaleway-sdk-go/v1.0.0-beta.7+dev (go1.20.4; darwin; amd64) terraform-provider/develop
        terraform/terraform-tests
    url: https://api.scaleway.com/instance/v1/zones/fr-par-1/servers/64dbc12f-f708-4613-86ff-8d30b6d44765
    method: GET
  response:
    body: '{"server":{"allowed_actions":["poweron","backup"],"arch":"x86_64","boot_type":"local","bootscript":{"architecture":"x86_64","bootcmdargs":"LINUX_COMMON
      scaleway boot=local nbd.max_part=16","default":true,"dtb":"","id":"fdfe150f-a870-4ce4-b432-9f56b5b995c1","initrd":"http://10.194.3.9/initrd/initrd-Linux-x86_64-v3.14.6.gz","kernel":"http://10.194.3.9/kernel/x86_64-mainline-lts-4.4-4.4.230-rev1/vmlinuz-4.4.230","organization":"11111111-1111-4111-8111-111111111111","project":"11111111-1111-4111-8111-111111111111","public":true,"title":"x86_64
      mainline 4.4.230 rev1","zone":"fr-par-1"},"commercial_type":"PLAY2-PICO","creation_date":"2023-07-12T09:52:56.809828+00:00","dynamic_ip_required":false,"enable_ipv6":false,"extra_networks":[],"hostname":"tf-srv-great-shirley","id":"64dbc12f-f708-4613-86ff-8d30b6d44765","image":{"arch":"x86_64","creation_date":"2023-06-28T11:43:27.495576+00:00","default_bootscript":null,"extra_volumes":{},"from_server":null,"id":"915cb204-e4b8-458e-9408-967a25a86f47","modification_date":"2023-06-28T11:43:27.495576+00:00","name":"Ubuntu
      22.04 Jammy Jellyfish","organization":"51b656e3-4865-41e8-adbc-0c45bdd780db","project":"51b656e3-4865-41e8-adbc-0c45bdd780db","public":true,"root_volume":{"id":"1277b23f-f308-4373-936d-aa91535176fe","name":"Ubuntu
      22.04 Jammy Jellyfish","size":10000000000,"volume_type":"unified"},"state":"available","tags":[],"zone":"fr-par-1"},"ipv6":null,"location":null,"mac_address":"de:00:00:1c:fa:7d","maintenances":[],"modification_date":"2023-07-12T09:52:56.809828+00:00","name":"tf-srv-great-shirley","organization":"564aa517-68b0-4fd7-8c8c-d21c4bcdcbd5","placement_group":null,"private_ip":null,"private_nics":[],"project":"564aa517-68b0-4fd7-8c8c-d21c4bcdcbd5","protected":false,"public_ip":null,"public_ips":[],"routed_ip_enabled":false,"security_group":{"id":"ac7c7160-8415-425b-8cf0-9976ee15ccd1","name":"Default
      security group"},"state":"stopped","state_detail":"","tags":[],"volumes":{"0":{"boot":false,"creation_date":"2023-07-12T09:52:56.809828+00:00","export_uri":null,"id":"721d5b70-7e88-4967-9c53-754fd5214caf","modification_date":"2023-07-12T09:52:56.809828+00:00","name":"Ubuntu
      22.04 Jammy Jellyfish","organization":"564aa517-68b0-4fd7-8c8c-d21c4bcdcbd5","project":"564aa517-68b0-4fd7-8c8c-d21c4bcdcbd5","server":{"id":"64dbc12f-f708-4613-86ff-8d30b6d44765","name":"tf-srv-great-shirley"},"size":10000000000,"state":"available","tags":[],"volume_type":"b_ssd","zone":"fr-par-1"}},"zone":"fr-par-1"}}'
    headers:
      Content-Length:
      - "2638"
      Content-Security-Policy:
      - default-src 'none'; frame-ancestors 'none'
      Content-Type:
      - application/json
      Date:
      - Wed, 12 Jul 2023 09:52:57 GMT
      Server:
      - Scaleway API-Gateway
      Strict-Transport-Security:
      - max-age=63072000
      X-Content-Type-Options:
      - nosniff
      X-Frame-Options:
      - DENY
      X-Request-Id:
      - 0212d2c2-6128-4763-8ab4-e02d3e85f9ca
    status: 200 OK
    code: 200
    duration: ""
- request:
    body: ""
    form: {}
    headers:
      User-Agent:
      - scaleway-sdk-go/v1.0.0-beta.7+dev (go1.20.4; darwin; amd64) terraform-provider/develop
        terraform/terraform-tests
    url: https://api.scaleway.com/instance/v1/zones/fr-par-1/servers/64dbc12f-f708-4613-86ff-8d30b6d44765
    method: GET
  response:
    body: '{"server":{"allowed_actions":["poweron","backup"],"arch":"x86_64","boot_type":"local","bootscript":{"architecture":"x86_64","bootcmdargs":"LINUX_COMMON
      scaleway boot=local nbd.max_part=16","default":true,"dtb":"","id":"fdfe150f-a870-4ce4-b432-9f56b5b995c1","initrd":"http://10.194.3.9/initrd/initrd-Linux-x86_64-v3.14.6.gz","kernel":"http://10.194.3.9/kernel/x86_64-mainline-lts-4.4-4.4.230-rev1/vmlinuz-4.4.230","organization":"11111111-1111-4111-8111-111111111111","project":"11111111-1111-4111-8111-111111111111","public":true,"title":"x86_64
      mainline 4.4.230 rev1","zone":"fr-par-1"},"commercial_type":"PLAY2-PICO","creation_date":"2023-07-12T09:52:56.809828+00:00","dynamic_ip_required":false,"enable_ipv6":false,"extra_networks":[],"hostname":"tf-srv-great-shirley","id":"64dbc12f-f708-4613-86ff-8d30b6d44765","image":{"arch":"x86_64","creation_date":"2023-06-28T11:43:27.495576+00:00","default_bootscript":null,"extra_volumes":{},"from_server":null,"id":"915cb204-e4b8-458e-9408-967a25a86f47","modification_date":"2023-06-28T11:43:27.495576+00:00","name":"Ubuntu
      22.04 Jammy Jellyfish","organization":"51b656e3-4865-41e8-adbc-0c45bdd780db","project":"51b656e3-4865-41e8-adbc-0c45bdd780db","public":true,"root_volume":{"id":"1277b23f-f308-4373-936d-aa91535176fe","name":"Ubuntu
      22.04 Jammy Jellyfish","size":10000000000,"volume_type":"unified"},"state":"available","tags":[],"zone":"fr-par-1"},"ipv6":null,"location":null,"mac_address":"de:00:00:1c:fa:7d","maintenances":[],"modification_date":"2023-07-12T09:52:56.809828+00:00","name":"tf-srv-great-shirley","organization":"564aa517-68b0-4fd7-8c8c-d21c4bcdcbd5","placement_group":null,"private_ip":null,"private_nics":[],"project":"564aa517-68b0-4fd7-8c8c-d21c4bcdcbd5","protected":false,"public_ip":null,"public_ips":[],"routed_ip_enabled":false,"security_group":{"id":"ac7c7160-8415-425b-8cf0-9976ee15ccd1","name":"Default
      security group"},"state":"stopped","state_detail":"","tags":[],"volumes":{"0":{"boot":false,"creation_date":"2023-07-12T09:52:56.809828+00:00","export_uri":null,"id":"721d5b70-7e88-4967-9c53-754fd5214caf","modification_date":"2023-07-12T09:52:56.809828+00:00","name":"Ubuntu
      22.04 Jammy Jellyfish","organization":"564aa517-68b0-4fd7-8c8c-d21c4bcdcbd5","project":"564aa517-68b0-4fd7-8c8c-d21c4bcdcbd5","server":{"id":"64dbc12f-f708-4613-86ff-8d30b6d44765","name":"tf-srv-great-shirley"},"size":10000000000,"state":"available","tags":[],"volume_type":"b_ssd","zone":"fr-par-1"}},"zone":"fr-par-1"}}'
    headers:
      Content-Length:
      - "2638"
      Content-Security-Policy:
      - default-src 'none'; frame-ancestors 'none'
      Content-Type:
      - application/json
      Date:
      - Wed, 12 Jul 2023 09:52:57 GMT
      Server:
      - Scaleway API-Gateway
      Strict-Transport-Security:
      - max-age=63072000
      X-Content-Type-Options:
      - nosniff
      X-Frame-Options:
      - DENY
      X-Request-Id:
      - b1f34040-44b5-4362-8430-6e070a4c6b65
    status: 200 OK
    code: 200
    duration: ""
- request:
    body: ""
    form: {}
    headers:
      User-Agent:
      - scaleway-sdk-go/v1.0.0-beta.7+dev (go1.20.4; darwin; amd64) terraform-provider/develop
        terraform/terraform-tests
    url: https://api.scaleway.com/instance/v1/zones/fr-par-1/servers/64dbc12f-f708-4613-86ff-8d30b6d44765/user_data
    method: GET
  response:
    body: '{"user_data":[]}'
    headers:
      Content-Length:
      - "17"
      Content-Security-Policy:
      - default-src 'none'; frame-ancestors 'none'
      Content-Type:
      - application/json
      Date:
      - Wed, 12 Jul 2023 09:52:57 GMT
      Server:
      - Scaleway API-Gateway
      Strict-Transport-Security:
      - max-age=63072000
      X-Content-Type-Options:
      - nosniff
      X-Frame-Options:
      - DENY
      X-Request-Id:
      - 204200ad-6d57-4d6a-8ef2-50829c80d416
    status: 200 OK
    code: 200
    duration: ""
- request:
    body: ""
    form: {}
    headers:
      User-Agent:
      - scaleway-sdk-go/v1.0.0-beta.7+dev (go1.20.4; darwin; amd64) terraform-provider/develop
        terraform/terraform-tests
    url: https://api.scaleway.com/instance/v1/zones/fr-par-1/servers/64dbc12f-f708-4613-86ff-8d30b6d44765/private_nics
    method: GET
  response:
    body: '{"private_nics":[]}'
    headers:
      Content-Length:
      - "20"
      Content-Security-Policy:
      - default-src 'none'; frame-ancestors 'none'
      Content-Type:
      - application/json
      Date:
      - Wed, 12 Jul 2023 09:52:57 GMT
      Link:
      - </servers/64dbc12f-f708-4613-86ff-8d30b6d44765/private_nics?page=0&per_page=50&>;
        rel="last"
      Server:
      - Scaleway API-Gateway
      Strict-Transport-Security:
      - max-age=63072000
      X-Content-Type-Options:
      - nosniff
      X-Frame-Options:
      - DENY
      X-Request-Id:
      - c6631067-f37e-47be-ad79-2dcaced03be7
      X-Total-Count:
      - "0"
    status: 200 OK
    code: 200
    duration: ""
- request:
    body: ""
    form: {}
    headers:
      User-Agent:
      - scaleway-sdk-go/v1.0.0-beta.7+dev (go1.20.4; darwin; amd64) terraform-provider/develop
        terraform/terraform-tests
    url: https://api.scaleway.com/instance/v1/zones/fr-par-1/servers/64dbc12f-f708-4613-86ff-8d30b6d44765
    method: GET
  response:
    body: '{"server":{"allowed_actions":["poweron","backup"],"arch":"x86_64","boot_type":"local","bootscript":{"architecture":"x86_64","bootcmdargs":"LINUX_COMMON
      scaleway boot=local nbd.max_part=16","default":true,"dtb":"","id":"fdfe150f-a870-4ce4-b432-9f56b5b995c1","initrd":"http://10.194.3.9/initrd/initrd-Linux-x86_64-v3.14.6.gz","kernel":"http://10.194.3.9/kernel/x86_64-mainline-lts-4.4-4.4.230-rev1/vmlinuz-4.4.230","organization":"11111111-1111-4111-8111-111111111111","project":"11111111-1111-4111-8111-111111111111","public":true,"title":"x86_64
      mainline 4.4.230 rev1","zone":"fr-par-1"},"commercial_type":"PLAY2-PICO","creation_date":"2023-07-12T09:52:56.809828+00:00","dynamic_ip_required":false,"enable_ipv6":false,"extra_networks":[],"hostname":"tf-srv-great-shirley","id":"64dbc12f-f708-4613-86ff-8d30b6d44765","image":{"arch":"x86_64","creation_date":"2023-06-28T11:43:27.495576+00:00","default_bootscript":null,"extra_volumes":{},"from_server":null,"id":"915cb204-e4b8-458e-9408-967a25a86f47","modification_date":"2023-06-28T11:43:27.495576+00:00","name":"Ubuntu
      22.04 Jammy Jellyfish","organization":"51b656e3-4865-41e8-adbc-0c45bdd780db","project":"51b656e3-4865-41e8-adbc-0c45bdd780db","public":true,"root_volume":{"id":"1277b23f-f308-4373-936d-aa91535176fe","name":"Ubuntu
      22.04 Jammy Jellyfish","size":10000000000,"volume_type":"unified"},"state":"available","tags":[],"zone":"fr-par-1"},"ipv6":null,"location":null,"mac_address":"de:00:00:1c:fa:7d","maintenances":[],"modification_date":"2023-07-12T09:52:56.809828+00:00","name":"tf-srv-great-shirley","organization":"564aa517-68b0-4fd7-8c8c-d21c4bcdcbd5","placement_group":null,"private_ip":null,"private_nics":[],"project":"564aa517-68b0-4fd7-8c8c-d21c4bcdcbd5","protected":false,"public_ip":null,"public_ips":[],"routed_ip_enabled":false,"security_group":{"id":"ac7c7160-8415-425b-8cf0-9976ee15ccd1","name":"Default
      security group"},"state":"stopped","state_detail":"","tags":[],"volumes":{"0":{"boot":false,"creation_date":"2023-07-12T09:52:56.809828+00:00","export_uri":null,"id":"721d5b70-7e88-4967-9c53-754fd5214caf","modification_date":"2023-07-12T09:52:56.809828+00:00","name":"Ubuntu
      22.04 Jammy Jellyfish","organization":"564aa517-68b0-4fd7-8c8c-d21c4bcdcbd5","project":"564aa517-68b0-4fd7-8c8c-d21c4bcdcbd5","server":{"id":"64dbc12f-f708-4613-86ff-8d30b6d44765","name":"tf-srv-great-shirley"},"size":10000000000,"state":"available","tags":[],"volume_type":"b_ssd","zone":"fr-par-1"}},"zone":"fr-par-1"}}'
    headers:
      Content-Length:
      - "2638"
      Content-Security-Policy:
      - default-src 'none'; frame-ancestors 'none'
      Content-Type:
      - application/json
      Date:
      - Wed, 12 Jul 2023 09:52:58 GMT
      Server:
      - Scaleway API-Gateway
      Strict-Transport-Security:
      - max-age=63072000
      X-Content-Type-Options:
      - nosniff
      X-Frame-Options:
      - DENY
      X-Request-Id:
      - f2251c2e-e633-4e8a-b059-e232dc21c85c
    status: 200 OK
    code: 200
    duration: ""
- request:
    body: '{"private_network_id":"eb3393ff-daed-44e7-aee3-11bc0e1f030e"}'
    form: {}
    headers:
      Content-Type:
      - application/json
      User-Agent:
      - scaleway-sdk-go/v1.0.0-beta.7+dev (go1.20.4; darwin; amd64) terraform-provider/develop
        terraform/terraform-tests
    url: https://api.scaleway.com/instance/v1/zones/fr-par-1/servers/64dbc12f-f708-4613-86ff-8d30b6d44765/private_nics
    method: POST
  response:
    body: '{"private_nic":{"creation_date":"2023-07-12T09:52:58.109305+00:00","id":"d7156e75-701c-4f53-8180-e29b0a86441f","mac_address":"02:00:00:13:5d:c8","modification_date":"2023-07-12T09:52:58.109305+00:00","private_network_id":"eb3393ff-daed-44e7-aee3-11bc0e1f030e","server_id":"64dbc12f-f708-4613-86ff-8d30b6d44765","state":"available","tags":[],"zone":"fr-par-1"}}'
    headers:
      Content-Length:
      - "378"
      Content-Security-Policy:
      - default-src 'none'; frame-ancestors 'none'
      Content-Type:
      - application/json
      Date:
      - Wed, 12 Jul 2023 09:52:58 GMT
      Server:
      - Scaleway API-Gateway
      Strict-Transport-Security:
      - max-age=63072000
      X-Content-Type-Options:
      - nosniff
      X-Frame-Options:
      - DENY
      X-Request-Id:
      - 05955a00-debd-4bcf-89a1-891021691a8d
    status: 201 Created
    code: 201
    duration: ""
- request:
    body: ""
    form: {}
    headers:
      User-Agent:
      - scaleway-sdk-go/v1.0.0-beta.7+dev (go1.20.4; darwin; amd64) terraform-provider/develop
        terraform/terraform-tests
    url: https://api.scaleway.com/instance/v1/zones/fr-par-1/servers/64dbc12f-f708-4613-86ff-8d30b6d44765/private_nics/d7156e75-701c-4f53-8180-e29b0a86441f
    method: GET
  response:
    body: '{"private_nic":{"creation_date":"2023-07-12T09:52:58.109305+00:00","id":"d7156e75-701c-4f53-8180-e29b0a86441f","mac_address":"02:00:00:13:5d:c8","modification_date":"2023-07-12T09:52:58.109305+00:00","private_network_id":"eb3393ff-daed-44e7-aee3-11bc0e1f030e","server_id":"64dbc12f-f708-4613-86ff-8d30b6d44765","state":"available","tags":[],"zone":"fr-par-1"}}'
    headers:
      Content-Length:
      - "378"
      Content-Security-Policy:
      - default-src 'none'; frame-ancestors 'none'
      Content-Type:
      - application/json
      Date:
      - Wed, 12 Jul 2023 09:52:58 GMT
      Server:
      - Scaleway API-Gateway
      Strict-Transport-Security:
      - max-age=63072000
      X-Content-Type-Options:
      - nosniff
      X-Frame-Options:
      - DENY
      X-Request-Id:
      - 7d35f4c7-7ed4-4ef3-b849-fd9666b278ba
    status: 200 OK
    code: 200
    duration: ""
- request:
    body: ""
    form: {}
    headers:
      User-Agent:
      - scaleway-sdk-go/v1.0.0-beta.7+dev (go1.20.4; darwin; amd64) terraform-provider/develop
        terraform/terraform-tests
    url: https://api.scaleway.com/instance/v1/zones/fr-par-1/servers/64dbc12f-f708-4613-86ff-8d30b6d44765/private_nics/d7156e75-701c-4f53-8180-e29b0a86441f
    method: GET
  response:
    body: '{"private_nic":{"creation_date":"2023-07-12T09:52:58.109305+00:00","id":"d7156e75-701c-4f53-8180-e29b0a86441f","mac_address":"02:00:00:13:5d:c8","modification_date":"2023-07-12T09:52:58.109305+00:00","private_network_id":"eb3393ff-daed-44e7-aee3-11bc0e1f030e","server_id":"64dbc12f-f708-4613-86ff-8d30b6d44765","state":"available","tags":[],"zone":"fr-par-1"}}'
    headers:
      Content-Length:
      - "378"
      Content-Security-Policy:
      - default-src 'none'; frame-ancestors 'none'
      Content-Type:
      - application/json
      Date:
      - Wed, 12 Jul 2023 09:52:58 GMT
      Server:
      - Scaleway API-Gateway
      Strict-Transport-Security:
      - max-age=63072000
      X-Content-Type-Options:
      - nosniff
      X-Frame-Options:
      - DENY
      X-Request-Id:
      - f147f86c-f1bb-49d9-a90d-ad4a183c5b40
    status: 200 OK
    code: 200
    duration: ""
- request:
    body: ""
    form: {}
    headers:
      User-Agent:
      - scaleway-sdk-go/v1.0.0-beta.7+dev (go1.20.4; darwin; amd64) terraform-provider/develop
        terraform/terraform-tests
    url: https://api.scaleway.com/instance/v1/zones/fr-par-1/servers/64dbc12f-f708-4613-86ff-8d30b6d44765/private_nics/d7156e75-701c-4f53-8180-e29b0a86441f
    method: GET
  response:
    body: '{"private_nic":{"creation_date":"2023-07-12T09:52:58.109305+00:00","id":"d7156e75-701c-4f53-8180-e29b0a86441f","mac_address":"02:00:00:13:5d:c8","modification_date":"2023-07-12T09:52:58.109305+00:00","private_network_id":"eb3393ff-daed-44e7-aee3-11bc0e1f030e","server_id":"64dbc12f-f708-4613-86ff-8d30b6d44765","state":"available","tags":[],"zone":"fr-par-1"}}'
    headers:
      Content-Length:
      - "378"
      Content-Security-Policy:
      - default-src 'none'; frame-ancestors 'none'
      Content-Type:
      - application/json
      Date:
      - Wed, 12 Jul 2023 09:52:59 GMT
      Server:
      - Scaleway API-Gateway
      Strict-Transport-Security:
      - max-age=63072000
      X-Content-Type-Options:
      - nosniff
      X-Frame-Options:
      - DENY
      X-Request-Id:
      - 96cae334-0d5f-45e6-b419-46ae205b3f35
    status: 200 OK
    code: 200
    duration: ""
- request:
    body: ""
    form: {}
    headers:
      User-Agent:
      - scaleway-sdk-go/v1.0.0-beta.7+dev (go1.20.4; darwin; amd64) terraform-provider/develop
        terraform/terraform-tests
    url: https://api.scaleway.com/vpc/v2/regions/fr-par/private-networks/eb3393ff-daed-44e7-aee3-11bc0e1f030e
    method: GET
  response:
    body: '{"created_at":"2023-07-12T09:52:56.301817Z","dhcp_enabled":false,"id":"eb3393ff-daed-44e7-aee3-11bc0e1f030e","name":"TestAccScalewayInstancePrivateNIC_Tags","organization_id":"564aa517-68b0-4fd7-8c8c-d21c4bcdcbd5","project_id":"564aa517-68b0-4fd7-8c8c-d21c4bcdcbd5","region":"fr-par","subnets":[{"created_at":"2023-07-12T09:52:56.301817Z","id":"811d5f4a-283e-4fb6-bcba-7634546fc617","subnet":"172.16.24.0/22","updated_at":"2023-07-12T09:52:56.301817Z"},{"created_at":"2023-07-12T09:52:56.301817Z","id":"cb71d035-17a6-4e45-8adc-50d8287158d6","subnet":"fd46:78ab:30b8:4b30::/64","updated_at":"2023-07-12T09:52:56.301817Z"}],"tags":[],"updated_at":"2023-07-12T09:52:56.301817Z","vpc_id":"086a5171-f7ab-4667-a231-840a81203f19"}'
    headers:
      Content-Length:
      - "723"
      Content-Security-Policy:
      - default-src 'none'; frame-ancestors 'none'
      Content-Type:
      - application/json
      Date:
      - Wed, 12 Jul 2023 09:52:59 GMT
      Server:
      - Scaleway API-Gateway
      Strict-Transport-Security:
      - max-age=63072000
      X-Content-Type-Options:
      - nosniff
      X-Frame-Options:
      - DENY
      X-Request-Id:
      - 4ec03443-9ce0-44f5-912f-abe44e939497
    status: 200 OK
    code: 200
    duration: ""
- request:
    body: ""
    form: {}
    headers:
      User-Agent:
      - scaleway-sdk-go/v1.0.0-beta.7+dev (go1.20.4; darwin; amd64) terraform-provider/develop
        terraform/terraform-tests
    url: https://api.scaleway.com/instance/v1/zones/fr-par-1/servers/64dbc12f-f708-4613-86ff-8d30b6d44765
    method: GET
  response:
    body: '{"server":{"allowed_actions":["poweron","backup"],"arch":"x86_64","boot_type":"local","bootscript":{"architecture":"x86_64","bootcmdargs":"LINUX_COMMON
      scaleway boot=local nbd.max_part=16","default":true,"dtb":"","id":"fdfe150f-a870-4ce4-b432-9f56b5b995c1","initrd":"http://10.194.3.9/initrd/initrd-Linux-x86_64-v3.14.6.gz","kernel":"http://10.194.3.9/kernel/x86_64-mainline-lts-4.4-4.4.230-rev1/vmlinuz-4.4.230","organization":"11111111-1111-4111-8111-111111111111","project":"11111111-1111-4111-8111-111111111111","public":true,"title":"x86_64
      mainline 4.4.230 rev1","zone":"fr-par-1"},"commercial_type":"PLAY2-PICO","creation_date":"2023-07-12T09:52:56.809828+00:00","dynamic_ip_required":false,"enable_ipv6":false,"extra_networks":[],"hostname":"tf-srv-great-shirley","id":"64dbc12f-f708-4613-86ff-8d30b6d44765","image":{"arch":"x86_64","creation_date":"2023-06-28T11:43:27.495576+00:00","default_bootscript":null,"extra_volumes":{},"from_server":null,"id":"915cb204-e4b8-458e-9408-967a25a86f47","modification_date":"2023-06-28T11:43:27.495576+00:00","name":"Ubuntu
      22.04 Jammy Jellyfish","organization":"51b656e3-4865-41e8-adbc-0c45bdd780db","project":"51b656e3-4865-41e8-adbc-0c45bdd780db","public":true,"root_volume":{"id":"1277b23f-f308-4373-936d-aa91535176fe","name":"Ubuntu
      22.04 Jammy Jellyfish","size":10000000000,"volume_type":"unified"},"state":"available","tags":[],"zone":"fr-par-1"},"ipv6":null,"location":null,"mac_address":"de:00:00:1c:fa:7d","maintenances":[],"modification_date":"2023-07-12T09:52:56.809828+00:00","name":"tf-srv-great-shirley","organization":"564aa517-68b0-4fd7-8c8c-d21c4bcdcbd5","placement_group":null,"private_ip":null,"private_nics":[{"creation_date":"2023-07-12T09:52:58.109305+00:00","id":"d7156e75-701c-4f53-8180-e29b0a86441f","mac_address":"02:00:00:13:5d:c8","modification_date":"2023-07-12T09:52:58.826750+00:00","private_network_id":"eb3393ff-daed-44e7-aee3-11bc0e1f030e","server_id":"64dbc12f-f708-4613-86ff-8d30b6d44765","state":"available","tags":[],"zone":"fr-par-1"}],"project":"564aa517-68b0-4fd7-8c8c-d21c4bcdcbd5","protected":false,"public_ip":null,"public_ips":[],"routed_ip_enabled":false,"security_group":{"id":"ac7c7160-8415-425b-8cf0-9976ee15ccd1","name":"Default
      security group"},"state":"stopped","state_detail":"","tags":[],"volumes":{"0":{"boot":false,"creation_date":"2023-07-12T09:52:56.809828+00:00","export_uri":null,"id":"721d5b70-7e88-4967-9c53-754fd5214caf","modification_date":"2023-07-12T09:52:56.809828+00:00","name":"Ubuntu
      22.04 Jammy Jellyfish","organization":"564aa517-68b0-4fd7-8c8c-d21c4bcdcbd5","project":"564aa517-68b0-4fd7-8c8c-d21c4bcdcbd5","server":{"id":"64dbc12f-f708-4613-86ff-8d30b6d44765","name":"tf-srv-great-shirley"},"size":10000000000,"state":"available","tags":[],"volume_type":"b_ssd","zone":"fr-par-1"}},"zone":"fr-par-1"}}'
    headers:
      Content-Length:
      - "2999"
      Content-Security-Policy:
      - default-src 'none'; frame-ancestors 'none'
      Content-Type:
      - application/json
      Date:
      - Wed, 12 Jul 2023 09:52:59 GMT
      Server:
      - Scaleway API-Gateway
      Strict-Transport-Security:
      - max-age=63072000
      X-Content-Type-Options:
      - nosniff
      X-Frame-Options:
      - DENY
      X-Request-Id:
      - 46f70a4a-8d50-4bc2-a112-7b9e73e75743
    status: 200 OK
    code: 200
    duration: ""
- request:
    body: ""
    form: {}
    headers:
      User-Agent:
      - scaleway-sdk-go/v1.0.0-beta.7+dev (go1.20.4; darwin; amd64) terraform-provider/develop
        terraform/terraform-tests
    url: https://api.scaleway.com/instance/v1/zones/fr-par-1/servers/64dbc12f-f708-4613-86ff-8d30b6d44765/user_data
    method: GET
  response:
    body: '{"user_data":[]}'
    headers:
      Content-Length:
      - "17"
      Content-Security-Policy:
      - default-src 'none'; frame-ancestors 'none'
      Content-Type:
      - application/json
      Date:
      - Wed, 12 Jul 2023 09:52:59 GMT
      Server:
      - Scaleway API-Gateway
      Strict-Transport-Security:
      - max-age=63072000
      X-Content-Type-Options:
      - nosniff
      X-Frame-Options:
      - DENY
      X-Request-Id:
      - db6a4a9c-c096-4966-a876-451051ff436c
    status: 200 OK
    code: 200
    duration: ""
- request:
    body: ""
    form: {}
    headers:
      User-Agent:
      - scaleway-sdk-go/v1.0.0-beta.7+dev (go1.20.4; darwin; amd64) terraform-provider/develop
        terraform/terraform-tests
    url: https://api.scaleway.com/instance/v1/zones/fr-par-1/servers/64dbc12f-f708-4613-86ff-8d30b6d44765/private_nics
    method: GET
  response:
    body: '{"private_nics":[{"creation_date":"2023-07-12T09:52:58.109305+00:00","id":"d7156e75-701c-4f53-8180-e29b0a86441f","mac_address":"02:00:00:13:5d:c8","modification_date":"2023-07-12T09:52:59.287763+00:00","private_network_id":"eb3393ff-daed-44e7-aee3-11bc0e1f030e","server_id":"64dbc12f-f708-4613-86ff-8d30b6d44765","state":"available","tags":[],"zone":"fr-par-1"}]}'
    headers:
      Content-Length:
      - "381"
      Content-Security-Policy:
      - default-src 'none'; frame-ancestors 'none'
      Content-Type:
      - application/json
      Date:
      - Wed, 12 Jul 2023 09:52:59 GMT
      Link:
      - </servers/64dbc12f-f708-4613-86ff-8d30b6d44765/private_nics?page=1&per_page=50&>;
        rel="last"
      Server:
      - Scaleway API-Gateway
      Strict-Transport-Security:
      - max-age=63072000
      X-Content-Type-Options:
      - nosniff
      X-Frame-Options:
      - DENY
      X-Request-Id:
      - 323a59ab-f1da-4fcd-82b1-cd0fa6eb5386
      X-Total-Count:
      - "1"
    status: 200 OK
    code: 200
    duration: ""
- request:
    body: ""
    form: {}
    headers:
      User-Agent:
      - scaleway-sdk-go/v1.0.0-beta.7+dev (go1.20.4; darwin; amd64) terraform-provider/develop
        terraform/terraform-tests
    url: https://api.scaleway.com/instance/v1/zones/fr-par-1/servers/64dbc12f-f708-4613-86ff-8d30b6d44765/private_nics/d7156e75-701c-4f53-8180-e29b0a86441f
    method: GET
  response:
    body: '{"private_nic":{"creation_date":"2023-07-12T09:52:58.109305+00:00","id":"d7156e75-701c-4f53-8180-e29b0a86441f","mac_address":"02:00:00:13:5d:c8","modification_date":"2023-07-12T09:52:59.287763+00:00","private_network_id":"eb3393ff-daed-44e7-aee3-11bc0e1f030e","server_id":"64dbc12f-f708-4613-86ff-8d30b6d44765","state":"available","tags":[],"zone":"fr-par-1"}}'
    headers:
      Content-Length:
      - "378"
      Content-Security-Policy:
      - default-src 'none'; frame-ancestors 'none'
      Content-Type:
      - application/json
      Date:
      - Wed, 12 Jul 2023 09:52:59 GMT
      Server:
      - Scaleway API-Gateway
      Strict-Transport-Security:
      - max-age=63072000
      X-Content-Type-Options:
      - nosniff
      X-Frame-Options:
      - DENY
      X-Request-Id:
      - 160563f2-1c32-4c17-8200-e06e88c7fdd6
    status: 200 OK
    code: 200
    duration: ""
- request:
    body: ""
    form: {}
    headers:
      User-Agent:
      - scaleway-sdk-go/v1.0.0-beta.7+dev (go1.20.4; darwin; amd64) terraform-provider/develop
        terraform/terraform-tests
    url: https://api.scaleway.com/vpc/v2/regions/fr-par/private-networks/eb3393ff-daed-44e7-aee3-11bc0e1f030e
    method: GET
  response:
    body: '{"created_at":"2023-07-12T09:52:56.301817Z","dhcp_enabled":false,"id":"eb3393ff-daed-44e7-aee3-11bc0e1f030e","name":"TestAccScalewayInstancePrivateNIC_Tags","organization_id":"564aa517-68b0-4fd7-8c8c-d21c4bcdcbd5","project_id":"564aa517-68b0-4fd7-8c8c-d21c4bcdcbd5","region":"fr-par","subnets":[{"created_at":"2023-07-12T09:52:56.301817Z","id":"811d5f4a-283e-4fb6-bcba-7634546fc617","subnet":"172.16.24.0/22","updated_at":"2023-07-12T09:52:56.301817Z"},{"created_at":"2023-07-12T09:52:56.301817Z","id":"cb71d035-17a6-4e45-8adc-50d8287158d6","subnet":"fd46:78ab:30b8:4b30::/64","updated_at":"2023-07-12T09:52:56.301817Z"}],"tags":[],"updated_at":"2023-07-12T09:52:56.301817Z","vpc_id":"086a5171-f7ab-4667-a231-840a81203f19"}'
    headers:
      Content-Length:
      - "723"
      Content-Security-Policy:
      - default-src 'none'; frame-ancestors 'none'
      Content-Type:
      - application/json
      Date:
      - Wed, 12 Jul 2023 09:53:00 GMT
      Server:
      - Scaleway API-Gateway
      Strict-Transport-Security:
      - max-age=63072000
      X-Content-Type-Options:
      - nosniff
      X-Frame-Options:
      - DENY
      X-Request-Id:
      - 9b5632dc-c775-4792-8736-d8437f077b2f
    status: 200 OK
    code: 200
    duration: ""
- request:
    body: ""
    form: {}
    headers:
      User-Agent:
      - scaleway-sdk-go/v1.0.0-beta.7+dev (go1.20.4; darwin; amd64) terraform-provider/develop
        terraform/terraform-tests
    url: https://api.scaleway.com/instance/v1/zones/fr-par-1/servers/64dbc12f-f708-4613-86ff-8d30b6d44765
    method: GET
  response:
    body: '{"server":{"allowed_actions":["poweron","backup"],"arch":"x86_64","boot_type":"local","bootscript":{"architecture":"x86_64","bootcmdargs":"LINUX_COMMON
      scaleway boot=local nbd.max_part=16","default":true,"dtb":"","id":"fdfe150f-a870-4ce4-b432-9f56b5b995c1","initrd":"http://10.194.3.9/initrd/initrd-Linux-x86_64-v3.14.6.gz","kernel":"http://10.194.3.9/kernel/x86_64-mainline-lts-4.4-4.4.230-rev1/vmlinuz-4.4.230","organization":"11111111-1111-4111-8111-111111111111","project":"11111111-1111-4111-8111-111111111111","public":true,"title":"x86_64
      mainline 4.4.230 rev1","zone":"fr-par-1"},"commercial_type":"PLAY2-PICO","creation_date":"2023-07-12T09:52:56.809828+00:00","dynamic_ip_required":false,"enable_ipv6":false,"extra_networks":[],"hostname":"tf-srv-great-shirley","id":"64dbc12f-f708-4613-86ff-8d30b6d44765","image":{"arch":"x86_64","creation_date":"2023-06-28T11:43:27.495576+00:00","default_bootscript":null,"extra_volumes":{},"from_server":null,"id":"915cb204-e4b8-458e-9408-967a25a86f47","modification_date":"2023-06-28T11:43:27.495576+00:00","name":"Ubuntu
      22.04 Jammy Jellyfish","organization":"51b656e3-4865-41e8-adbc-0c45bdd780db","project":"51b656e3-4865-41e8-adbc-0c45bdd780db","public":true,"root_volume":{"id":"1277b23f-f308-4373-936d-aa91535176fe","name":"Ubuntu
      22.04 Jammy Jellyfish","size":10000000000,"volume_type":"unified"},"state":"available","tags":[],"zone":"fr-par-1"},"ipv6":null,"location":null,"mac_address":"de:00:00:1c:fa:7d","maintenances":[],"modification_date":"2023-07-12T09:52:56.809828+00:00","name":"tf-srv-great-shirley","organization":"564aa517-68b0-4fd7-8c8c-d21c4bcdcbd5","placement_group":null,"private_ip":null,"private_nics":[{"creation_date":"2023-07-12T09:52:58.109305+00:00","id":"d7156e75-701c-4f53-8180-e29b0a86441f","mac_address":"02:00:00:13:5d:c8","modification_date":"2023-07-12T09:52:59.287763+00:00","private_network_id":"eb3393ff-daed-44e7-aee3-11bc0e1f030e","server_id":"64dbc12f-f708-4613-86ff-8d30b6d44765","state":"available","tags":[],"zone":"fr-par-1"}],"project":"564aa517-68b0-4fd7-8c8c-d21c4bcdcbd5","protected":false,"public_ip":null,"public_ips":[],"routed_ip_enabled":false,"security_group":{"id":"ac7c7160-8415-425b-8cf0-9976ee15ccd1","name":"Default
      security group"},"state":"stopped","state_detail":"","tags":[],"volumes":{"0":{"boot":false,"creation_date":"2023-07-12T09:52:56.809828+00:00","export_uri":null,"id":"721d5b70-7e88-4967-9c53-754fd5214caf","modification_date":"2023-07-12T09:52:56.809828+00:00","name":"Ubuntu
      22.04 Jammy Jellyfish","organization":"564aa517-68b0-4fd7-8c8c-d21c4bcdcbd5","project":"564aa517-68b0-4fd7-8c8c-d21c4bcdcbd5","server":{"id":"64dbc12f-f708-4613-86ff-8d30b6d44765","name":"tf-srv-great-shirley"},"size":10000000000,"state":"available","tags":[],"volume_type":"b_ssd","zone":"fr-par-1"}},"zone":"fr-par-1"}}'
    headers:
      Content-Length:
      - "2999"
      Content-Security-Policy:
      - default-src 'none'; frame-ancestors 'none'
      Content-Type:
      - application/json
      Date:
      - Wed, 12 Jul 2023 09:53:00 GMT
      Server:
      - Scaleway API-Gateway
      Strict-Transport-Security:
      - max-age=63072000
      X-Content-Type-Options:
      - nosniff
      X-Frame-Options:
      - DENY
      X-Request-Id:
      - a752f05d-714b-42e6-8201-5b9c85fd0b5f
    status: 200 OK
    code: 200
    duration: ""
- request:
    body: ""
    form: {}
    headers:
      User-Agent:
      - scaleway-sdk-go/v1.0.0-beta.7+dev (go1.20.4; darwin; amd64) terraform-provider/develop
        terraform/terraform-tests
    url: https://api.scaleway.com/instance/v1/zones/fr-par-1/servers/64dbc12f-f708-4613-86ff-8d30b6d44765/user_data
    method: GET
  response:
    body: '{"user_data":[]}'
    headers:
      Content-Length:
      - "17"
      Content-Security-Policy:
      - default-src 'none'; frame-ancestors 'none'
      Content-Type:
      - application/json
      Date:
      - Wed, 12 Jul 2023 09:53:00 GMT
      Server:
      - Scaleway API-Gateway
      Strict-Transport-Security:
      - max-age=63072000
      X-Content-Type-Options:
      - nosniff
      X-Frame-Options:
      - DENY
      X-Request-Id:
      - 120a8659-3923-4f70-877c-f4ae25dac317
    status: 200 OK
    code: 200
    duration: ""
- request:
    body: ""
    form: {}
    headers:
      User-Agent:
      - scaleway-sdk-go/v1.0.0-beta.7+dev (go1.20.4; darwin; amd64) terraform-provider/develop
        terraform/terraform-tests
    url: https://api.scaleway.com/instance/v1/zones/fr-par-1/servers/64dbc12f-f708-4613-86ff-8d30b6d44765/private_nics
    method: GET
  response:
    body: '{"private_nics":[{"creation_date":"2023-07-12T09:52:58.109305+00:00","id":"d7156e75-701c-4f53-8180-e29b0a86441f","mac_address":"02:00:00:13:5d:c8","modification_date":"2023-07-12T09:52:59.287763+00:00","private_network_id":"eb3393ff-daed-44e7-aee3-11bc0e1f030e","server_id":"64dbc12f-f708-4613-86ff-8d30b6d44765","state":"available","tags":[],"zone":"fr-par-1"}]}'
    headers:
      Content-Length:
      - "381"
      Content-Security-Policy:
      - default-src 'none'; frame-ancestors 'none'
      Content-Type:
      - application/json
      Date:
      - Wed, 12 Jul 2023 09:53:00 GMT
      Link:
      - </servers/64dbc12f-f708-4613-86ff-8d30b6d44765/private_nics?page=1&per_page=50&>;
        rel="last"
      Server:
      - Scaleway API-Gateway
      Strict-Transport-Security:
      - max-age=63072000
      X-Content-Type-Options:
      - nosniff
      X-Frame-Options:
      - DENY
      X-Request-Id:
      - bbf29042-c4ef-494b-94c9-d1612a08d22c
      X-Total-Count:
      - "1"
    status: 200 OK
    code: 200
    duration: ""
- request:
    body: ""
    form: {}
    headers:
      User-Agent:
      - scaleway-sdk-go/v1.0.0-beta.7+dev (go1.20.4; darwin; amd64) terraform-provider/develop
        terraform/terraform-tests
    url: https://api.scaleway.com/instance/v1/zones/fr-par-1/servers/64dbc12f-f708-4613-86ff-8d30b6d44765/private_nics/d7156e75-701c-4f53-8180-e29b0a86441f
    method: GET
  response:
    body: '{"private_nic":{"creation_date":"2023-07-12T09:52:58.109305+00:00","id":"d7156e75-701c-4f53-8180-e29b0a86441f","mac_address":"02:00:00:13:5d:c8","modification_date":"2023-07-12T09:52:59.287763+00:00","private_network_id":"eb3393ff-daed-44e7-aee3-11bc0e1f030e","server_id":"64dbc12f-f708-4613-86ff-8d30b6d44765","state":"available","tags":[],"zone":"fr-par-1"}}'
    headers:
      Content-Length:
      - "378"
      Content-Security-Policy:
      - default-src 'none'; frame-ancestors 'none'
      Content-Type:
      - application/json
      Date:
      - Wed, 12 Jul 2023 09:53:00 GMT
      Server:
      - Scaleway API-Gateway
      Strict-Transport-Security:
      - max-age=63072000
      X-Content-Type-Options:
      - nosniff
      X-Frame-Options:
      - DENY
      X-Request-Id:
      - 56b092b2-c000-43e0-bfb1-f2655c872214
    status: 200 OK
    code: 200
    duration: ""
- request:
    body: '{"tags":["tag1","tag2"]}'
    form: {}
    headers:
      Content-Type:
      - application/json
      User-Agent:
      - scaleway-sdk-go/v1.0.0-beta.7+dev (go1.20.4; darwin; amd64) terraform-provider/develop
        terraform/terraform-tests
    url: https://api.scaleway.com/instance/v1/zones/fr-par-1/servers/64dbc12f-f708-4613-86ff-8d30b6d44765/private_nics/d7156e75-701c-4f53-8180-e29b0a86441f
    method: PATCH
  response:
    body: '{"private_nic":{"creation_date":"2023-07-12T09:52:58.109305+00:00","id":"d7156e75-701c-4f53-8180-e29b0a86441f","mac_address":"02:00:00:13:5d:c8","modification_date":"2023-07-12T09:53:00.880421+00:00","private_network_id":"eb3393ff-daed-44e7-aee3-11bc0e1f030e","server_id":"64dbc12f-f708-4613-86ff-8d30b6d44765","state":"available","tags":["tag1","tag2"],"zone":"fr-par-1"}}'
    headers:
      Content-Length:
      - "392"
      Content-Security-Policy:
      - default-src 'none'; frame-ancestors 'none'
      Content-Type:
      - application/json
      Date:
      - Wed, 12 Jul 2023 09:53:00 GMT
      Server:
      - Scaleway API-Gateway
      Strict-Transport-Security:
      - max-age=63072000
      X-Content-Type-Options:
      - nosniff
      X-Frame-Options:
      - DENY
      X-Request-Id:
      - f3312197-5426-4b85-aa23-3eba43e54a5c
    status: 200 OK
    code: 200
    duration: ""
- request:
    body: ""
    form: {}
    headers:
      User-Agent:
      - scaleway-sdk-go/v1.0.0-beta.7+dev (go1.20.4; darwin; amd64) terraform-provider/develop
        terraform/terraform-tests
    url: https://api.scaleway.com/instance/v1/zones/fr-par-1/servers/64dbc12f-f708-4613-86ff-8d30b6d44765/private_nics/d7156e75-701c-4f53-8180-e29b0a86441f
    method: GET
  response:
    body: '{"private_nic":{"creation_date":"2023-07-12T09:52:58.109305+00:00","id":"d7156e75-701c-4f53-8180-e29b0a86441f","mac_address":"02:00:00:13:5d:c8","modification_date":"2023-07-12T09:53:00.880421+00:00","private_network_id":"eb3393ff-daed-44e7-aee3-11bc0e1f030e","server_id":"64dbc12f-f708-4613-86ff-8d30b6d44765","state":"available","tags":["tag1","tag2"],"zone":"fr-par-1"}}'
    headers:
      Content-Length:
      - "392"
      Content-Security-Policy:
      - default-src 'none'; frame-ancestors 'none'
      Content-Type:
      - application/json
      Date:
      - Wed, 12 Jul 2023 09:53:00 GMT
      Server:
      - Scaleway API-Gateway
      Strict-Transport-Security:
      - max-age=63072000
      X-Content-Type-Options:
      - nosniff
      X-Frame-Options:
      - DENY
      X-Request-Id:
      - df56be0f-656c-4168-88aa-09e14c6d0315
    status: 200 OK
    code: 200
    duration: ""
- request:
    body: ""
    form: {}
    headers:
      User-Agent:
      - scaleway-sdk-go/v1.0.0-beta.7+dev (go1.20.4; darwin; amd64) terraform-provider/develop
        terraform/terraform-tests
    url: https://api.scaleway.com/instance/v1/zones/fr-par-1/servers/64dbc12f-f708-4613-86ff-8d30b6d44765/private_nics/d7156e75-701c-4f53-8180-e29b0a86441f
    method: GET
  response:
    body: '{"private_nic":{"creation_date":"2023-07-12T09:52:58.109305+00:00","id":"d7156e75-701c-4f53-8180-e29b0a86441f","mac_address":"02:00:00:13:5d:c8","modification_date":"2023-07-12T09:53:00.880421+00:00","private_network_id":"eb3393ff-daed-44e7-aee3-11bc0e1f030e","server_id":"64dbc12f-f708-4613-86ff-8d30b6d44765","state":"available","tags":["tag1","tag2"],"zone":"fr-par-1"}}'
    headers:
      Content-Length:
      - "392"
      Content-Security-Policy:
      - default-src 'none'; frame-ancestors 'none'
      Content-Type:
      - application/json
      Date:
      - Wed, 12 Jul 2023 09:53:01 GMT
      Server:
      - Scaleway API-Gateway
      Strict-Transport-Security:
      - max-age=63072000
      X-Content-Type-Options:
      - nosniff
      X-Frame-Options:
      - DENY
      X-Request-Id:
      - a9a79262-31d1-4d05-b266-a234eb15390d
    status: 200 OK
    code: 200
    duration: ""
- request:
    body: ""
    form: {}
    headers:
      User-Agent:
      - scaleway-sdk-go/v1.0.0-beta.7+dev (go1.20.4; darwin; amd64) terraform-provider/develop
        terraform/terraform-tests
    url: https://api.scaleway.com/vpc/v2/regions/fr-par/private-networks/eb3393ff-daed-44e7-aee3-11bc0e1f030e
    method: GET
  response:
    body: '{"created_at":"2023-07-12T09:52:56.301817Z","dhcp_enabled":false,"id":"eb3393ff-daed-44e7-aee3-11bc0e1f030e","name":"TestAccScalewayInstancePrivateNIC_Tags","organization_id":"564aa517-68b0-4fd7-8c8c-d21c4bcdcbd5","project_id":"564aa517-68b0-4fd7-8c8c-d21c4bcdcbd5","region":"fr-par","subnets":[{"created_at":"2023-07-12T09:52:56.301817Z","id":"811d5f4a-283e-4fb6-bcba-7634546fc617","subnet":"172.16.24.0/22","updated_at":"2023-07-12T09:52:56.301817Z"},{"created_at":"2023-07-12T09:52:56.301817Z","id":"cb71d035-17a6-4e45-8adc-50d8287158d6","subnet":"fd46:78ab:30b8:4b30::/64","updated_at":"2023-07-12T09:52:56.301817Z"}],"tags":[],"updated_at":"2023-07-12T09:52:56.301817Z","vpc_id":"086a5171-f7ab-4667-a231-840a81203f19"}'
    headers:
      Content-Length:
      - "723"
      Content-Security-Policy:
      - default-src 'none'; frame-ancestors 'none'
      Content-Type:
      - application/json
      Date:
      - Wed, 12 Jul 2023 09:53:01 GMT
      Server:
      - Scaleway API-Gateway
      Strict-Transport-Security:
      - max-age=63072000
      X-Content-Type-Options:
      - nosniff
      X-Frame-Options:
      - DENY
      X-Request-Id:
      - 48c95c25-e01d-446c-9ed1-c14f48a0f949
    status: 200 OK
    code: 200
    duration: ""
- request:
    body: ""
    form: {}
    headers:
      User-Agent:
      - scaleway-sdk-go/v1.0.0-beta.7+dev (go1.20.4; darwin; amd64) terraform-provider/develop
        terraform/terraform-tests
    url: https://api.scaleway.com/instance/v1/zones/fr-par-1/servers/64dbc12f-f708-4613-86ff-8d30b6d44765
    method: GET
  response:
    body: '{"server":{"allowed_actions":["poweron","backup"],"arch":"x86_64","boot_type":"local","bootscript":{"architecture":"x86_64","bootcmdargs":"LINUX_COMMON
      scaleway boot=local nbd.max_part=16","default":true,"dtb":"","id":"fdfe150f-a870-4ce4-b432-9f56b5b995c1","initrd":"http://10.194.3.9/initrd/initrd-Linux-x86_64-v3.14.6.gz","kernel":"http://10.194.3.9/kernel/x86_64-mainline-lts-4.4-4.4.230-rev1/vmlinuz-4.4.230","organization":"11111111-1111-4111-8111-111111111111","project":"11111111-1111-4111-8111-111111111111","public":true,"title":"x86_64
      mainline 4.4.230 rev1","zone":"fr-par-1"},"commercial_type":"PLAY2-PICO","creation_date":"2023-07-12T09:52:56.809828+00:00","dynamic_ip_required":false,"enable_ipv6":false,"extra_networks":[],"hostname":"tf-srv-great-shirley","id":"64dbc12f-f708-4613-86ff-8d30b6d44765","image":{"arch":"x86_64","creation_date":"2023-06-28T11:43:27.495576+00:00","default_bootscript":null,"extra_volumes":{},"from_server":null,"id":"915cb204-e4b8-458e-9408-967a25a86f47","modification_date":"2023-06-28T11:43:27.495576+00:00","name":"Ubuntu
      22.04 Jammy Jellyfish","organization":"51b656e3-4865-41e8-adbc-0c45bdd780db","project":"51b656e3-4865-41e8-adbc-0c45bdd780db","public":true,"root_volume":{"id":"1277b23f-f308-4373-936d-aa91535176fe","name":"Ubuntu
      22.04 Jammy Jellyfish","size":10000000000,"volume_type":"unified"},"state":"available","tags":[],"zone":"fr-par-1"},"ipv6":null,"location":null,"mac_address":"de:00:00:1c:fa:7d","maintenances":[],"modification_date":"2023-07-12T09:52:56.809828+00:00","name":"tf-srv-great-shirley","organization":"564aa517-68b0-4fd7-8c8c-d21c4bcdcbd5","placement_group":null,"private_ip":null,"private_nics":[{"creation_date":"2023-07-12T09:52:58.109305+00:00","id":"d7156e75-701c-4f53-8180-e29b0a86441f","mac_address":"02:00:00:13:5d:c8","modification_date":"2023-07-12T09:53:00.880421+00:00","private_network_id":"eb3393ff-daed-44e7-aee3-11bc0e1f030e","server_id":"64dbc12f-f708-4613-86ff-8d30b6d44765","state":"available","tags":["tag1","tag2"],"zone":"fr-par-1"}],"project":"564aa517-68b0-4fd7-8c8c-d21c4bcdcbd5","protected":false,"public_ip":null,"public_ips":[],"routed_ip_enabled":false,"security_group":{"id":"ac7c7160-8415-425b-8cf0-9976ee15ccd1","name":"Default
      security group"},"state":"stopped","state_detail":"","tags":[],"volumes":{"0":{"boot":false,"creation_date":"2023-07-12T09:52:56.809828+00:00","export_uri":null,"id":"721d5b70-7e88-4967-9c53-754fd5214caf","modification_date":"2023-07-12T09:52:56.809828+00:00","name":"Ubuntu
      22.04 Jammy Jellyfish","organization":"564aa517-68b0-4fd7-8c8c-d21c4bcdcbd5","project":"564aa517-68b0-4fd7-8c8c-d21c4bcdcbd5","server":{"id":"64dbc12f-f708-4613-86ff-8d30b6d44765","name":"tf-srv-great-shirley"},"size":10000000000,"state":"available","tags":[],"volume_type":"b_ssd","zone":"fr-par-1"}},"zone":"fr-par-1"}}'
    headers:
      Content-Length:
      - "3013"
      Content-Security-Policy:
      - default-src 'none'; frame-ancestors 'none'
      Content-Type:
      - application/json
      Date:
      - Wed, 12 Jul 2023 09:53:01 GMT
      Server:
      - Scaleway API-Gateway
      Strict-Transport-Security:
      - max-age=63072000
      X-Content-Type-Options:
      - nosniff
      X-Frame-Options:
      - DENY
      X-Request-Id:
      - 159388af-1d17-4946-ac45-6a28718ad16e
    status: 200 OK
    code: 200
    duration: ""
- request:
    body: ""
    form: {}
    headers:
      User-Agent:
      - scaleway-sdk-go/v1.0.0-beta.7+dev (go1.20.4; darwin; amd64) terraform-provider/develop
        terraform/terraform-tests
    url: https://api.scaleway.com/instance/v1/zones/fr-par-1/servers/64dbc12f-f708-4613-86ff-8d30b6d44765/user_data
    method: GET
  response:
    body: '{"user_data":[]}'
    headers:
      Content-Length:
      - "17"
      Content-Security-Policy:
      - default-src 'none'; frame-ancestors 'none'
      Content-Type:
      - application/json
      Date:
      - Wed, 12 Jul 2023 09:53:01 GMT
      Server:
      - Scaleway API-Gateway
      Strict-Transport-Security:
      - max-age=63072000
      X-Content-Type-Options:
      - nosniff
      X-Frame-Options:
      - DENY
      X-Request-Id:
      - 217383af-939f-4e15-9c99-d383ea0cf135
    status: 200 OK
    code: 200
    duration: ""
- request:
    body: ""
    form: {}
    headers:
      User-Agent:
      - scaleway-sdk-go/v1.0.0-beta.7+dev (go1.20.4; darwin; amd64) terraform-provider/develop
        terraform/terraform-tests
    url: https://api.scaleway.com/instance/v1/zones/fr-par-1/servers/64dbc12f-f708-4613-86ff-8d30b6d44765/private_nics
    method: GET
  response:
    body: '{"private_nics":[{"creation_date":"2023-07-12T09:52:58.109305+00:00","id":"d7156e75-701c-4f53-8180-e29b0a86441f","mac_address":"02:00:00:13:5d:c8","modification_date":"2023-07-12T09:53:00.880421+00:00","private_network_id":"eb3393ff-daed-44e7-aee3-11bc0e1f030e","server_id":"64dbc12f-f708-4613-86ff-8d30b6d44765","state":"available","tags":["tag1","tag2"],"zone":"fr-par-1"}]}'
    headers:
      Content-Length:
      - "395"
      Content-Security-Policy:
      - default-src 'none'; frame-ancestors 'none'
      Content-Type:
      - application/json
      Date:
      - Wed, 12 Jul 2023 09:53:01 GMT
      Link:
      - </servers/64dbc12f-f708-4613-86ff-8d30b6d44765/private_nics?page=1&per_page=50&>;
        rel="last"
      Server:
      - Scaleway API-Gateway
      Strict-Transport-Security:
      - max-age=63072000
      X-Content-Type-Options:
      - nosniff
      X-Frame-Options:
      - DENY
      X-Request-Id:
      - 1216c9bd-c622-477c-8b88-a0267620b430
      X-Total-Count:
      - "1"
    status: 200 OK
    code: 200
    duration: ""
- request:
    body: ""
    form: {}
    headers:
      User-Agent:
      - scaleway-sdk-go/v1.0.0-beta.7+dev (go1.20.4; darwin; amd64) terraform-provider/develop
        terraform/terraform-tests
    url: https://api.scaleway.com/instance/v1/zones/fr-par-1/servers/64dbc12f-f708-4613-86ff-8d30b6d44765/private_nics/d7156e75-701c-4f53-8180-e29b0a86441f
    method: GET
  response:
    body: '{"private_nic":{"creation_date":"2023-07-12T09:52:58.109305+00:00","id":"d7156e75-701c-4f53-8180-e29b0a86441f","mac_address":"02:00:00:13:5d:c8","modification_date":"2023-07-12T09:53:00.880421+00:00","private_network_id":"eb3393ff-daed-44e7-aee3-11bc0e1f030e","server_id":"64dbc12f-f708-4613-86ff-8d30b6d44765","state":"available","tags":["tag1","tag2"],"zone":"fr-par-1"}}'
    headers:
      Content-Length:
      - "392"
      Content-Security-Policy:
      - default-src 'none'; frame-ancestors 'none'
      Content-Type:
      - application/json
      Date:
      - Wed, 12 Jul 2023 09:53:02 GMT
      Server:
      - Scaleway API-Gateway
      Strict-Transport-Security:
      - max-age=63072000
      X-Content-Type-Options:
      - nosniff
      X-Frame-Options:
      - DENY
      X-Request-Id:
      - 42c5f575-e1d8-47ca-a76e-103617419113
    status: 200 OK
    code: 200
    duration: ""
- request:
    body: ""
    form: {}
    headers:
      User-Agent:
      - scaleway-sdk-go/v1.0.0-beta.7+dev (go1.20.4; darwin; amd64) terraform-provider/develop
        terraform/terraform-tests
    url: https://api.scaleway.com/vpc/v2/regions/fr-par/private-networks/eb3393ff-daed-44e7-aee3-11bc0e1f030e
    method: GET
  response:
    body: '{"created_at":"2023-07-12T09:52:56.301817Z","dhcp_enabled":false,"id":"eb3393ff-daed-44e7-aee3-11bc0e1f030e","name":"TestAccScalewayInstancePrivateNIC_Tags","organization_id":"564aa517-68b0-4fd7-8c8c-d21c4bcdcbd5","project_id":"564aa517-68b0-4fd7-8c8c-d21c4bcdcbd5","region":"fr-par","subnets":[{"created_at":"2023-07-12T09:52:56.301817Z","id":"811d5f4a-283e-4fb6-bcba-7634546fc617","subnet":"172.16.24.0/22","updated_at":"2023-07-12T09:52:56.301817Z"},{"created_at":"2023-07-12T09:52:56.301817Z","id":"cb71d035-17a6-4e45-8adc-50d8287158d6","subnet":"fd46:78ab:30b8:4b30::/64","updated_at":"2023-07-12T09:52:56.301817Z"}],"tags":[],"updated_at":"2023-07-12T09:52:56.301817Z","vpc_id":"086a5171-f7ab-4667-a231-840a81203f19"}'
    headers:
      Content-Length:
      - "723"
      Content-Security-Policy:
      - default-src 'none'; frame-ancestors 'none'
      Content-Type:
      - application/json
      Date:
      - Wed, 12 Jul 2023 09:53:02 GMT
      Server:
      - Scaleway API-Gateway
      Strict-Transport-Security:
      - max-age=63072000
      X-Content-Type-Options:
      - nosniff
      X-Frame-Options:
      - DENY
      X-Request-Id:
      - db76e878-454e-4207-8286-98cef198b9b7
    status: 200 OK
    code: 200
    duration: ""
- request:
    body: ""
    form: {}
    headers:
      User-Agent:
      - scaleway-sdk-go/v1.0.0-beta.7+dev (go1.20.4; darwin; amd64) terraform-provider/develop
        terraform/terraform-tests
    url: https://api.scaleway.com/instance/v1/zones/fr-par-1/servers/64dbc12f-f708-4613-86ff-8d30b6d44765
    method: GET
  response:
    body: '{"server":{"allowed_actions":["poweron","backup"],"arch":"x86_64","boot_type":"local","bootscript":{"architecture":"x86_64","bootcmdargs":"LINUX_COMMON
      scaleway boot=local nbd.max_part=16","default":true,"dtb":"","id":"fdfe150f-a870-4ce4-b432-9f56b5b995c1","initrd":"http://10.194.3.9/initrd/initrd-Linux-x86_64-v3.14.6.gz","kernel":"http://10.194.3.9/kernel/x86_64-mainline-lts-4.4-4.4.230-rev1/vmlinuz-4.4.230","organization":"11111111-1111-4111-8111-111111111111","project":"11111111-1111-4111-8111-111111111111","public":true,"title":"x86_64
      mainline 4.4.230 rev1","zone":"fr-par-1"},"commercial_type":"PLAY2-PICO","creation_date":"2023-07-12T09:52:56.809828+00:00","dynamic_ip_required":false,"enable_ipv6":false,"extra_networks":[],"hostname":"tf-srv-great-shirley","id":"64dbc12f-f708-4613-86ff-8d30b6d44765","image":{"arch":"x86_64","creation_date":"2023-06-28T11:43:27.495576+00:00","default_bootscript":null,"extra_volumes":{},"from_server":null,"id":"915cb204-e4b8-458e-9408-967a25a86f47","modification_date":"2023-06-28T11:43:27.495576+00:00","name":"Ubuntu
      22.04 Jammy Jellyfish","organization":"51b656e3-4865-41e8-adbc-0c45bdd780db","project":"51b656e3-4865-41e8-adbc-0c45bdd780db","public":true,"root_volume":{"id":"1277b23f-f308-4373-936d-aa91535176fe","name":"Ubuntu
      22.04 Jammy Jellyfish","size":10000000000,"volume_type":"unified"},"state":"available","tags":[],"zone":"fr-par-1"},"ipv6":null,"location":null,"mac_address":"de:00:00:1c:fa:7d","maintenances":[],"modification_date":"2023-07-12T09:52:56.809828+00:00","name":"tf-srv-great-shirley","organization":"564aa517-68b0-4fd7-8c8c-d21c4bcdcbd5","placement_group":null,"private_ip":null,"private_nics":[{"creation_date":"2023-07-12T09:52:58.109305+00:00","id":"d7156e75-701c-4f53-8180-e29b0a86441f","mac_address":"02:00:00:13:5d:c8","modification_date":"2023-07-12T09:53:00.880421+00:00","private_network_id":"eb3393ff-daed-44e7-aee3-11bc0e1f030e","server_id":"64dbc12f-f708-4613-86ff-8d30b6d44765","state":"available","tags":["tag1","tag2"],"zone":"fr-par-1"}],"project":"564aa517-68b0-4fd7-8c8c-d21c4bcdcbd5","protected":false,"public_ip":null,"public_ips":[],"routed_ip_enabled":false,"security_group":{"id":"ac7c7160-8415-425b-8cf0-9976ee15ccd1","name":"Default
      security group"},"state":"stopped","state_detail":"","tags":[],"volumes":{"0":{"boot":false,"creation_date":"2023-07-12T09:52:56.809828+00:00","export_uri":null,"id":"721d5b70-7e88-4967-9c53-754fd5214caf","modification_date":"2023-07-12T09:52:56.809828+00:00","name":"Ubuntu
      22.04 Jammy Jellyfish","organization":"564aa517-68b0-4fd7-8c8c-d21c4bcdcbd5","project":"564aa517-68b0-4fd7-8c8c-d21c4bcdcbd5","server":{"id":"64dbc12f-f708-4613-86ff-8d30b6d44765","name":"tf-srv-great-shirley"},"size":10000000000,"state":"available","tags":[],"volume_type":"b_ssd","zone":"fr-par-1"}},"zone":"fr-par-1"}}'
    headers:
      Content-Length:
      - "3013"
      Content-Security-Policy:
      - default-src 'none'; frame-ancestors 'none'
      Content-Type:
      - application/json
      Date:
      - Wed, 12 Jul 2023 09:53:02 GMT
      Server:
      - Scaleway API-Gateway
      Strict-Transport-Security:
      - max-age=63072000
      X-Content-Type-Options:
      - nosniff
      X-Frame-Options:
      - DENY
      X-Request-Id:
      - b1477bc4-d2cf-466e-b79d-a7c39f747280
    status: 200 OK
    code: 200
    duration: ""
- request:
    body: ""
    form: {}
    headers:
      User-Agent:
      - scaleway-sdk-go/v1.0.0-beta.7+dev (go1.20.4; darwin; amd64) terraform-provider/develop
        terraform/terraform-tests
    url: https://api.scaleway.com/instance/v1/zones/fr-par-1/servers/64dbc12f-f708-4613-86ff-8d30b6d44765/user_data
    method: GET
  response:
    body: '{"user_data":[]}'
    headers:
      Content-Length:
      - "17"
      Content-Security-Policy:
      - default-src 'none'; frame-ancestors 'none'
      Content-Type:
      - application/json
      Date:
      - Wed, 12 Jul 2023 09:53:02 GMT
      Server:
      - Scaleway API-Gateway
      Strict-Transport-Security:
      - max-age=63072000
      X-Content-Type-Options:
      - nosniff
      X-Frame-Options:
      - DENY
      X-Request-Id:
      - 84b18e01-5825-4834-bcf6-46c1edb1aa47
    status: 200 OK
    code: 200
    duration: ""
- request:
    body: ""
    form: {}
    headers:
      User-Agent:
      - scaleway-sdk-go/v1.0.0-beta.7+dev (go1.20.4; darwin; amd64) terraform-provider/develop
        terraform/terraform-tests
    url: https://api.scaleway.com/instance/v1/zones/fr-par-1/servers/64dbc12f-f708-4613-86ff-8d30b6d44765/private_nics
    method: GET
  response:
    body: '{"private_nics":[{"creation_date":"2023-07-12T09:52:58.109305+00:00","id":"d7156e75-701c-4f53-8180-e29b0a86441f","mac_address":"02:00:00:13:5d:c8","modification_date":"2023-07-12T09:53:00.880421+00:00","private_network_id":"eb3393ff-daed-44e7-aee3-11bc0e1f030e","server_id":"64dbc12f-f708-4613-86ff-8d30b6d44765","state":"available","tags":["tag1","tag2"],"zone":"fr-par-1"}]}'
    headers:
      Content-Length:
      - "395"
      Content-Security-Policy:
      - default-src 'none'; frame-ancestors 'none'
      Content-Type:
      - application/json
      Date:
      - Wed, 12 Jul 2023 09:53:02 GMT
      Link:
      - </servers/64dbc12f-f708-4613-86ff-8d30b6d44765/private_nics?page=1&per_page=50&>;
        rel="last"
      Server:
      - Scaleway API-Gateway
      Strict-Transport-Security:
      - max-age=63072000
      X-Content-Type-Options:
      - nosniff
      X-Frame-Options:
      - DENY
      X-Request-Id:
      - 72e9a0f6-2a3f-4730-81da-8696ff2da3b6
      X-Total-Count:
      - "1"
    status: 200 OK
    code: 200
    duration: ""
- request:
    body: ""
    form: {}
    headers:
      User-Agent:
      - scaleway-sdk-go/v1.0.0-beta.7+dev (go1.20.4; darwin; amd64) terraform-provider/develop
        terraform/terraform-tests
    url: https://api.scaleway.com/instance/v1/zones/fr-par-1/servers/64dbc12f-f708-4613-86ff-8d30b6d44765/private_nics/d7156e75-701c-4f53-8180-e29b0a86441f
    method: GET
  response:
    body: '{"private_nic":{"creation_date":"2023-07-12T09:52:58.109305+00:00","id":"d7156e75-701c-4f53-8180-e29b0a86441f","mac_address":"02:00:00:13:5d:c8","modification_date":"2023-07-12T09:53:00.880421+00:00","private_network_id":"eb3393ff-daed-44e7-aee3-11bc0e1f030e","server_id":"64dbc12f-f708-4613-86ff-8d30b6d44765","state":"available","tags":["tag1","tag2"],"zone":"fr-par-1"}}'
    headers:
      Content-Length:
      - "392"
      Content-Security-Policy:
      - default-src 'none'; frame-ancestors 'none'
      Content-Type:
      - application/json
      Date:
      - Wed, 12 Jul 2023 09:53:03 GMT
      Server:
      - Scaleway API-Gateway
      Strict-Transport-Security:
      - max-age=63072000
      X-Content-Type-Options:
      - nosniff
      X-Frame-Options:
      - DENY
      X-Request-Id:
      - f7600df7-d60c-468a-b61b-272090c0d9c3
    status: 200 OK
    code: 200
    duration: ""
- request:
    body: '{"tags":[]}'
    form: {}
    headers:
      Content-Type:
      - application/json
      User-Agent:
      - scaleway-sdk-go/v1.0.0-beta.7+dev (go1.20.4; darwin; amd64) terraform-provider/develop
        terraform/terraform-tests
    url: https://api.scaleway.com/instance/v1/zones/fr-par-1/servers/64dbc12f-f708-4613-86ff-8d30b6d44765/private_nics/d7156e75-701c-4f53-8180-e29b0a86441f
    method: PATCH
  response:
    body: '{"private_nic":{"creation_date":"2023-07-12T09:52:58.109305+00:00","id":"d7156e75-701c-4f53-8180-e29b0a86441f","mac_address":"02:00:00:13:5d:c8","modification_date":"2023-07-12T09:53:03.469635+00:00","private_network_id":"eb3393ff-daed-44e7-aee3-11bc0e1f030e","server_id":"64dbc12f-f708-4613-86ff-8d30b6d44765","state":"available","tags":[],"zone":"fr-par-1"}}'
    headers:
      Content-Length:
      - "378"
      Content-Security-Policy:
      - default-src 'none'; frame-ancestors 'none'
      Content-Type:
      - application/json
      Date:
      - Wed, 12 Jul 2023 09:53:03 GMT
      Server:
      - Scaleway API-Gateway
      Strict-Transport-Security:
      - max-age=63072000
      X-Content-Type-Options:
      - nosniff
      X-Frame-Options:
      - DENY
      X-Request-Id:
      - c91a6dba-5803-43a2-8651-bcde752cc34e
    status: 200 OK
    code: 200
    duration: ""
- request:
    body: ""
    form: {}
    headers:
      User-Agent:
      - scaleway-sdk-go/v1.0.0-beta.7+dev (go1.20.4; darwin; amd64) terraform-provider/develop
        terraform/terraform-tests
    url: https://api.scaleway.com/instance/v1/zones/fr-par-1/servers/64dbc12f-f708-4613-86ff-8d30b6d44765/private_nics/d7156e75-701c-4f53-8180-e29b0a86441f
    method: GET
  response:
    body: '{"private_nic":{"creation_date":"2023-07-12T09:52:58.109305+00:00","id":"d7156e75-701c-4f53-8180-e29b0a86441f","mac_address":"02:00:00:13:5d:c8","modification_date":"2023-07-12T09:53:03.469635+00:00","private_network_id":"eb3393ff-daed-44e7-aee3-11bc0e1f030e","server_id":"64dbc12f-f708-4613-86ff-8d30b6d44765","state":"available","tags":[],"zone":"fr-par-1"}}'
    headers:
      Content-Length:
      - "378"
      Content-Security-Policy:
      - default-src 'none'; frame-ancestors 'none'
      Content-Type:
      - application/json
      Date:
      - Wed, 12 Jul 2023 09:53:03 GMT
      Server:
      - Scaleway API-Gateway
      Strict-Transport-Security:
      - max-age=63072000
      X-Content-Type-Options:
      - nosniff
      X-Frame-Options:
      - DENY
      X-Request-Id:
      - d9ad967e-c397-4c43-bb33-43aa6175f475
    status: 200 OK
    code: 200
    duration: ""
- request:
    body: ""
    form: {}
    headers:
      User-Agent:
      - scaleway-sdk-go/v1.0.0-beta.7+dev (go1.20.4; darwin; amd64) terraform-provider/develop
        terraform/terraform-tests
    url: https://api.scaleway.com/instance/v1/zones/fr-par-1/servers/64dbc12f-f708-4613-86ff-8d30b6d44765/private_nics/d7156e75-701c-4f53-8180-e29b0a86441f
    method: GET
  response:
    body: '{"private_nic":{"creation_date":"2023-07-12T09:52:58.109305+00:00","id":"d7156e75-701c-4f53-8180-e29b0a86441f","mac_address":"02:00:00:13:5d:c8","modification_date":"2023-07-12T09:53:03.469635+00:00","private_network_id":"eb3393ff-daed-44e7-aee3-11bc0e1f030e","server_id":"64dbc12f-f708-4613-86ff-8d30b6d44765","state":"available","tags":[],"zone":"fr-par-1"}}'
    headers:
      Content-Length:
      - "378"
      Content-Security-Policy:
      - default-src 'none'; frame-ancestors 'none'
      Content-Type:
      - application/json
      Date:
      - Wed, 12 Jul 2023 09:53:03 GMT
      Server:
      - Scaleway API-Gateway
      Strict-Transport-Security:
      - max-age=63072000
      X-Content-Type-Options:
      - nosniff
      X-Frame-Options:
      - DENY
      X-Request-Id:
      - b01aee94-6b53-4c6a-9f77-63db9826e6f1
    status: 200 OK
    code: 200
    duration: ""
- request:
    body: ""
    form: {}
    headers:
      User-Agent:
      - scaleway-sdk-go/v1.0.0-beta.7+dev (go1.20.4; darwin; amd64) terraform-provider/develop
        terraform/terraform-tests
    url: https://api.scaleway.com/vpc/v2/regions/fr-par/private-networks/eb3393ff-daed-44e7-aee3-11bc0e1f030e
    method: GET
  response:
    body: '{"created_at":"2023-07-12T09:52:56.301817Z","dhcp_enabled":false,"id":"eb3393ff-daed-44e7-aee3-11bc0e1f030e","name":"TestAccScalewayInstancePrivateNIC_Tags","organization_id":"564aa517-68b0-4fd7-8c8c-d21c4bcdcbd5","project_id":"564aa517-68b0-4fd7-8c8c-d21c4bcdcbd5","region":"fr-par","subnets":[{"created_at":"2023-07-12T09:52:56.301817Z","id":"811d5f4a-283e-4fb6-bcba-7634546fc617","subnet":"172.16.24.0/22","updated_at":"2023-07-12T09:52:56.301817Z"},{"created_at":"2023-07-12T09:52:56.301817Z","id":"cb71d035-17a6-4e45-8adc-50d8287158d6","subnet":"fd46:78ab:30b8:4b30::/64","updated_at":"2023-07-12T09:52:56.301817Z"}],"tags":[],"updated_at":"2023-07-12T09:52:56.301817Z","vpc_id":"086a5171-f7ab-4667-a231-840a81203f19"}'
    headers:
      Content-Length:
      - "723"
      Content-Security-Policy:
      - default-src 'none'; frame-ancestors 'none'
      Content-Type:
      - application/json
      Date:
      - Wed, 12 Jul 2023 09:53:04 GMT
      Server:
      - Scaleway API-Gateway
      Strict-Transport-Security:
      - max-age=63072000
      X-Content-Type-Options:
      - nosniff
      X-Frame-Options:
      - DENY
      X-Request-Id:
      - 6d34a9b1-0d67-4d10-b1bc-d74888cfde17
    status: 200 OK
    code: 200
    duration: ""
- request:
    body: ""
    form: {}
    headers:
      User-Agent:
      - scaleway-sdk-go/v1.0.0-beta.7+dev (go1.20.4; darwin; amd64) terraform-provider/develop
        terraform/terraform-tests
    url: https://api.scaleway.com/instance/v1/zones/fr-par-1/servers/64dbc12f-f708-4613-86ff-8d30b6d44765
    method: GET
  response:
    body: '{"server":{"allowed_actions":["poweron","backup"],"arch":"x86_64","boot_type":"local","bootscript":{"architecture":"x86_64","bootcmdargs":"LINUX_COMMON
      scaleway boot=local nbd.max_part=16","default":true,"dtb":"","id":"fdfe150f-a870-4ce4-b432-9f56b5b995c1","initrd":"http://10.194.3.9/initrd/initrd-Linux-x86_64-v3.14.6.gz","kernel":"http://10.194.3.9/kernel/x86_64-mainline-lts-4.4-4.4.230-rev1/vmlinuz-4.4.230","organization":"11111111-1111-4111-8111-111111111111","project":"11111111-1111-4111-8111-111111111111","public":true,"title":"x86_64
      mainline 4.4.230 rev1","zone":"fr-par-1"},"commercial_type":"PLAY2-PICO","creation_date":"2023-07-12T09:52:56.809828+00:00","dynamic_ip_required":false,"enable_ipv6":false,"extra_networks":[],"hostname":"tf-srv-great-shirley","id":"64dbc12f-f708-4613-86ff-8d30b6d44765","image":{"arch":"x86_64","creation_date":"2023-06-28T11:43:27.495576+00:00","default_bootscript":null,"extra_volumes":{},"from_server":null,"id":"915cb204-e4b8-458e-9408-967a25a86f47","modification_date":"2023-06-28T11:43:27.495576+00:00","name":"Ubuntu
      22.04 Jammy Jellyfish","organization":"51b656e3-4865-41e8-adbc-0c45bdd780db","project":"51b656e3-4865-41e8-adbc-0c45bdd780db","public":true,"root_volume":{"id":"1277b23f-f308-4373-936d-aa91535176fe","name":"Ubuntu
      22.04 Jammy Jellyfish","size":10000000000,"volume_type":"unified"},"state":"available","tags":[],"zone":"fr-par-1"},"ipv6":null,"location":null,"mac_address":"de:00:00:1c:fa:7d","maintenances":[],"modification_date":"2023-07-12T09:52:56.809828+00:00","name":"tf-srv-great-shirley","organization":"564aa517-68b0-4fd7-8c8c-d21c4bcdcbd5","placement_group":null,"private_ip":null,"private_nics":[{"creation_date":"2023-07-12T09:52:58.109305+00:00","id":"d7156e75-701c-4f53-8180-e29b0a86441f","mac_address":"02:00:00:13:5d:c8","modification_date":"2023-07-12T09:53:03.469635+00:00","private_network_id":"eb3393ff-daed-44e7-aee3-11bc0e1f030e","server_id":"64dbc12f-f708-4613-86ff-8d30b6d44765","state":"available","tags":[],"zone":"fr-par-1"}],"project":"564aa517-68b0-4fd7-8c8c-d21c4bcdcbd5","protected":false,"public_ip":null,"public_ips":[],"routed_ip_enabled":false,"security_group":{"id":"ac7c7160-8415-425b-8cf0-9976ee15ccd1","name":"Default
      security group"},"state":"stopped","state_detail":"","tags":[],"volumes":{"0":{"boot":false,"creation_date":"2023-07-12T09:52:56.809828+00:00","export_uri":null,"id":"721d5b70-7e88-4967-9c53-754fd5214caf","modification_date":"2023-07-12T09:52:56.809828+00:00","name":"Ubuntu
      22.04 Jammy Jellyfish","organization":"564aa517-68b0-4fd7-8c8c-d21c4bcdcbd5","project":"564aa517-68b0-4fd7-8c8c-d21c4bcdcbd5","server":{"id":"64dbc12f-f708-4613-86ff-8d30b6d44765","name":"tf-srv-great-shirley"},"size":10000000000,"state":"available","tags":[],"volume_type":"b_ssd","zone":"fr-par-1"}},"zone":"fr-par-1"}}'
    headers:
      Content-Length:
      - "2999"
      Content-Security-Policy:
      - default-src 'none'; frame-ancestors 'none'
      Content-Type:
      - application/json
      Date:
      - Wed, 12 Jul 2023 09:53:04 GMT
      Server:
      - Scaleway API-Gateway
      Strict-Transport-Security:
      - max-age=63072000
      X-Content-Type-Options:
      - nosniff
      X-Frame-Options:
      - DENY
      X-Request-Id:
      - 0ac178f0-f686-45a9-934a-30acba5794f4
    status: 200 OK
    code: 200
    duration: ""
- request:
    body: ""
    form: {}
    headers:
      User-Agent:
      - scaleway-sdk-go/v1.0.0-beta.7+dev (go1.20.4; darwin; amd64) terraform-provider/develop
        terraform/terraform-tests
    url: https://api.scaleway.com/instance/v1/zones/fr-par-1/servers/64dbc12f-f708-4613-86ff-8d30b6d44765/user_data
    method: GET
  response:
    body: '{"user_data":[]}'
    headers:
      Content-Length:
      - "17"
      Content-Security-Policy:
      - default-src 'none'; frame-ancestors 'none'
      Content-Type:
      - application/json
      Date:
      - Wed, 12 Jul 2023 09:53:04 GMT
      Server:
      - Scaleway API-Gateway
      Strict-Transport-Security:
      - max-age=63072000
      X-Content-Type-Options:
      - nosniff
      X-Frame-Options:
      - DENY
      X-Request-Id:
      - 734c6a8d-e37d-43ee-9d8f-83f9d770fb20
    status: 200 OK
    code: 200
    duration: ""
- request:
    body: ""
    form: {}
    headers:
      User-Agent:
      - scaleway-sdk-go/v1.0.0-beta.7+dev (go1.20.4; darwin; amd64) terraform-provider/develop
        terraform/terraform-tests
    url: https://api.scaleway.com/instance/v1/zones/fr-par-1/servers/64dbc12f-f708-4613-86ff-8d30b6d44765/private_nics
    method: GET
  response:
    body: '{"private_nics":[{"creation_date":"2023-07-12T09:52:58.109305+00:00","id":"d7156e75-701c-4f53-8180-e29b0a86441f","mac_address":"02:00:00:13:5d:c8","modification_date":"2023-07-12T09:53:03.469635+00:00","private_network_id":"eb3393ff-daed-44e7-aee3-11bc0e1f030e","server_id":"64dbc12f-f708-4613-86ff-8d30b6d44765","state":"available","tags":[],"zone":"fr-par-1"}]}'
    headers:
      Content-Length:
      - "381"
      Content-Security-Policy:
      - default-src 'none'; frame-ancestors 'none'
      Content-Type:
      - application/json
      Date:
      - Wed, 12 Jul 2023 09:53:04 GMT
      Link:
      - </servers/64dbc12f-f708-4613-86ff-8d30b6d44765/private_nics?page=1&per_page=50&>;
        rel="last"
      Server:
      - Scaleway API-Gateway
      Strict-Transport-Security:
      - max-age=63072000
      X-Content-Type-Options:
      - nosniff
      X-Frame-Options:
      - DENY
      X-Request-Id:
      - 8463bb4d-f344-42e7-9035-20341e8c5568
      X-Total-Count:
      - "1"
    status: 200 OK
    code: 200
    duration: ""
- request:
    body: ""
    form: {}
    headers:
      User-Agent:
      - scaleway-sdk-go/v1.0.0-beta.7+dev (go1.20.4; darwin; amd64) terraform-provider/develop
        terraform/terraform-tests
    url: https://api.scaleway.com/instance/v1/zones/fr-par-1/servers/64dbc12f-f708-4613-86ff-8d30b6d44765/private_nics/d7156e75-701c-4f53-8180-e29b0a86441f
    method: GET
  response:
    body: '{"private_nic":{"creation_date":"2023-07-12T09:52:58.109305+00:00","id":"d7156e75-701c-4f53-8180-e29b0a86441f","mac_address":"02:00:00:13:5d:c8","modification_date":"2023-07-12T09:53:03.469635+00:00","private_network_id":"eb3393ff-daed-44e7-aee3-11bc0e1f030e","server_id":"64dbc12f-f708-4613-86ff-8d30b6d44765","state":"available","tags":[],"zone":"fr-par-1"}}'
    headers:
      Content-Length:
      - "378"
      Content-Security-Policy:
      - default-src 'none'; frame-ancestors 'none'
      Content-Type:
      - application/json
      Date:
      - Wed, 12 Jul 2023 09:53:04 GMT
      Server:
      - Scaleway API-Gateway
      Strict-Transport-Security:
      - max-age=63072000
      X-Content-Type-Options:
      - nosniff
      X-Frame-Options:
      - DENY
      X-Request-Id:
      - 34ab9538-0821-4e98-ade5-6b28b340b779
    status: 200 OK
    code: 200
    duration: ""
- request:
    body: ""
    form: {}
    headers:
      User-Agent:
      - scaleway-sdk-go/v1.0.0-beta.7+dev (go1.20.4; darwin; amd64) terraform-provider/develop
        terraform/terraform-tests
    url: https://api.scaleway.com/instance/v1/zones/fr-par-1/servers/64dbc12f-f708-4613-86ff-8d30b6d44765/private_nics/d7156e75-701c-4f53-8180-e29b0a86441f
    method: GET
  response:
    body: '{"private_nic":{"creation_date":"2023-07-12T09:52:58.109305+00:00","id":"d7156e75-701c-4f53-8180-e29b0a86441f","mac_address":"02:00:00:13:5d:c8","modification_date":"2023-07-12T09:53:03.469635+00:00","private_network_id":"eb3393ff-daed-44e7-aee3-11bc0e1f030e","server_id":"64dbc12f-f708-4613-86ff-8d30b6d44765","state":"available","tags":[],"zone":"fr-par-1"}}'
    headers:
      Content-Length:
      - "378"
      Content-Security-Policy:
      - default-src 'none'; frame-ancestors 'none'
      Content-Type:
      - application/json
      Date:
      - Wed, 12 Jul 2023 09:53:04 GMT
      Server:
      - Scaleway API-Gateway
      Strict-Transport-Security:
      - max-age=63072000
      X-Content-Type-Options:
      - nosniff
      X-Frame-Options:
      - DENY
      X-Request-Id:
      - aea35396-bba1-4350-9e91-e8b813da39bc
    status: 200 OK
    code: 200
    duration: ""
- request:
    body: ""
    form: {}
    headers:
      User-Agent:
      - scaleway-sdk-go/v1.0.0-beta.7+dev (go1.20.4; darwin; amd64) terraform-provider/develop
        terraform/terraform-tests
    url: https://api.scaleway.com/instance/v1/zones/fr-par-1/servers/64dbc12f-f708-4613-86ff-8d30b6d44765/private_nics/d7156e75-701c-4f53-8180-e29b0a86441f
    method: DELETE
  response:
    body: ""
    headers:
      Content-Security-Policy:
      - default-src 'none'; frame-ancestors 'none'
      Date:
      - Wed, 12 Jul 2023 09:53:05 GMT
      Server:
      - Scaleway API-Gateway
      Strict-Transport-Security:
      - max-age=63072000
      X-Content-Type-Options:
      - nosniff
      X-Frame-Options:
      - DENY
      X-Request-Id:
      - 96fa8abe-25a1-42b8-9118-d66b930ecbaf
    status: 204 No Content
    code: 204
    duration: ""
- request:
    body: ""
    form: {}
    headers:
      User-Agent:
      - scaleway-sdk-go/v1.0.0-beta.7+dev (go1.20.4; darwin; amd64) terraform-provider/develop
        terraform/terraform-tests
    url: https://api.scaleway.com/instance/v1/zones/fr-par-1/servers/64dbc12f-f708-4613-86ff-8d30b6d44765/private_nics/d7156e75-701c-4f53-8180-e29b0a86441f
    method: GET
  response:
    body: '{"message":"Private Nic \"d7156e75-701c-4f53-8180-e29b0a86441f\" or server
      \"64dbc12f-f708-4613-86ff-8d30b6d44765\" not found","type":"unknown_resource"}'
    headers:
      Content-Length:
      - "156"
      Content-Security-Policy:
      - default-src 'none'; frame-ancestors 'none'
      Content-Type:
      - application/json
      Date:
      - Wed, 12 Jul 2023 09:53:05 GMT
      Server:
      - Scaleway API-Gateway
      Strict-Transport-Security:
      - max-age=63072000
      X-Content-Type-Options:
      - nosniff
      X-Frame-Options:
      - DENY
      X-Request-Id:
      - 2bd585a2-b73b-4e41-a904-22290559102b
    status: 404 Not Found
    code: 404
    duration: ""
- request:
    body: ""
    form: {}
    headers:
      User-Agent:
      - scaleway-sdk-go/v1.0.0-beta.7+dev (go1.20.4; darwin; amd64) terraform-provider/develop
        terraform/terraform-tests
    url: https://api.scaleway.com/instance/v1/zones/fr-par-1/servers/64dbc12f-f708-4613-86ff-8d30b6d44765
    method: GET
  response:
    body: '{"server":{"allowed_actions":["poweron","backup"],"arch":"x86_64","boot_type":"local","bootscript":{"architecture":"x86_64","bootcmdargs":"LINUX_COMMON
      scaleway boot=local nbd.max_part=16","default":true,"dtb":"","id":"fdfe150f-a870-4ce4-b432-9f56b5b995c1","initrd":"http://10.194.3.9/initrd/initrd-Linux-x86_64-v3.14.6.gz","kernel":"http://10.194.3.9/kernel/x86_64-mainline-lts-4.4-4.4.230-rev1/vmlinuz-4.4.230","organization":"11111111-1111-4111-8111-111111111111","project":"11111111-1111-4111-8111-111111111111","public":true,"title":"x86_64
      mainline 4.4.230 rev1","zone":"fr-par-1"},"commercial_type":"PLAY2-PICO","creation_date":"2023-07-12T09:52:56.809828+00:00","dynamic_ip_required":false,"enable_ipv6":false,"extra_networks":[],"hostname":"tf-srv-great-shirley","id":"64dbc12f-f708-4613-86ff-8d30b6d44765","image":{"arch":"x86_64","creation_date":"2023-06-28T11:43:27.495576+00:00","default_bootscript":null,"extra_volumes":{},"from_server":null,"id":"915cb204-e4b8-458e-9408-967a25a86f47","modification_date":"2023-06-28T11:43:27.495576+00:00","name":"Ubuntu
      22.04 Jammy Jellyfish","organization":"51b656e3-4865-41e8-adbc-0c45bdd780db","project":"51b656e3-4865-41e8-adbc-0c45bdd780db","public":true,"root_volume":{"id":"1277b23f-f308-4373-936d-aa91535176fe","name":"Ubuntu
      22.04 Jammy Jellyfish","size":10000000000,"volume_type":"unified"},"state":"available","tags":[],"zone":"fr-par-1"},"ipv6":null,"location":null,"mac_address":"de:00:00:1c:fa:7d","maintenances":[],"modification_date":"2023-07-12T09:52:56.809828+00:00","name":"tf-srv-great-shirley","organization":"564aa517-68b0-4fd7-8c8c-d21c4bcdcbd5","placement_group":null,"private_ip":null,"private_nics":[],"project":"564aa517-68b0-4fd7-8c8c-d21c4bcdcbd5","protected":false,"public_ip":null,"public_ips":[],"routed_ip_enabled":false,"security_group":{"id":"ac7c7160-8415-425b-8cf0-9976ee15ccd1","name":"Default
      security group"},"state":"stopped","state_detail":"","tags":[],"volumes":{"0":{"boot":false,"creation_date":"2023-07-12T09:52:56.809828+00:00","export_uri":null,"id":"721d5b70-7e88-4967-9c53-754fd5214caf","modification_date":"2023-07-12T09:52:56.809828+00:00","name":"Ubuntu
      22.04 Jammy Jellyfish","organization":"564aa517-68b0-4fd7-8c8c-d21c4bcdcbd5","project":"564aa517-68b0-4fd7-8c8c-d21c4bcdcbd5","server":{"id":"64dbc12f-f708-4613-86ff-8d30b6d44765","name":"tf-srv-great-shirley"},"size":10000000000,"state":"available","tags":[],"volume_type":"b_ssd","zone":"fr-par-1"}},"zone":"fr-par-1"}}'
    headers:
      Content-Length:
      - "2638"
      Content-Security-Policy:
      - default-src 'none'; frame-ancestors 'none'
      Content-Type:
      - application/json
      Date:
      - Wed, 12 Jul 2023 09:53:05 GMT
      Server:
      - Scaleway API-Gateway
      Strict-Transport-Security:
      - max-age=63072000
      X-Content-Type-Options:
      - nosniff
      X-Frame-Options:
      - DENY
      X-Request-Id:
      - d0cfa749-2476-4c67-8269-e78c21ae8258
    status: 200 OK
    code: 200
    duration: ""
- request:
    body: ""
    form: {}
    headers:
      User-Agent:
      - scaleway-sdk-go/v1.0.0-beta.7+dev (go1.20.4; darwin; amd64) terraform-provider/develop
        terraform/terraform-tests
    url: https://api.scaleway.com/instance/v1/zones/fr-par-1/servers/64dbc12f-f708-4613-86ff-8d30b6d44765
    method: GET
  response:
    body: '{"server":{"allowed_actions":["poweron","backup"],"arch":"x86_64","boot_type":"local","bootscript":{"architecture":"x86_64","bootcmdargs":"LINUX_COMMON
      scaleway boot=local nbd.max_part=16","default":true,"dtb":"","id":"fdfe150f-a870-4ce4-b432-9f56b5b995c1","initrd":"http://10.194.3.9/initrd/initrd-Linux-x86_64-v3.14.6.gz","kernel":"http://10.194.3.9/kernel/x86_64-mainline-lts-4.4-4.4.230-rev1/vmlinuz-4.4.230","organization":"11111111-1111-4111-8111-111111111111","project":"11111111-1111-4111-8111-111111111111","public":true,"title":"x86_64
      mainline 4.4.230 rev1","zone":"fr-par-1"},"commercial_type":"PLAY2-PICO","creation_date":"2023-07-12T09:52:56.809828+00:00","dynamic_ip_required":false,"enable_ipv6":false,"extra_networks":[],"hostname":"tf-srv-great-shirley","id":"64dbc12f-f708-4613-86ff-8d30b6d44765","image":{"arch":"x86_64","creation_date":"2023-06-28T11:43:27.495576+00:00","default_bootscript":null,"extra_volumes":{},"from_server":null,"id":"915cb204-e4b8-458e-9408-967a25a86f47","modification_date":"2023-06-28T11:43:27.495576+00:00","name":"Ubuntu
      22.04 Jammy Jellyfish","organization":"51b656e3-4865-41e8-adbc-0c45bdd780db","project":"51b656e3-4865-41e8-adbc-0c45bdd780db","public":true,"root_volume":{"id":"1277b23f-f308-4373-936d-aa91535176fe","name":"Ubuntu
      22.04 Jammy Jellyfish","size":10000000000,"volume_type":"unified"},"state":"available","tags":[],"zone":"fr-par-1"},"ipv6":null,"location":null,"mac_address":"de:00:00:1c:fa:7d","maintenances":[],"modification_date":"2023-07-12T09:52:56.809828+00:00","name":"tf-srv-great-shirley","organization":"564aa517-68b0-4fd7-8c8c-d21c4bcdcbd5","placement_group":null,"private_ip":null,"private_nics":[],"project":"564aa517-68b0-4fd7-8c8c-d21c4bcdcbd5","protected":false,"public_ip":null,"public_ips":[],"routed_ip_enabled":false,"security_group":{"id":"ac7c7160-8415-425b-8cf0-9976ee15ccd1","name":"Default
      security group"},"state":"stopped","state_detail":"","tags":[],"volumes":{"0":{"boot":false,"creation_date":"2023-07-12T09:52:56.809828+00:00","export_uri":null,"id":"721d5b70-7e88-4967-9c53-754fd5214caf","modification_date":"2023-07-12T09:52:56.809828+00:00","name":"Ubuntu
      22.04 Jammy Jellyfish","organization":"564aa517-68b0-4fd7-8c8c-d21c4bcdcbd5","project":"564aa517-68b0-4fd7-8c8c-d21c4bcdcbd5","server":{"id":"64dbc12f-f708-4613-86ff-8d30b6d44765","name":"tf-srv-great-shirley"},"size":10000000000,"state":"available","tags":[],"volume_type":"b_ssd","zone":"fr-par-1"}},"zone":"fr-par-1"}}'
    headers:
      Content-Length:
      - "2638"
      Content-Security-Policy:
      - default-src 'none'; frame-ancestors 'none'
      Content-Type:
      - application/json
      Date:
      - Wed, 12 Jul 2023 09:53:05 GMT
      Server:
      - Scaleway API-Gateway
      Strict-Transport-Security:
      - max-age=63072000
      X-Content-Type-Options:
      - nosniff
      X-Frame-Options:
      - DENY
      X-Request-Id:
      - bf387188-1a4a-43fa-97dd-41dda047c68b
    status: 200 OK
    code: 200
    duration: ""
- request:
    body: ""
    form: {}
    headers:
      User-Agent:
      - scaleway-sdk-go/v1.0.0-beta.7+dev (go1.20.4; darwin; amd64) terraform-provider/develop
        terraform/terraform-tests
    url: https://api.scaleway.com/instance/v1/zones/fr-par-1/servers/64dbc12f-f708-4613-86ff-8d30b6d44765
    method: DELETE
  response:
    body: ""
    headers:
      Content-Security-Policy:
      - default-src 'none'; frame-ancestors 'none'
      Date:
      - Wed, 12 Jul 2023 09:53:05 GMT
      Server:
      - Scaleway API-Gateway
      Strict-Transport-Security:
      - max-age=63072000
      X-Content-Type-Options:
      - nosniff
      X-Frame-Options:
      - DENY
      X-Request-Id:
      - bb1bc922-836a-46c5-828f-9f35b3faf860
    status: 204 No Content
    code: 204
    duration: ""
- request:
    body: ""
    form: {}
    headers:
      User-Agent:
      - scaleway-sdk-go/v1.0.0-beta.7+dev (go1.20.4; darwin; amd64) terraform-provider/develop
        terraform/terraform-tests
    url: https://api.scaleway.com/vpc/v2/regions/fr-par/private-networks/eb3393ff-daed-44e7-aee3-11bc0e1f030e
    method: DELETE
  response:
    body: ""
    headers:
      Content-Security-Policy:
      - default-src 'none'; frame-ancestors 'none'
      Content-Type:
      - application/json
      Date:
      - Wed, 12 Jul 2023 09:53:05 GMT
      Server:
      - Scaleway API-Gateway
      Strict-Transport-Security:
      - max-age=63072000
      X-Content-Type-Options:
      - nosniff
      X-Frame-Options:
      - DENY
      X-Request-Id:
      - b42335bf-c402-41c2-b41c-3b6b8f0a98bd
    status: 204 No Content
    code: 204
    duration: ""
- request:
    body: ""
    form: {}
    headers:
      User-Agent:
      - scaleway-sdk-go/v1.0.0-beta.7+dev (go1.20.4; darwin; amd64) terraform-provider/develop
        terraform/terraform-tests
    url: https://api.scaleway.com/instance/v1/zones/fr-par-1/servers/64dbc12f-f708-4613-86ff-8d30b6d44765
    method: GET
  response:
    body: '{"message":"\"64dbc12f-f708-4613-86ff-8d30b6d44765\" not found","type":"unknown_resource"}'
    headers:
      Content-Length:
      - "93"
      Content-Security-Policy:
      - default-src 'none'; frame-ancestors 'none'
      Content-Type:
      - application/json
      Date:
      - Wed, 12 Jul 2023 09:53:05 GMT
      Server:
      - Scaleway API-Gateway
      Strict-Transport-Security:
      - max-age=63072000
      X-Content-Type-Options:
      - nosniff
      X-Frame-Options:
      - DENY
      X-Request-Id:
      - 9b18ad1c-0f51-43d7-8372-59a40db6607c
    status: 404 Not Found
    code: 404
    duration: ""
- request:
    body: ""
    form: {}
    headers:
      User-Agent:
      - scaleway-sdk-go/v1.0.0-beta.7+dev (go1.20.4; darwin; amd64) terraform-provider/develop
        terraform/terraform-tests
    url: https://api.scaleway.com/instance/v1/zones/fr-par-1/volumes/721d5b70-7e88-4967-9c53-754fd5214caf
    method: DELETE
  response:
    body: ""
    headers:
      Content-Security-Policy:
      - default-src 'none'; frame-ancestors 'none'
      Date:
      - Wed, 12 Jul 2023 09:53:05 GMT
      Server:
      - Scaleway API-Gateway
      Strict-Transport-Security:
      - max-age=63072000
      X-Content-Type-Options:
      - nosniff
      X-Frame-Options:
      - DENY
      X-Request-Id:
      - ef57cf0f-60d9-44e1-9a01-5d26538119bf
    status: 204 No Content
    code: 204
    duration: ""
- request:
    body: ""
    form: {}
    headers:
      User-Agent:
      - scaleway-sdk-go/v1.0.0-beta.7+dev (go1.20.4; darwin; amd64) terraform-provider/develop
        terraform/terraform-tests
    url: https://api.scaleway.com/instance/v1/zones/fr-par-1/servers/64dbc12f-f708-4613-86ff-8d30b6d44765/private_nics/d7156e75-701c-4f53-8180-e29b0a86441f
    method: GET
  response:
    body: '{"message":"Private Nic \"d7156e75-701c-4f53-8180-e29b0a86441f\" or server
      \"64dbc12f-f708-4613-86ff-8d30b6d44765\" not found","type":"unknown_resource"}'
    headers:
      Content-Length:
      - "156"
      Content-Security-Policy:
      - default-src 'none'; frame-ancestors 'none'
      Content-Type:
      - application/json
      Date:
      - Wed, 12 Jul 2023 09:53:05 GMT
      Server:
      - Scaleway API-Gateway
      Strict-Transport-Security:
      - max-age=63072000
      X-Content-Type-Options:
      - nosniff
      X-Frame-Options:
      - DENY
      X-Request-Id:
      - 6b7d1eb3-8195-4c6d-b765-3651394a0151
    status: 404 Not Found
    code: 404
    duration: ""
