---
version: 1
interactions:
- request:
    body: '{"name":"tf-vol-flamboyant-turing","project":"105bdce1-64c0-48ab-899d-868455867ecf","volume_type":"b_ssd","size":20000000000}'
    form: {}
    headers:
      Content-Type:
      - application/json
      User-Agent:
      - scaleway-sdk-go/v1.0.0-beta.7+dev (go1.21.1; linux; amd64) terraform-provider/develop
        terraform/terraform-tests
    url: https://api.scaleway.com/instance/v1/zones/nl-ams-1/volumes
    method: POST
  response:
    body: '{"volume":{"creation_date":"2023-10-31T14:31:00.870158+00:00","export_uri":null,"id":"7f802699-8251-43fa-93d6-a321144f2e7c","modification_date":"2023-10-31T14:31:00.870158+00:00","name":"tf-vol-flamboyant-turing","organization":"105bdce1-64c0-48ab-899d-868455867ecf","project":"105bdce1-64c0-48ab-899d-868455867ecf","server":null,"size":20000000000,"state":"available","tags":[],"volume_type":"b_ssd","zone":"nl-ams-1"}}'
    headers:
      Content-Length:
      - "446"
      Content-Security-Policy:
      - default-src 'none'; frame-ancestors 'none'
      Content-Type:
      - application/json
      Date:
      - Tue, 31 Oct 2023 14:31:00 GMT
      Location:
      - https://api.scaleway.com/instance/v1/zones/nl-ams-1/volumes/7f802699-8251-43fa-93d6-a321144f2e7c
      Server:
      - Scaleway API-Gateway
      Strict-Transport-Security:
      - max-age=63072000
      X-Content-Type-Options:
      - nosniff
      X-Frame-Options:
      - DENY
      X-Request-Id:
      - aee432ac-3d5a-4dfe-904d-a9ad59a4c33b
    status: 201 Created
    code: 201
    duration: ""
- request:
    body: ""
    form: {}
    headers:
      User-Agent:
      - scaleway-sdk-go/v1.0.0-beta.7+dev (go1.21.1; linux; amd64) terraform-provider/develop
        terraform/terraform-tests
    url: https://api.scaleway.com/instance/v1/zones/nl-ams-1/volumes/7f802699-8251-43fa-93d6-a321144f2e7c
    method: GET
  response:
    body: '{"volume":{"creation_date":"2023-10-31T14:31:00.870158+00:00","export_uri":null,"id":"7f802699-8251-43fa-93d6-a321144f2e7c","modification_date":"2023-10-31T14:31:00.870158+00:00","name":"tf-vol-flamboyant-turing","organization":"105bdce1-64c0-48ab-899d-868455867ecf","project":"105bdce1-64c0-48ab-899d-868455867ecf","server":null,"size":20000000000,"state":"available","tags":[],"volume_type":"b_ssd","zone":"nl-ams-1"}}'
    headers:
      Content-Length:
      - "446"
      Content-Security-Policy:
      - default-src 'none'; frame-ancestors 'none'
      Content-Type:
      - application/json
      Date:
      - Tue, 31 Oct 2023 14:31:01 GMT
      Server:
      - Scaleway API-Gateway
      Strict-Transport-Security:
      - max-age=63072000
      X-Content-Type-Options:
      - nosniff
      X-Frame-Options:
      - DENY
      X-Request-Id:
      - c851aaac-4b3d-469a-9420-03be37e4c238
    status: 200 OK
    code: 200
    duration: ""
- request:
    body: ""
    form: {}
    headers:
      User-Agent:
      - scaleway-sdk-go/v1.0.0-beta.7+dev (go1.21.1; linux; amd64) terraform-provider/develop
        terraform/terraform-tests
    url: https://api.scaleway.com/instance/v1/zones/nl-ams-1/volumes/7f802699-8251-43fa-93d6-a321144f2e7c
    method: GET
  response:
    body: '{"volume":{"creation_date":"2023-10-31T14:31:00.870158+00:00","export_uri":null,"id":"7f802699-8251-43fa-93d6-a321144f2e7c","modification_date":"2023-10-31T14:31:00.870158+00:00","name":"tf-vol-flamboyant-turing","organization":"105bdce1-64c0-48ab-899d-868455867ecf","project":"105bdce1-64c0-48ab-899d-868455867ecf","server":null,"size":20000000000,"state":"available","tags":[],"volume_type":"b_ssd","zone":"nl-ams-1"}}'
    headers:
      Content-Length:
      - "446"
      Content-Security-Policy:
      - default-src 'none'; frame-ancestors 'none'
      Content-Type:
      - application/json
      Date:
      - Tue, 31 Oct 2023 14:31:01 GMT
      Server:
      - Scaleway API-Gateway
      Strict-Transport-Security:
      - max-age=63072000
      X-Content-Type-Options:
      - nosniff
      X-Frame-Options:
      - DENY
      X-Request-Id:
      - eff3a669-9558-47de-97dc-1d04f5b8751e
    status: 200 OK
    code: 200
    duration: ""
- request:
    body: '{"name":"tf-snap-angry-lumiere","volume_id":"7f802699-8251-43fa-93d6-a321144f2e7c","project":"105bdce1-64c0-48ab-899d-868455867ecf"}'
    form: {}
    headers:
      Content-Type:
      - application/json
      User-Agent:
      - scaleway-sdk-go/v1.0.0-beta.7+dev (go1.21.1; linux; amd64) terraform-provider/develop
        terraform/terraform-tests
    url: https://api.scaleway.com/instance/v1/zones/nl-ams-1/snapshots
    method: POST
  response:
    body: '{"snapshot":{"base_volume":{"id":"7f802699-8251-43fa-93d6-a321144f2e7c","name":"tf-vol-flamboyant-turing"},"creation_date":"2023-10-31T14:31:01.298318+00:00","error_details":null,"id":"04820143-8d8e-4a11-a5ca-de003b539d7c","modification_date":"2023-10-31T14:31:01.298318+00:00","name":"tf-snap-angry-lumiere","organization":"105bdce1-64c0-48ab-899d-868455867ecf","project":"105bdce1-64c0-48ab-899d-868455867ecf","size":20000000000,"state":"snapshotting","tags":[],"volume_type":"b_ssd","zone":"nl-ams-1"},"task":{"description":"snapshot_04820143-8d8e-4a11-a5ca-de003b539d7c","href_from":"/snapshots","href_result":"snapshots/04820143-8d8e-4a11-a5ca-de003b539d7c","id":"92db2517-1661-45f2-85b2-9c5ca7f502c4","started_at":"2023-10-31T14:31:01.736300+00:00","status":"pending","terminated_at":null}}'
    headers:
      Content-Length:
      - "840"
      Content-Security-Policy:
      - default-src 'none'; frame-ancestors 'none'
      Content-Type:
      - application/json
      Date:
      - Tue, 31 Oct 2023 14:31:01 GMT
      Server:
      - Scaleway API-Gateway
      Strict-Transport-Security:
      - max-age=63072000
      X-Content-Type-Options:
      - nosniff
      X-Frame-Options:
      - DENY
      X-Request-Id:
      - 78f9688e-719e-49c3-9a73-7a81fb2585e4
    status: 201 Created
    code: 201
    duration: ""
- request:
    body: ""
    form: {}
    headers:
      User-Agent:
      - scaleway-sdk-go/v1.0.0-beta.7+dev (go1.21.1; linux; amd64) terraform-provider/develop
        terraform/terraform-tests
    url: https://api.scaleway.com/instance/v1/zones/nl-ams-1/snapshots/04820143-8d8e-4a11-a5ca-de003b539d7c
    method: GET
  response:
    body: '{"snapshot":{"base_volume":{"id":"7f802699-8251-43fa-93d6-a321144f2e7c","name":"tf-vol-flamboyant-turing"},"creation_date":"2023-10-31T14:31:01.298318+00:00","error_details":null,"id":"04820143-8d8e-4a11-a5ca-de003b539d7c","modification_date":"2023-10-31T14:31:01.298318+00:00","name":"tf-snap-angry-lumiere","organization":"105bdce1-64c0-48ab-899d-868455867ecf","project":"105bdce1-64c0-48ab-899d-868455867ecf","size":20000000000,"state":"snapshotting","tags":[],"volume_type":"b_ssd","zone":"nl-ams-1"}}'
    headers:
      Content-Length:
      - "534"
      Content-Security-Policy:
      - default-src 'none'; frame-ancestors 'none'
      Content-Type:
      - application/json
      Date:
      - Tue, 31 Oct 2023 14:31:01 GMT
      Server:
      - Scaleway API-Gateway
      Strict-Transport-Security:
      - max-age=63072000
      X-Content-Type-Options:
      - nosniff
      X-Frame-Options:
      - DENY
      X-Request-Id:
      - 2d4f0f40-1f14-4b80-8928-f98168b4baee
    status: 200 OK
    code: 200
    duration: ""
- request:
    body: ""
    form: {}
    headers:
      User-Agent:
      - scaleway-sdk-go/v1.0.0-beta.7+dev (go1.21.1; linux; amd64) terraform-provider/develop
        terraform/terraform-tests
    url: https://api.scaleway.com/instance/v1/zones/nl-ams-1/snapshots/04820143-8d8e-4a11-a5ca-de003b539d7c
    method: GET
  response:
    body: '{"snapshot":{"base_volume":{"id":"7f802699-8251-43fa-93d6-a321144f2e7c","name":"tf-vol-flamboyant-turing"},"creation_date":"2023-10-31T14:31:01.298318+00:00","error_details":null,"id":"04820143-8d8e-4a11-a5ca-de003b539d7c","modification_date":"2023-10-31T14:31:03.183509+00:00","name":"tf-snap-angry-lumiere","organization":"105bdce1-64c0-48ab-899d-868455867ecf","project":"105bdce1-64c0-48ab-899d-868455867ecf","size":20000000000,"state":"available","tags":[],"volume_type":"b_ssd","zone":"nl-ams-1"}}'
    headers:
      Content-Length:
      - "531"
      Content-Security-Policy:
      - default-src 'none'; frame-ancestors 'none'
      Content-Type:
      - application/json
      Date:
      - Tue, 31 Oct 2023 14:31:07 GMT
      Server:
      - Scaleway API-Gateway
      Strict-Transport-Security:
      - max-age=63072000
      X-Content-Type-Options:
      - nosniff
      X-Frame-Options:
      - DENY
      X-Request-Id:
      - b78ad9c5-6c47-4f92-a844-c07e24ec7231
    status: 200 OK
    code: 200
    duration: ""
- request:
    body: ""
    form: {}
    headers:
      User-Agent:
      - scaleway-sdk-go/v1.0.0-beta.7+dev (go1.21.1; linux; amd64) terraform-provider/develop
        terraform/terraform-tests
    url: https://api.scaleway.com/instance/v1/zones/nl-ams-1/snapshots/04820143-8d8e-4a11-a5ca-de003b539d7c
    method: GET
  response:
    body: '{"snapshot":{"base_volume":{"id":"7f802699-8251-43fa-93d6-a321144f2e7c","name":"tf-vol-flamboyant-turing"},"creation_date":"2023-10-31T14:31:01.298318+00:00","error_details":null,"id":"04820143-8d8e-4a11-a5ca-de003b539d7c","modification_date":"2023-10-31T14:31:03.183509+00:00","name":"tf-snap-angry-lumiere","organization":"105bdce1-64c0-48ab-899d-868455867ecf","project":"105bdce1-64c0-48ab-899d-868455867ecf","size":20000000000,"state":"available","tags":[],"volume_type":"b_ssd","zone":"nl-ams-1"}}'
    headers:
      Content-Length:
      - "531"
      Content-Security-Policy:
      - default-src 'none'; frame-ancestors 'none'
      Content-Type:
      - application/json
      Date:
      - Tue, 31 Oct 2023 14:31:07 GMT
      Server:
      - Scaleway API-Gateway
      Strict-Transport-Security:
      - max-age=63072000
      X-Content-Type-Options:
      - nosniff
      X-Frame-Options:
      - DENY
      X-Request-Id:
      - 24e318b5-9ed8-4c9d-b9f3-234f116643d5
    status: 200 OK
    code: 200
    duration: ""
- request:
    body: '{"name":"test_image_basic","root_volume":"04820143-8d8e-4a11-a5ca-de003b539d7c","arch":"x86_64","project":"105bdce1-64c0-48ab-899d-868455867ecf","tags":["tag1","tag2","tag3"],"public":false}'
    form: {}
    headers:
      Content-Type:
      - application/json
      User-Agent:
      - scaleway-sdk-go/v1.0.0-beta.7+dev (go1.21.1; linux; amd64) terraform-provider/develop
        terraform/terraform-tests
    url: https://api.scaleway.com/instance/v1/zones/nl-ams-1/images
    method: POST
  response:
    body: '{"image":{"arch":"x86_64","creation_date":"2023-10-31T14:31:07.237816+00:00","default_bootscript":null,"extra_volumes":{},"from_server":null,"id":"98799571-18d4-40ff-9e59-3ad2e52cc8a5","modification_date":"2023-10-31T14:31:07.237816+00:00","name":"test_image_basic","organization":"105bdce1-64c0-48ab-899d-868455867ecf","project":"105bdce1-64c0-48ab-899d-868455867ecf","public":false,"root_volume":{"id":"04820143-8d8e-4a11-a5ca-de003b539d7c","name":"tf-snap-angry-lumiere","size":20000000000,"volume_type":"b_ssd"},"state":"available","tags":["tag1","tag2","tag3"],"zone":"nl-ams-1"}}'
    headers:
      Content-Length:
      - "624"
      Content-Security-Policy:
      - default-src 'none'; frame-ancestors 'none'
      Content-Type:
      - application/json
      Date:
      - Tue, 31 Oct 2023 14:31:07 GMT
      Location:
      - https://api.scaleway.com/instance/v1/zones/nl-ams-1/images/98799571-18d4-40ff-9e59-3ad2e52cc8a5
      Server:
      - Scaleway API-Gateway
      Strict-Transport-Security:
      - max-age=63072000
      X-Content-Type-Options:
      - nosniff
      X-Frame-Options:
      - DENY
      X-Request-Id:
      - 3ac7aed2-9c55-4a73-b6eb-fadfbf00988d
    status: 201 Created
    code: 201
    duration: ""
- request:
    body: ""
    form: {}
    headers:
      User-Agent:
      - scaleway-sdk-go/v1.0.0-beta.7+dev (go1.21.1; linux; amd64) terraform-provider/develop
        terraform/terraform-tests
    url: https://api.scaleway.com/instance/v1/zones/nl-ams-1/images/98799571-18d4-40ff-9e59-3ad2e52cc8a5
    method: GET
  response:
    body: '{"image":{"arch":"x86_64","creation_date":"2023-10-31T14:31:07.237816+00:00","default_bootscript":null,"extra_volumes":{},"from_server":null,"id":"98799571-18d4-40ff-9e59-3ad2e52cc8a5","modification_date":"2023-10-31T14:31:07.237816+00:00","name":"test_image_basic","organization":"105bdce1-64c0-48ab-899d-868455867ecf","project":"105bdce1-64c0-48ab-899d-868455867ecf","public":false,"root_volume":{"id":"04820143-8d8e-4a11-a5ca-de003b539d7c","name":"tf-snap-angry-lumiere","size":20000000000,"volume_type":"b_ssd"},"state":"available","tags":["tag1","tag2","tag3"],"zone":"nl-ams-1"}}'
    headers:
      Content-Length:
      - "624"
      Content-Security-Policy:
      - default-src 'none'; frame-ancestors 'none'
      Content-Type:
      - application/json
      Date:
      - Tue, 31 Oct 2023 14:31:07 GMT
      Server:
      - Scaleway API-Gateway
      Strict-Transport-Security:
      - max-age=63072000
      X-Content-Type-Options:
      - nosniff
      X-Frame-Options:
      - DENY
      X-Request-Id:
      - 7b577573-89ed-4dff-8736-ddf38a28643a
    status: 200 OK
    code: 200
    duration: ""
- request:
    body: ""
    form: {}
    headers:
      User-Agent:
      - scaleway-sdk-go/v1.0.0-beta.7+dev (go1.21.1; linux; amd64) terraform-provider/develop
        terraform/terraform-tests
    url: https://api.scaleway.com/instance/v1/zones/nl-ams-1/images/98799571-18d4-40ff-9e59-3ad2e52cc8a5
    method: GET
  response:
    body: '{"image":{"arch":"x86_64","creation_date":"2023-10-31T14:31:07.237816+00:00","default_bootscript":null,"extra_volumes":{},"from_server":null,"id":"98799571-18d4-40ff-9e59-3ad2e52cc8a5","modification_date":"2023-10-31T14:31:07.237816+00:00","name":"test_image_basic","organization":"105bdce1-64c0-48ab-899d-868455867ecf","project":"105bdce1-64c0-48ab-899d-868455867ecf","public":false,"root_volume":{"id":"04820143-8d8e-4a11-a5ca-de003b539d7c","name":"tf-snap-angry-lumiere","size":20000000000,"volume_type":"b_ssd"},"state":"available","tags":["tag1","tag2","tag3"],"zone":"nl-ams-1"}}'
    headers:
      Content-Length:
      - "624"
      Content-Security-Policy:
      - default-src 'none'; frame-ancestors 'none'
      Content-Type:
      - application/json
      Date:
      - Tue, 31 Oct 2023 14:31:07 GMT
      Server:
      - Scaleway API-Gateway
      Strict-Transport-Security:
      - max-age=63072000
      X-Content-Type-Options:
      - nosniff
      X-Frame-Options:
      - DENY
      X-Request-Id:
      - 6c060331-3046-4230-9264-6d0e0461febe
    status: 200 OK
    code: 200
    duration: ""
- request:
    body: ""
    form: {}
    headers:
      User-Agent:
      - scaleway-sdk-go/v1.0.0-beta.7+dev (go1.21.1; linux; amd64) terraform-provider/develop
        terraform/terraform-tests
    url: https://api.scaleway.com/instance/v1/zones/nl-ams-1/volumes/7f802699-8251-43fa-93d6-a321144f2e7c
    method: GET
  response:
    body: '{"volume":{"creation_date":"2023-10-31T14:31:00.870158+00:00","export_uri":null,"id":"7f802699-8251-43fa-93d6-a321144f2e7c","modification_date":"2023-10-31T14:31:03.183509+00:00","name":"tf-vol-flamboyant-turing","organization":"105bdce1-64c0-48ab-899d-868455867ecf","project":"105bdce1-64c0-48ab-899d-868455867ecf","server":null,"size":20000000000,"state":"available","tags":[],"volume_type":"b_ssd","zone":"nl-ams-1"}}'
    headers:
      Content-Length:
      - "446"
      Content-Security-Policy:
      - default-src 'none'; frame-ancestors 'none'
      Content-Type:
      - application/json
      Date:
      - Tue, 31 Oct 2023 14:31:07 GMT
      Server:
      - Scaleway API-Gateway
      Strict-Transport-Security:
      - max-age=63072000
      X-Content-Type-Options:
      - nosniff
      X-Frame-Options:
      - DENY
      X-Request-Id:
      - bac92e3e-49f9-4016-842f-b2a4a4c5474f
    status: 200 OK
    code: 200
    duration: ""
- request:
    body: ""
    form: {}
    headers:
      User-Agent:
      - scaleway-sdk-go/v1.0.0-beta.7+dev (go1.21.1; linux; amd64) terraform-provider/develop
        terraform/terraform-tests
    url: https://api.scaleway.com/instance/v1/zones/nl-ams-1/snapshots/04820143-8d8e-4a11-a5ca-de003b539d7c
    method: GET
  response:
    body: '{"snapshot":{"base_volume":{"id":"7f802699-8251-43fa-93d6-a321144f2e7c","name":"tf-vol-flamboyant-turing"},"creation_date":"2023-10-31T14:31:01.298318+00:00","error_details":null,"id":"04820143-8d8e-4a11-a5ca-de003b539d7c","modification_date":"2023-10-31T14:31:03.183509+00:00","name":"tf-snap-angry-lumiere","organization":"105bdce1-64c0-48ab-899d-868455867ecf","project":"105bdce1-64c0-48ab-899d-868455867ecf","size":20000000000,"state":"available","tags":[],"volume_type":"b_ssd","zone":"nl-ams-1"}}'
    headers:
      Content-Length:
      - "531"
      Content-Security-Policy:
      - default-src 'none'; frame-ancestors 'none'
      Content-Type:
      - application/json
      Date:
      - Tue, 31 Oct 2023 14:31:07 GMT
      Server:
      - Scaleway API-Gateway
      Strict-Transport-Security:
      - max-age=63072000
      X-Content-Type-Options:
      - nosniff
      X-Frame-Options:
      - DENY
      X-Request-Id:
      - 5008c4fd-0b8f-4ad7-a7a6-c2334ae485fc
    status: 200 OK
    code: 200
    duration: ""
- request:
    body: ""
    form: {}
    headers:
      User-Agent:
      - scaleway-sdk-go/v1.0.0-beta.7+dev (go1.21.1; linux; amd64) terraform-provider/develop
        terraform/terraform-tests
    url: https://api.scaleway.com/instance/v1/zones/nl-ams-1/images/98799571-18d4-40ff-9e59-3ad2e52cc8a5
    method: GET
  response:
    body: '{"image":{"arch":"x86_64","creation_date":"2023-10-31T14:31:07.237816+00:00","default_bootscript":null,"extra_volumes":{},"from_server":null,"id":"98799571-18d4-40ff-9e59-3ad2e52cc8a5","modification_date":"2023-10-31T14:31:07.237816+00:00","name":"test_image_basic","organization":"105bdce1-64c0-48ab-899d-868455867ecf","project":"105bdce1-64c0-48ab-899d-868455867ecf","public":false,"root_volume":{"id":"04820143-8d8e-4a11-a5ca-de003b539d7c","name":"tf-snap-angry-lumiere","size":20000000000,"volume_type":"b_ssd"},"state":"available","tags":["tag1","tag2","tag3"],"zone":"nl-ams-1"}}'
    headers:
      Content-Length:
      - "624"
      Content-Security-Policy:
      - default-src 'none'; frame-ancestors 'none'
      Content-Type:
      - application/json
      Date:
      - Tue, 31 Oct 2023 14:31:08 GMT
      Server:
      - Scaleway API-Gateway
      Strict-Transport-Security:
      - max-age=63072000
      X-Content-Type-Options:
      - nosniff
      X-Frame-Options:
      - DENY
      X-Request-Id:
      - 692cd41a-a6f3-453d-a5ae-698bacafda96
    status: 200 OK
    code: 200
    duration: ""
- request:
    body: ""
    form: {}
    headers:
      User-Agent:
      - scaleway-sdk-go/v1.0.0-beta.7+dev (go1.21.1; linux; amd64) terraform-provider/develop
        terraform/terraform-tests
    url: https://api.scaleway.com/instance/v1/zones/nl-ams-1/volumes/7f802699-8251-43fa-93d6-a321144f2e7c
    method: GET
  response:
    body: '{"volume":{"creation_date":"2023-10-31T14:31:00.870158+00:00","export_uri":null,"id":"7f802699-8251-43fa-93d6-a321144f2e7c","modification_date":"2023-10-31T14:31:03.183509+00:00","name":"tf-vol-flamboyant-turing","organization":"105bdce1-64c0-48ab-899d-868455867ecf","project":"105bdce1-64c0-48ab-899d-868455867ecf","server":null,"size":20000000000,"state":"available","tags":[],"volume_type":"b_ssd","zone":"nl-ams-1"}}'
    headers:
      Content-Length:
      - "446"
      Content-Security-Policy:
      - default-src 'none'; frame-ancestors 'none'
      Content-Type:
      - application/json
      Date:
      - Tue, 31 Oct 2023 14:31:08 GMT
      Server:
      - Scaleway API-Gateway
      Strict-Transport-Security:
      - max-age=63072000
      X-Content-Type-Options:
      - nosniff
      X-Frame-Options:
      - DENY
      X-Request-Id:
      - fb3969a5-0537-45db-9a62-b1390d0e73fa
    status: 200 OK
    code: 200
    duration: ""
- request:
    body: ""
    form: {}
    headers:
      User-Agent:
      - scaleway-sdk-go/v1.0.0-beta.7+dev (go1.21.1; linux; amd64) terraform-provider/develop
        terraform/terraform-tests
    url: https://api.scaleway.com/instance/v1/zones/nl-ams-1/snapshots/04820143-8d8e-4a11-a5ca-de003b539d7c
    method: GET
  response:
    body: '{"snapshot":{"base_volume":{"id":"7f802699-8251-43fa-93d6-a321144f2e7c","name":"tf-vol-flamboyant-turing"},"creation_date":"2023-10-31T14:31:01.298318+00:00","error_details":null,"id":"04820143-8d8e-4a11-a5ca-de003b539d7c","modification_date":"2023-10-31T14:31:03.183509+00:00","name":"tf-snap-angry-lumiere","organization":"105bdce1-64c0-48ab-899d-868455867ecf","project":"105bdce1-64c0-48ab-899d-868455867ecf","size":20000000000,"state":"available","tags":[],"volume_type":"b_ssd","zone":"nl-ams-1"}}'
    headers:
      Content-Length:
      - "531"
      Content-Security-Policy:
      - default-src 'none'; frame-ancestors 'none'
      Content-Type:
      - application/json
      Date:
      - Tue, 31 Oct 2023 14:31:08 GMT
      Server:
      - Scaleway API-Gateway
      Strict-Transport-Security:
      - max-age=63072000
      X-Content-Type-Options:
      - nosniff
      X-Frame-Options:
      - DENY
      X-Request-Id:
      - 004c4271-b51e-4071-970d-f5bca906f3f4
    status: 200 OK
    code: 200
    duration: ""
- request:
    body: ""
    form: {}
    headers:
      User-Agent:
      - scaleway-sdk-go/v1.0.0-beta.7+dev (go1.21.1; linux; amd64) terraform-provider/develop
        terraform/terraform-tests
    url: https://api.scaleway.com/instance/v1/zones/nl-ams-1/images/98799571-18d4-40ff-9e59-3ad2e52cc8a5
    method: GET
  response:
    body: '{"image":{"arch":"x86_64","creation_date":"2023-10-31T14:31:07.237816+00:00","default_bootscript":null,"extra_volumes":{},"from_server":null,"id":"98799571-18d4-40ff-9e59-3ad2e52cc8a5","modification_date":"2023-10-31T14:31:07.237816+00:00","name":"test_image_basic","organization":"105bdce1-64c0-48ab-899d-868455867ecf","project":"105bdce1-64c0-48ab-899d-868455867ecf","public":false,"root_volume":{"id":"04820143-8d8e-4a11-a5ca-de003b539d7c","name":"tf-snap-angry-lumiere","size":20000000000,"volume_type":"b_ssd"},"state":"available","tags":["tag1","tag2","tag3"],"zone":"nl-ams-1"}}'
    headers:
      Content-Length:
      - "624"
      Content-Security-Policy:
      - default-src 'none'; frame-ancestors 'none'
      Content-Type:
      - application/json
      Date:
      - Tue, 31 Oct 2023 14:31:08 GMT
      Server:
      - Scaleway API-Gateway
      Strict-Transport-Security:
      - max-age=63072000
      X-Content-Type-Options:
      - nosniff
      X-Frame-Options:
      - DENY
      X-Request-Id:
      - d2b70234-29f7-4e05-9c10-da6f479f3ae8
    status: 200 OK
    code: 200
    duration: ""
- request:
    body: ""
    form: {}
    headers:
      User-Agent:
      - scaleway-sdk-go/v1.0.0-beta.7+dev (go1.21.1; linux; amd64) terraform-provider/develop
        terraform/terraform-tests
    url: https://api.scaleway.com/instance/v1/zones/nl-ams-1/volumes/7f802699-8251-43fa-93d6-a321144f2e7c
    method: GET
  response:
    body: '{"volume":{"creation_date":"2023-10-31T14:31:00.870158+00:00","export_uri":null,"id":"7f802699-8251-43fa-93d6-a321144f2e7c","modification_date":"2023-10-31T14:31:03.183509+00:00","name":"tf-vol-flamboyant-turing","organization":"105bdce1-64c0-48ab-899d-868455867ecf","project":"105bdce1-64c0-48ab-899d-868455867ecf","server":null,"size":20000000000,"state":"available","tags":[],"volume_type":"b_ssd","zone":"nl-ams-1"}}'
    headers:
      Content-Length:
      - "446"
      Content-Security-Policy:
      - default-src 'none'; frame-ancestors 'none'
      Content-Type:
      - application/json
      Date:
      - Tue, 31 Oct 2023 14:31:09 GMT
      Server:
      - Scaleway API-Gateway
      Strict-Transport-Security:
      - max-age=63072000
      X-Content-Type-Options:
      - nosniff
      X-Frame-Options:
      - DENY
      X-Request-Id:
      - 361806f6-0230-49b8-8dd6-0f84ab4684e5
    status: 200 OK
    code: 200
    duration: ""
- request:
    body: ""
    form: {}
    headers:
      User-Agent:
      - scaleway-sdk-go/v1.0.0-beta.7+dev (go1.21.1; linux; amd64) terraform-provider/develop
        terraform/terraform-tests
    url: https://api.scaleway.com/instance/v1/zones/nl-ams-1/snapshots/04820143-8d8e-4a11-a5ca-de003b539d7c
    method: GET
  response:
    body: '{"snapshot":{"base_volume":{"id":"7f802699-8251-43fa-93d6-a321144f2e7c","name":"tf-vol-flamboyant-turing"},"creation_date":"2023-10-31T14:31:01.298318+00:00","error_details":null,"id":"04820143-8d8e-4a11-a5ca-de003b539d7c","modification_date":"2023-10-31T14:31:03.183509+00:00","name":"tf-snap-angry-lumiere","organization":"105bdce1-64c0-48ab-899d-868455867ecf","project":"105bdce1-64c0-48ab-899d-868455867ecf","size":20000000000,"state":"available","tags":[],"volume_type":"b_ssd","zone":"nl-ams-1"}}'
    headers:
      Content-Length:
      - "531"
      Content-Security-Policy:
      - default-src 'none'; frame-ancestors 'none'
      Content-Type:
      - application/json
      Date:
      - Tue, 31 Oct 2023 14:31:09 GMT
      Server:
      - Scaleway API-Gateway
      Strict-Transport-Security:
      - max-age=63072000
      X-Content-Type-Options:
      - nosniff
      X-Frame-Options:
      - DENY
      X-Request-Id:
      - e4370e1e-a52b-4204-98a5-86b78460f832
    status: 200 OK
    code: 200
    duration: ""
- request:
    body: ""
    form: {}
    headers:
      User-Agent:
      - scaleway-sdk-go/v1.0.0-beta.7+dev (go1.21.1; linux; amd64) terraform-provider/develop
        terraform/terraform-tests
    url: https://api.scaleway.com/instance/v1/zones/nl-ams-1/images/98799571-18d4-40ff-9e59-3ad2e52cc8a5
    method: GET
  response:
    body: '{"image":{"arch":"x86_64","creation_date":"2023-10-31T14:31:07.237816+00:00","default_bootscript":null,"extra_volumes":{},"from_server":null,"id":"98799571-18d4-40ff-9e59-3ad2e52cc8a5","modification_date":"2023-10-31T14:31:07.237816+00:00","name":"test_image_basic","organization":"105bdce1-64c0-48ab-899d-868455867ecf","project":"105bdce1-64c0-48ab-899d-868455867ecf","public":false,"root_volume":{"id":"04820143-8d8e-4a11-a5ca-de003b539d7c","name":"tf-snap-angry-lumiere","size":20000000000,"volume_type":"b_ssd"},"state":"available","tags":["tag1","tag2","tag3"],"zone":"nl-ams-1"}}'
    headers:
      Content-Length:
      - "624"
      Content-Security-Policy:
      - default-src 'none'; frame-ancestors 'none'
      Content-Type:
      - application/json
      Date:
      - Tue, 31 Oct 2023 14:31:09 GMT
      Server:
      - Scaleway API-Gateway
      Strict-Transport-Security:
      - max-age=63072000
      X-Content-Type-Options:
      - nosniff
      X-Frame-Options:
      - DENY
      X-Request-Id:
      - a7a294fc-ca52-4a39-b4ae-47d6d245eddb
    status: 200 OK
    code: 200
    duration: ""
- request:
    body: ""
    form: {}
    headers:
      User-Agent:
      - scaleway-sdk-go/v1.0.0-beta.7+dev (go1.21.1; linux; amd64) terraform-provider/develop
        terraform/terraform-tests
    url: https://api.scaleway.com/instance/v1/zones/nl-ams-1/images/98799571-18d4-40ff-9e59-3ad2e52cc8a5
    method: GET
  response:
    body: '{"image":{"arch":"x86_64","creation_date":"2023-10-31T14:31:07.237816+00:00","default_bootscript":null,"extra_volumes":{},"from_server":null,"id":"98799571-18d4-40ff-9e59-3ad2e52cc8a5","modification_date":"2023-10-31T14:31:07.237816+00:00","name":"test_image_basic","organization":"105bdce1-64c0-48ab-899d-868455867ecf","project":"105bdce1-64c0-48ab-899d-868455867ecf","public":false,"root_volume":{"id":"04820143-8d8e-4a11-a5ca-de003b539d7c","name":"tf-snap-angry-lumiere","size":20000000000,"volume_type":"b_ssd"},"state":"available","tags":["tag1","tag2","tag3"],"zone":"nl-ams-1"}}'
    headers:
      Content-Length:
      - "624"
      Content-Security-Policy:
      - default-src 'none'; frame-ancestors 'none'
      Content-Type:
      - application/json
      Date:
      - Tue, 31 Oct 2023 14:31:09 GMT
      Server:
      - Scaleway API-Gateway
      Strict-Transport-Security:
      - max-age=63072000
      X-Content-Type-Options:
      - nosniff
      X-Frame-Options:
      - DENY
      X-Request-Id:
      - ff4e584a-65a5-44ca-ae0a-77b17dcc0dd1
    status: 200 OK
    code: 200
    duration: ""
- request:
    body: ""
    form: {}
    headers:
      User-Agent:
      - scaleway-sdk-go/v1.0.0-beta.7+dev (go1.21.1; linux; amd64) terraform-provider/develop
        terraform/terraform-tests
    url: https://api.scaleway.com/instance/v1/zones/nl-ams-1/images/98799571-18d4-40ff-9e59-3ad2e52cc8a5
    method: GET
  response:
    body: '{"image":{"arch":"x86_64","creation_date":"2023-10-31T14:31:07.237816+00:00","default_bootscript":null,"extra_volumes":{},"from_server":null,"id":"98799571-18d4-40ff-9e59-3ad2e52cc8a5","modification_date":"2023-10-31T14:31:07.237816+00:00","name":"test_image_basic","organization":"105bdce1-64c0-48ab-899d-868455867ecf","project":"105bdce1-64c0-48ab-899d-868455867ecf","public":false,"root_volume":{"id":"04820143-8d8e-4a11-a5ca-de003b539d7c","name":"tf-snap-angry-lumiere","size":20000000000,"volume_type":"b_ssd"},"state":"available","tags":["tag1","tag2","tag3"],"zone":"nl-ams-1"}}'
    headers:
      Content-Length:
      - "624"
      Content-Security-Policy:
      - default-src 'none'; frame-ancestors 'none'
      Content-Type:
      - application/json
      Date:
      - Tue, 31 Oct 2023 14:31:10 GMT
      Server:
      - Scaleway API-Gateway
      Strict-Transport-Security:
      - max-age=63072000
      X-Content-Type-Options:
      - nosniff
      X-Frame-Options:
      - DENY
      X-Request-Id:
      - 0c212a65-6be7-46a7-a744-7aed4d5bb3cb
    status: 200 OK
    code: 200
    duration: ""
- request:
    body: '{"zone":"nl-ams-1","id":"98799571-18d4-40ff-9e59-3ad2e52cc8a5","name":"test_image_renamed","arch":"arm","creation_date":"2023-10-31T14:31:07.237816Z","modification_date":"2023-10-31T14:31:07.237816Z","extra_volumes":{},"organization":"105bdce1-64c0-48ab-899d-868455867ecf","public":true,"root_volume":{"id":"04820143-8d8e-4a11-a5ca-de003b539d7c","name":"tf-snap-angry-lumiere","size":20000000000,"volume_type":"b_ssd"},"state":"available","project":"105bdce1-64c0-48ab-899d-868455867ecf","tags":["new
      tag"]}'
    form: {}
    headers:
      Content-Type:
      - application/json
      User-Agent:
      - scaleway-sdk-go/v1.0.0-beta.7+dev (go1.21.1; linux; amd64) terraform-provider/develop
        terraform/terraform-tests
    url: https://api.scaleway.com/instance/v1/zones/nl-ams-1/images/98799571-18d4-40ff-9e59-3ad2e52cc8a5
    method: PUT
  response:
    body: '{"image":{"arch":"arm","creation_date":"2023-10-31T14:31:07.237816+00:00","default_bootscript":null,"extra_volumes":{},"from_server":null,"id":"98799571-18d4-40ff-9e59-3ad2e52cc8a5","modification_date":"2023-10-31T14:31:10.146261+00:00","name":"test_image_renamed","organization":"105bdce1-64c0-48ab-899d-868455867ecf","project":"105bdce1-64c0-48ab-899d-868455867ecf","public":true,"root_volume":{"id":"04820143-8d8e-4a11-a5ca-de003b539d7c","name":"tf-snap-angry-lumiere","size":20000000000,"volume_type":"b_ssd"},"state":"available","tags":["new
      tag"],"zone":"nl-ams-1"}}'
    headers:
      Content-Length:
      - "609"
      Content-Security-Policy:
      - default-src 'none'; frame-ancestors 'none'
      Content-Type:
      - application/json
      Date:
      - Tue, 31 Oct 2023 14:31:10 GMT
      Server:
      - Scaleway API-Gateway
      Strict-Transport-Security:
      - max-age=63072000
      X-Content-Type-Options:
      - nosniff
      X-Frame-Options:
      - DENY
      X-Request-Id:
      - b10b5c41-fa3d-45be-a978-34c79aa1efd1
    status: 200 OK
    code: 200
    duration: ""
- request:
    body: ""
    form: {}
    headers:
      User-Agent:
      - scaleway-sdk-go/v1.0.0-beta.7+dev (go1.21.1; linux; amd64) terraform-provider/develop
        terraform/terraform-tests
    url: https://api.scaleway.com/instance/v1/zones/nl-ams-1/images/98799571-18d4-40ff-9e59-3ad2e52cc8a5
    method: GET
  response:
    body: '{"image":{"arch":"arm","creation_date":"2023-10-31T14:31:07.237816+00:00","default_bootscript":null,"extra_volumes":{},"from_server":null,"id":"98799571-18d4-40ff-9e59-3ad2e52cc8a5","modification_date":"2023-10-31T14:31:10.146261+00:00","name":"test_image_renamed","organization":"105bdce1-64c0-48ab-899d-868455867ecf","project":"105bdce1-64c0-48ab-899d-868455867ecf","public":true,"root_volume":{"id":"04820143-8d8e-4a11-a5ca-de003b539d7c","name":"tf-snap-angry-lumiere","size":20000000000,"volume_type":"b_ssd"},"state":"available","tags":["new
      tag"],"zone":"nl-ams-1"}}'
    headers:
      Content-Length:
      - "609"
      Content-Security-Policy:
      - default-src 'none'; frame-ancestors 'none'
      Content-Type:
      - application/json
      Date:
      - Tue, 31 Oct 2023 14:31:10 GMT
      Server:
      - Scaleway API-Gateway
      Strict-Transport-Security:
      - max-age=63072000
      X-Content-Type-Options:
      - nosniff
      X-Frame-Options:
      - DENY
      X-Request-Id:
      - b415b01a-8430-47e1-93df-54cfcd645477
    status: 200 OK
    code: 200
    duration: ""
- request:
    body: ""
    form: {}
    headers:
      User-Agent:
      - scaleway-sdk-go/v1.0.0-beta.7+dev (go1.21.1; linux; amd64) terraform-provider/develop
        terraform/terraform-tests
    url: https://api.scaleway.com/instance/v1/zones/nl-ams-1/images/98799571-18d4-40ff-9e59-3ad2e52cc8a5
    method: GET
  response:
    body: '{"image":{"arch":"arm","creation_date":"2023-10-31T14:31:07.237816+00:00","default_bootscript":null,"extra_volumes":{},"from_server":null,"id":"98799571-18d4-40ff-9e59-3ad2e52cc8a5","modification_date":"2023-10-31T14:31:10.146261+00:00","name":"test_image_renamed","organization":"105bdce1-64c0-48ab-899d-868455867ecf","project":"105bdce1-64c0-48ab-899d-868455867ecf","public":true,"root_volume":{"id":"04820143-8d8e-4a11-a5ca-de003b539d7c","name":"tf-snap-angry-lumiere","size":20000000000,"volume_type":"b_ssd"},"state":"available","tags":["new
      tag"],"zone":"nl-ams-1"}}'
    headers:
      Content-Length:
      - "609"
      Content-Security-Policy:
      - default-src 'none'; frame-ancestors 'none'
      Content-Type:
      - application/json
      Date:
      - Tue, 31 Oct 2023 14:31:10 GMT
      Server:
      - Scaleway API-Gateway
      Strict-Transport-Security:
      - max-age=63072000
      X-Content-Type-Options:
      - nosniff
      X-Frame-Options:
      - DENY
      X-Request-Id:
      - d02a4380-fa96-4afd-a294-1ba2a9a55865
    status: 200 OK
    code: 200
    duration: ""
- request:
    body: ""
    form: {}
    headers:
      User-Agent:
      - scaleway-sdk-go/v1.0.0-beta.7+dev (go1.21.1; linux; amd64) terraform-provider/develop
        terraform/terraform-tests
    url: https://api.scaleway.com/instance/v1/zones/nl-ams-1/volumes/7f802699-8251-43fa-93d6-a321144f2e7c
    method: GET
  response:
    body: '{"volume":{"creation_date":"2023-10-31T14:31:00.870158+00:00","export_uri":null,"id":"7f802699-8251-43fa-93d6-a321144f2e7c","modification_date":"2023-10-31T14:31:03.183509+00:00","name":"tf-vol-flamboyant-turing","organization":"105bdce1-64c0-48ab-899d-868455867ecf","project":"105bdce1-64c0-48ab-899d-868455867ecf","server":null,"size":20000000000,"state":"available","tags":[],"volume_type":"b_ssd","zone":"nl-ams-1"}}'
    headers:
      Content-Length:
      - "446"
      Content-Security-Policy:
      - default-src 'none'; frame-ancestors 'none'
      Content-Type:
      - application/json
      Date:
      - Tue, 31 Oct 2023 14:31:10 GMT
      Server:
      - Scaleway API-Gateway
      Strict-Transport-Security:
      - max-age=63072000
      X-Content-Type-Options:
      - nosniff
      X-Frame-Options:
      - DENY
      X-Request-Id:
      - 580c21b9-523d-4c48-8b33-f13c29f6a67d
    status: 200 OK
    code: 200
    duration: ""
- request:
    body: ""
    form: {}
    headers:
      User-Agent:
      - scaleway-sdk-go/v1.0.0-beta.7+dev (go1.21.1; linux; amd64) terraform-provider/develop
        terraform/terraform-tests
    url: https://api.scaleway.com/instance/v1/zones/nl-ams-1/snapshots/04820143-8d8e-4a11-a5ca-de003b539d7c
    method: GET
  response:
    body: '{"snapshot":{"base_volume":{"id":"7f802699-8251-43fa-93d6-a321144f2e7c","name":"tf-vol-flamboyant-turing"},"creation_date":"2023-10-31T14:31:01.298318+00:00","error_details":null,"id":"04820143-8d8e-4a11-a5ca-de003b539d7c","modification_date":"2023-10-31T14:31:03.183509+00:00","name":"tf-snap-angry-lumiere","organization":"105bdce1-64c0-48ab-899d-868455867ecf","project":"105bdce1-64c0-48ab-899d-868455867ecf","size":20000000000,"state":"available","tags":[],"volume_type":"b_ssd","zone":"nl-ams-1"}}'
    headers:
      Content-Length:
      - "531"
      Content-Security-Policy:
      - default-src 'none'; frame-ancestors 'none'
      Content-Type:
      - application/json
      Date:
      - Tue, 31 Oct 2023 14:31:10 GMT
      Server:
      - Scaleway API-Gateway
      Strict-Transport-Security:
      - max-age=63072000
      X-Content-Type-Options:
      - nosniff
      X-Frame-Options:
      - DENY
      X-Request-Id:
      - 1c385f4f-d478-4124-b6a2-f9c16ae73230
    status: 200 OK
    code: 200
    duration: ""
- request:
    body: ""
    form: {}
    headers:
      User-Agent:
      - scaleway-sdk-go/v1.0.0-beta.7+dev (go1.21.1; linux; amd64) terraform-provider/develop
        terraform/terraform-tests
    url: https://api.scaleway.com/instance/v1/zones/nl-ams-1/images/98799571-18d4-40ff-9e59-3ad2e52cc8a5
    method: GET
  response:
    body: '{"image":{"arch":"arm","creation_date":"2023-10-31T14:31:07.237816+00:00","default_bootscript":null,"extra_volumes":{},"from_server":null,"id":"98799571-18d4-40ff-9e59-3ad2e52cc8a5","modification_date":"2023-10-31T14:31:10.146261+00:00","name":"test_image_renamed","organization":"105bdce1-64c0-48ab-899d-868455867ecf","project":"105bdce1-64c0-48ab-899d-868455867ecf","public":true,"root_volume":{"id":"04820143-8d8e-4a11-a5ca-de003b539d7c","name":"tf-snap-angry-lumiere","size":20000000000,"volume_type":"b_ssd"},"state":"available","tags":["new
      tag"],"zone":"nl-ams-1"}}'
    headers:
      Content-Length:
      - "609"
      Content-Security-Policy:
      - default-src 'none'; frame-ancestors 'none'
      Content-Type:
      - application/json
      Date:
      - Tue, 31 Oct 2023 14:31:10 GMT
      Server:
      - Scaleway API-Gateway
      Strict-Transport-Security:
      - max-age=63072000
      X-Content-Type-Options:
      - nosniff
      X-Frame-Options:
      - DENY
      X-Request-Id:
      - 5a4e82e9-4bb6-4a95-820b-776ad0374471
    status: 200 OK
    code: 200
    duration: ""
- request:
    body: ""
    form: {}
    headers:
      User-Agent:
      - scaleway-sdk-go/v1.0.0-beta.7+dev (go1.21.1; linux; amd64) terraform-provider/develop
        terraform/terraform-tests
    url: https://api.scaleway.com/instance/v1/zones/nl-ams-1/volumes/7f802699-8251-43fa-93d6-a321144f2e7c
    method: GET
  response:
    body: '{"volume":{"creation_date":"2023-10-31T14:31:00.870158+00:00","export_uri":null,"id":"7f802699-8251-43fa-93d6-a321144f2e7c","modification_date":"2023-10-31T14:31:03.183509+00:00","name":"tf-vol-flamboyant-turing","organization":"105bdce1-64c0-48ab-899d-868455867ecf","project":"105bdce1-64c0-48ab-899d-868455867ecf","server":null,"size":20000000000,"state":"available","tags":[],"volume_type":"b_ssd","zone":"nl-ams-1"}}'
    headers:
      Content-Length:
      - "446"
      Content-Security-Policy:
      - default-src 'none'; frame-ancestors 'none'
      Content-Type:
      - application/json
      Date:
      - Tue, 31 Oct 2023 14:31:11 GMT
      Server:
      - Scaleway API-Gateway
      Strict-Transport-Security:
      - max-age=63072000
      X-Content-Type-Options:
      - nosniff
      X-Frame-Options:
      - DENY
      X-Request-Id:
      - 5e000c0c-ad80-4b9d-807a-2fdc7bf1e29e
    status: 200 OK
    code: 200
    duration: ""
- request:
    body: ""
    form: {}
    headers:
      User-Agent:
      - scaleway-sdk-go/v1.0.0-beta.7+dev (go1.21.1; linux; amd64) terraform-provider/develop
        terraform/terraform-tests
    url: https://api.scaleway.com/instance/v1/zones/nl-ams-1/snapshots/04820143-8d8e-4a11-a5ca-de003b539d7c
    method: GET
  response:
    body: '{"snapshot":{"base_volume":{"id":"7f802699-8251-43fa-93d6-a321144f2e7c","name":"tf-vol-flamboyant-turing"},"creation_date":"2023-10-31T14:31:01.298318+00:00","error_details":null,"id":"04820143-8d8e-4a11-a5ca-de003b539d7c","modification_date":"2023-10-31T14:31:03.183509+00:00","name":"tf-snap-angry-lumiere","organization":"105bdce1-64c0-48ab-899d-868455867ecf","project":"105bdce1-64c0-48ab-899d-868455867ecf","size":20000000000,"state":"available","tags":[],"volume_type":"b_ssd","zone":"nl-ams-1"}}'
    headers:
      Content-Length:
      - "531"
      Content-Security-Policy:
      - default-src 'none'; frame-ancestors 'none'
      Content-Type:
      - application/json
      Date:
      - Tue, 31 Oct 2023 14:31:11 GMT
      Server:
      - Scaleway API-Gateway
      Strict-Transport-Security:
      - max-age=63072000
      X-Content-Type-Options:
      - nosniff
      X-Frame-Options:
      - DENY
      X-Request-Id:
      - 75f913c8-70db-4824-a702-49a47184866a
    status: 200 OK
    code: 200
    duration: ""
- request:
    body: ""
    form: {}
    headers:
      User-Agent:
      - scaleway-sdk-go/v1.0.0-beta.7+dev (go1.21.1; linux; amd64) terraform-provider/develop
        terraform/terraform-tests
    url: https://api.scaleway.com/instance/v1/zones/nl-ams-1/images/98799571-18d4-40ff-9e59-3ad2e52cc8a5
    method: GET
  response:
    body: '{"image":{"arch":"arm","creation_date":"2023-10-31T14:31:07.237816+00:00","default_bootscript":null,"extra_volumes":{},"from_server":null,"id":"98799571-18d4-40ff-9e59-3ad2e52cc8a5","modification_date":"2023-10-31T14:31:10.146261+00:00","name":"test_image_renamed","organization":"105bdce1-64c0-48ab-899d-868455867ecf","project":"105bdce1-64c0-48ab-899d-868455867ecf","public":true,"root_volume":{"id":"04820143-8d8e-4a11-a5ca-de003b539d7c","name":"tf-snap-angry-lumiere","size":20000000000,"volume_type":"b_ssd"},"state":"available","tags":["new
      tag"],"zone":"nl-ams-1"}}'
    headers:
      Content-Length:
      - "609"
      Content-Security-Policy:
      - default-src 'none'; frame-ancestors 'none'
      Content-Type:
      - application/json
      Date:
      - Tue, 31 Oct 2023 14:31:11 GMT
      Server:
      - Scaleway API-Gateway
      Strict-Transport-Security:
      - max-age=63072000
      X-Content-Type-Options:
      - nosniff
      X-Frame-Options:
      - DENY
      X-Request-Id:
      - 55953e40-2b37-4304-b237-fb998d756812
    status: 200 OK
    code: 200
    duration: ""
- request:
    body: ""
    form: {}
    headers:
      User-Agent:
      - scaleway-sdk-go/v1.0.0-beta.7+dev (go1.21.1; linux; amd64) terraform-provider/develop
        terraform/terraform-tests
    url: https://api.scaleway.com/instance/v1/zones/nl-ams-1/images/98799571-18d4-40ff-9e59-3ad2e52cc8a5
    method: GET
  response:
    body: '{"image":{"arch":"arm","creation_date":"2023-10-31T14:31:07.237816+00:00","default_bootscript":null,"extra_volumes":{},"from_server":null,"id":"98799571-18d4-40ff-9e59-3ad2e52cc8a5","modification_date":"2023-10-31T14:31:10.146261+00:00","name":"test_image_renamed","organization":"105bdce1-64c0-48ab-899d-868455867ecf","project":"105bdce1-64c0-48ab-899d-868455867ecf","public":true,"root_volume":{"id":"04820143-8d8e-4a11-a5ca-de003b539d7c","name":"tf-snap-angry-lumiere","size":20000000000,"volume_type":"b_ssd"},"state":"available","tags":["new
      tag"],"zone":"nl-ams-1"}}'
    headers:
      Content-Length:
      - "609"
      Content-Security-Policy:
      - default-src 'none'; frame-ancestors 'none'
      Content-Type:
      - application/json
      Date:
      - Tue, 31 Oct 2023 14:31:12 GMT
      Server:
      - Scaleway API-Gateway
      Strict-Transport-Security:
      - max-age=63072000
      X-Content-Type-Options:
      - nosniff
      X-Frame-Options:
      - DENY
      X-Request-Id:
      - 98804a6e-8d46-4f64-a224-1fdcc6c2b859
    status: 200 OK
    code: 200
    duration: ""
- request:
    body: ""
    form: {}
    headers:
      User-Agent:
      - scaleway-sdk-go/v1.0.0-beta.7+dev (go1.21.1; linux; amd64) terraform-provider/develop
        terraform/terraform-tests
    url: https://api.scaleway.com/instance/v1/zones/nl-ams-1/images/98799571-18d4-40ff-9e59-3ad2e52cc8a5
    method: DELETE
  response:
    body: ""
    headers:
      Content-Security-Policy:
      - default-src 'none'; frame-ancestors 'none'
      Date:
      - Tue, 31 Oct 2023 14:31:12 GMT
      Server:
      - Scaleway API-Gateway
      Strict-Transport-Security:
      - max-age=63072000
      X-Content-Type-Options:
      - nosniff
      X-Frame-Options:
      - DENY
      X-Request-Id:
      - b2e508b8-a510-4b0a-8117-67e4b4b508c6
    status: 204 No Content
    code: 204
    duration: ""
- request:
    body: ""
    form: {}
    headers:
      User-Agent:
      - scaleway-sdk-go/v1.0.0-beta.7+dev (go1.21.1; linux; amd64) terraform-provider/develop
        terraform/terraform-tests
    url: https://api.scaleway.com/instance/v1/zones/nl-ams-1/images/98799571-18d4-40ff-9e59-3ad2e52cc8a5
    method: GET
  response:
    body: '{"message":"resource is not found","resource":"instance_image","resource_id":"98799571-18d4-40ff-9e59-3ad2e52cc8a5","type":"not_found"}'
    headers:
      Content-Length:
      - "142"
      Content-Security-Policy:
      - default-src 'none'; frame-ancestors 'none'
      Content-Type:
      - application/json
      Date:
      - Tue, 31 Oct 2023 14:31:12 GMT
      Server:
      - Scaleway API-Gateway
      Strict-Transport-Security:
      - max-age=63072000
      X-Content-Type-Options:
      - nosniff
      X-Frame-Options:
      - DENY
      X-Request-Id:
      - 52804701-8043-4a86-a24a-f9ef9fbde5ba
    status: 404 Not Found
    code: 404
    duration: ""
- request:
    body: ""
    form: {}
    headers:
      User-Agent:
      - scaleway-sdk-go/v1.0.0-beta.7+dev (go1.21.1; linux; amd64) terraform-provider/develop
        terraform/terraform-tests
    url: https://api.scaleway.com/instance/v1/zones/nl-ams-1/snapshots/04820143-8d8e-4a11-a5ca-de003b539d7c
    method: GET
  response:
    body: '{"snapshot":{"base_volume":{"id":"7f802699-8251-43fa-93d6-a321144f2e7c","name":"tf-vol-flamboyant-turing"},"creation_date":"2023-10-31T14:31:01.298318+00:00","error_details":null,"id":"04820143-8d8e-4a11-a5ca-de003b539d7c","modification_date":"2023-10-31T14:31:03.183509+00:00","name":"tf-snap-angry-lumiere","organization":"105bdce1-64c0-48ab-899d-868455867ecf","project":"105bdce1-64c0-48ab-899d-868455867ecf","size":20000000000,"state":"available","tags":[],"volume_type":"b_ssd","zone":"nl-ams-1"}}'
    headers:
      Content-Length:
      - "531"
      Content-Security-Policy:
      - default-src 'none'; frame-ancestors 'none'
      Content-Type:
      - application/json
      Date:
      - Tue, 31 Oct 2023 14:31:12 GMT
      Server:
      - Scaleway API-Gateway
      Strict-Transport-Security:
      - max-age=63072000
      X-Content-Type-Options:
      - nosniff
      X-Frame-Options:
      - DENY
      X-Request-Id:
      - f2129867-5fd7-4fa1-b44d-bfe22812ff49
    status: 200 OK
    code: 200
    duration: ""
- request:
    body: ""
    form: {}
    headers:
      User-Agent:
      - scaleway-sdk-go/v1.0.0-beta.7+dev (go1.21.1; linux; amd64) terraform-provider/develop
        terraform/terraform-tests
    url: https://api.scaleway.com/instance/v1/zones/nl-ams-1/snapshots/04820143-8d8e-4a11-a5ca-de003b539d7c
    method: DELETE
  response:
    body: ""
    headers:
      Content-Security-Policy:
      - default-src 'none'; frame-ancestors 'none'
      Date:
      - Tue, 31 Oct 2023 14:31:12 GMT
      Server:
      - Scaleway API-Gateway
      Strict-Transport-Security:
      - max-age=63072000
      X-Content-Type-Options:
      - nosniff
      X-Frame-Options:
      - DENY
      X-Request-Id:
      - e159bd8c-79cc-4cae-bb3b-339b9062a97e
    status: 204 No Content
    code: 204
    duration: ""
- request:
    body: ""
    form: {}
    headers:
      User-Agent:
      - scaleway-sdk-go/v1.0.0-beta.7+dev (go1.21.1; linux; amd64) terraform-provider/develop
        terraform/terraform-tests
    url: https://api.scaleway.com/instance/v1/zones/nl-ams-1/snapshots/04820143-8d8e-4a11-a5ca-de003b539d7c
    method: GET
  response:
    body: '{"message":"resource is not found","resource":"instance_snapshot","resource_id":"04820143-8d8e-4a11-a5ca-de003b539d7c","type":"not_found"}'
    headers:
      Content-Length:
      - "145"
      Content-Security-Policy:
      - default-src 'none'; frame-ancestors 'none'
      Content-Type:
      - application/json
      Date:
      - Tue, 31 Oct 2023 14:31:12 GMT
      Server:
      - Scaleway API-Gateway
      Strict-Transport-Security:
      - max-age=63072000
      X-Content-Type-Options:
      - nosniff
      X-Frame-Options:
      - DENY
      X-Request-Id:
      - f9b4fd74-b395-4933-a755-b63ab016cac1
    status: 404 Not Found
    code: 404
    duration: ""
- request:
    body: ""
    form: {}
    headers:
      User-Agent:
      - scaleway-sdk-go/v1.0.0-beta.7+dev (go1.21.1; linux; amd64) terraform-provider/develop
        terraform/terraform-tests
    url: https://api.scaleway.com/instance/v1/zones/nl-ams-1/volumes/7f802699-8251-43fa-93d6-a321144f2e7c
    method: GET
  response:
    body: '{"volume":{"creation_date":"2023-10-31T14:31:00.870158+00:00","export_uri":null,"id":"7f802699-8251-43fa-93d6-a321144f2e7c","modification_date":"2023-10-31T14:31:03.183509+00:00","name":"tf-vol-flamboyant-turing","organization":"105bdce1-64c0-48ab-899d-868455867ecf","project":"105bdce1-64c0-48ab-899d-868455867ecf","server":null,"size":20000000000,"state":"available","tags":[],"volume_type":"b_ssd","zone":"nl-ams-1"}}'
    headers:
      Content-Length:
      - "446"
      Content-Security-Policy:
      - default-src 'none'; frame-ancestors 'none'
      Content-Type:
      - application/json
      Date:
      - Tue, 31 Oct 2023 14:31:12 GMT
      Server:
      - Scaleway API-Gateway
      Strict-Transport-Security:
      - max-age=63072000
      X-Content-Type-Options:
      - nosniff
      X-Frame-Options:
      - DENY
      X-Request-Id:
      - f3fc5f0f-cd8a-4ed0-8d04-7fbf08dc8a48
    status: 200 OK
    code: 200
    duration: ""
- request:
    body: ""
    form: {}
    headers:
      User-Agent:
      - scaleway-sdk-go/v1.0.0-beta.7+dev (go1.21.1; linux; amd64) terraform-provider/develop
        terraform/terraform-tests
    url: https://api.scaleway.com/instance/v1/zones/nl-ams-1/volumes/7f802699-8251-43fa-93d6-a321144f2e7c
    method: DELETE
  response:
    body: ""
    headers:
      Content-Security-Policy:
      - default-src 'none'; frame-ancestors 'none'
      Date:
      - Tue, 31 Oct 2023 14:31:12 GMT
      Server:
      - Scaleway API-Gateway
      Strict-Transport-Security:
      - max-age=63072000
      X-Content-Type-Options:
      - nosniff
      X-Frame-Options:
      - DENY
      X-Request-Id:
      - 6155c385-8e55-47e4-be64-d8afda02de5e
    status: 204 No Content
    code: 204
    duration: ""
- request:
    body: ""
    form: {}
    headers:
      User-Agent:
      - scaleway-sdk-go/v1.0.0-beta.7+dev (go1.21.1; linux; amd64) terraform-provider/develop
        terraform/terraform-tests
    url: https://api.scaleway.com/instance/v1/zones/nl-ams-1/images/98799571-18d4-40ff-9e59-3ad2e52cc8a5
    method: GET
  response:
    body: '{"message":"resource is not found","resource":"instance_image","resource_id":"98799571-18d4-40ff-9e59-3ad2e52cc8a5","type":"not_found"}'
    headers:
      Content-Length:
      - "142"
      Content-Security-Policy:
      - default-src 'none'; frame-ancestors 'none'
      Content-Type:
      - application/json
      Date:
      - Tue, 31 Oct 2023 14:31:12 GMT
      Server:
      - Scaleway API-Gateway
      Strict-Transport-Security:
      - max-age=63072000
      X-Content-Type-Options:
      - nosniff
      X-Frame-Options:
      - DENY
      X-Request-Id:
      - 77e78518-1a6e-4b62-bbda-c97db0454fd3
    status: 404 Not Found
    code: 404
    duration: ""
- request:
    body: ""
    form: {}
    headers:
      User-Agent:
      - scaleway-sdk-go/v1.0.0-beta.7+dev (go1.21.1; linux; amd64) terraform-provider/develop
        terraform/terraform-tests
    url: https://api.scaleway.com/instance/v1/zones/nl-ams-1/snapshots/04820143-8d8e-4a11-a5ca-de003b539d7c
    method: GET
  response:
    body: '{"message":"resource is not found","resource":"instance_snapshot","resource_id":"04820143-8d8e-4a11-a5ca-de003b539d7c","type":"not_found"}'
    headers:
      Content-Length:
      - "145"
      Content-Security-Policy:
      - default-src 'none'; frame-ancestors 'none'
      Content-Type:
      - application/json
      Date:
      - Tue, 31 Oct 2023 14:31:12 GMT
      Server:
      - Scaleway API-Gateway
      Strict-Transport-Security:
      - max-age=63072000
      X-Content-Type-Options:
      - nosniff
      X-Frame-Options:
      - DENY
      X-Request-Id:
      - 29b5b22e-beb7-47b3-99a2-8fbac937c15e
    status: 404 Not Found
    code: 404
    duration: ""
- request:
    body: ""
    form: {}
    headers:
      User-Agent:
      - scaleway-sdk-go/v1.0.0-beta.7+dev (go1.21.1; linux; amd64) terraform-provider/develop
        terraform/terraform-tests
    url: https://api.scaleway.com/instance/v1/zones/nl-ams-1/volumes/7f802699-8251-43fa-93d6-a321144f2e7c
    method: GET
  response:
    body: '{"message":"resource is not found","resource":"instance_volume","resource_id":"7f802699-8251-43fa-93d6-a321144f2e7c","type":"not_found"}'
    headers:
      Content-Length:
      - "143"
      Content-Security-Policy:
      - default-src 'none'; frame-ancestors 'none'
      Content-Type:
      - application/json
      Date:
      - Tue, 31 Oct 2023 14:31:13 GMT
      Server:
      - Scaleway API-Gateway
      Strict-Transport-Security:
      - max-age=63072000
      X-Content-Type-Options:
      - nosniff
      X-Frame-Options:
      - DENY
      X-Request-Id:
      - 66267255-bb8c-4b7d-b4ca-221563b8f247
    status: 404 Not Found
    code: 404
    duration: ""
