---
version: 1
interactions:
- request:
    body: '{"name":"tf-vol-focused-boyd","project":"951df375-e094-4d26-97c1-ba548eeb9c42","volume_type":"b_ssd","size":20000000000}'
    form: {}
    headers:
      Content-Type:
      - application/json
      User-Agent:
      - scaleway-sdk-go/v1.0.0-beta.7+dev (go1.17.8; darwin; amd64) terraform-provider/develop
        terraform/terraform-tests
    url: https://api.scaleway.com/instance/v1/zones/fr-par-1/volumes
    method: POST
  response:
    body: '{"volume": {"id": "82f87af4-8f03-4669-a6ec-de71c34bb4e7", "name": "tf-vol-focused-boyd",
      "volume_type": "b_ssd", "export_uri": null, "organization": "951df375-e094-4d26-97c1-ba548eeb9c42",
      "project": "951df375-e094-4d26-97c1-ba548eeb9c42", "server": null, "size": 20000000000,
      "state": "available", "creation_date": "2022-03-08T10:42:58.831024+00:00", "modification_date":
      "2022-03-08T10:42:58.831024+00:00", "tags": [], "zone": "fr-par-1"}}'
    headers:
      Content-Length:
      - "441"
      Content-Security-Policy:
      - default-src 'none'; frame-ancestors 'none'
      Content-Type:
      - application/json
      Date:
      - Tue, 08 Mar 2022 10:42:58 GMT
      Location:
      - https://api.scaleway.com/instance/v1/zones/fr-par-1/volumes/82f87af4-8f03-4669-a6ec-de71c34bb4e7
      Server:
      - Scaleway API-Gateway
      Strict-Transport-Security:
      - max-age=63072000
      X-Content-Type-Options:
      - nosniff
      X-Frame-Options:
      - DENY
      X-Request-Id:
      - 44a4e1d3-cc94-42de-b749-bfc20e6b12a0
    status: 201 Created
    code: 201
    duration: ""
- request:
    body: ""
    form: {}
    headers:
      User-Agent:
      - scaleway-sdk-go/v1.0.0-beta.7+dev (go1.17.8; darwin; amd64) terraform-provider/develop
        terraform/terraform-tests
    url: https://api.scaleway.com/instance/v1/zones/fr-par-1/volumes/82f87af4-8f03-4669-a6ec-de71c34bb4e7
    method: GET
  response:
    body: '{"volume": {"id": "82f87af4-8f03-4669-a6ec-de71c34bb4e7", "name": "tf-vol-focused-boyd",
      "volume_type": "b_ssd", "export_uri": null, "organization": "951df375-e094-4d26-97c1-ba548eeb9c42",
      "project": "951df375-e094-4d26-97c1-ba548eeb9c42", "server": null, "size": 20000000000,
      "state": "available", "creation_date": "2022-03-08T10:42:58.831024+00:00", "modification_date":
      "2022-03-08T10:42:58.831024+00:00", "tags": [], "zone": "fr-par-1"}}'
    headers:
      Content-Length:
      - "441"
      Content-Security-Policy:
      - default-src 'none'; frame-ancestors 'none'
      Content-Type:
      - application/json
      Date:
      - Tue, 08 Mar 2022 10:42:59 GMT
      Server:
      - Scaleway API-Gateway
      Strict-Transport-Security:
      - max-age=63072000
      X-Content-Type-Options:
      - nosniff
      X-Frame-Options:
      - DENY
      X-Request-Id:
      - 16eef849-9219-40a7-84b5-310722b65b60
    status: 200 OK
    code: 200
    duration: ""
- request:
    body: ""
    form: {}
    headers:
      User-Agent:
      - scaleway-sdk-go/v1.0.0-beta.7+dev (go1.17.8; darwin; amd64) terraform-provider/develop
        terraform/terraform-tests
    url: https://api.scaleway.com/instance/v1/zones/fr-par-1/volumes/82f87af4-8f03-4669-a6ec-de71c34bb4e7
    method: GET
  response:
    body: '{"volume": {"id": "82f87af4-8f03-4669-a6ec-de71c34bb4e7", "name": "tf-vol-focused-boyd",
      "volume_type": "b_ssd", "export_uri": null, "organization": "951df375-e094-4d26-97c1-ba548eeb9c42",
      "project": "951df375-e094-4d26-97c1-ba548eeb9c42", "server": null, "size": 20000000000,
      "state": "available", "creation_date": "2022-03-08T10:42:58.831024+00:00", "modification_date":
      "2022-03-08T10:42:58.831024+00:00", "tags": [], "zone": "fr-par-1"}}'
    headers:
      Content-Length:
      - "441"
      Content-Security-Policy:
      - default-src 'none'; frame-ancestors 'none'
      Content-Type:
      - application/json
      Date:
      - Tue, 08 Mar 2022 10:42:59 GMT
      Server:
      - Scaleway API-Gateway
      Strict-Transport-Security:
      - max-age=63072000
      X-Content-Type-Options:
      - nosniff
      X-Frame-Options:
      - DENY
      X-Request-Id:
      - 3ae3cdd2-6563-4f50-aa91-8a9677c5e5ea
    status: 200 OK
    code: 200
    duration: ""
- request:
    body: ""
    form: {}
    headers:
      User-Agent:
      - scaleway-sdk-go/v1.0.0-beta.7+dev (go1.17.8; darwin; amd64) terraform-provider/develop
        terraform/terraform-tests
    url: https://api.scaleway.com/instance/v1/zones/fr-par-1/volumes/82f87af4-8f03-4669-a6ec-de71c34bb4e7
    method: GET
  response:
    body: '{"volume": {"id": "82f87af4-8f03-4669-a6ec-de71c34bb4e7", "name": "tf-vol-focused-boyd",
      "volume_type": "b_ssd", "export_uri": null, "organization": "951df375-e094-4d26-97c1-ba548eeb9c42",
      "project": "951df375-e094-4d26-97c1-ba548eeb9c42", "server": null, "size": 20000000000,
      "state": "available", "creation_date": "2022-03-08T10:42:58.831024+00:00", "modification_date":
      "2022-03-08T10:42:58.831024+00:00", "tags": [], "zone": "fr-par-1"}}'
    headers:
      Content-Length:
      - "441"
      Content-Security-Policy:
      - default-src 'none'; frame-ancestors 'none'
      Content-Type:
      - application/json
      Date:
      - Tue, 08 Mar 2022 10:42:59 GMT
      Server:
      - Scaleway API-Gateway
      Strict-Transport-Security:
      - max-age=63072000
      X-Content-Type-Options:
      - nosniff
      X-Frame-Options:
      - DENY
      X-Request-Id:
      - 6788ca52-b388-474f-9982-473c10b5f031
    status: 200 OK
    code: 200
    duration: ""
- request:
    body: ""
    form: {}
    headers:
      User-Agent:
      - scaleway-sdk-go/v1.0.0-beta.7+dev (go1.17.8; darwin; amd64) terraform-provider/develop
        terraform/terraform-tests
    url: https://api.scaleway.com/instance/v1/zones/fr-par-1/volumes/82f87af4-8f03-4669-a6ec-de71c34bb4e7
    method: GET
  response:
    body: '{"volume": {"id": "82f87af4-8f03-4669-a6ec-de71c34bb4e7", "name": "tf-vol-focused-boyd",
      "volume_type": "b_ssd", "export_uri": null, "organization": "951df375-e094-4d26-97c1-ba548eeb9c42",
      "project": "951df375-e094-4d26-97c1-ba548eeb9c42", "server": null, "size": 20000000000,
      "state": "available", "creation_date": "2022-03-08T10:42:58.831024+00:00", "modification_date":
      "2022-03-08T10:42:58.831024+00:00", "tags": [], "zone": "fr-par-1"}}'
    headers:
      Content-Length:
      - "441"
      Content-Security-Policy:
      - default-src 'none'; frame-ancestors 'none'
      Content-Type:
      - application/json
      Date:
      - Tue, 08 Mar 2022 10:43:00 GMT
      Server:
      - Scaleway API-Gateway
      Strict-Transport-Security:
      - max-age=63072000
      X-Content-Type-Options:
      - nosniff
      X-Frame-Options:
      - DENY
      X-Request-Id:
      - 098fd21e-b6fc-46fc-a384-d8030e7aec19
    status: 200 OK
    code: 200
    duration: ""
- request:
    body: ""
    form: {}
    headers:
      User-Agent:
      - scaleway-sdk-go/v1.0.0-beta.7+dev (go1.17.8; darwin; amd64) terraform-provider/develop
        terraform/terraform-tests
    url: https://api.scaleway.com/instance/v1/zones/fr-par-1/volumes/82f87af4-8f03-4669-a6ec-de71c34bb4e7
    method: GET
  response:
    body: '{"volume": {"id": "82f87af4-8f03-4669-a6ec-de71c34bb4e7", "name": "tf-vol-focused-boyd",
      "volume_type": "b_ssd", "export_uri": null, "organization": "951df375-e094-4d26-97c1-ba548eeb9c42",
      "project": "951df375-e094-4d26-97c1-ba548eeb9c42", "server": null, "size": 20000000000,
      "state": "available", "creation_date": "2022-03-08T10:42:58.831024+00:00", "modification_date":
      "2022-03-08T10:42:58.831024+00:00", "tags": [], "zone": "fr-par-1"}}'
    headers:
      Content-Length:
      - "441"
      Content-Security-Policy:
      - default-src 'none'; frame-ancestors 'none'
      Content-Type:
      - application/json
      Date:
      - Tue, 08 Mar 2022 10:43:00 GMT
      Server:
      - Scaleway API-Gateway
      Strict-Transport-Security:
      - max-age=63072000
      X-Content-Type-Options:
      - nosniff
      X-Frame-Options:
      - DENY
      X-Request-Id:
      - adcd0d97-6b53-4e86-aa72-1b9cad9610fe
    status: 200 OK
    code: 200
    duration: ""
- request:
    body: '{"size":30000000000}'
    form: {}
    headers:
      Content-Type:
      - application/json
      User-Agent:
      - scaleway-sdk-go/v1.0.0-beta.7+dev (go1.17.8; darwin; amd64) terraform-provider/develop
        terraform/terraform-tests
    url: https://api.scaleway.com/instance/v1/zones/fr-par-1/volumes/82f87af4-8f03-4669-a6ec-de71c34bb4e7
    method: PATCH
  response:
    body: '{"volume": {"id": "82f87af4-8f03-4669-a6ec-de71c34bb4e7", "name": "tf-vol-focused-boyd",
      "volume_type": "b_ssd", "export_uri": null, "organization": "951df375-e094-4d26-97c1-ba548eeb9c42",
      "project": "951df375-e094-4d26-97c1-ba548eeb9c42", "server": null, "size": 30000000000,
      "state": "resizing", "creation_date": "2022-03-08T10:42:58.831024+00:00", "modification_date":
      "2022-03-08T10:43:00.885423+00:00", "tags": [], "zone": "fr-par-1"}}'
    headers:
      Content-Length:
      - "440"
      Content-Security-Policy:
      - default-src 'none'; frame-ancestors 'none'
      Content-Type:
      - application/json
      Date:
      - Tue, 08 Mar 2022 10:43:01 GMT
      Server:
      - Scaleway API-Gateway
      Strict-Transport-Security:
      - max-age=63072000
      X-Content-Type-Options:
      - nosniff
      X-Frame-Options:
      - DENY
      X-Request-Id:
      - 8aeede67-9ea9-461c-a5f4-18d818d96cd8
    status: 202 Accepted
    code: 202
    duration: ""
- request:
    body: ""
    form: {}
    headers:
      User-Agent:
      - scaleway-sdk-go/v1.0.0-beta.7+dev (go1.17.8; darwin; amd64) terraform-provider/develop
        terraform/terraform-tests
    url: https://api.scaleway.com/instance/v1/zones/fr-par-1/volumes/82f87af4-8f03-4669-a6ec-de71c34bb4e7
    method: GET
  response:
    body: '{"volume": {"id": "82f87af4-8f03-4669-a6ec-de71c34bb4e7", "name": "tf-vol-focused-boyd",
      "volume_type": "b_ssd", "export_uri": null, "organization": "951df375-e094-4d26-97c1-ba548eeb9c42",
      "project": "951df375-e094-4d26-97c1-ba548eeb9c42", "server": null, "size": 30000000000,
      "state": "resizing", "creation_date": "2022-03-08T10:42:58.831024+00:00", "modification_date":
      "2022-03-08T10:43:00.885423+00:00", "tags": [], "zone": "fr-par-1"}}'
    headers:
      Content-Length:
      - "440"
      Content-Security-Policy:
      - default-src 'none'; frame-ancestors 'none'
      Content-Type:
      - application/json
      Date:
      - Tue, 08 Mar 2022 10:43:01 GMT
      Server:
      - Scaleway API-Gateway
      Strict-Transport-Security:
      - max-age=63072000
      X-Content-Type-Options:
      - nosniff
      X-Frame-Options:
      - DENY
      X-Request-Id:
      - a3de8002-f3fa-4d1e-9f7b-a7357a97f9fb
    status: 200 OK
    code: 200
    duration: ""
- request:
    body: ""
    form: {}
    headers:
      User-Agent:
      - scaleway-sdk-go/v1.0.0-beta.7+dev (go1.17.8; darwin; amd64) terraform-provider/develop
        terraform/terraform-tests
    url: https://api.scaleway.com/instance/v1/zones/fr-par-1/volumes/82f87af4-8f03-4669-a6ec-de71c34bb4e7
    method: GET
  response:
    body: '{"volume": {"id": "82f87af4-8f03-4669-a6ec-de71c34bb4e7", "name": "tf-vol-focused-boyd",
      "volume_type": "b_ssd", "export_uri": null, "organization": "951df375-e094-4d26-97c1-ba548eeb9c42",
      "project": "951df375-e094-4d26-97c1-ba548eeb9c42", "server": null, "size": 30000000000,
      "state": "available", "creation_date": "2022-03-08T10:42:58.831024+00:00", "modification_date":
      "2022-03-08T10:43:04.650743+00:00", "tags": [], "zone": "fr-par-1"}}'
    headers:
      Content-Length:
      - "441"
      Content-Security-Policy:
      - default-src 'none'; frame-ancestors 'none'
      Content-Type:
      - application/json
      Date:
      - Tue, 08 Mar 2022 10:43:06 GMT
      Server:
      - Scaleway API-Gateway
      Strict-Transport-Security:
      - max-age=63072000
      X-Content-Type-Options:
      - nosniff
      X-Frame-Options:
      - DENY
      X-Request-Id:
      - 86966840-8c01-4586-8131-3a1b52503cff
    status: 200 OK
    code: 200
    duration: ""
- request:
    body: '{}'
    form: {}
    headers:
      Content-Type:
      - application/json
      User-Agent:
      - scaleway-sdk-go/v1.0.0-beta.7+dev (go1.17.8; darwin; amd64) terraform-provider/develop
        terraform/terraform-tests
    url: https://api.scaleway.com/instance/v1/zones/fr-par-1/volumes/82f87af4-8f03-4669-a6ec-de71c34bb4e7
    method: PATCH
  response:
    body: '{"volume": {"id": "82f87af4-8f03-4669-a6ec-de71c34bb4e7", "name": "tf-vol-focused-boyd",
      "volume_type": "b_ssd", "export_uri": null, "organization": "951df375-e094-4d26-97c1-ba548eeb9c42",
      "project": "951df375-e094-4d26-97c1-ba548eeb9c42", "server": null, "size": 30000000000,
      "state": "available", "creation_date": "2022-03-08T10:42:58.831024+00:00", "modification_date":
      "2022-03-08T10:43:04.650743+00:00", "tags": [], "zone": "fr-par-1"}}'
    headers:
      Content-Length:
      - "441"
      Content-Security-Policy:
      - default-src 'none'; frame-ancestors 'none'
      Content-Type:
      - application/json
      Date:
      - Tue, 08 Mar 2022 10:43:06 GMT
      Server:
      - Scaleway API-Gateway
      Strict-Transport-Security:
      - max-age=63072000
      X-Content-Type-Options:
      - nosniff
      X-Frame-Options:
      - DENY
      X-Request-Id:
      - 0fd1ad04-7ba0-42ef-92c6-e6c124e79410
    status: 200 OK
    code: 200
    duration: ""
- request:
    body: ""
    form: {}
    headers:
      User-Agent:
      - scaleway-sdk-go/v1.0.0-beta.7+dev (go1.17.8; darwin; amd64) terraform-provider/develop
        terraform/terraform-tests
    url: https://api.scaleway.com/instance/v1/zones/fr-par-1/volumes/82f87af4-8f03-4669-a6ec-de71c34bb4e7
    method: GET
  response:
    body: '{"volume": {"id": "82f87af4-8f03-4669-a6ec-de71c34bb4e7", "name": "tf-vol-focused-boyd",
      "volume_type": "b_ssd", "export_uri": null, "organization": "951df375-e094-4d26-97c1-ba548eeb9c42",
      "project": "951df375-e094-4d26-97c1-ba548eeb9c42", "server": null, "size": 30000000000,
      "state": "available", "creation_date": "2022-03-08T10:42:58.831024+00:00", "modification_date":
      "2022-03-08T10:43:04.650743+00:00", "tags": [], "zone": "fr-par-1"}}'
    headers:
      Content-Length:
      - "441"
      Content-Security-Policy:
      - default-src 'none'; frame-ancestors 'none'
      Content-Type:
      - application/json
      Date:
      - Tue, 08 Mar 2022 10:43:07 GMT
      Server:
      - Scaleway API-Gateway
      Strict-Transport-Security:
      - max-age=63072000
      X-Content-Type-Options:
      - nosniff
      X-Frame-Options:
      - DENY
      X-Request-Id:
      - 812e958f-544a-4e8d-b989-d705aae5803e
    status: 200 OK
    code: 200
    duration: ""
- request:
    body: ""
    form: {}
    headers:
      User-Agent:
      - scaleway-sdk-go/v1.0.0-beta.7+dev (go1.17.8; darwin; amd64) terraform-provider/develop
        terraform/terraform-tests
    url: https://api.scaleway.com/instance/v1/zones/fr-par-1/volumes/82f87af4-8f03-4669-a6ec-de71c34bb4e7
    method: GET
  response:
    body: '{"volume": {"id": "82f87af4-8f03-4669-a6ec-de71c34bb4e7", "name": "tf-vol-focused-boyd",
      "volume_type": "b_ssd", "export_uri": null, "organization": "951df375-e094-4d26-97c1-ba548eeb9c42",
      "project": "951df375-e094-4d26-97c1-ba548eeb9c42", "server": null, "size": 30000000000,
      "state": "available", "creation_date": "2022-03-08T10:42:58.831024+00:00", "modification_date":
      "2022-03-08T10:43:04.650743+00:00", "tags": [], "zone": "fr-par-1"}}'
    headers:
      Content-Length:
      - "441"
      Content-Security-Policy:
      - default-src 'none'; frame-ancestors 'none'
      Content-Type:
      - application/json
      Date:
      - Tue, 08 Mar 2022 10:43:07 GMT
      Server:
      - Scaleway API-Gateway
      Strict-Transport-Security:
      - max-age=63072000
      X-Content-Type-Options:
      - nosniff
      X-Frame-Options:
      - DENY
      X-Request-Id:
      - 95b9e810-f2e8-45b6-b2ef-2bb281160d01
    status: 200 OK
    code: 200
    duration: ""
- request:
    body: ""
    form: {}
    headers:
      User-Agent:
      - scaleway-sdk-go/v1.0.0-beta.7+dev (go1.17.8; darwin; amd64) terraform-provider/develop
        terraform/terraform-tests
    url: https://api.scaleway.com/instance/v1/zones/fr-par-1/volumes/82f87af4-8f03-4669-a6ec-de71c34bb4e7
    method: GET
  response:
    body: '{"volume": {"id": "82f87af4-8f03-4669-a6ec-de71c34bb4e7", "name": "tf-vol-focused-boyd",
      "volume_type": "b_ssd", "export_uri": null, "organization": "951df375-e094-4d26-97c1-ba548eeb9c42",
      "project": "951df375-e094-4d26-97c1-ba548eeb9c42", "server": null, "size": 30000000000,
      "state": "available", "creation_date": "2022-03-08T10:42:58.831024+00:00", "modification_date":
      "2022-03-08T10:43:04.650743+00:00", "tags": [], "zone": "fr-par-1"}}'
    headers:
      Content-Length:
      - "441"
      Content-Security-Policy:
      - default-src 'none'; frame-ancestors 'none'
      Content-Type:
      - application/json
      Date:
      - Tue, 08 Mar 2022 10:43:07 GMT
      Server:
      - Scaleway API-Gateway
      Strict-Transport-Security:
      - max-age=63072000
      X-Content-Type-Options:
      - nosniff
      X-Frame-Options:
      - DENY
      X-Request-Id:
      - 1f19c4e2-c77a-49cf-96f6-9ceddd38e586
    status: 200 OK
    code: 200
    duration: ""
- request:
    body: ""
    form: {}
    headers:
      User-Agent:
      - scaleway-sdk-go/v1.0.0-beta.7+dev (go1.17.8; darwin; amd64) terraform-provider/develop
        terraform/terraform-tests
    url: https://api.scaleway.com/instance/v1/zones/fr-par-1/volumes/82f87af4-8f03-4669-a6ec-de71c34bb4e7
    method: GET
  response:
    body: '{"volume": {"id": "82f87af4-8f03-4669-a6ec-de71c34bb4e7", "name": "tf-vol-focused-boyd",
      "volume_type": "b_ssd", "export_uri": null, "organization": "951df375-e094-4d26-97c1-ba548eeb9c42",
      "project": "951df375-e094-4d26-97c1-ba548eeb9c42", "server": null, "size": 30000000000,
      "state": "available", "creation_date": "2022-03-08T10:42:58.831024+00:00", "modification_date":
      "2022-03-08T10:43:04.650743+00:00", "tags": [], "zone": "fr-par-1"}}'
    headers:
      Content-Length:
      - "441"
      Content-Security-Policy:
      - default-src 'none'; frame-ancestors 'none'
      Content-Type:
      - application/json
      Date:
      - Tue, 08 Mar 2022 10:43:08 GMT
      Server:
      - Scaleway API-Gateway
      Strict-Transport-Security:
      - max-age=63072000
      X-Content-Type-Options:
      - nosniff
      X-Frame-Options:
      - DENY
      X-Request-Id:
      - db7c5f14-7718-4b49-b97a-242b0dca4120
    status: 200 OK
    code: 200
    duration: ""
- request:
    body: ""
    form: {}
    headers:
      User-Agent:
      - scaleway-sdk-go/v1.0.0-beta.7+dev (go1.17.8; darwin; amd64) terraform-provider/develop
        terraform/terraform-tests
    url: https://api.scaleway.com/instance/v1/zones/fr-par-1/volumes/82f87af4-8f03-4669-a6ec-de71c34bb4e7
    method: DELETE
  response:
    body: ""
    headers:
      Content-Security-Policy:
      - default-src 'none'; frame-ancestors 'none'
      Date:
      - Tue, 08 Mar 2022 10:43:08 GMT
      Server:
      - Scaleway API-Gateway
      Strict-Transport-Security:
      - max-age=63072000
      X-Content-Type-Options:
      - nosniff
      X-Frame-Options:
      - DENY
      X-Request-Id:
      - 55ef10a4-0817-462e-8f80-f29e7fd671d6
    status: 204 No Content
    code: 204
    duration: ""
- request:
    body: ""
    form: {}
    headers:
      User-Agent:
      - scaleway-sdk-go/v1.0.0-beta.7+dev (go1.17.8; darwin; amd64) terraform-provider/develop
        terraform/terraform-tests
    url: https://api.scaleway.com/instance/v1/zones/fr-par-1/volumes/82f87af4-8f03-4669-a6ec-de71c34bb4e7
    method: GET
  response:
    body: '{"type": "unknown_resource", "message": "Volume ''82f87af4-8f03-4669-a6ec-de71c34bb4e7''
      not found."}'
    headers:
      Content-Length:
      - "99"
      Content-Security-Policy:
      - default-src 'none'; frame-ancestors 'none'
      Content-Type:
      - application/json
      Date:
      - Tue, 08 Mar 2022 10:43:08 GMT
      Server:
      - Scaleway API-Gateway
      Strict-Transport-Security:
      - max-age=63072000
      X-Content-Type-Options:
      - nosniff
      X-Frame-Options:
      - DENY
      X-Request-Id:
      - 0df1f07b-d37e-4e67-bf18-a3775b4a7995
    status: 404 Not Found
    code: 404
    duration: ""
