---
version: 1
interactions:
- request:
    body: '{"project":"105bdce1-64c0-48ab-899d-868455867ecf","type":"unknown_iptype"}'
    form: {}
    headers:
      Content-Type:
      - application/json
      User-Agent:
      - scaleway-sdk-go/v1.0.0-beta.7+dev (go1.20.4; linux; amd64) terraform-provider/develop
        terraform/terraform-tests
    url: https://api.scaleway.com/instance/v1/zones/fr-par-1/ips
    method: POST
  response:
    body: '{"ip":{"address":"163.172.135.82","id":"d3ec2489-9e36-49c8-8ea3-a03006b819d2","organization":"105bdce1-64c0-48ab-899d-868455867ecf","prefix":null,"project":"105bdce1-64c0-48ab-899d-868455867ecf","reverse":null,"server":null,"state":"attached","tags":[],"type":"nat","zone":"fr-par-1"}}'
    headers:
      Content-Length:
      - "307"
      Content-Security-Policy:
      - default-src 'none'; frame-ancestors 'none'
      Content-Type:
      - application/json
      Date:
      - Mon, 28 Aug 2023 14:36:12 GMT
      Location:
      - https://api.scaleway.com/instance/v1/zones/fr-par-1/ips/d3ec2489-9e36-49c8-8ea3-a03006b819d2
      Server:
      - Scaleway API-Gateway
      Strict-Transport-Security:
      - max-age=63072000
      X-Content-Type-Options:
      - nosniff
      X-Frame-Options:
      - DENY
      X-Request-Id:
      - 947fa426-4934-4ffa-9d47-8562acebdded
    status: 201 Created
    code: 201
    duration: ""
- request:
    body: ""
    form: {}
    headers:
      User-Agent:
      - scaleway-sdk-go/v1.0.0-beta.7+dev (go1.20.4; linux; amd64) terraform-provider/develop
        terraform/terraform-tests
    url: https://api.scaleway.com/instance/v1/zones/fr-par-1/ips/d3ec2489-9e36-49c8-8ea3-a03006b819d2
    method: GET
  response:
    body: '{"ip":{"address":"163.172.135.82","id":"d3ec2489-9e36-49c8-8ea3-a03006b819d2","organization":"105bdce1-64c0-48ab-899d-868455867ecf","prefix":null,"project":"105bdce1-64c0-48ab-899d-868455867ecf","reverse":null,"server":null,"state":"attached","tags":[],"type":"nat","zone":"fr-par-1"}}'
    headers:
      Content-Length:
      - "307"
      Content-Security-Policy:
      - default-src 'none'; frame-ancestors 'none'
      Content-Type:
      - application/json
      Date:
      - Mon, 28 Aug 2023 14:36:12 GMT
      Server:
      - Scaleway API-Gateway
      Strict-Transport-Security:
      - max-age=63072000
      X-Content-Type-Options:
      - nosniff
      X-Frame-Options:
      - DENY
      X-Request-Id:
      - 8b3ea71a-b758-4fe1-b792-a428a8f382aa
    status: 200 OK
    code: 200
    duration: ""
- request:
    body: ""
    form: {}
    headers:
      User-Agent:
      - scaleway-sdk-go/v1.0.0-beta.7+dev (go1.20.4; linux; amd64) terraform-provider/develop
        terraform/terraform-tests
    url: https://api.scaleway.com/instance/v1/zones/fr-par-1/ips/d3ec2489-9e36-49c8-8ea3-a03006b819d2
    method: GET
  response:
    body: '{"ip":{"address":"163.172.135.82","id":"d3ec2489-9e36-49c8-8ea3-a03006b819d2","organization":"105bdce1-64c0-48ab-899d-868455867ecf","prefix":null,"project":"105bdce1-64c0-48ab-899d-868455867ecf","reverse":null,"server":null,"state":"attached","tags":[],"type":"nat","zone":"fr-par-1"}}'
    headers:
      Content-Length:
      - "307"
      Content-Security-Policy:
      - default-src 'none'; frame-ancestors 'none'
      Content-Type:
      - application/json
      Date:
      - Mon, 28 Aug 2023 14:36:12 GMT
      Server:
      - Scaleway API-Gateway
      Strict-Transport-Security:
      - max-age=63072000
      X-Content-Type-Options:
      - nosniff
      X-Frame-Options:
      - DENY
      X-Request-Id:
      - 91075646-3056-4c33-8ab2-cbd885a499dc
    status: 200 OK
    code: 200
    duration: ""
- request:
    body: ""
    form: {}
    headers:
      User-Agent:
      - scaleway-sdk-go/v1.0.0-beta.7+dev (go1.20.4; linux; amd64) terraform-provider/develop
        terraform/terraform-tests
    url: https://api.scaleway.com/instance/v1/zones/fr-par-1/ips/d3ec2489-9e36-49c8-8ea3-a03006b819d2
    method: GET
  response:
    body: '{"ip":{"address":"163.172.135.82","id":"d3ec2489-9e36-49c8-8ea3-a03006b819d2","organization":"105bdce1-64c0-48ab-899d-868455867ecf","prefix":null,"project":"105bdce1-64c0-48ab-899d-868455867ecf","reverse":null,"server":null,"state":"attached","tags":[],"type":"nat","zone":"fr-par-1"}}'
    headers:
      Content-Length:
      - "307"
      Content-Security-Policy:
      - default-src 'none'; frame-ancestors 'none'
      Content-Type:
      - application/json
      Date:
      - Mon, 28 Aug 2023 14:36:12 GMT
      Server:
      - Scaleway API-Gateway
      Strict-Transport-Security:
      - max-age=63072000
      X-Content-Type-Options:
      - nosniff
      X-Frame-Options:
      - DENY
      X-Request-Id:
      - ff43044b-20bd-4a3d-a9e1-e815c362d410
    status: 200 OK
    code: 200
    duration: ""
- request:
    body: ""
    form: {}
    headers:
      User-Agent:
      - scaleway-sdk-go/v1.0.0-beta.7+dev (go1.20.4; linux; amd64) terraform-provider/develop
        terraform/terraform-tests
    url: https://api.scaleway.com/instance/v1/zones/fr-par-1/ips/d3ec2489-9e36-49c8-8ea3-a03006b819d2
    method: GET
  response:
    body: '{"ip":{"address":"163.172.135.82","id":"d3ec2489-9e36-49c8-8ea3-a03006b819d2","organization":"105bdce1-64c0-48ab-899d-868455867ecf","prefix":null,"project":"105bdce1-64c0-48ab-899d-868455867ecf","reverse":null,"server":null,"state":"attached","tags":[],"type":"nat","zone":"fr-par-1"}}'
    headers:
      Content-Length:
      - "307"
      Content-Security-Policy:
      - default-src 'none'; frame-ancestors 'none'
      Content-Type:
      - application/json
      Date:
      - Mon, 28 Aug 2023 14:36:12 GMT
      Server:
      - Scaleway API-Gateway
      Strict-Transport-Security:
      - max-age=63072000
      X-Content-Type-Options:
      - nosniff
      X-Frame-Options:
      - DENY
      X-Request-Id:
      - 09b3a3ad-272b-4133-b721-7ec2a98761a7
    status: 200 OK
    code: 200
    duration: ""
- request:
    body: '{"type":"unknown_iptype","tags":["foo","bar"]}'
    form: {}
    headers:
      Content-Type:
      - application/json
      User-Agent:
      - scaleway-sdk-go/v1.0.0-beta.7+dev (go1.20.4; linux; amd64) terraform-provider/develop
        terraform/terraform-tests
    url: https://api.scaleway.com/instance/v1/zones/fr-par-1/ips/d3ec2489-9e36-49c8-8ea3-a03006b819d2
    method: PATCH
  response:
    body: '{"ip":{"address":"163.172.135.82","id":"d3ec2489-9e36-49c8-8ea3-a03006b819d2","organization":"105bdce1-64c0-48ab-899d-868455867ecf","prefix":null,"project":"105bdce1-64c0-48ab-899d-868455867ecf","reverse":null,"server":null,"state":"attached","tags":["foo","bar"],"type":"nat","zone":"fr-par-1"}}'
    headers:
      Content-Length:
      - "319"
      Content-Security-Policy:
      - default-src 'none'; frame-ancestors 'none'
      Content-Type:
      - application/json
      Date:
      - Mon, 28 Aug 2023 14:36:12 GMT
      Server:
      - Scaleway API-Gateway
      Strict-Transport-Security:
      - max-age=63072000
      X-Content-Type-Options:
      - nosniff
      X-Frame-Options:
      - DENY
      X-Request-Id:
      - 8ad4ee02-cd53-49ae-92b5-24f589731280
    status: 200 OK
    code: 200
    duration: ""
- request:
    body: ""
    form: {}
    headers:
      User-Agent:
      - scaleway-sdk-go/v1.0.0-beta.7+dev (go1.20.4; linux; amd64) terraform-provider/develop
        terraform/terraform-tests
    url: https://api.scaleway.com/instance/v1/zones/fr-par-1/ips/d3ec2489-9e36-49c8-8ea3-a03006b819d2
    method: GET
  response:
    body: '{"ip":{"address":"163.172.135.82","id":"d3ec2489-9e36-49c8-8ea3-a03006b819d2","organization":"105bdce1-64c0-48ab-899d-868455867ecf","prefix":null,"project":"105bdce1-64c0-48ab-899d-868455867ecf","reverse":null,"server":null,"state":"attached","tags":["foo","bar"],"type":"nat","zone":"fr-par-1"}}'
    headers:
      Content-Length:
      - "319"
      Content-Security-Policy:
      - default-src 'none'; frame-ancestors 'none'
      Content-Type:
      - application/json
      Date:
      - Mon, 28 Aug 2023 14:36:12 GMT
      Server:
      - Scaleway API-Gateway
      Strict-Transport-Security:
      - max-age=63072000
      X-Content-Type-Options:
      - nosniff
      X-Frame-Options:
      - DENY
      X-Request-Id:
      - 6a7ebd9c-11ae-4106-a7ff-7a9c24ba1d25
    status: 200 OK
    code: 200
    duration: ""
- request:
    body: ""
    form: {}
    headers:
      User-Agent:
      - scaleway-sdk-go/v1.0.0-beta.7+dev (go1.20.4; linux; amd64) terraform-provider/develop
        terraform/terraform-tests
    url: https://api.scaleway.com/instance/v1/zones/fr-par-1/ips/d3ec2489-9e36-49c8-8ea3-a03006b819d2
    method: GET
  response:
    body: '{"ip":{"address":"163.172.135.82","id":"d3ec2489-9e36-49c8-8ea3-a03006b819d2","organization":"105bdce1-64c0-48ab-899d-868455867ecf","prefix":null,"project":"105bdce1-64c0-48ab-899d-868455867ecf","reverse":null,"server":null,"state":"attached","tags":["foo","bar"],"type":"nat","zone":"fr-par-1"}}'
    headers:
      Content-Length:
      - "319"
      Content-Security-Policy:
      - default-src 'none'; frame-ancestors 'none'
      Content-Type:
      - application/json
      Date:
      - Mon, 28 Aug 2023 14:36:12 GMT
      Server:
      - Scaleway API-Gateway
      Strict-Transport-Security:
      - max-age=63072000
      X-Content-Type-Options:
      - nosniff
      X-Frame-Options:
      - DENY
      X-Request-Id:
      - 488d337e-ad2c-4f00-8dda-dfeb72378d0e
    status: 200 OK
    code: 200
    duration: ""
- request:
    body: ""
    form: {}
    headers:
      User-Agent:
      - scaleway-sdk-go/v1.0.0-beta.7+dev (go1.20.4; linux; amd64) terraform-provider/develop
        terraform/terraform-tests
    url: https://api.scaleway.com/instance/v1/zones/fr-par-1/ips/d3ec2489-9e36-49c8-8ea3-a03006b819d2
    method: GET
  response:
    body: '{"ip":{"address":"163.172.135.82","id":"d3ec2489-9e36-49c8-8ea3-a03006b819d2","organization":"105bdce1-64c0-48ab-899d-868455867ecf","prefix":null,"project":"105bdce1-64c0-48ab-899d-868455867ecf","reverse":null,"server":null,"state":"attached","tags":["foo","bar"],"type":"nat","zone":"fr-par-1"}}'
    headers:
      Content-Length:
      - "319"
      Content-Security-Policy:
      - default-src 'none'; frame-ancestors 'none'
      Content-Type:
      - application/json
      Date:
      - Mon, 28 Aug 2023 14:36:13 GMT
      Server:
      - Scaleway API-Gateway
      Strict-Transport-Security:
      - max-age=63072000
      X-Content-Type-Options:
      - nosniff
      X-Frame-Options:
      - DENY
      X-Request-Id:
      - 3eca07ac-a504-4e83-8567-016b992fa156
    status: 200 OK
    code: 200
    duration: ""
- request:
    body: ""
    form: {}
    headers:
      User-Agent:
      - scaleway-sdk-go/v1.0.0-beta.7+dev (go1.20.4; linux; amd64) terraform-provider/develop
        terraform/terraform-tests
    url: https://api.scaleway.com/instance/v1/zones/fr-par-1/ips/d3ec2489-9e36-49c8-8ea3-a03006b819d2
    method: DELETE
  response:
    body: ""
    headers:
      Content-Security-Policy:
      - default-src 'none'; frame-ancestors 'none'
      Date:
      - Mon, 28 Aug 2023 14:36:13 GMT
      Server:
      - Scaleway API-Gateway
      Strict-Transport-Security:
      - max-age=63072000
      X-Content-Type-Options:
      - nosniff
      X-Frame-Options:
      - DENY
      X-Request-Id:
      - cb214a29-2284-420a-9333-0a26523e0402
    status: 204 No Content
    code: 204
    duration: ""
- request:
    body: ""
    form: {}
    headers:
      User-Agent:
      - scaleway-sdk-go/v1.0.0-beta.7+dev (go1.20.4; linux; amd64) terraform-provider/develop
        terraform/terraform-tests
    url: https://api.scaleway.com/instance/v1/zones/fr-par-1/ips/d3ec2489-9e36-49c8-8ea3-a03006b819d2
    method: GET
  response:
    body: '{"message":"insufficient permissions","type":"authorization_required"}'
    headers:
      Content-Length:
      - "73"
      Content-Security-Policy:
      - default-src 'none'; frame-ancestors 'none'
      Content-Type:
      - application/json
      Date:
      - Mon, 28 Aug 2023 14:36:13 GMT
      Server:
      - Scaleway API-Gateway
      Strict-Transport-Security:
      - max-age=63072000
      X-Content-Type-Options:
      - nosniff
      X-Frame-Options:
      - DENY
      X-Request-Id:
      - e9bdb575-ed6e-449f-8c4f-e79de331a50a
    status: 403 Forbidden
    code: 403
    duration: ""
