---
version: 1
interactions:
- request:
    body: '{"name":"minimal","project_id":"105bdce1-64c0-48ab-899d-868455867ecf","product_plan":"plan_shared","disable_events":null,"events_topic_prefix":"$SCW/events"}'
    form: {}
    headers:
      Content-Type:
      - application/json
      User-Agent:
      - scaleway-sdk-go/v1.0.0-beta.7+dev (go1.17.2; darwin; amd64) terraform-provider/develop
        terraform/terraform-tests
    url: https://api.scaleway.com/iot/v1/regions/fr-par/hubs
    method: POST
  response:
    body: '{"region":"fr-par","id":"6097669a-28c9-443a-88a3-390e9dc8fa3b","organization_id":"105bdce1-64c0-48ab-899d-868455867ecf","project_id":"105bdce1-64c0-48ab-899d-868455867ecf","name":"minimal","status":"enabling","product_plan":"plan_shared","endpoint":"iot.fr-par.scw.cloud","created_at":"2021-11-30T11:04:51.932Z","updated_at":"2021-11-30T11:04:51.932Z","enabled":true,"device_count":0,"connected_device_count":0,"disable_events":false,"events_topic_prefix":"$SCW/events","enable_device_auto_provisioning":false,"has_custom_ca":false}'
    headers:
      Content-Length:
      - "532"
      Content-Security-Policy:
      - default-src 'none'; frame-ancestors 'none'
      Content-Type:
      - application/json
      Date:
      - Tue, 30 Nov 2021 11:04:52 GMT
      Server:
      - Scaleway API-Gateway
      Strict-Transport-Security:
      - max-age=63072000
      X-Content-Type-Options:
      - nosniff
      X-Frame-Options:
      - DENY
      X-Request-Id:
      - b58c5c40-decc-428d-ad02-93438afb9818
    status: 200 OK
    code: 200
    duration: ""
- request:
    body: ""
    form: {}
    headers:
      User-Agent:
      - scaleway-sdk-go/v1.0.0-beta.7+dev (go1.17.2; darwin; amd64) terraform-provider/develop
        terraform/terraform-tests
    url: https://api.scaleway.com/iot/v1/regions/fr-par/hubs/6097669a-28c9-443a-88a3-390e9dc8fa3b
    method: GET
  response:
    body: '{"region":"fr-par","id":"6097669a-28c9-443a-88a3-390e9dc8fa3b","organization_id":"105bdce1-64c0-48ab-899d-868455867ecf","project_id":"105bdce1-64c0-48ab-899d-868455867ecf","name":"minimal","status":"enabling","product_plan":"plan_shared","endpoint":"iot.fr-par.scw.cloud","created_at":"2021-11-30T11:04:51.932Z","updated_at":"2021-11-30T11:04:51.932Z","enabled":true,"device_count":0,"connected_device_count":0,"disable_events":false,"events_topic_prefix":"$SCW/events","enable_device_auto_provisioning":false,"has_custom_ca":false}'
    headers:
      Content-Length:
      - "532"
      Content-Security-Policy:
      - default-src 'none'; frame-ancestors 'none'
      Content-Type:
      - application/json
      Date:
      - Tue, 30 Nov 2021 11:04:52 GMT
      Server:
      - Scaleway API-Gateway
      Strict-Transport-Security:
      - max-age=63072000
      X-Content-Type-Options:
      - nosniff
      X-Frame-Options:
      - DENY
      X-Request-Id:
      - 86debb0c-3efc-42f7-a4d1-98baef192f5e
    status: 200 OK
    code: 200
    duration: ""
- request:
    body: ""
    form: {}
    headers:
      User-Agent:
      - scaleway-sdk-go/v1.0.0-beta.7+dev (go1.17.2; darwin; amd64) terraform-provider/develop
        terraform/terraform-tests
    url: https://api.scaleway.com/iot/v1/regions/fr-par/hubs/6097669a-28c9-443a-88a3-390e9dc8fa3b
    method: GET
  response:
    body: '{"region":"fr-par","id":"6097669a-28c9-443a-88a3-390e9dc8fa3b","organization_id":"105bdce1-64c0-48ab-899d-868455867ecf","project_id":"105bdce1-64c0-48ab-899d-868455867ecf","name":"minimal","status":"enabling","product_plan":"plan_shared","endpoint":"iot.fr-par.scw.cloud","created_at":"2021-11-30T11:04:51.932Z","updated_at":"2021-11-30T11:04:51.932Z","enabled":true,"device_count":0,"connected_device_count":0,"disable_events":false,"events_topic_prefix":"$SCW/events","enable_device_auto_provisioning":false,"has_custom_ca":false}'
    headers:
      Content-Length:
      - "532"
      Content-Security-Policy:
      - default-src 'none'; frame-ancestors 'none'
      Content-Type:
      - application/json
      Date:
      - Tue, 30 Nov 2021 11:04:57 GMT
      Server:
      - Scaleway API-Gateway
      Strict-Transport-Security:
      - max-age=63072000
      X-Content-Type-Options:
      - nosniff
      X-Frame-Options:
      - DENY
      X-Request-Id:
      - 0ecfd2ea-a63e-498c-a3fd-06d4ea63b47c
    status: 200 OK
    code: 200
    duration: ""
- request:
    body: ""
    form: {}
    headers:
      User-Agent:
      - scaleway-sdk-go/v1.0.0-beta.7+dev (go1.17.2; darwin; amd64) terraform-provider/develop
        terraform/terraform-tests
    url: https://api.scaleway.com/iot/v1/regions/fr-par/hubs/6097669a-28c9-443a-88a3-390e9dc8fa3b
    method: GET
  response:
    body: '{"region":"fr-par","id":"6097669a-28c9-443a-88a3-390e9dc8fa3b","organization_id":"105bdce1-64c0-48ab-899d-868455867ecf","project_id":"105bdce1-64c0-48ab-899d-868455867ecf","name":"minimal","status":"ready","product_plan":"plan_shared","endpoint":"iot.fr-par.scw.cloud","created_at":"2021-11-30T11:04:51.932Z","updated_at":"2021-11-30T11:04:51.932Z","enabled":true,"device_count":0,"connected_device_count":0,"disable_events":false,"events_topic_prefix":"$SCW/events","enable_device_auto_provisioning":false,"has_custom_ca":false}'
    headers:
      Content-Length:
      - "529"
      Content-Security-Policy:
      - default-src 'none'; frame-ancestors 'none'
      Content-Type:
      - application/json
      Date:
      - Tue, 30 Nov 2021 11:05:02 GMT
      Server:
      - Scaleway API-Gateway
      Strict-Transport-Security:
      - max-age=63072000
      X-Content-Type-Options:
      - nosniff
      X-Frame-Options:
      - DENY
      X-Request-Id:
      - ac6d0de1-b2d8-406e-a4df-bffcc7c422ec
    status: 200 OK
    code: 200
    duration: ""
- request:
    body: ""
    form: {}
    headers:
      User-Agent:
      - scaleway-sdk-go/v1.0.0-beta.7+dev (go1.17.2; darwin; amd64) terraform-provider/develop
        terraform/terraform-tests
    url: https://api.scaleway.com/iot/v1/regions/fr-par/hubs/6097669a-28c9-443a-88a3-390e9dc8fa3b
    method: GET
  response:
    body: '{"region":"fr-par","id":"6097669a-28c9-443a-88a3-390e9dc8fa3b","organization_id":"105bdce1-64c0-48ab-899d-868455867ecf","project_id":"105bdce1-64c0-48ab-899d-868455867ecf","name":"minimal","status":"ready","product_plan":"plan_shared","endpoint":"iot.fr-par.scw.cloud","created_at":"2021-11-30T11:04:51.932Z","updated_at":"2021-11-30T11:04:51.932Z","enabled":true,"device_count":0,"connected_device_count":0,"disable_events":false,"events_topic_prefix":"$SCW/events","enable_device_auto_provisioning":false,"has_custom_ca":false}'
    headers:
      Content-Length:
      - "529"
      Content-Security-Policy:
      - default-src 'none'; frame-ancestors 'none'
      Content-Type:
      - application/json
      Date:
      - Tue, 30 Nov 2021 11:05:02 GMT
      Server:
      - Scaleway API-Gateway
      Strict-Transport-Security:
      - max-age=63072000
      X-Content-Type-Options:
      - nosniff
      X-Frame-Options:
      - DENY
      X-Request-Id:
      - 91acf905-c8bd-4c5a-a948-2c4a1f05c0cc
    status: 200 OK
    code: 200
    duration: ""
- request:
    body: '{"name":"default","type":"sigfox","hub_id":"6097669a-28c9-443a-88a3-390e9dc8fa3b","topic_prefix":""}'
    form: {}
    headers:
      Content-Type:
      - application/json
      User-Agent:
      - scaleway-sdk-go/v1.0.0-beta.7+dev (go1.17.2; darwin; amd64) terraform-provider/develop
        terraform/terraform-tests
    url: https://api.scaleway.com/iot/v1/regions/fr-par/networks
    method: POST
  response:
    body: '{"network":{"id":"158baba2-77a9-4df9-977d-133c3452033e","name":"default","endpoint":"sigfox.iot.fr-par.scw.cloud","type":"sigfox","hub_id":"6097669a-28c9-443a-88a3-390e9dc8fa3b","created_at":"2021-11-30T11:05:02.635Z","topic_prefix":""},"secret":"eyJOZXRJRCI6IjE1OGJhYmEyLTc3YTktNGRmOS05NzdkLTEzM2MzNDUyMDMzZSIsIk5ldEtleSI6IjU0ZjU1YzU4LTM3YTAtNGQwZC04OGZmLTI3MGY0MjY4Mjc3ZSJ9"}'
    headers:
      Content-Length:
      - "377"
      Content-Security-Policy:
      - default-src 'none'; frame-ancestors 'none'
      Content-Type:
      - application/json
      Date:
      - Tue, 30 Nov 2021 11:05:02 GMT
      Server:
      - Scaleway API-Gateway
      Strict-Transport-Security:
      - max-age=63072000
      X-Content-Type-Options:
      - nosniff
      X-Frame-Options:
      - DENY
      X-Request-Id:
      - 57b3a908-fd0d-4e5b-bd30-0060a7f791eb
    status: 200 OK
    code: 200
    duration: ""
- request:
    body: ""
    form: {}
    headers:
      User-Agent:
      - scaleway-sdk-go/v1.0.0-beta.7+dev (go1.17.2; darwin; amd64) terraform-provider/develop
        terraform/terraform-tests
    url: https://api.scaleway.com/iot/v1/regions/fr-par/networks/158baba2-77a9-4df9-977d-133c3452033e
    method: GET
  response:
    body: '{"id":"158baba2-77a9-4df9-977d-133c3452033e","name":"default","endpoint":"sigfox.iot.fr-par.scw.cloud","type":"sigfox","hub_id":"6097669a-28c9-443a-88a3-390e9dc8fa3b","created_at":"2021-11-30T11:05:02.635Z","topic_prefix":""}'
    headers:
      Content-Length:
      - "225"
      Content-Security-Policy:
      - default-src 'none'; frame-ancestors 'none'
      Content-Type:
      - application/json
      Date:
      - Tue, 30 Nov 2021 11:05:02 GMT
      Server:
      - Scaleway API-Gateway
      Strict-Transport-Security:
      - max-age=63072000
      X-Content-Type-Options:
      - nosniff
      X-Frame-Options:
      - DENY
      X-Request-Id:
      - 94221c0c-ea49-4eeb-b7f7-4682d2dbce4e
    status: 200 OK
    code: 200
    duration: ""
- request:
    body: ""
    form: {}
    headers:
      User-Agent:
      - scaleway-sdk-go/v1.0.0-beta.7+dev (go1.17.2; darwin; amd64) terraform-provider/develop
        terraform/terraform-tests
    url: https://api.scaleway.com/iot/v1/regions/fr-par/hubs/6097669a-28c9-443a-88a3-390e9dc8fa3b
    method: GET
  response:
    body: '{"region":"fr-par","id":"6097669a-28c9-443a-88a3-390e9dc8fa3b","organization_id":"105bdce1-64c0-48ab-899d-868455867ecf","project_id":"105bdce1-64c0-48ab-899d-868455867ecf","name":"minimal","status":"ready","product_plan":"plan_shared","endpoint":"iot.fr-par.scw.cloud","created_at":"2021-11-30T11:04:51.932Z","updated_at":"2021-11-30T11:04:51.932Z","enabled":true,"device_count":0,"connected_device_count":0,"disable_events":false,"events_topic_prefix":"$SCW/events","enable_device_auto_provisioning":false,"has_custom_ca":false}'
    headers:
      Content-Length:
      - "529"
      Content-Security-Policy:
      - default-src 'none'; frame-ancestors 'none'
      Content-Type:
      - application/json
      Date:
      - Tue, 30 Nov 2021 11:05:03 GMT
      Server:
      - Scaleway API-Gateway
      Strict-Transport-Security:
      - max-age=63072000
      X-Content-Type-Options:
      - nosniff
      X-Frame-Options:
      - DENY
      X-Request-Id:
      - 040ba5ec-d58b-4fe6-93dd-a1a48f21501d
    status: 200 OK
    code: 200
    duration: ""
- request:
    body: ""
    form: {}
    headers:
      User-Agent:
      - scaleway-sdk-go/v1.0.0-beta.7+dev (go1.17.2; darwin; amd64) terraform-provider/develop
        terraform/terraform-tests
    url: https://api.scaleway.com/iot/v1/regions/fr-par/networks/158baba2-77a9-4df9-977d-133c3452033e
    method: GET
  response:
    body: '{"id":"158baba2-77a9-4df9-977d-133c3452033e","name":"default","endpoint":"sigfox.iot.fr-par.scw.cloud","type":"sigfox","hub_id":"6097669a-28c9-443a-88a3-390e9dc8fa3b","created_at":"2021-11-30T11:05:02.635Z","topic_prefix":""}'
    headers:
      Content-Length:
      - "225"
      Content-Security-Policy:
      - default-src 'none'; frame-ancestors 'none'
      Content-Type:
      - application/json
      Date:
      - Tue, 30 Nov 2021 11:05:03 GMT
      Server:
      - Scaleway API-Gateway
      Strict-Transport-Security:
      - max-age=63072000
      X-Content-Type-Options:
      - nosniff
      X-Frame-Options:
      - DENY
      X-Request-Id:
      - cf61da11-058e-497e-911e-82cb2cf5bee0
    status: 200 OK
    code: 200
    duration: ""
- request:
    body: ""
    form: {}
    headers:
      User-Agent:
      - scaleway-sdk-go/v1.0.0-beta.7+dev (go1.17.2; darwin; amd64) terraform-provider/develop
        terraform/terraform-tests
    url: https://api.scaleway.com/iot/v1/regions/fr-par/hubs/6097669a-28c9-443a-88a3-390e9dc8fa3b
    method: GET
  response:
    body: '{"region":"fr-par","id":"6097669a-28c9-443a-88a3-390e9dc8fa3b","organization_id":"105bdce1-64c0-48ab-899d-868455867ecf","project_id":"105bdce1-64c0-48ab-899d-868455867ecf","name":"minimal","status":"ready","product_plan":"plan_shared","endpoint":"iot.fr-par.scw.cloud","created_at":"2021-11-30T11:04:51.932Z","updated_at":"2021-11-30T11:04:51.932Z","enabled":true,"device_count":0,"connected_device_count":0,"disable_events":false,"events_topic_prefix":"$SCW/events","enable_device_auto_provisioning":false,"has_custom_ca":false}'
    headers:
      Content-Length:
      - "529"
      Content-Security-Policy:
      - default-src 'none'; frame-ancestors 'none'
      Content-Type:
      - application/json
      Date:
      - Tue, 30 Nov 2021 11:05:03 GMT
      Server:
      - Scaleway API-Gateway
      Strict-Transport-Security:
      - max-age=63072000
      X-Content-Type-Options:
      - nosniff
      X-Frame-Options:
      - DENY
      X-Request-Id:
      - d2bdfd7e-cecd-4b3e-af9e-78e6a277c4d2
    status: 200 OK
    code: 200
    duration: ""
- request:
    body: ""
    form: {}
    headers:
      User-Agent:
      - scaleway-sdk-go/v1.0.0-beta.7+dev (go1.17.2; darwin; amd64) terraform-provider/develop
        terraform/terraform-tests
    url: https://api.scaleway.com/iot/v1/regions/fr-par/networks/158baba2-77a9-4df9-977d-133c3452033e
    method: GET
  response:
    body: '{"id":"158baba2-77a9-4df9-977d-133c3452033e","name":"default","endpoint":"sigfox.iot.fr-par.scw.cloud","type":"sigfox","hub_id":"6097669a-28c9-443a-88a3-390e9dc8fa3b","created_at":"2021-11-30T11:05:02.635Z","topic_prefix":""}'
    headers:
      Content-Length:
      - "225"
      Content-Security-Policy:
      - default-src 'none'; frame-ancestors 'none'
      Content-Type:
      - application/json
      Date:
      - Tue, 30 Nov 2021 11:05:03 GMT
      Server:
      - Scaleway API-Gateway
      Strict-Transport-Security:
      - max-age=63072000
      X-Content-Type-Options:
      - nosniff
      X-Frame-Options:
      - DENY
      X-Request-Id:
      - 4a3a9561-037c-4e1b-af5c-43b8caeeed35
    status: 200 OK
    code: 200
    duration: ""
- request:
    body: ""
    form: {}
    headers:
      User-Agent:
      - scaleway-sdk-go/v1.0.0-beta.7+dev (go1.17.2; darwin; amd64) terraform-provider/develop
        terraform/terraform-tests
    url: https://api.scaleway.com/iot/v1/regions/fr-par/hubs/6097669a-28c9-443a-88a3-390e9dc8fa3b
    method: GET
  response:
    body: '{"region":"fr-par","id":"6097669a-28c9-443a-88a3-390e9dc8fa3b","organization_id":"105bdce1-64c0-48ab-899d-868455867ecf","project_id":"105bdce1-64c0-48ab-899d-868455867ecf","name":"minimal","status":"ready","product_plan":"plan_shared","endpoint":"iot.fr-par.scw.cloud","created_at":"2021-11-30T11:04:51.932Z","updated_at":"2021-11-30T11:04:51.932Z","enabled":true,"device_count":0,"connected_device_count":0,"disable_events":false,"events_topic_prefix":"$SCW/events","enable_device_auto_provisioning":false,"has_custom_ca":false}'
    headers:
      Content-Length:
      - "529"
      Content-Security-Policy:
      - default-src 'none'; frame-ancestors 'none'
      Content-Type:
      - application/json
      Date:
      - Tue, 30 Nov 2021 11:05:04 GMT
      Server:
      - Scaleway API-Gateway
      Strict-Transport-Security:
      - max-age=63072000
      X-Content-Type-Options:
      - nosniff
      X-Frame-Options:
      - DENY
      X-Request-Id:
      - 4cf49d3a-2c59-44b3-9e4c-f8f9c58e7bb5
    status: 200 OK
    code: 200
    duration: ""
- request:
    body: ""
    form: {}
    headers:
      User-Agent:
      - scaleway-sdk-go/v1.0.0-beta.7+dev (go1.17.2; darwin; amd64) terraform-provider/develop
        terraform/terraform-tests
    url: https://api.scaleway.com/iot/v1/regions/fr-par/networks/158baba2-77a9-4df9-977d-133c3452033e
    method: GET
  response:
    body: '{"id":"158baba2-77a9-4df9-977d-133c3452033e","name":"default","endpoint":"sigfox.iot.fr-par.scw.cloud","type":"sigfox","hub_id":"6097669a-28c9-443a-88a3-390e9dc8fa3b","created_at":"2021-11-30T11:05:02.635Z","topic_prefix":""}'
    headers:
      Content-Length:
      - "225"
      Content-Security-Policy:
      - default-src 'none'; frame-ancestors 'none'
      Content-Type:
      - application/json
      Date:
      - Tue, 30 Nov 2021 11:05:04 GMT
      Server:
      - Scaleway API-Gateway
      Strict-Transport-Security:
      - max-age=63072000
      X-Content-Type-Options:
      - nosniff
      X-Frame-Options:
      - DENY
      X-Request-Id:
      - f1f77b30-f6e2-4399-9bed-534b57e0b030
    status: 200 OK
    code: 200
    duration: ""
- request:
    body: ""
    form: {}
    headers:
      User-Agent:
      - scaleway-sdk-go/v1.0.0-beta.7+dev (go1.17.2; darwin; amd64) terraform-provider/develop
        terraform/terraform-tests
    url: https://api.scaleway.com/iot/v1/regions/fr-par/networks/158baba2-77a9-4df9-977d-133c3452033e
    method: DELETE
  response:
    body: ""
    headers:
      Content-Security-Policy:
      - default-src 'none'; frame-ancestors 'none'
      Content-Type:
      - application/json
      Date:
      - Tue, 30 Nov 2021 11:05:05 GMT
      Server:
      - Scaleway API-Gateway
      Strict-Transport-Security:
      - max-age=63072000
      X-Content-Type-Options:
      - nosniff
      X-Frame-Options:
      - DENY
      X-Request-Id:
      - 20ae405a-d60f-45d4-bcd4-e95be7f92c11
    status: 204 No Content
    code: 204
    duration: ""
- request:
    body: '{"name":"default","type":"rest","hub_id":"6097669a-28c9-443a-88a3-390e9dc8fa3b","topic_prefix":""}'
    form: {}
    headers:
      Content-Type:
      - application/json
      User-Agent:
      - scaleway-sdk-go/v1.0.0-beta.7+dev (go1.17.2; darwin; amd64) terraform-provider/develop
        terraform/terraform-tests
    url: https://api.scaleway.com/iot/v1/regions/fr-par/networks
    method: POST
  response:
    body: '{"network":{"id":"9fb60078-2861-40fd-9047-02e0686bbe98","name":"default","endpoint":"rest.iot.fr-par.scw.cloud","type":"rest","hub_id":"6097669a-28c9-443a-88a3-390e9dc8fa3b","created_at":"2021-11-30T11:05:05.049Z","topic_prefix":""},"secret":"eyJOZXRJRCI6IjlmYjYwMDc4LTI4NjEtNDBmZC05MDQ3LTAyZTA2ODZiYmU5OCIsIk5ldEtleSI6IjBjODM2MGE2LTcyMDAtNDVmMC05OThmLTY0ZWZiOGJjZWQxYiJ9"}'
    headers:
      Content-Length:
      - "373"
      Content-Security-Policy:
      - default-src 'none'; frame-ancestors 'none'
      Content-Type:
      - application/json
      Date:
      - Tue, 30 Nov 2021 11:05:05 GMT
      Server:
      - Scaleway API-Gateway
      Strict-Transport-Security:
      - max-age=63072000
      X-Content-Type-Options:
      - nosniff
      X-Frame-Options:
      - DENY
      X-Request-Id:
      - b9885334-adbd-4154-bbec-2581dd8a7918
    status: 200 OK
    code: 200
    duration: ""
- request:
    body: ""
    form: {}
    headers:
      User-Agent:
      - scaleway-sdk-go/v1.0.0-beta.7+dev (go1.17.2; darwin; amd64) terraform-provider/develop
        terraform/terraform-tests
    url: https://api.scaleway.com/iot/v1/regions/fr-par/networks/9fb60078-2861-40fd-9047-02e0686bbe98
    method: GET
  response:
    body: '{"id":"9fb60078-2861-40fd-9047-02e0686bbe98","name":"default","endpoint":"rest.iot.fr-par.scw.cloud","type":"rest","hub_id":"6097669a-28c9-443a-88a3-390e9dc8fa3b","created_at":"2021-11-30T11:05:05.049Z","topic_prefix":""}'
    headers:
      Content-Length:
      - "221"
      Content-Security-Policy:
      - default-src 'none'; frame-ancestors 'none'
      Content-Type:
      - application/json
      Date:
      - Tue, 30 Nov 2021 11:05:05 GMT
      Server:
      - Scaleway API-Gateway
      Strict-Transport-Security:
      - max-age=63072000
      X-Content-Type-Options:
      - nosniff
      X-Frame-Options:
      - DENY
      X-Request-Id:
      - 86db5ecb-a322-46cd-aab4-c750feb6878b
    status: 200 OK
    code: 200
    duration: ""
- request:
    body: ""
    form: {}
    headers:
      User-Agent:
      - scaleway-sdk-go/v1.0.0-beta.7+dev (go1.17.2; darwin; amd64) terraform-provider/develop
        terraform/terraform-tests
    url: https://api.scaleway.com/iot/v1/regions/fr-par/hubs/6097669a-28c9-443a-88a3-390e9dc8fa3b
    method: GET
  response:
    body: '{"region":"fr-par","id":"6097669a-28c9-443a-88a3-390e9dc8fa3b","organization_id":"105bdce1-64c0-48ab-899d-868455867ecf","project_id":"105bdce1-64c0-48ab-899d-868455867ecf","name":"minimal","status":"ready","product_plan":"plan_shared","endpoint":"iot.fr-par.scw.cloud","created_at":"2021-11-30T11:04:51.932Z","updated_at":"2021-11-30T11:04:51.932Z","enabled":true,"device_count":0,"connected_device_count":0,"disable_events":false,"events_topic_prefix":"$SCW/events","enable_device_auto_provisioning":false,"has_custom_ca":false}'
    headers:
      Content-Length:
      - "529"
      Content-Security-Policy:
      - default-src 'none'; frame-ancestors 'none'
      Content-Type:
      - application/json
      Date:
      - Tue, 30 Nov 2021 11:05:05 GMT
      Server:
      - Scaleway API-Gateway
      Strict-Transport-Security:
      - max-age=63072000
      X-Content-Type-Options:
      - nosniff
      X-Frame-Options:
      - DENY
      X-Request-Id:
      - f2a7d834-3765-445a-9ac3-d4c307f30eae
    status: 200 OK
    code: 200
    duration: ""
- request:
    body: ""
    form: {}
    headers:
      User-Agent:
      - scaleway-sdk-go/v1.0.0-beta.7+dev (go1.17.2; darwin; amd64) terraform-provider/develop
        terraform/terraform-tests
    url: https://api.scaleway.com/iot/v1/regions/fr-par/networks/9fb60078-2861-40fd-9047-02e0686bbe98
    method: GET
  response:
    body: '{"id":"9fb60078-2861-40fd-9047-02e0686bbe98","name":"default","endpoint":"rest.iot.fr-par.scw.cloud","type":"rest","hub_id":"6097669a-28c9-443a-88a3-390e9dc8fa3b","created_at":"2021-11-30T11:05:05.049Z","topic_prefix":""}'
    headers:
      Content-Length:
      - "221"
      Content-Security-Policy:
      - default-src 'none'; frame-ancestors 'none'
      Content-Type:
      - application/json
      Date:
      - Tue, 30 Nov 2021 11:05:05 GMT
      Server:
      - Scaleway API-Gateway
      Strict-Transport-Security:
      - max-age=63072000
      X-Content-Type-Options:
      - nosniff
      X-Frame-Options:
      - DENY
      X-Request-Id:
      - 9536788f-8e69-4acc-96b0-80c0d642d98d
    status: 200 OK
    code: 200
    duration: ""
- request:
    body: ""
    form: {}
    headers:
      User-Agent:
      - scaleway-sdk-go/v1.0.0-beta.7+dev (go1.17.2; darwin; amd64) terraform-provider/develop
        terraform/terraform-tests
    url: https://api.scaleway.com/iot/v1/regions/fr-par/hubs/6097669a-28c9-443a-88a3-390e9dc8fa3b
    method: GET
  response:
    body: '{"region":"fr-par","id":"6097669a-28c9-443a-88a3-390e9dc8fa3b","organization_id":"105bdce1-64c0-48ab-899d-868455867ecf","project_id":"105bdce1-64c0-48ab-899d-868455867ecf","name":"minimal","status":"ready","product_plan":"plan_shared","endpoint":"iot.fr-par.scw.cloud","created_at":"2021-11-30T11:04:51.932Z","updated_at":"2021-11-30T11:04:51.932Z","enabled":true,"device_count":0,"connected_device_count":0,"disable_events":false,"events_topic_prefix":"$SCW/events","enable_device_auto_provisioning":false,"has_custom_ca":false}'
    headers:
      Content-Length:
      - "529"
      Content-Security-Policy:
      - default-src 'none'; frame-ancestors 'none'
      Content-Type:
      - application/json
      Date:
      - Tue, 30 Nov 2021 11:05:05 GMT
      Server:
      - Scaleway API-Gateway
      Strict-Transport-Security:
      - max-age=63072000
      X-Content-Type-Options:
      - nosniff
      X-Frame-Options:
      - DENY
      X-Request-Id:
      - da4deb7b-a6ad-4adf-9b92-9c502a1367ac
    status: 200 OK
    code: 200
    duration: ""
- request:
    body: ""
    form: {}
    headers:
      User-Agent:
      - scaleway-sdk-go/v1.0.0-beta.7+dev (go1.17.2; darwin; amd64) terraform-provider/develop
        terraform/terraform-tests
    url: https://api.scaleway.com/iot/v1/regions/fr-par/networks/9fb60078-2861-40fd-9047-02e0686bbe98
    method: GET
  response:
    body: '{"id":"9fb60078-2861-40fd-9047-02e0686bbe98","name":"default","endpoint":"rest.iot.fr-par.scw.cloud","type":"rest","hub_id":"6097669a-28c9-443a-88a3-390e9dc8fa3b","created_at":"2021-11-30T11:05:05.049Z","topic_prefix":""}'
    headers:
      Content-Length:
      - "221"
      Content-Security-Policy:
      - default-src 'none'; frame-ancestors 'none'
      Content-Type:
      - application/json
      Date:
      - Tue, 30 Nov 2021 11:05:06 GMT
      Server:
      - Scaleway API-Gateway
      Strict-Transport-Security:
      - max-age=63072000
      X-Content-Type-Options:
      - nosniff
      X-Frame-Options:
      - DENY
      X-Request-Id:
      - fb496375-6e67-4604-85d8-1313add6c722
    status: 200 OK
    code: 200
    duration: ""
- request:
    body: ""
    form: {}
    headers:
      User-Agent:
      - scaleway-sdk-go/v1.0.0-beta.7+dev (go1.17.2; darwin; amd64) terraform-provider/develop
        terraform/terraform-tests
    url: https://api.scaleway.com/iot/v1/regions/fr-par/hubs/6097669a-28c9-443a-88a3-390e9dc8fa3b
    method: GET
  response:
    body: '{"region":"fr-par","id":"6097669a-28c9-443a-88a3-390e9dc8fa3b","organization_id":"105bdce1-64c0-48ab-899d-868455867ecf","project_id":"105bdce1-64c0-48ab-899d-868455867ecf","name":"minimal","status":"ready","product_plan":"plan_shared","endpoint":"iot.fr-par.scw.cloud","created_at":"2021-11-30T11:04:51.932Z","updated_at":"2021-11-30T11:04:51.932Z","enabled":true,"device_count":0,"connected_device_count":0,"disable_events":false,"events_topic_prefix":"$SCW/events","enable_device_auto_provisioning":false,"has_custom_ca":false}'
    headers:
      Content-Length:
      - "529"
      Content-Security-Policy:
      - default-src 'none'; frame-ancestors 'none'
      Content-Type:
      - application/json
      Date:
      - Tue, 30 Nov 2021 11:05:06 GMT
      Server:
      - Scaleway API-Gateway
      Strict-Transport-Security:
      - max-age=63072000
      X-Content-Type-Options:
      - nosniff
      X-Frame-Options:
      - DENY
      X-Request-Id:
      - fccae3c0-0eb7-4c97-8ef9-87d7ce20ec06
    status: 200 OK
    code: 200
    duration: ""
- request:
    body: ""
    form: {}
    headers:
      User-Agent:
      - scaleway-sdk-go/v1.0.0-beta.7+dev (go1.17.2; darwin; amd64) terraform-provider/develop
        terraform/terraform-tests
    url: https://api.scaleway.com/iot/v1/regions/fr-par/networks/9fb60078-2861-40fd-9047-02e0686bbe98
    method: GET
  response:
    body: '{"id":"9fb60078-2861-40fd-9047-02e0686bbe98","name":"default","endpoint":"rest.iot.fr-par.scw.cloud","type":"rest","hub_id":"6097669a-28c9-443a-88a3-390e9dc8fa3b","created_at":"2021-11-30T11:05:05.049Z","topic_prefix":""}'
    headers:
      Content-Length:
      - "221"
      Content-Security-Policy:
      - default-src 'none'; frame-ancestors 'none'
      Content-Type:
      - application/json
      Date:
      - Tue, 30 Nov 2021 11:05:06 GMT
      Server:
      - Scaleway API-Gateway
      Strict-Transport-Security:
      - max-age=63072000
      X-Content-Type-Options:
      - nosniff
      X-Frame-Options:
      - DENY
      X-Request-Id:
      - bc979449-8569-48ef-a7eb-bf8de19c9a3d
    status: 200 OK
    code: 200
    duration: ""
- request:
    body: ""
    form: {}
    headers:
      User-Agent:
      - scaleway-sdk-go/v1.0.0-beta.7+dev (go1.17.2; darwin; amd64) terraform-provider/develop
        terraform/terraform-tests
    url: https://api.scaleway.com/iot/v1/regions/fr-par/networks/9fb60078-2861-40fd-9047-02e0686bbe98
    method: DELETE
  response:
    body: ""
    headers:
      Content-Security-Policy:
      - default-src 'none'; frame-ancestors 'none'
      Content-Type:
      - application/json
      Date:
      - Tue, 30 Nov 2021 11:05:07 GMT
      Server:
      - Scaleway API-Gateway
      Strict-Transport-Security:
      - max-age=63072000
      X-Content-Type-Options:
      - nosniff
      X-Frame-Options:
      - DENY
      X-Request-Id:
      - d1a99aae-c2bb-4c59-9c0e-47014bced70f
    status: 204 No Content
    code: 204
    duration: ""
- request:
    body: '{"name":"default","type":"rest","hub_id":"6097669a-28c9-443a-88a3-390e9dc8fa3b","topic_prefix":"foo/bar"}'
    form: {}
    headers:
      Content-Type:
      - application/json
      User-Agent:
      - scaleway-sdk-go/v1.0.0-beta.7+dev (go1.17.2; darwin; amd64) terraform-provider/develop
        terraform/terraform-tests
    url: https://api.scaleway.com/iot/v1/regions/fr-par/networks
    method: POST
  response:
    body: '{"network":{"id":"45429d9c-87d4-4345-8dc7-8a2b74dc0aba","name":"default","endpoint":"rest.iot.fr-par.scw.cloud","type":"rest","hub_id":"6097669a-28c9-443a-88a3-390e9dc8fa3b","created_at":"2021-11-30T11:05:07.247Z","topic_prefix":"foo/bar"},"secret":"eyJOZXRJRCI6IjQ1NDI5ZDljLTg3ZDQtNDM0NS04ZGM3LThhMmI3NGRjMGFiYSIsIk5ldEtleSI6IjNjMzg5NDliLWI4NmUtNGNmNC05MzNlLTI1MDIzZWMzNjBmMCJ9"}'
    headers:
      Content-Length:
      - "380"
      Content-Security-Policy:
      - default-src 'none'; frame-ancestors 'none'
      Content-Type:
      - application/json
      Date:
      - Tue, 30 Nov 2021 11:05:07 GMT
      Server:
      - Scaleway API-Gateway
      Strict-Transport-Security:
      - max-age=63072000
      X-Content-Type-Options:
      - nosniff
      X-Frame-Options:
      - DENY
      X-Request-Id:
      - 095ebbfe-087c-4b82-928f-e2c3370b1d40
    status: 200 OK
    code: 200
    duration: ""
- request:
    body: ""
    form: {}
    headers:
      User-Agent:
      - scaleway-sdk-go/v1.0.0-beta.7+dev (go1.17.2; darwin; amd64) terraform-provider/develop
        terraform/terraform-tests
    url: https://api.scaleway.com/iot/v1/regions/fr-par/networks/45429d9c-87d4-4345-8dc7-8a2b74dc0aba
    method: GET
  response:
    body: '{"id":"45429d9c-87d4-4345-8dc7-8a2b74dc0aba","name":"default","endpoint":"rest.iot.fr-par.scw.cloud","type":"rest","hub_id":"6097669a-28c9-443a-88a3-390e9dc8fa3b","created_at":"2021-11-30T11:05:07.247Z","topic_prefix":"foo/bar"}'
    headers:
      Content-Length:
      - "228"
      Content-Security-Policy:
      - default-src 'none'; frame-ancestors 'none'
      Content-Type:
      - application/json
      Date:
      - Tue, 30 Nov 2021 11:05:07 GMT
      Server:
      - Scaleway API-Gateway
      Strict-Transport-Security:
      - max-age=63072000
      X-Content-Type-Options:
      - nosniff
      X-Frame-Options:
      - DENY
      X-Request-Id:
      - 51954a1c-2504-4d39-83c4-46df96ccb68d
    status: 200 OK
    code: 200
    duration: ""
- request:
    body: ""
    form: {}
    headers:
      User-Agent:
      - scaleway-sdk-go/v1.0.0-beta.7+dev (go1.17.2; darwin; amd64) terraform-provider/develop
        terraform/terraform-tests
    url: https://api.scaleway.com/iot/v1/regions/fr-par/hubs/6097669a-28c9-443a-88a3-390e9dc8fa3b
    method: GET
  response:
    body: '{"region":"fr-par","id":"6097669a-28c9-443a-88a3-390e9dc8fa3b","organization_id":"105bdce1-64c0-48ab-899d-868455867ecf","project_id":"105bdce1-64c0-48ab-899d-868455867ecf","name":"minimal","status":"ready","product_plan":"plan_shared","endpoint":"iot.fr-par.scw.cloud","created_at":"2021-11-30T11:04:51.932Z","updated_at":"2021-11-30T11:04:51.932Z","enabled":true,"device_count":0,"connected_device_count":0,"disable_events":false,"events_topic_prefix":"$SCW/events","enable_device_auto_provisioning":false,"has_custom_ca":false}'
    headers:
      Content-Length:
      - "529"
      Content-Security-Policy:
      - default-src 'none'; frame-ancestors 'none'
      Content-Type:
      - application/json
      Date:
      - Tue, 30 Nov 2021 11:05:07 GMT
      Server:
      - Scaleway API-Gateway
      Strict-Transport-Security:
      - max-age=63072000
      X-Content-Type-Options:
      - nosniff
      X-Frame-Options:
      - DENY
      X-Request-Id:
      - 1542652c-a736-4e51-bd3a-6e1d6711e694
    status: 200 OK
    code: 200
    duration: ""
- request:
    body: ""
    form: {}
    headers:
      User-Agent:
      - scaleway-sdk-go/v1.0.0-beta.7+dev (go1.17.2; darwin; amd64) terraform-provider/develop
        terraform/terraform-tests
    url: https://api.scaleway.com/iot/v1/regions/fr-par/networks/45429d9c-87d4-4345-8dc7-8a2b74dc0aba
    method: GET
  response:
    body: '{"id":"45429d9c-87d4-4345-8dc7-8a2b74dc0aba","name":"default","endpoint":"rest.iot.fr-par.scw.cloud","type":"rest","hub_id":"6097669a-28c9-443a-88a3-390e9dc8fa3b","created_at":"2021-11-30T11:05:07.247Z","topic_prefix":"foo/bar"}'
    headers:
      Content-Length:
      - "228"
      Content-Security-Policy:
      - default-src 'none'; frame-ancestors 'none'
      Content-Type:
      - application/json
      Date:
      - Tue, 30 Nov 2021 11:05:07 GMT
      Server:
      - Scaleway API-Gateway
      Strict-Transport-Security:
      - max-age=63072000
      X-Content-Type-Options:
      - nosniff
      X-Frame-Options:
      - DENY
      X-Request-Id:
      - 63b334f9-61a6-430c-818b-874550374851
    status: 200 OK
    code: 200
    duration: ""
- request:
    body: ""
    form: {}
    headers:
      User-Agent:
      - scaleway-sdk-go/v1.0.0-beta.7+dev (go1.17.2; darwin; amd64) terraform-provider/develop
        terraform/terraform-tests
    url: https://api.scaleway.com/iot/v1/regions/fr-par/hubs/6097669a-28c9-443a-88a3-390e9dc8fa3b
    method: GET
  response:
    body: '{"region":"fr-par","id":"6097669a-28c9-443a-88a3-390e9dc8fa3b","organization_id":"105bdce1-64c0-48ab-899d-868455867ecf","project_id":"105bdce1-64c0-48ab-899d-868455867ecf","name":"minimal","status":"ready","product_plan":"plan_shared","endpoint":"iot.fr-par.scw.cloud","created_at":"2021-11-30T11:04:51.932Z","updated_at":"2021-11-30T11:04:51.932Z","enabled":true,"device_count":0,"connected_device_count":0,"disable_events":false,"events_topic_prefix":"$SCW/events","enable_device_auto_provisioning":false,"has_custom_ca":false}'
    headers:
      Content-Length:
      - "529"
      Content-Security-Policy:
      - default-src 'none'; frame-ancestors 'none'
      Content-Type:
      - application/json
      Date:
      - Tue, 30 Nov 2021 11:05:08 GMT
      Server:
      - Scaleway API-Gateway
      Strict-Transport-Security:
      - max-age=63072000
      X-Content-Type-Options:
      - nosniff
      X-Frame-Options:
      - DENY
      X-Request-Id:
      - 89c1f84e-e929-425c-8120-4905be27974e
    status: 200 OK
    code: 200
    duration: ""
- request:
    body: ""
    form: {}
    headers:
      User-Agent:
      - scaleway-sdk-go/v1.0.0-beta.7+dev (go1.17.2; darwin; amd64) terraform-provider/develop
        terraform/terraform-tests
    url: https://api.scaleway.com/iot/v1/regions/fr-par/networks/45429d9c-87d4-4345-8dc7-8a2b74dc0aba
    method: GET
  response:
    body: '{"id":"45429d9c-87d4-4345-8dc7-8a2b74dc0aba","name":"default","endpoint":"rest.iot.fr-par.scw.cloud","type":"rest","hub_id":"6097669a-28c9-443a-88a3-390e9dc8fa3b","created_at":"2021-11-30T11:05:07.247Z","topic_prefix":"foo/bar"}'
    headers:
      Content-Length:
      - "228"
      Content-Security-Policy:
      - default-src 'none'; frame-ancestors 'none'
      Content-Type:
      - application/json
      Date:
      - Tue, 30 Nov 2021 11:05:08 GMT
      Server:
      - Scaleway API-Gateway
      Strict-Transport-Security:
      - max-age=63072000
      X-Content-Type-Options:
      - nosniff
      X-Frame-Options:
      - DENY
      X-Request-Id:
      - e332fa33-e25c-4474-82da-93a789f0b2f4
    status: 200 OK
    code: 200
    duration: ""
- request:
    body: ""
    form: {}
    headers:
      User-Agent:
      - scaleway-sdk-go/v1.0.0-beta.7+dev (go1.17.2; darwin; amd64) terraform-provider/develop
        terraform/terraform-tests
    url: https://api.scaleway.com/iot/v1/regions/fr-par/networks/45429d9c-87d4-4345-8dc7-8a2b74dc0aba
    method: DELETE
  response:
    body: ""
    headers:
      Content-Security-Policy:
      - default-src 'none'; frame-ancestors 'none'
      Content-Type:
      - application/json
      Date:
      - Tue, 30 Nov 2021 11:05:08 GMT
      Server:
      - Scaleway API-Gateway
      Strict-Transport-Security:
      - max-age=63072000
      X-Content-Type-Options:
      - nosniff
      X-Frame-Options:
      - DENY
      X-Request-Id:
      - 4f703a10-4d38-4960-a5fe-db34bcfd903b
    status: 204 No Content
    code: 204
    duration: ""
- request:
    body: ""
    form: {}
    headers:
      User-Agent:
      - scaleway-sdk-go/v1.0.0-beta.7+dev (go1.17.2; darwin; amd64) terraform-provider/develop
        terraform/terraform-tests
    url: https://api.scaleway.com/iot/v1/regions/fr-par/hubs/6097669a-28c9-443a-88a3-390e9dc8fa3b
    method: DELETE
  response:
    body: ""
    headers:
      Content-Security-Policy:
      - default-src 'none'; frame-ancestors 'none'
      Content-Type:
      - application/json
      Date:
      - Tue, 30 Nov 2021 11:05:08 GMT
      Server:
      - Scaleway API-Gateway
      Strict-Transport-Security:
      - max-age=63072000
      X-Content-Type-Options:
      - nosniff
      X-Frame-Options:
      - DENY
      X-Request-Id:
      - e713ecb1-d4e3-4aa8-aa52-437491f5471a
    status: 204 No Content
    code: 204
    duration: ""
- request:
    body: ""
    form: {}
    headers:
      User-Agent:
      - scaleway-sdk-go/v1.0.0-beta.7+dev (go1.17.2; darwin; amd64) terraform-provider/develop
        terraform/terraform-tests
    url: https://api.scaleway.com/iot/v1/regions/fr-par/hubs/6097669a-28c9-443a-88a3-390e9dc8fa3b
    method: GET
  response:
    body: '{"message":"resource is not found","resource":"hub","resource_id":"6097669a-28c9-443a-88a3-390e9dc8fa3b","type":"not_found"}'
    headers:
      Content-Length:
      - "124"
      Content-Security-Policy:
      - default-src 'none'; frame-ancestors 'none'
      Content-Type:
      - application/json
      Date:
      - Tue, 30 Nov 2021 11:05:08 GMT
      Server:
      - Scaleway API-Gateway
      Strict-Transport-Security:
      - max-age=63072000
      X-Content-Type-Options:
      - nosniff
      X-Frame-Options:
      - DENY
      X-Request-Id:
      - 34adb7a3-5cb7-4915-ab73-aaf755fee638
    status: 404 Not Found
    code: 404
    duration: ""
