---
version: 1
interactions:
- request:
    body: '{"name":"minimal","project_id":"105bdce1-64c0-48ab-899d-868455867ecf","product_plan":"plan_shared","disable_events":null,"events_topic_prefix":"$SCW/events"}'
    form: {}
    headers:
      Content-Type:
      - application/json
      User-Agent:
      - scaleway-sdk-go/v1.0.0-beta.7+dev (go1.17.3; darwin; amd64) terraform-provider/develop
        terraform/terraform-tests
    url: https://api.scaleway.com/iot/v1/regions/fr-par/hubs
    method: POST
  response:
    body: '{"region":"fr-par","id":"0b002b59-5d5e-4135-bbe2-aae018775cb9","organization_id":"105bdce1-64c0-48ab-899d-868455867ecf","project_id":"105bdce1-64c0-48ab-899d-868455867ecf","name":"minimal","status":"enabling","product_plan":"plan_shared","endpoint":"iot.fr-par.scw.cloud","created_at":"2022-02-08T15:45:51.359Z","updated_at":"2022-02-08T15:45:51.359Z","enabled":true,"device_count":0,"connected_device_count":0,"disable_events":false,"events_topic_prefix":"$SCW/events","enable_device_auto_provisioning":false,"has_custom_ca":false}'
    headers:
      Content-Length:
      - "532"
      Content-Security-Policy:
      - default-src 'none'; frame-ancestors 'none'
      Content-Type:
      - application/json
      Date:
      - Tue, 08 Feb 2022 15:45:51 GMT
      Server:
      - Scaleway API-Gateway
      Strict-Transport-Security:
      - max-age=63072000
      X-Content-Type-Options:
      - nosniff
      X-Frame-Options:
      - DENY
      X-Request-Id:
      - f401e3b3-3946-4b10-a502-5d38239033cd
    status: 200 OK
    code: 200
    duration: ""
- request:
    body: ""
    form: {}
    headers:
      User-Agent:
      - scaleway-sdk-go/v1.0.0-beta.7+dev (go1.17.3; darwin; amd64) terraform-provider/develop
        terraform/terraform-tests
    url: https://api.scaleway.com/iot/v1/regions/fr-par/hubs/0b002b59-5d5e-4135-bbe2-aae018775cb9
    method: GET
  response:
    body: '{"region":"fr-par","id":"0b002b59-5d5e-4135-bbe2-aae018775cb9","organization_id":"105bdce1-64c0-48ab-899d-868455867ecf","project_id":"105bdce1-64c0-48ab-899d-868455867ecf","name":"minimal","status":"enabling","product_plan":"plan_shared","endpoint":"iot.fr-par.scw.cloud","created_at":"2022-02-08T15:45:51.359Z","updated_at":"2022-02-08T15:45:51.359Z","enabled":true,"device_count":0,"connected_device_count":0,"disable_events":false,"events_topic_prefix":"$SCW/events","enable_device_auto_provisioning":false,"has_custom_ca":false}'
    headers:
      Content-Length:
      - "532"
      Content-Security-Policy:
      - default-src 'none'; frame-ancestors 'none'
      Content-Type:
      - application/json
      Date:
      - Tue, 08 Feb 2022 15:45:51 GMT
      Server:
      - Scaleway API-Gateway
      Strict-Transport-Security:
      - max-age=63072000
      X-Content-Type-Options:
      - nosniff
      X-Frame-Options:
      - DENY
      X-Request-Id:
      - 69138e5e-2c8d-44fb-bf90-a7db4d90b9f8
    status: 200 OK
    code: 200
    duration: ""
- request:
    body: '{"project_id":"105bdce1-64c0-48ab-899d-868455867ecf","name":"minimal","engine":"PostgreSQL-12","user_name":"root","password":"T3stP4ssw0rdD0N0tUs3!","node_type":"db-dev-s","is_ha_cluster":false,"disable_backup":true,"tags":[],"init_settings":null,"volume_type":"lssd","volume_size":0,"init_endpoints":[{"load_balancer":{}}],"backup_same_region":false}'
    form: {}
    headers:
      Content-Type:
      - application/json
      User-Agent:
      - scaleway-sdk-go/v1.0.0-beta.7+dev (go1.17.3; darwin; amd64) terraform-provider/develop
        terraform/terraform-tests
    url: https://api.scaleway.com/rdb/v1/regions/fr-par/instances
    method: POST
  response:
    body: '{"id":"30d5a035-ae95-4c24-a131-ed3d2380eb04","name":"minimal","organization_id":"105bdce1-64c0-48ab-899d-868455867ecf","project_id":"105bdce1-64c0-48ab-899d-868455867ecf","status":"provisioning","engine":"PostgreSQL-12","endpoint":null,"tags":[],"settings":[],"backup_schedule":{"frequency":24,"retention":7,"disabled":true},"is_ha_cluster":false,"read_replicas":[],"node_type":"db-dev-s","volume":{"type":"lssd","size":5000000000},"init_settings":[],"endpoints":[],"logs_policy":{"max_age_retention":30,"total_disk_retention":null},"backup_same_region":false,"maintenances":[],"created_at":"2022-02-08T15:45:51.525822Z","region":"fr-par"}'
    headers:
      Content-Length:
      - "639"
      Content-Security-Policy:
      - default-src 'none'; frame-ancestors 'none'
      Content-Type:
      - application/json
      Date:
      - Tue, 08 Feb 2022 15:45:52 GMT
      Server:
      - Scaleway API-Gateway
      Strict-Transport-Security:
      - max-age=63072000
      X-Content-Type-Options:
      - nosniff
      X-Frame-Options:
      - DENY
      X-Request-Id:
      - bfe54a6e-222f-4cbe-8d9e-1bf01ef96099
    status: 200 OK
    code: 200
    duration: ""
- request:
    body: ""
    form: {}
    headers:
      User-Agent:
      - scaleway-sdk-go/v1.0.0-beta.7+dev (go1.17.3; darwin; amd64) terraform-provider/develop
        terraform/terraform-tests
    url: https://api.scaleway.com/rdb/v1/regions/fr-par/instances/30d5a035-ae95-4c24-a131-ed3d2380eb04
    method: GET
  response:
    body: '{"id":"30d5a035-ae95-4c24-a131-ed3d2380eb04","name":"minimal","organization_id":"105bdce1-64c0-48ab-899d-868455867ecf","project_id":"105bdce1-64c0-48ab-899d-868455867ecf","status":"provisioning","engine":"PostgreSQL-12","endpoint":null,"tags":[],"settings":[],"backup_schedule":{"frequency":24,"retention":7,"disabled":true},"is_ha_cluster":false,"read_replicas":[],"node_type":"db-dev-s","volume":{"type":"lssd","size":5000000000},"init_settings":[],"endpoints":[],"logs_policy":{"max_age_retention":30,"total_disk_retention":null},"backup_same_region":false,"maintenances":[],"created_at":"2022-02-08T15:45:51.525822Z","region":"fr-par"}'
    headers:
      Content-Length:
      - "639"
      Content-Security-Policy:
      - default-src 'none'; frame-ancestors 'none'
      Content-Type:
      - application/json
      Date:
      - Tue, 08 Feb 2022 15:45:52 GMT
      Server:
      - Scaleway API-Gateway
      Strict-Transport-Security:
      - max-age=63072000
      X-Content-Type-Options:
      - nosniff
      X-Frame-Options:
      - DENY
      X-Request-Id:
      - b55b82c2-4a82-4336-a5ee-92208250a03b
    status: 200 OK
    code: 200
    duration: ""
- request:
    body: ""
    form: {}
    headers:
      User-Agent:
      - scaleway-sdk-go/v1.0.0-beta.7+dev (go1.17.3; darwin; amd64) terraform-provider/develop
        terraform/terraform-tests
    url: https://api.scaleway.com/iot/v1/regions/fr-par/hubs/0b002b59-5d5e-4135-bbe2-aae018775cb9
    method: GET
  response:
    body: '{"region":"fr-par","id":"0b002b59-5d5e-4135-bbe2-aae018775cb9","organization_id":"105bdce1-64c0-48ab-899d-868455867ecf","project_id":"105bdce1-64c0-48ab-899d-868455867ecf","name":"minimal","status":"ready","product_plan":"plan_shared","endpoint":"iot.fr-par.scw.cloud","created_at":"2022-02-08T15:45:51.359Z","updated_at":"2022-02-08T15:45:51.359Z","enabled":true,"device_count":0,"connected_device_count":0,"disable_events":false,"events_topic_prefix":"$SCW/events","enable_device_auto_provisioning":false,"has_custom_ca":false}'
    headers:
      Content-Length:
      - "529"
      Content-Security-Policy:
      - default-src 'none'; frame-ancestors 'none'
      Content-Type:
      - application/json
      Date:
      - Tue, 08 Feb 2022 15:45:57 GMT
      Server:
      - Scaleway API-Gateway
      Strict-Transport-Security:
      - max-age=63072000
      X-Content-Type-Options:
      - nosniff
      X-Frame-Options:
      - DENY
      X-Request-Id:
      - a63d4c3a-9df9-4cfc-9b5e-1e877436d4bb
    status: 200 OK
    code: 200
    duration: ""
- request:
    body: ""
    form: {}
    headers:
      User-Agent:
      - scaleway-sdk-go/v1.0.0-beta.7+dev (go1.17.3; darwin; amd64) terraform-provider/develop
        terraform/terraform-tests
    url: https://api.scaleway.com/iot/v1/regions/fr-par/hubs/0b002b59-5d5e-4135-bbe2-aae018775cb9
    method: GET
  response:
    body: '{"region":"fr-par","id":"0b002b59-5d5e-4135-bbe2-aae018775cb9","organization_id":"105bdce1-64c0-48ab-899d-868455867ecf","project_id":"105bdce1-64c0-48ab-899d-868455867ecf","name":"minimal","status":"ready","product_plan":"plan_shared","endpoint":"iot.fr-par.scw.cloud","created_at":"2022-02-08T15:45:51.359Z","updated_at":"2022-02-08T15:45:51.359Z","enabled":true,"device_count":0,"connected_device_count":0,"disable_events":false,"events_topic_prefix":"$SCW/events","enable_device_auto_provisioning":false,"has_custom_ca":false}'
    headers:
      Content-Length:
      - "529"
      Content-Security-Policy:
      - default-src 'none'; frame-ancestors 'none'
      Content-Type:
      - application/json
      Date:
      - Tue, 08 Feb 2022 15:45:57 GMT
      Server:
      - Scaleway API-Gateway
      Strict-Transport-Security:
      - max-age=63072000
      X-Content-Type-Options:
      - nosniff
      X-Frame-Options:
      - DENY
      X-Request-Id:
      - 16b17643-9c3f-48cf-becd-cc8adacafd69
    status: 200 OK
    code: 200
    duration: ""
- request:
    body: ""
    form: {}
    headers:
      User-Agent:
      - scaleway-sdk-go/v1.0.0-beta.7+dev (go1.17.3; darwin; amd64) terraform-provider/develop
        terraform/terraform-tests
    url: https://api.scaleway.com/rdb/v1/regions/fr-par/instances/30d5a035-ae95-4c24-a131-ed3d2380eb04
    method: GET
  response:
    body: '{"id":"30d5a035-ae95-4c24-a131-ed3d2380eb04","name":"minimal","organization_id":"105bdce1-64c0-48ab-899d-868455867ecf","project_id":"105bdce1-64c0-48ab-899d-868455867ecf","status":"provisioning","engine":"PostgreSQL-12","endpoint":null,"tags":[],"settings":[],"backup_schedule":{"frequency":24,"retention":7,"disabled":true},"is_ha_cluster":false,"read_replicas":[],"node_type":"db-dev-s","volume":{"type":"lssd","size":5000000000},"init_settings":[],"endpoints":[],"logs_policy":{"max_age_retention":30,"total_disk_retention":null},"backup_same_region":false,"maintenances":[],"created_at":"2022-02-08T15:45:51.525822Z","region":"fr-par"}'
    headers:
      Content-Length:
      - "639"
      Content-Security-Policy:
      - default-src 'none'; frame-ancestors 'none'
      Content-Type:
      - application/json
      Date:
      - Tue, 08 Feb 2022 15:46:22 GMT
      Server:
      - Scaleway API-Gateway
      Strict-Transport-Security:
      - max-age=63072000
      X-Content-Type-Options:
      - nosniff
      X-Frame-Options:
      - DENY
      X-Request-Id:
      - 86ddb97c-384a-4a0e-b7d0-2bfe68aed4eb
    status: 200 OK
    code: 200
    duration: ""
- request:
    body: ""
    form: {}
    headers:
      User-Agent:
      - scaleway-sdk-go/v1.0.0-beta.7+dev (go1.17.3; darwin; amd64) terraform-provider/develop
        terraform/terraform-tests
    url: https://api.scaleway.com/rdb/v1/regions/fr-par/instances/30d5a035-ae95-4c24-a131-ed3d2380eb04
    method: GET
  response:
    body: '{"id":"30d5a035-ae95-4c24-a131-ed3d2380eb04","name":"minimal","organization_id":"105bdce1-64c0-48ab-899d-868455867ecf","project_id":"105bdce1-64c0-48ab-899d-868455867ecf","status":"initializing","engine":"PostgreSQL-12","endpoint":null,"tags":[],"settings":[],"backup_schedule":{"frequency":24,"retention":7,"disabled":true},"is_ha_cluster":false,"read_replicas":[],"node_type":"db-dev-s","volume":{"type":"lssd","size":5000000000},"init_settings":[],"endpoints":[],"logs_policy":{"max_age_retention":30,"total_disk_retention":null},"backup_same_region":false,"maintenances":[],"created_at":"2022-02-08T15:45:51.525822Z","region":"fr-par"}'
    headers:
      Content-Length:
      - "639"
      Content-Security-Policy:
      - default-src 'none'; frame-ancestors 'none'
      Content-Type:
      - application/json
      Date:
      - Tue, 08 Feb 2022 15:46:52 GMT
      Server:
      - Scaleway API-Gateway
      Strict-Transport-Security:
      - max-age=63072000
      X-Content-Type-Options:
      - nosniff
      X-Frame-Options:
      - DENY
      X-Request-Id:
      - 2cfddf6c-d2ba-49b8-b9ed-2cbf4cdb1cda
    status: 200 OK
    code: 200
    duration: ""
- request:
    body: ""
    form: {}
    headers:
      User-Agent:
      - scaleway-sdk-go/v1.0.0-beta.7+dev (go1.17.3; darwin; amd64) terraform-provider/develop
        terraform/terraform-tests
    url: https://api.scaleway.com/rdb/v1/regions/fr-par/instances/30d5a035-ae95-4c24-a131-ed3d2380eb04
    method: GET
  response:
    body: '{"id":"30d5a035-ae95-4c24-a131-ed3d2380eb04","name":"minimal","organization_id":"105bdce1-64c0-48ab-899d-868455867ecf","project_id":"105bdce1-64c0-48ab-899d-868455867ecf","status":"initializing","engine":"PostgreSQL-12","endpoint":null,"tags":[],"settings":[],"backup_schedule":{"frequency":24,"retention":7,"disabled":true},"is_ha_cluster":false,"read_replicas":[],"node_type":"db-dev-s","volume":{"type":"lssd","size":5000000000},"init_settings":[],"endpoints":[],"logs_policy":{"max_age_retention":30,"total_disk_retention":null},"backup_same_region":false,"maintenances":[],"created_at":"2022-02-08T15:45:51.525822Z","region":"fr-par"}'
    headers:
      Content-Length:
      - "639"
      Content-Security-Policy:
      - default-src 'none'; frame-ancestors 'none'
      Content-Type:
      - application/json
      Date:
      - Tue, 08 Feb 2022 15:47:22 GMT
      Server:
      - Scaleway API-Gateway
      Strict-Transport-Security:
      - max-age=63072000
      X-Content-Type-Options:
      - nosniff
      X-Frame-Options:
      - DENY
      X-Request-Id:
      - 79110bc0-4ee7-4203-a61a-74d3a23329ee
    status: 200 OK
    code: 200
    duration: ""
- request:
    body: ""
    form: {}
    headers:
      User-Agent:
      - scaleway-sdk-go/v1.0.0-beta.7+dev (go1.17.3; darwin; amd64) terraform-provider/develop
        terraform/terraform-tests
    url: https://api.scaleway.com/rdb/v1/regions/fr-par/instances/30d5a035-ae95-4c24-a131-ed3d2380eb04
    method: GET
  response:
    body: '{"id":"30d5a035-ae95-4c24-a131-ed3d2380eb04","name":"minimal","organization_id":"105bdce1-64c0-48ab-899d-868455867ecf","project_id":"105bdce1-64c0-48ab-899d-868455867ecf","status":"initializing","engine":"PostgreSQL-12","endpoint":null,"tags":[],"settings":[],"backup_schedule":{"frequency":24,"retention":7,"disabled":true},"is_ha_cluster":false,"read_replicas":[],"node_type":"db-dev-s","volume":{"type":"lssd","size":5000000000},"init_settings":[],"endpoints":[],"logs_policy":{"max_age_retention":30,"total_disk_retention":null},"backup_same_region":false,"maintenances":[],"created_at":"2022-02-08T15:45:51.525822Z","region":"fr-par"}'
    headers:
      Content-Length:
      - "639"
      Content-Security-Policy:
      - default-src 'none'; frame-ancestors 'none'
      Content-Type:
      - application/json
      Date:
      - Tue, 08 Feb 2022 15:47:52 GMT
      Server:
      - Scaleway API-Gateway
      Strict-Transport-Security:
      - max-age=63072000
      X-Content-Type-Options:
      - nosniff
      X-Frame-Options:
      - DENY
      X-Request-Id:
      - 5e10705d-21c3-42fe-a48c-a5047b8a39b1
    status: 200 OK
    code: 200
    duration: ""
- request:
    body: ""
    form: {}
    headers:
      User-Agent:
      - scaleway-sdk-go/v1.0.0-beta.7+dev (go1.17.3; darwin; amd64) terraform-provider/develop
        terraform/terraform-tests
    url: https://api.scaleway.com/rdb/v1/regions/fr-par/instances/30d5a035-ae95-4c24-a131-ed3d2380eb04
    method: GET
  response:
    body: '{"id":"30d5a035-ae95-4c24-a131-ed3d2380eb04","name":"minimal","organization_id":"105bdce1-64c0-48ab-899d-868455867ecf","project_id":"105bdce1-64c0-48ab-899d-868455867ecf","status":"initializing","engine":"PostgreSQL-12","endpoint":null,"tags":[],"settings":[],"backup_schedule":{"frequency":24,"retention":7,"disabled":true},"is_ha_cluster":false,"read_replicas":[],"node_type":"db-dev-s","volume":{"type":"lssd","size":5000000000},"init_settings":[],"endpoints":[],"logs_policy":{"max_age_retention":30,"total_disk_retention":null},"backup_same_region":false,"maintenances":[],"created_at":"2022-02-08T15:45:51.525822Z","region":"fr-par"}'
    headers:
      Content-Length:
      - "639"
      Content-Security-Policy:
      - default-src 'none'; frame-ancestors 'none'
      Content-Type:
      - application/json
      Date:
      - Tue, 08 Feb 2022 15:48:23 GMT
      Server:
      - Scaleway API-Gateway
      Strict-Transport-Security:
      - max-age=63072000
      X-Content-Type-Options:
      - nosniff
      X-Frame-Options:
      - DENY
      X-Request-Id:
      - 70da555d-d498-47d4-ad84-31cacf140c09
    status: 200 OK
    code: 200
    duration: ""
- request:
    body: ""
    form: {}
    headers:
      User-Agent:
      - scaleway-sdk-go/v1.0.0-beta.7+dev (go1.17.3; darwin; amd64) terraform-provider/develop
        terraform/terraform-tests
    url: https://api.scaleway.com/rdb/v1/regions/fr-par/instances/30d5a035-ae95-4c24-a131-ed3d2380eb04
    method: GET
  response:
    body: '{"id":"30d5a035-ae95-4c24-a131-ed3d2380eb04","name":"minimal","organization_id":"105bdce1-64c0-48ab-899d-868455867ecf","project_id":"105bdce1-64c0-48ab-899d-868455867ecf","status":"initializing","engine":"PostgreSQL-12","endpoint":null,"tags":[],"settings":[],"backup_schedule":{"frequency":24,"retention":7,"disabled":true},"is_ha_cluster":false,"read_replicas":[],"node_type":"db-dev-s","volume":{"type":"lssd","size":5000000000},"init_settings":[],"endpoints":[],"logs_policy":{"max_age_retention":30,"total_disk_retention":null},"backup_same_region":false,"maintenances":[],"created_at":"2022-02-08T15:45:51.525822Z","region":"fr-par"}'
    headers:
      Content-Length:
      - "639"
      Content-Security-Policy:
      - default-src 'none'; frame-ancestors 'none'
      Content-Type:
      - application/json
      Date:
      - Tue, 08 Feb 2022 15:48:53 GMT
      Server:
      - Scaleway API-Gateway
      Strict-Transport-Security:
      - max-age=63072000
      X-Content-Type-Options:
      - nosniff
      X-Frame-Options:
      - DENY
      X-Request-Id:
      - 82f14270-80ab-4b83-b25e-d0d61bc6d8a8
    status: 200 OK
    code: 200
    duration: ""
- request:
    body: ""
    form: {}
    headers:
      User-Agent:
      - scaleway-sdk-go/v1.0.0-beta.7+dev (go1.17.3; darwin; amd64) terraform-provider/develop
        terraform/terraform-tests
    url: https://api.scaleway.com/rdb/v1/regions/fr-par/instances/30d5a035-ae95-4c24-a131-ed3d2380eb04
    method: GET
  response:
    body: '{"id":"30d5a035-ae95-4c24-a131-ed3d2380eb04","name":"minimal","organization_id":"105bdce1-64c0-48ab-899d-868455867ecf","project_id":"105bdce1-64c0-48ab-899d-868455867ecf","status":"ready","engine":"PostgreSQL-12","endpoint":{"ip":"51.158.56.148","port":7469,"name":null,"id":"1c74dd95-8481-4c7b-9046-24947deae334","load_balancer":{}},"tags":[],"settings":[{"name":"work_mem","value":"4"},{"name":"max_connections","value":"100"},{"name":"effective_cache_size","value":"1300"},{"name":"maintenance_work_mem","value":"150"},{"name":"max_parallel_workers","value":"0"},{"name":"max_parallel_workers_per_gather","value":"0"}],"backup_schedule":{"frequency":24,"retention":7,"disabled":true},"is_ha_cluster":false,"read_replicas":[],"node_type":"db-dev-s","volume":{"type":"lssd","size":5000000000},"init_settings":[],"endpoints":[{"ip":"51.158.56.148","port":7469,"name":null,"id":"1c74dd95-8481-4c7b-9046-24947deae334","load_balancer":{}}],"logs_policy":{"max_age_retention":30,"total_disk_retention":null},"backup_same_region":false,"maintenances":[],"created_at":"2022-02-08T15:45:51.525822Z","region":"fr-par"}'
    headers:
      Content-Length:
      - "1110"
      Content-Security-Policy:
      - default-src 'none'; frame-ancestors 'none'
      Content-Type:
      - application/json
      Date:
      - Tue, 08 Feb 2022 15:49:23 GMT
      Server:
      - Scaleway API-Gateway
      Strict-Transport-Security:
      - max-age=63072000
      X-Content-Type-Options:
      - nosniff
      X-Frame-Options:
      - DENY
      X-Request-Id:
      - a4d06551-5a63-4931-9624-3f6cb34d89d7
    status: 200 OK
    code: 200
    duration: ""
- request:
    body: ""
    form: {}
    headers:
      User-Agent:
      - scaleway-sdk-go/v1.0.0-beta.7+dev (go1.17.3; darwin; amd64) terraform-provider/develop
        terraform/terraform-tests
    url: https://api.scaleway.com/rdb/v1/regions/fr-par/instances/30d5a035-ae95-4c24-a131-ed3d2380eb04/certificate
    method: GET
  response:
    body: '{"name":"ssl_certificate","content_type":"application/x-pem-file","content":"LS0tLS1CRUdJTiBDRVJUSUZJQ0FURS0tLS0tCk1JSUQ5VENDQXQyZ0F3SUJBZ0lVZDdoYVBwY09WRW0xNm5uaDJaWVdJRDRJNnQ0d0RRWUpLb1pJaHZjTkFRRUwKQlFBd2dZY3hDekFKQmdOVkJBWVRBa1pTTVE0d0RBWURWUVFJREFWUVlYSnBjekVPTUF3R0ExVUVCd3dGVUdGeQphWE14RVRBUEJnTlZCQW9NQ0ZOallXeGxkMkY1TVVVd1F3WURWUVFERER4eWR5MHpNR1ExWVRBek5TMWhaVGsxCkxUUmpNalF0WVRFek1TMWxaRE5rTWpNNE1HVmlNRFF1Y21SaUxtWnlMWEJoY2k1elkzY3VZMnh2ZFdRd0hoY04KTWpJd01qQTRNVFUwTnpJeFdoY05Nekl3TWpBMk1UVTBOekl4V2pDQmh6RUxNQWtHQTFVRUJoTUNSbEl4RGpBTQpCZ05WQkFnTUJWQmhjbWx6TVE0d0RBWURWUVFIREFWUVlYSnBjekVSTUE4R0ExVUVDZ3dJVTJOaGJHVjNZWGt4ClJUQkRCZ05WQkFNTVBISjNMVE13WkRWaE1ETTFMV0ZsT1RVdE5HTXlOQzFoTVRNeExXVmtNMlF5TXpnd1pXSXcKTkM1eVpHSXVabkl0Y0dGeUxuTmpkeTVqYkc5MVpEQ0NBU0l3RFFZSktvWklodmNOQVFFQkJRQURnZ0VQQURDQwpBUW9DZ2dFQkFQQllWeEZEL0s2cSs1VHNLQzBwNWJCZGREczJPV0tMcHpUNmoyWFVPZk9ycHU4LzA0QXN5T3FsCnVOVW40V3ZOV05BbzBWSmJrSzJocE81ZTJvd3I2dDQxNjF1a21TQ2FYNitwS3JlSkpuMzR0M0l1dFVTN04zdFcKOTIzcmlOdUk3bEJoanFkZjd5L1Zyby9zWGdMalBObGM1c0s2MlZmK2xXVU9rM2ZCMU50NWYxQ2JaRm1Ob2dLRQpMZEJqYzZKU2lxQ3ZzcXdKUmM0WXcyQ0pnWXFRK29KN0p4M0h3ZmVGazlUSkhyUzdEanpUZG5senFta1hER0hqCml0VlV6Qm1NVUpTMkZGMnBMZE9zNUxabDZMZERFb3JtYmpzSmJEWGtMbmRtc1cvUFFnajZxVi9vT2p5eTNzc3UKVS9wSVdST2xuaWdqRDlla0NzbkhjYzNvVnB0dFk0RUNBd0VBQWFOWE1GVXdVd1lEVlIwUkJFd3dTb0k4Y25jdApNekJrTldFd016VXRZV1U1TlMwMFl6STBMV0V4TXpFdFpXUXpaREl6T0RCbFlqQTBMbkprWWk1bWNpMXdZWEl1CmMyTjNMbU5zYjNWa2h3UXpEL0tzaHdRem5qaVVNQTBHQ1NxR1NJYjNEUUVCQ3dVQUE0SUJBUURhd2l2MUJWRE8KUHN1cTVraTRIM2tVK200dlhnSGZrQW95Sk9DQU80aHRjQzlESW5BVDRFa1VXR3IrNEQyUjhqVWYyTUNUdi9oWQpnR2lhcjhiUW5lbVBONkxyMVdTL3M1Ny9SampQdmpwSWpoR1J4anNXdEdkZTlXenFuMHpyelV2KysxaTYzeTJuCjZRZ3BxK2NiMXhZa3UrMzFSWGxQbG1mN2hCT0FGcDhvRTNyMDhKRFpCQUxzVk5lS0VnT3Q0cDlUNnJTdWhmcDUKbkxpNFZVY3JEbHh1ektwck1GN0tTbTc4VmJsMVEzU21TTFIrckFUbjVFQ3NmOFJpTlBBZjlwL2lSdjhXN3lENAovajB5YTBMV1BrN2tTbHppWXVzQmZWNFZld01sVDJ6VFZERW1yKzE4b1MvZS93RUR1MEIzSHNMMlBTZktiZ3NtCitscmRwSHVQTkIwNgotLS0tLUVORCBDRVJUSUZJQ0FURS0tLS0tCg=="}'
    headers:
      Content-Length:
      - "1991"
      Content-Security-Policy:
      - default-src 'none'; frame-ancestors 'none'
      Content-Type:
      - application/json
      Date:
      - Tue, 08 Feb 2022 15:49:23 GMT
      Server:
      - Scaleway API-Gateway
      Strict-Transport-Security:
      - max-age=63072000
      X-Content-Type-Options:
      - nosniff
      X-Frame-Options:
      - DENY
      X-Request-Id:
      - e14f1934-1e86-440b-90e2-6b73852cdbab
    status: 200 OK
    code: 200
    duration: ""
- request:
    body: '{"name":"default","hub_id":"0b002b59-5d5e-4135-bbe2-aae018775cb9","topic":"#","db_config":{"host":"51.158.56.148","port":7469,"dbname":"rdb","username":"root","password":"T3stP4ssw0rdD0N0tUs3!","query":"SELECT
      NOW()","engine":"unknown"}}'
    form: {}
    headers:
      Content-Type:
      - application/json
      User-Agent:
      - scaleway-sdk-go/v1.0.0-beta.7+dev (go1.17.3; darwin; amd64) terraform-provider/develop
        terraform/terraform-tests
    url: https://api.scaleway.com/iot/v1/regions/fr-par/routes
    method: POST
  response:
    body: '{"id":"fe05caba-4122-4303-aaa0-bc3f1b109a0e","name":"default","hub_id":"0b002b59-5d5e-4135-bbe2-aae018775cb9","topic":"#","type":"database","created_at":"2022-02-08T15:49:23.685Z","updated_at":"2022-02-08T15:49:23.685Z","db_config":{"host":"51.158.56.148","port":7469,"dbname":"rdb","username":"root","password":"T3stP4ssw0rdD0N0tUs3!","query":"SELECT
      NOW()","engine":"postgresql"}}'
    headers:
      Content-Length:
      - "382"
      Content-Security-Policy:
      - default-src 'none'; frame-ancestors 'none'
      Content-Type:
      - application/json
      Date:
      - Tue, 08 Feb 2022 15:49:23 GMT
      Server:
      - Scaleway API-Gateway
      Strict-Transport-Security:
      - max-age=63072000
      X-Content-Type-Options:
      - nosniff
      X-Frame-Options:
      - DENY
      X-Request-Id:
      - e8a506b4-e6e9-43e1-a54a-926e9c33e74f
    status: 200 OK
    code: 200
    duration: ""
- request:
    body: ""
    form: {}
    headers:
      User-Agent:
      - scaleway-sdk-go/v1.0.0-beta.7+dev (go1.17.3; darwin; amd64) terraform-provider/develop
        terraform/terraform-tests
    url: https://api.scaleway.com/iot/v1/regions/fr-par/routes/fe05caba-4122-4303-aaa0-bc3f1b109a0e
    method: GET
  response:
    body: '{"id":"fe05caba-4122-4303-aaa0-bc3f1b109a0e","name":"default","hub_id":"0b002b59-5d5e-4135-bbe2-aae018775cb9","topic":"#","type":"database","created_at":"2022-02-08T15:49:23.685Z","updated_at":"2022-02-08T15:49:23.685Z","db_config":{"host":"51.158.56.148","port":7469,"dbname":"rdb","username":"root","password":"","query":"SELECT
      NOW()","engine":"postgresql"}}'
    headers:
      Content-Length:
      - "361"
      Content-Security-Policy:
      - default-src 'none'; frame-ancestors 'none'
      Content-Type:
      - application/json
      Date:
      - Tue, 08 Feb 2022 15:49:23 GMT
      Server:
      - Scaleway API-Gateway
      Strict-Transport-Security:
      - max-age=63072000
      X-Content-Type-Options:
      - nosniff
      X-Frame-Options:
      - DENY
      X-Request-Id:
      - 03d4029c-2405-444a-a984-351d85022275
    status: 200 OK
    code: 200
    duration: ""
- request:
    body: ""
    form: {}
    headers:
      User-Agent:
      - scaleway-sdk-go/v1.0.0-beta.7+dev (go1.17.3; darwin; amd64) terraform-provider/develop
        terraform/terraform-tests
    url: https://api.scaleway.com/iot/v1/regions/fr-par/hubs/0b002b59-5d5e-4135-bbe2-aae018775cb9
    method: GET
  response:
    body: '{"region":"fr-par","id":"0b002b59-5d5e-4135-bbe2-aae018775cb9","organization_id":"105bdce1-64c0-48ab-899d-868455867ecf","project_id":"105bdce1-64c0-48ab-899d-868455867ecf","name":"minimal","status":"ready","product_plan":"plan_shared","endpoint":"iot.fr-par.scw.cloud","created_at":"2022-02-08T15:45:51.359Z","updated_at":"2022-02-08T15:45:51.359Z","enabled":true,"device_count":0,"connected_device_count":0,"disable_events":false,"events_topic_prefix":"$SCW/events","enable_device_auto_provisioning":false,"has_custom_ca":false}'
    headers:
      Content-Length:
      - "529"
      Content-Security-Policy:
      - default-src 'none'; frame-ancestors 'none'
      Content-Type:
      - application/json
      Date:
      - Tue, 08 Feb 2022 15:49:24 GMT
      Server:
      - Scaleway API-Gateway
      Strict-Transport-Security:
      - max-age=63072000
      X-Content-Type-Options:
      - nosniff
      X-Frame-Options:
      - DENY
      X-Request-Id:
      - a2c16daf-2339-4687-bd1d-7f661c04d377
    status: 200 OK
    code: 200
    duration: ""
- request:
    body: ""
    form: {}
    headers:
      User-Agent:
      - scaleway-sdk-go/v1.0.0-beta.7+dev (go1.17.3; darwin; amd64) terraform-provider/develop
        terraform/terraform-tests
    url: https://api.scaleway.com/iot/v1/regions/fr-par/routes/fe05caba-4122-4303-aaa0-bc3f1b109a0e
    method: GET
  response:
    body: '{"id":"fe05caba-4122-4303-aaa0-bc3f1b109a0e","name":"default","hub_id":"0b002b59-5d5e-4135-bbe2-aae018775cb9","topic":"#","type":"database","created_at":"2022-02-08T15:49:23.685Z","updated_at":"2022-02-08T15:49:23.685Z","db_config":{"host":"51.158.56.148","port":7469,"dbname":"rdb","username":"root","password":"","query":"SELECT
      NOW()","engine":"postgresql"}}'
    headers:
      Content-Length:
      - "361"
      Content-Security-Policy:
      - default-src 'none'; frame-ancestors 'none'
      Content-Type:
      - application/json
      Date:
      - Tue, 08 Feb 2022 15:49:24 GMT
      Server:
      - Scaleway API-Gateway
      Strict-Transport-Security:
      - max-age=63072000
      X-Content-Type-Options:
      - nosniff
      X-Frame-Options:
      - DENY
      X-Request-Id:
      - 83cecd9f-9cfc-4043-b9f9-4d2c67e0c3f9
    status: 200 OK
    code: 200
    duration: ""
- request:
    body: ""
    form: {}
    headers:
      User-Agent:
      - scaleway-sdk-go/v1.0.0-beta.7+dev (go1.17.3; darwin; amd64) terraform-provider/develop
        terraform/terraform-tests
    url: https://api.scaleway.com/iot/v1/regions/fr-par/hubs/0b002b59-5d5e-4135-bbe2-aae018775cb9
    method: GET
  response:
    body: '{"region":"fr-par","id":"0b002b59-5d5e-4135-bbe2-aae018775cb9","organization_id":"105bdce1-64c0-48ab-899d-868455867ecf","project_id":"105bdce1-64c0-48ab-899d-868455867ecf","name":"minimal","status":"ready","product_plan":"plan_shared","endpoint":"iot.fr-par.scw.cloud","created_at":"2022-02-08T15:45:51.359Z","updated_at":"2022-02-08T15:45:51.359Z","enabled":true,"device_count":0,"connected_device_count":0,"disable_events":false,"events_topic_prefix":"$SCW/events","enable_device_auto_provisioning":false,"has_custom_ca":false}'
    headers:
      Content-Length:
      - "529"
      Content-Security-Policy:
      - default-src 'none'; frame-ancestors 'none'
      Content-Type:
      - application/json
      Date:
      - Tue, 08 Feb 2022 15:49:24 GMT
      Server:
      - Scaleway API-Gateway
      Strict-Transport-Security:
      - max-age=63072000
      X-Content-Type-Options:
      - nosniff
      X-Frame-Options:
      - DENY
      X-Request-Id:
      - 968cb5c9-e20a-49b0-8572-f59325cb4d28
    status: 200 OK
    code: 200
    duration: ""
- request:
    body: ""
    form: {}
    headers:
      User-Agent:
      - scaleway-sdk-go/v1.0.0-beta.7+dev (go1.17.3; darwin; amd64) terraform-provider/develop
        terraform/terraform-tests
    url: https://api.scaleway.com/rdb/v1/regions/fr-par/instances/30d5a035-ae95-4c24-a131-ed3d2380eb04
    method: GET
  response:
    body: '{"id":"30d5a035-ae95-4c24-a131-ed3d2380eb04","name":"minimal","organization_id":"105bdce1-64c0-48ab-899d-868455867ecf","project_id":"105bdce1-64c0-48ab-899d-868455867ecf","status":"ready","engine":"PostgreSQL-12","endpoint":{"ip":"51.158.56.148","port":7469,"name":null,"id":"1c74dd95-8481-4c7b-9046-24947deae334","load_balancer":{}},"tags":[],"settings":[{"name":"work_mem","value":"4"},{"name":"max_connections","value":"100"},{"name":"effective_cache_size","value":"1300"},{"name":"maintenance_work_mem","value":"150"},{"name":"max_parallel_workers","value":"0"},{"name":"max_parallel_workers_per_gather","value":"0"}],"backup_schedule":{"frequency":24,"retention":7,"disabled":true},"is_ha_cluster":false,"read_replicas":[],"node_type":"db-dev-s","volume":{"type":"lssd","size":5000000000},"init_settings":[],"endpoints":[{"ip":"51.158.56.148","port":7469,"name":null,"id":"1c74dd95-8481-4c7b-9046-24947deae334","load_balancer":{}}],"logs_policy":{"max_age_retention":30,"total_disk_retention":null},"backup_same_region":false,"maintenances":[],"created_at":"2022-02-08T15:45:51.525822Z","region":"fr-par"}'
    headers:
      Content-Length:
      - "1110"
      Content-Security-Policy:
      - default-src 'none'; frame-ancestors 'none'
      Content-Type:
      - application/json
      Date:
      - Tue, 08 Feb 2022 15:49:24 GMT
      Server:
      - Scaleway API-Gateway
      Strict-Transport-Security:
      - max-age=63072000
      X-Content-Type-Options:
      - nosniff
      X-Frame-Options:
      - DENY
      X-Request-Id:
      - 8f81c0ae-b746-4c3a-bb13-d40707f52074
    status: 200 OK
    code: 200
    duration: ""
- request:
    body: ""
    form: {}
    headers:
      User-Agent:
      - scaleway-sdk-go/v1.0.0-beta.7+dev (go1.17.3; darwin; amd64) terraform-provider/develop
        terraform/terraform-tests
    url: https://api.scaleway.com/rdb/v1/regions/fr-par/instances/30d5a035-ae95-4c24-a131-ed3d2380eb04/certificate
    method: GET
  response:
    body: '{"name":"ssl_certificate","content_type":"application/x-pem-file","content":"LS0tLS1CRUdJTiBDRVJUSUZJQ0FURS0tLS0tCk1JSUQ5VENDQXQyZ0F3SUJBZ0lVZDdoYVBwY09WRW0xNm5uaDJaWVdJRDRJNnQ0d0RRWUpLb1pJaHZjTkFRRUwKQlFBd2dZY3hDekFKQmdOVkJBWVRBa1pTTVE0d0RBWURWUVFJREFWUVlYSnBjekVPTUF3R0ExVUVCd3dGVUdGeQphWE14RVRBUEJnTlZCQW9NQ0ZOallXeGxkMkY1TVVVd1F3WURWUVFERER4eWR5MHpNR1ExWVRBek5TMWhaVGsxCkxUUmpNalF0WVRFek1TMWxaRE5rTWpNNE1HVmlNRFF1Y21SaUxtWnlMWEJoY2k1elkzY3VZMnh2ZFdRd0hoY04KTWpJd01qQTRNVFUwTnpJeFdoY05Nekl3TWpBMk1UVTBOekl4V2pDQmh6RUxNQWtHQTFVRUJoTUNSbEl4RGpBTQpCZ05WQkFnTUJWQmhjbWx6TVE0d0RBWURWUVFIREFWUVlYSnBjekVSTUE4R0ExVUVDZ3dJVTJOaGJHVjNZWGt4ClJUQkRCZ05WQkFNTVBISjNMVE13WkRWaE1ETTFMV0ZsT1RVdE5HTXlOQzFoTVRNeExXVmtNMlF5TXpnd1pXSXcKTkM1eVpHSXVabkl0Y0dGeUxuTmpkeTVqYkc5MVpEQ0NBU0l3RFFZSktvWklodmNOQVFFQkJRQURnZ0VQQURDQwpBUW9DZ2dFQkFQQllWeEZEL0s2cSs1VHNLQzBwNWJCZGREczJPV0tMcHpUNmoyWFVPZk9ycHU4LzA0QXN5T3FsCnVOVW40V3ZOV05BbzBWSmJrSzJocE81ZTJvd3I2dDQxNjF1a21TQ2FYNitwS3JlSkpuMzR0M0l1dFVTN04zdFcKOTIzcmlOdUk3bEJoanFkZjd5L1Zyby9zWGdMalBObGM1c0s2MlZmK2xXVU9rM2ZCMU50NWYxQ2JaRm1Ob2dLRQpMZEJqYzZKU2lxQ3ZzcXdKUmM0WXcyQ0pnWXFRK29KN0p4M0h3ZmVGazlUSkhyUzdEanpUZG5senFta1hER0hqCml0VlV6Qm1NVUpTMkZGMnBMZE9zNUxabDZMZERFb3JtYmpzSmJEWGtMbmRtc1cvUFFnajZxVi9vT2p5eTNzc3UKVS9wSVdST2xuaWdqRDlla0NzbkhjYzNvVnB0dFk0RUNBd0VBQWFOWE1GVXdVd1lEVlIwUkJFd3dTb0k4Y25jdApNekJrTldFd016VXRZV1U1TlMwMFl6STBMV0V4TXpFdFpXUXpaREl6T0RCbFlqQTBMbkprWWk1bWNpMXdZWEl1CmMyTjNMbU5zYjNWa2h3UXpEL0tzaHdRem5qaVVNQTBHQ1NxR1NJYjNEUUVCQ3dVQUE0SUJBUURhd2l2MUJWRE8KUHN1cTVraTRIM2tVK200dlhnSGZrQW95Sk9DQU80aHRjQzlESW5BVDRFa1VXR3IrNEQyUjhqVWYyTUNUdi9oWQpnR2lhcjhiUW5lbVBONkxyMVdTL3M1Ny9SampQdmpwSWpoR1J4anNXdEdkZTlXenFuMHpyelV2KysxaTYzeTJuCjZRZ3BxK2NiMXhZa3UrMzFSWGxQbG1mN2hCT0FGcDhvRTNyMDhKRFpCQUxzVk5lS0VnT3Q0cDlUNnJTdWhmcDUKbkxpNFZVY3JEbHh1ektwck1GN0tTbTc4VmJsMVEzU21TTFIrckFUbjVFQ3NmOFJpTlBBZjlwL2lSdjhXN3lENAovajB5YTBMV1BrN2tTbHppWXVzQmZWNFZld01sVDJ6VFZERW1yKzE4b1MvZS93RUR1MEIzSHNMMlBTZktiZ3NtCitscmRwSHVQTkIwNgotLS0tLUVORCBDRVJUSUZJQ0FURS0tLS0tCg=="}'
    headers:
      Content-Length:
      - "1991"
      Content-Security-Policy:
      - default-src 'none'; frame-ancestors 'none'
      Content-Type:
      - application/json
      Date:
      - Tue, 08 Feb 2022 15:49:24 GMT
      Server:
      - Scaleway API-Gateway
      Strict-Transport-Security:
      - max-age=63072000
      X-Content-Type-Options:
      - nosniff
      X-Frame-Options:
      - DENY
      X-Request-Id:
      - bf93644a-60db-44f1-9795-4b33a5c2a343
    status: 200 OK
    code: 200
    duration: ""
- request:
    body: ""
    form: {}
    headers:
      User-Agent:
      - scaleway-sdk-go/v1.0.0-beta.7+dev (go1.17.3; darwin; amd64) terraform-provider/develop
        terraform/terraform-tests
    url: https://api.scaleway.com/iot/v1/regions/fr-par/routes/fe05caba-4122-4303-aaa0-bc3f1b109a0e
    method: GET
  response:
    body: '{"id":"fe05caba-4122-4303-aaa0-bc3f1b109a0e","name":"default","hub_id":"0b002b59-5d5e-4135-bbe2-aae018775cb9","topic":"#","type":"database","created_at":"2022-02-08T15:49:23.685Z","updated_at":"2022-02-08T15:49:23.685Z","db_config":{"host":"51.158.56.148","port":7469,"dbname":"rdb","username":"root","password":"","query":"SELECT
      NOW()","engine":"postgresql"}}'
    headers:
      Content-Length:
      - "361"
      Content-Security-Policy:
      - default-src 'none'; frame-ancestors 'none'
      Content-Type:
      - application/json
      Date:
      - Tue, 08 Feb 2022 15:49:24 GMT
      Server:
      - Scaleway API-Gateway
      Strict-Transport-Security:
      - max-age=63072000
      X-Content-Type-Options:
      - nosniff
      X-Frame-Options:
      - DENY
      X-Request-Id:
      - 35075d91-1b0c-4943-b9a7-48f03942845e
    status: 200 OK
    code: 200
    duration: ""
- request:
    body: ""
    form: {}
    headers:
      User-Agent:
      - scaleway-sdk-go/v1.0.0-beta.7+dev (go1.17.3; darwin; amd64) terraform-provider/develop
        terraform/terraform-tests
    url: https://api.scaleway.com/iot/v1/regions/fr-par/hubs/0b002b59-5d5e-4135-bbe2-aae018775cb9
    method: GET
  response:
    body: '{"region":"fr-par","id":"0b002b59-5d5e-4135-bbe2-aae018775cb9","organization_id":"105bdce1-64c0-48ab-899d-868455867ecf","project_id":"105bdce1-64c0-48ab-899d-868455867ecf","name":"minimal","status":"ready","product_plan":"plan_shared","endpoint":"iot.fr-par.scw.cloud","created_at":"2022-02-08T15:45:51.359Z","updated_at":"2022-02-08T15:45:51.359Z","enabled":true,"device_count":0,"connected_device_count":0,"disable_events":false,"events_topic_prefix":"$SCW/events","enable_device_auto_provisioning":false,"has_custom_ca":false}'
    headers:
      Content-Length:
      - "529"
      Content-Security-Policy:
      - default-src 'none'; frame-ancestors 'none'
      Content-Type:
      - application/json
      Date:
      - Tue, 08 Feb 2022 15:49:25 GMT
      Server:
      - Scaleway API-Gateway
      Strict-Transport-Security:
      - max-age=63072000
      X-Content-Type-Options:
      - nosniff
      X-Frame-Options:
      - DENY
      X-Request-Id:
      - 5dab1dd5-6d6b-428c-9243-bf7371605621
    status: 200 OK
    code: 200
    duration: ""
- request:
    body: ""
    form: {}
    headers:
      User-Agent:
      - scaleway-sdk-go/v1.0.0-beta.7+dev (go1.17.3; darwin; amd64) terraform-provider/develop
        terraform/terraform-tests
    url: https://api.scaleway.com/rdb/v1/regions/fr-par/instances/30d5a035-ae95-4c24-a131-ed3d2380eb04
    method: GET
  response:
    body: '{"id":"30d5a035-ae95-4c24-a131-ed3d2380eb04","name":"minimal","organization_id":"105bdce1-64c0-48ab-899d-868455867ecf","project_id":"105bdce1-64c0-48ab-899d-868455867ecf","status":"ready","engine":"PostgreSQL-12","endpoint":{"ip":"51.158.56.148","port":7469,"name":null,"id":"1c74dd95-8481-4c7b-9046-24947deae334","load_balancer":{}},"tags":[],"settings":[{"name":"work_mem","value":"4"},{"name":"max_connections","value":"100"},{"name":"effective_cache_size","value":"1300"},{"name":"maintenance_work_mem","value":"150"},{"name":"max_parallel_workers","value":"0"},{"name":"max_parallel_workers_per_gather","value":"0"}],"backup_schedule":{"frequency":24,"retention":7,"disabled":true},"is_ha_cluster":false,"read_replicas":[],"node_type":"db-dev-s","volume":{"type":"lssd","size":5000000000},"init_settings":[],"endpoints":[{"ip":"51.158.56.148","port":7469,"name":null,"id":"1c74dd95-8481-4c7b-9046-24947deae334","load_balancer":{}}],"logs_policy":{"max_age_retention":30,"total_disk_retention":null},"backup_same_region":false,"maintenances":[],"created_at":"2022-02-08T15:45:51.525822Z","region":"fr-par"}'
    headers:
      Content-Length:
      - "1110"
      Content-Security-Policy:
      - default-src 'none'; frame-ancestors 'none'
      Content-Type:
      - application/json
      Date:
      - Tue, 08 Feb 2022 15:49:25 GMT
      Server:
      - Scaleway API-Gateway
      Strict-Transport-Security:
      - max-age=63072000
      X-Content-Type-Options:
      - nosniff
      X-Frame-Options:
      - DENY
      X-Request-Id:
      - cf1568f7-0853-4ae5-aa26-9fbc9d1e8aec
    status: 200 OK
    code: 200
    duration: ""
- request:
    body: ""
    form: {}
    headers:
      User-Agent:
      - scaleway-sdk-go/v1.0.0-beta.7+dev (go1.17.3; darwin; amd64) terraform-provider/develop
        terraform/terraform-tests
    url: https://api.scaleway.com/iot/v1/regions/fr-par/routes/fe05caba-4122-4303-aaa0-bc3f1b109a0e
    method: GET
  response:
    body: '{"id":"fe05caba-4122-4303-aaa0-bc3f1b109a0e","name":"default","hub_id":"0b002b59-5d5e-4135-bbe2-aae018775cb9","topic":"#","type":"database","created_at":"2022-02-08T15:49:23.685Z","updated_at":"2022-02-08T15:49:23.685Z","db_config":{"host":"51.158.56.148","port":7469,"dbname":"rdb","username":"root","password":"","query":"SELECT
      NOW()","engine":"postgresql"}}'
    headers:
      Content-Length:
      - "361"
      Content-Security-Policy:
      - default-src 'none'; frame-ancestors 'none'
      Content-Type:
      - application/json
      Date:
      - Tue, 08 Feb 2022 15:49:25 GMT
      Server:
      - Scaleway API-Gateway
      Strict-Transport-Security:
      - max-age=63072000
      X-Content-Type-Options:
      - nosniff
      X-Frame-Options:
      - DENY
      X-Request-Id:
      - feab4beb-bca3-462b-a204-36d4fecc0770
    status: 200 OK
    code: 200
    duration: ""
- request:
    body: ""
    form: {}
    headers:
      User-Agent:
      - scaleway-sdk-go/v1.0.0-beta.7+dev (go1.17.3; darwin; amd64) terraform-provider/develop
        terraform/terraform-tests
    url: https://api.scaleway.com/rdb/v1/regions/fr-par/instances/30d5a035-ae95-4c24-a131-ed3d2380eb04/certificate
    method: GET
  response:
    body: '{"name":"ssl_certificate","content_type":"application/x-pem-file","content":"LS0tLS1CRUdJTiBDRVJUSUZJQ0FURS0tLS0tCk1JSUQ5VENDQXQyZ0F3SUJBZ0lVZDdoYVBwY09WRW0xNm5uaDJaWVdJRDRJNnQ0d0RRWUpLb1pJaHZjTkFRRUwKQlFBd2dZY3hDekFKQmdOVkJBWVRBa1pTTVE0d0RBWURWUVFJREFWUVlYSnBjekVPTUF3R0ExVUVCd3dGVUdGeQphWE14RVRBUEJnTlZCQW9NQ0ZOallXeGxkMkY1TVVVd1F3WURWUVFERER4eWR5MHpNR1ExWVRBek5TMWhaVGsxCkxUUmpNalF0WVRFek1TMWxaRE5rTWpNNE1HVmlNRFF1Y21SaUxtWnlMWEJoY2k1elkzY3VZMnh2ZFdRd0hoY04KTWpJd01qQTRNVFUwTnpJeFdoY05Nekl3TWpBMk1UVTBOekl4V2pDQmh6RUxNQWtHQTFVRUJoTUNSbEl4RGpBTQpCZ05WQkFnTUJWQmhjbWx6TVE0d0RBWURWUVFIREFWUVlYSnBjekVSTUE4R0ExVUVDZ3dJVTJOaGJHVjNZWGt4ClJUQkRCZ05WQkFNTVBISjNMVE13WkRWaE1ETTFMV0ZsT1RVdE5HTXlOQzFoTVRNeExXVmtNMlF5TXpnd1pXSXcKTkM1eVpHSXVabkl0Y0dGeUxuTmpkeTVqYkc5MVpEQ0NBU0l3RFFZSktvWklodmNOQVFFQkJRQURnZ0VQQURDQwpBUW9DZ2dFQkFQQllWeEZEL0s2cSs1VHNLQzBwNWJCZGREczJPV0tMcHpUNmoyWFVPZk9ycHU4LzA0QXN5T3FsCnVOVW40V3ZOV05BbzBWSmJrSzJocE81ZTJvd3I2dDQxNjF1a21TQ2FYNitwS3JlSkpuMzR0M0l1dFVTN04zdFcKOTIzcmlOdUk3bEJoanFkZjd5L1Zyby9zWGdMalBObGM1c0s2MlZmK2xXVU9rM2ZCMU50NWYxQ2JaRm1Ob2dLRQpMZEJqYzZKU2lxQ3ZzcXdKUmM0WXcyQ0pnWXFRK29KN0p4M0h3ZmVGazlUSkhyUzdEanpUZG5senFta1hER0hqCml0VlV6Qm1NVUpTMkZGMnBMZE9zNUxabDZMZERFb3JtYmpzSmJEWGtMbmRtc1cvUFFnajZxVi9vT2p5eTNzc3UKVS9wSVdST2xuaWdqRDlla0NzbkhjYzNvVnB0dFk0RUNBd0VBQWFOWE1GVXdVd1lEVlIwUkJFd3dTb0k4Y25jdApNekJrTldFd016VXRZV1U1TlMwMFl6STBMV0V4TXpFdFpXUXpaREl6T0RCbFlqQTBMbkprWWk1bWNpMXdZWEl1CmMyTjNMbU5zYjNWa2h3UXpEL0tzaHdRem5qaVVNQTBHQ1NxR1NJYjNEUUVCQ3dVQUE0SUJBUURhd2l2MUJWRE8KUHN1cTVraTRIM2tVK200dlhnSGZrQW95Sk9DQU80aHRjQzlESW5BVDRFa1VXR3IrNEQyUjhqVWYyTUNUdi9oWQpnR2lhcjhiUW5lbVBONkxyMVdTL3M1Ny9SampQdmpwSWpoR1J4anNXdEdkZTlXenFuMHpyelV2KysxaTYzeTJuCjZRZ3BxK2NiMXhZa3UrMzFSWGxQbG1mN2hCT0FGcDhvRTNyMDhKRFpCQUxzVk5lS0VnT3Q0cDlUNnJTdWhmcDUKbkxpNFZVY3JEbHh1ektwck1GN0tTbTc4VmJsMVEzU21TTFIrckFUbjVFQ3NmOFJpTlBBZjlwL2lSdjhXN3lENAovajB5YTBMV1BrN2tTbHppWXVzQmZWNFZld01sVDJ6VFZERW1yKzE4b1MvZS93RUR1MEIzSHNMMlBTZktiZ3NtCitscmRwSHVQTkIwNgotLS0tLUVORCBDRVJUSUZJQ0FURS0tLS0tCg=="}'
    headers:
      Content-Length:
      - "1991"
      Content-Security-Policy:
      - default-src 'none'; frame-ancestors 'none'
      Content-Type:
      - application/json
      Date:
      - Tue, 08 Feb 2022 15:49:25 GMT
      Server:
      - Scaleway API-Gateway
      Strict-Transport-Security:
      - max-age=63072000
      X-Content-Type-Options:
      - nosniff
      X-Frame-Options:
      - DENY
      X-Request-Id:
      - 044fe15e-5ce3-4694-9ebc-ed5242bb23e0
    status: 200 OK
    code: 200
    duration: ""
- request:
    body: ""
    form: {}
    headers:
      User-Agent:
      - scaleway-sdk-go/v1.0.0-beta.7+dev (go1.17.3; darwin; amd64) terraform-provider/develop
        terraform/terraform-tests
    url: https://api.scaleway.com/iot/v1/regions/fr-par/routes/fe05caba-4122-4303-aaa0-bc3f1b109a0e
    method: DELETE
  response:
    body: ""
    headers:
      Content-Security-Policy:
      - default-src 'none'; frame-ancestors 'none'
      Content-Type:
      - application/json
      Date:
      - Tue, 08 Feb 2022 15:49:25 GMT
      Server:
      - Scaleway API-Gateway
      Strict-Transport-Security:
      - max-age=63072000
      X-Content-Type-Options:
      - nosniff
      X-Frame-Options:
      - DENY
      X-Request-Id:
      - d3032dcb-8417-42bd-97ed-676511c078ee
    status: 204 No Content
    code: 204
    duration: ""
- request:
    body: ""
    form: {}
    headers:
      User-Agent:
      - scaleway-sdk-go/v1.0.0-beta.7+dev (go1.17.3; darwin; amd64) terraform-provider/develop
        terraform/terraform-tests
    url: https://api.scaleway.com/rdb/v1/regions/fr-par/instances/30d5a035-ae95-4c24-a131-ed3d2380eb04
    method: GET
  response:
    body: '{"id":"30d5a035-ae95-4c24-a131-ed3d2380eb04","name":"minimal","organization_id":"105bdce1-64c0-48ab-899d-868455867ecf","project_id":"105bdce1-64c0-48ab-899d-868455867ecf","status":"ready","engine":"PostgreSQL-12","endpoint":{"ip":"51.158.56.148","port":7469,"name":null,"id":"1c74dd95-8481-4c7b-9046-24947deae334","load_balancer":{}},"tags":[],"settings":[{"name":"work_mem","value":"4"},{"name":"max_connections","value":"100"},{"name":"effective_cache_size","value":"1300"},{"name":"maintenance_work_mem","value":"150"},{"name":"max_parallel_workers","value":"0"},{"name":"max_parallel_workers_per_gather","value":"0"}],"backup_schedule":{"frequency":24,"retention":7,"disabled":true},"is_ha_cluster":false,"read_replicas":[],"node_type":"db-dev-s","volume":{"type":"lssd","size":5000000000},"init_settings":[],"endpoints":[{"ip":"51.158.56.148","port":7469,"name":null,"id":"1c74dd95-8481-4c7b-9046-24947deae334","load_balancer":{}}],"logs_policy":{"max_age_retention":30,"total_disk_retention":null},"backup_same_region":false,"maintenances":[],"created_at":"2022-02-08T15:45:51.525822Z","region":"fr-par"}'
    headers:
      Content-Length:
      - "1110"
      Content-Security-Policy:
      - default-src 'none'; frame-ancestors 'none'
      Content-Type:
      - application/json
      Date:
      - Tue, 08 Feb 2022 15:49:25 GMT
      Server:
      - Scaleway API-Gateway
      Strict-Transport-Security:
      - max-age=63072000
      X-Content-Type-Options:
      - nosniff
      X-Frame-Options:
      - DENY
      X-Request-Id:
      - e7d99935-9f78-422b-91a1-b7ec78e55371
    status: 200 OK
    code: 200
    duration: ""
- request:
    body: ""
    form: {}
    headers:
      User-Agent:
      - scaleway-sdk-go/v1.0.0-beta.7+dev (go1.17.3; darwin; amd64) terraform-provider/develop
        terraform/terraform-tests
    url: https://api.scaleway.com/rdb/v1/regions/fr-par/instances/30d5a035-ae95-4c24-a131-ed3d2380eb04
    method: DELETE
  response:
    body: '{"id":"30d5a035-ae95-4c24-a131-ed3d2380eb04","name":"minimal","organization_id":"105bdce1-64c0-48ab-899d-868455867ecf","project_id":"105bdce1-64c0-48ab-899d-868455867ecf","status":"deleting","engine":"PostgreSQL-12","endpoint":{"ip":"51.158.56.148","port":7469,"name":null,"id":"1c74dd95-8481-4c7b-9046-24947deae334","load_balancer":{}},"tags":[],"settings":[{"name":"work_mem","value":"4"},{"name":"max_connections","value":"100"},{"name":"effective_cache_size","value":"1300"},{"name":"maintenance_work_mem","value":"150"},{"name":"max_parallel_workers","value":"0"},{"name":"max_parallel_workers_per_gather","value":"0"}],"backup_schedule":{"frequency":24,"retention":7,"disabled":true},"is_ha_cluster":false,"read_replicas":[],"node_type":"db-dev-s","volume":{"type":"lssd","size":5000000000},"init_settings":[],"endpoints":[{"ip":"51.158.56.148","port":7469,"name":null,"id":"1c74dd95-8481-4c7b-9046-24947deae334","load_balancer":{}}],"logs_policy":{"max_age_retention":30,"total_disk_retention":null},"backup_same_region":false,"maintenances":[],"created_at":"2022-02-08T15:45:51.525822Z","region":"fr-par"}'
    headers:
      Content-Length:
      - "1113"
      Content-Security-Policy:
      - default-src 'none'; frame-ancestors 'none'
      Content-Type:
      - application/json
      Date:
      - Tue, 08 Feb 2022 15:49:26 GMT
      Server:
      - Scaleway API-Gateway
      Strict-Transport-Security:
      - max-age=63072000
      X-Content-Type-Options:
      - nosniff
      X-Frame-Options:
      - DENY
      X-Request-Id:
      - 9580aca5-63f3-409b-86d1-bacdec0e3d9e
    status: 200 OK
    code: 200
    duration: ""
- request:
    body: ""
    form: {}
    headers:
      User-Agent:
      - scaleway-sdk-go/v1.0.0-beta.7+dev (go1.17.3; darwin; amd64) terraform-provider/develop
        terraform/terraform-tests
    url: https://api.scaleway.com/rdb/v1/regions/fr-par/instances/30d5a035-ae95-4c24-a131-ed3d2380eb04
    method: GET
  response:
    body: '{"id":"30d5a035-ae95-4c24-a131-ed3d2380eb04","name":"minimal","organization_id":"105bdce1-64c0-48ab-899d-868455867ecf","project_id":"105bdce1-64c0-48ab-899d-868455867ecf","status":"deleting","engine":"PostgreSQL-12","endpoint":{"ip":"51.158.56.148","port":7469,"name":null,"id":"1c74dd95-8481-4c7b-9046-24947deae334","load_balancer":{}},"tags":[],"settings":[{"name":"work_mem","value":"4"},{"name":"max_connections","value":"100"},{"name":"effective_cache_size","value":"1300"},{"name":"maintenance_work_mem","value":"150"},{"name":"max_parallel_workers","value":"0"},{"name":"max_parallel_workers_per_gather","value":"0"}],"backup_schedule":{"frequency":24,"retention":7,"disabled":true},"is_ha_cluster":false,"read_replicas":[],"node_type":"db-dev-s","volume":{"type":"lssd","size":5000000000},"init_settings":[],"endpoints":[{"ip":"51.158.56.148","port":7469,"name":null,"id":"1c74dd95-8481-4c7b-9046-24947deae334","load_balancer":{}}],"logs_policy":{"max_age_retention":30,"total_disk_retention":null},"backup_same_region":false,"maintenances":[],"created_at":"2022-02-08T15:45:51.525822Z","region":"fr-par"}'
    headers:
      Content-Length:
      - "1113"
      Content-Security-Policy:
      - default-src 'none'; frame-ancestors 'none'
      Content-Type:
      - application/json
      Date:
      - Tue, 08 Feb 2022 15:49:26 GMT
      Server:
      - Scaleway API-Gateway
      Strict-Transport-Security:
      - max-age=63072000
      X-Content-Type-Options:
      - nosniff
      X-Frame-Options:
      - DENY
      X-Request-Id:
      - 7f94e38f-c718-42f5-bb97-6fe5e2ef440d
    status: 200 OK
    code: 200
    duration: ""
- request:
    body: <CreateBucketConfiguration xmlns="http://s3.amazonaws.com/doc/2006-03-01/"><LocationConstraint>fr-par</LocationConstraint></CreateBucketConfiguration>
    form: {}
    headers:
      Content-Length:
      - "150"
      User-Agent:
      - aws-sdk-go/1.42.48 (go1.17.3; darwin; amd64)
      X-Amz-Acl:
      - private
      X-Amz-Content-Sha256:
      - 2cb57fad7b7168921a4c94426cfcb9ee2953f126430595df844e22d50f029060
      X-Amz-Date:
      - 20220208T154925Z
    url: https://test-acc-scaleway-iot-route-minimal.s3.fr-par.scw.cloud/
    method: PUT
  response:
    body: ""
    headers:
      Content-Length:
      - "0"
      Content-Type:
      - text/html; charset=UTF-8
      Date:
      - Tue, 08 Feb 2022 15:49:26 GMT
      Location:
      - /test-acc-scaleway-iot-route-minimal
      X-Amz-Id-2:
      - txa138aaa0bc7b49b2a5cb5-0062029105
      X-Amz-Request-Id:
      - txa138aaa0bc7b49b2a5cb5-0062029105
    status: 200 OK
    code: 200
    duration: ""
- request:
    body: ""
    form: {}
    headers:
      Content-Md5:
      - 1B2M2Y8AsgTpgAmY7PhCfg==
      User-Agent:
      - aws-sdk-go/1.42.48 (go1.17.3; darwin; amd64)
      X-Amz-Acl:
      - private
      X-Amz-Content-Sha256:
      - e3b0c44298fc1c149afbf4c8996fb92427ae41e4649b934ca495991b7852b855
      X-Amz-Date:
      - 20220208T154926Z
    url: https://test-acc-scaleway-iot-route-minimal.s3.fr-par.scw.cloud/?acl=
    method: PUT
  response:
    body: ""
    headers:
      Content-Length:
      - "0"
      Content-Type:
      - text/html; charset=UTF-8
      Date:
      - Tue, 08 Feb 2022 15:49:26 GMT
      X-Amz-Id-2:
      - txeb31fe0fc5084bf4b5f5e-0062029106
      X-Amz-Request-Id:
      - txeb31fe0fc5084bf4b5f5e-0062029106
    status: 200 OK
    code: 200
    duration: ""
- request:
    body: ""
    form: {}
    headers:
      User-Agent:
      - aws-sdk-go/1.42.48 (go1.17.3; darwin; amd64)
      X-Amz-Content-Sha256:
      - e3b0c44298fc1c149afbf4c8996fb92427ae41e4649b934ca495991b7852b855
      X-Amz-Date:
      - 20220208T154926Z
    url: https://test-acc-scaleway-iot-route-minimal.s3.fr-par.scw.cloud/
    method: GET
  response:
    body: |-
      <?xml version='1.0' encoding='UTF-8'?>
      <ListBucketResult xmlns="http://s3.amazonaws.com/doc/2006-03-01/"><Name>test-acc-scaleway-iot-route-minimal</Name><Prefix/><Delimiter/><MaxKeys>1000</MaxKeys><IsTruncated>false</IsTruncated><Marker/></ListBucketResult>
    headers:
      Content-Length:
      - "257"
      Content-Type:
      - application/xml
      Date:
      - Tue, 08 Feb 2022 15:49:27 GMT
      X-Amz-Id-2:
      - tx52b09213d499403da1b8c-0062029106
      X-Amz-Request-Id:
      - tx52b09213d499403da1b8c-0062029106
    status: 200 OK
    code: 200
    duration: ""
- request:
    body: ""
    form: {}
    headers:
      User-Agent:
      - aws-sdk-go/1.42.48 (go1.17.3; darwin; amd64)
      X-Amz-Content-Sha256:
      - e3b0c44298fc1c149afbf4c8996fb92427ae41e4649b934ca495991b7852b855
      X-Amz-Date:
      - 20220208T154927Z
    url: https://test-acc-scaleway-iot-route-minimal.s3.fr-par.scw.cloud/?tagging=
    method: GET
  response:
    body: |-
      <?xml version='1.0' encoding='UTF-8'?>
      <Error><Code>NoSuchTagSet</Code><Message>There is no tag set associated with the bucket or object.</Message><RequestId>tx3be396d9b95a4936bd009-0062029107</RequestId><Headers/></Error>
    headers:
      Content-Type:
      - application/xml
      Date:
      - Tue, 08 Feb 2022 15:49:27 GMT
      X-Amz-Id-2:
      - tx3be396d9b95a4936bd009-0062029107
      X-Amz-Request-Id:
      - tx3be396d9b95a4936bd009-0062029107
    status: 404 Not Found
    code: 404
    duration: ""
- request:
    body: ""
    form: {}
    headers:
      User-Agent:
      - aws-sdk-go/1.42.48 (go1.17.3; darwin; amd64)
      X-Amz-Content-Sha256:
      - e3b0c44298fc1c149afbf4c8996fb92427ae41e4649b934ca495991b7852b855
      X-Amz-Date:
      - 20220208T154927Z
    url: https://test-acc-scaleway-iot-route-minimal.s3.fr-par.scw.cloud/?cors=
    method: GET
  response:
    body: |-
      <?xml version='1.0' encoding='UTF-8'?>
      <Error><Code>NoSuchCORSConfiguration</Code><Message>The CORS configuration does not exist</Message><RequestId>tx53153fb0cfbe4f8c85db6-0062029107</RequestId></Error>
    headers:
      Content-Type:
      - application/xml
      Date:
      - Tue, 08 Feb 2022 15:49:27 GMT
      X-Amz-Id-2:
      - tx53153fb0cfbe4f8c85db6-0062029107
      X-Amz-Request-Id:
      - tx53153fb0cfbe4f8c85db6-0062029107
    status: 404 Not Found
    code: 404
    duration: ""
- request:
    body: ""
    form: {}
    headers:
      User-Agent:
      - aws-sdk-go/1.42.48 (go1.17.3; darwin; amd64)
      X-Amz-Content-Sha256:
      - e3b0c44298fc1c149afbf4c8996fb92427ae41e4649b934ca495991b7852b855
      X-Amz-Date:
      - 20220208T154927Z
    url: https://test-acc-scaleway-iot-route-minimal.s3.fr-par.scw.cloud/?versioning=
    method: GET
  response:
    body: |-
      <?xml version='1.0' encoding='UTF-8'?>
      <VersioningConfiguration xmlns="http://s3.amazonaws.com/doc/2006-03-01/"/>
    headers:
      Content-Length:
      - "113"
      Content-Type:
      - text/plain
      Date:
      - Tue, 08 Feb 2022 15:49:27 GMT
      X-Amz-Id-2:
      - tx87fa7e1f557444b2b97a2-0062029107
      X-Amz-Request-Id:
      - tx87fa7e1f557444b2b97a2-0062029107
    status: 200 OK
    code: 200
    duration: ""
- request:
    body: ""
    form: {}
    headers:
      User-Agent:
      - aws-sdk-go/1.42.48 (go1.17.3; darwin; amd64)
      X-Amz-Content-Sha256:
      - e3b0c44298fc1c149afbf4c8996fb92427ae41e4649b934ca495991b7852b855
      X-Amz-Date:
      - 20220208T154927Z
    url: https://test-acc-scaleway-iot-route-minimal.s3.fr-par.scw.cloud/?lifecycle=
    method: GET
  response:
    body: |-
      <?xml version='1.0' encoding='UTF-8'?>
      <Error><Code>NoSuchLifecycleConfiguration</Code><Message>The lifecycle configuration does not exist.</Message><RequestId>txf08e65508598416886f85-0062029107</RequestId></Error>
    headers:
      Content-Type:
      - application/xml
      Date:
      - Tue, 08 Feb 2022 15:49:27 GMT
      X-Amz-Id-2:
      - txf08e65508598416886f85-0062029107
      X-Amz-Request-Id:
      - txf08e65508598416886f85-0062029107
    status: 404 Not Found
    code: 404
    duration: ""
- request:
    body: ""
    form: {}
    headers:
      User-Agent:
      - scaleway-sdk-go/v1.0.0-beta.7+dev (go1.17.3; darwin; amd64) terraform-provider/develop
        terraform/terraform-tests
    url: https://api.scaleway.com/rdb/v1/regions/fr-par/instances/30d5a035-ae95-4c24-a131-ed3d2380eb04
    method: GET
  response:
    body: '{"id":"30d5a035-ae95-4c24-a131-ed3d2380eb04","name":"minimal","organization_id":"105bdce1-64c0-48ab-899d-868455867ecf","project_id":"105bdce1-64c0-48ab-899d-868455867ecf","status":"deleting","engine":"PostgreSQL-12","endpoint":{"ip":"51.158.56.148","port":7469,"name":null,"id":"1c74dd95-8481-4c7b-9046-24947deae334","load_balancer":{}},"tags":[],"settings":[{"name":"work_mem","value":"4"},{"name":"max_connections","value":"100"},{"name":"effective_cache_size","value":"1300"},{"name":"maintenance_work_mem","value":"150"},{"name":"max_parallel_workers","value":"0"},{"name":"max_parallel_workers_per_gather","value":"0"}],"backup_schedule":{"frequency":24,"retention":7,"disabled":true},"is_ha_cluster":false,"read_replicas":[],"node_type":"db-dev-s","volume":{"type":"lssd","size":5000000000},"init_settings":[],"endpoints":[{"ip":"51.158.56.148","port":7469,"name":null,"id":"1c74dd95-8481-4c7b-9046-24947deae334","load_balancer":{}}],"logs_policy":{"max_age_retention":30,"total_disk_retention":null},"backup_same_region":false,"maintenances":[],"created_at":"2022-02-08T15:45:51.525822Z","region":"fr-par"}'
    headers:
      Content-Length:
      - "1113"
      Content-Security-Policy:
      - default-src 'none'; frame-ancestors 'none'
      Content-Type:
      - application/json
      Date:
      - Tue, 08 Feb 2022 15:49:56 GMT
      Server:
      - Scaleway API-Gateway
      Strict-Transport-Security:
      - max-age=63072000
      X-Content-Type-Options:
      - nosniff
      X-Frame-Options:
      - DENY
      X-Request-Id:
      - 50a4cec7-9ee9-4ad8-871e-b3846e23419c
    status: 200 OK
    code: 200
    duration: ""
- request:
    body: ""
    form: {}
    headers:
      User-Agent:
      - scaleway-sdk-go/v1.0.0-beta.7+dev (go1.17.3; darwin; amd64) terraform-provider/develop
        terraform/terraform-tests
    url: https://api.scaleway.com/rdb/v1/regions/fr-par/instances/30d5a035-ae95-4c24-a131-ed3d2380eb04
    method: GET
  response:
    body: '{"message":"resource is not found","resource":"instance","resource_id":"30d5a035-ae95-4c24-a131-ed3d2380eb04","type":"not_found"}'
    headers:
      Content-Length:
      - "129"
      Content-Security-Policy:
      - default-src 'none'; frame-ancestors 'none'
      Content-Type:
      - application/json
      Date:
      - Tue, 08 Feb 2022 15:50:26 GMT
      Server:
      - Scaleway API-Gateway
      Strict-Transport-Security:
      - max-age=63072000
      X-Content-Type-Options:
      - nosniff
      X-Frame-Options:
      - DENY
      X-Request-Id:
      - 81856f5e-9859-41c3-afc0-43945eb75440
    status: 404 Not Found
    code: 404
    duration: ""
- request:
    body: '{"name":"default","hub_id":"0b002b59-5d5e-4135-bbe2-aae018775cb9","topic":"#","s3_config":{"bucket_region":"fr-par","bucket_name":"test-acc-scaleway-iot-route-minimal","object_prefix":"foo","strategy":"per_topic"}}'
    form: {}
    headers:
      Content-Type:
      - application/json
      User-Agent:
      - scaleway-sdk-go/v1.0.0-beta.7+dev (go1.17.3; darwin; amd64) terraform-provider/develop
        terraform/terraform-tests
    url: https://api.scaleway.com/iot/v1/regions/fr-par/routes
    method: POST
  response:
    body: '{"id":"e9614508-400a-435e-a492-dd5ed01065a5","name":"default","hub_id":"0b002b59-5d5e-4135-bbe2-aae018775cb9","topic":"#","type":"s3","created_at":"2022-02-08T15:50:26.826Z","updated_at":"2022-02-08T15:50:26.826Z","s3_config":{"bucket_region":"fr-par","bucket_name":"test-acc-scaleway-iot-route-minimal","object_prefix":"foo","strategy":"per_topic"}}'
    headers:
      Content-Length:
      - "350"
      Content-Security-Policy:
      - default-src 'none'; frame-ancestors 'none'
      Content-Type:
      - application/json
      Date:
      - Tue, 08 Feb 2022 15:50:26 GMT
      Server:
      - Scaleway API-Gateway
      Strict-Transport-Security:
      - max-age=63072000
      X-Content-Type-Options:
      - nosniff
      X-Frame-Options:
      - DENY
      X-Request-Id:
      - 6dbd69ba-becc-4416-be6c-80f6ded88f90
    status: 200 OK
    code: 200
    duration: ""
- request:
    body: ""
    form: {}
    headers:
      User-Agent:
      - scaleway-sdk-go/v1.0.0-beta.7+dev (go1.17.3; darwin; amd64) terraform-provider/develop
        terraform/terraform-tests
    url: https://api.scaleway.com/iot/v1/regions/fr-par/routes/e9614508-400a-435e-a492-dd5ed01065a5
    method: GET
  response:
    body: '{"id":"e9614508-400a-435e-a492-dd5ed01065a5","name":"default","hub_id":"0b002b59-5d5e-4135-bbe2-aae018775cb9","topic":"#","type":"s3","created_at":"2022-02-08T15:50:26.826Z","updated_at":"2022-02-08T15:50:26.826Z","s3_config":{"bucket_region":"fr-par","bucket_name":"test-acc-scaleway-iot-route-minimal","object_prefix":"foo","strategy":"per_topic"}}'
    headers:
      Content-Length:
      - "350"
      Content-Security-Policy:
      - default-src 'none'; frame-ancestors 'none'
      Content-Type:
      - application/json
      Date:
      - Tue, 08 Feb 2022 15:50:27 GMT
      Server:
      - Scaleway API-Gateway
      Strict-Transport-Security:
      - max-age=63072000
      X-Content-Type-Options:
      - nosniff
      X-Frame-Options:
      - DENY
      X-Request-Id:
      - 7b5dcdb7-41e0-4fd1-99e3-6cc96c18ebab
    status: 200 OK
    code: 200
    duration: ""
- request:
    body: ""
    form: {}
    headers:
      User-Agent:
      - scaleway-sdk-go/v1.0.0-beta.7+dev (go1.17.3; darwin; amd64) terraform-provider/develop
        terraform/terraform-tests
    url: https://api.scaleway.com/iot/v1/regions/fr-par/hubs/0b002b59-5d5e-4135-bbe2-aae018775cb9
    method: GET
  response:
    body: '{"region":"fr-par","id":"0b002b59-5d5e-4135-bbe2-aae018775cb9","organization_id":"105bdce1-64c0-48ab-899d-868455867ecf","project_id":"105bdce1-64c0-48ab-899d-868455867ecf","name":"minimal","status":"ready","product_plan":"plan_shared","endpoint":"iot.fr-par.scw.cloud","created_at":"2022-02-08T15:45:51.359Z","updated_at":"2022-02-08T15:45:51.359Z","enabled":true,"device_count":0,"connected_device_count":0,"disable_events":false,"events_topic_prefix":"$SCW/events","enable_device_auto_provisioning":false,"has_custom_ca":false}'
    headers:
      Content-Length:
      - "529"
      Content-Security-Policy:
      - default-src 'none'; frame-ancestors 'none'
      Content-Type:
      - application/json
      Date:
      - Tue, 08 Feb 2022 15:50:27 GMT
      Server:
      - Scaleway API-Gateway
      Strict-Transport-Security:
      - max-age=63072000
      X-Content-Type-Options:
      - nosniff
      X-Frame-Options:
      - DENY
      X-Request-Id:
      - 9fac1243-27da-42e0-b030-fc5628f2736c
    status: 200 OK
    code: 200
    duration: ""
- request:
    body: ""
    form: {}
    headers:
      User-Agent:
      - scaleway-sdk-go/v1.0.0-beta.7+dev (go1.17.3; darwin; amd64) terraform-provider/develop
        terraform/terraform-tests
    url: https://api.scaleway.com/iot/v1/regions/fr-par/routes/e9614508-400a-435e-a492-dd5ed01065a5
    method: GET
  response:
    body: '{"id":"e9614508-400a-435e-a492-dd5ed01065a5","name":"default","hub_id":"0b002b59-5d5e-4135-bbe2-aae018775cb9","topic":"#","type":"s3","created_at":"2022-02-08T15:50:26.826Z","updated_at":"2022-02-08T15:50:26.826Z","s3_config":{"bucket_region":"fr-par","bucket_name":"test-acc-scaleway-iot-route-minimal","object_prefix":"foo","strategy":"per_topic"}}'
    headers:
      Content-Length:
      - "350"
      Content-Security-Policy:
      - default-src 'none'; frame-ancestors 'none'
      Content-Type:
      - application/json
      Date:
      - Tue, 08 Feb 2022 15:50:27 GMT
      Server:
      - Scaleway API-Gateway
      Strict-Transport-Security:
      - max-age=63072000
      X-Content-Type-Options:
      - nosniff
      X-Frame-Options:
      - DENY
      X-Request-Id:
      - 9b2c9f19-80b4-4d44-8e01-300c8b35d093
    status: 200 OK
    code: 200
    duration: ""
- request:
    body: ""
    form: {}
    headers:
      User-Agent:
      - scaleway-sdk-go/v1.0.0-beta.7+dev (go1.17.3; darwin; amd64) terraform-provider/develop
        terraform/terraform-tests
    url: https://api.scaleway.com/iot/v1/regions/fr-par/hubs/0b002b59-5d5e-4135-bbe2-aae018775cb9
    method: GET
  response:
    body: '{"region":"fr-par","id":"0b002b59-5d5e-4135-bbe2-aae018775cb9","organization_id":"105bdce1-64c0-48ab-899d-868455867ecf","project_id":"105bdce1-64c0-48ab-899d-868455867ecf","name":"minimal","status":"ready","product_plan":"plan_shared","endpoint":"iot.fr-par.scw.cloud","created_at":"2022-02-08T15:45:51.359Z","updated_at":"2022-02-08T15:45:51.359Z","enabled":true,"device_count":0,"connected_device_count":0,"disable_events":false,"events_topic_prefix":"$SCW/events","enable_device_auto_provisioning":false,"has_custom_ca":false}'
    headers:
      Content-Length:
      - "529"
      Content-Security-Policy:
      - default-src 'none'; frame-ancestors 'none'
      Content-Type:
      - application/json
      Date:
      - Tue, 08 Feb 2022 15:50:27 GMT
      Server:
      - Scaleway API-Gateway
      Strict-Transport-Security:
      - max-age=63072000
      X-Content-Type-Options:
      - nosniff
      X-Frame-Options:
      - DENY
      X-Request-Id:
      - cabe3265-4c39-43ec-adce-45012f47beee
    status: 200 OK
    code: 200
    duration: ""
- request:
    body: ""
    form: {}
    headers:
      User-Agent:
      - aws-sdk-go/1.42.48 (go1.17.3; darwin; amd64)
      X-Amz-Content-Sha256:
      - e3b0c44298fc1c149afbf4c8996fb92427ae41e4649b934ca495991b7852b855
      X-Amz-Date:
      - 20220208T155027Z
    url: https://test-acc-scaleway-iot-route-minimal.s3.fr-par.scw.cloud/
    method: GET
  response:
    body: |-
      <?xml version='1.0' encoding='UTF-8'?>
      <ListBucketResult xmlns="http://s3.amazonaws.com/doc/2006-03-01/"><Name>test-acc-scaleway-iot-route-minimal</Name><Prefix/><Delimiter/><MaxKeys>1000</MaxKeys><IsTruncated>false</IsTruncated><Marker/></ListBucketResult>
    headers:
      Content-Length:
      - "257"
      Content-Type:
      - application/xml
      Date:
      - Tue, 08 Feb 2022 15:50:27 GMT
      X-Amz-Id-2:
      - txccc623419512496ead1ec-0062029143
      X-Amz-Request-Id:
      - txccc623419512496ead1ec-0062029143
    status: 200 OK
    code: 200
    duration: ""
- request:
    body: ""
    form: {}
    headers:
      User-Agent:
      - aws-sdk-go/1.42.48 (go1.17.3; darwin; amd64)
      X-Amz-Content-Sha256:
      - e3b0c44298fc1c149afbf4c8996fb92427ae41e4649b934ca495991b7852b855
      X-Amz-Date:
      - 20220208T155027Z
    url: https://test-acc-scaleway-iot-route-minimal.s3.fr-par.scw.cloud/?tagging=
    method: GET
  response:
    body: |-
      <?xml version='1.0' encoding='UTF-8'?>
      <Error><Code>NoSuchTagSet</Code><Message>There is no tag set associated with the bucket or object.</Message><RequestId>tx70513bf9a46848beba5f9-0062029143</RequestId><Headers/></Error>
    headers:
      Content-Type:
      - application/xml
      Date:
      - Tue, 08 Feb 2022 15:50:27 GMT
      X-Amz-Id-2:
      - tx70513bf9a46848beba5f9-0062029143
      X-Amz-Request-Id:
      - tx70513bf9a46848beba5f9-0062029143
    status: 404 Not Found
    code: 404
    duration: ""
- request:
    body: ""
    form: {}
    headers:
      User-Agent:
      - aws-sdk-go/1.42.48 (go1.17.3; darwin; amd64)
      X-Amz-Content-Sha256:
      - e3b0c44298fc1c149afbf4c8996fb92427ae41e4649b934ca495991b7852b855
      X-Amz-Date:
      - 20220208T155027Z
    url: https://test-acc-scaleway-iot-route-minimal.s3.fr-par.scw.cloud/?cors=
    method: GET
  response:
    body: |-
      <?xml version='1.0' encoding='UTF-8'?>
      <Error><Code>NoSuchCORSConfiguration</Code><Message>The CORS configuration does not exist</Message><RequestId>tx4e8815f9afc4424b90910-0062029143</RequestId></Error>
    headers:
      Content-Type:
      - application/xml
      Date:
      - Tue, 08 Feb 2022 15:50:28 GMT
      X-Amz-Id-2:
      - tx4e8815f9afc4424b90910-0062029143
      X-Amz-Request-Id:
      - tx4e8815f9afc4424b90910-0062029143
    status: 404 Not Found
    code: 404
    duration: ""
- request:
    body: ""
    form: {}
    headers:
      User-Agent:
      - aws-sdk-go/1.42.48 (go1.17.3; darwin; amd64)
      X-Amz-Content-Sha256:
      - e3b0c44298fc1c149afbf4c8996fb92427ae41e4649b934ca495991b7852b855
      X-Amz-Date:
      - 20220208T155028Z
    url: https://test-acc-scaleway-iot-route-minimal.s3.fr-par.scw.cloud/?versioning=
    method: GET
  response:
    body: |-
      <?xml version='1.0' encoding='UTF-8'?>
      <VersioningConfiguration xmlns="http://s3.amazonaws.com/doc/2006-03-01/"/>
    headers:
      Content-Length:
      - "113"
      Content-Type:
      - text/plain
      Date:
      - Tue, 08 Feb 2022 15:50:28 GMT
      X-Amz-Id-2:
      - txb3ff98cd8774492a9ee62-0062029144
      X-Amz-Request-Id:
      - txb3ff98cd8774492a9ee62-0062029144
    status: 200 OK
    code: 200
    duration: ""
- request:
    body: ""
    form: {}
    headers:
      User-Agent:
      - aws-sdk-go/1.42.48 (go1.17.3; darwin; amd64)
      X-Amz-Content-Sha256:
      - e3b0c44298fc1c149afbf4c8996fb92427ae41e4649b934ca495991b7852b855
      X-Amz-Date:
      - 20220208T155028Z
    url: https://test-acc-scaleway-iot-route-minimal.s3.fr-par.scw.cloud/?lifecycle=
    method: GET
  response:
    body: |-
      <?xml version='1.0' encoding='UTF-8'?>
      <Error><Code>NoSuchLifecycleConfiguration</Code><Message>The lifecycle configuration does not exist.</Message><RequestId>txf55c538f606f4364b25dd-0062029144</RequestId></Error>
    headers:
      Content-Type:
      - application/xml
      Date:
      - Tue, 08 Feb 2022 15:50:28 GMT
      X-Amz-Id-2:
      - txf55c538f606f4364b25dd-0062029144
      X-Amz-Request-Id:
      - txf55c538f606f4364b25dd-0062029144
    status: 404 Not Found
    code: 404
    duration: ""
- request:
    body: ""
    form: {}
    headers:
      User-Agent:
      - scaleway-sdk-go/v1.0.0-beta.7+dev (go1.17.3; darwin; amd64) terraform-provider/develop
        terraform/terraform-tests
    url: https://api.scaleway.com/iot/v1/regions/fr-par/routes/e9614508-400a-435e-a492-dd5ed01065a5
    method: GET
  response:
    body: '{"id":"e9614508-400a-435e-a492-dd5ed01065a5","name":"default","hub_id":"0b002b59-5d5e-4135-bbe2-aae018775cb9","topic":"#","type":"s3","created_at":"2022-02-08T15:50:26.826Z","updated_at":"2022-02-08T15:50:26.826Z","s3_config":{"bucket_region":"fr-par","bucket_name":"test-acc-scaleway-iot-route-minimal","object_prefix":"foo","strategy":"per_topic"}}'
    headers:
      Content-Length:
      - "350"
      Content-Security-Policy:
      - default-src 'none'; frame-ancestors 'none'
      Content-Type:
      - application/json
      Date:
      - Tue, 08 Feb 2022 15:50:28 GMT
      Server:
      - Scaleway API-Gateway
      Strict-Transport-Security:
      - max-age=63072000
      X-Content-Type-Options:
      - nosniff
      X-Frame-Options:
      - DENY
      X-Request-Id:
      - 11816c0c-fa62-478e-aedb-ec4c490765a1
    status: 200 OK
    code: 200
    duration: ""
- request:
    body: ""
    form: {}
    headers:
      User-Agent:
      - scaleway-sdk-go/v1.0.0-beta.7+dev (go1.17.3; darwin; amd64) terraform-provider/develop
        terraform/terraform-tests
    url: https://api.scaleway.com/iot/v1/regions/fr-par/hubs/0b002b59-5d5e-4135-bbe2-aae018775cb9
    method: GET
  response:
    body: '{"region":"fr-par","id":"0b002b59-5d5e-4135-bbe2-aae018775cb9","organization_id":"105bdce1-64c0-48ab-899d-868455867ecf","project_id":"105bdce1-64c0-48ab-899d-868455867ecf","name":"minimal","status":"ready","product_plan":"plan_shared","endpoint":"iot.fr-par.scw.cloud","created_at":"2022-02-08T15:45:51.359Z","updated_at":"2022-02-08T15:45:51.359Z","enabled":true,"device_count":0,"connected_device_count":0,"disable_events":false,"events_topic_prefix":"$SCW/events","enable_device_auto_provisioning":false,"has_custom_ca":false}'
    headers:
      Content-Length:
      - "529"
      Content-Security-Policy:
      - default-src 'none'; frame-ancestors 'none'
      Content-Type:
      - application/json
      Date:
      - Tue, 08 Feb 2022 15:50:28 GMT
      Server:
      - Scaleway API-Gateway
      Strict-Transport-Security:
      - max-age=63072000
      X-Content-Type-Options:
      - nosniff
      X-Frame-Options:
      - DENY
      X-Request-Id:
      - 254808e0-4f1a-44ae-9c8d-135000be6666
    status: 200 OK
    code: 200
    duration: ""
- request:
    body: ""
    form: {}
    headers:
      User-Agent:
      - aws-sdk-go/1.42.48 (go1.17.3; darwin; amd64)
      X-Amz-Content-Sha256:
      - e3b0c44298fc1c149afbf4c8996fb92427ae41e4649b934ca495991b7852b855
      X-Amz-Date:
      - 20220208T155028Z
    url: https://test-acc-scaleway-iot-route-minimal.s3.fr-par.scw.cloud/
    method: GET
  response:
    body: |-
      <?xml version='1.0' encoding='UTF-8'?>
      <ListBucketResult xmlns="http://s3.amazonaws.com/doc/2006-03-01/"><Name>test-acc-scaleway-iot-route-minimal</Name><Prefix/><Delimiter/><MaxKeys>1000</MaxKeys><IsTruncated>false</IsTruncated><Marker/></ListBucketResult>
    headers:
      Content-Length:
      - "257"
      Content-Type:
      - application/xml
      Date:
      - Tue, 08 Feb 2022 15:50:28 GMT
      X-Amz-Id-2:
      - txe508f78ebe514646acdb4-0062029144
      X-Amz-Request-Id:
      - txe508f78ebe514646acdb4-0062029144
    status: 200 OK
    code: 200
    duration: ""
- request:
    body: ""
    form: {}
    headers:
      User-Agent:
      - scaleway-sdk-go/v1.0.0-beta.7+dev (go1.17.3; darwin; amd64) terraform-provider/develop
        terraform/terraform-tests
    url: https://api.scaleway.com/iot/v1/regions/fr-par/routes/e9614508-400a-435e-a492-dd5ed01065a5
    method: GET
  response:
    body: '{"id":"e9614508-400a-435e-a492-dd5ed01065a5","name":"default","hub_id":"0b002b59-5d5e-4135-bbe2-aae018775cb9","topic":"#","type":"s3","created_at":"2022-02-08T15:50:26.826Z","updated_at":"2022-02-08T15:50:26.826Z","s3_config":{"bucket_region":"fr-par","bucket_name":"test-acc-scaleway-iot-route-minimal","object_prefix":"foo","strategy":"per_topic"}}'
    headers:
      Content-Length:
      - "350"
      Content-Security-Policy:
      - default-src 'none'; frame-ancestors 'none'
      Content-Type:
      - application/json
      Date:
      - Tue, 08 Feb 2022 15:50:29 GMT
      Server:
      - Scaleway API-Gateway
      Strict-Transport-Security:
      - max-age=63072000
      X-Content-Type-Options:
      - nosniff
      X-Frame-Options:
      - DENY
      X-Request-Id:
      - 152a7763-03ab-484c-a8c3-ae86c7dbd586
    status: 200 OK
    code: 200
    duration: ""
- request:
    body: ""
    form: {}
    headers:
      User-Agent:
      - aws-sdk-go/1.42.48 (go1.17.3; darwin; amd64)
      X-Amz-Content-Sha256:
      - e3b0c44298fc1c149afbf4c8996fb92427ae41e4649b934ca495991b7852b855
      X-Amz-Date:
      - 20220208T155028Z
    url: https://test-acc-scaleway-iot-route-minimal.s3.fr-par.scw.cloud/?tagging=
    method: GET
  response:
    body: |-
      <?xml version='1.0' encoding='UTF-8'?>
      <Error><Code>NoSuchTagSet</Code><Message>There is no tag set associated with the bucket or object.</Message><RequestId>tx467771b04c964e1595397-0062029144</RequestId><Headers/></Error>
    headers:
      Content-Type:
      - application/xml
      Date:
      - Tue, 08 Feb 2022 15:50:29 GMT
      X-Amz-Id-2:
      - tx467771b04c964e1595397-0062029144
      X-Amz-Request-Id:
      - tx467771b04c964e1595397-0062029144
    status: 404 Not Found
    code: 404
    duration: ""
- request:
    body: ""
    form: {}
    headers:
      User-Agent:
      - aws-sdk-go/1.42.48 (go1.17.3; darwin; amd64)
      X-Amz-Content-Sha256:
      - e3b0c44298fc1c149afbf4c8996fb92427ae41e4649b934ca495991b7852b855
      X-Amz-Date:
      - 20220208T155029Z
    url: https://test-acc-scaleway-iot-route-minimal.s3.fr-par.scw.cloud/?cors=
    method: GET
  response:
    body: |-
      <?xml version='1.0' encoding='UTF-8'?>
      <Error><Code>NoSuchCORSConfiguration</Code><Message>The CORS configuration does not exist</Message><RequestId>txece449215ea64c01ae2c8-0062029145</RequestId></Error>
    headers:
      Content-Type:
      - application/xml
      Date:
      - Tue, 08 Feb 2022 15:50:29 GMT
      X-Amz-Id-2:
      - txece449215ea64c01ae2c8-0062029145
      X-Amz-Request-Id:
      - txece449215ea64c01ae2c8-0062029145
    status: 404 Not Found
    code: 404
    duration: ""
- request:
    body: ""
    form: {}
    headers:
      User-Agent:
      - aws-sdk-go/1.42.48 (go1.17.3; darwin; amd64)
      X-Amz-Content-Sha256:
      - e3b0c44298fc1c149afbf4c8996fb92427ae41e4649b934ca495991b7852b855
      X-Amz-Date:
      - 20220208T155029Z
    url: https://test-acc-scaleway-iot-route-minimal.s3.fr-par.scw.cloud/?versioning=
    method: GET
  response:
    body: |-
      <?xml version='1.0' encoding='UTF-8'?>
      <VersioningConfiguration xmlns="http://s3.amazonaws.com/doc/2006-03-01/"/>
    headers:
      Content-Length:
      - "113"
      Content-Type:
      - text/plain
      Date:
      - Tue, 08 Feb 2022 15:50:29 GMT
      X-Amz-Id-2:
      - txcbba2aca7cfd4d2887d07-0062029145
      X-Amz-Request-Id:
      - txcbba2aca7cfd4d2887d07-0062029145
    status: 200 OK
    code: 200
    duration: ""
- request:
    body: ""
    form: {}
    headers:
      User-Agent:
      - aws-sdk-go/1.42.48 (go1.17.3; darwin; amd64)
      X-Amz-Content-Sha256:
      - e3b0c44298fc1c149afbf4c8996fb92427ae41e4649b934ca495991b7852b855
      X-Amz-Date:
      - 20220208T155029Z
    url: https://test-acc-scaleway-iot-route-minimal.s3.fr-par.scw.cloud/?lifecycle=
    method: GET
  response:
    body: |-
      <?xml version='1.0' encoding='UTF-8'?>
      <Error><Code>NoSuchLifecycleConfiguration</Code><Message>The lifecycle configuration does not exist.</Message><RequestId>tx32d452c8714640a494701-0062029145</RequestId></Error>
    headers:
      Content-Type:
      - application/xml
      Date:
      - Tue, 08 Feb 2022 15:50:29 GMT
      X-Amz-Id-2:
      - tx32d452c8714640a494701-0062029145
      X-Amz-Request-Id:
      - tx32d452c8714640a494701-0062029145
    status: 404 Not Found
    code: 404
    duration: ""
- request:
    body: ""
    form: {}
    headers:
      User-Agent:
      - scaleway-sdk-go/v1.0.0-beta.7+dev (go1.17.3; darwin; amd64) terraform-provider/develop
        terraform/terraform-tests
    url: https://api.scaleway.com/iot/v1/regions/fr-par/routes/e9614508-400a-435e-a492-dd5ed01065a5
    method: DELETE
  response:
    body: ""
    headers:
      Content-Security-Policy:
      - default-src 'none'; frame-ancestors 'none'
      Content-Type:
      - application/json
      Date:
      - Tue, 08 Feb 2022 15:50:29 GMT
      Server:
      - Scaleway API-Gateway
      Strict-Transport-Security:
      - max-age=63072000
      X-Content-Type-Options:
      - nosniff
      X-Frame-Options:
      - DENY
      X-Request-Id:
      - 6d4f53af-1719-4732-b783-4e61c37a22c7
    status: 204 No Content
    code: 204
    duration: ""
- request:
    body: ""
    form: {}
    headers:
      User-Agent:
      - aws-sdk-go/1.42.48 (go1.17.3; darwin; amd64)
      X-Amz-Content-Sha256:
      - e3b0c44298fc1c149afbf4c8996fb92427ae41e4649b934ca495991b7852b855
      X-Amz-Date:
      - 20220208T155029Z
    url: https://test-acc-scaleway-iot-route-minimal.s3.fr-par.scw.cloud/
    method: DELETE
  response:
    body: ""
    headers:
      Content-Length:
      - "0"
      Content-Type:
      - text/html; charset=UTF-8
      Date:
      - Tue, 08 Feb 2022 15:50:30 GMT
      X-Amz-Id-2:
      - tx1b1a7258baa34e8fbe7c5-0062029145
      X-Amz-Request-Id:
      - tx1b1a7258baa34e8fbe7c5-0062029145
    status: 204 No Content
    code: 204
    duration: ""
- request:
    body: '{"name":"default","hub_id":"0b002b59-5d5e-4135-bbe2-aae018775cb9","topic":"#","rest_config":{"verb":"get","uri":"http://scaleway.com","headers":{"X-terraform-test":"inprogress"}}}'
    form: {}
    headers:
      Content-Type:
      - application/json
      User-Agent:
      - scaleway-sdk-go/v1.0.0-beta.7+dev (go1.17.3; darwin; amd64) terraform-provider/develop
        terraform/terraform-tests
    url: https://api.scaleway.com/iot/v1/regions/fr-par/routes
    method: POST
  response:
    body: '{"id":"b09ce9b3-6102-4307-b657-5f4357e27458","name":"default","hub_id":"0b002b59-5d5e-4135-bbe2-aae018775cb9","topic":"#","type":"rest","created_at":"2022-02-08T15:50:30.618Z","updated_at":"2022-02-08T15:50:30.618Z","rest_config":{"verb":"get","uri":"http://scaleway.com","headers":{"X-terraform-test":"inprogress"}}}'
    headers:
      Content-Length:
      - "317"
      Content-Security-Policy:
      - default-src 'none'; frame-ancestors 'none'
      Content-Type:
      - application/json
      Date:
      - Tue, 08 Feb 2022 15:50:30 GMT
      Server:
      - Scaleway API-Gateway
      Strict-Transport-Security:
      - max-age=63072000
      X-Content-Type-Options:
      - nosniff
      X-Frame-Options:
      - DENY
      X-Request-Id:
      - 27109a39-fea0-4a00-8036-1940b511dec8
    status: 200 OK
    code: 200
    duration: ""
- request:
    body: ""
    form: {}
    headers:
      User-Agent:
      - scaleway-sdk-go/v1.0.0-beta.7+dev (go1.17.3; darwin; amd64) terraform-provider/develop
        terraform/terraform-tests
    url: https://api.scaleway.com/iot/v1/regions/fr-par/routes/b09ce9b3-6102-4307-b657-5f4357e27458
    method: GET
  response:
    body: '{"id":"b09ce9b3-6102-4307-b657-5f4357e27458","name":"default","hub_id":"0b002b59-5d5e-4135-bbe2-aae018775cb9","topic":"#","type":"rest","created_at":"2022-02-08T15:50:30.618Z","updated_at":"2022-02-08T15:50:30.618Z","rest_config":{"verb":"get","uri":"http://scaleway.com","headers":{"X-terraform-test":"inprogress"}}}'
    headers:
      Content-Length:
      - "317"
      Content-Security-Policy:
      - default-src 'none'; frame-ancestors 'none'
      Content-Type:
      - application/json
      Date:
      - Tue, 08 Feb 2022 15:50:30 GMT
      Server:
      - Scaleway API-Gateway
      Strict-Transport-Security:
      - max-age=63072000
      X-Content-Type-Options:
      - nosniff
      X-Frame-Options:
      - DENY
      X-Request-Id:
      - 1622e710-f902-4ed7-9b19-e34b585440f1
    status: 200 OK
    code: 200
    duration: ""
- request:
    body: ""
    form: {}
    headers:
      User-Agent:
      - scaleway-sdk-go/v1.0.0-beta.7+dev (go1.17.3; darwin; amd64) terraform-provider/develop
        terraform/terraform-tests
    url: https://api.scaleway.com/iot/v1/regions/fr-par/hubs/0b002b59-5d5e-4135-bbe2-aae018775cb9
    method: GET
  response:
    body: '{"region":"fr-par","id":"0b002b59-5d5e-4135-bbe2-aae018775cb9","organization_id":"105bdce1-64c0-48ab-899d-868455867ecf","project_id":"105bdce1-64c0-48ab-899d-868455867ecf","name":"minimal","status":"ready","product_plan":"plan_shared","endpoint":"iot.fr-par.scw.cloud","created_at":"2022-02-08T15:45:51.359Z","updated_at":"2022-02-08T15:45:51.359Z","enabled":true,"device_count":0,"connected_device_count":0,"disable_events":false,"events_topic_prefix":"$SCW/events","enable_device_auto_provisioning":false,"has_custom_ca":false}'
    headers:
      Content-Length:
      - "529"
      Content-Security-Policy:
      - default-src 'none'; frame-ancestors 'none'
      Content-Type:
      - application/json
      Date:
      - Tue, 08 Feb 2022 15:50:31 GMT
      Server:
      - Scaleway API-Gateway
      Strict-Transport-Security:
      - max-age=63072000
      X-Content-Type-Options:
      - nosniff
      X-Frame-Options:
      - DENY
      X-Request-Id:
      - 45d2fc94-691f-4022-9217-de5fcab16ddd
    status: 200 OK
    code: 200
    duration: ""
- request:
    body: ""
    form: {}
    headers:
      User-Agent:
      - scaleway-sdk-go/v1.0.0-beta.7+dev (go1.17.3; darwin; amd64) terraform-provider/develop
        terraform/terraform-tests
    url: https://api.scaleway.com/iot/v1/regions/fr-par/routes/b09ce9b3-6102-4307-b657-5f4357e27458
    method: GET
  response:
    body: '{"id":"b09ce9b3-6102-4307-b657-5f4357e27458","name":"default","hub_id":"0b002b59-5d5e-4135-bbe2-aae018775cb9","topic":"#","type":"rest","created_at":"2022-02-08T15:50:30.618Z","updated_at":"2022-02-08T15:50:30.618Z","rest_config":{"verb":"get","uri":"http://scaleway.com","headers":{"X-terraform-test":"inprogress"}}}'
    headers:
      Content-Length:
      - "317"
      Content-Security-Policy:
      - default-src 'none'; frame-ancestors 'none'
      Content-Type:
      - application/json
      Date:
      - Tue, 08 Feb 2022 15:50:31 GMT
      Server:
      - Scaleway API-Gateway
      Strict-Transport-Security:
      - max-age=63072000
      X-Content-Type-Options:
      - nosniff
      X-Frame-Options:
      - DENY
      X-Request-Id:
      - 09b121d2-5d6c-40fa-966f-7261c3aa4c1d
    status: 200 OK
    code: 200
    duration: ""
- request:
    body: ""
    form: {}
    headers:
      User-Agent:
      - scaleway-sdk-go/v1.0.0-beta.7+dev (go1.17.3; darwin; amd64) terraform-provider/develop
        terraform/terraform-tests
    url: https://api.scaleway.com/iot/v1/regions/fr-par/hubs/0b002b59-5d5e-4135-bbe2-aae018775cb9
    method: GET
  response:
    body: '{"region":"fr-par","id":"0b002b59-5d5e-4135-bbe2-aae018775cb9","organization_id":"105bdce1-64c0-48ab-899d-868455867ecf","project_id":"105bdce1-64c0-48ab-899d-868455867ecf","name":"minimal","status":"ready","product_plan":"plan_shared","endpoint":"iot.fr-par.scw.cloud","created_at":"2022-02-08T15:45:51.359Z","updated_at":"2022-02-08T15:45:51.359Z","enabled":true,"device_count":0,"connected_device_count":0,"disable_events":false,"events_topic_prefix":"$SCW/events","enable_device_auto_provisioning":false,"has_custom_ca":false}'
    headers:
      Content-Length:
      - "529"
      Content-Security-Policy:
      - default-src 'none'; frame-ancestors 'none'
      Content-Type:
      - application/json
      Date:
      - Tue, 08 Feb 2022 15:50:31 GMT
      Server:
      - Scaleway API-Gateway
      Strict-Transport-Security:
      - max-age=63072000
      X-Content-Type-Options:
      - nosniff
      X-Frame-Options:
      - DENY
      X-Request-Id:
      - f088580c-3a81-4284-b39d-f191cce96be8
    status: 200 OK
    code: 200
    duration: ""
- request:
    body: ""
    form: {}
    headers:
      User-Agent:
      - scaleway-sdk-go/v1.0.0-beta.7+dev (go1.17.3; darwin; amd64) terraform-provider/develop
        terraform/terraform-tests
    url: https://api.scaleway.com/iot/v1/regions/fr-par/routes/b09ce9b3-6102-4307-b657-5f4357e27458
    method: GET
  response:
    body: '{"id":"b09ce9b3-6102-4307-b657-5f4357e27458","name":"default","hub_id":"0b002b59-5d5e-4135-bbe2-aae018775cb9","topic":"#","type":"rest","created_at":"2022-02-08T15:50:30.618Z","updated_at":"2022-02-08T15:50:30.618Z","rest_config":{"verb":"get","uri":"http://scaleway.com","headers":{"X-terraform-test":"inprogress"}}}'
    headers:
      Content-Length:
      - "317"
      Content-Security-Policy:
      - default-src 'none'; frame-ancestors 'none'
      Content-Type:
      - application/json
      Date:
      - Tue, 08 Feb 2022 15:50:31 GMT
      Server:
      - Scaleway API-Gateway
      Strict-Transport-Security:
      - max-age=63072000
      X-Content-Type-Options:
      - nosniff
      X-Frame-Options:
      - DENY
      X-Request-Id:
      - fa9b7006-5a26-4496-8d5f-5c10a44891a0
    status: 200 OK
    code: 200
    duration: ""
- request:
    body: ""
    form: {}
    headers:
      User-Agent:
      - scaleway-sdk-go/v1.0.0-beta.7+dev (go1.17.3; darwin; amd64) terraform-provider/develop
        terraform/terraform-tests
    url: https://api.scaleway.com/iot/v1/regions/fr-par/routes/b09ce9b3-6102-4307-b657-5f4357e27458
    method: DELETE
  response:
    body: ""
    headers:
      Content-Security-Policy:
      - default-src 'none'; frame-ancestors 'none'
      Content-Type:
      - application/json
      Date:
      - Tue, 08 Feb 2022 15:50:32 GMT
      Server:
      - Scaleway API-Gateway
      Strict-Transport-Security:
      - max-age=63072000
      X-Content-Type-Options:
      - nosniff
      X-Frame-Options:
      - DENY
      X-Request-Id:
      - 6de31332-8f00-463d-9f41-dc9348f416c4
    status: 204 No Content
    code: 204
    duration: ""
- request:
    body: ""
    form: {}
    headers:
      User-Agent:
      - scaleway-sdk-go/v1.0.0-beta.7+dev (go1.17.3; darwin; amd64) terraform-provider/develop
        terraform/terraform-tests
    url: https://api.scaleway.com/iot/v1/regions/fr-par/hubs/0b002b59-5d5e-4135-bbe2-aae018775cb9
    method: DELETE
  response:
    body: ""
    headers:
      Content-Security-Policy:
      - default-src 'none'; frame-ancestors 'none'
      Content-Type:
      - application/json
      Date:
      - Tue, 08 Feb 2022 15:50:32 GMT
      Server:
      - Scaleway API-Gateway
      Strict-Transport-Security:
      - max-age=63072000
      X-Content-Type-Options:
      - nosniff
      X-Frame-Options:
      - DENY
      X-Request-Id:
      - a5ab82fd-62c4-4282-81aa-56ac2f01e8ac
    status: 204 No Content
    code: 204
    duration: ""
- request:
    body: ""
    form: {}
    headers:
      User-Agent:
      - scaleway-sdk-go/v1.0.0-beta.7+dev (go1.17.3; darwin; amd64) terraform-provider/develop
        terraform/terraform-tests
    url: https://api.scaleway.com/iot/v1/regions/fr-par/hubs/0b002b59-5d5e-4135-bbe2-aae018775cb9
    method: GET
  response:
    body: '{"message":"resource is not found","resource":"hub","resource_id":"0b002b59-5d5e-4135-bbe2-aae018775cb9","type":"not_found"}'
    headers:
      Content-Length:
      - "124"
      Content-Security-Policy:
      - default-src 'none'; frame-ancestors 'none'
      Content-Type:
      - application/json
      Date:
      - Tue, 08 Feb 2022 15:50:32 GMT
      Server:
      - Scaleway API-Gateway
      Strict-Transport-Security:
      - max-age=63072000
      X-Content-Type-Options:
      - nosniff
      X-Frame-Options:
      - DENY
      X-Request-Id:
      - d9bf2786-8781-477c-89b4-79dbb3f3ed88
    status: 404 Not Found
    code: 404
    duration: ""
