---
version: 1
interactions:
- request:
    body: ""
    form: {}
    headers:
      User-Agent:
      - scaleway-sdk-go/v1.0.0-beta.7+dev (go1.20.4; linux; amd64) terraform-provider/develop
        terraform/terraform-tests
    url: https://api.scaleway.com/k8s/v1/regions/fr-par/versions
    method: GET
  response:
    body: '{"versions":[{"available_admission_plugins":["PodNodeSelector","AlwaysPullImages","PodTolerationRestriction"],"available_cnis":["cilium","calico","kilo"],"available_container_runtimes":["containerd"],"available_feature_gates":["HPAScaleToZero","GRPCContainerProbe","ReadWriteOncePod"],"available_ingresses":["none"],"available_kubelet_args":{"containerLogMaxFiles":"uint16","containerLogMaxSize":"quantity","cpuCFSQuota":"bool","cpuCFSQuotaPeriod":"duration","cpuManagerPolicy":"enum:none|static","enableDebuggingHandlers":"bool","imageGCHighThresholdPercent":"uint32","imageGCLowThresholdPercent":"uint32","maxPods":"uint16"},"label":"Kubernetes
      1.27.1","name":"1.27.1","region":"fr-par"},{"available_admission_plugins":["PodNodeSelector","AlwaysPullImages","PodTolerationRestriction"],"available_cnis":["cilium","calico","kilo"],"available_container_runtimes":["containerd"],"available_feature_gates":["HPAScaleToZero","GRPCContainerProbe","ReadWriteOncePod"],"available_ingresses":["none"],"available_kubelet_args":{"containerLogMaxFiles":"uint16","containerLogMaxSize":"quantity","cpuCFSQuota":"bool","cpuCFSQuotaPeriod":"duration","cpuManagerPolicy":"enum:none|static","enableDebuggingHandlers":"bool","imageGCHighThresholdPercent":"uint32","imageGCLowThresholdPercent":"uint32","maxPods":"uint16"},"label":"Kubernetes
      1.26.4","name":"1.26.4","region":"fr-par"},{"available_admission_plugins":["PodNodeSelector","AlwaysPullImages","PodTolerationRestriction"],"available_cnis":["cilium","calico","kilo"],"available_container_runtimes":["containerd"],"available_feature_gates":["HPAScaleToZero","KubeletCredentialProviders","GRPCContainerProbe","ReadWriteOncePod"],"available_ingresses":["none"],"available_kubelet_args":{"containerLogMaxFiles":"uint16","containerLogMaxSize":"quantity","cpuCFSQuota":"bool","cpuCFSQuotaPeriod":"duration","cpuManagerPolicy":"enum:none|static","enableDebuggingHandlers":"bool","imageGCHighThresholdPercent":"uint32","imageGCLowThresholdPercent":"uint32","maxPods":"uint16"},"label":"Kubernetes
      1.25.9","name":"1.25.9","region":"fr-par"},{"available_admission_plugins":["PodSecurityPolicy","PodNodeSelector","AlwaysPullImages","PodTolerationRestriction"],"available_cnis":["cilium","calico","weave","flannel","kilo"],"available_container_runtimes":["containerd","crio"],"available_feature_gates":["HPAScaleToZero","EphemeralContainers","KubeletCredentialProviders","GRPCContainerProbe","ReadWriteOncePod"],"available_ingresses":["none"],"available_kubelet_args":{"containerLogMaxFiles":"uint16","containerLogMaxSize":"quantity","cpuCFSQuota":"bool","cpuCFSQuotaPeriod":"duration","cpuManagerPolicy":"enum:none|static","enableDebuggingHandlers":"bool","imageGCHighThresholdPercent":"uint32","imageGCLowThresholdPercent":"uint32","maxPods":"uint16"},"label":"Kubernetes
      1.24.13","name":"1.24.13","region":"fr-par"},{"available_admission_plugins":["PodSecurityPolicy","PodNodeSelector","AlwaysPullImages","PodTolerationRestriction"],"available_cnis":["cilium","calico","weave","flannel","kilo"],"available_container_runtimes":["containerd","crio","docker"],"available_feature_gates":["HPAScaleToZero","EphemeralContainers","KubeletCredentialProviders","GRPCContainerProbe"],"available_ingresses":["none","nginx","traefik2"],"available_kubelet_args":{"containerLogMaxFiles":"uint16","containerLogMaxSize":"quantity","cpuCFSQuota":"bool","cpuCFSQuotaPeriod":"duration","cpuManagerPolicy":"enum:none|static","enableDebuggingHandlers":"bool","imageGCHighThresholdPercent":"uint32","imageGCLowThresholdPercent":"uint32","maxPods":"uint16"},"label":"Kubernetes
      1.23.17","name":"1.23.17","region":"fr-par"},{"available_admission_plugins":["PodSecurityPolicy","PodNodeSelector","AlwaysPullImages","PodTolerationRestriction"],"available_cnis":["cilium","calico","weave","flannel","kilo"],"available_container_runtimes":["containerd","crio","docker"],"available_feature_gates":["TTLAfterFinished","HPAScaleToZero","EphemeralContainers","KubeletCredentialProviders"],"available_ingresses":["none","nginx","traefik2"],"available_kubelet_args":{"containerLogMaxFiles":"uint16","containerLogMaxSize":"quantity","cpuCFSQuota":"bool","cpuCFSQuotaPeriod":"duration","cpuManagerPolicy":"enum:none|static","enableDebuggingHandlers":"bool","imageGCHighThresholdPercent":"uint32","imageGCLowThresholdPercent":"uint32","maxPods":"uint16"},"label":"Kubernetes
      1.22.17","name":"1.22.17","region":"fr-par"}]}'
    headers:
      Content-Security-Policy:
      - default-src 'none'; frame-ancestors 'none'
      Content-Type:
      - application/json
      Date:
      - Tue, 13 Jun 2023 15:16:16 GMT
      Server:
      - Scaleway API-Gateway
      Strict-Transport-Security:
      - max-age=63072000
      X-Content-Type-Options:
      - nosniff
      X-Frame-Options:
      - DENY
      X-Request-Id:
      - 5eedba2d-f4a6-4bd2-b7f0-a889b231a349
    status: 200 OK
    code: 200
    duration: ""
- request:
    body: '{"name":"tf-pn-pedantic-shannon","project_id":"fa1e3217-dc80-42ac-85c3-3f034b78b552","tags":null,"subnets":null,"vpc_id":null}'
    form: {}
    headers:
      Content-Type:
      - application/json
      User-Agent:
      - scaleway-sdk-go/v1.0.0-beta.7+dev (go1.20.4; linux; amd64) terraform-provider/develop
        terraform/terraform-tests
    url: https://api.scaleway.com/vpc/v2/regions/fr-par/private-networks
    method: POST
  response:
    body: '{"created_at":"2023-06-13T15:21:37.240381Z","id":"ac63694d-f4ed-4517-938c-a894de59da77","name":"tf-pn-pedantic-shannon","organization_id":"fa1e3217-dc80-42ac-85c3-3f034b78b552","project_id":"fa1e3217-dc80-42ac-85c3-3f034b78b552","region":"fr-par","subnets":[{"created_at":"2023-06-13T15:21:37.240381Z","id":"fe749922-1fba-4b63-aaf4-33056088c75d","subnet":"172.16.40.0/22","updated_at":"2023-06-13T15:21:37.240381Z"},{"created_at":"2023-06-13T15:21:37.240381Z","id":"bcc012c6-d227-4618-b3f9-c67d72ce3ec3","subnet":"fd63:256c:45f7:3d90::/64","updated_at":"2023-06-13T15:21:37.240381Z"}],"tags":[],"updated_at":"2023-06-13T15:21:37.240381Z","vpc_id":"1ec1ecb6-8f58-4f7c-92cc-53c2a5ae519c"}'
    headers:
      Content-Length:
      - "686"
      Content-Security-Policy:
      - default-src 'none'; frame-ancestors 'none'
      Content-Type:
      - application/json
      Date:
      - Tue, 13 Jun 2023 15:21:37 GMT
      Server:
      - Scaleway API-Gateway
      Strict-Transport-Security:
      - max-age=63072000
      X-Content-Type-Options:
      - nosniff
      X-Frame-Options:
      - DENY
      X-Request-Id:
      - 2f279537-f4d7-4c88-9e64-9ecd765281f4
    status: 200 OK
    code: 200
    duration: ""
- request:
    body: ""
    form: {}
    headers:
      User-Agent:
      - scaleway-sdk-go/v1.0.0-beta.7+dev (go1.20.4; linux; amd64) terraform-provider/develop
        terraform/terraform-tests
    url: https://api.scaleway.com/vpc/v2/regions/fr-par/private-networks/ac63694d-f4ed-4517-938c-a894de59da77
    method: GET
  response:
    body: '{"created_at":"2023-06-13T15:21:37.240381Z","id":"ac63694d-f4ed-4517-938c-a894de59da77","name":"tf-pn-pedantic-shannon","organization_id":"fa1e3217-dc80-42ac-85c3-3f034b78b552","project_id":"fa1e3217-dc80-42ac-85c3-3f034b78b552","region":"fr-par","subnets":[{"created_at":"2023-06-13T15:21:37.240381Z","id":"fe749922-1fba-4b63-aaf4-33056088c75d","subnet":"172.16.40.0/22","updated_at":"2023-06-13T15:21:37.240381Z"},{"created_at":"2023-06-13T15:21:37.240381Z","id":"bcc012c6-d227-4618-b3f9-c67d72ce3ec3","subnet":"fd63:256c:45f7:3d90::/64","updated_at":"2023-06-13T15:21:37.240381Z"}],"tags":[],"updated_at":"2023-06-13T15:21:37.240381Z","vpc_id":"1ec1ecb6-8f58-4f7c-92cc-53c2a5ae519c"}'
    headers:
      Content-Length:
      - "686"
      Content-Security-Policy:
      - default-src 'none'; frame-ancestors 'none'
      Content-Type:
      - application/json
      Date:
      - Tue, 13 Jun 2023 15:21:37 GMT
      Server:
      - Scaleway API-Gateway
      Strict-Transport-Security:
      - max-age=63072000
      X-Content-Type-Options:
      - nosniff
      X-Frame-Options:
      - DENY
      X-Request-Id:
      - 6af710db-693b-4656-9968-6492f2fb8e00
    status: 200 OK
    code: 200
    duration: ""
- request:
    body: '{"project_id":"fa1e3217-dc80-42ac-85c3-3f034b78b552","type":"","name":"K8SPoolConfigKubeletArgs","description":"","tags":["terraform-test","scaleway_k8s_cluster","kubelet_args"],"version":"1.27.1","cni":"cilium","pools":null,"autoscaler_config":{"scale_down_disabled":null,"scale_down_delay_after_add":null,"estimator":"unknown_estimator","expander":"unknown_expander","ignore_daemonsets_utilization":null,"balance_similar_node_groups":null,"expendable_pods_priority_cutoff":0,"scale_down_unneeded_time":null,"scale_down_utilization_threshold":null,"max_graceful_termination_sec":0},"auto_upgrade":null,"feature_gates":null,"admission_plugins":null,"open_id_connect_config":null,"apiserver_cert_sans":null,"private_network_id":"ac63694d-f4ed-4517-938c-a894de59da77"}'
    form: {}
    headers:
      Content-Type:
      - application/json
      User-Agent:
      - scaleway-sdk-go/v1.0.0-beta.7+dev (go1.20.4; linux; amd64) terraform-provider/develop
        terraform/terraform-tests
    url: https://api.scaleway.com/k8s/v1/regions/fr-par/clusters
    method: POST
  response:
    body: '{"admission_plugins":[],"apiserver_cert_sans":[],"auto_upgrade":{"enabled":false,"maintenance_window":{"day":"any","start_hour":0}},"autoscaler_config":{"balance_similar_node_groups":false,"estimator":"binpacking","expander":"random","expendable_pods_priority_cutoff":0,"ignore_daemonsets_utilization":false,"max_graceful_termination_sec":0,"scale_down_delay_after_add":"10m","scale_down_disabled":false,"scale_down_unneeded_time":"10m","scale_down_utilization_threshold":0.5},"cluster_url":"https://340f2edc-dc56-4a0b-b31a-f15991e15988.api.k8s.fr-par.scw.cloud:6443","cni":"cilium","created_at":"2023-06-13T15:21:37.632840416Z","dashboard_enabled":false,"description":"","dns_wildcard":"*.340f2edc-dc56-4a0b-b31a-f15991e15988.nodes.k8s.fr-par.scw.cloud","feature_gates":[],"id":"340f2edc-dc56-4a0b-b31a-f15991e15988","ingress":"none","name":"K8SPoolConfigKubeletArgs","open_id_connect_config":{"client_id":"","groups_claim":[],"groups_prefix":"","issuer_url":"","required_claim":[],"username_claim":"","username_prefix":""},"organization_id":"fa1e3217-dc80-42ac-85c3-3f034b78b552","private_network_id":"ac63694d-f4ed-4517-938c-a894de59da77","project_id":"fa1e3217-dc80-42ac-85c3-3f034b78b552","region":"fr-par","status":"creating","tags":["terraform-test","scaleway_k8s_cluster","kubelet_args"],"type":"kapsule","updated_at":"2023-06-13T15:21:37.640893102Z","upgrade_available":false,"version":"1.27.1"}'
    headers:
      Content-Length:
      - "1404"
      Content-Security-Policy:
      - default-src 'none'; frame-ancestors 'none'
      Content-Type:
      - application/json
      Date:
      - Tue, 13 Jun 2023 15:21:37 GMT
      Server:
      - Scaleway API-Gateway
      Strict-Transport-Security:
      - max-age=63072000
      X-Content-Type-Options:
      - nosniff
      X-Frame-Options:
      - DENY
      X-Request-Id:
      - 94e7fab3-4b54-4560-95ea-809c9031e89f
    status: 200 OK
    code: 200
    duration: ""
- request:
    body: ""
    form: {}
    headers:
      User-Agent:
      - scaleway-sdk-go/v1.0.0-beta.7+dev (go1.20.4; linux; amd64) terraform-provider/develop
        terraform/terraform-tests
    url: https://api.scaleway.com/k8s/v1/regions/fr-par/clusters/340f2edc-dc56-4a0b-b31a-f15991e15988
    method: GET
  response:
    body: '{"admission_plugins":[],"apiserver_cert_sans":[],"auto_upgrade":{"enabled":false,"maintenance_window":{"day":"any","start_hour":0}},"autoscaler_config":{"balance_similar_node_groups":false,"estimator":"binpacking","expander":"random","expendable_pods_priority_cutoff":0,"ignore_daemonsets_utilization":false,"max_graceful_termination_sec":0,"scale_down_delay_after_add":"10m","scale_down_disabled":false,"scale_down_unneeded_time":"10m","scale_down_utilization_threshold":0.5},"cluster_url":"https://340f2edc-dc56-4a0b-b31a-f15991e15988.api.k8s.fr-par.scw.cloud:6443","cni":"cilium","created_at":"2023-06-13T15:21:37.632840Z","dashboard_enabled":false,"description":"","dns_wildcard":"*.340f2edc-dc56-4a0b-b31a-f15991e15988.nodes.k8s.fr-par.scw.cloud","feature_gates":[],"id":"340f2edc-dc56-4a0b-b31a-f15991e15988","ingress":"none","name":"K8SPoolConfigKubeletArgs","open_id_connect_config":{"client_id":"","groups_claim":[],"groups_prefix":"","issuer_url":"","required_claim":[],"username_claim":"","username_prefix":""},"organization_id":"fa1e3217-dc80-42ac-85c3-3f034b78b552","private_network_id":"ac63694d-f4ed-4517-938c-a894de59da77","project_id":"fa1e3217-dc80-42ac-85c3-3f034b78b552","region":"fr-par","status":"creating","tags":["terraform-test","scaleway_k8s_cluster","kubelet_args"],"type":"kapsule","updated_at":"2023-06-13T15:21:37.640893Z","upgrade_available":false,"version":"1.27.1"}'
    headers:
      Content-Length:
      - "1398"
      Content-Security-Policy:
      - default-src 'none'; frame-ancestors 'none'
      Content-Type:
      - application/json
      Date:
      - Tue, 13 Jun 2023 15:21:37 GMT
      Server:
      - Scaleway API-Gateway
      Strict-Transport-Security:
      - max-age=63072000
      X-Content-Type-Options:
      - nosniff
      X-Frame-Options:
      - DENY
      X-Request-Id:
      - 0c03cbd6-2c58-4bb3-8b58-3b311bfbe760
    status: 200 OK
    code: 200
    duration: ""
- request:
    body: ""
    form: {}
    headers:
      User-Agent:
      - scaleway-sdk-go/v1.0.0-beta.7+dev (go1.20.4; linux; amd64) terraform-provider/develop
        terraform/terraform-tests
    url: https://api.scaleway.com/k8s/v1/regions/fr-par/clusters/340f2edc-dc56-4a0b-b31a-f15991e15988
    method: GET
  response:
    body: '{"admission_plugins":[],"apiserver_cert_sans":[],"auto_upgrade":{"enabled":false,"maintenance_window":{"day":"any","start_hour":0}},"autoscaler_config":{"balance_similar_node_groups":false,"estimator":"binpacking","expander":"random","expendable_pods_priority_cutoff":0,"ignore_daemonsets_utilization":false,"max_graceful_termination_sec":0,"scale_down_delay_after_add":"10m","scale_down_disabled":false,"scale_down_unneeded_time":"10m","scale_down_utilization_threshold":0.5},"cluster_url":"https://340f2edc-dc56-4a0b-b31a-f15991e15988.api.k8s.fr-par.scw.cloud:6443","cni":"cilium","created_at":"2023-06-13T15:21:37.632840Z","dashboard_enabled":false,"description":"","dns_wildcard":"*.340f2edc-dc56-4a0b-b31a-f15991e15988.nodes.k8s.fr-par.scw.cloud","feature_gates":[],"id":"340f2edc-dc56-4a0b-b31a-f15991e15988","ingress":"none","name":"K8SPoolConfigKubeletArgs","open_id_connect_config":{"client_id":"","groups_claim":[],"groups_prefix":"","issuer_url":"","required_claim":[],"username_claim":"","username_prefix":""},"organization_id":"fa1e3217-dc80-42ac-85c3-3f034b78b552","private_network_id":"ac63694d-f4ed-4517-938c-a894de59da77","project_id":"fa1e3217-dc80-42ac-85c3-3f034b78b552","region":"fr-par","status":"pool_required","tags":["terraform-test","scaleway_k8s_cluster","kubelet_args"],"type":"kapsule","updated_at":"2023-06-13T15:21:39.695599Z","upgrade_available":false,"version":"1.27.1"}'
    headers:
      Content-Length:
      - "1403"
      Content-Security-Policy:
      - default-src 'none'; frame-ancestors 'none'
      Content-Type:
      - application/json
      Date:
      - Tue, 13 Jun 2023 15:21:42 GMT
      Server:
      - Scaleway API-Gateway
      Strict-Transport-Security:
      - max-age=63072000
      X-Content-Type-Options:
      - nosniff
      X-Frame-Options:
      - DENY
      X-Request-Id:
      - 40e83dcb-0da2-49af-9bd5-817435b3375e
    status: 200 OK
    code: 200
    duration: ""
- request:
    body: ""
    form: {}
    headers:
      User-Agent:
      - scaleway-sdk-go/v1.0.0-beta.7+dev (go1.20.4; linux; amd64) terraform-provider/develop
        terraform/terraform-tests
    url: https://api.scaleway.com/k8s/v1/regions/fr-par/clusters/340f2edc-dc56-4a0b-b31a-f15991e15988
    method: GET
  response:
    body: '{"admission_plugins":[],"apiserver_cert_sans":[],"auto_upgrade":{"enabled":false,"maintenance_window":{"day":"any","start_hour":0}},"autoscaler_config":{"balance_similar_node_groups":false,"estimator":"binpacking","expander":"random","expendable_pods_priority_cutoff":0,"ignore_daemonsets_utilization":false,"max_graceful_termination_sec":0,"scale_down_delay_after_add":"10m","scale_down_disabled":false,"scale_down_unneeded_time":"10m","scale_down_utilization_threshold":0.5},"cluster_url":"https://340f2edc-dc56-4a0b-b31a-f15991e15988.api.k8s.fr-par.scw.cloud:6443","cni":"cilium","created_at":"2023-06-13T15:21:37.632840Z","dashboard_enabled":false,"description":"","dns_wildcard":"*.340f2edc-dc56-4a0b-b31a-f15991e15988.nodes.k8s.fr-par.scw.cloud","feature_gates":[],"id":"340f2edc-dc56-4a0b-b31a-f15991e15988","ingress":"none","name":"K8SPoolConfigKubeletArgs","open_id_connect_config":{"client_id":"","groups_claim":[],"groups_prefix":"","issuer_url":"","required_claim":[],"username_claim":"","username_prefix":""},"organization_id":"fa1e3217-dc80-42ac-85c3-3f034b78b552","private_network_id":"ac63694d-f4ed-4517-938c-a894de59da77","project_id":"fa1e3217-dc80-42ac-85c3-3f034b78b552","region":"fr-par","status":"pool_required","tags":["terraform-test","scaleway_k8s_cluster","kubelet_args"],"type":"kapsule","updated_at":"2023-06-13T15:21:39.695599Z","upgrade_available":false,"version":"1.27.1"}'
    headers:
      Content-Length:
      - "1403"
      Content-Security-Policy:
      - default-src 'none'; frame-ancestors 'none'
      Content-Type:
      - application/json
      Date:
      - Tue, 13 Jun 2023 15:21:42 GMT
      Server:
      - Scaleway API-Gateway
      Strict-Transport-Security:
      - max-age=63072000
      X-Content-Type-Options:
      - nosniff
      X-Frame-Options:
      - DENY
      X-Request-Id:
      - 36a809a5-adc5-4220-add1-9267d6cb873f
    status: 200 OK
    code: 200
    duration: ""
- request:
    body: ""
    form: {}
    headers:
      User-Agent:
      - scaleway-sdk-go/v1.0.0-beta.7+dev (go1.20.4; linux; amd64) terraform-provider/develop
        terraform/terraform-tests
    url: https://api.scaleway.com/vpc/v2/regions/fr-par/private-networks/ac63694d-f4ed-4517-938c-a894de59da77
    method: GET
  response:
    body: '{"created_at":"2023-06-13T15:21:37.240381Z","id":"ac63694d-f4ed-4517-938c-a894de59da77","name":"tf-pn-pedantic-shannon","organization_id":"fa1e3217-dc80-42ac-85c3-3f034b78b552","project_id":"fa1e3217-dc80-42ac-85c3-3f034b78b552","region":"fr-par","subnets":[{"created_at":"2023-06-13T15:21:37.240381Z","id":"fe749922-1fba-4b63-aaf4-33056088c75d","subnet":"172.16.40.0/22","updated_at":"2023-06-13T15:21:37.240381Z"},{"created_at":"2023-06-13T15:21:37.240381Z","id":"bcc012c6-d227-4618-b3f9-c67d72ce3ec3","subnet":"fd63:256c:45f7:3d90::/64","updated_at":"2023-06-13T15:21:37.240381Z"}],"tags":[],"updated_at":"2023-06-13T15:21:37.240381Z","vpc_id":"1ec1ecb6-8f58-4f7c-92cc-53c2a5ae519c"}'
    headers:
      Content-Length:
      - "686"
      Content-Security-Policy:
      - default-src 'none'; frame-ancestors 'none'
      Content-Type:
      - application/json
      Date:
      - Tue, 13 Jun 2023 15:21:43 GMT
      Server:
      - Scaleway API-Gateway
      Strict-Transport-Security:
      - max-age=63072000
      X-Content-Type-Options:
      - nosniff
      X-Frame-Options:
      - DENY
      X-Request-Id:
      - 6f9c84a8-5878-4497-849d-07639a9bcfc4
    status: 200 OK
    code: 200
    duration: ""
- request:
    body: ""
    form: {}
    headers:
      User-Agent:
      - scaleway-sdk-go/v1.0.0-beta.7+dev (go1.20.4; linux; amd64) terraform-provider/develop
        terraform/terraform-tests
    url: https://api.scaleway.com/k8s/v1/regions/fr-par/clusters/340f2edc-dc56-4a0b-b31a-f15991e15988/kubeconfig
    method: GET
  response:
    body: '{"content":"YXBpVmVyc2lvbjogdjEKY2x1c3RlcnM6Ci0gbmFtZTogIms4c3Bvb2xjb25maWdrdWJlbGV0YXJncyIKICBjbHVzdGVyOgogICAgY2VydGlmaWNhdGUtYXV0aG9yaXR5LWRhdGE6IExTMHRMUzFDUlVkSlRpQkRSVkpVU1VaSlEwRlVSUzB0TFMwdENrMUpTVU0xZWtORFFXTXJaMEYzU1VKQlowbENRVVJCVGtKbmEzRm9hMmxIT1hjd1FrRlJjMFpCUkVGV1RWSk5kMFZSV1VSV1VWRkVSWGR3Y21SWFNtd0tZMjAxYkdSSFZucE5RalJZUkZSSmVrMUVXWGhOYWtVeFRXcEZlazlXYjFoRVZFMTZUVVJaZUUxcVJURk5ha1Y2VDFadmQwWlVSVlJOUWtWSFFURlZSUXBCZUUxTFlUTldhVnBZU25WYVdGSnNZM3BEUTBGVFNYZEVVVmxLUzI5YVNXaDJZMDVCVVVWQ1FsRkJSR2RuUlZCQlJFTkRRVkZ2UTJkblJVSkJTbkJTQ2tWWk1TODRSamRtZVVKdlFWbDZSaXR3VEhaUU1EZGlUR1J4TVhwclF5dHFkemhXUkdWdWFuZFBNa3hHZVVaeU5GcDFZbkZRU0hCeVYzWlhXamhwYXpVS1RHNWlaazVxVVROVFZHTnBjR3h2VmtkUFEwSjZhekl3UTJ3MlMzRkxVVGxsV214NlltdDRhbU56TUdFMlVuRkhZMFEwYUZjM1JUSkxObXhZVXpGUGNBcHhVVGMxWms5NVJXWTVNM0ZWTWtGNGFXSjNPRk1yWTJ3d2QxQXZUR2R2WkhaaVVVRk9Zak5DV1VGclVqWnZVVGRZTVhnNWQzWnBWRVpUYkVOamRsbzVDamhHWnpCd1ZtZG9XazFvVkU1YU1YbzVkbGN5TWpsaVdqRXZTVk50UmpGb2N6QlNaRUpCS3poM2VtY3hNVXRuT0dWRUsxWXdTVWh5Wld0M1IzZGllRVlLWVhSSGMyeDBabGxJVG1KNU0xUlBMelZNUjBORE5WRTRRMlpLVW5WQ09XeGtlV294TVVsaVUzTnVlalJDVTJ3M1duUTVaMUJLZFhaMldpOTNSMFpXYXdwTE1VaEVLelZZT0haUWNtMHdjVWsxV0ZwclEwRjNSVUZCWVU1RFRVVkJkMFJuV1VSV1VqQlFRVkZJTDBKQlVVUkJaMHRyVFVFNFIwRXhWV1JGZDBWQ0NpOTNVVVpOUVUxQ1FXWTRkMGhSV1VSV1VqQlBRa0paUlVaR2FXbzBjRkZrUVRsV05GcHFhblI0WTJWblpWb3dOeXQyV2s1TlFUQkhRMU54UjFOSllqTUtSRkZGUWtOM1ZVRkJORWxDUVZGRFVXNVJVM2R5S3poa1lsRjNaVmd5V1ZCTldXeEpNbUpsYkVvNU5tUjRZV2RXZDJ4TVZIcFpiRXBJTDJwaGFITnpVd3AxVFROalYxb3pTMWQwYUVsblJFNURWR0UzZFRCaFFrdEhNbFo2WkhjMk4yazBSRkJRWjB0clRHcDZjVWgyU1RCdGNGZFlOVkEwTkcxVVN5dEdVR1JRQ205MU9XY3hSM1kyU2xGVGFXZEZNMUo1UzJGUVJHZG5UamRYSzNWV1VrYzNaazVXVUZwR1YzSTBPRkZVVWtaSldtcFhNMmd3YkdRMmFtbDZZMHcyYWtvS1IyaGtjVmsyTTFVMlkybHdVRTVuT1c5SU1IbExXV1E1V0hsbmJFeHpTVzE0ZGtORVNESmxaR3BpUm1wdGFVcENWMFkwTm5CTmVHeEdORVF3TlhSSll3cG9NMGhYZWpoWmNUZDBXbWx6T1RSRVFXcDFWMGhPTnpoaVdqUm9ZazVsTnpkb2VqZFBZekYyTVhwbFRtcHhaak5JTkVSdE9YQXlTa2syWmxOa2FTdFRDbUYxUnpKVmJUSXdhbVp0VldoRmRHUlNXVlpIV21ZemJVaDVlbUY2T0RjMGRrdzVWUW90TFMwdExVVk9SQ0JEUlZKVVNVWkpRMEZVUlMwdExTMHRDZz09CiAgICBzZXJ2ZXI6IGh0dHBzOi8vMzQwZjJlZGMtZGM1Ni00YTBiLWIzMWEtZjE1OTkxZTE1OTg4LmFwaS5rOHMuZnItcGFyLnNjdy5jbG91ZDo2NDQzCmNvbnRleHRzOgotIG5hbWU6IGFkbWluQGs4c3Bvb2xjb25maWdrdWJlbGV0YXJncwogIGNvbnRleHQ6CiAgICBjbHVzdGVyOiAiazhzcG9vbGNvbmZpZ2t1YmVsZXRhcmdzIgogICAgdXNlcjogazhzcG9vbGNvbmZpZ2t1YmVsZXRhcmdzLWFkbWluCmN1cnJlbnQtY29udGV4dDogYWRtaW5AazhzcG9vbGNvbmZpZ2t1YmVsZXRhcmdzCmtpbmQ6IENvbmZpZwpwcmVmZXJlbmNlczoge30KdXNlcnM6Ci0gbmFtZTogazhzcG9vbGNvbmZpZ2t1YmVsZXRhcmdzLWFkbWluCiAgdXNlcjoKICAgIHRva2VuOiBOWEsyMEU2UHFYYXE5QndvQVZnTzhzOGxhTU5ncGRVZXFITnUxWnFsckhHUzdEWUNtVjB0eWJIYQ==","content_type":"application/octet-stream","name":"kubeconfig"}'
    headers:
      Content-Length:
      - "2684"
      Content-Security-Policy:
      - default-src 'none'; frame-ancestors 'none'
      Content-Type:
      - application/json
      Date:
      - Tue, 13 Jun 2023 15:21:43 GMT
      Server:
      - Scaleway API-Gateway
      Strict-Transport-Security:
      - max-age=63072000
      X-Content-Type-Options:
      - nosniff
      X-Frame-Options:
      - DENY
      X-Request-Id:
      - e6d56661-a419-4c22-9f8f-fcd33309d496
    status: 200 OK
    code: 200
    duration: ""
- request:
    body: ""
    form: {}
    headers:
      User-Agent:
      - scaleway-sdk-go/v1.0.0-beta.7+dev (go1.20.4; linux; amd64) terraform-provider/develop
        terraform/terraform-tests
    url: https://api.scaleway.com/k8s/v1/regions/fr-par/clusters/340f2edc-dc56-4a0b-b31a-f15991e15988
    method: GET
  response:
    body: '{"admission_plugins":[],"apiserver_cert_sans":[],"auto_upgrade":{"enabled":false,"maintenance_window":{"day":"any","start_hour":0}},"autoscaler_config":{"balance_similar_node_groups":false,"estimator":"binpacking","expander":"random","expendable_pods_priority_cutoff":0,"ignore_daemonsets_utilization":false,"max_graceful_termination_sec":0,"scale_down_delay_after_add":"10m","scale_down_disabled":false,"scale_down_unneeded_time":"10m","scale_down_utilization_threshold":0.5},"cluster_url":"https://340f2edc-dc56-4a0b-b31a-f15991e15988.api.k8s.fr-par.scw.cloud:6443","cni":"cilium","created_at":"2023-06-13T15:21:37.632840Z","dashboard_enabled":false,"description":"","dns_wildcard":"*.340f2edc-dc56-4a0b-b31a-f15991e15988.nodes.k8s.fr-par.scw.cloud","feature_gates":[],"id":"340f2edc-dc56-4a0b-b31a-f15991e15988","ingress":"none","name":"K8SPoolConfigKubeletArgs","open_id_connect_config":{"client_id":"","groups_claim":[],"groups_prefix":"","issuer_url":"","required_claim":[],"username_claim":"","username_prefix":""},"organization_id":"fa1e3217-dc80-42ac-85c3-3f034b78b552","private_network_id":"ac63694d-f4ed-4517-938c-a894de59da77","project_id":"fa1e3217-dc80-42ac-85c3-3f034b78b552","region":"fr-par","status":"pool_required","tags":["terraform-test","scaleway_k8s_cluster","kubelet_args"],"type":"kapsule","updated_at":"2023-06-13T15:21:39.695599Z","upgrade_available":false,"version":"1.27.1"}'
    headers:
      Content-Length:
      - "1403"
      Content-Security-Policy:
      - default-src 'none'; frame-ancestors 'none'
      Content-Type:
      - application/json
      Date:
      - Tue, 13 Jun 2023 15:21:43 GMT
      Server:
      - Scaleway API-Gateway
      Strict-Transport-Security:
      - max-age=63072000
      X-Content-Type-Options:
      - nosniff
      X-Frame-Options:
      - DENY
      X-Request-Id:
      - 48278adb-de07-452e-a0e7-ddd498220d4b
    status: 200 OK
    code: 200
    duration: ""
- request:
    body: '{"name":"default","node_type":"gp1_xs","placement_group_id":null,"autoscaling":true,"size":1,"min_size":1,"max_size":1,"container_runtime":"containerd","autohealing":true,"tags":["terraform-test","scaleway_k8s_cluster","kubelet_args"],"kubelet_args":{"maxPods":"1337"},"upgrade_policy":null,"zone":"fr-par-1","root_volume_type":"default_volume_type","root_volume_size":null}'
    form: {}
    headers:
      Content-Type:
      - application/json
      User-Agent:
      - scaleway-sdk-go/v1.0.0-beta.7+dev (go1.20.4; linux; amd64) terraform-provider/develop
        terraform/terraform-tests
    url: https://api.scaleway.com/k8s/v1/regions/fr-par/clusters/340f2edc-dc56-4a0b-b31a-f15991e15988/pools
    method: POST
  response:
    body: '{"autohealing":true,"autoscaling":true,"cluster_id":"340f2edc-dc56-4a0b-b31a-f15991e15988","container_runtime":"containerd","created_at":"2023-06-13T15:21:43.388219Z","id":"76d3433e-7754-4f8b-8c8c-db5334208dba","kubelet_args":{"maxPods":"1337"},"max_size":1,"min_size":1,"name":"default","node_type":"gp1_xs","placement_group_id":null,"region":"fr-par","root_volume_size":150000000000,"root_volume_type":"l_ssd","size":1,"status":"scaling","tags":["terraform-test","scaleway_k8s_cluster","kubelet_args"],"updated_at":"2023-06-13T15:21:43.411042951Z","upgrade_policy":{"max_surge":0,"max_unavailable":1},"version":"1.27.1","zone":"fr-par-1"}'
    headers:
      Content-Length:
      - "640"
      Content-Security-Policy:
      - default-src 'none'; frame-ancestors 'none'
      Content-Type:
      - application/json
      Date:
      - Tue, 13 Jun 2023 15:21:43 GMT
      Server:
      - Scaleway API-Gateway
      Strict-Transport-Security:
      - max-age=63072000
      X-Content-Type-Options:
      - nosniff
      X-Frame-Options:
      - DENY
      X-Request-Id:
      - 2ce76ba3-3ce5-4bc1-8133-a0d09258b20a
    status: 200 OK
    code: 200
    duration: ""
- request:
    body: ""
    form: {}
    headers:
      User-Agent:
      - scaleway-sdk-go/v1.0.0-beta.7+dev (go1.20.4; linux; amd64) terraform-provider/develop
        terraform/terraform-tests
    url: https://api.scaleway.com/k8s/v1/regions/fr-par/pools/76d3433e-7754-4f8b-8c8c-db5334208dba
    method: GET
  response:
    body: '{"autohealing":true,"autoscaling":true,"cluster_id":"340f2edc-dc56-4a0b-b31a-f15991e15988","container_runtime":"containerd","created_at":"2023-06-13T15:21:43.388219Z","id":"76d3433e-7754-4f8b-8c8c-db5334208dba","kubelet_args":{"maxPods":"1337"},"max_size":1,"min_size":1,"name":"default","node_type":"gp1_xs","placement_group_id":null,"region":"fr-par","root_volume_size":150000000000,"root_volume_type":"l_ssd","size":1,"status":"scaling","tags":["terraform-test","scaleway_k8s_cluster","kubelet_args"],"updated_at":"2023-06-13T15:21:43.411043Z","upgrade_policy":{"max_surge":0,"max_unavailable":1},"version":"1.27.1","zone":"fr-par-1"}'
    headers:
      Content-Length:
      - "637"
      Content-Security-Policy:
      - default-src 'none'; frame-ancestors 'none'
      Content-Type:
      - application/json
      Date:
      - Tue, 13 Jun 2023 15:21:43 GMT
      Server:
      - Scaleway API-Gateway
      Strict-Transport-Security:
      - max-age=63072000
      X-Content-Type-Options:
      - nosniff
      X-Frame-Options:
      - DENY
      X-Request-Id:
      - 906d315d-3e5d-492f-84f6-e4d6cdd6175c
    status: 200 OK
    code: 200
    duration: ""
- request:
    body: ""
    form: {}
    headers:
      User-Agent:
      - scaleway-sdk-go/v1.0.0-beta.7+dev (go1.20.4; linux; amd64) terraform-provider/develop
        terraform/terraform-tests
    url: https://api.scaleway.com/k8s/v1/regions/fr-par/pools/76d3433e-7754-4f8b-8c8c-db5334208dba
    method: GET
  response:
    body: '{"autohealing":true,"autoscaling":true,"cluster_id":"340f2edc-dc56-4a0b-b31a-f15991e15988","container_runtime":"containerd","created_at":"2023-06-13T15:21:43.388219Z","id":"76d3433e-7754-4f8b-8c8c-db5334208dba","kubelet_args":{"maxPods":"1337"},"max_size":1,"min_size":1,"name":"default","node_type":"gp1_xs","placement_group_id":null,"region":"fr-par","root_volume_size":150000000000,"root_volume_type":"l_ssd","size":1,"status":"scaling","tags":["terraform-test","scaleway_k8s_cluster","kubelet_args"],"updated_at":"2023-06-13T15:21:43.411043Z","upgrade_policy":{"max_surge":0,"max_unavailable":1},"version":"1.27.1","zone":"fr-par-1"}'
    headers:
      Content-Length:
      - "637"
      Content-Security-Policy:
      - default-src 'none'; frame-ancestors 'none'
      Content-Type:
      - application/json
      Date:
      - Tue, 13 Jun 2023 15:21:48 GMT
      Server:
      - Scaleway API-Gateway
      Strict-Transport-Security:
      - max-age=63072000
      X-Content-Type-Options:
      - nosniff
      X-Frame-Options:
      - DENY
      X-Request-Id:
      - 516d2a91-5bc9-4247-bf82-7f7ac6f884eb
    status: 200 OK
    code: 200
    duration: ""
- request:
    body: ""
    form: {}
    headers:
      User-Agent:
      - scaleway-sdk-go/v1.0.0-beta.7+dev (go1.20.4; linux; amd64) terraform-provider/develop
        terraform/terraform-tests
    url: https://api.scaleway.com/k8s/v1/regions/fr-par/pools/76d3433e-7754-4f8b-8c8c-db5334208dba
    method: GET
  response:
    body: '{"autohealing":true,"autoscaling":true,"cluster_id":"340f2edc-dc56-4a0b-b31a-f15991e15988","container_runtime":"containerd","created_at":"2023-06-13T15:21:43.388219Z","id":"76d3433e-7754-4f8b-8c8c-db5334208dba","kubelet_args":{"maxPods":"1337"},"max_size":1,"min_size":1,"name":"default","node_type":"gp1_xs","placement_group_id":null,"region":"fr-par","root_volume_size":150000000000,"root_volume_type":"l_ssd","size":1,"status":"scaling","tags":["terraform-test","scaleway_k8s_cluster","kubelet_args"],"updated_at":"2023-06-13T15:21:43.411043Z","upgrade_policy":{"max_surge":0,"max_unavailable":1},"version":"1.27.1","zone":"fr-par-1"}'
    headers:
      Content-Length:
      - "637"
      Content-Security-Policy:
      - default-src 'none'; frame-ancestors 'none'
      Content-Type:
      - application/json
      Date:
      - Tue, 13 Jun 2023 15:21:54 GMT
      Server:
      - Scaleway API-Gateway
      Strict-Transport-Security:
      - max-age=63072000
      X-Content-Type-Options:
      - nosniff
      X-Frame-Options:
      - DENY
      X-Request-Id:
      - 7c34c2d7-3a54-457d-bdaf-7373c19d9dfc
    status: 200 OK
    code: 200
    duration: ""
- request:
    body: ""
    form: {}
    headers:
      User-Agent:
      - scaleway-sdk-go/v1.0.0-beta.7+dev (go1.20.4; linux; amd64) terraform-provider/develop
        terraform/terraform-tests
    url: https://api.scaleway.com/k8s/v1/regions/fr-par/pools/76d3433e-7754-4f8b-8c8c-db5334208dba
    method: GET
  response:
    body: '{"autohealing":true,"autoscaling":true,"cluster_id":"340f2edc-dc56-4a0b-b31a-f15991e15988","container_runtime":"containerd","created_at":"2023-06-13T15:21:43.388219Z","id":"76d3433e-7754-4f8b-8c8c-db5334208dba","kubelet_args":{"maxPods":"1337"},"max_size":1,"min_size":1,"name":"default","node_type":"gp1_xs","placement_group_id":null,"region":"fr-par","root_volume_size":150000000000,"root_volume_type":"l_ssd","size":1,"status":"scaling","tags":["terraform-test","scaleway_k8s_cluster","kubelet_args"],"updated_at":"2023-06-13T15:21:43.411043Z","upgrade_policy":{"max_surge":0,"max_unavailable":1},"version":"1.27.1","zone":"fr-par-1"}'
    headers:
      Content-Length:
      - "637"
      Content-Security-Policy:
      - default-src 'none'; frame-ancestors 'none'
      Content-Type:
      - application/json
      Date:
      - Tue, 13 Jun 2023 15:21:59 GMT
      Server:
      - Scaleway API-Gateway
      Strict-Transport-Security:
      - max-age=63072000
      X-Content-Type-Options:
      - nosniff
      X-Frame-Options:
      - DENY
      X-Request-Id:
      - 1706e689-1e1f-4918-9b5f-e1f2706f5367
    status: 200 OK
    code: 200
    duration: ""
- request:
    body: ""
    form: {}
    headers:
      User-Agent:
      - scaleway-sdk-go/v1.0.0-beta.7+dev (go1.20.4; linux; amd64) terraform-provider/develop
        terraform/terraform-tests
    url: https://api.scaleway.com/k8s/v1/regions/fr-par/pools/76d3433e-7754-4f8b-8c8c-db5334208dba
    method: GET
  response:
    body: '{"autohealing":true,"autoscaling":true,"cluster_id":"340f2edc-dc56-4a0b-b31a-f15991e15988","container_runtime":"containerd","created_at":"2023-06-13T15:21:43.388219Z","id":"76d3433e-7754-4f8b-8c8c-db5334208dba","kubelet_args":{"maxPods":"1337"},"max_size":1,"min_size":1,"name":"default","node_type":"gp1_xs","placement_group_id":null,"region":"fr-par","root_volume_size":150000000000,"root_volume_type":"l_ssd","size":1,"status":"scaling","tags":["terraform-test","scaleway_k8s_cluster","kubelet_args"],"updated_at":"2023-06-13T15:21:43.411043Z","upgrade_policy":{"max_surge":0,"max_unavailable":1},"version":"1.27.1","zone":"fr-par-1"}'
    headers:
      Content-Length:
      - "637"
      Content-Security-Policy:
      - default-src 'none'; frame-ancestors 'none'
      Content-Type:
      - application/json
      Date:
      - Tue, 13 Jun 2023 15:22:04 GMT
      Server:
      - Scaleway API-Gateway
      Strict-Transport-Security:
      - max-age=63072000
      X-Content-Type-Options:
      - nosniff
      X-Frame-Options:
      - DENY
      X-Request-Id:
      - 0bd85ca1-db1a-4e98-86ee-9419068bdb35
    status: 200 OK
    code: 200
    duration: ""
- request:
    body: ""
    form: {}
    headers:
      User-Agent:
      - scaleway-sdk-go/v1.0.0-beta.7+dev (go1.20.4; linux; amd64) terraform-provider/develop
        terraform/terraform-tests
    url: https://api.scaleway.com/k8s/v1/regions/fr-par/pools/76d3433e-7754-4f8b-8c8c-db5334208dba
    method: GET
  response:
    body: '{"autohealing":true,"autoscaling":true,"cluster_id":"340f2edc-dc56-4a0b-b31a-f15991e15988","container_runtime":"containerd","created_at":"2023-06-13T15:21:43.388219Z","id":"76d3433e-7754-4f8b-8c8c-db5334208dba","kubelet_args":{"maxPods":"1337"},"max_size":1,"min_size":1,"name":"default","node_type":"gp1_xs","placement_group_id":null,"region":"fr-par","root_volume_size":150000000000,"root_volume_type":"l_ssd","size":1,"status":"scaling","tags":["terraform-test","scaleway_k8s_cluster","kubelet_args"],"updated_at":"2023-06-13T15:21:43.411043Z","upgrade_policy":{"max_surge":0,"max_unavailable":1},"version":"1.27.1","zone":"fr-par-1"}'
    headers:
      Content-Length:
      - "637"
      Content-Security-Policy:
      - default-src 'none'; frame-ancestors 'none'
      Content-Type:
      - application/json
      Date:
      - Tue, 13 Jun 2023 15:22:09 GMT
      Server:
      - Scaleway API-Gateway
      Strict-Transport-Security:
      - max-age=63072000
      X-Content-Type-Options:
      - nosniff
      X-Frame-Options:
      - DENY
      X-Request-Id:
      - 25996867-50d6-49a3-8a8d-d307278e543f
    status: 200 OK
    code: 200
    duration: ""
- request:
    body: ""
    form: {}
    headers:
      User-Agent:
      - scaleway-sdk-go/v1.0.0-beta.7+dev (go1.20.4; linux; amd64) terraform-provider/develop
        terraform/terraform-tests
    url: https://api.scaleway.com/k8s/v1/regions/fr-par/pools/76d3433e-7754-4f8b-8c8c-db5334208dba
    method: GET
  response:
    body: '{"autohealing":true,"autoscaling":true,"cluster_id":"340f2edc-dc56-4a0b-b31a-f15991e15988","container_runtime":"containerd","created_at":"2023-06-13T15:21:43.388219Z","id":"76d3433e-7754-4f8b-8c8c-db5334208dba","kubelet_args":{"maxPods":"1337"},"max_size":1,"min_size":1,"name":"default","node_type":"gp1_xs","placement_group_id":null,"region":"fr-par","root_volume_size":150000000000,"root_volume_type":"l_ssd","size":1,"status":"scaling","tags":["terraform-test","scaleway_k8s_cluster","kubelet_args"],"updated_at":"2023-06-13T15:21:43.411043Z","upgrade_policy":{"max_surge":0,"max_unavailable":1},"version":"1.27.1","zone":"fr-par-1"}'
    headers:
      Content-Length:
      - "637"
      Content-Security-Policy:
      - default-src 'none'; frame-ancestors 'none'
      Content-Type:
      - application/json
      Date:
      - Tue, 13 Jun 2023 15:22:14 GMT
      Server:
      - Scaleway API-Gateway
      Strict-Transport-Security:
      - max-age=63072000
      X-Content-Type-Options:
      - nosniff
      X-Frame-Options:
      - DENY
      X-Request-Id:
      - aca40def-fadc-4c53-8682-0dae8a2af5a0
    status: 200 OK
    code: 200
    duration: ""
- request:
    body: ""
    form: {}
    headers:
      User-Agent:
      - scaleway-sdk-go/v1.0.0-beta.7+dev (go1.20.4; linux; amd64) terraform-provider/develop
        terraform/terraform-tests
    url: https://api.scaleway.com/k8s/v1/regions/fr-par/pools/76d3433e-7754-4f8b-8c8c-db5334208dba
    method: GET
  response:
    body: '{"autohealing":true,"autoscaling":true,"cluster_id":"340f2edc-dc56-4a0b-b31a-f15991e15988","container_runtime":"containerd","created_at":"2023-06-13T15:21:43.388219Z","id":"76d3433e-7754-4f8b-8c8c-db5334208dba","kubelet_args":{"maxPods":"1337"},"max_size":1,"min_size":1,"name":"default","node_type":"gp1_xs","placement_group_id":null,"region":"fr-par","root_volume_size":150000000000,"root_volume_type":"l_ssd","size":1,"status":"scaling","tags":["terraform-test","scaleway_k8s_cluster","kubelet_args"],"updated_at":"2023-06-13T15:21:43.411043Z","upgrade_policy":{"max_surge":0,"max_unavailable":1},"version":"1.27.1","zone":"fr-par-1"}'
    headers:
      Content-Length:
      - "637"
      Content-Security-Policy:
      - default-src 'none'; frame-ancestors 'none'
      Content-Type:
      - application/json
      Date:
      - Tue, 13 Jun 2023 15:22:19 GMT
      Server:
      - Scaleway API-Gateway
      Strict-Transport-Security:
      - max-age=63072000
      X-Content-Type-Options:
      - nosniff
      X-Frame-Options:
      - DENY
      X-Request-Id:
      - a7475477-6881-4041-884c-305c7c064874
    status: 200 OK
    code: 200
    duration: ""
- request:
    body: ""
    form: {}
    headers:
      User-Agent:
      - scaleway-sdk-go/v1.0.0-beta.7+dev (go1.20.4; linux; amd64) terraform-provider/develop
        terraform/terraform-tests
    url: https://api.scaleway.com/k8s/v1/regions/fr-par/pools/76d3433e-7754-4f8b-8c8c-db5334208dba
    method: GET
  response:
    body: '{"autohealing":true,"autoscaling":true,"cluster_id":"340f2edc-dc56-4a0b-b31a-f15991e15988","container_runtime":"containerd","created_at":"2023-06-13T15:21:43.388219Z","id":"76d3433e-7754-4f8b-8c8c-db5334208dba","kubelet_args":{"maxPods":"1337"},"max_size":1,"min_size":1,"name":"default","node_type":"gp1_xs","placement_group_id":null,"region":"fr-par","root_volume_size":150000000000,"root_volume_type":"l_ssd","size":1,"status":"scaling","tags":["terraform-test","scaleway_k8s_cluster","kubelet_args"],"updated_at":"2023-06-13T15:21:43.411043Z","upgrade_policy":{"max_surge":0,"max_unavailable":1},"version":"1.27.1","zone":"fr-par-1"}'
    headers:
      Content-Length:
      - "637"
      Content-Security-Policy:
      - default-src 'none'; frame-ancestors 'none'
      Content-Type:
      - application/json
      Date:
      - Tue, 13 Jun 2023 15:22:25 GMT
      Server:
      - Scaleway API-Gateway
      Strict-Transport-Security:
      - max-age=63072000
      X-Content-Type-Options:
      - nosniff
      X-Frame-Options:
      - DENY
      X-Request-Id:
      - e469e3e8-b004-431c-8173-e5ff4862fda1
    status: 200 OK
    code: 200
    duration: ""
- request:
    body: ""
    form: {}
    headers:
      User-Agent:
      - scaleway-sdk-go/v1.0.0-beta.7+dev (go1.20.4; linux; amd64) terraform-provider/develop
        terraform/terraform-tests
    url: https://api.scaleway.com/k8s/v1/regions/fr-par/pools/76d3433e-7754-4f8b-8c8c-db5334208dba
    method: GET
  response:
    body: '{"autohealing":true,"autoscaling":true,"cluster_id":"340f2edc-dc56-4a0b-b31a-f15991e15988","container_runtime":"containerd","created_at":"2023-06-13T15:21:43.388219Z","id":"76d3433e-7754-4f8b-8c8c-db5334208dba","kubelet_args":{"maxPods":"1337"},"max_size":1,"min_size":1,"name":"default","node_type":"gp1_xs","placement_group_id":null,"region":"fr-par","root_volume_size":150000000000,"root_volume_type":"l_ssd","size":1,"status":"scaling","tags":["terraform-test","scaleway_k8s_cluster","kubelet_args"],"updated_at":"2023-06-13T15:21:43.411043Z","upgrade_policy":{"max_surge":0,"max_unavailable":1},"version":"1.27.1","zone":"fr-par-1"}'
    headers:
      Content-Length:
      - "637"
      Content-Security-Policy:
      - default-src 'none'; frame-ancestors 'none'
      Content-Type:
      - application/json
      Date:
      - Tue, 13 Jun 2023 15:22:30 GMT
      Server:
      - Scaleway API-Gateway
      Strict-Transport-Security:
      - max-age=63072000
      X-Content-Type-Options:
      - nosniff
      X-Frame-Options:
      - DENY
      X-Request-Id:
      - 18d3ab1c-7c23-4315-bc1a-8d1579833779
    status: 200 OK
    code: 200
    duration: ""
- request:
    body: ""
    form: {}
    headers:
      User-Agent:
      - scaleway-sdk-go/v1.0.0-beta.7+dev (go1.20.4; linux; amd64) terraform-provider/develop
        terraform/terraform-tests
    url: https://api.scaleway.com/k8s/v1/regions/fr-par/pools/76d3433e-7754-4f8b-8c8c-db5334208dba
    method: GET
  response:
    body: '{"autohealing":true,"autoscaling":true,"cluster_id":"340f2edc-dc56-4a0b-b31a-f15991e15988","container_runtime":"containerd","created_at":"2023-06-13T15:21:43.388219Z","id":"76d3433e-7754-4f8b-8c8c-db5334208dba","kubelet_args":{"maxPods":"1337"},"max_size":1,"min_size":1,"name":"default","node_type":"gp1_xs","placement_group_id":null,"region":"fr-par","root_volume_size":150000000000,"root_volume_type":"l_ssd","size":1,"status":"scaling","tags":["terraform-test","scaleway_k8s_cluster","kubelet_args"],"updated_at":"2023-06-13T15:21:43.411043Z","upgrade_policy":{"max_surge":0,"max_unavailable":1},"version":"1.27.1","zone":"fr-par-1"}'
    headers:
      Content-Length:
      - "637"
      Content-Security-Policy:
      - default-src 'none'; frame-ancestors 'none'
      Content-Type:
      - application/json
      Date:
      - Tue, 13 Jun 2023 15:22:35 GMT
      Server:
      - Scaleway API-Gateway
      Strict-Transport-Security:
      - max-age=63072000
      X-Content-Type-Options:
      - nosniff
      X-Frame-Options:
      - DENY
      X-Request-Id:
      - be732546-047f-4775-82a4-7e673e89c100
    status: 200 OK
    code: 200
    duration: ""
- request:
    body: ""
    form: {}
    headers:
      User-Agent:
      - scaleway-sdk-go/v1.0.0-beta.7+dev (go1.20.4; linux; amd64) terraform-provider/develop
        terraform/terraform-tests
    url: https://api.scaleway.com/k8s/v1/regions/fr-par/pools/76d3433e-7754-4f8b-8c8c-db5334208dba
    method: GET
  response:
    body: '{"autohealing":true,"autoscaling":true,"cluster_id":"340f2edc-dc56-4a0b-b31a-f15991e15988","container_runtime":"containerd","created_at":"2023-06-13T15:21:43.388219Z","id":"76d3433e-7754-4f8b-8c8c-db5334208dba","kubelet_args":{"maxPods":"1337"},"max_size":1,"min_size":1,"name":"default","node_type":"gp1_xs","placement_group_id":null,"region":"fr-par","root_volume_size":150000000000,"root_volume_type":"l_ssd","size":1,"status":"scaling","tags":["terraform-test","scaleway_k8s_cluster","kubelet_args"],"updated_at":"2023-06-13T15:21:43.411043Z","upgrade_policy":{"max_surge":0,"max_unavailable":1},"version":"1.27.1","zone":"fr-par-1"}'
    headers:
      Content-Length:
      - "637"
      Content-Security-Policy:
      - default-src 'none'; frame-ancestors 'none'
      Content-Type:
      - application/json
      Date:
      - Tue, 13 Jun 2023 15:22:40 GMT
      Server:
      - Scaleway API-Gateway
      Strict-Transport-Security:
      - max-age=63072000
      X-Content-Type-Options:
      - nosniff
      X-Frame-Options:
      - DENY
      X-Request-Id:
      - e97627c3-20e5-450d-9f95-12db3462f041
    status: 200 OK
    code: 200
    duration: ""
- request:
    body: ""
    form: {}
    headers:
      User-Agent:
      - scaleway-sdk-go/v1.0.0-beta.7+dev (go1.20.4; linux; amd64) terraform-provider/develop
        terraform/terraform-tests
    url: https://api.scaleway.com/k8s/v1/regions/fr-par/pools/76d3433e-7754-4f8b-8c8c-db5334208dba
    method: GET
  response:
    body: '{"autohealing":true,"autoscaling":true,"cluster_id":"340f2edc-dc56-4a0b-b31a-f15991e15988","container_runtime":"containerd","created_at":"2023-06-13T15:21:43.388219Z","id":"76d3433e-7754-4f8b-8c8c-db5334208dba","kubelet_args":{"maxPods":"1337"},"max_size":1,"min_size":1,"name":"default","node_type":"gp1_xs","placement_group_id":null,"region":"fr-par","root_volume_size":150000000000,"root_volume_type":"l_ssd","size":1,"status":"scaling","tags":["terraform-test","scaleway_k8s_cluster","kubelet_args"],"updated_at":"2023-06-13T15:21:43.411043Z","upgrade_policy":{"max_surge":0,"max_unavailable":1},"version":"1.27.1","zone":"fr-par-1"}'
    headers:
      Content-Length:
      - "637"
      Content-Security-Policy:
      - default-src 'none'; frame-ancestors 'none'
      Content-Type:
      - application/json
      Date:
      - Tue, 13 Jun 2023 15:22:45 GMT
      Server:
      - Scaleway API-Gateway
      Strict-Transport-Security:
      - max-age=63072000
      X-Content-Type-Options:
      - nosniff
      X-Frame-Options:
      - DENY
      X-Request-Id:
      - 5e2ff484-c910-4fb6-8a78-7e1160ff5c6e
    status: 200 OK
    code: 200
    duration: ""
- request:
    body: ""
    form: {}
    headers:
      User-Agent:
      - scaleway-sdk-go/v1.0.0-beta.7+dev (go1.20.4; linux; amd64) terraform-provider/develop
        terraform/terraform-tests
    url: https://api.scaleway.com/k8s/v1/regions/fr-par/pools/76d3433e-7754-4f8b-8c8c-db5334208dba
    method: GET
  response:
    body: '{"autohealing":true,"autoscaling":true,"cluster_id":"340f2edc-dc56-4a0b-b31a-f15991e15988","container_runtime":"containerd","created_at":"2023-06-13T15:21:43.388219Z","id":"76d3433e-7754-4f8b-8c8c-db5334208dba","kubelet_args":{"maxPods":"1337"},"max_size":1,"min_size":1,"name":"default","node_type":"gp1_xs","placement_group_id":null,"region":"fr-par","root_volume_size":150000000000,"root_volume_type":"l_ssd","size":1,"status":"scaling","tags":["terraform-test","scaleway_k8s_cluster","kubelet_args"],"updated_at":"2023-06-13T15:21:43.411043Z","upgrade_policy":{"max_surge":0,"max_unavailable":1},"version":"1.27.1","zone":"fr-par-1"}'
    headers:
      Content-Length:
      - "637"
      Content-Security-Policy:
      - default-src 'none'; frame-ancestors 'none'
      Content-Type:
      - application/json
      Date:
      - Tue, 13 Jun 2023 15:22:50 GMT
      Server:
      - Scaleway API-Gateway
      Strict-Transport-Security:
      - max-age=63072000
      X-Content-Type-Options:
      - nosniff
      X-Frame-Options:
      - DENY
      X-Request-Id:
      - a7a2cccf-3a46-4850-899b-80509104008f
    status: 200 OK
    code: 200
    duration: ""
- request:
    body: ""
    form: {}
    headers:
      User-Agent:
      - scaleway-sdk-go/v1.0.0-beta.7+dev (go1.20.4; linux; amd64) terraform-provider/develop
        terraform/terraform-tests
    url: https://api.scaleway.com/k8s/v1/regions/fr-par/pools/76d3433e-7754-4f8b-8c8c-db5334208dba
    method: GET
  response:
    body: '{"autohealing":true,"autoscaling":true,"cluster_id":"340f2edc-dc56-4a0b-b31a-f15991e15988","container_runtime":"containerd","created_at":"2023-06-13T15:21:43.388219Z","id":"76d3433e-7754-4f8b-8c8c-db5334208dba","kubelet_args":{"maxPods":"1337"},"max_size":1,"min_size":1,"name":"default","node_type":"gp1_xs","placement_group_id":null,"region":"fr-par","root_volume_size":150000000000,"root_volume_type":"l_ssd","size":1,"status":"scaling","tags":["terraform-test","scaleway_k8s_cluster","kubelet_args"],"updated_at":"2023-06-13T15:21:43.411043Z","upgrade_policy":{"max_surge":0,"max_unavailable":1},"version":"1.27.1","zone":"fr-par-1"}'
    headers:
      Content-Length:
      - "637"
      Content-Security-Policy:
      - default-src 'none'; frame-ancestors 'none'
      Content-Type:
      - application/json
      Date:
      - Tue, 13 Jun 2023 15:22:56 GMT
      Server:
      - Scaleway API-Gateway
      Strict-Transport-Security:
      - max-age=63072000
      X-Content-Type-Options:
      - nosniff
      X-Frame-Options:
      - DENY
      X-Request-Id:
      - ff7adcbd-1943-463c-b983-d232300042f0
    status: 200 OK
    code: 200
    duration: ""
- request:
    body: ""
    form: {}
    headers:
      User-Agent:
      - scaleway-sdk-go/v1.0.0-beta.7+dev (go1.20.4; linux; amd64) terraform-provider/develop
        terraform/terraform-tests
    url: https://api.scaleway.com/k8s/v1/regions/fr-par/pools/76d3433e-7754-4f8b-8c8c-db5334208dba
    method: GET
  response:
    body: '{"autohealing":true,"autoscaling":true,"cluster_id":"340f2edc-dc56-4a0b-b31a-f15991e15988","container_runtime":"containerd","created_at":"2023-06-13T15:21:43.388219Z","id":"76d3433e-7754-4f8b-8c8c-db5334208dba","kubelet_args":{"maxPods":"1337"},"max_size":1,"min_size":1,"name":"default","node_type":"gp1_xs","placement_group_id":null,"region":"fr-par","root_volume_size":150000000000,"root_volume_type":"l_ssd","size":1,"status":"scaling","tags":["terraform-test","scaleway_k8s_cluster","kubelet_args"],"updated_at":"2023-06-13T15:21:43.411043Z","upgrade_policy":{"max_surge":0,"max_unavailable":1},"version":"1.27.1","zone":"fr-par-1"}'
    headers:
      Content-Length:
      - "637"
      Content-Security-Policy:
      - default-src 'none'; frame-ancestors 'none'
      Content-Type:
      - application/json
      Date:
      - Tue, 13 Jun 2023 15:23:01 GMT
      Server:
      - Scaleway API-Gateway
      Strict-Transport-Security:
      - max-age=63072000
      X-Content-Type-Options:
      - nosniff
      X-Frame-Options:
      - DENY
      X-Request-Id:
      - 10d0e702-5ad4-4d2e-9267-b0d6a51da2de
    status: 200 OK
    code: 200
    duration: ""
- request:
    body: ""
    form: {}
    headers:
      User-Agent:
      - scaleway-sdk-go/v1.0.0-beta.7+dev (go1.20.4; linux; amd64) terraform-provider/develop
        terraform/terraform-tests
    url: https://api.scaleway.com/k8s/v1/regions/fr-par/pools/76d3433e-7754-4f8b-8c8c-db5334208dba
    method: GET
  response:
    body: '{"autohealing":true,"autoscaling":true,"cluster_id":"340f2edc-dc56-4a0b-b31a-f15991e15988","container_runtime":"containerd","created_at":"2023-06-13T15:21:43.388219Z","id":"76d3433e-7754-4f8b-8c8c-db5334208dba","kubelet_args":{"maxPods":"1337"},"max_size":1,"min_size":1,"name":"default","node_type":"gp1_xs","placement_group_id":null,"region":"fr-par","root_volume_size":150000000000,"root_volume_type":"l_ssd","size":1,"status":"scaling","tags":["terraform-test","scaleway_k8s_cluster","kubelet_args"],"updated_at":"2023-06-13T15:21:43.411043Z","upgrade_policy":{"max_surge":0,"max_unavailable":1},"version":"1.27.1","zone":"fr-par-1"}'
    headers:
      Content-Length:
      - "637"
      Content-Security-Policy:
      - default-src 'none'; frame-ancestors 'none'
      Content-Type:
      - application/json
      Date:
      - Tue, 13 Jun 2023 15:23:06 GMT
      Server:
      - Scaleway API-Gateway
      Strict-Transport-Security:
      - max-age=63072000
      X-Content-Type-Options:
      - nosniff
      X-Frame-Options:
      - DENY
      X-Request-Id:
      - ea064746-7abb-4c8e-96f0-b0711ea88978
    status: 200 OK
    code: 200
    duration: ""
- request:
    body: ""
    form: {}
    headers:
      User-Agent:
      - scaleway-sdk-go/v1.0.0-beta.7+dev (go1.20.4; linux; amd64) terraform-provider/develop
        terraform/terraform-tests
    url: https://api.scaleway.com/k8s/v1/regions/fr-par/pools/76d3433e-7754-4f8b-8c8c-db5334208dba
    method: GET
  response:
    body: '{"autohealing":true,"autoscaling":true,"cluster_id":"340f2edc-dc56-4a0b-b31a-f15991e15988","container_runtime":"containerd","created_at":"2023-06-13T15:21:43.388219Z","id":"76d3433e-7754-4f8b-8c8c-db5334208dba","kubelet_args":{"maxPods":"1337"},"max_size":1,"min_size":1,"name":"default","node_type":"gp1_xs","placement_group_id":null,"region":"fr-par","root_volume_size":150000000000,"root_volume_type":"l_ssd","size":1,"status":"scaling","tags":["terraform-test","scaleway_k8s_cluster","kubelet_args"],"updated_at":"2023-06-13T15:21:43.411043Z","upgrade_policy":{"max_surge":0,"max_unavailable":1},"version":"1.27.1","zone":"fr-par-1"}'
    headers:
      Content-Length:
      - "637"
      Content-Security-Policy:
      - default-src 'none'; frame-ancestors 'none'
      Content-Type:
      - application/json
      Date:
      - Tue, 13 Jun 2023 15:23:11 GMT
      Server:
      - Scaleway API-Gateway
      Strict-Transport-Security:
      - max-age=63072000
      X-Content-Type-Options:
      - nosniff
      X-Frame-Options:
      - DENY
      X-Request-Id:
      - 586749e0-1ab9-45dd-a609-5c8491916d0a
    status: 200 OK
    code: 200
    duration: ""
- request:
    body: ""
    form: {}
    headers:
      User-Agent:
      - scaleway-sdk-go/v1.0.0-beta.7+dev (go1.20.4; linux; amd64) terraform-provider/develop
        terraform/terraform-tests
    url: https://api.scaleway.com/k8s/v1/regions/fr-par/pools/76d3433e-7754-4f8b-8c8c-db5334208dba
    method: GET
  response:
    body: '{"autohealing":true,"autoscaling":true,"cluster_id":"340f2edc-dc56-4a0b-b31a-f15991e15988","container_runtime":"containerd","created_at":"2023-06-13T15:21:43.388219Z","id":"76d3433e-7754-4f8b-8c8c-db5334208dba","kubelet_args":{"maxPods":"1337"},"max_size":1,"min_size":1,"name":"default","node_type":"gp1_xs","placement_group_id":null,"region":"fr-par","root_volume_size":150000000000,"root_volume_type":"l_ssd","size":1,"status":"scaling","tags":["terraform-test","scaleway_k8s_cluster","kubelet_args"],"updated_at":"2023-06-13T15:21:43.411043Z","upgrade_policy":{"max_surge":0,"max_unavailable":1},"version":"1.27.1","zone":"fr-par-1"}'
    headers:
      Content-Length:
      - "637"
      Content-Security-Policy:
      - default-src 'none'; frame-ancestors 'none'
      Content-Type:
      - application/json
      Date:
      - Tue, 13 Jun 2023 15:23:16 GMT
      Server:
      - Scaleway API-Gateway
      Strict-Transport-Security:
      - max-age=63072000
      X-Content-Type-Options:
      - nosniff
      X-Frame-Options:
      - DENY
      X-Request-Id:
      - a3ce585f-e62d-41f8-a085-85d34eb33e9f
    status: 200 OK
    code: 200
    duration: ""
- request:
    body: ""
    form: {}
    headers:
      User-Agent:
      - scaleway-sdk-go/v1.0.0-beta.7+dev (go1.20.4; linux; amd64) terraform-provider/develop
        terraform/terraform-tests
    url: https://api.scaleway.com/k8s/v1/regions/fr-par/pools/76d3433e-7754-4f8b-8c8c-db5334208dba
    method: GET
  response:
    body: '{"autohealing":true,"autoscaling":true,"cluster_id":"340f2edc-dc56-4a0b-b31a-f15991e15988","container_runtime":"containerd","created_at":"2023-06-13T15:21:43.388219Z","id":"76d3433e-7754-4f8b-8c8c-db5334208dba","kubelet_args":{"maxPods":"1337"},"max_size":1,"min_size":1,"name":"default","node_type":"gp1_xs","placement_group_id":null,"region":"fr-par","root_volume_size":150000000000,"root_volume_type":"l_ssd","size":1,"status":"scaling","tags":["terraform-test","scaleway_k8s_cluster","kubelet_args"],"updated_at":"2023-06-13T15:21:43.411043Z","upgrade_policy":{"max_surge":0,"max_unavailable":1},"version":"1.27.1","zone":"fr-par-1"}'
    headers:
      Content-Length:
      - "637"
      Content-Security-Policy:
      - default-src 'none'; frame-ancestors 'none'
      Content-Type:
      - application/json
      Date:
      - Tue, 13 Jun 2023 15:23:21 GMT
      Server:
      - Scaleway API-Gateway
      Strict-Transport-Security:
      - max-age=63072000
      X-Content-Type-Options:
      - nosniff
      X-Frame-Options:
      - DENY
      X-Request-Id:
      - 7ea2ea80-5bd2-4d30-bc23-b5299a365538
    status: 200 OK
    code: 200
    duration: ""
- request:
    body: ""
    form: {}
    headers:
      User-Agent:
      - scaleway-sdk-go/v1.0.0-beta.7+dev (go1.20.4; linux; amd64) terraform-provider/develop
        terraform/terraform-tests
    url: https://api.scaleway.com/k8s/v1/regions/fr-par/pools/76d3433e-7754-4f8b-8c8c-db5334208dba
    method: GET
  response:
    body: '{"autohealing":true,"autoscaling":true,"cluster_id":"340f2edc-dc56-4a0b-b31a-f15991e15988","container_runtime":"containerd","created_at":"2023-06-13T15:21:43.388219Z","id":"76d3433e-7754-4f8b-8c8c-db5334208dba","kubelet_args":{"maxPods":"1337"},"max_size":1,"min_size":1,"name":"default","node_type":"gp1_xs","placement_group_id":null,"region":"fr-par","root_volume_size":150000000000,"root_volume_type":"l_ssd","size":1,"status":"scaling","tags":["terraform-test","scaleway_k8s_cluster","kubelet_args"],"updated_at":"2023-06-13T15:21:43.411043Z","upgrade_policy":{"max_surge":0,"max_unavailable":1},"version":"1.27.1","zone":"fr-par-1"}'
    headers:
      Content-Length:
      - "637"
      Content-Security-Policy:
      - default-src 'none'; frame-ancestors 'none'
      Content-Type:
      - application/json
      Date:
      - Tue, 13 Jun 2023 15:23:26 GMT
      Server:
      - Scaleway API-Gateway
      Strict-Transport-Security:
      - max-age=63072000
      X-Content-Type-Options:
      - nosniff
      X-Frame-Options:
      - DENY
      X-Request-Id:
      - 712d53e3-2571-478b-810e-a3250c6e6c2a
    status: 200 OK
    code: 200
    duration: ""
- request:
    body: ""
    form: {}
    headers:
      User-Agent:
      - scaleway-sdk-go/v1.0.0-beta.7+dev (go1.20.4; linux; amd64) terraform-provider/develop
        terraform/terraform-tests
    url: https://api.scaleway.com/k8s/v1/regions/fr-par/pools/76d3433e-7754-4f8b-8c8c-db5334208dba
    method: GET
  response:
    body: '{"autohealing":true,"autoscaling":true,"cluster_id":"340f2edc-dc56-4a0b-b31a-f15991e15988","container_runtime":"containerd","created_at":"2023-06-13T15:21:43.388219Z","id":"76d3433e-7754-4f8b-8c8c-db5334208dba","kubelet_args":{"maxPods":"1337"},"max_size":1,"min_size":1,"name":"default","node_type":"gp1_xs","placement_group_id":null,"region":"fr-par","root_volume_size":150000000000,"root_volume_type":"l_ssd","size":1,"status":"scaling","tags":["terraform-test","scaleway_k8s_cluster","kubelet_args"],"updated_at":"2023-06-13T15:21:43.411043Z","upgrade_policy":{"max_surge":0,"max_unavailable":1},"version":"1.27.1","zone":"fr-par-1"}'
    headers:
      Content-Length:
      - "637"
      Content-Security-Policy:
      - default-src 'none'; frame-ancestors 'none'
      Content-Type:
      - application/json
      Date:
      - Tue, 13 Jun 2023 15:23:31 GMT
      Server:
      - Scaleway API-Gateway
      Strict-Transport-Security:
      - max-age=63072000
      X-Content-Type-Options:
      - nosniff
      X-Frame-Options:
      - DENY
      X-Request-Id:
      - 0dc809c6-f4b1-4932-b119-f3adfebdf5d5
    status: 200 OK
    code: 200
    duration: ""
- request:
    body: ""
    form: {}
    headers:
      User-Agent:
      - scaleway-sdk-go/v1.0.0-beta.7+dev (go1.20.4; linux; amd64) terraform-provider/develop
        terraform/terraform-tests
    url: https://api.scaleway.com/k8s/v1/regions/fr-par/pools/76d3433e-7754-4f8b-8c8c-db5334208dba
    method: GET
  response:
    body: '{"autohealing":true,"autoscaling":true,"cluster_id":"340f2edc-dc56-4a0b-b31a-f15991e15988","container_runtime":"containerd","created_at":"2023-06-13T15:21:43.388219Z","id":"76d3433e-7754-4f8b-8c8c-db5334208dba","kubelet_args":{"maxPods":"1337"},"max_size":1,"min_size":1,"name":"default","node_type":"gp1_xs","placement_group_id":null,"region":"fr-par","root_volume_size":150000000000,"root_volume_type":"l_ssd","size":1,"status":"scaling","tags":["terraform-test","scaleway_k8s_cluster","kubelet_args"],"updated_at":"2023-06-13T15:21:43.411043Z","upgrade_policy":{"max_surge":0,"max_unavailable":1},"version":"1.27.1","zone":"fr-par-1"}'
    headers:
      Content-Length:
      - "637"
      Content-Security-Policy:
      - default-src 'none'; frame-ancestors 'none'
      Content-Type:
      - application/json
      Date:
      - Tue, 13 Jun 2023 15:23:36 GMT
      Server:
      - Scaleway API-Gateway
      Strict-Transport-Security:
      - max-age=63072000
      X-Content-Type-Options:
      - nosniff
      X-Frame-Options:
      - DENY
      X-Request-Id:
      - 3e795e8f-8649-4740-8dca-884299680a41
    status: 200 OK
    code: 200
    duration: ""
- request:
    body: ""
    form: {}
    headers:
      User-Agent:
      - scaleway-sdk-go/v1.0.0-beta.7+dev (go1.20.4; linux; amd64) terraform-provider/develop
        terraform/terraform-tests
    url: https://api.scaleway.com/k8s/v1/regions/fr-par/pools/76d3433e-7754-4f8b-8c8c-db5334208dba
    method: GET
  response:
    body: '{"autohealing":true,"autoscaling":true,"cluster_id":"340f2edc-dc56-4a0b-b31a-f15991e15988","container_runtime":"containerd","created_at":"2023-06-13T15:21:43.388219Z","id":"76d3433e-7754-4f8b-8c8c-db5334208dba","kubelet_args":{"maxPods":"1337"},"max_size":1,"min_size":1,"name":"default","node_type":"gp1_xs","placement_group_id":null,"region":"fr-par","root_volume_size":150000000000,"root_volume_type":"l_ssd","size":1,"status":"scaling","tags":["terraform-test","scaleway_k8s_cluster","kubelet_args"],"updated_at":"2023-06-13T15:21:43.411043Z","upgrade_policy":{"max_surge":0,"max_unavailable":1},"version":"1.27.1","zone":"fr-par-1"}'
    headers:
      Content-Length:
      - "637"
      Content-Security-Policy:
      - default-src 'none'; frame-ancestors 'none'
      Content-Type:
      - application/json
      Date:
      - Tue, 13 Jun 2023 15:23:41 GMT
      Server:
      - Scaleway API-Gateway
      Strict-Transport-Security:
      - max-age=63072000
      X-Content-Type-Options:
      - nosniff
      X-Frame-Options:
      - DENY
      X-Request-Id:
      - b2f46812-2b79-4da6-b4d2-8bc84cbfbd6b
    status: 200 OK
    code: 200
    duration: ""
- request:
    body: ""
    form: {}
    headers:
      User-Agent:
      - scaleway-sdk-go/v1.0.0-beta.7+dev (go1.20.4; linux; amd64) terraform-provider/develop
        terraform/terraform-tests
    url: https://api.scaleway.com/k8s/v1/regions/fr-par/pools/76d3433e-7754-4f8b-8c8c-db5334208dba
    method: GET
  response:
    body: '{"autohealing":true,"autoscaling":true,"cluster_id":"340f2edc-dc56-4a0b-b31a-f15991e15988","container_runtime":"containerd","created_at":"2023-06-13T15:21:43.388219Z","id":"76d3433e-7754-4f8b-8c8c-db5334208dba","kubelet_args":{"maxPods":"1337"},"max_size":1,"min_size":1,"name":"default","node_type":"gp1_xs","placement_group_id":null,"region":"fr-par","root_volume_size":150000000000,"root_volume_type":"l_ssd","size":1,"status":"scaling","tags":["terraform-test","scaleway_k8s_cluster","kubelet_args"],"updated_at":"2023-06-13T15:21:43.411043Z","upgrade_policy":{"max_surge":0,"max_unavailable":1},"version":"1.27.1","zone":"fr-par-1"}'
    headers:
      Content-Length:
      - "637"
      Content-Security-Policy:
      - default-src 'none'; frame-ancestors 'none'
      Content-Type:
      - application/json
      Date:
      - Tue, 13 Jun 2023 15:23:46 GMT
      Server:
      - Scaleway API-Gateway
      Strict-Transport-Security:
      - max-age=63072000
      X-Content-Type-Options:
      - nosniff
      X-Frame-Options:
      - DENY
      X-Request-Id:
      - e655a1b6-5000-4291-975b-8fdbb873fa75
    status: 200 OK
    code: 200
    duration: ""
- request:
    body: ""
    form: {}
    headers:
      User-Agent:
      - scaleway-sdk-go/v1.0.0-beta.7+dev (go1.20.4; linux; amd64) terraform-provider/develop
        terraform/terraform-tests
    url: https://api.scaleway.com/k8s/v1/regions/fr-par/pools/76d3433e-7754-4f8b-8c8c-db5334208dba
    method: GET
  response:
    body: '{"autohealing":true,"autoscaling":true,"cluster_id":"340f2edc-dc56-4a0b-b31a-f15991e15988","container_runtime":"containerd","created_at":"2023-06-13T15:21:43.388219Z","id":"76d3433e-7754-4f8b-8c8c-db5334208dba","kubelet_args":{"maxPods":"1337"},"max_size":1,"min_size":1,"name":"default","node_type":"gp1_xs","placement_group_id":null,"region":"fr-par","root_volume_size":150000000000,"root_volume_type":"l_ssd","size":1,"status":"scaling","tags":["terraform-test","scaleway_k8s_cluster","kubelet_args"],"updated_at":"2023-06-13T15:21:43.411043Z","upgrade_policy":{"max_surge":0,"max_unavailable":1},"version":"1.27.1","zone":"fr-par-1"}'
    headers:
      Content-Length:
      - "637"
      Content-Security-Policy:
      - default-src 'none'; frame-ancestors 'none'
      Content-Type:
      - application/json
      Date:
      - Tue, 13 Jun 2023 15:23:51 GMT
      Server:
      - Scaleway API-Gateway
      Strict-Transport-Security:
      - max-age=63072000
      X-Content-Type-Options:
      - nosniff
      X-Frame-Options:
      - DENY
      X-Request-Id:
      - 8687ee4d-2ca5-4a11-a3bb-b74adcbac0cf
    status: 200 OK
    code: 200
    duration: ""
- request:
    body: ""
    form: {}
    headers:
      User-Agent:
      - scaleway-sdk-go/v1.0.0-beta.7+dev (go1.20.4; linux; amd64) terraform-provider/develop
        terraform/terraform-tests
    url: https://api.scaleway.com/k8s/v1/regions/fr-par/pools/76d3433e-7754-4f8b-8c8c-db5334208dba
    method: GET
  response:
    body: '{"autohealing":true,"autoscaling":true,"cluster_id":"340f2edc-dc56-4a0b-b31a-f15991e15988","container_runtime":"containerd","created_at":"2023-06-13T15:21:43.388219Z","id":"76d3433e-7754-4f8b-8c8c-db5334208dba","kubelet_args":{"maxPods":"1337"},"max_size":1,"min_size":1,"name":"default","node_type":"gp1_xs","placement_group_id":null,"region":"fr-par","root_volume_size":150000000000,"root_volume_type":"l_ssd","size":1,"status":"scaling","tags":["terraform-test","scaleway_k8s_cluster","kubelet_args"],"updated_at":"2023-06-13T15:21:43.411043Z","upgrade_policy":{"max_surge":0,"max_unavailable":1},"version":"1.27.1","zone":"fr-par-1"}'
    headers:
      Content-Length:
      - "637"
      Content-Security-Policy:
      - default-src 'none'; frame-ancestors 'none'
      Content-Type:
      - application/json
      Date:
      - Tue, 13 Jun 2023 15:23:56 GMT
      Server:
      - Scaleway API-Gateway
      Strict-Transport-Security:
      - max-age=63072000
      X-Content-Type-Options:
      - nosniff
      X-Frame-Options:
      - DENY
      X-Request-Id:
      - 2a34f44e-fbb9-4bc0-a6cc-b7c1329ae76f
    status: 200 OK
    code: 200
    duration: ""
- request:
    body: ""
    form: {}
    headers:
      User-Agent:
      - scaleway-sdk-go/v1.0.0-beta.7+dev (go1.20.4; linux; amd64) terraform-provider/develop
        terraform/terraform-tests
    url: https://api.scaleway.com/k8s/v1/regions/fr-par/pools/76d3433e-7754-4f8b-8c8c-db5334208dba
    method: GET
  response:
    body: '{"autohealing":true,"autoscaling":true,"cluster_id":"340f2edc-dc56-4a0b-b31a-f15991e15988","container_runtime":"containerd","created_at":"2023-06-13T15:21:43.388219Z","id":"76d3433e-7754-4f8b-8c8c-db5334208dba","kubelet_args":{"maxPods":"1337"},"max_size":1,"min_size":1,"name":"default","node_type":"gp1_xs","placement_group_id":null,"region":"fr-par","root_volume_size":150000000000,"root_volume_type":"l_ssd","size":1,"status":"scaling","tags":["terraform-test","scaleway_k8s_cluster","kubelet_args"],"updated_at":"2023-06-13T15:21:43.411043Z","upgrade_policy":{"max_surge":0,"max_unavailable":1},"version":"1.27.1","zone":"fr-par-1"}'
    headers:
      Content-Length:
      - "637"
      Content-Security-Policy:
      - default-src 'none'; frame-ancestors 'none'
      Content-Type:
      - application/json
      Date:
      - Tue, 13 Jun 2023 15:24:02 GMT
      Server:
      - Scaleway API-Gateway
      Strict-Transport-Security:
      - max-age=63072000
      X-Content-Type-Options:
      - nosniff
      X-Frame-Options:
      - DENY
      X-Request-Id:
      - 97bec8d7-71b1-4074-8874-8f81e1383403
    status: 200 OK
    code: 200
    duration: ""
- request:
    body: ""
    form: {}
    headers:
      User-Agent:
      - scaleway-sdk-go/v1.0.0-beta.7+dev (go1.20.4; linux; amd64) terraform-provider/develop
        terraform/terraform-tests
    url: https://api.scaleway.com/k8s/v1/regions/fr-par/pools/76d3433e-7754-4f8b-8c8c-db5334208dba
    method: GET
  response:
    body: '{"autohealing":true,"autoscaling":true,"cluster_id":"340f2edc-dc56-4a0b-b31a-f15991e15988","container_runtime":"containerd","created_at":"2023-06-13T15:21:43.388219Z","id":"76d3433e-7754-4f8b-8c8c-db5334208dba","kubelet_args":{"maxPods":"1337"},"max_size":1,"min_size":1,"name":"default","node_type":"gp1_xs","placement_group_id":null,"region":"fr-par","root_volume_size":150000000000,"root_volume_type":"l_ssd","size":1,"status":"scaling","tags":["terraform-test","scaleway_k8s_cluster","kubelet_args"],"updated_at":"2023-06-13T15:21:43.411043Z","upgrade_policy":{"max_surge":0,"max_unavailable":1},"version":"1.27.1","zone":"fr-par-1"}'
    headers:
      Content-Length:
      - "637"
      Content-Security-Policy:
      - default-src 'none'; frame-ancestors 'none'
      Content-Type:
      - application/json
      Date:
      - Tue, 13 Jun 2023 15:24:07 GMT
      Server:
      - Scaleway API-Gateway
      Strict-Transport-Security:
      - max-age=63072000
      X-Content-Type-Options:
      - nosniff
      X-Frame-Options:
      - DENY
      X-Request-Id:
      - 7712c1d1-ffe7-438f-8c86-985866026d06
    status: 200 OK
    code: 200
    duration: ""
- request:
    body: ""
    form: {}
    headers:
      User-Agent:
      - scaleway-sdk-go/v1.0.0-beta.7+dev (go1.20.4; linux; amd64) terraform-provider/develop
        terraform/terraform-tests
    url: https://api.scaleway.com/k8s/v1/regions/fr-par/pools/76d3433e-7754-4f8b-8c8c-db5334208dba
    method: GET
  response:
    body: '{"autohealing":true,"autoscaling":true,"cluster_id":"340f2edc-dc56-4a0b-b31a-f15991e15988","container_runtime":"containerd","created_at":"2023-06-13T15:21:43.388219Z","id":"76d3433e-7754-4f8b-8c8c-db5334208dba","kubelet_args":{"maxPods":"1337"},"max_size":1,"min_size":1,"name":"default","node_type":"gp1_xs","placement_group_id":null,"region":"fr-par","root_volume_size":150000000000,"root_volume_type":"l_ssd","size":1,"status":"scaling","tags":["terraform-test","scaleway_k8s_cluster","kubelet_args"],"updated_at":"2023-06-13T15:21:43.411043Z","upgrade_policy":{"max_surge":0,"max_unavailable":1},"version":"1.27.1","zone":"fr-par-1"}'
    headers:
      Content-Length:
      - "637"
      Content-Security-Policy:
      - default-src 'none'; frame-ancestors 'none'
      Content-Type:
      - application/json
      Date:
      - Tue, 13 Jun 2023 15:24:12 GMT
      Server:
      - Scaleway API-Gateway
      Strict-Transport-Security:
      - max-age=63072000
      X-Content-Type-Options:
      - nosniff
      X-Frame-Options:
      - DENY
      X-Request-Id:
      - 1f5399cb-7eee-4bf1-ba8b-5993dbae4714
    status: 200 OK
    code: 200
    duration: ""
- request:
    body: ""
    form: {}
    headers:
      User-Agent:
      - scaleway-sdk-go/v1.0.0-beta.7+dev (go1.20.4; linux; amd64) terraform-provider/develop
        terraform/terraform-tests
    url: https://api.scaleway.com/k8s/v1/regions/fr-par/pools/76d3433e-7754-4f8b-8c8c-db5334208dba
    method: GET
  response:
    body: '{"autohealing":true,"autoscaling":true,"cluster_id":"340f2edc-dc56-4a0b-b31a-f15991e15988","container_runtime":"containerd","created_at":"2023-06-13T15:21:43.388219Z","id":"76d3433e-7754-4f8b-8c8c-db5334208dba","kubelet_args":{"maxPods":"1337"},"max_size":1,"min_size":1,"name":"default","node_type":"gp1_xs","placement_group_id":null,"region":"fr-par","root_volume_size":150000000000,"root_volume_type":"l_ssd","size":1,"status":"scaling","tags":["terraform-test","scaleway_k8s_cluster","kubelet_args"],"updated_at":"2023-06-13T15:21:43.411043Z","upgrade_policy":{"max_surge":0,"max_unavailable":1},"version":"1.27.1","zone":"fr-par-1"}'
    headers:
      Content-Length:
      - "637"
      Content-Security-Policy:
      - default-src 'none'; frame-ancestors 'none'
      Content-Type:
      - application/json
      Date:
      - Tue, 13 Jun 2023 15:24:17 GMT
      Server:
      - Scaleway API-Gateway
      Strict-Transport-Security:
      - max-age=63072000
      X-Content-Type-Options:
      - nosniff
      X-Frame-Options:
      - DENY
      X-Request-Id:
      - 7383ba11-10f3-4135-9c88-aa4f6f242d1a
    status: 200 OK
    code: 200
    duration: ""
- request:
    body: ""
    form: {}
    headers:
      User-Agent:
      - scaleway-sdk-go/v1.0.0-beta.7+dev (go1.20.4; linux; amd64) terraform-provider/develop
        terraform/terraform-tests
    url: https://api.scaleway.com/k8s/v1/regions/fr-par/pools/76d3433e-7754-4f8b-8c8c-db5334208dba
    method: GET
  response:
    body: '{"autohealing":true,"autoscaling":true,"cluster_id":"340f2edc-dc56-4a0b-b31a-f15991e15988","container_runtime":"containerd","created_at":"2023-06-13T15:21:43.388219Z","id":"76d3433e-7754-4f8b-8c8c-db5334208dba","kubelet_args":{"maxPods":"1337"},"max_size":1,"min_size":1,"name":"default","node_type":"gp1_xs","placement_group_id":null,"region":"fr-par","root_volume_size":150000000000,"root_volume_type":"l_ssd","size":1,"status":"scaling","tags":["terraform-test","scaleway_k8s_cluster","kubelet_args"],"updated_at":"2023-06-13T15:21:43.411043Z","upgrade_policy":{"max_surge":0,"max_unavailable":1},"version":"1.27.1","zone":"fr-par-1"}'
    headers:
      Content-Length:
      - "637"
      Content-Security-Policy:
      - default-src 'none'; frame-ancestors 'none'
      Content-Type:
      - application/json
      Date:
      - Tue, 13 Jun 2023 15:24:22 GMT
      Server:
      - Scaleway API-Gateway
      Strict-Transport-Security:
      - max-age=63072000
      X-Content-Type-Options:
      - nosniff
      X-Frame-Options:
      - DENY
      X-Request-Id:
      - 5761bf6e-4b9a-4b82-ab1f-4b85823e70fe
    status: 200 OK
    code: 200
    duration: ""
- request:
    body: ""
    form: {}
    headers:
      User-Agent:
      - scaleway-sdk-go/v1.0.0-beta.7+dev (go1.20.4; linux; amd64) terraform-provider/develop
        terraform/terraform-tests
    url: https://api.scaleway.com/k8s/v1/regions/fr-par/pools/76d3433e-7754-4f8b-8c8c-db5334208dba
    method: GET
  response:
    body: '{"autohealing":true,"autoscaling":true,"cluster_id":"340f2edc-dc56-4a0b-b31a-f15991e15988","container_runtime":"containerd","created_at":"2023-06-13T15:21:43.388219Z","id":"76d3433e-7754-4f8b-8c8c-db5334208dba","kubelet_args":{"maxPods":"1337"},"max_size":1,"min_size":1,"name":"default","node_type":"gp1_xs","placement_group_id":null,"region":"fr-par","root_volume_size":150000000000,"root_volume_type":"l_ssd","size":1,"status":"scaling","tags":["terraform-test","scaleway_k8s_cluster","kubelet_args"],"updated_at":"2023-06-13T15:21:43.411043Z","upgrade_policy":{"max_surge":0,"max_unavailable":1},"version":"1.27.1","zone":"fr-par-1"}'
    headers:
      Content-Length:
      - "637"
      Content-Security-Policy:
      - default-src 'none'; frame-ancestors 'none'
      Content-Type:
      - application/json
      Date:
      - Tue, 13 Jun 2023 15:24:27 GMT
      Server:
      - Scaleway API-Gateway
      Strict-Transport-Security:
      - max-age=63072000
      X-Content-Type-Options:
      - nosniff
      X-Frame-Options:
      - DENY
      X-Request-Id:
      - dd284060-cd0b-4f52-895f-1dc9063a17cc
    status: 200 OK
    code: 200
    duration: ""
- request:
    body: ""
    form: {}
    headers:
      User-Agent:
      - scaleway-sdk-go/v1.0.0-beta.7+dev (go1.20.4; linux; amd64) terraform-provider/develop
        terraform/terraform-tests
    url: https://api.scaleway.com/k8s/v1/regions/fr-par/pools/76d3433e-7754-4f8b-8c8c-db5334208dba
    method: GET
  response:
    body: '{"autohealing":true,"autoscaling":true,"cluster_id":"340f2edc-dc56-4a0b-b31a-f15991e15988","container_runtime":"containerd","created_at":"2023-06-13T15:21:43.388219Z","id":"76d3433e-7754-4f8b-8c8c-db5334208dba","kubelet_args":{"maxPods":"1337"},"max_size":1,"min_size":1,"name":"default","node_type":"gp1_xs","placement_group_id":null,"region":"fr-par","root_volume_size":150000000000,"root_volume_type":"l_ssd","size":1,"status":"scaling","tags":["terraform-test","scaleway_k8s_cluster","kubelet_args"],"updated_at":"2023-06-13T15:21:43.411043Z","upgrade_policy":{"max_surge":0,"max_unavailable":1},"version":"1.27.1","zone":"fr-par-1"}'
    headers:
      Content-Length:
      - "637"
      Content-Security-Policy:
      - default-src 'none'; frame-ancestors 'none'
      Content-Type:
      - application/json
      Date:
      - Tue, 13 Jun 2023 15:24:32 GMT
      Server:
      - Scaleway API-Gateway
      Strict-Transport-Security:
      - max-age=63072000
      X-Content-Type-Options:
      - nosniff
      X-Frame-Options:
      - DENY
      X-Request-Id:
      - c9ec358b-e3e5-47ae-85f1-ae392f9eabf0
    status: 200 OK
    code: 200
    duration: ""
- request:
    body: ""
    form: {}
    headers:
      User-Agent:
      - scaleway-sdk-go/v1.0.0-beta.7+dev (go1.20.4; linux; amd64) terraform-provider/develop
        terraform/terraform-tests
    url: https://api.scaleway.com/k8s/v1/regions/fr-par/pools/76d3433e-7754-4f8b-8c8c-db5334208dba
    method: GET
  response:
    body: '{"autohealing":true,"autoscaling":true,"cluster_id":"340f2edc-dc56-4a0b-b31a-f15991e15988","container_runtime":"containerd","created_at":"2023-06-13T15:21:43.388219Z","id":"76d3433e-7754-4f8b-8c8c-db5334208dba","kubelet_args":{"maxPods":"1337"},"max_size":1,"min_size":1,"name":"default","node_type":"gp1_xs","placement_group_id":null,"region":"fr-par","root_volume_size":150000000000,"root_volume_type":"l_ssd","size":1,"status":"scaling","tags":["terraform-test","scaleway_k8s_cluster","kubelet_args"],"updated_at":"2023-06-13T15:21:43.411043Z","upgrade_policy":{"max_surge":0,"max_unavailable":1},"version":"1.27.1","zone":"fr-par-1"}'
    headers:
      Content-Length:
      - "637"
      Content-Security-Policy:
      - default-src 'none'; frame-ancestors 'none'
      Content-Type:
      - application/json
      Date:
      - Tue, 13 Jun 2023 15:24:37 GMT
      Server:
      - Scaleway API-Gateway
      Strict-Transport-Security:
      - max-age=63072000
      X-Content-Type-Options:
      - nosniff
      X-Frame-Options:
      - DENY
      X-Request-Id:
      - 091dfc81-4972-4912-a414-650eae842d8e
    status: 200 OK
    code: 200
    duration: ""
- request:
    body: ""
    form: {}
    headers:
      User-Agent:
      - scaleway-sdk-go/v1.0.0-beta.7+dev (go1.20.4; linux; amd64) terraform-provider/develop
        terraform/terraform-tests
    url: https://api.scaleway.com/k8s/v1/regions/fr-par/pools/76d3433e-7754-4f8b-8c8c-db5334208dba
    method: GET
  response:
    body: '{"autohealing":true,"autoscaling":true,"cluster_id":"340f2edc-dc56-4a0b-b31a-f15991e15988","container_runtime":"containerd","created_at":"2023-06-13T15:21:43.388219Z","id":"76d3433e-7754-4f8b-8c8c-db5334208dba","kubelet_args":{"maxPods":"1337"},"max_size":1,"min_size":1,"name":"default","node_type":"gp1_xs","placement_group_id":null,"region":"fr-par","root_volume_size":150000000000,"root_volume_type":"l_ssd","size":1,"status":"scaling","tags":["terraform-test","scaleway_k8s_cluster","kubelet_args"],"updated_at":"2023-06-13T15:21:43.411043Z","upgrade_policy":{"max_surge":0,"max_unavailable":1},"version":"1.27.1","zone":"fr-par-1"}'
    headers:
      Content-Length:
      - "637"
      Content-Security-Policy:
      - default-src 'none'; frame-ancestors 'none'
      Content-Type:
      - application/json
      Date:
      - Tue, 13 Jun 2023 15:24:42 GMT
      Server:
      - Scaleway API-Gateway
      Strict-Transport-Security:
      - max-age=63072000
      X-Content-Type-Options:
      - nosniff
      X-Frame-Options:
      - DENY
      X-Request-Id:
      - 3f866611-9594-4d12-9867-c8eae4890e4c
    status: 200 OK
    code: 200
    duration: ""
- request:
    body: ""
    form: {}
    headers:
      User-Agent:
      - scaleway-sdk-go/v1.0.0-beta.7+dev (go1.20.4; linux; amd64) terraform-provider/develop
        terraform/terraform-tests
    url: https://api.scaleway.com/k8s/v1/regions/fr-par/pools/76d3433e-7754-4f8b-8c8c-db5334208dba
    method: GET
  response:
    body: '{"autohealing":true,"autoscaling":true,"cluster_id":"340f2edc-dc56-4a0b-b31a-f15991e15988","container_runtime":"containerd","created_at":"2023-06-13T15:21:43.388219Z","id":"76d3433e-7754-4f8b-8c8c-db5334208dba","kubelet_args":{"maxPods":"1337"},"max_size":1,"min_size":1,"name":"default","node_type":"gp1_xs","placement_group_id":null,"region":"fr-par","root_volume_size":150000000000,"root_volume_type":"l_ssd","size":1,"status":"scaling","tags":["terraform-test","scaleway_k8s_cluster","kubelet_args"],"updated_at":"2023-06-13T15:21:43.411043Z","upgrade_policy":{"max_surge":0,"max_unavailable":1},"version":"1.27.1","zone":"fr-par-1"}'
    headers:
      Content-Length:
      - "637"
      Content-Security-Policy:
      - default-src 'none'; frame-ancestors 'none'
      Content-Type:
      - application/json
      Date:
      - Tue, 13 Jun 2023 15:24:48 GMT
      Server:
      - Scaleway API-Gateway
      Strict-Transport-Security:
      - max-age=63072000
      X-Content-Type-Options:
      - nosniff
      X-Frame-Options:
      - DENY
      X-Request-Id:
      - de9da90b-3117-4bf4-9d07-6a04d30b8f2f
    status: 200 OK
    code: 200
    duration: ""
- request:
    body: ""
    form: {}
    headers:
      User-Agent:
      - scaleway-sdk-go/v1.0.0-beta.7+dev (go1.20.4; linux; amd64) terraform-provider/develop
        terraform/terraform-tests
    url: https://api.scaleway.com/k8s/v1/regions/fr-par/pools/76d3433e-7754-4f8b-8c8c-db5334208dba
    method: GET
  response:
    body: '{"autohealing":true,"autoscaling":true,"cluster_id":"340f2edc-dc56-4a0b-b31a-f15991e15988","container_runtime":"containerd","created_at":"2023-06-13T15:21:43.388219Z","id":"76d3433e-7754-4f8b-8c8c-db5334208dba","kubelet_args":{"maxPods":"1337"},"max_size":1,"min_size":1,"name":"default","node_type":"gp1_xs","placement_group_id":null,"region":"fr-par","root_volume_size":150000000000,"root_volume_type":"l_ssd","size":1,"status":"scaling","tags":["terraform-test","scaleway_k8s_cluster","kubelet_args"],"updated_at":"2023-06-13T15:21:43.411043Z","upgrade_policy":{"max_surge":0,"max_unavailable":1},"version":"1.27.1","zone":"fr-par-1"}'
    headers:
      Content-Length:
      - "637"
      Content-Security-Policy:
      - default-src 'none'; frame-ancestors 'none'
      Content-Type:
      - application/json
      Date:
      - Tue, 13 Jun 2023 15:24:53 GMT
      Server:
      - Scaleway API-Gateway
      Strict-Transport-Security:
      - max-age=63072000
      X-Content-Type-Options:
      - nosniff
      X-Frame-Options:
      - DENY
      X-Request-Id:
      - 72fc08d3-49e2-46a1-95c2-c8bfb35943c7
    status: 200 OK
    code: 200
    duration: ""
- request:
    body: ""
    form: {}
    headers:
      User-Agent:
      - scaleway-sdk-go/v1.0.0-beta.7+dev (go1.20.4; linux; amd64) terraform-provider/develop
        terraform/terraform-tests
    url: https://api.scaleway.com/k8s/v1/regions/fr-par/pools/76d3433e-7754-4f8b-8c8c-db5334208dba
    method: GET
  response:
    body: '{"autohealing":true,"autoscaling":true,"cluster_id":"340f2edc-dc56-4a0b-b31a-f15991e15988","container_runtime":"containerd","created_at":"2023-06-13T15:21:43.388219Z","id":"76d3433e-7754-4f8b-8c8c-db5334208dba","kubelet_args":{"maxPods":"1337"},"max_size":1,"min_size":1,"name":"default","node_type":"gp1_xs","placement_group_id":null,"region":"fr-par","root_volume_size":150000000000,"root_volume_type":"l_ssd","size":1,"status":"scaling","tags":["terraform-test","scaleway_k8s_cluster","kubelet_args"],"updated_at":"2023-06-13T15:21:43.411043Z","upgrade_policy":{"max_surge":0,"max_unavailable":1},"version":"1.27.1","zone":"fr-par-1"}'
    headers:
      Content-Length:
      - "637"
      Content-Security-Policy:
      - default-src 'none'; frame-ancestors 'none'
      Content-Type:
      - application/json
      Date:
      - Tue, 13 Jun 2023 15:24:58 GMT
      Server:
      - Scaleway API-Gateway
      Strict-Transport-Security:
      - max-age=63072000
      X-Content-Type-Options:
      - nosniff
      X-Frame-Options:
      - DENY
      X-Request-Id:
      - f937e549-3a34-42ee-8fba-bb1e77fbfaf7
    status: 200 OK
    code: 200
    duration: ""
- request:
    body: ""
    form: {}
    headers:
      User-Agent:
      - scaleway-sdk-go/v1.0.0-beta.7+dev (go1.20.4; linux; amd64) terraform-provider/develop
        terraform/terraform-tests
    url: https://api.scaleway.com/k8s/v1/regions/fr-par/pools/76d3433e-7754-4f8b-8c8c-db5334208dba
    method: GET
  response:
    body: '{"autohealing":true,"autoscaling":true,"cluster_id":"340f2edc-dc56-4a0b-b31a-f15991e15988","container_runtime":"containerd","created_at":"2023-06-13T15:21:43.388219Z","id":"76d3433e-7754-4f8b-8c8c-db5334208dba","kubelet_args":{"maxPods":"1337"},"max_size":1,"min_size":1,"name":"default","node_type":"gp1_xs","placement_group_id":null,"region":"fr-par","root_volume_size":150000000000,"root_volume_type":"l_ssd","size":1,"status":"scaling","tags":["terraform-test","scaleway_k8s_cluster","kubelet_args"],"updated_at":"2023-06-13T15:21:43.411043Z","upgrade_policy":{"max_surge":0,"max_unavailable":1},"version":"1.27.1","zone":"fr-par-1"}'
    headers:
      Content-Length:
      - "637"
      Content-Security-Policy:
      - default-src 'none'; frame-ancestors 'none'
      Content-Type:
      - application/json
      Date:
      - Tue, 13 Jun 2023 15:25:04 GMT
      Server:
      - Scaleway API-Gateway
      Strict-Transport-Security:
      - max-age=63072000
      X-Content-Type-Options:
      - nosniff
      X-Frame-Options:
      - DENY
      X-Request-Id:
      - 337dbcb8-1352-4bf0-8e45-500b82ddd874
    status: 200 OK
    code: 200
    duration: ""
- request:
    body: ""
    form: {}
    headers:
      User-Agent:
      - scaleway-sdk-go/v1.0.0-beta.7+dev (go1.20.4; linux; amd64) terraform-provider/develop
        terraform/terraform-tests
    url: https://api.scaleway.com/k8s/v1/regions/fr-par/pools/76d3433e-7754-4f8b-8c8c-db5334208dba
    method: GET
  response:
    body: '{"autohealing":true,"autoscaling":true,"cluster_id":"340f2edc-dc56-4a0b-b31a-f15991e15988","container_runtime":"containerd","created_at":"2023-06-13T15:21:43.388219Z","id":"76d3433e-7754-4f8b-8c8c-db5334208dba","kubelet_args":{"maxPods":"1337"},"max_size":1,"min_size":1,"name":"default","node_type":"gp1_xs","placement_group_id":null,"region":"fr-par","root_volume_size":150000000000,"root_volume_type":"l_ssd","size":1,"status":"scaling","tags":["terraform-test","scaleway_k8s_cluster","kubelet_args"],"updated_at":"2023-06-13T15:21:43.411043Z","upgrade_policy":{"max_surge":0,"max_unavailable":1},"version":"1.27.1","zone":"fr-par-1"}'
    headers:
      Content-Length:
      - "637"
      Content-Security-Policy:
      - default-src 'none'; frame-ancestors 'none'
      Content-Type:
      - application/json
      Date:
      - Tue, 13 Jun 2023 15:25:09 GMT
      Server:
      - Scaleway API-Gateway
      Strict-Transport-Security:
      - max-age=63072000
      X-Content-Type-Options:
      - nosniff
      X-Frame-Options:
      - DENY
      X-Request-Id:
      - b72ef8e2-c856-4801-90c2-dbff5c7fabd4
    status: 200 OK
    code: 200
    duration: ""
- request:
    body: ""
    form: {}
    headers:
      User-Agent:
      - scaleway-sdk-go/v1.0.0-beta.7+dev (go1.20.4; linux; amd64) terraform-provider/develop
        terraform/terraform-tests
    url: https://api.scaleway.com/k8s/v1/regions/fr-par/pools/76d3433e-7754-4f8b-8c8c-db5334208dba
    method: GET
  response:
    body: '{"autohealing":true,"autoscaling":true,"cluster_id":"340f2edc-dc56-4a0b-b31a-f15991e15988","container_runtime":"containerd","created_at":"2023-06-13T15:21:43.388219Z","id":"76d3433e-7754-4f8b-8c8c-db5334208dba","kubelet_args":{"maxPods":"1337"},"max_size":1,"min_size":1,"name":"default","node_type":"gp1_xs","placement_group_id":null,"region":"fr-par","root_volume_size":150000000000,"root_volume_type":"l_ssd","size":1,"status":"scaling","tags":["terraform-test","scaleway_k8s_cluster","kubelet_args"],"updated_at":"2023-06-13T15:21:43.411043Z","upgrade_policy":{"max_surge":0,"max_unavailable":1},"version":"1.27.1","zone":"fr-par-1"}'
    headers:
      Content-Length:
      - "637"
      Content-Security-Policy:
      - default-src 'none'; frame-ancestors 'none'
      Content-Type:
      - application/json
      Date:
      - Tue, 13 Jun 2023 15:25:14 GMT
      Server:
      - Scaleway API-Gateway
      Strict-Transport-Security:
      - max-age=63072000
      X-Content-Type-Options:
      - nosniff
      X-Frame-Options:
      - DENY
      X-Request-Id:
      - 3308503c-624b-44ab-ad37-633041318170
    status: 200 OK
    code: 200
    duration: ""
- request:
    body: ""
    form: {}
    headers:
      User-Agent:
      - scaleway-sdk-go/v1.0.0-beta.7+dev (go1.20.4; linux; amd64) terraform-provider/develop
        terraform/terraform-tests
    url: https://api.scaleway.com/k8s/v1/regions/fr-par/pools/76d3433e-7754-4f8b-8c8c-db5334208dba
    method: GET
  response:
    body: '{"autohealing":true,"autoscaling":true,"cluster_id":"340f2edc-dc56-4a0b-b31a-f15991e15988","container_runtime":"containerd","created_at":"2023-06-13T15:21:43.388219Z","id":"76d3433e-7754-4f8b-8c8c-db5334208dba","kubelet_args":{"maxPods":"1337"},"max_size":1,"min_size":1,"name":"default","node_type":"gp1_xs","placement_group_id":null,"region":"fr-par","root_volume_size":150000000000,"root_volume_type":"l_ssd","size":1,"status":"scaling","tags":["terraform-test","scaleway_k8s_cluster","kubelet_args"],"updated_at":"2023-06-13T15:21:43.411043Z","upgrade_policy":{"max_surge":0,"max_unavailable":1},"version":"1.27.1","zone":"fr-par-1"}'
    headers:
      Content-Length:
      - "637"
      Content-Security-Policy:
      - default-src 'none'; frame-ancestors 'none'
      Content-Type:
      - application/json
      Date:
      - Tue, 13 Jun 2023 15:25:19 GMT
      Server:
      - Scaleway API-Gateway
      Strict-Transport-Security:
      - max-age=63072000
      X-Content-Type-Options:
      - nosniff
      X-Frame-Options:
      - DENY
      X-Request-Id:
      - 62c1a41a-db3d-4175-ae65-73d46342820a
    status: 200 OK
    code: 200
    duration: ""
- request:
    body: ""
    form: {}
    headers:
      User-Agent:
      - scaleway-sdk-go/v1.0.0-beta.7+dev (go1.20.4; linux; amd64) terraform-provider/develop
        terraform/terraform-tests
    url: https://api.scaleway.com/k8s/v1/regions/fr-par/pools/76d3433e-7754-4f8b-8c8c-db5334208dba
    method: GET
  response:
    body: '{"autohealing":true,"autoscaling":true,"cluster_id":"340f2edc-dc56-4a0b-b31a-f15991e15988","container_runtime":"containerd","created_at":"2023-06-13T15:21:43.388219Z","id":"76d3433e-7754-4f8b-8c8c-db5334208dba","kubelet_args":{"maxPods":"1337"},"max_size":1,"min_size":1,"name":"default","node_type":"gp1_xs","placement_group_id":null,"region":"fr-par","root_volume_size":150000000000,"root_volume_type":"l_ssd","size":1,"status":"scaling","tags":["terraform-test","scaleway_k8s_cluster","kubelet_args"],"updated_at":"2023-06-13T15:21:43.411043Z","upgrade_policy":{"max_surge":0,"max_unavailable":1},"version":"1.27.1","zone":"fr-par-1"}'
    headers:
      Content-Length:
      - "637"
      Content-Security-Policy:
      - default-src 'none'; frame-ancestors 'none'
      Content-Type:
      - application/json
      Date:
      - Tue, 13 Jun 2023 15:25:24 GMT
      Server:
      - Scaleway API-Gateway
      Strict-Transport-Security:
      - max-age=63072000
      X-Content-Type-Options:
      - nosniff
      X-Frame-Options:
      - DENY
      X-Request-Id:
      - 4df94ce4-bfde-4542-b744-2ee994fa6e40
    status: 200 OK
    code: 200
    duration: ""
- request:
    body: ""
    form: {}
    headers:
      User-Agent:
      - scaleway-sdk-go/v1.0.0-beta.7+dev (go1.20.4; linux; amd64) terraform-provider/develop
        terraform/terraform-tests
    url: https://api.scaleway.com/k8s/v1/regions/fr-par/pools/76d3433e-7754-4f8b-8c8c-db5334208dba
    method: GET
  response:
    body: '{"autohealing":true,"autoscaling":true,"cluster_id":"340f2edc-dc56-4a0b-b31a-f15991e15988","container_runtime":"containerd","created_at":"2023-06-13T15:21:43.388219Z","id":"76d3433e-7754-4f8b-8c8c-db5334208dba","kubelet_args":{"maxPods":"1337"},"max_size":1,"min_size":1,"name":"default","node_type":"gp1_xs","placement_group_id":null,"region":"fr-par","root_volume_size":150000000000,"root_volume_type":"l_ssd","size":1,"status":"scaling","tags":["terraform-test","scaleway_k8s_cluster","kubelet_args"],"updated_at":"2023-06-13T15:21:43.411043Z","upgrade_policy":{"max_surge":0,"max_unavailable":1},"version":"1.27.1","zone":"fr-par-1"}'
    headers:
      Content-Length:
      - "637"
      Content-Security-Policy:
      - default-src 'none'; frame-ancestors 'none'
      Content-Type:
      - application/json
      Date:
      - Tue, 13 Jun 2023 15:25:29 GMT
      Server:
      - Scaleway API-Gateway
      Strict-Transport-Security:
      - max-age=63072000
      X-Content-Type-Options:
      - nosniff
      X-Frame-Options:
      - DENY
      X-Request-Id:
      - f8f58a2e-2294-4249-8258-f130296bc834
    status: 200 OK
    code: 200
    duration: ""
- request:
    body: ""
    form: {}
    headers:
      User-Agent:
      - scaleway-sdk-go/v1.0.0-beta.7+dev (go1.20.4; linux; amd64) terraform-provider/develop
        terraform/terraform-tests
    url: https://api.scaleway.com/k8s/v1/regions/fr-par/pools/76d3433e-7754-4f8b-8c8c-db5334208dba
    method: GET
  response:
    body: '{"autohealing":true,"autoscaling":true,"cluster_id":"340f2edc-dc56-4a0b-b31a-f15991e15988","container_runtime":"containerd","created_at":"2023-06-13T15:21:43.388219Z","id":"76d3433e-7754-4f8b-8c8c-db5334208dba","kubelet_args":{"maxPods":"1337"},"max_size":1,"min_size":1,"name":"default","node_type":"gp1_xs","placement_group_id":null,"region":"fr-par","root_volume_size":150000000000,"root_volume_type":"l_ssd","size":1,"status":"scaling","tags":["terraform-test","scaleway_k8s_cluster","kubelet_args"],"updated_at":"2023-06-13T15:21:43.411043Z","upgrade_policy":{"max_surge":0,"max_unavailable":1},"version":"1.27.1","zone":"fr-par-1"}'
    headers:
      Content-Length:
      - "637"
      Content-Security-Policy:
      - default-src 'none'; frame-ancestors 'none'
      Content-Type:
      - application/json
      Date:
      - Tue, 13 Jun 2023 15:25:34 GMT
      Server:
      - Scaleway API-Gateway
      Strict-Transport-Security:
      - max-age=63072000
      X-Content-Type-Options:
      - nosniff
      X-Frame-Options:
      - DENY
      X-Request-Id:
      - 41520ad5-fa3b-4fcd-9702-2d3e51db3c7a
    status: 200 OK
    code: 200
    duration: ""
- request:
    body: ""
    form: {}
    headers:
      User-Agent:
      - scaleway-sdk-go/v1.0.0-beta.7+dev (go1.20.4; linux; amd64) terraform-provider/develop
        terraform/terraform-tests
    url: https://api.scaleway.com/k8s/v1/regions/fr-par/pools/76d3433e-7754-4f8b-8c8c-db5334208dba
    method: GET
  response:
    body: '{"autohealing":true,"autoscaling":true,"cluster_id":"340f2edc-dc56-4a0b-b31a-f15991e15988","container_runtime":"containerd","created_at":"2023-06-13T15:21:43.388219Z","id":"76d3433e-7754-4f8b-8c8c-db5334208dba","kubelet_args":{"maxPods":"1337"},"max_size":1,"min_size":1,"name":"default","node_type":"gp1_xs","placement_group_id":null,"region":"fr-par","root_volume_size":150000000000,"root_volume_type":"l_ssd","size":1,"status":"scaling","tags":["terraform-test","scaleway_k8s_cluster","kubelet_args"],"updated_at":"2023-06-13T15:21:43.411043Z","upgrade_policy":{"max_surge":0,"max_unavailable":1},"version":"1.27.1","zone":"fr-par-1"}'
    headers:
      Content-Length:
      - "637"
      Content-Security-Policy:
      - default-src 'none'; frame-ancestors 'none'
      Content-Type:
      - application/json
      Date:
      - Tue, 13 Jun 2023 15:25:40 GMT
      Server:
      - Scaleway API-Gateway
      Strict-Transport-Security:
      - max-age=63072000
      X-Content-Type-Options:
      - nosniff
      X-Frame-Options:
      - DENY
      X-Request-Id:
      - 19191e39-d8fc-4c57-8304-33a30d8d33f4
    status: 200 OK
    code: 200
    duration: ""
- request:
    body: ""
    form: {}
    headers:
      User-Agent:
      - scaleway-sdk-go/v1.0.0-beta.7+dev (go1.20.4; linux; amd64) terraform-provider/develop
        terraform/terraform-tests
    url: https://api.scaleway.com/k8s/v1/regions/fr-par/pools/76d3433e-7754-4f8b-8c8c-db5334208dba
    method: GET
  response:
    body: '{"autohealing":true,"autoscaling":true,"cluster_id":"340f2edc-dc56-4a0b-b31a-f15991e15988","container_runtime":"containerd","created_at":"2023-06-13T15:21:43.388219Z","id":"76d3433e-7754-4f8b-8c8c-db5334208dba","kubelet_args":{"maxPods":"1337"},"max_size":1,"min_size":1,"name":"default","node_type":"gp1_xs","placement_group_id":null,"region":"fr-par","root_volume_size":150000000000,"root_volume_type":"l_ssd","size":1,"status":"scaling","tags":["terraform-test","scaleway_k8s_cluster","kubelet_args"],"updated_at":"2023-06-13T15:21:43.411043Z","upgrade_policy":{"max_surge":0,"max_unavailable":1},"version":"1.27.1","zone":"fr-par-1"}'
    headers:
      Content-Length:
      - "637"
      Content-Security-Policy:
      - default-src 'none'; frame-ancestors 'none'
      Content-Type:
      - application/json
      Date:
      - Tue, 13 Jun 2023 15:25:45 GMT
      Server:
      - Scaleway API-Gateway
      Strict-Transport-Security:
      - max-age=63072000
      X-Content-Type-Options:
      - nosniff
      X-Frame-Options:
      - DENY
      X-Request-Id:
      - ec0a4c42-4ea2-4d7b-b7f3-e0219a18424e
    status: 200 OK
    code: 200
    duration: ""
- request:
    body: ""
    form: {}
    headers:
      User-Agent:
      - scaleway-sdk-go/v1.0.0-beta.7+dev (go1.20.4; linux; amd64) terraform-provider/develop
        terraform/terraform-tests
    url: https://api.scaleway.com/k8s/v1/regions/fr-par/pools/76d3433e-7754-4f8b-8c8c-db5334208dba
    method: GET
  response:
    body: '{"autohealing":true,"autoscaling":true,"cluster_id":"340f2edc-dc56-4a0b-b31a-f15991e15988","container_runtime":"containerd","created_at":"2023-06-13T15:21:43.388219Z","id":"76d3433e-7754-4f8b-8c8c-db5334208dba","kubelet_args":{"maxPods":"1337"},"max_size":1,"min_size":1,"name":"default","node_type":"gp1_xs","placement_group_id":null,"region":"fr-par","root_volume_size":150000000000,"root_volume_type":"l_ssd","size":1,"status":"scaling","tags":["terraform-test","scaleway_k8s_cluster","kubelet_args"],"updated_at":"2023-06-13T15:21:43.411043Z","upgrade_policy":{"max_surge":0,"max_unavailable":1},"version":"1.27.1","zone":"fr-par-1"}'
    headers:
      Content-Length:
      - "637"
      Content-Security-Policy:
      - default-src 'none'; frame-ancestors 'none'
      Content-Type:
      - application/json
      Date:
      - Tue, 13 Jun 2023 15:25:50 GMT
      Server:
      - Scaleway API-Gateway
      Strict-Transport-Security:
      - max-age=63072000
      X-Content-Type-Options:
      - nosniff
      X-Frame-Options:
      - DENY
      X-Request-Id:
      - af1bfbb8-1455-4ce6-95a5-f29a7fc7a599
    status: 200 OK
    code: 200
    duration: ""
- request:
    body: ""
    form: {}
    headers:
      User-Agent:
      - scaleway-sdk-go/v1.0.0-beta.7+dev (go1.20.4; linux; amd64) terraform-provider/develop
        terraform/terraform-tests
    url: https://api.scaleway.com/k8s/v1/regions/fr-par/pools/76d3433e-7754-4f8b-8c8c-db5334208dba
    method: GET
  response:
    body: '{"autohealing":true,"autoscaling":true,"cluster_id":"340f2edc-dc56-4a0b-b31a-f15991e15988","container_runtime":"containerd","created_at":"2023-06-13T15:21:43.388219Z","id":"76d3433e-7754-4f8b-8c8c-db5334208dba","kubelet_args":{"maxPods":"1337"},"max_size":1,"min_size":1,"name":"default","node_type":"gp1_xs","placement_group_id":null,"region":"fr-par","root_volume_size":150000000000,"root_volume_type":"l_ssd","size":1,"status":"scaling","tags":["terraform-test","scaleway_k8s_cluster","kubelet_args"],"updated_at":"2023-06-13T15:21:43.411043Z","upgrade_policy":{"max_surge":0,"max_unavailable":1},"version":"1.27.1","zone":"fr-par-1"}'
    headers:
      Content-Length:
      - "637"
      Content-Security-Policy:
      - default-src 'none'; frame-ancestors 'none'
      Content-Type:
      - application/json
      Date:
      - Tue, 13 Jun 2023 15:25:55 GMT
      Server:
      - Scaleway API-Gateway
      Strict-Transport-Security:
      - max-age=63072000
      X-Content-Type-Options:
      - nosniff
      X-Frame-Options:
      - DENY
      X-Request-Id:
      - 8e073cb4-b91c-487c-98fa-492a6fdf3b77
    status: 200 OK
    code: 200
    duration: ""
- request:
    body: ""
    form: {}
    headers:
      User-Agent:
      - scaleway-sdk-go/v1.0.0-beta.7+dev (go1.20.4; linux; amd64) terraform-provider/develop
        terraform/terraform-tests
    url: https://api.scaleway.com/k8s/v1/regions/fr-par/pools/76d3433e-7754-4f8b-8c8c-db5334208dba
    method: GET
  response:
    body: '{"autohealing":true,"autoscaling":true,"cluster_id":"340f2edc-dc56-4a0b-b31a-f15991e15988","container_runtime":"containerd","created_at":"2023-06-13T15:21:43.388219Z","id":"76d3433e-7754-4f8b-8c8c-db5334208dba","kubelet_args":{"maxPods":"1337"},"max_size":1,"min_size":1,"name":"default","node_type":"gp1_xs","placement_group_id":null,"region":"fr-par","root_volume_size":150000000000,"root_volume_type":"l_ssd","size":1,"status":"scaling","tags":["terraform-test","scaleway_k8s_cluster","kubelet_args"],"updated_at":"2023-06-13T15:21:43.411043Z","upgrade_policy":{"max_surge":0,"max_unavailable":1},"version":"1.27.1","zone":"fr-par-1"}'
    headers:
      Content-Length:
      - "637"
      Content-Security-Policy:
      - default-src 'none'; frame-ancestors 'none'
      Content-Type:
      - application/json
      Date:
      - Tue, 13 Jun 2023 15:26:00 GMT
      Server:
      - Scaleway API-Gateway
      Strict-Transport-Security:
      - max-age=63072000
      X-Content-Type-Options:
      - nosniff
      X-Frame-Options:
      - DENY
      X-Request-Id:
      - c80e45c8-d07f-4d10-81ff-a705b57d39c5
    status: 200 OK
    code: 200
    duration: ""
- request:
    body: ""
    form: {}
    headers:
      User-Agent:
      - scaleway-sdk-go/v1.0.0-beta.7+dev (go1.20.4; linux; amd64) terraform-provider/develop
        terraform/terraform-tests
    url: https://api.scaleway.com/k8s/v1/regions/fr-par/pools/76d3433e-7754-4f8b-8c8c-db5334208dba
    method: GET
  response:
    body: '{"autohealing":true,"autoscaling":true,"cluster_id":"340f2edc-dc56-4a0b-b31a-f15991e15988","container_runtime":"containerd","created_at":"2023-06-13T15:21:43.388219Z","id":"76d3433e-7754-4f8b-8c8c-db5334208dba","kubelet_args":{"maxPods":"1337"},"max_size":1,"min_size":1,"name":"default","node_type":"gp1_xs","placement_group_id":null,"region":"fr-par","root_volume_size":150000000000,"root_volume_type":"l_ssd","size":1,"status":"scaling","tags":["terraform-test","scaleway_k8s_cluster","kubelet_args"],"updated_at":"2023-06-13T15:21:43.411043Z","upgrade_policy":{"max_surge":0,"max_unavailable":1},"version":"1.27.1","zone":"fr-par-1"}'
    headers:
      Content-Length:
      - "637"
      Content-Security-Policy:
      - default-src 'none'; frame-ancestors 'none'
      Content-Type:
      - application/json
      Date:
      - Tue, 13 Jun 2023 15:26:05 GMT
      Server:
      - Scaleway API-Gateway
      Strict-Transport-Security:
      - max-age=63072000
      X-Content-Type-Options:
      - nosniff
      X-Frame-Options:
      - DENY
      X-Request-Id:
      - 9f63a912-c154-42a7-9d79-a22590edf640
    status: 200 OK
    code: 200
    duration: ""
- request:
    body: ""
    form: {}
    headers:
      User-Agent:
      - scaleway-sdk-go/v1.0.0-beta.7+dev (go1.20.4; linux; amd64) terraform-provider/develop
        terraform/terraform-tests
    url: https://api.scaleway.com/k8s/v1/regions/fr-par/pools/76d3433e-7754-4f8b-8c8c-db5334208dba
    method: GET
  response:
    body: '{"autohealing":true,"autoscaling":true,"cluster_id":"340f2edc-dc56-4a0b-b31a-f15991e15988","container_runtime":"containerd","created_at":"2023-06-13T15:21:43.388219Z","id":"76d3433e-7754-4f8b-8c8c-db5334208dba","kubelet_args":{"maxPods":"1337"},"max_size":1,"min_size":1,"name":"default","node_type":"gp1_xs","placement_group_id":null,"region":"fr-par","root_volume_size":150000000000,"root_volume_type":"l_ssd","size":1,"status":"ready","tags":["terraform-test","scaleway_k8s_cluster","kubelet_args"],"updated_at":"2023-06-13T15:26:09.890779Z","upgrade_policy":{"max_surge":0,"max_unavailable":1},"version":"1.27.1","zone":"fr-par-1"}'
    headers:
      Content-Length:
      - "635"
      Content-Security-Policy:
      - default-src 'none'; frame-ancestors 'none'
      Content-Type:
      - application/json
      Date:
      - Tue, 13 Jun 2023 15:26:10 GMT
      Server:
      - Scaleway API-Gateway
      Strict-Transport-Security:
      - max-age=63072000
      X-Content-Type-Options:
      - nosniff
      X-Frame-Options:
      - DENY
      X-Request-Id:
      - 759acbef-ccee-40ec-a318-71f8b11ad55c
    status: 200 OK
    code: 200
    duration: ""
- request:
    body: ""
    form: {}
    headers:
      User-Agent:
      - scaleway-sdk-go/v1.0.0-beta.7+dev (go1.20.4; linux; amd64) terraform-provider/develop
        terraform/terraform-tests
    url: https://api.scaleway.com/k8s/v1/regions/fr-par/clusters/340f2edc-dc56-4a0b-b31a-f15991e15988
    method: GET
  response:
    body: '{"admission_plugins":[],"apiserver_cert_sans":[],"auto_upgrade":{"enabled":false,"maintenance_window":{"day":"any","start_hour":0}},"autoscaler_config":{"balance_similar_node_groups":false,"estimator":"binpacking","expander":"random","expendable_pods_priority_cutoff":0,"ignore_daemonsets_utilization":false,"max_graceful_termination_sec":0,"scale_down_delay_after_add":"10m","scale_down_disabled":false,"scale_down_unneeded_time":"10m","scale_down_utilization_threshold":0.5},"cluster_url":"https://340f2edc-dc56-4a0b-b31a-f15991e15988.api.k8s.fr-par.scw.cloud:6443","cni":"cilium","created_at":"2023-06-13T15:21:37.632840Z","dashboard_enabled":false,"description":"","dns_wildcard":"*.340f2edc-dc56-4a0b-b31a-f15991e15988.nodes.k8s.fr-par.scw.cloud","feature_gates":[],"id":"340f2edc-dc56-4a0b-b31a-f15991e15988","ingress":"none","name":"K8SPoolConfigKubeletArgs","open_id_connect_config":{"client_id":"","groups_claim":[],"groups_prefix":"","issuer_url":"","required_claim":[],"username_claim":"","username_prefix":""},"organization_id":"fa1e3217-dc80-42ac-85c3-3f034b78b552","private_network_id":"ac63694d-f4ed-4517-938c-a894de59da77","project_id":"fa1e3217-dc80-42ac-85c3-3f034b78b552","region":"fr-par","status":"ready","tags":["terraform-test","scaleway_k8s_cluster","kubelet_args"],"type":"kapsule","updated_at":"2023-06-13T15:22:59.639728Z","upgrade_available":false,"version":"1.27.1"}'
    headers:
      Content-Length:
      - "1395"
      Content-Security-Policy:
      - default-src 'none'; frame-ancestors 'none'
      Content-Type:
      - application/json
      Date:
      - Tue, 13 Jun 2023 15:26:10 GMT
      Server:
      - Scaleway API-Gateway
      Strict-Transport-Security:
      - max-age=63072000
      X-Content-Type-Options:
      - nosniff
      X-Frame-Options:
      - DENY
      X-Request-Id:
      - 6dbd9440-e4f3-4c07-8fd3-859f9cce5606
    status: 200 OK
    code: 200
    duration: ""
- request:
    body: ""
    form: {}
    headers:
      User-Agent:
      - scaleway-sdk-go/v1.0.0-beta.7+dev (go1.20.4; linux; amd64) terraform-provider/develop
        terraform/terraform-tests
    url: https://api.scaleway.com/k8s/v1/regions/fr-par/pools/76d3433e-7754-4f8b-8c8c-db5334208dba
    method: GET
  response:
    body: '{"autohealing":true,"autoscaling":true,"cluster_id":"340f2edc-dc56-4a0b-b31a-f15991e15988","container_runtime":"containerd","created_at":"2023-06-13T15:21:43.388219Z","id":"76d3433e-7754-4f8b-8c8c-db5334208dba","kubelet_args":{"maxPods":"1337"},"max_size":1,"min_size":1,"name":"default","node_type":"gp1_xs","placement_group_id":null,"region":"fr-par","root_volume_size":150000000000,"root_volume_type":"l_ssd","size":1,"status":"ready","tags":["terraform-test","scaleway_k8s_cluster","kubelet_args"],"updated_at":"2023-06-13T15:26:09.890779Z","upgrade_policy":{"max_surge":0,"max_unavailable":1},"version":"1.27.1","zone":"fr-par-1"}'
    headers:
      Content-Length:
      - "635"
      Content-Security-Policy:
      - default-src 'none'; frame-ancestors 'none'
      Content-Type:
      - application/json
      Date:
      - Tue, 13 Jun 2023 15:26:10 GMT
      Server:
      - Scaleway API-Gateway
      Strict-Transport-Security:
      - max-age=63072000
      X-Content-Type-Options:
      - nosniff
      X-Frame-Options:
      - DENY
      X-Request-Id:
      - 636a7a7b-e982-486b-8a8c-2cfba6a7df3e
    status: 200 OK
    code: 200
    duration: ""
- request:
    body: ""
    form: {}
    headers:
      User-Agent:
      - scaleway-sdk-go/v1.0.0-beta.7+dev (go1.20.4; linux; amd64) terraform-provider/develop
        terraform/terraform-tests
    url: https://api.scaleway.com/k8s/v1/regions/fr-par/clusters/340f2edc-dc56-4a0b-b31a-f15991e15988/nodes?order_by=created_at_asc&page=1&pool_id=76d3433e-7754-4f8b-8c8c-db5334208dba&status=unknown
    method: GET
  response:
    body: '{"nodes":[{"cluster_id":"340f2edc-dc56-4a0b-b31a-f15991e15988","conditions":{"DiskPressure":"False","MemoryPressure":"False","PIDPressure":"False","PrivateNetworkUnavailable":"False","Ready":"True"},"created_at":"2023-06-13T15:23:00.027089Z","error_message":null,"id":"c621792a-9ecc-4153-854f-cb6b9b5f5d66","name":"scw-k8spoolconfigkubeletargs-default-c621792a9","pool_id":"76d3433e-7754-4f8b-8c8c-db5334208dba","provider_id":"scaleway://instance/fr-par-1/f9ea81ec-d036-4a9a-8556-e561a558778f","public_ip_v4":"51.158.77.29","public_ip_v6":null,"region":"fr-par","status":"ready","updated_at":"2023-06-13T15:26:09.877679Z"}],"total_count":1}'
    headers:
      Content-Length:
      - "640"
      Content-Security-Policy:
      - default-src 'none'; frame-ancestors 'none'
      Content-Type:
      - application/json
      Date:
      - Tue, 13 Jun 2023 15:26:10 GMT
      Server:
      - Scaleway API-Gateway
      Strict-Transport-Security:
      - max-age=63072000
      X-Content-Type-Options:
      - nosniff
      X-Frame-Options:
      - DENY
      X-Request-Id:
      - 432f1aac-1e98-4593-a5da-dc71069b0663
    status: 200 OK
    code: 200
    duration: ""
- request:
    body: ""
    form: {}
    headers:
      User-Agent:
      - scaleway-sdk-go/v1.0.0-beta.7+dev (go1.20.4; linux; amd64) terraform-provider/develop
        terraform/terraform-tests
    url: https://api.scaleway.com/k8s/v1/regions/fr-par/clusters/340f2edc-dc56-4a0b-b31a-f15991e15988
    method: GET
  response:
    body: '{"admission_plugins":[],"apiserver_cert_sans":[],"auto_upgrade":{"enabled":false,"maintenance_window":{"day":"any","start_hour":0}},"autoscaler_config":{"balance_similar_node_groups":false,"estimator":"binpacking","expander":"random","expendable_pods_priority_cutoff":0,"ignore_daemonsets_utilization":false,"max_graceful_termination_sec":0,"scale_down_delay_after_add":"10m","scale_down_disabled":false,"scale_down_unneeded_time":"10m","scale_down_utilization_threshold":0.5},"cluster_url":"https://340f2edc-dc56-4a0b-b31a-f15991e15988.api.k8s.fr-par.scw.cloud:6443","cni":"cilium","created_at":"2023-06-13T15:21:37.632840Z","dashboard_enabled":false,"description":"","dns_wildcard":"*.340f2edc-dc56-4a0b-b31a-f15991e15988.nodes.k8s.fr-par.scw.cloud","feature_gates":[],"id":"340f2edc-dc56-4a0b-b31a-f15991e15988","ingress":"none","name":"K8SPoolConfigKubeletArgs","open_id_connect_config":{"client_id":"","groups_claim":[],"groups_prefix":"","issuer_url":"","required_claim":[],"username_claim":"","username_prefix":""},"organization_id":"fa1e3217-dc80-42ac-85c3-3f034b78b552","private_network_id":"ac63694d-f4ed-4517-938c-a894de59da77","project_id":"fa1e3217-dc80-42ac-85c3-3f034b78b552","region":"fr-par","status":"ready","tags":["terraform-test","scaleway_k8s_cluster","kubelet_args"],"type":"kapsule","updated_at":"2023-06-13T15:22:59.639728Z","upgrade_available":false,"version":"1.27.1"}'
    headers:
      Content-Length:
      - "1395"
      Content-Security-Policy:
      - default-src 'none'; frame-ancestors 'none'
      Content-Type:
      - application/json
      Date:
      - Tue, 13 Jun 2023 15:26:10 GMT
      Server:
      - Scaleway API-Gateway
      Strict-Transport-Security:
      - max-age=63072000
      X-Content-Type-Options:
      - nosniff
      X-Frame-Options:
      - DENY
      X-Request-Id:
      - c0a75b31-18e0-46b3-b5e9-bd51eb0a02b0
    status: 200 OK
    code: 200
    duration: ""
- request:
    body: ""
    form: {}
    headers:
      User-Agent:
      - scaleway-sdk-go/v1.0.0-beta.7+dev (go1.20.4; linux; amd64) terraform-provider/develop
        terraform/terraform-tests
    url: https://api.scaleway.com/k8s/v1/regions/fr-par/pools/76d3433e-7754-4f8b-8c8c-db5334208dba
    method: GET
  response:
    body: '{"autohealing":true,"autoscaling":true,"cluster_id":"340f2edc-dc56-4a0b-b31a-f15991e15988","container_runtime":"containerd","created_at":"2023-06-13T15:21:43.388219Z","id":"76d3433e-7754-4f8b-8c8c-db5334208dba","kubelet_args":{"maxPods":"1337"},"max_size":1,"min_size":1,"name":"default","node_type":"gp1_xs","placement_group_id":null,"region":"fr-par","root_volume_size":150000000000,"root_volume_type":"l_ssd","size":1,"status":"ready","tags":["terraform-test","scaleway_k8s_cluster","kubelet_args"],"updated_at":"2023-06-13T15:26:09.890779Z","upgrade_policy":{"max_surge":0,"max_unavailable":1},"version":"1.27.1","zone":"fr-par-1"}'
    headers:
      Content-Length:
      - "635"
      Content-Security-Policy:
      - default-src 'none'; frame-ancestors 'none'
      Content-Type:
      - application/json
      Date:
      - Tue, 13 Jun 2023 15:26:10 GMT
      Server:
      - Scaleway API-Gateway
      Strict-Transport-Security:
      - max-age=63072000
      X-Content-Type-Options:
      - nosniff
      X-Frame-Options:
      - DENY
      X-Request-Id:
      - 12af945a-7a63-4132-9b4b-07034196cd8f
    status: 200 OK
    code: 200
    duration: ""
- request:
    body: ""
    form: {}
    headers:
      User-Agent:
      - scaleway-sdk-go/v1.0.0-beta.7+dev (go1.20.4; linux; amd64) terraform-provider/develop
        terraform/terraform-tests
    url: https://api.scaleway.com/vpc/v2/regions/fr-par/private-networks/ac63694d-f4ed-4517-938c-a894de59da77
    method: GET
  response:
    body: '{"created_at":"2023-06-13T15:21:37.240381Z","id":"ac63694d-f4ed-4517-938c-a894de59da77","name":"tf-pn-pedantic-shannon","organization_id":"fa1e3217-dc80-42ac-85c3-3f034b78b552","project_id":"fa1e3217-dc80-42ac-85c3-3f034b78b552","region":"fr-par","subnets":[{"created_at":"2023-06-13T15:21:37.240381Z","id":"fe749922-1fba-4b63-aaf4-33056088c75d","subnet":"172.16.40.0/22","updated_at":"2023-06-13T15:21:37.240381Z"},{"created_at":"2023-06-13T15:21:37.240381Z","id":"bcc012c6-d227-4618-b3f9-c67d72ce3ec3","subnet":"fd63:256c:45f7:3d90::/64","updated_at":"2023-06-13T15:21:37.240381Z"}],"tags":[],"updated_at":"2023-06-13T15:21:37.240381Z","vpc_id":"1ec1ecb6-8f58-4f7c-92cc-53c2a5ae519c"}'
    headers:
      Content-Length:
      - "686"
      Content-Security-Policy:
      - default-src 'none'; frame-ancestors 'none'
      Content-Type:
      - application/json
      Date:
      - Tue, 13 Jun 2023 15:26:11 GMT
      Server:
      - Scaleway API-Gateway
      Strict-Transport-Security:
      - max-age=63072000
      X-Content-Type-Options:
      - nosniff
      X-Frame-Options:
      - DENY
      X-Request-Id:
      - 61526aa8-e095-4715-b6c4-6d0b68fe7a28
    status: 200 OK
    code: 200
    duration: ""
- request:
    body: ""
    form: {}
    headers:
      User-Agent:
      - scaleway-sdk-go/v1.0.0-beta.7+dev (go1.20.4; linux; amd64) terraform-provider/develop
        terraform/terraform-tests
    url: https://api.scaleway.com/k8s/v1/regions/fr-par/clusters/340f2edc-dc56-4a0b-b31a-f15991e15988
    method: GET
  response:
    body: '{"admission_plugins":[],"apiserver_cert_sans":[],"auto_upgrade":{"enabled":false,"maintenance_window":{"day":"any","start_hour":0}},"autoscaler_config":{"balance_similar_node_groups":false,"estimator":"binpacking","expander":"random","expendable_pods_priority_cutoff":0,"ignore_daemonsets_utilization":false,"max_graceful_termination_sec":0,"scale_down_delay_after_add":"10m","scale_down_disabled":false,"scale_down_unneeded_time":"10m","scale_down_utilization_threshold":0.5},"cluster_url":"https://340f2edc-dc56-4a0b-b31a-f15991e15988.api.k8s.fr-par.scw.cloud:6443","cni":"cilium","created_at":"2023-06-13T15:21:37.632840Z","dashboard_enabled":false,"description":"","dns_wildcard":"*.340f2edc-dc56-4a0b-b31a-f15991e15988.nodes.k8s.fr-par.scw.cloud","feature_gates":[],"id":"340f2edc-dc56-4a0b-b31a-f15991e15988","ingress":"none","name":"K8SPoolConfigKubeletArgs","open_id_connect_config":{"client_id":"","groups_claim":[],"groups_prefix":"","issuer_url":"","required_claim":[],"username_claim":"","username_prefix":""},"organization_id":"fa1e3217-dc80-42ac-85c3-3f034b78b552","private_network_id":"ac63694d-f4ed-4517-938c-a894de59da77","project_id":"fa1e3217-dc80-42ac-85c3-3f034b78b552","region":"fr-par","status":"ready","tags":["terraform-test","scaleway_k8s_cluster","kubelet_args"],"type":"kapsule","updated_at":"2023-06-13T15:22:59.639728Z","upgrade_available":false,"version":"1.27.1"}'
    headers:
      Content-Length:
      - "1395"
      Content-Security-Policy:
      - default-src 'none'; frame-ancestors 'none'
      Content-Type:
      - application/json
      Date:
      - Tue, 13 Jun 2023 15:26:11 GMT
      Server:
      - Scaleway API-Gateway
      Strict-Transport-Security:
      - max-age=63072000
      X-Content-Type-Options:
      - nosniff
      X-Frame-Options:
      - DENY
      X-Request-Id:
      - 7206be03-924d-4b4f-bf75-6ac47001c290
    status: 200 OK
    code: 200
    duration: ""
- request:
    body: ""
    form: {}
    headers:
      User-Agent:
      - scaleway-sdk-go/v1.0.0-beta.7+dev (go1.20.4; linux; amd64) terraform-provider/develop
        terraform/terraform-tests
    url: https://api.scaleway.com/vpc/v2/regions/fr-par/private-networks/ac63694d-f4ed-4517-938c-a894de59da77
    method: GET
  response:
    body: '{"created_at":"2023-06-13T15:21:37.240381Z","id":"ac63694d-f4ed-4517-938c-a894de59da77","name":"tf-pn-pedantic-shannon","organization_id":"fa1e3217-dc80-42ac-85c3-3f034b78b552","project_id":"fa1e3217-dc80-42ac-85c3-3f034b78b552","region":"fr-par","subnets":[{"created_at":"2023-06-13T15:21:37.240381Z","id":"fe749922-1fba-4b63-aaf4-33056088c75d","subnet":"172.16.40.0/22","updated_at":"2023-06-13T15:21:37.240381Z"},{"created_at":"2023-06-13T15:21:37.240381Z","id":"bcc012c6-d227-4618-b3f9-c67d72ce3ec3","subnet":"fd63:256c:45f7:3d90::/64","updated_at":"2023-06-13T15:21:37.240381Z"}],"tags":[],"updated_at":"2023-06-13T15:21:37.240381Z","vpc_id":"1ec1ecb6-8f58-4f7c-92cc-53c2a5ae519c"}'
    headers:
      Content-Length:
      - "686"
      Content-Security-Policy:
      - default-src 'none'; frame-ancestors 'none'
      Content-Type:
      - application/json
      Date:
      - Tue, 13 Jun 2023 15:26:11 GMT
      Server:
      - Scaleway API-Gateway
      Strict-Transport-Security:
      - max-age=63072000
      X-Content-Type-Options:
      - nosniff
      X-Frame-Options:
      - DENY
      X-Request-Id:
      - 94373476-1035-455d-8ef3-2f1f8e39f297
    status: 200 OK
    code: 200
    duration: ""
- request:
    body: ""
    form: {}
    headers:
      User-Agent:
      - scaleway-sdk-go/v1.0.0-beta.7+dev (go1.20.4; linux; amd64) terraform-provider/develop
        terraform/terraform-tests
    url: https://api.scaleway.com/k8s/v1/regions/fr-par/clusters/340f2edc-dc56-4a0b-b31a-f15991e15988/kubeconfig
    method: GET
  response:
    body: '{"content":"YXBpVmVyc2lvbjogdjEKY2x1c3RlcnM6Ci0gbmFtZTogIms4c3Bvb2xjb25maWdrdWJlbGV0YXJncyIKICBjbHVzdGVyOgogICAgY2VydGlmaWNhdGUtYXV0aG9yaXR5LWRhdGE6IExTMHRMUzFDUlVkSlRpQkRSVkpVU1VaSlEwRlVSUzB0TFMwdENrMUpTVU0xZWtORFFXTXJaMEYzU1VKQlowbENRVVJCVGtKbmEzRm9hMmxIT1hjd1FrRlJjMFpCUkVGV1RWSk5kMFZSV1VSV1VWRkVSWGR3Y21SWFNtd0tZMjAxYkdSSFZucE5RalJZUkZSSmVrMUVXWGhOYWtVeFRXcEZlazlXYjFoRVZFMTZUVVJaZUUxcVJURk5ha1Y2VDFadmQwWlVSVlJOUWtWSFFURlZSUXBCZUUxTFlUTldhVnBZU25WYVdGSnNZM3BEUTBGVFNYZEVVVmxLUzI5YVNXaDJZMDVCVVVWQ1FsRkJSR2RuUlZCQlJFTkRRVkZ2UTJkblJVSkJTbkJTQ2tWWk1TODRSamRtZVVKdlFWbDZSaXR3VEhaUU1EZGlUR1J4TVhwclF5dHFkemhXUkdWdWFuZFBNa3hHZVVaeU5GcDFZbkZRU0hCeVYzWlhXamhwYXpVS1RHNWlaazVxVVROVFZHTnBjR3h2VmtkUFEwSjZhekl3UTJ3MlMzRkxVVGxsV214NlltdDRhbU56TUdFMlVuRkhZMFEwYUZjM1JUSkxObXhZVXpGUGNBcHhVVGMxWms5NVJXWTVNM0ZWTWtGNGFXSjNPRk1yWTJ3d2QxQXZUR2R2WkhaaVVVRk9Zak5DV1VGclVqWnZVVGRZTVhnNWQzWnBWRVpUYkVOamRsbzVDamhHWnpCd1ZtZG9XazFvVkU1YU1YbzVkbGN5TWpsaVdqRXZTVk50UmpGb2N6QlNaRUpCS3poM2VtY3hNVXRuT0dWRUsxWXdTVWh5Wld0M1IzZGllRVlLWVhSSGMyeDBabGxJVG1KNU0xUlBMelZNUjBORE5WRTRRMlpLVW5WQ09XeGtlV294TVVsaVUzTnVlalJDVTJ3M1duUTVaMUJLZFhaMldpOTNSMFpXYXdwTE1VaEVLelZZT0haUWNtMHdjVWsxV0ZwclEwRjNSVUZCWVU1RFRVVkJkMFJuV1VSV1VqQlFRVkZJTDBKQlVVUkJaMHRyVFVFNFIwRXhWV1JGZDBWQ0NpOTNVVVpOUVUxQ1FXWTRkMGhSV1VSV1VqQlBRa0paUlVaR2FXbzBjRkZrUVRsV05GcHFhblI0WTJWblpWb3dOeXQyV2s1TlFUQkhRMU54UjFOSllqTUtSRkZGUWtOM1ZVRkJORWxDUVZGRFVXNVJVM2R5S3poa1lsRjNaVmd5V1ZCTldXeEpNbUpsYkVvNU5tUjRZV2RXZDJ4TVZIcFpiRXBJTDJwaGFITnpVd3AxVFROalYxb3pTMWQwYUVsblJFNURWR0UzZFRCaFFrdEhNbFo2WkhjMk4yazBSRkJRWjB0clRHcDZjVWgyU1RCdGNGZFlOVkEwTkcxVVN5dEdVR1JRQ205MU9XY3hSM1kyU2xGVGFXZEZNMUo1UzJGUVJHZG5UamRYSzNWV1VrYzNaazVXVUZwR1YzSTBPRkZVVWtaSldtcFhNMmd3YkdRMmFtbDZZMHcyYWtvS1IyaGtjVmsyTTFVMlkybHdVRTVuT1c5SU1IbExXV1E1V0hsbmJFeHpTVzE0ZGtORVNESmxaR3BpUm1wdGFVcENWMFkwTm5CTmVHeEdORVF3TlhSSll3cG9NMGhYZWpoWmNUZDBXbWx6T1RSRVFXcDFWMGhPTnpoaVdqUm9ZazVsTnpkb2VqZFBZekYyTVhwbFRtcHhaak5JTkVSdE9YQXlTa2syWmxOa2FTdFRDbUYxUnpKVmJUSXdhbVp0VldoRmRHUlNXVlpIV21ZemJVaDVlbUY2T0RjMGRrdzVWUW90TFMwdExVVk9SQ0JEUlZKVVNVWkpRMEZVUlMwdExTMHRDZz09CiAgICBzZXJ2ZXI6IGh0dHBzOi8vMzQwZjJlZGMtZGM1Ni00YTBiLWIzMWEtZjE1OTkxZTE1OTg4LmFwaS5rOHMuZnItcGFyLnNjdy5jbG91ZDo2NDQzCmNvbnRleHRzOgotIG5hbWU6IGFkbWluQGs4c3Bvb2xjb25maWdrdWJlbGV0YXJncwogIGNvbnRleHQ6CiAgICBjbHVzdGVyOiAiazhzcG9vbGNvbmZpZ2t1YmVsZXRhcmdzIgogICAgdXNlcjogazhzcG9vbGNvbmZpZ2t1YmVsZXRhcmdzLWFkbWluCmN1cnJlbnQtY29udGV4dDogYWRtaW5AazhzcG9vbGNvbmZpZ2t1YmVsZXRhcmdzCmtpbmQ6IENvbmZpZwpwcmVmZXJlbmNlczoge30KdXNlcnM6Ci0gbmFtZTogazhzcG9vbGNvbmZpZ2t1YmVsZXRhcmdzLWFkbWluCiAgdXNlcjoKICAgIHRva2VuOiBOWEsyMEU2UHFYYXE5QndvQVZnTzhzOGxhTU5ncGRVZXFITnUxWnFsckhHUzdEWUNtVjB0eWJIYQ==","content_type":"application/octet-stream","name":"kubeconfig"}'
    headers:
      Content-Length:
      - "2684"
      Content-Security-Policy:
      - default-src 'none'; frame-ancestors 'none'
      Content-Type:
      - application/json
      Date:
      - Tue, 13 Jun 2023 15:26:11 GMT
      Server:
      - Scaleway API-Gateway
      Strict-Transport-Security:
      - max-age=63072000
      X-Content-Type-Options:
      - nosniff
      X-Frame-Options:
      - DENY
      X-Request-Id:
      - 1c8e5eb9-9b8d-4e1d-80db-55c2d1eb2026
    status: 200 OK
    code: 200
    duration: ""
- request:
    body: ""
    form: {}
    headers:
      User-Agent:
      - scaleway-sdk-go/v1.0.0-beta.7+dev (go1.20.4; linux; amd64) terraform-provider/develop
        terraform/terraform-tests
    url: https://api.scaleway.com/k8s/v1/regions/fr-par/pools/76d3433e-7754-4f8b-8c8c-db5334208dba
    method: GET
  response:
    body: '{"autohealing":true,"autoscaling":true,"cluster_id":"340f2edc-dc56-4a0b-b31a-f15991e15988","container_runtime":"containerd","created_at":"2023-06-13T15:21:43.388219Z","id":"76d3433e-7754-4f8b-8c8c-db5334208dba","kubelet_args":{"maxPods":"1337"},"max_size":1,"min_size":1,"name":"default","node_type":"gp1_xs","placement_group_id":null,"region":"fr-par","root_volume_size":150000000000,"root_volume_type":"l_ssd","size":1,"status":"ready","tags":["terraform-test","scaleway_k8s_cluster","kubelet_args"],"updated_at":"2023-06-13T15:26:09.890779Z","upgrade_policy":{"max_surge":0,"max_unavailable":1},"version":"1.27.1","zone":"fr-par-1"}'
    headers:
      Content-Length:
      - "635"
      Content-Security-Policy:
      - default-src 'none'; frame-ancestors 'none'
      Content-Type:
      - application/json
      Date:
      - Tue, 13 Jun 2023 15:26:11 GMT
      Server:
      - Scaleway API-Gateway
      Strict-Transport-Security:
      - max-age=63072000
      X-Content-Type-Options:
      - nosniff
      X-Frame-Options:
      - DENY
      X-Request-Id:
      - c004d948-2aa6-4414-a358-2bd0d259baee
    status: 200 OK
    code: 200
    duration: ""
- request:
    body: ""
    form: {}
    headers:
      User-Agent:
      - scaleway-sdk-go/v1.0.0-beta.7+dev (go1.20.4; linux; amd64) terraform-provider/develop
        terraform/terraform-tests
    url: https://api.scaleway.com/k8s/v1/regions/fr-par/clusters/340f2edc-dc56-4a0b-b31a-f15991e15988/nodes?order_by=created_at_asc&page=1&pool_id=76d3433e-7754-4f8b-8c8c-db5334208dba&status=unknown
    method: GET
  response:
    body: '{"nodes":[{"cluster_id":"340f2edc-dc56-4a0b-b31a-f15991e15988","conditions":{"DiskPressure":"False","MemoryPressure":"False","PIDPressure":"False","PrivateNetworkUnavailable":"False","Ready":"True"},"created_at":"2023-06-13T15:23:00.027089Z","error_message":null,"id":"c621792a-9ecc-4153-854f-cb6b9b5f5d66","name":"scw-k8spoolconfigkubeletargs-default-c621792a9","pool_id":"76d3433e-7754-4f8b-8c8c-db5334208dba","provider_id":"scaleway://instance/fr-par-1/f9ea81ec-d036-4a9a-8556-e561a558778f","public_ip_v4":"51.158.77.29","public_ip_v6":null,"region":"fr-par","status":"ready","updated_at":"2023-06-13T15:26:09.877679Z"}],"total_count":1}'
    headers:
      Content-Length:
      - "640"
      Content-Security-Policy:
      - default-src 'none'; frame-ancestors 'none'
      Content-Type:
      - application/json
      Date:
      - Tue, 13 Jun 2023 15:26:11 GMT
      Server:
      - Scaleway API-Gateway
      Strict-Transport-Security:
      - max-age=63072000
      X-Content-Type-Options:
      - nosniff
      X-Frame-Options:
      - DENY
      X-Request-Id:
      - 008d05d0-84b5-4b2e-825a-0fc22e11fb05
    status: 200 OK
    code: 200
    duration: ""
- request:
    body: ""
    form: {}
    headers:
      User-Agent:
      - scaleway-sdk-go/v1.0.0-beta.7+dev (go1.20.4; linux; amd64) terraform-provider/develop
        terraform/terraform-tests
    url: https://api.scaleway.com/vpc/v2/regions/fr-par/private-networks/ac63694d-f4ed-4517-938c-a894de59da77
    method: GET
  response:
    body: '{"created_at":"2023-06-13T15:21:37.240381Z","id":"ac63694d-f4ed-4517-938c-a894de59da77","name":"tf-pn-pedantic-shannon","organization_id":"fa1e3217-dc80-42ac-85c3-3f034b78b552","project_id":"fa1e3217-dc80-42ac-85c3-3f034b78b552","region":"fr-par","subnets":[{"created_at":"2023-06-13T15:21:37.240381Z","id":"fe749922-1fba-4b63-aaf4-33056088c75d","subnet":"172.16.40.0/22","updated_at":"2023-06-13T15:21:37.240381Z"},{"created_at":"2023-06-13T15:21:37.240381Z","id":"bcc012c6-d227-4618-b3f9-c67d72ce3ec3","subnet":"fd63:256c:45f7:3d90::/64","updated_at":"2023-06-13T15:21:37.240381Z"}],"tags":[],"updated_at":"2023-06-13T15:21:37.240381Z","vpc_id":"1ec1ecb6-8f58-4f7c-92cc-53c2a5ae519c"}'
    headers:
      Content-Length:
      - "686"
      Content-Security-Policy:
      - default-src 'none'; frame-ancestors 'none'
      Content-Type:
      - application/json
      Date:
      - Tue, 13 Jun 2023 15:26:11 GMT
      Server:
      - Scaleway API-Gateway
      Strict-Transport-Security:
      - max-age=63072000
      X-Content-Type-Options:
      - nosniff
      X-Frame-Options:
      - DENY
      X-Request-Id:
      - 4fc6661a-cfc7-4282-b0d5-a4ccac0d7843
    status: 200 OK
    code: 200
    duration: ""
- request:
    body: ""
    form: {}
    headers:
      User-Agent:
      - scaleway-sdk-go/v1.0.0-beta.7+dev (go1.20.4; linux; amd64) terraform-provider/develop
        terraform/terraform-tests
    url: https://api.scaleway.com/k8s/v1/regions/fr-par/clusters/340f2edc-dc56-4a0b-b31a-f15991e15988
    method: GET
  response:
    body: '{"admission_plugins":[],"apiserver_cert_sans":[],"auto_upgrade":{"enabled":false,"maintenance_window":{"day":"any","start_hour":0}},"autoscaler_config":{"balance_similar_node_groups":false,"estimator":"binpacking","expander":"random","expendable_pods_priority_cutoff":0,"ignore_daemonsets_utilization":false,"max_graceful_termination_sec":0,"scale_down_delay_after_add":"10m","scale_down_disabled":false,"scale_down_unneeded_time":"10m","scale_down_utilization_threshold":0.5},"cluster_url":"https://340f2edc-dc56-4a0b-b31a-f15991e15988.api.k8s.fr-par.scw.cloud:6443","cni":"cilium","created_at":"2023-06-13T15:21:37.632840Z","dashboard_enabled":false,"description":"","dns_wildcard":"*.340f2edc-dc56-4a0b-b31a-f15991e15988.nodes.k8s.fr-par.scw.cloud","feature_gates":[],"id":"340f2edc-dc56-4a0b-b31a-f15991e15988","ingress":"none","name":"K8SPoolConfigKubeletArgs","open_id_connect_config":{"client_id":"","groups_claim":[],"groups_prefix":"","issuer_url":"","required_claim":[],"username_claim":"","username_prefix":""},"organization_id":"fa1e3217-dc80-42ac-85c3-3f034b78b552","private_network_id":"ac63694d-f4ed-4517-938c-a894de59da77","project_id":"fa1e3217-dc80-42ac-85c3-3f034b78b552","region":"fr-par","status":"ready","tags":["terraform-test","scaleway_k8s_cluster","kubelet_args"],"type":"kapsule","updated_at":"2023-06-13T15:22:59.639728Z","upgrade_available":false,"version":"1.27.1"}'
    headers:
      Content-Length:
      - "1395"
      Content-Security-Policy:
      - default-src 'none'; frame-ancestors 'none'
      Content-Type:
      - application/json
      Date:
      - Tue, 13 Jun 2023 15:26:11 GMT
      Server:
      - Scaleway API-Gateway
      Strict-Transport-Security:
      - max-age=63072000
      X-Content-Type-Options:
      - nosniff
      X-Frame-Options:
      - DENY
      X-Request-Id:
      - 29041b62-6b3c-4f2d-aa50-e2ccd4e3c671
    status: 200 OK
    code: 200
    duration: ""
- request:
    body: ""
    form: {}
    headers:
      User-Agent:
      - scaleway-sdk-go/v1.0.0-beta.7+dev (go1.20.4; linux; amd64) terraform-provider/develop
        terraform/terraform-tests
    url: https://api.scaleway.com/vpc/v2/regions/fr-par/private-networks/ac63694d-f4ed-4517-938c-a894de59da77
    method: GET
  response:
    body: '{"created_at":"2023-06-13T15:21:37.240381Z","id":"ac63694d-f4ed-4517-938c-a894de59da77","name":"tf-pn-pedantic-shannon","organization_id":"fa1e3217-dc80-42ac-85c3-3f034b78b552","project_id":"fa1e3217-dc80-42ac-85c3-3f034b78b552","region":"fr-par","subnets":[{"created_at":"2023-06-13T15:21:37.240381Z","id":"fe749922-1fba-4b63-aaf4-33056088c75d","subnet":"172.16.40.0/22","updated_at":"2023-06-13T15:21:37.240381Z"},{"created_at":"2023-06-13T15:21:37.240381Z","id":"bcc012c6-d227-4618-b3f9-c67d72ce3ec3","subnet":"fd63:256c:45f7:3d90::/64","updated_at":"2023-06-13T15:21:37.240381Z"}],"tags":[],"updated_at":"2023-06-13T15:21:37.240381Z","vpc_id":"1ec1ecb6-8f58-4f7c-92cc-53c2a5ae519c"}'
    headers:
      Content-Length:
      - "686"
      Content-Security-Policy:
      - default-src 'none'; frame-ancestors 'none'
      Content-Type:
      - application/json
      Date:
      - Tue, 13 Jun 2023 15:26:11 GMT
      Server:
      - Scaleway API-Gateway
      Strict-Transport-Security:
      - max-age=63072000
      X-Content-Type-Options:
      - nosniff
      X-Frame-Options:
      - DENY
      X-Request-Id:
      - 54f286b8-f4da-40e5-a0db-da32b8c404b4
    status: 200 OK
    code: 200
    duration: ""
- request:
    body: ""
    form: {}
    headers:
      User-Agent:
      - scaleway-sdk-go/v1.0.0-beta.7+dev (go1.20.4; linux; amd64) terraform-provider/develop
        terraform/terraform-tests
    url: https://api.scaleway.com/k8s/v1/regions/fr-par/clusters/340f2edc-dc56-4a0b-b31a-f15991e15988/kubeconfig
    method: GET
  response:
    body: '{"content":"YXBpVmVyc2lvbjogdjEKY2x1c3RlcnM6Ci0gbmFtZTogIms4c3Bvb2xjb25maWdrdWJlbGV0YXJncyIKICBjbHVzdGVyOgogICAgY2VydGlmaWNhdGUtYXV0aG9yaXR5LWRhdGE6IExTMHRMUzFDUlVkSlRpQkRSVkpVU1VaSlEwRlVSUzB0TFMwdENrMUpTVU0xZWtORFFXTXJaMEYzU1VKQlowbENRVVJCVGtKbmEzRm9hMmxIT1hjd1FrRlJjMFpCUkVGV1RWSk5kMFZSV1VSV1VWRkVSWGR3Y21SWFNtd0tZMjAxYkdSSFZucE5RalJZUkZSSmVrMUVXWGhOYWtVeFRXcEZlazlXYjFoRVZFMTZUVVJaZUUxcVJURk5ha1Y2VDFadmQwWlVSVlJOUWtWSFFURlZSUXBCZUUxTFlUTldhVnBZU25WYVdGSnNZM3BEUTBGVFNYZEVVVmxLUzI5YVNXaDJZMDVCVVVWQ1FsRkJSR2RuUlZCQlJFTkRRVkZ2UTJkblJVSkJTbkJTQ2tWWk1TODRSamRtZVVKdlFWbDZSaXR3VEhaUU1EZGlUR1J4TVhwclF5dHFkemhXUkdWdWFuZFBNa3hHZVVaeU5GcDFZbkZRU0hCeVYzWlhXamhwYXpVS1RHNWlaazVxVVROVFZHTnBjR3h2VmtkUFEwSjZhekl3UTJ3MlMzRkxVVGxsV214NlltdDRhbU56TUdFMlVuRkhZMFEwYUZjM1JUSkxObXhZVXpGUGNBcHhVVGMxWms5NVJXWTVNM0ZWTWtGNGFXSjNPRk1yWTJ3d2QxQXZUR2R2WkhaaVVVRk9Zak5DV1VGclVqWnZVVGRZTVhnNWQzWnBWRVpUYkVOamRsbzVDamhHWnpCd1ZtZG9XazFvVkU1YU1YbzVkbGN5TWpsaVdqRXZTVk50UmpGb2N6QlNaRUpCS3poM2VtY3hNVXRuT0dWRUsxWXdTVWh5Wld0M1IzZGllRVlLWVhSSGMyeDBabGxJVG1KNU0xUlBMelZNUjBORE5WRTRRMlpLVW5WQ09XeGtlV294TVVsaVUzTnVlalJDVTJ3M1duUTVaMUJLZFhaMldpOTNSMFpXYXdwTE1VaEVLelZZT0haUWNtMHdjVWsxV0ZwclEwRjNSVUZCWVU1RFRVVkJkMFJuV1VSV1VqQlFRVkZJTDBKQlVVUkJaMHRyVFVFNFIwRXhWV1JGZDBWQ0NpOTNVVVpOUVUxQ1FXWTRkMGhSV1VSV1VqQlBRa0paUlVaR2FXbzBjRkZrUVRsV05GcHFhblI0WTJWblpWb3dOeXQyV2s1TlFUQkhRMU54UjFOSllqTUtSRkZGUWtOM1ZVRkJORWxDUVZGRFVXNVJVM2R5S3poa1lsRjNaVmd5V1ZCTldXeEpNbUpsYkVvNU5tUjRZV2RXZDJ4TVZIcFpiRXBJTDJwaGFITnpVd3AxVFROalYxb3pTMWQwYUVsblJFNURWR0UzZFRCaFFrdEhNbFo2WkhjMk4yazBSRkJRWjB0clRHcDZjVWgyU1RCdGNGZFlOVkEwTkcxVVN5dEdVR1JRQ205MU9XY3hSM1kyU2xGVGFXZEZNMUo1UzJGUVJHZG5UamRYSzNWV1VrYzNaazVXVUZwR1YzSTBPRkZVVWtaSldtcFhNMmd3YkdRMmFtbDZZMHcyYWtvS1IyaGtjVmsyTTFVMlkybHdVRTVuT1c5SU1IbExXV1E1V0hsbmJFeHpTVzE0ZGtORVNESmxaR3BpUm1wdGFVcENWMFkwTm5CTmVHeEdORVF3TlhSSll3cG9NMGhYZWpoWmNUZDBXbWx6T1RSRVFXcDFWMGhPTnpoaVdqUm9ZazVsTnpkb2VqZFBZekYyTVhwbFRtcHhaak5JTkVSdE9YQXlTa2syWmxOa2FTdFRDbUYxUnpKVmJUSXdhbVp0VldoRmRHUlNXVlpIV21ZemJVaDVlbUY2T0RjMGRrdzVWUW90TFMwdExVVk9SQ0JEUlZKVVNVWkpRMEZVUlMwdExTMHRDZz09CiAgICBzZXJ2ZXI6IGh0dHBzOi8vMzQwZjJlZGMtZGM1Ni00YTBiLWIzMWEtZjE1OTkxZTE1OTg4LmFwaS5rOHMuZnItcGFyLnNjdy5jbG91ZDo2NDQzCmNvbnRleHRzOgotIG5hbWU6IGFkbWluQGs4c3Bvb2xjb25maWdrdWJlbGV0YXJncwogIGNvbnRleHQ6CiAgICBjbHVzdGVyOiAiazhzcG9vbGNvbmZpZ2t1YmVsZXRhcmdzIgogICAgdXNlcjogazhzcG9vbGNvbmZpZ2t1YmVsZXRhcmdzLWFkbWluCmN1cnJlbnQtY29udGV4dDogYWRtaW5AazhzcG9vbGNvbmZpZ2t1YmVsZXRhcmdzCmtpbmQ6IENvbmZpZwpwcmVmZXJlbmNlczoge30KdXNlcnM6Ci0gbmFtZTogazhzcG9vbGNvbmZpZ2t1YmVsZXRhcmdzLWFkbWluCiAgdXNlcjoKICAgIHRva2VuOiBOWEsyMEU2UHFYYXE5QndvQVZnTzhzOGxhTU5ncGRVZXFITnUxWnFsckhHUzdEWUNtVjB0eWJIYQ==","content_type":"application/octet-stream","name":"kubeconfig"}'
    headers:
      Content-Length:
      - "2684"
      Content-Security-Policy:
      - default-src 'none'; frame-ancestors 'none'
      Content-Type:
      - application/json
      Date:
      - Tue, 13 Jun 2023 15:26:11 GMT
      Server:
      - Scaleway API-Gateway
      Strict-Transport-Security:
      - max-age=63072000
      X-Content-Type-Options:
      - nosniff
      X-Frame-Options:
      - DENY
      X-Request-Id:
      - 7bf3bd2e-c332-43c3-b781-1361857c9ef9
    status: 200 OK
    code: 200
    duration: ""
- request:
    body: ""
    form: {}
    headers:
      User-Agent:
      - scaleway-sdk-go/v1.0.0-beta.7+dev (go1.20.4; linux; amd64) terraform-provider/develop
        terraform/terraform-tests
    url: https://api.scaleway.com/k8s/v1/regions/fr-par/pools/76d3433e-7754-4f8b-8c8c-db5334208dba
    method: GET
  response:
    body: '{"autohealing":true,"autoscaling":true,"cluster_id":"340f2edc-dc56-4a0b-b31a-f15991e15988","container_runtime":"containerd","created_at":"2023-06-13T15:21:43.388219Z","id":"76d3433e-7754-4f8b-8c8c-db5334208dba","kubelet_args":{"maxPods":"1337"},"max_size":1,"min_size":1,"name":"default","node_type":"gp1_xs","placement_group_id":null,"region":"fr-par","root_volume_size":150000000000,"root_volume_type":"l_ssd","size":1,"status":"ready","tags":["terraform-test","scaleway_k8s_cluster","kubelet_args"],"updated_at":"2023-06-13T15:26:09.890779Z","upgrade_policy":{"max_surge":0,"max_unavailable":1},"version":"1.27.1","zone":"fr-par-1"}'
    headers:
      Content-Length:
      - "635"
      Content-Security-Policy:
      - default-src 'none'; frame-ancestors 'none'
      Content-Type:
      - application/json
      Date:
      - Tue, 13 Jun 2023 15:26:11 GMT
      Server:
      - Scaleway API-Gateway
      Strict-Transport-Security:
      - max-age=63072000
      X-Content-Type-Options:
      - nosniff
      X-Frame-Options:
      - DENY
      X-Request-Id:
      - eadd44a3-e71b-4f3d-930e-b0cfbb3b733a
    status: 200 OK
    code: 200
    duration: ""
- request:
    body: ""
    form: {}
    headers:
      User-Agent:
      - scaleway-sdk-go/v1.0.0-beta.7+dev (go1.20.4; linux; amd64) terraform-provider/develop
        terraform/terraform-tests
    url: https://api.scaleway.com/k8s/v1/regions/fr-par/clusters/340f2edc-dc56-4a0b-b31a-f15991e15988/nodes?order_by=created_at_asc&page=1&pool_id=76d3433e-7754-4f8b-8c8c-db5334208dba&status=unknown
    method: GET
  response:
    body: '{"nodes":[{"cluster_id":"340f2edc-dc56-4a0b-b31a-f15991e15988","conditions":{"DiskPressure":"False","MemoryPressure":"False","PIDPressure":"False","PrivateNetworkUnavailable":"False","Ready":"True"},"created_at":"2023-06-13T15:23:00.027089Z","error_message":null,"id":"c621792a-9ecc-4153-854f-cb6b9b5f5d66","name":"scw-k8spoolconfigkubeletargs-default-c621792a9","pool_id":"76d3433e-7754-4f8b-8c8c-db5334208dba","provider_id":"scaleway://instance/fr-par-1/f9ea81ec-d036-4a9a-8556-e561a558778f","public_ip_v4":"51.158.77.29","public_ip_v6":null,"region":"fr-par","status":"ready","updated_at":"2023-06-13T15:26:09.877679Z"}],"total_count":1}'
    headers:
      Content-Length:
      - "640"
      Content-Security-Policy:
      - default-src 'none'; frame-ancestors 'none'
      Content-Type:
      - application/json
      Date:
      - Tue, 13 Jun 2023 15:26:12 GMT
      Server:
      - Scaleway API-Gateway
      Strict-Transport-Security:
      - max-age=63072000
      X-Content-Type-Options:
      - nosniff
      X-Frame-Options:
      - DENY
      X-Request-Id:
      - 1832183e-0423-4777-ba3e-cc4b83fb2766
    status: 200 OK
    code: 200
    duration: ""
- request:
    body: '{"autoscaling":null,"size":null,"min_size":null,"max_size":null,"autohealing":null,"tags":null,"kubelet_args":{"maxPods":"50"},"upgrade_policy":{"max_unavailable":null,"max_surge":null}}'
    form: {}
    headers:
      Content-Type:
      - application/json
      User-Agent:
      - scaleway-sdk-go/v1.0.0-beta.7+dev (go1.20.4; linux; amd64) terraform-provider/develop
        terraform/terraform-tests
    url: https://api.scaleway.com/k8s/v1/regions/fr-par/pools/76d3433e-7754-4f8b-8c8c-db5334208dba
    method: PATCH
  response:
    body: '{"autohealing":true,"autoscaling":true,"cluster_id":"340f2edc-dc56-4a0b-b31a-f15991e15988","container_runtime":"containerd","created_at":"2023-06-13T15:21:43.388219Z","id":"76d3433e-7754-4f8b-8c8c-db5334208dba","kubelet_args":{"maxPods":"50"},"max_size":1,"min_size":1,"name":"default","node_type":"gp1_xs","placement_group_id":null,"region":"fr-par","root_volume_size":150000000000,"root_volume_type":"l_ssd","size":1,"status":"ready","tags":["terraform-test","scaleway_k8s_cluster","kubelet_args"],"updated_at":"2023-06-13T15:26:12.327349935Z","upgrade_policy":{"max_surge":0,"max_unavailable":1},"version":"1.27.1","zone":"fr-par-1"}'
    headers:
      Content-Length:
      - "636"
      Content-Security-Policy:
      - default-src 'none'; frame-ancestors 'none'
      Content-Type:
      - application/json
      Date:
      - Tue, 13 Jun 2023 15:26:12 GMT
      Server:
      - Scaleway API-Gateway
      Strict-Transport-Security:
      - max-age=63072000
      X-Content-Type-Options:
      - nosniff
      X-Frame-Options:
      - DENY
      X-Request-Id:
      - 861e3c71-0de9-4ed3-97d7-a30793f4855a
    status: 200 OK
    code: 200
    duration: ""
- request:
    body: ""
    form: {}
    headers:
      User-Agent:
      - scaleway-sdk-go/v1.0.0-beta.7+dev (go1.20.4; linux; amd64) terraform-provider/develop
        terraform/terraform-tests
    url: https://api.scaleway.com/k8s/v1/regions/fr-par/pools/76d3433e-7754-4f8b-8c8c-db5334208dba
    method: GET
  response:
    body: '{"autohealing":true,"autoscaling":true,"cluster_id":"340f2edc-dc56-4a0b-b31a-f15991e15988","container_runtime":"containerd","created_at":"2023-06-13T15:21:43.388219Z","id":"76d3433e-7754-4f8b-8c8c-db5334208dba","kubelet_args":{"maxPods":"50"},"max_size":1,"min_size":1,"name":"default","node_type":"gp1_xs","placement_group_id":null,"region":"fr-par","root_volume_size":150000000000,"root_volume_type":"l_ssd","size":1,"status":"ready","tags":["terraform-test","scaleway_k8s_cluster","kubelet_args"],"updated_at":"2023-06-13T15:26:12.327350Z","upgrade_policy":{"max_surge":0,"max_unavailable":1},"version":"1.27.1","zone":"fr-par-1"}'
    headers:
      Content-Length:
      - "633"
      Content-Security-Policy:
      - default-src 'none'; frame-ancestors 'none'
      Content-Type:
      - application/json
      Date:
      - Tue, 13 Jun 2023 15:26:12 GMT
      Server:
      - Scaleway API-Gateway
      Strict-Transport-Security:
      - max-age=63072000
      X-Content-Type-Options:
      - nosniff
      X-Frame-Options:
      - DENY
      X-Request-Id:
      - a6ea5fdb-fbb9-4736-b386-1582a1b786ff
    status: 200 OK
    code: 200
    duration: ""
- request:
    body: ""
    form: {}
    headers:
      User-Agent:
      - scaleway-sdk-go/v1.0.0-beta.7+dev (go1.20.4; linux; amd64) terraform-provider/develop
        terraform/terraform-tests
    url: https://api.scaleway.com/k8s/v1/regions/fr-par/pools/76d3433e-7754-4f8b-8c8c-db5334208dba
    method: GET
  response:
    body: '{"autohealing":true,"autoscaling":true,"cluster_id":"340f2edc-dc56-4a0b-b31a-f15991e15988","container_runtime":"containerd","created_at":"2023-06-13T15:21:43.388219Z","id":"76d3433e-7754-4f8b-8c8c-db5334208dba","kubelet_args":{"maxPods":"50"},"max_size":1,"min_size":1,"name":"default","node_type":"gp1_xs","placement_group_id":null,"region":"fr-par","root_volume_size":150000000000,"root_volume_type":"l_ssd","size":1,"status":"ready","tags":["terraform-test","scaleway_k8s_cluster","kubelet_args"],"updated_at":"2023-06-13T15:26:12.327350Z","upgrade_policy":{"max_surge":0,"max_unavailable":1},"version":"1.27.1","zone":"fr-par-1"}'
    headers:
      Content-Length:
      - "633"
      Content-Security-Policy:
      - default-src 'none'; frame-ancestors 'none'
      Content-Type:
      - application/json
      Date:
      - Tue, 13 Jun 2023 15:26:13 GMT
      Server:
      - Scaleway API-Gateway
      Strict-Transport-Security:
      - max-age=63072000
      X-Content-Type-Options:
      - nosniff
      X-Frame-Options:
      - DENY
      X-Request-Id:
      - 67d7a564-5fbb-4671-95c9-84b3e5578cb9
    status: 200 OK
    code: 200
    duration: ""
- request:
    body: ""
    form: {}
    headers:
      User-Agent:
      - scaleway-sdk-go/v1.0.0-beta.7+dev (go1.20.4; linux; amd64) terraform-provider/develop
        terraform/terraform-tests
    url: https://api.scaleway.com/k8s/v1/regions/fr-par/clusters/340f2edc-dc56-4a0b-b31a-f15991e15988/nodes?order_by=created_at_asc&page=1&pool_id=76d3433e-7754-4f8b-8c8c-db5334208dba&status=unknown
    method: GET
  response:
    body: '{"nodes":[{"cluster_id":"340f2edc-dc56-4a0b-b31a-f15991e15988","conditions":{"DiskPressure":"False","MemoryPressure":"False","PIDPressure":"False","PrivateNetworkUnavailable":"False","Ready":"True"},"created_at":"2023-06-13T15:23:00.027089Z","error_message":null,"id":"c621792a-9ecc-4153-854f-cb6b9b5f5d66","name":"scw-k8spoolconfigkubeletargs-default-c621792a9","pool_id":"76d3433e-7754-4f8b-8c8c-db5334208dba","provider_id":"scaleway://instance/fr-par-1/f9ea81ec-d036-4a9a-8556-e561a558778f","public_ip_v4":"51.158.77.29","public_ip_v6":null,"region":"fr-par","status":"ready","updated_at":"2023-06-13T15:26:09.877679Z"}],"total_count":1}'
    headers:
      Content-Length:
      - "640"
      Content-Security-Policy:
      - default-src 'none'; frame-ancestors 'none'
      Content-Type:
      - application/json
      Date:
      - Tue, 13 Jun 2023 15:26:13 GMT
      Server:
      - Scaleway API-Gateway
      Strict-Transport-Security:
      - max-age=63072000
      X-Content-Type-Options:
      - nosniff
      X-Frame-Options:
      - DENY
      X-Request-Id:
      - 7ab8a53c-0096-49e0-bcaa-94fb5725f9ba
    status: 200 OK
    code: 200
    duration: ""
- request:
    body: ""
    form: {}
    headers:
      User-Agent:
      - scaleway-sdk-go/v1.0.0-beta.7+dev (go1.20.4; linux; amd64) terraform-provider/develop
        terraform/terraform-tests
    url: https://api.scaleway.com/k8s/v1/regions/fr-par/clusters/340f2edc-dc56-4a0b-b31a-f15991e15988
    method: GET
  response:
    body: '{"admission_plugins":[],"apiserver_cert_sans":[],"auto_upgrade":{"enabled":false,"maintenance_window":{"day":"any","start_hour":0}},"autoscaler_config":{"balance_similar_node_groups":false,"estimator":"binpacking","expander":"random","expendable_pods_priority_cutoff":0,"ignore_daemonsets_utilization":false,"max_graceful_termination_sec":0,"scale_down_delay_after_add":"10m","scale_down_disabled":false,"scale_down_unneeded_time":"10m","scale_down_utilization_threshold":0.5},"cluster_url":"https://340f2edc-dc56-4a0b-b31a-f15991e15988.api.k8s.fr-par.scw.cloud:6443","cni":"cilium","created_at":"2023-06-13T15:21:37.632840Z","dashboard_enabled":false,"description":"","dns_wildcard":"*.340f2edc-dc56-4a0b-b31a-f15991e15988.nodes.k8s.fr-par.scw.cloud","feature_gates":[],"id":"340f2edc-dc56-4a0b-b31a-f15991e15988","ingress":"none","name":"K8SPoolConfigKubeletArgs","open_id_connect_config":{"client_id":"","groups_claim":[],"groups_prefix":"","issuer_url":"","required_claim":[],"username_claim":"","username_prefix":""},"organization_id":"fa1e3217-dc80-42ac-85c3-3f034b78b552","private_network_id":"ac63694d-f4ed-4517-938c-a894de59da77","project_id":"fa1e3217-dc80-42ac-85c3-3f034b78b552","region":"fr-par","status":"ready","tags":["terraform-test","scaleway_k8s_cluster","kubelet_args"],"type":"kapsule","updated_at":"2023-06-13T15:22:59.639728Z","upgrade_available":false,"version":"1.27.1"}'
    headers:
      Content-Length:
      - "1395"
      Content-Security-Policy:
      - default-src 'none'; frame-ancestors 'none'
      Content-Type:
      - application/json
      Date:
      - Tue, 13 Jun 2023 15:26:13 GMT
      Server:
      - Scaleway API-Gateway
      Strict-Transport-Security:
      - max-age=63072000
      X-Content-Type-Options:
      - nosniff
      X-Frame-Options:
      - DENY
      X-Request-Id:
      - 97a14bc7-c482-4908-a3c8-e65d933b19cc
    status: 200 OK
    code: 200
    duration: ""
- request:
    body: ""
    form: {}
    headers:
      User-Agent:
      - scaleway-sdk-go/v1.0.0-beta.7+dev (go1.20.4; linux; amd64) terraform-provider/develop
        terraform/terraform-tests
    url: https://api.scaleway.com/k8s/v1/regions/fr-par/pools/76d3433e-7754-4f8b-8c8c-db5334208dba
    method: GET
  response:
    body: '{"autohealing":true,"autoscaling":true,"cluster_id":"340f2edc-dc56-4a0b-b31a-f15991e15988","container_runtime":"containerd","created_at":"2023-06-13T15:21:43.388219Z","id":"76d3433e-7754-4f8b-8c8c-db5334208dba","kubelet_args":{"maxPods":"50"},"max_size":1,"min_size":1,"name":"default","node_type":"gp1_xs","placement_group_id":null,"region":"fr-par","root_volume_size":150000000000,"root_volume_type":"l_ssd","size":1,"status":"ready","tags":["terraform-test","scaleway_k8s_cluster","kubelet_args"],"updated_at":"2023-06-13T15:26:12.327350Z","upgrade_policy":{"max_surge":0,"max_unavailable":1},"version":"1.27.1","zone":"fr-par-1"}'
    headers:
      Content-Length:
      - "633"
      Content-Security-Policy:
      - default-src 'none'; frame-ancestors 'none'
      Content-Type:
      - application/json
      Date:
      - Tue, 13 Jun 2023 15:26:13 GMT
      Server:
      - Scaleway API-Gateway
      Strict-Transport-Security:
      - max-age=63072000
      X-Content-Type-Options:
      - nosniff
      X-Frame-Options:
      - DENY
      X-Request-Id:
      - 3419741b-345c-4917-a5ac-fc057e960bee
    status: 200 OK
    code: 200
    duration: ""
- request:
    body: ""
    form: {}
    headers:
      User-Agent:
      - scaleway-sdk-go/v1.0.0-beta.7+dev (go1.20.4; linux; amd64) terraform-provider/develop
        terraform/terraform-tests
    url: https://api.scaleway.com/vpc/v2/regions/fr-par/private-networks/ac63694d-f4ed-4517-938c-a894de59da77
    method: GET
  response:
    body: '{"created_at":"2023-06-13T15:21:37.240381Z","id":"ac63694d-f4ed-4517-938c-a894de59da77","name":"tf-pn-pedantic-shannon","organization_id":"fa1e3217-dc80-42ac-85c3-3f034b78b552","project_id":"fa1e3217-dc80-42ac-85c3-3f034b78b552","region":"fr-par","subnets":[{"created_at":"2023-06-13T15:21:37.240381Z","id":"fe749922-1fba-4b63-aaf4-33056088c75d","subnet":"172.16.40.0/22","updated_at":"2023-06-13T15:21:37.240381Z"},{"created_at":"2023-06-13T15:21:37.240381Z","id":"bcc012c6-d227-4618-b3f9-c67d72ce3ec3","subnet":"fd63:256c:45f7:3d90::/64","updated_at":"2023-06-13T15:21:37.240381Z"}],"tags":[],"updated_at":"2023-06-13T15:21:37.240381Z","vpc_id":"1ec1ecb6-8f58-4f7c-92cc-53c2a5ae519c"}'
    headers:
      Content-Length:
      - "686"
      Content-Security-Policy:
      - default-src 'none'; frame-ancestors 'none'
      Content-Type:
      - application/json
      Date:
      - Tue, 13 Jun 2023 15:26:13 GMT
      Server:
      - Scaleway API-Gateway
      Strict-Transport-Security:
      - max-age=63072000
      X-Content-Type-Options:
      - nosniff
      X-Frame-Options:
      - DENY
      X-Request-Id:
      - 09e7e552-3582-447a-848d-b7cadd0af5b7
    status: 200 OK
    code: 200
    duration: ""
- request:
    body: ""
    form: {}
    headers:
      User-Agent:
      - scaleway-sdk-go/v1.0.0-beta.7+dev (go1.20.4; linux; amd64) terraform-provider/develop
        terraform/terraform-tests
    url: https://api.scaleway.com/k8s/v1/regions/fr-par/clusters/340f2edc-dc56-4a0b-b31a-f15991e15988
    method: GET
  response:
    body: '{"admission_plugins":[],"apiserver_cert_sans":[],"auto_upgrade":{"enabled":false,"maintenance_window":{"day":"any","start_hour":0}},"autoscaler_config":{"balance_similar_node_groups":false,"estimator":"binpacking","expander":"random","expendable_pods_priority_cutoff":0,"ignore_daemonsets_utilization":false,"max_graceful_termination_sec":0,"scale_down_delay_after_add":"10m","scale_down_disabled":false,"scale_down_unneeded_time":"10m","scale_down_utilization_threshold":0.5},"cluster_url":"https://340f2edc-dc56-4a0b-b31a-f15991e15988.api.k8s.fr-par.scw.cloud:6443","cni":"cilium","created_at":"2023-06-13T15:21:37.632840Z","dashboard_enabled":false,"description":"","dns_wildcard":"*.340f2edc-dc56-4a0b-b31a-f15991e15988.nodes.k8s.fr-par.scw.cloud","feature_gates":[],"id":"340f2edc-dc56-4a0b-b31a-f15991e15988","ingress":"none","name":"K8SPoolConfigKubeletArgs","open_id_connect_config":{"client_id":"","groups_claim":[],"groups_prefix":"","issuer_url":"","required_claim":[],"username_claim":"","username_prefix":""},"organization_id":"fa1e3217-dc80-42ac-85c3-3f034b78b552","private_network_id":"ac63694d-f4ed-4517-938c-a894de59da77","project_id":"fa1e3217-dc80-42ac-85c3-3f034b78b552","region":"fr-par","status":"ready","tags":["terraform-test","scaleway_k8s_cluster","kubelet_args"],"type":"kapsule","updated_at":"2023-06-13T15:22:59.639728Z","upgrade_available":false,"version":"1.27.1"}'
    headers:
      Content-Length:
      - "1395"
      Content-Security-Policy:
      - default-src 'none'; frame-ancestors 'none'
      Content-Type:
      - application/json
      Date:
      - Tue, 13 Jun 2023 15:26:13 GMT
      Server:
      - Scaleway API-Gateway
      Strict-Transport-Security:
      - max-age=63072000
      X-Content-Type-Options:
      - nosniff
      X-Frame-Options:
      - DENY
      X-Request-Id:
      - d77749f4-f604-4605-a722-3cebef836b45
    status: 200 OK
    code: 200
    duration: ""
- request:
    body: ""
    form: {}
    headers:
      User-Agent:
      - scaleway-sdk-go/v1.0.0-beta.7+dev (go1.20.4; linux; amd64) terraform-provider/develop
        terraform/terraform-tests
    url: https://api.scaleway.com/vpc/v2/regions/fr-par/private-networks/ac63694d-f4ed-4517-938c-a894de59da77
    method: GET
  response:
    body: '{"created_at":"2023-06-13T15:21:37.240381Z","id":"ac63694d-f4ed-4517-938c-a894de59da77","name":"tf-pn-pedantic-shannon","organization_id":"fa1e3217-dc80-42ac-85c3-3f034b78b552","project_id":"fa1e3217-dc80-42ac-85c3-3f034b78b552","region":"fr-par","subnets":[{"created_at":"2023-06-13T15:21:37.240381Z","id":"fe749922-1fba-4b63-aaf4-33056088c75d","subnet":"172.16.40.0/22","updated_at":"2023-06-13T15:21:37.240381Z"},{"created_at":"2023-06-13T15:21:37.240381Z","id":"bcc012c6-d227-4618-b3f9-c67d72ce3ec3","subnet":"fd63:256c:45f7:3d90::/64","updated_at":"2023-06-13T15:21:37.240381Z"}],"tags":[],"updated_at":"2023-06-13T15:21:37.240381Z","vpc_id":"1ec1ecb6-8f58-4f7c-92cc-53c2a5ae519c"}'
    headers:
      Content-Length:
      - "686"
      Content-Security-Policy:
      - default-src 'none'; frame-ancestors 'none'
      Content-Type:
      - application/json
      Date:
      - Tue, 13 Jun 2023 15:26:13 GMT
      Server:
      - Scaleway API-Gateway
      Strict-Transport-Security:
      - max-age=63072000
      X-Content-Type-Options:
      - nosniff
      X-Frame-Options:
      - DENY
      X-Request-Id:
      - ece91b31-84af-4c33-8bdf-87917ac38c0d
    status: 200 OK
    code: 200
    duration: ""
- request:
    body: ""
    form: {}
    headers:
      User-Agent:
      - scaleway-sdk-go/v1.0.0-beta.7+dev (go1.20.4; linux; amd64) terraform-provider/develop
        terraform/terraform-tests
    url: https://api.scaleway.com/k8s/v1/regions/fr-par/clusters/340f2edc-dc56-4a0b-b31a-f15991e15988/kubeconfig
    method: GET
  response:
    body: '{"content":"YXBpVmVyc2lvbjogdjEKY2x1c3RlcnM6Ci0gbmFtZTogIms4c3Bvb2xjb25maWdrdWJlbGV0YXJncyIKICBjbHVzdGVyOgogICAgY2VydGlmaWNhdGUtYXV0aG9yaXR5LWRhdGE6IExTMHRMUzFDUlVkSlRpQkRSVkpVU1VaSlEwRlVSUzB0TFMwdENrMUpTVU0xZWtORFFXTXJaMEYzU1VKQlowbENRVVJCVGtKbmEzRm9hMmxIT1hjd1FrRlJjMFpCUkVGV1RWSk5kMFZSV1VSV1VWRkVSWGR3Y21SWFNtd0tZMjAxYkdSSFZucE5RalJZUkZSSmVrMUVXWGhOYWtVeFRXcEZlazlXYjFoRVZFMTZUVVJaZUUxcVJURk5ha1Y2VDFadmQwWlVSVlJOUWtWSFFURlZSUXBCZUUxTFlUTldhVnBZU25WYVdGSnNZM3BEUTBGVFNYZEVVVmxLUzI5YVNXaDJZMDVCVVVWQ1FsRkJSR2RuUlZCQlJFTkRRVkZ2UTJkblJVSkJTbkJTQ2tWWk1TODRSamRtZVVKdlFWbDZSaXR3VEhaUU1EZGlUR1J4TVhwclF5dHFkemhXUkdWdWFuZFBNa3hHZVVaeU5GcDFZbkZRU0hCeVYzWlhXamhwYXpVS1RHNWlaazVxVVROVFZHTnBjR3h2VmtkUFEwSjZhekl3UTJ3MlMzRkxVVGxsV214NlltdDRhbU56TUdFMlVuRkhZMFEwYUZjM1JUSkxObXhZVXpGUGNBcHhVVGMxWms5NVJXWTVNM0ZWTWtGNGFXSjNPRk1yWTJ3d2QxQXZUR2R2WkhaaVVVRk9Zak5DV1VGclVqWnZVVGRZTVhnNWQzWnBWRVpUYkVOamRsbzVDamhHWnpCd1ZtZG9XazFvVkU1YU1YbzVkbGN5TWpsaVdqRXZTVk50UmpGb2N6QlNaRUpCS3poM2VtY3hNVXRuT0dWRUsxWXdTVWh5Wld0M1IzZGllRVlLWVhSSGMyeDBabGxJVG1KNU0xUlBMelZNUjBORE5WRTRRMlpLVW5WQ09XeGtlV294TVVsaVUzTnVlalJDVTJ3M1duUTVaMUJLZFhaMldpOTNSMFpXYXdwTE1VaEVLelZZT0haUWNtMHdjVWsxV0ZwclEwRjNSVUZCWVU1RFRVVkJkMFJuV1VSV1VqQlFRVkZJTDBKQlVVUkJaMHRyVFVFNFIwRXhWV1JGZDBWQ0NpOTNVVVpOUVUxQ1FXWTRkMGhSV1VSV1VqQlBRa0paUlVaR2FXbzBjRkZrUVRsV05GcHFhblI0WTJWblpWb3dOeXQyV2s1TlFUQkhRMU54UjFOSllqTUtSRkZGUWtOM1ZVRkJORWxDUVZGRFVXNVJVM2R5S3poa1lsRjNaVmd5V1ZCTldXeEpNbUpsYkVvNU5tUjRZV2RXZDJ4TVZIcFpiRXBJTDJwaGFITnpVd3AxVFROalYxb3pTMWQwYUVsblJFNURWR0UzZFRCaFFrdEhNbFo2WkhjMk4yazBSRkJRWjB0clRHcDZjVWgyU1RCdGNGZFlOVkEwTkcxVVN5dEdVR1JRQ205MU9XY3hSM1kyU2xGVGFXZEZNMUo1UzJGUVJHZG5UamRYSzNWV1VrYzNaazVXVUZwR1YzSTBPRkZVVWtaSldtcFhNMmd3YkdRMmFtbDZZMHcyYWtvS1IyaGtjVmsyTTFVMlkybHdVRTVuT1c5SU1IbExXV1E1V0hsbmJFeHpTVzE0ZGtORVNESmxaR3BpUm1wdGFVcENWMFkwTm5CTmVHeEdORVF3TlhSSll3cG9NMGhYZWpoWmNUZDBXbWx6T1RSRVFXcDFWMGhPTnpoaVdqUm9ZazVsTnpkb2VqZFBZekYyTVhwbFRtcHhaak5JTkVSdE9YQXlTa2syWmxOa2FTdFRDbUYxUnpKVmJUSXdhbVp0VldoRmRHUlNXVlpIV21ZemJVaDVlbUY2T0RjMGRrdzVWUW90TFMwdExVVk9SQ0JEUlZKVVNVWkpRMEZVUlMwdExTMHRDZz09CiAgICBzZXJ2ZXI6IGh0dHBzOi8vMzQwZjJlZGMtZGM1Ni00YTBiLWIzMWEtZjE1OTkxZTE1OTg4LmFwaS5rOHMuZnItcGFyLnNjdy5jbG91ZDo2NDQzCmNvbnRleHRzOgotIG5hbWU6IGFkbWluQGs4c3Bvb2xjb25maWdrdWJlbGV0YXJncwogIGNvbnRleHQ6CiAgICBjbHVzdGVyOiAiazhzcG9vbGNvbmZpZ2t1YmVsZXRhcmdzIgogICAgdXNlcjogazhzcG9vbGNvbmZpZ2t1YmVsZXRhcmdzLWFkbWluCmN1cnJlbnQtY29udGV4dDogYWRtaW5AazhzcG9vbGNvbmZpZ2t1YmVsZXRhcmdzCmtpbmQ6IENvbmZpZwpwcmVmZXJlbmNlczoge30KdXNlcnM6Ci0gbmFtZTogazhzcG9vbGNvbmZpZ2t1YmVsZXRhcmdzLWFkbWluCiAgdXNlcjoKICAgIHRva2VuOiBOWEsyMEU2UHFYYXE5QndvQVZnTzhzOGxhTU5ncGRVZXFITnUxWnFsckhHUzdEWUNtVjB0eWJIYQ==","content_type":"application/octet-stream","name":"kubeconfig"}'
    headers:
      Content-Length:
      - "2684"
      Content-Security-Policy:
      - default-src 'none'; frame-ancestors 'none'
      Content-Type:
      - application/json
      Date:
      - Tue, 13 Jun 2023 15:26:14 GMT
      Server:
      - Scaleway API-Gateway
      Strict-Transport-Security:
      - max-age=63072000
      X-Content-Type-Options:
      - nosniff
      X-Frame-Options:
      - DENY
      X-Request-Id:
      - 73262b79-f5e6-4fc5-ad41-55bd1991acb9
    status: 200 OK
    code: 200
    duration: ""
- request:
    body: ""
    form: {}
    headers:
      User-Agent:
      - scaleway-sdk-go/v1.0.0-beta.7+dev (go1.20.4; linux; amd64) terraform-provider/develop
        terraform/terraform-tests
    url: https://api.scaleway.com/k8s/v1/regions/fr-par/pools/76d3433e-7754-4f8b-8c8c-db5334208dba
    method: GET
  response:
    body: '{"autohealing":true,"autoscaling":true,"cluster_id":"340f2edc-dc56-4a0b-b31a-f15991e15988","container_runtime":"containerd","created_at":"2023-06-13T15:21:43.388219Z","id":"76d3433e-7754-4f8b-8c8c-db5334208dba","kubelet_args":{"maxPods":"50"},"max_size":1,"min_size":1,"name":"default","node_type":"gp1_xs","placement_group_id":null,"region":"fr-par","root_volume_size":150000000000,"root_volume_type":"l_ssd","size":1,"status":"ready","tags":["terraform-test","scaleway_k8s_cluster","kubelet_args"],"updated_at":"2023-06-13T15:26:12.327350Z","upgrade_policy":{"max_surge":0,"max_unavailable":1},"version":"1.27.1","zone":"fr-par-1"}'
    headers:
      Content-Length:
      - "633"
      Content-Security-Policy:
      - default-src 'none'; frame-ancestors 'none'
      Content-Type:
      - application/json
      Date:
      - Tue, 13 Jun 2023 15:26:14 GMT
      Server:
      - Scaleway API-Gateway
      Strict-Transport-Security:
      - max-age=63072000
      X-Content-Type-Options:
      - nosniff
      X-Frame-Options:
      - DENY
      X-Request-Id:
      - 5a7ad942-a969-4345-aa73-2d1df9723f9b
    status: 200 OK
    code: 200
    duration: ""
- request:
    body: ""
    form: {}
    headers:
      User-Agent:
      - scaleway-sdk-go/v1.0.0-beta.7+dev (go1.20.4; linux; amd64) terraform-provider/develop
        terraform/terraform-tests
    url: https://api.scaleway.com/k8s/v1/regions/fr-par/clusters/340f2edc-dc56-4a0b-b31a-f15991e15988/nodes?order_by=created_at_asc&page=1&pool_id=76d3433e-7754-4f8b-8c8c-db5334208dba&status=unknown
    method: GET
  response:
    body: '{"nodes":[{"cluster_id":"340f2edc-dc56-4a0b-b31a-f15991e15988","conditions":{"DiskPressure":"False","MemoryPressure":"False","PIDPressure":"False","PrivateNetworkUnavailable":"False","Ready":"True"},"created_at":"2023-06-13T15:23:00.027089Z","error_message":null,"id":"c621792a-9ecc-4153-854f-cb6b9b5f5d66","name":"scw-k8spoolconfigkubeletargs-default-c621792a9","pool_id":"76d3433e-7754-4f8b-8c8c-db5334208dba","provider_id":"scaleway://instance/fr-par-1/f9ea81ec-d036-4a9a-8556-e561a558778f","public_ip_v4":"51.158.77.29","public_ip_v6":null,"region":"fr-par","status":"ready","updated_at":"2023-06-13T15:26:13.620987Z"}],"total_count":1}'
    headers:
      Content-Length:
      - "640"
      Content-Security-Policy:
      - default-src 'none'; frame-ancestors 'none'
      Content-Type:
      - application/json
      Date:
      - Tue, 13 Jun 2023 15:26:14 GMT
      Server:
      - Scaleway API-Gateway
      Strict-Transport-Security:
      - max-age=63072000
      X-Content-Type-Options:
      - nosniff
      X-Frame-Options:
      - DENY
      X-Request-Id:
      - beed3cb5-7562-4092-95b4-3f0ab1de215f
    status: 200 OK
    code: 200
    duration: ""
- request:
    body: ""
    form: {}
    headers:
      User-Agent:
      - scaleway-sdk-go/v1.0.0-beta.7+dev (go1.20.4; linux; amd64) terraform-provider/develop
        terraform/terraform-tests
    url: https://api.scaleway.com/k8s/v1/regions/fr-par/pools/76d3433e-7754-4f8b-8c8c-db5334208dba
    method: DELETE
  response:
    body: '{"autohealing":true,"autoscaling":true,"cluster_id":"340f2edc-dc56-4a0b-b31a-f15991e15988","container_runtime":"containerd","created_at":"2023-06-13T15:21:43.388219Z","id":"76d3433e-7754-4f8b-8c8c-db5334208dba","kubelet_args":{"maxPods":"50"},"max_size":1,"min_size":1,"name":"default","node_type":"gp1_xs","placement_group_id":null,"region":"fr-par","root_volume_size":150000000000,"root_volume_type":"l_ssd","size":1,"status":"deleting","tags":["terraform-test","scaleway_k8s_cluster","kubelet_args"],"updated_at":"2023-06-13T15:26:14.813362979Z","upgrade_policy":{"max_surge":0,"max_unavailable":1},"version":"1.27.1","zone":"fr-par-1"}'
    headers:
      Content-Length:
      - "639"
      Content-Security-Policy:
      - default-src 'none'; frame-ancestors 'none'
      Content-Type:
      - application/json
      Date:
      - Tue, 13 Jun 2023 15:26:14 GMT
      Server:
      - Scaleway API-Gateway
      Strict-Transport-Security:
      - max-age=63072000
      X-Content-Type-Options:
      - nosniff
      X-Frame-Options:
      - DENY
      X-Request-Id:
      - ea7d22da-a2c3-40ea-9329-cce6849c5074
    status: 200 OK
    code: 200
    duration: ""
- request:
    body: ""
    form: {}
    headers:
      User-Agent:
      - scaleway-sdk-go/v1.0.0-beta.7+dev (go1.20.4; linux; amd64) terraform-provider/develop
        terraform/terraform-tests
    url: https://api.scaleway.com/k8s/v1/regions/fr-par/clusters/340f2edc-dc56-4a0b-b31a-f15991e15988?with_additional_resources=true
    method: DELETE
  response:
    body: '{"admission_plugins":[],"apiserver_cert_sans":[],"auto_upgrade":{"enabled":false,"maintenance_window":{"day":"any","start_hour":0}},"autoscaler_config":{"balance_similar_node_groups":false,"estimator":"binpacking","expander":"random","expendable_pods_priority_cutoff":0,"ignore_daemonsets_utilization":false,"max_graceful_termination_sec":0,"scale_down_delay_after_add":"10m","scale_down_disabled":false,"scale_down_unneeded_time":"10m","scale_down_utilization_threshold":0.5},"cluster_url":"https://340f2edc-dc56-4a0b-b31a-f15991e15988.api.k8s.fr-par.scw.cloud:6443","cni":"cilium","created_at":"2023-06-13T15:21:37.632840Z","dashboard_enabled":false,"description":"","dns_wildcard":"*.340f2edc-dc56-4a0b-b31a-f15991e15988.nodes.k8s.fr-par.scw.cloud","feature_gates":[],"id":"340f2edc-dc56-4a0b-b31a-f15991e15988","ingress":"none","name":"K8SPoolConfigKubeletArgs","open_id_connect_config":{"client_id":"","groups_claim":[],"groups_prefix":"","issuer_url":"","required_claim":[],"username_claim":"","username_prefix":""},"organization_id":"fa1e3217-dc80-42ac-85c3-3f034b78b552","private_network_id":"ac63694d-f4ed-4517-938c-a894de59da77","project_id":"fa1e3217-dc80-42ac-85c3-3f034b78b552","region":"fr-par","status":"deleting","tags":["terraform-test","scaleway_k8s_cluster","kubelet_args"],"type":"kapsule","updated_at":"2023-06-13T15:26:14.908576290Z","upgrade_available":false,"version":"1.27.1"}'
    headers:
      Content-Length:
      - "1401"
      Content-Security-Policy:
      - default-src 'none'; frame-ancestors 'none'
      Content-Type:
      - application/json
      Date:
      - Tue, 13 Jun 2023 15:26:15 GMT
      Server:
      - Scaleway API-Gateway
      Strict-Transport-Security:
      - max-age=63072000
      X-Content-Type-Options:
      - nosniff
      X-Frame-Options:
      - DENY
      X-Request-Id:
      - a5ae1b38-08ee-4c8a-99f1-a410bdffe336
    status: 200 OK
    code: 200
    duration: ""
- request:
    body: ""
    form: {}
    headers:
      User-Agent:
      - scaleway-sdk-go/v1.0.0-beta.7+dev (go1.20.4; linux; amd64) terraform-provider/develop
        terraform/terraform-tests
    url: https://api.scaleway.com/k8s/v1/regions/fr-par/clusters/340f2edc-dc56-4a0b-b31a-f15991e15988
    method: GET
  response:
    body: '{"admission_plugins":[],"apiserver_cert_sans":[],"auto_upgrade":{"enabled":false,"maintenance_window":{"day":"any","start_hour":0}},"autoscaler_config":{"balance_similar_node_groups":false,"estimator":"binpacking","expander":"random","expendable_pods_priority_cutoff":0,"ignore_daemonsets_utilization":false,"max_graceful_termination_sec":0,"scale_down_delay_after_add":"10m","scale_down_disabled":false,"scale_down_unneeded_time":"10m","scale_down_utilization_threshold":0.5},"cluster_url":"https://340f2edc-dc56-4a0b-b31a-f15991e15988.api.k8s.fr-par.scw.cloud:6443","cni":"cilium","created_at":"2023-06-13T15:21:37.632840Z","dashboard_enabled":false,"description":"","dns_wildcard":"*.340f2edc-dc56-4a0b-b31a-f15991e15988.nodes.k8s.fr-par.scw.cloud","feature_gates":[],"id":"340f2edc-dc56-4a0b-b31a-f15991e15988","ingress":"none","name":"K8SPoolConfigKubeletArgs","open_id_connect_config":{"client_id":"","groups_claim":[],"groups_prefix":"","issuer_url":"","required_claim":[],"username_claim":"","username_prefix":""},"organization_id":"fa1e3217-dc80-42ac-85c3-3f034b78b552","private_network_id":"ac63694d-f4ed-4517-938c-a894de59da77","project_id":"fa1e3217-dc80-42ac-85c3-3f034b78b552","region":"fr-par","status":"deleting","tags":["terraform-test","scaleway_k8s_cluster","kubelet_args"],"type":"kapsule","updated_at":"2023-06-13T15:26:14.908576Z","upgrade_available":false,"version":"1.27.1"}'
    headers:
      Content-Length:
      - "1398"
      Content-Security-Policy:
      - default-src 'none'; frame-ancestors 'none'
      Content-Type:
      - application/json
      Date:
      - Tue, 13 Jun 2023 15:26:15 GMT
      Server:
      - Scaleway API-Gateway
      Strict-Transport-Security:
      - max-age=63072000
      X-Content-Type-Options:
      - nosniff
      X-Frame-Options:
      - DENY
      X-Request-Id:
      - 6ccaa165-44dc-4c80-a064-d585430352be
    status: 200 OK
    code: 200
    duration: ""
- request:
    body: ""
    form: {}
    headers:
      User-Agent:
      - scaleway-sdk-go/v1.0.0-beta.7+dev (go1.20.4; linux; amd64) terraform-provider/develop
        terraform/terraform-tests
    url: https://api.scaleway.com/k8s/v1/regions/fr-par/clusters/340f2edc-dc56-4a0b-b31a-f15991e15988
    method: GET
  response:
    body: '{"admission_plugins":[],"apiserver_cert_sans":[],"auto_upgrade":{"enabled":false,"maintenance_window":{"day":"any","start_hour":0}},"autoscaler_config":{"balance_similar_node_groups":false,"estimator":"binpacking","expander":"random","expendable_pods_priority_cutoff":0,"ignore_daemonsets_utilization":false,"max_graceful_termination_sec":0,"scale_down_delay_after_add":"10m","scale_down_disabled":false,"scale_down_unneeded_time":"10m","scale_down_utilization_threshold":0.5},"cluster_url":"https://340f2edc-dc56-4a0b-b31a-f15991e15988.api.k8s.fr-par.scw.cloud:6443","cni":"cilium","created_at":"2023-06-13T15:21:37.632840Z","dashboard_enabled":false,"description":"","dns_wildcard":"*.340f2edc-dc56-4a0b-b31a-f15991e15988.nodes.k8s.fr-par.scw.cloud","feature_gates":[],"id":"340f2edc-dc56-4a0b-b31a-f15991e15988","ingress":"none","name":"K8SPoolConfigKubeletArgs","open_id_connect_config":{"client_id":"","groups_claim":[],"groups_prefix":"","issuer_url":"","required_claim":[],"username_claim":"","username_prefix":""},"organization_id":"fa1e3217-dc80-42ac-85c3-3f034b78b552","private_network_id":"ac63694d-f4ed-4517-938c-a894de59da77","project_id":"fa1e3217-dc80-42ac-85c3-3f034b78b552","region":"fr-par","status":"deleting","tags":["terraform-test","scaleway_k8s_cluster","kubelet_args"],"type":"kapsule","updated_at":"2023-06-13T15:26:14.908576Z","upgrade_available":false,"version":"1.27.1"}'
    headers:
      Content-Length:
      - "1398"
      Content-Security-Policy:
      - default-src 'none'; frame-ancestors 'none'
      Content-Type:
      - application/json
      Date:
      - Tue, 13 Jun 2023 15:26:20 GMT
      Server:
      - Scaleway API-Gateway
      Strict-Transport-Security:
      - max-age=63072000
      X-Content-Type-Options:
      - nosniff
      X-Frame-Options:
      - DENY
      X-Request-Id:
      - c1df48ba-e63c-49f9-9c81-db1f4d80b32a
    status: 200 OK
    code: 200
    duration: ""
- request:
    body: ""
    form: {}
    headers:
      User-Agent:
      - scaleway-sdk-go/v1.0.0-beta.7+dev (go1.20.4; linux; amd64) terraform-provider/develop
        terraform/terraform-tests
    url: https://api.scaleway.com/k8s/v1/regions/fr-par/clusters/340f2edc-dc56-4a0b-b31a-f15991e15988
    method: GET
  response:
    body: '{"admission_plugins":[],"apiserver_cert_sans":[],"auto_upgrade":{"enabled":false,"maintenance_window":{"day":"any","start_hour":0}},"autoscaler_config":{"balance_similar_node_groups":false,"estimator":"binpacking","expander":"random","expendable_pods_priority_cutoff":0,"ignore_daemonsets_utilization":false,"max_graceful_termination_sec":0,"scale_down_delay_after_add":"10m","scale_down_disabled":false,"scale_down_unneeded_time":"10m","scale_down_utilization_threshold":0.5},"cluster_url":"https://340f2edc-dc56-4a0b-b31a-f15991e15988.api.k8s.fr-par.scw.cloud:6443","cni":"cilium","created_at":"2023-06-13T15:21:37.632840Z","dashboard_enabled":false,"description":"","dns_wildcard":"*.340f2edc-dc56-4a0b-b31a-f15991e15988.nodes.k8s.fr-par.scw.cloud","feature_gates":[],"id":"340f2edc-dc56-4a0b-b31a-f15991e15988","ingress":"none","name":"K8SPoolConfigKubeletArgs","open_id_connect_config":{"client_id":"","groups_claim":[],"groups_prefix":"","issuer_url":"","required_claim":[],"username_claim":"","username_prefix":""},"organization_id":"fa1e3217-dc80-42ac-85c3-3f034b78b552","private_network_id":"ac63694d-f4ed-4517-938c-a894de59da77","project_id":"fa1e3217-dc80-42ac-85c3-3f034b78b552","region":"fr-par","status":"deleting","tags":["terraform-test","scaleway_k8s_cluster","kubelet_args"],"type":"kapsule","updated_at":"2023-06-13T15:26:14.908576Z","upgrade_available":false,"version":"1.27.1"}'
    headers:
      Content-Length:
      - "1398"
      Content-Security-Policy:
      - default-src 'none'; frame-ancestors 'none'
      Content-Type:
      - application/json
      Date:
      - Tue, 13 Jun 2023 15:26:25 GMT
      Server:
      - Scaleway API-Gateway
      Strict-Transport-Security:
      - max-age=63072000
      X-Content-Type-Options:
      - nosniff
      X-Frame-Options:
      - DENY
      X-Request-Id:
      - 6e9312da-f37c-47cd-9c5a-3e9ea27ea5ee
    status: 200 OK
    code: 200
    duration: ""
- request:
    body: ""
    form: {}
    headers:
      User-Agent:
      - scaleway-sdk-go/v1.0.0-beta.7+dev (go1.20.4; linux; amd64) terraform-provider/develop
        terraform/terraform-tests
    url: https://api.scaleway.com/k8s/v1/regions/fr-par/clusters/340f2edc-dc56-4a0b-b31a-f15991e15988
    method: GET
  response:
    body: '{"admission_plugins":[],"apiserver_cert_sans":[],"auto_upgrade":{"enabled":false,"maintenance_window":{"day":"any","start_hour":0}},"autoscaler_config":{"balance_similar_node_groups":false,"estimator":"binpacking","expander":"random","expendable_pods_priority_cutoff":0,"ignore_daemonsets_utilization":false,"max_graceful_termination_sec":0,"scale_down_delay_after_add":"10m","scale_down_disabled":false,"scale_down_unneeded_time":"10m","scale_down_utilization_threshold":0.5},"cluster_url":"https://340f2edc-dc56-4a0b-b31a-f15991e15988.api.k8s.fr-par.scw.cloud:6443","cni":"cilium","created_at":"2023-06-13T15:21:37.632840Z","dashboard_enabled":false,"description":"","dns_wildcard":"*.340f2edc-dc56-4a0b-b31a-f15991e15988.nodes.k8s.fr-par.scw.cloud","feature_gates":[],"id":"340f2edc-dc56-4a0b-b31a-f15991e15988","ingress":"none","name":"K8SPoolConfigKubeletArgs","open_id_connect_config":{"client_id":"","groups_claim":[],"groups_prefix":"","issuer_url":"","required_claim":[],"username_claim":"","username_prefix":""},"organization_id":"fa1e3217-dc80-42ac-85c3-3f034b78b552","private_network_id":"ac63694d-f4ed-4517-938c-a894de59da77","project_id":"fa1e3217-dc80-42ac-85c3-3f034b78b552","region":"fr-par","status":"deleting","tags":["terraform-test","scaleway_k8s_cluster","kubelet_args"],"type":"kapsule","updated_at":"2023-06-13T15:26:14.908576Z","upgrade_available":false,"version":"1.27.1"}'
    headers:
      Content-Length:
      - "1398"
      Content-Security-Policy:
      - default-src 'none'; frame-ancestors 'none'
      Content-Type:
      - application/json
      Date:
      - Tue, 13 Jun 2023 15:26:30 GMT
      Server:
      - Scaleway API-Gateway
      Strict-Transport-Security:
      - max-age=63072000
      X-Content-Type-Options:
      - nosniff
      X-Frame-Options:
      - DENY
      X-Request-Id:
      - 75382d41-9ac0-4e3d-ba85-ed5bbad6d30f
    status: 200 OK
    code: 200
    duration: ""
- request:
    body: ""
    form: {}
    headers:
      User-Agent:
      - scaleway-sdk-go/v1.0.0-beta.7+dev (go1.20.4; linux; amd64) terraform-provider/develop
        terraform/terraform-tests
    url: https://api.scaleway.com/k8s/v1/regions/fr-par/clusters/340f2edc-dc56-4a0b-b31a-f15991e15988
    method: GET
  response:
    body: '{"message":"resource is not found","resource":"cluster","resource_id":"340f2edc-dc56-4a0b-b31a-f15991e15988","type":"not_found"}'
    headers:
      Content-Length:
      - "128"
      Content-Security-Policy:
      - default-src 'none'; frame-ancestors 'none'
      Content-Type:
      - application/json
      Date:
      - Tue, 13 Jun 2023 15:26:35 GMT
      Server:
      - Scaleway API-Gateway
      Strict-Transport-Security:
      - max-age=63072000
      X-Content-Type-Options:
      - nosniff
      X-Frame-Options:
      - DENY
      X-Request-Id:
      - 4b9e5d8a-6a43-48ba-bbee-cd7833d83cd5
    status: 404 Not Found
    code: 404
    duration: ""
- request:
    body: ""
    form: {}
    headers:
      User-Agent:
      - scaleway-sdk-go/v1.0.0-beta.7+dev (go1.20.4; linux; amd64) terraform-provider/develop
        terraform/terraform-tests
    url: https://api.scaleway.com/vpc/v2/regions/fr-par/private-networks/ac63694d-f4ed-4517-938c-a894de59da77
    method: DELETE
  response:
    body: '{"message":"resource is not found","resource":"private_network","resource_id":"ac63694d-f4ed-4517-938c-a894de59da77","type":"not_found"}'
    headers:
      Content-Length:
      - "136"
      Content-Security-Policy:
      - default-src 'none'; frame-ancestors 'none'
      Content-Type:
      - application/json
      Date:
      - Tue, 13 Jun 2023 15:26:35 GMT
      Server:
      - Scaleway API-Gateway
      Strict-Transport-Security:
      - max-age=63072000
      X-Content-Type-Options:
      - nosniff
      X-Frame-Options:
      - DENY
      X-Request-Id:
      - bb826c58-c0dc-462b-8d15-a2486d8561af
    status: 404 Not Found
    code: 404
    duration: ""
- request:
    body: ""
    form: {}
    headers:
      User-Agent:
      - scaleway-sdk-go/v1.0.0-beta.7+dev (go1.20.4; linux; amd64) terraform-provider/develop
        terraform/terraform-tests
    url: https://api.scaleway.com/k8s/v1/regions/fr-par/clusters/340f2edc-dc56-4a0b-b31a-f15991e15988
    method: GET
  response:
    body: '{"message":"resource is not found","resource":"cluster","resource_id":"340f2edc-dc56-4a0b-b31a-f15991e15988","type":"not_found"}'
    headers:
      Content-Length:
      - "128"
      Content-Security-Policy:
      - default-src 'none'; frame-ancestors 'none'
      Content-Type:
      - application/json
      Date:
      - Tue, 13 Jun 2023 15:26:35 GMT
      Server:
      - Scaleway API-Gateway
      Strict-Transport-Security:
      - max-age=63072000
      X-Content-Type-Options:
      - nosniff
      X-Frame-Options:
      - DENY
      X-Request-Id:
      - 5aec9a77-78f8-4ada-b23b-b48257d6711d
    status: 404 Not Found
    code: 404
    duration: ""
