---
version: 1
interactions:
- request:
    body: ""
    form: {}
    headers:
      User-Agent:
      - scaleway-sdk-go/v1.0.0-beta.7+dev (go1.20.4; linux; amd64) terraform-provider/develop
        terraform/terraform-tests
    url: https://api.scaleway.com/k8s/v1/regions/fr-par/versions
    method: GET
  response:
    body: '{"versions":[{"available_admission_plugins":["AlwaysPullImages","PodNodeSelector","PodTolerationRestriction"],"available_cnis":["cilium","calico","kilo"],"available_container_runtimes":["containerd"],"available_feature_gates":["HPAScaleToZero","SidecarContainers","ValidatingAdmissionPolicy"],"available_ingresses":["none"],"available_kubelet_args":{"containerLogMaxFiles":"uint16","containerLogMaxSize":"quantity","cpuCFSQuota":"bool","cpuCFSQuotaPeriod":"duration","cpuManagerPolicy":"enum:none|static","enableDebuggingHandlers":"bool","imageGCHighThresholdPercent":"uint32","imageGCLowThresholdPercent":"uint32","maxPods":"uint16"},"label":"Kubernetes
      1.28.2","name":"1.28.2","region":"fr-par"},{"available_admission_plugins":["PodNodeSelector","AlwaysPullImages","PodTolerationRestriction"],"available_cnis":["cilium","calico","kilo"],"available_container_runtimes":["containerd"],"available_feature_gates":["HPAScaleToZero","GRPCContainerProbe","ReadWriteOncePod","ValidatingAdmissionPolicy","CSINodeExpandSecret"],"available_ingresses":["none"],"available_kubelet_args":{"containerLogMaxFiles":"uint16","containerLogMaxSize":"quantity","cpuCFSQuota":"bool","cpuCFSQuotaPeriod":"duration","cpuManagerPolicy":"enum:none|static","enableDebuggingHandlers":"bool","imageGCHighThresholdPercent":"uint32","imageGCLowThresholdPercent":"uint32","maxPods":"uint16"},"label":"Kubernetes
      1.27.6","name":"1.27.6","region":"fr-par"},{"available_admission_plugins":["PodNodeSelector","AlwaysPullImages","PodTolerationRestriction"],"available_cnis":["cilium","calico","kilo"],"available_container_runtimes":["containerd"],"available_feature_gates":["HPAScaleToZero","GRPCContainerProbe","ReadWriteOncePod","ValidatingAdmissionPolicy","CSINodeExpandSecret"],"available_ingresses":["none"],"available_kubelet_args":{"containerLogMaxFiles":"uint16","containerLogMaxSize":"quantity","cpuCFSQuota":"bool","cpuCFSQuotaPeriod":"duration","cpuManagerPolicy":"enum:none|static","enableDebuggingHandlers":"bool","imageGCHighThresholdPercent":"uint32","imageGCLowThresholdPercent":"uint32","maxPods":"uint16"},"label":"Kubernetes
      1.26.9","name":"1.26.9","region":"fr-par"},{"available_admission_plugins":["PodNodeSelector","AlwaysPullImages","PodTolerationRestriction"],"available_cnis":["cilium","calico","kilo"],"available_container_runtimes":["containerd"],"available_feature_gates":["HPAScaleToZero","KubeletCredentialProviders","GRPCContainerProbe","ReadWriteOncePod","CSINodeExpandSecret"],"available_ingresses":["none"],"available_kubelet_args":{"containerLogMaxFiles":"uint16","containerLogMaxSize":"quantity","cpuCFSQuota":"bool","cpuCFSQuotaPeriod":"duration","cpuManagerPolicy":"enum:none|static","enableDebuggingHandlers":"bool","imageGCHighThresholdPercent":"uint32","imageGCLowThresholdPercent":"uint32","maxPods":"uint16"},"label":"Kubernetes
      1.25.14","name":"1.25.14","region":"fr-par"},{"available_admission_plugins":["PodSecurityPolicy","PodNodeSelector","AlwaysPullImages","PodTolerationRestriction"],"available_cnis":["cilium","calico","weave","flannel","kilo"],"available_container_runtimes":["containerd"],"available_feature_gates":["HPAScaleToZero","EphemeralContainers","KubeletCredentialProviders","GRPCContainerProbe","ReadWriteOncePod"],"available_ingresses":["none"],"available_kubelet_args":{"containerLogMaxFiles":"uint16","containerLogMaxSize":"quantity","cpuCFSQuota":"bool","cpuCFSQuotaPeriod":"duration","cpuManagerPolicy":"enum:none|static","enableDebuggingHandlers":"bool","imageGCHighThresholdPercent":"uint32","imageGCLowThresholdPercent":"uint32","maxPods":"uint16"},"label":"Kubernetes
      1.24.17","name":"1.24.17","region":"fr-par"},{"available_admission_plugins":["PodSecurityPolicy","PodNodeSelector","AlwaysPullImages","PodTolerationRestriction"],"available_cnis":["cilium","calico","weave","flannel","kilo"],"available_container_runtimes":["containerd"],"available_feature_gates":["HPAScaleToZero","EphemeralContainers","KubeletCredentialProviders","GRPCContainerProbe"],"available_ingresses":["none","nginx","traefik2"],"available_kubelet_args":{"containerLogMaxFiles":"uint16","containerLogMaxSize":"quantity","cpuCFSQuota":"bool","cpuCFSQuotaPeriod":"duration","cpuManagerPolicy":"enum:none|static","enableDebuggingHandlers":"bool","imageGCHighThresholdPercent":"uint32","imageGCLowThresholdPercent":"uint32","maxPods":"uint16"},"label":"Kubernetes
      1.23.17","name":"1.23.17","region":"fr-par"}]}'
    headers:
      Content-Security-Policy:
      - default-src 'none'; frame-ancestors 'none'
      Content-Type:
      - application/json
      Date:
      - Wed, 18 Oct 2023 16:35:41 GMT
      Server:
      - Scaleway API-Gateway
      Strict-Transport-Security:
      - max-age=63072000
      X-Content-Type-Options:
      - nosniff
      X-Frame-Options:
      - DENY
      X-Request-Id:
      - 0928f880-56c0-48b7-984f-2e168d9a8580
    status: 200 OK
    code: 200
    duration: ""
- request:
    body: '{"project_id":"fa1e3217-dc80-42ac-85c3-3f034b78b552","type":"multicloud","name":"test-multicloud","description":"","tags":null,"version":"1.28.2","cni":"kilo","pools":null,"autoscaler_config":{"scale_down_disabled":null,"scale_down_delay_after_add":null,"estimator":"unknown_estimator","expander":"unknown_expander","ignore_daemonsets_utilization":null,"balance_similar_node_groups":null,"expendable_pods_priority_cutoff":0,"scale_down_unneeded_time":null,"scale_down_utilization_threshold":null,"max_graceful_termination_sec":0},"auto_upgrade":null,"feature_gates":null,"admission_plugins":null,"open_id_connect_config":null,"apiserver_cert_sans":null,"private_network_id":null}'
    form: {}
    headers:
      Content-Type:
      - application/json
      User-Agent:
      - scaleway-sdk-go/v1.0.0-beta.7+dev (go1.20.4; linux; amd64) terraform-provider/develop
        terraform/terraform-tests
    url: https://api.scaleway.com/k8s/v1/regions/fr-par/clusters
    method: POST
  response:
    body: '{"admission_plugins":[],"apiserver_cert_sans":[],"audit_log":false,"auto_upgrade":{"enabled":false,"maintenance_window":{"day":"any","start_hour":0}},"autoscaler_config":{"balance_similar_node_groups":false,"estimator":"binpacking","expander":"random","expendable_pods_priority_cutoff":0,"ignore_daemonsets_utilization":false,"max_graceful_termination_sec":0,"scale_down_delay_after_add":"10m","scale_down_disabled":false,"scale_down_unneeded_time":"10m","scale_down_utilization_threshold":0.5},"cluster_url":"https://5145a129-3d9f-4959-bcba-14a0902c68e0.api.k8s.fr-par.scw.cloud:6443","cni":"kilo","commitment_ends_at":"2023-10-18T16:43:35.895128864Z","created_at":"2023-10-18T16:43:35.895128864Z","dashboard_enabled":false,"description":"","dns_wildcard":"*.5145a129-3d9f-4959-bcba-14a0902c68e0.nodes.k8s.fr-par.scw.cloud","feature_gates":[],"id":"5145a129-3d9f-4959-bcba-14a0902c68e0","ingress":"none","name":"test-multicloud","open_id_connect_config":{"client_id":"","groups_claim":[],"groups_prefix":"","issuer_url":"","required_claim":[],"username_claim":"","username_prefix":""},"organization_id":"fa1e3217-dc80-42ac-85c3-3f034b78b552","private_network_id":null,"project_id":"fa1e3217-dc80-42ac-85c3-3f034b78b552","region":"fr-par","status":"creating","tags":[],"type":"multicloud","updated_at":"2023-10-18T16:43:35.903088111Z","upgrade_available":false,"version":"1.28.2"}'
    headers:
      Content-Length:
      - "1423"
      Content-Security-Policy:
      - default-src 'none'; frame-ancestors 'none'
      Content-Type:
      - application/json
      Date:
      - Wed, 18 Oct 2023 16:43:35 GMT
      Server:
      - Scaleway API-Gateway
      Strict-Transport-Security:
      - max-age=63072000
      X-Content-Type-Options:
      - nosniff
      X-Frame-Options:
      - DENY
      X-Request-Id:
      - a19c5add-fdd9-4614-8560-beab59a0aa1e
    status: 200 OK
    code: 200
    duration: ""
- request:
    body: ""
    form: {}
    headers:
      User-Agent:
      - scaleway-sdk-go/v1.0.0-beta.7+dev (go1.20.4; linux; amd64) terraform-provider/develop
        terraform/terraform-tests
    url: https://api.scaleway.com/k8s/v1/regions/fr-par/clusters/5145a129-3d9f-4959-bcba-14a0902c68e0
    method: GET
  response:
    body: '{"admission_plugins":[],"apiserver_cert_sans":[],"audit_log":false,"auto_upgrade":{"enabled":false,"maintenance_window":{"day":"any","start_hour":0}},"autoscaler_config":{"balance_similar_node_groups":false,"estimator":"binpacking","expander":"random","expendable_pods_priority_cutoff":0,"ignore_daemonsets_utilization":false,"max_graceful_termination_sec":0,"scale_down_delay_after_add":"10m","scale_down_disabled":false,"scale_down_unneeded_time":"10m","scale_down_utilization_threshold":0.5},"cluster_url":"https://5145a129-3d9f-4959-bcba-14a0902c68e0.api.k8s.fr-par.scw.cloud:6443","cni":"kilo","commitment_ends_at":"2023-10-18T16:43:35.895129Z","created_at":"2023-10-18T16:43:35.895129Z","dashboard_enabled":false,"description":"","dns_wildcard":"*.5145a129-3d9f-4959-bcba-14a0902c68e0.nodes.k8s.fr-par.scw.cloud","feature_gates":[],"id":"5145a129-3d9f-4959-bcba-14a0902c68e0","ingress":"none","name":"test-multicloud","open_id_connect_config":{"client_id":"","groups_claim":[],"groups_prefix":"","issuer_url":"","required_claim":[],"username_claim":"","username_prefix":""},"organization_id":"fa1e3217-dc80-42ac-85c3-3f034b78b552","private_network_id":null,"project_id":"fa1e3217-dc80-42ac-85c3-3f034b78b552","region":"fr-par","status":"creating","tags":[],"type":"multicloud","updated_at":"2023-10-18T16:43:35.903088Z","upgrade_available":false,"version":"1.28.2"}'
    headers:
      Content-Length:
      - "1414"
      Content-Security-Policy:
      - default-src 'none'; frame-ancestors 'none'
      Content-Type:
      - application/json
      Date:
      - Wed, 18 Oct 2023 16:43:35 GMT
      Server:
      - Scaleway API-Gateway
      Strict-Transport-Security:
      - max-age=63072000
      X-Content-Type-Options:
      - nosniff
      X-Frame-Options:
      - DENY
      X-Request-Id:
      - 48cfb20c-e7ff-4b69-8a1f-913430122dbd
    status: 200 OK
    code: 200
    duration: ""
- request:
    body: ""
    form: {}
    headers:
      User-Agent:
      - scaleway-sdk-go/v1.0.0-beta.7+dev (go1.20.4; linux; amd64) terraform-provider/develop
        terraform/terraform-tests
    url: https://api.scaleway.com/k8s/v1/regions/fr-par/clusters/5145a129-3d9f-4959-bcba-14a0902c68e0
    method: GET
  response:
    body: '{"admission_plugins":[],"apiserver_cert_sans":[],"audit_log":false,"auto_upgrade":{"enabled":false,"maintenance_window":{"day":"any","start_hour":0}},"autoscaler_config":{"balance_similar_node_groups":false,"estimator":"binpacking","expander":"random","expendable_pods_priority_cutoff":0,"ignore_daemonsets_utilization":false,"max_graceful_termination_sec":0,"scale_down_delay_after_add":"10m","scale_down_disabled":false,"scale_down_unneeded_time":"10m","scale_down_utilization_threshold":0.5},"cluster_url":"https://5145a129-3d9f-4959-bcba-14a0902c68e0.api.k8s.fr-par.scw.cloud:6443","cni":"kilo","commitment_ends_at":"2023-10-18T16:43:35.895129Z","created_at":"2023-10-18T16:43:35.895129Z","dashboard_enabled":false,"description":"","dns_wildcard":"*.5145a129-3d9f-4959-bcba-14a0902c68e0.nodes.k8s.fr-par.scw.cloud","feature_gates":[],"id":"5145a129-3d9f-4959-bcba-14a0902c68e0","ingress":"none","name":"test-multicloud","open_id_connect_config":{"client_id":"","groups_claim":[],"groups_prefix":"","issuer_url":"","required_claim":[],"username_claim":"","username_prefix":""},"organization_id":"fa1e3217-dc80-42ac-85c3-3f034b78b552","private_network_id":null,"project_id":"fa1e3217-dc80-42ac-85c3-3f034b78b552","region":"fr-par","status":"creating","tags":[],"type":"multicloud","updated_at":"2023-10-18T16:43:35.903088Z","upgrade_available":false,"version":"1.28.2"}'
    headers:
      Content-Length:
      - "1414"
      Content-Security-Policy:
      - default-src 'none'; frame-ancestors 'none'
      Content-Type:
      - application/json
      Date:
      - Wed, 18 Oct 2023 16:43:41 GMT
      Server:
      - Scaleway API-Gateway
      Strict-Transport-Security:
      - max-age=63072000
      X-Content-Type-Options:
      - nosniff
      X-Frame-Options:
      - DENY
      X-Request-Id:
      - 82dd2ab4-be28-4e38-b70d-eb9a1f9d2351
    status: 200 OK
    code: 200
    duration: ""
- request:
    body: ""
    form: {}
    headers:
      User-Agent:
      - scaleway-sdk-go/v1.0.0-beta.7+dev (go1.20.4; linux; amd64) terraform-provider/develop
        terraform/terraform-tests
    url: https://api.scaleway.com/k8s/v1/regions/fr-par/clusters/5145a129-3d9f-4959-bcba-14a0902c68e0
    method: GET
  response:
    body: '{"admission_plugins":[],"apiserver_cert_sans":[],"audit_log":false,"auto_upgrade":{"enabled":false,"maintenance_window":{"day":"any","start_hour":0}},"autoscaler_config":{"balance_similar_node_groups":false,"estimator":"binpacking","expander":"random","expendable_pods_priority_cutoff":0,"ignore_daemonsets_utilization":false,"max_graceful_termination_sec":0,"scale_down_delay_after_add":"10m","scale_down_disabled":false,"scale_down_unneeded_time":"10m","scale_down_utilization_threshold":0.5},"cluster_url":"https://5145a129-3d9f-4959-bcba-14a0902c68e0.api.k8s.fr-par.scw.cloud:6443","cni":"kilo","commitment_ends_at":"2023-10-18T16:43:35.895129Z","created_at":"2023-10-18T16:43:35.895129Z","dashboard_enabled":false,"description":"","dns_wildcard":"*.5145a129-3d9f-4959-bcba-14a0902c68e0.nodes.k8s.fr-par.scw.cloud","feature_gates":[],"id":"5145a129-3d9f-4959-bcba-14a0902c68e0","ingress":"none","name":"test-multicloud","open_id_connect_config":{"client_id":"","groups_claim":[],"groups_prefix":"","issuer_url":"","required_claim":[],"username_claim":"","username_prefix":""},"organization_id":"fa1e3217-dc80-42ac-85c3-3f034b78b552","private_network_id":null,"project_id":"fa1e3217-dc80-42ac-85c3-3f034b78b552","region":"fr-par","status":"creating","tags":[],"type":"multicloud","updated_at":"2023-10-18T16:43:35.903088Z","upgrade_available":false,"version":"1.28.2"}'
    headers:
      Content-Length:
      - "1414"
      Content-Security-Policy:
      - default-src 'none'; frame-ancestors 'none'
      Content-Type:
      - application/json
      Date:
      - Wed, 18 Oct 2023 16:43:46 GMT
      Server:
      - Scaleway API-Gateway
      Strict-Transport-Security:
      - max-age=63072000
      X-Content-Type-Options:
      - nosniff
      X-Frame-Options:
      - DENY
      X-Request-Id:
      - 640caf83-cf8f-401c-8a1c-841218ed8917
    status: 200 OK
    code: 200
    duration: ""
- request:
    body: ""
    form: {}
    headers:
      User-Agent:
      - scaleway-sdk-go/v1.0.0-beta.7+dev (go1.20.4; linux; amd64) terraform-provider/develop
        terraform/terraform-tests
    url: https://api.scaleway.com/k8s/v1/regions/fr-par/clusters/5145a129-3d9f-4959-bcba-14a0902c68e0
    method: GET
  response:
    body: '{"admission_plugins":[],"apiserver_cert_sans":[],"audit_log":false,"auto_upgrade":{"enabled":false,"maintenance_window":{"day":"any","start_hour":0}},"autoscaler_config":{"balance_similar_node_groups":false,"estimator":"binpacking","expander":"random","expendable_pods_priority_cutoff":0,"ignore_daemonsets_utilization":false,"max_graceful_termination_sec":0,"scale_down_delay_after_add":"10m","scale_down_disabled":false,"scale_down_unneeded_time":"10m","scale_down_utilization_threshold":0.5},"cluster_url":"https://5145a129-3d9f-4959-bcba-14a0902c68e0.api.k8s.fr-par.scw.cloud:6443","cni":"kilo","commitment_ends_at":"2023-10-18T16:43:35.895129Z","created_at":"2023-10-18T16:43:35.895129Z","dashboard_enabled":false,"description":"","dns_wildcard":"*.5145a129-3d9f-4959-bcba-14a0902c68e0.nodes.k8s.fr-par.scw.cloud","feature_gates":[],"id":"5145a129-3d9f-4959-bcba-14a0902c68e0","ingress":"none","name":"test-multicloud","open_id_connect_config":{"client_id":"","groups_claim":[],"groups_prefix":"","issuer_url":"","required_claim":[],"username_claim":"","username_prefix":""},"organization_id":"fa1e3217-dc80-42ac-85c3-3f034b78b552","private_network_id":null,"project_id":"fa1e3217-dc80-42ac-85c3-3f034b78b552","region":"fr-par","status":"creating","tags":[],"type":"multicloud","updated_at":"2023-10-18T16:43:35.903088Z","upgrade_available":false,"version":"1.28.2"}'
    headers:
      Content-Length:
      - "1414"
      Content-Security-Policy:
      - default-src 'none'; frame-ancestors 'none'
      Content-Type:
      - application/json
      Date:
      - Wed, 18 Oct 2023 16:43:51 GMT
      Server:
      - Scaleway API-Gateway
      Strict-Transport-Security:
      - max-age=63072000
      X-Content-Type-Options:
      - nosniff
      X-Frame-Options:
      - DENY
      X-Request-Id:
      - 9638539f-21b0-4810-baf0-bf18c8265711
    status: 200 OK
    code: 200
    duration: ""
- request:
    body: ""
    form: {}
    headers:
      User-Agent:
      - scaleway-sdk-go/v1.0.0-beta.7+dev (go1.20.4; linux; amd64) terraform-provider/develop
        terraform/terraform-tests
    url: https://api.scaleway.com/k8s/v1/regions/fr-par/clusters/5145a129-3d9f-4959-bcba-14a0902c68e0
    method: GET
  response:
    body: '{"admission_plugins":[],"apiserver_cert_sans":[],"audit_log":false,"auto_upgrade":{"enabled":false,"maintenance_window":{"day":"any","start_hour":0}},"autoscaler_config":{"balance_similar_node_groups":false,"estimator":"binpacking","expander":"random","expendable_pods_priority_cutoff":0,"ignore_daemonsets_utilization":false,"max_graceful_termination_sec":0,"scale_down_delay_after_add":"10m","scale_down_disabled":false,"scale_down_unneeded_time":"10m","scale_down_utilization_threshold":0.5},"cluster_url":"https://5145a129-3d9f-4959-bcba-14a0902c68e0.api.k8s.fr-par.scw.cloud:6443","cni":"kilo","commitment_ends_at":"2023-10-18T16:43:35.895129Z","created_at":"2023-10-18T16:43:35.895129Z","dashboard_enabled":false,"description":"","dns_wildcard":"*.5145a129-3d9f-4959-bcba-14a0902c68e0.nodes.k8s.fr-par.scw.cloud","feature_gates":[],"id":"5145a129-3d9f-4959-bcba-14a0902c68e0","ingress":"none","name":"test-multicloud","open_id_connect_config":{"client_id":"","groups_claim":[],"groups_prefix":"","issuer_url":"","required_claim":[],"username_claim":"","username_prefix":""},"organization_id":"fa1e3217-dc80-42ac-85c3-3f034b78b552","private_network_id":null,"project_id":"fa1e3217-dc80-42ac-85c3-3f034b78b552","region":"fr-par","status":"creating","tags":[],"type":"multicloud","updated_at":"2023-10-18T16:43:35.903088Z","upgrade_available":false,"version":"1.28.2"}'
    headers:
      Content-Length:
      - "1414"
      Content-Security-Policy:
      - default-src 'none'; frame-ancestors 'none'
      Content-Type:
      - application/json
      Date:
      - Wed, 18 Oct 2023 16:43:56 GMT
      Server:
      - Scaleway API-Gateway
      Strict-Transport-Security:
      - max-age=63072000
      X-Content-Type-Options:
      - nosniff
      X-Frame-Options:
      - DENY
      X-Request-Id:
      - 83d33585-1d86-4af4-8a6e-aaa03f09e104
    status: 200 OK
    code: 200
    duration: ""
- request:
    body: ""
    form: {}
    headers:
      User-Agent:
      - scaleway-sdk-go/v1.0.0-beta.7+dev (go1.20.4; linux; amd64) terraform-provider/develop
        terraform/terraform-tests
    url: https://api.scaleway.com/k8s/v1/regions/fr-par/clusters/5145a129-3d9f-4959-bcba-14a0902c68e0
    method: GET
  response:
    body: '{"admission_plugins":[],"apiserver_cert_sans":[],"audit_log":false,"auto_upgrade":{"enabled":false,"maintenance_window":{"day":"any","start_hour":0}},"autoscaler_config":{"balance_similar_node_groups":false,"estimator":"binpacking","expander":"random","expendable_pods_priority_cutoff":0,"ignore_daemonsets_utilization":false,"max_graceful_termination_sec":0,"scale_down_delay_after_add":"10m","scale_down_disabled":false,"scale_down_unneeded_time":"10m","scale_down_utilization_threshold":0.5},"cluster_url":"https://5145a129-3d9f-4959-bcba-14a0902c68e0.api.k8s.fr-par.scw.cloud:6443","cni":"kilo","commitment_ends_at":"2023-10-18T16:43:35.895129Z","created_at":"2023-10-18T16:43:35.895129Z","dashboard_enabled":false,"description":"","dns_wildcard":"*.5145a129-3d9f-4959-bcba-14a0902c68e0.nodes.k8s.fr-par.scw.cloud","feature_gates":[],"id":"5145a129-3d9f-4959-bcba-14a0902c68e0","ingress":"none","name":"test-multicloud","open_id_connect_config":{"client_id":"","groups_claim":[],"groups_prefix":"","issuer_url":"","required_claim":[],"username_claim":"","username_prefix":""},"organization_id":"fa1e3217-dc80-42ac-85c3-3f034b78b552","private_network_id":null,"project_id":"fa1e3217-dc80-42ac-85c3-3f034b78b552","region":"fr-par","status":"creating","tags":[],"type":"multicloud","updated_at":"2023-10-18T16:43:35.903088Z","upgrade_available":false,"version":"1.28.2"}'
    headers:
      Content-Length:
      - "1414"
      Content-Security-Policy:
      - default-src 'none'; frame-ancestors 'none'
      Content-Type:
      - application/json
      Date:
      - Wed, 18 Oct 2023 16:44:01 GMT
      Server:
      - Scaleway API-Gateway
      Strict-Transport-Security:
      - max-age=63072000
      X-Content-Type-Options:
      - nosniff
      X-Frame-Options:
      - DENY
      X-Request-Id:
      - 062e30f4-b4f8-4929-b6e8-0ae67c5b72b3
    status: 200 OK
    code: 200
    duration: ""
- request:
    body: ""
    form: {}
    headers:
      User-Agent:
      - scaleway-sdk-go/v1.0.0-beta.7+dev (go1.20.4; linux; amd64) terraform-provider/develop
        terraform/terraform-tests
    url: https://api.scaleway.com/k8s/v1/regions/fr-par/clusters/5145a129-3d9f-4959-bcba-14a0902c68e0
    method: GET
  response:
    body: '{"admission_plugins":[],"apiserver_cert_sans":[],"audit_log":false,"auto_upgrade":{"enabled":false,"maintenance_window":{"day":"any","start_hour":0}},"autoscaler_config":{"balance_similar_node_groups":false,"estimator":"binpacking","expander":"random","expendable_pods_priority_cutoff":0,"ignore_daemonsets_utilization":false,"max_graceful_termination_sec":0,"scale_down_delay_after_add":"10m","scale_down_disabled":false,"scale_down_unneeded_time":"10m","scale_down_utilization_threshold":0.5},"cluster_url":"https://5145a129-3d9f-4959-bcba-14a0902c68e0.api.k8s.fr-par.scw.cloud:6443","cni":"kilo","commitment_ends_at":"2023-10-18T16:43:35.895129Z","created_at":"2023-10-18T16:43:35.895129Z","dashboard_enabled":false,"description":"","dns_wildcard":"*.5145a129-3d9f-4959-bcba-14a0902c68e0.nodes.k8s.fr-par.scw.cloud","feature_gates":[],"id":"5145a129-3d9f-4959-bcba-14a0902c68e0","ingress":"none","name":"test-multicloud","open_id_connect_config":{"client_id":"","groups_claim":[],"groups_prefix":"","issuer_url":"","required_claim":[],"username_claim":"","username_prefix":""},"organization_id":"fa1e3217-dc80-42ac-85c3-3f034b78b552","private_network_id":null,"project_id":"fa1e3217-dc80-42ac-85c3-3f034b78b552","region":"fr-par","status":"creating","tags":[],"type":"multicloud","updated_at":"2023-10-18T16:43:35.903088Z","upgrade_available":false,"version":"1.28.2"}'
    headers:
      Content-Length:
      - "1414"
      Content-Security-Policy:
      - default-src 'none'; frame-ancestors 'none'
      Content-Type:
      - application/json
      Date:
      - Wed, 18 Oct 2023 16:44:06 GMT
      Server:
      - Scaleway API-Gateway
      Strict-Transport-Security:
      - max-age=63072000
      X-Content-Type-Options:
      - nosniff
      X-Frame-Options:
      - DENY
      X-Request-Id:
      - 3c2c8c8e-e93d-4b55-a3bd-a9e65bfd16e3
    status: 200 OK
    code: 200
    duration: ""
- request:
    body: ""
    form: {}
    headers:
      User-Agent:
      - scaleway-sdk-go/v1.0.0-beta.7+dev (go1.20.4; linux; amd64) terraform-provider/develop
        terraform/terraform-tests
    url: https://api.scaleway.com/k8s/v1/regions/fr-par/clusters/5145a129-3d9f-4959-bcba-14a0902c68e0
    method: GET
  response:
    body: '{"admission_plugins":[],"apiserver_cert_sans":[],"audit_log":false,"auto_upgrade":{"enabled":false,"maintenance_window":{"day":"any","start_hour":0}},"autoscaler_config":{"balance_similar_node_groups":false,"estimator":"binpacking","expander":"random","expendable_pods_priority_cutoff":0,"ignore_daemonsets_utilization":false,"max_graceful_termination_sec":0,"scale_down_delay_after_add":"10m","scale_down_disabled":false,"scale_down_unneeded_time":"10m","scale_down_utilization_threshold":0.5},"cluster_url":"https://5145a129-3d9f-4959-bcba-14a0902c68e0.api.k8s.fr-par.scw.cloud:6443","cni":"kilo","commitment_ends_at":"2023-10-18T16:43:35.895129Z","created_at":"2023-10-18T16:43:35.895129Z","dashboard_enabled":false,"description":"","dns_wildcard":"*.5145a129-3d9f-4959-bcba-14a0902c68e0.nodes.k8s.fr-par.scw.cloud","feature_gates":[],"id":"5145a129-3d9f-4959-bcba-14a0902c68e0","ingress":"none","name":"test-multicloud","open_id_connect_config":{"client_id":"","groups_claim":[],"groups_prefix":"","issuer_url":"","required_claim":[],"username_claim":"","username_prefix":""},"organization_id":"fa1e3217-dc80-42ac-85c3-3f034b78b552","private_network_id":null,"project_id":"fa1e3217-dc80-42ac-85c3-3f034b78b552","region":"fr-par","status":"creating","tags":[],"type":"multicloud","updated_at":"2023-10-18T16:43:35.903088Z","upgrade_available":false,"version":"1.28.2"}'
    headers:
      Content-Length:
      - "1414"
      Content-Security-Policy:
      - default-src 'none'; frame-ancestors 'none'
      Content-Type:
      - application/json
      Date:
      - Wed, 18 Oct 2023 16:44:11 GMT
      Server:
      - Scaleway API-Gateway
      Strict-Transport-Security:
      - max-age=63072000
      X-Content-Type-Options:
      - nosniff
      X-Frame-Options:
      - DENY
      X-Request-Id:
      - d98c00b4-2ae7-462b-a006-b5461147b391
    status: 200 OK
    code: 200
    duration: ""
- request:
    body: ""
    form: {}
    headers:
      User-Agent:
      - scaleway-sdk-go/v1.0.0-beta.7+dev (go1.20.4; linux; amd64) terraform-provider/develop
        terraform/terraform-tests
    url: https://api.scaleway.com/k8s/v1/regions/fr-par/clusters/5145a129-3d9f-4959-bcba-14a0902c68e0
    method: GET
  response:
    body: '{"admission_plugins":[],"apiserver_cert_sans":[],"audit_log":false,"auto_upgrade":{"enabled":false,"maintenance_window":{"day":"any","start_hour":0}},"autoscaler_config":{"balance_similar_node_groups":false,"estimator":"binpacking","expander":"random","expendable_pods_priority_cutoff":0,"ignore_daemonsets_utilization":false,"max_graceful_termination_sec":0,"scale_down_delay_after_add":"10m","scale_down_disabled":false,"scale_down_unneeded_time":"10m","scale_down_utilization_threshold":0.5},"cluster_url":"https://5145a129-3d9f-4959-bcba-14a0902c68e0.api.k8s.fr-par.scw.cloud:6443","cni":"kilo","commitment_ends_at":"2023-10-18T16:43:35.895129Z","created_at":"2023-10-18T16:43:35.895129Z","dashboard_enabled":false,"description":"","dns_wildcard":"*.5145a129-3d9f-4959-bcba-14a0902c68e0.nodes.k8s.fr-par.scw.cloud","feature_gates":[],"id":"5145a129-3d9f-4959-bcba-14a0902c68e0","ingress":"none","name":"test-multicloud","open_id_connect_config":{"client_id":"","groups_claim":[],"groups_prefix":"","issuer_url":"","required_claim":[],"username_claim":"","username_prefix":""},"organization_id":"fa1e3217-dc80-42ac-85c3-3f034b78b552","private_network_id":null,"project_id":"fa1e3217-dc80-42ac-85c3-3f034b78b552","region":"fr-par","status":"creating","tags":[],"type":"multicloud","updated_at":"2023-10-18T16:43:35.903088Z","upgrade_available":false,"version":"1.28.2"}'
    headers:
      Content-Length:
      - "1414"
      Content-Security-Policy:
      - default-src 'none'; frame-ancestors 'none'
      Content-Type:
      - application/json
      Date:
      - Wed, 18 Oct 2023 16:44:16 GMT
      Server:
      - Scaleway API-Gateway
      Strict-Transport-Security:
      - max-age=63072000
      X-Content-Type-Options:
      - nosniff
      X-Frame-Options:
      - DENY
      X-Request-Id:
      - 6cdc29f4-e82d-410d-afd5-30aad8f1ce82
    status: 200 OK
    code: 200
    duration: ""
- request:
    body: ""
    form: {}
    headers:
      User-Agent:
      - scaleway-sdk-go/v1.0.0-beta.7+dev (go1.20.4; linux; amd64) terraform-provider/develop
        terraform/terraform-tests
    url: https://api.scaleway.com/k8s/v1/regions/fr-par/clusters/5145a129-3d9f-4959-bcba-14a0902c68e0
    method: GET
  response:
    body: '{"admission_plugins":[],"apiserver_cert_sans":[],"audit_log":false,"auto_upgrade":{"enabled":false,"maintenance_window":{"day":"any","start_hour":0}},"autoscaler_config":{"balance_similar_node_groups":false,"estimator":"binpacking","expander":"random","expendable_pods_priority_cutoff":0,"ignore_daemonsets_utilization":false,"max_graceful_termination_sec":0,"scale_down_delay_after_add":"10m","scale_down_disabled":false,"scale_down_unneeded_time":"10m","scale_down_utilization_threshold":0.5},"cluster_url":"https://5145a129-3d9f-4959-bcba-14a0902c68e0.api.k8s.fr-par.scw.cloud:6443","cni":"kilo","commitment_ends_at":"2023-10-18T16:43:35.895129Z","created_at":"2023-10-18T16:43:35.895129Z","dashboard_enabled":false,"description":"","dns_wildcard":"*.5145a129-3d9f-4959-bcba-14a0902c68e0.nodes.k8s.fr-par.scw.cloud","feature_gates":[],"id":"5145a129-3d9f-4959-bcba-14a0902c68e0","ingress":"none","name":"test-multicloud","open_id_connect_config":{"client_id":"","groups_claim":[],"groups_prefix":"","issuer_url":"","required_claim":[],"username_claim":"","username_prefix":""},"organization_id":"fa1e3217-dc80-42ac-85c3-3f034b78b552","private_network_id":null,"project_id":"fa1e3217-dc80-42ac-85c3-3f034b78b552","region":"fr-par","status":"creating","tags":[],"type":"multicloud","updated_at":"2023-10-18T16:43:35.903088Z","upgrade_available":false,"version":"1.28.2"}'
    headers:
      Content-Length:
      - "1414"
      Content-Security-Policy:
      - default-src 'none'; frame-ancestors 'none'
      Content-Type:
      - application/json
      Date:
      - Wed, 18 Oct 2023 16:44:21 GMT
      Server:
      - Scaleway API-Gateway
      Strict-Transport-Security:
      - max-age=63072000
      X-Content-Type-Options:
      - nosniff
      X-Frame-Options:
      - DENY
      X-Request-Id:
      - fb94000c-97b5-4f01-b4ce-59e2cba93aa6
    status: 200 OK
    code: 200
    duration: ""
- request:
    body: ""
    form: {}
    headers:
      User-Agent:
      - scaleway-sdk-go/v1.0.0-beta.7+dev (go1.20.4; linux; amd64) terraform-provider/develop
        terraform/terraform-tests
    url: https://api.scaleway.com/k8s/v1/regions/fr-par/clusters/5145a129-3d9f-4959-bcba-14a0902c68e0
    method: GET
  response:
    body: '{"admission_plugins":[],"apiserver_cert_sans":[],"audit_log":false,"auto_upgrade":{"enabled":false,"maintenance_window":{"day":"any","start_hour":0}},"autoscaler_config":{"balance_similar_node_groups":false,"estimator":"binpacking","expander":"random","expendable_pods_priority_cutoff":0,"ignore_daemonsets_utilization":false,"max_graceful_termination_sec":0,"scale_down_delay_after_add":"10m","scale_down_disabled":false,"scale_down_unneeded_time":"10m","scale_down_utilization_threshold":0.5},"cluster_url":"https://5145a129-3d9f-4959-bcba-14a0902c68e0.api.k8s.fr-par.scw.cloud:6443","cni":"kilo","commitment_ends_at":"2023-10-18T16:43:35.895129Z","created_at":"2023-10-18T16:43:35.895129Z","dashboard_enabled":false,"description":"","dns_wildcard":"*.5145a129-3d9f-4959-bcba-14a0902c68e0.nodes.k8s.fr-par.scw.cloud","feature_gates":[],"id":"5145a129-3d9f-4959-bcba-14a0902c68e0","ingress":"none","name":"test-multicloud","open_id_connect_config":{"client_id":"","groups_claim":[],"groups_prefix":"","issuer_url":"","required_claim":[],"username_claim":"","username_prefix":""},"organization_id":"fa1e3217-dc80-42ac-85c3-3f034b78b552","private_network_id":null,"project_id":"fa1e3217-dc80-42ac-85c3-3f034b78b552","region":"fr-par","status":"creating","tags":[],"type":"multicloud","updated_at":"2023-10-18T16:43:35.903088Z","upgrade_available":false,"version":"1.28.2"}'
    headers:
      Content-Length:
      - "1414"
      Content-Security-Policy:
      - default-src 'none'; frame-ancestors 'none'
      Content-Type:
      - application/json
      Date:
      - Wed, 18 Oct 2023 16:44:26 GMT
      Server:
      - Scaleway API-Gateway
      Strict-Transport-Security:
      - max-age=63072000
      X-Content-Type-Options:
      - nosniff
      X-Frame-Options:
      - DENY
      X-Request-Id:
      - 509af00d-8646-4450-b630-02112f21650c
    status: 200 OK
    code: 200
    duration: ""
- request:
    body: ""
    form: {}
    headers:
      User-Agent:
      - scaleway-sdk-go/v1.0.0-beta.7+dev (go1.20.4; linux; amd64) terraform-provider/develop
        terraform/terraform-tests
    url: https://api.scaleway.com/k8s/v1/regions/fr-par/clusters/5145a129-3d9f-4959-bcba-14a0902c68e0
    method: GET
  response:
    body: '{"admission_plugins":[],"apiserver_cert_sans":[],"audit_log":false,"auto_upgrade":{"enabled":false,"maintenance_window":{"day":"any","start_hour":0}},"autoscaler_config":{"balance_similar_node_groups":false,"estimator":"binpacking","expander":"random","expendable_pods_priority_cutoff":0,"ignore_daemonsets_utilization":false,"max_graceful_termination_sec":0,"scale_down_delay_after_add":"10m","scale_down_disabled":false,"scale_down_unneeded_time":"10m","scale_down_utilization_threshold":0.5},"cluster_url":"https://5145a129-3d9f-4959-bcba-14a0902c68e0.api.k8s.fr-par.scw.cloud:6443","cni":"kilo","commitment_ends_at":"2023-10-18T16:43:35.895129Z","created_at":"2023-10-18T16:43:35.895129Z","dashboard_enabled":false,"description":"","dns_wildcard":"*.5145a129-3d9f-4959-bcba-14a0902c68e0.nodes.k8s.fr-par.scw.cloud","feature_gates":[],"id":"5145a129-3d9f-4959-bcba-14a0902c68e0","ingress":"none","name":"test-multicloud","open_id_connect_config":{"client_id":"","groups_claim":[],"groups_prefix":"","issuer_url":"","required_claim":[],"username_claim":"","username_prefix":""},"organization_id":"fa1e3217-dc80-42ac-85c3-3f034b78b552","private_network_id":null,"project_id":"fa1e3217-dc80-42ac-85c3-3f034b78b552","region":"fr-par","status":"creating","tags":[],"type":"multicloud","updated_at":"2023-10-18T16:43:35.903088Z","upgrade_available":false,"version":"1.28.2"}'
    headers:
      Content-Length:
      - "1414"
      Content-Security-Policy:
      - default-src 'none'; frame-ancestors 'none'
      Content-Type:
      - application/json
      Date:
      - Wed, 18 Oct 2023 16:44:31 GMT
      Server:
      - Scaleway API-Gateway
      Strict-Transport-Security:
      - max-age=63072000
      X-Content-Type-Options:
      - nosniff
      X-Frame-Options:
      - DENY
      X-Request-Id:
      - 55d9dbef-c30e-47ec-87a6-02ee9fe03eab
    status: 200 OK
    code: 200
    duration: ""
- request:
    body: ""
    form: {}
    headers:
      User-Agent:
      - scaleway-sdk-go/v1.0.0-beta.7+dev (go1.20.4; linux; amd64) terraform-provider/develop
        terraform/terraform-tests
    url: https://api.scaleway.com/k8s/v1/regions/fr-par/clusters/5145a129-3d9f-4959-bcba-14a0902c68e0
    method: GET
  response:
    body: '{"admission_plugins":[],"apiserver_cert_sans":[],"audit_log":false,"auto_upgrade":{"enabled":false,"maintenance_window":{"day":"any","start_hour":0}},"autoscaler_config":{"balance_similar_node_groups":false,"estimator":"binpacking","expander":"random","expendable_pods_priority_cutoff":0,"ignore_daemonsets_utilization":false,"max_graceful_termination_sec":0,"scale_down_delay_after_add":"10m","scale_down_disabled":false,"scale_down_unneeded_time":"10m","scale_down_utilization_threshold":0.5},"cluster_url":"https://5145a129-3d9f-4959-bcba-14a0902c68e0.api.k8s.fr-par.scw.cloud:6443","cni":"kilo","commitment_ends_at":"2023-10-18T16:43:35.895129Z","created_at":"2023-10-18T16:43:35.895129Z","dashboard_enabled":false,"description":"","dns_wildcard":"*.5145a129-3d9f-4959-bcba-14a0902c68e0.nodes.k8s.fr-par.scw.cloud","feature_gates":[],"id":"5145a129-3d9f-4959-bcba-14a0902c68e0","ingress":"none","name":"test-multicloud","open_id_connect_config":{"client_id":"","groups_claim":[],"groups_prefix":"","issuer_url":"","required_claim":[],"username_claim":"","username_prefix":""},"organization_id":"fa1e3217-dc80-42ac-85c3-3f034b78b552","private_network_id":null,"project_id":"fa1e3217-dc80-42ac-85c3-3f034b78b552","region":"fr-par","status":"creating","tags":[],"type":"multicloud","updated_at":"2023-10-18T16:43:35.903088Z","upgrade_available":false,"version":"1.28.2"}'
    headers:
      Content-Length:
      - "1414"
      Content-Security-Policy:
      - default-src 'none'; frame-ancestors 'none'
      Content-Type:
      - application/json
      Date:
      - Wed, 18 Oct 2023 16:44:36 GMT
      Server:
      - Scaleway API-Gateway
      Strict-Transport-Security:
      - max-age=63072000
      X-Content-Type-Options:
      - nosniff
      X-Frame-Options:
      - DENY
      X-Request-Id:
      - 7cabd5f3-2457-4c2a-84e8-99eb41bee7f3
    status: 200 OK
    code: 200
    duration: ""
- request:
    body: ""
    form: {}
    headers:
      User-Agent:
      - scaleway-sdk-go/v1.0.0-beta.7+dev (go1.20.4; linux; amd64) terraform-provider/develop
        terraform/terraform-tests
    url: https://api.scaleway.com/k8s/v1/regions/fr-par/clusters/5145a129-3d9f-4959-bcba-14a0902c68e0
    method: GET
  response:
    body: '{"admission_plugins":[],"apiserver_cert_sans":[],"audit_log":false,"auto_upgrade":{"enabled":false,"maintenance_window":{"day":"any","start_hour":0}},"autoscaler_config":{"balance_similar_node_groups":false,"estimator":"binpacking","expander":"random","expendable_pods_priority_cutoff":0,"ignore_daemonsets_utilization":false,"max_graceful_termination_sec":0,"scale_down_delay_after_add":"10m","scale_down_disabled":false,"scale_down_unneeded_time":"10m","scale_down_utilization_threshold":0.5},"cluster_url":"https://5145a129-3d9f-4959-bcba-14a0902c68e0.api.k8s.fr-par.scw.cloud:6443","cni":"kilo","commitment_ends_at":"2023-10-18T16:43:35.895129Z","created_at":"2023-10-18T16:43:35.895129Z","dashboard_enabled":false,"description":"","dns_wildcard":"*.5145a129-3d9f-4959-bcba-14a0902c68e0.nodes.k8s.fr-par.scw.cloud","feature_gates":[],"id":"5145a129-3d9f-4959-bcba-14a0902c68e0","ingress":"none","name":"test-multicloud","open_id_connect_config":{"client_id":"","groups_claim":[],"groups_prefix":"","issuer_url":"","required_claim":[],"username_claim":"","username_prefix":""},"organization_id":"fa1e3217-dc80-42ac-85c3-3f034b78b552","private_network_id":null,"project_id":"fa1e3217-dc80-42ac-85c3-3f034b78b552","region":"fr-par","status":"creating","tags":[],"type":"multicloud","updated_at":"2023-10-18T16:43:35.903088Z","upgrade_available":false,"version":"1.28.2"}'
    headers:
      Content-Length:
      - "1414"
      Content-Security-Policy:
      - default-src 'none'; frame-ancestors 'none'
      Content-Type:
      - application/json
      Date:
      - Wed, 18 Oct 2023 16:44:41 GMT
      Server:
      - Scaleway API-Gateway
      Strict-Transport-Security:
      - max-age=63072000
      X-Content-Type-Options:
      - nosniff
      X-Frame-Options:
      - DENY
      X-Request-Id:
      - 3e444a67-f35f-41fb-8719-2293ed49f8a0
    status: 200 OK
    code: 200
    duration: ""
- request:
    body: ""
    form: {}
    headers:
      User-Agent:
      - scaleway-sdk-go/v1.0.0-beta.7+dev (go1.20.4; linux; amd64) terraform-provider/develop
        terraform/terraform-tests
    url: https://api.scaleway.com/k8s/v1/regions/fr-par/clusters/5145a129-3d9f-4959-bcba-14a0902c68e0
    method: GET
  response:
    body: '{"admission_plugins":[],"apiserver_cert_sans":[],"audit_log":false,"auto_upgrade":{"enabled":false,"maintenance_window":{"day":"any","start_hour":0}},"autoscaler_config":{"balance_similar_node_groups":false,"estimator":"binpacking","expander":"random","expendable_pods_priority_cutoff":0,"ignore_daemonsets_utilization":false,"max_graceful_termination_sec":0,"scale_down_delay_after_add":"10m","scale_down_disabled":false,"scale_down_unneeded_time":"10m","scale_down_utilization_threshold":0.5},"cluster_url":"https://5145a129-3d9f-4959-bcba-14a0902c68e0.api.k8s.fr-par.scw.cloud:6443","cni":"kilo","commitment_ends_at":"2023-10-18T16:43:35.895129Z","created_at":"2023-10-18T16:43:35.895129Z","dashboard_enabled":false,"description":"","dns_wildcard":"*.5145a129-3d9f-4959-bcba-14a0902c68e0.nodes.k8s.fr-par.scw.cloud","feature_gates":[],"id":"5145a129-3d9f-4959-bcba-14a0902c68e0","ingress":"none","name":"test-multicloud","open_id_connect_config":{"client_id":"","groups_claim":[],"groups_prefix":"","issuer_url":"","required_claim":[],"username_claim":"","username_prefix":""},"organization_id":"fa1e3217-dc80-42ac-85c3-3f034b78b552","private_network_id":null,"project_id":"fa1e3217-dc80-42ac-85c3-3f034b78b552","region":"fr-par","status":"ready","tags":[],"type":"multicloud","updated_at":"2023-10-18T16:44:42.914178Z","upgrade_available":false,"version":"1.28.2"}'
    headers:
      Content-Length:
      - "1411"
      Content-Security-Policy:
      - default-src 'none'; frame-ancestors 'none'
      Content-Type:
      - application/json
      Date:
      - Wed, 18 Oct 2023 16:44:46 GMT
      Server:
      - Scaleway API-Gateway
      Strict-Transport-Security:
      - max-age=63072000
      X-Content-Type-Options:
      - nosniff
      X-Frame-Options:
      - DENY
      X-Request-Id:
      - f94f34ad-95c0-4d5b-8728-777ff69472f0
    status: 200 OK
    code: 200
    duration: ""
- request:
    body: ""
    form: {}
    headers:
      User-Agent:
      - scaleway-sdk-go/v1.0.0-beta.7+dev (go1.20.4; linux; amd64) terraform-provider/develop
        terraform/terraform-tests
    url: https://api.scaleway.com/k8s/v1/regions/fr-par/clusters/5145a129-3d9f-4959-bcba-14a0902c68e0
    method: GET
  response:
    body: '{"admission_plugins":[],"apiserver_cert_sans":[],"audit_log":false,"auto_upgrade":{"enabled":false,"maintenance_window":{"day":"any","start_hour":0}},"autoscaler_config":{"balance_similar_node_groups":false,"estimator":"binpacking","expander":"random","expendable_pods_priority_cutoff":0,"ignore_daemonsets_utilization":false,"max_graceful_termination_sec":0,"scale_down_delay_after_add":"10m","scale_down_disabled":false,"scale_down_unneeded_time":"10m","scale_down_utilization_threshold":0.5},"cluster_url":"https://5145a129-3d9f-4959-bcba-14a0902c68e0.api.k8s.fr-par.scw.cloud:6443","cni":"kilo","commitment_ends_at":"2023-10-18T16:43:35.895129Z","created_at":"2023-10-18T16:43:35.895129Z","dashboard_enabled":false,"description":"","dns_wildcard":"*.5145a129-3d9f-4959-bcba-14a0902c68e0.nodes.k8s.fr-par.scw.cloud","feature_gates":[],"id":"5145a129-3d9f-4959-bcba-14a0902c68e0","ingress":"none","name":"test-multicloud","open_id_connect_config":{"client_id":"","groups_claim":[],"groups_prefix":"","issuer_url":"","required_claim":[],"username_claim":"","username_prefix":""},"organization_id":"fa1e3217-dc80-42ac-85c3-3f034b78b552","private_network_id":null,"project_id":"fa1e3217-dc80-42ac-85c3-3f034b78b552","region":"fr-par","status":"ready","tags":[],"type":"multicloud","updated_at":"2023-10-18T16:44:42.914178Z","upgrade_available":false,"version":"1.28.2"}'
    headers:
      Content-Length:
      - "1411"
      Content-Security-Policy:
      - default-src 'none'; frame-ancestors 'none'
      Content-Type:
      - application/json
      Date:
      - Wed, 18 Oct 2023 16:44:46 GMT
      Server:
      - Scaleway API-Gateway
      Strict-Transport-Security:
      - max-age=63072000
      X-Content-Type-Options:
      - nosniff
      X-Frame-Options:
      - DENY
      X-Request-Id:
      - 339e1419-ca0b-4523-8545-437fbab720f5
    status: 200 OK
    code: 200
    duration: ""
- request:
    body: ""
    form: {}
    headers:
      User-Agent:
      - scaleway-sdk-go/v1.0.0-beta.7+dev (go1.20.4; linux; amd64) terraform-provider/develop
        terraform/terraform-tests
    url: https://api.scaleway.com/k8s/v1/regions/fr-par/clusters/5145a129-3d9f-4959-bcba-14a0902c68e0/kubeconfig
    method: GET
  response:
    body: '{"content":"YXBpVmVyc2lvbjogdjEKY2x1c3RlcnM6Ci0gbmFtZTogInRlc3QtbXVsdGljbG91ZCIKICBjbHVzdGVyOgogICAgY2VydGlmaWNhdGUtYXV0aG9yaXR5LWRhdGE6IExTMHRMUzFDUlVkSlRpQkRSVkpVU1VaSlEwRlVSUzB0TFMwdENrMUpTVU0xZWtORFFXTXJaMEYzU1VKQlowbENRVVJCVGtKbmEzRm9hMmxIT1hjd1FrRlJjMFpCUkVGV1RWSk5kMFZSV1VSV1VWRkVSWGR3Y21SWFNtd0tZMjAxYkdSSFZucE5RalJZUkZSSmVrMVVRWGhPZWtVeVRrUk5lazR4YjFoRVZFMTZUVlJCZUU1NlJUSk9SRTE2VGpGdmQwWlVSVlJOUWtWSFFURlZSUXBCZUUxTFlUTldhVnBZU25WYVdGSnNZM3BEUTBGVFNYZEVVVmxLUzI5YVNXaDJZMDVCVVVWQ1FsRkJSR2RuUlZCQlJFTkRRVkZ2UTJkblJVSkJUMFJYQ2toRmFFdExNV3BSV25OYWFFdHdPRTlIUWpaWVQwTjVXREZuYUU5clZ6VlFVWGRoVGtsMGIwVnNNbk16Yms1aFR5dEdNMjl6UjA1eWNXZHJURnBNWnpnS1VUUkhkV3haTURobU5ERmlhRTF4VkVOd2FpdDBObGhYSzB4blUwaHpOSFpyWjNKTmFWcDNNRzE1Tm1GdmEzQnlOR3hwTHpCUlpWTnRiR2xZU25kNlNBcE9kSEJVYVVZMkwzVXhPR1ZaVTNvMFEydE9VRTVPTlRaUU5taGlhVFpsYUVGUlVXRXhTSFp3WVVKemRqaG1TMFpYYUhsS1VVWjZTVkJXWTFOak5sVXlDbXRHY0RRM1RWVTROREIwZFU1d1VISklXa1pQYmxWM2NYaEdSREpyU21KV1VWaDZhV1ptVDA0MWEyd3dXVVZLV1ZCNWRsZHFiMVJGU25GVmVEVnVSbFVLTVZWd05YaExRVzFFUVZKcVkwRk1TRFJOZDFscVNuVnBkVVJ2U2pOdWVTOXJjVlJwZVUxRGVYbGpSMGxSVkUxaE56WnhVR2ROU0d0aWNtdFpaRVl3UlFvd1VFOHlUMUpZY1dKUlpHUjRZbk5IT1ZwelEwRjNSVUZCWVU1RFRVVkJkMFJuV1VSV1VqQlFRVkZJTDBKQlVVUkJaMHRyVFVFNFIwRXhWV1JGZDBWQ0NpOTNVVVpOUVUxQ1FXWTRkMGhSV1VSV1VqQlBRa0paUlVaRWFHNUJibTFPYUVGa2IwTnhTbXhHZDI5RE16RjZOa0o1VFZaTlFUQkhRMU54UjFOSllqTUtSRkZGUWtOM1ZVRkJORWxDUVZGQlRtcHRRakV6VGtORlZUUmpVRUZXWml0Wk9VbEdWRTVPVmxGRFkxaGhSMGxSUVVRek5WQlFNa0V3VEcwNVpGRkxjQXBQWVdsc1pEaG5hMWxsYnpSclJXMDFhWFF3YTBOTlVHVkhWa2t3VUU5RFdFYzBNR2xGV0dGWlVIb3JVRGhXUTBoeFkzUkZaRkZTVjFGV09HMTVhWFozQ2tneGR6WlJhRWhEYVhoamRUaElMMDRyVFhoUWRVRTFVRGRJY0dSYVIzWm5TR1ZZYURJeWNXRlFkbE15WVZaV1UzZGFhMHhOV0ZsMVFscE5SR1Z3U2tJS2JHa3ZPWFpUY201dFltUk5NbXR5YnpFNWNrUnlRMFZCVEZwNk9FOXpRbWd6T1hCTVRFWmFhbWRoWW1GRVN6QkdMelZUUnpkcVdYWlFTbm8zTHpKSFZ3cHZOR3hMVGtKSk5Yb3hkRzEzTkRBMGJEbDVaa2xDVGpoeVZtVnFlV2xxUXk4ckwyZHZLME5FZEZJeVYyNHpOVkpaUzFCWU1rUkpZakV3VGs1cFprZHBDaXRtWWxreVpFeHNjRE5sVlRaSlNFVjVkMmwzVkZKSVkzTlZjRFpSY2k5aFVERTVZZ290TFMwdExVVk9SQ0JEUlZKVVNVWkpRMEZVUlMwdExTMHRDZz09CiAgICBzZXJ2ZXI6IGh0dHBzOi8vNTE0NWExMjktM2Q5Zi00OTU5LWJjYmEtMTRhMDkwMmM2OGUwLmFwaS5rOHMuZnItcGFyLnNjdy5jbG91ZDo2NDQzCmNvbnRleHRzOgotIG5hbWU6IGFkbWluQHRlc3QtbXVsdGljbG91ZAogIGNvbnRleHQ6CiAgICBjbHVzdGVyOiAidGVzdC1tdWx0aWNsb3VkIgogICAgdXNlcjogdGVzdC1tdWx0aWNsb3VkLWFkbWluCmN1cnJlbnQtY29udGV4dDogYWRtaW5AdGVzdC1tdWx0aWNsb3VkCmtpbmQ6IENvbmZpZwpwcmVmZXJlbmNlczoge30KdXNlcnM6Ci0gbmFtZTogdGVzdC1tdWx0aWNsb3VkLWFkbWluCiAgdXNlcjoKICAgIHRva2VuOiBpbHZlTDZtYXowVFliRVFJRDM0SGpKUnVwTUpFSEVYV3hmRHJ3NlNTamdDUEtvS3BOSVpiRzhjYg==","content_type":"application/octet-stream","name":"kubeconfig"}'
    headers:
      Content-Length:
      - "2614"
      Content-Security-Policy:
      - default-src 'none'; frame-ancestors 'none'
      Content-Type:
      - application/json
      Date:
      - Wed, 18 Oct 2023 16:44:46 GMT
      Server:
      - Scaleway API-Gateway
      Strict-Transport-Security:
      - max-age=63072000
      X-Content-Type-Options:
      - nosniff
      X-Frame-Options:
      - DENY
      X-Request-Id:
      - ef1a82c0-bc78-40ab-8a98-dfd07f66e6b0
    status: 200 OK
    code: 200
    duration: ""
- request:
    body: ""
    form: {}
    headers:
      User-Agent:
      - scaleway-sdk-go/v1.0.0-beta.7+dev (go1.20.4; linux; amd64) terraform-provider/develop
        terraform/terraform-tests
    url: https://api.scaleway.com/k8s/v1/regions/fr-par/clusters/5145a129-3d9f-4959-bcba-14a0902c68e0
    method: GET
  response:
    body: '{"admission_plugins":[],"apiserver_cert_sans":[],"audit_log":false,"auto_upgrade":{"enabled":false,"maintenance_window":{"day":"any","start_hour":0}},"autoscaler_config":{"balance_similar_node_groups":false,"estimator":"binpacking","expander":"random","expendable_pods_priority_cutoff":0,"ignore_daemonsets_utilization":false,"max_graceful_termination_sec":0,"scale_down_delay_after_add":"10m","scale_down_disabled":false,"scale_down_unneeded_time":"10m","scale_down_utilization_threshold":0.5},"cluster_url":"https://5145a129-3d9f-4959-bcba-14a0902c68e0.api.k8s.fr-par.scw.cloud:6443","cni":"kilo","commitment_ends_at":"2023-10-18T16:43:35.895129Z","created_at":"2023-10-18T16:43:35.895129Z","dashboard_enabled":false,"description":"","dns_wildcard":"*.5145a129-3d9f-4959-bcba-14a0902c68e0.nodes.k8s.fr-par.scw.cloud","feature_gates":[],"id":"5145a129-3d9f-4959-bcba-14a0902c68e0","ingress":"none","name":"test-multicloud","open_id_connect_config":{"client_id":"","groups_claim":[],"groups_prefix":"","issuer_url":"","required_claim":[],"username_claim":"","username_prefix":""},"organization_id":"fa1e3217-dc80-42ac-85c3-3f034b78b552","private_network_id":null,"project_id":"fa1e3217-dc80-42ac-85c3-3f034b78b552","region":"fr-par","status":"ready","tags":[],"type":"multicloud","updated_at":"2023-10-18T16:44:42.914178Z","upgrade_available":false,"version":"1.28.2"}'
    headers:
      Content-Length:
      - "1411"
      Content-Security-Policy:
      - default-src 'none'; frame-ancestors 'none'
      Content-Type:
      - application/json
      Date:
      - Wed, 18 Oct 2023 16:44:46 GMT
      Server:
      - Scaleway API-Gateway
      Strict-Transport-Security:
      - max-age=63072000
      X-Content-Type-Options:
      - nosniff
      X-Frame-Options:
      - DENY
      X-Request-Id:
      - e58447c9-e9a8-4897-9023-c1139ff3a892
    status: 200 OK
    code: 200
    duration: ""
- request:
    body: '{"name":"test-multicloud","node_type":"DEV1-M","placement_group_id":null,"autoscaling":false,"size":1,"min_size":1,"max_size":1,"container_runtime":"containerd","autohealing":false,"tags":null,"kubelet_args":{},"upgrade_policy":null,"zone":"fr-par-1","root_volume_type":"default_volume_type","root_volume_size":null,"public_ip_disabled":false}'
    form: {}
    headers:
      Content-Type:
      - application/json
      User-Agent:
      - scaleway-sdk-go/v1.0.0-beta.7+dev (go1.20.4; linux; amd64) terraform-provider/develop
        terraform/terraform-tests
    url: https://api.scaleway.com/k8s/v1/regions/fr-par/clusters/5145a129-3d9f-4959-bcba-14a0902c68e0/pools
    method: POST
  response:
    body: '{"autohealing":false,"autoscaling":false,"cluster_id":"5145a129-3d9f-4959-bcba-14a0902c68e0","container_runtime":"containerd","created_at":"2023-10-18T16:44:46.885983Z","id":"2c3afa50-e727-4e28-8135-71b8327b563d","kubelet_args":{},"max_size":1,"min_size":1,"name":"test-multicloud","node_type":"dev1_m","placement_group_id":null,"public_ip_disabled":false,"region":"fr-par","root_volume_size":40000000000,"root_volume_type":"l_ssd","size":1,"status":"scaling","tags":[],"updated_at":"2023-10-18T16:44:46.894101105Z","upgrade_policy":{"max_surge":0,"max_unavailable":1},"version":"1.28.2","zone":"fr-par-1"}'
    headers:
      Content-Length:
      - "629"
      Content-Security-Policy:
      - default-src 'none'; frame-ancestors 'none'
      Content-Type:
      - application/json
      Date:
      - Wed, 18 Oct 2023 16:44:47 GMT
      Server:
      - Scaleway API-Gateway
      Strict-Transport-Security:
      - max-age=63072000
      X-Content-Type-Options:
      - nosniff
      X-Frame-Options:
      - DENY
      X-Request-Id:
      - 19e4f5e7-15c9-44c9-af63-2cd54f41f36b
    status: 200 OK
    code: 200
    duration: ""
- request:
    body: ""
    form: {}
    headers:
      User-Agent:
      - scaleway-sdk-go/v1.0.0-beta.7+dev (go1.20.4; linux; amd64) terraform-provider/develop
        terraform/terraform-tests
    url: https://api.scaleway.com/k8s/v1/regions/fr-par/pools/2c3afa50-e727-4e28-8135-71b8327b563d
    method: GET
  response:
    body: '{"autohealing":false,"autoscaling":false,"cluster_id":"5145a129-3d9f-4959-bcba-14a0902c68e0","container_runtime":"containerd","created_at":"2023-10-18T16:44:46.885983Z","id":"2c3afa50-e727-4e28-8135-71b8327b563d","kubelet_args":{},"max_size":1,"min_size":1,"name":"test-multicloud","node_type":"dev1_m","placement_group_id":null,"public_ip_disabled":false,"region":"fr-par","root_volume_size":40000000000,"root_volume_type":"l_ssd","size":1,"status":"scaling","tags":[],"updated_at":"2023-10-18T16:44:46.894101Z","upgrade_policy":{"max_surge":0,"max_unavailable":1},"version":"1.28.2","zone":"fr-par-1"}'
    headers:
      Content-Length:
      - "626"
      Content-Security-Policy:
      - default-src 'none'; frame-ancestors 'none'
      Content-Type:
      - application/json
      Date:
      - Wed, 18 Oct 2023 16:44:47 GMT
      Server:
      - Scaleway API-Gateway
      Strict-Transport-Security:
      - max-age=63072000
      X-Content-Type-Options:
      - nosniff
      X-Frame-Options:
      - DENY
      X-Request-Id:
      - 3d587ea5-af42-49cb-b76d-fcbf65891790
    status: 200 OK
    code: 200
    duration: ""
- request:
    body: ""
    form: {}
    headers:
      User-Agent:
      - scaleway-sdk-go/v1.0.0-beta.7+dev (go1.20.4; linux; amd64) terraform-provider/develop
        terraform/terraform-tests
    url: https://api.scaleway.com/k8s/v1/regions/fr-par/pools/2c3afa50-e727-4e28-8135-71b8327b563d
    method: GET
  response:
    body: '{"autohealing":false,"autoscaling":false,"cluster_id":"5145a129-3d9f-4959-bcba-14a0902c68e0","container_runtime":"containerd","created_at":"2023-10-18T16:44:46.885983Z","id":"2c3afa50-e727-4e28-8135-71b8327b563d","kubelet_args":{},"max_size":1,"min_size":1,"name":"test-multicloud","node_type":"dev1_m","placement_group_id":null,"public_ip_disabled":false,"region":"fr-par","root_volume_size":40000000000,"root_volume_type":"l_ssd","size":1,"status":"scaling","tags":[],"updated_at":"2023-10-18T16:44:46.894101Z","upgrade_policy":{"max_surge":0,"max_unavailable":1},"version":"1.28.2","zone":"fr-par-1"}'
    headers:
      Content-Length:
      - "626"
      Content-Security-Policy:
      - default-src 'none'; frame-ancestors 'none'
      Content-Type:
      - application/json
      Date:
      - Wed, 18 Oct 2023 16:44:52 GMT
      Server:
      - Scaleway API-Gateway
      Strict-Transport-Security:
      - max-age=63072000
      X-Content-Type-Options:
      - nosniff
      X-Frame-Options:
      - DENY
      X-Request-Id:
      - e30e0b36-b017-4a43-b575-1f15720a4f33
    status: 200 OK
    code: 200
    duration: ""
- request:
    body: ""
    form: {}
    headers:
      User-Agent:
      - scaleway-sdk-go/v1.0.0-beta.7+dev (go1.20.4; linux; amd64) terraform-provider/develop
        terraform/terraform-tests
    url: https://api.scaleway.com/k8s/v1/regions/fr-par/pools/2c3afa50-e727-4e28-8135-71b8327b563d
    method: GET
  response:
    body: '{"autohealing":false,"autoscaling":false,"cluster_id":"5145a129-3d9f-4959-bcba-14a0902c68e0","container_runtime":"containerd","created_at":"2023-10-18T16:44:46.885983Z","id":"2c3afa50-e727-4e28-8135-71b8327b563d","kubelet_args":{},"max_size":1,"min_size":1,"name":"test-multicloud","node_type":"dev1_m","placement_group_id":null,"public_ip_disabled":false,"region":"fr-par","root_volume_size":40000000000,"root_volume_type":"l_ssd","size":1,"status":"scaling","tags":[],"updated_at":"2023-10-18T16:44:46.894101Z","upgrade_policy":{"max_surge":0,"max_unavailable":1},"version":"1.28.2","zone":"fr-par-1"}'
    headers:
      Content-Length:
      - "626"
      Content-Security-Policy:
      - default-src 'none'; frame-ancestors 'none'
      Content-Type:
      - application/json
      Date:
      - Wed, 18 Oct 2023 16:44:57 GMT
      Server:
      - Scaleway API-Gateway
      Strict-Transport-Security:
      - max-age=63072000
      X-Content-Type-Options:
      - nosniff
      X-Frame-Options:
      - DENY
      X-Request-Id:
      - ac92498e-c354-49ae-b5ab-8ddc105ecfd5
    status: 200 OK
    code: 200
    duration: ""
- request:
    body: ""
    form: {}
    headers:
      User-Agent:
      - scaleway-sdk-go/v1.0.0-beta.7+dev (go1.20.4; linux; amd64) terraform-provider/develop
        terraform/terraform-tests
    url: https://api.scaleway.com/k8s/v1/regions/fr-par/pools/2c3afa50-e727-4e28-8135-71b8327b563d
    method: GET
  response:
    body: '{"autohealing":false,"autoscaling":false,"cluster_id":"5145a129-3d9f-4959-bcba-14a0902c68e0","container_runtime":"containerd","created_at":"2023-10-18T16:44:46.885983Z","id":"2c3afa50-e727-4e28-8135-71b8327b563d","kubelet_args":{},"max_size":1,"min_size":1,"name":"test-multicloud","node_type":"dev1_m","placement_group_id":null,"public_ip_disabled":false,"region":"fr-par","root_volume_size":40000000000,"root_volume_type":"l_ssd","size":1,"status":"scaling","tags":[],"updated_at":"2023-10-18T16:44:46.894101Z","upgrade_policy":{"max_surge":0,"max_unavailable":1},"version":"1.28.2","zone":"fr-par-1"}'
    headers:
      Content-Length:
      - "626"
      Content-Security-Policy:
      - default-src 'none'; frame-ancestors 'none'
      Content-Type:
      - application/json
      Date:
      - Wed, 18 Oct 2023 16:45:02 GMT
      Server:
      - Scaleway API-Gateway
      Strict-Transport-Security:
      - max-age=63072000
      X-Content-Type-Options:
      - nosniff
      X-Frame-Options:
      - DENY
      X-Request-Id:
      - babd1777-c976-414d-88f0-0ec70bef70a8
    status: 200 OK
    code: 200
    duration: ""
- request:
    body: ""
    form: {}
    headers:
      User-Agent:
      - scaleway-sdk-go/v1.0.0-beta.7+dev (go1.20.4; linux; amd64) terraform-provider/develop
        terraform/terraform-tests
    url: https://api.scaleway.com/k8s/v1/regions/fr-par/pools/2c3afa50-e727-4e28-8135-71b8327b563d
    method: GET
  response:
    body: '{"autohealing":false,"autoscaling":false,"cluster_id":"5145a129-3d9f-4959-bcba-14a0902c68e0","container_runtime":"containerd","created_at":"2023-10-18T16:44:46.885983Z","id":"2c3afa50-e727-4e28-8135-71b8327b563d","kubelet_args":{},"max_size":1,"min_size":1,"name":"test-multicloud","node_type":"dev1_m","placement_group_id":null,"public_ip_disabled":false,"region":"fr-par","root_volume_size":40000000000,"root_volume_type":"l_ssd","size":1,"status":"scaling","tags":[],"updated_at":"2023-10-18T16:44:46.894101Z","upgrade_policy":{"max_surge":0,"max_unavailable":1},"version":"1.28.2","zone":"fr-par-1"}'
    headers:
      Content-Length:
      - "626"
      Content-Security-Policy:
      - default-src 'none'; frame-ancestors 'none'
      Content-Type:
      - application/json
      Date:
      - Wed, 18 Oct 2023 16:45:07 GMT
      Server:
      - Scaleway API-Gateway
      Strict-Transport-Security:
      - max-age=63072000
      X-Content-Type-Options:
      - nosniff
      X-Frame-Options:
      - DENY
      X-Request-Id:
      - 2a7f5b57-35d0-4344-a3b3-2e2b789a08dd
    status: 200 OK
    code: 200
    duration: ""
- request:
    body: ""
    form: {}
    headers:
      User-Agent:
      - scaleway-sdk-go/v1.0.0-beta.7+dev (go1.20.4; linux; amd64) terraform-provider/develop
        terraform/terraform-tests
    url: https://api.scaleway.com/k8s/v1/regions/fr-par/pools/2c3afa50-e727-4e28-8135-71b8327b563d
    method: GET
  response:
    body: '{"autohealing":false,"autoscaling":false,"cluster_id":"5145a129-3d9f-4959-bcba-14a0902c68e0","container_runtime":"containerd","created_at":"2023-10-18T16:44:46.885983Z","id":"2c3afa50-e727-4e28-8135-71b8327b563d","kubelet_args":{},"max_size":1,"min_size":1,"name":"test-multicloud","node_type":"dev1_m","placement_group_id":null,"public_ip_disabled":false,"region":"fr-par","root_volume_size":40000000000,"root_volume_type":"l_ssd","size":1,"status":"scaling","tags":[],"updated_at":"2023-10-18T16:44:46.894101Z","upgrade_policy":{"max_surge":0,"max_unavailable":1},"version":"1.28.2","zone":"fr-par-1"}'
    headers:
      Content-Length:
      - "626"
      Content-Security-Policy:
      - default-src 'none'; frame-ancestors 'none'
      Content-Type:
      - application/json
      Date:
      - Wed, 18 Oct 2023 16:45:12 GMT
      Server:
      - Scaleway API-Gateway
      Strict-Transport-Security:
      - max-age=63072000
      X-Content-Type-Options:
      - nosniff
      X-Frame-Options:
      - DENY
      X-Request-Id:
      - 3af2622c-24cc-4bc6-b808-3abf7cdd59ef
    status: 200 OK
    code: 200
    duration: ""
- request:
    body: ""
    form: {}
    headers:
      User-Agent:
      - scaleway-sdk-go/v1.0.0-beta.7+dev (go1.20.4; linux; amd64) terraform-provider/develop
        terraform/terraform-tests
    url: https://api.scaleway.com/k8s/v1/regions/fr-par/pools/2c3afa50-e727-4e28-8135-71b8327b563d
    method: GET
  response:
    body: '{"autohealing":false,"autoscaling":false,"cluster_id":"5145a129-3d9f-4959-bcba-14a0902c68e0","container_runtime":"containerd","created_at":"2023-10-18T16:44:46.885983Z","id":"2c3afa50-e727-4e28-8135-71b8327b563d","kubelet_args":{},"max_size":1,"min_size":1,"name":"test-multicloud","node_type":"dev1_m","placement_group_id":null,"public_ip_disabled":false,"region":"fr-par","root_volume_size":40000000000,"root_volume_type":"l_ssd","size":1,"status":"scaling","tags":[],"updated_at":"2023-10-18T16:44:46.894101Z","upgrade_policy":{"max_surge":0,"max_unavailable":1},"version":"1.28.2","zone":"fr-par-1"}'
    headers:
      Content-Length:
      - "626"
      Content-Security-Policy:
      - default-src 'none'; frame-ancestors 'none'
      Content-Type:
      - application/json
      Date:
      - Wed, 18 Oct 2023 16:45:17 GMT
      Server:
      - Scaleway API-Gateway
      Strict-Transport-Security:
      - max-age=63072000
      X-Content-Type-Options:
      - nosniff
      X-Frame-Options:
      - DENY
      X-Request-Id:
      - 5dfdf38a-8be2-4bb8-840b-df78212f734c
    status: 200 OK
    code: 200
    duration: ""
- request:
    body: ""
    form: {}
    headers:
      User-Agent:
      - scaleway-sdk-go/v1.0.0-beta.7+dev (go1.20.4; linux; amd64) terraform-provider/develop
        terraform/terraform-tests
    url: https://api.scaleway.com/k8s/v1/regions/fr-par/pools/2c3afa50-e727-4e28-8135-71b8327b563d
    method: GET
  response:
    body: '{"autohealing":false,"autoscaling":false,"cluster_id":"5145a129-3d9f-4959-bcba-14a0902c68e0","container_runtime":"containerd","created_at":"2023-10-18T16:44:46.885983Z","id":"2c3afa50-e727-4e28-8135-71b8327b563d","kubelet_args":{},"max_size":1,"min_size":1,"name":"test-multicloud","node_type":"dev1_m","placement_group_id":null,"public_ip_disabled":false,"region":"fr-par","root_volume_size":40000000000,"root_volume_type":"l_ssd","size":1,"status":"scaling","tags":[],"updated_at":"2023-10-18T16:44:46.894101Z","upgrade_policy":{"max_surge":0,"max_unavailable":1},"version":"1.28.2","zone":"fr-par-1"}'
    headers:
      Content-Length:
      - "626"
      Content-Security-Policy:
      - default-src 'none'; frame-ancestors 'none'
      Content-Type:
      - application/json
      Date:
      - Wed, 18 Oct 2023 16:45:22 GMT
      Server:
      - Scaleway API-Gateway
      Strict-Transport-Security:
      - max-age=63072000
      X-Content-Type-Options:
      - nosniff
      X-Frame-Options:
      - DENY
      X-Request-Id:
      - 8e790edb-0f55-4a21-b07e-7561a0c94b63
    status: 200 OK
    code: 200
    duration: ""
- request:
    body: ""
    form: {}
    headers:
      User-Agent:
      - scaleway-sdk-go/v1.0.0-beta.7+dev (go1.20.4; linux; amd64) terraform-provider/develop
        terraform/terraform-tests
    url: https://api.scaleway.com/k8s/v1/regions/fr-par/pools/2c3afa50-e727-4e28-8135-71b8327b563d
    method: GET
  response:
    body: '{"autohealing":false,"autoscaling":false,"cluster_id":"5145a129-3d9f-4959-bcba-14a0902c68e0","container_runtime":"containerd","created_at":"2023-10-18T16:44:46.885983Z","id":"2c3afa50-e727-4e28-8135-71b8327b563d","kubelet_args":{},"max_size":1,"min_size":1,"name":"test-multicloud","node_type":"dev1_m","placement_group_id":null,"public_ip_disabled":false,"region":"fr-par","root_volume_size":40000000000,"root_volume_type":"l_ssd","size":1,"status":"scaling","tags":[],"updated_at":"2023-10-18T16:44:46.894101Z","upgrade_policy":{"max_surge":0,"max_unavailable":1},"version":"1.28.2","zone":"fr-par-1"}'
    headers:
      Content-Length:
      - "626"
      Content-Security-Policy:
      - default-src 'none'; frame-ancestors 'none'
      Content-Type:
      - application/json
      Date:
      - Wed, 18 Oct 2023 16:45:27 GMT
      Server:
      - Scaleway API-Gateway
      Strict-Transport-Security:
      - max-age=63072000
      X-Content-Type-Options:
      - nosniff
      X-Frame-Options:
      - DENY
      X-Request-Id:
      - 2f6878c9-5c64-4cfe-b137-520ceb121b0b
    status: 200 OK
    code: 200
    duration: ""
- request:
    body: ""
    form: {}
    headers:
      User-Agent:
      - scaleway-sdk-go/v1.0.0-beta.7+dev (go1.20.4; linux; amd64) terraform-provider/develop
        terraform/terraform-tests
    url: https://api.scaleway.com/k8s/v1/regions/fr-par/pools/2c3afa50-e727-4e28-8135-71b8327b563d
    method: GET
  response:
    body: '{"autohealing":false,"autoscaling":false,"cluster_id":"5145a129-3d9f-4959-bcba-14a0902c68e0","container_runtime":"containerd","created_at":"2023-10-18T16:44:46.885983Z","id":"2c3afa50-e727-4e28-8135-71b8327b563d","kubelet_args":{},"max_size":1,"min_size":1,"name":"test-multicloud","node_type":"dev1_m","placement_group_id":null,"public_ip_disabled":false,"region":"fr-par","root_volume_size":40000000000,"root_volume_type":"l_ssd","size":1,"status":"scaling","tags":[],"updated_at":"2023-10-18T16:44:46.894101Z","upgrade_policy":{"max_surge":0,"max_unavailable":1},"version":"1.28.2","zone":"fr-par-1"}'
    headers:
      Content-Length:
      - "626"
      Content-Security-Policy:
      - default-src 'none'; frame-ancestors 'none'
      Content-Type:
      - application/json
      Date:
      - Wed, 18 Oct 2023 16:45:32 GMT
      Server:
      - Scaleway API-Gateway
      Strict-Transport-Security:
      - max-age=63072000
      X-Content-Type-Options:
      - nosniff
      X-Frame-Options:
      - DENY
      X-Request-Id:
      - 3bf9698e-4056-4f7d-84d3-b867e712f2eb
    status: 200 OK
    code: 200
    duration: ""
- request:
    body: ""
    form: {}
    headers:
      User-Agent:
      - scaleway-sdk-go/v1.0.0-beta.7+dev (go1.20.4; linux; amd64) terraform-provider/develop
        terraform/terraform-tests
    url: https://api.scaleway.com/k8s/v1/regions/fr-par/pools/2c3afa50-e727-4e28-8135-71b8327b563d
    method: GET
  response:
    body: '{"autohealing":false,"autoscaling":false,"cluster_id":"5145a129-3d9f-4959-bcba-14a0902c68e0","container_runtime":"containerd","created_at":"2023-10-18T16:44:46.885983Z","id":"2c3afa50-e727-4e28-8135-71b8327b563d","kubelet_args":{},"max_size":1,"min_size":1,"name":"test-multicloud","node_type":"dev1_m","placement_group_id":null,"public_ip_disabled":false,"region":"fr-par","root_volume_size":40000000000,"root_volume_type":"l_ssd","size":1,"status":"scaling","tags":[],"updated_at":"2023-10-18T16:44:46.894101Z","upgrade_policy":{"max_surge":0,"max_unavailable":1},"version":"1.28.2","zone":"fr-par-1"}'
    headers:
      Content-Length:
      - "626"
      Content-Security-Policy:
      - default-src 'none'; frame-ancestors 'none'
      Content-Type:
      - application/json
      Date:
      - Wed, 18 Oct 2023 16:45:37 GMT
      Server:
      - Scaleway API-Gateway
      Strict-Transport-Security:
      - max-age=63072000
      X-Content-Type-Options:
      - nosniff
      X-Frame-Options:
      - DENY
      X-Request-Id:
      - fc73e678-24a1-4398-9d7a-2fafc2e0ff0c
    status: 200 OK
    code: 200
    duration: ""
- request:
    body: ""
    form: {}
    headers:
      User-Agent:
      - scaleway-sdk-go/v1.0.0-beta.7+dev (go1.20.4; linux; amd64) terraform-provider/develop
        terraform/terraform-tests
    url: https://api.scaleway.com/k8s/v1/regions/fr-par/pools/2c3afa50-e727-4e28-8135-71b8327b563d
    method: GET
  response:
    body: '{"autohealing":false,"autoscaling":false,"cluster_id":"5145a129-3d9f-4959-bcba-14a0902c68e0","container_runtime":"containerd","created_at":"2023-10-18T16:44:46.885983Z","id":"2c3afa50-e727-4e28-8135-71b8327b563d","kubelet_args":{},"max_size":1,"min_size":1,"name":"test-multicloud","node_type":"dev1_m","placement_group_id":null,"public_ip_disabled":false,"region":"fr-par","root_volume_size":40000000000,"root_volume_type":"l_ssd","size":1,"status":"scaling","tags":[],"updated_at":"2023-10-18T16:44:46.894101Z","upgrade_policy":{"max_surge":0,"max_unavailable":1},"version":"1.28.2","zone":"fr-par-1"}'
    headers:
      Content-Length:
      - "626"
      Content-Security-Policy:
      - default-src 'none'; frame-ancestors 'none'
      Content-Type:
      - application/json
      Date:
      - Wed, 18 Oct 2023 16:45:42 GMT
      Server:
      - Scaleway API-Gateway
      Strict-Transport-Security:
      - max-age=63072000
      X-Content-Type-Options:
      - nosniff
      X-Frame-Options:
      - DENY
      X-Request-Id:
      - 34376c87-7a4c-4d27-8f61-e2407e7c1862
    status: 200 OK
    code: 200
    duration: ""
- request:
    body: ""
    form: {}
    headers:
      User-Agent:
      - scaleway-sdk-go/v1.0.0-beta.7+dev (go1.20.4; linux; amd64) terraform-provider/develop
        terraform/terraform-tests
    url: https://api.scaleway.com/k8s/v1/regions/fr-par/pools/2c3afa50-e727-4e28-8135-71b8327b563d
    method: GET
  response:
    body: '{"autohealing":false,"autoscaling":false,"cluster_id":"5145a129-3d9f-4959-bcba-14a0902c68e0","container_runtime":"containerd","created_at":"2023-10-18T16:44:46.885983Z","id":"2c3afa50-e727-4e28-8135-71b8327b563d","kubelet_args":{},"max_size":1,"min_size":1,"name":"test-multicloud","node_type":"dev1_m","placement_group_id":null,"public_ip_disabled":false,"region":"fr-par","root_volume_size":40000000000,"root_volume_type":"l_ssd","size":1,"status":"scaling","tags":[],"updated_at":"2023-10-18T16:44:46.894101Z","upgrade_policy":{"max_surge":0,"max_unavailable":1},"version":"1.28.2","zone":"fr-par-1"}'
    headers:
      Content-Length:
      - "626"
      Content-Security-Policy:
      - default-src 'none'; frame-ancestors 'none'
      Content-Type:
      - application/json
      Date:
      - Wed, 18 Oct 2023 16:45:47 GMT
      Server:
      - Scaleway API-Gateway
      Strict-Transport-Security:
      - max-age=63072000
      X-Content-Type-Options:
      - nosniff
      X-Frame-Options:
      - DENY
      X-Request-Id:
      - 40e86f5f-c39f-4ddc-a7d6-1ffab37a85ee
    status: 200 OK
    code: 200
    duration: ""
- request:
    body: ""
    form: {}
    headers:
      User-Agent:
      - scaleway-sdk-go/v1.0.0-beta.7+dev (go1.20.4; linux; amd64) terraform-provider/develop
        terraform/terraform-tests
    url: https://api.scaleway.com/k8s/v1/regions/fr-par/pools/2c3afa50-e727-4e28-8135-71b8327b563d
    method: GET
  response:
    body: '{"autohealing":false,"autoscaling":false,"cluster_id":"5145a129-3d9f-4959-bcba-14a0902c68e0","container_runtime":"containerd","created_at":"2023-10-18T16:44:46.885983Z","id":"2c3afa50-e727-4e28-8135-71b8327b563d","kubelet_args":{},"max_size":1,"min_size":1,"name":"test-multicloud","node_type":"dev1_m","placement_group_id":null,"public_ip_disabled":false,"region":"fr-par","root_volume_size":40000000000,"root_volume_type":"l_ssd","size":1,"status":"scaling","tags":[],"updated_at":"2023-10-18T16:44:46.894101Z","upgrade_policy":{"max_surge":0,"max_unavailable":1},"version":"1.28.2","zone":"fr-par-1"}'
    headers:
      Content-Length:
      - "626"
      Content-Security-Policy:
      - default-src 'none'; frame-ancestors 'none'
      Content-Type:
      - application/json
      Date:
      - Wed, 18 Oct 2023 16:45:52 GMT
      Server:
      - Scaleway API-Gateway
      Strict-Transport-Security:
      - max-age=63072000
      X-Content-Type-Options:
      - nosniff
      X-Frame-Options:
      - DENY
      X-Request-Id:
      - 1b4ff309-04d3-4c3b-b6cd-f90f9dcef1c2
    status: 200 OK
    code: 200
    duration: ""
- request:
    body: ""
    form: {}
    headers:
      User-Agent:
      - scaleway-sdk-go/v1.0.0-beta.7+dev (go1.20.4; linux; amd64) terraform-provider/develop
        terraform/terraform-tests
    url: https://api.scaleway.com/k8s/v1/regions/fr-par/pools/2c3afa50-e727-4e28-8135-71b8327b563d
    method: GET
  response:
    body: '{"autohealing":false,"autoscaling":false,"cluster_id":"5145a129-3d9f-4959-bcba-14a0902c68e0","container_runtime":"containerd","created_at":"2023-10-18T16:44:46.885983Z","id":"2c3afa50-e727-4e28-8135-71b8327b563d","kubelet_args":{},"max_size":1,"min_size":1,"name":"test-multicloud","node_type":"dev1_m","placement_group_id":null,"public_ip_disabled":false,"region":"fr-par","root_volume_size":40000000000,"root_volume_type":"l_ssd","size":1,"status":"scaling","tags":[],"updated_at":"2023-10-18T16:44:46.894101Z","upgrade_policy":{"max_surge":0,"max_unavailable":1},"version":"1.28.2","zone":"fr-par-1"}'
    headers:
      Content-Length:
      - "626"
      Content-Security-Policy:
      - default-src 'none'; frame-ancestors 'none'
      Content-Type:
      - application/json
      Date:
      - Wed, 18 Oct 2023 16:45:57 GMT
      Server:
      - Scaleway API-Gateway
      Strict-Transport-Security:
      - max-age=63072000
      X-Content-Type-Options:
      - nosniff
      X-Frame-Options:
      - DENY
      X-Request-Id:
      - a05dbf7c-1ab9-4f01-8b2a-3b8b60e874e0
    status: 200 OK
    code: 200
    duration: ""
- request:
    body: ""
    form: {}
    headers:
      User-Agent:
      - scaleway-sdk-go/v1.0.0-beta.7+dev (go1.20.4; linux; amd64) terraform-provider/develop
        terraform/terraform-tests
    url: https://api.scaleway.com/k8s/v1/regions/fr-par/pools/2c3afa50-e727-4e28-8135-71b8327b563d
    method: GET
  response:
    body: '{"autohealing":false,"autoscaling":false,"cluster_id":"5145a129-3d9f-4959-bcba-14a0902c68e0","container_runtime":"containerd","created_at":"2023-10-18T16:44:46.885983Z","id":"2c3afa50-e727-4e28-8135-71b8327b563d","kubelet_args":{},"max_size":1,"min_size":1,"name":"test-multicloud","node_type":"dev1_m","placement_group_id":null,"public_ip_disabled":false,"region":"fr-par","root_volume_size":40000000000,"root_volume_type":"l_ssd","size":1,"status":"scaling","tags":[],"updated_at":"2023-10-18T16:44:46.894101Z","upgrade_policy":{"max_surge":0,"max_unavailable":1},"version":"1.28.2","zone":"fr-par-1"}'
    headers:
      Content-Length:
      - "626"
      Content-Security-Policy:
      - default-src 'none'; frame-ancestors 'none'
      Content-Type:
      - application/json
      Date:
      - Wed, 18 Oct 2023 16:46:02 GMT
      Server:
      - Scaleway API-Gateway
      Strict-Transport-Security:
      - max-age=63072000
      X-Content-Type-Options:
      - nosniff
      X-Frame-Options:
      - DENY
      X-Request-Id:
      - d940056d-7566-4cd1-a9a3-719fc15c385e
    status: 200 OK
    code: 200
    duration: ""
- request:
    body: ""
    form: {}
    headers:
      User-Agent:
      - scaleway-sdk-go/v1.0.0-beta.7+dev (go1.20.4; linux; amd64) terraform-provider/develop
        terraform/terraform-tests
    url: https://api.scaleway.com/k8s/v1/regions/fr-par/pools/2c3afa50-e727-4e28-8135-71b8327b563d
    method: GET
  response:
    body: '{"autohealing":false,"autoscaling":false,"cluster_id":"5145a129-3d9f-4959-bcba-14a0902c68e0","container_runtime":"containerd","created_at":"2023-10-18T16:44:46.885983Z","id":"2c3afa50-e727-4e28-8135-71b8327b563d","kubelet_args":{},"max_size":1,"min_size":1,"name":"test-multicloud","node_type":"dev1_m","placement_group_id":null,"public_ip_disabled":false,"region":"fr-par","root_volume_size":40000000000,"root_volume_type":"l_ssd","size":1,"status":"scaling","tags":[],"updated_at":"2023-10-18T16:44:46.894101Z","upgrade_policy":{"max_surge":0,"max_unavailable":1},"version":"1.28.2","zone":"fr-par-1"}'
    headers:
      Content-Length:
      - "626"
      Content-Security-Policy:
      - default-src 'none'; frame-ancestors 'none'
      Content-Type:
      - application/json
      Date:
      - Wed, 18 Oct 2023 16:46:08 GMT
      Server:
      - Scaleway API-Gateway
      Strict-Transport-Security:
      - max-age=63072000
      X-Content-Type-Options:
      - nosniff
      X-Frame-Options:
      - DENY
      X-Request-Id:
      - 2bf4b908-fb48-4d48-9d19-26076d8153fb
    status: 200 OK
    code: 200
    duration: ""
- request:
    body: ""
    form: {}
    headers:
      User-Agent:
      - scaleway-sdk-go/v1.0.0-beta.7+dev (go1.20.4; linux; amd64) terraform-provider/develop
        terraform/terraform-tests
    url: https://api.scaleway.com/k8s/v1/regions/fr-par/pools/2c3afa50-e727-4e28-8135-71b8327b563d
    method: GET
  response:
    body: '{"autohealing":false,"autoscaling":false,"cluster_id":"5145a129-3d9f-4959-bcba-14a0902c68e0","container_runtime":"containerd","created_at":"2023-10-18T16:44:46.885983Z","id":"2c3afa50-e727-4e28-8135-71b8327b563d","kubelet_args":{},"max_size":1,"min_size":1,"name":"test-multicloud","node_type":"dev1_m","placement_group_id":null,"public_ip_disabled":false,"region":"fr-par","root_volume_size":40000000000,"root_volume_type":"l_ssd","size":1,"status":"scaling","tags":[],"updated_at":"2023-10-18T16:44:46.894101Z","upgrade_policy":{"max_surge":0,"max_unavailable":1},"version":"1.28.2","zone":"fr-par-1"}'
    headers:
      Content-Length:
      - "626"
      Content-Security-Policy:
      - default-src 'none'; frame-ancestors 'none'
      Content-Type:
      - application/json
      Date:
      - Wed, 18 Oct 2023 16:46:13 GMT
      Server:
      - Scaleway API-Gateway
      Strict-Transport-Security:
      - max-age=63072000
      X-Content-Type-Options:
      - nosniff
      X-Frame-Options:
      - DENY
      X-Request-Id:
      - b82c6b19-3edf-4ecd-90e0-5135890b8570
    status: 200 OK
    code: 200
    duration: ""
- request:
    body: ""
    form: {}
    headers:
      User-Agent:
      - scaleway-sdk-go/v1.0.0-beta.7+dev (go1.20.4; linux; amd64) terraform-provider/develop
        terraform/terraform-tests
    url: https://api.scaleway.com/k8s/v1/regions/fr-par/pools/2c3afa50-e727-4e28-8135-71b8327b563d
    method: GET
  response:
    body: '{"autohealing":false,"autoscaling":false,"cluster_id":"5145a129-3d9f-4959-bcba-14a0902c68e0","container_runtime":"containerd","created_at":"2023-10-18T16:44:46.885983Z","id":"2c3afa50-e727-4e28-8135-71b8327b563d","kubelet_args":{},"max_size":1,"min_size":1,"name":"test-multicloud","node_type":"dev1_m","placement_group_id":null,"public_ip_disabled":false,"region":"fr-par","root_volume_size":40000000000,"root_volume_type":"l_ssd","size":1,"status":"scaling","tags":[],"updated_at":"2023-10-18T16:44:46.894101Z","upgrade_policy":{"max_surge":0,"max_unavailable":1},"version":"1.28.2","zone":"fr-par-1"}'
    headers:
      Content-Length:
      - "626"
      Content-Security-Policy:
      - default-src 'none'; frame-ancestors 'none'
      Content-Type:
      - application/json
      Date:
      - Wed, 18 Oct 2023 16:46:18 GMT
      Server:
      - Scaleway API-Gateway
      Strict-Transport-Security:
      - max-age=63072000
      X-Content-Type-Options:
      - nosniff
      X-Frame-Options:
      - DENY
      X-Request-Id:
      - 624ee52b-9bd8-4550-8c85-397ae4523437
    status: 200 OK
    code: 200
    duration: ""
- request:
    body: ""
    form: {}
    headers:
      User-Agent:
      - scaleway-sdk-go/v1.0.0-beta.7+dev (go1.20.4; linux; amd64) terraform-provider/develop
        terraform/terraform-tests
    url: https://api.scaleway.com/k8s/v1/regions/fr-par/pools/2c3afa50-e727-4e28-8135-71b8327b563d
    method: GET
  response:
    body: '{"autohealing":false,"autoscaling":false,"cluster_id":"5145a129-3d9f-4959-bcba-14a0902c68e0","container_runtime":"containerd","created_at":"2023-10-18T16:44:46.885983Z","id":"2c3afa50-e727-4e28-8135-71b8327b563d","kubelet_args":{},"max_size":1,"min_size":1,"name":"test-multicloud","node_type":"dev1_m","placement_group_id":null,"public_ip_disabled":false,"region":"fr-par","root_volume_size":40000000000,"root_volume_type":"l_ssd","size":1,"status":"scaling","tags":[],"updated_at":"2023-10-18T16:44:46.894101Z","upgrade_policy":{"max_surge":0,"max_unavailable":1},"version":"1.28.2","zone":"fr-par-1"}'
    headers:
      Content-Length:
      - "626"
      Content-Security-Policy:
      - default-src 'none'; frame-ancestors 'none'
      Content-Type:
      - application/json
      Date:
      - Wed, 18 Oct 2023 16:46:23 GMT
      Server:
      - Scaleway API-Gateway
      Strict-Transport-Security:
      - max-age=63072000
      X-Content-Type-Options:
      - nosniff
      X-Frame-Options:
      - DENY
      X-Request-Id:
      - 3aa822e8-430a-4740-847f-4b1563cc8c2f
    status: 200 OK
    code: 200
    duration: ""
- request:
    body: ""
    form: {}
    headers:
      User-Agent:
      - scaleway-sdk-go/v1.0.0-beta.7+dev (go1.20.4; linux; amd64) terraform-provider/develop
        terraform/terraform-tests
    url: https://api.scaleway.com/k8s/v1/regions/fr-par/pools/2c3afa50-e727-4e28-8135-71b8327b563d
    method: GET
  response:
    body: '{"autohealing":false,"autoscaling":false,"cluster_id":"5145a129-3d9f-4959-bcba-14a0902c68e0","container_runtime":"containerd","created_at":"2023-10-18T16:44:46.885983Z","id":"2c3afa50-e727-4e28-8135-71b8327b563d","kubelet_args":{},"max_size":1,"min_size":1,"name":"test-multicloud","node_type":"dev1_m","placement_group_id":null,"public_ip_disabled":false,"region":"fr-par","root_volume_size":40000000000,"root_volume_type":"l_ssd","size":1,"status":"scaling","tags":[],"updated_at":"2023-10-18T16:44:46.894101Z","upgrade_policy":{"max_surge":0,"max_unavailable":1},"version":"1.28.2","zone":"fr-par-1"}'
    headers:
      Content-Length:
      - "626"
      Content-Security-Policy:
      - default-src 'none'; frame-ancestors 'none'
      Content-Type:
      - application/json
      Date:
      - Wed, 18 Oct 2023 16:46:28 GMT
      Server:
      - Scaleway API-Gateway
      Strict-Transport-Security:
      - max-age=63072000
      X-Content-Type-Options:
      - nosniff
      X-Frame-Options:
      - DENY
      X-Request-Id:
      - 11bf8c40-cab5-442a-99f1-e625dac65bf0
    status: 200 OK
    code: 200
    duration: ""
- request:
    body: ""
    form: {}
    headers:
      User-Agent:
      - scaleway-sdk-go/v1.0.0-beta.7+dev (go1.20.4; linux; amd64) terraform-provider/develop
        terraform/terraform-tests
    url: https://api.scaleway.com/k8s/v1/regions/fr-par/pools/2c3afa50-e727-4e28-8135-71b8327b563d
    method: GET
  response:
    body: '{"autohealing":false,"autoscaling":false,"cluster_id":"5145a129-3d9f-4959-bcba-14a0902c68e0","container_runtime":"containerd","created_at":"2023-10-18T16:44:46.885983Z","id":"2c3afa50-e727-4e28-8135-71b8327b563d","kubelet_args":{},"max_size":1,"min_size":1,"name":"test-multicloud","node_type":"dev1_m","placement_group_id":null,"public_ip_disabled":false,"region":"fr-par","root_volume_size":40000000000,"root_volume_type":"l_ssd","size":1,"status":"scaling","tags":[],"updated_at":"2023-10-18T16:44:46.894101Z","upgrade_policy":{"max_surge":0,"max_unavailable":1},"version":"1.28.2","zone":"fr-par-1"}'
    headers:
      Content-Length:
      - "626"
      Content-Security-Policy:
      - default-src 'none'; frame-ancestors 'none'
      Content-Type:
      - application/json
      Date:
      - Wed, 18 Oct 2023 16:46:33 GMT
      Server:
      - Scaleway API-Gateway
      Strict-Transport-Security:
      - max-age=63072000
      X-Content-Type-Options:
      - nosniff
      X-Frame-Options:
      - DENY
      X-Request-Id:
      - 298c13ff-46ab-4932-8753-f0e2ddb05b8a
    status: 200 OK
    code: 200
    duration: ""
- request:
    body: ""
    form: {}
    headers:
      User-Agent:
      - scaleway-sdk-go/v1.0.0-beta.7+dev (go1.20.4; linux; amd64) terraform-provider/develop
        terraform/terraform-tests
    url: https://api.scaleway.com/k8s/v1/regions/fr-par/pools/2c3afa50-e727-4e28-8135-71b8327b563d
    method: GET
  response:
    body: '{"autohealing":false,"autoscaling":false,"cluster_id":"5145a129-3d9f-4959-bcba-14a0902c68e0","container_runtime":"containerd","created_at":"2023-10-18T16:44:46.885983Z","id":"2c3afa50-e727-4e28-8135-71b8327b563d","kubelet_args":{},"max_size":1,"min_size":1,"name":"test-multicloud","node_type":"dev1_m","placement_group_id":null,"public_ip_disabled":false,"region":"fr-par","root_volume_size":40000000000,"root_volume_type":"l_ssd","size":1,"status":"scaling","tags":[],"updated_at":"2023-10-18T16:44:46.894101Z","upgrade_policy":{"max_surge":0,"max_unavailable":1},"version":"1.28.2","zone":"fr-par-1"}'
    headers:
      Content-Length:
      - "626"
      Content-Security-Policy:
      - default-src 'none'; frame-ancestors 'none'
      Content-Type:
      - application/json
      Date:
      - Wed, 18 Oct 2023 16:46:38 GMT
      Server:
      - Scaleway API-Gateway
      Strict-Transport-Security:
      - max-age=63072000
      X-Content-Type-Options:
      - nosniff
      X-Frame-Options:
      - DENY
      X-Request-Id:
      - 8af636d8-05a1-4616-9057-9969a47d9793
    status: 200 OK
    code: 200
    duration: ""
- request:
    body: ""
    form: {}
    headers:
      User-Agent:
      - scaleway-sdk-go/v1.0.0-beta.7+dev (go1.20.4; linux; amd64) terraform-provider/develop
        terraform/terraform-tests
    url: https://api.scaleway.com/k8s/v1/regions/fr-par/pools/2c3afa50-e727-4e28-8135-71b8327b563d
    method: GET
  response:
    body: '{"autohealing":false,"autoscaling":false,"cluster_id":"5145a129-3d9f-4959-bcba-14a0902c68e0","container_runtime":"containerd","created_at":"2023-10-18T16:44:46.885983Z","id":"2c3afa50-e727-4e28-8135-71b8327b563d","kubelet_args":{},"max_size":1,"min_size":1,"name":"test-multicloud","node_type":"dev1_m","placement_group_id":null,"public_ip_disabled":false,"region":"fr-par","root_volume_size":40000000000,"root_volume_type":"l_ssd","size":1,"status":"scaling","tags":[],"updated_at":"2023-10-18T16:44:46.894101Z","upgrade_policy":{"max_surge":0,"max_unavailable":1},"version":"1.28.2","zone":"fr-par-1"}'
    headers:
      Content-Length:
      - "626"
      Content-Security-Policy:
      - default-src 'none'; frame-ancestors 'none'
      Content-Type:
      - application/json
      Date:
      - Wed, 18 Oct 2023 16:46:43 GMT
      Server:
      - Scaleway API-Gateway
      Strict-Transport-Security:
      - max-age=63072000
      X-Content-Type-Options:
      - nosniff
      X-Frame-Options:
      - DENY
      X-Request-Id:
      - a4f82ed2-7746-4497-bd37-39d27be19579
    status: 200 OK
    code: 200
    duration: ""
- request:
    body: ""
    form: {}
    headers:
      User-Agent:
      - scaleway-sdk-go/v1.0.0-beta.7+dev (go1.20.4; linux; amd64) terraform-provider/develop
        terraform/terraform-tests
    url: https://api.scaleway.com/k8s/v1/regions/fr-par/pools/2c3afa50-e727-4e28-8135-71b8327b563d
    method: GET
  response:
    body: '{"autohealing":false,"autoscaling":false,"cluster_id":"5145a129-3d9f-4959-bcba-14a0902c68e0","container_runtime":"containerd","created_at":"2023-10-18T16:44:46.885983Z","id":"2c3afa50-e727-4e28-8135-71b8327b563d","kubelet_args":{},"max_size":1,"min_size":1,"name":"test-multicloud","node_type":"dev1_m","placement_group_id":null,"public_ip_disabled":false,"region":"fr-par","root_volume_size":40000000000,"root_volume_type":"l_ssd","size":1,"status":"scaling","tags":[],"updated_at":"2023-10-18T16:44:46.894101Z","upgrade_policy":{"max_surge":0,"max_unavailable":1},"version":"1.28.2","zone":"fr-par-1"}'
    headers:
      Content-Length:
      - "626"
      Content-Security-Policy:
      - default-src 'none'; frame-ancestors 'none'
      Content-Type:
      - application/json
      Date:
      - Wed, 18 Oct 2023 16:46:48 GMT
      Server:
      - Scaleway API-Gateway
      Strict-Transport-Security:
      - max-age=63072000
      X-Content-Type-Options:
      - nosniff
      X-Frame-Options:
      - DENY
      X-Request-Id:
      - 741b35f2-82eb-412c-b9c0-d8c154d0ad60
    status: 200 OK
    code: 200
    duration: ""
- request:
    body: ""
    form: {}
    headers:
      User-Agent:
      - scaleway-sdk-go/v1.0.0-beta.7+dev (go1.20.4; linux; amd64) terraform-provider/develop
        terraform/terraform-tests
    url: https://api.scaleway.com/k8s/v1/regions/fr-par/pools/2c3afa50-e727-4e28-8135-71b8327b563d
    method: GET
  response:
    body: '{"autohealing":false,"autoscaling":false,"cluster_id":"5145a129-3d9f-4959-bcba-14a0902c68e0","container_runtime":"containerd","created_at":"2023-10-18T16:44:46.885983Z","id":"2c3afa50-e727-4e28-8135-71b8327b563d","kubelet_args":{},"max_size":1,"min_size":1,"name":"test-multicloud","node_type":"dev1_m","placement_group_id":null,"public_ip_disabled":false,"region":"fr-par","root_volume_size":40000000000,"root_volume_type":"l_ssd","size":1,"status":"scaling","tags":[],"updated_at":"2023-10-18T16:44:46.894101Z","upgrade_policy":{"max_surge":0,"max_unavailable":1},"version":"1.28.2","zone":"fr-par-1"}'
    headers:
      Content-Length:
      - "626"
      Content-Security-Policy:
      - default-src 'none'; frame-ancestors 'none'
      Content-Type:
      - application/json
      Date:
      - Wed, 18 Oct 2023 16:46:53 GMT
      Server:
      - Scaleway API-Gateway
      Strict-Transport-Security:
      - max-age=63072000
      X-Content-Type-Options:
      - nosniff
      X-Frame-Options:
      - DENY
      X-Request-Id:
      - d70d0c38-2fb1-48b1-8274-204bc7ad9ab1
    status: 200 OK
    code: 200
    duration: ""
- request:
    body: ""
    form: {}
    headers:
      User-Agent:
      - scaleway-sdk-go/v1.0.0-beta.7+dev (go1.20.4; linux; amd64) terraform-provider/develop
        terraform/terraform-tests
    url: https://api.scaleway.com/k8s/v1/regions/fr-par/pools/2c3afa50-e727-4e28-8135-71b8327b563d
    method: GET
  response:
    body: '{"autohealing":false,"autoscaling":false,"cluster_id":"5145a129-3d9f-4959-bcba-14a0902c68e0","container_runtime":"containerd","created_at":"2023-10-18T16:44:46.885983Z","id":"2c3afa50-e727-4e28-8135-71b8327b563d","kubelet_args":{},"max_size":1,"min_size":1,"name":"test-multicloud","node_type":"dev1_m","placement_group_id":null,"public_ip_disabled":false,"region":"fr-par","root_volume_size":40000000000,"root_volume_type":"l_ssd","size":1,"status":"scaling","tags":[],"updated_at":"2023-10-18T16:44:46.894101Z","upgrade_policy":{"max_surge":0,"max_unavailable":1},"version":"1.28.2","zone":"fr-par-1"}'
    headers:
      Content-Length:
      - "626"
      Content-Security-Policy:
      - default-src 'none'; frame-ancestors 'none'
      Content-Type:
      - application/json
      Date:
      - Wed, 18 Oct 2023 16:46:58 GMT
      Server:
      - Scaleway API-Gateway
      Strict-Transport-Security:
      - max-age=63072000
      X-Content-Type-Options:
      - nosniff
      X-Frame-Options:
      - DENY
      X-Request-Id:
      - ff9121eb-abd7-4a43-8695-3c6527a659e5
    status: 200 OK
    code: 200
    duration: ""
- request:
    body: ""
    form: {}
    headers:
      User-Agent:
      - scaleway-sdk-go/v1.0.0-beta.7+dev (go1.20.4; linux; amd64) terraform-provider/develop
        terraform/terraform-tests
    url: https://api.scaleway.com/k8s/v1/regions/fr-par/pools/2c3afa50-e727-4e28-8135-71b8327b563d
    method: GET
  response:
    body: '{"autohealing":false,"autoscaling":false,"cluster_id":"5145a129-3d9f-4959-bcba-14a0902c68e0","container_runtime":"containerd","created_at":"2023-10-18T16:44:46.885983Z","id":"2c3afa50-e727-4e28-8135-71b8327b563d","kubelet_args":{},"max_size":1,"min_size":1,"name":"test-multicloud","node_type":"dev1_m","placement_group_id":null,"public_ip_disabled":false,"region":"fr-par","root_volume_size":40000000000,"root_volume_type":"l_ssd","size":1,"status":"scaling","tags":[],"updated_at":"2023-10-18T16:44:46.894101Z","upgrade_policy":{"max_surge":0,"max_unavailable":1},"version":"1.28.2","zone":"fr-par-1"}'
    headers:
      Content-Length:
      - "626"
      Content-Security-Policy:
      - default-src 'none'; frame-ancestors 'none'
      Content-Type:
      - application/json
      Date:
      - Wed, 18 Oct 2023 16:47:03 GMT
      Server:
      - Scaleway API-Gateway
      Strict-Transport-Security:
      - max-age=63072000
      X-Content-Type-Options:
      - nosniff
      X-Frame-Options:
      - DENY
      X-Request-Id:
      - 42954f9e-b2b2-44b7-84b6-2ac6cdae9663
    status: 200 OK
    code: 200
    duration: ""
- request:
    body: ""
    form: {}
    headers:
      User-Agent:
      - scaleway-sdk-go/v1.0.0-beta.7+dev (go1.20.4; linux; amd64) terraform-provider/develop
        terraform/terraform-tests
    url: https://api.scaleway.com/k8s/v1/regions/fr-par/pools/2c3afa50-e727-4e28-8135-71b8327b563d
    method: GET
  response:
    body: '{"autohealing":false,"autoscaling":false,"cluster_id":"5145a129-3d9f-4959-bcba-14a0902c68e0","container_runtime":"containerd","created_at":"2023-10-18T16:44:46.885983Z","id":"2c3afa50-e727-4e28-8135-71b8327b563d","kubelet_args":{},"max_size":1,"min_size":1,"name":"test-multicloud","node_type":"dev1_m","placement_group_id":null,"public_ip_disabled":false,"region":"fr-par","root_volume_size":40000000000,"root_volume_type":"l_ssd","size":1,"status":"scaling","tags":[],"updated_at":"2023-10-18T16:44:46.894101Z","upgrade_policy":{"max_surge":0,"max_unavailable":1},"version":"1.28.2","zone":"fr-par-1"}'
    headers:
      Content-Length:
      - "626"
      Content-Security-Policy:
      - default-src 'none'; frame-ancestors 'none'
      Content-Type:
      - application/json
      Date:
      - Wed, 18 Oct 2023 16:47:08 GMT
      Server:
      - Scaleway API-Gateway
      Strict-Transport-Security:
      - max-age=63072000
      X-Content-Type-Options:
      - nosniff
      X-Frame-Options:
      - DENY
      X-Request-Id:
      - 01d1b790-4e71-4eb1-ae79-ce769a9682e5
    status: 200 OK
    code: 200
    duration: ""
- request:
    body: ""
    form: {}
    headers:
      User-Agent:
      - scaleway-sdk-go/v1.0.0-beta.7+dev (go1.20.4; linux; amd64) terraform-provider/develop
        terraform/terraform-tests
    url: https://api.scaleway.com/k8s/v1/regions/fr-par/pools/2c3afa50-e727-4e28-8135-71b8327b563d
    method: GET
  response:
    body: '{"autohealing":false,"autoscaling":false,"cluster_id":"5145a129-3d9f-4959-bcba-14a0902c68e0","container_runtime":"containerd","created_at":"2023-10-18T16:44:46.885983Z","id":"2c3afa50-e727-4e28-8135-71b8327b563d","kubelet_args":{},"max_size":1,"min_size":1,"name":"test-multicloud","node_type":"dev1_m","placement_group_id":null,"public_ip_disabled":false,"region":"fr-par","root_volume_size":40000000000,"root_volume_type":"l_ssd","size":1,"status":"scaling","tags":[],"updated_at":"2023-10-18T16:44:46.894101Z","upgrade_policy":{"max_surge":0,"max_unavailable":1},"version":"1.28.2","zone":"fr-par-1"}'
    headers:
      Content-Length:
      - "626"
      Content-Security-Policy:
      - default-src 'none'; frame-ancestors 'none'
      Content-Type:
      - application/json
      Date:
      - Wed, 18 Oct 2023 16:47:13 GMT
      Server:
      - Scaleway API-Gateway
      Strict-Transport-Security:
      - max-age=63072000
      X-Content-Type-Options:
      - nosniff
      X-Frame-Options:
      - DENY
      X-Request-Id:
      - fd3076ac-7cec-4643-8e26-ad8b5b6285cd
    status: 200 OK
    code: 200
    duration: ""
- request:
    body: ""
    form: {}
    headers:
      User-Agent:
      - scaleway-sdk-go/v1.0.0-beta.7+dev (go1.20.4; linux; amd64) terraform-provider/develop
        terraform/terraform-tests
    url: https://api.scaleway.com/k8s/v1/regions/fr-par/pools/2c3afa50-e727-4e28-8135-71b8327b563d
    method: GET
  response:
    body: '{"autohealing":false,"autoscaling":false,"cluster_id":"5145a129-3d9f-4959-bcba-14a0902c68e0","container_runtime":"containerd","created_at":"2023-10-18T16:44:46.885983Z","id":"2c3afa50-e727-4e28-8135-71b8327b563d","kubelet_args":{},"max_size":1,"min_size":1,"name":"test-multicloud","node_type":"dev1_m","placement_group_id":null,"public_ip_disabled":false,"region":"fr-par","root_volume_size":40000000000,"root_volume_type":"l_ssd","size":1,"status":"scaling","tags":[],"updated_at":"2023-10-18T16:44:46.894101Z","upgrade_policy":{"max_surge":0,"max_unavailable":1},"version":"1.28.2","zone":"fr-par-1"}'
    headers:
      Content-Length:
      - "626"
      Content-Security-Policy:
      - default-src 'none'; frame-ancestors 'none'
      Content-Type:
      - application/json
      Date:
      - Wed, 18 Oct 2023 16:47:18 GMT
      Server:
      - Scaleway API-Gateway
      Strict-Transport-Security:
      - max-age=63072000
      X-Content-Type-Options:
      - nosniff
      X-Frame-Options:
      - DENY
      X-Request-Id:
      - 6643c7ef-3ff3-45fd-9a76-83a4e26d666c
    status: 200 OK
    code: 200
    duration: ""
- request:
    body: ""
    form: {}
    headers:
      User-Agent:
      - scaleway-sdk-go/v1.0.0-beta.7+dev (go1.20.4; linux; amd64) terraform-provider/develop
        terraform/terraform-tests
    url: https://api.scaleway.com/k8s/v1/regions/fr-par/pools/2c3afa50-e727-4e28-8135-71b8327b563d
    method: GET
  response:
    body: '{"autohealing":false,"autoscaling":false,"cluster_id":"5145a129-3d9f-4959-bcba-14a0902c68e0","container_runtime":"containerd","created_at":"2023-10-18T16:44:46.885983Z","id":"2c3afa50-e727-4e28-8135-71b8327b563d","kubelet_args":{},"max_size":1,"min_size":1,"name":"test-multicloud","node_type":"dev1_m","placement_group_id":null,"public_ip_disabled":false,"region":"fr-par","root_volume_size":40000000000,"root_volume_type":"l_ssd","size":1,"status":"scaling","tags":[],"updated_at":"2023-10-18T16:44:46.894101Z","upgrade_policy":{"max_surge":0,"max_unavailable":1},"version":"1.28.2","zone":"fr-par-1"}'
    headers:
      Content-Length:
      - "626"
      Content-Security-Policy:
      - default-src 'none'; frame-ancestors 'none'
      Content-Type:
      - application/json
      Date:
      - Wed, 18 Oct 2023 16:47:23 GMT
      Server:
      - Scaleway API-Gateway
      Strict-Transport-Security:
      - max-age=63072000
      X-Content-Type-Options:
      - nosniff
      X-Frame-Options:
      - DENY
      X-Request-Id:
      - c31ee53c-d6ef-4560-b74e-a4fad45a04d6
    status: 200 OK
    code: 200
    duration: ""
- request:
    body: ""
    form: {}
    headers:
      User-Agent:
      - scaleway-sdk-go/v1.0.0-beta.7+dev (go1.20.4; linux; amd64) terraform-provider/develop
        terraform/terraform-tests
    url: https://api.scaleway.com/k8s/v1/regions/fr-par/pools/2c3afa50-e727-4e28-8135-71b8327b563d
    method: GET
  response:
    body: '{"autohealing":false,"autoscaling":false,"cluster_id":"5145a129-3d9f-4959-bcba-14a0902c68e0","container_runtime":"containerd","created_at":"2023-10-18T16:44:46.885983Z","id":"2c3afa50-e727-4e28-8135-71b8327b563d","kubelet_args":{},"max_size":1,"min_size":1,"name":"test-multicloud","node_type":"dev1_m","placement_group_id":null,"public_ip_disabled":false,"region":"fr-par","root_volume_size":40000000000,"root_volume_type":"l_ssd","size":1,"status":"scaling","tags":[],"updated_at":"2023-10-18T16:44:46.894101Z","upgrade_policy":{"max_surge":0,"max_unavailable":1},"version":"1.28.2","zone":"fr-par-1"}'
    headers:
      Content-Length:
      - "626"
      Content-Security-Policy:
      - default-src 'none'; frame-ancestors 'none'
      Content-Type:
      - application/json
      Date:
      - Wed, 18 Oct 2023 16:47:28 GMT
      Server:
      - Scaleway API-Gateway
      Strict-Transport-Security:
      - max-age=63072000
      X-Content-Type-Options:
      - nosniff
      X-Frame-Options:
      - DENY
      X-Request-Id:
      - c7f0c582-f2d7-4b79-a5ec-8eb9409c4761
    status: 200 OK
    code: 200
    duration: ""
- request:
    body: ""
    form: {}
    headers:
      User-Agent:
      - scaleway-sdk-go/v1.0.0-beta.7+dev (go1.20.4; linux; amd64) terraform-provider/develop
        terraform/terraform-tests
    url: https://api.scaleway.com/k8s/v1/regions/fr-par/pools/2c3afa50-e727-4e28-8135-71b8327b563d
    method: GET
  response:
    body: '{"autohealing":false,"autoscaling":false,"cluster_id":"5145a129-3d9f-4959-bcba-14a0902c68e0","container_runtime":"containerd","created_at":"2023-10-18T16:44:46.885983Z","id":"2c3afa50-e727-4e28-8135-71b8327b563d","kubelet_args":{},"max_size":1,"min_size":1,"name":"test-multicloud","node_type":"dev1_m","placement_group_id":null,"public_ip_disabled":false,"region":"fr-par","root_volume_size":40000000000,"root_volume_type":"l_ssd","size":1,"status":"scaling","tags":[],"updated_at":"2023-10-18T16:44:46.894101Z","upgrade_policy":{"max_surge":0,"max_unavailable":1},"version":"1.28.2","zone":"fr-par-1"}'
    headers:
      Content-Length:
      - "626"
      Content-Security-Policy:
      - default-src 'none'; frame-ancestors 'none'
      Content-Type:
      - application/json
      Date:
      - Wed, 18 Oct 2023 16:47:34 GMT
      Server:
      - Scaleway API-Gateway
      Strict-Transport-Security:
      - max-age=63072000
      X-Content-Type-Options:
      - nosniff
      X-Frame-Options:
      - DENY
      X-Request-Id:
      - 796999a7-e779-45f6-b2d0-798c36e014f0
    status: 200 OK
    code: 200
    duration: ""
- request:
    body: ""
    form: {}
    headers:
      User-Agent:
      - scaleway-sdk-go/v1.0.0-beta.7+dev (go1.20.4; linux; amd64) terraform-provider/develop
        terraform/terraform-tests
    url: https://api.scaleway.com/k8s/v1/regions/fr-par/pools/2c3afa50-e727-4e28-8135-71b8327b563d
    method: GET
  response:
    body: '{"autohealing":false,"autoscaling":false,"cluster_id":"5145a129-3d9f-4959-bcba-14a0902c68e0","container_runtime":"containerd","created_at":"2023-10-18T16:44:46.885983Z","id":"2c3afa50-e727-4e28-8135-71b8327b563d","kubelet_args":{},"max_size":1,"min_size":1,"name":"test-multicloud","node_type":"dev1_m","placement_group_id":null,"public_ip_disabled":false,"region":"fr-par","root_volume_size":40000000000,"root_volume_type":"l_ssd","size":1,"status":"scaling","tags":[],"updated_at":"2023-10-18T16:44:46.894101Z","upgrade_policy":{"max_surge":0,"max_unavailable":1},"version":"1.28.2","zone":"fr-par-1"}'
    headers:
      Content-Length:
      - "626"
      Content-Security-Policy:
      - default-src 'none'; frame-ancestors 'none'
      Content-Type:
      - application/json
      Date:
      - Wed, 18 Oct 2023 16:47:39 GMT
      Server:
      - Scaleway API-Gateway
      Strict-Transport-Security:
      - max-age=63072000
      X-Content-Type-Options:
      - nosniff
      X-Frame-Options:
      - DENY
      X-Request-Id:
      - 6d1acd42-fef4-4fc3-ace3-bfe18cbae2cb
    status: 200 OK
    code: 200
    duration: ""
- request:
    body: ""
    form: {}
    headers:
      User-Agent:
      - scaleway-sdk-go/v1.0.0-beta.7+dev (go1.20.4; linux; amd64) terraform-provider/develop
        terraform/terraform-tests
    url: https://api.scaleway.com/k8s/v1/regions/fr-par/pools/2c3afa50-e727-4e28-8135-71b8327b563d
    method: GET
  response:
    body: '{"autohealing":false,"autoscaling":false,"cluster_id":"5145a129-3d9f-4959-bcba-14a0902c68e0","container_runtime":"containerd","created_at":"2023-10-18T16:44:46.885983Z","id":"2c3afa50-e727-4e28-8135-71b8327b563d","kubelet_args":{},"max_size":1,"min_size":1,"name":"test-multicloud","node_type":"dev1_m","placement_group_id":null,"public_ip_disabled":false,"region":"fr-par","root_volume_size":40000000000,"root_volume_type":"l_ssd","size":1,"status":"scaling","tags":[],"updated_at":"2023-10-18T16:44:46.894101Z","upgrade_policy":{"max_surge":0,"max_unavailable":1},"version":"1.28.2","zone":"fr-par-1"}'
    headers:
      Content-Length:
      - "626"
      Content-Security-Policy:
      - default-src 'none'; frame-ancestors 'none'
      Content-Type:
      - application/json
      Date:
      - Wed, 18 Oct 2023 16:47:44 GMT
      Server:
      - Scaleway API-Gateway
      Strict-Transport-Security:
      - max-age=63072000
      X-Content-Type-Options:
      - nosniff
      X-Frame-Options:
      - DENY
      X-Request-Id:
      - 5b54f048-13b2-4f0f-9b89-87449241d260
    status: 200 OK
    code: 200
    duration: ""
- request:
    body: ""
    form: {}
    headers:
      User-Agent:
      - scaleway-sdk-go/v1.0.0-beta.7+dev (go1.20.4; linux; amd64) terraform-provider/develop
        terraform/terraform-tests
    url: https://api.scaleway.com/k8s/v1/regions/fr-par/pools/2c3afa50-e727-4e28-8135-71b8327b563d
    method: GET
  response:
    body: '{"autohealing":false,"autoscaling":false,"cluster_id":"5145a129-3d9f-4959-bcba-14a0902c68e0","container_runtime":"containerd","created_at":"2023-10-18T16:44:46.885983Z","id":"2c3afa50-e727-4e28-8135-71b8327b563d","kubelet_args":{},"max_size":1,"min_size":1,"name":"test-multicloud","node_type":"dev1_m","placement_group_id":null,"public_ip_disabled":false,"region":"fr-par","root_volume_size":40000000000,"root_volume_type":"l_ssd","size":1,"status":"scaling","tags":[],"updated_at":"2023-10-18T16:44:46.894101Z","upgrade_policy":{"max_surge":0,"max_unavailable":1},"version":"1.28.2","zone":"fr-par-1"}'
    headers:
      Content-Length:
      - "626"
      Content-Security-Policy:
      - default-src 'none'; frame-ancestors 'none'
      Content-Type:
      - application/json
      Date:
      - Wed, 18 Oct 2023 16:47:49 GMT
      Server:
      - Scaleway API-Gateway
      Strict-Transport-Security:
      - max-age=63072000
      X-Content-Type-Options:
      - nosniff
      X-Frame-Options:
      - DENY
      X-Request-Id:
      - f5c2631b-9880-480a-b26d-e4cb1a528bb7
    status: 200 OK
    code: 200
    duration: ""
- request:
    body: ""
    form: {}
    headers:
      User-Agent:
      - scaleway-sdk-go/v1.0.0-beta.7+dev (go1.20.4; linux; amd64) terraform-provider/develop
        terraform/terraform-tests
    url: https://api.scaleway.com/k8s/v1/regions/fr-par/pools/2c3afa50-e727-4e28-8135-71b8327b563d
    method: GET
  response:
    body: '{"autohealing":false,"autoscaling":false,"cluster_id":"5145a129-3d9f-4959-bcba-14a0902c68e0","container_runtime":"containerd","created_at":"2023-10-18T16:44:46.885983Z","id":"2c3afa50-e727-4e28-8135-71b8327b563d","kubelet_args":{},"max_size":1,"min_size":1,"name":"test-multicloud","node_type":"dev1_m","placement_group_id":null,"public_ip_disabled":false,"region":"fr-par","root_volume_size":40000000000,"root_volume_type":"l_ssd","size":1,"status":"scaling","tags":[],"updated_at":"2023-10-18T16:44:46.894101Z","upgrade_policy":{"max_surge":0,"max_unavailable":1},"version":"1.28.2","zone":"fr-par-1"}'
    headers:
      Content-Length:
      - "626"
      Content-Security-Policy:
      - default-src 'none'; frame-ancestors 'none'
      Content-Type:
      - application/json
      Date:
      - Wed, 18 Oct 2023 16:47:54 GMT
      Server:
      - Scaleway API-Gateway
      Strict-Transport-Security:
      - max-age=63072000
      X-Content-Type-Options:
      - nosniff
      X-Frame-Options:
      - DENY
      X-Request-Id:
      - 4f597153-9bfd-49ee-91e9-88f702b104d6
    status: 200 OK
    code: 200
    duration: ""
- request:
    body: ""
    form: {}
    headers:
      User-Agent:
      - scaleway-sdk-go/v1.0.0-beta.7+dev (go1.20.4; linux; amd64) terraform-provider/develop
        terraform/terraform-tests
    url: https://api.scaleway.com/k8s/v1/regions/fr-par/pools/2c3afa50-e727-4e28-8135-71b8327b563d
    method: GET
  response:
    body: '{"autohealing":false,"autoscaling":false,"cluster_id":"5145a129-3d9f-4959-bcba-14a0902c68e0","container_runtime":"containerd","created_at":"2023-10-18T16:44:46.885983Z","id":"2c3afa50-e727-4e28-8135-71b8327b563d","kubelet_args":{},"max_size":1,"min_size":1,"name":"test-multicloud","node_type":"dev1_m","placement_group_id":null,"public_ip_disabled":false,"region":"fr-par","root_volume_size":40000000000,"root_volume_type":"l_ssd","size":1,"status":"scaling","tags":[],"updated_at":"2023-10-18T16:44:46.894101Z","upgrade_policy":{"max_surge":0,"max_unavailable":1},"version":"1.28.2","zone":"fr-par-1"}'
    headers:
      Content-Length:
      - "626"
      Content-Security-Policy:
      - default-src 'none'; frame-ancestors 'none'
      Content-Type:
      - application/json
      Date:
      - Wed, 18 Oct 2023 16:47:59 GMT
      Server:
      - Scaleway API-Gateway
      Strict-Transport-Security:
      - max-age=63072000
      X-Content-Type-Options:
      - nosniff
      X-Frame-Options:
      - DENY
      X-Request-Id:
      - c8fe9933-8638-4cf6-9a93-d273e2be9c76
    status: 200 OK
    code: 200
    duration: ""
- request:
    body: ""
    form: {}
    headers:
      User-Agent:
      - scaleway-sdk-go/v1.0.0-beta.7+dev (go1.20.4; linux; amd64) terraform-provider/develop
        terraform/terraform-tests
    url: https://api.scaleway.com/k8s/v1/regions/fr-par/pools/2c3afa50-e727-4e28-8135-71b8327b563d
    method: GET
  response:
    body: '{"autohealing":false,"autoscaling":false,"cluster_id":"5145a129-3d9f-4959-bcba-14a0902c68e0","container_runtime":"containerd","created_at":"2023-10-18T16:44:46.885983Z","id":"2c3afa50-e727-4e28-8135-71b8327b563d","kubelet_args":{},"max_size":1,"min_size":1,"name":"test-multicloud","node_type":"dev1_m","placement_group_id":null,"public_ip_disabled":false,"region":"fr-par","root_volume_size":40000000000,"root_volume_type":"l_ssd","size":1,"status":"scaling","tags":[],"updated_at":"2023-10-18T16:44:46.894101Z","upgrade_policy":{"max_surge":0,"max_unavailable":1},"version":"1.28.2","zone":"fr-par-1"}'
    headers:
      Content-Length:
      - "626"
      Content-Security-Policy:
      - default-src 'none'; frame-ancestors 'none'
      Content-Type:
      - application/json
      Date:
      - Wed, 18 Oct 2023 16:48:04 GMT
      Server:
      - Scaleway API-Gateway
      Strict-Transport-Security:
      - max-age=63072000
      X-Content-Type-Options:
      - nosniff
      X-Frame-Options:
      - DENY
      X-Request-Id:
      - 581f303b-609b-4b0d-ae58-9859e5b9822e
    status: 200 OK
    code: 200
    duration: ""
- request:
    body: ""
    form: {}
    headers:
      User-Agent:
      - scaleway-sdk-go/v1.0.0-beta.7+dev (go1.20.4; linux; amd64) terraform-provider/develop
        terraform/terraform-tests
    url: https://api.scaleway.com/k8s/v1/regions/fr-par/pools/2c3afa50-e727-4e28-8135-71b8327b563d
    method: GET
  response:
    body: '{"autohealing":false,"autoscaling":false,"cluster_id":"5145a129-3d9f-4959-bcba-14a0902c68e0","container_runtime":"containerd","created_at":"2023-10-18T16:44:46.885983Z","id":"2c3afa50-e727-4e28-8135-71b8327b563d","kubelet_args":{},"max_size":1,"min_size":1,"name":"test-multicloud","node_type":"dev1_m","placement_group_id":null,"public_ip_disabled":false,"region":"fr-par","root_volume_size":40000000000,"root_volume_type":"l_ssd","size":1,"status":"scaling","tags":[],"updated_at":"2023-10-18T16:44:46.894101Z","upgrade_policy":{"max_surge":0,"max_unavailable":1},"version":"1.28.2","zone":"fr-par-1"}'
    headers:
      Content-Length:
      - "626"
      Content-Security-Policy:
      - default-src 'none'; frame-ancestors 'none'
      Content-Type:
      - application/json
      Date:
      - Wed, 18 Oct 2023 16:48:09 GMT
      Server:
      - Scaleway API-Gateway
      Strict-Transport-Security:
      - max-age=63072000
      X-Content-Type-Options:
      - nosniff
      X-Frame-Options:
      - DENY
      X-Request-Id:
      - 29eebd22-0243-4baf-8706-7a591d90e9b1
    status: 200 OK
    code: 200
    duration: ""
- request:
    body: ""
    form: {}
    headers:
      User-Agent:
      - scaleway-sdk-go/v1.0.0-beta.7+dev (go1.20.4; linux; amd64) terraform-provider/develop
        terraform/terraform-tests
    url: https://api.scaleway.com/k8s/v1/regions/fr-par/pools/2c3afa50-e727-4e28-8135-71b8327b563d
    method: GET
  response:
    body: '{"autohealing":false,"autoscaling":false,"cluster_id":"5145a129-3d9f-4959-bcba-14a0902c68e0","container_runtime":"containerd","created_at":"2023-10-18T16:44:46.885983Z","id":"2c3afa50-e727-4e28-8135-71b8327b563d","kubelet_args":{},"max_size":1,"min_size":1,"name":"test-multicloud","node_type":"dev1_m","placement_group_id":null,"public_ip_disabled":false,"region":"fr-par","root_volume_size":40000000000,"root_volume_type":"l_ssd","size":1,"status":"scaling","tags":[],"updated_at":"2023-10-18T16:44:46.894101Z","upgrade_policy":{"max_surge":0,"max_unavailable":1},"version":"1.28.2","zone":"fr-par-1"}'
    headers:
      Content-Length:
      - "626"
      Content-Security-Policy:
      - default-src 'none'; frame-ancestors 'none'
      Content-Type:
      - application/json
      Date:
      - Wed, 18 Oct 2023 16:48:14 GMT
      Server:
      - Scaleway API-Gateway
      Strict-Transport-Security:
      - max-age=63072000
      X-Content-Type-Options:
      - nosniff
      X-Frame-Options:
      - DENY
      X-Request-Id:
      - e02e4b5d-faf2-47f3-9fdc-a3276d1d13e4
    status: 200 OK
    code: 200
    duration: ""
- request:
    body: ""
    form: {}
    headers:
      User-Agent:
      - scaleway-sdk-go/v1.0.0-beta.7+dev (go1.20.4; linux; amd64) terraform-provider/develop
        terraform/terraform-tests
    url: https://api.scaleway.com/k8s/v1/regions/fr-par/pools/2c3afa50-e727-4e28-8135-71b8327b563d
    method: GET
  response:
    body: '{"autohealing":false,"autoscaling":false,"cluster_id":"5145a129-3d9f-4959-bcba-14a0902c68e0","container_runtime":"containerd","created_at":"2023-10-18T16:44:46.885983Z","id":"2c3afa50-e727-4e28-8135-71b8327b563d","kubelet_args":{},"max_size":1,"min_size":1,"name":"test-multicloud","node_type":"dev1_m","placement_group_id":null,"public_ip_disabled":false,"region":"fr-par","root_volume_size":40000000000,"root_volume_type":"l_ssd","size":1,"status":"scaling","tags":[],"updated_at":"2023-10-18T16:44:46.894101Z","upgrade_policy":{"max_surge":0,"max_unavailable":1},"version":"1.28.2","zone":"fr-par-1"}'
    headers:
      Content-Length:
      - "626"
      Content-Security-Policy:
      - default-src 'none'; frame-ancestors 'none'
      Content-Type:
      - application/json
      Date:
      - Wed, 18 Oct 2023 16:48:19 GMT
      Server:
      - Scaleway API-Gateway
      Strict-Transport-Security:
      - max-age=63072000
      X-Content-Type-Options:
      - nosniff
      X-Frame-Options:
      - DENY
      X-Request-Id:
      - a521b870-c7b3-4686-80b2-47d7b1ea3331
    status: 200 OK
    code: 200
    duration: ""
- request:
    body: ""
    form: {}
    headers:
      User-Agent:
      - scaleway-sdk-go/v1.0.0-beta.7+dev (go1.20.4; linux; amd64) terraform-provider/develop
        terraform/terraform-tests
    url: https://api.scaleway.com/k8s/v1/regions/fr-par/pools/2c3afa50-e727-4e28-8135-71b8327b563d
    method: GET
  response:
    body: '{"autohealing":false,"autoscaling":false,"cluster_id":"5145a129-3d9f-4959-bcba-14a0902c68e0","container_runtime":"containerd","created_at":"2023-10-18T16:44:46.885983Z","id":"2c3afa50-e727-4e28-8135-71b8327b563d","kubelet_args":{},"max_size":1,"min_size":1,"name":"test-multicloud","node_type":"dev1_m","placement_group_id":null,"public_ip_disabled":false,"region":"fr-par","root_volume_size":40000000000,"root_volume_type":"l_ssd","size":1,"status":"scaling","tags":[],"updated_at":"2023-10-18T16:44:46.894101Z","upgrade_policy":{"max_surge":0,"max_unavailable":1},"version":"1.28.2","zone":"fr-par-1"}'
    headers:
      Content-Length:
      - "626"
      Content-Security-Policy:
      - default-src 'none'; frame-ancestors 'none'
      Content-Type:
      - application/json
      Date:
      - Wed, 18 Oct 2023 16:48:24 GMT
      Server:
      - Scaleway API-Gateway
      Strict-Transport-Security:
      - max-age=63072000
      X-Content-Type-Options:
      - nosniff
      X-Frame-Options:
      - DENY
      X-Request-Id:
      - 84843da2-98d0-4163-8e9c-645c4d28a9cb
    status: 200 OK
    code: 200
    duration: ""
- request:
    body: ""
    form: {}
    headers:
      User-Agent:
      - scaleway-sdk-go/v1.0.0-beta.7+dev (go1.20.4; linux; amd64) terraform-provider/develop
        terraform/terraform-tests
    url: https://api.scaleway.com/k8s/v1/regions/fr-par/pools/2c3afa50-e727-4e28-8135-71b8327b563d
    method: GET
  response:
    body: '{"autohealing":false,"autoscaling":false,"cluster_id":"5145a129-3d9f-4959-bcba-14a0902c68e0","container_runtime":"containerd","created_at":"2023-10-18T16:44:46.885983Z","id":"2c3afa50-e727-4e28-8135-71b8327b563d","kubelet_args":{},"max_size":1,"min_size":1,"name":"test-multicloud","node_type":"dev1_m","placement_group_id":null,"public_ip_disabled":false,"region":"fr-par","root_volume_size":40000000000,"root_volume_type":"l_ssd","size":1,"status":"scaling","tags":[],"updated_at":"2023-10-18T16:44:46.894101Z","upgrade_policy":{"max_surge":0,"max_unavailable":1},"version":"1.28.2","zone":"fr-par-1"}'
    headers:
      Content-Length:
      - "626"
      Content-Security-Policy:
      - default-src 'none'; frame-ancestors 'none'
      Content-Type:
      - application/json
      Date:
      - Wed, 18 Oct 2023 16:48:29 GMT
      Server:
      - Scaleway API-Gateway
      Strict-Transport-Security:
      - max-age=63072000
      X-Content-Type-Options:
      - nosniff
      X-Frame-Options:
      - DENY
      X-Request-Id:
      - 7099c132-5eda-4074-82a9-fa60cb1f68f4
    status: 200 OK
    code: 200
    duration: ""
- request:
    body: ""
    form: {}
    headers:
      User-Agent:
      - scaleway-sdk-go/v1.0.0-beta.7+dev (go1.20.4; linux; amd64) terraform-provider/develop
        terraform/terraform-tests
    url: https://api.scaleway.com/k8s/v1/regions/fr-par/pools/2c3afa50-e727-4e28-8135-71b8327b563d
    method: GET
  response:
    body: '{"autohealing":false,"autoscaling":false,"cluster_id":"5145a129-3d9f-4959-bcba-14a0902c68e0","container_runtime":"containerd","created_at":"2023-10-18T16:44:46.885983Z","id":"2c3afa50-e727-4e28-8135-71b8327b563d","kubelet_args":{},"max_size":1,"min_size":1,"name":"test-multicloud","node_type":"dev1_m","placement_group_id":null,"public_ip_disabled":false,"region":"fr-par","root_volume_size":40000000000,"root_volume_type":"l_ssd","size":1,"status":"scaling","tags":[],"updated_at":"2023-10-18T16:44:46.894101Z","upgrade_policy":{"max_surge":0,"max_unavailable":1},"version":"1.28.2","zone":"fr-par-1"}'
    headers:
      Content-Length:
      - "626"
      Content-Security-Policy:
      - default-src 'none'; frame-ancestors 'none'
      Content-Type:
      - application/json
      Date:
      - Wed, 18 Oct 2023 16:48:34 GMT
      Server:
      - Scaleway API-Gateway
      Strict-Transport-Security:
      - max-age=63072000
      X-Content-Type-Options:
      - nosniff
      X-Frame-Options:
      - DENY
      X-Request-Id:
      - b71c772a-81ca-4a88-9353-023d42e02656
    status: 200 OK
    code: 200
    duration: ""
- request:
    body: ""
    form: {}
    headers:
      User-Agent:
      - scaleway-sdk-go/v1.0.0-beta.7+dev (go1.20.4; linux; amd64) terraform-provider/develop
        terraform/terraform-tests
    url: https://api.scaleway.com/k8s/v1/regions/fr-par/pools/2c3afa50-e727-4e28-8135-71b8327b563d
    method: GET
  response:
    body: '{"autohealing":false,"autoscaling":false,"cluster_id":"5145a129-3d9f-4959-bcba-14a0902c68e0","container_runtime":"containerd","created_at":"2023-10-18T16:44:46.885983Z","id":"2c3afa50-e727-4e28-8135-71b8327b563d","kubelet_args":{},"max_size":1,"min_size":1,"name":"test-multicloud","node_type":"dev1_m","placement_group_id":null,"public_ip_disabled":false,"region":"fr-par","root_volume_size":40000000000,"root_volume_type":"l_ssd","size":1,"status":"scaling","tags":[],"updated_at":"2023-10-18T16:44:46.894101Z","upgrade_policy":{"max_surge":0,"max_unavailable":1},"version":"1.28.2","zone":"fr-par-1"}'
    headers:
      Content-Length:
      - "626"
      Content-Security-Policy:
      - default-src 'none'; frame-ancestors 'none'
      Content-Type:
      - application/json
      Date:
      - Wed, 18 Oct 2023 16:48:39 GMT
      Server:
      - Scaleway API-Gateway
      Strict-Transport-Security:
      - max-age=63072000
      X-Content-Type-Options:
      - nosniff
      X-Frame-Options:
      - DENY
      X-Request-Id:
      - 5e300ac5-c287-443d-a2b8-02a24bfbd162
    status: 200 OK
    code: 200
    duration: ""
- request:
    body: ""
    form: {}
    headers:
      User-Agent:
      - scaleway-sdk-go/v1.0.0-beta.7+dev (go1.20.4; linux; amd64) terraform-provider/develop
        terraform/terraform-tests
    url: https://api.scaleway.com/k8s/v1/regions/fr-par/pools/2c3afa50-e727-4e28-8135-71b8327b563d
    method: GET
  response:
    body: '{"autohealing":false,"autoscaling":false,"cluster_id":"5145a129-3d9f-4959-bcba-14a0902c68e0","container_runtime":"containerd","created_at":"2023-10-18T16:44:46.885983Z","id":"2c3afa50-e727-4e28-8135-71b8327b563d","kubelet_args":{},"max_size":1,"min_size":1,"name":"test-multicloud","node_type":"dev1_m","placement_group_id":null,"public_ip_disabled":false,"region":"fr-par","root_volume_size":40000000000,"root_volume_type":"l_ssd","size":1,"status":"scaling","tags":[],"updated_at":"2023-10-18T16:44:46.894101Z","upgrade_policy":{"max_surge":0,"max_unavailable":1},"version":"1.28.2","zone":"fr-par-1"}'
    headers:
      Content-Length:
      - "626"
      Content-Security-Policy:
      - default-src 'none'; frame-ancestors 'none'
      Content-Type:
      - application/json
      Date:
      - Wed, 18 Oct 2023 16:48:44 GMT
      Server:
      - Scaleway API-Gateway
      Strict-Transport-Security:
      - max-age=63072000
      X-Content-Type-Options:
      - nosniff
      X-Frame-Options:
      - DENY
      X-Request-Id:
      - 7957f782-3cea-4bca-a2e8-ec74f743fe1b
    status: 200 OK
    code: 200
    duration: ""
- request:
    body: ""
    form: {}
    headers:
      User-Agent:
      - scaleway-sdk-go/v1.0.0-beta.7+dev (go1.20.4; linux; amd64) terraform-provider/develop
        terraform/terraform-tests
    url: https://api.scaleway.com/k8s/v1/regions/fr-par/pools/2c3afa50-e727-4e28-8135-71b8327b563d
    method: GET
  response:
    body: '{"autohealing":false,"autoscaling":false,"cluster_id":"5145a129-3d9f-4959-bcba-14a0902c68e0","container_runtime":"containerd","created_at":"2023-10-18T16:44:46.885983Z","id":"2c3afa50-e727-4e28-8135-71b8327b563d","kubelet_args":{},"max_size":1,"min_size":1,"name":"test-multicloud","node_type":"dev1_m","placement_group_id":null,"public_ip_disabled":false,"region":"fr-par","root_volume_size":40000000000,"root_volume_type":"l_ssd","size":1,"status":"scaling","tags":[],"updated_at":"2023-10-18T16:44:46.894101Z","upgrade_policy":{"max_surge":0,"max_unavailable":1},"version":"1.28.2","zone":"fr-par-1"}'
    headers:
      Content-Length:
      - "626"
      Content-Security-Policy:
      - default-src 'none'; frame-ancestors 'none'
      Content-Type:
      - application/json
      Date:
      - Wed, 18 Oct 2023 16:48:49 GMT
      Server:
      - Scaleway API-Gateway
      Strict-Transport-Security:
      - max-age=63072000
      X-Content-Type-Options:
      - nosniff
      X-Frame-Options:
      - DENY
      X-Request-Id:
      - 6e095c09-0f6e-41ce-922e-36822fd4c58a
    status: 200 OK
    code: 200
    duration: ""
- request:
    body: ""
    form: {}
    headers:
      User-Agent:
      - scaleway-sdk-go/v1.0.0-beta.7+dev (go1.20.4; linux; amd64) terraform-provider/develop
        terraform/terraform-tests
    url: https://api.scaleway.com/k8s/v1/regions/fr-par/pools/2c3afa50-e727-4e28-8135-71b8327b563d
    method: GET
  response:
    body: '{"autohealing":false,"autoscaling":false,"cluster_id":"5145a129-3d9f-4959-bcba-14a0902c68e0","container_runtime":"containerd","created_at":"2023-10-18T16:44:46.885983Z","id":"2c3afa50-e727-4e28-8135-71b8327b563d","kubelet_args":{},"max_size":1,"min_size":1,"name":"test-multicloud","node_type":"dev1_m","placement_group_id":null,"public_ip_disabled":false,"region":"fr-par","root_volume_size":40000000000,"root_volume_type":"l_ssd","size":1,"status":"scaling","tags":[],"updated_at":"2023-10-18T16:44:46.894101Z","upgrade_policy":{"max_surge":0,"max_unavailable":1},"version":"1.28.2","zone":"fr-par-1"}'
    headers:
      Content-Length:
      - "626"
      Content-Security-Policy:
      - default-src 'none'; frame-ancestors 'none'
      Content-Type:
      - application/json
      Date:
      - Wed, 18 Oct 2023 16:48:54 GMT
      Server:
      - Scaleway API-Gateway
      Strict-Transport-Security:
      - max-age=63072000
      X-Content-Type-Options:
      - nosniff
      X-Frame-Options:
      - DENY
      X-Request-Id:
      - 24775dd7-60b2-4c89-a0c0-980841814a81
    status: 200 OK
    code: 200
    duration: ""
- request:
    body: ""
    form: {}
    headers:
      User-Agent:
      - scaleway-sdk-go/v1.0.0-beta.7+dev (go1.20.4; linux; amd64) terraform-provider/develop
        terraform/terraform-tests
    url: https://api.scaleway.com/k8s/v1/regions/fr-par/pools/2c3afa50-e727-4e28-8135-71b8327b563d
    method: GET
  response:
    body: '{"autohealing":false,"autoscaling":false,"cluster_id":"5145a129-3d9f-4959-bcba-14a0902c68e0","container_runtime":"containerd","created_at":"2023-10-18T16:44:46.885983Z","id":"2c3afa50-e727-4e28-8135-71b8327b563d","kubelet_args":{},"max_size":1,"min_size":1,"name":"test-multicloud","node_type":"dev1_m","placement_group_id":null,"public_ip_disabled":false,"region":"fr-par","root_volume_size":40000000000,"root_volume_type":"l_ssd","size":1,"status":"scaling","tags":[],"updated_at":"2023-10-18T16:44:46.894101Z","upgrade_policy":{"max_surge":0,"max_unavailable":1},"version":"1.28.2","zone":"fr-par-1"}'
    headers:
      Content-Length:
      - "626"
      Content-Security-Policy:
      - default-src 'none'; frame-ancestors 'none'
      Content-Type:
      - application/json
      Date:
      - Wed, 18 Oct 2023 16:48:59 GMT
      Server:
      - Scaleway API-Gateway
      Strict-Transport-Security:
      - max-age=63072000
      X-Content-Type-Options:
      - nosniff
      X-Frame-Options:
      - DENY
      X-Request-Id:
      - 6aa89d47-d77f-4553-accb-94c576d77801
    status: 200 OK
    code: 200
    duration: ""
- request:
    body: ""
    form: {}
    headers:
      User-Agent:
      - scaleway-sdk-go/v1.0.0-beta.7+dev (go1.20.4; linux; amd64) terraform-provider/develop
        terraform/terraform-tests
    url: https://api.scaleway.com/k8s/v1/regions/fr-par/pools/2c3afa50-e727-4e28-8135-71b8327b563d
    method: GET
  response:
    body: '{"autohealing":false,"autoscaling":false,"cluster_id":"5145a129-3d9f-4959-bcba-14a0902c68e0","container_runtime":"containerd","created_at":"2023-10-18T16:44:46.885983Z","id":"2c3afa50-e727-4e28-8135-71b8327b563d","kubelet_args":{},"max_size":1,"min_size":1,"name":"test-multicloud","node_type":"dev1_m","placement_group_id":null,"public_ip_disabled":false,"region":"fr-par","root_volume_size":40000000000,"root_volume_type":"l_ssd","size":1,"status":"scaling","tags":[],"updated_at":"2023-10-18T16:44:46.894101Z","upgrade_policy":{"max_surge":0,"max_unavailable":1},"version":"1.28.2","zone":"fr-par-1"}'
    headers:
      Content-Length:
      - "626"
      Content-Security-Policy:
      - default-src 'none'; frame-ancestors 'none'
      Content-Type:
      - application/json
      Date:
      - Wed, 18 Oct 2023 16:49:04 GMT
      Server:
      - Scaleway API-Gateway
      Strict-Transport-Security:
      - max-age=63072000
      X-Content-Type-Options:
      - nosniff
      X-Frame-Options:
      - DENY
      X-Request-Id:
      - f5cb3014-0a2d-4dd3-a3e3-0bf4fabae82f
    status: 200 OK
    code: 200
    duration: ""
- request:
    body: ""
    form: {}
    headers:
      User-Agent:
      - scaleway-sdk-go/v1.0.0-beta.7+dev (go1.20.4; linux; amd64) terraform-provider/develop
        terraform/terraform-tests
    url: https://api.scaleway.com/k8s/v1/regions/fr-par/pools/2c3afa50-e727-4e28-8135-71b8327b563d
    method: GET
  response:
    body: '{"autohealing":false,"autoscaling":false,"cluster_id":"5145a129-3d9f-4959-bcba-14a0902c68e0","container_runtime":"containerd","created_at":"2023-10-18T16:44:46.885983Z","id":"2c3afa50-e727-4e28-8135-71b8327b563d","kubelet_args":{},"max_size":1,"min_size":1,"name":"test-multicloud","node_type":"dev1_m","placement_group_id":null,"public_ip_disabled":false,"region":"fr-par","root_volume_size":40000000000,"root_volume_type":"l_ssd","size":1,"status":"scaling","tags":[],"updated_at":"2023-10-18T16:44:46.894101Z","upgrade_policy":{"max_surge":0,"max_unavailable":1},"version":"1.28.2","zone":"fr-par-1"}'
    headers:
      Content-Length:
      - "626"
      Content-Security-Policy:
      - default-src 'none'; frame-ancestors 'none'
      Content-Type:
      - application/json
      Date:
      - Wed, 18 Oct 2023 16:49:10 GMT
      Server:
      - Scaleway API-Gateway
      Strict-Transport-Security:
      - max-age=63072000
      X-Content-Type-Options:
      - nosniff
      X-Frame-Options:
      - DENY
      X-Request-Id:
      - 49d09c35-cf16-4711-b8a3-42a045c26015
    status: 200 OK
    code: 200
    duration: ""
- request:
    body: ""
    form: {}
    headers:
      User-Agent:
      - scaleway-sdk-go/v1.0.0-beta.7+dev (go1.20.4; linux; amd64) terraform-provider/develop
        terraform/terraform-tests
    url: https://api.scaleway.com/k8s/v1/regions/fr-par/pools/2c3afa50-e727-4e28-8135-71b8327b563d
    method: GET
  response:
    body: '{"autohealing":false,"autoscaling":false,"cluster_id":"5145a129-3d9f-4959-bcba-14a0902c68e0","container_runtime":"containerd","created_at":"2023-10-18T16:44:46.885983Z","id":"2c3afa50-e727-4e28-8135-71b8327b563d","kubelet_args":{},"max_size":1,"min_size":1,"name":"test-multicloud","node_type":"dev1_m","placement_group_id":null,"public_ip_disabled":false,"region":"fr-par","root_volume_size":40000000000,"root_volume_type":"l_ssd","size":1,"status":"scaling","tags":[],"updated_at":"2023-10-18T16:44:46.894101Z","upgrade_policy":{"max_surge":0,"max_unavailable":1},"version":"1.28.2","zone":"fr-par-1"}'
    headers:
      Content-Length:
      - "626"
      Content-Security-Policy:
      - default-src 'none'; frame-ancestors 'none'
      Content-Type:
      - application/json
      Date:
      - Wed, 18 Oct 2023 16:49:15 GMT
      Server:
      - Scaleway API-Gateway
      Strict-Transport-Security:
      - max-age=63072000
      X-Content-Type-Options:
      - nosniff
      X-Frame-Options:
      - DENY
      X-Request-Id:
      - 48810849-2701-4559-bf48-4eab120ff5da
    status: 200 OK
    code: 200
    duration: ""
- request:
    body: ""
    form: {}
    headers:
      User-Agent:
      - scaleway-sdk-go/v1.0.0-beta.7+dev (go1.20.4; linux; amd64) terraform-provider/develop
        terraform/terraform-tests
    url: https://api.scaleway.com/k8s/v1/regions/fr-par/pools/2c3afa50-e727-4e28-8135-71b8327b563d
    method: GET
  response:
    body: '{"autohealing":false,"autoscaling":false,"cluster_id":"5145a129-3d9f-4959-bcba-14a0902c68e0","container_runtime":"containerd","created_at":"2023-10-18T16:44:46.885983Z","id":"2c3afa50-e727-4e28-8135-71b8327b563d","kubelet_args":{},"max_size":1,"min_size":1,"name":"test-multicloud","node_type":"dev1_m","placement_group_id":null,"public_ip_disabled":false,"region":"fr-par","root_volume_size":40000000000,"root_volume_type":"l_ssd","size":1,"status":"scaling","tags":[],"updated_at":"2023-10-18T16:44:46.894101Z","upgrade_policy":{"max_surge":0,"max_unavailable":1},"version":"1.28.2","zone":"fr-par-1"}'
    headers:
      Content-Length:
      - "626"
      Content-Security-Policy:
      - default-src 'none'; frame-ancestors 'none'
      Content-Type:
      - application/json
      Date:
      - Wed, 18 Oct 2023 16:49:20 GMT
      Server:
      - Scaleway API-Gateway
      Strict-Transport-Security:
      - max-age=63072000
      X-Content-Type-Options:
      - nosniff
      X-Frame-Options:
      - DENY
      X-Request-Id:
      - 390b98b3-029a-43f0-bf33-2fae9c5c453a
    status: 200 OK
    code: 200
    duration: ""
- request:
    body: ""
    form: {}
    headers:
      User-Agent:
      - scaleway-sdk-go/v1.0.0-beta.7+dev (go1.20.4; linux; amd64) terraform-provider/develop
        terraform/terraform-tests
    url: https://api.scaleway.com/k8s/v1/regions/fr-par/pools/2c3afa50-e727-4e28-8135-71b8327b563d
    method: GET
  response:
    body: '{"autohealing":false,"autoscaling":false,"cluster_id":"5145a129-3d9f-4959-bcba-14a0902c68e0","container_runtime":"containerd","created_at":"2023-10-18T16:44:46.885983Z","id":"2c3afa50-e727-4e28-8135-71b8327b563d","kubelet_args":{},"max_size":1,"min_size":1,"name":"test-multicloud","node_type":"dev1_m","placement_group_id":null,"public_ip_disabled":false,"region":"fr-par","root_volume_size":40000000000,"root_volume_type":"l_ssd","size":1,"status":"scaling","tags":[],"updated_at":"2023-10-18T16:44:46.894101Z","upgrade_policy":{"max_surge":0,"max_unavailable":1},"version":"1.28.2","zone":"fr-par-1"}'
    headers:
      Content-Length:
      - "626"
      Content-Security-Policy:
      - default-src 'none'; frame-ancestors 'none'
      Content-Type:
      - application/json
      Date:
      - Wed, 18 Oct 2023 16:49:25 GMT
      Server:
      - Scaleway API-Gateway
      Strict-Transport-Security:
      - max-age=63072000
      X-Content-Type-Options:
      - nosniff
      X-Frame-Options:
      - DENY
      X-Request-Id:
      - 4000672e-d602-4be4-a19b-0db3032b345d
    status: 200 OK
    code: 200
    duration: ""
- request:
    body: ""
    form: {}
    headers:
      User-Agent:
      - scaleway-sdk-go/v1.0.0-beta.7+dev (go1.20.4; linux; amd64) terraform-provider/develop
        terraform/terraform-tests
    url: https://api.scaleway.com/k8s/v1/regions/fr-par/pools/2c3afa50-e727-4e28-8135-71b8327b563d
    method: GET
  response:
    body: '{"autohealing":false,"autoscaling":false,"cluster_id":"5145a129-3d9f-4959-bcba-14a0902c68e0","container_runtime":"containerd","created_at":"2023-10-18T16:44:46.885983Z","id":"2c3afa50-e727-4e28-8135-71b8327b563d","kubelet_args":{},"max_size":1,"min_size":1,"name":"test-multicloud","node_type":"dev1_m","placement_group_id":null,"public_ip_disabled":false,"region":"fr-par","root_volume_size":40000000000,"root_volume_type":"l_ssd","size":1,"status":"scaling","tags":[],"updated_at":"2023-10-18T16:44:46.894101Z","upgrade_policy":{"max_surge":0,"max_unavailable":1},"version":"1.28.2","zone":"fr-par-1"}'
    headers:
      Content-Length:
      - "626"
      Content-Security-Policy:
      - default-src 'none'; frame-ancestors 'none'
      Content-Type:
      - application/json
      Date:
      - Wed, 18 Oct 2023 16:49:30 GMT
      Server:
      - Scaleway API-Gateway
      Strict-Transport-Security:
      - max-age=63072000
      X-Content-Type-Options:
      - nosniff
      X-Frame-Options:
      - DENY
      X-Request-Id:
      - 7737872d-8dfd-42c3-bbd3-00def2257702
    status: 200 OK
    code: 200
    duration: ""
- request:
    body: ""
    form: {}
    headers:
      User-Agent:
      - scaleway-sdk-go/v1.0.0-beta.7+dev (go1.20.4; linux; amd64) terraform-provider/develop
        terraform/terraform-tests
    url: https://api.scaleway.com/k8s/v1/regions/fr-par/pools/2c3afa50-e727-4e28-8135-71b8327b563d
    method: GET
  response:
    body: '{"autohealing":false,"autoscaling":false,"cluster_id":"5145a129-3d9f-4959-bcba-14a0902c68e0","container_runtime":"containerd","created_at":"2023-10-18T16:44:46.885983Z","id":"2c3afa50-e727-4e28-8135-71b8327b563d","kubelet_args":{},"max_size":1,"min_size":1,"name":"test-multicloud","node_type":"dev1_m","placement_group_id":null,"public_ip_disabled":false,"region":"fr-par","root_volume_size":40000000000,"root_volume_type":"l_ssd","size":1,"status":"scaling","tags":[],"updated_at":"2023-10-18T16:44:46.894101Z","upgrade_policy":{"max_surge":0,"max_unavailable":1},"version":"1.28.2","zone":"fr-par-1"}'
    headers:
      Content-Length:
      - "626"
      Content-Security-Policy:
      - default-src 'none'; frame-ancestors 'none'
      Content-Type:
      - application/json
      Date:
      - Wed, 18 Oct 2023 16:49:35 GMT
      Server:
      - Scaleway API-Gateway
      Strict-Transport-Security:
      - max-age=63072000
      X-Content-Type-Options:
      - nosniff
      X-Frame-Options:
      - DENY
      X-Request-Id:
      - eb76dc02-41b7-4128-bc7c-978c96a776ca
    status: 200 OK
    code: 200
    duration: ""
- request:
    body: ""
    form: {}
    headers:
      User-Agent:
      - scaleway-sdk-go/v1.0.0-beta.7+dev (go1.20.4; linux; amd64) terraform-provider/develop
        terraform/terraform-tests
    url: https://api.scaleway.com/k8s/v1/regions/fr-par/pools/2c3afa50-e727-4e28-8135-71b8327b563d
    method: GET
  response:
    body: '{"autohealing":false,"autoscaling":false,"cluster_id":"5145a129-3d9f-4959-bcba-14a0902c68e0","container_runtime":"containerd","created_at":"2023-10-18T16:44:46.885983Z","id":"2c3afa50-e727-4e28-8135-71b8327b563d","kubelet_args":{},"max_size":1,"min_size":1,"name":"test-multicloud","node_type":"dev1_m","placement_group_id":null,"public_ip_disabled":false,"region":"fr-par","root_volume_size":40000000000,"root_volume_type":"l_ssd","size":1,"status":"ready","tags":[],"updated_at":"2023-10-18T16:49:38.125336Z","upgrade_policy":{"max_surge":0,"max_unavailable":1},"version":"1.28.2","zone":"fr-par-1"}'
    headers:
      Content-Length:
      - "624"
      Content-Security-Policy:
      - default-src 'none'; frame-ancestors 'none'
      Content-Type:
      - application/json
      Date:
      - Wed, 18 Oct 2023 16:49:40 GMT
      Server:
      - Scaleway API-Gateway
      Strict-Transport-Security:
      - max-age=63072000
      X-Content-Type-Options:
      - nosniff
      X-Frame-Options:
      - DENY
      X-Request-Id:
      - 4ac82bab-6c94-4f31-bc3a-b63bafce2cb6
    status: 200 OK
    code: 200
    duration: ""
- request:
    body: ""
    form: {}
    headers:
      User-Agent:
      - scaleway-sdk-go/v1.0.0-beta.7+dev (go1.20.4; linux; amd64) terraform-provider/develop
        terraform/terraform-tests
    url: https://api.scaleway.com/k8s/v1/regions/fr-par/pools/2c3afa50-e727-4e28-8135-71b8327b563d
    method: GET
  response:
    body: '{"autohealing":false,"autoscaling":false,"cluster_id":"5145a129-3d9f-4959-bcba-14a0902c68e0","container_runtime":"containerd","created_at":"2023-10-18T16:44:46.885983Z","id":"2c3afa50-e727-4e28-8135-71b8327b563d","kubelet_args":{},"max_size":1,"min_size":1,"name":"test-multicloud","node_type":"dev1_m","placement_group_id":null,"public_ip_disabled":false,"region":"fr-par","root_volume_size":40000000000,"root_volume_type":"l_ssd","size":1,"status":"ready","tags":[],"updated_at":"2023-10-18T16:49:38.125336Z","upgrade_policy":{"max_surge":0,"max_unavailable":1},"version":"1.28.2","zone":"fr-par-1"}'
    headers:
      Content-Length:
      - "624"
      Content-Security-Policy:
      - default-src 'none'; frame-ancestors 'none'
      Content-Type:
      - application/json
      Date:
      - Wed, 18 Oct 2023 16:49:40 GMT
      Server:
      - Scaleway API-Gateway
      Strict-Transport-Security:
      - max-age=63072000
      X-Content-Type-Options:
      - nosniff
      X-Frame-Options:
      - DENY
      X-Request-Id:
      - eeed9bb3-6103-497a-9daa-1951eea9d85a
    status: 200 OK
    code: 200
    duration: ""
- request:
    body: ""
    form: {}
    headers:
      User-Agent:
      - scaleway-sdk-go/v1.0.0-beta.7+dev (go1.20.4; linux; amd64) terraform-provider/develop
        terraform/terraform-tests
    url: https://api.scaleway.com/k8s/v1/regions/fr-par/clusters/5145a129-3d9f-4959-bcba-14a0902c68e0/nodes?order_by=created_at_asc&page=1&pool_id=2c3afa50-e727-4e28-8135-71b8327b563d&status=unknown
    method: GET
  response:
    body: '{"nodes":[{"cluster_id":"5145a129-3d9f-4959-bcba-14a0902c68e0","conditions":{"DiskPressure":"False","MemoryPressure":"False","PIDPressure":"False","Ready":"True"},"created_at":"2023-10-18T16:44:47.438616Z","error_message":null,"id":"0a828bda-398d-4614-b1cf-1c64f7064650","name":"scw-test-multicloud-test-multicloud-0a828bda39","pool_id":"2c3afa50-e727-4e28-8135-71b8327b563d","provider_id":"scaleway://instance/fr-par-1/16d55cb5-70e8-496c-b363-d885ebdfbaef","public_ip_v4":"163.172.143.139","public_ip_v6":null,"region":"fr-par","status":"ready","updated_at":"2023-10-18T16:49:38.109228Z"}],"total_count":1}'
    headers:
      Content-Length:
      - "623"
      Content-Security-Policy:
      - default-src 'none'; frame-ancestors 'none'
      Content-Type:
      - application/json
      Date:
      - Wed, 18 Oct 2023 16:49:40 GMT
      Server:
      - Scaleway API-Gateway
      Strict-Transport-Security:
      - max-age=63072000
      X-Content-Type-Options:
      - nosniff
      X-Frame-Options:
      - DENY
      X-Request-Id:
      - fb00321c-855d-49a2-8f51-72edbe0172c5
    status: 200 OK
    code: 200
    duration: ""
- request:
    body: ""
    form: {}
    headers:
      User-Agent:
      - scaleway-sdk-go/v1.0.0-beta.7+dev (go1.20.4; linux; amd64) terraform-provider/develop
        terraform/terraform-tests
    url: https://api.scaleway.com/k8s/v1/regions/fr-par/clusters/5145a129-3d9f-4959-bcba-14a0902c68e0
    method: GET
  response:
    body: '{"admission_plugins":[],"apiserver_cert_sans":[],"audit_log":false,"auto_upgrade":{"enabled":false,"maintenance_window":{"day":"any","start_hour":0}},"autoscaler_config":{"balance_similar_node_groups":false,"estimator":"binpacking","expander":"random","expendable_pods_priority_cutoff":0,"ignore_daemonsets_utilization":false,"max_graceful_termination_sec":0,"scale_down_delay_after_add":"10m","scale_down_disabled":false,"scale_down_unneeded_time":"10m","scale_down_utilization_threshold":0.5},"cluster_url":"https://5145a129-3d9f-4959-bcba-14a0902c68e0.api.k8s.fr-par.scw.cloud:6443","cni":"kilo","commitment_ends_at":"2023-10-18T16:43:35.895129Z","created_at":"2023-10-18T16:43:35.895129Z","dashboard_enabled":false,"description":"","dns_wildcard":"*.5145a129-3d9f-4959-bcba-14a0902c68e0.nodes.k8s.fr-par.scw.cloud","feature_gates":[],"id":"5145a129-3d9f-4959-bcba-14a0902c68e0","ingress":"none","name":"test-multicloud","open_id_connect_config":{"client_id":"","groups_claim":[],"groups_prefix":"","issuer_url":"","required_claim":[],"username_claim":"","username_prefix":""},"organization_id":"fa1e3217-dc80-42ac-85c3-3f034b78b552","private_network_id":null,"project_id":"fa1e3217-dc80-42ac-85c3-3f034b78b552","region":"fr-par","status":"ready","tags":[],"type":"multicloud","updated_at":"2023-10-18T16:44:42.914178Z","upgrade_available":false,"version":"1.28.2"}'
    headers:
      Content-Length:
      - "1411"
      Content-Security-Policy:
      - default-src 'none'; frame-ancestors 'none'
      Content-Type:
      - application/json
      Date:
      - Wed, 18 Oct 2023 16:49:40 GMT
      Server:
      - Scaleway API-Gateway
      Strict-Transport-Security:
      - max-age=63072000
      X-Content-Type-Options:
      - nosniff
      X-Frame-Options:
      - DENY
      X-Request-Id:
      - c1c54e00-98cf-494f-b9c4-b7bbb439c34a
    status: 200 OK
    code: 200
    duration: ""
- request:
    body: ""
    form: {}
    headers:
      User-Agent:
      - scaleway-sdk-go/v1.0.0-beta.7+dev (go1.20.4; linux; amd64) terraform-provider/develop
        terraform/terraform-tests
    url: https://api.scaleway.com/k8s/v1/regions/fr-par/clusters/5145a129-3d9f-4959-bcba-14a0902c68e0
    method: GET
  response:
    body: '{"admission_plugins":[],"apiserver_cert_sans":[],"audit_log":false,"auto_upgrade":{"enabled":false,"maintenance_window":{"day":"any","start_hour":0}},"autoscaler_config":{"balance_similar_node_groups":false,"estimator":"binpacking","expander":"random","expendable_pods_priority_cutoff":0,"ignore_daemonsets_utilization":false,"max_graceful_termination_sec":0,"scale_down_delay_after_add":"10m","scale_down_disabled":false,"scale_down_unneeded_time":"10m","scale_down_utilization_threshold":0.5},"cluster_url":"https://5145a129-3d9f-4959-bcba-14a0902c68e0.api.k8s.fr-par.scw.cloud:6443","cni":"kilo","commitment_ends_at":"2023-10-18T16:43:35.895129Z","created_at":"2023-10-18T16:43:35.895129Z","dashboard_enabled":false,"description":"","dns_wildcard":"*.5145a129-3d9f-4959-bcba-14a0902c68e0.nodes.k8s.fr-par.scw.cloud","feature_gates":[],"id":"5145a129-3d9f-4959-bcba-14a0902c68e0","ingress":"none","name":"test-multicloud","open_id_connect_config":{"client_id":"","groups_claim":[],"groups_prefix":"","issuer_url":"","required_claim":[],"username_claim":"","username_prefix":""},"organization_id":"fa1e3217-dc80-42ac-85c3-3f034b78b552","private_network_id":null,"project_id":"fa1e3217-dc80-42ac-85c3-3f034b78b552","region":"fr-par","status":"ready","tags":[],"type":"multicloud","updated_at":"2023-10-18T16:44:42.914178Z","upgrade_available":false,"version":"1.28.2"}'
    headers:
      Content-Length:
      - "1411"
      Content-Security-Policy:
      - default-src 'none'; frame-ancestors 'none'
      Content-Type:
      - application/json
      Date:
      - Wed, 18 Oct 2023 16:49:40 GMT
      Server:
      - Scaleway API-Gateway
      Strict-Transport-Security:
      - max-age=63072000
      X-Content-Type-Options:
      - nosniff
      X-Frame-Options:
      - DENY
      X-Request-Id:
      - 2a39daa3-6eb2-4d50-b121-ac59702156ff
    status: 200 OK
    code: 200
    duration: ""
- request:
    body: ""
    form: {}
    headers:
      User-Agent:
      - scaleway-sdk-go/v1.0.0-beta.7+dev (go1.20.4; linux; amd64) terraform-provider/develop
        terraform/terraform-tests
    url: https://api.scaleway.com/k8s/v1/regions/fr-par/clusters/5145a129-3d9f-4959-bcba-14a0902c68e0/kubeconfig
    method: GET
  response:
    body: '{"content":"YXBpVmVyc2lvbjogdjEKY2x1c3RlcnM6Ci0gbmFtZTogInRlc3QtbXVsdGljbG91ZCIKICBjbHVzdGVyOgogICAgY2VydGlmaWNhdGUtYXV0aG9yaXR5LWRhdGE6IExTMHRMUzFDUlVkSlRpQkRSVkpVU1VaSlEwRlVSUzB0TFMwdENrMUpTVU0xZWtORFFXTXJaMEYzU1VKQlowbENRVVJCVGtKbmEzRm9hMmxIT1hjd1FrRlJjMFpCUkVGV1RWSk5kMFZSV1VSV1VWRkVSWGR3Y21SWFNtd0tZMjAxYkdSSFZucE5RalJZUkZSSmVrMVVRWGhPZWtVeVRrUk5lazR4YjFoRVZFMTZUVlJCZUU1NlJUSk9SRTE2VGpGdmQwWlVSVlJOUWtWSFFURlZSUXBCZUUxTFlUTldhVnBZU25WYVdGSnNZM3BEUTBGVFNYZEVVVmxLUzI5YVNXaDJZMDVCVVVWQ1FsRkJSR2RuUlZCQlJFTkRRVkZ2UTJkblJVSkJUMFJYQ2toRmFFdExNV3BSV25OYWFFdHdPRTlIUWpaWVQwTjVXREZuYUU5clZ6VlFVWGRoVGtsMGIwVnNNbk16Yms1aFR5dEdNMjl6UjA1eWNXZHJURnBNWnpnS1VUUkhkV3haTURobU5ERmlhRTF4VkVOd2FpdDBObGhYSzB4blUwaHpOSFpyWjNKTmFWcDNNRzE1Tm1GdmEzQnlOR3hwTHpCUlpWTnRiR2xZU25kNlNBcE9kSEJVYVVZMkwzVXhPR1ZaVTNvMFEydE9VRTVPTlRaUU5taGlhVFpsYUVGUlVXRXhTSFp3WVVKemRqaG1TMFpYYUhsS1VVWjZTVkJXWTFOak5sVXlDbXRHY0RRM1RWVTROREIwZFU1d1VISklXa1pQYmxWM2NYaEdSREpyU21KV1VWaDZhV1ptVDA0MWEyd3dXVVZLV1ZCNWRsZHFiMVJGU25GVmVEVnVSbFVLTVZWd05YaExRVzFFUVZKcVkwRk1TRFJOZDFscVNuVnBkVVJ2U2pOdWVTOXJjVlJwZVUxRGVYbGpSMGxSVkUxaE56WnhVR2ROU0d0aWNtdFpaRVl3UlFvd1VFOHlUMUpZY1dKUlpHUjRZbk5IT1ZwelEwRjNSVUZCWVU1RFRVVkJkMFJuV1VSV1VqQlFRVkZJTDBKQlVVUkJaMHRyVFVFNFIwRXhWV1JGZDBWQ0NpOTNVVVpOUVUxQ1FXWTRkMGhSV1VSV1VqQlBRa0paUlVaRWFHNUJibTFPYUVGa2IwTnhTbXhHZDI5RE16RjZOa0o1VFZaTlFUQkhRMU54UjFOSllqTUtSRkZGUWtOM1ZVRkJORWxDUVZGQlRtcHRRakV6VGtORlZUUmpVRUZXWml0Wk9VbEdWRTVPVmxGRFkxaGhSMGxSUVVRek5WQlFNa0V3VEcwNVpGRkxjQXBQWVdsc1pEaG5hMWxsYnpSclJXMDFhWFF3YTBOTlVHVkhWa2t3VUU5RFdFYzBNR2xGV0dGWlVIb3JVRGhXUTBoeFkzUkZaRkZTVjFGV09HMTVhWFozQ2tneGR6WlJhRWhEYVhoamRUaElMMDRyVFhoUWRVRTFVRGRJY0dSYVIzWm5TR1ZZYURJeWNXRlFkbE15WVZaV1UzZGFhMHhOV0ZsMVFscE5SR1Z3U2tJS2JHa3ZPWFpUY201dFltUk5NbXR5YnpFNWNrUnlRMFZCVEZwNk9FOXpRbWd6T1hCTVRFWmFhbWRoWW1GRVN6QkdMelZUUnpkcVdYWlFTbm8zTHpKSFZ3cHZOR3hMVGtKSk5Yb3hkRzEzTkRBMGJEbDVaa2xDVGpoeVZtVnFlV2xxUXk4ckwyZHZLME5FZEZJeVYyNHpOVkpaUzFCWU1rUkpZakV3VGs1cFprZHBDaXRtWWxreVpFeHNjRE5sVlRaSlNFVjVkMmwzVkZKSVkzTlZjRFpSY2k5aFVERTVZZ290TFMwdExVVk9SQ0JEUlZKVVNVWkpRMEZVUlMwdExTMHRDZz09CiAgICBzZXJ2ZXI6IGh0dHBzOi8vNTE0NWExMjktM2Q5Zi00OTU5LWJjYmEtMTRhMDkwMmM2OGUwLmFwaS5rOHMuZnItcGFyLnNjdy5jbG91ZDo2NDQzCmNvbnRleHRzOgotIG5hbWU6IGFkbWluQHRlc3QtbXVsdGljbG91ZAogIGNvbnRleHQ6CiAgICBjbHVzdGVyOiAidGVzdC1tdWx0aWNsb3VkIgogICAgdXNlcjogdGVzdC1tdWx0aWNsb3VkLWFkbWluCmN1cnJlbnQtY29udGV4dDogYWRtaW5AdGVzdC1tdWx0aWNsb3VkCmtpbmQ6IENvbmZpZwpwcmVmZXJlbmNlczoge30KdXNlcnM6Ci0gbmFtZTogdGVzdC1tdWx0aWNsb3VkLWFkbWluCiAgdXNlcjoKICAgIHRva2VuOiBpbHZlTDZtYXowVFliRVFJRDM0SGpKUnVwTUpFSEVYV3hmRHJ3NlNTamdDUEtvS3BOSVpiRzhjYg==","content_type":"application/octet-stream","name":"kubeconfig"}'
    headers:
      Content-Length:
      - "2614"
      Content-Security-Policy:
      - default-src 'none'; frame-ancestors 'none'
      Content-Type:
      - application/json
      Date:
      - Wed, 18 Oct 2023 16:49:41 GMT
      Server:
      - Scaleway API-Gateway
      Strict-Transport-Security:
      - max-age=63072000
      X-Content-Type-Options:
      - nosniff
      X-Frame-Options:
      - DENY
      X-Request-Id:
      - 36bfcc00-296a-4a25-97ae-81ff3e0cfb68
    status: 200 OK
    code: 200
    duration: ""
- request:
    body: ""
    form: {}
    headers:
      User-Agent:
      - scaleway-sdk-go/v1.0.0-beta.7+dev (go1.20.4; linux; amd64) terraform-provider/develop
        terraform/terraform-tests
    url: https://api.scaleway.com/k8s/v1/regions/fr-par/pools/2c3afa50-e727-4e28-8135-71b8327b563d
    method: GET
  response:
    body: '{"autohealing":false,"autoscaling":false,"cluster_id":"5145a129-3d9f-4959-bcba-14a0902c68e0","container_runtime":"containerd","created_at":"2023-10-18T16:44:46.885983Z","id":"2c3afa50-e727-4e28-8135-71b8327b563d","kubelet_args":{},"max_size":1,"min_size":1,"name":"test-multicloud","node_type":"dev1_m","placement_group_id":null,"public_ip_disabled":false,"region":"fr-par","root_volume_size":40000000000,"root_volume_type":"l_ssd","size":1,"status":"ready","tags":[],"updated_at":"2023-10-18T16:49:38.125336Z","upgrade_policy":{"max_surge":0,"max_unavailable":1},"version":"1.28.2","zone":"fr-par-1"}'
    headers:
      Content-Length:
      - "624"
      Content-Security-Policy:
      - default-src 'none'; frame-ancestors 'none'
      Content-Type:
      - application/json
      Date:
      - Wed, 18 Oct 2023 16:49:41 GMT
      Server:
      - Scaleway API-Gateway
      Strict-Transport-Security:
      - max-age=63072000
      X-Content-Type-Options:
      - nosniff
      X-Frame-Options:
      - DENY
      X-Request-Id:
      - 3c231a46-5b7e-400d-8b07-796f09c5cca8
    status: 200 OK
    code: 200
    duration: ""
- request:
    body: ""
    form: {}
    headers:
      User-Agent:
      - scaleway-sdk-go/v1.0.0-beta.7+dev (go1.20.4; linux; amd64) terraform-provider/develop
        terraform/terraform-tests
    url: https://api.scaleway.com/k8s/v1/regions/fr-par/clusters/5145a129-3d9f-4959-bcba-14a0902c68e0/nodes?order_by=created_at_asc&page=1&pool_id=2c3afa50-e727-4e28-8135-71b8327b563d&status=unknown
    method: GET
  response:
    body: '{"nodes":[{"cluster_id":"5145a129-3d9f-4959-bcba-14a0902c68e0","conditions":{"DiskPressure":"False","MemoryPressure":"False","PIDPressure":"False","Ready":"True"},"created_at":"2023-10-18T16:44:47.438616Z","error_message":null,"id":"0a828bda-398d-4614-b1cf-1c64f7064650","name":"scw-test-multicloud-test-multicloud-0a828bda39","pool_id":"2c3afa50-e727-4e28-8135-71b8327b563d","provider_id":"scaleway://instance/fr-par-1/16d55cb5-70e8-496c-b363-d885ebdfbaef","public_ip_v4":"163.172.143.139","public_ip_v6":null,"region":"fr-par","status":"ready","updated_at":"2023-10-18T16:49:38.109228Z"}],"total_count":1}'
    headers:
      Content-Length:
      - "623"
      Content-Security-Policy:
      - default-src 'none'; frame-ancestors 'none'
      Content-Type:
      - application/json
      Date:
      - Wed, 18 Oct 2023 16:49:41 GMT
      Server:
      - Scaleway API-Gateway
      Strict-Transport-Security:
      - max-age=63072000
      X-Content-Type-Options:
      - nosniff
      X-Frame-Options:
      - DENY
      X-Request-Id:
      - 777954a5-5340-4ccc-b478-4a6390c4ce82
    status: 200 OK
    code: 200
    duration: ""
- request:
    body: ""
    form: {}
    headers:
      User-Agent:
      - scaleway-sdk-go/v1.0.0-beta.7+dev (go1.20.4; linux; amd64) terraform-provider/develop
        terraform/terraform-tests
    url: https://api.scaleway.com/k8s/v1/regions/fr-par/pools/2c3afa50-e727-4e28-8135-71b8327b563d
    method: DELETE
  response:
    body: '{"autohealing":false,"autoscaling":false,"cluster_id":"5145a129-3d9f-4959-bcba-14a0902c68e0","container_runtime":"containerd","created_at":"2023-10-18T16:44:46.885983Z","id":"2c3afa50-e727-4e28-8135-71b8327b563d","kubelet_args":{},"max_size":1,"min_size":1,"name":"test-multicloud","node_type":"dev1_m","placement_group_id":null,"public_ip_disabled":false,"region":"fr-par","root_volume_size":40000000000,"root_volume_type":"l_ssd","size":1,"status":"deleting","tags":[],"updated_at":"2023-10-18T16:49:41.812585083Z","upgrade_policy":{"max_surge":0,"max_unavailable":1},"version":"1.28.2","zone":"fr-par-1"}'
    headers:
      Content-Length:
      - "630"
      Content-Security-Policy:
      - default-src 'none'; frame-ancestors 'none'
      Content-Type:
      - application/json
      Date:
      - Wed, 18 Oct 2023 16:49:41 GMT
      Server:
      - Scaleway API-Gateway
      Strict-Transport-Security:
      - max-age=63072000
      X-Content-Type-Options:
      - nosniff
      X-Frame-Options:
      - DENY
      X-Request-Id:
      - 04cc45c9-ce77-4760-a3a6-afe69b48d8ff
    status: 200 OK
    code: 200
    duration: ""
- request:
    body: ""
    form: {}
    headers:
      User-Agent:
      - scaleway-sdk-go/v1.0.0-beta.7+dev (go1.20.4; linux; amd64) terraform-provider/develop
        terraform/terraform-tests
    url: https://api.scaleway.com/k8s/v1/regions/fr-par/clusters/5145a129-3d9f-4959-bcba-14a0902c68e0?with_additional_resources=true
    method: DELETE
  response:
    body: '{"admission_plugins":[],"apiserver_cert_sans":[],"audit_log":false,"auto_upgrade":{"enabled":false,"maintenance_window":{"day":"any","start_hour":0}},"autoscaler_config":{"balance_similar_node_groups":false,"estimator":"binpacking","expander":"random","expendable_pods_priority_cutoff":0,"ignore_daemonsets_utilization":false,"max_graceful_termination_sec":0,"scale_down_delay_after_add":"10m","scale_down_disabled":false,"scale_down_unneeded_time":"10m","scale_down_utilization_threshold":0.5},"cluster_url":"https://5145a129-3d9f-4959-bcba-14a0902c68e0.api.k8s.fr-par.scw.cloud:6443","cni":"kilo","commitment_ends_at":"2023-10-18T16:43:35.895129Z","created_at":"2023-10-18T16:43:35.895129Z","dashboard_enabled":false,"description":"","dns_wildcard":"*.5145a129-3d9f-4959-bcba-14a0902c68e0.nodes.k8s.fr-par.scw.cloud","feature_gates":[],"id":"5145a129-3d9f-4959-bcba-14a0902c68e0","ingress":"none","name":"test-multicloud","open_id_connect_config":{"client_id":"","groups_claim":[],"groups_prefix":"","issuer_url":"","required_claim":[],"username_claim":"","username_prefix":""},"organization_id":"fa1e3217-dc80-42ac-85c3-3f034b78b552","private_network_id":null,"project_id":"fa1e3217-dc80-42ac-85c3-3f034b78b552","region":"fr-par","status":"deleting","tags":[],"type":"multicloud","updated_at":"2023-10-18T16:49:41.895527822Z","upgrade_available":false,"version":"1.28.2"}'
    headers:
      Content-Length:
      - "1417"
      Content-Security-Policy:
      - default-src 'none'; frame-ancestors 'none'
      Content-Type:
      - application/json
      Date:
      - Wed, 18 Oct 2023 16:49:41 GMT
      Server:
      - Scaleway API-Gateway
      Strict-Transport-Security:
      - max-age=63072000
      X-Content-Type-Options:
      - nosniff
      X-Frame-Options:
      - DENY
      X-Request-Id:
      - e125d128-59d2-4a4c-b8f3-5e730809895a
    status: 200 OK
    code: 200
    duration: ""
- request:
    body: ""
    form: {}
    headers:
      User-Agent:
      - scaleway-sdk-go/v1.0.0-beta.7+dev (go1.20.4; linux; amd64) terraform-provider/develop
        terraform/terraform-tests
    url: https://api.scaleway.com/k8s/v1/regions/fr-par/clusters/5145a129-3d9f-4959-bcba-14a0902c68e0
    method: GET
  response:
    body: '{"admission_plugins":[],"apiserver_cert_sans":[],"audit_log":false,"auto_upgrade":{"enabled":false,"maintenance_window":{"day":"any","start_hour":0}},"autoscaler_config":{"balance_similar_node_groups":false,"estimator":"binpacking","expander":"random","expendable_pods_priority_cutoff":0,"ignore_daemonsets_utilization":false,"max_graceful_termination_sec":0,"scale_down_delay_after_add":"10m","scale_down_disabled":false,"scale_down_unneeded_time":"10m","scale_down_utilization_threshold":0.5},"cluster_url":"https://5145a129-3d9f-4959-bcba-14a0902c68e0.api.k8s.fr-par.scw.cloud:6443","cni":"kilo","commitment_ends_at":"2023-10-18T16:43:35.895129Z","created_at":"2023-10-18T16:43:35.895129Z","dashboard_enabled":false,"description":"","dns_wildcard":"*.5145a129-3d9f-4959-bcba-14a0902c68e0.nodes.k8s.fr-par.scw.cloud","feature_gates":[],"id":"5145a129-3d9f-4959-bcba-14a0902c68e0","ingress":"none","name":"test-multicloud","open_id_connect_config":{"client_id":"","groups_claim":[],"groups_prefix":"","issuer_url":"","required_claim":[],"username_claim":"","username_prefix":""},"organization_id":"fa1e3217-dc80-42ac-85c3-3f034b78b552","private_network_id":null,"project_id":"fa1e3217-dc80-42ac-85c3-3f034b78b552","region":"fr-par","status":"deleting","tags":[],"type":"multicloud","updated_at":"2023-10-18T16:49:41.895528Z","upgrade_available":false,"version":"1.28.2"}'
    headers:
      Content-Length:
      - "1414"
      Content-Security-Policy:
      - default-src 'none'; frame-ancestors 'none'
      Content-Type:
      - application/json
      Date:
      - Wed, 18 Oct 2023 16:49:42 GMT
      Server:
      - Scaleway API-Gateway
      Strict-Transport-Security:
      - max-age=63072000
      X-Content-Type-Options:
      - nosniff
      X-Frame-Options:
      - DENY
      X-Request-Id:
      - b2476e43-b954-480a-8674-1a09b4fac55f
    status: 200 OK
    code: 200
    duration: ""
- request:
    body: ""
    form: {}
    headers:
      User-Agent:
      - scaleway-sdk-go/v1.0.0-beta.7+dev (go1.20.4; linux; amd64) terraform-provider/develop
        terraform/terraform-tests
    url: https://api.scaleway.com/k8s/v1/regions/fr-par/clusters/5145a129-3d9f-4959-bcba-14a0902c68e0
    method: GET
  response:
    body: '{"admission_plugins":[],"apiserver_cert_sans":[],"audit_log":false,"auto_upgrade":{"enabled":false,"maintenance_window":{"day":"any","start_hour":0}},"autoscaler_config":{"balance_similar_node_groups":false,"estimator":"binpacking","expander":"random","expendable_pods_priority_cutoff":0,"ignore_daemonsets_utilization":false,"max_graceful_termination_sec":0,"scale_down_delay_after_add":"10m","scale_down_disabled":false,"scale_down_unneeded_time":"10m","scale_down_utilization_threshold":0.5},"cluster_url":"https://5145a129-3d9f-4959-bcba-14a0902c68e0.api.k8s.fr-par.scw.cloud:6443","cni":"kilo","commitment_ends_at":"2023-10-18T16:43:35.895129Z","created_at":"2023-10-18T16:43:35.895129Z","dashboard_enabled":false,"description":"","dns_wildcard":"*.5145a129-3d9f-4959-bcba-14a0902c68e0.nodes.k8s.fr-par.scw.cloud","feature_gates":[],"id":"5145a129-3d9f-4959-bcba-14a0902c68e0","ingress":"none","name":"test-multicloud","open_id_connect_config":{"client_id":"","groups_claim":[],"groups_prefix":"","issuer_url":"","required_claim":[],"username_claim":"","username_prefix":""},"organization_id":"fa1e3217-dc80-42ac-85c3-3f034b78b552","private_network_id":null,"project_id":"fa1e3217-dc80-42ac-85c3-3f034b78b552","region":"fr-par","status":"deleting","tags":[],"type":"multicloud","updated_at":"2023-10-18T16:49:41.895528Z","upgrade_available":false,"version":"1.28.2"}'
    headers:
      Content-Length:
      - "1414"
      Content-Security-Policy:
      - default-src 'none'; frame-ancestors 'none'
      Content-Type:
      - application/json
      Date:
      - Wed, 18 Oct 2023 16:49:47 GMT
      Server:
      - Scaleway API-Gateway
      Strict-Transport-Security:
      - max-age=63072000
      X-Content-Type-Options:
      - nosniff
      X-Frame-Options:
      - DENY
      X-Request-Id:
      - f0eb10c6-0433-4c21-96f2-e684635bd2c9
    status: 200 OK
    code: 200
    duration: ""
- request:
    body: ""
    form: {}
    headers:
      User-Agent:
      - scaleway-sdk-go/v1.0.0-beta.7+dev (go1.20.4; linux; amd64) terraform-provider/develop
        terraform/terraform-tests
    url: https://api.scaleway.com/k8s/v1/regions/fr-par/clusters/5145a129-3d9f-4959-bcba-14a0902c68e0
    method: GET
  response:
    body: '{"admission_plugins":[],"apiserver_cert_sans":[],"audit_log":false,"auto_upgrade":{"enabled":false,"maintenance_window":{"day":"any","start_hour":0}},"autoscaler_config":{"balance_similar_node_groups":false,"estimator":"binpacking","expander":"random","expendable_pods_priority_cutoff":0,"ignore_daemonsets_utilization":false,"max_graceful_termination_sec":0,"scale_down_delay_after_add":"10m","scale_down_disabled":false,"scale_down_unneeded_time":"10m","scale_down_utilization_threshold":0.5},"cluster_url":"https://5145a129-3d9f-4959-bcba-14a0902c68e0.api.k8s.fr-par.scw.cloud:6443","cni":"kilo","commitment_ends_at":"2023-10-18T16:43:35.895129Z","created_at":"2023-10-18T16:43:35.895129Z","dashboard_enabled":false,"description":"","dns_wildcard":"*.5145a129-3d9f-4959-bcba-14a0902c68e0.nodes.k8s.fr-par.scw.cloud","feature_gates":[],"id":"5145a129-3d9f-4959-bcba-14a0902c68e0","ingress":"none","name":"test-multicloud","open_id_connect_config":{"client_id":"","groups_claim":[],"groups_prefix":"","issuer_url":"","required_claim":[],"username_claim":"","username_prefix":""},"organization_id":"fa1e3217-dc80-42ac-85c3-3f034b78b552","private_network_id":null,"project_id":"fa1e3217-dc80-42ac-85c3-3f034b78b552","region":"fr-par","status":"deleting","tags":[],"type":"multicloud","updated_at":"2023-10-18T16:49:41.895528Z","upgrade_available":false,"version":"1.28.2"}'
    headers:
      Content-Length:
      - "1414"
      Content-Security-Policy:
      - default-src 'none'; frame-ancestors 'none'
      Content-Type:
      - application/json
      Date:
      - Wed, 18 Oct 2023 16:49:52 GMT
      Server:
      - Scaleway API-Gateway
      Strict-Transport-Security:
      - max-age=63072000
      X-Content-Type-Options:
      - nosniff
      X-Frame-Options:
      - DENY
      X-Request-Id:
      - 99aa31cf-935d-4444-ad6f-f361f1558fe4
    status: 200 OK
    code: 200
    duration: ""
- request:
    body: ""
    form: {}
    headers:
      User-Agent:
      - scaleway-sdk-go/v1.0.0-beta.7+dev (go1.20.4; linux; amd64) terraform-provider/develop
        terraform/terraform-tests
    url: https://api.scaleway.com/k8s/v1/regions/fr-par/clusters/5145a129-3d9f-4959-bcba-14a0902c68e0
    method: GET
  response:
    body: '{"message":"resource is not found","resource":"cluster","resource_id":"5145a129-3d9f-4959-bcba-14a0902c68e0","type":"not_found"}'
    headers:
      Content-Length:
      - "128"
      Content-Security-Policy:
      - default-src 'none'; frame-ancestors 'none'
      Content-Type:
      - application/json
      Date:
      - Wed, 18 Oct 2023 16:49:57 GMT
      Server:
      - Scaleway API-Gateway
      Strict-Transport-Security:
      - max-age=63072000
      X-Content-Type-Options:
      - nosniff
      X-Frame-Options:
      - DENY
      X-Request-Id:
      - d6ccc2b1-e0fc-43f0-8258-715b8af69c5a
    status: 404 Not Found
    code: 404
    duration: ""
- request:
    body: ""
    form: {}
    headers:
      User-Agent:
      - scaleway-sdk-go/v1.0.0-beta.7+dev (go1.20.4; linux; amd64) terraform-provider/develop
        terraform/terraform-tests
    url: https://api.scaleway.com/k8s/v1/regions/fr-par/clusters/5145a129-3d9f-4959-bcba-14a0902c68e0
    method: GET
  response:
    body: '{"message":"resource is not found","resource":"cluster","resource_id":"5145a129-3d9f-4959-bcba-14a0902c68e0","type":"not_found"}'
    headers:
      Content-Length:
      - "128"
      Content-Security-Policy:
      - default-src 'none'; frame-ancestors 'none'
      Content-Type:
      - application/json
      Date:
      - Wed, 18 Oct 2023 16:49:57 GMT
      Server:
      - Scaleway API-Gateway
      Strict-Transport-Security:
      - max-age=63072000
      X-Content-Type-Options:
      - nosniff
      X-Frame-Options:
      - DENY
      X-Request-Id:
      - 497826fe-e6de-499f-960d-41d54a89443e
    status: 404 Not Found
    code: 404
    duration: ""
