---
version: 1
interactions:
- request:
    body: ""
    form: {}
    headers:
      User-Agent:
      - scaleway-sdk-go/v1.0.0-beta.7+dev (go1.20.4; linux; amd64) terraform-provider/develop
        terraform/terraform-tests
    url: https://api.scaleway.com/k8s/v1/regions/fr-par/versions
    method: GET
  response:
    body: '{"versions":[{"available_admission_plugins":["PodNodeSelector","AlwaysPullImages","PodTolerationRestriction"],"available_cnis":["cilium","calico","kilo"],"available_container_runtimes":["containerd"],"available_feature_gates":["HPAScaleToZero","GRPCContainerProbe","ReadWriteOncePod"],"available_ingresses":["none"],"available_kubelet_args":{"containerLogMaxFiles":"uint16","containerLogMaxSize":"quantity","cpuCFSQuota":"bool","cpuCFSQuotaPeriod":"duration","cpuManagerPolicy":"enum:none|static","enableDebuggingHandlers":"bool","imageGCHighThresholdPercent":"uint32","imageGCLowThresholdPercent":"uint32","maxPods":"uint16"},"label":"Kubernetes
      1.27.1","name":"1.27.1","region":"fr-par"},{"available_admission_plugins":["PodNodeSelector","AlwaysPullImages","PodTolerationRestriction"],"available_cnis":["cilium","calico","kilo"],"available_container_runtimes":["containerd"],"available_feature_gates":["HPAScaleToZero","GRPCContainerProbe","ReadWriteOncePod"],"available_ingresses":["none"],"available_kubelet_args":{"containerLogMaxFiles":"uint16","containerLogMaxSize":"quantity","cpuCFSQuota":"bool","cpuCFSQuotaPeriod":"duration","cpuManagerPolicy":"enum:none|static","enableDebuggingHandlers":"bool","imageGCHighThresholdPercent":"uint32","imageGCLowThresholdPercent":"uint32","maxPods":"uint16"},"label":"Kubernetes
      1.26.4","name":"1.26.4","region":"fr-par"},{"available_admission_plugins":["PodNodeSelector","AlwaysPullImages","PodTolerationRestriction"],"available_cnis":["cilium","calico","kilo"],"available_container_runtimes":["containerd"],"available_feature_gates":["HPAScaleToZero","KubeletCredentialProviders","GRPCContainerProbe","ReadWriteOncePod"],"available_ingresses":["none"],"available_kubelet_args":{"containerLogMaxFiles":"uint16","containerLogMaxSize":"quantity","cpuCFSQuota":"bool","cpuCFSQuotaPeriod":"duration","cpuManagerPolicy":"enum:none|static","enableDebuggingHandlers":"bool","imageGCHighThresholdPercent":"uint32","imageGCLowThresholdPercent":"uint32","maxPods":"uint16"},"label":"Kubernetes
      1.25.9","name":"1.25.9","region":"fr-par"},{"available_admission_plugins":["PodSecurityPolicy","PodNodeSelector","AlwaysPullImages","PodTolerationRestriction"],"available_cnis":["cilium","calico","weave","flannel","kilo"],"available_container_runtimes":["containerd","crio"],"available_feature_gates":["HPAScaleToZero","EphemeralContainers","KubeletCredentialProviders","GRPCContainerProbe","ReadWriteOncePod"],"available_ingresses":["none"],"available_kubelet_args":{"containerLogMaxFiles":"uint16","containerLogMaxSize":"quantity","cpuCFSQuota":"bool","cpuCFSQuotaPeriod":"duration","cpuManagerPolicy":"enum:none|static","enableDebuggingHandlers":"bool","imageGCHighThresholdPercent":"uint32","imageGCLowThresholdPercent":"uint32","maxPods":"uint16"},"label":"Kubernetes
      1.24.13","name":"1.24.13","region":"fr-par"},{"available_admission_plugins":["PodSecurityPolicy","PodNodeSelector","AlwaysPullImages","PodTolerationRestriction"],"available_cnis":["cilium","calico","weave","flannel","kilo"],"available_container_runtimes":["containerd","crio","docker"],"available_feature_gates":["HPAScaleToZero","EphemeralContainers","KubeletCredentialProviders","GRPCContainerProbe"],"available_ingresses":["none","nginx","traefik2"],"available_kubelet_args":{"containerLogMaxFiles":"uint16","containerLogMaxSize":"quantity","cpuCFSQuota":"bool","cpuCFSQuotaPeriod":"duration","cpuManagerPolicy":"enum:none|static","enableDebuggingHandlers":"bool","imageGCHighThresholdPercent":"uint32","imageGCLowThresholdPercent":"uint32","maxPods":"uint16"},"label":"Kubernetes
      1.23.17","name":"1.23.17","region":"fr-par"},{"available_admission_plugins":["PodSecurityPolicy","PodNodeSelector","AlwaysPullImages","PodTolerationRestriction"],"available_cnis":["cilium","calico","weave","flannel","kilo"],"available_container_runtimes":["containerd","crio","docker"],"available_feature_gates":["TTLAfterFinished","HPAScaleToZero","EphemeralContainers","KubeletCredentialProviders"],"available_ingresses":["none","nginx","traefik2"],"available_kubelet_args":{"containerLogMaxFiles":"uint16","containerLogMaxSize":"quantity","cpuCFSQuota":"bool","cpuCFSQuotaPeriod":"duration","cpuManagerPolicy":"enum:none|static","enableDebuggingHandlers":"bool","imageGCHighThresholdPercent":"uint32","imageGCLowThresholdPercent":"uint32","maxPods":"uint16"},"label":"Kubernetes
      1.22.17","name":"1.22.17","region":"fr-par"}]}'
    headers:
      Content-Security-Policy:
      - default-src 'none'; frame-ancestors 'none'
      Content-Type:
      - application/json
      Date:
      - Fri, 26 May 2023 13:19:52 GMT
      Server:
      - Scaleway API-Gateway
      Strict-Transport-Security:
      - max-age=63072000
      X-Content-Type-Options:
      - nosniff
      X-Frame-Options:
      - DENY
      X-Request-Id:
      - ef74d8d1-a2e3-4932-9571-08dda813e166
    status: 200 OK
    code: 200
    duration: ""
- request:
    body: '{"project_id":"fa1e3217-dc80-42ac-85c3-3f034b78b552","type":"","name":"K8SPoolConfigKubeletArgs","description":"","tags":["terraform-test","scaleway_k8s_cluster","kubelet_args"],"version":"1.27.1","cni":"cilium","pools":null,"autoscaler_config":{"scale_down_disabled":null,"scale_down_delay_after_add":null,"estimator":"unknown_estimator","expander":"unknown_expander","ignore_daemonsets_utilization":null,"balance_similar_node_groups":null,"expendable_pods_priority_cutoff":0,"scale_down_unneeded_time":null,"scale_down_utilization_threshold":null,"max_graceful_termination_sec":0},"auto_upgrade":null,"feature_gates":null,"admission_plugins":null,"open_id_connect_config":null,"apiserver_cert_sans":null,"private_network_id":null}'
    form: {}
    headers:
      Content-Type:
      - application/json
      User-Agent:
      - scaleway-sdk-go/v1.0.0-beta.7+dev (go1.20.4; linux; amd64) terraform-provider/develop
        terraform/terraform-tests
    url: https://api.scaleway.com/k8s/v1/regions/fr-par/clusters
    method: POST
  response:
    body: '{"admission_plugins":[],"apiserver_cert_sans":[],"auto_upgrade":{"enabled":false,"maintenance_window":{"day":"any","start_hour":0}},"autoscaler_config":{"balance_similar_node_groups":false,"estimator":"binpacking","expander":"random","expendable_pods_priority_cutoff":0,"ignore_daemonsets_utilization":false,"max_graceful_termination_sec":0,"scale_down_delay_after_add":"10m","scale_down_disabled":false,"scale_down_unneeded_time":"10m","scale_down_utilization_threshold":0.5},"cluster_url":"https://60d701b5-82c9-4d35-ba74-f7c0ec72c0b6.api.k8s.fr-par.scw.cloud:6443","cni":"cilium","created_at":"2023-05-26T13:19:54.537806576Z","dashboard_enabled":false,"description":"","dns_wildcard":"*.60d701b5-82c9-4d35-ba74-f7c0ec72c0b6.nodes.k8s.fr-par.scw.cloud","feature_gates":[],"id":"60d701b5-82c9-4d35-ba74-f7c0ec72c0b6","ingress":"none","name":"K8SPoolConfigKubeletArgs","open_id_connect_config":{"client_id":"","groups_claim":[],"groups_prefix":"","issuer_url":"","required_claim":[],"username_claim":"","username_prefix":""},"organization_id":"fa1e3217-dc80-42ac-85c3-3f034b78b552","private_network_id":null,"project_id":"fa1e3217-dc80-42ac-85c3-3f034b78b552","region":"fr-par","status":"creating","tags":["terraform-test","scaleway_k8s_cluster","kubelet_args"],"type":"kapsule","updated_at":"2023-05-26T13:19:54.556743904Z","upgrade_available":false,"version":"1.27.1"}'
    headers:
      Content-Length:
      - "1370"
      Content-Security-Policy:
      - default-src 'none'; frame-ancestors 'none'
      Content-Type:
      - application/json
      Date:
      - Fri, 26 May 2023 13:19:54 GMT
      Server:
      - Scaleway API-Gateway
      Strict-Transport-Security:
      - max-age=63072000
      X-Content-Type-Options:
      - nosniff
      X-Frame-Options:
      - DENY
      X-Request-Id:
      - f08cc19f-905a-4eca-a5ec-04fc9041e3d4
    status: 200 OK
    code: 200
    duration: ""
- request:
    body: ""
    form: {}
    headers:
      User-Agent:
      - scaleway-sdk-go/v1.0.0-beta.7+dev (go1.20.4; linux; amd64) terraform-provider/develop
        terraform/terraform-tests
    url: https://api.scaleway.com/k8s/v1/regions/fr-par/clusters/60d701b5-82c9-4d35-ba74-f7c0ec72c0b6
    method: GET
  response:
    body: '{"admission_plugins":[],"apiserver_cert_sans":[],"auto_upgrade":{"enabled":false,"maintenance_window":{"day":"any","start_hour":0}},"autoscaler_config":{"balance_similar_node_groups":false,"estimator":"binpacking","expander":"random","expendable_pods_priority_cutoff":0,"ignore_daemonsets_utilization":false,"max_graceful_termination_sec":0,"scale_down_delay_after_add":"10m","scale_down_disabled":false,"scale_down_unneeded_time":"10m","scale_down_utilization_threshold":0.5},"cluster_url":"https://60d701b5-82c9-4d35-ba74-f7c0ec72c0b6.api.k8s.fr-par.scw.cloud:6443","cni":"cilium","created_at":"2023-05-26T13:19:54.537807Z","dashboard_enabled":false,"description":"","dns_wildcard":"*.60d701b5-82c9-4d35-ba74-f7c0ec72c0b6.nodes.k8s.fr-par.scw.cloud","feature_gates":[],"id":"60d701b5-82c9-4d35-ba74-f7c0ec72c0b6","ingress":"none","name":"K8SPoolConfigKubeletArgs","open_id_connect_config":{"client_id":"","groups_claim":[],"groups_prefix":"","issuer_url":"","required_claim":[],"username_claim":"","username_prefix":""},"organization_id":"fa1e3217-dc80-42ac-85c3-3f034b78b552","private_network_id":null,"project_id":"fa1e3217-dc80-42ac-85c3-3f034b78b552","region":"fr-par","status":"creating","tags":["terraform-test","scaleway_k8s_cluster","kubelet_args"],"type":"kapsule","updated_at":"2023-05-26T13:19:54.556744Z","upgrade_available":false,"version":"1.27.1"}'
    headers:
      Content-Length:
      - "1364"
      Content-Security-Policy:
      - default-src 'none'; frame-ancestors 'none'
      Content-Type:
      - application/json
      Date:
      - Fri, 26 May 2023 13:19:54 GMT
      Server:
      - Scaleway API-Gateway
      Strict-Transport-Security:
      - max-age=63072000
      X-Content-Type-Options:
      - nosniff
      X-Frame-Options:
      - DENY
      X-Request-Id:
      - 07515fee-9aa1-47e7-b416-f845a32c3ce9
    status: 200 OK
    code: 200
    duration: ""
- request:
    body: ""
    form: {}
    headers:
      User-Agent:
      - scaleway-sdk-go/v1.0.0-beta.7+dev (go1.20.4; linux; amd64) terraform-provider/develop
        terraform/terraform-tests
    url: https://api.scaleway.com/k8s/v1/regions/fr-par/clusters/60d701b5-82c9-4d35-ba74-f7c0ec72c0b6
    method: GET
  response:
    body: '{"admission_plugins":[],"apiserver_cert_sans":[],"auto_upgrade":{"enabled":false,"maintenance_window":{"day":"any","start_hour":0}},"autoscaler_config":{"balance_similar_node_groups":false,"estimator":"binpacking","expander":"random","expendable_pods_priority_cutoff":0,"ignore_daemonsets_utilization":false,"max_graceful_termination_sec":0,"scale_down_delay_after_add":"10m","scale_down_disabled":false,"scale_down_unneeded_time":"10m","scale_down_utilization_threshold":0.5},"cluster_url":"https://60d701b5-82c9-4d35-ba74-f7c0ec72c0b6.api.k8s.fr-par.scw.cloud:6443","cni":"cilium","created_at":"2023-05-26T13:19:54.537807Z","dashboard_enabled":false,"description":"","dns_wildcard":"*.60d701b5-82c9-4d35-ba74-f7c0ec72c0b6.nodes.k8s.fr-par.scw.cloud","feature_gates":[],"id":"60d701b5-82c9-4d35-ba74-f7c0ec72c0b6","ingress":"none","name":"K8SPoolConfigKubeletArgs","open_id_connect_config":{"client_id":"","groups_claim":[],"groups_prefix":"","issuer_url":"","required_claim":[],"username_claim":"","username_prefix":""},"organization_id":"fa1e3217-dc80-42ac-85c3-3f034b78b552","private_network_id":null,"project_id":"fa1e3217-dc80-42ac-85c3-3f034b78b552","region":"fr-par","status":"pool_required","tags":["terraform-test","scaleway_k8s_cluster","kubelet_args"],"type":"kapsule","updated_at":"2023-05-26T13:19:57.213710Z","upgrade_available":false,"version":"1.27.1"}'
    headers:
      Content-Length:
      - "1369"
      Content-Security-Policy:
      - default-src 'none'; frame-ancestors 'none'
      Content-Type:
      - application/json
      Date:
      - Fri, 26 May 2023 13:19:59 GMT
      Server:
      - Scaleway API-Gateway
      Strict-Transport-Security:
      - max-age=63072000
      X-Content-Type-Options:
      - nosniff
      X-Frame-Options:
      - DENY
      X-Request-Id:
      - fa9a7d05-52ee-429f-968f-b48295d570b7
    status: 200 OK
    code: 200
    duration: ""
- request:
    body: ""
    form: {}
    headers:
      User-Agent:
      - scaleway-sdk-go/v1.0.0-beta.7+dev (go1.20.4; linux; amd64) terraform-provider/develop
        terraform/terraform-tests
    url: https://api.scaleway.com/k8s/v1/regions/fr-par/clusters/60d701b5-82c9-4d35-ba74-f7c0ec72c0b6
    method: GET
  response:
    body: '{"admission_plugins":[],"apiserver_cert_sans":[],"auto_upgrade":{"enabled":false,"maintenance_window":{"day":"any","start_hour":0}},"autoscaler_config":{"balance_similar_node_groups":false,"estimator":"binpacking","expander":"random","expendable_pods_priority_cutoff":0,"ignore_daemonsets_utilization":false,"max_graceful_termination_sec":0,"scale_down_delay_after_add":"10m","scale_down_disabled":false,"scale_down_unneeded_time":"10m","scale_down_utilization_threshold":0.5},"cluster_url":"https://60d701b5-82c9-4d35-ba74-f7c0ec72c0b6.api.k8s.fr-par.scw.cloud:6443","cni":"cilium","created_at":"2023-05-26T13:19:54.537807Z","dashboard_enabled":false,"description":"","dns_wildcard":"*.60d701b5-82c9-4d35-ba74-f7c0ec72c0b6.nodes.k8s.fr-par.scw.cloud","feature_gates":[],"id":"60d701b5-82c9-4d35-ba74-f7c0ec72c0b6","ingress":"none","name":"K8SPoolConfigKubeletArgs","open_id_connect_config":{"client_id":"","groups_claim":[],"groups_prefix":"","issuer_url":"","required_claim":[],"username_claim":"","username_prefix":""},"organization_id":"fa1e3217-dc80-42ac-85c3-3f034b78b552","private_network_id":null,"project_id":"fa1e3217-dc80-42ac-85c3-3f034b78b552","region":"fr-par","status":"pool_required","tags":["terraform-test","scaleway_k8s_cluster","kubelet_args"],"type":"kapsule","updated_at":"2023-05-26T13:19:57.213710Z","upgrade_available":false,"version":"1.27.1"}'
    headers:
      Content-Length:
      - "1369"
      Content-Security-Policy:
      - default-src 'none'; frame-ancestors 'none'
      Content-Type:
      - application/json
      Date:
      - Fri, 26 May 2023 13:20:00 GMT
      Server:
      - Scaleway API-Gateway
      Strict-Transport-Security:
      - max-age=63072000
      X-Content-Type-Options:
      - nosniff
      X-Frame-Options:
      - DENY
      X-Request-Id:
      - d8893e26-96aa-4e6c-b172-95008ba76248
    status: 200 OK
    code: 200
    duration: ""
- request:
    body: ""
    form: {}
    headers:
      User-Agent:
      - scaleway-sdk-go/v1.0.0-beta.7+dev (go1.20.4; linux; amd64) terraform-provider/develop
        terraform/terraform-tests
    url: https://api.scaleway.com/k8s/v1/regions/fr-par/clusters/60d701b5-82c9-4d35-ba74-f7c0ec72c0b6/kubeconfig
    method: GET
  response:
    body: '{"content":"YXBpVmVyc2lvbjogdjEKY2x1c3RlcnM6Ci0gbmFtZTogIms4c3Bvb2xjb25maWdrdWJlbGV0YXJncyIKICBjbHVzdGVyOgogICAgY2VydGlmaWNhdGUtYXV0aG9yaXR5LWRhdGE6IExTMHRMUzFDUlVkSlRpQkRSVkpVU1VaSlEwRlVSUzB0TFMwdENrMUpTVU0xZWtORFFXTXJaMEYzU1VKQlowbENRVVJCVGtKbmEzRm9hMmxIT1hjd1FrRlJjMFpCUkVGV1RWSk5kMFZSV1VSV1VWRkVSWGR3Y21SWFNtd0tZMjAxYkdSSFZucE5RalJZUkZSSmVrMUVWWGxPVkVWNlRWUnJNVTVzYjFoRVZFMTZUVVJWZVU1VVJYcE5WR3N4VG14dmQwWlVSVlJOUWtWSFFURlZSUXBCZUUxTFlUTldhVnBZU25WYVdGSnNZM3BEUTBGVFNYZEVVVmxLUzI5YVNXaDJZMDVCVVVWQ1FsRkJSR2RuUlZCQlJFTkRRVkZ2UTJkblJVSkJTM2ROQ25SemRsTlZVVE0zVjNwSldXNTRTM1pSZDJKdlQwSXljM2htTDNGb1dWRjVaVXRxZHk4MGNDOTViazl1TW5kUFVFRkpXalo1TnpSeWVqUk5VVGRzYzFjS1lVOXNVVFZsZERZMlUyaE9Va2RtTUdwckszaG5kVmhhZHl0VGEzTnNORVZsYWtFdmFIRjRNRXhhWTNCeVZVVjFUa1JOYm5WMk5VeEdlRWxrY1dSVE5RcHRjbmgxUTI1bVIxUjFURzVQWjBWSVFTdEphVWxTWldRNU5tcHVMMUZUU2pOYVZYTjBlR2wzVjI5bmNrMXRhVFV6TW1wSE1HTkRRbTlDVTI1ck9IWTVDbk56UzJRclIxSklXVUpGTDFOcGFUSkxTemRzZFVoMVFsQlFXa0pTT1RkSGFEWlRSRk5RYURobVUyb3dVRll2UmtFM1QzTjFja1kyTkZaeVFqSk9MMGdLZUVReGJucGpPVlZ4WnpZM2JWUnZZMHM1ZURWUWEzRnFiamhVYzBaVVpHcHNlR3RYYVVSM05GZDFWMWR1YVZwNmMxQllOM2RhTWtkQ2FGSXdUa3BSV1FwRGVVTXZhMWxMY0Vkbksyd3ZkWFpzVDFRNFEwRjNSVUZCWVU1RFRVVkJkMFJuV1VSV1VqQlFRVkZJTDBKQlVVUkJaMHRyVFVFNFIwRXhWV1JGZDBWQ0NpOTNVVVpOUVUxQ1FXWTRkMGhSV1VSV1VqQlBRa0paUlVaQ1oyOVdSM1owVGt4bFJqWXpibXBMVTBnNWJGZzBabTkzU0ZwTlFUQkhRMU54UjFOSllqTUtSRkZGUWtOM1ZVRkJORWxDUVZGQlQzZFZZbXRTTUVWTlRqbEpVamswVDBWV1YyTjFUVWs0YTNWQ01tUnhTRVZKYTA1blpqUmxOSG92TlU1aFFsRlpUQXBNZFU1V05FTldZMDVEWms5dVVIWjNiMkZyWkVNNFVsbzBlR0k1V1hGbGFFWXpOR3BEYmpOTlJURllUWEZwTTJkR1VXZG9jR1pSVFVac1dFZElRM3AzQ21ocFNsUnJZemxRTlVGcFNWaENjRXRUZWtWNmJqTm1iVVJ3TkRKSWNrWmFZV1UwWkdsVmNVVmpUbWxYUnk5ck9Ea3liR2N5UjB0eWVVTm5XSFpqTkM4S1IySlBTbEl2ZVRCMk1HZ3dPWE40TVM5NldVTk1ZMk16TjBSUmRHRkhWMFkxZUVkMlVqRlFNVTVxZWxCTlMxUTFMME5IWlU4NVJUTnBUbnAzVkUweFVncG9UWGRpYzNnNU1VZGxVbU5hVmpScGFYbFNkVEI2YVRKdFJIUnBSMkUxVDFsMVVEVlZablJPTUdKWmQzbHhlbkZrUkVoYWVtMXhTMWR1THpWdFkyMWFDbkEwVVVwNWIzRlZRVGxMYVdWaGExUTRXalZUUVZOV1JsWjViSHB4UW5WSmNHWkVXQW90TFMwdExVVk9SQ0JEUlZKVVNVWkpRMEZVUlMwdExTMHRDZz09CiAgICBzZXJ2ZXI6IGh0dHBzOi8vNjBkNzAxYjUtODJjOS00ZDM1LWJhNzQtZjdjMGVjNzJjMGI2LmFwaS5rOHMuZnItcGFyLnNjdy5jbG91ZDo2NDQzCmNvbnRleHRzOgotIG5hbWU6IGFkbWluQGs4c3Bvb2xjb25maWdrdWJlbGV0YXJncwogIGNvbnRleHQ6CiAgICBjbHVzdGVyOiAiazhzcG9vbGNvbmZpZ2t1YmVsZXRhcmdzIgogICAgdXNlcjogazhzcG9vbGNvbmZpZ2t1YmVsZXRhcmdzLWFkbWluCmN1cnJlbnQtY29udGV4dDogYWRtaW5AazhzcG9vbGNvbmZpZ2t1YmVsZXRhcmdzCmtpbmQ6IENvbmZpZwpwcmVmZXJlbmNlczoge30KdXNlcnM6Ci0gbmFtZTogazhzcG9vbGNvbmZpZ2t1YmVsZXRhcmdzLWFkbWluCiAgdXNlcjoKICAgIHRva2VuOiA3ZTFlblBLdjVTQzFYR3VWcXFDRmtmS0RmQUl4azRQd2Fqc1NtVEhLM0VmVW8xUFhrNXVlalpacA==","content_type":"application/octet-stream","name":"kubeconfig"}'
    headers:
      Content-Length:
      - "2684"
      Content-Security-Policy:
      - default-src 'none'; frame-ancestors 'none'
      Content-Type:
      - application/json
      Date:
      - Fri, 26 May 2023 13:20:00 GMT
      Server:
      - Scaleway API-Gateway
      Strict-Transport-Security:
      - max-age=63072000
      X-Content-Type-Options:
      - nosniff
      X-Frame-Options:
      - DENY
      X-Request-Id:
      - 3d256788-9a75-4990-a46e-d3302d30e66f
    status: 200 OK
    code: 200
    duration: ""
- request:
    body: ""
    form: {}
    headers:
      User-Agent:
      - scaleway-sdk-go/v1.0.0-beta.7+dev (go1.20.4; linux; amd64) terraform-provider/develop
        terraform/terraform-tests
    url: https://api.scaleway.com/k8s/v1/regions/fr-par/clusters/60d701b5-82c9-4d35-ba74-f7c0ec72c0b6
    method: GET
  response:
    body: '{"admission_plugins":[],"apiserver_cert_sans":[],"auto_upgrade":{"enabled":false,"maintenance_window":{"day":"any","start_hour":0}},"autoscaler_config":{"balance_similar_node_groups":false,"estimator":"binpacking","expander":"random","expendable_pods_priority_cutoff":0,"ignore_daemonsets_utilization":false,"max_graceful_termination_sec":0,"scale_down_delay_after_add":"10m","scale_down_disabled":false,"scale_down_unneeded_time":"10m","scale_down_utilization_threshold":0.5},"cluster_url":"https://60d701b5-82c9-4d35-ba74-f7c0ec72c0b6.api.k8s.fr-par.scw.cloud:6443","cni":"cilium","created_at":"2023-05-26T13:19:54.537807Z","dashboard_enabled":false,"description":"","dns_wildcard":"*.60d701b5-82c9-4d35-ba74-f7c0ec72c0b6.nodes.k8s.fr-par.scw.cloud","feature_gates":[],"id":"60d701b5-82c9-4d35-ba74-f7c0ec72c0b6","ingress":"none","name":"K8SPoolConfigKubeletArgs","open_id_connect_config":{"client_id":"","groups_claim":[],"groups_prefix":"","issuer_url":"","required_claim":[],"username_claim":"","username_prefix":""},"organization_id":"fa1e3217-dc80-42ac-85c3-3f034b78b552","private_network_id":null,"project_id":"fa1e3217-dc80-42ac-85c3-3f034b78b552","region":"fr-par","status":"pool_required","tags":["terraform-test","scaleway_k8s_cluster","kubelet_args"],"type":"kapsule","updated_at":"2023-05-26T13:19:57.213710Z","upgrade_available":false,"version":"1.27.1"}'
    headers:
      Content-Length:
      - "1369"
      Content-Security-Policy:
      - default-src 'none'; frame-ancestors 'none'
      Content-Type:
      - application/json
      Date:
      - Fri, 26 May 2023 13:20:00 GMT
      Server:
      - Scaleway API-Gateway
      Strict-Transport-Security:
      - max-age=63072000
      X-Content-Type-Options:
      - nosniff
      X-Frame-Options:
      - DENY
      X-Request-Id:
      - e269ad4b-13a7-439a-99d8-ba9c06bec00d
    status: 200 OK
    code: 200
    duration: ""
- request:
    body: '{"name":"default","node_type":"gp1_xs","placement_group_id":null,"autoscaling":true,"size":1,"min_size":1,"max_size":1,"container_runtime":"containerd","autohealing":true,"tags":["terraform-test","scaleway_k8s_cluster","kubelet_args"],"kubelet_args":{"maxPods":"1337"},"upgrade_policy":null,"zone":"fr-par-1","root_volume_type":"default_volume_type","root_volume_size":null}'
    form: {}
    headers:
      Content-Type:
      - application/json
      User-Agent:
      - scaleway-sdk-go/v1.0.0-beta.7+dev (go1.20.4; linux; amd64) terraform-provider/develop
        terraform/terraform-tests
    url: https://api.scaleway.com/k8s/v1/regions/fr-par/clusters/60d701b5-82c9-4d35-ba74-f7c0ec72c0b6/pools
    method: POST
  response:
    body: '{"autohealing":true,"autoscaling":true,"cluster_id":"60d701b5-82c9-4d35-ba74-f7c0ec72c0b6","container_runtime":"containerd","created_at":"2023-05-26T13:20:00.721874Z","id":"950e6985-7c4c-4b09-a473-4c1e7be474b9","kubelet_args":{"maxPods":"1337"},"max_size":1,"min_size":1,"name":"default","node_type":"gp1_xs","placement_group_id":null,"region":"fr-par","root_volume_size":150000000000,"root_volume_type":"l_ssd","size":1,"status":"scaling","tags":["terraform-test","scaleway_k8s_cluster","kubelet_args"],"updated_at":"2023-05-26T13:20:00.818386751Z","upgrade_policy":{"max_surge":0,"max_unavailable":1},"version":"1.27.1","zone":"fr-par-1"}'
    headers:
      Content-Length:
      - "640"
      Content-Security-Policy:
      - default-src 'none'; frame-ancestors 'none'
      Content-Type:
      - application/json
      Date:
      - Fri, 26 May 2023 13:20:01 GMT
      Server:
      - Scaleway API-Gateway
      Strict-Transport-Security:
      - max-age=63072000
      X-Content-Type-Options:
      - nosniff
      X-Frame-Options:
      - DENY
      X-Request-Id:
      - 9dd86db9-fc70-48fb-8c56-06a4407ae273
    status: 200 OK
    code: 200
    duration: ""
- request:
    body: ""
    form: {}
    headers:
      User-Agent:
      - scaleway-sdk-go/v1.0.0-beta.7+dev (go1.20.4; linux; amd64) terraform-provider/develop
        terraform/terraform-tests
    url: https://api.scaleway.com/k8s/v1/regions/fr-par/pools/950e6985-7c4c-4b09-a473-4c1e7be474b9
    method: GET
  response:
    body: '{"autohealing":true,"autoscaling":true,"cluster_id":"60d701b5-82c9-4d35-ba74-f7c0ec72c0b6","container_runtime":"containerd","created_at":"2023-05-26T13:20:00.721874Z","id":"950e6985-7c4c-4b09-a473-4c1e7be474b9","kubelet_args":{"maxPods":"1337"},"max_size":1,"min_size":1,"name":"default","node_type":"gp1_xs","placement_group_id":null,"region":"fr-par","root_volume_size":150000000000,"root_volume_type":"l_ssd","size":1,"status":"scaling","tags":["terraform-test","scaleway_k8s_cluster","kubelet_args"],"updated_at":"2023-05-26T13:20:00.818387Z","upgrade_policy":{"max_surge":0,"max_unavailable":1},"version":"1.27.1","zone":"fr-par-1"}'
    headers:
      Content-Length:
      - "637"
      Content-Security-Policy:
      - default-src 'none'; frame-ancestors 'none'
      Content-Type:
      - application/json
      Date:
      - Fri, 26 May 2023 13:20:01 GMT
      Server:
      - Scaleway API-Gateway
      Strict-Transport-Security:
      - max-age=63072000
      X-Content-Type-Options:
      - nosniff
      X-Frame-Options:
      - DENY
      X-Request-Id:
      - e90a3100-2897-42a4-a91e-f07740e267e5
    status: 200 OK
    code: 200
    duration: ""
- request:
    body: ""
    form: {}
    headers:
      User-Agent:
      - scaleway-sdk-go/v1.0.0-beta.7+dev (go1.20.4; linux; amd64) terraform-provider/develop
        terraform/terraform-tests
    url: https://api.scaleway.com/k8s/v1/regions/fr-par/pools/950e6985-7c4c-4b09-a473-4c1e7be474b9
    method: GET
  response:
    body: '{"autohealing":true,"autoscaling":true,"cluster_id":"60d701b5-82c9-4d35-ba74-f7c0ec72c0b6","container_runtime":"containerd","created_at":"2023-05-26T13:20:00.721874Z","id":"950e6985-7c4c-4b09-a473-4c1e7be474b9","kubelet_args":{"maxPods":"1337"},"max_size":1,"min_size":1,"name":"default","node_type":"gp1_xs","placement_group_id":null,"region":"fr-par","root_volume_size":150000000000,"root_volume_type":"l_ssd","size":1,"status":"scaling","tags":["terraform-test","scaleway_k8s_cluster","kubelet_args"],"updated_at":"2023-05-26T13:20:00.818387Z","upgrade_policy":{"max_surge":0,"max_unavailable":1},"version":"1.27.1","zone":"fr-par-1"}'
    headers:
      Content-Length:
      - "637"
      Content-Security-Policy:
      - default-src 'none'; frame-ancestors 'none'
      Content-Type:
      - application/json
      Date:
      - Fri, 26 May 2023 13:20:06 GMT
      Server:
      - Scaleway API-Gateway
      Strict-Transport-Security:
      - max-age=63072000
      X-Content-Type-Options:
      - nosniff
      X-Frame-Options:
      - DENY
      X-Request-Id:
      - b4b502e5-252f-4d02-8d64-15600d4d2894
    status: 200 OK
    code: 200
    duration: ""
- request:
    body: ""
    form: {}
    headers:
      User-Agent:
      - scaleway-sdk-go/v1.0.0-beta.7+dev (go1.20.4; linux; amd64) terraform-provider/develop
        terraform/terraform-tests
    url: https://api.scaleway.com/k8s/v1/regions/fr-par/pools/950e6985-7c4c-4b09-a473-4c1e7be474b9
    method: GET
  response:
    body: '{"autohealing":true,"autoscaling":true,"cluster_id":"60d701b5-82c9-4d35-ba74-f7c0ec72c0b6","container_runtime":"containerd","created_at":"2023-05-26T13:20:00.721874Z","id":"950e6985-7c4c-4b09-a473-4c1e7be474b9","kubelet_args":{"maxPods":"1337"},"max_size":1,"min_size":1,"name":"default","node_type":"gp1_xs","placement_group_id":null,"region":"fr-par","root_volume_size":150000000000,"root_volume_type":"l_ssd","size":1,"status":"scaling","tags":["terraform-test","scaleway_k8s_cluster","kubelet_args"],"updated_at":"2023-05-26T13:20:00.818387Z","upgrade_policy":{"max_surge":0,"max_unavailable":1},"version":"1.27.1","zone":"fr-par-1"}'
    headers:
      Content-Length:
      - "637"
      Content-Security-Policy:
      - default-src 'none'; frame-ancestors 'none'
      Content-Type:
      - application/json
      Date:
      - Fri, 26 May 2023 13:20:12 GMT
      Server:
      - Scaleway API-Gateway
      Strict-Transport-Security:
      - max-age=63072000
      X-Content-Type-Options:
      - nosniff
      X-Frame-Options:
      - DENY
      X-Request-Id:
      - 92070361-31e7-4a0d-9309-f1b24756620a
    status: 200 OK
    code: 200
    duration: ""
- request:
    body: ""
    form: {}
    headers:
      User-Agent:
      - scaleway-sdk-go/v1.0.0-beta.7+dev (go1.20.4; linux; amd64) terraform-provider/develop
        terraform/terraform-tests
    url: https://api.scaleway.com/k8s/v1/regions/fr-par/pools/950e6985-7c4c-4b09-a473-4c1e7be474b9
    method: GET
  response:
    body: '{"autohealing":true,"autoscaling":true,"cluster_id":"60d701b5-82c9-4d35-ba74-f7c0ec72c0b6","container_runtime":"containerd","created_at":"2023-05-26T13:20:00.721874Z","id":"950e6985-7c4c-4b09-a473-4c1e7be474b9","kubelet_args":{"maxPods":"1337"},"max_size":1,"min_size":1,"name":"default","node_type":"gp1_xs","placement_group_id":null,"region":"fr-par","root_volume_size":150000000000,"root_volume_type":"l_ssd","size":1,"status":"scaling","tags":["terraform-test","scaleway_k8s_cluster","kubelet_args"],"updated_at":"2023-05-26T13:20:00.818387Z","upgrade_policy":{"max_surge":0,"max_unavailable":1},"version":"1.27.1","zone":"fr-par-1"}'
    headers:
      Content-Length:
      - "637"
      Content-Security-Policy:
      - default-src 'none'; frame-ancestors 'none'
      Content-Type:
      - application/json
      Date:
      - Fri, 26 May 2023 13:20:17 GMT
      Server:
      - Scaleway API-Gateway
      Strict-Transport-Security:
      - max-age=63072000
      X-Content-Type-Options:
      - nosniff
      X-Frame-Options:
      - DENY
      X-Request-Id:
      - 44d6b917-cd67-4479-99d2-213d766e3e28
    status: 200 OK
    code: 200
    duration: ""
- request:
    body: ""
    form: {}
    headers:
      User-Agent:
      - scaleway-sdk-go/v1.0.0-beta.7+dev (go1.20.4; linux; amd64) terraform-provider/develop
        terraform/terraform-tests
    url: https://api.scaleway.com/k8s/v1/regions/fr-par/pools/950e6985-7c4c-4b09-a473-4c1e7be474b9
    method: GET
  response:
    body: '{"autohealing":true,"autoscaling":true,"cluster_id":"60d701b5-82c9-4d35-ba74-f7c0ec72c0b6","container_runtime":"containerd","created_at":"2023-05-26T13:20:00.721874Z","id":"950e6985-7c4c-4b09-a473-4c1e7be474b9","kubelet_args":{"maxPods":"1337"},"max_size":1,"min_size":1,"name":"default","node_type":"gp1_xs","placement_group_id":null,"region":"fr-par","root_volume_size":150000000000,"root_volume_type":"l_ssd","size":1,"status":"scaling","tags":["terraform-test","scaleway_k8s_cluster","kubelet_args"],"updated_at":"2023-05-26T13:20:00.818387Z","upgrade_policy":{"max_surge":0,"max_unavailable":1},"version":"1.27.1","zone":"fr-par-1"}'
    headers:
      Content-Length:
      - "637"
      Content-Security-Policy:
      - default-src 'none'; frame-ancestors 'none'
      Content-Type:
      - application/json
      Date:
      - Fri, 26 May 2023 13:20:22 GMT
      Server:
      - Scaleway API-Gateway
      Strict-Transport-Security:
      - max-age=63072000
      X-Content-Type-Options:
      - nosniff
      X-Frame-Options:
      - DENY
      X-Request-Id:
      - e1a49f6e-d24d-4c0f-8a96-f336a1d74276
    status: 200 OK
    code: 200
    duration: ""
- request:
    body: ""
    form: {}
    headers:
      User-Agent:
      - scaleway-sdk-go/v1.0.0-beta.7+dev (go1.20.4; linux; amd64) terraform-provider/develop
        terraform/terraform-tests
    url: https://api.scaleway.com/k8s/v1/regions/fr-par/pools/950e6985-7c4c-4b09-a473-4c1e7be474b9
    method: GET
  response:
    body: '{"autohealing":true,"autoscaling":true,"cluster_id":"60d701b5-82c9-4d35-ba74-f7c0ec72c0b6","container_runtime":"containerd","created_at":"2023-05-26T13:20:00.721874Z","id":"950e6985-7c4c-4b09-a473-4c1e7be474b9","kubelet_args":{"maxPods":"1337"},"max_size":1,"min_size":1,"name":"default","node_type":"gp1_xs","placement_group_id":null,"region":"fr-par","root_volume_size":150000000000,"root_volume_type":"l_ssd","size":1,"status":"scaling","tags":["terraform-test","scaleway_k8s_cluster","kubelet_args"],"updated_at":"2023-05-26T13:20:00.818387Z","upgrade_policy":{"max_surge":0,"max_unavailable":1},"version":"1.27.1","zone":"fr-par-1"}'
    headers:
      Content-Length:
      - "637"
      Content-Security-Policy:
      - default-src 'none'; frame-ancestors 'none'
      Content-Type:
      - application/json
      Date:
      - Fri, 26 May 2023 13:20:28 GMT
      Server:
      - Scaleway API-Gateway
      Strict-Transport-Security:
      - max-age=63072000
      X-Content-Type-Options:
      - nosniff
      X-Frame-Options:
      - DENY
      X-Request-Id:
      - 3e64c64e-effc-4128-bb9f-29ad0e27bbaa
    status: 200 OK
    code: 200
    duration: ""
- request:
    body: ""
    form: {}
    headers:
      User-Agent:
      - scaleway-sdk-go/v1.0.0-beta.7+dev (go1.20.4; linux; amd64) terraform-provider/develop
        terraform/terraform-tests
    url: https://api.scaleway.com/k8s/v1/regions/fr-par/pools/950e6985-7c4c-4b09-a473-4c1e7be474b9
    method: GET
  response:
    body: '{"autohealing":true,"autoscaling":true,"cluster_id":"60d701b5-82c9-4d35-ba74-f7c0ec72c0b6","container_runtime":"containerd","created_at":"2023-05-26T13:20:00.721874Z","id":"950e6985-7c4c-4b09-a473-4c1e7be474b9","kubelet_args":{"maxPods":"1337"},"max_size":1,"min_size":1,"name":"default","node_type":"gp1_xs","placement_group_id":null,"region":"fr-par","root_volume_size":150000000000,"root_volume_type":"l_ssd","size":1,"status":"scaling","tags":["terraform-test","scaleway_k8s_cluster","kubelet_args"],"updated_at":"2023-05-26T13:20:00.818387Z","upgrade_policy":{"max_surge":0,"max_unavailable":1},"version":"1.27.1","zone":"fr-par-1"}'
    headers:
      Content-Length:
      - "637"
      Content-Security-Policy:
      - default-src 'none'; frame-ancestors 'none'
      Content-Type:
      - application/json
      Date:
      - Fri, 26 May 2023 13:20:33 GMT
      Server:
      - Scaleway API-Gateway
      Strict-Transport-Security:
      - max-age=63072000
      X-Content-Type-Options:
      - nosniff
      X-Frame-Options:
      - DENY
      X-Request-Id:
      - 4d964151-a80c-4386-998a-1cdc4b52bbd2
    status: 200 OK
    code: 200
    duration: ""
- request:
    body: ""
    form: {}
    headers:
      User-Agent:
      - scaleway-sdk-go/v1.0.0-beta.7+dev (go1.20.4; linux; amd64) terraform-provider/develop
        terraform/terraform-tests
    url: https://api.scaleway.com/k8s/v1/regions/fr-par/pools/950e6985-7c4c-4b09-a473-4c1e7be474b9
    method: GET
  response:
    body: '{"autohealing":true,"autoscaling":true,"cluster_id":"60d701b5-82c9-4d35-ba74-f7c0ec72c0b6","container_runtime":"containerd","created_at":"2023-05-26T13:20:00.721874Z","id":"950e6985-7c4c-4b09-a473-4c1e7be474b9","kubelet_args":{"maxPods":"1337"},"max_size":1,"min_size":1,"name":"default","node_type":"gp1_xs","placement_group_id":null,"region":"fr-par","root_volume_size":150000000000,"root_volume_type":"l_ssd","size":1,"status":"scaling","tags":["terraform-test","scaleway_k8s_cluster","kubelet_args"],"updated_at":"2023-05-26T13:20:00.818387Z","upgrade_policy":{"max_surge":0,"max_unavailable":1},"version":"1.27.1","zone":"fr-par-1"}'
    headers:
      Content-Length:
      - "637"
      Content-Security-Policy:
      - default-src 'none'; frame-ancestors 'none'
      Content-Type:
      - application/json
      Date:
      - Fri, 26 May 2023 13:20:38 GMT
      Server:
      - Scaleway API-Gateway
      Strict-Transport-Security:
      - max-age=63072000
      X-Content-Type-Options:
      - nosniff
      X-Frame-Options:
      - DENY
      X-Request-Id:
      - 42fd8752-2f16-48ae-a5aa-16f9d4c5d7f7
    status: 200 OK
    code: 200
    duration: ""
- request:
    body: ""
    form: {}
    headers:
      User-Agent:
      - scaleway-sdk-go/v1.0.0-beta.7+dev (go1.20.4; linux; amd64) terraform-provider/develop
        terraform/terraform-tests
    url: https://api.scaleway.com/k8s/v1/regions/fr-par/pools/950e6985-7c4c-4b09-a473-4c1e7be474b9
    method: GET
  response:
    body: '{"autohealing":true,"autoscaling":true,"cluster_id":"60d701b5-82c9-4d35-ba74-f7c0ec72c0b6","container_runtime":"containerd","created_at":"2023-05-26T13:20:00.721874Z","id":"950e6985-7c4c-4b09-a473-4c1e7be474b9","kubelet_args":{"maxPods":"1337"},"max_size":1,"min_size":1,"name":"default","node_type":"gp1_xs","placement_group_id":null,"region":"fr-par","root_volume_size":150000000000,"root_volume_type":"l_ssd","size":1,"status":"scaling","tags":["terraform-test","scaleway_k8s_cluster","kubelet_args"],"updated_at":"2023-05-26T13:20:00.818387Z","upgrade_policy":{"max_surge":0,"max_unavailable":1},"version":"1.27.1","zone":"fr-par-1"}'
    headers:
      Content-Length:
      - "637"
      Content-Security-Policy:
      - default-src 'none'; frame-ancestors 'none'
      Content-Type:
      - application/json
      Date:
      - Fri, 26 May 2023 13:20:43 GMT
      Server:
      - Scaleway API-Gateway
      Strict-Transport-Security:
      - max-age=63072000
      X-Content-Type-Options:
      - nosniff
      X-Frame-Options:
      - DENY
      X-Request-Id:
      - ceaa9d04-e56b-43e8-bd2d-1833047fc375
    status: 200 OK
    code: 200
    duration: ""
- request:
    body: ""
    form: {}
    headers:
      User-Agent:
      - scaleway-sdk-go/v1.0.0-beta.7+dev (go1.20.4; linux; amd64) terraform-provider/develop
        terraform/terraform-tests
    url: https://api.scaleway.com/k8s/v1/regions/fr-par/pools/950e6985-7c4c-4b09-a473-4c1e7be474b9
    method: GET
  response:
    body: '{"autohealing":true,"autoscaling":true,"cluster_id":"60d701b5-82c9-4d35-ba74-f7c0ec72c0b6","container_runtime":"containerd","created_at":"2023-05-26T13:20:00.721874Z","id":"950e6985-7c4c-4b09-a473-4c1e7be474b9","kubelet_args":{"maxPods":"1337"},"max_size":1,"min_size":1,"name":"default","node_type":"gp1_xs","placement_group_id":null,"region":"fr-par","root_volume_size":150000000000,"root_volume_type":"l_ssd","size":1,"status":"scaling","tags":["terraform-test","scaleway_k8s_cluster","kubelet_args"],"updated_at":"2023-05-26T13:20:00.818387Z","upgrade_policy":{"max_surge":0,"max_unavailable":1},"version":"1.27.1","zone":"fr-par-1"}'
    headers:
      Content-Length:
      - "637"
      Content-Security-Policy:
      - default-src 'none'; frame-ancestors 'none'
      Content-Type:
      - application/json
      Date:
      - Fri, 26 May 2023 13:20:48 GMT
      Server:
      - Scaleway API-Gateway
      Strict-Transport-Security:
      - max-age=63072000
      X-Content-Type-Options:
      - nosniff
      X-Frame-Options:
      - DENY
      X-Request-Id:
      - 696baaac-00fe-4b7f-9016-674813622417
    status: 200 OK
    code: 200
    duration: ""
- request:
    body: ""
    form: {}
    headers:
      User-Agent:
      - scaleway-sdk-go/v1.0.0-beta.7+dev (go1.20.4; linux; amd64) terraform-provider/develop
        terraform/terraform-tests
    url: https://api.scaleway.com/k8s/v1/regions/fr-par/pools/950e6985-7c4c-4b09-a473-4c1e7be474b9
    method: GET
  response:
    body: '{"autohealing":true,"autoscaling":true,"cluster_id":"60d701b5-82c9-4d35-ba74-f7c0ec72c0b6","container_runtime":"containerd","created_at":"2023-05-26T13:20:00.721874Z","id":"950e6985-7c4c-4b09-a473-4c1e7be474b9","kubelet_args":{"maxPods":"1337"},"max_size":1,"min_size":1,"name":"default","node_type":"gp1_xs","placement_group_id":null,"region":"fr-par","root_volume_size":150000000000,"root_volume_type":"l_ssd","size":1,"status":"scaling","tags":["terraform-test","scaleway_k8s_cluster","kubelet_args"],"updated_at":"2023-05-26T13:20:00.818387Z","upgrade_policy":{"max_surge":0,"max_unavailable":1},"version":"1.27.1","zone":"fr-par-1"}'
    headers:
      Content-Length:
      - "637"
      Content-Security-Policy:
      - default-src 'none'; frame-ancestors 'none'
      Content-Type:
      - application/json
      Date:
      - Fri, 26 May 2023 13:20:54 GMT
      Server:
      - Scaleway API-Gateway
      Strict-Transport-Security:
      - max-age=63072000
      X-Content-Type-Options:
      - nosniff
      X-Frame-Options:
      - DENY
      X-Request-Id:
      - 591b2ed3-e961-4972-bc65-49bfaf6dcd47
    status: 200 OK
    code: 200
    duration: ""
- request:
    body: ""
    form: {}
    headers:
      User-Agent:
      - scaleway-sdk-go/v1.0.0-beta.7+dev (go1.20.4; linux; amd64) terraform-provider/develop
        terraform/terraform-tests
    url: https://api.scaleway.com/k8s/v1/regions/fr-par/pools/950e6985-7c4c-4b09-a473-4c1e7be474b9
    method: GET
  response:
    body: '{"autohealing":true,"autoscaling":true,"cluster_id":"60d701b5-82c9-4d35-ba74-f7c0ec72c0b6","container_runtime":"containerd","created_at":"2023-05-26T13:20:00.721874Z","id":"950e6985-7c4c-4b09-a473-4c1e7be474b9","kubelet_args":{"maxPods":"1337"},"max_size":1,"min_size":1,"name":"default","node_type":"gp1_xs","placement_group_id":null,"region":"fr-par","root_volume_size":150000000000,"root_volume_type":"l_ssd","size":1,"status":"scaling","tags":["terraform-test","scaleway_k8s_cluster","kubelet_args"],"updated_at":"2023-05-26T13:20:00.818387Z","upgrade_policy":{"max_surge":0,"max_unavailable":1},"version":"1.27.1","zone":"fr-par-1"}'
    headers:
      Content-Length:
      - "637"
      Content-Security-Policy:
      - default-src 'none'; frame-ancestors 'none'
      Content-Type:
      - application/json
      Date:
      - Fri, 26 May 2023 13:20:59 GMT
      Server:
      - Scaleway API-Gateway
      Strict-Transport-Security:
      - max-age=63072000
      X-Content-Type-Options:
      - nosniff
      X-Frame-Options:
      - DENY
      X-Request-Id:
      - a8384703-ea99-459b-bd56-a5569b7dbb75
    status: 200 OK
    code: 200
    duration: ""
- request:
    body: ""
    form: {}
    headers:
      User-Agent:
      - scaleway-sdk-go/v1.0.0-beta.7+dev (go1.20.4; linux; amd64) terraform-provider/develop
        terraform/terraform-tests
    url: https://api.scaleway.com/k8s/v1/regions/fr-par/pools/950e6985-7c4c-4b09-a473-4c1e7be474b9
    method: GET
  response:
    body: '{"autohealing":true,"autoscaling":true,"cluster_id":"60d701b5-82c9-4d35-ba74-f7c0ec72c0b6","container_runtime":"containerd","created_at":"2023-05-26T13:20:00.721874Z","id":"950e6985-7c4c-4b09-a473-4c1e7be474b9","kubelet_args":{"maxPods":"1337"},"max_size":1,"min_size":1,"name":"default","node_type":"gp1_xs","placement_group_id":null,"region":"fr-par","root_volume_size":150000000000,"root_volume_type":"l_ssd","size":1,"status":"scaling","tags":["terraform-test","scaleway_k8s_cluster","kubelet_args"],"updated_at":"2023-05-26T13:20:00.818387Z","upgrade_policy":{"max_surge":0,"max_unavailable":1},"version":"1.27.1","zone":"fr-par-1"}'
    headers:
      Content-Length:
      - "637"
      Content-Security-Policy:
      - default-src 'none'; frame-ancestors 'none'
      Content-Type:
      - application/json
      Date:
      - Fri, 26 May 2023 13:21:04 GMT
      Server:
      - Scaleway API-Gateway
      Strict-Transport-Security:
      - max-age=63072000
      X-Content-Type-Options:
      - nosniff
      X-Frame-Options:
      - DENY
      X-Request-Id:
      - abcb3041-d27b-4340-bf45-8b3b2615354c
    status: 200 OK
    code: 200
    duration: ""
- request:
    body: ""
    form: {}
    headers:
      User-Agent:
      - scaleway-sdk-go/v1.0.0-beta.7+dev (go1.20.4; linux; amd64) terraform-provider/develop
        terraform/terraform-tests
    url: https://api.scaleway.com/k8s/v1/regions/fr-par/pools/950e6985-7c4c-4b09-a473-4c1e7be474b9
    method: GET
  response:
    body: '{"autohealing":true,"autoscaling":true,"cluster_id":"60d701b5-82c9-4d35-ba74-f7c0ec72c0b6","container_runtime":"containerd","created_at":"2023-05-26T13:20:00.721874Z","id":"950e6985-7c4c-4b09-a473-4c1e7be474b9","kubelet_args":{"maxPods":"1337"},"max_size":1,"min_size":1,"name":"default","node_type":"gp1_xs","placement_group_id":null,"region":"fr-par","root_volume_size":150000000000,"root_volume_type":"l_ssd","size":1,"status":"scaling","tags":["terraform-test","scaleway_k8s_cluster","kubelet_args"],"updated_at":"2023-05-26T13:20:00.818387Z","upgrade_policy":{"max_surge":0,"max_unavailable":1},"version":"1.27.1","zone":"fr-par-1"}'
    headers:
      Content-Length:
      - "637"
      Content-Security-Policy:
      - default-src 'none'; frame-ancestors 'none'
      Content-Type:
      - application/json
      Date:
      - Fri, 26 May 2023 13:21:09 GMT
      Server:
      - Scaleway API-Gateway
      Strict-Transport-Security:
      - max-age=63072000
      X-Content-Type-Options:
      - nosniff
      X-Frame-Options:
      - DENY
      X-Request-Id:
      - f3629654-baa1-425b-8495-89b2e50915e2
    status: 200 OK
    code: 200
    duration: ""
- request:
    body: ""
    form: {}
    headers:
      User-Agent:
      - scaleway-sdk-go/v1.0.0-beta.7+dev (go1.20.4; linux; amd64) terraform-provider/develop
        terraform/terraform-tests
    url: https://api.scaleway.com/k8s/v1/regions/fr-par/pools/950e6985-7c4c-4b09-a473-4c1e7be474b9
    method: GET
  response:
    body: '{"autohealing":true,"autoscaling":true,"cluster_id":"60d701b5-82c9-4d35-ba74-f7c0ec72c0b6","container_runtime":"containerd","created_at":"2023-05-26T13:20:00.721874Z","id":"950e6985-7c4c-4b09-a473-4c1e7be474b9","kubelet_args":{"maxPods":"1337"},"max_size":1,"min_size":1,"name":"default","node_type":"gp1_xs","placement_group_id":null,"region":"fr-par","root_volume_size":150000000000,"root_volume_type":"l_ssd","size":1,"status":"scaling","tags":["terraform-test","scaleway_k8s_cluster","kubelet_args"],"updated_at":"2023-05-26T13:20:00.818387Z","upgrade_policy":{"max_surge":0,"max_unavailable":1},"version":"1.27.1","zone":"fr-par-1"}'
    headers:
      Content-Length:
      - "637"
      Content-Security-Policy:
      - default-src 'none'; frame-ancestors 'none'
      Content-Type:
      - application/json
      Date:
      - Fri, 26 May 2023 13:21:14 GMT
      Server:
      - Scaleway API-Gateway
      Strict-Transport-Security:
      - max-age=63072000
      X-Content-Type-Options:
      - nosniff
      X-Frame-Options:
      - DENY
      X-Request-Id:
      - 5d512bc4-c77d-43d0-877d-c60fda9e7c13
    status: 200 OK
    code: 200
    duration: ""
- request:
    body: ""
    form: {}
    headers:
      User-Agent:
      - scaleway-sdk-go/v1.0.0-beta.7+dev (go1.20.4; linux; amd64) terraform-provider/develop
        terraform/terraform-tests
    url: https://api.scaleway.com/k8s/v1/regions/fr-par/pools/950e6985-7c4c-4b09-a473-4c1e7be474b9
    method: GET
  response:
    body: '{"autohealing":true,"autoscaling":true,"cluster_id":"60d701b5-82c9-4d35-ba74-f7c0ec72c0b6","container_runtime":"containerd","created_at":"2023-05-26T13:20:00.721874Z","id":"950e6985-7c4c-4b09-a473-4c1e7be474b9","kubelet_args":{"maxPods":"1337"},"max_size":1,"min_size":1,"name":"default","node_type":"gp1_xs","placement_group_id":null,"region":"fr-par","root_volume_size":150000000000,"root_volume_type":"l_ssd","size":1,"status":"scaling","tags":["terraform-test","scaleway_k8s_cluster","kubelet_args"],"updated_at":"2023-05-26T13:20:00.818387Z","upgrade_policy":{"max_surge":0,"max_unavailable":1},"version":"1.27.1","zone":"fr-par-1"}'
    headers:
      Content-Length:
      - "637"
      Content-Security-Policy:
      - default-src 'none'; frame-ancestors 'none'
      Content-Type:
      - application/json
      Date:
      - Fri, 26 May 2023 13:21:19 GMT
      Server:
      - Scaleway API-Gateway
      Strict-Transport-Security:
      - max-age=63072000
      X-Content-Type-Options:
      - nosniff
      X-Frame-Options:
      - DENY
      X-Request-Id:
      - b06b432d-e890-4388-9e22-bb0ba8603a91
    status: 200 OK
    code: 200
    duration: ""
- request:
    body: ""
    form: {}
    headers:
      User-Agent:
      - scaleway-sdk-go/v1.0.0-beta.7+dev (go1.20.4; linux; amd64) terraform-provider/develop
        terraform/terraform-tests
    url: https://api.scaleway.com/k8s/v1/regions/fr-par/pools/950e6985-7c4c-4b09-a473-4c1e7be474b9
    method: GET
  response:
    body: '{"autohealing":true,"autoscaling":true,"cluster_id":"60d701b5-82c9-4d35-ba74-f7c0ec72c0b6","container_runtime":"containerd","created_at":"2023-05-26T13:20:00.721874Z","id":"950e6985-7c4c-4b09-a473-4c1e7be474b9","kubelet_args":{"maxPods":"1337"},"max_size":1,"min_size":1,"name":"default","node_type":"gp1_xs","placement_group_id":null,"region":"fr-par","root_volume_size":150000000000,"root_volume_type":"l_ssd","size":1,"status":"scaling","tags":["terraform-test","scaleway_k8s_cluster","kubelet_args"],"updated_at":"2023-05-26T13:20:00.818387Z","upgrade_policy":{"max_surge":0,"max_unavailable":1},"version":"1.27.1","zone":"fr-par-1"}'
    headers:
      Content-Length:
      - "637"
      Content-Security-Policy:
      - default-src 'none'; frame-ancestors 'none'
      Content-Type:
      - application/json
      Date:
      - Fri, 26 May 2023 13:21:24 GMT
      Server:
      - Scaleway API-Gateway
      Strict-Transport-Security:
      - max-age=63072000
      X-Content-Type-Options:
      - nosniff
      X-Frame-Options:
      - DENY
      X-Request-Id:
      - 2ddea974-9dbf-4c98-a112-dbca68d3c94a
    status: 200 OK
    code: 200
    duration: ""
- request:
    body: ""
    form: {}
    headers:
      User-Agent:
      - scaleway-sdk-go/v1.0.0-beta.7+dev (go1.20.4; linux; amd64) terraform-provider/develop
        terraform/terraform-tests
    url: https://api.scaleway.com/k8s/v1/regions/fr-par/pools/950e6985-7c4c-4b09-a473-4c1e7be474b9
    method: GET
  response:
    body: '{"autohealing":true,"autoscaling":true,"cluster_id":"60d701b5-82c9-4d35-ba74-f7c0ec72c0b6","container_runtime":"containerd","created_at":"2023-05-26T13:20:00.721874Z","id":"950e6985-7c4c-4b09-a473-4c1e7be474b9","kubelet_args":{"maxPods":"1337"},"max_size":1,"min_size":1,"name":"default","node_type":"gp1_xs","placement_group_id":null,"region":"fr-par","root_volume_size":150000000000,"root_volume_type":"l_ssd","size":1,"status":"scaling","tags":["terraform-test","scaleway_k8s_cluster","kubelet_args"],"updated_at":"2023-05-26T13:20:00.818387Z","upgrade_policy":{"max_surge":0,"max_unavailable":1},"version":"1.27.1","zone":"fr-par-1"}'
    headers:
      Content-Length:
      - "637"
      Content-Security-Policy:
      - default-src 'none'; frame-ancestors 'none'
      Content-Type:
      - application/json
      Date:
      - Fri, 26 May 2023 13:21:29 GMT
      Server:
      - Scaleway API-Gateway
      Strict-Transport-Security:
      - max-age=63072000
      X-Content-Type-Options:
      - nosniff
      X-Frame-Options:
      - DENY
      X-Request-Id:
      - 8dbe7c4e-afd9-42ef-a968-f2c1049d9296
    status: 200 OK
    code: 200
    duration: ""
- request:
    body: ""
    form: {}
    headers:
      User-Agent:
      - scaleway-sdk-go/v1.0.0-beta.7+dev (go1.20.4; linux; amd64) terraform-provider/develop
        terraform/terraform-tests
    url: https://api.scaleway.com/k8s/v1/regions/fr-par/pools/950e6985-7c4c-4b09-a473-4c1e7be474b9
    method: GET
  response:
    body: '{"autohealing":true,"autoscaling":true,"cluster_id":"60d701b5-82c9-4d35-ba74-f7c0ec72c0b6","container_runtime":"containerd","created_at":"2023-05-26T13:20:00.721874Z","id":"950e6985-7c4c-4b09-a473-4c1e7be474b9","kubelet_args":{"maxPods":"1337"},"max_size":1,"min_size":1,"name":"default","node_type":"gp1_xs","placement_group_id":null,"region":"fr-par","root_volume_size":150000000000,"root_volume_type":"l_ssd","size":1,"status":"scaling","tags":["terraform-test","scaleway_k8s_cluster","kubelet_args"],"updated_at":"2023-05-26T13:20:00.818387Z","upgrade_policy":{"max_surge":0,"max_unavailable":1},"version":"1.27.1","zone":"fr-par-1"}'
    headers:
      Content-Length:
      - "637"
      Content-Security-Policy:
      - default-src 'none'; frame-ancestors 'none'
      Content-Type:
      - application/json
      Date:
      - Fri, 26 May 2023 13:21:34 GMT
      Server:
      - Scaleway API-Gateway
      Strict-Transport-Security:
      - max-age=63072000
      X-Content-Type-Options:
      - nosniff
      X-Frame-Options:
      - DENY
      X-Request-Id:
      - cdbbe507-3c02-4bd3-bc95-8ef4f68cc3fa
    status: 200 OK
    code: 200
    duration: ""
- request:
    body: ""
    form: {}
    headers:
      User-Agent:
      - scaleway-sdk-go/v1.0.0-beta.7+dev (go1.20.4; linux; amd64) terraform-provider/develop
        terraform/terraform-tests
    url: https://api.scaleway.com/k8s/v1/regions/fr-par/pools/950e6985-7c4c-4b09-a473-4c1e7be474b9
    method: GET
  response:
    body: '{"autohealing":true,"autoscaling":true,"cluster_id":"60d701b5-82c9-4d35-ba74-f7c0ec72c0b6","container_runtime":"containerd","created_at":"2023-05-26T13:20:00.721874Z","id":"950e6985-7c4c-4b09-a473-4c1e7be474b9","kubelet_args":{"maxPods":"1337"},"max_size":1,"min_size":1,"name":"default","node_type":"gp1_xs","placement_group_id":null,"region":"fr-par","root_volume_size":150000000000,"root_volume_type":"l_ssd","size":1,"status":"scaling","tags":["terraform-test","scaleway_k8s_cluster","kubelet_args"],"updated_at":"2023-05-26T13:20:00.818387Z","upgrade_policy":{"max_surge":0,"max_unavailable":1},"version":"1.27.1","zone":"fr-par-1"}'
    headers:
      Content-Length:
      - "637"
      Content-Security-Policy:
      - default-src 'none'; frame-ancestors 'none'
      Content-Type:
      - application/json
      Date:
      - Fri, 26 May 2023 13:21:39 GMT
      Server:
      - Scaleway API-Gateway
      Strict-Transport-Security:
      - max-age=63072000
      X-Content-Type-Options:
      - nosniff
      X-Frame-Options:
      - DENY
      X-Request-Id:
      - 3f0b2bb6-05e3-4d66-abaa-9ca45c7e90e9
    status: 200 OK
    code: 200
    duration: ""
- request:
    body: ""
    form: {}
    headers:
      User-Agent:
      - scaleway-sdk-go/v1.0.0-beta.7+dev (go1.20.4; linux; amd64) terraform-provider/develop
        terraform/terraform-tests
    url: https://api.scaleway.com/k8s/v1/regions/fr-par/pools/950e6985-7c4c-4b09-a473-4c1e7be474b9
    method: GET
  response:
    body: '{"autohealing":true,"autoscaling":true,"cluster_id":"60d701b5-82c9-4d35-ba74-f7c0ec72c0b6","container_runtime":"containerd","created_at":"2023-05-26T13:20:00.721874Z","id":"950e6985-7c4c-4b09-a473-4c1e7be474b9","kubelet_args":{"maxPods":"1337"},"max_size":1,"min_size":1,"name":"default","node_type":"gp1_xs","placement_group_id":null,"region":"fr-par","root_volume_size":150000000000,"root_volume_type":"l_ssd","size":1,"status":"scaling","tags":["terraform-test","scaleway_k8s_cluster","kubelet_args"],"updated_at":"2023-05-26T13:20:00.818387Z","upgrade_policy":{"max_surge":0,"max_unavailable":1},"version":"1.27.1","zone":"fr-par-1"}'
    headers:
      Content-Length:
      - "637"
      Content-Security-Policy:
      - default-src 'none'; frame-ancestors 'none'
      Content-Type:
      - application/json
      Date:
      - Fri, 26 May 2023 13:21:44 GMT
      Server:
      - Scaleway API-Gateway
      Strict-Transport-Security:
      - max-age=63072000
      X-Content-Type-Options:
      - nosniff
      X-Frame-Options:
      - DENY
      X-Request-Id:
      - bd737dea-29f0-481c-a862-35ee6f848ab7
    status: 200 OK
    code: 200
    duration: ""
- request:
    body: ""
    form: {}
    headers:
      User-Agent:
      - scaleway-sdk-go/v1.0.0-beta.7+dev (go1.20.4; linux; amd64) terraform-provider/develop
        terraform/terraform-tests
    url: https://api.scaleway.com/k8s/v1/regions/fr-par/pools/950e6985-7c4c-4b09-a473-4c1e7be474b9
    method: GET
  response:
    body: '{"autohealing":true,"autoscaling":true,"cluster_id":"60d701b5-82c9-4d35-ba74-f7c0ec72c0b6","container_runtime":"containerd","created_at":"2023-05-26T13:20:00.721874Z","id":"950e6985-7c4c-4b09-a473-4c1e7be474b9","kubelet_args":{"maxPods":"1337"},"max_size":1,"min_size":1,"name":"default","node_type":"gp1_xs","placement_group_id":null,"region":"fr-par","root_volume_size":150000000000,"root_volume_type":"l_ssd","size":1,"status":"scaling","tags":["terraform-test","scaleway_k8s_cluster","kubelet_args"],"updated_at":"2023-05-26T13:20:00.818387Z","upgrade_policy":{"max_surge":0,"max_unavailable":1},"version":"1.27.1","zone":"fr-par-1"}'
    headers:
      Content-Length:
      - "637"
      Content-Security-Policy:
      - default-src 'none'; frame-ancestors 'none'
      Content-Type:
      - application/json
      Date:
      - Fri, 26 May 2023 13:21:50 GMT
      Server:
      - Scaleway API-Gateway
      Strict-Transport-Security:
      - max-age=63072000
      X-Content-Type-Options:
      - nosniff
      X-Frame-Options:
      - DENY
      X-Request-Id:
      - d3c7d1b0-53b8-4460-89d3-0f3145bd27e2
    status: 200 OK
    code: 200
    duration: ""
- request:
    body: ""
    form: {}
    headers:
      User-Agent:
      - scaleway-sdk-go/v1.0.0-beta.7+dev (go1.20.4; linux; amd64) terraform-provider/develop
        terraform/terraform-tests
    url: https://api.scaleway.com/k8s/v1/regions/fr-par/pools/950e6985-7c4c-4b09-a473-4c1e7be474b9
    method: GET
  response:
    body: '{"autohealing":true,"autoscaling":true,"cluster_id":"60d701b5-82c9-4d35-ba74-f7c0ec72c0b6","container_runtime":"containerd","created_at":"2023-05-26T13:20:00.721874Z","id":"950e6985-7c4c-4b09-a473-4c1e7be474b9","kubelet_args":{"maxPods":"1337"},"max_size":1,"min_size":1,"name":"default","node_type":"gp1_xs","placement_group_id":null,"region":"fr-par","root_volume_size":150000000000,"root_volume_type":"l_ssd","size":1,"status":"scaling","tags":["terraform-test","scaleway_k8s_cluster","kubelet_args"],"updated_at":"2023-05-26T13:20:00.818387Z","upgrade_policy":{"max_surge":0,"max_unavailable":1},"version":"1.27.1","zone":"fr-par-1"}'
    headers:
      Content-Length:
      - "637"
      Content-Security-Policy:
      - default-src 'none'; frame-ancestors 'none'
      Content-Type:
      - application/json
      Date:
      - Fri, 26 May 2023 13:21:55 GMT
      Server:
      - Scaleway API-Gateway
      Strict-Transport-Security:
      - max-age=63072000
      X-Content-Type-Options:
      - nosniff
      X-Frame-Options:
      - DENY
      X-Request-Id:
      - ac29376c-3471-4a03-bf12-bb0e23056fba
    status: 200 OK
    code: 200
    duration: ""
- request:
    body: ""
    form: {}
    headers:
      User-Agent:
      - scaleway-sdk-go/v1.0.0-beta.7+dev (go1.20.4; linux; amd64) terraform-provider/develop
        terraform/terraform-tests
    url: https://api.scaleway.com/k8s/v1/regions/fr-par/pools/950e6985-7c4c-4b09-a473-4c1e7be474b9
    method: GET
  response:
    body: '{"autohealing":true,"autoscaling":true,"cluster_id":"60d701b5-82c9-4d35-ba74-f7c0ec72c0b6","container_runtime":"containerd","created_at":"2023-05-26T13:20:00.721874Z","id":"950e6985-7c4c-4b09-a473-4c1e7be474b9","kubelet_args":{"maxPods":"1337"},"max_size":1,"min_size":1,"name":"default","node_type":"gp1_xs","placement_group_id":null,"region":"fr-par","root_volume_size":150000000000,"root_volume_type":"l_ssd","size":1,"status":"scaling","tags":["terraform-test","scaleway_k8s_cluster","kubelet_args"],"updated_at":"2023-05-26T13:20:00.818387Z","upgrade_policy":{"max_surge":0,"max_unavailable":1},"version":"1.27.1","zone":"fr-par-1"}'
    headers:
      Content-Length:
      - "637"
      Content-Security-Policy:
      - default-src 'none'; frame-ancestors 'none'
      Content-Type:
      - application/json
      Date:
      - Fri, 26 May 2023 13:22:00 GMT
      Server:
      - Scaleway API-Gateway
      Strict-Transport-Security:
      - max-age=63072000
      X-Content-Type-Options:
      - nosniff
      X-Frame-Options:
      - DENY
      X-Request-Id:
      - 503953c9-d067-4eb9-be3f-dae7db99a4a2
    status: 200 OK
    code: 200
    duration: ""
- request:
    body: ""
    form: {}
    headers:
      User-Agent:
      - scaleway-sdk-go/v1.0.0-beta.7+dev (go1.20.4; linux; amd64) terraform-provider/develop
        terraform/terraform-tests
    url: https://api.scaleway.com/k8s/v1/regions/fr-par/pools/950e6985-7c4c-4b09-a473-4c1e7be474b9
    method: GET
  response:
    body: '{"autohealing":true,"autoscaling":true,"cluster_id":"60d701b5-82c9-4d35-ba74-f7c0ec72c0b6","container_runtime":"containerd","created_at":"2023-05-26T13:20:00.721874Z","id":"950e6985-7c4c-4b09-a473-4c1e7be474b9","kubelet_args":{"maxPods":"1337"},"max_size":1,"min_size":1,"name":"default","node_type":"gp1_xs","placement_group_id":null,"region":"fr-par","root_volume_size":150000000000,"root_volume_type":"l_ssd","size":1,"status":"scaling","tags":["terraform-test","scaleway_k8s_cluster","kubelet_args"],"updated_at":"2023-05-26T13:20:00.818387Z","upgrade_policy":{"max_surge":0,"max_unavailable":1},"version":"1.27.1","zone":"fr-par-1"}'
    headers:
      Content-Length:
      - "637"
      Content-Security-Policy:
      - default-src 'none'; frame-ancestors 'none'
      Content-Type:
      - application/json
      Date:
      - Fri, 26 May 2023 13:22:05 GMT
      Server:
      - Scaleway API-Gateway
      Strict-Transport-Security:
      - max-age=63072000
      X-Content-Type-Options:
      - nosniff
      X-Frame-Options:
      - DENY
      X-Request-Id:
      - 54a1e9e2-9de2-46c8-82e4-e75616d675c2
    status: 200 OK
    code: 200
    duration: ""
- request:
    body: ""
    form: {}
    headers:
      User-Agent:
      - scaleway-sdk-go/v1.0.0-beta.7+dev (go1.20.4; linux; amd64) terraform-provider/develop
        terraform/terraform-tests
    url: https://api.scaleway.com/k8s/v1/regions/fr-par/pools/950e6985-7c4c-4b09-a473-4c1e7be474b9
    method: GET
  response:
    body: '{"autohealing":true,"autoscaling":true,"cluster_id":"60d701b5-82c9-4d35-ba74-f7c0ec72c0b6","container_runtime":"containerd","created_at":"2023-05-26T13:20:00.721874Z","id":"950e6985-7c4c-4b09-a473-4c1e7be474b9","kubelet_args":{"maxPods":"1337"},"max_size":1,"min_size":1,"name":"default","node_type":"gp1_xs","placement_group_id":null,"region":"fr-par","root_volume_size":150000000000,"root_volume_type":"l_ssd","size":1,"status":"scaling","tags":["terraform-test","scaleway_k8s_cluster","kubelet_args"],"updated_at":"2023-05-26T13:20:00.818387Z","upgrade_policy":{"max_surge":0,"max_unavailable":1},"version":"1.27.1","zone":"fr-par-1"}'
    headers:
      Content-Length:
      - "637"
      Content-Security-Policy:
      - default-src 'none'; frame-ancestors 'none'
      Content-Type:
      - application/json
      Date:
      - Fri, 26 May 2023 13:22:10 GMT
      Server:
      - Scaleway API-Gateway
      Strict-Transport-Security:
      - max-age=63072000
      X-Content-Type-Options:
      - nosniff
      X-Frame-Options:
      - DENY
      X-Request-Id:
      - 15a5a5b0-3bea-4dc1-91cb-7588e058b292
    status: 200 OK
    code: 200
    duration: ""
- request:
    body: ""
    form: {}
    headers:
      User-Agent:
      - scaleway-sdk-go/v1.0.0-beta.7+dev (go1.20.4; linux; amd64) terraform-provider/develop
        terraform/terraform-tests
    url: https://api.scaleway.com/k8s/v1/regions/fr-par/pools/950e6985-7c4c-4b09-a473-4c1e7be474b9
    method: GET
  response:
    body: '{"autohealing":true,"autoscaling":true,"cluster_id":"60d701b5-82c9-4d35-ba74-f7c0ec72c0b6","container_runtime":"containerd","created_at":"2023-05-26T13:20:00.721874Z","id":"950e6985-7c4c-4b09-a473-4c1e7be474b9","kubelet_args":{"maxPods":"1337"},"max_size":1,"min_size":1,"name":"default","node_type":"gp1_xs","placement_group_id":null,"region":"fr-par","root_volume_size":150000000000,"root_volume_type":"l_ssd","size":1,"status":"scaling","tags":["terraform-test","scaleway_k8s_cluster","kubelet_args"],"updated_at":"2023-05-26T13:20:00.818387Z","upgrade_policy":{"max_surge":0,"max_unavailable":1},"version":"1.27.1","zone":"fr-par-1"}'
    headers:
      Content-Length:
      - "637"
      Content-Security-Policy:
      - default-src 'none'; frame-ancestors 'none'
      Content-Type:
      - application/json
      Date:
      - Fri, 26 May 2023 13:22:15 GMT
      Server:
      - Scaleway API-Gateway
      Strict-Transport-Security:
      - max-age=63072000
      X-Content-Type-Options:
      - nosniff
      X-Frame-Options:
      - DENY
      X-Request-Id:
      - 8c27f3cd-e21f-4649-b8f5-521800cf48a7
    status: 200 OK
    code: 200
    duration: ""
- request:
    body: ""
    form: {}
    headers:
      User-Agent:
      - scaleway-sdk-go/v1.0.0-beta.7+dev (go1.20.4; linux; amd64) terraform-provider/develop
        terraform/terraform-tests
    url: https://api.scaleway.com/k8s/v1/regions/fr-par/pools/950e6985-7c4c-4b09-a473-4c1e7be474b9
    method: GET
  response:
    body: '{"autohealing":true,"autoscaling":true,"cluster_id":"60d701b5-82c9-4d35-ba74-f7c0ec72c0b6","container_runtime":"containerd","created_at":"2023-05-26T13:20:00.721874Z","id":"950e6985-7c4c-4b09-a473-4c1e7be474b9","kubelet_args":{"maxPods":"1337"},"max_size":1,"min_size":1,"name":"default","node_type":"gp1_xs","placement_group_id":null,"region":"fr-par","root_volume_size":150000000000,"root_volume_type":"l_ssd","size":1,"status":"scaling","tags":["terraform-test","scaleway_k8s_cluster","kubelet_args"],"updated_at":"2023-05-26T13:20:00.818387Z","upgrade_policy":{"max_surge":0,"max_unavailable":1},"version":"1.27.1","zone":"fr-par-1"}'
    headers:
      Content-Length:
      - "637"
      Content-Security-Policy:
      - default-src 'none'; frame-ancestors 'none'
      Content-Type:
      - application/json
      Date:
      - Fri, 26 May 2023 13:22:21 GMT
      Server:
      - Scaleway API-Gateway
      Strict-Transport-Security:
      - max-age=63072000
      X-Content-Type-Options:
      - nosniff
      X-Frame-Options:
      - DENY
      X-Request-Id:
      - 2f451019-b6f6-4061-bf5d-a9527974c2ce
    status: 200 OK
    code: 200
    duration: ""
- request:
    body: ""
    form: {}
    headers:
      User-Agent:
      - scaleway-sdk-go/v1.0.0-beta.7+dev (go1.20.4; linux; amd64) terraform-provider/develop
        terraform/terraform-tests
    url: https://api.scaleway.com/k8s/v1/regions/fr-par/pools/950e6985-7c4c-4b09-a473-4c1e7be474b9
    method: GET
  response:
    body: '{"autohealing":true,"autoscaling":true,"cluster_id":"60d701b5-82c9-4d35-ba74-f7c0ec72c0b6","container_runtime":"containerd","created_at":"2023-05-26T13:20:00.721874Z","id":"950e6985-7c4c-4b09-a473-4c1e7be474b9","kubelet_args":{"maxPods":"1337"},"max_size":1,"min_size":1,"name":"default","node_type":"gp1_xs","placement_group_id":null,"region":"fr-par","root_volume_size":150000000000,"root_volume_type":"l_ssd","size":1,"status":"scaling","tags":["terraform-test","scaleway_k8s_cluster","kubelet_args"],"updated_at":"2023-05-26T13:20:00.818387Z","upgrade_policy":{"max_surge":0,"max_unavailable":1},"version":"1.27.1","zone":"fr-par-1"}'
    headers:
      Content-Length:
      - "637"
      Content-Security-Policy:
      - default-src 'none'; frame-ancestors 'none'
      Content-Type:
      - application/json
      Date:
      - Fri, 26 May 2023 13:22:26 GMT
      Server:
      - Scaleway API-Gateway
      Strict-Transport-Security:
      - max-age=63072000
      X-Content-Type-Options:
      - nosniff
      X-Frame-Options:
      - DENY
      X-Request-Id:
      - 1f0af9c2-2e56-4110-94f9-9033936a78da
    status: 200 OK
    code: 200
    duration: ""
- request:
    body: ""
    form: {}
    headers:
      User-Agent:
      - scaleway-sdk-go/v1.0.0-beta.7+dev (go1.20.4; linux; amd64) terraform-provider/develop
        terraform/terraform-tests
    url: https://api.scaleway.com/k8s/v1/regions/fr-par/pools/950e6985-7c4c-4b09-a473-4c1e7be474b9
    method: GET
  response:
    body: '{"autohealing":true,"autoscaling":true,"cluster_id":"60d701b5-82c9-4d35-ba74-f7c0ec72c0b6","container_runtime":"containerd","created_at":"2023-05-26T13:20:00.721874Z","id":"950e6985-7c4c-4b09-a473-4c1e7be474b9","kubelet_args":{"maxPods":"1337"},"max_size":1,"min_size":1,"name":"default","node_type":"gp1_xs","placement_group_id":null,"region":"fr-par","root_volume_size":150000000000,"root_volume_type":"l_ssd","size":1,"status":"scaling","tags":["terraform-test","scaleway_k8s_cluster","kubelet_args"],"updated_at":"2023-05-26T13:20:00.818387Z","upgrade_policy":{"max_surge":0,"max_unavailable":1},"version":"1.27.1","zone":"fr-par-1"}'
    headers:
      Content-Length:
      - "637"
      Content-Security-Policy:
      - default-src 'none'; frame-ancestors 'none'
      Content-Type:
      - application/json
      Date:
      - Fri, 26 May 2023 13:22:31 GMT
      Server:
      - Scaleway API-Gateway
      Strict-Transport-Security:
      - max-age=63072000
      X-Content-Type-Options:
      - nosniff
      X-Frame-Options:
      - DENY
      X-Request-Id:
      - 62f76df5-a70e-4bf5-9652-f8067224bf95
    status: 200 OK
    code: 200
    duration: ""
- request:
    body: ""
    form: {}
    headers:
      User-Agent:
      - scaleway-sdk-go/v1.0.0-beta.7+dev (go1.20.4; linux; amd64) terraform-provider/develop
        terraform/terraform-tests
    url: https://api.scaleway.com/k8s/v1/regions/fr-par/pools/950e6985-7c4c-4b09-a473-4c1e7be474b9
    method: GET
  response:
    body: '{"autohealing":true,"autoscaling":true,"cluster_id":"60d701b5-82c9-4d35-ba74-f7c0ec72c0b6","container_runtime":"containerd","created_at":"2023-05-26T13:20:00.721874Z","id":"950e6985-7c4c-4b09-a473-4c1e7be474b9","kubelet_args":{"maxPods":"1337"},"max_size":1,"min_size":1,"name":"default","node_type":"gp1_xs","placement_group_id":null,"region":"fr-par","root_volume_size":150000000000,"root_volume_type":"l_ssd","size":1,"status":"scaling","tags":["terraform-test","scaleway_k8s_cluster","kubelet_args"],"updated_at":"2023-05-26T13:20:00.818387Z","upgrade_policy":{"max_surge":0,"max_unavailable":1},"version":"1.27.1","zone":"fr-par-1"}'
    headers:
      Content-Length:
      - "637"
      Content-Security-Policy:
      - default-src 'none'; frame-ancestors 'none'
      Content-Type:
      - application/json
      Date:
      - Fri, 26 May 2023 13:22:36 GMT
      Server:
      - Scaleway API-Gateway
      Strict-Transport-Security:
      - max-age=63072000
      X-Content-Type-Options:
      - nosniff
      X-Frame-Options:
      - DENY
      X-Request-Id:
      - 3fbad64d-ed89-4478-9338-eb402062a4d5
    status: 200 OK
    code: 200
    duration: ""
- request:
    body: ""
    form: {}
    headers:
      User-Agent:
      - scaleway-sdk-go/v1.0.0-beta.7+dev (go1.20.4; linux; amd64) terraform-provider/develop
        terraform/terraform-tests
    url: https://api.scaleway.com/k8s/v1/regions/fr-par/pools/950e6985-7c4c-4b09-a473-4c1e7be474b9
    method: GET
  response:
    body: '{"autohealing":true,"autoscaling":true,"cluster_id":"60d701b5-82c9-4d35-ba74-f7c0ec72c0b6","container_runtime":"containerd","created_at":"2023-05-26T13:20:00.721874Z","id":"950e6985-7c4c-4b09-a473-4c1e7be474b9","kubelet_args":{"maxPods":"1337"},"max_size":1,"min_size":1,"name":"default","node_type":"gp1_xs","placement_group_id":null,"region":"fr-par","root_volume_size":150000000000,"root_volume_type":"l_ssd","size":1,"status":"scaling","tags":["terraform-test","scaleway_k8s_cluster","kubelet_args"],"updated_at":"2023-05-26T13:20:00.818387Z","upgrade_policy":{"max_surge":0,"max_unavailable":1},"version":"1.27.1","zone":"fr-par-1"}'
    headers:
      Content-Length:
      - "637"
      Content-Security-Policy:
      - default-src 'none'; frame-ancestors 'none'
      Content-Type:
      - application/json
      Date:
      - Fri, 26 May 2023 13:22:42 GMT
      Server:
      - Scaleway API-Gateway
      Strict-Transport-Security:
      - max-age=63072000
      X-Content-Type-Options:
      - nosniff
      X-Frame-Options:
      - DENY
      X-Request-Id:
      - 3900bbaf-69a2-4a73-af0b-956c342895b4
    status: 200 OK
    code: 200
    duration: ""
- request:
    body: ""
    form: {}
    headers:
      User-Agent:
      - scaleway-sdk-go/v1.0.0-beta.7+dev (go1.20.4; linux; amd64) terraform-provider/develop
        terraform/terraform-tests
    url: https://api.scaleway.com/k8s/v1/regions/fr-par/pools/950e6985-7c4c-4b09-a473-4c1e7be474b9
    method: GET
  response:
    body: '{"autohealing":true,"autoscaling":true,"cluster_id":"60d701b5-82c9-4d35-ba74-f7c0ec72c0b6","container_runtime":"containerd","created_at":"2023-05-26T13:20:00.721874Z","id":"950e6985-7c4c-4b09-a473-4c1e7be474b9","kubelet_args":{"maxPods":"1337"},"max_size":1,"min_size":1,"name":"default","node_type":"gp1_xs","placement_group_id":null,"region":"fr-par","root_volume_size":150000000000,"root_volume_type":"l_ssd","size":1,"status":"scaling","tags":["terraform-test","scaleway_k8s_cluster","kubelet_args"],"updated_at":"2023-05-26T13:20:00.818387Z","upgrade_policy":{"max_surge":0,"max_unavailable":1},"version":"1.27.1","zone":"fr-par-1"}'
    headers:
      Content-Length:
      - "637"
      Content-Security-Policy:
      - default-src 'none'; frame-ancestors 'none'
      Content-Type:
      - application/json
      Date:
      - Fri, 26 May 2023 13:22:47 GMT
      Server:
      - Scaleway API-Gateway
      Strict-Transport-Security:
      - max-age=63072000
      X-Content-Type-Options:
      - nosniff
      X-Frame-Options:
      - DENY
      X-Request-Id:
      - 7ffd63ce-439d-4cd4-a2e6-d2d05378b0e7
    status: 200 OK
    code: 200
    duration: ""
- request:
    body: ""
    form: {}
    headers:
      User-Agent:
      - scaleway-sdk-go/v1.0.0-beta.7+dev (go1.20.4; linux; amd64) terraform-provider/develop
        terraform/terraform-tests
    url: https://api.scaleway.com/k8s/v1/regions/fr-par/pools/950e6985-7c4c-4b09-a473-4c1e7be474b9
    method: GET
  response:
    body: '{"autohealing":true,"autoscaling":true,"cluster_id":"60d701b5-82c9-4d35-ba74-f7c0ec72c0b6","container_runtime":"containerd","created_at":"2023-05-26T13:20:00.721874Z","id":"950e6985-7c4c-4b09-a473-4c1e7be474b9","kubelet_args":{"maxPods":"1337"},"max_size":1,"min_size":1,"name":"default","node_type":"gp1_xs","placement_group_id":null,"region":"fr-par","root_volume_size":150000000000,"root_volume_type":"l_ssd","size":1,"status":"scaling","tags":["terraform-test","scaleway_k8s_cluster","kubelet_args"],"updated_at":"2023-05-26T13:20:00.818387Z","upgrade_policy":{"max_surge":0,"max_unavailable":1},"version":"1.27.1","zone":"fr-par-1"}'
    headers:
      Content-Length:
      - "637"
      Content-Security-Policy:
      - default-src 'none'; frame-ancestors 'none'
      Content-Type:
      - application/json
      Date:
      - Fri, 26 May 2023 13:22:52 GMT
      Server:
      - Scaleway API-Gateway
      Strict-Transport-Security:
      - max-age=63072000
      X-Content-Type-Options:
      - nosniff
      X-Frame-Options:
      - DENY
      X-Request-Id:
      - 1bea3e17-8de0-41ad-8faf-ad2faec2e6f7
    status: 200 OK
    code: 200
    duration: ""
- request:
    body: ""
    form: {}
    headers:
      User-Agent:
      - scaleway-sdk-go/v1.0.0-beta.7+dev (go1.20.4; linux; amd64) terraform-provider/develop
        terraform/terraform-tests
    url: https://api.scaleway.com/k8s/v1/regions/fr-par/pools/950e6985-7c4c-4b09-a473-4c1e7be474b9
    method: GET
  response:
    body: '{"autohealing":true,"autoscaling":true,"cluster_id":"60d701b5-82c9-4d35-ba74-f7c0ec72c0b6","container_runtime":"containerd","created_at":"2023-05-26T13:20:00.721874Z","id":"950e6985-7c4c-4b09-a473-4c1e7be474b9","kubelet_args":{"maxPods":"1337"},"max_size":1,"min_size":1,"name":"default","node_type":"gp1_xs","placement_group_id":null,"region":"fr-par","root_volume_size":150000000000,"root_volume_type":"l_ssd","size":1,"status":"scaling","tags":["terraform-test","scaleway_k8s_cluster","kubelet_args"],"updated_at":"2023-05-26T13:20:00.818387Z","upgrade_policy":{"max_surge":0,"max_unavailable":1},"version":"1.27.1","zone":"fr-par-1"}'
    headers:
      Content-Length:
      - "637"
      Content-Security-Policy:
      - default-src 'none'; frame-ancestors 'none'
      Content-Type:
      - application/json
      Date:
      - Fri, 26 May 2023 13:22:57 GMT
      Server:
      - Scaleway API-Gateway
      Strict-Transport-Security:
      - max-age=63072000
      X-Content-Type-Options:
      - nosniff
      X-Frame-Options:
      - DENY
      X-Request-Id:
      - ad576769-b16a-4d5b-bb5e-ebc4b8d0b80b
    status: 200 OK
    code: 200
    duration: ""
- request:
    body: ""
    form: {}
    headers:
      User-Agent:
      - scaleway-sdk-go/v1.0.0-beta.7+dev (go1.20.4; linux; amd64) terraform-provider/develop
        terraform/terraform-tests
    url: https://api.scaleway.com/k8s/v1/regions/fr-par/pools/950e6985-7c4c-4b09-a473-4c1e7be474b9
    method: GET
  response:
    body: '{"autohealing":true,"autoscaling":true,"cluster_id":"60d701b5-82c9-4d35-ba74-f7c0ec72c0b6","container_runtime":"containerd","created_at":"2023-05-26T13:20:00.721874Z","id":"950e6985-7c4c-4b09-a473-4c1e7be474b9","kubelet_args":{"maxPods":"1337"},"max_size":1,"min_size":1,"name":"default","node_type":"gp1_xs","placement_group_id":null,"region":"fr-par","root_volume_size":150000000000,"root_volume_type":"l_ssd","size":1,"status":"scaling","tags":["terraform-test","scaleway_k8s_cluster","kubelet_args"],"updated_at":"2023-05-26T13:20:00.818387Z","upgrade_policy":{"max_surge":0,"max_unavailable":1},"version":"1.27.1","zone":"fr-par-1"}'
    headers:
      Content-Length:
      - "637"
      Content-Security-Policy:
      - default-src 'none'; frame-ancestors 'none'
      Content-Type:
      - application/json
      Date:
      - Fri, 26 May 2023 13:23:02 GMT
      Server:
      - Scaleway API-Gateway
      Strict-Transport-Security:
      - max-age=63072000
      X-Content-Type-Options:
      - nosniff
      X-Frame-Options:
      - DENY
      X-Request-Id:
      - 4887db7a-01d5-4f63-91c8-1a213a932112
    status: 200 OK
    code: 200
    duration: ""
- request:
    body: ""
    form: {}
    headers:
      User-Agent:
      - scaleway-sdk-go/v1.0.0-beta.7+dev (go1.20.4; linux; amd64) terraform-provider/develop
        terraform/terraform-tests
    url: https://api.scaleway.com/k8s/v1/regions/fr-par/pools/950e6985-7c4c-4b09-a473-4c1e7be474b9
    method: GET
  response:
    body: '{"autohealing":true,"autoscaling":true,"cluster_id":"60d701b5-82c9-4d35-ba74-f7c0ec72c0b6","container_runtime":"containerd","created_at":"2023-05-26T13:20:00.721874Z","id":"950e6985-7c4c-4b09-a473-4c1e7be474b9","kubelet_args":{"maxPods":"1337"},"max_size":1,"min_size":1,"name":"default","node_type":"gp1_xs","placement_group_id":null,"region":"fr-par","root_volume_size":150000000000,"root_volume_type":"l_ssd","size":1,"status":"scaling","tags":["terraform-test","scaleway_k8s_cluster","kubelet_args"],"updated_at":"2023-05-26T13:20:00.818387Z","upgrade_policy":{"max_surge":0,"max_unavailable":1},"version":"1.27.1","zone":"fr-par-1"}'
    headers:
      Content-Length:
      - "637"
      Content-Security-Policy:
      - default-src 'none'; frame-ancestors 'none'
      Content-Type:
      - application/json
      Date:
      - Fri, 26 May 2023 13:23:07 GMT
      Server:
      - Scaleway API-Gateway
      Strict-Transport-Security:
      - max-age=63072000
      X-Content-Type-Options:
      - nosniff
      X-Frame-Options:
      - DENY
      X-Request-Id:
      - 69960e7c-9f7e-4346-a8fb-a27e914a5423
    status: 200 OK
    code: 200
    duration: ""
- request:
    body: ""
    form: {}
    headers:
      User-Agent:
      - scaleway-sdk-go/v1.0.0-beta.7+dev (go1.20.4; linux; amd64) terraform-provider/develop
        terraform/terraform-tests
    url: https://api.scaleway.com/k8s/v1/regions/fr-par/pools/950e6985-7c4c-4b09-a473-4c1e7be474b9
    method: GET
  response:
    body: '{"autohealing":true,"autoscaling":true,"cluster_id":"60d701b5-82c9-4d35-ba74-f7c0ec72c0b6","container_runtime":"containerd","created_at":"2023-05-26T13:20:00.721874Z","id":"950e6985-7c4c-4b09-a473-4c1e7be474b9","kubelet_args":{"maxPods":"1337"},"max_size":1,"min_size":1,"name":"default","node_type":"gp1_xs","placement_group_id":null,"region":"fr-par","root_volume_size":150000000000,"root_volume_type":"l_ssd","size":1,"status":"scaling","tags":["terraform-test","scaleway_k8s_cluster","kubelet_args"],"updated_at":"2023-05-26T13:20:00.818387Z","upgrade_policy":{"max_surge":0,"max_unavailable":1},"version":"1.27.1","zone":"fr-par-1"}'
    headers:
      Content-Length:
      - "637"
      Content-Security-Policy:
      - default-src 'none'; frame-ancestors 'none'
      Content-Type:
      - application/json
      Date:
      - Fri, 26 May 2023 13:23:12 GMT
      Server:
      - Scaleway API-Gateway
      Strict-Transport-Security:
      - max-age=63072000
      X-Content-Type-Options:
      - nosniff
      X-Frame-Options:
      - DENY
      X-Request-Id:
      - 81aa4f80-49bb-4b51-b5fd-e928cdb6fe70
    status: 200 OK
    code: 200
    duration: ""
- request:
    body: ""
    form: {}
    headers:
      User-Agent:
      - scaleway-sdk-go/v1.0.0-beta.7+dev (go1.20.4; linux; amd64) terraform-provider/develop
        terraform/terraform-tests
    url: https://api.scaleway.com/k8s/v1/regions/fr-par/pools/950e6985-7c4c-4b09-a473-4c1e7be474b9
    method: GET
  response:
    body: '{"autohealing":true,"autoscaling":true,"cluster_id":"60d701b5-82c9-4d35-ba74-f7c0ec72c0b6","container_runtime":"containerd","created_at":"2023-05-26T13:20:00.721874Z","id":"950e6985-7c4c-4b09-a473-4c1e7be474b9","kubelet_args":{"maxPods":"1337"},"max_size":1,"min_size":1,"name":"default","node_type":"gp1_xs","placement_group_id":null,"region":"fr-par","root_volume_size":150000000000,"root_volume_type":"l_ssd","size":1,"status":"scaling","tags":["terraform-test","scaleway_k8s_cluster","kubelet_args"],"updated_at":"2023-05-26T13:20:00.818387Z","upgrade_policy":{"max_surge":0,"max_unavailable":1},"version":"1.27.1","zone":"fr-par-1"}'
    headers:
      Content-Length:
      - "637"
      Content-Security-Policy:
      - default-src 'none'; frame-ancestors 'none'
      Content-Type:
      - application/json
      Date:
      - Fri, 26 May 2023 13:23:17 GMT
      Server:
      - Scaleway API-Gateway
      Strict-Transport-Security:
      - max-age=63072000
      X-Content-Type-Options:
      - nosniff
      X-Frame-Options:
      - DENY
      X-Request-Id:
      - 2e9fedb8-ee84-4246-908b-b5ca02f0ff93
    status: 200 OK
    code: 200
    duration: ""
- request:
    body: ""
    form: {}
    headers:
      User-Agent:
      - scaleway-sdk-go/v1.0.0-beta.7+dev (go1.20.4; linux; amd64) terraform-provider/develop
        terraform/terraform-tests
    url: https://api.scaleway.com/k8s/v1/regions/fr-par/pools/950e6985-7c4c-4b09-a473-4c1e7be474b9
    method: GET
  response:
    body: '{"autohealing":true,"autoscaling":true,"cluster_id":"60d701b5-82c9-4d35-ba74-f7c0ec72c0b6","container_runtime":"containerd","created_at":"2023-05-26T13:20:00.721874Z","id":"950e6985-7c4c-4b09-a473-4c1e7be474b9","kubelet_args":{"maxPods":"1337"},"max_size":1,"min_size":1,"name":"default","node_type":"gp1_xs","placement_group_id":null,"region":"fr-par","root_volume_size":150000000000,"root_volume_type":"l_ssd","size":1,"status":"scaling","tags":["terraform-test","scaleway_k8s_cluster","kubelet_args"],"updated_at":"2023-05-26T13:20:00.818387Z","upgrade_policy":{"max_surge":0,"max_unavailable":1},"version":"1.27.1","zone":"fr-par-1"}'
    headers:
      Content-Length:
      - "637"
      Content-Security-Policy:
      - default-src 'none'; frame-ancestors 'none'
      Content-Type:
      - application/json
      Date:
      - Fri, 26 May 2023 13:23:22 GMT
      Server:
      - Scaleway API-Gateway
      Strict-Transport-Security:
      - max-age=63072000
      X-Content-Type-Options:
      - nosniff
      X-Frame-Options:
      - DENY
      X-Request-Id:
      - e690e963-8107-4ce7-b9c3-2898d692dfe7
    status: 200 OK
    code: 200
    duration: ""
- request:
    body: ""
    form: {}
    headers:
      User-Agent:
      - scaleway-sdk-go/v1.0.0-beta.7+dev (go1.20.4; linux; amd64) terraform-provider/develop
        terraform/terraform-tests
    url: https://api.scaleway.com/k8s/v1/regions/fr-par/pools/950e6985-7c4c-4b09-a473-4c1e7be474b9
    method: GET
  response:
    body: '{"autohealing":true,"autoscaling":true,"cluster_id":"60d701b5-82c9-4d35-ba74-f7c0ec72c0b6","container_runtime":"containerd","created_at":"2023-05-26T13:20:00.721874Z","id":"950e6985-7c4c-4b09-a473-4c1e7be474b9","kubelet_args":{"maxPods":"1337"},"max_size":1,"min_size":1,"name":"default","node_type":"gp1_xs","placement_group_id":null,"region":"fr-par","root_volume_size":150000000000,"root_volume_type":"l_ssd","size":1,"status":"scaling","tags":["terraform-test","scaleway_k8s_cluster","kubelet_args"],"updated_at":"2023-05-26T13:20:00.818387Z","upgrade_policy":{"max_surge":0,"max_unavailable":1},"version":"1.27.1","zone":"fr-par-1"}'
    headers:
      Content-Length:
      - "637"
      Content-Security-Policy:
      - default-src 'none'; frame-ancestors 'none'
      Content-Type:
      - application/json
      Date:
      - Fri, 26 May 2023 13:23:28 GMT
      Server:
      - Scaleway API-Gateway
      Strict-Transport-Security:
      - max-age=63072000
      X-Content-Type-Options:
      - nosniff
      X-Frame-Options:
      - DENY
      X-Request-Id:
      - b8a881b0-cd8a-499d-bfe8-0db3f45fa7f0
    status: 200 OK
    code: 200
    duration: ""
- request:
    body: ""
    form: {}
    headers:
      User-Agent:
      - scaleway-sdk-go/v1.0.0-beta.7+dev (go1.20.4; linux; amd64) terraform-provider/develop
        terraform/terraform-tests
    url: https://api.scaleway.com/k8s/v1/regions/fr-par/pools/950e6985-7c4c-4b09-a473-4c1e7be474b9
    method: GET
  response:
    body: '{"autohealing":true,"autoscaling":true,"cluster_id":"60d701b5-82c9-4d35-ba74-f7c0ec72c0b6","container_runtime":"containerd","created_at":"2023-05-26T13:20:00.721874Z","id":"950e6985-7c4c-4b09-a473-4c1e7be474b9","kubelet_args":{"maxPods":"1337"},"max_size":1,"min_size":1,"name":"default","node_type":"gp1_xs","placement_group_id":null,"region":"fr-par","root_volume_size":150000000000,"root_volume_type":"l_ssd","size":1,"status":"scaling","tags":["terraform-test","scaleway_k8s_cluster","kubelet_args"],"updated_at":"2023-05-26T13:20:00.818387Z","upgrade_policy":{"max_surge":0,"max_unavailable":1},"version":"1.27.1","zone":"fr-par-1"}'
    headers:
      Content-Length:
      - "637"
      Content-Security-Policy:
      - default-src 'none'; frame-ancestors 'none'
      Content-Type:
      - application/json
      Date:
      - Fri, 26 May 2023 13:23:33 GMT
      Server:
      - Scaleway API-Gateway
      Strict-Transport-Security:
      - max-age=63072000
      X-Content-Type-Options:
      - nosniff
      X-Frame-Options:
      - DENY
      X-Request-Id:
      - 2412f10b-e4fb-4554-a087-393787ec4117
    status: 200 OK
    code: 200
    duration: ""
- request:
    body: ""
    form: {}
    headers:
      User-Agent:
      - scaleway-sdk-go/v1.0.0-beta.7+dev (go1.20.4; linux; amd64) terraform-provider/develop
        terraform/terraform-tests
    url: https://api.scaleway.com/k8s/v1/regions/fr-par/pools/950e6985-7c4c-4b09-a473-4c1e7be474b9
    method: GET
  response:
    body: '{"autohealing":true,"autoscaling":true,"cluster_id":"60d701b5-82c9-4d35-ba74-f7c0ec72c0b6","container_runtime":"containerd","created_at":"2023-05-26T13:20:00.721874Z","id":"950e6985-7c4c-4b09-a473-4c1e7be474b9","kubelet_args":{"maxPods":"1337"},"max_size":1,"min_size":1,"name":"default","node_type":"gp1_xs","placement_group_id":null,"region":"fr-par","root_volume_size":150000000000,"root_volume_type":"l_ssd","size":1,"status":"scaling","tags":["terraform-test","scaleway_k8s_cluster","kubelet_args"],"updated_at":"2023-05-26T13:20:00.818387Z","upgrade_policy":{"max_surge":0,"max_unavailable":1},"version":"1.27.1","zone":"fr-par-1"}'
    headers:
      Content-Length:
      - "637"
      Content-Security-Policy:
      - default-src 'none'; frame-ancestors 'none'
      Content-Type:
      - application/json
      Date:
      - Fri, 26 May 2023 13:23:38 GMT
      Server:
      - Scaleway API-Gateway
      Strict-Transport-Security:
      - max-age=63072000
      X-Content-Type-Options:
      - nosniff
      X-Frame-Options:
      - DENY
      X-Request-Id:
      - a615f8e6-2a27-4281-9055-53e24c3c2ad9
    status: 200 OK
    code: 200
    duration: ""
- request:
    body: ""
    form: {}
    headers:
      User-Agent:
      - scaleway-sdk-go/v1.0.0-beta.7+dev (go1.20.4; linux; amd64) terraform-provider/develop
        terraform/terraform-tests
    url: https://api.scaleway.com/k8s/v1/regions/fr-par/pools/950e6985-7c4c-4b09-a473-4c1e7be474b9
    method: GET
  response:
    body: '{"autohealing":true,"autoscaling":true,"cluster_id":"60d701b5-82c9-4d35-ba74-f7c0ec72c0b6","container_runtime":"containerd","created_at":"2023-05-26T13:20:00.721874Z","id":"950e6985-7c4c-4b09-a473-4c1e7be474b9","kubelet_args":{"maxPods":"1337"},"max_size":1,"min_size":1,"name":"default","node_type":"gp1_xs","placement_group_id":null,"region":"fr-par","root_volume_size":150000000000,"root_volume_type":"l_ssd","size":1,"status":"scaling","tags":["terraform-test","scaleway_k8s_cluster","kubelet_args"],"updated_at":"2023-05-26T13:20:00.818387Z","upgrade_policy":{"max_surge":0,"max_unavailable":1},"version":"1.27.1","zone":"fr-par-1"}'
    headers:
      Content-Length:
      - "637"
      Content-Security-Policy:
      - default-src 'none'; frame-ancestors 'none'
      Content-Type:
      - application/json
      Date:
      - Fri, 26 May 2023 13:23:43 GMT
      Server:
      - Scaleway API-Gateway
      Strict-Transport-Security:
      - max-age=63072000
      X-Content-Type-Options:
      - nosniff
      X-Frame-Options:
      - DENY
      X-Request-Id:
      - e1cd3f00-238a-4f96-8ab9-88ac49e915e7
    status: 200 OK
    code: 200
    duration: ""
- request:
    body: ""
    form: {}
    headers:
      User-Agent:
      - scaleway-sdk-go/v1.0.0-beta.7+dev (go1.20.4; linux; amd64) terraform-provider/develop
        terraform/terraform-tests
    url: https://api.scaleway.com/k8s/v1/regions/fr-par/pools/950e6985-7c4c-4b09-a473-4c1e7be474b9
    method: GET
  response:
    body: '{"autohealing":true,"autoscaling":true,"cluster_id":"60d701b5-82c9-4d35-ba74-f7c0ec72c0b6","container_runtime":"containerd","created_at":"2023-05-26T13:20:00.721874Z","id":"950e6985-7c4c-4b09-a473-4c1e7be474b9","kubelet_args":{"maxPods":"1337"},"max_size":1,"min_size":1,"name":"default","node_type":"gp1_xs","placement_group_id":null,"region":"fr-par","root_volume_size":150000000000,"root_volume_type":"l_ssd","size":1,"status":"scaling","tags":["terraform-test","scaleway_k8s_cluster","kubelet_args"],"updated_at":"2023-05-26T13:20:00.818387Z","upgrade_policy":{"max_surge":0,"max_unavailable":1},"version":"1.27.1","zone":"fr-par-1"}'
    headers:
      Content-Length:
      - "637"
      Content-Security-Policy:
      - default-src 'none'; frame-ancestors 'none'
      Content-Type:
      - application/json
      Date:
      - Fri, 26 May 2023 13:23:48 GMT
      Server:
      - Scaleway API-Gateway
      Strict-Transport-Security:
      - max-age=63072000
      X-Content-Type-Options:
      - nosniff
      X-Frame-Options:
      - DENY
      X-Request-Id:
      - 939ac85d-e336-4a08-9bd9-6231bfc18152
    status: 200 OK
    code: 200
    duration: ""
- request:
    body: ""
    form: {}
    headers:
      User-Agent:
      - scaleway-sdk-go/v1.0.0-beta.7+dev (go1.20.4; linux; amd64) terraform-provider/develop
        terraform/terraform-tests
    url: https://api.scaleway.com/k8s/v1/regions/fr-par/pools/950e6985-7c4c-4b09-a473-4c1e7be474b9
    method: GET
  response:
    body: '{"autohealing":true,"autoscaling":true,"cluster_id":"60d701b5-82c9-4d35-ba74-f7c0ec72c0b6","container_runtime":"containerd","created_at":"2023-05-26T13:20:00.721874Z","id":"950e6985-7c4c-4b09-a473-4c1e7be474b9","kubelet_args":{"maxPods":"1337"},"max_size":1,"min_size":1,"name":"default","node_type":"gp1_xs","placement_group_id":null,"region":"fr-par","root_volume_size":150000000000,"root_volume_type":"l_ssd","size":1,"status":"scaling","tags":["terraform-test","scaleway_k8s_cluster","kubelet_args"],"updated_at":"2023-05-26T13:20:00.818387Z","upgrade_policy":{"max_surge":0,"max_unavailable":1},"version":"1.27.1","zone":"fr-par-1"}'
    headers:
      Content-Length:
      - "637"
      Content-Security-Policy:
      - default-src 'none'; frame-ancestors 'none'
      Content-Type:
      - application/json
      Date:
      - Fri, 26 May 2023 13:23:53 GMT
      Server:
      - Scaleway API-Gateway
      Strict-Transport-Security:
      - max-age=63072000
      X-Content-Type-Options:
      - nosniff
      X-Frame-Options:
      - DENY
      X-Request-Id:
      - 8b0fa084-0f9b-4248-9354-b22b840bfc00
    status: 200 OK
    code: 200
    duration: ""
- request:
    body: ""
    form: {}
    headers:
      User-Agent:
      - scaleway-sdk-go/v1.0.0-beta.7+dev (go1.20.4; linux; amd64) terraform-provider/develop
        terraform/terraform-tests
    url: https://api.scaleway.com/k8s/v1/regions/fr-par/pools/950e6985-7c4c-4b09-a473-4c1e7be474b9
    method: GET
  response:
    body: '{"autohealing":true,"autoscaling":true,"cluster_id":"60d701b5-82c9-4d35-ba74-f7c0ec72c0b6","container_runtime":"containerd","created_at":"2023-05-26T13:20:00.721874Z","id":"950e6985-7c4c-4b09-a473-4c1e7be474b9","kubelet_args":{"maxPods":"1337"},"max_size":1,"min_size":1,"name":"default","node_type":"gp1_xs","placement_group_id":null,"region":"fr-par","root_volume_size":150000000000,"root_volume_type":"l_ssd","size":1,"status":"scaling","tags":["terraform-test","scaleway_k8s_cluster","kubelet_args"],"updated_at":"2023-05-26T13:20:00.818387Z","upgrade_policy":{"max_surge":0,"max_unavailable":1},"version":"1.27.1","zone":"fr-par-1"}'
    headers:
      Content-Length:
      - "637"
      Content-Security-Policy:
      - default-src 'none'; frame-ancestors 'none'
      Content-Type:
      - application/json
      Date:
      - Fri, 26 May 2023 13:23:58 GMT
      Server:
      - Scaleway API-Gateway
      Strict-Transport-Security:
      - max-age=63072000
      X-Content-Type-Options:
      - nosniff
      X-Frame-Options:
      - DENY
      X-Request-Id:
      - ff1d9f4a-ce83-43d7-8559-94f0b37c12c4
    status: 200 OK
    code: 200
    duration: ""
- request:
    body: ""
    form: {}
    headers:
      User-Agent:
      - scaleway-sdk-go/v1.0.0-beta.7+dev (go1.20.4; linux; amd64) terraform-provider/develop
        terraform/terraform-tests
    url: https://api.scaleway.com/k8s/v1/regions/fr-par/pools/950e6985-7c4c-4b09-a473-4c1e7be474b9
    method: GET
  response:
    body: '{"autohealing":true,"autoscaling":true,"cluster_id":"60d701b5-82c9-4d35-ba74-f7c0ec72c0b6","container_runtime":"containerd","created_at":"2023-05-26T13:20:00.721874Z","id":"950e6985-7c4c-4b09-a473-4c1e7be474b9","kubelet_args":{"maxPods":"1337"},"max_size":1,"min_size":1,"name":"default","node_type":"gp1_xs","placement_group_id":null,"region":"fr-par","root_volume_size":150000000000,"root_volume_type":"l_ssd","size":1,"status":"scaling","tags":["terraform-test","scaleway_k8s_cluster","kubelet_args"],"updated_at":"2023-05-26T13:20:00.818387Z","upgrade_policy":{"max_surge":0,"max_unavailable":1},"version":"1.27.1","zone":"fr-par-1"}'
    headers:
      Content-Length:
      - "637"
      Content-Security-Policy:
      - default-src 'none'; frame-ancestors 'none'
      Content-Type:
      - application/json
      Date:
      - Fri, 26 May 2023 13:24:03 GMT
      Server:
      - Scaleway API-Gateway
      Strict-Transport-Security:
      - max-age=63072000
      X-Content-Type-Options:
      - nosniff
      X-Frame-Options:
      - DENY
      X-Request-Id:
      - 505ed684-e5ea-4789-9d16-34624bf57958
    status: 200 OK
    code: 200
    duration: ""
- request:
    body: ""
    form: {}
    headers:
      User-Agent:
      - scaleway-sdk-go/v1.0.0-beta.7+dev (go1.20.4; linux; amd64) terraform-provider/develop
        terraform/terraform-tests
    url: https://api.scaleway.com/k8s/v1/regions/fr-par/pools/950e6985-7c4c-4b09-a473-4c1e7be474b9
    method: GET
  response:
    body: '{"autohealing":true,"autoscaling":true,"cluster_id":"60d701b5-82c9-4d35-ba74-f7c0ec72c0b6","container_runtime":"containerd","created_at":"2023-05-26T13:20:00.721874Z","id":"950e6985-7c4c-4b09-a473-4c1e7be474b9","kubelet_args":{"maxPods":"1337"},"max_size":1,"min_size":1,"name":"default","node_type":"gp1_xs","placement_group_id":null,"region":"fr-par","root_volume_size":150000000000,"root_volume_type":"l_ssd","size":1,"status":"scaling","tags":["terraform-test","scaleway_k8s_cluster","kubelet_args"],"updated_at":"2023-05-26T13:20:00.818387Z","upgrade_policy":{"max_surge":0,"max_unavailable":1},"version":"1.27.1","zone":"fr-par-1"}'
    headers:
      Content-Length:
      - "637"
      Content-Security-Policy:
      - default-src 'none'; frame-ancestors 'none'
      Content-Type:
      - application/json
      Date:
      - Fri, 26 May 2023 13:24:08 GMT
      Server:
      - Scaleway API-Gateway
      Strict-Transport-Security:
      - max-age=63072000
      X-Content-Type-Options:
      - nosniff
      X-Frame-Options:
      - DENY
      X-Request-Id:
      - 53ddf960-c070-4fe4-bd50-c499690604ea
    status: 200 OK
    code: 200
    duration: ""
- request:
    body: ""
    form: {}
    headers:
      User-Agent:
      - scaleway-sdk-go/v1.0.0-beta.7+dev (go1.20.4; linux; amd64) terraform-provider/develop
        terraform/terraform-tests
    url: https://api.scaleway.com/k8s/v1/regions/fr-par/pools/950e6985-7c4c-4b09-a473-4c1e7be474b9
    method: GET
  response:
    body: '{"autohealing":true,"autoscaling":true,"cluster_id":"60d701b5-82c9-4d35-ba74-f7c0ec72c0b6","container_runtime":"containerd","created_at":"2023-05-26T13:20:00.721874Z","id":"950e6985-7c4c-4b09-a473-4c1e7be474b9","kubelet_args":{"maxPods":"1337"},"max_size":1,"min_size":1,"name":"default","node_type":"gp1_xs","placement_group_id":null,"region":"fr-par","root_volume_size":150000000000,"root_volume_type":"l_ssd","size":1,"status":"scaling","tags":["terraform-test","scaleway_k8s_cluster","kubelet_args"],"updated_at":"2023-05-26T13:20:00.818387Z","upgrade_policy":{"max_surge":0,"max_unavailable":1},"version":"1.27.1","zone":"fr-par-1"}'
    headers:
      Content-Length:
      - "637"
      Content-Security-Policy:
      - default-src 'none'; frame-ancestors 'none'
      Content-Type:
      - application/json
      Date:
      - Fri, 26 May 2023 13:24:13 GMT
      Server:
      - Scaleway API-Gateway
      Strict-Transport-Security:
      - max-age=63072000
      X-Content-Type-Options:
      - nosniff
      X-Frame-Options:
      - DENY
      X-Request-Id:
      - 942f4237-b02f-419e-913d-a4f54b0604ad
    status: 200 OK
    code: 200
    duration: ""
- request:
    body: ""
    form: {}
    headers:
      User-Agent:
      - scaleway-sdk-go/v1.0.0-beta.7+dev (go1.20.4; linux; amd64) terraform-provider/develop
        terraform/terraform-tests
    url: https://api.scaleway.com/k8s/v1/regions/fr-par/pools/950e6985-7c4c-4b09-a473-4c1e7be474b9
    method: GET
  response:
    body: '{"autohealing":true,"autoscaling":true,"cluster_id":"60d701b5-82c9-4d35-ba74-f7c0ec72c0b6","container_runtime":"containerd","created_at":"2023-05-26T13:20:00.721874Z","id":"950e6985-7c4c-4b09-a473-4c1e7be474b9","kubelet_args":{"maxPods":"1337"},"max_size":1,"min_size":1,"name":"default","node_type":"gp1_xs","placement_group_id":null,"region":"fr-par","root_volume_size":150000000000,"root_volume_type":"l_ssd","size":1,"status":"scaling","tags":["terraform-test","scaleway_k8s_cluster","kubelet_args"],"updated_at":"2023-05-26T13:20:00.818387Z","upgrade_policy":{"max_surge":0,"max_unavailable":1},"version":"1.27.1","zone":"fr-par-1"}'
    headers:
      Content-Length:
      - "637"
      Content-Security-Policy:
      - default-src 'none'; frame-ancestors 'none'
      Content-Type:
      - application/json
      Date:
      - Fri, 26 May 2023 13:24:18 GMT
      Server:
      - Scaleway API-Gateway
      Strict-Transport-Security:
      - max-age=63072000
      X-Content-Type-Options:
      - nosniff
      X-Frame-Options:
      - DENY
      X-Request-Id:
      - 33597b44-778e-474f-a45d-ec131ec006f0
    status: 200 OK
    code: 200
    duration: ""
- request:
    body: ""
    form: {}
    headers:
      User-Agent:
      - scaleway-sdk-go/v1.0.0-beta.7+dev (go1.20.4; linux; amd64) terraform-provider/develop
        terraform/terraform-tests
    url: https://api.scaleway.com/k8s/v1/regions/fr-par/pools/950e6985-7c4c-4b09-a473-4c1e7be474b9
    method: GET
  response:
    body: '{"autohealing":true,"autoscaling":true,"cluster_id":"60d701b5-82c9-4d35-ba74-f7c0ec72c0b6","container_runtime":"containerd","created_at":"2023-05-26T13:20:00.721874Z","id":"950e6985-7c4c-4b09-a473-4c1e7be474b9","kubelet_args":{"maxPods":"1337"},"max_size":1,"min_size":1,"name":"default","node_type":"gp1_xs","placement_group_id":null,"region":"fr-par","root_volume_size":150000000000,"root_volume_type":"l_ssd","size":1,"status":"scaling","tags":["terraform-test","scaleway_k8s_cluster","kubelet_args"],"updated_at":"2023-05-26T13:20:00.818387Z","upgrade_policy":{"max_surge":0,"max_unavailable":1},"version":"1.27.1","zone":"fr-par-1"}'
    headers:
      Content-Length:
      - "637"
      Content-Security-Policy:
      - default-src 'none'; frame-ancestors 'none'
      Content-Type:
      - application/json
      Date:
      - Fri, 26 May 2023 13:24:23 GMT
      Server:
      - Scaleway API-Gateway
      Strict-Transport-Security:
      - max-age=63072000
      X-Content-Type-Options:
      - nosniff
      X-Frame-Options:
      - DENY
      X-Request-Id:
      - 57766b96-690e-4c18-858b-2c82a69aa18d
    status: 200 OK
    code: 200
    duration: ""
- request:
    body: ""
    form: {}
    headers:
      User-Agent:
      - scaleway-sdk-go/v1.0.0-beta.7+dev (go1.20.4; linux; amd64) terraform-provider/develop
        terraform/terraform-tests
    url: https://api.scaleway.com/k8s/v1/regions/fr-par/pools/950e6985-7c4c-4b09-a473-4c1e7be474b9
    method: GET
  response:
    body: '{"autohealing":true,"autoscaling":true,"cluster_id":"60d701b5-82c9-4d35-ba74-f7c0ec72c0b6","container_runtime":"containerd","created_at":"2023-05-26T13:20:00.721874Z","id":"950e6985-7c4c-4b09-a473-4c1e7be474b9","kubelet_args":{"maxPods":"1337"},"max_size":1,"min_size":1,"name":"default","node_type":"gp1_xs","placement_group_id":null,"region":"fr-par","root_volume_size":150000000000,"root_volume_type":"l_ssd","size":1,"status":"scaling","tags":["terraform-test","scaleway_k8s_cluster","kubelet_args"],"updated_at":"2023-05-26T13:20:00.818387Z","upgrade_policy":{"max_surge":0,"max_unavailable":1},"version":"1.27.1","zone":"fr-par-1"}'
    headers:
      Content-Length:
      - "637"
      Content-Security-Policy:
      - default-src 'none'; frame-ancestors 'none'
      Content-Type:
      - application/json
      Date:
      - Fri, 26 May 2023 13:24:28 GMT
      Server:
      - Scaleway API-Gateway
      Strict-Transport-Security:
      - max-age=63072000
      X-Content-Type-Options:
      - nosniff
      X-Frame-Options:
      - DENY
      X-Request-Id:
      - 11a1ae34-f7fd-469e-bdcc-2c25248ca592
    status: 200 OK
    code: 200
    duration: ""
- request:
    body: ""
    form: {}
    headers:
      User-Agent:
      - scaleway-sdk-go/v1.0.0-beta.7+dev (go1.20.4; linux; amd64) terraform-provider/develop
        terraform/terraform-tests
    url: https://api.scaleway.com/k8s/v1/regions/fr-par/pools/950e6985-7c4c-4b09-a473-4c1e7be474b9
    method: GET
  response:
    body: '{"autohealing":true,"autoscaling":true,"cluster_id":"60d701b5-82c9-4d35-ba74-f7c0ec72c0b6","container_runtime":"containerd","created_at":"2023-05-26T13:20:00.721874Z","id":"950e6985-7c4c-4b09-a473-4c1e7be474b9","kubelet_args":{"maxPods":"1337"},"max_size":1,"min_size":1,"name":"default","node_type":"gp1_xs","placement_group_id":null,"region":"fr-par","root_volume_size":150000000000,"root_volume_type":"l_ssd","size":1,"status":"ready","tags":["terraform-test","scaleway_k8s_cluster","kubelet_args"],"updated_at":"2023-05-26T13:24:30.855133Z","upgrade_policy":{"max_surge":0,"max_unavailable":1},"version":"1.27.1","zone":"fr-par-1"}'
    headers:
      Content-Length:
      - "635"
      Content-Security-Policy:
      - default-src 'none'; frame-ancestors 'none'
      Content-Type:
      - application/json
      Date:
      - Fri, 26 May 2023 13:24:33 GMT
      Server:
      - Scaleway API-Gateway
      Strict-Transport-Security:
      - max-age=63072000
      X-Content-Type-Options:
      - nosniff
      X-Frame-Options:
      - DENY
      X-Request-Id:
      - 54c1c6ce-4e76-4b04-b0c3-a68cfc54d987
    status: 200 OK
    code: 200
    duration: ""
- request:
    body: ""
    form: {}
    headers:
      User-Agent:
      - scaleway-sdk-go/v1.0.0-beta.7+dev (go1.20.4; linux; amd64) terraform-provider/develop
        terraform/terraform-tests
    url: https://api.scaleway.com/k8s/v1/regions/fr-par/clusters/60d701b5-82c9-4d35-ba74-f7c0ec72c0b6
    method: GET
  response:
    body: '{"admission_plugins":[],"apiserver_cert_sans":[],"auto_upgrade":{"enabled":false,"maintenance_window":{"day":"any","start_hour":0}},"autoscaler_config":{"balance_similar_node_groups":false,"estimator":"binpacking","expander":"random","expendable_pods_priority_cutoff":0,"ignore_daemonsets_utilization":false,"max_graceful_termination_sec":0,"scale_down_delay_after_add":"10m","scale_down_disabled":false,"scale_down_unneeded_time":"10m","scale_down_utilization_threshold":0.5},"cluster_url":"https://60d701b5-82c9-4d35-ba74-f7c0ec72c0b6.api.k8s.fr-par.scw.cloud:6443","cni":"cilium","created_at":"2023-05-26T13:19:54.537807Z","dashboard_enabled":false,"description":"","dns_wildcard":"*.60d701b5-82c9-4d35-ba74-f7c0ec72c0b6.nodes.k8s.fr-par.scw.cloud","feature_gates":[],"id":"60d701b5-82c9-4d35-ba74-f7c0ec72c0b6","ingress":"none","name":"K8SPoolConfigKubeletArgs","open_id_connect_config":{"client_id":"","groups_claim":[],"groups_prefix":"","issuer_url":"","required_claim":[],"username_claim":"","username_prefix":""},"organization_id":"fa1e3217-dc80-42ac-85c3-3f034b78b552","private_network_id":null,"project_id":"fa1e3217-dc80-42ac-85c3-3f034b78b552","region":"fr-par","status":"ready","tags":["terraform-test","scaleway_k8s_cluster","kubelet_args"],"type":"kapsule","updated_at":"2023-05-26T13:21:41.329384Z","upgrade_available":false,"version":"1.27.1"}'
    headers:
      Content-Length:
      - "1361"
      Content-Security-Policy:
      - default-src 'none'; frame-ancestors 'none'
      Content-Type:
      - application/json
      Date:
      - Fri, 26 May 2023 13:24:34 GMT
      Server:
      - Scaleway API-Gateway
      Strict-Transport-Security:
      - max-age=63072000
      X-Content-Type-Options:
      - nosniff
      X-Frame-Options:
      - DENY
      X-Request-Id:
      - 91c8d226-66bc-4c40-9508-9b1436fe8561
    status: 200 OK
    code: 200
    duration: ""
- request:
    body: ""
    form: {}
    headers:
      User-Agent:
      - scaleway-sdk-go/v1.0.0-beta.7+dev (go1.20.4; linux; amd64) terraform-provider/develop
        terraform/terraform-tests
    url: https://api.scaleway.com/k8s/v1/regions/fr-par/pools/950e6985-7c4c-4b09-a473-4c1e7be474b9
    method: GET
  response:
    body: '{"autohealing":true,"autoscaling":true,"cluster_id":"60d701b5-82c9-4d35-ba74-f7c0ec72c0b6","container_runtime":"containerd","created_at":"2023-05-26T13:20:00.721874Z","id":"950e6985-7c4c-4b09-a473-4c1e7be474b9","kubelet_args":{"maxPods":"1337"},"max_size":1,"min_size":1,"name":"default","node_type":"gp1_xs","placement_group_id":null,"region":"fr-par","root_volume_size":150000000000,"root_volume_type":"l_ssd","size":1,"status":"ready","tags":["terraform-test","scaleway_k8s_cluster","kubelet_args"],"updated_at":"2023-05-26T13:24:30.855133Z","upgrade_policy":{"max_surge":0,"max_unavailable":1},"version":"1.27.1","zone":"fr-par-1"}'
    headers:
      Content-Length:
      - "635"
      Content-Security-Policy:
      - default-src 'none'; frame-ancestors 'none'
      Content-Type:
      - application/json
      Date:
      - Fri, 26 May 2023 13:24:34 GMT
      Server:
      - Scaleway API-Gateway
      Strict-Transport-Security:
      - max-age=63072000
      X-Content-Type-Options:
      - nosniff
      X-Frame-Options:
      - DENY
      X-Request-Id:
      - 75b2c204-aec7-4a85-af1f-5d2afca2e371
    status: 200 OK
    code: 200
    duration: ""
- request:
    body: ""
    form: {}
    headers:
      User-Agent:
      - scaleway-sdk-go/v1.0.0-beta.7+dev (go1.20.4; linux; amd64) terraform-provider/develop
        terraform/terraform-tests
    url: https://api.scaleway.com/k8s/v1/regions/fr-par/clusters/60d701b5-82c9-4d35-ba74-f7c0ec72c0b6/nodes?order_by=created_at_asc&page=1&pool_id=950e6985-7c4c-4b09-a473-4c1e7be474b9&status=unknown
    method: GET
  response:
    body: '{"nodes":[{"cluster_id":"60d701b5-82c9-4d35-ba74-f7c0ec72c0b6","conditions":{"DiskPressure":"False","MemoryPressure":"False","PIDPressure":"False","Ready":"True"},"created_at":"2023-05-26T13:22:02.590355Z","error_message":null,"id":"f4ccdeb5-4b5d-4dc3-97ba-30d87d6f7cde","name":"scw-k8spoolconfigkubeletargs-default-f4ccdeb54","pool_id":"950e6985-7c4c-4b09-a473-4c1e7be474b9","provider_id":"scaleway://instance/fr-par-1/8ad60a14-dd7d-4089-9e1a-4aeb3961a83b","public_ip_v4":"51.15.211.1","public_ip_v6":null,"region":"fr-par","status":"ready","updated_at":"2023-05-26T13:24:30.840538Z"}],"total_count":1}'
    headers:
      Content-Length:
      - "603"
      Content-Security-Policy:
      - default-src 'none'; frame-ancestors 'none'
      Content-Type:
      - application/json
      Date:
      - Fri, 26 May 2023 13:24:34 GMT
      Server:
      - Scaleway API-Gateway
      Strict-Transport-Security:
      - max-age=63072000
      X-Content-Type-Options:
      - nosniff
      X-Frame-Options:
      - DENY
      X-Request-Id:
      - d45b71da-8f9c-478a-a885-9553b8e745a8
    status: 200 OK
    code: 200
    duration: ""
- request:
    body: ""
    form: {}
    headers:
      User-Agent:
      - scaleway-sdk-go/v1.0.0-beta.7+dev (go1.20.4; linux; amd64) terraform-provider/develop
        terraform/terraform-tests
    url: https://api.scaleway.com/k8s/v1/regions/fr-par/clusters/60d701b5-82c9-4d35-ba74-f7c0ec72c0b6
    method: GET
  response:
    body: '{"admission_plugins":[],"apiserver_cert_sans":[],"auto_upgrade":{"enabled":false,"maintenance_window":{"day":"any","start_hour":0}},"autoscaler_config":{"balance_similar_node_groups":false,"estimator":"binpacking","expander":"random","expendable_pods_priority_cutoff":0,"ignore_daemonsets_utilization":false,"max_graceful_termination_sec":0,"scale_down_delay_after_add":"10m","scale_down_disabled":false,"scale_down_unneeded_time":"10m","scale_down_utilization_threshold":0.5},"cluster_url":"https://60d701b5-82c9-4d35-ba74-f7c0ec72c0b6.api.k8s.fr-par.scw.cloud:6443","cni":"cilium","created_at":"2023-05-26T13:19:54.537807Z","dashboard_enabled":false,"description":"","dns_wildcard":"*.60d701b5-82c9-4d35-ba74-f7c0ec72c0b6.nodes.k8s.fr-par.scw.cloud","feature_gates":[],"id":"60d701b5-82c9-4d35-ba74-f7c0ec72c0b6","ingress":"none","name":"K8SPoolConfigKubeletArgs","open_id_connect_config":{"client_id":"","groups_claim":[],"groups_prefix":"","issuer_url":"","required_claim":[],"username_claim":"","username_prefix":""},"organization_id":"fa1e3217-dc80-42ac-85c3-3f034b78b552","private_network_id":null,"project_id":"fa1e3217-dc80-42ac-85c3-3f034b78b552","region":"fr-par","status":"ready","tags":["terraform-test","scaleway_k8s_cluster","kubelet_args"],"type":"kapsule","updated_at":"2023-05-26T13:21:41.329384Z","upgrade_available":false,"version":"1.27.1"}'
    headers:
      Content-Length:
      - "1361"
      Content-Security-Policy:
      - default-src 'none'; frame-ancestors 'none'
      Content-Type:
      - application/json
      Date:
      - Fri, 26 May 2023 13:24:34 GMT
      Server:
      - Scaleway API-Gateway
      Strict-Transport-Security:
      - max-age=63072000
      X-Content-Type-Options:
      - nosniff
      X-Frame-Options:
      - DENY
      X-Request-Id:
      - 959dfdcf-0345-42a8-8023-b8563d0dc68b
    status: 200 OK
    code: 200
    duration: ""
- request:
    body: ""
    form: {}
    headers:
      User-Agent:
      - scaleway-sdk-go/v1.0.0-beta.7+dev (go1.20.4; linux; amd64) terraform-provider/develop
        terraform/terraform-tests
    url: https://api.scaleway.com/k8s/v1/regions/fr-par/pools/950e6985-7c4c-4b09-a473-4c1e7be474b9
    method: GET
  response:
    body: '{"autohealing":true,"autoscaling":true,"cluster_id":"60d701b5-82c9-4d35-ba74-f7c0ec72c0b6","container_runtime":"containerd","created_at":"2023-05-26T13:20:00.721874Z","id":"950e6985-7c4c-4b09-a473-4c1e7be474b9","kubelet_args":{"maxPods":"1337"},"max_size":1,"min_size":1,"name":"default","node_type":"gp1_xs","placement_group_id":null,"region":"fr-par","root_volume_size":150000000000,"root_volume_type":"l_ssd","size":1,"status":"ready","tags":["terraform-test","scaleway_k8s_cluster","kubelet_args"],"updated_at":"2023-05-26T13:24:30.855133Z","upgrade_policy":{"max_surge":0,"max_unavailable":1},"version":"1.27.1","zone":"fr-par-1"}'
    headers:
      Content-Length:
      - "635"
      Content-Security-Policy:
      - default-src 'none'; frame-ancestors 'none'
      Content-Type:
      - application/json
      Date:
      - Fri, 26 May 2023 13:24:34 GMT
      Server:
      - Scaleway API-Gateway
      Strict-Transport-Security:
      - max-age=63072000
      X-Content-Type-Options:
      - nosniff
      X-Frame-Options:
      - DENY
      X-Request-Id:
      - 4df71ed7-a828-4a63-8312-33e1b1acc071
    status: 200 OK
    code: 200
    duration: ""
- request:
    body: ""
    form: {}
    headers:
      User-Agent:
      - scaleway-sdk-go/v1.0.0-beta.7+dev (go1.20.4; linux; amd64) terraform-provider/develop
        terraform/terraform-tests
    url: https://api.scaleway.com/k8s/v1/regions/fr-par/clusters/60d701b5-82c9-4d35-ba74-f7c0ec72c0b6
    method: GET
  response:
    body: '{"admission_plugins":[],"apiserver_cert_sans":[],"auto_upgrade":{"enabled":false,"maintenance_window":{"day":"any","start_hour":0}},"autoscaler_config":{"balance_similar_node_groups":false,"estimator":"binpacking","expander":"random","expendable_pods_priority_cutoff":0,"ignore_daemonsets_utilization":false,"max_graceful_termination_sec":0,"scale_down_delay_after_add":"10m","scale_down_disabled":false,"scale_down_unneeded_time":"10m","scale_down_utilization_threshold":0.5},"cluster_url":"https://60d701b5-82c9-4d35-ba74-f7c0ec72c0b6.api.k8s.fr-par.scw.cloud:6443","cni":"cilium","created_at":"2023-05-26T13:19:54.537807Z","dashboard_enabled":false,"description":"","dns_wildcard":"*.60d701b5-82c9-4d35-ba74-f7c0ec72c0b6.nodes.k8s.fr-par.scw.cloud","feature_gates":[],"id":"60d701b5-82c9-4d35-ba74-f7c0ec72c0b6","ingress":"none","name":"K8SPoolConfigKubeletArgs","open_id_connect_config":{"client_id":"","groups_claim":[],"groups_prefix":"","issuer_url":"","required_claim":[],"username_claim":"","username_prefix":""},"organization_id":"fa1e3217-dc80-42ac-85c3-3f034b78b552","private_network_id":null,"project_id":"fa1e3217-dc80-42ac-85c3-3f034b78b552","region":"fr-par","status":"ready","tags":["terraform-test","scaleway_k8s_cluster","kubelet_args"],"type":"kapsule","updated_at":"2023-05-26T13:21:41.329384Z","upgrade_available":false,"version":"1.27.1"}'
    headers:
      Content-Length:
      - "1361"
      Content-Security-Policy:
      - default-src 'none'; frame-ancestors 'none'
      Content-Type:
      - application/json
      Date:
      - Fri, 26 May 2023 13:24:34 GMT
      Server:
      - Scaleway API-Gateway
      Strict-Transport-Security:
      - max-age=63072000
      X-Content-Type-Options:
      - nosniff
      X-Frame-Options:
      - DENY
      X-Request-Id:
      - 1fe24b98-7976-4427-bdc6-21db9cf4ba11
    status: 200 OK
    code: 200
    duration: ""
- request:
    body: ""
    form: {}
    headers:
      User-Agent:
      - scaleway-sdk-go/v1.0.0-beta.7+dev (go1.20.4; linux; amd64) terraform-provider/develop
        terraform/terraform-tests
    url: https://api.scaleway.com/k8s/v1/regions/fr-par/clusters/60d701b5-82c9-4d35-ba74-f7c0ec72c0b6/kubeconfig
    method: GET
  response:
    body: '{"content":"YXBpVmVyc2lvbjogdjEKY2x1c3RlcnM6Ci0gbmFtZTogIms4c3Bvb2xjb25maWdrdWJlbGV0YXJncyIKICBjbHVzdGVyOgogICAgY2VydGlmaWNhdGUtYXV0aG9yaXR5LWRhdGE6IExTMHRMUzFDUlVkSlRpQkRSVkpVU1VaSlEwRlVSUzB0TFMwdENrMUpTVU0xZWtORFFXTXJaMEYzU1VKQlowbENRVVJCVGtKbmEzRm9hMmxIT1hjd1FrRlJjMFpCUkVGV1RWSk5kMFZSV1VSV1VWRkVSWGR3Y21SWFNtd0tZMjAxYkdSSFZucE5RalJZUkZSSmVrMUVWWGxPVkVWNlRWUnJNVTVzYjFoRVZFMTZUVVJWZVU1VVJYcE5WR3N4VG14dmQwWlVSVlJOUWtWSFFURlZSUXBCZUUxTFlUTldhVnBZU25WYVdGSnNZM3BEUTBGVFNYZEVVVmxLUzI5YVNXaDJZMDVCVVVWQ1FsRkJSR2RuUlZCQlJFTkRRVkZ2UTJkblJVSkJTM2ROQ25SemRsTlZVVE0zVjNwSldXNTRTM1pSZDJKdlQwSXljM2htTDNGb1dWRjVaVXRxZHk4MGNDOTViazl1TW5kUFVFRkpXalo1TnpSeWVqUk5VVGRzYzFjS1lVOXNVVFZsZERZMlUyaE9Va2RtTUdwckszaG5kVmhhZHl0VGEzTnNORVZsYWtFdmFIRjRNRXhhWTNCeVZVVjFUa1JOYm5WMk5VeEdlRWxrY1dSVE5RcHRjbmgxUTI1bVIxUjFURzVQWjBWSVFTdEphVWxTWldRNU5tcHVMMUZUU2pOYVZYTjBlR2wzVjI5bmNrMXRhVFV6TW1wSE1HTkRRbTlDVTI1ck9IWTVDbk56UzJRclIxSklXVUpGTDFOcGFUSkxTemRzZFVoMVFsQlFXa0pTT1RkSGFEWlRSRk5RYURobVUyb3dVRll2UmtFM1QzTjFja1kyTkZaeVFqSk9MMGdLZUVReGJucGpPVlZ4WnpZM2JWUnZZMHM1ZURWUWEzRnFiamhVYzBaVVpHcHNlR3RYYVVSM05GZDFWMWR1YVZwNmMxQllOM2RhTWtkQ2FGSXdUa3BSV1FwRGVVTXZhMWxMY0Vkbksyd3ZkWFpzVDFRNFEwRjNSVUZCWVU1RFRVVkJkMFJuV1VSV1VqQlFRVkZJTDBKQlVVUkJaMHRyVFVFNFIwRXhWV1JGZDBWQ0NpOTNVVVpOUVUxQ1FXWTRkMGhSV1VSV1VqQlBRa0paUlVaQ1oyOVdSM1owVGt4bFJqWXpibXBMVTBnNWJGZzBabTkzU0ZwTlFUQkhRMU54UjFOSllqTUtSRkZGUWtOM1ZVRkJORWxDUVZGQlQzZFZZbXRTTUVWTlRqbEpVamswVDBWV1YyTjFUVWs0YTNWQ01tUnhTRVZKYTA1blpqUmxOSG92TlU1aFFsRlpUQXBNZFU1V05FTldZMDVEWms5dVVIWjNiMkZyWkVNNFVsbzBlR0k1V1hGbGFFWXpOR3BEYmpOTlJURllUWEZwTTJkR1VXZG9jR1pSVFVac1dFZElRM3AzQ21ocFNsUnJZemxRTlVGcFNWaENjRXRUZWtWNmJqTm1iVVJ3TkRKSWNrWmFZV1UwWkdsVmNVVmpUbWxYUnk5ck9Ea3liR2N5UjB0eWVVTm5XSFpqTkM4S1IySlBTbEl2ZVRCMk1HZ3dPWE40TVM5NldVTk1ZMk16TjBSUmRHRkhWMFkxZUVkMlVqRlFNVTVxZWxCTlMxUTFMME5IWlU4NVJUTnBUbnAzVkUweFVncG9UWGRpYzNnNU1VZGxVbU5hVmpScGFYbFNkVEI2YVRKdFJIUnBSMkUxVDFsMVVEVlZablJPTUdKWmQzbHhlbkZrUkVoYWVtMXhTMWR1THpWdFkyMWFDbkEwVVVwNWIzRlZRVGxMYVdWaGExUTRXalZUUVZOV1JsWjViSHB4UW5WSmNHWkVXQW90TFMwdExVVk9SQ0JEUlZKVVNVWkpRMEZVUlMwdExTMHRDZz09CiAgICBzZXJ2ZXI6IGh0dHBzOi8vNjBkNzAxYjUtODJjOS00ZDM1LWJhNzQtZjdjMGVjNzJjMGI2LmFwaS5rOHMuZnItcGFyLnNjdy5jbG91ZDo2NDQzCmNvbnRleHRzOgotIG5hbWU6IGFkbWluQGs4c3Bvb2xjb25maWdrdWJlbGV0YXJncwogIGNvbnRleHQ6CiAgICBjbHVzdGVyOiAiazhzcG9vbGNvbmZpZ2t1YmVsZXRhcmdzIgogICAgdXNlcjogazhzcG9vbGNvbmZpZ2t1YmVsZXRhcmdzLWFkbWluCmN1cnJlbnQtY29udGV4dDogYWRtaW5AazhzcG9vbGNvbmZpZ2t1YmVsZXRhcmdzCmtpbmQ6IENvbmZpZwpwcmVmZXJlbmNlczoge30KdXNlcnM6Ci0gbmFtZTogazhzcG9vbGNvbmZpZ2t1YmVsZXRhcmdzLWFkbWluCiAgdXNlcjoKICAgIHRva2VuOiA3ZTFlblBLdjVTQzFYR3VWcXFDRmtmS0RmQUl4azRQd2Fqc1NtVEhLM0VmVW8xUFhrNXVlalpacA==","content_type":"application/octet-stream","name":"kubeconfig"}'
    headers:
      Content-Length:
      - "2684"
      Content-Security-Policy:
      - default-src 'none'; frame-ancestors 'none'
      Content-Type:
      - application/json
      Date:
      - Fri, 26 May 2023 13:24:34 GMT
      Server:
      - Scaleway API-Gateway
      Strict-Transport-Security:
      - max-age=63072000
      X-Content-Type-Options:
      - nosniff
      X-Frame-Options:
      - DENY
      X-Request-Id:
      - d0f03347-ac02-494e-8a83-1e6f8c77e4b0
    status: 200 OK
    code: 200
    duration: ""
- request:
    body: ""
    form: {}
    headers:
      User-Agent:
      - scaleway-sdk-go/v1.0.0-beta.7+dev (go1.20.4; linux; amd64) terraform-provider/develop
        terraform/terraform-tests
    url: https://api.scaleway.com/k8s/v1/regions/fr-par/pools/950e6985-7c4c-4b09-a473-4c1e7be474b9
    method: GET
  response:
    body: '{"autohealing":true,"autoscaling":true,"cluster_id":"60d701b5-82c9-4d35-ba74-f7c0ec72c0b6","container_runtime":"containerd","created_at":"2023-05-26T13:20:00.721874Z","id":"950e6985-7c4c-4b09-a473-4c1e7be474b9","kubelet_args":{"maxPods":"1337"},"max_size":1,"min_size":1,"name":"default","node_type":"gp1_xs","placement_group_id":null,"region":"fr-par","root_volume_size":150000000000,"root_volume_type":"l_ssd","size":1,"status":"ready","tags":["terraform-test","scaleway_k8s_cluster","kubelet_args"],"updated_at":"2023-05-26T13:24:30.855133Z","upgrade_policy":{"max_surge":0,"max_unavailable":1},"version":"1.27.1","zone":"fr-par-1"}'
    headers:
      Content-Length:
      - "635"
      Content-Security-Policy:
      - default-src 'none'; frame-ancestors 'none'
      Content-Type:
      - application/json
      Date:
      - Fri, 26 May 2023 13:24:34 GMT
      Server:
      - Scaleway API-Gateway
      Strict-Transport-Security:
      - max-age=63072000
      X-Content-Type-Options:
      - nosniff
      X-Frame-Options:
      - DENY
      X-Request-Id:
      - ff540e99-e915-4d21-bce3-ae5bd30a3f69
    status: 200 OK
    code: 200
    duration: ""
- request:
    body: ""
    form: {}
    headers:
      User-Agent:
      - scaleway-sdk-go/v1.0.0-beta.7+dev (go1.20.4; linux; amd64) terraform-provider/develop
        terraform/terraform-tests
    url: https://api.scaleway.com/k8s/v1/regions/fr-par/clusters/60d701b5-82c9-4d35-ba74-f7c0ec72c0b6/nodes?order_by=created_at_asc&page=1&pool_id=950e6985-7c4c-4b09-a473-4c1e7be474b9&status=unknown
    method: GET
  response:
    body: '{"nodes":[{"cluster_id":"60d701b5-82c9-4d35-ba74-f7c0ec72c0b6","conditions":{"DiskPressure":"False","MemoryPressure":"False","PIDPressure":"False","Ready":"True"},"created_at":"2023-05-26T13:22:02.590355Z","error_message":null,"id":"f4ccdeb5-4b5d-4dc3-97ba-30d87d6f7cde","name":"scw-k8spoolconfigkubeletargs-default-f4ccdeb54","pool_id":"950e6985-7c4c-4b09-a473-4c1e7be474b9","provider_id":"scaleway://instance/fr-par-1/8ad60a14-dd7d-4089-9e1a-4aeb3961a83b","public_ip_v4":"51.15.211.1","public_ip_v6":null,"region":"fr-par","status":"ready","updated_at":"2023-05-26T13:24:30.840538Z"}],"total_count":1}'
    headers:
      Content-Length:
      - "603"
      Content-Security-Policy:
      - default-src 'none'; frame-ancestors 'none'
      Content-Type:
      - application/json
      Date:
      - Fri, 26 May 2023 13:24:34 GMT
      Server:
      - Scaleway API-Gateway
      Strict-Transport-Security:
      - max-age=63072000
      X-Content-Type-Options:
      - nosniff
      X-Frame-Options:
      - DENY
      X-Request-Id:
      - d0ef12f8-0659-40a1-86fb-95131cae4896
    status: 200 OK
    code: 200
    duration: ""
- request:
    body: ""
    form: {}
    headers:
      User-Agent:
      - scaleway-sdk-go/v1.0.0-beta.7+dev (go1.20.4; linux; amd64) terraform-provider/develop
        terraform/terraform-tests
    url: https://api.scaleway.com/k8s/v1/regions/fr-par/clusters/60d701b5-82c9-4d35-ba74-f7c0ec72c0b6
    method: GET
  response:
    body: '{"admission_plugins":[],"apiserver_cert_sans":[],"auto_upgrade":{"enabled":false,"maintenance_window":{"day":"any","start_hour":0}},"autoscaler_config":{"balance_similar_node_groups":false,"estimator":"binpacking","expander":"random","expendable_pods_priority_cutoff":0,"ignore_daemonsets_utilization":false,"max_graceful_termination_sec":0,"scale_down_delay_after_add":"10m","scale_down_disabled":false,"scale_down_unneeded_time":"10m","scale_down_utilization_threshold":0.5},"cluster_url":"https://60d701b5-82c9-4d35-ba74-f7c0ec72c0b6.api.k8s.fr-par.scw.cloud:6443","cni":"cilium","created_at":"2023-05-26T13:19:54.537807Z","dashboard_enabled":false,"description":"","dns_wildcard":"*.60d701b5-82c9-4d35-ba74-f7c0ec72c0b6.nodes.k8s.fr-par.scw.cloud","feature_gates":[],"id":"60d701b5-82c9-4d35-ba74-f7c0ec72c0b6","ingress":"none","name":"K8SPoolConfigKubeletArgs","open_id_connect_config":{"client_id":"","groups_claim":[],"groups_prefix":"","issuer_url":"","required_claim":[],"username_claim":"","username_prefix":""},"organization_id":"fa1e3217-dc80-42ac-85c3-3f034b78b552","private_network_id":null,"project_id":"fa1e3217-dc80-42ac-85c3-3f034b78b552","region":"fr-par","status":"ready","tags":["terraform-test","scaleway_k8s_cluster","kubelet_args"],"type":"kapsule","updated_at":"2023-05-26T13:21:41.329384Z","upgrade_available":false,"version":"1.27.1"}'
    headers:
      Content-Length:
      - "1361"
      Content-Security-Policy:
      - default-src 'none'; frame-ancestors 'none'
      Content-Type:
      - application/json
      Date:
      - Fri, 26 May 2023 13:24:35 GMT
      Server:
      - Scaleway API-Gateway
      Strict-Transport-Security:
      - max-age=63072000
      X-Content-Type-Options:
      - nosniff
      X-Frame-Options:
      - DENY
      X-Request-Id:
      - 65f54449-32c1-4989-ae16-e91fcfa65f5d
    status: 200 OK
    code: 200
    duration: ""
- request:
    body: ""
    form: {}
    headers:
      User-Agent:
      - scaleway-sdk-go/v1.0.0-beta.7+dev (go1.20.4; linux; amd64) terraform-provider/develop
        terraform/terraform-tests
    url: https://api.scaleway.com/k8s/v1/regions/fr-par/clusters/60d701b5-82c9-4d35-ba74-f7c0ec72c0b6/kubeconfig
    method: GET
  response:
    body: '{"content":"YXBpVmVyc2lvbjogdjEKY2x1c3RlcnM6Ci0gbmFtZTogIms4c3Bvb2xjb25maWdrdWJlbGV0YXJncyIKICBjbHVzdGVyOgogICAgY2VydGlmaWNhdGUtYXV0aG9yaXR5LWRhdGE6IExTMHRMUzFDUlVkSlRpQkRSVkpVU1VaSlEwRlVSUzB0TFMwdENrMUpTVU0xZWtORFFXTXJaMEYzU1VKQlowbENRVVJCVGtKbmEzRm9hMmxIT1hjd1FrRlJjMFpCUkVGV1RWSk5kMFZSV1VSV1VWRkVSWGR3Y21SWFNtd0tZMjAxYkdSSFZucE5RalJZUkZSSmVrMUVWWGxPVkVWNlRWUnJNVTVzYjFoRVZFMTZUVVJWZVU1VVJYcE5WR3N4VG14dmQwWlVSVlJOUWtWSFFURlZSUXBCZUUxTFlUTldhVnBZU25WYVdGSnNZM3BEUTBGVFNYZEVVVmxLUzI5YVNXaDJZMDVCVVVWQ1FsRkJSR2RuUlZCQlJFTkRRVkZ2UTJkblJVSkJTM2ROQ25SemRsTlZVVE0zVjNwSldXNTRTM1pSZDJKdlQwSXljM2htTDNGb1dWRjVaVXRxZHk4MGNDOTViazl1TW5kUFVFRkpXalo1TnpSeWVqUk5VVGRzYzFjS1lVOXNVVFZsZERZMlUyaE9Va2RtTUdwckszaG5kVmhhZHl0VGEzTnNORVZsYWtFdmFIRjRNRXhhWTNCeVZVVjFUa1JOYm5WMk5VeEdlRWxrY1dSVE5RcHRjbmgxUTI1bVIxUjFURzVQWjBWSVFTdEphVWxTWldRNU5tcHVMMUZUU2pOYVZYTjBlR2wzVjI5bmNrMXRhVFV6TW1wSE1HTkRRbTlDVTI1ck9IWTVDbk56UzJRclIxSklXVUpGTDFOcGFUSkxTemRzZFVoMVFsQlFXa0pTT1RkSGFEWlRSRk5RYURobVUyb3dVRll2UmtFM1QzTjFja1kyTkZaeVFqSk9MMGdLZUVReGJucGpPVlZ4WnpZM2JWUnZZMHM1ZURWUWEzRnFiamhVYzBaVVpHcHNlR3RYYVVSM05GZDFWMWR1YVZwNmMxQllOM2RhTWtkQ2FGSXdUa3BSV1FwRGVVTXZhMWxMY0Vkbksyd3ZkWFpzVDFRNFEwRjNSVUZCWVU1RFRVVkJkMFJuV1VSV1VqQlFRVkZJTDBKQlVVUkJaMHRyVFVFNFIwRXhWV1JGZDBWQ0NpOTNVVVpOUVUxQ1FXWTRkMGhSV1VSV1VqQlBRa0paUlVaQ1oyOVdSM1owVGt4bFJqWXpibXBMVTBnNWJGZzBabTkzU0ZwTlFUQkhRMU54UjFOSllqTUtSRkZGUWtOM1ZVRkJORWxDUVZGQlQzZFZZbXRTTUVWTlRqbEpVamswVDBWV1YyTjFUVWs0YTNWQ01tUnhTRVZKYTA1blpqUmxOSG92TlU1aFFsRlpUQXBNZFU1V05FTldZMDVEWms5dVVIWjNiMkZyWkVNNFVsbzBlR0k1V1hGbGFFWXpOR3BEYmpOTlJURllUWEZwTTJkR1VXZG9jR1pSVFVac1dFZElRM3AzQ21ocFNsUnJZemxRTlVGcFNWaENjRXRUZWtWNmJqTm1iVVJ3TkRKSWNrWmFZV1UwWkdsVmNVVmpUbWxYUnk5ck9Ea3liR2N5UjB0eWVVTm5XSFpqTkM4S1IySlBTbEl2ZVRCMk1HZ3dPWE40TVM5NldVTk1ZMk16TjBSUmRHRkhWMFkxZUVkMlVqRlFNVTVxZWxCTlMxUTFMME5IWlU4NVJUTnBUbnAzVkUweFVncG9UWGRpYzNnNU1VZGxVbU5hVmpScGFYbFNkVEI2YVRKdFJIUnBSMkUxVDFsMVVEVlZablJPTUdKWmQzbHhlbkZrUkVoYWVtMXhTMWR1THpWdFkyMWFDbkEwVVVwNWIzRlZRVGxMYVdWaGExUTRXalZUUVZOV1JsWjViSHB4UW5WSmNHWkVXQW90TFMwdExVVk9SQ0JEUlZKVVNVWkpRMEZVUlMwdExTMHRDZz09CiAgICBzZXJ2ZXI6IGh0dHBzOi8vNjBkNzAxYjUtODJjOS00ZDM1LWJhNzQtZjdjMGVjNzJjMGI2LmFwaS5rOHMuZnItcGFyLnNjdy5jbG91ZDo2NDQzCmNvbnRleHRzOgotIG5hbWU6IGFkbWluQGs4c3Bvb2xjb25maWdrdWJlbGV0YXJncwogIGNvbnRleHQ6CiAgICBjbHVzdGVyOiAiazhzcG9vbGNvbmZpZ2t1YmVsZXRhcmdzIgogICAgdXNlcjogazhzcG9vbGNvbmZpZ2t1YmVsZXRhcmdzLWFkbWluCmN1cnJlbnQtY29udGV4dDogYWRtaW5AazhzcG9vbGNvbmZpZ2t1YmVsZXRhcmdzCmtpbmQ6IENvbmZpZwpwcmVmZXJlbmNlczoge30KdXNlcnM6Ci0gbmFtZTogazhzcG9vbGNvbmZpZ2t1YmVsZXRhcmdzLWFkbWluCiAgdXNlcjoKICAgIHRva2VuOiA3ZTFlblBLdjVTQzFYR3VWcXFDRmtmS0RmQUl4azRQd2Fqc1NtVEhLM0VmVW8xUFhrNXVlalpacA==","content_type":"application/octet-stream","name":"kubeconfig"}'
    headers:
      Content-Length:
      - "2684"
      Content-Security-Policy:
      - default-src 'none'; frame-ancestors 'none'
      Content-Type:
      - application/json
      Date:
      - Fri, 26 May 2023 13:24:35 GMT
      Server:
      - Scaleway API-Gateway
      Strict-Transport-Security:
      - max-age=63072000
      X-Content-Type-Options:
      - nosniff
      X-Frame-Options:
      - DENY
      X-Request-Id:
      - 854d7f31-7512-4b3e-8598-ea639a32ede2
    status: 200 OK
    code: 200
    duration: ""
- request:
    body: ""
    form: {}
    headers:
      User-Agent:
      - scaleway-sdk-go/v1.0.0-beta.7+dev (go1.20.4; linux; amd64) terraform-provider/develop
        terraform/terraform-tests
    url: https://api.scaleway.com/k8s/v1/regions/fr-par/pools/950e6985-7c4c-4b09-a473-4c1e7be474b9
    method: GET
  response:
    body: '{"autohealing":true,"autoscaling":true,"cluster_id":"60d701b5-82c9-4d35-ba74-f7c0ec72c0b6","container_runtime":"containerd","created_at":"2023-05-26T13:20:00.721874Z","id":"950e6985-7c4c-4b09-a473-4c1e7be474b9","kubelet_args":{"maxPods":"1337"},"max_size":1,"min_size":1,"name":"default","node_type":"gp1_xs","placement_group_id":null,"region":"fr-par","root_volume_size":150000000000,"root_volume_type":"l_ssd","size":1,"status":"ready","tags":["terraform-test","scaleway_k8s_cluster","kubelet_args"],"updated_at":"2023-05-26T13:24:30.855133Z","upgrade_policy":{"max_surge":0,"max_unavailable":1},"version":"1.27.1","zone":"fr-par-1"}'
    headers:
      Content-Length:
      - "635"
      Content-Security-Policy:
      - default-src 'none'; frame-ancestors 'none'
      Content-Type:
      - application/json
      Date:
      - Fri, 26 May 2023 13:24:35 GMT
      Server:
      - Scaleway API-Gateway
      Strict-Transport-Security:
      - max-age=63072000
      X-Content-Type-Options:
      - nosniff
      X-Frame-Options:
      - DENY
      X-Request-Id:
      - 01c73312-def8-458b-bd62-79d1194182e0
    status: 200 OK
    code: 200
    duration: ""
- request:
    body: ""
    form: {}
    headers:
      User-Agent:
      - scaleway-sdk-go/v1.0.0-beta.7+dev (go1.20.4; linux; amd64) terraform-provider/develop
        terraform/terraform-tests
    url: https://api.scaleway.com/k8s/v1/regions/fr-par/clusters/60d701b5-82c9-4d35-ba74-f7c0ec72c0b6/nodes?order_by=created_at_asc&page=1&pool_id=950e6985-7c4c-4b09-a473-4c1e7be474b9&status=unknown
    method: GET
  response:
    body: '{"nodes":[{"cluster_id":"60d701b5-82c9-4d35-ba74-f7c0ec72c0b6","conditions":{"DiskPressure":"False","MemoryPressure":"False","PIDPressure":"False","Ready":"True"},"created_at":"2023-05-26T13:22:02.590355Z","error_message":null,"id":"f4ccdeb5-4b5d-4dc3-97ba-30d87d6f7cde","name":"scw-k8spoolconfigkubeletargs-default-f4ccdeb54","pool_id":"950e6985-7c4c-4b09-a473-4c1e7be474b9","provider_id":"scaleway://instance/fr-par-1/8ad60a14-dd7d-4089-9e1a-4aeb3961a83b","public_ip_v4":"51.15.211.1","public_ip_v6":null,"region":"fr-par","status":"ready","updated_at":"2023-05-26T13:24:30.840538Z"}],"total_count":1}'
    headers:
      Content-Length:
      - "603"
      Content-Security-Policy:
      - default-src 'none'; frame-ancestors 'none'
      Content-Type:
      - application/json
      Date:
      - Fri, 26 May 2023 13:24:35 GMT
      Server:
      - Scaleway API-Gateway
      Strict-Transport-Security:
      - max-age=63072000
      X-Content-Type-Options:
      - nosniff
      X-Frame-Options:
      - DENY
      X-Request-Id:
      - c5889986-1603-47dd-9dad-bd0a7d675ff0
    status: 200 OK
    code: 200
    duration: ""
- request:
    body: '{"autoscaling":null,"size":null,"min_size":null,"max_size":null,"autohealing":null,"tags":null,"kubelet_args":{"maxPods":"50"},"upgrade_policy":{"max_unavailable":null,"max_surge":null}}'
    form: {}
    headers:
      Content-Type:
      - application/json
      User-Agent:
      - scaleway-sdk-go/v1.0.0-beta.7+dev (go1.20.4; linux; amd64) terraform-provider/develop
        terraform/terraform-tests
    url: https://api.scaleway.com/k8s/v1/regions/fr-par/pools/950e6985-7c4c-4b09-a473-4c1e7be474b9
    method: PATCH
  response:
    body: '{"autohealing":true,"autoscaling":true,"cluster_id":"60d701b5-82c9-4d35-ba74-f7c0ec72c0b6","container_runtime":"containerd","created_at":"2023-05-26T13:20:00.721874Z","id":"950e6985-7c4c-4b09-a473-4c1e7be474b9","kubelet_args":{"maxPods":"50"},"max_size":1,"min_size":1,"name":"default","node_type":"gp1_xs","placement_group_id":null,"region":"fr-par","root_volume_size":150000000000,"root_volume_type":"l_ssd","size":1,"status":"ready","tags":["terraform-test","scaleway_k8s_cluster","kubelet_args"],"updated_at":"2023-05-26T13:24:35.453418422Z","upgrade_policy":{"max_surge":0,"max_unavailable":1},"version":"1.27.1","zone":"fr-par-1"}'
    headers:
      Content-Length:
      - "636"
      Content-Security-Policy:
      - default-src 'none'; frame-ancestors 'none'
      Content-Type:
      - application/json
      Date:
      - Fri, 26 May 2023 13:24:35 GMT
      Server:
      - Scaleway API-Gateway
      Strict-Transport-Security:
      - max-age=63072000
      X-Content-Type-Options:
      - nosniff
      X-Frame-Options:
      - DENY
      X-Request-Id:
      - b744477a-dc3c-4975-a910-215891e0d2ff
    status: 200 OK
    code: 200
    duration: ""
- request:
    body: ""
    form: {}
    headers:
      User-Agent:
      - scaleway-sdk-go/v1.0.0-beta.7+dev (go1.20.4; linux; amd64) terraform-provider/develop
        terraform/terraform-tests
    url: https://api.scaleway.com/k8s/v1/regions/fr-par/pools/950e6985-7c4c-4b09-a473-4c1e7be474b9
    method: GET
  response:
    body: '{"autohealing":true,"autoscaling":true,"cluster_id":"60d701b5-82c9-4d35-ba74-f7c0ec72c0b6","container_runtime":"containerd","created_at":"2023-05-26T13:20:00.721874Z","id":"950e6985-7c4c-4b09-a473-4c1e7be474b9","kubelet_args":{"maxPods":"50"},"max_size":1,"min_size":1,"name":"default","node_type":"gp1_xs","placement_group_id":null,"region":"fr-par","root_volume_size":150000000000,"root_volume_type":"l_ssd","size":1,"status":"ready","tags":["terraform-test","scaleway_k8s_cluster","kubelet_args"],"updated_at":"2023-05-26T13:24:35.453418Z","upgrade_policy":{"max_surge":0,"max_unavailable":1},"version":"1.27.1","zone":"fr-par-1"}'
    headers:
      Content-Length:
      - "633"
      Content-Security-Policy:
      - default-src 'none'; frame-ancestors 'none'
      Content-Type:
      - application/json
      Date:
      - Fri, 26 May 2023 13:24:35 GMT
      Server:
      - Scaleway API-Gateway
      Strict-Transport-Security:
      - max-age=63072000
      X-Content-Type-Options:
      - nosniff
      X-Frame-Options:
      - DENY
      X-Request-Id:
      - 9e140a81-235d-48cb-adf9-f51a63d94167
    status: 200 OK
    code: 200
    duration: ""
- request:
    body: ""
    form: {}
    headers:
      User-Agent:
      - scaleway-sdk-go/v1.0.0-beta.7+dev (go1.20.4; linux; amd64) terraform-provider/develop
        terraform/terraform-tests
    url: https://api.scaleway.com/k8s/v1/regions/fr-par/pools/950e6985-7c4c-4b09-a473-4c1e7be474b9
    method: GET
  response:
    body: '{"autohealing":true,"autoscaling":true,"cluster_id":"60d701b5-82c9-4d35-ba74-f7c0ec72c0b6","container_runtime":"containerd","created_at":"2023-05-26T13:20:00.721874Z","id":"950e6985-7c4c-4b09-a473-4c1e7be474b9","kubelet_args":{"maxPods":"50"},"max_size":1,"min_size":1,"name":"default","node_type":"gp1_xs","placement_group_id":null,"region":"fr-par","root_volume_size":150000000000,"root_volume_type":"l_ssd","size":1,"status":"ready","tags":["terraform-test","scaleway_k8s_cluster","kubelet_args"],"updated_at":"2023-05-26T13:24:35.453418Z","upgrade_policy":{"max_surge":0,"max_unavailable":1},"version":"1.27.1","zone":"fr-par-1"}'
    headers:
      Content-Length:
      - "633"
      Content-Security-Policy:
      - default-src 'none'; frame-ancestors 'none'
      Content-Type:
      - application/json
      Date:
      - Fri, 26 May 2023 13:24:35 GMT
      Server:
      - Scaleway API-Gateway
      Strict-Transport-Security:
      - max-age=63072000
      X-Content-Type-Options:
      - nosniff
      X-Frame-Options:
      - DENY
      X-Request-Id:
      - 4c0ad603-fb8f-45e2-bda9-53c10304df63
    status: 200 OK
    code: 200
    duration: ""
- request:
    body: ""
    form: {}
    headers:
      User-Agent:
      - scaleway-sdk-go/v1.0.0-beta.7+dev (go1.20.4; linux; amd64) terraform-provider/develop
        terraform/terraform-tests
    url: https://api.scaleway.com/k8s/v1/regions/fr-par/clusters/60d701b5-82c9-4d35-ba74-f7c0ec72c0b6/nodes?order_by=created_at_asc&page=1&pool_id=950e6985-7c4c-4b09-a473-4c1e7be474b9&status=unknown
    method: GET
  response:
    body: '{"nodes":[{"cluster_id":"60d701b5-82c9-4d35-ba74-f7c0ec72c0b6","conditions":{"DiskPressure":"False","MemoryPressure":"False","PIDPressure":"False","Ready":"True"},"created_at":"2023-05-26T13:22:02.590355Z","error_message":null,"id":"f4ccdeb5-4b5d-4dc3-97ba-30d87d6f7cde","name":"scw-k8spoolconfigkubeletargs-default-f4ccdeb54","pool_id":"950e6985-7c4c-4b09-a473-4c1e7be474b9","provider_id":"scaleway://instance/fr-par-1/8ad60a14-dd7d-4089-9e1a-4aeb3961a83b","public_ip_v4":"51.15.211.1","public_ip_v6":null,"region":"fr-par","status":"ready","updated_at":"2023-05-26T13:24:30.840538Z"}],"total_count":1}'
    headers:
      Content-Length:
      - "603"
      Content-Security-Policy:
      - default-src 'none'; frame-ancestors 'none'
      Content-Type:
      - application/json
      Date:
      - Fri, 26 May 2023 13:24:35 GMT
      Server:
      - Scaleway API-Gateway
      Strict-Transport-Security:
      - max-age=63072000
      X-Content-Type-Options:
      - nosniff
      X-Frame-Options:
      - DENY
      X-Request-Id:
      - 9a17e258-417c-44cd-a2ad-febf95560938
    status: 200 OK
    code: 200
    duration: ""
- request:
    body: ""
    form: {}
    headers:
      User-Agent:
      - scaleway-sdk-go/v1.0.0-beta.7+dev (go1.20.4; linux; amd64) terraform-provider/develop
        terraform/terraform-tests
    url: https://api.scaleway.com/k8s/v1/regions/fr-par/clusters/60d701b5-82c9-4d35-ba74-f7c0ec72c0b6
    method: GET
  response:
    body: '{"admission_plugins":[],"apiserver_cert_sans":[],"auto_upgrade":{"enabled":false,"maintenance_window":{"day":"any","start_hour":0}},"autoscaler_config":{"balance_similar_node_groups":false,"estimator":"binpacking","expander":"random","expendable_pods_priority_cutoff":0,"ignore_daemonsets_utilization":false,"max_graceful_termination_sec":0,"scale_down_delay_after_add":"10m","scale_down_disabled":false,"scale_down_unneeded_time":"10m","scale_down_utilization_threshold":0.5},"cluster_url":"https://60d701b5-82c9-4d35-ba74-f7c0ec72c0b6.api.k8s.fr-par.scw.cloud:6443","cni":"cilium","created_at":"2023-05-26T13:19:54.537807Z","dashboard_enabled":false,"description":"","dns_wildcard":"*.60d701b5-82c9-4d35-ba74-f7c0ec72c0b6.nodes.k8s.fr-par.scw.cloud","feature_gates":[],"id":"60d701b5-82c9-4d35-ba74-f7c0ec72c0b6","ingress":"none","name":"K8SPoolConfigKubeletArgs","open_id_connect_config":{"client_id":"","groups_claim":[],"groups_prefix":"","issuer_url":"","required_claim":[],"username_claim":"","username_prefix":""},"organization_id":"fa1e3217-dc80-42ac-85c3-3f034b78b552","private_network_id":null,"project_id":"fa1e3217-dc80-42ac-85c3-3f034b78b552","region":"fr-par","status":"ready","tags":["terraform-test","scaleway_k8s_cluster","kubelet_args"],"type":"kapsule","updated_at":"2023-05-26T13:21:41.329384Z","upgrade_available":false,"version":"1.27.1"}'
    headers:
      Content-Length:
      - "1361"
      Content-Security-Policy:
      - default-src 'none'; frame-ancestors 'none'
      Content-Type:
      - application/json
      Date:
      - Fri, 26 May 2023 13:24:35 GMT
      Server:
      - Scaleway API-Gateway
      Strict-Transport-Security:
      - max-age=63072000
      X-Content-Type-Options:
      - nosniff
      X-Frame-Options:
      - DENY
      X-Request-Id:
      - 87bcf4cf-6cba-4138-bd3b-08f0c46b4113
    status: 200 OK
    code: 200
    duration: ""
- request:
    body: ""
    form: {}
    headers:
      User-Agent:
      - scaleway-sdk-go/v1.0.0-beta.7+dev (go1.20.4; linux; amd64) terraform-provider/develop
        terraform/terraform-tests
    url: https://api.scaleway.com/k8s/v1/regions/fr-par/pools/950e6985-7c4c-4b09-a473-4c1e7be474b9
    method: GET
  response:
    body: '{"autohealing":true,"autoscaling":true,"cluster_id":"60d701b5-82c9-4d35-ba74-f7c0ec72c0b6","container_runtime":"containerd","created_at":"2023-05-26T13:20:00.721874Z","id":"950e6985-7c4c-4b09-a473-4c1e7be474b9","kubelet_args":{"maxPods":"50"},"max_size":1,"min_size":1,"name":"default","node_type":"gp1_xs","placement_group_id":null,"region":"fr-par","root_volume_size":150000000000,"root_volume_type":"l_ssd","size":1,"status":"ready","tags":["terraform-test","scaleway_k8s_cluster","kubelet_args"],"updated_at":"2023-05-26T13:24:35.453418Z","upgrade_policy":{"max_surge":0,"max_unavailable":1},"version":"1.27.1","zone":"fr-par-1"}'
    headers:
      Content-Length:
      - "633"
      Content-Security-Policy:
      - default-src 'none'; frame-ancestors 'none'
      Content-Type:
      - application/json
      Date:
      - Fri, 26 May 2023 13:24:36 GMT
      Server:
      - Scaleway API-Gateway
      Strict-Transport-Security:
      - max-age=63072000
      X-Content-Type-Options:
      - nosniff
      X-Frame-Options:
      - DENY
      X-Request-Id:
      - 5afa2f2c-2eff-412a-a87e-5dc1ea206f12
    status: 200 OK
    code: 200
    duration: ""
- request:
    body: ""
    form: {}
    headers:
      User-Agent:
      - scaleway-sdk-go/v1.0.0-beta.7+dev (go1.20.4; linux; amd64) terraform-provider/develop
        terraform/terraform-tests
    url: https://api.scaleway.com/k8s/v1/regions/fr-par/clusters/60d701b5-82c9-4d35-ba74-f7c0ec72c0b6
    method: GET
  response:
    body: '{"admission_plugins":[],"apiserver_cert_sans":[],"auto_upgrade":{"enabled":false,"maintenance_window":{"day":"any","start_hour":0}},"autoscaler_config":{"balance_similar_node_groups":false,"estimator":"binpacking","expander":"random","expendable_pods_priority_cutoff":0,"ignore_daemonsets_utilization":false,"max_graceful_termination_sec":0,"scale_down_delay_after_add":"10m","scale_down_disabled":false,"scale_down_unneeded_time":"10m","scale_down_utilization_threshold":0.5},"cluster_url":"https://60d701b5-82c9-4d35-ba74-f7c0ec72c0b6.api.k8s.fr-par.scw.cloud:6443","cni":"cilium","created_at":"2023-05-26T13:19:54.537807Z","dashboard_enabled":false,"description":"","dns_wildcard":"*.60d701b5-82c9-4d35-ba74-f7c0ec72c0b6.nodes.k8s.fr-par.scw.cloud","feature_gates":[],"id":"60d701b5-82c9-4d35-ba74-f7c0ec72c0b6","ingress":"none","name":"K8SPoolConfigKubeletArgs","open_id_connect_config":{"client_id":"","groups_claim":[],"groups_prefix":"","issuer_url":"","required_claim":[],"username_claim":"","username_prefix":""},"organization_id":"fa1e3217-dc80-42ac-85c3-3f034b78b552","private_network_id":null,"project_id":"fa1e3217-dc80-42ac-85c3-3f034b78b552","region":"fr-par","status":"ready","tags":["terraform-test","scaleway_k8s_cluster","kubelet_args"],"type":"kapsule","updated_at":"2023-05-26T13:21:41.329384Z","upgrade_available":false,"version":"1.27.1"}'
    headers:
      Content-Length:
      - "1361"
      Content-Security-Policy:
      - default-src 'none'; frame-ancestors 'none'
      Content-Type:
      - application/json
      Date:
      - Fri, 26 May 2023 13:24:36 GMT
      Server:
      - Scaleway API-Gateway
      Strict-Transport-Security:
      - max-age=63072000
      X-Content-Type-Options:
      - nosniff
      X-Frame-Options:
      - DENY
      X-Request-Id:
      - 2bd84a97-cab2-4f9e-8b54-fb1de59761b3
    status: 200 OK
    code: 200
    duration: ""
- request:
    body: ""
    form: {}
    headers:
      User-Agent:
      - scaleway-sdk-go/v1.0.0-beta.7+dev (go1.20.4; linux; amd64) terraform-provider/develop
        terraform/terraform-tests
    url: https://api.scaleway.com/k8s/v1/regions/fr-par/clusters/60d701b5-82c9-4d35-ba74-f7c0ec72c0b6/kubeconfig
    method: GET
  response:
    body: '{"content":"YXBpVmVyc2lvbjogdjEKY2x1c3RlcnM6Ci0gbmFtZTogIms4c3Bvb2xjb25maWdrdWJlbGV0YXJncyIKICBjbHVzdGVyOgogICAgY2VydGlmaWNhdGUtYXV0aG9yaXR5LWRhdGE6IExTMHRMUzFDUlVkSlRpQkRSVkpVU1VaSlEwRlVSUzB0TFMwdENrMUpTVU0xZWtORFFXTXJaMEYzU1VKQlowbENRVVJCVGtKbmEzRm9hMmxIT1hjd1FrRlJjMFpCUkVGV1RWSk5kMFZSV1VSV1VWRkVSWGR3Y21SWFNtd0tZMjAxYkdSSFZucE5RalJZUkZSSmVrMUVWWGxPVkVWNlRWUnJNVTVzYjFoRVZFMTZUVVJWZVU1VVJYcE5WR3N4VG14dmQwWlVSVlJOUWtWSFFURlZSUXBCZUUxTFlUTldhVnBZU25WYVdGSnNZM3BEUTBGVFNYZEVVVmxLUzI5YVNXaDJZMDVCVVVWQ1FsRkJSR2RuUlZCQlJFTkRRVkZ2UTJkblJVSkJTM2ROQ25SemRsTlZVVE0zVjNwSldXNTRTM1pSZDJKdlQwSXljM2htTDNGb1dWRjVaVXRxZHk4MGNDOTViazl1TW5kUFVFRkpXalo1TnpSeWVqUk5VVGRzYzFjS1lVOXNVVFZsZERZMlUyaE9Va2RtTUdwckszaG5kVmhhZHl0VGEzTnNORVZsYWtFdmFIRjRNRXhhWTNCeVZVVjFUa1JOYm5WMk5VeEdlRWxrY1dSVE5RcHRjbmgxUTI1bVIxUjFURzVQWjBWSVFTdEphVWxTWldRNU5tcHVMMUZUU2pOYVZYTjBlR2wzVjI5bmNrMXRhVFV6TW1wSE1HTkRRbTlDVTI1ck9IWTVDbk56UzJRclIxSklXVUpGTDFOcGFUSkxTemRzZFVoMVFsQlFXa0pTT1RkSGFEWlRSRk5RYURobVUyb3dVRll2UmtFM1QzTjFja1kyTkZaeVFqSk9MMGdLZUVReGJucGpPVlZ4WnpZM2JWUnZZMHM1ZURWUWEzRnFiamhVYzBaVVpHcHNlR3RYYVVSM05GZDFWMWR1YVZwNmMxQllOM2RhTWtkQ2FGSXdUa3BSV1FwRGVVTXZhMWxMY0Vkbksyd3ZkWFpzVDFRNFEwRjNSVUZCWVU1RFRVVkJkMFJuV1VSV1VqQlFRVkZJTDBKQlVVUkJaMHRyVFVFNFIwRXhWV1JGZDBWQ0NpOTNVVVpOUVUxQ1FXWTRkMGhSV1VSV1VqQlBRa0paUlVaQ1oyOVdSM1owVGt4bFJqWXpibXBMVTBnNWJGZzBabTkzU0ZwTlFUQkhRMU54UjFOSllqTUtSRkZGUWtOM1ZVRkJORWxDUVZGQlQzZFZZbXRTTUVWTlRqbEpVamswVDBWV1YyTjFUVWs0YTNWQ01tUnhTRVZKYTA1blpqUmxOSG92TlU1aFFsRlpUQXBNZFU1V05FTldZMDVEWms5dVVIWjNiMkZyWkVNNFVsbzBlR0k1V1hGbGFFWXpOR3BEYmpOTlJURllUWEZwTTJkR1VXZG9jR1pSVFVac1dFZElRM3AzQ21ocFNsUnJZemxRTlVGcFNWaENjRXRUZWtWNmJqTm1iVVJ3TkRKSWNrWmFZV1UwWkdsVmNVVmpUbWxYUnk5ck9Ea3liR2N5UjB0eWVVTm5XSFpqTkM4S1IySlBTbEl2ZVRCMk1HZ3dPWE40TVM5NldVTk1ZMk16TjBSUmRHRkhWMFkxZUVkMlVqRlFNVTVxZWxCTlMxUTFMME5IWlU4NVJUTnBUbnAzVkUweFVncG9UWGRpYzNnNU1VZGxVbU5hVmpScGFYbFNkVEI2YVRKdFJIUnBSMkUxVDFsMVVEVlZablJPTUdKWmQzbHhlbkZrUkVoYWVtMXhTMWR1THpWdFkyMWFDbkEwVVVwNWIzRlZRVGxMYVdWaGExUTRXalZUUVZOV1JsWjViSHB4UW5WSmNHWkVXQW90TFMwdExVVk9SQ0JEUlZKVVNVWkpRMEZVUlMwdExTMHRDZz09CiAgICBzZXJ2ZXI6IGh0dHBzOi8vNjBkNzAxYjUtODJjOS00ZDM1LWJhNzQtZjdjMGVjNzJjMGI2LmFwaS5rOHMuZnItcGFyLnNjdy5jbG91ZDo2NDQzCmNvbnRleHRzOgotIG5hbWU6IGFkbWluQGs4c3Bvb2xjb25maWdrdWJlbGV0YXJncwogIGNvbnRleHQ6CiAgICBjbHVzdGVyOiAiazhzcG9vbGNvbmZpZ2t1YmVsZXRhcmdzIgogICAgdXNlcjogazhzcG9vbGNvbmZpZ2t1YmVsZXRhcmdzLWFkbWluCmN1cnJlbnQtY29udGV4dDogYWRtaW5AazhzcG9vbGNvbmZpZ2t1YmVsZXRhcmdzCmtpbmQ6IENvbmZpZwpwcmVmZXJlbmNlczoge30KdXNlcnM6Ci0gbmFtZTogazhzcG9vbGNvbmZpZ2t1YmVsZXRhcmdzLWFkbWluCiAgdXNlcjoKICAgIHRva2VuOiA3ZTFlblBLdjVTQzFYR3VWcXFDRmtmS0RmQUl4azRQd2Fqc1NtVEhLM0VmVW8xUFhrNXVlalpacA==","content_type":"application/octet-stream","name":"kubeconfig"}'
    headers:
      Content-Length:
      - "2684"
      Content-Security-Policy:
      - default-src 'none'; frame-ancestors 'none'
      Content-Type:
      - application/json
      Date:
      - Fri, 26 May 2023 13:24:36 GMT
      Server:
      - Scaleway API-Gateway
      Strict-Transport-Security:
      - max-age=63072000
      X-Content-Type-Options:
      - nosniff
      X-Frame-Options:
      - DENY
      X-Request-Id:
      - 3e82a6a5-4ffe-46d8-8a16-439aca37c949
    status: 200 OK
    code: 200
    duration: ""
- request:
    body: ""
    form: {}
    headers:
      User-Agent:
      - scaleway-sdk-go/v1.0.0-beta.7+dev (go1.20.4; linux; amd64) terraform-provider/develop
        terraform/terraform-tests
    url: https://api.scaleway.com/k8s/v1/regions/fr-par/pools/950e6985-7c4c-4b09-a473-4c1e7be474b9
    method: GET
  response:
    body: '{"autohealing":true,"autoscaling":true,"cluster_id":"60d701b5-82c9-4d35-ba74-f7c0ec72c0b6","container_runtime":"containerd","created_at":"2023-05-26T13:20:00.721874Z","id":"950e6985-7c4c-4b09-a473-4c1e7be474b9","kubelet_args":{"maxPods":"50"},"max_size":1,"min_size":1,"name":"default","node_type":"gp1_xs","placement_group_id":null,"region":"fr-par","root_volume_size":150000000000,"root_volume_type":"l_ssd","size":1,"status":"ready","tags":["terraform-test","scaleway_k8s_cluster","kubelet_args"],"updated_at":"2023-05-26T13:24:35.453418Z","upgrade_policy":{"max_surge":0,"max_unavailable":1},"version":"1.27.1","zone":"fr-par-1"}'
    headers:
      Content-Length:
      - "633"
      Content-Security-Policy:
      - default-src 'none'; frame-ancestors 'none'
      Content-Type:
      - application/json
      Date:
      - Fri, 26 May 2023 13:24:36 GMT
      Server:
      - Scaleway API-Gateway
      Strict-Transport-Security:
      - max-age=63072000
      X-Content-Type-Options:
      - nosniff
      X-Frame-Options:
      - DENY
      X-Request-Id:
      - bcde08e6-2861-46bb-b8a2-090f19e6a85b
    status: 200 OK
    code: 200
    duration: ""
- request:
    body: ""
    form: {}
    headers:
      User-Agent:
      - scaleway-sdk-go/v1.0.0-beta.7+dev (go1.20.4; linux; amd64) terraform-provider/develop
        terraform/terraform-tests
    url: https://api.scaleway.com/k8s/v1/regions/fr-par/clusters/60d701b5-82c9-4d35-ba74-f7c0ec72c0b6/nodes?order_by=created_at_asc&page=1&pool_id=950e6985-7c4c-4b09-a473-4c1e7be474b9&status=unknown
    method: GET
  response:
    body: '{"nodes":[{"cluster_id":"60d701b5-82c9-4d35-ba74-f7c0ec72c0b6","conditions":{"DiskPressure":"False","MemoryPressure":"False","PIDPressure":"False","Ready":"True"},"created_at":"2023-05-26T13:22:02.590355Z","error_message":null,"id":"f4ccdeb5-4b5d-4dc3-97ba-30d87d6f7cde","name":"scw-k8spoolconfigkubeletargs-default-f4ccdeb54","pool_id":"950e6985-7c4c-4b09-a473-4c1e7be474b9","provider_id":"scaleway://instance/fr-par-1/8ad60a14-dd7d-4089-9e1a-4aeb3961a83b","public_ip_v4":"51.15.211.1","public_ip_v6":null,"region":"fr-par","status":"ready","updated_at":"2023-05-26T13:24:36.244360Z"}],"total_count":1}'
    headers:
      Content-Length:
      - "603"
      Content-Security-Policy:
      - default-src 'none'; frame-ancestors 'none'
      Content-Type:
      - application/json
      Date:
      - Fri, 26 May 2023 13:24:36 GMT
      Server:
      - Scaleway API-Gateway
      Strict-Transport-Security:
      - max-age=63072000
      X-Content-Type-Options:
      - nosniff
      X-Frame-Options:
      - DENY
      X-Request-Id:
      - e0876dfc-d47c-4ff6-9c72-a03471510d10
    status: 200 OK
    code: 200
    duration: ""
- request:
    body: ""
    form: {}
    headers:
      User-Agent:
      - scaleway-sdk-go/v1.0.0-beta.7+dev (go1.20.4; linux; amd64) terraform-provider/develop
        terraform/terraform-tests
    url: https://api.scaleway.com/k8s/v1/regions/fr-par/pools/950e6985-7c4c-4b09-a473-4c1e7be474b9
    method: DELETE
  response:
    body: '{"autohealing":true,"autoscaling":true,"cluster_id":"60d701b5-82c9-4d35-ba74-f7c0ec72c0b6","container_runtime":"containerd","created_at":"2023-05-26T13:20:00.721874Z","id":"950e6985-7c4c-4b09-a473-4c1e7be474b9","kubelet_args":{"maxPods":"50"},"max_size":1,"min_size":1,"name":"default","node_type":"gp1_xs","placement_group_id":null,"region":"fr-par","root_volume_size":150000000000,"root_volume_type":"l_ssd","size":1,"status":"deleting","tags":["terraform-test","scaleway_k8s_cluster","kubelet_args"],"updated_at":"2023-05-26T13:24:36.647286297Z","upgrade_policy":{"max_surge":0,"max_unavailable":1},"version":"1.27.1","zone":"fr-par-1"}'
    headers:
      Content-Length:
      - "639"
      Content-Security-Policy:
      - default-src 'none'; frame-ancestors 'none'
      Content-Type:
      - application/json
      Date:
      - Fri, 26 May 2023 13:24:36 GMT
      Server:
      - Scaleway API-Gateway
      Strict-Transport-Security:
      - max-age=63072000
      X-Content-Type-Options:
      - nosniff
      X-Frame-Options:
      - DENY
      X-Request-Id:
      - 3832f178-b431-410d-a127-150219c305de
    status: 200 OK
    code: 200
    duration: ""
- request:
    body: ""
    form: {}
    headers:
      User-Agent:
      - scaleway-sdk-go/v1.0.0-beta.7+dev (go1.20.4; linux; amd64) terraform-provider/develop
        terraform/terraform-tests
    url: https://api.scaleway.com/k8s/v1/regions/fr-par/clusters/60d701b5-82c9-4d35-ba74-f7c0ec72c0b6?with_additional_resources=true
    method: DELETE
  response:
    body: '{"admission_plugins":[],"apiserver_cert_sans":[],"auto_upgrade":{"enabled":false,"maintenance_window":{"day":"any","start_hour":0}},"autoscaler_config":{"balance_similar_node_groups":false,"estimator":"binpacking","expander":"random","expendable_pods_priority_cutoff":0,"ignore_daemonsets_utilization":false,"max_graceful_termination_sec":0,"scale_down_delay_after_add":"10m","scale_down_disabled":false,"scale_down_unneeded_time":"10m","scale_down_utilization_threshold":0.5},"cluster_url":"https://60d701b5-82c9-4d35-ba74-f7c0ec72c0b6.api.k8s.fr-par.scw.cloud:6443","cni":"cilium","created_at":"2023-05-26T13:19:54.537807Z","dashboard_enabled":false,"description":"","dns_wildcard":"*.60d701b5-82c9-4d35-ba74-f7c0ec72c0b6.nodes.k8s.fr-par.scw.cloud","feature_gates":[],"id":"60d701b5-82c9-4d35-ba74-f7c0ec72c0b6","ingress":"none","name":"K8SPoolConfigKubeletArgs","open_id_connect_config":{"client_id":"","groups_claim":[],"groups_prefix":"","issuer_url":"","required_claim":[],"username_claim":"","username_prefix":""},"organization_id":"fa1e3217-dc80-42ac-85c3-3f034b78b552","private_network_id":null,"project_id":"fa1e3217-dc80-42ac-85c3-3f034b78b552","region":"fr-par","status":"deleting","tags":["terraform-test","scaleway_k8s_cluster","kubelet_args"],"type":"kapsule","updated_at":"2023-05-26T13:24:36.711783641Z","upgrade_available":false,"version":"1.27.1"}'
    headers:
      Content-Length:
      - "1367"
      Content-Security-Policy:
      - default-src 'none'; frame-ancestors 'none'
      Content-Type:
      - application/json
      Date:
      - Fri, 26 May 2023 13:24:36 GMT
      Server:
      - Scaleway API-Gateway
      Strict-Transport-Security:
      - max-age=63072000
      X-Content-Type-Options:
      - nosniff
      X-Frame-Options:
      - DENY
      X-Request-Id:
      - 2a366c43-4403-464a-8d72-67a81c353a6d
    status: 200 OK
    code: 200
    duration: ""
- request:
    body: ""
    form: {}
    headers:
      User-Agent:
      - scaleway-sdk-go/v1.0.0-beta.7+dev (go1.20.4; linux; amd64) terraform-provider/develop
        terraform/terraform-tests
    url: https://api.scaleway.com/k8s/v1/regions/fr-par/clusters/60d701b5-82c9-4d35-ba74-f7c0ec72c0b6
    method: GET
  response:
    body: '{"admission_plugins":[],"apiserver_cert_sans":[],"auto_upgrade":{"enabled":false,"maintenance_window":{"day":"any","start_hour":0}},"autoscaler_config":{"balance_similar_node_groups":false,"estimator":"binpacking","expander":"random","expendable_pods_priority_cutoff":0,"ignore_daemonsets_utilization":false,"max_graceful_termination_sec":0,"scale_down_delay_after_add":"10m","scale_down_disabled":false,"scale_down_unneeded_time":"10m","scale_down_utilization_threshold":0.5},"cluster_url":"https://60d701b5-82c9-4d35-ba74-f7c0ec72c0b6.api.k8s.fr-par.scw.cloud:6443","cni":"cilium","created_at":"2023-05-26T13:19:54.537807Z","dashboard_enabled":false,"description":"","dns_wildcard":"*.60d701b5-82c9-4d35-ba74-f7c0ec72c0b6.nodes.k8s.fr-par.scw.cloud","feature_gates":[],"id":"60d701b5-82c9-4d35-ba74-f7c0ec72c0b6","ingress":"none","name":"K8SPoolConfigKubeletArgs","open_id_connect_config":{"client_id":"","groups_claim":[],"groups_prefix":"","issuer_url":"","required_claim":[],"username_claim":"","username_prefix":""},"organization_id":"fa1e3217-dc80-42ac-85c3-3f034b78b552","private_network_id":null,"project_id":"fa1e3217-dc80-42ac-85c3-3f034b78b552","region":"fr-par","status":"deleting","tags":["terraform-test","scaleway_k8s_cluster","kubelet_args"],"type":"kapsule","updated_at":"2023-05-26T13:24:36.711784Z","upgrade_available":false,"version":"1.27.1"}'
    headers:
      Content-Length:
      - "1364"
      Content-Security-Policy:
      - default-src 'none'; frame-ancestors 'none'
      Content-Type:
      - application/json
      Date:
      - Fri, 26 May 2023 13:24:36 GMT
      Server:
      - Scaleway API-Gateway
      Strict-Transport-Security:
      - max-age=63072000
      X-Content-Type-Options:
      - nosniff
      X-Frame-Options:
      - DENY
      X-Request-Id:
      - 64a09188-75b4-4514-91f5-322334ae0884
    status: 200 OK
    code: 200
    duration: ""
- request:
    body: ""
    form: {}
    headers:
      User-Agent:
      - scaleway-sdk-go/v1.0.0-beta.7+dev (go1.20.4; linux; amd64) terraform-provider/develop
        terraform/terraform-tests
    url: https://api.scaleway.com/k8s/v1/regions/fr-par/clusters/60d701b5-82c9-4d35-ba74-f7c0ec72c0b6
    method: GET
  response:
    body: '{"admission_plugins":[],"apiserver_cert_sans":[],"auto_upgrade":{"enabled":false,"maintenance_window":{"day":"any","start_hour":0}},"autoscaler_config":{"balance_similar_node_groups":false,"estimator":"binpacking","expander":"random","expendable_pods_priority_cutoff":0,"ignore_daemonsets_utilization":false,"max_graceful_termination_sec":0,"scale_down_delay_after_add":"10m","scale_down_disabled":false,"scale_down_unneeded_time":"10m","scale_down_utilization_threshold":0.5},"cluster_url":"https://60d701b5-82c9-4d35-ba74-f7c0ec72c0b6.api.k8s.fr-par.scw.cloud:6443","cni":"cilium","created_at":"2023-05-26T13:19:54.537807Z","dashboard_enabled":false,"description":"","dns_wildcard":"*.60d701b5-82c9-4d35-ba74-f7c0ec72c0b6.nodes.k8s.fr-par.scw.cloud","feature_gates":[],"id":"60d701b5-82c9-4d35-ba74-f7c0ec72c0b6","ingress":"none","name":"K8SPoolConfigKubeletArgs","open_id_connect_config":{"client_id":"","groups_claim":[],"groups_prefix":"","issuer_url":"","required_claim":[],"username_claim":"","username_prefix":""},"organization_id":"fa1e3217-dc80-42ac-85c3-3f034b78b552","private_network_id":null,"project_id":"fa1e3217-dc80-42ac-85c3-3f034b78b552","region":"fr-par","status":"deleting","tags":["terraform-test","scaleway_k8s_cluster","kubelet_args"],"type":"kapsule","updated_at":"2023-05-26T13:24:36.711784Z","upgrade_available":false,"version":"1.27.1"}'
    headers:
      Content-Length:
      - "1364"
      Content-Security-Policy:
      - default-src 'none'; frame-ancestors 'none'
      Content-Type:
      - application/json
      Date:
      - Fri, 26 May 2023 13:24:41 GMT
      Server:
      - Scaleway API-Gateway
      Strict-Transport-Security:
      - max-age=63072000
      X-Content-Type-Options:
      - nosniff
      X-Frame-Options:
      - DENY
      X-Request-Id:
      - 0a288b29-f1d3-43fc-96c0-65cfd246d665
    status: 200 OK
    code: 200
    duration: ""
- request:
    body: ""
    form: {}
    headers:
      User-Agent:
      - scaleway-sdk-go/v1.0.0-beta.7+dev (go1.20.4; linux; amd64) terraform-provider/develop
        terraform/terraform-tests
    url: https://api.scaleway.com/k8s/v1/regions/fr-par/clusters/60d701b5-82c9-4d35-ba74-f7c0ec72c0b6
    method: GET
  response:
    body: '{"admission_plugins":[],"apiserver_cert_sans":[],"auto_upgrade":{"enabled":false,"maintenance_window":{"day":"any","start_hour":0}},"autoscaler_config":{"balance_similar_node_groups":false,"estimator":"binpacking","expander":"random","expendable_pods_priority_cutoff":0,"ignore_daemonsets_utilization":false,"max_graceful_termination_sec":0,"scale_down_delay_after_add":"10m","scale_down_disabled":false,"scale_down_unneeded_time":"10m","scale_down_utilization_threshold":0.5},"cluster_url":"https://60d701b5-82c9-4d35-ba74-f7c0ec72c0b6.api.k8s.fr-par.scw.cloud:6443","cni":"cilium","created_at":"2023-05-26T13:19:54.537807Z","dashboard_enabled":false,"description":"","dns_wildcard":"*.60d701b5-82c9-4d35-ba74-f7c0ec72c0b6.nodes.k8s.fr-par.scw.cloud","feature_gates":[],"id":"60d701b5-82c9-4d35-ba74-f7c0ec72c0b6","ingress":"none","name":"K8SPoolConfigKubeletArgs","open_id_connect_config":{"client_id":"","groups_claim":[],"groups_prefix":"","issuer_url":"","required_claim":[],"username_claim":"","username_prefix":""},"organization_id":"fa1e3217-dc80-42ac-85c3-3f034b78b552","private_network_id":null,"project_id":"fa1e3217-dc80-42ac-85c3-3f034b78b552","region":"fr-par","status":"deleting","tags":["terraform-test","scaleway_k8s_cluster","kubelet_args"],"type":"kapsule","updated_at":"2023-05-26T13:24:36.711784Z","upgrade_available":false,"version":"1.27.1"}'
    headers:
      Content-Length:
      - "1364"
      Content-Security-Policy:
      - default-src 'none'; frame-ancestors 'none'
      Content-Type:
      - application/json
      Date:
      - Fri, 26 May 2023 13:24:46 GMT
      Server:
      - Scaleway API-Gateway
      Strict-Transport-Security:
      - max-age=63072000
      X-Content-Type-Options:
      - nosniff
      X-Frame-Options:
      - DENY
      X-Request-Id:
      - 78f87955-c867-438d-8104-f7bf0d9aa949
    status: 200 OK
    code: 200
    duration: ""
- request:
    body: ""
    form: {}
    headers:
      User-Agent:
      - scaleway-sdk-go/v1.0.0-beta.7+dev (go1.20.4; linux; amd64) terraform-provider/develop
        terraform/terraform-tests
    url: https://api.scaleway.com/k8s/v1/regions/fr-par/clusters/60d701b5-82c9-4d35-ba74-f7c0ec72c0b6
    method: GET
  response:
    body: '{"admission_plugins":[],"apiserver_cert_sans":[],"auto_upgrade":{"enabled":false,"maintenance_window":{"day":"any","start_hour":0}},"autoscaler_config":{"balance_similar_node_groups":false,"estimator":"binpacking","expander":"random","expendable_pods_priority_cutoff":0,"ignore_daemonsets_utilization":false,"max_graceful_termination_sec":0,"scale_down_delay_after_add":"10m","scale_down_disabled":false,"scale_down_unneeded_time":"10m","scale_down_utilization_threshold":0.5},"cluster_url":"https://60d701b5-82c9-4d35-ba74-f7c0ec72c0b6.api.k8s.fr-par.scw.cloud:6443","cni":"cilium","created_at":"2023-05-26T13:19:54.537807Z","dashboard_enabled":false,"description":"","dns_wildcard":"*.60d701b5-82c9-4d35-ba74-f7c0ec72c0b6.nodes.k8s.fr-par.scw.cloud","feature_gates":[],"id":"60d701b5-82c9-4d35-ba74-f7c0ec72c0b6","ingress":"none","name":"K8SPoolConfigKubeletArgs","open_id_connect_config":{"client_id":"","groups_claim":[],"groups_prefix":"","issuer_url":"","required_claim":[],"username_claim":"","username_prefix":""},"organization_id":"fa1e3217-dc80-42ac-85c3-3f034b78b552","private_network_id":null,"project_id":"fa1e3217-dc80-42ac-85c3-3f034b78b552","region":"fr-par","status":"deleting","tags":["terraform-test","scaleway_k8s_cluster","kubelet_args"],"type":"kapsule","updated_at":"2023-05-26T13:24:36.711784Z","upgrade_available":false,"version":"1.27.1"}'
    headers:
      Content-Length:
      - "1364"
      Content-Security-Policy:
      - default-src 'none'; frame-ancestors 'none'
      Content-Type:
      - application/json
      Date:
      - Fri, 26 May 2023 13:24:51 GMT
      Server:
      - Scaleway API-Gateway
      Strict-Transport-Security:
      - max-age=63072000
      X-Content-Type-Options:
      - nosniff
      X-Frame-Options:
      - DENY
      X-Request-Id:
      - dc223c09-5867-48af-a3cd-35b002b9acf1
    status: 200 OK
    code: 200
    duration: ""
- request:
    body: ""
    form: {}
    headers:
      User-Agent:
      - scaleway-sdk-go/v1.0.0-beta.7+dev (go1.20.4; linux; amd64) terraform-provider/develop
        terraform/terraform-tests
    url: https://api.scaleway.com/k8s/v1/regions/fr-par/clusters/60d701b5-82c9-4d35-ba74-f7c0ec72c0b6
    method: GET
  response:
    body: '{"admission_plugins":[],"apiserver_cert_sans":[],"auto_upgrade":{"enabled":false,"maintenance_window":{"day":"any","start_hour":0}},"autoscaler_config":{"balance_similar_node_groups":false,"estimator":"binpacking","expander":"random","expendable_pods_priority_cutoff":0,"ignore_daemonsets_utilization":false,"max_graceful_termination_sec":0,"scale_down_delay_after_add":"10m","scale_down_disabled":false,"scale_down_unneeded_time":"10m","scale_down_utilization_threshold":0.5},"cluster_url":"https://60d701b5-82c9-4d35-ba74-f7c0ec72c0b6.api.k8s.fr-par.scw.cloud:6443","cni":"cilium","created_at":"2023-05-26T13:19:54.537807Z","dashboard_enabled":false,"description":"","dns_wildcard":"*.60d701b5-82c9-4d35-ba74-f7c0ec72c0b6.nodes.k8s.fr-par.scw.cloud","feature_gates":[],"id":"60d701b5-82c9-4d35-ba74-f7c0ec72c0b6","ingress":"none","name":"K8SPoolConfigKubeletArgs","open_id_connect_config":{"client_id":"","groups_claim":[],"groups_prefix":"","issuer_url":"","required_claim":[],"username_claim":"","username_prefix":""},"organization_id":"fa1e3217-dc80-42ac-85c3-3f034b78b552","private_network_id":null,"project_id":"fa1e3217-dc80-42ac-85c3-3f034b78b552","region":"fr-par","status":"deleting","tags":["terraform-test","scaleway_k8s_cluster","kubelet_args"],"type":"kapsule","updated_at":"2023-05-26T13:24:36.711784Z","upgrade_available":false,"version":"1.27.1"}'
    headers:
      Content-Length:
      - "1364"
      Content-Security-Policy:
      - default-src 'none'; frame-ancestors 'none'
      Content-Type:
      - application/json
      Date:
      - Fri, 26 May 2023 13:24:57 GMT
      Server:
      - Scaleway API-Gateway
      Strict-Transport-Security:
      - max-age=63072000
      X-Content-Type-Options:
      - nosniff
      X-Frame-Options:
      - DENY
      X-Request-Id:
      - 357546b2-d8d7-4dfd-892e-775b987f3e02
    status: 200 OK
    code: 200
    duration: ""
- request:
    body: ""
    form: {}
    headers:
      User-Agent:
      - scaleway-sdk-go/v1.0.0-beta.7+dev (go1.20.4; linux; amd64) terraform-provider/develop
        terraform/terraform-tests
    url: https://api.scaleway.com/k8s/v1/regions/fr-par/clusters/60d701b5-82c9-4d35-ba74-f7c0ec72c0b6
    method: GET
  response:
    body: '{"message":"resource is not found","resource":"cluster","resource_id":"60d701b5-82c9-4d35-ba74-f7c0ec72c0b6","type":"not_found"}'
    headers:
      Content-Length:
      - "128"
      Content-Security-Policy:
      - default-src 'none'; frame-ancestors 'none'
      Content-Type:
      - application/json
      Date:
      - Fri, 26 May 2023 13:25:02 GMT
      Server:
      - Scaleway API-Gateway
      Strict-Transport-Security:
      - max-age=63072000
      X-Content-Type-Options:
      - nosniff
      X-Frame-Options:
      - DENY
      X-Request-Id:
      - 6000cfee-5f2d-4f52-81d5-0332da80520f
    status: 404 Not Found
    code: 404
    duration: ""
- request:
    body: ""
    form: {}
    headers:
      User-Agent:
      - scaleway-sdk-go/v1.0.0-beta.7+dev (go1.20.4; linux; amd64) terraform-provider/develop
        terraform/terraform-tests
    url: https://api.scaleway.com/k8s/v1/regions/fr-par/clusters/60d701b5-82c9-4d35-ba74-f7c0ec72c0b6
    method: GET
  response:
    body: '{"message":"resource is not found","resource":"cluster","resource_id":"60d701b5-82c9-4d35-ba74-f7c0ec72c0b6","type":"not_found"}'
    headers:
      Content-Length:
      - "128"
      Content-Security-Policy:
      - default-src 'none'; frame-ancestors 'none'
      Content-Type:
      - application/json
      Date:
      - Fri, 26 May 2023 13:25:02 GMT
      Server:
      - Scaleway API-Gateway
      Strict-Transport-Security:
      - max-age=63072000
      X-Content-Type-Options:
      - nosniff
      X-Frame-Options:
      - DENY
      X-Request-Id:
      - e36b956e-4941-4666-b3b8-037c6350c3d5
    status: 404 Not Found
    code: 404
    duration: ""
