---
version: 1
interactions:
- request:
    body: ""
    form: {}
    headers:
      User-Agent:
      - scaleway-sdk-go/v1.0.0-beta.7+dev (go1.20.4; linux; amd64) terraform-provider/develop
        terraform/terraform-tests
    url: https://api.scaleway.com/k8s/v1/regions/fr-par/versions
    method: GET
  response:
    body: '{"versions":[{"available_admission_plugins":["AlwaysPullImages","PodNodeSelector","PodTolerationRestriction"],"available_cnis":["cilium","calico","kilo"],"available_container_runtimes":["containerd"],"available_feature_gates":["HPAScaleToZero","SidecarContainers","ValidatingAdmissionPolicy"],"available_ingresses":["none"],"available_kubelet_args":{"containerLogMaxFiles":"uint16","containerLogMaxSize":"quantity","cpuCFSQuota":"bool","cpuCFSQuotaPeriod":"duration","cpuManagerPolicy":"enum:none|static","enableDebuggingHandlers":"bool","imageGCHighThresholdPercent":"uint32","imageGCLowThresholdPercent":"uint32","maxPods":"uint16"},"label":"Kubernetes
      1.28.0","name":"1.28.0","region":"fr-par"},{"available_admission_plugins":["PodNodeSelector","AlwaysPullImages","PodTolerationRestriction"],"available_cnis":["cilium","calico","kilo"],"available_container_runtimes":["containerd"],"available_feature_gates":["HPAScaleToZero","GRPCContainerProbe","ReadWriteOncePod","ValidatingAdmissionPolicy","CSINodeExpandSecret"],"available_ingresses":["none"],"available_kubelet_args":{"containerLogMaxFiles":"uint16","containerLogMaxSize":"quantity","cpuCFSQuota":"bool","cpuCFSQuotaPeriod":"duration","cpuManagerPolicy":"enum:none|static","enableDebuggingHandlers":"bool","imageGCHighThresholdPercent":"uint32","imageGCLowThresholdPercent":"uint32","maxPods":"uint16"},"label":"Kubernetes
      1.27.4","name":"1.27.4","region":"fr-par"},{"available_admission_plugins":["PodNodeSelector","AlwaysPullImages","PodTolerationRestriction"],"available_cnis":["cilium","calico","kilo"],"available_container_runtimes":["containerd"],"available_feature_gates":["HPAScaleToZero","GRPCContainerProbe","ReadWriteOncePod","ValidatingAdmissionPolicy","CSINodeExpandSecret"],"available_ingresses":["none"],"available_kubelet_args":{"containerLogMaxFiles":"uint16","containerLogMaxSize":"quantity","cpuCFSQuota":"bool","cpuCFSQuotaPeriod":"duration","cpuManagerPolicy":"enum:none|static","enableDebuggingHandlers":"bool","imageGCHighThresholdPercent":"uint32","imageGCLowThresholdPercent":"uint32","maxPods":"uint16"},"label":"Kubernetes
      1.26.7","name":"1.26.7","region":"fr-par"},{"available_admission_plugins":["PodNodeSelector","AlwaysPullImages","PodTolerationRestriction"],"available_cnis":["cilium","calico","kilo"],"available_container_runtimes":["containerd"],"available_feature_gates":["HPAScaleToZero","KubeletCredentialProviders","GRPCContainerProbe","ReadWriteOncePod","CSINodeExpandSecret"],"available_ingresses":["none"],"available_kubelet_args":{"containerLogMaxFiles":"uint16","containerLogMaxSize":"quantity","cpuCFSQuota":"bool","cpuCFSQuotaPeriod":"duration","cpuManagerPolicy":"enum:none|static","enableDebuggingHandlers":"bool","imageGCHighThresholdPercent":"uint32","imageGCLowThresholdPercent":"uint32","maxPods":"uint16"},"label":"Kubernetes
      1.25.12","name":"1.25.12","region":"fr-par"},{"available_admission_plugins":["PodSecurityPolicy","PodNodeSelector","AlwaysPullImages","PodTolerationRestriction"],"available_cnis":["cilium","calico","weave","flannel","kilo"],"available_container_runtimes":["containerd"],"available_feature_gates":["HPAScaleToZero","EphemeralContainers","KubeletCredentialProviders","GRPCContainerProbe","ReadWriteOncePod"],"available_ingresses":["none"],"available_kubelet_args":{"containerLogMaxFiles":"uint16","containerLogMaxSize":"quantity","cpuCFSQuota":"bool","cpuCFSQuotaPeriod":"duration","cpuManagerPolicy":"enum:none|static","enableDebuggingHandlers":"bool","imageGCHighThresholdPercent":"uint32","imageGCLowThresholdPercent":"uint32","maxPods":"uint16"},"label":"Kubernetes
      1.24.16","name":"1.24.16","region":"fr-par"},{"available_admission_plugins":["PodSecurityPolicy","PodNodeSelector","AlwaysPullImages","PodTolerationRestriction"],"available_cnis":["cilium","calico","weave","flannel","kilo"],"available_container_runtimes":["containerd","docker"],"available_feature_gates":["HPAScaleToZero","EphemeralContainers","KubeletCredentialProviders","GRPCContainerProbe"],"available_ingresses":["none","nginx","traefik2"],"available_kubelet_args":{"containerLogMaxFiles":"uint16","containerLogMaxSize":"quantity","cpuCFSQuota":"bool","cpuCFSQuotaPeriod":"duration","cpuManagerPolicy":"enum:none|static","enableDebuggingHandlers":"bool","imageGCHighThresholdPercent":"uint32","imageGCLowThresholdPercent":"uint32","maxPods":"uint16"},"label":"Kubernetes
      1.23.17","name":"1.23.17","region":"fr-par"}]}'
    headers:
      Content-Security-Policy:
      - default-src 'none'; frame-ancestors 'none'
      Content-Type:
      - application/json
      Date:
      - Fri, 01 Sep 2023 16:15:55 GMT
      Server:
      - Scaleway API-Gateway
      Strict-Transport-Security:
      - max-age=63072000
      X-Content-Type-Options:
      - nosniff
      X-Frame-Options:
      - DENY
      X-Request-Id:
      - c2fbe7d5-f6e7-48d2-b96a-70c48cf1e9be
    status: 200 OK
    code: 200
    duration: ""
- request:
    body: '{"project_id":"fa1e3217-dc80-42ac-85c3-3f034b78b552","type":"","name":"K8SPoolConfigKubeletArgs","description":"","tags":["terraform-test","scaleway_k8s_cluster","kubelet_args"],"version":"1.28.0","cni":"cilium","pools":null,"autoscaler_config":{"scale_down_disabled":null,"scale_down_delay_after_add":null,"estimator":"unknown_estimator","expander":"unknown_expander","ignore_daemonsets_utilization":null,"balance_similar_node_groups":null,"expendable_pods_priority_cutoff":0,"scale_down_unneeded_time":null,"scale_down_utilization_threshold":null,"max_graceful_termination_sec":0},"auto_upgrade":null,"feature_gates":null,"admission_plugins":null,"open_id_connect_config":null,"apiserver_cert_sans":null,"private_network_id":null}'
    form: {}
    headers:
      Content-Type:
      - application/json
      User-Agent:
      - scaleway-sdk-go/v1.0.0-beta.7+dev (go1.20.4; linux; amd64) terraform-provider/develop
        terraform/terraform-tests
    url: https://api.scaleway.com/k8s/v1/regions/fr-par/clusters
    method: POST
  response:
    body: '{"admission_plugins":[],"apiserver_cert_sans":[],"audit_log":false,"auto_upgrade":{"enabled":false,"maintenance_window":{"day":"any","start_hour":0}},"autoscaler_config":{"balance_similar_node_groups":false,"estimator":"binpacking","expander":"random","expendable_pods_priority_cutoff":0,"ignore_daemonsets_utilization":false,"max_graceful_termination_sec":0,"scale_down_delay_after_add":"10m","scale_down_disabled":false,"scale_down_unneeded_time":"10m","scale_down_utilization_threshold":0.5},"cluster_url":"https://d1254149-8cbf-4f4f-9ef2-d19a6242d6ee.api.k8s.fr-par.scw.cloud:6443","cni":"cilium","commitment_ends_at":"2023-09-01T16:15:56.682653786Z","created_at":"2023-09-01T16:15:56.682653786Z","dashboard_enabled":false,"description":"","dns_wildcard":"*.d1254149-8cbf-4f4f-9ef2-d19a6242d6ee.nodes.k8s.fr-par.scw.cloud","feature_gates":[],"id":"d1254149-8cbf-4f4f-9ef2-d19a6242d6ee","ingress":"none","name":"K8SPoolConfigKubeletArgs","open_id_connect_config":{"client_id":"","groups_claim":[],"groups_prefix":"","issuer_url":"","required_claim":[],"username_claim":"","username_prefix":""},"organization_id":"fa1e3217-dc80-42ac-85c3-3f034b78b552","private_network_id":null,"project_id":"fa1e3217-dc80-42ac-85c3-3f034b78b552","region":"fr-par","status":"creating","tags":["terraform-test","scaleway_k8s_cluster","kubelet_args"],"type":"kapsule","updated_at":"2023-09-01T16:15:56.695769215Z","upgrade_available":false,"version":"1.28.0"}'
    headers:
      Content-Length:
      - "1442"
      Content-Security-Policy:
      - default-src 'none'; frame-ancestors 'none'
      Content-Type:
      - application/json
      Date:
      - Fri, 01 Sep 2023 16:15:56 GMT
      Server:
      - Scaleway API-Gateway
      Strict-Transport-Security:
      - max-age=63072000
      X-Content-Type-Options:
      - nosniff
      X-Frame-Options:
      - DENY
      X-Request-Id:
      - 0383e93e-ff01-4be2-bdae-ac306c403613
    status: 200 OK
    code: 200
    duration: ""
- request:
    body: ""
    form: {}
    headers:
      User-Agent:
      - scaleway-sdk-go/v1.0.0-beta.7+dev (go1.20.4; linux; amd64) terraform-provider/develop
        terraform/terraform-tests
    url: https://api.scaleway.com/k8s/v1/regions/fr-par/clusters/d1254149-8cbf-4f4f-9ef2-d19a6242d6ee
    method: GET
  response:
    body: '{"admission_plugins":[],"apiserver_cert_sans":[],"audit_log":false,"auto_upgrade":{"enabled":false,"maintenance_window":{"day":"any","start_hour":0}},"autoscaler_config":{"balance_similar_node_groups":false,"estimator":"binpacking","expander":"random","expendable_pods_priority_cutoff":0,"ignore_daemonsets_utilization":false,"max_graceful_termination_sec":0,"scale_down_delay_after_add":"10m","scale_down_disabled":false,"scale_down_unneeded_time":"10m","scale_down_utilization_threshold":0.5},"cluster_url":"https://d1254149-8cbf-4f4f-9ef2-d19a6242d6ee.api.k8s.fr-par.scw.cloud:6443","cni":"cilium","commitment_ends_at":"2023-09-01T16:15:56.682654Z","created_at":"2023-09-01T16:15:56.682654Z","dashboard_enabled":false,"description":"","dns_wildcard":"*.d1254149-8cbf-4f4f-9ef2-d19a6242d6ee.nodes.k8s.fr-par.scw.cloud","feature_gates":[],"id":"d1254149-8cbf-4f4f-9ef2-d19a6242d6ee","ingress":"none","name":"K8SPoolConfigKubeletArgs","open_id_connect_config":{"client_id":"","groups_claim":[],"groups_prefix":"","issuer_url":"","required_claim":[],"username_claim":"","username_prefix":""},"organization_id":"fa1e3217-dc80-42ac-85c3-3f034b78b552","private_network_id":null,"project_id":"fa1e3217-dc80-42ac-85c3-3f034b78b552","region":"fr-par","status":"creating","tags":["terraform-test","scaleway_k8s_cluster","kubelet_args"],"type":"kapsule","updated_at":"2023-09-01T16:15:56.695769Z","upgrade_available":false,"version":"1.28.0"}'
    headers:
      Content-Length:
      - "1433"
      Content-Security-Policy:
      - default-src 'none'; frame-ancestors 'none'
      Content-Type:
      - application/json
      Date:
      - Fri, 01 Sep 2023 16:15:56 GMT
      Server:
      - Scaleway API-Gateway
      Strict-Transport-Security:
      - max-age=63072000
      X-Content-Type-Options:
      - nosniff
      X-Frame-Options:
      - DENY
      X-Request-Id:
      - a5cf7fa7-f06e-4212-8023-2818e5b09157
    status: 200 OK
    code: 200
    duration: ""
- request:
    body: ""
    form: {}
    headers:
      User-Agent:
      - scaleway-sdk-go/v1.0.0-beta.7+dev (go1.20.4; linux; amd64) terraform-provider/develop
        terraform/terraform-tests
    url: https://api.scaleway.com/k8s/v1/regions/fr-par/clusters/d1254149-8cbf-4f4f-9ef2-d19a6242d6ee
    method: GET
  response:
    body: '{"admission_plugins":[],"apiserver_cert_sans":[],"audit_log":false,"auto_upgrade":{"enabled":false,"maintenance_window":{"day":"any","start_hour":0}},"autoscaler_config":{"balance_similar_node_groups":false,"estimator":"binpacking","expander":"random","expendable_pods_priority_cutoff":0,"ignore_daemonsets_utilization":false,"max_graceful_termination_sec":0,"scale_down_delay_after_add":"10m","scale_down_disabled":false,"scale_down_unneeded_time":"10m","scale_down_utilization_threshold":0.5},"cluster_url":"https://d1254149-8cbf-4f4f-9ef2-d19a6242d6ee.api.k8s.fr-par.scw.cloud:6443","cni":"cilium","commitment_ends_at":"2023-09-01T16:15:56.682654Z","created_at":"2023-09-01T16:15:56.682654Z","dashboard_enabled":false,"description":"","dns_wildcard":"*.d1254149-8cbf-4f4f-9ef2-d19a6242d6ee.nodes.k8s.fr-par.scw.cloud","feature_gates":[],"id":"d1254149-8cbf-4f4f-9ef2-d19a6242d6ee","ingress":"none","name":"K8SPoolConfigKubeletArgs","open_id_connect_config":{"client_id":"","groups_claim":[],"groups_prefix":"","issuer_url":"","required_claim":[],"username_claim":"","username_prefix":""},"organization_id":"fa1e3217-dc80-42ac-85c3-3f034b78b552","private_network_id":null,"project_id":"fa1e3217-dc80-42ac-85c3-3f034b78b552","region":"fr-par","status":"pool_required","tags":["terraform-test","scaleway_k8s_cluster","kubelet_args"],"type":"kapsule","updated_at":"2023-09-01T16:15:59.002723Z","upgrade_available":false,"version":"1.28.0"}'
    headers:
      Content-Length:
      - "1438"
      Content-Security-Policy:
      - default-src 'none'; frame-ancestors 'none'
      Content-Type:
      - application/json
      Date:
      - Fri, 01 Sep 2023 16:16:01 GMT
      Server:
      - Scaleway API-Gateway
      Strict-Transport-Security:
      - max-age=63072000
      X-Content-Type-Options:
      - nosniff
      X-Frame-Options:
      - DENY
      X-Request-Id:
      - 3296aacf-8512-4a6e-93cd-7dacef5de8c0
    status: 200 OK
    code: 200
    duration: ""
- request:
    body: ""
    form: {}
    headers:
      User-Agent:
      - scaleway-sdk-go/v1.0.0-beta.7+dev (go1.20.4; linux; amd64) terraform-provider/develop
        terraform/terraform-tests
    url: https://api.scaleway.com/k8s/v1/regions/fr-par/clusters/d1254149-8cbf-4f4f-9ef2-d19a6242d6ee
    method: GET
  response:
    body: '{"admission_plugins":[],"apiserver_cert_sans":[],"audit_log":false,"auto_upgrade":{"enabled":false,"maintenance_window":{"day":"any","start_hour":0}},"autoscaler_config":{"balance_similar_node_groups":false,"estimator":"binpacking","expander":"random","expendable_pods_priority_cutoff":0,"ignore_daemonsets_utilization":false,"max_graceful_termination_sec":0,"scale_down_delay_after_add":"10m","scale_down_disabled":false,"scale_down_unneeded_time":"10m","scale_down_utilization_threshold":0.5},"cluster_url":"https://d1254149-8cbf-4f4f-9ef2-d19a6242d6ee.api.k8s.fr-par.scw.cloud:6443","cni":"cilium","commitment_ends_at":"2023-09-01T16:15:56.682654Z","created_at":"2023-09-01T16:15:56.682654Z","dashboard_enabled":false,"description":"","dns_wildcard":"*.d1254149-8cbf-4f4f-9ef2-d19a6242d6ee.nodes.k8s.fr-par.scw.cloud","feature_gates":[],"id":"d1254149-8cbf-4f4f-9ef2-d19a6242d6ee","ingress":"none","name":"K8SPoolConfigKubeletArgs","open_id_connect_config":{"client_id":"","groups_claim":[],"groups_prefix":"","issuer_url":"","required_claim":[],"username_claim":"","username_prefix":""},"organization_id":"fa1e3217-dc80-42ac-85c3-3f034b78b552","private_network_id":null,"project_id":"fa1e3217-dc80-42ac-85c3-3f034b78b552","region":"fr-par","status":"pool_required","tags":["terraform-test","scaleway_k8s_cluster","kubelet_args"],"type":"kapsule","updated_at":"2023-09-01T16:15:59.002723Z","upgrade_available":false,"version":"1.28.0"}'
    headers:
      Content-Length:
      - "1438"
      Content-Security-Policy:
      - default-src 'none'; frame-ancestors 'none'
      Content-Type:
      - application/json
      Date:
      - Fri, 01 Sep 2023 16:16:01 GMT
      Server:
      - Scaleway API-Gateway
      Strict-Transport-Security:
      - max-age=63072000
      X-Content-Type-Options:
      - nosniff
      X-Frame-Options:
      - DENY
      X-Request-Id:
      - 0f573967-643d-47f3-a5e6-3e7022283792
    status: 200 OK
    code: 200
    duration: ""
- request:
    body: ""
    form: {}
    headers:
      User-Agent:
      - scaleway-sdk-go/v1.0.0-beta.7+dev (go1.20.4; linux; amd64) terraform-provider/develop
        terraform/terraform-tests
    url: https://api.scaleway.com/k8s/v1/regions/fr-par/clusters/d1254149-8cbf-4f4f-9ef2-d19a6242d6ee/kubeconfig
    method: GET
  response:
    body: '{"content":"YXBpVmVyc2lvbjogdjEKY2x1c3RlcnM6Ci0gbmFtZTogIms4c3Bvb2xjb25maWdrdWJlbGV0YXJncyIKICBjbHVzdGVyOgogICAgY2VydGlmaWNhdGUtYXV0aG9yaXR5LWRhdGE6IExTMHRMUzFDUlVkSlRpQkRSVkpVU1VaSlEwRlVSUzB0TFMwdENrMUpTVU0xZWtORFFXTXJaMEYzU1VKQlowbENRVVJCVGtKbmEzRm9hMmxIT1hjd1FrRlJjMFpCUkVGV1RWSk5kMFZSV1VSV1VWRkVSWGR3Y21SWFNtd0tZMjAxYkdSSFZucE5RalJZUkZSSmVrMUVaM3BOVkVVeVRWUlZNVTR4YjFoRVZFMTZUVVJuZWsxVVJUSk5WRlV4VGpGdmQwWlVSVlJOUWtWSFFURlZSUXBCZUUxTFlUTldhVnBZU25WYVdGSnNZM3BEUTBGVFNYZEVVVmxLUzI5YVNXaDJZMDVCVVVWQ1FsRkJSR2RuUlZCQlJFTkRRVkZ2UTJkblJVSkJUVzh6Q2pNclRXVjJTMFUyTUU1dGJsbERRM0p3T1VGaVdrMWpiakk1UkdWRlZ6Vm1Wa3BYTTBFMU4wRkZZbWN4T0dZemJ6QlJiMVJHV1V0VlRtNDFRMDFZYVZBS2VXOVFTVmRRTkhvdllVUjBXbU5qWmxwMldWSndWVFJYTXpNdldtOWxSemRoVUZOUEsxbFZVMjVxU3l0UGF6UTJaMGhwTDIxMloxUTBUMjlOYUZkMFVnbzFMM1ZLWlROVk5GQjBXRTFwV0hGdVkwRkVSazFwTkRNNVF6ZHdZMWRDVHpCVVVrWnBlRFUyWldOT2RVbEROMVp1YnpWbFNYUjBLMVp4Y25od2NYZDNDbXRwUld4MGNFTndhVEozUlZGdlNGWXZVM1ZPZERreFJURlNiazFQWm1SbU9IRXlNR2xLVUhJeVJsQTBkM00zWjBnM1UyNVdWMXBqYTB0MmVqQlFVellLYURoSksycDBhek5OZDIxbVVHVjZabkJSUmpocmMxa3lRekprZVVjd2FYZE9ZM1ZrYlV0VFdEVnNXRlJyT1Uwd05rbDRVMjFNWW1VcmFsUjVReTlLWlFwS0swbERSMFpKYm1kV2RYTjJTMm8wTkU4NFEwRjNSVUZCWVU1RFRVVkJkMFJuV1VSV1VqQlFRVkZJTDBKQlVVUkJaMHRyVFVFNFIwRXhWV1JGZDBWQ0NpOTNVVVpOUVUxQ1FXWTRkMGhSV1VSV1VqQlBRa0paUlVaQ1NXNVhTV1Z4YldkUmRVd3hRelZ4ZEdWWlNHOWlZVTlpWm05TlFUQkhRMU54UjFOSllqTUtSRkZGUWtOM1ZVRkJORWxDUVZGRE9UTkpVRlJpYkcxYWJEZG5Na05PVURKbmRISldZM0JsZHpkTFRXaE5aMGxtY3poWVoyZFBha2xUWlZKVlp6TXpWUW9yUWxnMFQzSjFVR1pXZWs4NWNYaERTRXRuV1hSTFRYcDNVMk5FV2k5a1YyaGtTbVZRT0ZCUU1VTXJkakkxUVVGRFZHb3ZiR05rYXpkcVkyUk9ZakZRQ2xCcVZtMU9kRkk0ZUcxUk5GSldlams0ZVhkdWVUSklUUzl2VTNsdGNURkZjV0ZUUmt4TE1USlBZM0o2THpWT2VURnFNbWhFU0RoeU5UbENaakl3ZW0wS2VXRlJZMjFwTWpWc00ycGpZWEZFSzJzelltcHpiWGMxYld4UFJtNUJkSHBJT1hKRE56bE5WVFZST1U4cmJHeEpOV1UzU0ZRNGJWQm9Sa3RKV1RodGRRbzJaMWgzVlZGVldHRlFiMEZTUkUxNE4zTmxWVXcxY2xCVFoxcHRXSGhaWjNvd1RGWkJVU3RrYW5GTE1FUnhRa051YVRCeGNtWkZRMUJDWTJKSmNXeE5DbWhSV0VwRU4wRnVUMFpyV0M5WFdIZERSSE5RWVUxWk1ISnZTR1kyTWxOd01teHJTd290TFMwdExVVk9SQ0JEUlZKVVNVWkpRMEZVUlMwdExTMHRDZz09CiAgICBzZXJ2ZXI6IGh0dHBzOi8vZDEyNTQxNDktOGNiZi00ZjRmLTllZjItZDE5YTYyNDJkNmVlLmFwaS5rOHMuZnItcGFyLnNjdy5jbG91ZDo2NDQzCmNvbnRleHRzOgotIG5hbWU6IGFkbWluQGs4c3Bvb2xjb25maWdrdWJlbGV0YXJncwogIGNvbnRleHQ6CiAgICBjbHVzdGVyOiAiazhzcG9vbGNvbmZpZ2t1YmVsZXRhcmdzIgogICAgdXNlcjogazhzcG9vbGNvbmZpZ2t1YmVsZXRhcmdzLWFkbWluCmN1cnJlbnQtY29udGV4dDogYWRtaW5AazhzcG9vbGNvbmZpZ2t1YmVsZXRhcmdzCmtpbmQ6IENvbmZpZwpwcmVmZXJlbmNlczoge30KdXNlcnM6Ci0gbmFtZTogazhzcG9vbGNvbmZpZ2t1YmVsZXRhcmdzLWFkbWluCiAgdXNlcjoKICAgIHRva2VuOiBxZmpwQWRYMjJCd3poaHl4ZDlxRkZ3WFhuYW0zVW8zSkdVWmJUWWdKUEEyblA4RTNXdmx3R3lTWg==","content_type":"application/octet-stream","name":"kubeconfig"}'
    headers:
      Content-Length:
      - "2684"
      Content-Security-Policy:
      - default-src 'none'; frame-ancestors 'none'
      Content-Type:
      - application/json
      Date:
      - Fri, 01 Sep 2023 16:16:01 GMT
      Server:
      - Scaleway API-Gateway
      Strict-Transport-Security:
      - max-age=63072000
      X-Content-Type-Options:
      - nosniff
      X-Frame-Options:
      - DENY
      X-Request-Id:
      - 2f462b65-fe3f-4e44-a103-e497fa6c1f98
    status: 200 OK
    code: 200
    duration: ""
- request:
    body: ""
    form: {}
    headers:
      User-Agent:
      - scaleway-sdk-go/v1.0.0-beta.7+dev (go1.20.4; linux; amd64) terraform-provider/develop
        terraform/terraform-tests
    url: https://api.scaleway.com/k8s/v1/regions/fr-par/clusters/d1254149-8cbf-4f4f-9ef2-d19a6242d6ee
    method: GET
  response:
    body: '{"admission_plugins":[],"apiserver_cert_sans":[],"audit_log":false,"auto_upgrade":{"enabled":false,"maintenance_window":{"day":"any","start_hour":0}},"autoscaler_config":{"balance_similar_node_groups":false,"estimator":"binpacking","expander":"random","expendable_pods_priority_cutoff":0,"ignore_daemonsets_utilization":false,"max_graceful_termination_sec":0,"scale_down_delay_after_add":"10m","scale_down_disabled":false,"scale_down_unneeded_time":"10m","scale_down_utilization_threshold":0.5},"cluster_url":"https://d1254149-8cbf-4f4f-9ef2-d19a6242d6ee.api.k8s.fr-par.scw.cloud:6443","cni":"cilium","commitment_ends_at":"2023-09-01T16:15:56.682654Z","created_at":"2023-09-01T16:15:56.682654Z","dashboard_enabled":false,"description":"","dns_wildcard":"*.d1254149-8cbf-4f4f-9ef2-d19a6242d6ee.nodes.k8s.fr-par.scw.cloud","feature_gates":[],"id":"d1254149-8cbf-4f4f-9ef2-d19a6242d6ee","ingress":"none","name":"K8SPoolConfigKubeletArgs","open_id_connect_config":{"client_id":"","groups_claim":[],"groups_prefix":"","issuer_url":"","required_claim":[],"username_claim":"","username_prefix":""},"organization_id":"fa1e3217-dc80-42ac-85c3-3f034b78b552","private_network_id":null,"project_id":"fa1e3217-dc80-42ac-85c3-3f034b78b552","region":"fr-par","status":"pool_required","tags":["terraform-test","scaleway_k8s_cluster","kubelet_args"],"type":"kapsule","updated_at":"2023-09-01T16:15:59.002723Z","upgrade_available":false,"version":"1.28.0"}'
    headers:
      Content-Length:
      - "1438"
      Content-Security-Policy:
      - default-src 'none'; frame-ancestors 'none'
      Content-Type:
      - application/json
      Date:
      - Fri, 01 Sep 2023 16:16:02 GMT
      Server:
      - Scaleway API-Gateway
      Strict-Transport-Security:
      - max-age=63072000
      X-Content-Type-Options:
      - nosniff
      X-Frame-Options:
      - DENY
      X-Request-Id:
      - 59ab76ed-16d3-4ef9-a705-52e5f9e1b9bf
    status: 200 OK
    code: 200
    duration: ""
- request:
    body: '{"name":"default","node_type":"gp1_xs","placement_group_id":null,"autoscaling":true,"size":1,"min_size":1,"max_size":1,"container_runtime":"containerd","autohealing":true,"tags":["terraform-test","scaleway_k8s_cluster","kubelet_args"],"kubelet_args":{"maxPods":"1337"},"upgrade_policy":null,"zone":"fr-par-1","root_volume_type":"default_volume_type","root_volume_size":null}'
    form: {}
    headers:
      Content-Type:
      - application/json
      User-Agent:
      - scaleway-sdk-go/v1.0.0-beta.7+dev (go1.20.4; linux; amd64) terraform-provider/develop
        terraform/terraform-tests
    url: https://api.scaleway.com/k8s/v1/regions/fr-par/clusters/d1254149-8cbf-4f4f-9ef2-d19a6242d6ee/pools
    method: POST
  response:
    body: '{"autohealing":true,"autoscaling":true,"cluster_id":"d1254149-8cbf-4f4f-9ef2-d19a6242d6ee","container_runtime":"containerd","created_at":"2023-09-01T16:16:02.100832Z","id":"a675a1a9-a75a-49a7-a942-0f7e57d5ed6c","kubelet_args":{"maxPods":"1337"},"max_size":1,"min_size":1,"name":"default","node_type":"gp1_xs","placement_group_id":null,"region":"fr-par","root_volume_size":150000000000,"root_volume_type":"l_ssd","size":1,"status":"scaling","tags":["terraform-test","scaleway_k8s_cluster","kubelet_args"],"updated_at":"2023-09-01T16:16:02.112469324Z","upgrade_policy":{"max_surge":0,"max_unavailable":1},"version":"1.28.0","zone":"fr-par-1"}'
    headers:
      Content-Length:
      - "640"
      Content-Security-Policy:
      - default-src 'none'; frame-ancestors 'none'
      Content-Type:
      - application/json
      Date:
      - Fri, 01 Sep 2023 16:16:02 GMT
      Server:
      - Scaleway API-Gateway
      Strict-Transport-Security:
      - max-age=63072000
      X-Content-Type-Options:
      - nosniff
      X-Frame-Options:
      - DENY
      X-Request-Id:
      - 52367c7c-7010-4565-bcc3-1c0ce15d8cb5
    status: 200 OK
    code: 200
    duration: ""
- request:
    body: ""
    form: {}
    headers:
      User-Agent:
      - scaleway-sdk-go/v1.0.0-beta.7+dev (go1.20.4; linux; amd64) terraform-provider/develop
        terraform/terraform-tests
    url: https://api.scaleway.com/k8s/v1/regions/fr-par/pools/a675a1a9-a75a-49a7-a942-0f7e57d5ed6c
    method: GET
  response:
    body: '{"autohealing":true,"autoscaling":true,"cluster_id":"d1254149-8cbf-4f4f-9ef2-d19a6242d6ee","container_runtime":"containerd","created_at":"2023-09-01T16:16:02.100832Z","id":"a675a1a9-a75a-49a7-a942-0f7e57d5ed6c","kubelet_args":{"maxPods":"1337"},"max_size":1,"min_size":1,"name":"default","node_type":"gp1_xs","placement_group_id":null,"region":"fr-par","root_volume_size":150000000000,"root_volume_type":"l_ssd","size":1,"status":"scaling","tags":["terraform-test","scaleway_k8s_cluster","kubelet_args"],"updated_at":"2023-09-01T16:16:02.112469Z","upgrade_policy":{"max_surge":0,"max_unavailable":1},"version":"1.28.0","zone":"fr-par-1"}'
    headers:
      Content-Length:
      - "637"
      Content-Security-Policy:
      - default-src 'none'; frame-ancestors 'none'
      Content-Type:
      - application/json
      Date:
      - Fri, 01 Sep 2023 16:16:02 GMT
      Server:
      - Scaleway API-Gateway
      Strict-Transport-Security:
      - max-age=63072000
      X-Content-Type-Options:
      - nosniff
      X-Frame-Options:
      - DENY
      X-Request-Id:
      - 43db8172-471d-471e-982e-ed0279eba99f
    status: 200 OK
    code: 200
    duration: ""
- request:
    body: ""
    form: {}
    headers:
      User-Agent:
      - scaleway-sdk-go/v1.0.0-beta.7+dev (go1.20.4; linux; amd64) terraform-provider/develop
        terraform/terraform-tests
    url: https://api.scaleway.com/k8s/v1/regions/fr-par/pools/a675a1a9-a75a-49a7-a942-0f7e57d5ed6c
    method: GET
  response:
    body: '{"autohealing":true,"autoscaling":true,"cluster_id":"d1254149-8cbf-4f4f-9ef2-d19a6242d6ee","container_runtime":"containerd","created_at":"2023-09-01T16:16:02.100832Z","id":"a675a1a9-a75a-49a7-a942-0f7e57d5ed6c","kubelet_args":{"maxPods":"1337"},"max_size":1,"min_size":1,"name":"default","node_type":"gp1_xs","placement_group_id":null,"region":"fr-par","root_volume_size":150000000000,"root_volume_type":"l_ssd","size":1,"status":"scaling","tags":["terraform-test","scaleway_k8s_cluster","kubelet_args"],"updated_at":"2023-09-01T16:16:02.112469Z","upgrade_policy":{"max_surge":0,"max_unavailable":1},"version":"1.28.0","zone":"fr-par-1"}'
    headers:
      Content-Length:
      - "637"
      Content-Security-Policy:
      - default-src 'none'; frame-ancestors 'none'
      Content-Type:
      - application/json
      Date:
      - Fri, 01 Sep 2023 16:16:07 GMT
      Server:
      - Scaleway API-Gateway
      Strict-Transport-Security:
      - max-age=63072000
      X-Content-Type-Options:
      - nosniff
      X-Frame-Options:
      - DENY
      X-Request-Id:
      - 7e19f801-8c6b-494a-bb82-700b82f756ef
    status: 200 OK
    code: 200
    duration: ""
- request:
    body: ""
    form: {}
    headers:
      User-Agent:
      - scaleway-sdk-go/v1.0.0-beta.7+dev (go1.20.4; linux; amd64) terraform-provider/develop
        terraform/terraform-tests
    url: https://api.scaleway.com/k8s/v1/regions/fr-par/pools/a675a1a9-a75a-49a7-a942-0f7e57d5ed6c
    method: GET
  response:
    body: '{"autohealing":true,"autoscaling":true,"cluster_id":"d1254149-8cbf-4f4f-9ef2-d19a6242d6ee","container_runtime":"containerd","created_at":"2023-09-01T16:16:02.100832Z","id":"a675a1a9-a75a-49a7-a942-0f7e57d5ed6c","kubelet_args":{"maxPods":"1337"},"max_size":1,"min_size":1,"name":"default","node_type":"gp1_xs","placement_group_id":null,"region":"fr-par","root_volume_size":150000000000,"root_volume_type":"l_ssd","size":1,"status":"scaling","tags":["terraform-test","scaleway_k8s_cluster","kubelet_args"],"updated_at":"2023-09-01T16:16:02.112469Z","upgrade_policy":{"max_surge":0,"max_unavailable":1},"version":"1.28.0","zone":"fr-par-1"}'
    headers:
      Content-Length:
      - "637"
      Content-Security-Policy:
      - default-src 'none'; frame-ancestors 'none'
      Content-Type:
      - application/json
      Date:
      - Fri, 01 Sep 2023 16:16:13 GMT
      Server:
      - Scaleway API-Gateway
      Strict-Transport-Security:
      - max-age=63072000
      X-Content-Type-Options:
      - nosniff
      X-Frame-Options:
      - DENY
      X-Request-Id:
      - dac02db3-62b6-4f32-aba2-069aaf3421fd
    status: 200 OK
    code: 200
    duration: ""
- request:
    body: ""
    form: {}
    headers:
      User-Agent:
      - scaleway-sdk-go/v1.0.0-beta.7+dev (go1.20.4; linux; amd64) terraform-provider/develop
        terraform/terraform-tests
    url: https://api.scaleway.com/k8s/v1/regions/fr-par/pools/a675a1a9-a75a-49a7-a942-0f7e57d5ed6c
    method: GET
  response:
    body: '{"autohealing":true,"autoscaling":true,"cluster_id":"d1254149-8cbf-4f4f-9ef2-d19a6242d6ee","container_runtime":"containerd","created_at":"2023-09-01T16:16:02.100832Z","id":"a675a1a9-a75a-49a7-a942-0f7e57d5ed6c","kubelet_args":{"maxPods":"1337"},"max_size":1,"min_size":1,"name":"default","node_type":"gp1_xs","placement_group_id":null,"region":"fr-par","root_volume_size":150000000000,"root_volume_type":"l_ssd","size":1,"status":"scaling","tags":["terraform-test","scaleway_k8s_cluster","kubelet_args"],"updated_at":"2023-09-01T16:16:02.112469Z","upgrade_policy":{"max_surge":0,"max_unavailable":1},"version":"1.28.0","zone":"fr-par-1"}'
    headers:
      Content-Length:
      - "637"
      Content-Security-Policy:
      - default-src 'none'; frame-ancestors 'none'
      Content-Type:
      - application/json
      Date:
      - Fri, 01 Sep 2023 16:16:18 GMT
      Server:
      - Scaleway API-Gateway
      Strict-Transport-Security:
      - max-age=63072000
      X-Content-Type-Options:
      - nosniff
      X-Frame-Options:
      - DENY
      X-Request-Id:
      - e7f2838d-8bed-46d3-abce-0be1689ba0a2
    status: 200 OK
    code: 200
    duration: ""
- request:
    body: ""
    form: {}
    headers:
      User-Agent:
      - scaleway-sdk-go/v1.0.0-beta.7+dev (go1.20.4; linux; amd64) terraform-provider/develop
        terraform/terraform-tests
    url: https://api.scaleway.com/k8s/v1/regions/fr-par/pools/a675a1a9-a75a-49a7-a942-0f7e57d5ed6c
    method: GET
  response:
    body: '{"autohealing":true,"autoscaling":true,"cluster_id":"d1254149-8cbf-4f4f-9ef2-d19a6242d6ee","container_runtime":"containerd","created_at":"2023-09-01T16:16:02.100832Z","id":"a675a1a9-a75a-49a7-a942-0f7e57d5ed6c","kubelet_args":{"maxPods":"1337"},"max_size":1,"min_size":1,"name":"default","node_type":"gp1_xs","placement_group_id":null,"region":"fr-par","root_volume_size":150000000000,"root_volume_type":"l_ssd","size":1,"status":"scaling","tags":["terraform-test","scaleway_k8s_cluster","kubelet_args"],"updated_at":"2023-09-01T16:16:02.112469Z","upgrade_policy":{"max_surge":0,"max_unavailable":1},"version":"1.28.0","zone":"fr-par-1"}'
    headers:
      Content-Length:
      - "637"
      Content-Security-Policy:
      - default-src 'none'; frame-ancestors 'none'
      Content-Type:
      - application/json
      Date:
      - Fri, 01 Sep 2023 16:16:23 GMT
      Server:
      - Scaleway API-Gateway
      Strict-Transport-Security:
      - max-age=63072000
      X-Content-Type-Options:
      - nosniff
      X-Frame-Options:
      - DENY
      X-Request-Id:
      - 4b9b134b-8ae2-430b-a13c-e472dba43415
    status: 200 OK
    code: 200
    duration: ""
- request:
    body: ""
    form: {}
    headers:
      User-Agent:
      - scaleway-sdk-go/v1.0.0-beta.7+dev (go1.20.4; linux; amd64) terraform-provider/develop
        terraform/terraform-tests
    url: https://api.scaleway.com/k8s/v1/regions/fr-par/pools/a675a1a9-a75a-49a7-a942-0f7e57d5ed6c
    method: GET
  response:
    body: '{"autohealing":true,"autoscaling":true,"cluster_id":"d1254149-8cbf-4f4f-9ef2-d19a6242d6ee","container_runtime":"containerd","created_at":"2023-09-01T16:16:02.100832Z","id":"a675a1a9-a75a-49a7-a942-0f7e57d5ed6c","kubelet_args":{"maxPods":"1337"},"max_size":1,"min_size":1,"name":"default","node_type":"gp1_xs","placement_group_id":null,"region":"fr-par","root_volume_size":150000000000,"root_volume_type":"l_ssd","size":1,"status":"scaling","tags":["terraform-test","scaleway_k8s_cluster","kubelet_args"],"updated_at":"2023-09-01T16:16:02.112469Z","upgrade_policy":{"max_surge":0,"max_unavailable":1},"version":"1.28.0","zone":"fr-par-1"}'
    headers:
      Content-Length:
      - "637"
      Content-Security-Policy:
      - default-src 'none'; frame-ancestors 'none'
      Content-Type:
      - application/json
      Date:
      - Fri, 01 Sep 2023 16:16:28 GMT
      Server:
      - Scaleway API-Gateway
      Strict-Transport-Security:
      - max-age=63072000
      X-Content-Type-Options:
      - nosniff
      X-Frame-Options:
      - DENY
      X-Request-Id:
      - f994fb29-8940-4e94-833d-cbc62a47ec3b
    status: 200 OK
    code: 200
    duration: ""
- request:
    body: ""
    form: {}
    headers:
      User-Agent:
      - scaleway-sdk-go/v1.0.0-beta.7+dev (go1.20.4; linux; amd64) terraform-provider/develop
        terraform/terraform-tests
    url: https://api.scaleway.com/k8s/v1/regions/fr-par/pools/a675a1a9-a75a-49a7-a942-0f7e57d5ed6c
    method: GET
  response:
    body: '{"autohealing":true,"autoscaling":true,"cluster_id":"d1254149-8cbf-4f4f-9ef2-d19a6242d6ee","container_runtime":"containerd","created_at":"2023-09-01T16:16:02.100832Z","id":"a675a1a9-a75a-49a7-a942-0f7e57d5ed6c","kubelet_args":{"maxPods":"1337"},"max_size":1,"min_size":1,"name":"default","node_type":"gp1_xs","placement_group_id":null,"region":"fr-par","root_volume_size":150000000000,"root_volume_type":"l_ssd","size":1,"status":"scaling","tags":["terraform-test","scaleway_k8s_cluster","kubelet_args"],"updated_at":"2023-09-01T16:16:02.112469Z","upgrade_policy":{"max_surge":0,"max_unavailable":1},"version":"1.28.0","zone":"fr-par-1"}'
    headers:
      Content-Length:
      - "637"
      Content-Security-Policy:
      - default-src 'none'; frame-ancestors 'none'
      Content-Type:
      - application/json
      Date:
      - Fri, 01 Sep 2023 16:16:33 GMT
      Server:
      - Scaleway API-Gateway
      Strict-Transport-Security:
      - max-age=63072000
      X-Content-Type-Options:
      - nosniff
      X-Frame-Options:
      - DENY
      X-Request-Id:
      - 899ce58c-f366-4b4b-8d48-2da5e198953b
    status: 200 OK
    code: 200
    duration: ""
- request:
    body: ""
    form: {}
    headers:
      User-Agent:
      - scaleway-sdk-go/v1.0.0-beta.7+dev (go1.20.4; linux; amd64) terraform-provider/develop
        terraform/terraform-tests
    url: https://api.scaleway.com/k8s/v1/regions/fr-par/pools/a675a1a9-a75a-49a7-a942-0f7e57d5ed6c
    method: GET
  response:
    body: '{"autohealing":true,"autoscaling":true,"cluster_id":"d1254149-8cbf-4f4f-9ef2-d19a6242d6ee","container_runtime":"containerd","created_at":"2023-09-01T16:16:02.100832Z","id":"a675a1a9-a75a-49a7-a942-0f7e57d5ed6c","kubelet_args":{"maxPods":"1337"},"max_size":1,"min_size":1,"name":"default","node_type":"gp1_xs","placement_group_id":null,"region":"fr-par","root_volume_size":150000000000,"root_volume_type":"l_ssd","size":1,"status":"scaling","tags":["terraform-test","scaleway_k8s_cluster","kubelet_args"],"updated_at":"2023-09-01T16:16:02.112469Z","upgrade_policy":{"max_surge":0,"max_unavailable":1},"version":"1.28.0","zone":"fr-par-1"}'
    headers:
      Content-Length:
      - "637"
      Content-Security-Policy:
      - default-src 'none'; frame-ancestors 'none'
      Content-Type:
      - application/json
      Date:
      - Fri, 01 Sep 2023 16:16:38 GMT
      Server:
      - Scaleway API-Gateway
      Strict-Transport-Security:
      - max-age=63072000
      X-Content-Type-Options:
      - nosniff
      X-Frame-Options:
      - DENY
      X-Request-Id:
      - 784c58cd-17a9-4044-99cb-01a4a40ffce1
    status: 200 OK
    code: 200
    duration: ""
- request:
    body: ""
    form: {}
    headers:
      User-Agent:
      - scaleway-sdk-go/v1.0.0-beta.7+dev (go1.20.4; linux; amd64) terraform-provider/develop
        terraform/terraform-tests
    url: https://api.scaleway.com/k8s/v1/regions/fr-par/pools/a675a1a9-a75a-49a7-a942-0f7e57d5ed6c
    method: GET
  response:
    body: '{"autohealing":true,"autoscaling":true,"cluster_id":"d1254149-8cbf-4f4f-9ef2-d19a6242d6ee","container_runtime":"containerd","created_at":"2023-09-01T16:16:02.100832Z","id":"a675a1a9-a75a-49a7-a942-0f7e57d5ed6c","kubelet_args":{"maxPods":"1337"},"max_size":1,"min_size":1,"name":"default","node_type":"gp1_xs","placement_group_id":null,"region":"fr-par","root_volume_size":150000000000,"root_volume_type":"l_ssd","size":1,"status":"scaling","tags":["terraform-test","scaleway_k8s_cluster","kubelet_args"],"updated_at":"2023-09-01T16:16:02.112469Z","upgrade_policy":{"max_surge":0,"max_unavailable":1},"version":"1.28.0","zone":"fr-par-1"}'
    headers:
      Content-Length:
      - "637"
      Content-Security-Policy:
      - default-src 'none'; frame-ancestors 'none'
      Content-Type:
      - application/json
      Date:
      - Fri, 01 Sep 2023 16:16:43 GMT
      Server:
      - Scaleway API-Gateway
      Strict-Transport-Security:
      - max-age=63072000
      X-Content-Type-Options:
      - nosniff
      X-Frame-Options:
      - DENY
      X-Request-Id:
      - 6d4c09ac-3cec-4d5d-91f9-7e47db0c54bd
    status: 200 OK
    code: 200
    duration: ""
- request:
    body: ""
    form: {}
    headers:
      User-Agent:
      - scaleway-sdk-go/v1.0.0-beta.7+dev (go1.20.4; linux; amd64) terraform-provider/develop
        terraform/terraform-tests
    url: https://api.scaleway.com/k8s/v1/regions/fr-par/pools/a675a1a9-a75a-49a7-a942-0f7e57d5ed6c
    method: GET
  response:
    body: '{"autohealing":true,"autoscaling":true,"cluster_id":"d1254149-8cbf-4f4f-9ef2-d19a6242d6ee","container_runtime":"containerd","created_at":"2023-09-01T16:16:02.100832Z","id":"a675a1a9-a75a-49a7-a942-0f7e57d5ed6c","kubelet_args":{"maxPods":"1337"},"max_size":1,"min_size":1,"name":"default","node_type":"gp1_xs","placement_group_id":null,"region":"fr-par","root_volume_size":150000000000,"root_volume_type":"l_ssd","size":1,"status":"scaling","tags":["terraform-test","scaleway_k8s_cluster","kubelet_args"],"updated_at":"2023-09-01T16:16:02.112469Z","upgrade_policy":{"max_surge":0,"max_unavailable":1},"version":"1.28.0","zone":"fr-par-1"}'
    headers:
      Content-Length:
      - "637"
      Content-Security-Policy:
      - default-src 'none'; frame-ancestors 'none'
      Content-Type:
      - application/json
      Date:
      - Fri, 01 Sep 2023 16:16:48 GMT
      Server:
      - Scaleway API-Gateway
      Strict-Transport-Security:
      - max-age=63072000
      X-Content-Type-Options:
      - nosniff
      X-Frame-Options:
      - DENY
      X-Request-Id:
      - b24ce40a-4fdd-4e6d-b642-1bf10138bfd8
    status: 200 OK
    code: 200
    duration: ""
- request:
    body: ""
    form: {}
    headers:
      User-Agent:
      - scaleway-sdk-go/v1.0.0-beta.7+dev (go1.20.4; linux; amd64) terraform-provider/develop
        terraform/terraform-tests
    url: https://api.scaleway.com/k8s/v1/regions/fr-par/pools/a675a1a9-a75a-49a7-a942-0f7e57d5ed6c
    method: GET
  response:
    body: '{"autohealing":true,"autoscaling":true,"cluster_id":"d1254149-8cbf-4f4f-9ef2-d19a6242d6ee","container_runtime":"containerd","created_at":"2023-09-01T16:16:02.100832Z","id":"a675a1a9-a75a-49a7-a942-0f7e57d5ed6c","kubelet_args":{"maxPods":"1337"},"max_size":1,"min_size":1,"name":"default","node_type":"gp1_xs","placement_group_id":null,"region":"fr-par","root_volume_size":150000000000,"root_volume_type":"l_ssd","size":1,"status":"scaling","tags":["terraform-test","scaleway_k8s_cluster","kubelet_args"],"updated_at":"2023-09-01T16:16:02.112469Z","upgrade_policy":{"max_surge":0,"max_unavailable":1},"version":"1.28.0","zone":"fr-par-1"}'
    headers:
      Content-Length:
      - "637"
      Content-Security-Policy:
      - default-src 'none'; frame-ancestors 'none'
      Content-Type:
      - application/json
      Date:
      - Fri, 01 Sep 2023 16:16:53 GMT
      Server:
      - Scaleway API-Gateway
      Strict-Transport-Security:
      - max-age=63072000
      X-Content-Type-Options:
      - nosniff
      X-Frame-Options:
      - DENY
      X-Request-Id:
      - 14b2cb03-3479-458b-afd7-739e5ac41438
    status: 200 OK
    code: 200
    duration: ""
- request:
    body: ""
    form: {}
    headers:
      User-Agent:
      - scaleway-sdk-go/v1.0.0-beta.7+dev (go1.20.4; linux; amd64) terraform-provider/develop
        terraform/terraform-tests
    url: https://api.scaleway.com/k8s/v1/regions/fr-par/pools/a675a1a9-a75a-49a7-a942-0f7e57d5ed6c
    method: GET
  response:
    body: '{"autohealing":true,"autoscaling":true,"cluster_id":"d1254149-8cbf-4f4f-9ef2-d19a6242d6ee","container_runtime":"containerd","created_at":"2023-09-01T16:16:02.100832Z","id":"a675a1a9-a75a-49a7-a942-0f7e57d5ed6c","kubelet_args":{"maxPods":"1337"},"max_size":1,"min_size":1,"name":"default","node_type":"gp1_xs","placement_group_id":null,"region":"fr-par","root_volume_size":150000000000,"root_volume_type":"l_ssd","size":1,"status":"scaling","tags":["terraform-test","scaleway_k8s_cluster","kubelet_args"],"updated_at":"2023-09-01T16:16:02.112469Z","upgrade_policy":{"max_surge":0,"max_unavailable":1},"version":"1.28.0","zone":"fr-par-1"}'
    headers:
      Content-Length:
      - "637"
      Content-Security-Policy:
      - default-src 'none'; frame-ancestors 'none'
      Content-Type:
      - application/json
      Date:
      - Fri, 01 Sep 2023 16:16:58 GMT
      Server:
      - Scaleway API-Gateway
      Strict-Transport-Security:
      - max-age=63072000
      X-Content-Type-Options:
      - nosniff
      X-Frame-Options:
      - DENY
      X-Request-Id:
      - 6161cd40-f1b2-405d-8034-1ceac0f1c6c1
    status: 200 OK
    code: 200
    duration: ""
- request:
    body: ""
    form: {}
    headers:
      User-Agent:
      - scaleway-sdk-go/v1.0.0-beta.7+dev (go1.20.4; linux; amd64) terraform-provider/develop
        terraform/terraform-tests
    url: https://api.scaleway.com/k8s/v1/regions/fr-par/pools/a675a1a9-a75a-49a7-a942-0f7e57d5ed6c
    method: GET
  response:
    body: '{"autohealing":true,"autoscaling":true,"cluster_id":"d1254149-8cbf-4f4f-9ef2-d19a6242d6ee","container_runtime":"containerd","created_at":"2023-09-01T16:16:02.100832Z","id":"a675a1a9-a75a-49a7-a942-0f7e57d5ed6c","kubelet_args":{"maxPods":"1337"},"max_size":1,"min_size":1,"name":"default","node_type":"gp1_xs","placement_group_id":null,"region":"fr-par","root_volume_size":150000000000,"root_volume_type":"l_ssd","size":1,"status":"scaling","tags":["terraform-test","scaleway_k8s_cluster","kubelet_args"],"updated_at":"2023-09-01T16:16:02.112469Z","upgrade_policy":{"max_surge":0,"max_unavailable":1},"version":"1.28.0","zone":"fr-par-1"}'
    headers:
      Content-Length:
      - "637"
      Content-Security-Policy:
      - default-src 'none'; frame-ancestors 'none'
      Content-Type:
      - application/json
      Date:
      - Fri, 01 Sep 2023 16:17:03 GMT
      Server:
      - Scaleway API-Gateway
      Strict-Transport-Security:
      - max-age=63072000
      X-Content-Type-Options:
      - nosniff
      X-Frame-Options:
      - DENY
      X-Request-Id:
      - ee4dca31-fb5b-4524-9ea3-0529ee244097
    status: 200 OK
    code: 200
    duration: ""
- request:
    body: ""
    form: {}
    headers:
      User-Agent:
      - scaleway-sdk-go/v1.0.0-beta.7+dev (go1.20.4; linux; amd64) terraform-provider/develop
        terraform/terraform-tests
    url: https://api.scaleway.com/k8s/v1/regions/fr-par/pools/a675a1a9-a75a-49a7-a942-0f7e57d5ed6c
    method: GET
  response:
    body: '{"autohealing":true,"autoscaling":true,"cluster_id":"d1254149-8cbf-4f4f-9ef2-d19a6242d6ee","container_runtime":"containerd","created_at":"2023-09-01T16:16:02.100832Z","id":"a675a1a9-a75a-49a7-a942-0f7e57d5ed6c","kubelet_args":{"maxPods":"1337"},"max_size":1,"min_size":1,"name":"default","node_type":"gp1_xs","placement_group_id":null,"region":"fr-par","root_volume_size":150000000000,"root_volume_type":"l_ssd","size":1,"status":"scaling","tags":["terraform-test","scaleway_k8s_cluster","kubelet_args"],"updated_at":"2023-09-01T16:16:02.112469Z","upgrade_policy":{"max_surge":0,"max_unavailable":1},"version":"1.28.0","zone":"fr-par-1"}'
    headers:
      Content-Length:
      - "637"
      Content-Security-Policy:
      - default-src 'none'; frame-ancestors 'none'
      Content-Type:
      - application/json
      Date:
      - Fri, 01 Sep 2023 16:17:08 GMT
      Server:
      - Scaleway API-Gateway
      Strict-Transport-Security:
      - max-age=63072000
      X-Content-Type-Options:
      - nosniff
      X-Frame-Options:
      - DENY
      X-Request-Id:
      - fbac9c5f-77e6-4d9f-9a09-a82b4b34ecce
    status: 200 OK
    code: 200
    duration: ""
- request:
    body: ""
    form: {}
    headers:
      User-Agent:
      - scaleway-sdk-go/v1.0.0-beta.7+dev (go1.20.4; linux; amd64) terraform-provider/develop
        terraform/terraform-tests
    url: https://api.scaleway.com/k8s/v1/regions/fr-par/pools/a675a1a9-a75a-49a7-a942-0f7e57d5ed6c
    method: GET
  response:
    body: '{"autohealing":true,"autoscaling":true,"cluster_id":"d1254149-8cbf-4f4f-9ef2-d19a6242d6ee","container_runtime":"containerd","created_at":"2023-09-01T16:16:02.100832Z","id":"a675a1a9-a75a-49a7-a942-0f7e57d5ed6c","kubelet_args":{"maxPods":"1337"},"max_size":1,"min_size":1,"name":"default","node_type":"gp1_xs","placement_group_id":null,"region":"fr-par","root_volume_size":150000000000,"root_volume_type":"l_ssd","size":1,"status":"scaling","tags":["terraform-test","scaleway_k8s_cluster","kubelet_args"],"updated_at":"2023-09-01T16:16:02.112469Z","upgrade_policy":{"max_surge":0,"max_unavailable":1},"version":"1.28.0","zone":"fr-par-1"}'
    headers:
      Content-Length:
      - "637"
      Content-Security-Policy:
      - default-src 'none'; frame-ancestors 'none'
      Content-Type:
      - application/json
      Date:
      - Fri, 01 Sep 2023 16:17:14 GMT
      Server:
      - Scaleway API-Gateway
      Strict-Transport-Security:
      - max-age=63072000
      X-Content-Type-Options:
      - nosniff
      X-Frame-Options:
      - DENY
      X-Request-Id:
      - 755c6bfa-f82a-4f8b-92c2-1a9bb301f307
    status: 200 OK
    code: 200
    duration: ""
- request:
    body: ""
    form: {}
    headers:
      User-Agent:
      - scaleway-sdk-go/v1.0.0-beta.7+dev (go1.20.4; linux; amd64) terraform-provider/develop
        terraform/terraform-tests
    url: https://api.scaleway.com/k8s/v1/regions/fr-par/pools/a675a1a9-a75a-49a7-a942-0f7e57d5ed6c
    method: GET
  response:
    body: '{"autohealing":true,"autoscaling":true,"cluster_id":"d1254149-8cbf-4f4f-9ef2-d19a6242d6ee","container_runtime":"containerd","created_at":"2023-09-01T16:16:02.100832Z","id":"a675a1a9-a75a-49a7-a942-0f7e57d5ed6c","kubelet_args":{"maxPods":"1337"},"max_size":1,"min_size":1,"name":"default","node_type":"gp1_xs","placement_group_id":null,"region":"fr-par","root_volume_size":150000000000,"root_volume_type":"l_ssd","size":1,"status":"scaling","tags":["terraform-test","scaleway_k8s_cluster","kubelet_args"],"updated_at":"2023-09-01T16:16:02.112469Z","upgrade_policy":{"max_surge":0,"max_unavailable":1},"version":"1.28.0","zone":"fr-par-1"}'
    headers:
      Content-Length:
      - "637"
      Content-Security-Policy:
      - default-src 'none'; frame-ancestors 'none'
      Content-Type:
      - application/json
      Date:
      - Fri, 01 Sep 2023 16:17:19 GMT
      Server:
      - Scaleway API-Gateway
      Strict-Transport-Security:
      - max-age=63072000
      X-Content-Type-Options:
      - nosniff
      X-Frame-Options:
      - DENY
      X-Request-Id:
      - 16bbbcce-647d-4019-a7cb-be3e56be77d1
    status: 200 OK
    code: 200
    duration: ""
- request:
    body: ""
    form: {}
    headers:
      User-Agent:
      - scaleway-sdk-go/v1.0.0-beta.7+dev (go1.20.4; linux; amd64) terraform-provider/develop
        terraform/terraform-tests
    url: https://api.scaleway.com/k8s/v1/regions/fr-par/pools/a675a1a9-a75a-49a7-a942-0f7e57d5ed6c
    method: GET
  response:
    body: '{"autohealing":true,"autoscaling":true,"cluster_id":"d1254149-8cbf-4f4f-9ef2-d19a6242d6ee","container_runtime":"containerd","created_at":"2023-09-01T16:16:02.100832Z","id":"a675a1a9-a75a-49a7-a942-0f7e57d5ed6c","kubelet_args":{"maxPods":"1337"},"max_size":1,"min_size":1,"name":"default","node_type":"gp1_xs","placement_group_id":null,"region":"fr-par","root_volume_size":150000000000,"root_volume_type":"l_ssd","size":1,"status":"scaling","tags":["terraform-test","scaleway_k8s_cluster","kubelet_args"],"updated_at":"2023-09-01T16:16:02.112469Z","upgrade_policy":{"max_surge":0,"max_unavailable":1},"version":"1.28.0","zone":"fr-par-1"}'
    headers:
      Content-Length:
      - "637"
      Content-Security-Policy:
      - default-src 'none'; frame-ancestors 'none'
      Content-Type:
      - application/json
      Date:
      - Fri, 01 Sep 2023 16:17:24 GMT
      Server:
      - Scaleway API-Gateway
      Strict-Transport-Security:
      - max-age=63072000
      X-Content-Type-Options:
      - nosniff
      X-Frame-Options:
      - DENY
      X-Request-Id:
      - 6edb7dc2-9e05-4325-b215-37b7b496512b
    status: 200 OK
    code: 200
    duration: ""
- request:
    body: ""
    form: {}
    headers:
      User-Agent:
      - scaleway-sdk-go/v1.0.0-beta.7+dev (go1.20.4; linux; amd64) terraform-provider/develop
        terraform/terraform-tests
    url: https://api.scaleway.com/k8s/v1/regions/fr-par/pools/a675a1a9-a75a-49a7-a942-0f7e57d5ed6c
    method: GET
  response:
    body: '{"autohealing":true,"autoscaling":true,"cluster_id":"d1254149-8cbf-4f4f-9ef2-d19a6242d6ee","container_runtime":"containerd","created_at":"2023-09-01T16:16:02.100832Z","id":"a675a1a9-a75a-49a7-a942-0f7e57d5ed6c","kubelet_args":{"maxPods":"1337"},"max_size":1,"min_size":1,"name":"default","node_type":"gp1_xs","placement_group_id":null,"region":"fr-par","root_volume_size":150000000000,"root_volume_type":"l_ssd","size":1,"status":"scaling","tags":["terraform-test","scaleway_k8s_cluster","kubelet_args"],"updated_at":"2023-09-01T16:16:02.112469Z","upgrade_policy":{"max_surge":0,"max_unavailable":1},"version":"1.28.0","zone":"fr-par-1"}'
    headers:
      Content-Length:
      - "637"
      Content-Security-Policy:
      - default-src 'none'; frame-ancestors 'none'
      Content-Type:
      - application/json
      Date:
      - Fri, 01 Sep 2023 16:17:29 GMT
      Server:
      - Scaleway API-Gateway
      Strict-Transport-Security:
      - max-age=63072000
      X-Content-Type-Options:
      - nosniff
      X-Frame-Options:
      - DENY
      X-Request-Id:
      - 99fc9b67-9fdd-4bbb-9214-c73084b97e8f
    status: 200 OK
    code: 200
    duration: ""
- request:
    body: ""
    form: {}
    headers:
      User-Agent:
      - scaleway-sdk-go/v1.0.0-beta.7+dev (go1.20.4; linux; amd64) terraform-provider/develop
        terraform/terraform-tests
    url: https://api.scaleway.com/k8s/v1/regions/fr-par/pools/a675a1a9-a75a-49a7-a942-0f7e57d5ed6c
    method: GET
  response:
    body: '{"autohealing":true,"autoscaling":true,"cluster_id":"d1254149-8cbf-4f4f-9ef2-d19a6242d6ee","container_runtime":"containerd","created_at":"2023-09-01T16:16:02.100832Z","id":"a675a1a9-a75a-49a7-a942-0f7e57d5ed6c","kubelet_args":{"maxPods":"1337"},"max_size":1,"min_size":1,"name":"default","node_type":"gp1_xs","placement_group_id":null,"region":"fr-par","root_volume_size":150000000000,"root_volume_type":"l_ssd","size":1,"status":"scaling","tags":["terraform-test","scaleway_k8s_cluster","kubelet_args"],"updated_at":"2023-09-01T16:16:02.112469Z","upgrade_policy":{"max_surge":0,"max_unavailable":1},"version":"1.28.0","zone":"fr-par-1"}'
    headers:
      Content-Length:
      - "637"
      Content-Security-Policy:
      - default-src 'none'; frame-ancestors 'none'
      Content-Type:
      - application/json
      Date:
      - Fri, 01 Sep 2023 16:17:34 GMT
      Server:
      - Scaleway API-Gateway
      Strict-Transport-Security:
      - max-age=63072000
      X-Content-Type-Options:
      - nosniff
      X-Frame-Options:
      - DENY
      X-Request-Id:
      - b2ce973b-2686-4bbc-be33-087a51dc459e
    status: 200 OK
    code: 200
    duration: ""
- request:
    body: ""
    form: {}
    headers:
      User-Agent:
      - scaleway-sdk-go/v1.0.0-beta.7+dev (go1.20.4; linux; amd64) terraform-provider/develop
        terraform/terraform-tests
    url: https://api.scaleway.com/k8s/v1/regions/fr-par/pools/a675a1a9-a75a-49a7-a942-0f7e57d5ed6c
    method: GET
  response:
    body: '{"autohealing":true,"autoscaling":true,"cluster_id":"d1254149-8cbf-4f4f-9ef2-d19a6242d6ee","container_runtime":"containerd","created_at":"2023-09-01T16:16:02.100832Z","id":"a675a1a9-a75a-49a7-a942-0f7e57d5ed6c","kubelet_args":{"maxPods":"1337"},"max_size":1,"min_size":1,"name":"default","node_type":"gp1_xs","placement_group_id":null,"region":"fr-par","root_volume_size":150000000000,"root_volume_type":"l_ssd","size":1,"status":"scaling","tags":["terraform-test","scaleway_k8s_cluster","kubelet_args"],"updated_at":"2023-09-01T16:16:02.112469Z","upgrade_policy":{"max_surge":0,"max_unavailable":1},"version":"1.28.0","zone":"fr-par-1"}'
    headers:
      Content-Length:
      - "637"
      Content-Security-Policy:
      - default-src 'none'; frame-ancestors 'none'
      Content-Type:
      - application/json
      Date:
      - Fri, 01 Sep 2023 16:17:39 GMT
      Server:
      - Scaleway API-Gateway
      Strict-Transport-Security:
      - max-age=63072000
      X-Content-Type-Options:
      - nosniff
      X-Frame-Options:
      - DENY
      X-Request-Id:
      - caf76b79-54b1-44f9-a55e-51f3e2f18a1b
    status: 200 OK
    code: 200
    duration: ""
- request:
    body: ""
    form: {}
    headers:
      User-Agent:
      - scaleway-sdk-go/v1.0.0-beta.7+dev (go1.20.4; linux; amd64) terraform-provider/develop
        terraform/terraform-tests
    url: https://api.scaleway.com/k8s/v1/regions/fr-par/pools/a675a1a9-a75a-49a7-a942-0f7e57d5ed6c
    method: GET
  response:
    body: '{"autohealing":true,"autoscaling":true,"cluster_id":"d1254149-8cbf-4f4f-9ef2-d19a6242d6ee","container_runtime":"containerd","created_at":"2023-09-01T16:16:02.100832Z","id":"a675a1a9-a75a-49a7-a942-0f7e57d5ed6c","kubelet_args":{"maxPods":"1337"},"max_size":1,"min_size":1,"name":"default","node_type":"gp1_xs","placement_group_id":null,"region":"fr-par","root_volume_size":150000000000,"root_volume_type":"l_ssd","size":1,"status":"scaling","tags":["terraform-test","scaleway_k8s_cluster","kubelet_args"],"updated_at":"2023-09-01T16:16:02.112469Z","upgrade_policy":{"max_surge":0,"max_unavailable":1},"version":"1.28.0","zone":"fr-par-1"}'
    headers:
      Content-Length:
      - "637"
      Content-Security-Policy:
      - default-src 'none'; frame-ancestors 'none'
      Content-Type:
      - application/json
      Date:
      - Fri, 01 Sep 2023 16:17:44 GMT
      Server:
      - Scaleway API-Gateway
      Strict-Transport-Security:
      - max-age=63072000
      X-Content-Type-Options:
      - nosniff
      X-Frame-Options:
      - DENY
      X-Request-Id:
      - a30e0945-2a96-4cb6-b069-92700441e9ef
    status: 200 OK
    code: 200
    duration: ""
- request:
    body: ""
    form: {}
    headers:
      User-Agent:
      - scaleway-sdk-go/v1.0.0-beta.7+dev (go1.20.4; linux; amd64) terraform-provider/develop
        terraform/terraform-tests
    url: https://api.scaleway.com/k8s/v1/regions/fr-par/pools/a675a1a9-a75a-49a7-a942-0f7e57d5ed6c
    method: GET
  response:
    body: '{"autohealing":true,"autoscaling":true,"cluster_id":"d1254149-8cbf-4f4f-9ef2-d19a6242d6ee","container_runtime":"containerd","created_at":"2023-09-01T16:16:02.100832Z","id":"a675a1a9-a75a-49a7-a942-0f7e57d5ed6c","kubelet_args":{"maxPods":"1337"},"max_size":1,"min_size":1,"name":"default","node_type":"gp1_xs","placement_group_id":null,"region":"fr-par","root_volume_size":150000000000,"root_volume_type":"l_ssd","size":1,"status":"scaling","tags":["terraform-test","scaleway_k8s_cluster","kubelet_args"],"updated_at":"2023-09-01T16:16:02.112469Z","upgrade_policy":{"max_surge":0,"max_unavailable":1},"version":"1.28.0","zone":"fr-par-1"}'
    headers:
      Content-Length:
      - "637"
      Content-Security-Policy:
      - default-src 'none'; frame-ancestors 'none'
      Content-Type:
      - application/json
      Date:
      - Fri, 01 Sep 2023 16:17:49 GMT
      Server:
      - Scaleway API-Gateway
      Strict-Transport-Security:
      - max-age=63072000
      X-Content-Type-Options:
      - nosniff
      X-Frame-Options:
      - DENY
      X-Request-Id:
      - d35eaf2a-e5b7-4ad2-8d2b-fe84ddc10709
    status: 200 OK
    code: 200
    duration: ""
- request:
    body: ""
    form: {}
    headers:
      User-Agent:
      - scaleway-sdk-go/v1.0.0-beta.7+dev (go1.20.4; linux; amd64) terraform-provider/develop
        terraform/terraform-tests
    url: https://api.scaleway.com/k8s/v1/regions/fr-par/pools/a675a1a9-a75a-49a7-a942-0f7e57d5ed6c
    method: GET
  response:
    body: '{"autohealing":true,"autoscaling":true,"cluster_id":"d1254149-8cbf-4f4f-9ef2-d19a6242d6ee","container_runtime":"containerd","created_at":"2023-09-01T16:16:02.100832Z","id":"a675a1a9-a75a-49a7-a942-0f7e57d5ed6c","kubelet_args":{"maxPods":"1337"},"max_size":1,"min_size":1,"name":"default","node_type":"gp1_xs","placement_group_id":null,"region":"fr-par","root_volume_size":150000000000,"root_volume_type":"l_ssd","size":1,"status":"scaling","tags":["terraform-test","scaleway_k8s_cluster","kubelet_args"],"updated_at":"2023-09-01T16:16:02.112469Z","upgrade_policy":{"max_surge":0,"max_unavailable":1},"version":"1.28.0","zone":"fr-par-1"}'
    headers:
      Content-Length:
      - "637"
      Content-Security-Policy:
      - default-src 'none'; frame-ancestors 'none'
      Content-Type:
      - application/json
      Date:
      - Fri, 01 Sep 2023 16:17:54 GMT
      Server:
      - Scaleway API-Gateway
      Strict-Transport-Security:
      - max-age=63072000
      X-Content-Type-Options:
      - nosniff
      X-Frame-Options:
      - DENY
      X-Request-Id:
      - 643981eb-10d3-4e71-b055-51aaea955275
    status: 200 OK
    code: 200
    duration: ""
- request:
    body: ""
    form: {}
    headers:
      User-Agent:
      - scaleway-sdk-go/v1.0.0-beta.7+dev (go1.20.4; linux; amd64) terraform-provider/develop
        terraform/terraform-tests
    url: https://api.scaleway.com/k8s/v1/regions/fr-par/pools/a675a1a9-a75a-49a7-a942-0f7e57d5ed6c
    method: GET
  response:
    body: '{"autohealing":true,"autoscaling":true,"cluster_id":"d1254149-8cbf-4f4f-9ef2-d19a6242d6ee","container_runtime":"containerd","created_at":"2023-09-01T16:16:02.100832Z","id":"a675a1a9-a75a-49a7-a942-0f7e57d5ed6c","kubelet_args":{"maxPods":"1337"},"max_size":1,"min_size":1,"name":"default","node_type":"gp1_xs","placement_group_id":null,"region":"fr-par","root_volume_size":150000000000,"root_volume_type":"l_ssd","size":1,"status":"scaling","tags":["terraform-test","scaleway_k8s_cluster","kubelet_args"],"updated_at":"2023-09-01T16:16:02.112469Z","upgrade_policy":{"max_surge":0,"max_unavailable":1},"version":"1.28.0","zone":"fr-par-1"}'
    headers:
      Content-Length:
      - "637"
      Content-Security-Policy:
      - default-src 'none'; frame-ancestors 'none'
      Content-Type:
      - application/json
      Date:
      - Fri, 01 Sep 2023 16:17:59 GMT
      Server:
      - Scaleway API-Gateway
      Strict-Transport-Security:
      - max-age=63072000
      X-Content-Type-Options:
      - nosniff
      X-Frame-Options:
      - DENY
      X-Request-Id:
      - 788a1131-86be-4311-95d0-9cdc1a09e47b
    status: 200 OK
    code: 200
    duration: ""
- request:
    body: ""
    form: {}
    headers:
      User-Agent:
      - scaleway-sdk-go/v1.0.0-beta.7+dev (go1.20.4; linux; amd64) terraform-provider/develop
        terraform/terraform-tests
    url: https://api.scaleway.com/k8s/v1/regions/fr-par/pools/a675a1a9-a75a-49a7-a942-0f7e57d5ed6c
    method: GET
  response:
    body: '{"autohealing":true,"autoscaling":true,"cluster_id":"d1254149-8cbf-4f4f-9ef2-d19a6242d6ee","container_runtime":"containerd","created_at":"2023-09-01T16:16:02.100832Z","id":"a675a1a9-a75a-49a7-a942-0f7e57d5ed6c","kubelet_args":{"maxPods":"1337"},"max_size":1,"min_size":1,"name":"default","node_type":"gp1_xs","placement_group_id":null,"region":"fr-par","root_volume_size":150000000000,"root_volume_type":"l_ssd","size":1,"status":"scaling","tags":["terraform-test","scaleway_k8s_cluster","kubelet_args"],"updated_at":"2023-09-01T16:16:02.112469Z","upgrade_policy":{"max_surge":0,"max_unavailable":1},"version":"1.28.0","zone":"fr-par-1"}'
    headers:
      Content-Length:
      - "637"
      Content-Security-Policy:
      - default-src 'none'; frame-ancestors 'none'
      Content-Type:
      - application/json
      Date:
      - Fri, 01 Sep 2023 16:18:04 GMT
      Server:
      - Scaleway API-Gateway
      Strict-Transport-Security:
      - max-age=63072000
      X-Content-Type-Options:
      - nosniff
      X-Frame-Options:
      - DENY
      X-Request-Id:
      - 7485e6cf-ad99-4287-bc6a-bb31e07b7401
    status: 200 OK
    code: 200
    duration: ""
- request:
    body: ""
    form: {}
    headers:
      User-Agent:
      - scaleway-sdk-go/v1.0.0-beta.7+dev (go1.20.4; linux; amd64) terraform-provider/develop
        terraform/terraform-tests
    url: https://api.scaleway.com/k8s/v1/regions/fr-par/pools/a675a1a9-a75a-49a7-a942-0f7e57d5ed6c
    method: GET
  response:
    body: '{"autohealing":true,"autoscaling":true,"cluster_id":"d1254149-8cbf-4f4f-9ef2-d19a6242d6ee","container_runtime":"containerd","created_at":"2023-09-01T16:16:02.100832Z","id":"a675a1a9-a75a-49a7-a942-0f7e57d5ed6c","kubelet_args":{"maxPods":"1337"},"max_size":1,"min_size":1,"name":"default","node_type":"gp1_xs","placement_group_id":null,"region":"fr-par","root_volume_size":150000000000,"root_volume_type":"l_ssd","size":1,"status":"scaling","tags":["terraform-test","scaleway_k8s_cluster","kubelet_args"],"updated_at":"2023-09-01T16:16:02.112469Z","upgrade_policy":{"max_surge":0,"max_unavailable":1},"version":"1.28.0","zone":"fr-par-1"}'
    headers:
      Content-Length:
      - "637"
      Content-Security-Policy:
      - default-src 'none'; frame-ancestors 'none'
      Content-Type:
      - application/json
      Date:
      - Fri, 01 Sep 2023 16:18:09 GMT
      Server:
      - Scaleway API-Gateway
      Strict-Transport-Security:
      - max-age=63072000
      X-Content-Type-Options:
      - nosniff
      X-Frame-Options:
      - DENY
      X-Request-Id:
      - 6787b4c7-4786-43a9-8228-ab6d2c2fab4b
    status: 200 OK
    code: 200
    duration: ""
- request:
    body: ""
    form: {}
    headers:
      User-Agent:
      - scaleway-sdk-go/v1.0.0-beta.7+dev (go1.20.4; linux; amd64) terraform-provider/develop
        terraform/terraform-tests
    url: https://api.scaleway.com/k8s/v1/regions/fr-par/pools/a675a1a9-a75a-49a7-a942-0f7e57d5ed6c
    method: GET
  response:
    body: '{"autohealing":true,"autoscaling":true,"cluster_id":"d1254149-8cbf-4f4f-9ef2-d19a6242d6ee","container_runtime":"containerd","created_at":"2023-09-01T16:16:02.100832Z","id":"a675a1a9-a75a-49a7-a942-0f7e57d5ed6c","kubelet_args":{"maxPods":"1337"},"max_size":1,"min_size":1,"name":"default","node_type":"gp1_xs","placement_group_id":null,"region":"fr-par","root_volume_size":150000000000,"root_volume_type":"l_ssd","size":1,"status":"scaling","tags":["terraform-test","scaleway_k8s_cluster","kubelet_args"],"updated_at":"2023-09-01T16:16:02.112469Z","upgrade_policy":{"max_surge":0,"max_unavailable":1},"version":"1.28.0","zone":"fr-par-1"}'
    headers:
      Content-Length:
      - "637"
      Content-Security-Policy:
      - default-src 'none'; frame-ancestors 'none'
      Content-Type:
      - application/json
      Date:
      - Fri, 01 Sep 2023 16:18:14 GMT
      Server:
      - Scaleway API-Gateway
      Strict-Transport-Security:
      - max-age=63072000
      X-Content-Type-Options:
      - nosniff
      X-Frame-Options:
      - DENY
      X-Request-Id:
      - 018c4f53-5459-40fd-811a-208538195884
    status: 200 OK
    code: 200
    duration: ""
- request:
    body: ""
    form: {}
    headers:
      User-Agent:
      - scaleway-sdk-go/v1.0.0-beta.7+dev (go1.20.4; linux; amd64) terraform-provider/develop
        terraform/terraform-tests
    url: https://api.scaleway.com/k8s/v1/regions/fr-par/pools/a675a1a9-a75a-49a7-a942-0f7e57d5ed6c
    method: GET
  response:
    body: '{"autohealing":true,"autoscaling":true,"cluster_id":"d1254149-8cbf-4f4f-9ef2-d19a6242d6ee","container_runtime":"containerd","created_at":"2023-09-01T16:16:02.100832Z","id":"a675a1a9-a75a-49a7-a942-0f7e57d5ed6c","kubelet_args":{"maxPods":"1337"},"max_size":1,"min_size":1,"name":"default","node_type":"gp1_xs","placement_group_id":null,"region":"fr-par","root_volume_size":150000000000,"root_volume_type":"l_ssd","size":1,"status":"scaling","tags":["terraform-test","scaleway_k8s_cluster","kubelet_args"],"updated_at":"2023-09-01T16:16:02.112469Z","upgrade_policy":{"max_surge":0,"max_unavailable":1},"version":"1.28.0","zone":"fr-par-1"}'
    headers:
      Content-Length:
      - "637"
      Content-Security-Policy:
      - default-src 'none'; frame-ancestors 'none'
      Content-Type:
      - application/json
      Date:
      - Fri, 01 Sep 2023 16:18:19 GMT
      Server:
      - Scaleway API-Gateway
      Strict-Transport-Security:
      - max-age=63072000
      X-Content-Type-Options:
      - nosniff
      X-Frame-Options:
      - DENY
      X-Request-Id:
      - b5791c1b-da60-4223-a79f-12f874177141
    status: 200 OK
    code: 200
    duration: ""
- request:
    body: ""
    form: {}
    headers:
      User-Agent:
      - scaleway-sdk-go/v1.0.0-beta.7+dev (go1.20.4; linux; amd64) terraform-provider/develop
        terraform/terraform-tests
    url: https://api.scaleway.com/k8s/v1/regions/fr-par/pools/a675a1a9-a75a-49a7-a942-0f7e57d5ed6c
    method: GET
  response:
    body: '{"autohealing":true,"autoscaling":true,"cluster_id":"d1254149-8cbf-4f4f-9ef2-d19a6242d6ee","container_runtime":"containerd","created_at":"2023-09-01T16:16:02.100832Z","id":"a675a1a9-a75a-49a7-a942-0f7e57d5ed6c","kubelet_args":{"maxPods":"1337"},"max_size":1,"min_size":1,"name":"default","node_type":"gp1_xs","placement_group_id":null,"region":"fr-par","root_volume_size":150000000000,"root_volume_type":"l_ssd","size":1,"status":"scaling","tags":["terraform-test","scaleway_k8s_cluster","kubelet_args"],"updated_at":"2023-09-01T16:16:02.112469Z","upgrade_policy":{"max_surge":0,"max_unavailable":1},"version":"1.28.0","zone":"fr-par-1"}'
    headers:
      Content-Length:
      - "637"
      Content-Security-Policy:
      - default-src 'none'; frame-ancestors 'none'
      Content-Type:
      - application/json
      Date:
      - Fri, 01 Sep 2023 16:18:24 GMT
      Server:
      - Scaleway API-Gateway
      Strict-Transport-Security:
      - max-age=63072000
      X-Content-Type-Options:
      - nosniff
      X-Frame-Options:
      - DENY
      X-Request-Id:
      - d699ee89-47ae-4bae-98c1-41d805ed0d55
    status: 200 OK
    code: 200
    duration: ""
- request:
    body: ""
    form: {}
    headers:
      User-Agent:
      - scaleway-sdk-go/v1.0.0-beta.7+dev (go1.20.4; linux; amd64) terraform-provider/develop
        terraform/terraform-tests
    url: https://api.scaleway.com/k8s/v1/regions/fr-par/pools/a675a1a9-a75a-49a7-a942-0f7e57d5ed6c
    method: GET
  response:
    body: '{"autohealing":true,"autoscaling":true,"cluster_id":"d1254149-8cbf-4f4f-9ef2-d19a6242d6ee","container_runtime":"containerd","created_at":"2023-09-01T16:16:02.100832Z","id":"a675a1a9-a75a-49a7-a942-0f7e57d5ed6c","kubelet_args":{"maxPods":"1337"},"max_size":1,"min_size":1,"name":"default","node_type":"gp1_xs","placement_group_id":null,"region":"fr-par","root_volume_size":150000000000,"root_volume_type":"l_ssd","size":1,"status":"scaling","tags":["terraform-test","scaleway_k8s_cluster","kubelet_args"],"updated_at":"2023-09-01T16:16:02.112469Z","upgrade_policy":{"max_surge":0,"max_unavailable":1},"version":"1.28.0","zone":"fr-par-1"}'
    headers:
      Content-Length:
      - "637"
      Content-Security-Policy:
      - default-src 'none'; frame-ancestors 'none'
      Content-Type:
      - application/json
      Date:
      - Fri, 01 Sep 2023 16:18:29 GMT
      Server:
      - Scaleway API-Gateway
      Strict-Transport-Security:
      - max-age=63072000
      X-Content-Type-Options:
      - nosniff
      X-Frame-Options:
      - DENY
      X-Request-Id:
      - 6c325303-fc8b-4b16-8490-c38144643dfd
    status: 200 OK
    code: 200
    duration: ""
- request:
    body: ""
    form: {}
    headers:
      User-Agent:
      - scaleway-sdk-go/v1.0.0-beta.7+dev (go1.20.4; linux; amd64) terraform-provider/develop
        terraform/terraform-tests
    url: https://api.scaleway.com/k8s/v1/regions/fr-par/pools/a675a1a9-a75a-49a7-a942-0f7e57d5ed6c
    method: GET
  response:
    body: '{"autohealing":true,"autoscaling":true,"cluster_id":"d1254149-8cbf-4f4f-9ef2-d19a6242d6ee","container_runtime":"containerd","created_at":"2023-09-01T16:16:02.100832Z","id":"a675a1a9-a75a-49a7-a942-0f7e57d5ed6c","kubelet_args":{"maxPods":"1337"},"max_size":1,"min_size":1,"name":"default","node_type":"gp1_xs","placement_group_id":null,"region":"fr-par","root_volume_size":150000000000,"root_volume_type":"l_ssd","size":1,"status":"scaling","tags":["terraform-test","scaleway_k8s_cluster","kubelet_args"],"updated_at":"2023-09-01T16:16:02.112469Z","upgrade_policy":{"max_surge":0,"max_unavailable":1},"version":"1.28.0","zone":"fr-par-1"}'
    headers:
      Content-Length:
      - "637"
      Content-Security-Policy:
      - default-src 'none'; frame-ancestors 'none'
      Content-Type:
      - application/json
      Date:
      - Fri, 01 Sep 2023 16:18:34 GMT
      Server:
      - Scaleway API-Gateway
      Strict-Transport-Security:
      - max-age=63072000
      X-Content-Type-Options:
      - nosniff
      X-Frame-Options:
      - DENY
      X-Request-Id:
      - b906e824-7221-4e8b-9f37-81faea8e5761
    status: 200 OK
    code: 200
    duration: ""
- request:
    body: ""
    form: {}
    headers:
      User-Agent:
      - scaleway-sdk-go/v1.0.0-beta.7+dev (go1.20.4; linux; amd64) terraform-provider/develop
        terraform/terraform-tests
    url: https://api.scaleway.com/k8s/v1/regions/fr-par/pools/a675a1a9-a75a-49a7-a942-0f7e57d5ed6c
    method: GET
  response:
    body: '{"autohealing":true,"autoscaling":true,"cluster_id":"d1254149-8cbf-4f4f-9ef2-d19a6242d6ee","container_runtime":"containerd","created_at":"2023-09-01T16:16:02.100832Z","id":"a675a1a9-a75a-49a7-a942-0f7e57d5ed6c","kubelet_args":{"maxPods":"1337"},"max_size":1,"min_size":1,"name":"default","node_type":"gp1_xs","placement_group_id":null,"region":"fr-par","root_volume_size":150000000000,"root_volume_type":"l_ssd","size":1,"status":"scaling","tags":["terraform-test","scaleway_k8s_cluster","kubelet_args"],"updated_at":"2023-09-01T16:16:02.112469Z","upgrade_policy":{"max_surge":0,"max_unavailable":1},"version":"1.28.0","zone":"fr-par-1"}'
    headers:
      Content-Length:
      - "637"
      Content-Security-Policy:
      - default-src 'none'; frame-ancestors 'none'
      Content-Type:
      - application/json
      Date:
      - Fri, 01 Sep 2023 16:18:39 GMT
      Server:
      - Scaleway API-Gateway
      Strict-Transport-Security:
      - max-age=63072000
      X-Content-Type-Options:
      - nosniff
      X-Frame-Options:
      - DENY
      X-Request-Id:
      - 7893fdd9-c8d5-42e1-9d13-ba9d44ae223a
    status: 200 OK
    code: 200
    duration: ""
- request:
    body: ""
    form: {}
    headers:
      User-Agent:
      - scaleway-sdk-go/v1.0.0-beta.7+dev (go1.20.4; linux; amd64) terraform-provider/develop
        terraform/terraform-tests
    url: https://api.scaleway.com/k8s/v1/regions/fr-par/pools/a675a1a9-a75a-49a7-a942-0f7e57d5ed6c
    method: GET
  response:
    body: '{"autohealing":true,"autoscaling":true,"cluster_id":"d1254149-8cbf-4f4f-9ef2-d19a6242d6ee","container_runtime":"containerd","created_at":"2023-09-01T16:16:02.100832Z","id":"a675a1a9-a75a-49a7-a942-0f7e57d5ed6c","kubelet_args":{"maxPods":"1337"},"max_size":1,"min_size":1,"name":"default","node_type":"gp1_xs","placement_group_id":null,"region":"fr-par","root_volume_size":150000000000,"root_volume_type":"l_ssd","size":1,"status":"scaling","tags":["terraform-test","scaleway_k8s_cluster","kubelet_args"],"updated_at":"2023-09-01T16:16:02.112469Z","upgrade_policy":{"max_surge":0,"max_unavailable":1},"version":"1.28.0","zone":"fr-par-1"}'
    headers:
      Content-Length:
      - "637"
      Content-Security-Policy:
      - default-src 'none'; frame-ancestors 'none'
      Content-Type:
      - application/json
      Date:
      - Fri, 01 Sep 2023 16:18:44 GMT
      Server:
      - Scaleway API-Gateway
      Strict-Transport-Security:
      - max-age=63072000
      X-Content-Type-Options:
      - nosniff
      X-Frame-Options:
      - DENY
      X-Request-Id:
      - 19e6c697-6a8b-4805-b0a8-6c140e5190fd
    status: 200 OK
    code: 200
    duration: ""
- request:
    body: ""
    form: {}
    headers:
      User-Agent:
      - scaleway-sdk-go/v1.0.0-beta.7+dev (go1.20.4; linux; amd64) terraform-provider/develop
        terraform/terraform-tests
    url: https://api.scaleway.com/k8s/v1/regions/fr-par/pools/a675a1a9-a75a-49a7-a942-0f7e57d5ed6c
    method: GET
  response:
    body: '{"autohealing":true,"autoscaling":true,"cluster_id":"d1254149-8cbf-4f4f-9ef2-d19a6242d6ee","container_runtime":"containerd","created_at":"2023-09-01T16:16:02.100832Z","id":"a675a1a9-a75a-49a7-a942-0f7e57d5ed6c","kubelet_args":{"maxPods":"1337"},"max_size":1,"min_size":1,"name":"default","node_type":"gp1_xs","placement_group_id":null,"region":"fr-par","root_volume_size":150000000000,"root_volume_type":"l_ssd","size":1,"status":"scaling","tags":["terraform-test","scaleway_k8s_cluster","kubelet_args"],"updated_at":"2023-09-01T16:16:02.112469Z","upgrade_policy":{"max_surge":0,"max_unavailable":1},"version":"1.28.0","zone":"fr-par-1"}'
    headers:
      Content-Length:
      - "637"
      Content-Security-Policy:
      - default-src 'none'; frame-ancestors 'none'
      Content-Type:
      - application/json
      Date:
      - Fri, 01 Sep 2023 16:18:49 GMT
      Server:
      - Scaleway API-Gateway
      Strict-Transport-Security:
      - max-age=63072000
      X-Content-Type-Options:
      - nosniff
      X-Frame-Options:
      - DENY
      X-Request-Id:
      - 95512aed-e133-4f22-b0e5-7ba35ceb11bf
    status: 200 OK
    code: 200
    duration: ""
- request:
    body: ""
    form: {}
    headers:
      User-Agent:
      - scaleway-sdk-go/v1.0.0-beta.7+dev (go1.20.4; linux; amd64) terraform-provider/develop
        terraform/terraform-tests
    url: https://api.scaleway.com/k8s/v1/regions/fr-par/pools/a675a1a9-a75a-49a7-a942-0f7e57d5ed6c
    method: GET
  response:
    body: '{"autohealing":true,"autoscaling":true,"cluster_id":"d1254149-8cbf-4f4f-9ef2-d19a6242d6ee","container_runtime":"containerd","created_at":"2023-09-01T16:16:02.100832Z","id":"a675a1a9-a75a-49a7-a942-0f7e57d5ed6c","kubelet_args":{"maxPods":"1337"},"max_size":1,"min_size":1,"name":"default","node_type":"gp1_xs","placement_group_id":null,"region":"fr-par","root_volume_size":150000000000,"root_volume_type":"l_ssd","size":1,"status":"scaling","tags":["terraform-test","scaleway_k8s_cluster","kubelet_args"],"updated_at":"2023-09-01T16:16:02.112469Z","upgrade_policy":{"max_surge":0,"max_unavailable":1},"version":"1.28.0","zone":"fr-par-1"}'
    headers:
      Content-Length:
      - "637"
      Content-Security-Policy:
      - default-src 'none'; frame-ancestors 'none'
      Content-Type:
      - application/json
      Date:
      - Fri, 01 Sep 2023 16:18:54 GMT
      Server:
      - Scaleway API-Gateway
      Strict-Transport-Security:
      - max-age=63072000
      X-Content-Type-Options:
      - nosniff
      X-Frame-Options:
      - DENY
      X-Request-Id:
      - 0e844346-2296-4a49-8634-b3a3572d8a07
    status: 200 OK
    code: 200
    duration: ""
- request:
    body: ""
    form: {}
    headers:
      User-Agent:
      - scaleway-sdk-go/v1.0.0-beta.7+dev (go1.20.4; linux; amd64) terraform-provider/develop
        terraform/terraform-tests
    url: https://api.scaleway.com/k8s/v1/regions/fr-par/pools/a675a1a9-a75a-49a7-a942-0f7e57d5ed6c
    method: GET
  response:
    body: '{"autohealing":true,"autoscaling":true,"cluster_id":"d1254149-8cbf-4f4f-9ef2-d19a6242d6ee","container_runtime":"containerd","created_at":"2023-09-01T16:16:02.100832Z","id":"a675a1a9-a75a-49a7-a942-0f7e57d5ed6c","kubelet_args":{"maxPods":"1337"},"max_size":1,"min_size":1,"name":"default","node_type":"gp1_xs","placement_group_id":null,"region":"fr-par","root_volume_size":150000000000,"root_volume_type":"l_ssd","size":1,"status":"scaling","tags":["terraform-test","scaleway_k8s_cluster","kubelet_args"],"updated_at":"2023-09-01T16:16:02.112469Z","upgrade_policy":{"max_surge":0,"max_unavailable":1},"version":"1.28.0","zone":"fr-par-1"}'
    headers:
      Content-Length:
      - "637"
      Content-Security-Policy:
      - default-src 'none'; frame-ancestors 'none'
      Content-Type:
      - application/json
      Date:
      - Fri, 01 Sep 2023 16:18:59 GMT
      Server:
      - Scaleway API-Gateway
      Strict-Transport-Security:
      - max-age=63072000
      X-Content-Type-Options:
      - nosniff
      X-Frame-Options:
      - DENY
      X-Request-Id:
      - 672f074a-b9f4-4a40-9618-1f5060ed6e9e
    status: 200 OK
    code: 200
    duration: ""
- request:
    body: ""
    form: {}
    headers:
      User-Agent:
      - scaleway-sdk-go/v1.0.0-beta.7+dev (go1.20.4; linux; amd64) terraform-provider/develop
        terraform/terraform-tests
    url: https://api.scaleway.com/k8s/v1/regions/fr-par/pools/a675a1a9-a75a-49a7-a942-0f7e57d5ed6c
    method: GET
  response:
    body: '{"autohealing":true,"autoscaling":true,"cluster_id":"d1254149-8cbf-4f4f-9ef2-d19a6242d6ee","container_runtime":"containerd","created_at":"2023-09-01T16:16:02.100832Z","id":"a675a1a9-a75a-49a7-a942-0f7e57d5ed6c","kubelet_args":{"maxPods":"1337"},"max_size":1,"min_size":1,"name":"default","node_type":"gp1_xs","placement_group_id":null,"region":"fr-par","root_volume_size":150000000000,"root_volume_type":"l_ssd","size":1,"status":"scaling","tags":["terraform-test","scaleway_k8s_cluster","kubelet_args"],"updated_at":"2023-09-01T16:16:02.112469Z","upgrade_policy":{"max_surge":0,"max_unavailable":1},"version":"1.28.0","zone":"fr-par-1"}'
    headers:
      Content-Length:
      - "637"
      Content-Security-Policy:
      - default-src 'none'; frame-ancestors 'none'
      Content-Type:
      - application/json
      Date:
      - Fri, 01 Sep 2023 16:19:05 GMT
      Server:
      - Scaleway API-Gateway
      Strict-Transport-Security:
      - max-age=63072000
      X-Content-Type-Options:
      - nosniff
      X-Frame-Options:
      - DENY
      X-Request-Id:
      - 86bbf1fe-4234-4c70-9d2c-66d30edb0a70
    status: 200 OK
    code: 200
    duration: ""
- request:
    body: ""
    form: {}
    headers:
      User-Agent:
      - scaleway-sdk-go/v1.0.0-beta.7+dev (go1.20.4; linux; amd64) terraform-provider/develop
        terraform/terraform-tests
    url: https://api.scaleway.com/k8s/v1/regions/fr-par/pools/a675a1a9-a75a-49a7-a942-0f7e57d5ed6c
    method: GET
  response:
    body: '{"autohealing":true,"autoscaling":true,"cluster_id":"d1254149-8cbf-4f4f-9ef2-d19a6242d6ee","container_runtime":"containerd","created_at":"2023-09-01T16:16:02.100832Z","id":"a675a1a9-a75a-49a7-a942-0f7e57d5ed6c","kubelet_args":{"maxPods":"1337"},"max_size":1,"min_size":1,"name":"default","node_type":"gp1_xs","placement_group_id":null,"region":"fr-par","root_volume_size":150000000000,"root_volume_type":"l_ssd","size":1,"status":"scaling","tags":["terraform-test","scaleway_k8s_cluster","kubelet_args"],"updated_at":"2023-09-01T16:16:02.112469Z","upgrade_policy":{"max_surge":0,"max_unavailable":1},"version":"1.28.0","zone":"fr-par-1"}'
    headers:
      Content-Length:
      - "637"
      Content-Security-Policy:
      - default-src 'none'; frame-ancestors 'none'
      Content-Type:
      - application/json
      Date:
      - Fri, 01 Sep 2023 16:19:10 GMT
      Server:
      - Scaleway API-Gateway
      Strict-Transport-Security:
      - max-age=63072000
      X-Content-Type-Options:
      - nosniff
      X-Frame-Options:
      - DENY
      X-Request-Id:
      - c3a84153-41aa-4dac-a696-820ca0843100
    status: 200 OK
    code: 200
    duration: ""
- request:
    body: ""
    form: {}
    headers:
      User-Agent:
      - scaleway-sdk-go/v1.0.0-beta.7+dev (go1.20.4; linux; amd64) terraform-provider/develop
        terraform/terraform-tests
    url: https://api.scaleway.com/k8s/v1/regions/fr-par/pools/a675a1a9-a75a-49a7-a942-0f7e57d5ed6c
    method: GET
  response:
    body: '{"autohealing":true,"autoscaling":true,"cluster_id":"d1254149-8cbf-4f4f-9ef2-d19a6242d6ee","container_runtime":"containerd","created_at":"2023-09-01T16:16:02.100832Z","id":"a675a1a9-a75a-49a7-a942-0f7e57d5ed6c","kubelet_args":{"maxPods":"1337"},"max_size":1,"min_size":1,"name":"default","node_type":"gp1_xs","placement_group_id":null,"region":"fr-par","root_volume_size":150000000000,"root_volume_type":"l_ssd","size":1,"status":"scaling","tags":["terraform-test","scaleway_k8s_cluster","kubelet_args"],"updated_at":"2023-09-01T16:16:02.112469Z","upgrade_policy":{"max_surge":0,"max_unavailable":1},"version":"1.28.0","zone":"fr-par-1"}'
    headers:
      Content-Length:
      - "637"
      Content-Security-Policy:
      - default-src 'none'; frame-ancestors 'none'
      Content-Type:
      - application/json
      Date:
      - Fri, 01 Sep 2023 16:19:15 GMT
      Server:
      - Scaleway API-Gateway
      Strict-Transport-Security:
      - max-age=63072000
      X-Content-Type-Options:
      - nosniff
      X-Frame-Options:
      - DENY
      X-Request-Id:
      - 931934c7-77c3-4103-a93a-5cf24da6420c
    status: 200 OK
    code: 200
    duration: ""
- request:
    body: ""
    form: {}
    headers:
      User-Agent:
      - scaleway-sdk-go/v1.0.0-beta.7+dev (go1.20.4; linux; amd64) terraform-provider/develop
        terraform/terraform-tests
    url: https://api.scaleway.com/k8s/v1/regions/fr-par/pools/a675a1a9-a75a-49a7-a942-0f7e57d5ed6c
    method: GET
  response:
    body: '{"autohealing":true,"autoscaling":true,"cluster_id":"d1254149-8cbf-4f4f-9ef2-d19a6242d6ee","container_runtime":"containerd","created_at":"2023-09-01T16:16:02.100832Z","id":"a675a1a9-a75a-49a7-a942-0f7e57d5ed6c","kubelet_args":{"maxPods":"1337"},"max_size":1,"min_size":1,"name":"default","node_type":"gp1_xs","placement_group_id":null,"region":"fr-par","root_volume_size":150000000000,"root_volume_type":"l_ssd","size":1,"status":"scaling","tags":["terraform-test","scaleway_k8s_cluster","kubelet_args"],"updated_at":"2023-09-01T16:16:02.112469Z","upgrade_policy":{"max_surge":0,"max_unavailable":1},"version":"1.28.0","zone":"fr-par-1"}'
    headers:
      Content-Length:
      - "637"
      Content-Security-Policy:
      - default-src 'none'; frame-ancestors 'none'
      Content-Type:
      - application/json
      Date:
      - Fri, 01 Sep 2023 16:19:20 GMT
      Server:
      - Scaleway API-Gateway
      Strict-Transport-Security:
      - max-age=63072000
      X-Content-Type-Options:
      - nosniff
      X-Frame-Options:
      - DENY
      X-Request-Id:
      - 39ff2762-d135-420d-9aa6-86fddea07c9a
    status: 200 OK
    code: 200
    duration: ""
- request:
    body: ""
    form: {}
    headers:
      User-Agent:
      - scaleway-sdk-go/v1.0.0-beta.7+dev (go1.20.4; linux; amd64) terraform-provider/develop
        terraform/terraform-tests
    url: https://api.scaleway.com/k8s/v1/regions/fr-par/pools/a675a1a9-a75a-49a7-a942-0f7e57d5ed6c
    method: GET
  response:
    body: '{"autohealing":true,"autoscaling":true,"cluster_id":"d1254149-8cbf-4f4f-9ef2-d19a6242d6ee","container_runtime":"containerd","created_at":"2023-09-01T16:16:02.100832Z","id":"a675a1a9-a75a-49a7-a942-0f7e57d5ed6c","kubelet_args":{"maxPods":"1337"},"max_size":1,"min_size":1,"name":"default","node_type":"gp1_xs","placement_group_id":null,"region":"fr-par","root_volume_size":150000000000,"root_volume_type":"l_ssd","size":1,"status":"scaling","tags":["terraform-test","scaleway_k8s_cluster","kubelet_args"],"updated_at":"2023-09-01T16:16:02.112469Z","upgrade_policy":{"max_surge":0,"max_unavailable":1},"version":"1.28.0","zone":"fr-par-1"}'
    headers:
      Content-Length:
      - "637"
      Content-Security-Policy:
      - default-src 'none'; frame-ancestors 'none'
      Content-Type:
      - application/json
      Date:
      - Fri, 01 Sep 2023 16:19:25 GMT
      Server:
      - Scaleway API-Gateway
      Strict-Transport-Security:
      - max-age=63072000
      X-Content-Type-Options:
      - nosniff
      X-Frame-Options:
      - DENY
      X-Request-Id:
      - 596ff332-815d-42f0-a741-2137ca48870d
    status: 200 OK
    code: 200
    duration: ""
- request:
    body: ""
    form: {}
    headers:
      User-Agent:
      - scaleway-sdk-go/v1.0.0-beta.7+dev (go1.20.4; linux; amd64) terraform-provider/develop
        terraform/terraform-tests
    url: https://api.scaleway.com/k8s/v1/regions/fr-par/pools/a675a1a9-a75a-49a7-a942-0f7e57d5ed6c
    method: GET
  response:
    body: '{"autohealing":true,"autoscaling":true,"cluster_id":"d1254149-8cbf-4f4f-9ef2-d19a6242d6ee","container_runtime":"containerd","created_at":"2023-09-01T16:16:02.100832Z","id":"a675a1a9-a75a-49a7-a942-0f7e57d5ed6c","kubelet_args":{"maxPods":"1337"},"max_size":1,"min_size":1,"name":"default","node_type":"gp1_xs","placement_group_id":null,"region":"fr-par","root_volume_size":150000000000,"root_volume_type":"l_ssd","size":1,"status":"scaling","tags":["terraform-test","scaleway_k8s_cluster","kubelet_args"],"updated_at":"2023-09-01T16:16:02.112469Z","upgrade_policy":{"max_surge":0,"max_unavailable":1},"version":"1.28.0","zone":"fr-par-1"}'
    headers:
      Content-Length:
      - "637"
      Content-Security-Policy:
      - default-src 'none'; frame-ancestors 'none'
      Content-Type:
      - application/json
      Date:
      - Fri, 01 Sep 2023 16:19:30 GMT
      Server:
      - Scaleway API-Gateway
      Strict-Transport-Security:
      - max-age=63072000
      X-Content-Type-Options:
      - nosniff
      X-Frame-Options:
      - DENY
      X-Request-Id:
      - b127dc08-7352-4423-92ad-8f5bb6ed8751
    status: 200 OK
    code: 200
    duration: ""
- request:
    body: ""
    form: {}
    headers:
      User-Agent:
      - scaleway-sdk-go/v1.0.0-beta.7+dev (go1.20.4; linux; amd64) terraform-provider/develop
        terraform/terraform-tests
    url: https://api.scaleway.com/k8s/v1/regions/fr-par/pools/a675a1a9-a75a-49a7-a942-0f7e57d5ed6c
    method: GET
  response:
    body: '{"autohealing":true,"autoscaling":true,"cluster_id":"d1254149-8cbf-4f4f-9ef2-d19a6242d6ee","container_runtime":"containerd","created_at":"2023-09-01T16:16:02.100832Z","id":"a675a1a9-a75a-49a7-a942-0f7e57d5ed6c","kubelet_args":{"maxPods":"1337"},"max_size":1,"min_size":1,"name":"default","node_type":"gp1_xs","placement_group_id":null,"region":"fr-par","root_volume_size":150000000000,"root_volume_type":"l_ssd","size":1,"status":"scaling","tags":["terraform-test","scaleway_k8s_cluster","kubelet_args"],"updated_at":"2023-09-01T16:16:02.112469Z","upgrade_policy":{"max_surge":0,"max_unavailable":1},"version":"1.28.0","zone":"fr-par-1"}'
    headers:
      Content-Length:
      - "637"
      Content-Security-Policy:
      - default-src 'none'; frame-ancestors 'none'
      Content-Type:
      - application/json
      Date:
      - Fri, 01 Sep 2023 16:19:35 GMT
      Server:
      - Scaleway API-Gateway
      Strict-Transport-Security:
      - max-age=63072000
      X-Content-Type-Options:
      - nosniff
      X-Frame-Options:
      - DENY
      X-Request-Id:
      - b3a6ddcb-afaf-416e-9df2-c9b3b8ac2eba
    status: 200 OK
    code: 200
    duration: ""
- request:
    body: ""
    form: {}
    headers:
      User-Agent:
      - scaleway-sdk-go/v1.0.0-beta.7+dev (go1.20.4; linux; amd64) terraform-provider/develop
        terraform/terraform-tests
    url: https://api.scaleway.com/k8s/v1/regions/fr-par/pools/a675a1a9-a75a-49a7-a942-0f7e57d5ed6c
    method: GET
  response:
    body: '{"autohealing":true,"autoscaling":true,"cluster_id":"d1254149-8cbf-4f4f-9ef2-d19a6242d6ee","container_runtime":"containerd","created_at":"2023-09-01T16:16:02.100832Z","id":"a675a1a9-a75a-49a7-a942-0f7e57d5ed6c","kubelet_args":{"maxPods":"1337"},"max_size":1,"min_size":1,"name":"default","node_type":"gp1_xs","placement_group_id":null,"region":"fr-par","root_volume_size":150000000000,"root_volume_type":"l_ssd","size":1,"status":"scaling","tags":["terraform-test","scaleway_k8s_cluster","kubelet_args"],"updated_at":"2023-09-01T16:16:02.112469Z","upgrade_policy":{"max_surge":0,"max_unavailable":1},"version":"1.28.0","zone":"fr-par-1"}'
    headers:
      Content-Length:
      - "637"
      Content-Security-Policy:
      - default-src 'none'; frame-ancestors 'none'
      Content-Type:
      - application/json
      Date:
      - Fri, 01 Sep 2023 16:19:40 GMT
      Server:
      - Scaleway API-Gateway
      Strict-Transport-Security:
      - max-age=63072000
      X-Content-Type-Options:
      - nosniff
      X-Frame-Options:
      - DENY
      X-Request-Id:
      - c2bce340-0e85-45ce-b962-b61edd3f80e3
    status: 200 OK
    code: 200
    duration: ""
- request:
    body: ""
    form: {}
    headers:
      User-Agent:
      - scaleway-sdk-go/v1.0.0-beta.7+dev (go1.20.4; linux; amd64) terraform-provider/develop
        terraform/terraform-tests
    url: https://api.scaleway.com/k8s/v1/regions/fr-par/pools/a675a1a9-a75a-49a7-a942-0f7e57d5ed6c
    method: GET
  response:
    body: '{"autohealing":true,"autoscaling":true,"cluster_id":"d1254149-8cbf-4f4f-9ef2-d19a6242d6ee","container_runtime":"containerd","created_at":"2023-09-01T16:16:02.100832Z","id":"a675a1a9-a75a-49a7-a942-0f7e57d5ed6c","kubelet_args":{"maxPods":"1337"},"max_size":1,"min_size":1,"name":"default","node_type":"gp1_xs","placement_group_id":null,"region":"fr-par","root_volume_size":150000000000,"root_volume_type":"l_ssd","size":1,"status":"scaling","tags":["terraform-test","scaleway_k8s_cluster","kubelet_args"],"updated_at":"2023-09-01T16:16:02.112469Z","upgrade_policy":{"max_surge":0,"max_unavailable":1},"version":"1.28.0","zone":"fr-par-1"}'
    headers:
      Content-Length:
      - "637"
      Content-Security-Policy:
      - default-src 'none'; frame-ancestors 'none'
      Content-Type:
      - application/json
      Date:
      - Fri, 01 Sep 2023 16:19:45 GMT
      Server:
      - Scaleway API-Gateway
      Strict-Transport-Security:
      - max-age=63072000
      X-Content-Type-Options:
      - nosniff
      X-Frame-Options:
      - DENY
      X-Request-Id:
      - 034a7e55-9f58-48d5-b42f-8cb84bc8972e
    status: 200 OK
    code: 200
    duration: ""
- request:
    body: ""
    form: {}
    headers:
      User-Agent:
      - scaleway-sdk-go/v1.0.0-beta.7+dev (go1.20.4; linux; amd64) terraform-provider/develop
        terraform/terraform-tests
    url: https://api.scaleway.com/k8s/v1/regions/fr-par/pools/a675a1a9-a75a-49a7-a942-0f7e57d5ed6c
    method: GET
  response:
    body: '{"autohealing":true,"autoscaling":true,"cluster_id":"d1254149-8cbf-4f4f-9ef2-d19a6242d6ee","container_runtime":"containerd","created_at":"2023-09-01T16:16:02.100832Z","id":"a675a1a9-a75a-49a7-a942-0f7e57d5ed6c","kubelet_args":{"maxPods":"1337"},"max_size":1,"min_size":1,"name":"default","node_type":"gp1_xs","placement_group_id":null,"region":"fr-par","root_volume_size":150000000000,"root_volume_type":"l_ssd","size":1,"status":"scaling","tags":["terraform-test","scaleway_k8s_cluster","kubelet_args"],"updated_at":"2023-09-01T16:16:02.112469Z","upgrade_policy":{"max_surge":0,"max_unavailable":1},"version":"1.28.0","zone":"fr-par-1"}'
    headers:
      Content-Length:
      - "637"
      Content-Security-Policy:
      - default-src 'none'; frame-ancestors 'none'
      Content-Type:
      - application/json
      Date:
      - Fri, 01 Sep 2023 16:19:50 GMT
      Server:
      - Scaleway API-Gateway
      Strict-Transport-Security:
      - max-age=63072000
      X-Content-Type-Options:
      - nosniff
      X-Frame-Options:
      - DENY
      X-Request-Id:
      - 6305b331-df42-43e8-93b8-97120b182625
    status: 200 OK
    code: 200
    duration: ""
- request:
    body: ""
    form: {}
    headers:
      User-Agent:
      - scaleway-sdk-go/v1.0.0-beta.7+dev (go1.20.4; linux; amd64) terraform-provider/develop
        terraform/terraform-tests
    url: https://api.scaleway.com/k8s/v1/regions/fr-par/pools/a675a1a9-a75a-49a7-a942-0f7e57d5ed6c
    method: GET
  response:
    body: '{"autohealing":true,"autoscaling":true,"cluster_id":"d1254149-8cbf-4f4f-9ef2-d19a6242d6ee","container_runtime":"containerd","created_at":"2023-09-01T16:16:02.100832Z","id":"a675a1a9-a75a-49a7-a942-0f7e57d5ed6c","kubelet_args":{"maxPods":"1337"},"max_size":1,"min_size":1,"name":"default","node_type":"gp1_xs","placement_group_id":null,"region":"fr-par","root_volume_size":150000000000,"root_volume_type":"l_ssd","size":1,"status":"scaling","tags":["terraform-test","scaleway_k8s_cluster","kubelet_args"],"updated_at":"2023-09-01T16:16:02.112469Z","upgrade_policy":{"max_surge":0,"max_unavailable":1},"version":"1.28.0","zone":"fr-par-1"}'
    headers:
      Content-Length:
      - "637"
      Content-Security-Policy:
      - default-src 'none'; frame-ancestors 'none'
      Content-Type:
      - application/json
      Date:
      - Fri, 01 Sep 2023 16:19:55 GMT
      Server:
      - Scaleway API-Gateway
      Strict-Transport-Security:
      - max-age=63072000
      X-Content-Type-Options:
      - nosniff
      X-Frame-Options:
      - DENY
      X-Request-Id:
      - 91635843-4ebc-43aa-9e9a-ebefb7f4c941
    status: 200 OK
    code: 200
    duration: ""
- request:
    body: ""
    form: {}
    headers:
      User-Agent:
      - scaleway-sdk-go/v1.0.0-beta.7+dev (go1.20.4; linux; amd64) terraform-provider/develop
        terraform/terraform-tests
    url: https://api.scaleway.com/k8s/v1/regions/fr-par/pools/a675a1a9-a75a-49a7-a942-0f7e57d5ed6c
    method: GET
  response:
    body: '{"autohealing":true,"autoscaling":true,"cluster_id":"d1254149-8cbf-4f4f-9ef2-d19a6242d6ee","container_runtime":"containerd","created_at":"2023-09-01T16:16:02.100832Z","id":"a675a1a9-a75a-49a7-a942-0f7e57d5ed6c","kubelet_args":{"maxPods":"1337"},"max_size":1,"min_size":1,"name":"default","node_type":"gp1_xs","placement_group_id":null,"region":"fr-par","root_volume_size":150000000000,"root_volume_type":"l_ssd","size":1,"status":"scaling","tags":["terraform-test","scaleway_k8s_cluster","kubelet_args"],"updated_at":"2023-09-01T16:16:02.112469Z","upgrade_policy":{"max_surge":0,"max_unavailable":1},"version":"1.28.0","zone":"fr-par-1"}'
    headers:
      Content-Length:
      - "637"
      Content-Security-Policy:
      - default-src 'none'; frame-ancestors 'none'
      Content-Type:
      - application/json
      Date:
      - Fri, 01 Sep 2023 16:20:00 GMT
      Server:
      - Scaleway API-Gateway
      Strict-Transport-Security:
      - max-age=63072000
      X-Content-Type-Options:
      - nosniff
      X-Frame-Options:
      - DENY
      X-Request-Id:
      - 2cc2238d-1f57-4068-badb-fd1cd4d3072e
    status: 200 OK
    code: 200
    duration: ""
- request:
    body: ""
    form: {}
    headers:
      User-Agent:
      - scaleway-sdk-go/v1.0.0-beta.7+dev (go1.20.4; linux; amd64) terraform-provider/develop
        terraform/terraform-tests
    url: https://api.scaleway.com/k8s/v1/regions/fr-par/pools/a675a1a9-a75a-49a7-a942-0f7e57d5ed6c
    method: GET
  response:
    body: '{"autohealing":true,"autoscaling":true,"cluster_id":"d1254149-8cbf-4f4f-9ef2-d19a6242d6ee","container_runtime":"containerd","created_at":"2023-09-01T16:16:02.100832Z","id":"a675a1a9-a75a-49a7-a942-0f7e57d5ed6c","kubelet_args":{"maxPods":"1337"},"max_size":1,"min_size":1,"name":"default","node_type":"gp1_xs","placement_group_id":null,"region":"fr-par","root_volume_size":150000000000,"root_volume_type":"l_ssd","size":1,"status":"scaling","tags":["terraform-test","scaleway_k8s_cluster","kubelet_args"],"updated_at":"2023-09-01T16:16:02.112469Z","upgrade_policy":{"max_surge":0,"max_unavailable":1},"version":"1.28.0","zone":"fr-par-1"}'
    headers:
      Content-Length:
      - "637"
      Content-Security-Policy:
      - default-src 'none'; frame-ancestors 'none'
      Content-Type:
      - application/json
      Date:
      - Fri, 01 Sep 2023 16:20:05 GMT
      Server:
      - Scaleway API-Gateway
      Strict-Transport-Security:
      - max-age=63072000
      X-Content-Type-Options:
      - nosniff
      X-Frame-Options:
      - DENY
      X-Request-Id:
      - 2edee3c0-e11f-49f8-af8d-f3cd62e3eac6
    status: 200 OK
    code: 200
    duration: ""
- request:
    body: ""
    form: {}
    headers:
      User-Agent:
      - scaleway-sdk-go/v1.0.0-beta.7+dev (go1.20.4; linux; amd64) terraform-provider/develop
        terraform/terraform-tests
    url: https://api.scaleway.com/k8s/v1/regions/fr-par/pools/a675a1a9-a75a-49a7-a942-0f7e57d5ed6c
    method: GET
  response:
    body: '{"autohealing":true,"autoscaling":true,"cluster_id":"d1254149-8cbf-4f4f-9ef2-d19a6242d6ee","container_runtime":"containerd","created_at":"2023-09-01T16:16:02.100832Z","id":"a675a1a9-a75a-49a7-a942-0f7e57d5ed6c","kubelet_args":{"maxPods":"1337"},"max_size":1,"min_size":1,"name":"default","node_type":"gp1_xs","placement_group_id":null,"region":"fr-par","root_volume_size":150000000000,"root_volume_type":"l_ssd","size":1,"status":"scaling","tags":["terraform-test","scaleway_k8s_cluster","kubelet_args"],"updated_at":"2023-09-01T16:16:02.112469Z","upgrade_policy":{"max_surge":0,"max_unavailable":1},"version":"1.28.0","zone":"fr-par-1"}'
    headers:
      Content-Length:
      - "637"
      Content-Security-Policy:
      - default-src 'none'; frame-ancestors 'none'
      Content-Type:
      - application/json
      Date:
      - Fri, 01 Sep 2023 16:20:10 GMT
      Server:
      - Scaleway API-Gateway
      Strict-Transport-Security:
      - max-age=63072000
      X-Content-Type-Options:
      - nosniff
      X-Frame-Options:
      - DENY
      X-Request-Id:
      - 4893e899-d983-4ffb-b790-5c63e5b8ba75
    status: 200 OK
    code: 200
    duration: ""
- request:
    body: ""
    form: {}
    headers:
      User-Agent:
      - scaleway-sdk-go/v1.0.0-beta.7+dev (go1.20.4; linux; amd64) terraform-provider/develop
        terraform/terraform-tests
    url: https://api.scaleway.com/k8s/v1/regions/fr-par/pools/a675a1a9-a75a-49a7-a942-0f7e57d5ed6c
    method: GET
  response:
    body: '{"autohealing":true,"autoscaling":true,"cluster_id":"d1254149-8cbf-4f4f-9ef2-d19a6242d6ee","container_runtime":"containerd","created_at":"2023-09-01T16:16:02.100832Z","id":"a675a1a9-a75a-49a7-a942-0f7e57d5ed6c","kubelet_args":{"maxPods":"1337"},"max_size":1,"min_size":1,"name":"default","node_type":"gp1_xs","placement_group_id":null,"region":"fr-par","root_volume_size":150000000000,"root_volume_type":"l_ssd","size":1,"status":"scaling","tags":["terraform-test","scaleway_k8s_cluster","kubelet_args"],"updated_at":"2023-09-01T16:16:02.112469Z","upgrade_policy":{"max_surge":0,"max_unavailable":1},"version":"1.28.0","zone":"fr-par-1"}'
    headers:
      Content-Length:
      - "637"
      Content-Security-Policy:
      - default-src 'none'; frame-ancestors 'none'
      Content-Type:
      - application/json
      Date:
      - Fri, 01 Sep 2023 16:20:15 GMT
      Server:
      - Scaleway API-Gateway
      Strict-Transport-Security:
      - max-age=63072000
      X-Content-Type-Options:
      - nosniff
      X-Frame-Options:
      - DENY
      X-Request-Id:
      - 45aa0574-204b-4f77-a134-d81717cbb6e9
    status: 200 OK
    code: 200
    duration: ""
- request:
    body: ""
    form: {}
    headers:
      User-Agent:
      - scaleway-sdk-go/v1.0.0-beta.7+dev (go1.20.4; linux; amd64) terraform-provider/develop
        terraform/terraform-tests
    url: https://api.scaleway.com/k8s/v1/regions/fr-par/pools/a675a1a9-a75a-49a7-a942-0f7e57d5ed6c
    method: GET
  response:
    body: '{"autohealing":true,"autoscaling":true,"cluster_id":"d1254149-8cbf-4f4f-9ef2-d19a6242d6ee","container_runtime":"containerd","created_at":"2023-09-01T16:16:02.100832Z","id":"a675a1a9-a75a-49a7-a942-0f7e57d5ed6c","kubelet_args":{"maxPods":"1337"},"max_size":1,"min_size":1,"name":"default","node_type":"gp1_xs","placement_group_id":null,"region":"fr-par","root_volume_size":150000000000,"root_volume_type":"l_ssd","size":1,"status":"scaling","tags":["terraform-test","scaleway_k8s_cluster","kubelet_args"],"updated_at":"2023-09-01T16:16:02.112469Z","upgrade_policy":{"max_surge":0,"max_unavailable":1},"version":"1.28.0","zone":"fr-par-1"}'
    headers:
      Content-Length:
      - "637"
      Content-Security-Policy:
      - default-src 'none'; frame-ancestors 'none'
      Content-Type:
      - application/json
      Date:
      - Fri, 01 Sep 2023 16:20:20 GMT
      Server:
      - Scaleway API-Gateway
      Strict-Transport-Security:
      - max-age=63072000
      X-Content-Type-Options:
      - nosniff
      X-Frame-Options:
      - DENY
      X-Request-Id:
      - 4c048726-95b6-4946-bb39-4134cca11dfb
    status: 200 OK
    code: 200
    duration: ""
- request:
    body: ""
    form: {}
    headers:
      User-Agent:
      - scaleway-sdk-go/v1.0.0-beta.7+dev (go1.20.4; linux; amd64) terraform-provider/develop
        terraform/terraform-tests
    url: https://api.scaleway.com/k8s/v1/regions/fr-par/pools/a675a1a9-a75a-49a7-a942-0f7e57d5ed6c
    method: GET
  response:
    body: '{"autohealing":true,"autoscaling":true,"cluster_id":"d1254149-8cbf-4f4f-9ef2-d19a6242d6ee","container_runtime":"containerd","created_at":"2023-09-01T16:16:02.100832Z","id":"a675a1a9-a75a-49a7-a942-0f7e57d5ed6c","kubelet_args":{"maxPods":"1337"},"max_size":1,"min_size":1,"name":"default","node_type":"gp1_xs","placement_group_id":null,"region":"fr-par","root_volume_size":150000000000,"root_volume_type":"l_ssd","size":1,"status":"scaling","tags":["terraform-test","scaleway_k8s_cluster","kubelet_args"],"updated_at":"2023-09-01T16:16:02.112469Z","upgrade_policy":{"max_surge":0,"max_unavailable":1},"version":"1.28.0","zone":"fr-par-1"}'
    headers:
      Content-Length:
      - "637"
      Content-Security-Policy:
      - default-src 'none'; frame-ancestors 'none'
      Content-Type:
      - application/json
      Date:
      - Fri, 01 Sep 2023 16:20:25 GMT
      Server:
      - Scaleway API-Gateway
      Strict-Transport-Security:
      - max-age=63072000
      X-Content-Type-Options:
      - nosniff
      X-Frame-Options:
      - DENY
      X-Request-Id:
      - 6d929f83-a389-41ac-8c2c-6f9b759320ef
    status: 200 OK
    code: 200
    duration: ""
- request:
    body: ""
    form: {}
    headers:
      User-Agent:
      - scaleway-sdk-go/v1.0.0-beta.7+dev (go1.20.4; linux; amd64) terraform-provider/develop
        terraform/terraform-tests
    url: https://api.scaleway.com/k8s/v1/regions/fr-par/pools/a675a1a9-a75a-49a7-a942-0f7e57d5ed6c
    method: GET
  response:
    body: '{"autohealing":true,"autoscaling":true,"cluster_id":"d1254149-8cbf-4f4f-9ef2-d19a6242d6ee","container_runtime":"containerd","created_at":"2023-09-01T16:16:02.100832Z","id":"a675a1a9-a75a-49a7-a942-0f7e57d5ed6c","kubelet_args":{"maxPods":"1337"},"max_size":1,"min_size":1,"name":"default","node_type":"gp1_xs","placement_group_id":null,"region":"fr-par","root_volume_size":150000000000,"root_volume_type":"l_ssd","size":1,"status":"scaling","tags":["terraform-test","scaleway_k8s_cluster","kubelet_args"],"updated_at":"2023-09-01T16:16:02.112469Z","upgrade_policy":{"max_surge":0,"max_unavailable":1},"version":"1.28.0","zone":"fr-par-1"}'
    headers:
      Content-Length:
      - "637"
      Content-Security-Policy:
      - default-src 'none'; frame-ancestors 'none'
      Content-Type:
      - application/json
      Date:
      - Fri, 01 Sep 2023 16:20:30 GMT
      Server:
      - Scaleway API-Gateway
      Strict-Transport-Security:
      - max-age=63072000
      X-Content-Type-Options:
      - nosniff
      X-Frame-Options:
      - DENY
      X-Request-Id:
      - 09804fb5-f7dc-40f5-9463-c254c61cd23f
    status: 200 OK
    code: 200
    duration: ""
- request:
    body: ""
    form: {}
    headers:
      User-Agent:
      - scaleway-sdk-go/v1.0.0-beta.7+dev (go1.20.4; linux; amd64) terraform-provider/develop
        terraform/terraform-tests
    url: https://api.scaleway.com/k8s/v1/regions/fr-par/pools/a675a1a9-a75a-49a7-a942-0f7e57d5ed6c
    method: GET
  response:
    body: '{"autohealing":true,"autoscaling":true,"cluster_id":"d1254149-8cbf-4f4f-9ef2-d19a6242d6ee","container_runtime":"containerd","created_at":"2023-09-01T16:16:02.100832Z","id":"a675a1a9-a75a-49a7-a942-0f7e57d5ed6c","kubelet_args":{"maxPods":"1337"},"max_size":1,"min_size":1,"name":"default","node_type":"gp1_xs","placement_group_id":null,"region":"fr-par","root_volume_size":150000000000,"root_volume_type":"l_ssd","size":1,"status":"scaling","tags":["terraform-test","scaleway_k8s_cluster","kubelet_args"],"updated_at":"2023-09-01T16:16:02.112469Z","upgrade_policy":{"max_surge":0,"max_unavailable":1},"version":"1.28.0","zone":"fr-par-1"}'
    headers:
      Content-Length:
      - "637"
      Content-Security-Policy:
      - default-src 'none'; frame-ancestors 'none'
      Content-Type:
      - application/json
      Date:
      - Fri, 01 Sep 2023 16:20:35 GMT
      Server:
      - Scaleway API-Gateway
      Strict-Transport-Security:
      - max-age=63072000
      X-Content-Type-Options:
      - nosniff
      X-Frame-Options:
      - DENY
      X-Request-Id:
      - 6e63429a-e114-4feb-ae6f-eb42b28f0487
    status: 200 OK
    code: 200
    duration: ""
- request:
    body: ""
    form: {}
    headers:
      User-Agent:
      - scaleway-sdk-go/v1.0.0-beta.7+dev (go1.20.4; linux; amd64) terraform-provider/develop
        terraform/terraform-tests
    url: https://api.scaleway.com/k8s/v1/regions/fr-par/pools/a675a1a9-a75a-49a7-a942-0f7e57d5ed6c
    method: GET
  response:
    body: '{"autohealing":true,"autoscaling":true,"cluster_id":"d1254149-8cbf-4f4f-9ef2-d19a6242d6ee","container_runtime":"containerd","created_at":"2023-09-01T16:16:02.100832Z","id":"a675a1a9-a75a-49a7-a942-0f7e57d5ed6c","kubelet_args":{"maxPods":"1337"},"max_size":1,"min_size":1,"name":"default","node_type":"gp1_xs","placement_group_id":null,"region":"fr-par","root_volume_size":150000000000,"root_volume_type":"l_ssd","size":1,"status":"scaling","tags":["terraform-test","scaleway_k8s_cluster","kubelet_args"],"updated_at":"2023-09-01T16:16:02.112469Z","upgrade_policy":{"max_surge":0,"max_unavailable":1},"version":"1.28.0","zone":"fr-par-1"}'
    headers:
      Content-Length:
      - "637"
      Content-Security-Policy:
      - default-src 'none'; frame-ancestors 'none'
      Content-Type:
      - application/json
      Date:
      - Fri, 01 Sep 2023 16:20:40 GMT
      Server:
      - Scaleway API-Gateway
      Strict-Transport-Security:
      - max-age=63072000
      X-Content-Type-Options:
      - nosniff
      X-Frame-Options:
      - DENY
      X-Request-Id:
      - b8da8efe-64b0-4642-903a-26a2461e0d6d
    status: 200 OK
    code: 200
    duration: ""
- request:
    body: ""
    form: {}
    headers:
      User-Agent:
      - scaleway-sdk-go/v1.0.0-beta.7+dev (go1.20.4; linux; amd64) terraform-provider/develop
        terraform/terraform-tests
    url: https://api.scaleway.com/k8s/v1/regions/fr-par/pools/a675a1a9-a75a-49a7-a942-0f7e57d5ed6c
    method: GET
  response:
    body: '{"autohealing":true,"autoscaling":true,"cluster_id":"d1254149-8cbf-4f4f-9ef2-d19a6242d6ee","container_runtime":"containerd","created_at":"2023-09-01T16:16:02.100832Z","id":"a675a1a9-a75a-49a7-a942-0f7e57d5ed6c","kubelet_args":{"maxPods":"1337"},"max_size":1,"min_size":1,"name":"default","node_type":"gp1_xs","placement_group_id":null,"region":"fr-par","root_volume_size":150000000000,"root_volume_type":"l_ssd","size":1,"status":"scaling","tags":["terraform-test","scaleway_k8s_cluster","kubelet_args"],"updated_at":"2023-09-01T16:16:02.112469Z","upgrade_policy":{"max_surge":0,"max_unavailable":1},"version":"1.28.0","zone":"fr-par-1"}'
    headers:
      Content-Length:
      - "637"
      Content-Security-Policy:
      - default-src 'none'; frame-ancestors 'none'
      Content-Type:
      - application/json
      Date:
      - Fri, 01 Sep 2023 16:20:45 GMT
      Server:
      - Scaleway API-Gateway
      Strict-Transport-Security:
      - max-age=63072000
      X-Content-Type-Options:
      - nosniff
      X-Frame-Options:
      - DENY
      X-Request-Id:
      - 3a17e447-9ea6-48a4-b909-2c40125ba3d8
    status: 200 OK
    code: 200
    duration: ""
- request:
    body: ""
    form: {}
    headers:
      User-Agent:
      - scaleway-sdk-go/v1.0.0-beta.7+dev (go1.20.4; linux; amd64) terraform-provider/develop
        terraform/terraform-tests
    url: https://api.scaleway.com/k8s/v1/regions/fr-par/pools/a675a1a9-a75a-49a7-a942-0f7e57d5ed6c
    method: GET
  response:
    body: '{"autohealing":true,"autoscaling":true,"cluster_id":"d1254149-8cbf-4f4f-9ef2-d19a6242d6ee","container_runtime":"containerd","created_at":"2023-09-01T16:16:02.100832Z","id":"a675a1a9-a75a-49a7-a942-0f7e57d5ed6c","kubelet_args":{"maxPods":"1337"},"max_size":1,"min_size":1,"name":"default","node_type":"gp1_xs","placement_group_id":null,"region":"fr-par","root_volume_size":150000000000,"root_volume_type":"l_ssd","size":1,"status":"scaling","tags":["terraform-test","scaleway_k8s_cluster","kubelet_args"],"updated_at":"2023-09-01T16:16:02.112469Z","upgrade_policy":{"max_surge":0,"max_unavailable":1},"version":"1.28.0","zone":"fr-par-1"}'
    headers:
      Content-Length:
      - "637"
      Content-Security-Policy:
      - default-src 'none'; frame-ancestors 'none'
      Content-Type:
      - application/json
      Date:
      - Fri, 01 Sep 2023 16:20:51 GMT
      Server:
      - Scaleway API-Gateway
      Strict-Transport-Security:
      - max-age=63072000
      X-Content-Type-Options:
      - nosniff
      X-Frame-Options:
      - DENY
      X-Request-Id:
      - 289c886c-75d0-461f-b3ab-b64e6b96dabb
    status: 200 OK
    code: 200
    duration: ""
- request:
    body: ""
    form: {}
    headers:
      User-Agent:
      - scaleway-sdk-go/v1.0.0-beta.7+dev (go1.20.4; linux; amd64) terraform-provider/develop
        terraform/terraform-tests
    url: https://api.scaleway.com/k8s/v1/regions/fr-par/pools/a675a1a9-a75a-49a7-a942-0f7e57d5ed6c
    method: GET
  response:
    body: '{"autohealing":true,"autoscaling":true,"cluster_id":"d1254149-8cbf-4f4f-9ef2-d19a6242d6ee","container_runtime":"containerd","created_at":"2023-09-01T16:16:02.100832Z","id":"a675a1a9-a75a-49a7-a942-0f7e57d5ed6c","kubelet_args":{"maxPods":"1337"},"max_size":1,"min_size":1,"name":"default","node_type":"gp1_xs","placement_group_id":null,"region":"fr-par","root_volume_size":150000000000,"root_volume_type":"l_ssd","size":1,"status":"scaling","tags":["terraform-test","scaleway_k8s_cluster","kubelet_args"],"updated_at":"2023-09-01T16:16:02.112469Z","upgrade_policy":{"max_surge":0,"max_unavailable":1},"version":"1.28.0","zone":"fr-par-1"}'
    headers:
      Content-Length:
      - "637"
      Content-Security-Policy:
      - default-src 'none'; frame-ancestors 'none'
      Content-Type:
      - application/json
      Date:
      - Fri, 01 Sep 2023 16:20:56 GMT
      Server:
      - Scaleway API-Gateway
      Strict-Transport-Security:
      - max-age=63072000
      X-Content-Type-Options:
      - nosniff
      X-Frame-Options:
      - DENY
      X-Request-Id:
      - dab11085-ab77-4737-bd64-52f7fa9487af
    status: 200 OK
    code: 200
    duration: ""
- request:
    body: ""
    form: {}
    headers:
      User-Agent:
      - scaleway-sdk-go/v1.0.0-beta.7+dev (go1.20.4; linux; amd64) terraform-provider/develop
        terraform/terraform-tests
    url: https://api.scaleway.com/k8s/v1/regions/fr-par/pools/a675a1a9-a75a-49a7-a942-0f7e57d5ed6c
    method: GET
  response:
    body: '{"autohealing":true,"autoscaling":true,"cluster_id":"d1254149-8cbf-4f4f-9ef2-d19a6242d6ee","container_runtime":"containerd","created_at":"2023-09-01T16:16:02.100832Z","id":"a675a1a9-a75a-49a7-a942-0f7e57d5ed6c","kubelet_args":{"maxPods":"1337"},"max_size":1,"min_size":1,"name":"default","node_type":"gp1_xs","placement_group_id":null,"region":"fr-par","root_volume_size":150000000000,"root_volume_type":"l_ssd","size":1,"status":"scaling","tags":["terraform-test","scaleway_k8s_cluster","kubelet_args"],"updated_at":"2023-09-01T16:16:02.112469Z","upgrade_policy":{"max_surge":0,"max_unavailable":1},"version":"1.28.0","zone":"fr-par-1"}'
    headers:
      Content-Length:
      - "637"
      Content-Security-Policy:
      - default-src 'none'; frame-ancestors 'none'
      Content-Type:
      - application/json
      Date:
      - Fri, 01 Sep 2023 16:21:01 GMT
      Server:
      - Scaleway API-Gateway
      Strict-Transport-Security:
      - max-age=63072000
      X-Content-Type-Options:
      - nosniff
      X-Frame-Options:
      - DENY
      X-Request-Id:
      - c38d013c-4ba8-44ca-accd-2060e9ac95db
    status: 200 OK
    code: 200
    duration: ""
- request:
    body: ""
    form: {}
    headers:
      User-Agent:
      - scaleway-sdk-go/v1.0.0-beta.7+dev (go1.20.4; linux; amd64) terraform-provider/develop
        terraform/terraform-tests
    url: https://api.scaleway.com/k8s/v1/regions/fr-par/pools/a675a1a9-a75a-49a7-a942-0f7e57d5ed6c
    method: GET
  response:
    body: '{"autohealing":true,"autoscaling":true,"cluster_id":"d1254149-8cbf-4f4f-9ef2-d19a6242d6ee","container_runtime":"containerd","created_at":"2023-09-01T16:16:02.100832Z","id":"a675a1a9-a75a-49a7-a942-0f7e57d5ed6c","kubelet_args":{"maxPods":"1337"},"max_size":1,"min_size":1,"name":"default","node_type":"gp1_xs","placement_group_id":null,"region":"fr-par","root_volume_size":150000000000,"root_volume_type":"l_ssd","size":1,"status":"scaling","tags":["terraform-test","scaleway_k8s_cluster","kubelet_args"],"updated_at":"2023-09-01T16:16:02.112469Z","upgrade_policy":{"max_surge":0,"max_unavailable":1},"version":"1.28.0","zone":"fr-par-1"}'
    headers:
      Content-Length:
      - "637"
      Content-Security-Policy:
      - default-src 'none'; frame-ancestors 'none'
      Content-Type:
      - application/json
      Date:
      - Fri, 01 Sep 2023 16:21:06 GMT
      Server:
      - Scaleway API-Gateway
      Strict-Transport-Security:
      - max-age=63072000
      X-Content-Type-Options:
      - nosniff
      X-Frame-Options:
      - DENY
      X-Request-Id:
      - 872281a8-6b6b-44e0-a8b0-3abb4be493e7
    status: 200 OK
    code: 200
    duration: ""
- request:
    body: ""
    form: {}
    headers:
      User-Agent:
      - scaleway-sdk-go/v1.0.0-beta.7+dev (go1.20.4; linux; amd64) terraform-provider/develop
        terraform/terraform-tests
    url: https://api.scaleway.com/k8s/v1/regions/fr-par/pools/a675a1a9-a75a-49a7-a942-0f7e57d5ed6c
    method: GET
  response:
    body: '{"autohealing":true,"autoscaling":true,"cluster_id":"d1254149-8cbf-4f4f-9ef2-d19a6242d6ee","container_runtime":"containerd","created_at":"2023-09-01T16:16:02.100832Z","id":"a675a1a9-a75a-49a7-a942-0f7e57d5ed6c","kubelet_args":{"maxPods":"1337"},"max_size":1,"min_size":1,"name":"default","node_type":"gp1_xs","placement_group_id":null,"region":"fr-par","root_volume_size":150000000000,"root_volume_type":"l_ssd","size":1,"status":"scaling","tags":["terraform-test","scaleway_k8s_cluster","kubelet_args"],"updated_at":"2023-09-01T16:16:02.112469Z","upgrade_policy":{"max_surge":0,"max_unavailable":1},"version":"1.28.0","zone":"fr-par-1"}'
    headers:
      Content-Length:
      - "637"
      Content-Security-Policy:
      - default-src 'none'; frame-ancestors 'none'
      Content-Type:
      - application/json
      Date:
      - Fri, 01 Sep 2023 16:21:11 GMT
      Server:
      - Scaleway API-Gateway
      Strict-Transport-Security:
      - max-age=63072000
      X-Content-Type-Options:
      - nosniff
      X-Frame-Options:
      - DENY
      X-Request-Id:
      - d888c885-1a4b-4905-86bd-6b94c9cb1f95
    status: 200 OK
    code: 200
    duration: ""
- request:
    body: ""
    form: {}
    headers:
      User-Agent:
      - scaleway-sdk-go/v1.0.0-beta.7+dev (go1.20.4; linux; amd64) terraform-provider/develop
        terraform/terraform-tests
    url: https://api.scaleway.com/k8s/v1/regions/fr-par/pools/a675a1a9-a75a-49a7-a942-0f7e57d5ed6c
    method: GET
  response:
    body: '{"autohealing":true,"autoscaling":true,"cluster_id":"d1254149-8cbf-4f4f-9ef2-d19a6242d6ee","container_runtime":"containerd","created_at":"2023-09-01T16:16:02.100832Z","id":"a675a1a9-a75a-49a7-a942-0f7e57d5ed6c","kubelet_args":{"maxPods":"1337"},"max_size":1,"min_size":1,"name":"default","node_type":"gp1_xs","placement_group_id":null,"region":"fr-par","root_volume_size":150000000000,"root_volume_type":"l_ssd","size":1,"status":"ready","tags":["terraform-test","scaleway_k8s_cluster","kubelet_args"],"updated_at":"2023-09-01T16:21:13.092804Z","upgrade_policy":{"max_surge":0,"max_unavailable":1},"version":"1.28.0","zone":"fr-par-1"}'
    headers:
      Content-Length:
      - "635"
      Content-Security-Policy:
      - default-src 'none'; frame-ancestors 'none'
      Content-Type:
      - application/json
      Date:
      - Fri, 01 Sep 2023 16:21:16 GMT
      Server:
      - Scaleway API-Gateway
      Strict-Transport-Security:
      - max-age=63072000
      X-Content-Type-Options:
      - nosniff
      X-Frame-Options:
      - DENY
      X-Request-Id:
      - 8d2ca5e9-130a-4110-8da4-ec442b82acda
    status: 200 OK
    code: 200
    duration: ""
- request:
    body: ""
    form: {}
    headers:
      User-Agent:
      - scaleway-sdk-go/v1.0.0-beta.7+dev (go1.20.4; linux; amd64) terraform-provider/develop
        terraform/terraform-tests
    url: https://api.scaleway.com/k8s/v1/regions/fr-par/clusters/d1254149-8cbf-4f4f-9ef2-d19a6242d6ee
    method: GET
  response:
    body: '{"admission_plugins":[],"apiserver_cert_sans":[],"audit_log":false,"auto_upgrade":{"enabled":false,"maintenance_window":{"day":"any","start_hour":0}},"autoscaler_config":{"balance_similar_node_groups":false,"estimator":"binpacking","expander":"random","expendable_pods_priority_cutoff":0,"ignore_daemonsets_utilization":false,"max_graceful_termination_sec":0,"scale_down_delay_after_add":"10m","scale_down_disabled":false,"scale_down_unneeded_time":"10m","scale_down_utilization_threshold":0.5},"cluster_url":"https://d1254149-8cbf-4f4f-9ef2-d19a6242d6ee.api.k8s.fr-par.scw.cloud:6443","cni":"cilium","commitment_ends_at":"2023-09-01T16:15:56.682654Z","created_at":"2023-09-01T16:15:56.682654Z","dashboard_enabled":false,"description":"","dns_wildcard":"*.d1254149-8cbf-4f4f-9ef2-d19a6242d6ee.nodes.k8s.fr-par.scw.cloud","feature_gates":[],"id":"d1254149-8cbf-4f4f-9ef2-d19a6242d6ee","ingress":"none","name":"K8SPoolConfigKubeletArgs","open_id_connect_config":{"client_id":"","groups_claim":[],"groups_prefix":"","issuer_url":"","required_claim":[],"username_claim":"","username_prefix":""},"organization_id":"fa1e3217-dc80-42ac-85c3-3f034b78b552","private_network_id":null,"project_id":"fa1e3217-dc80-42ac-85c3-3f034b78b552","region":"fr-par","status":"ready","tags":["terraform-test","scaleway_k8s_cluster","kubelet_args"],"type":"kapsule","updated_at":"2023-09-01T16:17:24.415131Z","upgrade_available":false,"version":"1.28.0"}'
    headers:
      Content-Length:
      - "1430"
      Content-Security-Policy:
      - default-src 'none'; frame-ancestors 'none'
      Content-Type:
      - application/json
      Date:
      - Fri, 01 Sep 2023 16:21:16 GMT
      Server:
      - Scaleway API-Gateway
      Strict-Transport-Security:
      - max-age=63072000
      X-Content-Type-Options:
      - nosniff
      X-Frame-Options:
      - DENY
      X-Request-Id:
      - 998e54ee-ba76-428e-b96a-ee3ad475bede
    status: 200 OK
    code: 200
    duration: ""
- request:
    body: ""
    form: {}
    headers:
      User-Agent:
      - scaleway-sdk-go/v1.0.0-beta.7+dev (go1.20.4; linux; amd64) terraform-provider/develop
        terraform/terraform-tests
    url: https://api.scaleway.com/k8s/v1/regions/fr-par/pools/a675a1a9-a75a-49a7-a942-0f7e57d5ed6c
    method: GET
  response:
    body: '{"autohealing":true,"autoscaling":true,"cluster_id":"d1254149-8cbf-4f4f-9ef2-d19a6242d6ee","container_runtime":"containerd","created_at":"2023-09-01T16:16:02.100832Z","id":"a675a1a9-a75a-49a7-a942-0f7e57d5ed6c","kubelet_args":{"maxPods":"1337"},"max_size":1,"min_size":1,"name":"default","node_type":"gp1_xs","placement_group_id":null,"region":"fr-par","root_volume_size":150000000000,"root_volume_type":"l_ssd","size":1,"status":"ready","tags":["terraform-test","scaleway_k8s_cluster","kubelet_args"],"updated_at":"2023-09-01T16:21:13.092804Z","upgrade_policy":{"max_surge":0,"max_unavailable":1},"version":"1.28.0","zone":"fr-par-1"}'
    headers:
      Content-Length:
      - "635"
      Content-Security-Policy:
      - default-src 'none'; frame-ancestors 'none'
      Content-Type:
      - application/json
      Date:
      - Fri, 01 Sep 2023 16:21:16 GMT
      Server:
      - Scaleway API-Gateway
      Strict-Transport-Security:
      - max-age=63072000
      X-Content-Type-Options:
      - nosniff
      X-Frame-Options:
      - DENY
      X-Request-Id:
      - 99126ae6-df40-441f-9d8a-c6a495dc2e87
    status: 200 OK
    code: 200
    duration: ""
- request:
    body: ""
    form: {}
    headers:
      User-Agent:
      - scaleway-sdk-go/v1.0.0-beta.7+dev (go1.20.4; linux; amd64) terraform-provider/develop
        terraform/terraform-tests
    url: https://api.scaleway.com/k8s/v1/regions/fr-par/clusters/d1254149-8cbf-4f4f-9ef2-d19a6242d6ee/nodes?order_by=created_at_asc&page=1&pool_id=a675a1a9-a75a-49a7-a942-0f7e57d5ed6c&status=unknown
    method: GET
  response:
    body: '{"nodes":[{"cluster_id":"d1254149-8cbf-4f4f-9ef2-d19a6242d6ee","conditions":{"DiskPressure":"False","MemoryPressure":"False","PIDPressure":"False","Ready":"True"},"created_at":"2023-09-01T16:17:52.339859Z","error_message":null,"id":"21377e29-51f0-4dcb-a123-0b127a8c11fb","name":"scw-k8spoolconfigkubeletargs-default-21377e295","pool_id":"a675a1a9-a75a-49a7-a942-0f7e57d5ed6c","provider_id":"scaleway://instance/fr-par-1/15e92587-be42-43e2-82ee-5ce512184ea5","public_ip_v4":"51.15.232.204","public_ip_v6":null,"region":"fr-par","status":"ready","updated_at":"2023-09-01T16:21:13.082646Z"}],"total_count":1}'
    headers:
      Content-Length:
      - "605"
      Content-Security-Policy:
      - default-src 'none'; frame-ancestors 'none'
      Content-Type:
      - application/json
      Date:
      - Fri, 01 Sep 2023 16:21:16 GMT
      Server:
      - Scaleway API-Gateway
      Strict-Transport-Security:
      - max-age=63072000
      X-Content-Type-Options:
      - nosniff
      X-Frame-Options:
      - DENY
      X-Request-Id:
      - ac93d930-ff29-4204-97b4-4432b00aea55
    status: 200 OK
    code: 200
    duration: ""
- request:
    body: ""
    form: {}
    headers:
      User-Agent:
      - scaleway-sdk-go/v1.0.0-beta.7+dev (go1.20.4; linux; amd64) terraform-provider/develop
        terraform/terraform-tests
    url: https://api.scaleway.com/k8s/v1/regions/fr-par/clusters/d1254149-8cbf-4f4f-9ef2-d19a6242d6ee
    method: GET
  response:
    body: '{"admission_plugins":[],"apiserver_cert_sans":[],"audit_log":false,"auto_upgrade":{"enabled":false,"maintenance_window":{"day":"any","start_hour":0}},"autoscaler_config":{"balance_similar_node_groups":false,"estimator":"binpacking","expander":"random","expendable_pods_priority_cutoff":0,"ignore_daemonsets_utilization":false,"max_graceful_termination_sec":0,"scale_down_delay_after_add":"10m","scale_down_disabled":false,"scale_down_unneeded_time":"10m","scale_down_utilization_threshold":0.5},"cluster_url":"https://d1254149-8cbf-4f4f-9ef2-d19a6242d6ee.api.k8s.fr-par.scw.cloud:6443","cni":"cilium","commitment_ends_at":"2023-09-01T16:15:56.682654Z","created_at":"2023-09-01T16:15:56.682654Z","dashboard_enabled":false,"description":"","dns_wildcard":"*.d1254149-8cbf-4f4f-9ef2-d19a6242d6ee.nodes.k8s.fr-par.scw.cloud","feature_gates":[],"id":"d1254149-8cbf-4f4f-9ef2-d19a6242d6ee","ingress":"none","name":"K8SPoolConfigKubeletArgs","open_id_connect_config":{"client_id":"","groups_claim":[],"groups_prefix":"","issuer_url":"","required_claim":[],"username_claim":"","username_prefix":""},"organization_id":"fa1e3217-dc80-42ac-85c3-3f034b78b552","private_network_id":null,"project_id":"fa1e3217-dc80-42ac-85c3-3f034b78b552","region":"fr-par","status":"ready","tags":["terraform-test","scaleway_k8s_cluster","kubelet_args"],"type":"kapsule","updated_at":"2023-09-01T16:17:24.415131Z","upgrade_available":false,"version":"1.28.0"}'
    headers:
      Content-Length:
      - "1430"
      Content-Security-Policy:
      - default-src 'none'; frame-ancestors 'none'
      Content-Type:
      - application/json
      Date:
      - Fri, 01 Sep 2023 16:21:16 GMT
      Server:
      - Scaleway API-Gateway
      Strict-Transport-Security:
      - max-age=63072000
      X-Content-Type-Options:
      - nosniff
      X-Frame-Options:
      - DENY
      X-Request-Id:
      - a4b755dc-d9a6-4bec-9916-38d8fc135e5a
    status: 200 OK
    code: 200
    duration: ""
- request:
    body: ""
    form: {}
    headers:
      User-Agent:
      - scaleway-sdk-go/v1.0.0-beta.7+dev (go1.20.4; linux; amd64) terraform-provider/develop
        terraform/terraform-tests
    url: https://api.scaleway.com/k8s/v1/regions/fr-par/pools/a675a1a9-a75a-49a7-a942-0f7e57d5ed6c
    method: GET
  response:
    body: '{"autohealing":true,"autoscaling":true,"cluster_id":"d1254149-8cbf-4f4f-9ef2-d19a6242d6ee","container_runtime":"containerd","created_at":"2023-09-01T16:16:02.100832Z","id":"a675a1a9-a75a-49a7-a942-0f7e57d5ed6c","kubelet_args":{"maxPods":"1337"},"max_size":1,"min_size":1,"name":"default","node_type":"gp1_xs","placement_group_id":null,"region":"fr-par","root_volume_size":150000000000,"root_volume_type":"l_ssd","size":1,"status":"ready","tags":["terraform-test","scaleway_k8s_cluster","kubelet_args"],"updated_at":"2023-09-01T16:21:13.092804Z","upgrade_policy":{"max_surge":0,"max_unavailable":1},"version":"1.28.0","zone":"fr-par-1"}'
    headers:
      Content-Length:
      - "635"
      Content-Security-Policy:
      - default-src 'none'; frame-ancestors 'none'
      Content-Type:
      - application/json
      Date:
      - Fri, 01 Sep 2023 16:21:16 GMT
      Server:
      - Scaleway API-Gateway
      Strict-Transport-Security:
      - max-age=63072000
      X-Content-Type-Options:
      - nosniff
      X-Frame-Options:
      - DENY
      X-Request-Id:
      - a3e7d9f9-0e3d-4d18-939d-af41a7469352
    status: 200 OK
    code: 200
    duration: ""
- request:
    body: ""
    form: {}
    headers:
      User-Agent:
      - scaleway-sdk-go/v1.0.0-beta.7+dev (go1.20.4; linux; amd64) terraform-provider/develop
        terraform/terraform-tests
    url: https://api.scaleway.com/k8s/v1/regions/fr-par/clusters/d1254149-8cbf-4f4f-9ef2-d19a6242d6ee
    method: GET
  response:
    body: '{"admission_plugins":[],"apiserver_cert_sans":[],"audit_log":false,"auto_upgrade":{"enabled":false,"maintenance_window":{"day":"any","start_hour":0}},"autoscaler_config":{"balance_similar_node_groups":false,"estimator":"binpacking","expander":"random","expendable_pods_priority_cutoff":0,"ignore_daemonsets_utilization":false,"max_graceful_termination_sec":0,"scale_down_delay_after_add":"10m","scale_down_disabled":false,"scale_down_unneeded_time":"10m","scale_down_utilization_threshold":0.5},"cluster_url":"https://d1254149-8cbf-4f4f-9ef2-d19a6242d6ee.api.k8s.fr-par.scw.cloud:6443","cni":"cilium","commitment_ends_at":"2023-09-01T16:15:56.682654Z","created_at":"2023-09-01T16:15:56.682654Z","dashboard_enabled":false,"description":"","dns_wildcard":"*.d1254149-8cbf-4f4f-9ef2-d19a6242d6ee.nodes.k8s.fr-par.scw.cloud","feature_gates":[],"id":"d1254149-8cbf-4f4f-9ef2-d19a6242d6ee","ingress":"none","name":"K8SPoolConfigKubeletArgs","open_id_connect_config":{"client_id":"","groups_claim":[],"groups_prefix":"","issuer_url":"","required_claim":[],"username_claim":"","username_prefix":""},"organization_id":"fa1e3217-dc80-42ac-85c3-3f034b78b552","private_network_id":null,"project_id":"fa1e3217-dc80-42ac-85c3-3f034b78b552","region":"fr-par","status":"ready","tags":["terraform-test","scaleway_k8s_cluster","kubelet_args"],"type":"kapsule","updated_at":"2023-09-01T16:17:24.415131Z","upgrade_available":false,"version":"1.28.0"}'
    headers:
      Content-Length:
      - "1430"
      Content-Security-Policy:
      - default-src 'none'; frame-ancestors 'none'
      Content-Type:
      - application/json
      Date:
      - Fri, 01 Sep 2023 16:21:16 GMT
      Server:
      - Scaleway API-Gateway
      Strict-Transport-Security:
      - max-age=63072000
      X-Content-Type-Options:
      - nosniff
      X-Frame-Options:
      - DENY
      X-Request-Id:
      - 12c64f91-d45d-4dce-8105-89cbfcf5b773
    status: 200 OK
    code: 200
    duration: ""
- request:
    body: ""
    form: {}
    headers:
      User-Agent:
      - scaleway-sdk-go/v1.0.0-beta.7+dev (go1.20.4; linux; amd64) terraform-provider/develop
        terraform/terraform-tests
    url: https://api.scaleway.com/k8s/v1/regions/fr-par/clusters/d1254149-8cbf-4f4f-9ef2-d19a6242d6ee/kubeconfig
    method: GET
  response:
    body: '{"content":"YXBpVmVyc2lvbjogdjEKY2x1c3RlcnM6Ci0gbmFtZTogIms4c3Bvb2xjb25maWdrdWJlbGV0YXJncyIKICBjbHVzdGVyOgogICAgY2VydGlmaWNhdGUtYXV0aG9yaXR5LWRhdGE6IExTMHRMUzFDUlVkSlRpQkRSVkpVU1VaSlEwRlVSUzB0TFMwdENrMUpTVU0xZWtORFFXTXJaMEYzU1VKQlowbENRVVJCVGtKbmEzRm9hMmxIT1hjd1FrRlJjMFpCUkVGV1RWSk5kMFZSV1VSV1VWRkVSWGR3Y21SWFNtd0tZMjAxYkdSSFZucE5RalJZUkZSSmVrMUVaM3BOVkVVeVRWUlZNVTR4YjFoRVZFMTZUVVJuZWsxVVJUSk5WRlV4VGpGdmQwWlVSVlJOUWtWSFFURlZSUXBCZUUxTFlUTldhVnBZU25WYVdGSnNZM3BEUTBGVFNYZEVVVmxLUzI5YVNXaDJZMDVCVVVWQ1FsRkJSR2RuUlZCQlJFTkRRVkZ2UTJkblJVSkJUVzh6Q2pNclRXVjJTMFUyTUU1dGJsbERRM0p3T1VGaVdrMWpiakk1UkdWRlZ6Vm1Wa3BYTTBFMU4wRkZZbWN4T0dZemJ6QlJiMVJHV1V0VlRtNDFRMDFZYVZBS2VXOVFTVmRRTkhvdllVUjBXbU5qWmxwMldWSndWVFJYTXpNdldtOWxSemRoVUZOUEsxbFZVMjVxU3l0UGF6UTJaMGhwTDIxMloxUTBUMjlOYUZkMFVnbzFMM1ZLWlROVk5GQjBXRTFwV0hGdVkwRkVSazFwTkRNNVF6ZHdZMWRDVHpCVVVrWnBlRFUyWldOT2RVbEROMVp1YnpWbFNYUjBLMVp4Y25od2NYZDNDbXRwUld4MGNFTndhVEozUlZGdlNGWXZVM1ZPZERreFJURlNiazFQWm1SbU9IRXlNR2xLVUhJeVJsQTBkM00zWjBnM1UyNVdWMXBqYTB0MmVqQlFVellLYURoSksycDBhek5OZDIxbVVHVjZabkJSUmpocmMxa3lRekprZVVjd2FYZE9ZM1ZrYlV0VFdEVnNXRlJyT1Uwd05rbDRVMjFNWW1VcmFsUjVReTlLWlFwS0swbERSMFpKYm1kV2RYTjJTMm8wTkU4NFEwRjNSVUZCWVU1RFRVVkJkMFJuV1VSV1VqQlFRVkZJTDBKQlVVUkJaMHRyVFVFNFIwRXhWV1JGZDBWQ0NpOTNVVVpOUVUxQ1FXWTRkMGhSV1VSV1VqQlBRa0paUlVaQ1NXNVhTV1Z4YldkUmRVd3hRelZ4ZEdWWlNHOWlZVTlpWm05TlFUQkhRMU54UjFOSllqTUtSRkZGUWtOM1ZVRkJORWxDUVZGRE9UTkpVRlJpYkcxYWJEZG5Na05PVURKbmRISldZM0JsZHpkTFRXaE5aMGxtY3poWVoyZFBha2xUWlZKVlp6TXpWUW9yUWxnMFQzSjFVR1pXZWs4NWNYaERTRXRuV1hSTFRYcDNVMk5FV2k5a1YyaGtTbVZRT0ZCUU1VTXJkakkxUVVGRFZHb3ZiR05rYXpkcVkyUk9ZakZRQ2xCcVZtMU9kRkk0ZUcxUk5GSldlams0ZVhkdWVUSklUUzl2VTNsdGNURkZjV0ZUUmt4TE1USlBZM0o2THpWT2VURnFNbWhFU0RoeU5UbENaakl3ZW0wS2VXRlJZMjFwTWpWc00ycGpZWEZFSzJzelltcHpiWGMxYld4UFJtNUJkSHBJT1hKRE56bE5WVFZST1U4cmJHeEpOV1UzU0ZRNGJWQm9Sa3RKV1RodGRRbzJaMWgzVlZGVldHRlFiMEZTUkUxNE4zTmxWVXcxY2xCVFoxcHRXSGhaWjNvd1RGWkJVU3RrYW5GTE1FUnhRa051YVRCeGNtWkZRMUJDWTJKSmNXeE5DbWhSV0VwRU4wRnVUMFpyV0M5WFdIZERSSE5RWVUxWk1ISnZTR1kyTWxOd01teHJTd290TFMwdExVVk9SQ0JEUlZKVVNVWkpRMEZVUlMwdExTMHRDZz09CiAgICBzZXJ2ZXI6IGh0dHBzOi8vZDEyNTQxNDktOGNiZi00ZjRmLTllZjItZDE5YTYyNDJkNmVlLmFwaS5rOHMuZnItcGFyLnNjdy5jbG91ZDo2NDQzCmNvbnRleHRzOgotIG5hbWU6IGFkbWluQGs4c3Bvb2xjb25maWdrdWJlbGV0YXJncwogIGNvbnRleHQ6CiAgICBjbHVzdGVyOiAiazhzcG9vbGNvbmZpZ2t1YmVsZXRhcmdzIgogICAgdXNlcjogazhzcG9vbGNvbmZpZ2t1YmVsZXRhcmdzLWFkbWluCmN1cnJlbnQtY29udGV4dDogYWRtaW5AazhzcG9vbGNvbmZpZ2t1YmVsZXRhcmdzCmtpbmQ6IENvbmZpZwpwcmVmZXJlbmNlczoge30KdXNlcnM6Ci0gbmFtZTogazhzcG9vbGNvbmZpZ2t1YmVsZXRhcmdzLWFkbWluCiAgdXNlcjoKICAgIHRva2VuOiBxZmpwQWRYMjJCd3poaHl4ZDlxRkZ3WFhuYW0zVW8zSkdVWmJUWWdKUEEyblA4RTNXdmx3R3lTWg==","content_type":"application/octet-stream","name":"kubeconfig"}'
    headers:
      Content-Length:
      - "2684"
      Content-Security-Policy:
      - default-src 'none'; frame-ancestors 'none'
      Content-Type:
      - application/json
      Date:
      - Fri, 01 Sep 2023 16:21:16 GMT
      Server:
      - Scaleway API-Gateway
      Strict-Transport-Security:
      - max-age=63072000
      X-Content-Type-Options:
      - nosniff
      X-Frame-Options:
      - DENY
      X-Request-Id:
      - 991c8abb-f4bd-49ef-aca0-6f8a2f5a70dd
    status: 200 OK
    code: 200
    duration: ""
- request:
    body: ""
    form: {}
    headers:
      User-Agent:
      - scaleway-sdk-go/v1.0.0-beta.7+dev (go1.20.4; linux; amd64) terraform-provider/develop
        terraform/terraform-tests
    url: https://api.scaleway.com/k8s/v1/regions/fr-par/pools/a675a1a9-a75a-49a7-a942-0f7e57d5ed6c
    method: GET
  response:
    body: '{"autohealing":true,"autoscaling":true,"cluster_id":"d1254149-8cbf-4f4f-9ef2-d19a6242d6ee","container_runtime":"containerd","created_at":"2023-09-01T16:16:02.100832Z","id":"a675a1a9-a75a-49a7-a942-0f7e57d5ed6c","kubelet_args":{"maxPods":"1337"},"max_size":1,"min_size":1,"name":"default","node_type":"gp1_xs","placement_group_id":null,"region":"fr-par","root_volume_size":150000000000,"root_volume_type":"l_ssd","size":1,"status":"ready","tags":["terraform-test","scaleway_k8s_cluster","kubelet_args"],"updated_at":"2023-09-01T16:21:13.092804Z","upgrade_policy":{"max_surge":0,"max_unavailable":1},"version":"1.28.0","zone":"fr-par-1"}'
    headers:
      Content-Length:
      - "635"
      Content-Security-Policy:
      - default-src 'none'; frame-ancestors 'none'
      Content-Type:
      - application/json
      Date:
      - Fri, 01 Sep 2023 16:21:16 GMT
      Server:
      - Scaleway API-Gateway
      Strict-Transport-Security:
      - max-age=63072000
      X-Content-Type-Options:
      - nosniff
      X-Frame-Options:
      - DENY
      X-Request-Id:
      - ec55a77d-916d-4d45-a1b5-b338d77f3439
    status: 200 OK
    code: 200
    duration: ""
- request:
    body: ""
    form: {}
    headers:
      User-Agent:
      - scaleway-sdk-go/v1.0.0-beta.7+dev (go1.20.4; linux; amd64) terraform-provider/develop
        terraform/terraform-tests
    url: https://api.scaleway.com/k8s/v1/regions/fr-par/clusters/d1254149-8cbf-4f4f-9ef2-d19a6242d6ee/nodes?order_by=created_at_asc&page=1&pool_id=a675a1a9-a75a-49a7-a942-0f7e57d5ed6c&status=unknown
    method: GET
  response:
    body: '{"nodes":[{"cluster_id":"d1254149-8cbf-4f4f-9ef2-d19a6242d6ee","conditions":{"DiskPressure":"False","MemoryPressure":"False","PIDPressure":"False","Ready":"True"},"created_at":"2023-09-01T16:17:52.339859Z","error_message":null,"id":"21377e29-51f0-4dcb-a123-0b127a8c11fb","name":"scw-k8spoolconfigkubeletargs-default-21377e295","pool_id":"a675a1a9-a75a-49a7-a942-0f7e57d5ed6c","provider_id":"scaleway://instance/fr-par-1/15e92587-be42-43e2-82ee-5ce512184ea5","public_ip_v4":"51.15.232.204","public_ip_v6":null,"region":"fr-par","status":"ready","updated_at":"2023-09-01T16:21:13.082646Z"}],"total_count":1}'
    headers:
      Content-Length:
      - "605"
      Content-Security-Policy:
      - default-src 'none'; frame-ancestors 'none'
      Content-Type:
      - application/json
      Date:
      - Fri, 01 Sep 2023 16:21:16 GMT
      Server:
      - Scaleway API-Gateway
      Strict-Transport-Security:
      - max-age=63072000
      X-Content-Type-Options:
      - nosniff
      X-Frame-Options:
      - DENY
      X-Request-Id:
      - fa51df07-3877-4ace-98db-ad61cb688392
    status: 200 OK
    code: 200
    duration: ""
- request:
    body: ""
    form: {}
    headers:
      User-Agent:
      - scaleway-sdk-go/v1.0.0-beta.7+dev (go1.20.4; linux; amd64) terraform-provider/develop
        terraform/terraform-tests
    url: https://api.scaleway.com/k8s/v1/regions/fr-par/clusters/d1254149-8cbf-4f4f-9ef2-d19a6242d6ee
    method: GET
  response:
    body: '{"admission_plugins":[],"apiserver_cert_sans":[],"audit_log":false,"auto_upgrade":{"enabled":false,"maintenance_window":{"day":"any","start_hour":0}},"autoscaler_config":{"balance_similar_node_groups":false,"estimator":"binpacking","expander":"random","expendable_pods_priority_cutoff":0,"ignore_daemonsets_utilization":false,"max_graceful_termination_sec":0,"scale_down_delay_after_add":"10m","scale_down_disabled":false,"scale_down_unneeded_time":"10m","scale_down_utilization_threshold":0.5},"cluster_url":"https://d1254149-8cbf-4f4f-9ef2-d19a6242d6ee.api.k8s.fr-par.scw.cloud:6443","cni":"cilium","commitment_ends_at":"2023-09-01T16:15:56.682654Z","created_at":"2023-09-01T16:15:56.682654Z","dashboard_enabled":false,"description":"","dns_wildcard":"*.d1254149-8cbf-4f4f-9ef2-d19a6242d6ee.nodes.k8s.fr-par.scw.cloud","feature_gates":[],"id":"d1254149-8cbf-4f4f-9ef2-d19a6242d6ee","ingress":"none","name":"K8SPoolConfigKubeletArgs","open_id_connect_config":{"client_id":"","groups_claim":[],"groups_prefix":"","issuer_url":"","required_claim":[],"username_claim":"","username_prefix":""},"organization_id":"fa1e3217-dc80-42ac-85c3-3f034b78b552","private_network_id":null,"project_id":"fa1e3217-dc80-42ac-85c3-3f034b78b552","region":"fr-par","status":"ready","tags":["terraform-test","scaleway_k8s_cluster","kubelet_args"],"type":"kapsule","updated_at":"2023-09-01T16:17:24.415131Z","upgrade_available":false,"version":"1.28.0"}'
    headers:
      Content-Length:
      - "1430"
      Content-Security-Policy:
      - default-src 'none'; frame-ancestors 'none'
      Content-Type:
      - application/json
      Date:
      - Fri, 01 Sep 2023 16:21:17 GMT
      Server:
      - Scaleway API-Gateway
      Strict-Transport-Security:
      - max-age=63072000
      X-Content-Type-Options:
      - nosniff
      X-Frame-Options:
      - DENY
      X-Request-Id:
      - 91e68b7b-2391-4084-a5f5-2b982363a66b
    status: 200 OK
    code: 200
    duration: ""
- request:
    body: ""
    form: {}
    headers:
      User-Agent:
      - scaleway-sdk-go/v1.0.0-beta.7+dev (go1.20.4; linux; amd64) terraform-provider/develop
        terraform/terraform-tests
    url: https://api.scaleway.com/k8s/v1/regions/fr-par/clusters/d1254149-8cbf-4f4f-9ef2-d19a6242d6ee/kubeconfig
    method: GET
  response:
    body: '{"content":"YXBpVmVyc2lvbjogdjEKY2x1c3RlcnM6Ci0gbmFtZTogIms4c3Bvb2xjb25maWdrdWJlbGV0YXJncyIKICBjbHVzdGVyOgogICAgY2VydGlmaWNhdGUtYXV0aG9yaXR5LWRhdGE6IExTMHRMUzFDUlVkSlRpQkRSVkpVU1VaSlEwRlVSUzB0TFMwdENrMUpTVU0xZWtORFFXTXJaMEYzU1VKQlowbENRVVJCVGtKbmEzRm9hMmxIT1hjd1FrRlJjMFpCUkVGV1RWSk5kMFZSV1VSV1VWRkVSWGR3Y21SWFNtd0tZMjAxYkdSSFZucE5RalJZUkZSSmVrMUVaM3BOVkVVeVRWUlZNVTR4YjFoRVZFMTZUVVJuZWsxVVJUSk5WRlV4VGpGdmQwWlVSVlJOUWtWSFFURlZSUXBCZUUxTFlUTldhVnBZU25WYVdGSnNZM3BEUTBGVFNYZEVVVmxLUzI5YVNXaDJZMDVCVVVWQ1FsRkJSR2RuUlZCQlJFTkRRVkZ2UTJkblJVSkJUVzh6Q2pNclRXVjJTMFUyTUU1dGJsbERRM0p3T1VGaVdrMWpiakk1UkdWRlZ6Vm1Wa3BYTTBFMU4wRkZZbWN4T0dZemJ6QlJiMVJHV1V0VlRtNDFRMDFZYVZBS2VXOVFTVmRRTkhvdllVUjBXbU5qWmxwMldWSndWVFJYTXpNdldtOWxSemRoVUZOUEsxbFZVMjVxU3l0UGF6UTJaMGhwTDIxMloxUTBUMjlOYUZkMFVnbzFMM1ZLWlROVk5GQjBXRTFwV0hGdVkwRkVSazFwTkRNNVF6ZHdZMWRDVHpCVVVrWnBlRFUyWldOT2RVbEROMVp1YnpWbFNYUjBLMVp4Y25od2NYZDNDbXRwUld4MGNFTndhVEozUlZGdlNGWXZVM1ZPZERreFJURlNiazFQWm1SbU9IRXlNR2xLVUhJeVJsQTBkM00zWjBnM1UyNVdWMXBqYTB0MmVqQlFVellLYURoSksycDBhek5OZDIxbVVHVjZabkJSUmpocmMxa3lRekprZVVjd2FYZE9ZM1ZrYlV0VFdEVnNXRlJyT1Uwd05rbDRVMjFNWW1VcmFsUjVReTlLWlFwS0swbERSMFpKYm1kV2RYTjJTMm8wTkU4NFEwRjNSVUZCWVU1RFRVVkJkMFJuV1VSV1VqQlFRVkZJTDBKQlVVUkJaMHRyVFVFNFIwRXhWV1JGZDBWQ0NpOTNVVVpOUVUxQ1FXWTRkMGhSV1VSV1VqQlBRa0paUlVaQ1NXNVhTV1Z4YldkUmRVd3hRelZ4ZEdWWlNHOWlZVTlpWm05TlFUQkhRMU54UjFOSllqTUtSRkZGUWtOM1ZVRkJORWxDUVZGRE9UTkpVRlJpYkcxYWJEZG5Na05PVURKbmRISldZM0JsZHpkTFRXaE5aMGxtY3poWVoyZFBha2xUWlZKVlp6TXpWUW9yUWxnMFQzSjFVR1pXZWs4NWNYaERTRXRuV1hSTFRYcDNVMk5FV2k5a1YyaGtTbVZRT0ZCUU1VTXJkakkxUVVGRFZHb3ZiR05rYXpkcVkyUk9ZakZRQ2xCcVZtMU9kRkk0ZUcxUk5GSldlams0ZVhkdWVUSklUUzl2VTNsdGNURkZjV0ZUUmt4TE1USlBZM0o2THpWT2VURnFNbWhFU0RoeU5UbENaakl3ZW0wS2VXRlJZMjFwTWpWc00ycGpZWEZFSzJzelltcHpiWGMxYld4UFJtNUJkSHBJT1hKRE56bE5WVFZST1U4cmJHeEpOV1UzU0ZRNGJWQm9Sa3RKV1RodGRRbzJaMWgzVlZGVldHRlFiMEZTUkUxNE4zTmxWVXcxY2xCVFoxcHRXSGhaWjNvd1RGWkJVU3RrYW5GTE1FUnhRa051YVRCeGNtWkZRMUJDWTJKSmNXeE5DbWhSV0VwRU4wRnVUMFpyV0M5WFdIZERSSE5RWVUxWk1ISnZTR1kyTWxOd01teHJTd290TFMwdExVVk9SQ0JEUlZKVVNVWkpRMEZVUlMwdExTMHRDZz09CiAgICBzZXJ2ZXI6IGh0dHBzOi8vZDEyNTQxNDktOGNiZi00ZjRmLTllZjItZDE5YTYyNDJkNmVlLmFwaS5rOHMuZnItcGFyLnNjdy5jbG91ZDo2NDQzCmNvbnRleHRzOgotIG5hbWU6IGFkbWluQGs4c3Bvb2xjb25maWdrdWJlbGV0YXJncwogIGNvbnRleHQ6CiAgICBjbHVzdGVyOiAiazhzcG9vbGNvbmZpZ2t1YmVsZXRhcmdzIgogICAgdXNlcjogazhzcG9vbGNvbmZpZ2t1YmVsZXRhcmdzLWFkbWluCmN1cnJlbnQtY29udGV4dDogYWRtaW5AazhzcG9vbGNvbmZpZ2t1YmVsZXRhcmdzCmtpbmQ6IENvbmZpZwpwcmVmZXJlbmNlczoge30KdXNlcnM6Ci0gbmFtZTogazhzcG9vbGNvbmZpZ2t1YmVsZXRhcmdzLWFkbWluCiAgdXNlcjoKICAgIHRva2VuOiBxZmpwQWRYMjJCd3poaHl4ZDlxRkZ3WFhuYW0zVW8zSkdVWmJUWWdKUEEyblA4RTNXdmx3R3lTWg==","content_type":"application/octet-stream","name":"kubeconfig"}'
    headers:
      Content-Length:
      - "2684"
      Content-Security-Policy:
      - default-src 'none'; frame-ancestors 'none'
      Content-Type:
      - application/json
      Date:
      - Fri, 01 Sep 2023 16:21:17 GMT
      Server:
      - Scaleway API-Gateway
      Strict-Transport-Security:
      - max-age=63072000
      X-Content-Type-Options:
      - nosniff
      X-Frame-Options:
      - DENY
      X-Request-Id:
      - 303427f8-3632-4847-a8b7-882d36ce8c56
    status: 200 OK
    code: 200
    duration: ""
- request:
    body: ""
    form: {}
    headers:
      User-Agent:
      - scaleway-sdk-go/v1.0.0-beta.7+dev (go1.20.4; linux; amd64) terraform-provider/develop
        terraform/terraform-tests
    url: https://api.scaleway.com/k8s/v1/regions/fr-par/pools/a675a1a9-a75a-49a7-a942-0f7e57d5ed6c
    method: GET
  response:
    body: '{"autohealing":true,"autoscaling":true,"cluster_id":"d1254149-8cbf-4f4f-9ef2-d19a6242d6ee","container_runtime":"containerd","created_at":"2023-09-01T16:16:02.100832Z","id":"a675a1a9-a75a-49a7-a942-0f7e57d5ed6c","kubelet_args":{"maxPods":"1337"},"max_size":1,"min_size":1,"name":"default","node_type":"gp1_xs","placement_group_id":null,"region":"fr-par","root_volume_size":150000000000,"root_volume_type":"l_ssd","size":1,"status":"ready","tags":["terraform-test","scaleway_k8s_cluster","kubelet_args"],"updated_at":"2023-09-01T16:21:13.092804Z","upgrade_policy":{"max_surge":0,"max_unavailable":1},"version":"1.28.0","zone":"fr-par-1"}'
    headers:
      Content-Length:
      - "635"
      Content-Security-Policy:
      - default-src 'none'; frame-ancestors 'none'
      Content-Type:
      - application/json
      Date:
      - Fri, 01 Sep 2023 16:21:17 GMT
      Server:
      - Scaleway API-Gateway
      Strict-Transport-Security:
      - max-age=63072000
      X-Content-Type-Options:
      - nosniff
      X-Frame-Options:
      - DENY
      X-Request-Id:
      - ed1d42b6-9cc6-407b-83ee-260739002b0e
    status: 200 OK
    code: 200
    duration: ""
- request:
    body: ""
    form: {}
    headers:
      User-Agent:
      - scaleway-sdk-go/v1.0.0-beta.7+dev (go1.20.4; linux; amd64) terraform-provider/develop
        terraform/terraform-tests
    url: https://api.scaleway.com/k8s/v1/regions/fr-par/clusters/d1254149-8cbf-4f4f-9ef2-d19a6242d6ee/nodes?order_by=created_at_asc&page=1&pool_id=a675a1a9-a75a-49a7-a942-0f7e57d5ed6c&status=unknown
    method: GET
  response:
    body: '{"nodes":[{"cluster_id":"d1254149-8cbf-4f4f-9ef2-d19a6242d6ee","conditions":{"DiskPressure":"False","MemoryPressure":"False","PIDPressure":"False","Ready":"True"},"created_at":"2023-09-01T16:17:52.339859Z","error_message":null,"id":"21377e29-51f0-4dcb-a123-0b127a8c11fb","name":"scw-k8spoolconfigkubeletargs-default-21377e295","pool_id":"a675a1a9-a75a-49a7-a942-0f7e57d5ed6c","provider_id":"scaleway://instance/fr-par-1/15e92587-be42-43e2-82ee-5ce512184ea5","public_ip_v4":"51.15.232.204","public_ip_v6":null,"region":"fr-par","status":"ready","updated_at":"2023-09-01T16:21:13.082646Z"}],"total_count":1}'
    headers:
      Content-Length:
      - "605"
      Content-Security-Policy:
      - default-src 'none'; frame-ancestors 'none'
      Content-Type:
      - application/json
      Date:
      - Fri, 01 Sep 2023 16:21:17 GMT
      Server:
      - Scaleway API-Gateway
      Strict-Transport-Security:
      - max-age=63072000
      X-Content-Type-Options:
      - nosniff
      X-Frame-Options:
      - DENY
      X-Request-Id:
      - 598818a7-7d8c-46aa-9ed5-4f6d5ff9ee59
    status: 200 OK
    code: 200
    duration: ""
- request:
    body: '{"autoscaling":null,"size":null,"min_size":null,"max_size":null,"autohealing":null,"tags":null,"kubelet_args":{"maxPods":"50"},"upgrade_policy":{"max_unavailable":null,"max_surge":null}}'
    form: {}
    headers:
      Content-Type:
      - application/json
      User-Agent:
      - scaleway-sdk-go/v1.0.0-beta.7+dev (go1.20.4; linux; amd64) terraform-provider/develop
        terraform/terraform-tests
    url: https://api.scaleway.com/k8s/v1/regions/fr-par/pools/a675a1a9-a75a-49a7-a942-0f7e57d5ed6c
    method: PATCH
  response:
    body: '{"autohealing":true,"autoscaling":true,"cluster_id":"d1254149-8cbf-4f4f-9ef2-d19a6242d6ee","container_runtime":"containerd","created_at":"2023-09-01T16:16:02.100832Z","id":"a675a1a9-a75a-49a7-a942-0f7e57d5ed6c","kubelet_args":{"maxPods":"50"},"max_size":1,"min_size":1,"name":"default","node_type":"gp1_xs","placement_group_id":null,"region":"fr-par","root_volume_size":150000000000,"root_volume_type":"l_ssd","size":1,"status":"ready","tags":["terraform-test","scaleway_k8s_cluster","kubelet_args"],"updated_at":"2023-09-01T16:21:17.511992588Z","upgrade_policy":{"max_surge":0,"max_unavailable":1},"version":"1.28.0","zone":"fr-par-1"}'
    headers:
      Content-Length:
      - "636"
      Content-Security-Policy:
      - default-src 'none'; frame-ancestors 'none'
      Content-Type:
      - application/json
      Date:
      - Fri, 01 Sep 2023 16:21:18 GMT
      Server:
      - Scaleway API-Gateway
      Strict-Transport-Security:
      - max-age=63072000
      X-Content-Type-Options:
      - nosniff
      X-Frame-Options:
      - DENY
      X-Request-Id:
      - 0303e244-78aa-4c6a-b735-cbd69a1eb30e
    status: 200 OK
    code: 200
    duration: ""
- request:
    body: ""
    form: {}
    headers:
      User-Agent:
      - scaleway-sdk-go/v1.0.0-beta.7+dev (go1.20.4; linux; amd64) terraform-provider/develop
        terraform/terraform-tests
    url: https://api.scaleway.com/k8s/v1/regions/fr-par/pools/a675a1a9-a75a-49a7-a942-0f7e57d5ed6c
    method: GET
  response:
    body: '{"autohealing":true,"autoscaling":true,"cluster_id":"d1254149-8cbf-4f4f-9ef2-d19a6242d6ee","container_runtime":"containerd","created_at":"2023-09-01T16:16:02.100832Z","id":"a675a1a9-a75a-49a7-a942-0f7e57d5ed6c","kubelet_args":{"maxPods":"50"},"max_size":1,"min_size":1,"name":"default","node_type":"gp1_xs","placement_group_id":null,"region":"fr-par","root_volume_size":150000000000,"root_volume_type":"l_ssd","size":1,"status":"ready","tags":["terraform-test","scaleway_k8s_cluster","kubelet_args"],"updated_at":"2023-09-01T16:21:17.511993Z","upgrade_policy":{"max_surge":0,"max_unavailable":1},"version":"1.28.0","zone":"fr-par-1"}'
    headers:
      Content-Length:
      - "633"
      Content-Security-Policy:
      - default-src 'none'; frame-ancestors 'none'
      Content-Type:
      - application/json
      Date:
      - Fri, 01 Sep 2023 16:21:18 GMT
      Server:
      - Scaleway API-Gateway
      Strict-Transport-Security:
      - max-age=63072000
      X-Content-Type-Options:
      - nosniff
      X-Frame-Options:
      - DENY
      X-Request-Id:
      - ec29e8a5-f686-470b-9439-c7b3b87ddc0a
    status: 200 OK
    code: 200
    duration: ""
- request:
    body: ""
    form: {}
    headers:
      User-Agent:
      - scaleway-sdk-go/v1.0.0-beta.7+dev (go1.20.4; linux; amd64) terraform-provider/develop
        terraform/terraform-tests
    url: https://api.scaleway.com/k8s/v1/regions/fr-par/pools/a675a1a9-a75a-49a7-a942-0f7e57d5ed6c
    method: GET
  response:
    body: '{"autohealing":true,"autoscaling":true,"cluster_id":"d1254149-8cbf-4f4f-9ef2-d19a6242d6ee","container_runtime":"containerd","created_at":"2023-09-01T16:16:02.100832Z","id":"a675a1a9-a75a-49a7-a942-0f7e57d5ed6c","kubelet_args":{"maxPods":"50"},"max_size":1,"min_size":1,"name":"default","node_type":"gp1_xs","placement_group_id":null,"region":"fr-par","root_volume_size":150000000000,"root_volume_type":"l_ssd","size":1,"status":"ready","tags":["terraform-test","scaleway_k8s_cluster","kubelet_args"],"updated_at":"2023-09-01T16:21:17.511993Z","upgrade_policy":{"max_surge":0,"max_unavailable":1},"version":"1.28.0","zone":"fr-par-1"}'
    headers:
      Content-Length:
      - "633"
      Content-Security-Policy:
      - default-src 'none'; frame-ancestors 'none'
      Content-Type:
      - application/json
      Date:
      - Fri, 01 Sep 2023 16:21:18 GMT
      Server:
      - Scaleway API-Gateway
      Strict-Transport-Security:
      - max-age=63072000
      X-Content-Type-Options:
      - nosniff
      X-Frame-Options:
      - DENY
      X-Request-Id:
      - 6fd92669-11f0-47af-be23-3b2793530e04
    status: 200 OK
    code: 200
    duration: ""
- request:
    body: ""
    form: {}
    headers:
      User-Agent:
      - scaleway-sdk-go/v1.0.0-beta.7+dev (go1.20.4; linux; amd64) terraform-provider/develop
        terraform/terraform-tests
    url: https://api.scaleway.com/k8s/v1/regions/fr-par/clusters/d1254149-8cbf-4f4f-9ef2-d19a6242d6ee/nodes?order_by=created_at_asc&page=1&pool_id=a675a1a9-a75a-49a7-a942-0f7e57d5ed6c&status=unknown
    method: GET
  response:
    body: '{"nodes":[{"cluster_id":"d1254149-8cbf-4f4f-9ef2-d19a6242d6ee","conditions":{"DiskPressure":"False","MemoryPressure":"False","PIDPressure":"False","Ready":"True"},"created_at":"2023-09-01T16:17:52.339859Z","error_message":null,"id":"21377e29-51f0-4dcb-a123-0b127a8c11fb","name":"scw-k8spoolconfigkubeletargs-default-21377e295","pool_id":"a675a1a9-a75a-49a7-a942-0f7e57d5ed6c","provider_id":"scaleway://instance/fr-par-1/15e92587-be42-43e2-82ee-5ce512184ea5","public_ip_v4":"51.15.232.204","public_ip_v6":null,"region":"fr-par","status":"ready","updated_at":"2023-09-01T16:21:13.082646Z"}],"total_count":1}'
    headers:
      Content-Length:
      - "605"
      Content-Security-Policy:
      - default-src 'none'; frame-ancestors 'none'
      Content-Type:
      - application/json
      Date:
      - Fri, 01 Sep 2023 16:21:18 GMT
      Server:
      - Scaleway API-Gateway
      Strict-Transport-Security:
      - max-age=63072000
      X-Content-Type-Options:
      - nosniff
      X-Frame-Options:
      - DENY
      X-Request-Id:
      - 79ad25a2-00f9-4882-af8b-770400e5e7b1
    status: 200 OK
    code: 200
    duration: ""
- request:
    body: ""
    form: {}
    headers:
      User-Agent:
      - scaleway-sdk-go/v1.0.0-beta.7+dev (go1.20.4; linux; amd64) terraform-provider/develop
        terraform/terraform-tests
    url: https://api.scaleway.com/k8s/v1/regions/fr-par/clusters/d1254149-8cbf-4f4f-9ef2-d19a6242d6ee
    method: GET
  response:
    body: '{"admission_plugins":[],"apiserver_cert_sans":[],"audit_log":false,"auto_upgrade":{"enabled":false,"maintenance_window":{"day":"any","start_hour":0}},"autoscaler_config":{"balance_similar_node_groups":false,"estimator":"binpacking","expander":"random","expendable_pods_priority_cutoff":0,"ignore_daemonsets_utilization":false,"max_graceful_termination_sec":0,"scale_down_delay_after_add":"10m","scale_down_disabled":false,"scale_down_unneeded_time":"10m","scale_down_utilization_threshold":0.5},"cluster_url":"https://d1254149-8cbf-4f4f-9ef2-d19a6242d6ee.api.k8s.fr-par.scw.cloud:6443","cni":"cilium","commitment_ends_at":"2023-09-01T16:15:56.682654Z","created_at":"2023-09-01T16:15:56.682654Z","dashboard_enabled":false,"description":"","dns_wildcard":"*.d1254149-8cbf-4f4f-9ef2-d19a6242d6ee.nodes.k8s.fr-par.scw.cloud","feature_gates":[],"id":"d1254149-8cbf-4f4f-9ef2-d19a6242d6ee","ingress":"none","name":"K8SPoolConfigKubeletArgs","open_id_connect_config":{"client_id":"","groups_claim":[],"groups_prefix":"","issuer_url":"","required_claim":[],"username_claim":"","username_prefix":""},"organization_id":"fa1e3217-dc80-42ac-85c3-3f034b78b552","private_network_id":null,"project_id":"fa1e3217-dc80-42ac-85c3-3f034b78b552","region":"fr-par","status":"ready","tags":["terraform-test","scaleway_k8s_cluster","kubelet_args"],"type":"kapsule","updated_at":"2023-09-01T16:17:24.415131Z","upgrade_available":false,"version":"1.28.0"}'
    headers:
      Content-Length:
      - "1430"
      Content-Security-Policy:
      - default-src 'none'; frame-ancestors 'none'
      Content-Type:
      - application/json
      Date:
      - Fri, 01 Sep 2023 16:21:18 GMT
      Server:
      - Scaleway API-Gateway
      Strict-Transport-Security:
      - max-age=63072000
      X-Content-Type-Options:
      - nosniff
      X-Frame-Options:
      - DENY
      X-Request-Id:
      - f0545b43-240b-41a0-bc24-70545a23d9d5
    status: 200 OK
    code: 200
    duration: ""
- request:
    body: ""
    form: {}
    headers:
      User-Agent:
      - scaleway-sdk-go/v1.0.0-beta.7+dev (go1.20.4; linux; amd64) terraform-provider/develop
        terraform/terraform-tests
    url: https://api.scaleway.com/k8s/v1/regions/fr-par/pools/a675a1a9-a75a-49a7-a942-0f7e57d5ed6c
    method: GET
  response:
    body: '{"autohealing":true,"autoscaling":true,"cluster_id":"d1254149-8cbf-4f4f-9ef2-d19a6242d6ee","container_runtime":"containerd","created_at":"2023-09-01T16:16:02.100832Z","id":"a675a1a9-a75a-49a7-a942-0f7e57d5ed6c","kubelet_args":{"maxPods":"50"},"max_size":1,"min_size":1,"name":"default","node_type":"gp1_xs","placement_group_id":null,"region":"fr-par","root_volume_size":150000000000,"root_volume_type":"l_ssd","size":1,"status":"ready","tags":["terraform-test","scaleway_k8s_cluster","kubelet_args"],"updated_at":"2023-09-01T16:21:17.511993Z","upgrade_policy":{"max_surge":0,"max_unavailable":1},"version":"1.28.0","zone":"fr-par-1"}'
    headers:
      Content-Length:
      - "633"
      Content-Security-Policy:
      - default-src 'none'; frame-ancestors 'none'
      Content-Type:
      - application/json
      Date:
      - Fri, 01 Sep 2023 16:21:18 GMT
      Server:
      - Scaleway API-Gateway
      Strict-Transport-Security:
      - max-age=63072000
      X-Content-Type-Options:
      - nosniff
      X-Frame-Options:
      - DENY
      X-Request-Id:
      - abaff183-0306-4f69-8cb9-bac0856fc0bb
    status: 200 OK
    code: 200
    duration: ""
- request:
    body: ""
    form: {}
    headers:
      User-Agent:
      - scaleway-sdk-go/v1.0.0-beta.7+dev (go1.20.4; linux; amd64) terraform-provider/develop
        terraform/terraform-tests
    url: https://api.scaleway.com/k8s/v1/regions/fr-par/clusters/d1254149-8cbf-4f4f-9ef2-d19a6242d6ee
    method: GET
  response:
    body: '{"admission_plugins":[],"apiserver_cert_sans":[],"audit_log":false,"auto_upgrade":{"enabled":false,"maintenance_window":{"day":"any","start_hour":0}},"autoscaler_config":{"balance_similar_node_groups":false,"estimator":"binpacking","expander":"random","expendable_pods_priority_cutoff":0,"ignore_daemonsets_utilization":false,"max_graceful_termination_sec":0,"scale_down_delay_after_add":"10m","scale_down_disabled":false,"scale_down_unneeded_time":"10m","scale_down_utilization_threshold":0.5},"cluster_url":"https://d1254149-8cbf-4f4f-9ef2-d19a6242d6ee.api.k8s.fr-par.scw.cloud:6443","cni":"cilium","commitment_ends_at":"2023-09-01T16:15:56.682654Z","created_at":"2023-09-01T16:15:56.682654Z","dashboard_enabled":false,"description":"","dns_wildcard":"*.d1254149-8cbf-4f4f-9ef2-d19a6242d6ee.nodes.k8s.fr-par.scw.cloud","feature_gates":[],"id":"d1254149-8cbf-4f4f-9ef2-d19a6242d6ee","ingress":"none","name":"K8SPoolConfigKubeletArgs","open_id_connect_config":{"client_id":"","groups_claim":[],"groups_prefix":"","issuer_url":"","required_claim":[],"username_claim":"","username_prefix":""},"organization_id":"fa1e3217-dc80-42ac-85c3-3f034b78b552","private_network_id":null,"project_id":"fa1e3217-dc80-42ac-85c3-3f034b78b552","region":"fr-par","status":"ready","tags":["terraform-test","scaleway_k8s_cluster","kubelet_args"],"type":"kapsule","updated_at":"2023-09-01T16:17:24.415131Z","upgrade_available":false,"version":"1.28.0"}'
    headers:
      Content-Length:
      - "1430"
      Content-Security-Policy:
      - default-src 'none'; frame-ancestors 'none'
      Content-Type:
      - application/json
      Date:
      - Fri, 01 Sep 2023 16:21:19 GMT
      Server:
      - Scaleway API-Gateway
      Strict-Transport-Security:
      - max-age=63072000
      X-Content-Type-Options:
      - nosniff
      X-Frame-Options:
      - DENY
      X-Request-Id:
      - a14cb4bd-7094-4ef6-906c-cb9121c0965d
    status: 200 OK
    code: 200
    duration: ""
- request:
    body: ""
    form: {}
    headers:
      User-Agent:
      - scaleway-sdk-go/v1.0.0-beta.7+dev (go1.20.4; linux; amd64) terraform-provider/develop
        terraform/terraform-tests
    url: https://api.scaleway.com/k8s/v1/regions/fr-par/clusters/d1254149-8cbf-4f4f-9ef2-d19a6242d6ee/kubeconfig
    method: GET
  response:
    body: '{"content":"YXBpVmVyc2lvbjogdjEKY2x1c3RlcnM6Ci0gbmFtZTogIms4c3Bvb2xjb25maWdrdWJlbGV0YXJncyIKICBjbHVzdGVyOgogICAgY2VydGlmaWNhdGUtYXV0aG9yaXR5LWRhdGE6IExTMHRMUzFDUlVkSlRpQkRSVkpVU1VaSlEwRlVSUzB0TFMwdENrMUpTVU0xZWtORFFXTXJaMEYzU1VKQlowbENRVVJCVGtKbmEzRm9hMmxIT1hjd1FrRlJjMFpCUkVGV1RWSk5kMFZSV1VSV1VWRkVSWGR3Y21SWFNtd0tZMjAxYkdSSFZucE5RalJZUkZSSmVrMUVaM3BOVkVVeVRWUlZNVTR4YjFoRVZFMTZUVVJuZWsxVVJUSk5WRlV4VGpGdmQwWlVSVlJOUWtWSFFURlZSUXBCZUUxTFlUTldhVnBZU25WYVdGSnNZM3BEUTBGVFNYZEVVVmxLUzI5YVNXaDJZMDVCVVVWQ1FsRkJSR2RuUlZCQlJFTkRRVkZ2UTJkblJVSkJUVzh6Q2pNclRXVjJTMFUyTUU1dGJsbERRM0p3T1VGaVdrMWpiakk1UkdWRlZ6Vm1Wa3BYTTBFMU4wRkZZbWN4T0dZemJ6QlJiMVJHV1V0VlRtNDFRMDFZYVZBS2VXOVFTVmRRTkhvdllVUjBXbU5qWmxwMldWSndWVFJYTXpNdldtOWxSemRoVUZOUEsxbFZVMjVxU3l0UGF6UTJaMGhwTDIxMloxUTBUMjlOYUZkMFVnbzFMM1ZLWlROVk5GQjBXRTFwV0hGdVkwRkVSazFwTkRNNVF6ZHdZMWRDVHpCVVVrWnBlRFUyWldOT2RVbEROMVp1YnpWbFNYUjBLMVp4Y25od2NYZDNDbXRwUld4MGNFTndhVEozUlZGdlNGWXZVM1ZPZERreFJURlNiazFQWm1SbU9IRXlNR2xLVUhJeVJsQTBkM00zWjBnM1UyNVdWMXBqYTB0MmVqQlFVellLYURoSksycDBhek5OZDIxbVVHVjZabkJSUmpocmMxa3lRekprZVVjd2FYZE9ZM1ZrYlV0VFdEVnNXRlJyT1Uwd05rbDRVMjFNWW1VcmFsUjVReTlLWlFwS0swbERSMFpKYm1kV2RYTjJTMm8wTkU4NFEwRjNSVUZCWVU1RFRVVkJkMFJuV1VSV1VqQlFRVkZJTDBKQlVVUkJaMHRyVFVFNFIwRXhWV1JGZDBWQ0NpOTNVVVpOUVUxQ1FXWTRkMGhSV1VSV1VqQlBRa0paUlVaQ1NXNVhTV1Z4YldkUmRVd3hRelZ4ZEdWWlNHOWlZVTlpWm05TlFUQkhRMU54UjFOSllqTUtSRkZGUWtOM1ZVRkJORWxDUVZGRE9UTkpVRlJpYkcxYWJEZG5Na05PVURKbmRISldZM0JsZHpkTFRXaE5aMGxtY3poWVoyZFBha2xUWlZKVlp6TXpWUW9yUWxnMFQzSjFVR1pXZWs4NWNYaERTRXRuV1hSTFRYcDNVMk5FV2k5a1YyaGtTbVZRT0ZCUU1VTXJkakkxUVVGRFZHb3ZiR05rYXpkcVkyUk9ZakZRQ2xCcVZtMU9kRkk0ZUcxUk5GSldlams0ZVhkdWVUSklUUzl2VTNsdGNURkZjV0ZUUmt4TE1USlBZM0o2THpWT2VURnFNbWhFU0RoeU5UbENaakl3ZW0wS2VXRlJZMjFwTWpWc00ycGpZWEZFSzJzelltcHpiWGMxYld4UFJtNUJkSHBJT1hKRE56bE5WVFZST1U4cmJHeEpOV1UzU0ZRNGJWQm9Sa3RKV1RodGRRbzJaMWgzVlZGVldHRlFiMEZTUkUxNE4zTmxWVXcxY2xCVFoxcHRXSGhaWjNvd1RGWkJVU3RrYW5GTE1FUnhRa051YVRCeGNtWkZRMUJDWTJKSmNXeE5DbWhSV0VwRU4wRnVUMFpyV0M5WFdIZERSSE5RWVUxWk1ISnZTR1kyTWxOd01teHJTd290TFMwdExVVk9SQ0JEUlZKVVNVWkpRMEZVUlMwdExTMHRDZz09CiAgICBzZXJ2ZXI6IGh0dHBzOi8vZDEyNTQxNDktOGNiZi00ZjRmLTllZjItZDE5YTYyNDJkNmVlLmFwaS5rOHMuZnItcGFyLnNjdy5jbG91ZDo2NDQzCmNvbnRleHRzOgotIG5hbWU6IGFkbWluQGs4c3Bvb2xjb25maWdrdWJlbGV0YXJncwogIGNvbnRleHQ6CiAgICBjbHVzdGVyOiAiazhzcG9vbGNvbmZpZ2t1YmVsZXRhcmdzIgogICAgdXNlcjogazhzcG9vbGNvbmZpZ2t1YmVsZXRhcmdzLWFkbWluCmN1cnJlbnQtY29udGV4dDogYWRtaW5AazhzcG9vbGNvbmZpZ2t1YmVsZXRhcmdzCmtpbmQ6IENvbmZpZwpwcmVmZXJlbmNlczoge30KdXNlcnM6Ci0gbmFtZTogazhzcG9vbGNvbmZpZ2t1YmVsZXRhcmdzLWFkbWluCiAgdXNlcjoKICAgIHRva2VuOiBxZmpwQWRYMjJCd3poaHl4ZDlxRkZ3WFhuYW0zVW8zSkdVWmJUWWdKUEEyblA4RTNXdmx3R3lTWg==","content_type":"application/octet-stream","name":"kubeconfig"}'
    headers:
      Content-Length:
      - "2684"
      Content-Security-Policy:
      - default-src 'none'; frame-ancestors 'none'
      Content-Type:
      - application/json
      Date:
      - Fri, 01 Sep 2023 16:21:19 GMT
      Server:
      - Scaleway API-Gateway
      Strict-Transport-Security:
      - max-age=63072000
      X-Content-Type-Options:
      - nosniff
      X-Frame-Options:
      - DENY
      X-Request-Id:
      - 29641160-e2d9-4660-beeb-6f3dcab237ec
    status: 200 OK
    code: 200
    duration: ""
- request:
    body: ""
    form: {}
    headers:
      User-Agent:
      - scaleway-sdk-go/v1.0.0-beta.7+dev (go1.20.4; linux; amd64) terraform-provider/develop
        terraform/terraform-tests
    url: https://api.scaleway.com/k8s/v1/regions/fr-par/pools/a675a1a9-a75a-49a7-a942-0f7e57d5ed6c
    method: GET
  response:
    body: '{"autohealing":true,"autoscaling":true,"cluster_id":"d1254149-8cbf-4f4f-9ef2-d19a6242d6ee","container_runtime":"containerd","created_at":"2023-09-01T16:16:02.100832Z","id":"a675a1a9-a75a-49a7-a942-0f7e57d5ed6c","kubelet_args":{"maxPods":"50"},"max_size":1,"min_size":1,"name":"default","node_type":"gp1_xs","placement_group_id":null,"region":"fr-par","root_volume_size":150000000000,"root_volume_type":"l_ssd","size":1,"status":"ready","tags":["terraform-test","scaleway_k8s_cluster","kubelet_args"],"updated_at":"2023-09-01T16:21:17.511993Z","upgrade_policy":{"max_surge":0,"max_unavailable":1},"version":"1.28.0","zone":"fr-par-1"}'
    headers:
      Content-Length:
      - "633"
      Content-Security-Policy:
      - default-src 'none'; frame-ancestors 'none'
      Content-Type:
      - application/json
      Date:
      - Fri, 01 Sep 2023 16:21:19 GMT
      Server:
      - Scaleway API-Gateway
      Strict-Transport-Security:
      - max-age=63072000
      X-Content-Type-Options:
      - nosniff
      X-Frame-Options:
      - DENY
      X-Request-Id:
      - 1cd94f08-00bf-42f8-b642-14e585e5ed26
    status: 200 OK
    code: 200
    duration: ""
- request:
    body: ""
    form: {}
    headers:
      User-Agent:
      - scaleway-sdk-go/v1.0.0-beta.7+dev (go1.20.4; linux; amd64) terraform-provider/develop
        terraform/terraform-tests
    url: https://api.scaleway.com/k8s/v1/regions/fr-par/clusters/d1254149-8cbf-4f4f-9ef2-d19a6242d6ee/nodes?order_by=created_at_asc&page=1&pool_id=a675a1a9-a75a-49a7-a942-0f7e57d5ed6c&status=unknown
    method: GET
  response:
    body: '{"nodes":[{"cluster_id":"d1254149-8cbf-4f4f-9ef2-d19a6242d6ee","conditions":{"DiskPressure":"False","MemoryPressure":"False","NetworkUnavailable":"False","PIDPressure":"False","Ready":"True"},"created_at":"2023-09-01T16:17:52.339859Z","error_message":null,"id":"21377e29-51f0-4dcb-a123-0b127a8c11fb","name":"scw-k8spoolconfigkubeletargs-default-21377e295","pool_id":"a675a1a9-a75a-49a7-a942-0f7e57d5ed6c","provider_id":"scaleway://instance/fr-par-1/15e92587-be42-43e2-82ee-5ce512184ea5","public_ip_v4":"51.15.232.204","public_ip_v6":null,"region":"fr-par","status":"ready","updated_at":"2023-09-01T16:21:19.113994Z"}],"total_count":1}'
    headers:
      Content-Length:
      - "634"
      Content-Security-Policy:
      - default-src 'none'; frame-ancestors 'none'
      Content-Type:
      - application/json
      Date:
      - Fri, 01 Sep 2023 16:21:19 GMT
      Server:
      - Scaleway API-Gateway
      Strict-Transport-Security:
      - max-age=63072000
      X-Content-Type-Options:
      - nosniff
      X-Frame-Options:
      - DENY
      X-Request-Id:
      - 8c9d29d2-23d8-494d-893b-dbf12a6fda83
    status: 200 OK
    code: 200
    duration: ""
- request:
    body: ""
    form: {}
    headers:
      User-Agent:
      - scaleway-sdk-go/v1.0.0-beta.7+dev (go1.20.4; linux; amd64) terraform-provider/develop
        terraform/terraform-tests
    url: https://api.scaleway.com/k8s/v1/regions/fr-par/pools/a675a1a9-a75a-49a7-a942-0f7e57d5ed6c
    method: DELETE
  response:
    body: '{"autohealing":true,"autoscaling":true,"cluster_id":"d1254149-8cbf-4f4f-9ef2-d19a6242d6ee","container_runtime":"containerd","created_at":"2023-09-01T16:16:02.100832Z","id":"a675a1a9-a75a-49a7-a942-0f7e57d5ed6c","kubelet_args":{"maxPods":"50"},"max_size":1,"min_size":1,"name":"default","node_type":"gp1_xs","placement_group_id":null,"region":"fr-par","root_volume_size":150000000000,"root_volume_type":"l_ssd","size":1,"status":"deleting","tags":["terraform-test","scaleway_k8s_cluster","kubelet_args"],"updated_at":"2023-09-01T16:21:19.624868810Z","upgrade_policy":{"max_surge":0,"max_unavailable":1},"version":"1.28.0","zone":"fr-par-1"}'
    headers:
      Content-Length:
      - "639"
      Content-Security-Policy:
      - default-src 'none'; frame-ancestors 'none'
      Content-Type:
      - application/json
      Date:
      - Fri, 01 Sep 2023 16:21:19 GMT
      Server:
      - Scaleway API-Gateway
      Strict-Transport-Security:
      - max-age=63072000
      X-Content-Type-Options:
      - nosniff
      X-Frame-Options:
      - DENY
      X-Request-Id:
      - acc4f6be-141e-4ea5-8756-7d50148a6000
    status: 200 OK
    code: 200
    duration: ""
- request:
    body: ""
    form: {}
    headers:
      User-Agent:
      - scaleway-sdk-go/v1.0.0-beta.7+dev (go1.20.4; linux; amd64) terraform-provider/develop
        terraform/terraform-tests
    url: https://api.scaleway.com/k8s/v1/regions/fr-par/clusters/d1254149-8cbf-4f4f-9ef2-d19a6242d6ee?with_additional_resources=true
    method: DELETE
  response:
    body: '{"admission_plugins":[],"apiserver_cert_sans":[],"audit_log":false,"auto_upgrade":{"enabled":false,"maintenance_window":{"day":"any","start_hour":0}},"autoscaler_config":{"balance_similar_node_groups":false,"estimator":"binpacking","expander":"random","expendable_pods_priority_cutoff":0,"ignore_daemonsets_utilization":false,"max_graceful_termination_sec":0,"scale_down_delay_after_add":"10m","scale_down_disabled":false,"scale_down_unneeded_time":"10m","scale_down_utilization_threshold":0.5},"cluster_url":"https://d1254149-8cbf-4f4f-9ef2-d19a6242d6ee.api.k8s.fr-par.scw.cloud:6443","cni":"cilium","commitment_ends_at":"2023-09-01T16:15:56.682654Z","created_at":"2023-09-01T16:15:56.682654Z","dashboard_enabled":false,"description":"","dns_wildcard":"*.d1254149-8cbf-4f4f-9ef2-d19a6242d6ee.nodes.k8s.fr-par.scw.cloud","feature_gates":[],"id":"d1254149-8cbf-4f4f-9ef2-d19a6242d6ee","ingress":"none","name":"K8SPoolConfigKubeletArgs","open_id_connect_config":{"client_id":"","groups_claim":[],"groups_prefix":"","issuer_url":"","required_claim":[],"username_claim":"","username_prefix":""},"organization_id":"fa1e3217-dc80-42ac-85c3-3f034b78b552","private_network_id":null,"project_id":"fa1e3217-dc80-42ac-85c3-3f034b78b552","region":"fr-par","status":"deleting","tags":["terraform-test","scaleway_k8s_cluster","kubelet_args"],"type":"kapsule","updated_at":"2023-09-01T16:21:19.697062889Z","upgrade_available":false,"version":"1.28.0"}'
    headers:
      Content-Length:
      - "1436"
      Content-Security-Policy:
      - default-src 'none'; frame-ancestors 'none'
      Content-Type:
      - application/json
      Date:
      - Fri, 01 Sep 2023 16:21:19 GMT
      Server:
      - Scaleway API-Gateway
      Strict-Transport-Security:
      - max-age=63072000
      X-Content-Type-Options:
      - nosniff
      X-Frame-Options:
      - DENY
      X-Request-Id:
      - 44a3ca6c-34c1-4b29-95bf-4a1b195dfe51
    status: 200 OK
    code: 200
    duration: ""
- request:
    body: ""
    form: {}
    headers:
      User-Agent:
      - scaleway-sdk-go/v1.0.0-beta.7+dev (go1.20.4; linux; amd64) terraform-provider/develop
        terraform/terraform-tests
    url: https://api.scaleway.com/k8s/v1/regions/fr-par/clusters/d1254149-8cbf-4f4f-9ef2-d19a6242d6ee
    method: GET
  response:
    body: '{"admission_plugins":[],"apiserver_cert_sans":[],"audit_log":false,"auto_upgrade":{"enabled":false,"maintenance_window":{"day":"any","start_hour":0}},"autoscaler_config":{"balance_similar_node_groups":false,"estimator":"binpacking","expander":"random","expendable_pods_priority_cutoff":0,"ignore_daemonsets_utilization":false,"max_graceful_termination_sec":0,"scale_down_delay_after_add":"10m","scale_down_disabled":false,"scale_down_unneeded_time":"10m","scale_down_utilization_threshold":0.5},"cluster_url":"https://d1254149-8cbf-4f4f-9ef2-d19a6242d6ee.api.k8s.fr-par.scw.cloud:6443","cni":"cilium","commitment_ends_at":"2023-09-01T16:15:56.682654Z","created_at":"2023-09-01T16:15:56.682654Z","dashboard_enabled":false,"description":"","dns_wildcard":"*.d1254149-8cbf-4f4f-9ef2-d19a6242d6ee.nodes.k8s.fr-par.scw.cloud","feature_gates":[],"id":"d1254149-8cbf-4f4f-9ef2-d19a6242d6ee","ingress":"none","name":"K8SPoolConfigKubeletArgs","open_id_connect_config":{"client_id":"","groups_claim":[],"groups_prefix":"","issuer_url":"","required_claim":[],"username_claim":"","username_prefix":""},"organization_id":"fa1e3217-dc80-42ac-85c3-3f034b78b552","private_network_id":null,"project_id":"fa1e3217-dc80-42ac-85c3-3f034b78b552","region":"fr-par","status":"deleting","tags":["terraform-test","scaleway_k8s_cluster","kubelet_args"],"type":"kapsule","updated_at":"2023-09-01T16:21:19.697063Z","upgrade_available":false,"version":"1.28.0"}'
    headers:
      Content-Length:
      - "1433"
      Content-Security-Policy:
      - default-src 'none'; frame-ancestors 'none'
      Content-Type:
      - application/json
      Date:
      - Fri, 01 Sep 2023 16:21:19 GMT
      Server:
      - Scaleway API-Gateway
      Strict-Transport-Security:
      - max-age=63072000
      X-Content-Type-Options:
      - nosniff
      X-Frame-Options:
      - DENY
      X-Request-Id:
      - 42583450-9faf-45ea-93de-c70e9881afe5
    status: 200 OK
    code: 200
    duration: ""
- request:
    body: ""
    form: {}
    headers:
      User-Agent:
      - scaleway-sdk-go/v1.0.0-beta.7+dev (go1.20.4; linux; amd64) terraform-provider/develop
        terraform/terraform-tests
    url: https://api.scaleway.com/k8s/v1/regions/fr-par/clusters/d1254149-8cbf-4f4f-9ef2-d19a6242d6ee
    method: GET
  response:
    body: '{"admission_plugins":[],"apiserver_cert_sans":[],"audit_log":false,"auto_upgrade":{"enabled":false,"maintenance_window":{"day":"any","start_hour":0}},"autoscaler_config":{"balance_similar_node_groups":false,"estimator":"binpacking","expander":"random","expendable_pods_priority_cutoff":0,"ignore_daemonsets_utilization":false,"max_graceful_termination_sec":0,"scale_down_delay_after_add":"10m","scale_down_disabled":false,"scale_down_unneeded_time":"10m","scale_down_utilization_threshold":0.5},"cluster_url":"https://d1254149-8cbf-4f4f-9ef2-d19a6242d6ee.api.k8s.fr-par.scw.cloud:6443","cni":"cilium","commitment_ends_at":"2023-09-01T16:15:56.682654Z","created_at":"2023-09-01T16:15:56.682654Z","dashboard_enabled":false,"description":"","dns_wildcard":"*.d1254149-8cbf-4f4f-9ef2-d19a6242d6ee.nodes.k8s.fr-par.scw.cloud","feature_gates":[],"id":"d1254149-8cbf-4f4f-9ef2-d19a6242d6ee","ingress":"none","name":"K8SPoolConfigKubeletArgs","open_id_connect_config":{"client_id":"","groups_claim":[],"groups_prefix":"","issuer_url":"","required_claim":[],"username_claim":"","username_prefix":""},"organization_id":"fa1e3217-dc80-42ac-85c3-3f034b78b552","private_network_id":null,"project_id":"fa1e3217-dc80-42ac-85c3-3f034b78b552","region":"fr-par","status":"deleting","tags":["terraform-test","scaleway_k8s_cluster","kubelet_args"],"type":"kapsule","updated_at":"2023-09-01T16:21:19.697063Z","upgrade_available":false,"version":"1.28.0"}'
    headers:
      Content-Length:
      - "1433"
      Content-Security-Policy:
      - default-src 'none'; frame-ancestors 'none'
      Content-Type:
      - application/json
      Date:
      - Fri, 01 Sep 2023 16:21:24 GMT
      Server:
      - Scaleway API-Gateway
      Strict-Transport-Security:
      - max-age=63072000
      X-Content-Type-Options:
      - nosniff
      X-Frame-Options:
      - DENY
      X-Request-Id:
      - 6cb41c92-d156-41f9-b6d4-1792d37461b7
    status: 200 OK
    code: 200
    duration: ""
- request:
    body: ""
    form: {}
    headers:
      User-Agent:
      - scaleway-sdk-go/v1.0.0-beta.7+dev (go1.20.4; linux; amd64) terraform-provider/develop
        terraform/terraform-tests
    url: https://api.scaleway.com/k8s/v1/regions/fr-par/clusters/d1254149-8cbf-4f4f-9ef2-d19a6242d6ee
    method: GET
  response:
    body: '{"admission_plugins":[],"apiserver_cert_sans":[],"audit_log":false,"auto_upgrade":{"enabled":false,"maintenance_window":{"day":"any","start_hour":0}},"autoscaler_config":{"balance_similar_node_groups":false,"estimator":"binpacking","expander":"random","expendable_pods_priority_cutoff":0,"ignore_daemonsets_utilization":false,"max_graceful_termination_sec":0,"scale_down_delay_after_add":"10m","scale_down_disabled":false,"scale_down_unneeded_time":"10m","scale_down_utilization_threshold":0.5},"cluster_url":"https://d1254149-8cbf-4f4f-9ef2-d19a6242d6ee.api.k8s.fr-par.scw.cloud:6443","cni":"cilium","commitment_ends_at":"2023-09-01T16:15:56.682654Z","created_at":"2023-09-01T16:15:56.682654Z","dashboard_enabled":false,"description":"","dns_wildcard":"*.d1254149-8cbf-4f4f-9ef2-d19a6242d6ee.nodes.k8s.fr-par.scw.cloud","feature_gates":[],"id":"d1254149-8cbf-4f4f-9ef2-d19a6242d6ee","ingress":"none","name":"K8SPoolConfigKubeletArgs","open_id_connect_config":{"client_id":"","groups_claim":[],"groups_prefix":"","issuer_url":"","required_claim":[],"username_claim":"","username_prefix":""},"organization_id":"fa1e3217-dc80-42ac-85c3-3f034b78b552","private_network_id":null,"project_id":"fa1e3217-dc80-42ac-85c3-3f034b78b552","region":"fr-par","status":"deleting","tags":["terraform-test","scaleway_k8s_cluster","kubelet_args"],"type":"kapsule","updated_at":"2023-09-01T16:21:19.697063Z","upgrade_available":false,"version":"1.28.0"}'
    headers:
      Content-Length:
      - "1433"
      Content-Security-Policy:
      - default-src 'none'; frame-ancestors 'none'
      Content-Type:
      - application/json
      Date:
      - Fri, 01 Sep 2023 16:21:29 GMT
      Server:
      - Scaleway API-Gateway
      Strict-Transport-Security:
      - max-age=63072000
      X-Content-Type-Options:
      - nosniff
      X-Frame-Options:
      - DENY
      X-Request-Id:
      - 849ddddb-f440-4682-b796-315fb0a598da
    status: 200 OK
    code: 200
    duration: ""
- request:
    body: ""
    form: {}
    headers:
      User-Agent:
      - scaleway-sdk-go/v1.0.0-beta.7+dev (go1.20.4; linux; amd64) terraform-provider/develop
        terraform/terraform-tests
    url: https://api.scaleway.com/k8s/v1/regions/fr-par/clusters/d1254149-8cbf-4f4f-9ef2-d19a6242d6ee
    method: GET
  response:
    body: '{"admission_plugins":[],"apiserver_cert_sans":[],"audit_log":false,"auto_upgrade":{"enabled":false,"maintenance_window":{"day":"any","start_hour":0}},"autoscaler_config":{"balance_similar_node_groups":false,"estimator":"binpacking","expander":"random","expendable_pods_priority_cutoff":0,"ignore_daemonsets_utilization":false,"max_graceful_termination_sec":0,"scale_down_delay_after_add":"10m","scale_down_disabled":false,"scale_down_unneeded_time":"10m","scale_down_utilization_threshold":0.5},"cluster_url":"https://d1254149-8cbf-4f4f-9ef2-d19a6242d6ee.api.k8s.fr-par.scw.cloud:6443","cni":"cilium","commitment_ends_at":"2023-09-01T16:15:56.682654Z","created_at":"2023-09-01T16:15:56.682654Z","dashboard_enabled":false,"description":"","dns_wildcard":"*.d1254149-8cbf-4f4f-9ef2-d19a6242d6ee.nodes.k8s.fr-par.scw.cloud","feature_gates":[],"id":"d1254149-8cbf-4f4f-9ef2-d19a6242d6ee","ingress":"none","name":"K8SPoolConfigKubeletArgs","open_id_connect_config":{"client_id":"","groups_claim":[],"groups_prefix":"","issuer_url":"","required_claim":[],"username_claim":"","username_prefix":""},"organization_id":"fa1e3217-dc80-42ac-85c3-3f034b78b552","private_network_id":null,"project_id":"fa1e3217-dc80-42ac-85c3-3f034b78b552","region":"fr-par","status":"deleting","tags":["terraform-test","scaleway_k8s_cluster","kubelet_args"],"type":"kapsule","updated_at":"2023-09-01T16:21:19.697063Z","upgrade_available":false,"version":"1.28.0"}'
    headers:
      Content-Length:
      - "1433"
      Content-Security-Policy:
      - default-src 'none'; frame-ancestors 'none'
      Content-Type:
      - application/json
      Date:
      - Fri, 01 Sep 2023 16:21:34 GMT
      Server:
      - Scaleway API-Gateway
      Strict-Transport-Security:
      - max-age=63072000
      X-Content-Type-Options:
      - nosniff
      X-Frame-Options:
      - DENY
      X-Request-Id:
      - 0ba3ce87-273f-44a5-bcf3-8b4610294a6e
    status: 200 OK
    code: 200
    duration: ""
- request:
    body: ""
    form: {}
    headers:
      User-Agent:
      - scaleway-sdk-go/v1.0.0-beta.7+dev (go1.20.4; linux; amd64) terraform-provider/develop
        terraform/terraform-tests
    url: https://api.scaleway.com/k8s/v1/regions/fr-par/clusters/d1254149-8cbf-4f4f-9ef2-d19a6242d6ee
    method: GET
  response:
    body: '{"admission_plugins":[],"apiserver_cert_sans":[],"audit_log":false,"auto_upgrade":{"enabled":false,"maintenance_window":{"day":"any","start_hour":0}},"autoscaler_config":{"balance_similar_node_groups":false,"estimator":"binpacking","expander":"random","expendable_pods_priority_cutoff":0,"ignore_daemonsets_utilization":false,"max_graceful_termination_sec":0,"scale_down_delay_after_add":"10m","scale_down_disabled":false,"scale_down_unneeded_time":"10m","scale_down_utilization_threshold":0.5},"cluster_url":"https://d1254149-8cbf-4f4f-9ef2-d19a6242d6ee.api.k8s.fr-par.scw.cloud:6443","cni":"cilium","commitment_ends_at":"2023-09-01T16:15:56.682654Z","created_at":"2023-09-01T16:15:56.682654Z","dashboard_enabled":false,"description":"","dns_wildcard":"*.d1254149-8cbf-4f4f-9ef2-d19a6242d6ee.nodes.k8s.fr-par.scw.cloud","feature_gates":[],"id":"d1254149-8cbf-4f4f-9ef2-d19a6242d6ee","ingress":"none","name":"K8SPoolConfigKubeletArgs","open_id_connect_config":{"client_id":"","groups_claim":[],"groups_prefix":"","issuer_url":"","required_claim":[],"username_claim":"","username_prefix":""},"organization_id":"fa1e3217-dc80-42ac-85c3-3f034b78b552","private_network_id":null,"project_id":"fa1e3217-dc80-42ac-85c3-3f034b78b552","region":"fr-par","status":"deleting","tags":["terraform-test","scaleway_k8s_cluster","kubelet_args"],"type":"kapsule","updated_at":"2023-09-01T16:21:19.697063Z","upgrade_available":false,"version":"1.28.0"}'
    headers:
      Content-Length:
      - "1433"
      Content-Security-Policy:
      - default-src 'none'; frame-ancestors 'none'
      Content-Type:
      - application/json
      Date:
      - Fri, 01 Sep 2023 16:21:39 GMT
      Server:
      - Scaleway API-Gateway
      Strict-Transport-Security:
      - max-age=63072000
      X-Content-Type-Options:
      - nosniff
      X-Frame-Options:
      - DENY
      X-Request-Id:
      - b8a0b687-0b29-4006-bc5f-c08e2884f6b2
    status: 200 OK
    code: 200
    duration: ""
- request:
    body: ""
    form: {}
    headers:
      User-Agent:
      - scaleway-sdk-go/v1.0.0-beta.7+dev (go1.20.4; linux; amd64) terraform-provider/develop
        terraform/terraform-tests
    url: https://api.scaleway.com/k8s/v1/regions/fr-par/clusters/d1254149-8cbf-4f4f-9ef2-d19a6242d6ee
    method: GET
  response:
    body: '{"admission_plugins":[],"apiserver_cert_sans":[],"audit_log":false,"auto_upgrade":{"enabled":false,"maintenance_window":{"day":"any","start_hour":0}},"autoscaler_config":{"balance_similar_node_groups":false,"estimator":"binpacking","expander":"random","expendable_pods_priority_cutoff":0,"ignore_daemonsets_utilization":false,"max_graceful_termination_sec":0,"scale_down_delay_after_add":"10m","scale_down_disabled":false,"scale_down_unneeded_time":"10m","scale_down_utilization_threshold":0.5},"cluster_url":"https://d1254149-8cbf-4f4f-9ef2-d19a6242d6ee.api.k8s.fr-par.scw.cloud:6443","cni":"cilium","commitment_ends_at":"2023-09-01T16:15:56.682654Z","created_at":"2023-09-01T16:15:56.682654Z","dashboard_enabled":false,"description":"","dns_wildcard":"*.d1254149-8cbf-4f4f-9ef2-d19a6242d6ee.nodes.k8s.fr-par.scw.cloud","feature_gates":[],"id":"d1254149-8cbf-4f4f-9ef2-d19a6242d6ee","ingress":"none","name":"K8SPoolConfigKubeletArgs","open_id_connect_config":{"client_id":"","groups_claim":[],"groups_prefix":"","issuer_url":"","required_claim":[],"username_claim":"","username_prefix":""},"organization_id":"fa1e3217-dc80-42ac-85c3-3f034b78b552","private_network_id":null,"project_id":"fa1e3217-dc80-42ac-85c3-3f034b78b552","region":"fr-par","status":"deleting","tags":["terraform-test","scaleway_k8s_cluster","kubelet_args"],"type":"kapsule","updated_at":"2023-09-01T16:21:19.697063Z","upgrade_available":false,"version":"1.28.0"}'
    headers:
      Content-Length:
      - "1433"
      Content-Security-Policy:
      - default-src 'none'; frame-ancestors 'none'
      Content-Type:
      - application/json
      Date:
      - Fri, 01 Sep 2023 16:21:45 GMT
      Server:
      - Scaleway API-Gateway
      Strict-Transport-Security:
      - max-age=63072000
      X-Content-Type-Options:
      - nosniff
      X-Frame-Options:
      - DENY
      X-Request-Id:
      - 7aee9e97-0f46-48a7-a24c-f6a8507fad36
    status: 200 OK
    code: 200
    duration: ""
- request:
    body: ""
    form: {}
    headers:
      User-Agent:
      - scaleway-sdk-go/v1.0.0-beta.7+dev (go1.20.4; linux; amd64) terraform-provider/develop
        terraform/terraform-tests
    url: https://api.scaleway.com/k8s/v1/regions/fr-par/clusters/d1254149-8cbf-4f4f-9ef2-d19a6242d6ee
    method: GET
  response:
    body: '{"admission_plugins":[],"apiserver_cert_sans":[],"audit_log":false,"auto_upgrade":{"enabled":false,"maintenance_window":{"day":"any","start_hour":0}},"autoscaler_config":{"balance_similar_node_groups":false,"estimator":"binpacking","expander":"random","expendable_pods_priority_cutoff":0,"ignore_daemonsets_utilization":false,"max_graceful_termination_sec":0,"scale_down_delay_after_add":"10m","scale_down_disabled":false,"scale_down_unneeded_time":"10m","scale_down_utilization_threshold":0.5},"cluster_url":"https://d1254149-8cbf-4f4f-9ef2-d19a6242d6ee.api.k8s.fr-par.scw.cloud:6443","cni":"cilium","commitment_ends_at":"2023-09-01T16:15:56.682654Z","created_at":"2023-09-01T16:15:56.682654Z","dashboard_enabled":false,"description":"","dns_wildcard":"*.d1254149-8cbf-4f4f-9ef2-d19a6242d6ee.nodes.k8s.fr-par.scw.cloud","feature_gates":[],"id":"d1254149-8cbf-4f4f-9ef2-d19a6242d6ee","ingress":"none","name":"K8SPoolConfigKubeletArgs","open_id_connect_config":{"client_id":"","groups_claim":[],"groups_prefix":"","issuer_url":"","required_claim":[],"username_claim":"","username_prefix":""},"organization_id":"fa1e3217-dc80-42ac-85c3-3f034b78b552","private_network_id":null,"project_id":"fa1e3217-dc80-42ac-85c3-3f034b78b552","region":"fr-par","status":"deleting","tags":["terraform-test","scaleway_k8s_cluster","kubelet_args"],"type":"kapsule","updated_at":"2023-09-01T16:21:19.697063Z","upgrade_available":false,"version":"1.28.0"}'
    headers:
      Content-Length:
      - "1433"
      Content-Security-Policy:
      - default-src 'none'; frame-ancestors 'none'
      Content-Type:
      - application/json
      Date:
      - Fri, 01 Sep 2023 16:21:50 GMT
      Server:
      - Scaleway API-Gateway
      Strict-Transport-Security:
      - max-age=63072000
      X-Content-Type-Options:
      - nosniff
      X-Frame-Options:
      - DENY
      X-Request-Id:
      - 472069d2-27e1-413d-bf8d-d505e629de95
    status: 200 OK
    code: 200
    duration: ""
- request:
    body: ""
    form: {}
    headers:
      User-Agent:
      - scaleway-sdk-go/v1.0.0-beta.7+dev (go1.20.4; linux; amd64) terraform-provider/develop
        terraform/terraform-tests
    url: https://api.scaleway.com/k8s/v1/regions/fr-par/clusters/d1254149-8cbf-4f4f-9ef2-d19a6242d6ee
    method: GET
  response:
    body: '{"message":"resource is not found","resource":"cluster","resource_id":"d1254149-8cbf-4f4f-9ef2-d19a6242d6ee","type":"not_found"}'
    headers:
      Content-Length:
      - "128"
      Content-Security-Policy:
      - default-src 'none'; frame-ancestors 'none'
      Content-Type:
      - application/json
      Date:
      - Fri, 01 Sep 2023 16:21:55 GMT
      Server:
      - Scaleway API-Gateway
      Strict-Transport-Security:
      - max-age=63072000
      X-Content-Type-Options:
      - nosniff
      X-Frame-Options:
      - DENY
      X-Request-Id:
      - 6fd0b782-8d44-403c-b82d-0379d77506b2
    status: 404 Not Found
    code: 404
    duration: ""
- request:
    body: ""
    form: {}
    headers:
      User-Agent:
      - scaleway-sdk-go/v1.0.0-beta.7+dev (go1.20.4; linux; amd64) terraform-provider/develop
        terraform/terraform-tests
    url: https://api.scaleway.com/k8s/v1/regions/fr-par/clusters/d1254149-8cbf-4f4f-9ef2-d19a6242d6ee
    method: GET
  response:
    body: '{"message":"resource is not found","resource":"cluster","resource_id":"d1254149-8cbf-4f4f-9ef2-d19a6242d6ee","type":"not_found"}'
    headers:
      Content-Length:
      - "128"
      Content-Security-Policy:
      - default-src 'none'; frame-ancestors 'none'
      Content-Type:
      - application/json
      Date:
      - Fri, 01 Sep 2023 16:21:55 GMT
      Server:
      - Scaleway API-Gateway
      Strict-Transport-Security:
      - max-age=63072000
      X-Content-Type-Options:
      - nosniff
      X-Frame-Options:
      - DENY
      X-Request-Id:
      - 1187bd3f-8a01-431b-a3c2-ab371c34b18e
    status: 404 Not Found
    code: 404
    duration: ""
