---
version: 1
interactions:
- request:
    body: ""
    form: {}
    headers:
      User-Agent:
      - scaleway-sdk-go/v1.0.0-beta.7+dev (go1.20.4; linux; amd64) terraform-provider/develop
        terraform/terraform-tests
    url: https://api.scaleway.com/k8s/v1/regions/fr-par/versions
    method: GET
  response:
    body: '{"versions":[{"available_admission_plugins":["PodNodeSelector","AlwaysPullImages","PodTolerationRestriction"],"available_cnis":["cilium","calico","kilo"],"available_container_runtimes":["containerd"],"available_feature_gates":["HPAScaleToZero","GRPCContainerProbe","ReadWriteOncePod","ValidatingAdmissionPolicy","CSINodeExpandSecret"],"available_ingresses":["none"],"available_kubelet_args":{"containerLogMaxFiles":"uint16","containerLogMaxSize":"quantity","cpuCFSQuota":"bool","cpuCFSQuotaPeriod":"duration","cpuManagerPolicy":"enum:none|static","enableDebuggingHandlers":"bool","imageGCHighThresholdPercent":"uint32","imageGCLowThresholdPercent":"uint32","maxPods":"uint16"},"label":"Kubernetes
      1.27.2","name":"1.27.2","region":"fr-par"},{"available_admission_plugins":["PodNodeSelector","AlwaysPullImages","PodTolerationRestriction"],"available_cnis":["cilium","calico","kilo"],"available_container_runtimes":["containerd"],"available_feature_gates":["HPAScaleToZero","GRPCContainerProbe","ReadWriteOncePod","ValidatingAdmissionPolicy","CSINodeExpandSecret"],"available_ingresses":["none"],"available_kubelet_args":{"containerLogMaxFiles":"uint16","containerLogMaxSize":"quantity","cpuCFSQuota":"bool","cpuCFSQuotaPeriod":"duration","cpuManagerPolicy":"enum:none|static","enableDebuggingHandlers":"bool","imageGCHighThresholdPercent":"uint32","imageGCLowThresholdPercent":"uint32","maxPods":"uint16"},"label":"Kubernetes
      1.26.5","name":"1.26.5","region":"fr-par"},{"available_admission_plugins":["PodNodeSelector","AlwaysPullImages","PodTolerationRestriction"],"available_cnis":["cilium","calico","kilo"],"available_container_runtimes":["containerd"],"available_feature_gates":["HPAScaleToZero","KubeletCredentialProviders","GRPCContainerProbe","ReadWriteOncePod","CSINodeExpandSecret"],"available_ingresses":["none"],"available_kubelet_args":{"containerLogMaxFiles":"uint16","containerLogMaxSize":"quantity","cpuCFSQuota":"bool","cpuCFSQuotaPeriod":"duration","cpuManagerPolicy":"enum:none|static","enableDebuggingHandlers":"bool","imageGCHighThresholdPercent":"uint32","imageGCLowThresholdPercent":"uint32","maxPods":"uint16"},"label":"Kubernetes
      1.25.10","name":"1.25.10","region":"fr-par"},{"available_admission_plugins":["PodSecurityPolicy","PodNodeSelector","AlwaysPullImages","PodTolerationRestriction"],"available_cnis":["cilium","calico","weave","flannel","kilo"],"available_container_runtimes":["containerd","crio"],"available_feature_gates":["HPAScaleToZero","EphemeralContainers","KubeletCredentialProviders","GRPCContainerProbe","ReadWriteOncePod"],"available_ingresses":["none"],"available_kubelet_args":{"containerLogMaxFiles":"uint16","containerLogMaxSize":"quantity","cpuCFSQuota":"bool","cpuCFSQuotaPeriod":"duration","cpuManagerPolicy":"enum:none|static","enableDebuggingHandlers":"bool","imageGCHighThresholdPercent":"uint32","imageGCLowThresholdPercent":"uint32","maxPods":"uint16"},"label":"Kubernetes
      1.24.14","name":"1.24.14","region":"fr-par"},{"available_admission_plugins":["PodSecurityPolicy","PodNodeSelector","AlwaysPullImages","PodTolerationRestriction"],"available_cnis":["cilium","calico","weave","flannel","kilo"],"available_container_runtimes":["containerd","crio","docker"],"available_feature_gates":["HPAScaleToZero","EphemeralContainers","KubeletCredentialProviders","GRPCContainerProbe"],"available_ingresses":["none","nginx","traefik2"],"available_kubelet_args":{"containerLogMaxFiles":"uint16","containerLogMaxSize":"quantity","cpuCFSQuota":"bool","cpuCFSQuotaPeriod":"duration","cpuManagerPolicy":"enum:none|static","enableDebuggingHandlers":"bool","imageGCHighThresholdPercent":"uint32","imageGCLowThresholdPercent":"uint32","maxPods":"uint16"},"label":"Kubernetes
      1.23.17","name":"1.23.17","region":"fr-par"}]}'
    headers:
      Content-Length:
      - "3891"
      Content-Security-Policy:
      - default-src 'none'; frame-ancestors 'none'
      Content-Type:
      - application/json
      Date:
      - Thu, 27 Jul 2023 15:25:43 GMT
      Server:
      - Scaleway API-Gateway
      Strict-Transport-Security:
      - max-age=63072000
      X-Content-Type-Options:
      - nosniff
      X-Frame-Options:
      - DENY
      X-Request-Id:
      - 7b8720c4-ac74-4f0b-9548-163149a4c15b
    status: 200 OK
    code: 200
    duration: ""
- request:
    body: ""
    form: {}
    headers:
      User-Agent:
      - scaleway-sdk-go/v1.0.0-beta.7+dev (go1.20.4; linux; amd64) terraform-provider/develop
        terraform/terraform-tests
    url: https://api.scaleway.com/k8s/v1/regions/fr-par/versions
    method: GET
  response:
    body: '{"versions":[{"available_admission_plugins":["PodNodeSelector","AlwaysPullImages","PodTolerationRestriction"],"available_cnis":["cilium","calico","kilo"],"available_container_runtimes":["containerd"],"available_feature_gates":["HPAScaleToZero","GRPCContainerProbe","ReadWriteOncePod","ValidatingAdmissionPolicy","CSINodeExpandSecret"],"available_ingresses":["none"],"available_kubelet_args":{"containerLogMaxFiles":"uint16","containerLogMaxSize":"quantity","cpuCFSQuota":"bool","cpuCFSQuotaPeriod":"duration","cpuManagerPolicy":"enum:none|static","enableDebuggingHandlers":"bool","imageGCHighThresholdPercent":"uint32","imageGCLowThresholdPercent":"uint32","maxPods":"uint16"},"label":"Kubernetes
      1.27.2","name":"1.27.2","region":"fr-par"},{"available_admission_plugins":["PodNodeSelector","AlwaysPullImages","PodTolerationRestriction"],"available_cnis":["cilium","calico","kilo"],"available_container_runtimes":["containerd"],"available_feature_gates":["HPAScaleToZero","GRPCContainerProbe","ReadWriteOncePod","ValidatingAdmissionPolicy","CSINodeExpandSecret"],"available_ingresses":["none"],"available_kubelet_args":{"containerLogMaxFiles":"uint16","containerLogMaxSize":"quantity","cpuCFSQuota":"bool","cpuCFSQuotaPeriod":"duration","cpuManagerPolicy":"enum:none|static","enableDebuggingHandlers":"bool","imageGCHighThresholdPercent":"uint32","imageGCLowThresholdPercent":"uint32","maxPods":"uint16"},"label":"Kubernetes
      1.26.5","name":"1.26.5","region":"fr-par"},{"available_admission_plugins":["PodNodeSelector","AlwaysPullImages","PodTolerationRestriction"],"available_cnis":["cilium","calico","kilo"],"available_container_runtimes":["containerd"],"available_feature_gates":["HPAScaleToZero","KubeletCredentialProviders","GRPCContainerProbe","ReadWriteOncePod","CSINodeExpandSecret"],"available_ingresses":["none"],"available_kubelet_args":{"containerLogMaxFiles":"uint16","containerLogMaxSize":"quantity","cpuCFSQuota":"bool","cpuCFSQuotaPeriod":"duration","cpuManagerPolicy":"enum:none|static","enableDebuggingHandlers":"bool","imageGCHighThresholdPercent":"uint32","imageGCLowThresholdPercent":"uint32","maxPods":"uint16"},"label":"Kubernetes
      1.25.10","name":"1.25.10","region":"fr-par"},{"available_admission_plugins":["PodSecurityPolicy","PodNodeSelector","AlwaysPullImages","PodTolerationRestriction"],"available_cnis":["cilium","calico","weave","flannel","kilo"],"available_container_runtimes":["containerd","crio"],"available_feature_gates":["HPAScaleToZero","EphemeralContainers","KubeletCredentialProviders","GRPCContainerProbe","ReadWriteOncePod"],"available_ingresses":["none"],"available_kubelet_args":{"containerLogMaxFiles":"uint16","containerLogMaxSize":"quantity","cpuCFSQuota":"bool","cpuCFSQuotaPeriod":"duration","cpuManagerPolicy":"enum:none|static","enableDebuggingHandlers":"bool","imageGCHighThresholdPercent":"uint32","imageGCLowThresholdPercent":"uint32","maxPods":"uint16"},"label":"Kubernetes
      1.24.14","name":"1.24.14","region":"fr-par"},{"available_admission_plugins":["PodSecurityPolicy","PodNodeSelector","AlwaysPullImages","PodTolerationRestriction"],"available_cnis":["cilium","calico","weave","flannel","kilo"],"available_container_runtimes":["containerd","crio","docker"],"available_feature_gates":["HPAScaleToZero","EphemeralContainers","KubeletCredentialProviders","GRPCContainerProbe"],"available_ingresses":["none","nginx","traefik2"],"available_kubelet_args":{"containerLogMaxFiles":"uint16","containerLogMaxSize":"quantity","cpuCFSQuota":"bool","cpuCFSQuotaPeriod":"duration","cpuManagerPolicy":"enum:none|static","enableDebuggingHandlers":"bool","imageGCHighThresholdPercent":"uint32","imageGCLowThresholdPercent":"uint32","maxPods":"uint16"},"label":"Kubernetes
      1.23.17","name":"1.23.17","region":"fr-par"}]}'
    headers:
      Content-Length:
      - "3891"
      Content-Security-Policy:
      - default-src 'none'; frame-ancestors 'none'
      Content-Type:
      - application/json
      Date:
      - Thu, 27 Jul 2023 15:25:44 GMT
      Server:
      - Scaleway API-Gateway
      Strict-Transport-Security:
      - max-age=63072000
      X-Content-Type-Options:
      - nosniff
      X-Frame-Options:
      - DENY
      X-Request-Id:
      - 7119d059-ff6e-4351-811e-3ec72b0d4850
    status: 200 OK
    code: 200
    duration: ""
- request:
    body: '{"project_id":"fa1e3217-dc80-42ac-85c3-3f034b78b552","type":"","name":"cluster","description":"","tags":null,"version":"1.27.2","cni":"cilium","pools":null,"autoscaler_config":{"scale_down_disabled":null,"scale_down_delay_after_add":null,"estimator":"unknown_estimator","expander":"unknown_expander","ignore_daemonsets_utilization":null,"balance_similar_node_groups":null,"expendable_pods_priority_cutoff":0,"scale_down_unneeded_time":null,"scale_down_utilization_threshold":null,"max_graceful_termination_sec":0},"auto_upgrade":{"enable":true,"maintenance_window":{"start_hour":12,"day":"monday"}},"feature_gates":null,"admission_plugins":null,"open_id_connect_config":null,"apiserver_cert_sans":null,"private_network_id":null}'
    form: {}
    headers:
      Content-Type:
      - application/json
      User-Agent:
      - scaleway-sdk-go/v1.0.0-beta.7+dev (go1.20.4; linux; amd64) terraform-provider/develop
        terraform/terraform-tests
    url: https://api.scaleway.com/k8s/v1/regions/fr-par/clusters
    method: POST
  response:
    body: '{"admission_plugins":[],"apiserver_cert_sans":[],"audit_log":false,"auto_upgrade":{"enabled":true,"maintenance_window":{"day":"monday","start_hour":12}},"autoscaler_config":{"balance_similar_node_groups":false,"estimator":"binpacking","expander":"random","expendable_pods_priority_cutoff":0,"ignore_daemonsets_utilization":false,"max_graceful_termination_sec":0,"scale_down_delay_after_add":"10m","scale_down_disabled":false,"scale_down_unneeded_time":"10m","scale_down_utilization_threshold":0.5},"cluster_url":"https://9a4207d7-b534-4d40-86f3-f92185a6f32f.api.k8s.fr-par.scw.cloud:6443","cni":"cilium","commitment_ends_at":"2023-07-27T15:25:44.802323675Z","created_at":"2023-07-27T15:25:44.802323675Z","dashboard_enabled":false,"description":"","dns_wildcard":"*.9a4207d7-b534-4d40-86f3-f92185a6f32f.nodes.k8s.fr-par.scw.cloud","feature_gates":[],"id":"9a4207d7-b534-4d40-86f3-f92185a6f32f","ingress":"none","name":"cluster","open_id_connect_config":{"client_id":"","groups_claim":[],"groups_prefix":"","issuer_url":"","required_claim":[],"username_claim":"","username_prefix":""},"organization_id":"fa1e3217-dc80-42ac-85c3-3f034b78b552","private_network_id":null,"project_id":"fa1e3217-dc80-42ac-85c3-3f034b78b552","region":"fr-par","status":"creating","tags":[],"type":"kapsule","updated_at":"2023-07-27T15:25:44.813151247Z","upgrade_available":false,"version":"1.27.2"}'
    headers:
      Content-Length:
      - "1417"
      Content-Security-Policy:
      - default-src 'none'; frame-ancestors 'none'
      Content-Type:
      - application/json
      Date:
      - Thu, 27 Jul 2023 15:25:45 GMT
      Server:
      - Scaleway API-Gateway
      Strict-Transport-Security:
      - max-age=63072000
      X-Content-Type-Options:
      - nosniff
      X-Frame-Options:
      - DENY
      X-Request-Id:
      - f588507a-c2ea-4911-9a01-2875a2dbb5b5
    status: 200 OK
    code: 200
    duration: ""
- request:
    body: ""
    form: {}
    headers:
      User-Agent:
      - scaleway-sdk-go/v1.0.0-beta.7+dev (go1.20.4; linux; amd64) terraform-provider/develop
        terraform/terraform-tests
    url: https://api.scaleway.com/k8s/v1/regions/fr-par/clusters/9a4207d7-b534-4d40-86f3-f92185a6f32f
    method: GET
  response:
    body: '{"admission_plugins":[],"apiserver_cert_sans":[],"audit_log":false,"auto_upgrade":{"enabled":true,"maintenance_window":{"day":"monday","start_hour":12}},"autoscaler_config":{"balance_similar_node_groups":false,"estimator":"binpacking","expander":"random","expendable_pods_priority_cutoff":0,"ignore_daemonsets_utilization":false,"max_graceful_termination_sec":0,"scale_down_delay_after_add":"10m","scale_down_disabled":false,"scale_down_unneeded_time":"10m","scale_down_utilization_threshold":0.5},"cluster_url":"https://9a4207d7-b534-4d40-86f3-f92185a6f32f.api.k8s.fr-par.scw.cloud:6443","cni":"cilium","commitment_ends_at":"2023-07-27T15:25:44.802324Z","created_at":"2023-07-27T15:25:44.802324Z","dashboard_enabled":false,"description":"","dns_wildcard":"*.9a4207d7-b534-4d40-86f3-f92185a6f32f.nodes.k8s.fr-par.scw.cloud","feature_gates":[],"id":"9a4207d7-b534-4d40-86f3-f92185a6f32f","ingress":"none","name":"cluster","open_id_connect_config":{"client_id":"","groups_claim":[],"groups_prefix":"","issuer_url":"","required_claim":[],"username_claim":"","username_prefix":""},"organization_id":"fa1e3217-dc80-42ac-85c3-3f034b78b552","private_network_id":null,"project_id":"fa1e3217-dc80-42ac-85c3-3f034b78b552","region":"fr-par","status":"creating","tags":[],"type":"kapsule","updated_at":"2023-07-27T15:25:44.813151Z","upgrade_available":false,"version":"1.27.2"}'
    headers:
      Content-Length:
      - "1408"
      Content-Security-Policy:
      - default-src 'none'; frame-ancestors 'none'
      Content-Type:
      - application/json
      Date:
      - Thu, 27 Jul 2023 15:25:45 GMT
      Server:
      - Scaleway API-Gateway
      Strict-Transport-Security:
      - max-age=63072000
      X-Content-Type-Options:
      - nosniff
      X-Frame-Options:
      - DENY
      X-Request-Id:
      - 7d117625-0657-4c10-ba9d-0a011f4bd220
    status: 200 OK
    code: 200
    duration: ""
- request:
    body: ""
    form: {}
    headers:
      User-Agent:
      - scaleway-sdk-go/v1.0.0-beta.7+dev (go1.20.4; linux; amd64) terraform-provider/develop
        terraform/terraform-tests
    url: https://api.scaleway.com/k8s/v1/regions/fr-par/clusters/9a4207d7-b534-4d40-86f3-f92185a6f32f
    method: GET
  response:
    body: '{"admission_plugins":[],"apiserver_cert_sans":[],"audit_log":false,"auto_upgrade":{"enabled":true,"maintenance_window":{"day":"monday","start_hour":12}},"autoscaler_config":{"balance_similar_node_groups":false,"estimator":"binpacking","expander":"random","expendable_pods_priority_cutoff":0,"ignore_daemonsets_utilization":false,"max_graceful_termination_sec":0,"scale_down_delay_after_add":"10m","scale_down_disabled":false,"scale_down_unneeded_time":"10m","scale_down_utilization_threshold":0.5},"cluster_url":"https://9a4207d7-b534-4d40-86f3-f92185a6f32f.api.k8s.fr-par.scw.cloud:6443","cni":"cilium","commitment_ends_at":"2023-07-27T15:25:44.802324Z","created_at":"2023-07-27T15:25:44.802324Z","dashboard_enabled":false,"description":"","dns_wildcard":"*.9a4207d7-b534-4d40-86f3-f92185a6f32f.nodes.k8s.fr-par.scw.cloud","feature_gates":[],"id":"9a4207d7-b534-4d40-86f3-f92185a6f32f","ingress":"none","name":"cluster","open_id_connect_config":{"client_id":"","groups_claim":[],"groups_prefix":"","issuer_url":"","required_claim":[],"username_claim":"","username_prefix":""},"organization_id":"fa1e3217-dc80-42ac-85c3-3f034b78b552","private_network_id":null,"project_id":"fa1e3217-dc80-42ac-85c3-3f034b78b552","region":"fr-par","status":"pool_required","tags":[],"type":"kapsule","updated_at":"2023-07-27T15:25:47.133946Z","upgrade_available":false,"version":"1.27.2"}'
    headers:
      Content-Length:
      - "1413"
      Content-Security-Policy:
      - default-src 'none'; frame-ancestors 'none'
      Content-Type:
      - application/json
      Date:
      - Thu, 27 Jul 2023 15:25:50 GMT
      Server:
      - Scaleway API-Gateway
      Strict-Transport-Security:
      - max-age=63072000
      X-Content-Type-Options:
      - nosniff
      X-Frame-Options:
      - DENY
      X-Request-Id:
      - ce4c9b0e-2a08-4c99-bf50-f149155b1956
    status: 200 OK
    code: 200
    duration: ""
- request:
    body: ""
    form: {}
    headers:
      User-Agent:
      - scaleway-sdk-go/v1.0.0-beta.7+dev (go1.20.4; linux; amd64) terraform-provider/develop
        terraform/terraform-tests
    url: https://api.scaleway.com/k8s/v1/regions/fr-par/clusters/9a4207d7-b534-4d40-86f3-f92185a6f32f
    method: GET
  response:
    body: '{"admission_plugins":[],"apiserver_cert_sans":[],"audit_log":false,"auto_upgrade":{"enabled":true,"maintenance_window":{"day":"monday","start_hour":12}},"autoscaler_config":{"balance_similar_node_groups":false,"estimator":"binpacking","expander":"random","expendable_pods_priority_cutoff":0,"ignore_daemonsets_utilization":false,"max_graceful_termination_sec":0,"scale_down_delay_after_add":"10m","scale_down_disabled":false,"scale_down_unneeded_time":"10m","scale_down_utilization_threshold":0.5},"cluster_url":"https://9a4207d7-b534-4d40-86f3-f92185a6f32f.api.k8s.fr-par.scw.cloud:6443","cni":"cilium","commitment_ends_at":"2023-07-27T15:25:44.802324Z","created_at":"2023-07-27T15:25:44.802324Z","dashboard_enabled":false,"description":"","dns_wildcard":"*.9a4207d7-b534-4d40-86f3-f92185a6f32f.nodes.k8s.fr-par.scw.cloud","feature_gates":[],"id":"9a4207d7-b534-4d40-86f3-f92185a6f32f","ingress":"none","name":"cluster","open_id_connect_config":{"client_id":"","groups_claim":[],"groups_prefix":"","issuer_url":"","required_claim":[],"username_claim":"","username_prefix":""},"organization_id":"fa1e3217-dc80-42ac-85c3-3f034b78b552","private_network_id":null,"project_id":"fa1e3217-dc80-42ac-85c3-3f034b78b552","region":"fr-par","status":"pool_required","tags":[],"type":"kapsule","updated_at":"2023-07-27T15:25:47.133946Z","upgrade_available":false,"version":"1.27.2"}'
    headers:
      Content-Length:
      - "1413"
      Content-Security-Policy:
      - default-src 'none'; frame-ancestors 'none'
      Content-Type:
      - application/json
      Date:
      - Thu, 27 Jul 2023 15:25:50 GMT
      Server:
      - Scaleway API-Gateway
      Strict-Transport-Security:
      - max-age=63072000
      X-Content-Type-Options:
      - nosniff
      X-Frame-Options:
      - DENY
      X-Request-Id:
      - 444da6dd-4f4b-4deb-8857-fcbd9bb1120b
    status: 200 OK
    code: 200
    duration: ""
- request:
    body: ""
    form: {}
    headers:
      User-Agent:
      - scaleway-sdk-go/v1.0.0-beta.7+dev (go1.20.4; linux; amd64) terraform-provider/develop
        terraform/terraform-tests
    url: https://api.scaleway.com/k8s/v1/regions/fr-par/clusters/9a4207d7-b534-4d40-86f3-f92185a6f32f/kubeconfig
    method: GET
  response:
    body: '{"content":"YXBpVmVyc2lvbjogdjEKY2x1c3RlcnM6Ci0gbmFtZTogImNsdXN0ZXIiCiAgY2x1c3RlcjoKICAgIGNlcnRpZmljYXRlLWF1dGhvcml0eS1kYXRhOiBMUzB0TFMxQ1JVZEpUaUJEUlZKVVNVWkpRMEZVUlMwdExTMHRDazFKU1VNMWVrTkRRV01yWjBGM1NVSkJaMGxDUVVSQlRrSm5hM0ZvYTJsSE9YY3dRa0ZSYzBaQlJFRldUVkpOZDBWUldVUldVVkZFUlhkd2NtUlhTbXdLWTIwMWJHUkhWbnBOUWpSWVJGUkplazFFWTNsT2FrVXhUV3BWTUU1c2IxaEVWRTE2VFVSamVVNXFSVEZOYWxVd1RteHZkMFpVUlZSTlFrVkhRVEZWUlFwQmVFMUxZVE5XYVZwWVNuVmFXRkpzWTNwRFEwRlRTWGRFVVZsS1MyOWFTV2gyWTA1QlVVVkNRbEZCUkdkblJWQkJSRU5EUVZGdlEyZG5SVUpCU2k5MUNuaHZOQzlFY2tSNmEwNTNSa2RPTXpOeVVsSmpXVEZLUzFWaVdsbFVaMGhxY0VGMGFWUkdSSFJLTlhKMWJFWXhWV3RrWTBkbkx6SlFUMG96YlRKaFMza0tMM0k0VjJoaVJ6RXlUbk5PYzNGamJIWklaMVIyVFVoNmQwaDZUMEkyZDBnNVkzb3dZM2RRU1ZsNFVqSlFTbkJIVURsUVpHaENhM2hNUjA1WVVWZHFXUXBvZW5rM1IxSnFiMmxMVm5oSUswUkVVWGd6UzBoSVMybE9lV2h1VmxOalNGTXlabkpMWmtOSU9EaFROMFV2T1hWak4yTXhORGxDTkZkQ1FuVXZjVUk0Q21Ka2JtRlBhRmRVVVhOWE1uVlRXRTkxVm0xUVR6SlNVR0pXUTBsTk4zUm9aWEppTkd4b01ESnJTWE5oTnpOcll6ZGtWM2cyU0V4dk0wOTVOWFZyWjJJS1lVaHhiRWhPTlhvNFNqRkVTWFkwVTNOREwzWjVjVVIxYUhsb1RpdGFjMWt2UzJoaVQzWXhkekJpY1RoVmRXdDZRVzlSZW1WQmFVNWhOakZqVmpCSmVRcDVZMHBLUW1KYWMwSkpSRTgzWlhSVFZHUnJRMEYzUlVGQllVNURUVVZCZDBSbldVUldVakJRUVZGSUwwSkJVVVJCWjB0clRVRTRSMEV4VldSRmQwVkNDaTkzVVVaTlFVMUNRV1k0ZDBoUldVUldVakJQUWtKWlJVWlFkRkp4U0ROaVQwTjZZamQzZWtsTldHbHRUamxITTFWcVFWZE5RVEJIUTFOeFIxTkpZak1LUkZGRlFrTjNWVUZCTkVsQ1FWRkNUR0YyY1UxaVpFNXlNeTlVWjFBdllVWlpWMVoyTW5sVVIyMVpkMUpuWkhVMmJFSnROV2h4UldKWFRYazJWbWszYndveFZVaGlObk5wY1ZKdFRHMDRORGt3Y1dGV2RrZE9TVTVSZERJMVdteElRaTlwTlVsTGFGZ3pkRzk2UkdsWVdTOVdSRTlVUzNrMVluSkJVakZVYUhsMUNrUkZVMjAyZW1keWRGa3hORVZuTWtwaVFuWklPRGRtU1cxS2VuUkNSRmxqWWs5bWIwOW1SVmxSTTNCRFlUWk5SV2xzTVRNclZGbHdPRmRLVDA1QlVGVUtNbkJOWW1FeU9FaHZlRk4zVTFKSmVqUkdMemx4TDBaaFJGVmpOazkyYW10Qkt5OTVSRUV2Y0ZZdlluSXdkVVVyZUVzcmVYRXpSWEJNZG5WQ2VWUjRNZ3BoVTJwaGJWWkZZemRKZG5SVGNqTndPVXBLV2xWSmVUUjVXR3haTkdOV2MzVTViR3d6VEVwUE1ETnJhbE00TkZWT2RuWndNV1l3YUN0aFZHWmxXazlxQ25CMmQyb3hUVlJ6UzIwME4xUm9Ra05RVVd4emFrUTFabnB0Y21SNGFpOVFNblZhUmdvdExTMHRMVVZPUkNCRFJWSlVTVVpKUTBGVVJTMHRMUzB0Q2c9PQogICAgc2VydmVyOiBodHRwczovLzlhNDIwN2Q3LWI1MzQtNGQ0MC04NmYzLWY5MjE4NWE2ZjMyZi5hcGkuazhzLmZyLXBhci5zY3cuY2xvdWQ6NjQ0Mwpjb250ZXh0czoKLSBuYW1lOiBhZG1pbkBjbHVzdGVyCiAgY29udGV4dDoKICAgIGNsdXN0ZXI6ICJjbHVzdGVyIgogICAgdXNlcjogY2x1c3Rlci1hZG1pbgpjdXJyZW50LWNvbnRleHQ6IGFkbWluQGNsdXN0ZXIKa2luZDogQ29uZmlnCnByZWZlcmVuY2VzOiB7fQp1c2VyczoKLSBuYW1lOiBjbHVzdGVyLWFkbWluCiAgdXNlcjoKICAgIHRva2VuOiBNNm9iTWl2QzBnekZ6Y2laU01Vb2ZoNnVrbGt5aGV0WUpUdmNxbk9aRnl6MWpoOEk5RUFidlZtNg==","content_type":"application/octet-stream","name":"kubeconfig"}'
    headers:
      Content-Length:
      - "2550"
      Content-Security-Policy:
      - default-src 'none'; frame-ancestors 'none'
      Content-Type:
      - application/json
      Date:
      - Thu, 27 Jul 2023 15:25:50 GMT
      Server:
      - Scaleway API-Gateway
      Strict-Transport-Security:
      - max-age=63072000
      X-Content-Type-Options:
      - nosniff
      X-Frame-Options:
      - DENY
      X-Request-Id:
      - 9ba63843-871f-4ced-9a24-7e940be6f3f3
    status: 200 OK
    code: 200
    duration: ""
- request:
    body: ""
    form: {}
    headers:
      User-Agent:
      - scaleway-sdk-go/v1.0.0-beta.7+dev (go1.20.4; linux; amd64) terraform-provider/develop
        terraform/terraform-tests
    url: https://api.scaleway.com/k8s/v1/regions/fr-par/clusters/9a4207d7-b534-4d40-86f3-f92185a6f32f
    method: GET
  response:
    body: '{"admission_plugins":[],"apiserver_cert_sans":[],"audit_log":false,"auto_upgrade":{"enabled":true,"maintenance_window":{"day":"monday","start_hour":12}},"autoscaler_config":{"balance_similar_node_groups":false,"estimator":"binpacking","expander":"random","expendable_pods_priority_cutoff":0,"ignore_daemonsets_utilization":false,"max_graceful_termination_sec":0,"scale_down_delay_after_add":"10m","scale_down_disabled":false,"scale_down_unneeded_time":"10m","scale_down_utilization_threshold":0.5},"cluster_url":"https://9a4207d7-b534-4d40-86f3-f92185a6f32f.api.k8s.fr-par.scw.cloud:6443","cni":"cilium","commitment_ends_at":"2023-07-27T15:25:44.802324Z","created_at":"2023-07-27T15:25:44.802324Z","dashboard_enabled":false,"description":"","dns_wildcard":"*.9a4207d7-b534-4d40-86f3-f92185a6f32f.nodes.k8s.fr-par.scw.cloud","feature_gates":[],"id":"9a4207d7-b534-4d40-86f3-f92185a6f32f","ingress":"none","name":"cluster","open_id_connect_config":{"client_id":"","groups_claim":[],"groups_prefix":"","issuer_url":"","required_claim":[],"username_claim":"","username_prefix":""},"organization_id":"fa1e3217-dc80-42ac-85c3-3f034b78b552","private_network_id":null,"project_id":"fa1e3217-dc80-42ac-85c3-3f034b78b552","region":"fr-par","status":"pool_required","tags":[],"type":"kapsule","updated_at":"2023-07-27T15:25:47.133946Z","upgrade_available":false,"version":"1.27.2"}'
    headers:
      Content-Length:
      - "1413"
      Content-Security-Policy:
      - default-src 'none'; frame-ancestors 'none'
      Content-Type:
      - application/json
      Date:
      - Thu, 27 Jul 2023 15:25:50 GMT
      Server:
      - Scaleway API-Gateway
      Strict-Transport-Security:
      - max-age=63072000
      X-Content-Type-Options:
      - nosniff
      X-Frame-Options:
      - DENY
      X-Request-Id:
      - 4158a5c1-9de8-4701-bbd1-07d51a913719
    status: 200 OK
    code: 200
    duration: ""
- request:
    body: '{"name":"pool","node_type":"gp1_xs","placement_group_id":null,"autoscaling":false,"size":1,"min_size":1,"max_size":1,"container_runtime":"containerd","autohealing":true,"tags":null,"kubelet_args":{},"upgrade_policy":null,"zone":"fr-par-1","root_volume_type":"default_volume_type","root_volume_size":null}'
    form: {}
    headers:
      Content-Type:
      - application/json
      User-Agent:
      - scaleway-sdk-go/v1.0.0-beta.7+dev (go1.20.4; linux; amd64) terraform-provider/develop
        terraform/terraform-tests
    url: https://api.scaleway.com/k8s/v1/regions/fr-par/clusters/9a4207d7-b534-4d40-86f3-f92185a6f32f/pools
    method: POST
  response:
    body: '{"autohealing":true,"autoscaling":false,"cluster_id":"9a4207d7-b534-4d40-86f3-f92185a6f32f","container_runtime":"containerd","created_at":"2023-07-27T15:25:50.462415Z","id":"cf29d0af-742f-4dd4-92c4-df1a86acadfd","kubelet_args":{},"max_size":1,"min_size":1,"name":"pool","node_type":"gp1_xs","placement_group_id":null,"region":"fr-par","root_volume_size":150000000000,"root_volume_type":"l_ssd","size":1,"status":"scaling","tags":[],"updated_at":"2023-07-27T15:25:50.469335112Z","upgrade_policy":{"max_surge":0,"max_unavailable":1},"version":"1.27.2","zone":"fr-par-1"}'
    headers:
      Content-Length:
      - "590"
      Content-Security-Policy:
      - default-src 'none'; frame-ancestors 'none'
      Content-Type:
      - application/json
      Date:
      - Thu, 27 Jul 2023 15:25:50 GMT
      Server:
      - Scaleway API-Gateway
      Strict-Transport-Security:
      - max-age=63072000
      X-Content-Type-Options:
      - nosniff
      X-Frame-Options:
      - DENY
      X-Request-Id:
      - 4f9f9c08-7568-455d-b3e5-6b57eb40524c
    status: 200 OK
    code: 200
    duration: ""
- request:
    body: ""
    form: {}
    headers:
      User-Agent:
      - scaleway-sdk-go/v1.0.0-beta.7+dev (go1.20.4; linux; amd64) terraform-provider/develop
        terraform/terraform-tests
    url: https://api.scaleway.com/k8s/v1/regions/fr-par/pools/cf29d0af-742f-4dd4-92c4-df1a86acadfd
    method: GET
  response:
    body: '{"autohealing":true,"autoscaling":false,"cluster_id":"9a4207d7-b534-4d40-86f3-f92185a6f32f","container_runtime":"containerd","created_at":"2023-07-27T15:25:50.462415Z","id":"cf29d0af-742f-4dd4-92c4-df1a86acadfd","kubelet_args":{},"max_size":1,"min_size":1,"name":"pool","node_type":"gp1_xs","placement_group_id":null,"region":"fr-par","root_volume_size":150000000000,"root_volume_type":"l_ssd","size":1,"status":"scaling","tags":[],"updated_at":"2023-07-27T15:25:50.469335Z","upgrade_policy":{"max_surge":0,"max_unavailable":1},"version":"1.27.2","zone":"fr-par-1"}'
    headers:
      Content-Length:
      - "587"
      Content-Security-Policy:
      - default-src 'none'; frame-ancestors 'none'
      Content-Type:
      - application/json
      Date:
      - Thu, 27 Jul 2023 15:25:50 GMT
      Server:
      - Scaleway API-Gateway
      Strict-Transport-Security:
      - max-age=63072000
      X-Content-Type-Options:
      - nosniff
      X-Frame-Options:
      - DENY
      X-Request-Id:
      - 0fea61cc-ffd2-4265-aa14-716f1637e797
    status: 200 OK
    code: 200
    duration: ""
- request:
    body: ""
    form: {}
    headers:
      User-Agent:
      - scaleway-sdk-go/v1.0.0-beta.7+dev (go1.20.4; linux; amd64) terraform-provider/develop
        terraform/terraform-tests
    url: https://api.scaleway.com/k8s/v1/regions/fr-par/pools/cf29d0af-742f-4dd4-92c4-df1a86acadfd
    method: GET
  response:
    body: '{"autohealing":true,"autoscaling":false,"cluster_id":"9a4207d7-b534-4d40-86f3-f92185a6f32f","container_runtime":"containerd","created_at":"2023-07-27T15:25:50.462415Z","id":"cf29d0af-742f-4dd4-92c4-df1a86acadfd","kubelet_args":{},"max_size":1,"min_size":1,"name":"pool","node_type":"gp1_xs","placement_group_id":null,"region":"fr-par","root_volume_size":150000000000,"root_volume_type":"l_ssd","size":1,"status":"scaling","tags":[],"updated_at":"2023-07-27T15:25:50.469335Z","upgrade_policy":{"max_surge":0,"max_unavailable":1},"version":"1.27.2","zone":"fr-par-1"}'
    headers:
      Content-Length:
      - "587"
      Content-Security-Policy:
      - default-src 'none'; frame-ancestors 'none'
      Content-Type:
      - application/json
      Date:
      - Thu, 27 Jul 2023 15:25:55 GMT
      Server:
      - Scaleway API-Gateway
      Strict-Transport-Security:
      - max-age=63072000
      X-Content-Type-Options:
      - nosniff
      X-Frame-Options:
      - DENY
      X-Request-Id:
      - 27011704-cfeb-4c3c-8120-aba7241cec7e
    status: 200 OK
    code: 200
    duration: ""
- request:
    body: ""
    form: {}
    headers:
      User-Agent:
      - scaleway-sdk-go/v1.0.0-beta.7+dev (go1.20.4; linux; amd64) terraform-provider/develop
        terraform/terraform-tests
    url: https://api.scaleway.com/k8s/v1/regions/fr-par/pools/cf29d0af-742f-4dd4-92c4-df1a86acadfd
    method: GET
  response:
    body: '{"autohealing":true,"autoscaling":false,"cluster_id":"9a4207d7-b534-4d40-86f3-f92185a6f32f","container_runtime":"containerd","created_at":"2023-07-27T15:25:50.462415Z","id":"cf29d0af-742f-4dd4-92c4-df1a86acadfd","kubelet_args":{},"max_size":1,"min_size":1,"name":"pool","node_type":"gp1_xs","placement_group_id":null,"region":"fr-par","root_volume_size":150000000000,"root_volume_type":"l_ssd","size":1,"status":"scaling","tags":[],"updated_at":"2023-07-27T15:25:50.469335Z","upgrade_policy":{"max_surge":0,"max_unavailable":1},"version":"1.27.2","zone":"fr-par-1"}'
    headers:
      Content-Length:
      - "587"
      Content-Security-Policy:
      - default-src 'none'; frame-ancestors 'none'
      Content-Type:
      - application/json
      Date:
      - Thu, 27 Jul 2023 15:26:01 GMT
      Server:
      - Scaleway API-Gateway
      Strict-Transport-Security:
      - max-age=63072000
      X-Content-Type-Options:
      - nosniff
      X-Frame-Options:
      - DENY
      X-Request-Id:
      - 6d3cee17-bf32-4c3c-846e-b7e16e085619
    status: 200 OK
    code: 200
    duration: ""
- request:
    body: ""
    form: {}
    headers:
      User-Agent:
      - scaleway-sdk-go/v1.0.0-beta.7+dev (go1.20.4; linux; amd64) terraform-provider/develop
        terraform/terraform-tests
    url: https://api.scaleway.com/k8s/v1/regions/fr-par/pools/cf29d0af-742f-4dd4-92c4-df1a86acadfd
    method: GET
  response:
    body: '{"autohealing":true,"autoscaling":false,"cluster_id":"9a4207d7-b534-4d40-86f3-f92185a6f32f","container_runtime":"containerd","created_at":"2023-07-27T15:25:50.462415Z","id":"cf29d0af-742f-4dd4-92c4-df1a86acadfd","kubelet_args":{},"max_size":1,"min_size":1,"name":"pool","node_type":"gp1_xs","placement_group_id":null,"region":"fr-par","root_volume_size":150000000000,"root_volume_type":"l_ssd","size":1,"status":"scaling","tags":[],"updated_at":"2023-07-27T15:25:50.469335Z","upgrade_policy":{"max_surge":0,"max_unavailable":1},"version":"1.27.2","zone":"fr-par-1"}'
    headers:
      Content-Length:
      - "587"
      Content-Security-Policy:
      - default-src 'none'; frame-ancestors 'none'
      Content-Type:
      - application/json
      Date:
      - Thu, 27 Jul 2023 15:26:06 GMT
      Server:
      - Scaleway API-Gateway
      Strict-Transport-Security:
      - max-age=63072000
      X-Content-Type-Options:
      - nosniff
      X-Frame-Options:
      - DENY
      X-Request-Id:
      - af4ca04b-5461-4f4c-8294-1fe4b7c9cb55
    status: 200 OK
    code: 200
    duration: ""
- request:
    body: ""
    form: {}
    headers:
      User-Agent:
      - scaleway-sdk-go/v1.0.0-beta.7+dev (go1.20.4; linux; amd64) terraform-provider/develop
        terraform/terraform-tests
    url: https://api.scaleway.com/k8s/v1/regions/fr-par/pools/cf29d0af-742f-4dd4-92c4-df1a86acadfd
    method: GET
  response:
    body: '{"autohealing":true,"autoscaling":false,"cluster_id":"9a4207d7-b534-4d40-86f3-f92185a6f32f","container_runtime":"containerd","created_at":"2023-07-27T15:25:50.462415Z","id":"cf29d0af-742f-4dd4-92c4-df1a86acadfd","kubelet_args":{},"max_size":1,"min_size":1,"name":"pool","node_type":"gp1_xs","placement_group_id":null,"region":"fr-par","root_volume_size":150000000000,"root_volume_type":"l_ssd","size":1,"status":"scaling","tags":[],"updated_at":"2023-07-27T15:25:50.469335Z","upgrade_policy":{"max_surge":0,"max_unavailable":1},"version":"1.27.2","zone":"fr-par-1"}'
    headers:
      Content-Length:
      - "587"
      Content-Security-Policy:
      - default-src 'none'; frame-ancestors 'none'
      Content-Type:
      - application/json
      Date:
      - Thu, 27 Jul 2023 15:26:12 GMT
      Server:
      - Scaleway API-Gateway
      Strict-Transport-Security:
      - max-age=63072000
      X-Content-Type-Options:
      - nosniff
      X-Frame-Options:
      - DENY
      X-Request-Id:
      - 72b5b2f1-a216-4923-b751-3ae8f90ee5cf
    status: 200 OK
    code: 200
    duration: ""
- request:
    body: ""
    form: {}
    headers:
      User-Agent:
      - scaleway-sdk-go/v1.0.0-beta.7+dev (go1.20.4; linux; amd64) terraform-provider/develop
        terraform/terraform-tests
    url: https://api.scaleway.com/k8s/v1/regions/fr-par/pools/cf29d0af-742f-4dd4-92c4-df1a86acadfd
    method: GET
  response:
    body: '{"autohealing":true,"autoscaling":false,"cluster_id":"9a4207d7-b534-4d40-86f3-f92185a6f32f","container_runtime":"containerd","created_at":"2023-07-27T15:25:50.462415Z","id":"cf29d0af-742f-4dd4-92c4-df1a86acadfd","kubelet_args":{},"max_size":1,"min_size":1,"name":"pool","node_type":"gp1_xs","placement_group_id":null,"region":"fr-par","root_volume_size":150000000000,"root_volume_type":"l_ssd","size":1,"status":"scaling","tags":[],"updated_at":"2023-07-27T15:25:50.469335Z","upgrade_policy":{"max_surge":0,"max_unavailable":1},"version":"1.27.2","zone":"fr-par-1"}'
    headers:
      Content-Length:
      - "587"
      Content-Security-Policy:
      - default-src 'none'; frame-ancestors 'none'
      Content-Type:
      - application/json
      Date:
      - Thu, 27 Jul 2023 15:26:17 GMT
      Server:
      - Scaleway API-Gateway
      Strict-Transport-Security:
      - max-age=63072000
      X-Content-Type-Options:
      - nosniff
      X-Frame-Options:
      - DENY
      X-Request-Id:
      - 6fe0b552-84c0-4af2-8fb6-d4a80b93a4d2
    status: 200 OK
    code: 200
    duration: ""
- request:
    body: ""
    form: {}
    headers:
      User-Agent:
      - scaleway-sdk-go/v1.0.0-beta.7+dev (go1.20.4; linux; amd64) terraform-provider/develop
        terraform/terraform-tests
    url: https://api.scaleway.com/k8s/v1/regions/fr-par/pools/cf29d0af-742f-4dd4-92c4-df1a86acadfd
    method: GET
  response:
    body: '{"autohealing":true,"autoscaling":false,"cluster_id":"9a4207d7-b534-4d40-86f3-f92185a6f32f","container_runtime":"containerd","created_at":"2023-07-27T15:25:50.462415Z","id":"cf29d0af-742f-4dd4-92c4-df1a86acadfd","kubelet_args":{},"max_size":1,"min_size":1,"name":"pool","node_type":"gp1_xs","placement_group_id":null,"region":"fr-par","root_volume_size":150000000000,"root_volume_type":"l_ssd","size":1,"status":"scaling","tags":[],"updated_at":"2023-07-27T15:25:50.469335Z","upgrade_policy":{"max_surge":0,"max_unavailable":1},"version":"1.27.2","zone":"fr-par-1"}'
    headers:
      Content-Length:
      - "587"
      Content-Security-Policy:
      - default-src 'none'; frame-ancestors 'none'
      Content-Type:
      - application/json
      Date:
      - Thu, 27 Jul 2023 15:26:22 GMT
      Server:
      - Scaleway API-Gateway
      Strict-Transport-Security:
      - max-age=63072000
      X-Content-Type-Options:
      - nosniff
      X-Frame-Options:
      - DENY
      X-Request-Id:
      - 683d087c-d0f2-4f71-a2b3-0c572d87b018
    status: 200 OK
    code: 200
    duration: ""
- request:
    body: ""
    form: {}
    headers:
      User-Agent:
      - scaleway-sdk-go/v1.0.0-beta.7+dev (go1.20.4; linux; amd64) terraform-provider/develop
        terraform/terraform-tests
    url: https://api.scaleway.com/k8s/v1/regions/fr-par/pools/cf29d0af-742f-4dd4-92c4-df1a86acadfd
    method: GET
  response:
    body: '{"autohealing":true,"autoscaling":false,"cluster_id":"9a4207d7-b534-4d40-86f3-f92185a6f32f","container_runtime":"containerd","created_at":"2023-07-27T15:25:50.462415Z","id":"cf29d0af-742f-4dd4-92c4-df1a86acadfd","kubelet_args":{},"max_size":1,"min_size":1,"name":"pool","node_type":"gp1_xs","placement_group_id":null,"region":"fr-par","root_volume_size":150000000000,"root_volume_type":"l_ssd","size":1,"status":"scaling","tags":[],"updated_at":"2023-07-27T15:25:50.469335Z","upgrade_policy":{"max_surge":0,"max_unavailable":1},"version":"1.27.2","zone":"fr-par-1"}'
    headers:
      Content-Length:
      - "587"
      Content-Security-Policy:
      - default-src 'none'; frame-ancestors 'none'
      Content-Type:
      - application/json
      Date:
      - Thu, 27 Jul 2023 15:26:27 GMT
      Server:
      - Scaleway API-Gateway
      Strict-Transport-Security:
      - max-age=63072000
      X-Content-Type-Options:
      - nosniff
      X-Frame-Options:
      - DENY
      X-Request-Id:
      - 2409f1a5-3656-4e1b-9b01-94138297f85b
    status: 200 OK
    code: 200
    duration: ""
- request:
    body: ""
    form: {}
    headers:
      User-Agent:
      - scaleway-sdk-go/v1.0.0-beta.7+dev (go1.20.4; linux; amd64) terraform-provider/develop
        terraform/terraform-tests
    url: https://api.scaleway.com/k8s/v1/regions/fr-par/pools/cf29d0af-742f-4dd4-92c4-df1a86acadfd
    method: GET
  response:
    body: '{"autohealing":true,"autoscaling":false,"cluster_id":"9a4207d7-b534-4d40-86f3-f92185a6f32f","container_runtime":"containerd","created_at":"2023-07-27T15:25:50.462415Z","id":"cf29d0af-742f-4dd4-92c4-df1a86acadfd","kubelet_args":{},"max_size":1,"min_size":1,"name":"pool","node_type":"gp1_xs","placement_group_id":null,"region":"fr-par","root_volume_size":150000000000,"root_volume_type":"l_ssd","size":1,"status":"scaling","tags":[],"updated_at":"2023-07-27T15:25:50.469335Z","upgrade_policy":{"max_surge":0,"max_unavailable":1},"version":"1.27.2","zone":"fr-par-1"}'
    headers:
      Content-Length:
      - "587"
      Content-Security-Policy:
      - default-src 'none'; frame-ancestors 'none'
      Content-Type:
      - application/json
      Date:
      - Thu, 27 Jul 2023 15:26:33 GMT
      Server:
      - Scaleway API-Gateway
      Strict-Transport-Security:
      - max-age=63072000
      X-Content-Type-Options:
      - nosniff
      X-Frame-Options:
      - DENY
      X-Request-Id:
      - ec656705-49cc-44e5-b7be-7af063076deb
    status: 200 OK
    code: 200
    duration: ""
- request:
    body: ""
    form: {}
    headers:
      User-Agent:
      - scaleway-sdk-go/v1.0.0-beta.7+dev (go1.20.4; linux; amd64) terraform-provider/develop
        terraform/terraform-tests
    url: https://api.scaleway.com/k8s/v1/regions/fr-par/pools/cf29d0af-742f-4dd4-92c4-df1a86acadfd
    method: GET
  response:
    body: '{"autohealing":true,"autoscaling":false,"cluster_id":"9a4207d7-b534-4d40-86f3-f92185a6f32f","container_runtime":"containerd","created_at":"2023-07-27T15:25:50.462415Z","id":"cf29d0af-742f-4dd4-92c4-df1a86acadfd","kubelet_args":{},"max_size":1,"min_size":1,"name":"pool","node_type":"gp1_xs","placement_group_id":null,"region":"fr-par","root_volume_size":150000000000,"root_volume_type":"l_ssd","size":1,"status":"scaling","tags":[],"updated_at":"2023-07-27T15:25:50.469335Z","upgrade_policy":{"max_surge":0,"max_unavailable":1},"version":"1.27.2","zone":"fr-par-1"}'
    headers:
      Content-Length:
      - "587"
      Content-Security-Policy:
      - default-src 'none'; frame-ancestors 'none'
      Content-Type:
      - application/json
      Date:
      - Thu, 27 Jul 2023 15:26:38 GMT
      Server:
      - Scaleway API-Gateway
      Strict-Transport-Security:
      - max-age=63072000
      X-Content-Type-Options:
      - nosniff
      X-Frame-Options:
      - DENY
      X-Request-Id:
      - e8468fa9-1ccc-49ac-ba5c-5c199739bf35
    status: 200 OK
    code: 200
    duration: ""
- request:
    body: ""
    form: {}
    headers:
      User-Agent:
      - scaleway-sdk-go/v1.0.0-beta.7+dev (go1.20.4; linux; amd64) terraform-provider/develop
        terraform/terraform-tests
    url: https://api.scaleway.com/k8s/v1/regions/fr-par/pools/cf29d0af-742f-4dd4-92c4-df1a86acadfd
    method: GET
  response:
    body: '{"autohealing":true,"autoscaling":false,"cluster_id":"9a4207d7-b534-4d40-86f3-f92185a6f32f","container_runtime":"containerd","created_at":"2023-07-27T15:25:50.462415Z","id":"cf29d0af-742f-4dd4-92c4-df1a86acadfd","kubelet_args":{},"max_size":1,"min_size":1,"name":"pool","node_type":"gp1_xs","placement_group_id":null,"region":"fr-par","root_volume_size":150000000000,"root_volume_type":"l_ssd","size":1,"status":"scaling","tags":[],"updated_at":"2023-07-27T15:25:50.469335Z","upgrade_policy":{"max_surge":0,"max_unavailable":1},"version":"1.27.2","zone":"fr-par-1"}'
    headers:
      Content-Length:
      - "587"
      Content-Security-Policy:
      - default-src 'none'; frame-ancestors 'none'
      Content-Type:
      - application/json
      Date:
      - Thu, 27 Jul 2023 15:26:43 GMT
      Server:
      - Scaleway API-Gateway
      Strict-Transport-Security:
      - max-age=63072000
      X-Content-Type-Options:
      - nosniff
      X-Frame-Options:
      - DENY
      X-Request-Id:
      - 83e85048-257a-490c-a32c-8f3514b456a9
    status: 200 OK
    code: 200
    duration: ""
- request:
    body: ""
    form: {}
    headers:
      User-Agent:
      - scaleway-sdk-go/v1.0.0-beta.7+dev (go1.20.4; linux; amd64) terraform-provider/develop
        terraform/terraform-tests
    url: https://api.scaleway.com/k8s/v1/regions/fr-par/pools/cf29d0af-742f-4dd4-92c4-df1a86acadfd
    method: GET
  response:
    body: '{"autohealing":true,"autoscaling":false,"cluster_id":"9a4207d7-b534-4d40-86f3-f92185a6f32f","container_runtime":"containerd","created_at":"2023-07-27T15:25:50.462415Z","id":"cf29d0af-742f-4dd4-92c4-df1a86acadfd","kubelet_args":{},"max_size":1,"min_size":1,"name":"pool","node_type":"gp1_xs","placement_group_id":null,"region":"fr-par","root_volume_size":150000000000,"root_volume_type":"l_ssd","size":1,"status":"scaling","tags":[],"updated_at":"2023-07-27T15:25:50.469335Z","upgrade_policy":{"max_surge":0,"max_unavailable":1},"version":"1.27.2","zone":"fr-par-1"}'
    headers:
      Content-Length:
      - "587"
      Content-Security-Policy:
      - default-src 'none'; frame-ancestors 'none'
      Content-Type:
      - application/json
      Date:
      - Thu, 27 Jul 2023 15:26:48 GMT
      Server:
      - Scaleway API-Gateway
      Strict-Transport-Security:
      - max-age=63072000
      X-Content-Type-Options:
      - nosniff
      X-Frame-Options:
      - DENY
      X-Request-Id:
      - b177eb66-ae46-4799-9099-91939b1e250f
    status: 200 OK
    code: 200
    duration: ""
- request:
    body: ""
    form: {}
    headers:
      User-Agent:
      - scaleway-sdk-go/v1.0.0-beta.7+dev (go1.20.4; linux; amd64) terraform-provider/develop
        terraform/terraform-tests
    url: https://api.scaleway.com/k8s/v1/regions/fr-par/pools/cf29d0af-742f-4dd4-92c4-df1a86acadfd
    method: GET
  response:
    body: '{"autohealing":true,"autoscaling":false,"cluster_id":"9a4207d7-b534-4d40-86f3-f92185a6f32f","container_runtime":"containerd","created_at":"2023-07-27T15:25:50.462415Z","id":"cf29d0af-742f-4dd4-92c4-df1a86acadfd","kubelet_args":{},"max_size":1,"min_size":1,"name":"pool","node_type":"gp1_xs","placement_group_id":null,"region":"fr-par","root_volume_size":150000000000,"root_volume_type":"l_ssd","size":1,"status":"scaling","tags":[],"updated_at":"2023-07-27T15:25:50.469335Z","upgrade_policy":{"max_surge":0,"max_unavailable":1},"version":"1.27.2","zone":"fr-par-1"}'
    headers:
      Content-Length:
      - "587"
      Content-Security-Policy:
      - default-src 'none'; frame-ancestors 'none'
      Content-Type:
      - application/json
      Date:
      - Thu, 27 Jul 2023 15:26:53 GMT
      Server:
      - Scaleway API-Gateway
      Strict-Transport-Security:
      - max-age=63072000
      X-Content-Type-Options:
      - nosniff
      X-Frame-Options:
      - DENY
      X-Request-Id:
      - 55560b05-b780-45f6-8189-b16163d085d4
    status: 200 OK
    code: 200
    duration: ""
- request:
    body: ""
    form: {}
    headers:
      User-Agent:
      - scaleway-sdk-go/v1.0.0-beta.7+dev (go1.20.4; linux; amd64) terraform-provider/develop
        terraform/terraform-tests
    url: https://api.scaleway.com/k8s/v1/regions/fr-par/pools/cf29d0af-742f-4dd4-92c4-df1a86acadfd
    method: GET
  response:
    body: '{"autohealing":true,"autoscaling":false,"cluster_id":"9a4207d7-b534-4d40-86f3-f92185a6f32f","container_runtime":"containerd","created_at":"2023-07-27T15:25:50.462415Z","id":"cf29d0af-742f-4dd4-92c4-df1a86acadfd","kubelet_args":{},"max_size":1,"min_size":1,"name":"pool","node_type":"gp1_xs","placement_group_id":null,"region":"fr-par","root_volume_size":150000000000,"root_volume_type":"l_ssd","size":1,"status":"scaling","tags":[],"updated_at":"2023-07-27T15:25:50.469335Z","upgrade_policy":{"max_surge":0,"max_unavailable":1},"version":"1.27.2","zone":"fr-par-1"}'
    headers:
      Content-Length:
      - "587"
      Content-Security-Policy:
      - default-src 'none'; frame-ancestors 'none'
      Content-Type:
      - application/json
      Date:
      - Thu, 27 Jul 2023 15:26:58 GMT
      Server:
      - Scaleway API-Gateway
      Strict-Transport-Security:
      - max-age=63072000
      X-Content-Type-Options:
      - nosniff
      X-Frame-Options:
      - DENY
      X-Request-Id:
      - 83439d62-53c7-4ac5-92ff-36999a06ebf4
    status: 200 OK
    code: 200
    duration: ""
- request:
    body: ""
    form: {}
    headers:
      User-Agent:
      - scaleway-sdk-go/v1.0.0-beta.7+dev (go1.20.4; linux; amd64) terraform-provider/develop
        terraform/terraform-tests
    url: https://api.scaleway.com/k8s/v1/regions/fr-par/pools/cf29d0af-742f-4dd4-92c4-df1a86acadfd
    method: GET
  response:
    body: '{"autohealing":true,"autoscaling":false,"cluster_id":"9a4207d7-b534-4d40-86f3-f92185a6f32f","container_runtime":"containerd","created_at":"2023-07-27T15:25:50.462415Z","id":"cf29d0af-742f-4dd4-92c4-df1a86acadfd","kubelet_args":{},"max_size":1,"min_size":1,"name":"pool","node_type":"gp1_xs","placement_group_id":null,"region":"fr-par","root_volume_size":150000000000,"root_volume_type":"l_ssd","size":1,"status":"scaling","tags":[],"updated_at":"2023-07-27T15:25:50.469335Z","upgrade_policy":{"max_surge":0,"max_unavailable":1},"version":"1.27.2","zone":"fr-par-1"}'
    headers:
      Content-Length:
      - "587"
      Content-Security-Policy:
      - default-src 'none'; frame-ancestors 'none'
      Content-Type:
      - application/json
      Date:
      - Thu, 27 Jul 2023 15:27:03 GMT
      Server:
      - Scaleway API-Gateway
      Strict-Transport-Security:
      - max-age=63072000
      X-Content-Type-Options:
      - nosniff
      X-Frame-Options:
      - DENY
      X-Request-Id:
      - 3873ff8c-e937-426c-a677-7087c627f6ca
    status: 200 OK
    code: 200
    duration: ""
- request:
    body: ""
    form: {}
    headers:
      User-Agent:
      - scaleway-sdk-go/v1.0.0-beta.7+dev (go1.20.4; linux; amd64) terraform-provider/develop
        terraform/terraform-tests
    url: https://api.scaleway.com/k8s/v1/regions/fr-par/pools/cf29d0af-742f-4dd4-92c4-df1a86acadfd
    method: GET
  response:
    body: '{"autohealing":true,"autoscaling":false,"cluster_id":"9a4207d7-b534-4d40-86f3-f92185a6f32f","container_runtime":"containerd","created_at":"2023-07-27T15:25:50.462415Z","id":"cf29d0af-742f-4dd4-92c4-df1a86acadfd","kubelet_args":{},"max_size":1,"min_size":1,"name":"pool","node_type":"gp1_xs","placement_group_id":null,"region":"fr-par","root_volume_size":150000000000,"root_volume_type":"l_ssd","size":1,"status":"scaling","tags":[],"updated_at":"2023-07-27T15:25:50.469335Z","upgrade_policy":{"max_surge":0,"max_unavailable":1},"version":"1.27.2","zone":"fr-par-1"}'
    headers:
      Content-Length:
      - "587"
      Content-Security-Policy:
      - default-src 'none'; frame-ancestors 'none'
      Content-Type:
      - application/json
      Date:
      - Thu, 27 Jul 2023 15:27:08 GMT
      Server:
      - Scaleway API-Gateway
      Strict-Transport-Security:
      - max-age=63072000
      X-Content-Type-Options:
      - nosniff
      X-Frame-Options:
      - DENY
      X-Request-Id:
      - 5a8fd563-ddb5-4d0e-9ff4-55624d432de1
    status: 200 OK
    code: 200
    duration: ""
- request:
    body: ""
    form: {}
    headers:
      User-Agent:
      - scaleway-sdk-go/v1.0.0-beta.7+dev (go1.20.4; linux; amd64) terraform-provider/develop
        terraform/terraform-tests
    url: https://api.scaleway.com/k8s/v1/regions/fr-par/pools/cf29d0af-742f-4dd4-92c4-df1a86acadfd
    method: GET
  response:
    body: '{"autohealing":true,"autoscaling":false,"cluster_id":"9a4207d7-b534-4d40-86f3-f92185a6f32f","container_runtime":"containerd","created_at":"2023-07-27T15:25:50.462415Z","id":"cf29d0af-742f-4dd4-92c4-df1a86acadfd","kubelet_args":{},"max_size":1,"min_size":1,"name":"pool","node_type":"gp1_xs","placement_group_id":null,"region":"fr-par","root_volume_size":150000000000,"root_volume_type":"l_ssd","size":1,"status":"scaling","tags":[],"updated_at":"2023-07-27T15:25:50.469335Z","upgrade_policy":{"max_surge":0,"max_unavailable":1},"version":"1.27.2","zone":"fr-par-1"}'
    headers:
      Content-Length:
      - "587"
      Content-Security-Policy:
      - default-src 'none'; frame-ancestors 'none'
      Content-Type:
      - application/json
      Date:
      - Thu, 27 Jul 2023 15:27:13 GMT
      Server:
      - Scaleway API-Gateway
      Strict-Transport-Security:
      - max-age=63072000
      X-Content-Type-Options:
      - nosniff
      X-Frame-Options:
      - DENY
      X-Request-Id:
      - 9eeb554a-688f-4c8f-9c76-0974a6a6059e
    status: 200 OK
    code: 200
    duration: ""
- request:
    body: ""
    form: {}
    headers:
      User-Agent:
      - scaleway-sdk-go/v1.0.0-beta.7+dev (go1.20.4; linux; amd64) terraform-provider/develop
        terraform/terraform-tests
    url: https://api.scaleway.com/k8s/v1/regions/fr-par/pools/cf29d0af-742f-4dd4-92c4-df1a86acadfd
    method: GET
  response:
    body: '{"autohealing":true,"autoscaling":false,"cluster_id":"9a4207d7-b534-4d40-86f3-f92185a6f32f","container_runtime":"containerd","created_at":"2023-07-27T15:25:50.462415Z","id":"cf29d0af-742f-4dd4-92c4-df1a86acadfd","kubelet_args":{},"max_size":1,"min_size":1,"name":"pool","node_type":"gp1_xs","placement_group_id":null,"region":"fr-par","root_volume_size":150000000000,"root_volume_type":"l_ssd","size":1,"status":"scaling","tags":[],"updated_at":"2023-07-27T15:25:50.469335Z","upgrade_policy":{"max_surge":0,"max_unavailable":1},"version":"1.27.2","zone":"fr-par-1"}'
    headers:
      Content-Length:
      - "587"
      Content-Security-Policy:
      - default-src 'none'; frame-ancestors 'none'
      Content-Type:
      - application/json
      Date:
      - Thu, 27 Jul 2023 15:27:18 GMT
      Server:
      - Scaleway API-Gateway
      Strict-Transport-Security:
      - max-age=63072000
      X-Content-Type-Options:
      - nosniff
      X-Frame-Options:
      - DENY
      X-Request-Id:
      - 0f7d68dc-c7de-4584-98dd-0c15f0bc7f86
    status: 200 OK
    code: 200
    duration: ""
- request:
    body: ""
    form: {}
    headers:
      User-Agent:
      - scaleway-sdk-go/v1.0.0-beta.7+dev (go1.20.4; linux; amd64) terraform-provider/develop
        terraform/terraform-tests
    url: https://api.scaleway.com/k8s/v1/regions/fr-par/pools/cf29d0af-742f-4dd4-92c4-df1a86acadfd
    method: GET
  response:
    body: '{"autohealing":true,"autoscaling":false,"cluster_id":"9a4207d7-b534-4d40-86f3-f92185a6f32f","container_runtime":"containerd","created_at":"2023-07-27T15:25:50.462415Z","id":"cf29d0af-742f-4dd4-92c4-df1a86acadfd","kubelet_args":{},"max_size":1,"min_size":1,"name":"pool","node_type":"gp1_xs","placement_group_id":null,"region":"fr-par","root_volume_size":150000000000,"root_volume_type":"l_ssd","size":1,"status":"scaling","tags":[],"updated_at":"2023-07-27T15:25:50.469335Z","upgrade_policy":{"max_surge":0,"max_unavailable":1},"version":"1.27.2","zone":"fr-par-1"}'
    headers:
      Content-Length:
      - "587"
      Content-Security-Policy:
      - default-src 'none'; frame-ancestors 'none'
      Content-Type:
      - application/json
      Date:
      - Thu, 27 Jul 2023 15:27:23 GMT
      Server:
      - Scaleway API-Gateway
      Strict-Transport-Security:
      - max-age=63072000
      X-Content-Type-Options:
      - nosniff
      X-Frame-Options:
      - DENY
      X-Request-Id:
      - ba126852-cf9a-44e5-9d1f-3a19bd449399
    status: 200 OK
    code: 200
    duration: ""
- request:
    body: ""
    form: {}
    headers:
      User-Agent:
      - scaleway-sdk-go/v1.0.0-beta.7+dev (go1.20.4; linux; amd64) terraform-provider/develop
        terraform/terraform-tests
    url: https://api.scaleway.com/k8s/v1/regions/fr-par/pools/cf29d0af-742f-4dd4-92c4-df1a86acadfd
    method: GET
  response:
    body: '{"autohealing":true,"autoscaling":false,"cluster_id":"9a4207d7-b534-4d40-86f3-f92185a6f32f","container_runtime":"containerd","created_at":"2023-07-27T15:25:50.462415Z","id":"cf29d0af-742f-4dd4-92c4-df1a86acadfd","kubelet_args":{},"max_size":1,"min_size":1,"name":"pool","node_type":"gp1_xs","placement_group_id":null,"region":"fr-par","root_volume_size":150000000000,"root_volume_type":"l_ssd","size":1,"status":"scaling","tags":[],"updated_at":"2023-07-27T15:25:50.469335Z","upgrade_policy":{"max_surge":0,"max_unavailable":1},"version":"1.27.2","zone":"fr-par-1"}'
    headers:
      Content-Length:
      - "587"
      Content-Security-Policy:
      - default-src 'none'; frame-ancestors 'none'
      Content-Type:
      - application/json
      Date:
      - Thu, 27 Jul 2023 15:27:29 GMT
      Server:
      - Scaleway API-Gateway
      Strict-Transport-Security:
      - max-age=63072000
      X-Content-Type-Options:
      - nosniff
      X-Frame-Options:
      - DENY
      X-Request-Id:
      - 243b308f-7570-47b8-b914-8364db6b14cd
    status: 200 OK
    code: 200
    duration: ""
- request:
    body: ""
    form: {}
    headers:
      User-Agent:
      - scaleway-sdk-go/v1.0.0-beta.7+dev (go1.20.4; linux; amd64) terraform-provider/develop
        terraform/terraform-tests
    url: https://api.scaleway.com/k8s/v1/regions/fr-par/pools/cf29d0af-742f-4dd4-92c4-df1a86acadfd
    method: GET
  response:
    body: '{"autohealing":true,"autoscaling":false,"cluster_id":"9a4207d7-b534-4d40-86f3-f92185a6f32f","container_runtime":"containerd","created_at":"2023-07-27T15:25:50.462415Z","id":"cf29d0af-742f-4dd4-92c4-df1a86acadfd","kubelet_args":{},"max_size":1,"min_size":1,"name":"pool","node_type":"gp1_xs","placement_group_id":null,"region":"fr-par","root_volume_size":150000000000,"root_volume_type":"l_ssd","size":1,"status":"scaling","tags":[],"updated_at":"2023-07-27T15:25:50.469335Z","upgrade_policy":{"max_surge":0,"max_unavailable":1},"version":"1.27.2","zone":"fr-par-1"}'
    headers:
      Content-Length:
      - "587"
      Content-Security-Policy:
      - default-src 'none'; frame-ancestors 'none'
      Content-Type:
      - application/json
      Date:
      - Thu, 27 Jul 2023 15:27:34 GMT
      Server:
      - Scaleway API-Gateway
      Strict-Transport-Security:
      - max-age=63072000
      X-Content-Type-Options:
      - nosniff
      X-Frame-Options:
      - DENY
      X-Request-Id:
      - c9e96258-daf4-4a77-b051-84bcd544a355
    status: 200 OK
    code: 200
    duration: ""
- request:
    body: ""
    form: {}
    headers:
      User-Agent:
      - scaleway-sdk-go/v1.0.0-beta.7+dev (go1.20.4; linux; amd64) terraform-provider/develop
        terraform/terraform-tests
    url: https://api.scaleway.com/k8s/v1/regions/fr-par/pools/cf29d0af-742f-4dd4-92c4-df1a86acadfd
    method: GET
  response:
    body: '{"autohealing":true,"autoscaling":false,"cluster_id":"9a4207d7-b534-4d40-86f3-f92185a6f32f","container_runtime":"containerd","created_at":"2023-07-27T15:25:50.462415Z","id":"cf29d0af-742f-4dd4-92c4-df1a86acadfd","kubelet_args":{},"max_size":1,"min_size":1,"name":"pool","node_type":"gp1_xs","placement_group_id":null,"region":"fr-par","root_volume_size":150000000000,"root_volume_type":"l_ssd","size":1,"status":"scaling","tags":[],"updated_at":"2023-07-27T15:25:50.469335Z","upgrade_policy":{"max_surge":0,"max_unavailable":1},"version":"1.27.2","zone":"fr-par-1"}'
    headers:
      Content-Length:
      - "587"
      Content-Security-Policy:
      - default-src 'none'; frame-ancestors 'none'
      Content-Type:
      - application/json
      Date:
      - Thu, 27 Jul 2023 15:27:39 GMT
      Server:
      - Scaleway API-Gateway
      Strict-Transport-Security:
      - max-age=63072000
      X-Content-Type-Options:
      - nosniff
      X-Frame-Options:
      - DENY
      X-Request-Id:
      - 130d3054-d75d-492e-8287-d21ad594b1c8
    status: 200 OK
    code: 200
    duration: ""
- request:
    body: ""
    form: {}
    headers:
      User-Agent:
      - scaleway-sdk-go/v1.0.0-beta.7+dev (go1.20.4; linux; amd64) terraform-provider/develop
        terraform/terraform-tests
    url: https://api.scaleway.com/k8s/v1/regions/fr-par/pools/cf29d0af-742f-4dd4-92c4-df1a86acadfd
    method: GET
  response:
    body: '{"autohealing":true,"autoscaling":false,"cluster_id":"9a4207d7-b534-4d40-86f3-f92185a6f32f","container_runtime":"containerd","created_at":"2023-07-27T15:25:50.462415Z","id":"cf29d0af-742f-4dd4-92c4-df1a86acadfd","kubelet_args":{},"max_size":1,"min_size":1,"name":"pool","node_type":"gp1_xs","placement_group_id":null,"region":"fr-par","root_volume_size":150000000000,"root_volume_type":"l_ssd","size":1,"status":"scaling","tags":[],"updated_at":"2023-07-27T15:25:50.469335Z","upgrade_policy":{"max_surge":0,"max_unavailable":1},"version":"1.27.2","zone":"fr-par-1"}'
    headers:
      Content-Length:
      - "587"
      Content-Security-Policy:
      - default-src 'none'; frame-ancestors 'none'
      Content-Type:
      - application/json
      Date:
      - Thu, 27 Jul 2023 15:27:44 GMT
      Server:
      - Scaleway API-Gateway
      Strict-Transport-Security:
      - max-age=63072000
      X-Content-Type-Options:
      - nosniff
      X-Frame-Options:
      - DENY
      X-Request-Id:
      - 93e3c1d0-daee-4c94-a615-34fe9711a775
    status: 200 OK
    code: 200
    duration: ""
- request:
    body: ""
    form: {}
    headers:
      User-Agent:
      - scaleway-sdk-go/v1.0.0-beta.7+dev (go1.20.4; linux; amd64) terraform-provider/develop
        terraform/terraform-tests
    url: https://api.scaleway.com/k8s/v1/regions/fr-par/pools/cf29d0af-742f-4dd4-92c4-df1a86acadfd
    method: GET
  response:
    body: '{"autohealing":true,"autoscaling":false,"cluster_id":"9a4207d7-b534-4d40-86f3-f92185a6f32f","container_runtime":"containerd","created_at":"2023-07-27T15:25:50.462415Z","id":"cf29d0af-742f-4dd4-92c4-df1a86acadfd","kubelet_args":{},"max_size":1,"min_size":1,"name":"pool","node_type":"gp1_xs","placement_group_id":null,"region":"fr-par","root_volume_size":150000000000,"root_volume_type":"l_ssd","size":1,"status":"scaling","tags":[],"updated_at":"2023-07-27T15:25:50.469335Z","upgrade_policy":{"max_surge":0,"max_unavailable":1},"version":"1.27.2","zone":"fr-par-1"}'
    headers:
      Content-Length:
      - "587"
      Content-Security-Policy:
      - default-src 'none'; frame-ancestors 'none'
      Content-Type:
      - application/json
      Date:
      - Thu, 27 Jul 2023 15:27:49 GMT
      Server:
      - Scaleway API-Gateway
      Strict-Transport-Security:
      - max-age=63072000
      X-Content-Type-Options:
      - nosniff
      X-Frame-Options:
      - DENY
      X-Request-Id:
      - b9a34fd5-a4f0-4ade-9817-8ed423d2c6c2
    status: 200 OK
    code: 200
    duration: ""
- request:
    body: ""
    form: {}
    headers:
      User-Agent:
      - scaleway-sdk-go/v1.0.0-beta.7+dev (go1.20.4; linux; amd64) terraform-provider/develop
        terraform/terraform-tests
    url: https://api.scaleway.com/k8s/v1/regions/fr-par/pools/cf29d0af-742f-4dd4-92c4-df1a86acadfd
    method: GET
  response:
    body: '{"autohealing":true,"autoscaling":false,"cluster_id":"9a4207d7-b534-4d40-86f3-f92185a6f32f","container_runtime":"containerd","created_at":"2023-07-27T15:25:50.462415Z","id":"cf29d0af-742f-4dd4-92c4-df1a86acadfd","kubelet_args":{},"max_size":1,"min_size":1,"name":"pool","node_type":"gp1_xs","placement_group_id":null,"region":"fr-par","root_volume_size":150000000000,"root_volume_type":"l_ssd","size":1,"status":"scaling","tags":[],"updated_at":"2023-07-27T15:25:50.469335Z","upgrade_policy":{"max_surge":0,"max_unavailable":1},"version":"1.27.2","zone":"fr-par-1"}'
    headers:
      Content-Length:
      - "587"
      Content-Security-Policy:
      - default-src 'none'; frame-ancestors 'none'
      Content-Type:
      - application/json
      Date:
      - Thu, 27 Jul 2023 15:27:54 GMT
      Server:
      - Scaleway API-Gateway
      Strict-Transport-Security:
      - max-age=63072000
      X-Content-Type-Options:
      - nosniff
      X-Frame-Options:
      - DENY
      X-Request-Id:
      - 4834cdb9-f7e0-4f9a-9829-3ed56aba5e53
    status: 200 OK
    code: 200
    duration: ""
- request:
    body: ""
    form: {}
    headers:
      User-Agent:
      - scaleway-sdk-go/v1.0.0-beta.7+dev (go1.20.4; linux; amd64) terraform-provider/develop
        terraform/terraform-tests
    url: https://api.scaleway.com/k8s/v1/regions/fr-par/pools/cf29d0af-742f-4dd4-92c4-df1a86acadfd
    method: GET
  response:
    body: '{"autohealing":true,"autoscaling":false,"cluster_id":"9a4207d7-b534-4d40-86f3-f92185a6f32f","container_runtime":"containerd","created_at":"2023-07-27T15:25:50.462415Z","id":"cf29d0af-742f-4dd4-92c4-df1a86acadfd","kubelet_args":{},"max_size":1,"min_size":1,"name":"pool","node_type":"gp1_xs","placement_group_id":null,"region":"fr-par","root_volume_size":150000000000,"root_volume_type":"l_ssd","size":1,"status":"scaling","tags":[],"updated_at":"2023-07-27T15:25:50.469335Z","upgrade_policy":{"max_surge":0,"max_unavailable":1},"version":"1.27.2","zone":"fr-par-1"}'
    headers:
      Content-Length:
      - "587"
      Content-Security-Policy:
      - default-src 'none'; frame-ancestors 'none'
      Content-Type:
      - application/json
      Date:
      - Thu, 27 Jul 2023 15:27:59 GMT
      Server:
      - Scaleway API-Gateway
      Strict-Transport-Security:
      - max-age=63072000
      X-Content-Type-Options:
      - nosniff
      X-Frame-Options:
      - DENY
      X-Request-Id:
      - a3d17f98-32e5-4399-9bf6-33c2443c1010
    status: 200 OK
    code: 200
    duration: ""
- request:
    body: ""
    form: {}
    headers:
      User-Agent:
      - scaleway-sdk-go/v1.0.0-beta.7+dev (go1.20.4; linux; amd64) terraform-provider/develop
        terraform/terraform-tests
    url: https://api.scaleway.com/k8s/v1/regions/fr-par/pools/cf29d0af-742f-4dd4-92c4-df1a86acadfd
    method: GET
  response:
    body: '{"autohealing":true,"autoscaling":false,"cluster_id":"9a4207d7-b534-4d40-86f3-f92185a6f32f","container_runtime":"containerd","created_at":"2023-07-27T15:25:50.462415Z","id":"cf29d0af-742f-4dd4-92c4-df1a86acadfd","kubelet_args":{},"max_size":1,"min_size":1,"name":"pool","node_type":"gp1_xs","placement_group_id":null,"region":"fr-par","root_volume_size":150000000000,"root_volume_type":"l_ssd","size":1,"status":"scaling","tags":[],"updated_at":"2023-07-27T15:25:50.469335Z","upgrade_policy":{"max_surge":0,"max_unavailable":1},"version":"1.27.2","zone":"fr-par-1"}'
    headers:
      Content-Length:
      - "587"
      Content-Security-Policy:
      - default-src 'none'; frame-ancestors 'none'
      Content-Type:
      - application/json
      Date:
      - Thu, 27 Jul 2023 15:28:04 GMT
      Server:
      - Scaleway API-Gateway
      Strict-Transport-Security:
      - max-age=63072000
      X-Content-Type-Options:
      - nosniff
      X-Frame-Options:
      - DENY
      X-Request-Id:
      - 94621238-9a1c-459c-b76c-bfc40f12be76
    status: 200 OK
    code: 200
    duration: ""
- request:
    body: ""
    form: {}
    headers:
      User-Agent:
      - scaleway-sdk-go/v1.0.0-beta.7+dev (go1.20.4; linux; amd64) terraform-provider/develop
        terraform/terraform-tests
    url: https://api.scaleway.com/k8s/v1/regions/fr-par/pools/cf29d0af-742f-4dd4-92c4-df1a86acadfd
    method: GET
  response:
    body: '{"autohealing":true,"autoscaling":false,"cluster_id":"9a4207d7-b534-4d40-86f3-f92185a6f32f","container_runtime":"containerd","created_at":"2023-07-27T15:25:50.462415Z","id":"cf29d0af-742f-4dd4-92c4-df1a86acadfd","kubelet_args":{},"max_size":1,"min_size":1,"name":"pool","node_type":"gp1_xs","placement_group_id":null,"region":"fr-par","root_volume_size":150000000000,"root_volume_type":"l_ssd","size":1,"status":"scaling","tags":[],"updated_at":"2023-07-27T15:25:50.469335Z","upgrade_policy":{"max_surge":0,"max_unavailable":1},"version":"1.27.2","zone":"fr-par-1"}'
    headers:
      Content-Length:
      - "587"
      Content-Security-Policy:
      - default-src 'none'; frame-ancestors 'none'
      Content-Type:
      - application/json
      Date:
      - Thu, 27 Jul 2023 15:28:09 GMT
      Server:
      - Scaleway API-Gateway
      Strict-Transport-Security:
      - max-age=63072000
      X-Content-Type-Options:
      - nosniff
      X-Frame-Options:
      - DENY
      X-Request-Id:
      - b7660615-d797-4add-b04e-06730a34b3d0
    status: 200 OK
    code: 200
    duration: ""
- request:
    body: ""
    form: {}
    headers:
      User-Agent:
      - scaleway-sdk-go/v1.0.0-beta.7+dev (go1.20.4; linux; amd64) terraform-provider/develop
        terraform/terraform-tests
    url: https://api.scaleway.com/k8s/v1/regions/fr-par/pools/cf29d0af-742f-4dd4-92c4-df1a86acadfd
    method: GET
  response:
    body: '{"autohealing":true,"autoscaling":false,"cluster_id":"9a4207d7-b534-4d40-86f3-f92185a6f32f","container_runtime":"containerd","created_at":"2023-07-27T15:25:50.462415Z","id":"cf29d0af-742f-4dd4-92c4-df1a86acadfd","kubelet_args":{},"max_size":1,"min_size":1,"name":"pool","node_type":"gp1_xs","placement_group_id":null,"region":"fr-par","root_volume_size":150000000000,"root_volume_type":"l_ssd","size":1,"status":"scaling","tags":[],"updated_at":"2023-07-27T15:25:50.469335Z","upgrade_policy":{"max_surge":0,"max_unavailable":1},"version":"1.27.2","zone":"fr-par-1"}'
    headers:
      Content-Length:
      - "587"
      Content-Security-Policy:
      - default-src 'none'; frame-ancestors 'none'
      Content-Type:
      - application/json
      Date:
      - Thu, 27 Jul 2023 15:28:14 GMT
      Server:
      - Scaleway API-Gateway
      Strict-Transport-Security:
      - max-age=63072000
      X-Content-Type-Options:
      - nosniff
      X-Frame-Options:
      - DENY
      X-Request-Id:
      - b03591ec-e010-4da2-9a7a-2a21dbaa75c4
    status: 200 OK
    code: 200
    duration: ""
- request:
    body: ""
    form: {}
    headers:
      User-Agent:
      - scaleway-sdk-go/v1.0.0-beta.7+dev (go1.20.4; linux; amd64) terraform-provider/develop
        terraform/terraform-tests
    url: https://api.scaleway.com/k8s/v1/regions/fr-par/pools/cf29d0af-742f-4dd4-92c4-df1a86acadfd
    method: GET
  response:
    body: '{"autohealing":true,"autoscaling":false,"cluster_id":"9a4207d7-b534-4d40-86f3-f92185a6f32f","container_runtime":"containerd","created_at":"2023-07-27T15:25:50.462415Z","id":"cf29d0af-742f-4dd4-92c4-df1a86acadfd","kubelet_args":{},"max_size":1,"min_size":1,"name":"pool","node_type":"gp1_xs","placement_group_id":null,"region":"fr-par","root_volume_size":150000000000,"root_volume_type":"l_ssd","size":1,"status":"scaling","tags":[],"updated_at":"2023-07-27T15:25:50.469335Z","upgrade_policy":{"max_surge":0,"max_unavailable":1},"version":"1.27.2","zone":"fr-par-1"}'
    headers:
      Content-Length:
      - "587"
      Content-Security-Policy:
      - default-src 'none'; frame-ancestors 'none'
      Content-Type:
      - application/json
      Date:
      - Thu, 27 Jul 2023 15:28:19 GMT
      Server:
      - Scaleway API-Gateway
      Strict-Transport-Security:
      - max-age=63072000
      X-Content-Type-Options:
      - nosniff
      X-Frame-Options:
      - DENY
      X-Request-Id:
      - a9959b30-5851-440f-8fef-7b76ebfa35f9
    status: 200 OK
    code: 200
    duration: ""
- request:
    body: ""
    form: {}
    headers:
      User-Agent:
      - scaleway-sdk-go/v1.0.0-beta.7+dev (go1.20.4; linux; amd64) terraform-provider/develop
        terraform/terraform-tests
    url: https://api.scaleway.com/k8s/v1/regions/fr-par/pools/cf29d0af-742f-4dd4-92c4-df1a86acadfd
    method: GET
  response:
    body: '{"autohealing":true,"autoscaling":false,"cluster_id":"9a4207d7-b534-4d40-86f3-f92185a6f32f","container_runtime":"containerd","created_at":"2023-07-27T15:25:50.462415Z","id":"cf29d0af-742f-4dd4-92c4-df1a86acadfd","kubelet_args":{},"max_size":1,"min_size":1,"name":"pool","node_type":"gp1_xs","placement_group_id":null,"region":"fr-par","root_volume_size":150000000000,"root_volume_type":"l_ssd","size":1,"status":"scaling","tags":[],"updated_at":"2023-07-27T15:25:50.469335Z","upgrade_policy":{"max_surge":0,"max_unavailable":1},"version":"1.27.2","zone":"fr-par-1"}'
    headers:
      Content-Length:
      - "587"
      Content-Security-Policy:
      - default-src 'none'; frame-ancestors 'none'
      Content-Type:
      - application/json
      Date:
      - Thu, 27 Jul 2023 15:28:24 GMT
      Server:
      - Scaleway API-Gateway
      Strict-Transport-Security:
      - max-age=63072000
      X-Content-Type-Options:
      - nosniff
      X-Frame-Options:
      - DENY
      X-Request-Id:
      - bf39dcb7-8656-4c33-a208-ddee2fcaa8b8
    status: 200 OK
    code: 200
    duration: ""
- request:
    body: ""
    form: {}
    headers:
      User-Agent:
      - scaleway-sdk-go/v1.0.0-beta.7+dev (go1.20.4; linux; amd64) terraform-provider/develop
        terraform/terraform-tests
    url: https://api.scaleway.com/k8s/v1/regions/fr-par/pools/cf29d0af-742f-4dd4-92c4-df1a86acadfd
    method: GET
  response:
    body: '{"autohealing":true,"autoscaling":false,"cluster_id":"9a4207d7-b534-4d40-86f3-f92185a6f32f","container_runtime":"containerd","created_at":"2023-07-27T15:25:50.462415Z","id":"cf29d0af-742f-4dd4-92c4-df1a86acadfd","kubelet_args":{},"max_size":1,"min_size":1,"name":"pool","node_type":"gp1_xs","placement_group_id":null,"region":"fr-par","root_volume_size":150000000000,"root_volume_type":"l_ssd","size":1,"status":"scaling","tags":[],"updated_at":"2023-07-27T15:25:50.469335Z","upgrade_policy":{"max_surge":0,"max_unavailable":1},"version":"1.27.2","zone":"fr-par-1"}'
    headers:
      Content-Length:
      - "587"
      Content-Security-Policy:
      - default-src 'none'; frame-ancestors 'none'
      Content-Type:
      - application/json
      Date:
      - Thu, 27 Jul 2023 15:28:29 GMT
      Server:
      - Scaleway API-Gateway
      Strict-Transport-Security:
      - max-age=63072000
      X-Content-Type-Options:
      - nosniff
      X-Frame-Options:
      - DENY
      X-Request-Id:
      - c1409ec2-4906-44e9-8b20-bb4c04a303ca
    status: 200 OK
    code: 200
    duration: ""
- request:
    body: ""
    form: {}
    headers:
      User-Agent:
      - scaleway-sdk-go/v1.0.0-beta.7+dev (go1.20.4; linux; amd64) terraform-provider/develop
        terraform/terraform-tests
    url: https://api.scaleway.com/k8s/v1/regions/fr-par/pools/cf29d0af-742f-4dd4-92c4-df1a86acadfd
    method: GET
  response:
    body: '{"autohealing":true,"autoscaling":false,"cluster_id":"9a4207d7-b534-4d40-86f3-f92185a6f32f","container_runtime":"containerd","created_at":"2023-07-27T15:25:50.462415Z","id":"cf29d0af-742f-4dd4-92c4-df1a86acadfd","kubelet_args":{},"max_size":1,"min_size":1,"name":"pool","node_type":"gp1_xs","placement_group_id":null,"region":"fr-par","root_volume_size":150000000000,"root_volume_type":"l_ssd","size":1,"status":"scaling","tags":[],"updated_at":"2023-07-27T15:25:50.469335Z","upgrade_policy":{"max_surge":0,"max_unavailable":1},"version":"1.27.2","zone":"fr-par-1"}'
    headers:
      Content-Length:
      - "587"
      Content-Security-Policy:
      - default-src 'none'; frame-ancestors 'none'
      Content-Type:
      - application/json
      Date:
      - Thu, 27 Jul 2023 15:28:34 GMT
      Server:
      - Scaleway API-Gateway
      Strict-Transport-Security:
      - max-age=63072000
      X-Content-Type-Options:
      - nosniff
      X-Frame-Options:
      - DENY
      X-Request-Id:
      - 2c32b890-1421-4f93-b486-ad32624be9b6
    status: 200 OK
    code: 200
    duration: ""
- request:
    body: ""
    form: {}
    headers:
      User-Agent:
      - scaleway-sdk-go/v1.0.0-beta.7+dev (go1.20.4; linux; amd64) terraform-provider/develop
        terraform/terraform-tests
    url: https://api.scaleway.com/k8s/v1/regions/fr-par/pools/cf29d0af-742f-4dd4-92c4-df1a86acadfd
    method: GET
  response:
    body: '{"autohealing":true,"autoscaling":false,"cluster_id":"9a4207d7-b534-4d40-86f3-f92185a6f32f","container_runtime":"containerd","created_at":"2023-07-27T15:25:50.462415Z","id":"cf29d0af-742f-4dd4-92c4-df1a86acadfd","kubelet_args":{},"max_size":1,"min_size":1,"name":"pool","node_type":"gp1_xs","placement_group_id":null,"region":"fr-par","root_volume_size":150000000000,"root_volume_type":"l_ssd","size":1,"status":"scaling","tags":[],"updated_at":"2023-07-27T15:25:50.469335Z","upgrade_policy":{"max_surge":0,"max_unavailable":1},"version":"1.27.2","zone":"fr-par-1"}'
    headers:
      Content-Length:
      - "587"
      Content-Security-Policy:
      - default-src 'none'; frame-ancestors 'none'
      Content-Type:
      - application/json
      Date:
      - Thu, 27 Jul 2023 15:28:39 GMT
      Server:
      - Scaleway API-Gateway
      Strict-Transport-Security:
      - max-age=63072000
      X-Content-Type-Options:
      - nosniff
      X-Frame-Options:
      - DENY
      X-Request-Id:
      - ea31cc94-7f97-49d1-a4d7-2408f2f6d9ca
    status: 200 OK
    code: 200
    duration: ""
- request:
    body: ""
    form: {}
    headers:
      User-Agent:
      - scaleway-sdk-go/v1.0.0-beta.7+dev (go1.20.4; linux; amd64) terraform-provider/develop
        terraform/terraform-tests
    url: https://api.scaleway.com/k8s/v1/regions/fr-par/pools/cf29d0af-742f-4dd4-92c4-df1a86acadfd
    method: GET
  response:
    body: '{"autohealing":true,"autoscaling":false,"cluster_id":"9a4207d7-b534-4d40-86f3-f92185a6f32f","container_runtime":"containerd","created_at":"2023-07-27T15:25:50.462415Z","id":"cf29d0af-742f-4dd4-92c4-df1a86acadfd","kubelet_args":{},"max_size":1,"min_size":1,"name":"pool","node_type":"gp1_xs","placement_group_id":null,"region":"fr-par","root_volume_size":150000000000,"root_volume_type":"l_ssd","size":1,"status":"scaling","tags":[],"updated_at":"2023-07-27T15:25:50.469335Z","upgrade_policy":{"max_surge":0,"max_unavailable":1},"version":"1.27.2","zone":"fr-par-1"}'
    headers:
      Content-Length:
      - "587"
      Content-Security-Policy:
      - default-src 'none'; frame-ancestors 'none'
      Content-Type:
      - application/json
      Date:
      - Thu, 27 Jul 2023 15:28:45 GMT
      Server:
      - Scaleway API-Gateway
      Strict-Transport-Security:
      - max-age=63072000
      X-Content-Type-Options:
      - nosniff
      X-Frame-Options:
      - DENY
      X-Request-Id:
      - 3531800d-cbb6-46a0-a0f7-10347d593cdb
    status: 200 OK
    code: 200
    duration: ""
- request:
    body: ""
    form: {}
    headers:
      User-Agent:
      - scaleway-sdk-go/v1.0.0-beta.7+dev (go1.20.4; linux; amd64) terraform-provider/develop
        terraform/terraform-tests
    url: https://api.scaleway.com/k8s/v1/regions/fr-par/pools/cf29d0af-742f-4dd4-92c4-df1a86acadfd
    method: GET
  response:
    body: '{"autohealing":true,"autoscaling":false,"cluster_id":"9a4207d7-b534-4d40-86f3-f92185a6f32f","container_runtime":"containerd","created_at":"2023-07-27T15:25:50.462415Z","id":"cf29d0af-742f-4dd4-92c4-df1a86acadfd","kubelet_args":{},"max_size":1,"min_size":1,"name":"pool","node_type":"gp1_xs","placement_group_id":null,"region":"fr-par","root_volume_size":150000000000,"root_volume_type":"l_ssd","size":1,"status":"scaling","tags":[],"updated_at":"2023-07-27T15:25:50.469335Z","upgrade_policy":{"max_surge":0,"max_unavailable":1},"version":"1.27.2","zone":"fr-par-1"}'
    headers:
      Content-Length:
      - "587"
      Content-Security-Policy:
      - default-src 'none'; frame-ancestors 'none'
      Content-Type:
      - application/json
      Date:
      - Thu, 27 Jul 2023 15:28:50 GMT
      Server:
      - Scaleway API-Gateway
      Strict-Transport-Security:
      - max-age=63072000
      X-Content-Type-Options:
      - nosniff
      X-Frame-Options:
      - DENY
      X-Request-Id:
      - 9852d267-be24-489a-a1b2-4b654bcfecc1
    status: 200 OK
    code: 200
    duration: ""
- request:
    body: ""
    form: {}
    headers:
      User-Agent:
      - scaleway-sdk-go/v1.0.0-beta.7+dev (go1.20.4; linux; amd64) terraform-provider/develop
        terraform/terraform-tests
    url: https://api.scaleway.com/k8s/v1/regions/fr-par/pools/cf29d0af-742f-4dd4-92c4-df1a86acadfd
    method: GET
  response:
    body: '{"autohealing":true,"autoscaling":false,"cluster_id":"9a4207d7-b534-4d40-86f3-f92185a6f32f","container_runtime":"containerd","created_at":"2023-07-27T15:25:50.462415Z","id":"cf29d0af-742f-4dd4-92c4-df1a86acadfd","kubelet_args":{},"max_size":1,"min_size":1,"name":"pool","node_type":"gp1_xs","placement_group_id":null,"region":"fr-par","root_volume_size":150000000000,"root_volume_type":"l_ssd","size":1,"status":"scaling","tags":[],"updated_at":"2023-07-27T15:25:50.469335Z","upgrade_policy":{"max_surge":0,"max_unavailable":1},"version":"1.27.2","zone":"fr-par-1"}'
    headers:
      Content-Length:
      - "587"
      Content-Security-Policy:
      - default-src 'none'; frame-ancestors 'none'
      Content-Type:
      - application/json
      Date:
      - Thu, 27 Jul 2023 15:28:55 GMT
      Server:
      - Scaleway API-Gateway
      Strict-Transport-Security:
      - max-age=63072000
      X-Content-Type-Options:
      - nosniff
      X-Frame-Options:
      - DENY
      X-Request-Id:
      - dabab843-7130-4c0f-a85e-506f24395800
    status: 200 OK
    code: 200
    duration: ""
- request:
    body: ""
    form: {}
    headers:
      User-Agent:
      - scaleway-sdk-go/v1.0.0-beta.7+dev (go1.20.4; linux; amd64) terraform-provider/develop
        terraform/terraform-tests
    url: https://api.scaleway.com/k8s/v1/regions/fr-par/pools/cf29d0af-742f-4dd4-92c4-df1a86acadfd
    method: GET
  response:
    body: '{"autohealing":true,"autoscaling":false,"cluster_id":"9a4207d7-b534-4d40-86f3-f92185a6f32f","container_runtime":"containerd","created_at":"2023-07-27T15:25:50.462415Z","id":"cf29d0af-742f-4dd4-92c4-df1a86acadfd","kubelet_args":{},"max_size":1,"min_size":1,"name":"pool","node_type":"gp1_xs","placement_group_id":null,"region":"fr-par","root_volume_size":150000000000,"root_volume_type":"l_ssd","size":1,"status":"scaling","tags":[],"updated_at":"2023-07-27T15:25:50.469335Z","upgrade_policy":{"max_surge":0,"max_unavailable":1},"version":"1.27.2","zone":"fr-par-1"}'
    headers:
      Content-Length:
      - "587"
      Content-Security-Policy:
      - default-src 'none'; frame-ancestors 'none'
      Content-Type:
      - application/json
      Date:
      - Thu, 27 Jul 2023 15:29:00 GMT
      Server:
      - Scaleway API-Gateway
      Strict-Transport-Security:
      - max-age=63072000
      X-Content-Type-Options:
      - nosniff
      X-Frame-Options:
      - DENY
      X-Request-Id:
      - ba532df0-27ab-46e8-9662-bc6f0e4cc376
    status: 200 OK
    code: 200
    duration: ""
- request:
    body: ""
    form: {}
    headers:
      User-Agent:
      - scaleway-sdk-go/v1.0.0-beta.7+dev (go1.20.4; linux; amd64) terraform-provider/develop
        terraform/terraform-tests
    url: https://api.scaleway.com/k8s/v1/regions/fr-par/pools/cf29d0af-742f-4dd4-92c4-df1a86acadfd
    method: GET
  response:
    body: '{"autohealing":true,"autoscaling":false,"cluster_id":"9a4207d7-b534-4d40-86f3-f92185a6f32f","container_runtime":"containerd","created_at":"2023-07-27T15:25:50.462415Z","id":"cf29d0af-742f-4dd4-92c4-df1a86acadfd","kubelet_args":{},"max_size":1,"min_size":1,"name":"pool","node_type":"gp1_xs","placement_group_id":null,"region":"fr-par","root_volume_size":150000000000,"root_volume_type":"l_ssd","size":1,"status":"scaling","tags":[],"updated_at":"2023-07-27T15:25:50.469335Z","upgrade_policy":{"max_surge":0,"max_unavailable":1},"version":"1.27.2","zone":"fr-par-1"}'
    headers:
      Content-Length:
      - "587"
      Content-Security-Policy:
      - default-src 'none'; frame-ancestors 'none'
      Content-Type:
      - application/json
      Date:
      - Thu, 27 Jul 2023 15:29:05 GMT
      Server:
      - Scaleway API-Gateway
      Strict-Transport-Security:
      - max-age=63072000
      X-Content-Type-Options:
      - nosniff
      X-Frame-Options:
      - DENY
      X-Request-Id:
      - e28146f6-1ecc-4797-8ff2-3b762b906b31
    status: 200 OK
    code: 200
    duration: ""
- request:
    body: ""
    form: {}
    headers:
      User-Agent:
      - scaleway-sdk-go/v1.0.0-beta.7+dev (go1.20.4; linux; amd64) terraform-provider/develop
        terraform/terraform-tests
    url: https://api.scaleway.com/k8s/v1/regions/fr-par/pools/cf29d0af-742f-4dd4-92c4-df1a86acadfd
    method: GET
  response:
    body: '{"autohealing":true,"autoscaling":false,"cluster_id":"9a4207d7-b534-4d40-86f3-f92185a6f32f","container_runtime":"containerd","created_at":"2023-07-27T15:25:50.462415Z","id":"cf29d0af-742f-4dd4-92c4-df1a86acadfd","kubelet_args":{},"max_size":1,"min_size":1,"name":"pool","node_type":"gp1_xs","placement_group_id":null,"region":"fr-par","root_volume_size":150000000000,"root_volume_type":"l_ssd","size":1,"status":"scaling","tags":[],"updated_at":"2023-07-27T15:25:50.469335Z","upgrade_policy":{"max_surge":0,"max_unavailable":1},"version":"1.27.2","zone":"fr-par-1"}'
    headers:
      Content-Length:
      - "587"
      Content-Security-Policy:
      - default-src 'none'; frame-ancestors 'none'
      Content-Type:
      - application/json
      Date:
      - Thu, 27 Jul 2023 15:29:10 GMT
      Server:
      - Scaleway API-Gateway
      Strict-Transport-Security:
      - max-age=63072000
      X-Content-Type-Options:
      - nosniff
      X-Frame-Options:
      - DENY
      X-Request-Id:
      - 1eedd7ca-b08e-4770-a091-43f599336f7b
    status: 200 OK
    code: 200
    duration: ""
- request:
    body: ""
    form: {}
    headers:
      User-Agent:
      - scaleway-sdk-go/v1.0.0-beta.7+dev (go1.20.4; linux; amd64) terraform-provider/develop
        terraform/terraform-tests
    url: https://api.scaleway.com/k8s/v1/regions/fr-par/pools/cf29d0af-742f-4dd4-92c4-df1a86acadfd
    method: GET
  response:
    body: '{"autohealing":true,"autoscaling":false,"cluster_id":"9a4207d7-b534-4d40-86f3-f92185a6f32f","container_runtime":"containerd","created_at":"2023-07-27T15:25:50.462415Z","id":"cf29d0af-742f-4dd4-92c4-df1a86acadfd","kubelet_args":{},"max_size":1,"min_size":1,"name":"pool","node_type":"gp1_xs","placement_group_id":null,"region":"fr-par","root_volume_size":150000000000,"root_volume_type":"l_ssd","size":1,"status":"scaling","tags":[],"updated_at":"2023-07-27T15:25:50.469335Z","upgrade_policy":{"max_surge":0,"max_unavailable":1},"version":"1.27.2","zone":"fr-par-1"}'
    headers:
      Content-Length:
      - "587"
      Content-Security-Policy:
      - default-src 'none'; frame-ancestors 'none'
      Content-Type:
      - application/json
      Date:
      - Thu, 27 Jul 2023 15:29:15 GMT
      Server:
      - Scaleway API-Gateway
      Strict-Transport-Security:
      - max-age=63072000
      X-Content-Type-Options:
      - nosniff
      X-Frame-Options:
      - DENY
      X-Request-Id:
      - 1296a7b3-060e-45f4-97f3-5a0e9d1a01ad
    status: 200 OK
    code: 200
    duration: ""
- request:
    body: ""
    form: {}
    headers:
      User-Agent:
      - scaleway-sdk-go/v1.0.0-beta.7+dev (go1.20.4; linux; amd64) terraform-provider/develop
        terraform/terraform-tests
    url: https://api.scaleway.com/k8s/v1/regions/fr-par/pools/cf29d0af-742f-4dd4-92c4-df1a86acadfd
    method: GET
  response:
    body: '{"autohealing":true,"autoscaling":false,"cluster_id":"9a4207d7-b534-4d40-86f3-f92185a6f32f","container_runtime":"containerd","created_at":"2023-07-27T15:25:50.462415Z","id":"cf29d0af-742f-4dd4-92c4-df1a86acadfd","kubelet_args":{},"max_size":1,"min_size":1,"name":"pool","node_type":"gp1_xs","placement_group_id":null,"region":"fr-par","root_volume_size":150000000000,"root_volume_type":"l_ssd","size":1,"status":"scaling","tags":[],"updated_at":"2023-07-27T15:25:50.469335Z","upgrade_policy":{"max_surge":0,"max_unavailable":1},"version":"1.27.2","zone":"fr-par-1"}'
    headers:
      Content-Length:
      - "587"
      Content-Security-Policy:
      - default-src 'none'; frame-ancestors 'none'
      Content-Type:
      - application/json
      Date:
      - Thu, 27 Jul 2023 15:29:20 GMT
      Server:
      - Scaleway API-Gateway
      Strict-Transport-Security:
      - max-age=63072000
      X-Content-Type-Options:
      - nosniff
      X-Frame-Options:
      - DENY
      X-Request-Id:
      - 980db3b3-9ad4-4402-8836-99046363b779
    status: 200 OK
    code: 200
    duration: ""
- request:
    body: ""
    form: {}
    headers:
      User-Agent:
      - scaleway-sdk-go/v1.0.0-beta.7+dev (go1.20.4; linux; amd64) terraform-provider/develop
        terraform/terraform-tests
    url: https://api.scaleway.com/k8s/v1/regions/fr-par/pools/cf29d0af-742f-4dd4-92c4-df1a86acadfd
    method: GET
  response:
    body: '{"autohealing":true,"autoscaling":false,"cluster_id":"9a4207d7-b534-4d40-86f3-f92185a6f32f","container_runtime":"containerd","created_at":"2023-07-27T15:25:50.462415Z","id":"cf29d0af-742f-4dd4-92c4-df1a86acadfd","kubelet_args":{},"max_size":1,"min_size":1,"name":"pool","node_type":"gp1_xs","placement_group_id":null,"region":"fr-par","root_volume_size":150000000000,"root_volume_type":"l_ssd","size":1,"status":"scaling","tags":[],"updated_at":"2023-07-27T15:25:50.469335Z","upgrade_policy":{"max_surge":0,"max_unavailable":1},"version":"1.27.2","zone":"fr-par-1"}'
    headers:
      Content-Length:
      - "587"
      Content-Security-Policy:
      - default-src 'none'; frame-ancestors 'none'
      Content-Type:
      - application/json
      Date:
      - Thu, 27 Jul 2023 15:29:25 GMT
      Server:
      - Scaleway API-Gateway
      Strict-Transport-Security:
      - max-age=63072000
      X-Content-Type-Options:
      - nosniff
      X-Frame-Options:
      - DENY
      X-Request-Id:
      - f0d9bb8c-999f-4809-b140-85c2ed5684fa
    status: 200 OK
    code: 200
    duration: ""
- request:
    body: ""
    form: {}
    headers:
      User-Agent:
      - scaleway-sdk-go/v1.0.0-beta.7+dev (go1.20.4; linux; amd64) terraform-provider/develop
        terraform/terraform-tests
    url: https://api.scaleway.com/k8s/v1/regions/fr-par/pools/cf29d0af-742f-4dd4-92c4-df1a86acadfd
    method: GET
  response:
    body: '{"autohealing":true,"autoscaling":false,"cluster_id":"9a4207d7-b534-4d40-86f3-f92185a6f32f","container_runtime":"containerd","created_at":"2023-07-27T15:25:50.462415Z","id":"cf29d0af-742f-4dd4-92c4-df1a86acadfd","kubelet_args":{},"max_size":1,"min_size":1,"name":"pool","node_type":"gp1_xs","placement_group_id":null,"region":"fr-par","root_volume_size":150000000000,"root_volume_type":"l_ssd","size":1,"status":"scaling","tags":[],"updated_at":"2023-07-27T15:25:50.469335Z","upgrade_policy":{"max_surge":0,"max_unavailable":1},"version":"1.27.2","zone":"fr-par-1"}'
    headers:
      Content-Length:
      - "587"
      Content-Security-Policy:
      - default-src 'none'; frame-ancestors 'none'
      Content-Type:
      - application/json
      Date:
      - Thu, 27 Jul 2023 15:29:30 GMT
      Server:
      - Scaleway API-Gateway
      Strict-Transport-Security:
      - max-age=63072000
      X-Content-Type-Options:
      - nosniff
      X-Frame-Options:
      - DENY
      X-Request-Id:
      - a2aede70-9e40-4d34-9769-d740d87ae345
    status: 200 OK
    code: 200
    duration: ""
- request:
    body: ""
    form: {}
    headers:
      User-Agent:
      - scaleway-sdk-go/v1.0.0-beta.7+dev (go1.20.4; linux; amd64) terraform-provider/develop
        terraform/terraform-tests
    url: https://api.scaleway.com/k8s/v1/regions/fr-par/pools/cf29d0af-742f-4dd4-92c4-df1a86acadfd
    method: GET
  response:
    body: '{"autohealing":true,"autoscaling":false,"cluster_id":"9a4207d7-b534-4d40-86f3-f92185a6f32f","container_runtime":"containerd","created_at":"2023-07-27T15:25:50.462415Z","id":"cf29d0af-742f-4dd4-92c4-df1a86acadfd","kubelet_args":{},"max_size":1,"min_size":1,"name":"pool","node_type":"gp1_xs","placement_group_id":null,"region":"fr-par","root_volume_size":150000000000,"root_volume_type":"l_ssd","size":1,"status":"scaling","tags":[],"updated_at":"2023-07-27T15:25:50.469335Z","upgrade_policy":{"max_surge":0,"max_unavailable":1},"version":"1.27.2","zone":"fr-par-1"}'
    headers:
      Content-Length:
      - "587"
      Content-Security-Policy:
      - default-src 'none'; frame-ancestors 'none'
      Content-Type:
      - application/json
      Date:
      - Thu, 27 Jul 2023 15:29:35 GMT
      Server:
      - Scaleway API-Gateway
      Strict-Transport-Security:
      - max-age=63072000
      X-Content-Type-Options:
      - nosniff
      X-Frame-Options:
      - DENY
      X-Request-Id:
      - b36a2ff5-ea58-4790-adad-4b261e66b5be
    status: 200 OK
    code: 200
    duration: ""
- request:
    body: ""
    form: {}
    headers:
      User-Agent:
      - scaleway-sdk-go/v1.0.0-beta.7+dev (go1.20.4; linux; amd64) terraform-provider/develop
        terraform/terraform-tests
    url: https://api.scaleway.com/k8s/v1/regions/fr-par/pools/cf29d0af-742f-4dd4-92c4-df1a86acadfd
    method: GET
  response:
    body: '{"autohealing":true,"autoscaling":false,"cluster_id":"9a4207d7-b534-4d40-86f3-f92185a6f32f","container_runtime":"containerd","created_at":"2023-07-27T15:25:50.462415Z","id":"cf29d0af-742f-4dd4-92c4-df1a86acadfd","kubelet_args":{},"max_size":1,"min_size":1,"name":"pool","node_type":"gp1_xs","placement_group_id":null,"region":"fr-par","root_volume_size":150000000000,"root_volume_type":"l_ssd","size":1,"status":"scaling","tags":[],"updated_at":"2023-07-27T15:25:50.469335Z","upgrade_policy":{"max_surge":0,"max_unavailable":1},"version":"1.27.2","zone":"fr-par-1"}'
    headers:
      Content-Length:
      - "587"
      Content-Security-Policy:
      - default-src 'none'; frame-ancestors 'none'
      Content-Type:
      - application/json
      Date:
      - Thu, 27 Jul 2023 15:29:40 GMT
      Server:
      - Scaleway API-Gateway
      Strict-Transport-Security:
      - max-age=63072000
      X-Content-Type-Options:
      - nosniff
      X-Frame-Options:
      - DENY
      X-Request-Id:
      - ba4bf2a3-981b-4015-bd6c-c89a37070384
    status: 200 OK
    code: 200
    duration: ""
- request:
    body: ""
    form: {}
    headers:
      User-Agent:
      - scaleway-sdk-go/v1.0.0-beta.7+dev (go1.20.4; linux; amd64) terraform-provider/develop
        terraform/terraform-tests
    url: https://api.scaleway.com/k8s/v1/regions/fr-par/pools/cf29d0af-742f-4dd4-92c4-df1a86acadfd
    method: GET
  response:
    body: '{"autohealing":true,"autoscaling":false,"cluster_id":"9a4207d7-b534-4d40-86f3-f92185a6f32f","container_runtime":"containerd","created_at":"2023-07-27T15:25:50.462415Z","id":"cf29d0af-742f-4dd4-92c4-df1a86acadfd","kubelet_args":{},"max_size":1,"min_size":1,"name":"pool","node_type":"gp1_xs","placement_group_id":null,"region":"fr-par","root_volume_size":150000000000,"root_volume_type":"l_ssd","size":1,"status":"scaling","tags":[],"updated_at":"2023-07-27T15:25:50.469335Z","upgrade_policy":{"max_surge":0,"max_unavailable":1},"version":"1.27.2","zone":"fr-par-1"}'
    headers:
      Content-Length:
      - "587"
      Content-Security-Policy:
      - default-src 'none'; frame-ancestors 'none'
      Content-Type:
      - application/json
      Date:
      - Thu, 27 Jul 2023 15:29:45 GMT
      Server:
      - Scaleway API-Gateway
      Strict-Transport-Security:
      - max-age=63072000
      X-Content-Type-Options:
      - nosniff
      X-Frame-Options:
      - DENY
      X-Request-Id:
      - 2be023b9-93dc-4827-8e1c-96999d87969e
    status: 200 OK
    code: 200
    duration: ""
- request:
    body: ""
    form: {}
    headers:
      User-Agent:
      - scaleway-sdk-go/v1.0.0-beta.7+dev (go1.20.4; linux; amd64) terraform-provider/develop
        terraform/terraform-tests
    url: https://api.scaleway.com/k8s/v1/regions/fr-par/pools/cf29d0af-742f-4dd4-92c4-df1a86acadfd
    method: GET
  response:
    body: '{"autohealing":true,"autoscaling":false,"cluster_id":"9a4207d7-b534-4d40-86f3-f92185a6f32f","container_runtime":"containerd","created_at":"2023-07-27T15:25:50.462415Z","id":"cf29d0af-742f-4dd4-92c4-df1a86acadfd","kubelet_args":{},"max_size":1,"min_size":1,"name":"pool","node_type":"gp1_xs","placement_group_id":null,"region":"fr-par","root_volume_size":150000000000,"root_volume_type":"l_ssd","size":1,"status":"scaling","tags":[],"updated_at":"2023-07-27T15:25:50.469335Z","upgrade_policy":{"max_surge":0,"max_unavailable":1},"version":"1.27.2","zone":"fr-par-1"}'
    headers:
      Content-Length:
      - "587"
      Content-Security-Policy:
      - default-src 'none'; frame-ancestors 'none'
      Content-Type:
      - application/json
      Date:
      - Thu, 27 Jul 2023 15:29:50 GMT
      Server:
      - Scaleway API-Gateway
      Strict-Transport-Security:
      - max-age=63072000
      X-Content-Type-Options:
      - nosniff
      X-Frame-Options:
      - DENY
      X-Request-Id:
      - c11ff90c-ebf1-43fe-9ebf-64eb121123e9
    status: 200 OK
    code: 200
    duration: ""
- request:
    body: ""
    form: {}
    headers:
      User-Agent:
      - scaleway-sdk-go/v1.0.0-beta.7+dev (go1.20.4; linux; amd64) terraform-provider/develop
        terraform/terraform-tests
    url: https://api.scaleway.com/k8s/v1/regions/fr-par/pools/cf29d0af-742f-4dd4-92c4-df1a86acadfd
    method: GET
  response:
    body: '{"autohealing":true,"autoscaling":false,"cluster_id":"9a4207d7-b534-4d40-86f3-f92185a6f32f","container_runtime":"containerd","created_at":"2023-07-27T15:25:50.462415Z","id":"cf29d0af-742f-4dd4-92c4-df1a86acadfd","kubelet_args":{},"max_size":1,"min_size":1,"name":"pool","node_type":"gp1_xs","placement_group_id":null,"region":"fr-par","root_volume_size":150000000000,"root_volume_type":"l_ssd","size":1,"status":"scaling","tags":[],"updated_at":"2023-07-27T15:25:50.469335Z","upgrade_policy":{"max_surge":0,"max_unavailable":1},"version":"1.27.2","zone":"fr-par-1"}'
    headers:
      Content-Length:
      - "587"
      Content-Security-Policy:
      - default-src 'none'; frame-ancestors 'none'
      Content-Type:
      - application/json
      Date:
      - Thu, 27 Jul 2023 15:29:55 GMT
      Server:
      - Scaleway API-Gateway
      Strict-Transport-Security:
      - max-age=63072000
      X-Content-Type-Options:
      - nosniff
      X-Frame-Options:
      - DENY
      X-Request-Id:
      - d86ad33b-455c-4939-8959-798a7715ee8d
    status: 200 OK
    code: 200
    duration: ""
- request:
    body: ""
    form: {}
    headers:
      User-Agent:
      - scaleway-sdk-go/v1.0.0-beta.7+dev (go1.20.4; linux; amd64) terraform-provider/develop
        terraform/terraform-tests
    url: https://api.scaleway.com/k8s/v1/regions/fr-par/pools/cf29d0af-742f-4dd4-92c4-df1a86acadfd
    method: GET
  response:
    body: '{"autohealing":true,"autoscaling":false,"cluster_id":"9a4207d7-b534-4d40-86f3-f92185a6f32f","container_runtime":"containerd","created_at":"2023-07-27T15:25:50.462415Z","id":"cf29d0af-742f-4dd4-92c4-df1a86acadfd","kubelet_args":{},"max_size":1,"min_size":1,"name":"pool","node_type":"gp1_xs","placement_group_id":null,"region":"fr-par","root_volume_size":150000000000,"root_volume_type":"l_ssd","size":1,"status":"scaling","tags":[],"updated_at":"2023-07-27T15:25:50.469335Z","upgrade_policy":{"max_surge":0,"max_unavailable":1},"version":"1.27.2","zone":"fr-par-1"}'
    headers:
      Content-Length:
      - "587"
      Content-Security-Policy:
      - default-src 'none'; frame-ancestors 'none'
      Content-Type:
      - application/json
      Date:
      - Thu, 27 Jul 2023 15:30:00 GMT
      Server:
      - Scaleway API-Gateway
      Strict-Transport-Security:
      - max-age=63072000
      X-Content-Type-Options:
      - nosniff
      X-Frame-Options:
      - DENY
      X-Request-Id:
      - fc5186cc-e93a-491e-9350-10a148c6fbe3
    status: 200 OK
    code: 200
    duration: ""
- request:
    body: ""
    form: {}
    headers:
      User-Agent:
      - scaleway-sdk-go/v1.0.0-beta.7+dev (go1.20.4; linux; amd64) terraform-provider/develop
        terraform/terraform-tests
    url: https://api.scaleway.com/k8s/v1/regions/fr-par/pools/cf29d0af-742f-4dd4-92c4-df1a86acadfd
    method: GET
  response:
    body: '{"autohealing":true,"autoscaling":false,"cluster_id":"9a4207d7-b534-4d40-86f3-f92185a6f32f","container_runtime":"containerd","created_at":"2023-07-27T15:25:50.462415Z","id":"cf29d0af-742f-4dd4-92c4-df1a86acadfd","kubelet_args":{},"max_size":1,"min_size":1,"name":"pool","node_type":"gp1_xs","placement_group_id":null,"region":"fr-par","root_volume_size":150000000000,"root_volume_type":"l_ssd","size":1,"status":"scaling","tags":[],"updated_at":"2023-07-27T15:25:50.469335Z","upgrade_policy":{"max_surge":0,"max_unavailable":1},"version":"1.27.2","zone":"fr-par-1"}'
    headers:
      Content-Length:
      - "587"
      Content-Security-Policy:
      - default-src 'none'; frame-ancestors 'none'
      Content-Type:
      - application/json
      Date:
      - Thu, 27 Jul 2023 15:30:05 GMT
      Server:
      - Scaleway API-Gateway
      Strict-Transport-Security:
      - max-age=63072000
      X-Content-Type-Options:
      - nosniff
      X-Frame-Options:
      - DENY
      X-Request-Id:
      - 31fd1c22-3ffa-40f6-a521-22a76e52b4d2
    status: 200 OK
    code: 200
    duration: ""
- request:
    body: ""
    form: {}
    headers:
      User-Agent:
      - scaleway-sdk-go/v1.0.0-beta.7+dev (go1.20.4; linux; amd64) terraform-provider/develop
        terraform/terraform-tests
    url: https://api.scaleway.com/k8s/v1/regions/fr-par/pools/cf29d0af-742f-4dd4-92c4-df1a86acadfd
    method: GET
  response:
    body: '{"autohealing":true,"autoscaling":false,"cluster_id":"9a4207d7-b534-4d40-86f3-f92185a6f32f","container_runtime":"containerd","created_at":"2023-07-27T15:25:50.462415Z","id":"cf29d0af-742f-4dd4-92c4-df1a86acadfd","kubelet_args":{},"max_size":1,"min_size":1,"name":"pool","node_type":"gp1_xs","placement_group_id":null,"region":"fr-par","root_volume_size":150000000000,"root_volume_type":"l_ssd","size":1,"status":"scaling","tags":[],"updated_at":"2023-07-27T15:25:50.469335Z","upgrade_policy":{"max_surge":0,"max_unavailable":1},"version":"1.27.2","zone":"fr-par-1"}'
    headers:
      Content-Length:
      - "587"
      Content-Security-Policy:
      - default-src 'none'; frame-ancestors 'none'
      Content-Type:
      - application/json
      Date:
      - Thu, 27 Jul 2023 15:30:11 GMT
      Server:
      - Scaleway API-Gateway
      Strict-Transport-Security:
      - max-age=63072000
      X-Content-Type-Options:
      - nosniff
      X-Frame-Options:
      - DENY
      X-Request-Id:
      - 50610717-0b85-4a3c-bd90-df169ce2a30d
    status: 200 OK
    code: 200
    duration: ""
- request:
    body: ""
    form: {}
    headers:
      User-Agent:
      - scaleway-sdk-go/v1.0.0-beta.7+dev (go1.20.4; linux; amd64) terraform-provider/develop
        terraform/terraform-tests
    url: https://api.scaleway.com/k8s/v1/regions/fr-par/pools/cf29d0af-742f-4dd4-92c4-df1a86acadfd
    method: GET
  response:
    body: '{"autohealing":true,"autoscaling":false,"cluster_id":"9a4207d7-b534-4d40-86f3-f92185a6f32f","container_runtime":"containerd","created_at":"2023-07-27T15:25:50.462415Z","id":"cf29d0af-742f-4dd4-92c4-df1a86acadfd","kubelet_args":{},"max_size":1,"min_size":1,"name":"pool","node_type":"gp1_xs","placement_group_id":null,"region":"fr-par","root_volume_size":150000000000,"root_volume_type":"l_ssd","size":1,"status":"scaling","tags":[],"updated_at":"2023-07-27T15:25:50.469335Z","upgrade_policy":{"max_surge":0,"max_unavailable":1},"version":"1.27.2","zone":"fr-par-1"}'
    headers:
      Content-Length:
      - "587"
      Content-Security-Policy:
      - default-src 'none'; frame-ancestors 'none'
      Content-Type:
      - application/json
      Date:
      - Thu, 27 Jul 2023 15:30:16 GMT
      Server:
      - Scaleway API-Gateway
      Strict-Transport-Security:
      - max-age=63072000
      X-Content-Type-Options:
      - nosniff
      X-Frame-Options:
      - DENY
      X-Request-Id:
      - 7400f48b-ba4f-4c12-93f4-09e77701d846
    status: 200 OK
    code: 200
    duration: ""
- request:
    body: ""
    form: {}
    headers:
      User-Agent:
      - scaleway-sdk-go/v1.0.0-beta.7+dev (go1.20.4; linux; amd64) terraform-provider/develop
        terraform/terraform-tests
    url: https://api.scaleway.com/k8s/v1/regions/fr-par/pools/cf29d0af-742f-4dd4-92c4-df1a86acadfd
    method: GET
  response:
    body: '{"autohealing":true,"autoscaling":false,"cluster_id":"9a4207d7-b534-4d40-86f3-f92185a6f32f","container_runtime":"containerd","created_at":"2023-07-27T15:25:50.462415Z","id":"cf29d0af-742f-4dd4-92c4-df1a86acadfd","kubelet_args":{},"max_size":1,"min_size":1,"name":"pool","node_type":"gp1_xs","placement_group_id":null,"region":"fr-par","root_volume_size":150000000000,"root_volume_type":"l_ssd","size":1,"status":"scaling","tags":[],"updated_at":"2023-07-27T15:25:50.469335Z","upgrade_policy":{"max_surge":0,"max_unavailable":1},"version":"1.27.2","zone":"fr-par-1"}'
    headers:
      Content-Length:
      - "587"
      Content-Security-Policy:
      - default-src 'none'; frame-ancestors 'none'
      Content-Type:
      - application/json
      Date:
      - Thu, 27 Jul 2023 15:30:21 GMT
      Server:
      - Scaleway API-Gateway
      Strict-Transport-Security:
      - max-age=63072000
      X-Content-Type-Options:
      - nosniff
      X-Frame-Options:
      - DENY
      X-Request-Id:
      - 4871d23a-3625-4d29-acf3-2eba87724aff
    status: 200 OK
    code: 200
    duration: ""
- request:
    body: ""
    form: {}
    headers:
      User-Agent:
      - scaleway-sdk-go/v1.0.0-beta.7+dev (go1.20.4; linux; amd64) terraform-provider/develop
        terraform/terraform-tests
    url: https://api.scaleway.com/k8s/v1/regions/fr-par/pools/cf29d0af-742f-4dd4-92c4-df1a86acadfd
    method: GET
  response:
    body: '{"autohealing":true,"autoscaling":false,"cluster_id":"9a4207d7-b534-4d40-86f3-f92185a6f32f","container_runtime":"containerd","created_at":"2023-07-27T15:25:50.462415Z","id":"cf29d0af-742f-4dd4-92c4-df1a86acadfd","kubelet_args":{},"max_size":1,"min_size":1,"name":"pool","node_type":"gp1_xs","placement_group_id":null,"region":"fr-par","root_volume_size":150000000000,"root_volume_type":"l_ssd","size":1,"status":"scaling","tags":[],"updated_at":"2023-07-27T15:25:50.469335Z","upgrade_policy":{"max_surge":0,"max_unavailable":1},"version":"1.27.2","zone":"fr-par-1"}'
    headers:
      Content-Length:
      - "587"
      Content-Security-Policy:
      - default-src 'none'; frame-ancestors 'none'
      Content-Type:
      - application/json
      Date:
      - Thu, 27 Jul 2023 15:30:26 GMT
      Server:
      - Scaleway API-Gateway
      Strict-Transport-Security:
      - max-age=63072000
      X-Content-Type-Options:
      - nosniff
      X-Frame-Options:
      - DENY
      X-Request-Id:
      - 13bd7a17-dee8-4b97-8d55-8ec21ce8e77e
    status: 200 OK
    code: 200
    duration: ""
- request:
    body: ""
    form: {}
    headers:
      User-Agent:
      - scaleway-sdk-go/v1.0.0-beta.7+dev (go1.20.4; linux; amd64) terraform-provider/develop
        terraform/terraform-tests
    url: https://api.scaleway.com/k8s/v1/regions/fr-par/pools/cf29d0af-742f-4dd4-92c4-df1a86acadfd
    method: GET
  response:
    body: '{"autohealing":true,"autoscaling":false,"cluster_id":"9a4207d7-b534-4d40-86f3-f92185a6f32f","container_runtime":"containerd","created_at":"2023-07-27T15:25:50.462415Z","id":"cf29d0af-742f-4dd4-92c4-df1a86acadfd","kubelet_args":{},"max_size":1,"min_size":1,"name":"pool","node_type":"gp1_xs","placement_group_id":null,"region":"fr-par","root_volume_size":150000000000,"root_volume_type":"l_ssd","size":1,"status":"scaling","tags":[],"updated_at":"2023-07-27T15:25:50.469335Z","upgrade_policy":{"max_surge":0,"max_unavailable":1},"version":"1.27.2","zone":"fr-par-1"}'
    headers:
      Content-Length:
      - "587"
      Content-Security-Policy:
      - default-src 'none'; frame-ancestors 'none'
      Content-Type:
      - application/json
      Date:
      - Thu, 27 Jul 2023 15:30:31 GMT
      Server:
      - Scaleway API-Gateway
      Strict-Transport-Security:
      - max-age=63072000
      X-Content-Type-Options:
      - nosniff
      X-Frame-Options:
      - DENY
      X-Request-Id:
      - 9a15a49e-9823-4dbe-ac74-b95b35c3255e
    status: 200 OK
    code: 200
    duration: ""
- request:
    body: ""
    form: {}
    headers:
      User-Agent:
      - scaleway-sdk-go/v1.0.0-beta.7+dev (go1.20.4; linux; amd64) terraform-provider/develop
        terraform/terraform-tests
    url: https://api.scaleway.com/k8s/v1/regions/fr-par/pools/cf29d0af-742f-4dd4-92c4-df1a86acadfd
    method: GET
  response:
    body: '{"autohealing":true,"autoscaling":false,"cluster_id":"9a4207d7-b534-4d40-86f3-f92185a6f32f","container_runtime":"containerd","created_at":"2023-07-27T15:25:50.462415Z","id":"cf29d0af-742f-4dd4-92c4-df1a86acadfd","kubelet_args":{},"max_size":1,"min_size":1,"name":"pool","node_type":"gp1_xs","placement_group_id":null,"region":"fr-par","root_volume_size":150000000000,"root_volume_type":"l_ssd","size":1,"status":"scaling","tags":[],"updated_at":"2023-07-27T15:25:50.469335Z","upgrade_policy":{"max_surge":0,"max_unavailable":1},"version":"1.27.2","zone":"fr-par-1"}'
    headers:
      Content-Length:
      - "587"
      Content-Security-Policy:
      - default-src 'none'; frame-ancestors 'none'
      Content-Type:
      - application/json
      Date:
      - Thu, 27 Jul 2023 15:30:36 GMT
      Server:
      - Scaleway API-Gateway
      Strict-Transport-Security:
      - max-age=63072000
      X-Content-Type-Options:
      - nosniff
      X-Frame-Options:
      - DENY
      X-Request-Id:
      - ff238ef0-2bf7-4963-8c8d-433869e03fa6
    status: 200 OK
    code: 200
    duration: ""
- request:
    body: ""
    form: {}
    headers:
      User-Agent:
      - scaleway-sdk-go/v1.0.0-beta.7+dev (go1.20.4; linux; amd64) terraform-provider/develop
        terraform/terraform-tests
    url: https://api.scaleway.com/k8s/v1/regions/fr-par/pools/cf29d0af-742f-4dd4-92c4-df1a86acadfd
    method: GET
  response:
    body: '{"autohealing":true,"autoscaling":false,"cluster_id":"9a4207d7-b534-4d40-86f3-f92185a6f32f","container_runtime":"containerd","created_at":"2023-07-27T15:25:50.462415Z","id":"cf29d0af-742f-4dd4-92c4-df1a86acadfd","kubelet_args":{},"max_size":1,"min_size":1,"name":"pool","node_type":"gp1_xs","placement_group_id":null,"region":"fr-par","root_volume_size":150000000000,"root_volume_type":"l_ssd","size":1,"status":"ready","tags":[],"updated_at":"2023-07-27T15:30:41.324316Z","upgrade_policy":{"max_surge":0,"max_unavailable":1},"version":"1.27.2","zone":"fr-par-1"}'
    headers:
      Content-Length:
      - "585"
      Content-Security-Policy:
      - default-src 'none'; frame-ancestors 'none'
      Content-Type:
      - application/json
      Date:
      - Thu, 27 Jul 2023 15:30:41 GMT
      Server:
      - Scaleway API-Gateway
      Strict-Transport-Security:
      - max-age=63072000
      X-Content-Type-Options:
      - nosniff
      X-Frame-Options:
      - DENY
      X-Request-Id:
      - d7872019-f6db-4a98-a38f-4cf6eb2aadf4
    status: 200 OK
    code: 200
    duration: ""
- request:
    body: ""
    form: {}
    headers:
      User-Agent:
      - scaleway-sdk-go/v1.0.0-beta.7+dev (go1.20.4; linux; amd64) terraform-provider/develop
        terraform/terraform-tests
    url: https://api.scaleway.com/k8s/v1/regions/fr-par/clusters/9a4207d7-b534-4d40-86f3-f92185a6f32f
    method: GET
  response:
    body: '{"admission_plugins":[],"apiserver_cert_sans":[],"audit_log":false,"auto_upgrade":{"enabled":true,"maintenance_window":{"day":"monday","start_hour":12}},"autoscaler_config":{"balance_similar_node_groups":false,"estimator":"binpacking","expander":"random","expendable_pods_priority_cutoff":0,"ignore_daemonsets_utilization":false,"max_graceful_termination_sec":0,"scale_down_delay_after_add":"10m","scale_down_disabled":false,"scale_down_unneeded_time":"10m","scale_down_utilization_threshold":0.5},"cluster_url":"https://9a4207d7-b534-4d40-86f3-f92185a6f32f.api.k8s.fr-par.scw.cloud:6443","cni":"cilium","commitment_ends_at":"2023-07-27T15:25:44.802324Z","created_at":"2023-07-27T15:25:44.802324Z","dashboard_enabled":false,"description":"","dns_wildcard":"*.9a4207d7-b534-4d40-86f3-f92185a6f32f.nodes.k8s.fr-par.scw.cloud","feature_gates":[],"id":"9a4207d7-b534-4d40-86f3-f92185a6f32f","ingress":"none","name":"cluster","open_id_connect_config":{"client_id":"","groups_claim":[],"groups_prefix":"","issuer_url":"","required_claim":[],"username_claim":"","username_prefix":""},"organization_id":"fa1e3217-dc80-42ac-85c3-3f034b78b552","private_network_id":null,"project_id":"fa1e3217-dc80-42ac-85c3-3f034b78b552","region":"fr-par","status":"ready","tags":[],"type":"kapsule","updated_at":"2023-07-27T15:27:40.624883Z","upgrade_available":false,"version":"1.27.2"}'
    headers:
      Content-Length:
      - "1405"
      Content-Security-Policy:
      - default-src 'none'; frame-ancestors 'none'
      Content-Type:
      - application/json
      Date:
      - Thu, 27 Jul 2023 15:30:42 GMT
      Server:
      - Scaleway API-Gateway
      Strict-Transport-Security:
      - max-age=63072000
      X-Content-Type-Options:
      - nosniff
      X-Frame-Options:
      - DENY
      X-Request-Id:
      - e1e833bd-7b52-4cbf-b853-a9276a0f34da
    status: 200 OK
    code: 200
    duration: ""
- request:
    body: ""
    form: {}
    headers:
      User-Agent:
      - scaleway-sdk-go/v1.0.0-beta.7+dev (go1.20.4; linux; amd64) terraform-provider/develop
        terraform/terraform-tests
    url: https://api.scaleway.com/k8s/v1/regions/fr-par/pools/cf29d0af-742f-4dd4-92c4-df1a86acadfd
    method: GET
  response:
    body: '{"autohealing":true,"autoscaling":false,"cluster_id":"9a4207d7-b534-4d40-86f3-f92185a6f32f","container_runtime":"containerd","created_at":"2023-07-27T15:25:50.462415Z","id":"cf29d0af-742f-4dd4-92c4-df1a86acadfd","kubelet_args":{},"max_size":1,"min_size":1,"name":"pool","node_type":"gp1_xs","placement_group_id":null,"region":"fr-par","root_volume_size":150000000000,"root_volume_type":"l_ssd","size":1,"status":"ready","tags":[],"updated_at":"2023-07-27T15:30:41.324316Z","upgrade_policy":{"max_surge":0,"max_unavailable":1},"version":"1.27.2","zone":"fr-par-1"}'
    headers:
      Content-Length:
      - "585"
      Content-Security-Policy:
      - default-src 'none'; frame-ancestors 'none'
      Content-Type:
      - application/json
      Date:
      - Thu, 27 Jul 2023 15:30:42 GMT
      Server:
      - Scaleway API-Gateway
      Strict-Transport-Security:
      - max-age=63072000
      X-Content-Type-Options:
      - nosniff
      X-Frame-Options:
      - DENY
      X-Request-Id:
      - abb1fbcf-c0aa-4219-a406-0315fd4043a0
    status: 200 OK
    code: 200
    duration: ""
- request:
    body: ""
    form: {}
    headers:
      User-Agent:
      - scaleway-sdk-go/v1.0.0-beta.7+dev (go1.20.4; linux; amd64) terraform-provider/develop
        terraform/terraform-tests
    url: https://api.scaleway.com/k8s/v1/regions/fr-par/clusters/9a4207d7-b534-4d40-86f3-f92185a6f32f/nodes?order_by=created_at_asc&page=1&pool_id=cf29d0af-742f-4dd4-92c4-df1a86acadfd&status=unknown
    method: GET
  response:
    body: '{"nodes":[{"cluster_id":"9a4207d7-b534-4d40-86f3-f92185a6f32f","conditions":{"DiskPressure":"False","MemoryPressure":"False","PIDPressure":"False","Ready":"True"},"created_at":"2023-07-27T15:28:08.121105Z","error_message":null,"id":"11cd5f43-8d45-4316-82ab-d7002c3a3e8f","name":"scw-cluster-pool-11cd5f438d45431682abd7002c3a3","pool_id":"cf29d0af-742f-4dd4-92c4-df1a86acadfd","provider_id":"scaleway://instance/fr-par-1/5fc185f7-a595-45af-8ae5-0b98f7084dd0","public_ip_v4":"212.47.252.175","public_ip_v6":null,"region":"fr-par","status":"ready","updated_at":"2023-07-27T15:30:41.131821Z"}],"total_count":1}'
    headers:
      Content-Length:
      - "622"
      Content-Security-Policy:
      - default-src 'none'; frame-ancestors 'none'
      Content-Type:
      - application/json
      Date:
      - Thu, 27 Jul 2023 15:30:42 GMT
      Server:
      - Scaleway API-Gateway
      Strict-Transport-Security:
      - max-age=63072000
      X-Content-Type-Options:
      - nosniff
      X-Frame-Options:
      - DENY
      X-Request-Id:
      - 6a2a0363-eaee-4a56-b535-6a24c3435de8
    status: 200 OK
    code: 200
    duration: ""
- request:
    body: ""
    form: {}
    headers:
      User-Agent:
      - scaleway-sdk-go/v1.0.0-beta.7+dev (go1.20.4; linux; amd64) terraform-provider/develop
        terraform/terraform-tests
    url: https://api.scaleway.com/k8s/v1/regions/fr-par/clusters/9a4207d7-b534-4d40-86f3-f92185a6f32f
    method: GET
  response:
    body: '{"admission_plugins":[],"apiserver_cert_sans":[],"audit_log":false,"auto_upgrade":{"enabled":true,"maintenance_window":{"day":"monday","start_hour":12}},"autoscaler_config":{"balance_similar_node_groups":false,"estimator":"binpacking","expander":"random","expendable_pods_priority_cutoff":0,"ignore_daemonsets_utilization":false,"max_graceful_termination_sec":0,"scale_down_delay_after_add":"10m","scale_down_disabled":false,"scale_down_unneeded_time":"10m","scale_down_utilization_threshold":0.5},"cluster_url":"https://9a4207d7-b534-4d40-86f3-f92185a6f32f.api.k8s.fr-par.scw.cloud:6443","cni":"cilium","commitment_ends_at":"2023-07-27T15:25:44.802324Z","created_at":"2023-07-27T15:25:44.802324Z","dashboard_enabled":false,"description":"","dns_wildcard":"*.9a4207d7-b534-4d40-86f3-f92185a6f32f.nodes.k8s.fr-par.scw.cloud","feature_gates":[],"id":"9a4207d7-b534-4d40-86f3-f92185a6f32f","ingress":"none","name":"cluster","open_id_connect_config":{"client_id":"","groups_claim":[],"groups_prefix":"","issuer_url":"","required_claim":[],"username_claim":"","username_prefix":""},"organization_id":"fa1e3217-dc80-42ac-85c3-3f034b78b552","private_network_id":null,"project_id":"fa1e3217-dc80-42ac-85c3-3f034b78b552","region":"fr-par","status":"ready","tags":[],"type":"kapsule","updated_at":"2023-07-27T15:27:40.624883Z","upgrade_available":false,"version":"1.27.2"}'
    headers:
      Content-Length:
      - "1405"
      Content-Security-Policy:
      - default-src 'none'; frame-ancestors 'none'
      Content-Type:
      - application/json
      Date:
      - Thu, 27 Jul 2023 15:30:42 GMT
      Server:
      - Scaleway API-Gateway
      Strict-Transport-Security:
      - max-age=63072000
      X-Content-Type-Options:
      - nosniff
      X-Frame-Options:
      - DENY
      X-Request-Id:
      - 5d3dec89-2cc7-486d-ad30-93185238fb91
    status: 200 OK
    code: 200
    duration: ""
- request:
    body: ""
    form: {}
    headers:
      User-Agent:
      - scaleway-sdk-go/v1.0.0-beta.7+dev (go1.20.4; linux; amd64) terraform-provider/develop
        terraform/terraform-tests
    url: https://api.scaleway.com/k8s/v1/regions/fr-par/clusters/9a4207d7-b534-4d40-86f3-f92185a6f32f/kubeconfig
    method: GET
  response:
    body: '{"content":"YXBpVmVyc2lvbjogdjEKY2x1c3RlcnM6Ci0gbmFtZTogImNsdXN0ZXIiCiAgY2x1c3RlcjoKICAgIGNlcnRpZmljYXRlLWF1dGhvcml0eS1kYXRhOiBMUzB0TFMxQ1JVZEpUaUJEUlZKVVNVWkpRMEZVUlMwdExTMHRDazFKU1VNMWVrTkRRV01yWjBGM1NVSkJaMGxDUVVSQlRrSm5hM0ZvYTJsSE9YY3dRa0ZSYzBaQlJFRldUVkpOZDBWUldVUldVVkZFUlhkd2NtUlhTbXdLWTIwMWJHUkhWbnBOUWpSWVJGUkplazFFWTNsT2FrVXhUV3BWTUU1c2IxaEVWRTE2VFVSamVVNXFSVEZOYWxVd1RteHZkMFpVUlZSTlFrVkhRVEZWUlFwQmVFMUxZVE5XYVZwWVNuVmFXRkpzWTNwRFEwRlRTWGRFVVZsS1MyOWFTV2gyWTA1QlVVVkNRbEZCUkdkblJWQkJSRU5EUVZGdlEyZG5SVUpCU2k5MUNuaHZOQzlFY2tSNmEwNTNSa2RPTXpOeVVsSmpXVEZLUzFWaVdsbFVaMGhxY0VGMGFWUkdSSFJLTlhKMWJFWXhWV3RrWTBkbkx6SlFUMG96YlRKaFMza0tMM0k0VjJoaVJ6RXlUbk5PYzNGamJIWklaMVIyVFVoNmQwaDZUMEkyZDBnNVkzb3dZM2RRU1ZsNFVqSlFTbkJIVURsUVpHaENhM2hNUjA1WVVWZHFXUXBvZW5rM1IxSnFiMmxMVm5oSUswUkVVWGd6UzBoSVMybE9lV2h1VmxOalNGTXlabkpMWmtOSU9EaFROMFV2T1hWak4yTXhORGxDTkZkQ1FuVXZjVUk0Q21Ka2JtRlBhRmRVVVhOWE1uVlRXRTkxVm0xUVR6SlNVR0pXUTBsTk4zUm9aWEppTkd4b01ESnJTWE5oTnpOcll6ZGtWM2cyU0V4dk0wOTVOWFZyWjJJS1lVaHhiRWhPTlhvNFNqRkVTWFkwVTNOREwzWjVjVVIxYUhsb1RpdGFjMWt2UzJoaVQzWXhkekJpY1RoVmRXdDZRVzlSZW1WQmFVNWhOakZqVmpCSmVRcDVZMHBLUW1KYWMwSkpSRTgzWlhSVFZHUnJRMEYzUlVGQllVNURUVVZCZDBSbldVUldVakJRUVZGSUwwSkJVVVJCWjB0clRVRTRSMEV4VldSRmQwVkNDaTkzVVVaTlFVMUNRV1k0ZDBoUldVUldVakJQUWtKWlJVWlFkRkp4U0ROaVQwTjZZamQzZWtsTldHbHRUamxITTFWcVFWZE5RVEJIUTFOeFIxTkpZak1LUkZGRlFrTjNWVUZCTkVsQ1FWRkNUR0YyY1UxaVpFNXlNeTlVWjFBdllVWlpWMVoyTW5sVVIyMVpkMUpuWkhVMmJFSnROV2h4UldKWFRYazJWbWszYndveFZVaGlObk5wY1ZKdFRHMDRORGt3Y1dGV2RrZE9TVTVSZERJMVdteElRaTlwTlVsTGFGZ3pkRzk2UkdsWVdTOVdSRTlVUzNrMVluSkJVakZVYUhsMUNrUkZVMjAyZW1keWRGa3hORVZuTWtwaVFuWklPRGRtU1cxS2VuUkNSRmxqWWs5bWIwOW1SVmxSTTNCRFlUWk5SV2xzTVRNclZGbHdPRmRLVDA1QlVGVUtNbkJOWW1FeU9FaHZlRk4zVTFKSmVqUkdMemx4TDBaaFJGVmpOazkyYW10Qkt5OTVSRUV2Y0ZZdlluSXdkVVVyZUVzcmVYRXpSWEJNZG5WQ2VWUjRNZ3BoVTJwaGJWWkZZemRKZG5SVGNqTndPVXBLV2xWSmVUUjVXR3haTkdOV2MzVTViR3d6VEVwUE1ETnJhbE00TkZWT2RuWndNV1l3YUN0aFZHWmxXazlxQ25CMmQyb3hUVlJ6UzIwME4xUm9Ra05RVVd4emFrUTFabnB0Y21SNGFpOVFNblZhUmdvdExTMHRMVVZPUkNCRFJWSlVTVVpKUTBGVVJTMHRMUzB0Q2c9PQogICAgc2VydmVyOiBodHRwczovLzlhNDIwN2Q3LWI1MzQtNGQ0MC04NmYzLWY5MjE4NWE2ZjMyZi5hcGkuazhzLmZyLXBhci5zY3cuY2xvdWQ6NjQ0Mwpjb250ZXh0czoKLSBuYW1lOiBhZG1pbkBjbHVzdGVyCiAgY29udGV4dDoKICAgIGNsdXN0ZXI6ICJjbHVzdGVyIgogICAgdXNlcjogY2x1c3Rlci1hZG1pbgpjdXJyZW50LWNvbnRleHQ6IGFkbWluQGNsdXN0ZXIKa2luZDogQ29uZmlnCnByZWZlcmVuY2VzOiB7fQp1c2VyczoKLSBuYW1lOiBjbHVzdGVyLWFkbWluCiAgdXNlcjoKICAgIHRva2VuOiBNNm9iTWl2QzBnekZ6Y2laU01Vb2ZoNnVrbGt5aGV0WUpUdmNxbk9aRnl6MWpoOEk5RUFidlZtNg==","content_type":"application/octet-stream","name":"kubeconfig"}'
    headers:
      Content-Length:
      - "2550"
      Content-Security-Policy:
      - default-src 'none'; frame-ancestors 'none'
      Content-Type:
      - application/json
      Date:
      - Thu, 27 Jul 2023 15:30:43 GMT
      Server:
      - Scaleway API-Gateway
      Strict-Transport-Security:
      - max-age=63072000
      X-Content-Type-Options:
      - nosniff
      X-Frame-Options:
      - DENY
      X-Request-Id:
      - 4dd07aca-cadf-4b78-b509-1d18233f0768
    status: 200 OK
    code: 200
    duration: ""
- request:
    body: ""
    form: {}
    headers:
      User-Agent:
      - scaleway-sdk-go/v1.0.0-beta.7+dev (go1.20.4; linux; amd64) terraform-provider/develop
        terraform/terraform-tests
    url: https://api.scaleway.com/k8s/v1/regions/fr-par/pools/cf29d0af-742f-4dd4-92c4-df1a86acadfd
    method: GET
  response:
    body: '{"autohealing":true,"autoscaling":false,"cluster_id":"9a4207d7-b534-4d40-86f3-f92185a6f32f","container_runtime":"containerd","created_at":"2023-07-27T15:25:50.462415Z","id":"cf29d0af-742f-4dd4-92c4-df1a86acadfd","kubelet_args":{},"max_size":1,"min_size":1,"name":"pool","node_type":"gp1_xs","placement_group_id":null,"region":"fr-par","root_volume_size":150000000000,"root_volume_type":"l_ssd","size":1,"status":"ready","tags":[],"updated_at":"2023-07-27T15:30:41.324316Z","upgrade_policy":{"max_surge":0,"max_unavailable":1},"version":"1.27.2","zone":"fr-par-1"}'
    headers:
      Content-Length:
      - "585"
      Content-Security-Policy:
      - default-src 'none'; frame-ancestors 'none'
      Content-Type:
      - application/json
      Date:
      - Thu, 27 Jul 2023 15:30:43 GMT
      Server:
      - Scaleway API-Gateway
      Strict-Transport-Security:
      - max-age=63072000
      X-Content-Type-Options:
      - nosniff
      X-Frame-Options:
      - DENY
      X-Request-Id:
      - 33443fe5-bf99-4dc0-921a-bcfcb400f578
    status: 200 OK
    code: 200
    duration: ""
- request:
    body: ""
    form: {}
    headers:
      User-Agent:
      - scaleway-sdk-go/v1.0.0-beta.7+dev (go1.20.4; linux; amd64) terraform-provider/develop
        terraform/terraform-tests
    url: https://api.scaleway.com/k8s/v1/regions/fr-par/clusters/9a4207d7-b534-4d40-86f3-f92185a6f32f/nodes?order_by=created_at_asc&page=1&pool_id=cf29d0af-742f-4dd4-92c4-df1a86acadfd&status=unknown
    method: GET
  response:
    body: '{"nodes":[{"cluster_id":"9a4207d7-b534-4d40-86f3-f92185a6f32f","conditions":{"DiskPressure":"False","MemoryPressure":"False","PIDPressure":"False","Ready":"True"},"created_at":"2023-07-27T15:28:08.121105Z","error_message":null,"id":"11cd5f43-8d45-4316-82ab-d7002c3a3e8f","name":"scw-cluster-pool-11cd5f438d45431682abd7002c3a3","pool_id":"cf29d0af-742f-4dd4-92c4-df1a86acadfd","provider_id":"scaleway://instance/fr-par-1/5fc185f7-a595-45af-8ae5-0b98f7084dd0","public_ip_v4":"212.47.252.175","public_ip_v6":null,"region":"fr-par","status":"ready","updated_at":"2023-07-27T15:30:41.131821Z"}],"total_count":1}'
    headers:
      Content-Length:
      - "622"
      Content-Security-Policy:
      - default-src 'none'; frame-ancestors 'none'
      Content-Type:
      - application/json
      Date:
      - Thu, 27 Jul 2023 15:30:43 GMT
      Server:
      - Scaleway API-Gateway
      Strict-Transport-Security:
      - max-age=63072000
      X-Content-Type-Options:
      - nosniff
      X-Frame-Options:
      - DENY
      X-Request-Id:
      - 0cc40874-0217-4c71-be75-b104babfa795
    status: 200 OK
    code: 200
    duration: ""
- request:
    body: ""
    form: {}
    headers:
      User-Agent:
      - scaleway-sdk-go/v1.0.0-beta.7+dev (go1.20.4; linux; amd64) terraform-provider/develop
        terraform/terraform-tests
    url: https://api.scaleway.com/k8s/v1/regions/fr-par/clusters/9a4207d7-b534-4d40-86f3-f92185a6f32f
    method: GET
  response:
    body: '{"admission_plugins":[],"apiserver_cert_sans":[],"audit_log":false,"auto_upgrade":{"enabled":true,"maintenance_window":{"day":"monday","start_hour":12}},"autoscaler_config":{"balance_similar_node_groups":false,"estimator":"binpacking","expander":"random","expendable_pods_priority_cutoff":0,"ignore_daemonsets_utilization":false,"max_graceful_termination_sec":0,"scale_down_delay_after_add":"10m","scale_down_disabled":false,"scale_down_unneeded_time":"10m","scale_down_utilization_threshold":0.5},"cluster_url":"https://9a4207d7-b534-4d40-86f3-f92185a6f32f.api.k8s.fr-par.scw.cloud:6443","cni":"cilium","commitment_ends_at":"2023-07-27T15:25:44.802324Z","created_at":"2023-07-27T15:25:44.802324Z","dashboard_enabled":false,"description":"","dns_wildcard":"*.9a4207d7-b534-4d40-86f3-f92185a6f32f.nodes.k8s.fr-par.scw.cloud","feature_gates":[],"id":"9a4207d7-b534-4d40-86f3-f92185a6f32f","ingress":"none","name":"cluster","open_id_connect_config":{"client_id":"","groups_claim":[],"groups_prefix":"","issuer_url":"","required_claim":[],"username_claim":"","username_prefix":""},"organization_id":"fa1e3217-dc80-42ac-85c3-3f034b78b552","private_network_id":null,"project_id":"fa1e3217-dc80-42ac-85c3-3f034b78b552","region":"fr-par","status":"ready","tags":[],"type":"kapsule","updated_at":"2023-07-27T15:27:40.624883Z","upgrade_available":false,"version":"1.27.2"}'
    headers:
      Content-Length:
      - "1405"
      Content-Security-Policy:
      - default-src 'none'; frame-ancestors 'none'
      Content-Type:
      - application/json
      Date:
      - Thu, 27 Jul 2023 15:30:43 GMT
      Server:
      - Scaleway API-Gateway
      Strict-Transport-Security:
      - max-age=63072000
      X-Content-Type-Options:
      - nosniff
      X-Frame-Options:
      - DENY
      X-Request-Id:
      - 60a5a485-b016-418c-b8c2-78c8926798ee
    status: 200 OK
    code: 200
    duration: ""
- request:
    body: ""
    form: {}
    headers:
      User-Agent:
      - scaleway-sdk-go/v1.0.0-beta.7+dev (go1.20.4; linux; amd64) terraform-provider/develop
        terraform/terraform-tests
    url: https://api.scaleway.com/k8s/v1/regions/fr-par/clusters/9a4207d7-b534-4d40-86f3-f92185a6f32f/kubeconfig
    method: GET
  response:
    body: '{"content":"YXBpVmVyc2lvbjogdjEKY2x1c3RlcnM6Ci0gbmFtZTogImNsdXN0ZXIiCiAgY2x1c3RlcjoKICAgIGNlcnRpZmljYXRlLWF1dGhvcml0eS1kYXRhOiBMUzB0TFMxQ1JVZEpUaUJEUlZKVVNVWkpRMEZVUlMwdExTMHRDazFKU1VNMWVrTkRRV01yWjBGM1NVSkJaMGxDUVVSQlRrSm5hM0ZvYTJsSE9YY3dRa0ZSYzBaQlJFRldUVkpOZDBWUldVUldVVkZFUlhkd2NtUlhTbXdLWTIwMWJHUkhWbnBOUWpSWVJGUkplazFFWTNsT2FrVXhUV3BWTUU1c2IxaEVWRTE2VFVSamVVNXFSVEZOYWxVd1RteHZkMFpVUlZSTlFrVkhRVEZWUlFwQmVFMUxZVE5XYVZwWVNuVmFXRkpzWTNwRFEwRlRTWGRFVVZsS1MyOWFTV2gyWTA1QlVVVkNRbEZCUkdkblJWQkJSRU5EUVZGdlEyZG5SVUpCU2k5MUNuaHZOQzlFY2tSNmEwNTNSa2RPTXpOeVVsSmpXVEZLUzFWaVdsbFVaMGhxY0VGMGFWUkdSSFJLTlhKMWJFWXhWV3RrWTBkbkx6SlFUMG96YlRKaFMza0tMM0k0VjJoaVJ6RXlUbk5PYzNGamJIWklaMVIyVFVoNmQwaDZUMEkyZDBnNVkzb3dZM2RRU1ZsNFVqSlFTbkJIVURsUVpHaENhM2hNUjA1WVVWZHFXUXBvZW5rM1IxSnFiMmxMVm5oSUswUkVVWGd6UzBoSVMybE9lV2h1VmxOalNGTXlabkpMWmtOSU9EaFROMFV2T1hWak4yTXhORGxDTkZkQ1FuVXZjVUk0Q21Ka2JtRlBhRmRVVVhOWE1uVlRXRTkxVm0xUVR6SlNVR0pXUTBsTk4zUm9aWEppTkd4b01ESnJTWE5oTnpOcll6ZGtWM2cyU0V4dk0wOTVOWFZyWjJJS1lVaHhiRWhPTlhvNFNqRkVTWFkwVTNOREwzWjVjVVIxYUhsb1RpdGFjMWt2UzJoaVQzWXhkekJpY1RoVmRXdDZRVzlSZW1WQmFVNWhOakZqVmpCSmVRcDVZMHBLUW1KYWMwSkpSRTgzWlhSVFZHUnJRMEYzUlVGQllVNURUVVZCZDBSbldVUldVakJRUVZGSUwwSkJVVVJCWjB0clRVRTRSMEV4VldSRmQwVkNDaTkzVVVaTlFVMUNRV1k0ZDBoUldVUldVakJQUWtKWlJVWlFkRkp4U0ROaVQwTjZZamQzZWtsTldHbHRUamxITTFWcVFWZE5RVEJIUTFOeFIxTkpZak1LUkZGRlFrTjNWVUZCTkVsQ1FWRkNUR0YyY1UxaVpFNXlNeTlVWjFBdllVWlpWMVoyTW5sVVIyMVpkMUpuWkhVMmJFSnROV2h4UldKWFRYazJWbWszYndveFZVaGlObk5wY1ZKdFRHMDRORGt3Y1dGV2RrZE9TVTVSZERJMVdteElRaTlwTlVsTGFGZ3pkRzk2UkdsWVdTOVdSRTlVUzNrMVluSkJVakZVYUhsMUNrUkZVMjAyZW1keWRGa3hORVZuTWtwaVFuWklPRGRtU1cxS2VuUkNSRmxqWWs5bWIwOW1SVmxSTTNCRFlUWk5SV2xzTVRNclZGbHdPRmRLVDA1QlVGVUtNbkJOWW1FeU9FaHZlRk4zVTFKSmVqUkdMemx4TDBaaFJGVmpOazkyYW10Qkt5OTVSRUV2Y0ZZdlluSXdkVVVyZUVzcmVYRXpSWEJNZG5WQ2VWUjRNZ3BoVTJwaGJWWkZZemRKZG5SVGNqTndPVXBLV2xWSmVUUjVXR3haTkdOV2MzVTViR3d6VEVwUE1ETnJhbE00TkZWT2RuWndNV1l3YUN0aFZHWmxXazlxQ25CMmQyb3hUVlJ6UzIwME4xUm9Ra05RVVd4emFrUTFabnB0Y21SNGFpOVFNblZhUmdvdExTMHRMVVZPUkNCRFJWSlVTVVpKUTBGVVJTMHRMUzB0Q2c9PQogICAgc2VydmVyOiBodHRwczovLzlhNDIwN2Q3LWI1MzQtNGQ0MC04NmYzLWY5MjE4NWE2ZjMyZi5hcGkuazhzLmZyLXBhci5zY3cuY2xvdWQ6NjQ0Mwpjb250ZXh0czoKLSBuYW1lOiBhZG1pbkBjbHVzdGVyCiAgY29udGV4dDoKICAgIGNsdXN0ZXI6ICJjbHVzdGVyIgogICAgdXNlcjogY2x1c3Rlci1hZG1pbgpjdXJyZW50LWNvbnRleHQ6IGFkbWluQGNsdXN0ZXIKa2luZDogQ29uZmlnCnByZWZlcmVuY2VzOiB7fQp1c2VyczoKLSBuYW1lOiBjbHVzdGVyLWFkbWluCiAgdXNlcjoKICAgIHRva2VuOiBNNm9iTWl2QzBnekZ6Y2laU01Vb2ZoNnVrbGt5aGV0WUpUdmNxbk9aRnl6MWpoOEk5RUFidlZtNg==","content_type":"application/octet-stream","name":"kubeconfig"}'
    headers:
      Content-Length:
      - "2550"
      Content-Security-Policy:
      - default-src 'none'; frame-ancestors 'none'
      Content-Type:
      - application/json
      Date:
      - Thu, 27 Jul 2023 15:30:44 GMT
      Server:
      - Scaleway API-Gateway
      Strict-Transport-Security:
      - max-age=63072000
      X-Content-Type-Options:
      - nosniff
      X-Frame-Options:
      - DENY
      X-Request-Id:
      - ba141a07-5f00-4d1c-84c5-deb343ad107b
    status: 200 OK
    code: 200
    duration: ""
- request:
    body: ""
    form: {}
    headers:
      User-Agent:
      - scaleway-sdk-go/v1.0.0-beta.7+dev (go1.20.4; linux; amd64) terraform-provider/develop
        terraform/terraform-tests
    url: https://api.scaleway.com/k8s/v1/regions/fr-par/pools/cf29d0af-742f-4dd4-92c4-df1a86acadfd
    method: GET
  response:
    body: '{"autohealing":true,"autoscaling":false,"cluster_id":"9a4207d7-b534-4d40-86f3-f92185a6f32f","container_runtime":"containerd","created_at":"2023-07-27T15:25:50.462415Z","id":"cf29d0af-742f-4dd4-92c4-df1a86acadfd","kubelet_args":{},"max_size":1,"min_size":1,"name":"pool","node_type":"gp1_xs","placement_group_id":null,"region":"fr-par","root_volume_size":150000000000,"root_volume_type":"l_ssd","size":1,"status":"ready","tags":[],"updated_at":"2023-07-27T15:30:41.324316Z","upgrade_policy":{"max_surge":0,"max_unavailable":1},"version":"1.27.2","zone":"fr-par-1"}'
    headers:
      Content-Length:
      - "585"
      Content-Security-Policy:
      - default-src 'none'; frame-ancestors 'none'
      Content-Type:
      - application/json
      Date:
      - Thu, 27 Jul 2023 15:30:44 GMT
      Server:
      - Scaleway API-Gateway
      Strict-Transport-Security:
      - max-age=63072000
      X-Content-Type-Options:
      - nosniff
      X-Frame-Options:
      - DENY
      X-Request-Id:
      - e82d0c77-1435-45f8-b0a6-4756d28485b3
    status: 200 OK
    code: 200
    duration: ""
- request:
    body: ""
    form: {}
    headers:
      User-Agent:
      - scaleway-sdk-go/v1.0.0-beta.7+dev (go1.20.4; linux; amd64) terraform-provider/develop
        terraform/terraform-tests
    url: https://api.scaleway.com/k8s/v1/regions/fr-par/clusters/9a4207d7-b534-4d40-86f3-f92185a6f32f/nodes?order_by=created_at_asc&page=1&pool_id=cf29d0af-742f-4dd4-92c4-df1a86acadfd&status=unknown
    method: GET
  response:
    body: '{"nodes":[{"cluster_id":"9a4207d7-b534-4d40-86f3-f92185a6f32f","conditions":{"DiskPressure":"False","MemoryPressure":"False","PIDPressure":"False","Ready":"True"},"created_at":"2023-07-27T15:28:08.121105Z","error_message":null,"id":"11cd5f43-8d45-4316-82ab-d7002c3a3e8f","name":"scw-cluster-pool-11cd5f438d45431682abd7002c3a3","pool_id":"cf29d0af-742f-4dd4-92c4-df1a86acadfd","provider_id":"scaleway://instance/fr-par-1/5fc185f7-a595-45af-8ae5-0b98f7084dd0","public_ip_v4":"212.47.252.175","public_ip_v6":null,"region":"fr-par","status":"ready","updated_at":"2023-07-27T15:30:41.131821Z"}],"total_count":1}'
    headers:
      Content-Length:
      - "622"
      Content-Security-Policy:
      - default-src 'none'; frame-ancestors 'none'
      Content-Type:
      - application/json
      Date:
      - Thu, 27 Jul 2023 15:30:45 GMT
      Server:
      - Scaleway API-Gateway
      Strict-Transport-Security:
      - max-age=63072000
      X-Content-Type-Options:
      - nosniff
      X-Frame-Options:
      - DENY
      X-Request-Id:
      - 5fe4970c-5350-4275-8646-b90a4d09460b
    status: 200 OK
    code: 200
    duration: ""
- request:
    body: ""
    form: {}
    headers:
      User-Agent:
      - scaleway-sdk-go/v1.0.0-beta.7+dev (go1.20.4; linux; amd64) terraform-provider/develop
        terraform/terraform-tests
    url: https://api.scaleway.com/k8s/v1/regions/fr-par/clusters/9a4207d7-b534-4d40-86f3-f92185a6f32f
    method: GET
  response:
    body: '{"admission_plugins":[],"apiserver_cert_sans":[],"audit_log":false,"auto_upgrade":{"enabled":true,"maintenance_window":{"day":"monday","start_hour":12}},"autoscaler_config":{"balance_similar_node_groups":false,"estimator":"binpacking","expander":"random","expendable_pods_priority_cutoff":0,"ignore_daemonsets_utilization":false,"max_graceful_termination_sec":0,"scale_down_delay_after_add":"10m","scale_down_disabled":false,"scale_down_unneeded_time":"10m","scale_down_utilization_threshold":0.5},"cluster_url":"https://9a4207d7-b534-4d40-86f3-f92185a6f32f.api.k8s.fr-par.scw.cloud:6443","cni":"cilium","commitment_ends_at":"2023-07-27T15:25:44.802324Z","created_at":"2023-07-27T15:25:44.802324Z","dashboard_enabled":false,"description":"","dns_wildcard":"*.9a4207d7-b534-4d40-86f3-f92185a6f32f.nodes.k8s.fr-par.scw.cloud","feature_gates":[],"id":"9a4207d7-b534-4d40-86f3-f92185a6f32f","ingress":"none","name":"cluster","open_id_connect_config":{"client_id":"","groups_claim":[],"groups_prefix":"","issuer_url":"","required_claim":[],"username_claim":"","username_prefix":""},"organization_id":"fa1e3217-dc80-42ac-85c3-3f034b78b552","private_network_id":null,"project_id":"fa1e3217-dc80-42ac-85c3-3f034b78b552","region":"fr-par","status":"ready","tags":[],"type":"kapsule","updated_at":"2023-07-27T15:27:40.624883Z","upgrade_available":false,"version":"1.27.2"}'
    headers:
      Content-Length:
      - "1405"
      Content-Security-Policy:
      - default-src 'none'; frame-ancestors 'none'
      Content-Type:
      - application/json
      Date:
      - Thu, 27 Jul 2023 15:30:45 GMT
      Server:
      - Scaleway API-Gateway
      Strict-Transport-Security:
      - max-age=63072000
      X-Content-Type-Options:
      - nosniff
      X-Frame-Options:
      - DENY
      X-Request-Id:
      - df0a9d39-c50f-4c76-a882-2f35cea48982
    status: 200 OK
    code: 200
    duration: ""
- request:
    body: ""
    form: {}
    headers:
      User-Agent:
      - scaleway-sdk-go/v1.0.0-beta.7+dev (go1.20.4; linux; amd64) terraform-provider/develop
        terraform/terraform-tests
    url: https://api.scaleway.com/k8s/v1/regions/fr-par/clusters/9a4207d7-b534-4d40-86f3-f92185a6f32f/kubeconfig
    method: GET
  response:
    body: '{"content":"YXBpVmVyc2lvbjogdjEKY2x1c3RlcnM6Ci0gbmFtZTogImNsdXN0ZXIiCiAgY2x1c3RlcjoKICAgIGNlcnRpZmljYXRlLWF1dGhvcml0eS1kYXRhOiBMUzB0TFMxQ1JVZEpUaUJEUlZKVVNVWkpRMEZVUlMwdExTMHRDazFKU1VNMWVrTkRRV01yWjBGM1NVSkJaMGxDUVVSQlRrSm5hM0ZvYTJsSE9YY3dRa0ZSYzBaQlJFRldUVkpOZDBWUldVUldVVkZFUlhkd2NtUlhTbXdLWTIwMWJHUkhWbnBOUWpSWVJGUkplazFFWTNsT2FrVXhUV3BWTUU1c2IxaEVWRTE2VFVSamVVNXFSVEZOYWxVd1RteHZkMFpVUlZSTlFrVkhRVEZWUlFwQmVFMUxZVE5XYVZwWVNuVmFXRkpzWTNwRFEwRlRTWGRFVVZsS1MyOWFTV2gyWTA1QlVVVkNRbEZCUkdkblJWQkJSRU5EUVZGdlEyZG5SVUpCU2k5MUNuaHZOQzlFY2tSNmEwNTNSa2RPTXpOeVVsSmpXVEZLUzFWaVdsbFVaMGhxY0VGMGFWUkdSSFJLTlhKMWJFWXhWV3RrWTBkbkx6SlFUMG96YlRKaFMza0tMM0k0VjJoaVJ6RXlUbk5PYzNGamJIWklaMVIyVFVoNmQwaDZUMEkyZDBnNVkzb3dZM2RRU1ZsNFVqSlFTbkJIVURsUVpHaENhM2hNUjA1WVVWZHFXUXBvZW5rM1IxSnFiMmxMVm5oSUswUkVVWGd6UzBoSVMybE9lV2h1VmxOalNGTXlabkpMWmtOSU9EaFROMFV2T1hWak4yTXhORGxDTkZkQ1FuVXZjVUk0Q21Ka2JtRlBhRmRVVVhOWE1uVlRXRTkxVm0xUVR6SlNVR0pXUTBsTk4zUm9aWEppTkd4b01ESnJTWE5oTnpOcll6ZGtWM2cyU0V4dk0wOTVOWFZyWjJJS1lVaHhiRWhPTlhvNFNqRkVTWFkwVTNOREwzWjVjVVIxYUhsb1RpdGFjMWt2UzJoaVQzWXhkekJpY1RoVmRXdDZRVzlSZW1WQmFVNWhOakZqVmpCSmVRcDVZMHBLUW1KYWMwSkpSRTgzWlhSVFZHUnJRMEYzUlVGQllVNURUVVZCZDBSbldVUldVakJRUVZGSUwwSkJVVVJCWjB0clRVRTRSMEV4VldSRmQwVkNDaTkzVVVaTlFVMUNRV1k0ZDBoUldVUldVakJQUWtKWlJVWlFkRkp4U0ROaVQwTjZZamQzZWtsTldHbHRUamxITTFWcVFWZE5RVEJIUTFOeFIxTkpZak1LUkZGRlFrTjNWVUZCTkVsQ1FWRkNUR0YyY1UxaVpFNXlNeTlVWjFBdllVWlpWMVoyTW5sVVIyMVpkMUpuWkhVMmJFSnROV2h4UldKWFRYazJWbWszYndveFZVaGlObk5wY1ZKdFRHMDRORGt3Y1dGV2RrZE9TVTVSZERJMVdteElRaTlwTlVsTGFGZ3pkRzk2UkdsWVdTOVdSRTlVUzNrMVluSkJVakZVYUhsMUNrUkZVMjAyZW1keWRGa3hORVZuTWtwaVFuWklPRGRtU1cxS2VuUkNSRmxqWWs5bWIwOW1SVmxSTTNCRFlUWk5SV2xzTVRNclZGbHdPRmRLVDA1QlVGVUtNbkJOWW1FeU9FaHZlRk4zVTFKSmVqUkdMemx4TDBaaFJGVmpOazkyYW10Qkt5OTVSRUV2Y0ZZdlluSXdkVVVyZUVzcmVYRXpSWEJNZG5WQ2VWUjRNZ3BoVTJwaGJWWkZZemRKZG5SVGNqTndPVXBLV2xWSmVUUjVXR3haTkdOV2MzVTViR3d6VEVwUE1ETnJhbE00TkZWT2RuWndNV1l3YUN0aFZHWmxXazlxQ25CMmQyb3hUVlJ6UzIwME4xUm9Ra05RVVd4emFrUTFabnB0Y21SNGFpOVFNblZhUmdvdExTMHRMVVZPUkNCRFJWSlVTVVpKUTBGVVJTMHRMUzB0Q2c9PQogICAgc2VydmVyOiBodHRwczovLzlhNDIwN2Q3LWI1MzQtNGQ0MC04NmYzLWY5MjE4NWE2ZjMyZi5hcGkuazhzLmZyLXBhci5zY3cuY2xvdWQ6NjQ0Mwpjb250ZXh0czoKLSBuYW1lOiBhZG1pbkBjbHVzdGVyCiAgY29udGV4dDoKICAgIGNsdXN0ZXI6ICJjbHVzdGVyIgogICAgdXNlcjogY2x1c3Rlci1hZG1pbgpjdXJyZW50LWNvbnRleHQ6IGFkbWluQGNsdXN0ZXIKa2luZDogQ29uZmlnCnByZWZlcmVuY2VzOiB7fQp1c2VyczoKLSBuYW1lOiBjbHVzdGVyLWFkbWluCiAgdXNlcjoKICAgIHRva2VuOiBNNm9iTWl2QzBnekZ6Y2laU01Vb2ZoNnVrbGt5aGV0WUpUdmNxbk9aRnl6MWpoOEk5RUFidlZtNg==","content_type":"application/octet-stream","name":"kubeconfig"}'
    headers:
      Content-Length:
      - "2550"
      Content-Security-Policy:
      - default-src 'none'; frame-ancestors 'none'
      Content-Type:
      - application/json
      Date:
      - Thu, 27 Jul 2023 15:30:46 GMT
      Server:
      - Scaleway API-Gateway
      Strict-Transport-Security:
      - max-age=63072000
      X-Content-Type-Options:
      - nosniff
      X-Frame-Options:
      - DENY
      X-Request-Id:
      - 39b39709-c52d-435e-8bd1-7414e8c9c7b0
    status: 200 OK
    code: 200
    duration: ""
- request:
    body: ""
    form: {}
    headers:
      User-Agent:
      - scaleway-sdk-go/v1.0.0-beta.7+dev (go1.20.4; linux; amd64) terraform-provider/develop
        terraform/terraform-tests
    url: https://api.scaleway.com/k8s/v1/regions/fr-par/pools/cf29d0af-742f-4dd4-92c4-df1a86acadfd
    method: GET
  response:
    body: '{"autohealing":true,"autoscaling":false,"cluster_id":"9a4207d7-b534-4d40-86f3-f92185a6f32f","container_runtime":"containerd","created_at":"2023-07-27T15:25:50.462415Z","id":"cf29d0af-742f-4dd4-92c4-df1a86acadfd","kubelet_args":{},"max_size":1,"min_size":1,"name":"pool","node_type":"gp1_xs","placement_group_id":null,"region":"fr-par","root_volume_size":150000000000,"root_volume_type":"l_ssd","size":1,"status":"ready","tags":[],"updated_at":"2023-07-27T15:30:41.324316Z","upgrade_policy":{"max_surge":0,"max_unavailable":1},"version":"1.27.2","zone":"fr-par-1"}'
    headers:
      Content-Length:
      - "585"
      Content-Security-Policy:
      - default-src 'none'; frame-ancestors 'none'
      Content-Type:
      - application/json
      Date:
      - Thu, 27 Jul 2023 15:30:46 GMT
      Server:
      - Scaleway API-Gateway
      Strict-Transport-Security:
      - max-age=63072000
      X-Content-Type-Options:
      - nosniff
      X-Frame-Options:
      - DENY
      X-Request-Id:
      - f20eccc5-29a6-4523-8d7f-7b8b306ed787
    status: 200 OK
    code: 200
    duration: ""
- request:
    body: ""
    form: {}
    headers:
      User-Agent:
      - scaleway-sdk-go/v1.0.0-beta.7+dev (go1.20.4; linux; amd64) terraform-provider/develop
        terraform/terraform-tests
    url: https://api.scaleway.com/k8s/v1/regions/fr-par/clusters/9a4207d7-b534-4d40-86f3-f92185a6f32f/nodes?order_by=created_at_asc&page=1&pool_id=cf29d0af-742f-4dd4-92c4-df1a86acadfd&status=unknown
    method: GET
  response:
    body: '{"nodes":[{"cluster_id":"9a4207d7-b534-4d40-86f3-f92185a6f32f","conditions":{"DiskPressure":"False","MemoryPressure":"False","PIDPressure":"False","Ready":"True"},"created_at":"2023-07-27T15:28:08.121105Z","error_message":null,"id":"11cd5f43-8d45-4316-82ab-d7002c3a3e8f","name":"scw-cluster-pool-11cd5f438d45431682abd7002c3a3","pool_id":"cf29d0af-742f-4dd4-92c4-df1a86acadfd","provider_id":"scaleway://instance/fr-par-1/5fc185f7-a595-45af-8ae5-0b98f7084dd0","public_ip_v4":"212.47.252.175","public_ip_v6":null,"region":"fr-par","status":"ready","updated_at":"2023-07-27T15:30:41.131821Z"}],"total_count":1}'
    headers:
      Content-Length:
      - "622"
      Content-Security-Policy:
      - default-src 'none'; frame-ancestors 'none'
      Content-Type:
      - application/json
      Date:
      - Thu, 27 Jul 2023 15:30:47 GMT
      Server:
      - Scaleway API-Gateway
      Strict-Transport-Security:
      - max-age=63072000
      X-Content-Type-Options:
      - nosniff
      X-Frame-Options:
      - DENY
      X-Request-Id:
      - f542e90e-3ec5-434f-8c82-9cfbcdfdb427
    status: 200 OK
    code: 200
    duration: ""
- request:
    body: ""
    form: {}
    headers:
      User-Agent:
      - scaleway-sdk-go/v1.0.0-beta.7+dev (go1.20.4; linux; amd64) terraform-provider/develop
        terraform/terraform-tests
    url: https://api.scaleway.com/k8s/v1/regions/fr-par/pools/cf29d0af-742f-4dd4-92c4-df1a86acadfd
    method: DELETE
  response:
    body: '{"autohealing":true,"autoscaling":false,"cluster_id":"9a4207d7-b534-4d40-86f3-f92185a6f32f","container_runtime":"containerd","created_at":"2023-07-27T15:25:50.462415Z","id":"cf29d0af-742f-4dd4-92c4-df1a86acadfd","kubelet_args":{},"max_size":1,"min_size":1,"name":"pool","node_type":"gp1_xs","placement_group_id":null,"region":"fr-par","root_volume_size":150000000000,"root_volume_type":"l_ssd","size":1,"status":"deleting","tags":[],"updated_at":"2023-07-27T15:30:47.400764560Z","upgrade_policy":{"max_surge":0,"max_unavailable":1},"version":"1.27.2","zone":"fr-par-1"}'
    headers:
      Content-Length:
      - "591"
      Content-Security-Policy:
      - default-src 'none'; frame-ancestors 'none'
      Content-Type:
      - application/json
      Date:
      - Thu, 27 Jul 2023 15:30:47 GMT
      Server:
      - Scaleway API-Gateway
      Strict-Transport-Security:
      - max-age=63072000
      X-Content-Type-Options:
      - nosniff
      X-Frame-Options:
      - DENY
      X-Request-Id:
      - a2e33479-c05b-4070-9d77-f57af3279d30
    status: 200 OK
    code: 200
    duration: ""
- request:
    body: ""
    form: {}
    headers:
      User-Agent:
      - scaleway-sdk-go/v1.0.0-beta.7+dev (go1.20.4; linux; amd64) terraform-provider/develop
        terraform/terraform-tests
    url: https://api.scaleway.com/k8s/v1/regions/fr-par/clusters/9a4207d7-b534-4d40-86f3-f92185a6f32f?with_additional_resources=true
    method: DELETE
  response:
    body: '{"admission_plugins":[],"apiserver_cert_sans":[],"audit_log":false,"auto_upgrade":{"enabled":true,"maintenance_window":{"day":"monday","start_hour":12}},"autoscaler_config":{"balance_similar_node_groups":false,"estimator":"binpacking","expander":"random","expendable_pods_priority_cutoff":0,"ignore_daemonsets_utilization":false,"max_graceful_termination_sec":0,"scale_down_delay_after_add":"10m","scale_down_disabled":false,"scale_down_unneeded_time":"10m","scale_down_utilization_threshold":0.5},"cluster_url":"https://9a4207d7-b534-4d40-86f3-f92185a6f32f.api.k8s.fr-par.scw.cloud:6443","cni":"cilium","commitment_ends_at":"2023-07-27T15:25:44.802324Z","created_at":"2023-07-27T15:25:44.802324Z","dashboard_enabled":false,"description":"","dns_wildcard":"*.9a4207d7-b534-4d40-86f3-f92185a6f32f.nodes.k8s.fr-par.scw.cloud","feature_gates":[],"id":"9a4207d7-b534-4d40-86f3-f92185a6f32f","ingress":"none","name":"cluster","open_id_connect_config":{"client_id":"","groups_claim":[],"groups_prefix":"","issuer_url":"","required_claim":[],"username_claim":"","username_prefix":""},"organization_id":"fa1e3217-dc80-42ac-85c3-3f034b78b552","private_network_id":null,"project_id":"fa1e3217-dc80-42ac-85c3-3f034b78b552","region":"fr-par","status":"deleting","tags":[],"type":"kapsule","updated_at":"2023-07-27T15:30:48.091946493Z","upgrade_available":false,"version":"1.27.2"}'
    headers:
      Content-Length:
      - "1411"
      Content-Security-Policy:
      - default-src 'none'; frame-ancestors 'none'
      Content-Type:
      - application/json
      Date:
      - Thu, 27 Jul 2023 15:30:48 GMT
      Server:
      - Scaleway API-Gateway
      Strict-Transport-Security:
      - max-age=63072000
      X-Content-Type-Options:
      - nosniff
      X-Frame-Options:
      - DENY
      X-Request-Id:
      - a658a0d7-9488-4cd4-b02c-90d7babbb506
    status: 200 OK
    code: 200
    duration: ""
- request:
    body: ""
    form: {}
    headers:
      User-Agent:
      - scaleway-sdk-go/v1.0.0-beta.7+dev (go1.20.4; linux; amd64) terraform-provider/develop
        terraform/terraform-tests
    url: https://api.scaleway.com/k8s/v1/regions/fr-par/clusters/9a4207d7-b534-4d40-86f3-f92185a6f32f
    method: GET
  response:
    body: '{"admission_plugins":[],"apiserver_cert_sans":[],"audit_log":false,"auto_upgrade":{"enabled":true,"maintenance_window":{"day":"monday","start_hour":12}},"autoscaler_config":{"balance_similar_node_groups":false,"estimator":"binpacking","expander":"random","expendable_pods_priority_cutoff":0,"ignore_daemonsets_utilization":false,"max_graceful_termination_sec":0,"scale_down_delay_after_add":"10m","scale_down_disabled":false,"scale_down_unneeded_time":"10m","scale_down_utilization_threshold":0.5},"cluster_url":"https://9a4207d7-b534-4d40-86f3-f92185a6f32f.api.k8s.fr-par.scw.cloud:6443","cni":"cilium","commitment_ends_at":"2023-07-27T15:25:44.802324Z","created_at":"2023-07-27T15:25:44.802324Z","dashboard_enabled":false,"description":"","dns_wildcard":"*.9a4207d7-b534-4d40-86f3-f92185a6f32f.nodes.k8s.fr-par.scw.cloud","feature_gates":[],"id":"9a4207d7-b534-4d40-86f3-f92185a6f32f","ingress":"none","name":"cluster","open_id_connect_config":{"client_id":"","groups_claim":[],"groups_prefix":"","issuer_url":"","required_claim":[],"username_claim":"","username_prefix":""},"organization_id":"fa1e3217-dc80-42ac-85c3-3f034b78b552","private_network_id":null,"project_id":"fa1e3217-dc80-42ac-85c3-3f034b78b552","region":"fr-par","status":"deleting","tags":[],"type":"kapsule","updated_at":"2023-07-27T15:30:48.091946Z","upgrade_available":false,"version":"1.27.2"}'
    headers:
      Content-Length:
      - "1408"
      Content-Security-Policy:
      - default-src 'none'; frame-ancestors 'none'
      Content-Type:
      - application/json
      Date:
      - Thu, 27 Jul 2023 15:30:48 GMT
      Server:
      - Scaleway API-Gateway
      Strict-Transport-Security:
      - max-age=63072000
      X-Content-Type-Options:
      - nosniff
      X-Frame-Options:
      - DENY
      X-Request-Id:
      - 1c74e298-0ec3-47cf-b244-760161466f28
    status: 200 OK
    code: 200
    duration: ""
- request:
    body: ""
    form: {}
    headers:
      User-Agent:
      - scaleway-sdk-go/v1.0.0-beta.7+dev (go1.20.4; linux; amd64) terraform-provider/develop
        terraform/terraform-tests
    url: https://api.scaleway.com/k8s/v1/regions/fr-par/clusters/9a4207d7-b534-4d40-86f3-f92185a6f32f
    method: GET
  response:
    body: '{"admission_plugins":[],"apiserver_cert_sans":[],"audit_log":false,"auto_upgrade":{"enabled":true,"maintenance_window":{"day":"monday","start_hour":12}},"autoscaler_config":{"balance_similar_node_groups":false,"estimator":"binpacking","expander":"random","expendable_pods_priority_cutoff":0,"ignore_daemonsets_utilization":false,"max_graceful_termination_sec":0,"scale_down_delay_after_add":"10m","scale_down_disabled":false,"scale_down_unneeded_time":"10m","scale_down_utilization_threshold":0.5},"cluster_url":"https://9a4207d7-b534-4d40-86f3-f92185a6f32f.api.k8s.fr-par.scw.cloud:6443","cni":"cilium","commitment_ends_at":"2023-07-27T15:25:44.802324Z","created_at":"2023-07-27T15:25:44.802324Z","dashboard_enabled":false,"description":"","dns_wildcard":"*.9a4207d7-b534-4d40-86f3-f92185a6f32f.nodes.k8s.fr-par.scw.cloud","feature_gates":[],"id":"9a4207d7-b534-4d40-86f3-f92185a6f32f","ingress":"none","name":"cluster","open_id_connect_config":{"client_id":"","groups_claim":[],"groups_prefix":"","issuer_url":"","required_claim":[],"username_claim":"","username_prefix":""},"organization_id":"fa1e3217-dc80-42ac-85c3-3f034b78b552","private_network_id":null,"project_id":"fa1e3217-dc80-42ac-85c3-3f034b78b552","region":"fr-par","status":"deleting","tags":[],"type":"kapsule","updated_at":"2023-07-27T15:30:48.091946Z","upgrade_available":false,"version":"1.27.2"}'
    headers:
      Content-Length:
      - "1408"
      Content-Security-Policy:
      - default-src 'none'; frame-ancestors 'none'
      Content-Type:
      - application/json
      Date:
      - Thu, 27 Jul 2023 15:30:54 GMT
      Server:
      - Scaleway API-Gateway
      Strict-Transport-Security:
      - max-age=63072000
      X-Content-Type-Options:
      - nosniff
      X-Frame-Options:
      - DENY
      X-Request-Id:
      - 5465f67c-83ff-4ce4-97a0-c8fd117e16ab
    status: 200 OK
    code: 200
    duration: ""
- request:
    body: ""
    form: {}
    headers:
      User-Agent:
      - scaleway-sdk-go/v1.0.0-beta.7+dev (go1.20.4; linux; amd64) terraform-provider/develop
        terraform/terraform-tests
    url: https://api.scaleway.com/k8s/v1/regions/fr-par/clusters/9a4207d7-b534-4d40-86f3-f92185a6f32f
    method: GET
  response:
    body: '{"admission_plugins":[],"apiserver_cert_sans":[],"audit_log":false,"auto_upgrade":{"enabled":true,"maintenance_window":{"day":"monday","start_hour":12}},"autoscaler_config":{"balance_similar_node_groups":false,"estimator":"binpacking","expander":"random","expendable_pods_priority_cutoff":0,"ignore_daemonsets_utilization":false,"max_graceful_termination_sec":0,"scale_down_delay_after_add":"10m","scale_down_disabled":false,"scale_down_unneeded_time":"10m","scale_down_utilization_threshold":0.5},"cluster_url":"https://9a4207d7-b534-4d40-86f3-f92185a6f32f.api.k8s.fr-par.scw.cloud:6443","cni":"cilium","commitment_ends_at":"2023-07-27T15:25:44.802324Z","created_at":"2023-07-27T15:25:44.802324Z","dashboard_enabled":false,"description":"","dns_wildcard":"*.9a4207d7-b534-4d40-86f3-f92185a6f32f.nodes.k8s.fr-par.scw.cloud","feature_gates":[],"id":"9a4207d7-b534-4d40-86f3-f92185a6f32f","ingress":"none","name":"cluster","open_id_connect_config":{"client_id":"","groups_claim":[],"groups_prefix":"","issuer_url":"","required_claim":[],"username_claim":"","username_prefix":""},"organization_id":"fa1e3217-dc80-42ac-85c3-3f034b78b552","private_network_id":null,"project_id":"fa1e3217-dc80-42ac-85c3-3f034b78b552","region":"fr-par","status":"deleting","tags":[],"type":"kapsule","updated_at":"2023-07-27T15:30:48.091946Z","upgrade_available":false,"version":"1.27.2"}'
    headers:
      Content-Length:
      - "1408"
      Content-Security-Policy:
      - default-src 'none'; frame-ancestors 'none'
      Content-Type:
      - application/json
      Date:
      - Thu, 27 Jul 2023 15:30:59 GMT
      Server:
      - Scaleway API-Gateway
      Strict-Transport-Security:
      - max-age=63072000
      X-Content-Type-Options:
      - nosniff
      X-Frame-Options:
      - DENY
      X-Request-Id:
      - 35e325b1-cdf1-4aec-bfbb-9927ec8314c9
    status: 200 OK
    code: 200
    duration: ""
- request:
    body: ""
    form: {}
    headers:
      User-Agent:
      - scaleway-sdk-go/v1.0.0-beta.7+dev (go1.20.4; linux; amd64) terraform-provider/develop
        terraform/terraform-tests
    url: https://api.scaleway.com/k8s/v1/regions/fr-par/clusters/9a4207d7-b534-4d40-86f3-f92185a6f32f
    method: GET
  response:
    body: '{"admission_plugins":[],"apiserver_cert_sans":[],"audit_log":false,"auto_upgrade":{"enabled":true,"maintenance_window":{"day":"monday","start_hour":12}},"autoscaler_config":{"balance_similar_node_groups":false,"estimator":"binpacking","expander":"random","expendable_pods_priority_cutoff":0,"ignore_daemonsets_utilization":false,"max_graceful_termination_sec":0,"scale_down_delay_after_add":"10m","scale_down_disabled":false,"scale_down_unneeded_time":"10m","scale_down_utilization_threshold":0.5},"cluster_url":"https://9a4207d7-b534-4d40-86f3-f92185a6f32f.api.k8s.fr-par.scw.cloud:6443","cni":"cilium","commitment_ends_at":"2023-07-27T15:25:44.802324Z","created_at":"2023-07-27T15:25:44.802324Z","dashboard_enabled":false,"description":"","dns_wildcard":"*.9a4207d7-b534-4d40-86f3-f92185a6f32f.nodes.k8s.fr-par.scw.cloud","feature_gates":[],"id":"9a4207d7-b534-4d40-86f3-f92185a6f32f","ingress":"none","name":"cluster","open_id_connect_config":{"client_id":"","groups_claim":[],"groups_prefix":"","issuer_url":"","required_claim":[],"username_claim":"","username_prefix":""},"organization_id":"fa1e3217-dc80-42ac-85c3-3f034b78b552","private_network_id":null,"project_id":"fa1e3217-dc80-42ac-85c3-3f034b78b552","region":"fr-par","status":"deleting","tags":[],"type":"kapsule","updated_at":"2023-07-27T15:30:48.091946Z","upgrade_available":false,"version":"1.27.2"}'
    headers:
      Content-Length:
      - "1408"
      Content-Security-Policy:
      - default-src 'none'; frame-ancestors 'none'
      Content-Type:
      - application/json
      Date:
      - Thu, 27 Jul 2023 15:31:04 GMT
      Server:
      - Scaleway API-Gateway
      Strict-Transport-Security:
      - max-age=63072000
      X-Content-Type-Options:
      - nosniff
      X-Frame-Options:
      - DENY
      X-Request-Id:
      - 8498e354-3895-420e-bc4b-46c90af49d7a
    status: 200 OK
    code: 200
    duration: ""
- request:
    body: ""
    form: {}
    headers:
      User-Agent:
      - scaleway-sdk-go/v1.0.0-beta.7+dev (go1.20.4; linux; amd64) terraform-provider/develop
        terraform/terraform-tests
    url: https://api.scaleway.com/k8s/v1/regions/fr-par/clusters/9a4207d7-b534-4d40-86f3-f92185a6f32f
    method: GET
  response:
    body: '{"admission_plugins":[],"apiserver_cert_sans":[],"audit_log":false,"auto_upgrade":{"enabled":true,"maintenance_window":{"day":"monday","start_hour":12}},"autoscaler_config":{"balance_similar_node_groups":false,"estimator":"binpacking","expander":"random","expendable_pods_priority_cutoff":0,"ignore_daemonsets_utilization":false,"max_graceful_termination_sec":0,"scale_down_delay_after_add":"10m","scale_down_disabled":false,"scale_down_unneeded_time":"10m","scale_down_utilization_threshold":0.5},"cluster_url":"https://9a4207d7-b534-4d40-86f3-f92185a6f32f.api.k8s.fr-par.scw.cloud:6443","cni":"cilium","commitment_ends_at":"2023-07-27T15:25:44.802324Z","created_at":"2023-07-27T15:25:44.802324Z","dashboard_enabled":false,"description":"","dns_wildcard":"*.9a4207d7-b534-4d40-86f3-f92185a6f32f.nodes.k8s.fr-par.scw.cloud","feature_gates":[],"id":"9a4207d7-b534-4d40-86f3-f92185a6f32f","ingress":"none","name":"cluster","open_id_connect_config":{"client_id":"","groups_claim":[],"groups_prefix":"","issuer_url":"","required_claim":[],"username_claim":"","username_prefix":""},"organization_id":"fa1e3217-dc80-42ac-85c3-3f034b78b552","private_network_id":null,"project_id":"fa1e3217-dc80-42ac-85c3-3f034b78b552","region":"fr-par","status":"deleting","tags":[],"type":"kapsule","updated_at":"2023-07-27T15:30:48.091946Z","upgrade_available":false,"version":"1.27.2"}'
    headers:
      Content-Length:
      - "1408"
      Content-Security-Policy:
      - default-src 'none'; frame-ancestors 'none'
      Content-Type:
      - application/json
      Date:
      - Thu, 27 Jul 2023 15:31:10 GMT
      Server:
      - Scaleway API-Gateway
      Strict-Transport-Security:
      - max-age=63072000
      X-Content-Type-Options:
      - nosniff
      X-Frame-Options:
      - DENY
      X-Request-Id:
      - d927d570-5023-4b5d-a1b5-19de9eddadf1
    status: 200 OK
    code: 200
    duration: ""
- request:
    body: ""
    form: {}
    headers:
      User-Agent:
      - scaleway-sdk-go/v1.0.0-beta.7+dev (go1.20.4; linux; amd64) terraform-provider/develop
        terraform/terraform-tests
    url: https://api.scaleway.com/k8s/v1/regions/fr-par/clusters/9a4207d7-b534-4d40-86f3-f92185a6f32f
    method: GET
  response:
    body: '{"admission_plugins":[],"apiserver_cert_sans":[],"audit_log":false,"auto_upgrade":{"enabled":true,"maintenance_window":{"day":"monday","start_hour":12}},"autoscaler_config":{"balance_similar_node_groups":false,"estimator":"binpacking","expander":"random","expendable_pods_priority_cutoff":0,"ignore_daemonsets_utilization":false,"max_graceful_termination_sec":0,"scale_down_delay_after_add":"10m","scale_down_disabled":false,"scale_down_unneeded_time":"10m","scale_down_utilization_threshold":0.5},"cluster_url":"https://9a4207d7-b534-4d40-86f3-f92185a6f32f.api.k8s.fr-par.scw.cloud:6443","cni":"cilium","commitment_ends_at":"2023-07-27T15:25:44.802324Z","created_at":"2023-07-27T15:25:44.802324Z","dashboard_enabled":false,"description":"","dns_wildcard":"*.9a4207d7-b534-4d40-86f3-f92185a6f32f.nodes.k8s.fr-par.scw.cloud","feature_gates":[],"id":"9a4207d7-b534-4d40-86f3-f92185a6f32f","ingress":"none","name":"cluster","open_id_connect_config":{"client_id":"","groups_claim":[],"groups_prefix":"","issuer_url":"","required_claim":[],"username_claim":"","username_prefix":""},"organization_id":"fa1e3217-dc80-42ac-85c3-3f034b78b552","private_network_id":null,"project_id":"fa1e3217-dc80-42ac-85c3-3f034b78b552","region":"fr-par","status":"deleting","tags":[],"type":"kapsule","updated_at":"2023-07-27T15:30:48.091946Z","upgrade_available":false,"version":"1.27.2"}'
    headers:
      Content-Length:
      - "1408"
      Content-Security-Policy:
      - default-src 'none'; frame-ancestors 'none'
      Content-Type:
      - application/json
      Date:
      - Thu, 27 Jul 2023 15:31:15 GMT
      Server:
      - Scaleway API-Gateway
      Strict-Transport-Security:
      - max-age=63072000
      X-Content-Type-Options:
      - nosniff
      X-Frame-Options:
      - DENY
      X-Request-Id:
      - 4fa33384-18e8-4080-8e82-d1b9eba1b430
    status: 200 OK
    code: 200
    duration: ""
- request:
    body: ""
    form: {}
    headers:
      User-Agent:
      - scaleway-sdk-go/v1.0.0-beta.7+dev (go1.20.4; linux; amd64) terraform-provider/develop
        terraform/terraform-tests
    url: https://api.scaleway.com/k8s/v1/regions/fr-par/clusters/9a4207d7-b534-4d40-86f3-f92185a6f32f
    method: GET
  response:
    body: '{"admission_plugins":[],"apiserver_cert_sans":[],"audit_log":false,"auto_upgrade":{"enabled":true,"maintenance_window":{"day":"monday","start_hour":12}},"autoscaler_config":{"balance_similar_node_groups":false,"estimator":"binpacking","expander":"random","expendable_pods_priority_cutoff":0,"ignore_daemonsets_utilization":false,"max_graceful_termination_sec":0,"scale_down_delay_after_add":"10m","scale_down_disabled":false,"scale_down_unneeded_time":"10m","scale_down_utilization_threshold":0.5},"cluster_url":"https://9a4207d7-b534-4d40-86f3-f92185a6f32f.api.k8s.fr-par.scw.cloud:6443","cni":"cilium","commitment_ends_at":"2023-07-27T15:25:44.802324Z","created_at":"2023-07-27T15:25:44.802324Z","dashboard_enabled":false,"description":"","dns_wildcard":"*.9a4207d7-b534-4d40-86f3-f92185a6f32f.nodes.k8s.fr-par.scw.cloud","feature_gates":[],"id":"9a4207d7-b534-4d40-86f3-f92185a6f32f","ingress":"none","name":"cluster","open_id_connect_config":{"client_id":"","groups_claim":[],"groups_prefix":"","issuer_url":"","required_claim":[],"username_claim":"","username_prefix":""},"organization_id":"fa1e3217-dc80-42ac-85c3-3f034b78b552","private_network_id":null,"project_id":"fa1e3217-dc80-42ac-85c3-3f034b78b552","region":"fr-par","status":"deleting","tags":[],"type":"kapsule","updated_at":"2023-07-27T15:30:48.091946Z","upgrade_available":false,"version":"1.27.2"}'
    headers:
      Content-Length:
      - "1408"
      Content-Security-Policy:
      - default-src 'none'; frame-ancestors 'none'
      Content-Type:
      - application/json
      Date:
      - Thu, 27 Jul 2023 15:31:20 GMT
      Server:
      - Scaleway API-Gateway
      Strict-Transport-Security:
      - max-age=63072000
      X-Content-Type-Options:
      - nosniff
      X-Frame-Options:
      - DENY
      X-Request-Id:
      - 66e465fe-e751-4b04-b692-2ad2fe48aa5a
    status: 200 OK
    code: 200
    duration: ""
- request:
    body: ""
    form: {}
    headers:
      User-Agent:
      - scaleway-sdk-go/v1.0.0-beta.7+dev (go1.20.4; linux; amd64) terraform-provider/develop
        terraform/terraform-tests
    url: https://api.scaleway.com/k8s/v1/regions/fr-par/clusters/9a4207d7-b534-4d40-86f3-f92185a6f32f
    method: GET
  response:
    body: '{"admission_plugins":[],"apiserver_cert_sans":[],"audit_log":false,"auto_upgrade":{"enabled":true,"maintenance_window":{"day":"monday","start_hour":12}},"autoscaler_config":{"balance_similar_node_groups":false,"estimator":"binpacking","expander":"random","expendable_pods_priority_cutoff":0,"ignore_daemonsets_utilization":false,"max_graceful_termination_sec":0,"scale_down_delay_after_add":"10m","scale_down_disabled":false,"scale_down_unneeded_time":"10m","scale_down_utilization_threshold":0.5},"cluster_url":"https://9a4207d7-b534-4d40-86f3-f92185a6f32f.api.k8s.fr-par.scw.cloud:6443","cni":"cilium","commitment_ends_at":"2023-07-27T15:25:44.802324Z","created_at":"2023-07-27T15:25:44.802324Z","dashboard_enabled":false,"description":"","dns_wildcard":"*.9a4207d7-b534-4d40-86f3-f92185a6f32f.nodes.k8s.fr-par.scw.cloud","feature_gates":[],"id":"9a4207d7-b534-4d40-86f3-f92185a6f32f","ingress":"none","name":"cluster","open_id_connect_config":{"client_id":"","groups_claim":[],"groups_prefix":"","issuer_url":"","required_claim":[],"username_claim":"","username_prefix":""},"organization_id":"fa1e3217-dc80-42ac-85c3-3f034b78b552","private_network_id":null,"project_id":"fa1e3217-dc80-42ac-85c3-3f034b78b552","region":"fr-par","status":"deleting","tags":[],"type":"kapsule","updated_at":"2023-07-27T15:30:48.091946Z","upgrade_available":false,"version":"1.27.2"}'
    headers:
      Content-Length:
      - "1408"
      Content-Security-Policy:
      - default-src 'none'; frame-ancestors 'none'
      Content-Type:
      - application/json
      Date:
      - Thu, 27 Jul 2023 15:31:25 GMT
      Server:
      - Scaleway API-Gateway
      Strict-Transport-Security:
      - max-age=63072000
      X-Content-Type-Options:
      - nosniff
      X-Frame-Options:
      - DENY
      X-Request-Id:
      - 1dfca255-1eb4-4280-8048-2ae1ccda16ed
    status: 200 OK
    code: 200
    duration: ""
- request:
    body: ""
    form: {}
    headers:
      User-Agent:
      - scaleway-sdk-go/v1.0.0-beta.7+dev (go1.20.4; linux; amd64) terraform-provider/develop
        terraform/terraform-tests
    url: https://api.scaleway.com/k8s/v1/regions/fr-par/clusters/9a4207d7-b534-4d40-86f3-f92185a6f32f
    method: GET
  response:
    body: '{"message":"resource is not found","resource":"cluster","resource_id":"9a4207d7-b534-4d40-86f3-f92185a6f32f","type":"not_found"}'
    headers:
      Content-Length:
      - "128"
      Content-Security-Policy:
      - default-src 'none'; frame-ancestors 'none'
      Content-Type:
      - application/json
      Date:
      - Thu, 27 Jul 2023 15:31:30 GMT
      Server:
      - Scaleway API-Gateway
      Strict-Transport-Security:
      - max-age=63072000
      X-Content-Type-Options:
      - nosniff
      X-Frame-Options:
      - DENY
      X-Request-Id:
      - d39f04ff-c82e-4c75-b65c-3dc1de7e43a6
    status: 404 Not Found
    code: 404
    duration: ""
- request:
    body: ""
    form: {}
    headers:
      User-Agent:
      - scaleway-sdk-go/v1.0.0-beta.7+dev (go1.20.4; linux; amd64) terraform-provider/develop
        terraform/terraform-tests
    url: https://api.scaleway.com/k8s/v1/regions/fr-par/clusters/9a4207d7-b534-4d40-86f3-f92185a6f32f
    method: GET
  response:
    body: '{"message":"resource is not found","resource":"cluster","resource_id":"9a4207d7-b534-4d40-86f3-f92185a6f32f","type":"not_found"}'
    headers:
      Content-Length:
      - "128"
      Content-Security-Policy:
      - default-src 'none'; frame-ancestors 'none'
      Content-Type:
      - application/json
      Date:
      - Thu, 27 Jul 2023 15:31:30 GMT
      Server:
      - Scaleway API-Gateway
      Strict-Transport-Security:
      - max-age=63072000
      X-Content-Type-Options:
      - nosniff
      X-Frame-Options:
      - DENY
      X-Request-Id:
      - 4b7fb9e2-1f40-48a9-87bd-fccba445cdf7
    status: 404 Not Found
    code: 404
    duration: ""
