---
version: 1
interactions:
- request:
    body: ""
    form: {}
    headers:
      User-Agent:
      - scaleway-sdk-go/v1.0.0-beta.7+dev (go1.20.4; linux; amd64) terraform-provider/develop
        terraform/terraform-tests
    url: https://api.scaleway.com/k8s/v1/regions/fr-par/versions
    method: GET
  response:
    body: '{"versions":[{"available_admission_plugins":["PodNodeSelector","AlwaysPullImages","PodTolerationRestriction"],"available_cnis":["cilium","calico","kilo"],"available_container_runtimes":["containerd"],"available_feature_gates":["HPAScaleToZero","GRPCContainerProbe","ReadWriteOncePod"],"available_ingresses":["none"],"available_kubelet_args":{"containerLogMaxFiles":"uint16","containerLogMaxSize":"quantity","cpuCFSQuota":"bool","cpuCFSQuotaPeriod":"duration","cpuManagerPolicy":"enum:none|static","enableDebuggingHandlers":"bool","imageGCHighThresholdPercent":"uint32","imageGCLowThresholdPercent":"uint32","maxPods":"uint16"},"label":"Kubernetes
      1.27.1","name":"1.27.1","region":"fr-par"},{"available_admission_plugins":["PodNodeSelector","AlwaysPullImages","PodTolerationRestriction"],"available_cnis":["cilium","calico","kilo"],"available_container_runtimes":["containerd"],"available_feature_gates":["HPAScaleToZero","GRPCContainerProbe","ReadWriteOncePod"],"available_ingresses":["none"],"available_kubelet_args":{"containerLogMaxFiles":"uint16","containerLogMaxSize":"quantity","cpuCFSQuota":"bool","cpuCFSQuotaPeriod":"duration","cpuManagerPolicy":"enum:none|static","enableDebuggingHandlers":"bool","imageGCHighThresholdPercent":"uint32","imageGCLowThresholdPercent":"uint32","maxPods":"uint16"},"label":"Kubernetes
      1.26.4","name":"1.26.4","region":"fr-par"},{"available_admission_plugins":["PodNodeSelector","AlwaysPullImages","PodTolerationRestriction"],"available_cnis":["cilium","calico","kilo"],"available_container_runtimes":["containerd"],"available_feature_gates":["HPAScaleToZero","KubeletCredentialProviders","GRPCContainerProbe","ReadWriteOncePod"],"available_ingresses":["none"],"available_kubelet_args":{"containerLogMaxFiles":"uint16","containerLogMaxSize":"quantity","cpuCFSQuota":"bool","cpuCFSQuotaPeriod":"duration","cpuManagerPolicy":"enum:none|static","enableDebuggingHandlers":"bool","imageGCHighThresholdPercent":"uint32","imageGCLowThresholdPercent":"uint32","maxPods":"uint16"},"label":"Kubernetes
      1.25.9","name":"1.25.9","region":"fr-par"},{"available_admission_plugins":["PodSecurityPolicy","PodNodeSelector","AlwaysPullImages","PodTolerationRestriction"],"available_cnis":["cilium","calico","weave","flannel","kilo"],"available_container_runtimes":["containerd","crio"],"available_feature_gates":["HPAScaleToZero","EphemeralContainers","KubeletCredentialProviders","GRPCContainerProbe","ReadWriteOncePod"],"available_ingresses":["none"],"available_kubelet_args":{"containerLogMaxFiles":"uint16","containerLogMaxSize":"quantity","cpuCFSQuota":"bool","cpuCFSQuotaPeriod":"duration","cpuManagerPolicy":"enum:none|static","enableDebuggingHandlers":"bool","imageGCHighThresholdPercent":"uint32","imageGCLowThresholdPercent":"uint32","maxPods":"uint16"},"label":"Kubernetes
      1.24.13","name":"1.24.13","region":"fr-par"},{"available_admission_plugins":["PodSecurityPolicy","PodNodeSelector","AlwaysPullImages","PodTolerationRestriction"],"available_cnis":["cilium","calico","weave","flannel","kilo"],"available_container_runtimes":["containerd","crio","docker"],"available_feature_gates":["HPAScaleToZero","EphemeralContainers","KubeletCredentialProviders","GRPCContainerProbe"],"available_ingresses":["none","nginx","traefik2"],"available_kubelet_args":{"containerLogMaxFiles":"uint16","containerLogMaxSize":"quantity","cpuCFSQuota":"bool","cpuCFSQuotaPeriod":"duration","cpuManagerPolicy":"enum:none|static","enableDebuggingHandlers":"bool","imageGCHighThresholdPercent":"uint32","imageGCLowThresholdPercent":"uint32","maxPods":"uint16"},"label":"Kubernetes
      1.23.17","name":"1.23.17","region":"fr-par"},{"available_admission_plugins":["PodSecurityPolicy","PodNodeSelector","AlwaysPullImages","PodTolerationRestriction"],"available_cnis":["cilium","calico","weave","flannel","kilo"],"available_container_runtimes":["containerd","crio","docker"],"available_feature_gates":["TTLAfterFinished","HPAScaleToZero","EphemeralContainers","KubeletCredentialProviders"],"available_ingresses":["none","nginx","traefik2"],"available_kubelet_args":{"containerLogMaxFiles":"uint16","containerLogMaxSize":"quantity","cpuCFSQuota":"bool","cpuCFSQuotaPeriod":"duration","cpuManagerPolicy":"enum:none|static","enableDebuggingHandlers":"bool","imageGCHighThresholdPercent":"uint32","imageGCLowThresholdPercent":"uint32","maxPods":"uint16"},"label":"Kubernetes
      1.22.17","name":"1.22.17","region":"fr-par"}]}'
    headers:
      Content-Security-Policy:
      - default-src 'none'; frame-ancestors 'none'
      Content-Type:
      - application/json
      Date:
      - Tue, 13 Jun 2023 15:16:16 GMT
      Server:
      - Scaleway API-Gateway
      Strict-Transport-Security:
      - max-age=63072000
      X-Content-Type-Options:
      - nosniff
      X-Frame-Options:
      - DENY
      X-Request-Id:
      - 5b378424-cd96-4202-9327-21f558f4379a
    status: 200 OK
    code: 200
    duration: ""
- request:
    body: '{"name":"k8s-private-network","project_id":"fa1e3217-dc80-42ac-85c3-3f034b78b552","tags":null,"subnets":null,"vpc_id":null}'
    form: {}
    headers:
      Content-Type:
      - application/json
      User-Agent:
      - scaleway-sdk-go/v1.0.0-beta.7+dev (go1.20.4; linux; amd64) terraform-provider/develop
        terraform/terraform-tests
    url: https://api.scaleway.com/vpc/v2/regions/fr-par/private-networks
    method: POST
  response:
    body: '{"created_at":"2023-06-13T15:16:17.134601Z","id":"f11358d1-ddb7-44c3-987e-ce0bd0573f5a","name":"k8s-private-network","organization_id":"fa1e3217-dc80-42ac-85c3-3f034b78b552","project_id":"fa1e3217-dc80-42ac-85c3-3f034b78b552","region":"fr-par","subnets":[{"created_at":"2023-06-13T15:16:17.134601Z","id":"e492d3ca-8c84-4aa3-9595-b56234fa0647","subnet":"172.16.32.0/22","updated_at":"2023-06-13T15:16:17.134601Z"},{"created_at":"2023-06-13T15:16:17.134601Z","id":"a220f3e5-8373-4685-b617-49badb2ae0d6","subnet":"fd63:256c:45f7:99ee::/64","updated_at":"2023-06-13T15:16:17.134601Z"}],"tags":[],"updated_at":"2023-06-13T15:16:17.134601Z","vpc_id":"1ec1ecb6-8f58-4f7c-92cc-53c2a5ae519c"}'
    headers:
      Content-Length:
      - "683"
      Content-Security-Policy:
      - default-src 'none'; frame-ancestors 'none'
      Content-Type:
      - application/json
      Date:
      - Tue, 13 Jun 2023 15:16:17 GMT
      Server:
      - Scaleway API-Gateway
      Strict-Transport-Security:
      - max-age=63072000
      X-Content-Type-Options:
      - nosniff
      X-Frame-Options:
      - DENY
      X-Request-Id:
      - ee786da9-40e0-40ef-9d66-aa99403eda6e
    status: 200 OK
    code: 200
    duration: ""
- request:
    body: ""
    form: {}
    headers:
      User-Agent:
      - scaleway-sdk-go/v1.0.0-beta.7+dev (go1.20.4; linux; amd64) terraform-provider/develop
        terraform/terraform-tests
    url: https://api.scaleway.com/vpc/v2/regions/fr-par/private-networks/f11358d1-ddb7-44c3-987e-ce0bd0573f5a
    method: GET
  response:
    body: '{"created_at":"2023-06-13T15:16:17.134601Z","id":"f11358d1-ddb7-44c3-987e-ce0bd0573f5a","name":"k8s-private-network","organization_id":"fa1e3217-dc80-42ac-85c3-3f034b78b552","project_id":"fa1e3217-dc80-42ac-85c3-3f034b78b552","region":"fr-par","subnets":[{"created_at":"2023-06-13T15:16:17.134601Z","id":"e492d3ca-8c84-4aa3-9595-b56234fa0647","subnet":"172.16.32.0/22","updated_at":"2023-06-13T15:16:17.134601Z"},{"created_at":"2023-06-13T15:16:17.134601Z","id":"a220f3e5-8373-4685-b617-49badb2ae0d6","subnet":"fd63:256c:45f7:99ee::/64","updated_at":"2023-06-13T15:16:17.134601Z"}],"tags":[],"updated_at":"2023-06-13T15:16:17.134601Z","vpc_id":"1ec1ecb6-8f58-4f7c-92cc-53c2a5ae519c"}'
    headers:
      Content-Length:
      - "683"
      Content-Security-Policy:
      - default-src 'none'; frame-ancestors 'none'
      Content-Type:
      - application/json
      Date:
      - Tue, 13 Jun 2023 15:16:17 GMT
      Server:
      - Scaleway API-Gateway
      Strict-Transport-Security:
      - max-age=63072000
      X-Content-Type-Options:
      - nosniff
      X-Frame-Options:
      - DENY
      X-Request-Id:
      - f030bd52-a63e-4ec5-8fe4-4cfaec67aad6
    status: 200 OK
    code: 200
    duration: ""
- request:
    body: '{"project_id":"fa1e3217-dc80-42ac-85c3-3f034b78b552","type":"","name":"k8s-private-network-cluster","description":"","tags":["terraform-test","scaleway_k8s_cluster","private_network"],"version":"1.27.1","cni":"cilium","pools":null,"autoscaler_config":{"scale_down_disabled":null,"scale_down_delay_after_add":null,"estimator":"unknown_estimator","expander":"unknown_expander","ignore_daemonsets_utilization":null,"balance_similar_node_groups":null,"expendable_pods_priority_cutoff":0,"scale_down_unneeded_time":null,"scale_down_utilization_threshold":null,"max_graceful_termination_sec":0},"auto_upgrade":null,"feature_gates":null,"admission_plugins":null,"open_id_connect_config":null,"apiserver_cert_sans":null,"private_network_id":"f11358d1-ddb7-44c3-987e-ce0bd0573f5a"}'
    form: {}
    headers:
      Content-Type:
      - application/json
      User-Agent:
      - scaleway-sdk-go/v1.0.0-beta.7+dev (go1.20.4; linux; amd64) terraform-provider/develop
        terraform/terraform-tests
    url: https://api.scaleway.com/k8s/v1/regions/fr-par/clusters
    method: POST
  response:
    body: '{"admission_plugins":[],"apiserver_cert_sans":[],"auto_upgrade":{"enabled":false,"maintenance_window":{"day":"any","start_hour":0}},"autoscaler_config":{"balance_similar_node_groups":false,"estimator":"binpacking","expander":"random","expendable_pods_priority_cutoff":0,"ignore_daemonsets_utilization":false,"max_graceful_termination_sec":0,"scale_down_delay_after_add":"10m","scale_down_disabled":false,"scale_down_unneeded_time":"10m","scale_down_utilization_threshold":0.5},"cluster_url":"https://7b172922-eecd-4ccd-9a7a-5eaddbf0bffb.api.k8s.fr-par.scw.cloud:6443","cni":"cilium","created_at":"2023-06-13T15:16:17.536659325Z","dashboard_enabled":false,"description":"","dns_wildcard":"*.7b172922-eecd-4ccd-9a7a-5eaddbf0bffb.nodes.k8s.fr-par.scw.cloud","feature_gates":[],"id":"7b172922-eecd-4ccd-9a7a-5eaddbf0bffb","ingress":"none","name":"k8s-private-network-cluster","open_id_connect_config":{"client_id":"","groups_claim":[],"groups_prefix":"","issuer_url":"","required_claim":[],"username_claim":"","username_prefix":""},"organization_id":"fa1e3217-dc80-42ac-85c3-3f034b78b552","private_network_id":"f11358d1-ddb7-44c3-987e-ce0bd0573f5a","project_id":"fa1e3217-dc80-42ac-85c3-3f034b78b552","region":"fr-par","status":"creating","tags":["terraform-test","scaleway_k8s_cluster","private_network"],"type":"kapsule","updated_at":"2023-06-13T15:16:17.546488785Z","upgrade_available":false,"version":"1.27.1"}'
    headers:
      Content-Length:
      - "1410"
      Content-Security-Policy:
      - default-src 'none'; frame-ancestors 'none'
      Content-Type:
      - application/json
      Date:
      - Tue, 13 Jun 2023 15:16:17 GMT
      Server:
      - Scaleway API-Gateway
      Strict-Transport-Security:
      - max-age=63072000
      X-Content-Type-Options:
      - nosniff
      X-Frame-Options:
      - DENY
      X-Request-Id:
      - c9f74f79-11f2-4b4c-bd56-d20954b8dfa7
    status: 200 OK
    code: 200
    duration: ""
- request:
    body: ""
    form: {}
    headers:
      User-Agent:
      - scaleway-sdk-go/v1.0.0-beta.7+dev (go1.20.4; linux; amd64) terraform-provider/develop
        terraform/terraform-tests
    url: https://api.scaleway.com/k8s/v1/regions/fr-par/clusters/7b172922-eecd-4ccd-9a7a-5eaddbf0bffb
    method: GET
  response:
    body: '{"admission_plugins":[],"apiserver_cert_sans":[],"auto_upgrade":{"enabled":false,"maintenance_window":{"day":"any","start_hour":0}},"autoscaler_config":{"balance_similar_node_groups":false,"estimator":"binpacking","expander":"random","expendable_pods_priority_cutoff":0,"ignore_daemonsets_utilization":false,"max_graceful_termination_sec":0,"scale_down_delay_after_add":"10m","scale_down_disabled":false,"scale_down_unneeded_time":"10m","scale_down_utilization_threshold":0.5},"cluster_url":"https://7b172922-eecd-4ccd-9a7a-5eaddbf0bffb.api.k8s.fr-par.scw.cloud:6443","cni":"cilium","created_at":"2023-06-13T15:16:17.536659Z","dashboard_enabled":false,"description":"","dns_wildcard":"*.7b172922-eecd-4ccd-9a7a-5eaddbf0bffb.nodes.k8s.fr-par.scw.cloud","feature_gates":[],"id":"7b172922-eecd-4ccd-9a7a-5eaddbf0bffb","ingress":"none","name":"k8s-private-network-cluster","open_id_connect_config":{"client_id":"","groups_claim":[],"groups_prefix":"","issuer_url":"","required_claim":[],"username_claim":"","username_prefix":""},"organization_id":"fa1e3217-dc80-42ac-85c3-3f034b78b552","private_network_id":"f11358d1-ddb7-44c3-987e-ce0bd0573f5a","project_id":"fa1e3217-dc80-42ac-85c3-3f034b78b552","region":"fr-par","status":"creating","tags":["terraform-test","scaleway_k8s_cluster","private_network"],"type":"kapsule","updated_at":"2023-06-13T15:16:17.546489Z","upgrade_available":false,"version":"1.27.1"}'
    headers:
      Content-Length:
      - "1404"
      Content-Security-Policy:
      - default-src 'none'; frame-ancestors 'none'
      Content-Type:
      - application/json
      Date:
      - Tue, 13 Jun 2023 15:16:17 GMT
      Server:
      - Scaleway API-Gateway
      Strict-Transport-Security:
      - max-age=63072000
      X-Content-Type-Options:
      - nosniff
      X-Frame-Options:
      - DENY
      X-Request-Id:
      - f9d51e4d-5eb1-4e8c-9e04-eb0b312548f8
    status: 200 OK
    code: 200
    duration: ""
- request:
    body: ""
    form: {}
    headers:
      User-Agent:
      - scaleway-sdk-go/v1.0.0-beta.7+dev (go1.20.4; linux; amd64) terraform-provider/develop
        terraform/terraform-tests
    url: https://api.scaleway.com/k8s/v1/regions/fr-par/clusters/7b172922-eecd-4ccd-9a7a-5eaddbf0bffb
    method: GET
  response:
    body: '{"admission_plugins":[],"apiserver_cert_sans":[],"auto_upgrade":{"enabled":false,"maintenance_window":{"day":"any","start_hour":0}},"autoscaler_config":{"balance_similar_node_groups":false,"estimator":"binpacking","expander":"random","expendable_pods_priority_cutoff":0,"ignore_daemonsets_utilization":false,"max_graceful_termination_sec":0,"scale_down_delay_after_add":"10m","scale_down_disabled":false,"scale_down_unneeded_time":"10m","scale_down_utilization_threshold":0.5},"cluster_url":"https://7b172922-eecd-4ccd-9a7a-5eaddbf0bffb.api.k8s.fr-par.scw.cloud:6443","cni":"cilium","created_at":"2023-06-13T15:16:17.536659Z","dashboard_enabled":false,"description":"","dns_wildcard":"*.7b172922-eecd-4ccd-9a7a-5eaddbf0bffb.nodes.k8s.fr-par.scw.cloud","feature_gates":[],"id":"7b172922-eecd-4ccd-9a7a-5eaddbf0bffb","ingress":"none","name":"k8s-private-network-cluster","open_id_connect_config":{"client_id":"","groups_claim":[],"groups_prefix":"","issuer_url":"","required_claim":[],"username_claim":"","username_prefix":""},"organization_id":"fa1e3217-dc80-42ac-85c3-3f034b78b552","private_network_id":"f11358d1-ddb7-44c3-987e-ce0bd0573f5a","project_id":"fa1e3217-dc80-42ac-85c3-3f034b78b552","region":"fr-par","status":"pool_required","tags":["terraform-test","scaleway_k8s_cluster","private_network"],"type":"kapsule","updated_at":"2023-06-13T15:16:19.454818Z","upgrade_available":false,"version":"1.27.1"}'
    headers:
      Content-Length:
      - "1409"
      Content-Security-Policy:
      - default-src 'none'; frame-ancestors 'none'
      Content-Type:
      - application/json
      Date:
      - Tue, 13 Jun 2023 15:16:22 GMT
      Server:
      - Scaleway API-Gateway
      Strict-Transport-Security:
      - max-age=63072000
      X-Content-Type-Options:
      - nosniff
      X-Frame-Options:
      - DENY
      X-Request-Id:
      - 77243ac8-dd98-40e1-939f-198c1296b0ea
    status: 200 OK
    code: 200
    duration: ""
- request:
    body: ""
    form: {}
    headers:
      User-Agent:
      - scaleway-sdk-go/v1.0.0-beta.7+dev (go1.20.4; linux; amd64) terraform-provider/develop
        terraform/terraform-tests
    url: https://api.scaleway.com/k8s/v1/regions/fr-par/clusters/7b172922-eecd-4ccd-9a7a-5eaddbf0bffb
    method: GET
  response:
    body: '{"admission_plugins":[],"apiserver_cert_sans":[],"auto_upgrade":{"enabled":false,"maintenance_window":{"day":"any","start_hour":0}},"autoscaler_config":{"balance_similar_node_groups":false,"estimator":"binpacking","expander":"random","expendable_pods_priority_cutoff":0,"ignore_daemonsets_utilization":false,"max_graceful_termination_sec":0,"scale_down_delay_after_add":"10m","scale_down_disabled":false,"scale_down_unneeded_time":"10m","scale_down_utilization_threshold":0.5},"cluster_url":"https://7b172922-eecd-4ccd-9a7a-5eaddbf0bffb.api.k8s.fr-par.scw.cloud:6443","cni":"cilium","created_at":"2023-06-13T15:16:17.536659Z","dashboard_enabled":false,"description":"","dns_wildcard":"*.7b172922-eecd-4ccd-9a7a-5eaddbf0bffb.nodes.k8s.fr-par.scw.cloud","feature_gates":[],"id":"7b172922-eecd-4ccd-9a7a-5eaddbf0bffb","ingress":"none","name":"k8s-private-network-cluster","open_id_connect_config":{"client_id":"","groups_claim":[],"groups_prefix":"","issuer_url":"","required_claim":[],"username_claim":"","username_prefix":""},"organization_id":"fa1e3217-dc80-42ac-85c3-3f034b78b552","private_network_id":"f11358d1-ddb7-44c3-987e-ce0bd0573f5a","project_id":"fa1e3217-dc80-42ac-85c3-3f034b78b552","region":"fr-par","status":"pool_required","tags":["terraform-test","scaleway_k8s_cluster","private_network"],"type":"kapsule","updated_at":"2023-06-13T15:16:19.454818Z","upgrade_available":false,"version":"1.27.1"}'
    headers:
      Content-Length:
      - "1409"
      Content-Security-Policy:
      - default-src 'none'; frame-ancestors 'none'
      Content-Type:
      - application/json
      Date:
      - Tue, 13 Jun 2023 15:16:22 GMT
      Server:
      - Scaleway API-Gateway
      Strict-Transport-Security:
      - max-age=63072000
      X-Content-Type-Options:
      - nosniff
      X-Frame-Options:
      - DENY
      X-Request-Id:
      - bb885efa-768f-4ee8-aac9-df1bf7f149da
    status: 200 OK
    code: 200
    duration: ""
- request:
    body: ""
    form: {}
    headers:
      User-Agent:
      - scaleway-sdk-go/v1.0.0-beta.7+dev (go1.20.4; linux; amd64) terraform-provider/develop
        terraform/terraform-tests
    url: https://api.scaleway.com/vpc/v2/regions/fr-par/private-networks/f11358d1-ddb7-44c3-987e-ce0bd0573f5a
    method: GET
  response:
    body: '{"created_at":"2023-06-13T15:16:17.134601Z","id":"f11358d1-ddb7-44c3-987e-ce0bd0573f5a","name":"k8s-private-network","organization_id":"fa1e3217-dc80-42ac-85c3-3f034b78b552","project_id":"fa1e3217-dc80-42ac-85c3-3f034b78b552","region":"fr-par","subnets":[{"created_at":"2023-06-13T15:16:17.134601Z","id":"e492d3ca-8c84-4aa3-9595-b56234fa0647","subnet":"172.16.32.0/22","updated_at":"2023-06-13T15:16:17.134601Z"},{"created_at":"2023-06-13T15:16:17.134601Z","id":"a220f3e5-8373-4685-b617-49badb2ae0d6","subnet":"fd63:256c:45f7:99ee::/64","updated_at":"2023-06-13T15:16:17.134601Z"}],"tags":[],"updated_at":"2023-06-13T15:16:17.134601Z","vpc_id":"1ec1ecb6-8f58-4f7c-92cc-53c2a5ae519c"}'
    headers:
      Content-Length:
      - "683"
      Content-Security-Policy:
      - default-src 'none'; frame-ancestors 'none'
      Content-Type:
      - application/json
      Date:
      - Tue, 13 Jun 2023 15:16:22 GMT
      Server:
      - Scaleway API-Gateway
      Strict-Transport-Security:
      - max-age=63072000
      X-Content-Type-Options:
      - nosniff
      X-Frame-Options:
      - DENY
      X-Request-Id:
      - a189af4b-16b2-4460-bfe9-063bfdd171c0
    status: 200 OK
    code: 200
    duration: ""
- request:
    body: ""
    form: {}
    headers:
      User-Agent:
      - scaleway-sdk-go/v1.0.0-beta.7+dev (go1.20.4; linux; amd64) terraform-provider/develop
        terraform/terraform-tests
    url: https://api.scaleway.com/k8s/v1/regions/fr-par/clusters/7b172922-eecd-4ccd-9a7a-5eaddbf0bffb/kubeconfig
    method: GET
  response:
    body: '{"content":"YXBpVmVyc2lvbjogdjEKY2x1c3RlcnM6Ci0gbmFtZTogIms4cy1wcml2YXRlLW5ldHdvcmstY2x1c3RlciIKICBjbHVzdGVyOgogICAgY2VydGlmaWNhdGUtYXV0aG9yaXR5LWRhdGE6IExTMHRMUzFDUlVkSlRpQkRSVkpVU1VaSlEwRlVSUzB0TFMwdENrMUpTVU0xZWtORFFXTXJaMEYzU1VKQlowbENRVVJCVGtKbmEzRm9hMmxIT1hjd1FrRlJjMFpCUkVGV1RWSk5kMFZSV1VSV1VWRkVSWGR3Y21SWFNtd0tZMjAxYkdSSFZucE5RalJZUkZSSmVrMUVXWGhOYWtVeFRWUlplRTlXYjFoRVZFMTZUVVJaZUUxcVJURk5WRmw0VDFadmQwWlVSVlJOUWtWSFFURlZSUXBCZUUxTFlUTldhVnBZU25WYVdGSnNZM3BEUTBGVFNYZEVVVmxLUzI5YVNXaDJZMDVCVVVWQ1FsRkJSR2RuUlZCQlJFTkRRVkZ2UTJkblJVSkJTMlYzQ2tGcU4wNDVkRWcyUmt0dmRFUktjVWw0WjFvcmNGVXdOM3BEZGl0VWVrdGFXamxCVW1OWVdVeG1hazVvZFVvdlUwVTJXV3R4TjNJNVdITm5OazUxUlRFS1dpdGxPR0pXTmk5Q2QxWTRNR0kzY3pOdFpEWnFibWRvTUZVemFEUjBTRzloYms5UE9VdEVlRXRrWmxrMGRsTlBOMlZyVWxaMlZqSnJNWEoyTm5GVWNBcHhibWh6UmpSMWNDdE1SekJIYTNaa1pWbG1aVkUyY21WNWJFYzJiMEpCY0U5d1kxUTJNa0pvVDAxUlN6bHhZalJKVVROdGRHOXBiM0JEYVVSWVNtUktDa2xVUzJsdFJFeERRVFpSUmtWRFozTktMMmRKYUVWR1pHUlZRaXRTY3paUU1uUTBVRFI1ZERKYWVYcDVSRmRDY1dZMWRHTXhVMkp5VEhaaWVHZGxXV1lLYlRSbFlteFlZakZNV1dsSGJteFJjVmR3Vm0xaGNsRk9kSEJDWmxWV2FHTlBZWEk1Y2t0V1pHbHRNMXBOT0VkUU5YbE5ablJYWldSSGVHaFJVbk0yU0FvM1NGZHpZWFJJVjBsSWIwTk1NVk4xWjFCTlEwRjNSVUZCWVU1RFRVVkJkMFJuV1VSV1VqQlFRVkZJTDBKQlVVUkJaMHRyVFVFNFIwRXhWV1JGZDBWQ0NpOTNVVVpOUVUxQ1FXWTRkMGhSV1VSV1VqQlBRa0paUlVaTVpVRTFZbEo2ZEhFdmQwODFkVUZFUWs4eVVHMURjSEZ4TlUxTlFUQkhRMU54UjFOSllqTUtSRkZGUWtOM1ZVRkJORWxDUVZGQk1FSmhPVzV4ZUZaT2ExVnViMnRwTnpaMk5sTndTVEZXWkdWbkx6bHFlSGgxVVd0aFpURjBiRWhxZDJkalRGVjVaZ3BKYVZSVWVtTldOVGhaVHpsMVNUWndOeXR6U2xORFRsVkdjV3hLVmk5YVlqQkNNMGx1TWxkWEsyMU1TMlZUWlV0cU1HNWtjbmRNVG1SS09EaHVVRGRoQ2pRelpERkRVSFp3WVVwak1EbGplR2xIY1VseFIzcG5UWG8xVWpkUWMwWXhjVFU1YzFGTUx6QklWbE50VFZGRGIzcHlVRXBoZWxWSVRESlpPSEk0UjBFS1RTdFNNbkZaWldWaFZFbFFNbk5sYzJodlpGaFVUbVp3V1RKUmJpOUdRVzkyZVVoaUwzVnNZWGxtUmt0eFJrSkhUbEJ5WkZsTVEzcFViMXBoWTBWMlJ3cEVlREUwZHpSd2JrcFljMlJGVDBsdGIyUXhSMlpoVEhaR1ZVaGpZU3MwY1dSMEszaDVTMkZMT1VvMWMyVnBRbUZzUzFoTVowazJXamxaV21RNGRqZG5Da3htY0c4MVZXRnBUVGhQTW5aUFowbzNPR0o2VXpreVdWcEJiakpDWTFOcFpsSjViUW90TFMwdExVVk9SQ0JEUlZKVVNVWkpRMEZVUlMwdExTMHRDZz09CiAgICBzZXJ2ZXI6IGh0dHBzOi8vN2IxNzI5MjItZWVjZC00Y2NkLTlhN2EtNWVhZGRiZjBiZmZiLmFwaS5rOHMuZnItcGFyLnNjdy5jbG91ZDo2NDQzCmNvbnRleHRzOgotIG5hbWU6IGFkbWluQGs4cy1wcml2YXRlLW5ldHdvcmstY2x1c3RlcgogIGNvbnRleHQ6CiAgICBjbHVzdGVyOiAiazhzLXByaXZhdGUtbmV0d29yay1jbHVzdGVyIgogICAgdXNlcjogazhzLXByaXZhdGUtbmV0d29yay1jbHVzdGVyLWFkbWluCmN1cnJlbnQtY29udGV4dDogYWRtaW5AazhzLXByaXZhdGUtbmV0d29yay1jbHVzdGVyCmtpbmQ6IENvbmZpZwpwcmVmZXJlbmNlczoge30KdXNlcnM6Ci0gbmFtZTogazhzLXByaXZhdGUtbmV0d29yay1jbHVzdGVyLWFkbWluCiAgdXNlcjoKICAgIHRva2VuOiBlVEhCM0FNd3VkN0VNNEt5cEk3SG9OWlU1Q3dTd1pIWUFDUmNHRnp5THNjM254QjBHbnh6bXhnZA==","content_type":"application/octet-stream","name":"kubeconfig"}'
    headers:
      Content-Length:
      - "2708"
      Content-Security-Policy:
      - default-src 'none'; frame-ancestors 'none'
      Content-Type:
      - application/json
      Date:
      - Tue, 13 Jun 2023 15:16:22 GMT
      Server:
      - Scaleway API-Gateway
      Strict-Transport-Security:
      - max-age=63072000
      X-Content-Type-Options:
      - nosniff
      X-Frame-Options:
      - DENY
      X-Request-Id:
      - 9ddc8098-0158-4e3a-9411-85621a0de869
    status: 200 OK
    code: 200
    duration: ""
- request:
    body: ""
    form: {}
    headers:
      User-Agent:
      - scaleway-sdk-go/v1.0.0-beta.7+dev (go1.20.4; linux; amd64) terraform-provider/develop
        terraform/terraform-tests
    url: https://api.scaleway.com/k8s/v1/regions/fr-par/clusters/7b172922-eecd-4ccd-9a7a-5eaddbf0bffb
    method: GET
  response:
    body: '{"admission_plugins":[],"apiserver_cert_sans":[],"auto_upgrade":{"enabled":false,"maintenance_window":{"day":"any","start_hour":0}},"autoscaler_config":{"balance_similar_node_groups":false,"estimator":"binpacking","expander":"random","expendable_pods_priority_cutoff":0,"ignore_daemonsets_utilization":false,"max_graceful_termination_sec":0,"scale_down_delay_after_add":"10m","scale_down_disabled":false,"scale_down_unneeded_time":"10m","scale_down_utilization_threshold":0.5},"cluster_url":"https://7b172922-eecd-4ccd-9a7a-5eaddbf0bffb.api.k8s.fr-par.scw.cloud:6443","cni":"cilium","created_at":"2023-06-13T15:16:17.536659Z","dashboard_enabled":false,"description":"","dns_wildcard":"*.7b172922-eecd-4ccd-9a7a-5eaddbf0bffb.nodes.k8s.fr-par.scw.cloud","feature_gates":[],"id":"7b172922-eecd-4ccd-9a7a-5eaddbf0bffb","ingress":"none","name":"k8s-private-network-cluster","open_id_connect_config":{"client_id":"","groups_claim":[],"groups_prefix":"","issuer_url":"","required_claim":[],"username_claim":"","username_prefix":""},"organization_id":"fa1e3217-dc80-42ac-85c3-3f034b78b552","private_network_id":"f11358d1-ddb7-44c3-987e-ce0bd0573f5a","project_id":"fa1e3217-dc80-42ac-85c3-3f034b78b552","region":"fr-par","status":"pool_required","tags":["terraform-test","scaleway_k8s_cluster","private_network"],"type":"kapsule","updated_at":"2023-06-13T15:16:19.454818Z","upgrade_available":false,"version":"1.27.1"}'
    headers:
      Content-Length:
      - "1409"
      Content-Security-Policy:
      - default-src 'none'; frame-ancestors 'none'
      Content-Type:
      - application/json
      Date:
      - Tue, 13 Jun 2023 15:16:23 GMT
      Server:
      - Scaleway API-Gateway
      Strict-Transport-Security:
      - max-age=63072000
      X-Content-Type-Options:
      - nosniff
      X-Frame-Options:
      - DENY
      X-Request-Id:
      - be7d524e-93a7-45d8-80f0-556270623083
    status: 200 OK
    code: 200
    duration: ""
- request:
    body: '{"name":"pool","node_type":"gp1_xs","placement_group_id":null,"autoscaling":false,"size":2,"min_size":1,"max_size":2,"container_runtime":"containerd","autohealing":true,"tags":null,"kubelet_args":{},"upgrade_policy":null,"zone":"fr-par-1","root_volume_type":"default_volume_type","root_volume_size":null}'
    form: {}
    headers:
      Content-Type:
      - application/json
      User-Agent:
      - scaleway-sdk-go/v1.0.0-beta.7+dev (go1.20.4; linux; amd64) terraform-provider/develop
        terraform/terraform-tests
    url: https://api.scaleway.com/k8s/v1/regions/fr-par/clusters/7b172922-eecd-4ccd-9a7a-5eaddbf0bffb/pools
    method: POST
  response:
    body: '{"autohealing":true,"autoscaling":false,"cluster_id":"7b172922-eecd-4ccd-9a7a-5eaddbf0bffb","container_runtime":"containerd","created_at":"2023-06-13T15:16:23.186837Z","id":"f1c0840c-1089-41f2-bf99-e87de15f2d09","kubelet_args":{},"max_size":2,"min_size":1,"name":"pool","node_type":"gp1_xs","placement_group_id":null,"region":"fr-par","root_volume_size":150000000000,"root_volume_type":"l_ssd","size":2,"status":"scaling","tags":[],"updated_at":"2023-06-13T15:16:23.203041406Z","upgrade_policy":{"max_surge":0,"max_unavailable":1},"version":"1.27.1","zone":"fr-par-1"}'
    headers:
      Content-Length:
      - "568"
      Content-Security-Policy:
      - default-src 'none'; frame-ancestors 'none'
      Content-Type:
      - application/json
      Date:
      - Tue, 13 Jun 2023 15:16:23 GMT
      Server:
      - Scaleway API-Gateway
      Strict-Transport-Security:
      - max-age=63072000
      X-Content-Type-Options:
      - nosniff
      X-Frame-Options:
      - DENY
      X-Request-Id:
      - 3ed01181-6eb4-4932-ac13-eabba69ec049
    status: 200 OK
    code: 200
    duration: ""
- request:
    body: ""
    form: {}
    headers:
      User-Agent:
      - scaleway-sdk-go/v1.0.0-beta.7+dev (go1.20.4; linux; amd64) terraform-provider/develop
        terraform/terraform-tests
    url: https://api.scaleway.com/k8s/v1/regions/fr-par/pools/f1c0840c-1089-41f2-bf99-e87de15f2d09
    method: GET
  response:
    body: '{"autohealing":true,"autoscaling":false,"cluster_id":"7b172922-eecd-4ccd-9a7a-5eaddbf0bffb","container_runtime":"containerd","created_at":"2023-06-13T15:16:23.186837Z","id":"f1c0840c-1089-41f2-bf99-e87de15f2d09","kubelet_args":{},"max_size":2,"min_size":1,"name":"pool","node_type":"gp1_xs","placement_group_id":null,"region":"fr-par","root_volume_size":150000000000,"root_volume_type":"l_ssd","size":2,"status":"scaling","tags":[],"updated_at":"2023-06-13T15:16:23.203041Z","upgrade_policy":{"max_surge":0,"max_unavailable":1},"version":"1.27.1","zone":"fr-par-1"}'
    headers:
      Content-Length:
      - "565"
      Content-Security-Policy:
      - default-src 'none'; frame-ancestors 'none'
      Content-Type:
      - application/json
      Date:
      - Tue, 13 Jun 2023 15:16:23 GMT
      Server:
      - Scaleway API-Gateway
      Strict-Transport-Security:
      - max-age=63072000
      X-Content-Type-Options:
      - nosniff
      X-Frame-Options:
      - DENY
      X-Request-Id:
      - 538a1612-829d-4c6e-bb3e-6f4ef421bbe9
    status: 200 OK
    code: 200
    duration: ""
- request:
    body: ""
    form: {}
    headers:
      User-Agent:
      - scaleway-sdk-go/v1.0.0-beta.7+dev (go1.20.4; linux; amd64) terraform-provider/develop
        terraform/terraform-tests
    url: https://api.scaleway.com/k8s/v1/regions/fr-par/pools/f1c0840c-1089-41f2-bf99-e87de15f2d09
    method: GET
  response:
    body: '{"autohealing":true,"autoscaling":false,"cluster_id":"7b172922-eecd-4ccd-9a7a-5eaddbf0bffb","container_runtime":"containerd","created_at":"2023-06-13T15:16:23.186837Z","id":"f1c0840c-1089-41f2-bf99-e87de15f2d09","kubelet_args":{},"max_size":2,"min_size":1,"name":"pool","node_type":"gp1_xs","placement_group_id":null,"region":"fr-par","root_volume_size":150000000000,"root_volume_type":"l_ssd","size":2,"status":"scaling","tags":[],"updated_at":"2023-06-13T15:16:23.203041Z","upgrade_policy":{"max_surge":0,"max_unavailable":1},"version":"1.27.1","zone":"fr-par-1"}'
    headers:
      Content-Length:
      - "565"
      Content-Security-Policy:
      - default-src 'none'; frame-ancestors 'none'
      Content-Type:
      - application/json
      Date:
      - Tue, 13 Jun 2023 15:16:28 GMT
      Server:
      - Scaleway API-Gateway
      Strict-Transport-Security:
      - max-age=63072000
      X-Content-Type-Options:
      - nosniff
      X-Frame-Options:
      - DENY
      X-Request-Id:
      - 828b33ed-8a4b-4249-8d60-fb44e1f9f87f
    status: 200 OK
    code: 200
    duration: ""
- request:
    body: ""
    form: {}
    headers:
      User-Agent:
      - scaleway-sdk-go/v1.0.0-beta.7+dev (go1.20.4; linux; amd64) terraform-provider/develop
        terraform/terraform-tests
    url: https://api.scaleway.com/k8s/v1/regions/fr-par/pools/f1c0840c-1089-41f2-bf99-e87de15f2d09
    method: GET
  response:
    body: '{"autohealing":true,"autoscaling":false,"cluster_id":"7b172922-eecd-4ccd-9a7a-5eaddbf0bffb","container_runtime":"containerd","created_at":"2023-06-13T15:16:23.186837Z","id":"f1c0840c-1089-41f2-bf99-e87de15f2d09","kubelet_args":{},"max_size":2,"min_size":1,"name":"pool","node_type":"gp1_xs","placement_group_id":null,"region":"fr-par","root_volume_size":150000000000,"root_volume_type":"l_ssd","size":2,"status":"scaling","tags":[],"updated_at":"2023-06-13T15:16:23.203041Z","upgrade_policy":{"max_surge":0,"max_unavailable":1},"version":"1.27.1","zone":"fr-par-1"}'
    headers:
      Content-Length:
      - "565"
      Content-Security-Policy:
      - default-src 'none'; frame-ancestors 'none'
      Content-Type:
      - application/json
      Date:
      - Tue, 13 Jun 2023 15:16:33 GMT
      Server:
      - Scaleway API-Gateway
      Strict-Transport-Security:
      - max-age=63072000
      X-Content-Type-Options:
      - nosniff
      X-Frame-Options:
      - DENY
      X-Request-Id:
      - 9aba5e05-a672-45b6-8d3c-d05d5908fddd
    status: 200 OK
    code: 200
    duration: ""
- request:
    body: ""
    form: {}
    headers:
      User-Agent:
      - scaleway-sdk-go/v1.0.0-beta.7+dev (go1.20.4; linux; amd64) terraform-provider/develop
        terraform/terraform-tests
    url: https://api.scaleway.com/k8s/v1/regions/fr-par/pools/f1c0840c-1089-41f2-bf99-e87de15f2d09
    method: GET
  response:
    body: '{"autohealing":true,"autoscaling":false,"cluster_id":"7b172922-eecd-4ccd-9a7a-5eaddbf0bffb","container_runtime":"containerd","created_at":"2023-06-13T15:16:23.186837Z","id":"f1c0840c-1089-41f2-bf99-e87de15f2d09","kubelet_args":{},"max_size":2,"min_size":1,"name":"pool","node_type":"gp1_xs","placement_group_id":null,"region":"fr-par","root_volume_size":150000000000,"root_volume_type":"l_ssd","size":2,"status":"scaling","tags":[],"updated_at":"2023-06-13T15:16:23.203041Z","upgrade_policy":{"max_surge":0,"max_unavailable":1},"version":"1.27.1","zone":"fr-par-1"}'
    headers:
      Content-Length:
      - "565"
      Content-Security-Policy:
      - default-src 'none'; frame-ancestors 'none'
      Content-Type:
      - application/json
      Date:
      - Tue, 13 Jun 2023 15:16:39 GMT
      Server:
      - Scaleway API-Gateway
      Strict-Transport-Security:
      - max-age=63072000
      X-Content-Type-Options:
      - nosniff
      X-Frame-Options:
      - DENY
      X-Request-Id:
      - c52e7938-af2c-4763-ba2e-d5396c9a8139
    status: 200 OK
    code: 200
    duration: ""
- request:
    body: ""
    form: {}
    headers:
      User-Agent:
      - scaleway-sdk-go/v1.0.0-beta.7+dev (go1.20.4; linux; amd64) terraform-provider/develop
        terraform/terraform-tests
    url: https://api.scaleway.com/k8s/v1/regions/fr-par/pools/f1c0840c-1089-41f2-bf99-e87de15f2d09
    method: GET
  response:
    body: '{"autohealing":true,"autoscaling":false,"cluster_id":"7b172922-eecd-4ccd-9a7a-5eaddbf0bffb","container_runtime":"containerd","created_at":"2023-06-13T15:16:23.186837Z","id":"f1c0840c-1089-41f2-bf99-e87de15f2d09","kubelet_args":{},"max_size":2,"min_size":1,"name":"pool","node_type":"gp1_xs","placement_group_id":null,"region":"fr-par","root_volume_size":150000000000,"root_volume_type":"l_ssd","size":2,"status":"scaling","tags":[],"updated_at":"2023-06-13T15:16:23.203041Z","upgrade_policy":{"max_surge":0,"max_unavailable":1},"version":"1.27.1","zone":"fr-par-1"}'
    headers:
      Content-Length:
      - "565"
      Content-Security-Policy:
      - default-src 'none'; frame-ancestors 'none'
      Content-Type:
      - application/json
      Date:
      - Tue, 13 Jun 2023 15:16:45 GMT
      Server:
      - Scaleway API-Gateway
      Strict-Transport-Security:
      - max-age=63072000
      X-Content-Type-Options:
      - nosniff
      X-Frame-Options:
      - DENY
      X-Request-Id:
      - 428f45ef-0086-4dbc-8d51-b7f5d41304af
    status: 200 OK
    code: 200
    duration: ""
- request:
    body: ""
    form: {}
    headers:
      User-Agent:
      - scaleway-sdk-go/v1.0.0-beta.7+dev (go1.20.4; linux; amd64) terraform-provider/develop
        terraform/terraform-tests
    url: https://api.scaleway.com/k8s/v1/regions/fr-par/pools/f1c0840c-1089-41f2-bf99-e87de15f2d09
    method: GET
  response:
    body: '{"autohealing":true,"autoscaling":false,"cluster_id":"7b172922-eecd-4ccd-9a7a-5eaddbf0bffb","container_runtime":"containerd","created_at":"2023-06-13T15:16:23.186837Z","id":"f1c0840c-1089-41f2-bf99-e87de15f2d09","kubelet_args":{},"max_size":2,"min_size":1,"name":"pool","node_type":"gp1_xs","placement_group_id":null,"region":"fr-par","root_volume_size":150000000000,"root_volume_type":"l_ssd","size":2,"status":"scaling","tags":[],"updated_at":"2023-06-13T15:16:23.203041Z","upgrade_policy":{"max_surge":0,"max_unavailable":1},"version":"1.27.1","zone":"fr-par-1"}'
    headers:
      Content-Length:
      - "565"
      Content-Security-Policy:
      - default-src 'none'; frame-ancestors 'none'
      Content-Type:
      - application/json
      Date:
      - Tue, 13 Jun 2023 15:16:50 GMT
      Server:
      - Scaleway API-Gateway
      Strict-Transport-Security:
      - max-age=63072000
      X-Content-Type-Options:
      - nosniff
      X-Frame-Options:
      - DENY
      X-Request-Id:
      - 297ceb51-9ef7-4601-8e9b-be1c561abda3
    status: 200 OK
    code: 200
    duration: ""
- request:
    body: ""
    form: {}
    headers:
      User-Agent:
      - scaleway-sdk-go/v1.0.0-beta.7+dev (go1.20.4; linux; amd64) terraform-provider/develop
        terraform/terraform-tests
    url: https://api.scaleway.com/k8s/v1/regions/fr-par/pools/f1c0840c-1089-41f2-bf99-e87de15f2d09
    method: GET
  response:
    body: '{"autohealing":true,"autoscaling":false,"cluster_id":"7b172922-eecd-4ccd-9a7a-5eaddbf0bffb","container_runtime":"containerd","created_at":"2023-06-13T15:16:23.186837Z","id":"f1c0840c-1089-41f2-bf99-e87de15f2d09","kubelet_args":{},"max_size":2,"min_size":1,"name":"pool","node_type":"gp1_xs","placement_group_id":null,"region":"fr-par","root_volume_size":150000000000,"root_volume_type":"l_ssd","size":2,"status":"scaling","tags":[],"updated_at":"2023-06-13T15:16:23.203041Z","upgrade_policy":{"max_surge":0,"max_unavailable":1},"version":"1.27.1","zone":"fr-par-1"}'
    headers:
      Content-Length:
      - "565"
      Content-Security-Policy:
      - default-src 'none'; frame-ancestors 'none'
      Content-Type:
      - application/json
      Date:
      - Tue, 13 Jun 2023 15:16:55 GMT
      Server:
      - Scaleway API-Gateway
      Strict-Transport-Security:
      - max-age=63072000
      X-Content-Type-Options:
      - nosniff
      X-Frame-Options:
      - DENY
      X-Request-Id:
      - 90595d17-070a-4e77-bc37-746b42219d72
    status: 200 OK
    code: 200
    duration: ""
- request:
    body: ""
    form: {}
    headers:
      User-Agent:
      - scaleway-sdk-go/v1.0.0-beta.7+dev (go1.20.4; linux; amd64) terraform-provider/develop
        terraform/terraform-tests
    url: https://api.scaleway.com/k8s/v1/regions/fr-par/pools/f1c0840c-1089-41f2-bf99-e87de15f2d09
    method: GET
  response:
    body: '{"autohealing":true,"autoscaling":false,"cluster_id":"7b172922-eecd-4ccd-9a7a-5eaddbf0bffb","container_runtime":"containerd","created_at":"2023-06-13T15:16:23.186837Z","id":"f1c0840c-1089-41f2-bf99-e87de15f2d09","kubelet_args":{},"max_size":2,"min_size":1,"name":"pool","node_type":"gp1_xs","placement_group_id":null,"region":"fr-par","root_volume_size":150000000000,"root_volume_type":"l_ssd","size":2,"status":"scaling","tags":[],"updated_at":"2023-06-13T15:16:23.203041Z","upgrade_policy":{"max_surge":0,"max_unavailable":1},"version":"1.27.1","zone":"fr-par-1"}'
    headers:
      Content-Length:
      - "565"
      Content-Security-Policy:
      - default-src 'none'; frame-ancestors 'none'
      Content-Type:
      - application/json
      Date:
      - Tue, 13 Jun 2023 15:17:00 GMT
      Server:
      - Scaleway API-Gateway
      Strict-Transport-Security:
      - max-age=63072000
      X-Content-Type-Options:
      - nosniff
      X-Frame-Options:
      - DENY
      X-Request-Id:
      - 2ba5f44b-3e56-4876-b093-90ba15827b06
    status: 200 OK
    code: 200
    duration: ""
- request:
    body: ""
    form: {}
    headers:
      User-Agent:
      - scaleway-sdk-go/v1.0.0-beta.7+dev (go1.20.4; linux; amd64) terraform-provider/develop
        terraform/terraform-tests
    url: https://api.scaleway.com/k8s/v1/regions/fr-par/pools/f1c0840c-1089-41f2-bf99-e87de15f2d09
    method: GET
  response:
    body: '{"autohealing":true,"autoscaling":false,"cluster_id":"7b172922-eecd-4ccd-9a7a-5eaddbf0bffb","container_runtime":"containerd","created_at":"2023-06-13T15:16:23.186837Z","id":"f1c0840c-1089-41f2-bf99-e87de15f2d09","kubelet_args":{},"max_size":2,"min_size":1,"name":"pool","node_type":"gp1_xs","placement_group_id":null,"region":"fr-par","root_volume_size":150000000000,"root_volume_type":"l_ssd","size":2,"status":"scaling","tags":[],"updated_at":"2023-06-13T15:16:23.203041Z","upgrade_policy":{"max_surge":0,"max_unavailable":1},"version":"1.27.1","zone":"fr-par-1"}'
    headers:
      Content-Length:
      - "565"
      Content-Security-Policy:
      - default-src 'none'; frame-ancestors 'none'
      Content-Type:
      - application/json
      Date:
      - Tue, 13 Jun 2023 15:17:05 GMT
      Server:
      - Scaleway API-Gateway
      Strict-Transport-Security:
      - max-age=63072000
      X-Content-Type-Options:
      - nosniff
      X-Frame-Options:
      - DENY
      X-Request-Id:
      - 806055d9-8bdf-4533-9bfd-5b967337a300
    status: 200 OK
    code: 200
    duration: ""
- request:
    body: ""
    form: {}
    headers:
      User-Agent:
      - scaleway-sdk-go/v1.0.0-beta.7+dev (go1.20.4; linux; amd64) terraform-provider/develop
        terraform/terraform-tests
    url: https://api.scaleway.com/k8s/v1/regions/fr-par/pools/f1c0840c-1089-41f2-bf99-e87de15f2d09
    method: GET
  response:
    body: '{"autohealing":true,"autoscaling":false,"cluster_id":"7b172922-eecd-4ccd-9a7a-5eaddbf0bffb","container_runtime":"containerd","created_at":"2023-06-13T15:16:23.186837Z","id":"f1c0840c-1089-41f2-bf99-e87de15f2d09","kubelet_args":{},"max_size":2,"min_size":1,"name":"pool","node_type":"gp1_xs","placement_group_id":null,"region":"fr-par","root_volume_size":150000000000,"root_volume_type":"l_ssd","size":2,"status":"scaling","tags":[],"updated_at":"2023-06-13T15:16:23.203041Z","upgrade_policy":{"max_surge":0,"max_unavailable":1},"version":"1.27.1","zone":"fr-par-1"}'
    headers:
      Content-Length:
      - "565"
      Content-Security-Policy:
      - default-src 'none'; frame-ancestors 'none'
      Content-Type:
      - application/json
      Date:
      - Tue, 13 Jun 2023 15:17:11 GMT
      Server:
      - Scaleway API-Gateway
      Strict-Transport-Security:
      - max-age=63072000
      X-Content-Type-Options:
      - nosniff
      X-Frame-Options:
      - DENY
      X-Request-Id:
      - 79d55829-24f9-4a35-8c78-b3d856b5c142
    status: 200 OK
    code: 200
    duration: ""
- request:
    body: ""
    form: {}
    headers:
      User-Agent:
      - scaleway-sdk-go/v1.0.0-beta.7+dev (go1.20.4; linux; amd64) terraform-provider/develop
        terraform/terraform-tests
    url: https://api.scaleway.com/k8s/v1/regions/fr-par/pools/f1c0840c-1089-41f2-bf99-e87de15f2d09
    method: GET
  response:
    body: '{"autohealing":true,"autoscaling":false,"cluster_id":"7b172922-eecd-4ccd-9a7a-5eaddbf0bffb","container_runtime":"containerd","created_at":"2023-06-13T15:16:23.186837Z","id":"f1c0840c-1089-41f2-bf99-e87de15f2d09","kubelet_args":{},"max_size":2,"min_size":1,"name":"pool","node_type":"gp1_xs","placement_group_id":null,"region":"fr-par","root_volume_size":150000000000,"root_volume_type":"l_ssd","size":2,"status":"scaling","tags":[],"updated_at":"2023-06-13T15:16:23.203041Z","upgrade_policy":{"max_surge":0,"max_unavailable":1},"version":"1.27.1","zone":"fr-par-1"}'
    headers:
      Content-Length:
      - "565"
      Content-Security-Policy:
      - default-src 'none'; frame-ancestors 'none'
      Content-Type:
      - application/json
      Date:
      - Tue, 13 Jun 2023 15:17:16 GMT
      Server:
      - Scaleway API-Gateway
      Strict-Transport-Security:
      - max-age=63072000
      X-Content-Type-Options:
      - nosniff
      X-Frame-Options:
      - DENY
      X-Request-Id:
      - a4ae06fb-23cc-4ff1-9ca3-02fe9056b659
    status: 200 OK
    code: 200
    duration: ""
- request:
    body: ""
    form: {}
    headers:
      User-Agent:
      - scaleway-sdk-go/v1.0.0-beta.7+dev (go1.20.4; linux; amd64) terraform-provider/develop
        terraform/terraform-tests
    url: https://api.scaleway.com/k8s/v1/regions/fr-par/pools/f1c0840c-1089-41f2-bf99-e87de15f2d09
    method: GET
  response:
    body: '{"autohealing":true,"autoscaling":false,"cluster_id":"7b172922-eecd-4ccd-9a7a-5eaddbf0bffb","container_runtime":"containerd","created_at":"2023-06-13T15:16:23.186837Z","id":"f1c0840c-1089-41f2-bf99-e87de15f2d09","kubelet_args":{},"max_size":2,"min_size":1,"name":"pool","node_type":"gp1_xs","placement_group_id":null,"region":"fr-par","root_volume_size":150000000000,"root_volume_type":"l_ssd","size":2,"status":"scaling","tags":[],"updated_at":"2023-06-13T15:16:23.203041Z","upgrade_policy":{"max_surge":0,"max_unavailable":1},"version":"1.27.1","zone":"fr-par-1"}'
    headers:
      Content-Length:
      - "565"
      Content-Security-Policy:
      - default-src 'none'; frame-ancestors 'none'
      Content-Type:
      - application/json
      Date:
      - Tue, 13 Jun 2023 15:17:21 GMT
      Server:
      - Scaleway API-Gateway
      Strict-Transport-Security:
      - max-age=63072000
      X-Content-Type-Options:
      - nosniff
      X-Frame-Options:
      - DENY
      X-Request-Id:
      - 37533256-82bd-4a51-885c-4b18139d4bc3
    status: 200 OK
    code: 200
    duration: ""
- request:
    body: ""
    form: {}
    headers:
      User-Agent:
      - scaleway-sdk-go/v1.0.0-beta.7+dev (go1.20.4; linux; amd64) terraform-provider/develop
        terraform/terraform-tests
    url: https://api.scaleway.com/k8s/v1/regions/fr-par/pools/f1c0840c-1089-41f2-bf99-e87de15f2d09
    method: GET
  response:
    body: '{"autohealing":true,"autoscaling":false,"cluster_id":"7b172922-eecd-4ccd-9a7a-5eaddbf0bffb","container_runtime":"containerd","created_at":"2023-06-13T15:16:23.186837Z","id":"f1c0840c-1089-41f2-bf99-e87de15f2d09","kubelet_args":{},"max_size":2,"min_size":1,"name":"pool","node_type":"gp1_xs","placement_group_id":null,"region":"fr-par","root_volume_size":150000000000,"root_volume_type":"l_ssd","size":2,"status":"scaling","tags":[],"updated_at":"2023-06-13T15:16:23.203041Z","upgrade_policy":{"max_surge":0,"max_unavailable":1},"version":"1.27.1","zone":"fr-par-1"}'
    headers:
      Content-Length:
      - "565"
      Content-Security-Policy:
      - default-src 'none'; frame-ancestors 'none'
      Content-Type:
      - application/json
      Date:
      - Tue, 13 Jun 2023 15:17:26 GMT
      Server:
      - Scaleway API-Gateway
      Strict-Transport-Security:
      - max-age=63072000
      X-Content-Type-Options:
      - nosniff
      X-Frame-Options:
      - DENY
      X-Request-Id:
      - 8fb721a5-927b-4fe0-9f76-e2acaf302325
    status: 200 OK
    code: 200
    duration: ""
- request:
    body: ""
    form: {}
    headers:
      User-Agent:
      - scaleway-sdk-go/v1.0.0-beta.7+dev (go1.20.4; linux; amd64) terraform-provider/develop
        terraform/terraform-tests
    url: https://api.scaleway.com/k8s/v1/regions/fr-par/pools/f1c0840c-1089-41f2-bf99-e87de15f2d09
    method: GET
  response:
    body: '{"autohealing":true,"autoscaling":false,"cluster_id":"7b172922-eecd-4ccd-9a7a-5eaddbf0bffb","container_runtime":"containerd","created_at":"2023-06-13T15:16:23.186837Z","id":"f1c0840c-1089-41f2-bf99-e87de15f2d09","kubelet_args":{},"max_size":2,"min_size":1,"name":"pool","node_type":"gp1_xs","placement_group_id":null,"region":"fr-par","root_volume_size":150000000000,"root_volume_type":"l_ssd","size":2,"status":"scaling","tags":[],"updated_at":"2023-06-13T15:16:23.203041Z","upgrade_policy":{"max_surge":0,"max_unavailable":1},"version":"1.27.1","zone":"fr-par-1"}'
    headers:
      Content-Length:
      - "565"
      Content-Security-Policy:
      - default-src 'none'; frame-ancestors 'none'
      Content-Type:
      - application/json
      Date:
      - Tue, 13 Jun 2023 15:17:32 GMT
      Server:
      - Scaleway API-Gateway
      Strict-Transport-Security:
      - max-age=63072000
      X-Content-Type-Options:
      - nosniff
      X-Frame-Options:
      - DENY
      X-Request-Id:
      - f6478014-b367-4b89-901b-aa6e8e4b1a9a
    status: 200 OK
    code: 200
    duration: ""
- request:
    body: ""
    form: {}
    headers:
      User-Agent:
      - scaleway-sdk-go/v1.0.0-beta.7+dev (go1.20.4; linux; amd64) terraform-provider/develop
        terraform/terraform-tests
    url: https://api.scaleway.com/k8s/v1/regions/fr-par/pools/f1c0840c-1089-41f2-bf99-e87de15f2d09
    method: GET
  response:
    body: '{"autohealing":true,"autoscaling":false,"cluster_id":"7b172922-eecd-4ccd-9a7a-5eaddbf0bffb","container_runtime":"containerd","created_at":"2023-06-13T15:16:23.186837Z","id":"f1c0840c-1089-41f2-bf99-e87de15f2d09","kubelet_args":{},"max_size":2,"min_size":1,"name":"pool","node_type":"gp1_xs","placement_group_id":null,"region":"fr-par","root_volume_size":150000000000,"root_volume_type":"l_ssd","size":2,"status":"scaling","tags":[],"updated_at":"2023-06-13T15:16:23.203041Z","upgrade_policy":{"max_surge":0,"max_unavailable":1},"version":"1.27.1","zone":"fr-par-1"}'
    headers:
      Content-Length:
      - "565"
      Content-Security-Policy:
      - default-src 'none'; frame-ancestors 'none'
      Content-Type:
      - application/json
      Date:
      - Tue, 13 Jun 2023 15:17:37 GMT
      Server:
      - Scaleway API-Gateway
      Strict-Transport-Security:
      - max-age=63072000
      X-Content-Type-Options:
      - nosniff
      X-Frame-Options:
      - DENY
      X-Request-Id:
      - 4eb19d89-2235-4892-9c77-4535ddf6dd00
    status: 200 OK
    code: 200
    duration: ""
- request:
    body: ""
    form: {}
    headers:
      User-Agent:
      - scaleway-sdk-go/v1.0.0-beta.7+dev (go1.20.4; linux; amd64) terraform-provider/develop
        terraform/terraform-tests
    url: https://api.scaleway.com/k8s/v1/regions/fr-par/pools/f1c0840c-1089-41f2-bf99-e87de15f2d09
    method: GET
  response:
    body: '{"autohealing":true,"autoscaling":false,"cluster_id":"7b172922-eecd-4ccd-9a7a-5eaddbf0bffb","container_runtime":"containerd","created_at":"2023-06-13T15:16:23.186837Z","id":"f1c0840c-1089-41f2-bf99-e87de15f2d09","kubelet_args":{},"max_size":2,"min_size":1,"name":"pool","node_type":"gp1_xs","placement_group_id":null,"region":"fr-par","root_volume_size":150000000000,"root_volume_type":"l_ssd","size":2,"status":"scaling","tags":[],"updated_at":"2023-06-13T15:16:23.203041Z","upgrade_policy":{"max_surge":0,"max_unavailable":1},"version":"1.27.1","zone":"fr-par-1"}'
    headers:
      Content-Length:
      - "565"
      Content-Security-Policy:
      - default-src 'none'; frame-ancestors 'none'
      Content-Type:
      - application/json
      Date:
      - Tue, 13 Jun 2023 15:17:42 GMT
      Server:
      - Scaleway API-Gateway
      Strict-Transport-Security:
      - max-age=63072000
      X-Content-Type-Options:
      - nosniff
      X-Frame-Options:
      - DENY
      X-Request-Id:
      - 59d7327f-8f67-4ea0-9d60-3d18abb4c73e
    status: 200 OK
    code: 200
    duration: ""
- request:
    body: ""
    form: {}
    headers:
      User-Agent:
      - scaleway-sdk-go/v1.0.0-beta.7+dev (go1.20.4; linux; amd64) terraform-provider/develop
        terraform/terraform-tests
    url: https://api.scaleway.com/k8s/v1/regions/fr-par/pools/f1c0840c-1089-41f2-bf99-e87de15f2d09
    method: GET
  response:
    body: '{"autohealing":true,"autoscaling":false,"cluster_id":"7b172922-eecd-4ccd-9a7a-5eaddbf0bffb","container_runtime":"containerd","created_at":"2023-06-13T15:16:23.186837Z","id":"f1c0840c-1089-41f2-bf99-e87de15f2d09","kubelet_args":{},"max_size":2,"min_size":1,"name":"pool","node_type":"gp1_xs","placement_group_id":null,"region":"fr-par","root_volume_size":150000000000,"root_volume_type":"l_ssd","size":2,"status":"scaling","tags":[],"updated_at":"2023-06-13T15:16:23.203041Z","upgrade_policy":{"max_surge":0,"max_unavailable":1},"version":"1.27.1","zone":"fr-par-1"}'
    headers:
      Content-Length:
      - "565"
      Content-Security-Policy:
      - default-src 'none'; frame-ancestors 'none'
      Content-Type:
      - application/json
      Date:
      - Tue, 13 Jun 2023 15:17:47 GMT
      Server:
      - Scaleway API-Gateway
      Strict-Transport-Security:
      - max-age=63072000
      X-Content-Type-Options:
      - nosniff
      X-Frame-Options:
      - DENY
      X-Request-Id:
      - 9317cef0-3531-4d7a-8118-becba7f5c561
    status: 200 OK
    code: 200
    duration: ""
- request:
    body: ""
    form: {}
    headers:
      User-Agent:
      - scaleway-sdk-go/v1.0.0-beta.7+dev (go1.20.4; linux; amd64) terraform-provider/develop
        terraform/terraform-tests
    url: https://api.scaleway.com/k8s/v1/regions/fr-par/pools/f1c0840c-1089-41f2-bf99-e87de15f2d09
    method: GET
  response:
    body: '{"autohealing":true,"autoscaling":false,"cluster_id":"7b172922-eecd-4ccd-9a7a-5eaddbf0bffb","container_runtime":"containerd","created_at":"2023-06-13T15:16:23.186837Z","id":"f1c0840c-1089-41f2-bf99-e87de15f2d09","kubelet_args":{},"max_size":2,"min_size":1,"name":"pool","node_type":"gp1_xs","placement_group_id":null,"region":"fr-par","root_volume_size":150000000000,"root_volume_type":"l_ssd","size":2,"status":"scaling","tags":[],"updated_at":"2023-06-13T15:16:23.203041Z","upgrade_policy":{"max_surge":0,"max_unavailable":1},"version":"1.27.1","zone":"fr-par-1"}'
    headers:
      Content-Length:
      - "565"
      Content-Security-Policy:
      - default-src 'none'; frame-ancestors 'none'
      Content-Type:
      - application/json
      Date:
      - Tue, 13 Jun 2023 15:17:52 GMT
      Server:
      - Scaleway API-Gateway
      Strict-Transport-Security:
      - max-age=63072000
      X-Content-Type-Options:
      - nosniff
      X-Frame-Options:
      - DENY
      X-Request-Id:
      - 0fc243ec-7009-46a8-b3fb-77894b979955
    status: 200 OK
    code: 200
    duration: ""
- request:
    body: ""
    form: {}
    headers:
      User-Agent:
      - scaleway-sdk-go/v1.0.0-beta.7+dev (go1.20.4; linux; amd64) terraform-provider/develop
        terraform/terraform-tests
    url: https://api.scaleway.com/k8s/v1/regions/fr-par/pools/f1c0840c-1089-41f2-bf99-e87de15f2d09
    method: GET
  response:
    body: '{"autohealing":true,"autoscaling":false,"cluster_id":"7b172922-eecd-4ccd-9a7a-5eaddbf0bffb","container_runtime":"containerd","created_at":"2023-06-13T15:16:23.186837Z","id":"f1c0840c-1089-41f2-bf99-e87de15f2d09","kubelet_args":{},"max_size":2,"min_size":1,"name":"pool","node_type":"gp1_xs","placement_group_id":null,"region":"fr-par","root_volume_size":150000000000,"root_volume_type":"l_ssd","size":2,"status":"scaling","tags":[],"updated_at":"2023-06-13T15:16:23.203041Z","upgrade_policy":{"max_surge":0,"max_unavailable":1},"version":"1.27.1","zone":"fr-par-1"}'
    headers:
      Content-Length:
      - "565"
      Content-Security-Policy:
      - default-src 'none'; frame-ancestors 'none'
      Content-Type:
      - application/json
      Date:
      - Tue, 13 Jun 2023 15:17:57 GMT
      Server:
      - Scaleway API-Gateway
      Strict-Transport-Security:
      - max-age=63072000
      X-Content-Type-Options:
      - nosniff
      X-Frame-Options:
      - DENY
      X-Request-Id:
      - 8e2d724d-32a0-4130-ba39-e8ef47b3ea7a
    status: 200 OK
    code: 200
    duration: ""
- request:
    body: ""
    form: {}
    headers:
      User-Agent:
      - scaleway-sdk-go/v1.0.0-beta.7+dev (go1.20.4; linux; amd64) terraform-provider/develop
        terraform/terraform-tests
    url: https://api.scaleway.com/k8s/v1/regions/fr-par/pools/f1c0840c-1089-41f2-bf99-e87de15f2d09
    method: GET
  response:
    body: '{"autohealing":true,"autoscaling":false,"cluster_id":"7b172922-eecd-4ccd-9a7a-5eaddbf0bffb","container_runtime":"containerd","created_at":"2023-06-13T15:16:23.186837Z","id":"f1c0840c-1089-41f2-bf99-e87de15f2d09","kubelet_args":{},"max_size":2,"min_size":1,"name":"pool","node_type":"gp1_xs","placement_group_id":null,"region":"fr-par","root_volume_size":150000000000,"root_volume_type":"l_ssd","size":2,"status":"scaling","tags":[],"updated_at":"2023-06-13T15:16:23.203041Z","upgrade_policy":{"max_surge":0,"max_unavailable":1},"version":"1.27.1","zone":"fr-par-1"}'
    headers:
      Content-Length:
      - "565"
      Content-Security-Policy:
      - default-src 'none'; frame-ancestors 'none'
      Content-Type:
      - application/json
      Date:
      - Tue, 13 Jun 2023 15:18:03 GMT
      Server:
      - Scaleway API-Gateway
      Strict-Transport-Security:
      - max-age=63072000
      X-Content-Type-Options:
      - nosniff
      X-Frame-Options:
      - DENY
      X-Request-Id:
      - 1687f589-2ce4-4d6f-9e57-1be7c65d955b
    status: 200 OK
    code: 200
    duration: ""
- request:
    body: ""
    form: {}
    headers:
      User-Agent:
      - scaleway-sdk-go/v1.0.0-beta.7+dev (go1.20.4; linux; amd64) terraform-provider/develop
        terraform/terraform-tests
    url: https://api.scaleway.com/k8s/v1/regions/fr-par/pools/f1c0840c-1089-41f2-bf99-e87de15f2d09
    method: GET
  response:
    body: '{"autohealing":true,"autoscaling":false,"cluster_id":"7b172922-eecd-4ccd-9a7a-5eaddbf0bffb","container_runtime":"containerd","created_at":"2023-06-13T15:16:23.186837Z","id":"f1c0840c-1089-41f2-bf99-e87de15f2d09","kubelet_args":{},"max_size":2,"min_size":1,"name":"pool","node_type":"gp1_xs","placement_group_id":null,"region":"fr-par","root_volume_size":150000000000,"root_volume_type":"l_ssd","size":2,"status":"scaling","tags":[],"updated_at":"2023-06-13T15:16:23.203041Z","upgrade_policy":{"max_surge":0,"max_unavailable":1},"version":"1.27.1","zone":"fr-par-1"}'
    headers:
      Content-Length:
      - "565"
      Content-Security-Policy:
      - default-src 'none'; frame-ancestors 'none'
      Content-Type:
      - application/json
      Date:
      - Tue, 13 Jun 2023 15:18:08 GMT
      Server:
      - Scaleway API-Gateway
      Strict-Transport-Security:
      - max-age=63072000
      X-Content-Type-Options:
      - nosniff
      X-Frame-Options:
      - DENY
      X-Request-Id:
      - b3b23254-34be-44a6-a559-66f91cfe902c
    status: 200 OK
    code: 200
    duration: ""
- request:
    body: ""
    form: {}
    headers:
      User-Agent:
      - scaleway-sdk-go/v1.0.0-beta.7+dev (go1.20.4; linux; amd64) terraform-provider/develop
        terraform/terraform-tests
    url: https://api.scaleway.com/k8s/v1/regions/fr-par/pools/f1c0840c-1089-41f2-bf99-e87de15f2d09
    method: GET
  response:
    body: '{"autohealing":true,"autoscaling":false,"cluster_id":"7b172922-eecd-4ccd-9a7a-5eaddbf0bffb","container_runtime":"containerd","created_at":"2023-06-13T15:16:23.186837Z","id":"f1c0840c-1089-41f2-bf99-e87de15f2d09","kubelet_args":{},"max_size":2,"min_size":1,"name":"pool","node_type":"gp1_xs","placement_group_id":null,"region":"fr-par","root_volume_size":150000000000,"root_volume_type":"l_ssd","size":2,"status":"scaling","tags":[],"updated_at":"2023-06-13T15:16:23.203041Z","upgrade_policy":{"max_surge":0,"max_unavailable":1},"version":"1.27.1","zone":"fr-par-1"}'
    headers:
      Content-Length:
      - "565"
      Content-Security-Policy:
      - default-src 'none'; frame-ancestors 'none'
      Content-Type:
      - application/json
      Date:
      - Tue, 13 Jun 2023 15:18:14 GMT
      Server:
      - Scaleway API-Gateway
      Strict-Transport-Security:
      - max-age=63072000
      X-Content-Type-Options:
      - nosniff
      X-Frame-Options:
      - DENY
      X-Request-Id:
      - a851a6f0-d61f-436c-8080-9cd11eb9bfb7
    status: 200 OK
    code: 200
    duration: ""
- request:
    body: ""
    form: {}
    headers:
      User-Agent:
      - scaleway-sdk-go/v1.0.0-beta.7+dev (go1.20.4; linux; amd64) terraform-provider/develop
        terraform/terraform-tests
    url: https://api.scaleway.com/k8s/v1/regions/fr-par/pools/f1c0840c-1089-41f2-bf99-e87de15f2d09
    method: GET
  response:
    body: '{"autohealing":true,"autoscaling":false,"cluster_id":"7b172922-eecd-4ccd-9a7a-5eaddbf0bffb","container_runtime":"containerd","created_at":"2023-06-13T15:16:23.186837Z","id":"f1c0840c-1089-41f2-bf99-e87de15f2d09","kubelet_args":{},"max_size":2,"min_size":1,"name":"pool","node_type":"gp1_xs","placement_group_id":null,"region":"fr-par","root_volume_size":150000000000,"root_volume_type":"l_ssd","size":2,"status":"scaling","tags":[],"updated_at":"2023-06-13T15:16:23.203041Z","upgrade_policy":{"max_surge":0,"max_unavailable":1},"version":"1.27.1","zone":"fr-par-1"}'
    headers:
      Content-Length:
      - "565"
      Content-Security-Policy:
      - default-src 'none'; frame-ancestors 'none'
      Content-Type:
      - application/json
      Date:
      - Tue, 13 Jun 2023 15:18:19 GMT
      Server:
      - Scaleway API-Gateway
      Strict-Transport-Security:
      - max-age=63072000
      X-Content-Type-Options:
      - nosniff
      X-Frame-Options:
      - DENY
      X-Request-Id:
      - e72083ee-3cc1-4630-882f-f2be17385afd
    status: 200 OK
    code: 200
    duration: ""
- request:
    body: ""
    form: {}
    headers:
      User-Agent:
      - scaleway-sdk-go/v1.0.0-beta.7+dev (go1.20.4; linux; amd64) terraform-provider/develop
        terraform/terraform-tests
    url: https://api.scaleway.com/k8s/v1/regions/fr-par/pools/f1c0840c-1089-41f2-bf99-e87de15f2d09
    method: GET
  response:
    body: '{"autohealing":true,"autoscaling":false,"cluster_id":"7b172922-eecd-4ccd-9a7a-5eaddbf0bffb","container_runtime":"containerd","created_at":"2023-06-13T15:16:23.186837Z","id":"f1c0840c-1089-41f2-bf99-e87de15f2d09","kubelet_args":{},"max_size":2,"min_size":1,"name":"pool","node_type":"gp1_xs","placement_group_id":null,"region":"fr-par","root_volume_size":150000000000,"root_volume_type":"l_ssd","size":2,"status":"scaling","tags":[],"updated_at":"2023-06-13T15:16:23.203041Z","upgrade_policy":{"max_surge":0,"max_unavailable":1},"version":"1.27.1","zone":"fr-par-1"}'
    headers:
      Content-Length:
      - "565"
      Content-Security-Policy:
      - default-src 'none'; frame-ancestors 'none'
      Content-Type:
      - application/json
      Date:
      - Tue, 13 Jun 2023 15:18:24 GMT
      Server:
      - Scaleway API-Gateway
      Strict-Transport-Security:
      - max-age=63072000
      X-Content-Type-Options:
      - nosniff
      X-Frame-Options:
      - DENY
      X-Request-Id:
      - 54b219d8-5f1b-4440-acb5-6165e2ea3ddf
    status: 200 OK
    code: 200
    duration: ""
- request:
    body: ""
    form: {}
    headers:
      User-Agent:
      - scaleway-sdk-go/v1.0.0-beta.7+dev (go1.20.4; linux; amd64) terraform-provider/develop
        terraform/terraform-tests
    url: https://api.scaleway.com/k8s/v1/regions/fr-par/pools/f1c0840c-1089-41f2-bf99-e87de15f2d09
    method: GET
  response:
    body: '{"autohealing":true,"autoscaling":false,"cluster_id":"7b172922-eecd-4ccd-9a7a-5eaddbf0bffb","container_runtime":"containerd","created_at":"2023-06-13T15:16:23.186837Z","id":"f1c0840c-1089-41f2-bf99-e87de15f2d09","kubelet_args":{},"max_size":2,"min_size":1,"name":"pool","node_type":"gp1_xs","placement_group_id":null,"region":"fr-par","root_volume_size":150000000000,"root_volume_type":"l_ssd","size":2,"status":"scaling","tags":[],"updated_at":"2023-06-13T15:16:23.203041Z","upgrade_policy":{"max_surge":0,"max_unavailable":1},"version":"1.27.1","zone":"fr-par-1"}'
    headers:
      Content-Length:
      - "565"
      Content-Security-Policy:
      - default-src 'none'; frame-ancestors 'none'
      Content-Type:
      - application/json
      Date:
      - Tue, 13 Jun 2023 15:18:29 GMT
      Server:
      - Scaleway API-Gateway
      Strict-Transport-Security:
      - max-age=63072000
      X-Content-Type-Options:
      - nosniff
      X-Frame-Options:
      - DENY
      X-Request-Id:
      - e9a84ee8-eb89-42d8-a745-77eec7e71d7c
    status: 200 OK
    code: 200
    duration: ""
- request:
    body: ""
    form: {}
    headers:
      User-Agent:
      - scaleway-sdk-go/v1.0.0-beta.7+dev (go1.20.4; linux; amd64) terraform-provider/develop
        terraform/terraform-tests
    url: https://api.scaleway.com/k8s/v1/regions/fr-par/pools/f1c0840c-1089-41f2-bf99-e87de15f2d09
    method: GET
  response:
    body: '{"autohealing":true,"autoscaling":false,"cluster_id":"7b172922-eecd-4ccd-9a7a-5eaddbf0bffb","container_runtime":"containerd","created_at":"2023-06-13T15:16:23.186837Z","id":"f1c0840c-1089-41f2-bf99-e87de15f2d09","kubelet_args":{},"max_size":2,"min_size":1,"name":"pool","node_type":"gp1_xs","placement_group_id":null,"region":"fr-par","root_volume_size":150000000000,"root_volume_type":"l_ssd","size":2,"status":"scaling","tags":[],"updated_at":"2023-06-13T15:16:23.203041Z","upgrade_policy":{"max_surge":0,"max_unavailable":1},"version":"1.27.1","zone":"fr-par-1"}'
    headers:
      Content-Length:
      - "565"
      Content-Security-Policy:
      - default-src 'none'; frame-ancestors 'none'
      Content-Type:
      - application/json
      Date:
      - Tue, 13 Jun 2023 15:18:35 GMT
      Server:
      - Scaleway API-Gateway
      Strict-Transport-Security:
      - max-age=63072000
      X-Content-Type-Options:
      - nosniff
      X-Frame-Options:
      - DENY
      X-Request-Id:
      - 07c68bf3-8b94-4738-b48d-d2bfd4dd8907
    status: 200 OK
    code: 200
    duration: ""
- request:
    body: ""
    form: {}
    headers:
      User-Agent:
      - scaleway-sdk-go/v1.0.0-beta.7+dev (go1.20.4; linux; amd64) terraform-provider/develop
        terraform/terraform-tests
    url: https://api.scaleway.com/k8s/v1/regions/fr-par/pools/f1c0840c-1089-41f2-bf99-e87de15f2d09
    method: GET
  response:
    body: '{"autohealing":true,"autoscaling":false,"cluster_id":"7b172922-eecd-4ccd-9a7a-5eaddbf0bffb","container_runtime":"containerd","created_at":"2023-06-13T15:16:23.186837Z","id":"f1c0840c-1089-41f2-bf99-e87de15f2d09","kubelet_args":{},"max_size":2,"min_size":1,"name":"pool","node_type":"gp1_xs","placement_group_id":null,"region":"fr-par","root_volume_size":150000000000,"root_volume_type":"l_ssd","size":2,"status":"scaling","tags":[],"updated_at":"2023-06-13T15:16:23.203041Z","upgrade_policy":{"max_surge":0,"max_unavailable":1},"version":"1.27.1","zone":"fr-par-1"}'
    headers:
      Content-Length:
      - "565"
      Content-Security-Policy:
      - default-src 'none'; frame-ancestors 'none'
      Content-Type:
      - application/json
      Date:
      - Tue, 13 Jun 2023 15:18:40 GMT
      Server:
      - Scaleway API-Gateway
      Strict-Transport-Security:
      - max-age=63072000
      X-Content-Type-Options:
      - nosniff
      X-Frame-Options:
      - DENY
      X-Request-Id:
      - 2105bc5c-c99e-4332-8f22-cfa313f2b7c1
    status: 200 OK
    code: 200
    duration: ""
- request:
    body: ""
    form: {}
    headers:
      User-Agent:
      - scaleway-sdk-go/v1.0.0-beta.7+dev (go1.20.4; linux; amd64) terraform-provider/develop
        terraform/terraform-tests
    url: https://api.scaleway.com/k8s/v1/regions/fr-par/pools/f1c0840c-1089-41f2-bf99-e87de15f2d09
    method: GET
  response:
    body: '{"autohealing":true,"autoscaling":false,"cluster_id":"7b172922-eecd-4ccd-9a7a-5eaddbf0bffb","container_runtime":"containerd","created_at":"2023-06-13T15:16:23.186837Z","id":"f1c0840c-1089-41f2-bf99-e87de15f2d09","kubelet_args":{},"max_size":2,"min_size":1,"name":"pool","node_type":"gp1_xs","placement_group_id":null,"region":"fr-par","root_volume_size":150000000000,"root_volume_type":"l_ssd","size":2,"status":"scaling","tags":[],"updated_at":"2023-06-13T15:16:23.203041Z","upgrade_policy":{"max_surge":0,"max_unavailable":1},"version":"1.27.1","zone":"fr-par-1"}'
    headers:
      Content-Length:
      - "565"
      Content-Security-Policy:
      - default-src 'none'; frame-ancestors 'none'
      Content-Type:
      - application/json
      Date:
      - Tue, 13 Jun 2023 15:18:46 GMT
      Server:
      - Scaleway API-Gateway
      Strict-Transport-Security:
      - max-age=63072000
      X-Content-Type-Options:
      - nosniff
      X-Frame-Options:
      - DENY
      X-Request-Id:
      - a0060d81-34d2-4ee1-9ef5-39375aa7fb74
    status: 200 OK
    code: 200
    duration: ""
- request:
    body: ""
    form: {}
    headers:
      User-Agent:
      - scaleway-sdk-go/v1.0.0-beta.7+dev (go1.20.4; linux; amd64) terraform-provider/develop
        terraform/terraform-tests
    url: https://api.scaleway.com/k8s/v1/regions/fr-par/pools/f1c0840c-1089-41f2-bf99-e87de15f2d09
    method: GET
  response:
    body: '{"autohealing":true,"autoscaling":false,"cluster_id":"7b172922-eecd-4ccd-9a7a-5eaddbf0bffb","container_runtime":"containerd","created_at":"2023-06-13T15:16:23.186837Z","id":"f1c0840c-1089-41f2-bf99-e87de15f2d09","kubelet_args":{},"max_size":2,"min_size":1,"name":"pool","node_type":"gp1_xs","placement_group_id":null,"region":"fr-par","root_volume_size":150000000000,"root_volume_type":"l_ssd","size":2,"status":"scaling","tags":[],"updated_at":"2023-06-13T15:16:23.203041Z","upgrade_policy":{"max_surge":0,"max_unavailable":1},"version":"1.27.1","zone":"fr-par-1"}'
    headers:
      Content-Length:
      - "565"
      Content-Security-Policy:
      - default-src 'none'; frame-ancestors 'none'
      Content-Type:
      - application/json
      Date:
      - Tue, 13 Jun 2023 15:18:51 GMT
      Server:
      - Scaleway API-Gateway
      Strict-Transport-Security:
      - max-age=63072000
      X-Content-Type-Options:
      - nosniff
      X-Frame-Options:
      - DENY
      X-Request-Id:
      - 22daeaef-fdb8-4982-9464-c9a07bc25d81
    status: 200 OK
    code: 200
    duration: ""
- request:
    body: ""
    form: {}
    headers:
      User-Agent:
      - scaleway-sdk-go/v1.0.0-beta.7+dev (go1.20.4; linux; amd64) terraform-provider/develop
        terraform/terraform-tests
    url: https://api.scaleway.com/k8s/v1/regions/fr-par/pools/f1c0840c-1089-41f2-bf99-e87de15f2d09
    method: GET
  response:
    body: '{"autohealing":true,"autoscaling":false,"cluster_id":"7b172922-eecd-4ccd-9a7a-5eaddbf0bffb","container_runtime":"containerd","created_at":"2023-06-13T15:16:23.186837Z","id":"f1c0840c-1089-41f2-bf99-e87de15f2d09","kubelet_args":{},"max_size":2,"min_size":1,"name":"pool","node_type":"gp1_xs","placement_group_id":null,"region":"fr-par","root_volume_size":150000000000,"root_volume_type":"l_ssd","size":2,"status":"scaling","tags":[],"updated_at":"2023-06-13T15:16:23.203041Z","upgrade_policy":{"max_surge":0,"max_unavailable":1},"version":"1.27.1","zone":"fr-par-1"}'
    headers:
      Content-Length:
      - "565"
      Content-Security-Policy:
      - default-src 'none'; frame-ancestors 'none'
      Content-Type:
      - application/json
      Date:
      - Tue, 13 Jun 2023 15:18:56 GMT
      Server:
      - Scaleway API-Gateway
      Strict-Transport-Security:
      - max-age=63072000
      X-Content-Type-Options:
      - nosniff
      X-Frame-Options:
      - DENY
      X-Request-Id:
      - ae5a1082-2b0c-4de1-b8f9-3a810d34342d
    status: 200 OK
    code: 200
    duration: ""
- request:
    body: ""
    form: {}
    headers:
      User-Agent:
      - scaleway-sdk-go/v1.0.0-beta.7+dev (go1.20.4; linux; amd64) terraform-provider/develop
        terraform/terraform-tests
    url: https://api.scaleway.com/k8s/v1/regions/fr-par/pools/f1c0840c-1089-41f2-bf99-e87de15f2d09
    method: GET
  response:
    body: '{"autohealing":true,"autoscaling":false,"cluster_id":"7b172922-eecd-4ccd-9a7a-5eaddbf0bffb","container_runtime":"containerd","created_at":"2023-06-13T15:16:23.186837Z","id":"f1c0840c-1089-41f2-bf99-e87de15f2d09","kubelet_args":{},"max_size":2,"min_size":1,"name":"pool","node_type":"gp1_xs","placement_group_id":null,"region":"fr-par","root_volume_size":150000000000,"root_volume_type":"l_ssd","size":2,"status":"scaling","tags":[],"updated_at":"2023-06-13T15:16:23.203041Z","upgrade_policy":{"max_surge":0,"max_unavailable":1},"version":"1.27.1","zone":"fr-par-1"}'
    headers:
      Content-Length:
      - "565"
      Content-Security-Policy:
      - default-src 'none'; frame-ancestors 'none'
      Content-Type:
      - application/json
      Date:
      - Tue, 13 Jun 2023 15:19:01 GMT
      Server:
      - Scaleway API-Gateway
      Strict-Transport-Security:
      - max-age=63072000
      X-Content-Type-Options:
      - nosniff
      X-Frame-Options:
      - DENY
      X-Request-Id:
      - 72017639-2775-48db-a653-a6b78060ddb5
    status: 200 OK
    code: 200
    duration: ""
- request:
    body: ""
    form: {}
    headers:
      User-Agent:
      - scaleway-sdk-go/v1.0.0-beta.7+dev (go1.20.4; linux; amd64) terraform-provider/develop
        terraform/terraform-tests
    url: https://api.scaleway.com/k8s/v1/regions/fr-par/pools/f1c0840c-1089-41f2-bf99-e87de15f2d09
    method: GET
  response:
    body: '{"autohealing":true,"autoscaling":false,"cluster_id":"7b172922-eecd-4ccd-9a7a-5eaddbf0bffb","container_runtime":"containerd","created_at":"2023-06-13T15:16:23.186837Z","id":"f1c0840c-1089-41f2-bf99-e87de15f2d09","kubelet_args":{},"max_size":2,"min_size":1,"name":"pool","node_type":"gp1_xs","placement_group_id":null,"region":"fr-par","root_volume_size":150000000000,"root_volume_type":"l_ssd","size":2,"status":"scaling","tags":[],"updated_at":"2023-06-13T15:16:23.203041Z","upgrade_policy":{"max_surge":0,"max_unavailable":1},"version":"1.27.1","zone":"fr-par-1"}'
    headers:
      Content-Length:
      - "565"
      Content-Security-Policy:
      - default-src 'none'; frame-ancestors 'none'
      Content-Type:
      - application/json
      Date:
      - Tue, 13 Jun 2023 15:19:06 GMT
      Server:
      - Scaleway API-Gateway
      Strict-Transport-Security:
      - max-age=63072000
      X-Content-Type-Options:
      - nosniff
      X-Frame-Options:
      - DENY
      X-Request-Id:
      - d752bda0-54ee-4551-8a92-374ed242c721
    status: 200 OK
    code: 200
    duration: ""
- request:
    body: ""
    form: {}
    headers:
      User-Agent:
      - scaleway-sdk-go/v1.0.0-beta.7+dev (go1.20.4; linux; amd64) terraform-provider/develop
        terraform/terraform-tests
    url: https://api.scaleway.com/k8s/v1/regions/fr-par/pools/f1c0840c-1089-41f2-bf99-e87de15f2d09
    method: GET
  response:
    body: '{"autohealing":true,"autoscaling":false,"cluster_id":"7b172922-eecd-4ccd-9a7a-5eaddbf0bffb","container_runtime":"containerd","created_at":"2023-06-13T15:16:23.186837Z","id":"f1c0840c-1089-41f2-bf99-e87de15f2d09","kubelet_args":{},"max_size":2,"min_size":1,"name":"pool","node_type":"gp1_xs","placement_group_id":null,"region":"fr-par","root_volume_size":150000000000,"root_volume_type":"l_ssd","size":2,"status":"scaling","tags":[],"updated_at":"2023-06-13T15:16:23.203041Z","upgrade_policy":{"max_surge":0,"max_unavailable":1},"version":"1.27.1","zone":"fr-par-1"}'
    headers:
      Content-Length:
      - "565"
      Content-Security-Policy:
      - default-src 'none'; frame-ancestors 'none'
      Content-Type:
      - application/json
      Date:
      - Tue, 13 Jun 2023 15:19:12 GMT
      Server:
      - Scaleway API-Gateway
      Strict-Transport-Security:
      - max-age=63072000
      X-Content-Type-Options:
      - nosniff
      X-Frame-Options:
      - DENY
      X-Request-Id:
      - 9ac498ee-4086-4ba9-8065-c33b4668997c
    status: 200 OK
    code: 200
    duration: ""
- request:
    body: ""
    form: {}
    headers:
      User-Agent:
      - scaleway-sdk-go/v1.0.0-beta.7+dev (go1.20.4; linux; amd64) terraform-provider/develop
        terraform/terraform-tests
    url: https://api.scaleway.com/k8s/v1/regions/fr-par/pools/f1c0840c-1089-41f2-bf99-e87de15f2d09
    method: GET
  response:
    body: '{"autohealing":true,"autoscaling":false,"cluster_id":"7b172922-eecd-4ccd-9a7a-5eaddbf0bffb","container_runtime":"containerd","created_at":"2023-06-13T15:16:23.186837Z","id":"f1c0840c-1089-41f2-bf99-e87de15f2d09","kubelet_args":{},"max_size":2,"min_size":1,"name":"pool","node_type":"gp1_xs","placement_group_id":null,"region":"fr-par","root_volume_size":150000000000,"root_volume_type":"l_ssd","size":2,"status":"scaling","tags":[],"updated_at":"2023-06-13T15:16:23.203041Z","upgrade_policy":{"max_surge":0,"max_unavailable":1},"version":"1.27.1","zone":"fr-par-1"}'
    headers:
      Content-Length:
      - "565"
      Content-Security-Policy:
      - default-src 'none'; frame-ancestors 'none'
      Content-Type:
      - application/json
      Date:
      - Tue, 13 Jun 2023 15:19:17 GMT
      Server:
      - Scaleway API-Gateway
      Strict-Transport-Security:
      - max-age=63072000
      X-Content-Type-Options:
      - nosniff
      X-Frame-Options:
      - DENY
      X-Request-Id:
      - 4ade3a10-4439-477f-9560-a91a61ae308b
    status: 200 OK
    code: 200
    duration: ""
- request:
    body: ""
    form: {}
    headers:
      User-Agent:
      - scaleway-sdk-go/v1.0.0-beta.7+dev (go1.20.4; linux; amd64) terraform-provider/develop
        terraform/terraform-tests
    url: https://api.scaleway.com/k8s/v1/regions/fr-par/pools/f1c0840c-1089-41f2-bf99-e87de15f2d09
    method: GET
  response:
    body: '{"autohealing":true,"autoscaling":false,"cluster_id":"7b172922-eecd-4ccd-9a7a-5eaddbf0bffb","container_runtime":"containerd","created_at":"2023-06-13T15:16:23.186837Z","id":"f1c0840c-1089-41f2-bf99-e87de15f2d09","kubelet_args":{},"max_size":2,"min_size":1,"name":"pool","node_type":"gp1_xs","placement_group_id":null,"region":"fr-par","root_volume_size":150000000000,"root_volume_type":"l_ssd","size":2,"status":"scaling","tags":[],"updated_at":"2023-06-13T15:16:23.203041Z","upgrade_policy":{"max_surge":0,"max_unavailable":1},"version":"1.27.1","zone":"fr-par-1"}'
    headers:
      Content-Length:
      - "565"
      Content-Security-Policy:
      - default-src 'none'; frame-ancestors 'none'
      Content-Type:
      - application/json
      Date:
      - Tue, 13 Jun 2023 15:19:22 GMT
      Server:
      - Scaleway API-Gateway
      Strict-Transport-Security:
      - max-age=63072000
      X-Content-Type-Options:
      - nosniff
      X-Frame-Options:
      - DENY
      X-Request-Id:
      - 5aae9ad3-7bf9-4de4-9bd6-c19b43196e23
    status: 200 OK
    code: 200
    duration: ""
- request:
    body: ""
    form: {}
    headers:
      User-Agent:
      - scaleway-sdk-go/v1.0.0-beta.7+dev (go1.20.4; linux; amd64) terraform-provider/develop
        terraform/terraform-tests
    url: https://api.scaleway.com/k8s/v1/regions/fr-par/pools/f1c0840c-1089-41f2-bf99-e87de15f2d09
    method: GET
  response:
    body: '{"autohealing":true,"autoscaling":false,"cluster_id":"7b172922-eecd-4ccd-9a7a-5eaddbf0bffb","container_runtime":"containerd","created_at":"2023-06-13T15:16:23.186837Z","id":"f1c0840c-1089-41f2-bf99-e87de15f2d09","kubelet_args":{},"max_size":2,"min_size":1,"name":"pool","node_type":"gp1_xs","placement_group_id":null,"region":"fr-par","root_volume_size":150000000000,"root_volume_type":"l_ssd","size":2,"status":"scaling","tags":[],"updated_at":"2023-06-13T15:16:23.203041Z","upgrade_policy":{"max_surge":0,"max_unavailable":1},"version":"1.27.1","zone":"fr-par-1"}'
    headers:
      Content-Length:
      - "565"
      Content-Security-Policy:
      - default-src 'none'; frame-ancestors 'none'
      Content-Type:
      - application/json
      Date:
      - Tue, 13 Jun 2023 15:19:27 GMT
      Server:
      - Scaleway API-Gateway
      Strict-Transport-Security:
      - max-age=63072000
      X-Content-Type-Options:
      - nosniff
      X-Frame-Options:
      - DENY
      X-Request-Id:
      - 0b9c78a4-9daa-41c7-bbe5-7ccfb05775b0
    status: 200 OK
    code: 200
    duration: ""
- request:
    body: ""
    form: {}
    headers:
      User-Agent:
      - scaleway-sdk-go/v1.0.0-beta.7+dev (go1.20.4; linux; amd64) terraform-provider/develop
        terraform/terraform-tests
    url: https://api.scaleway.com/k8s/v1/regions/fr-par/pools/f1c0840c-1089-41f2-bf99-e87de15f2d09
    method: GET
  response:
    body: '{"autohealing":true,"autoscaling":false,"cluster_id":"7b172922-eecd-4ccd-9a7a-5eaddbf0bffb","container_runtime":"containerd","created_at":"2023-06-13T15:16:23.186837Z","id":"f1c0840c-1089-41f2-bf99-e87de15f2d09","kubelet_args":{},"max_size":2,"min_size":1,"name":"pool","node_type":"gp1_xs","placement_group_id":null,"region":"fr-par","root_volume_size":150000000000,"root_volume_type":"l_ssd","size":2,"status":"scaling","tags":[],"updated_at":"2023-06-13T15:16:23.203041Z","upgrade_policy":{"max_surge":0,"max_unavailable":1},"version":"1.27.1","zone":"fr-par-1"}'
    headers:
      Content-Length:
      - "565"
      Content-Security-Policy:
      - default-src 'none'; frame-ancestors 'none'
      Content-Type:
      - application/json
      Date:
      - Tue, 13 Jun 2023 15:19:32 GMT
      Server:
      - Scaleway API-Gateway
      Strict-Transport-Security:
      - max-age=63072000
      X-Content-Type-Options:
      - nosniff
      X-Frame-Options:
      - DENY
      X-Request-Id:
      - 3e4c6e38-0b28-4fab-b9c7-c2ebfec581ae
    status: 200 OK
    code: 200
    duration: ""
- request:
    body: ""
    form: {}
    headers:
      User-Agent:
      - scaleway-sdk-go/v1.0.0-beta.7+dev (go1.20.4; linux; amd64) terraform-provider/develop
        terraform/terraform-tests
    url: https://api.scaleway.com/k8s/v1/regions/fr-par/pools/f1c0840c-1089-41f2-bf99-e87de15f2d09
    method: GET
  response:
    body: '{"autohealing":true,"autoscaling":false,"cluster_id":"7b172922-eecd-4ccd-9a7a-5eaddbf0bffb","container_runtime":"containerd","created_at":"2023-06-13T15:16:23.186837Z","id":"f1c0840c-1089-41f2-bf99-e87de15f2d09","kubelet_args":{},"max_size":2,"min_size":1,"name":"pool","node_type":"gp1_xs","placement_group_id":null,"region":"fr-par","root_volume_size":150000000000,"root_volume_type":"l_ssd","size":2,"status":"scaling","tags":[],"updated_at":"2023-06-13T15:16:23.203041Z","upgrade_policy":{"max_surge":0,"max_unavailable":1},"version":"1.27.1","zone":"fr-par-1"}'
    headers:
      Content-Length:
      - "565"
      Content-Security-Policy:
      - default-src 'none'; frame-ancestors 'none'
      Content-Type:
      - application/json
      Date:
      - Tue, 13 Jun 2023 15:19:37 GMT
      Server:
      - Scaleway API-Gateway
      Strict-Transport-Security:
      - max-age=63072000
      X-Content-Type-Options:
      - nosniff
      X-Frame-Options:
      - DENY
      X-Request-Id:
      - b56f7f4a-3278-4e1f-a280-8dbfe50c6f9e
    status: 200 OK
    code: 200
    duration: ""
- request:
    body: ""
    form: {}
    headers:
      User-Agent:
      - scaleway-sdk-go/v1.0.0-beta.7+dev (go1.20.4; linux; amd64) terraform-provider/develop
        terraform/terraform-tests
    url: https://api.scaleway.com/k8s/v1/regions/fr-par/pools/f1c0840c-1089-41f2-bf99-e87de15f2d09
    method: GET
  response:
    body: '{"autohealing":true,"autoscaling":false,"cluster_id":"7b172922-eecd-4ccd-9a7a-5eaddbf0bffb","container_runtime":"containerd","created_at":"2023-06-13T15:16:23.186837Z","id":"f1c0840c-1089-41f2-bf99-e87de15f2d09","kubelet_args":{},"max_size":2,"min_size":1,"name":"pool","node_type":"gp1_xs","placement_group_id":null,"region":"fr-par","root_volume_size":150000000000,"root_volume_type":"l_ssd","size":2,"status":"scaling","tags":[],"updated_at":"2023-06-13T15:16:23.203041Z","upgrade_policy":{"max_surge":0,"max_unavailable":1},"version":"1.27.1","zone":"fr-par-1"}'
    headers:
      Content-Length:
      - "565"
      Content-Security-Policy:
      - default-src 'none'; frame-ancestors 'none'
      Content-Type:
      - application/json
      Date:
      - Tue, 13 Jun 2023 15:19:42 GMT
      Server:
      - Scaleway API-Gateway
      Strict-Transport-Security:
      - max-age=63072000
      X-Content-Type-Options:
      - nosniff
      X-Frame-Options:
      - DENY
      X-Request-Id:
      - 1b1478d1-4193-43d8-833c-01224504201e
    status: 200 OK
    code: 200
    duration: ""
- request:
    body: ""
    form: {}
    headers:
      User-Agent:
      - scaleway-sdk-go/v1.0.0-beta.7+dev (go1.20.4; linux; amd64) terraform-provider/develop
        terraform/terraform-tests
    url: https://api.scaleway.com/k8s/v1/regions/fr-par/pools/f1c0840c-1089-41f2-bf99-e87de15f2d09
    method: GET
  response:
    body: '{"autohealing":true,"autoscaling":false,"cluster_id":"7b172922-eecd-4ccd-9a7a-5eaddbf0bffb","container_runtime":"containerd","created_at":"2023-06-13T15:16:23.186837Z","id":"f1c0840c-1089-41f2-bf99-e87de15f2d09","kubelet_args":{},"max_size":2,"min_size":1,"name":"pool","node_type":"gp1_xs","placement_group_id":null,"region":"fr-par","root_volume_size":150000000000,"root_volume_type":"l_ssd","size":2,"status":"scaling","tags":[],"updated_at":"2023-06-13T15:16:23.203041Z","upgrade_policy":{"max_surge":0,"max_unavailable":1},"version":"1.27.1","zone":"fr-par-1"}'
    headers:
      Content-Length:
      - "565"
      Content-Security-Policy:
      - default-src 'none'; frame-ancestors 'none'
      Content-Type:
      - application/json
      Date:
      - Tue, 13 Jun 2023 15:19:47 GMT
      Server:
      - Scaleway API-Gateway
      Strict-Transport-Security:
      - max-age=63072000
      X-Content-Type-Options:
      - nosniff
      X-Frame-Options:
      - DENY
      X-Request-Id:
      - 8355bdd1-b123-44a6-9718-ffac690ac685
    status: 200 OK
    code: 200
    duration: ""
- request:
    body: ""
    form: {}
    headers:
      User-Agent:
      - scaleway-sdk-go/v1.0.0-beta.7+dev (go1.20.4; linux; amd64) terraform-provider/develop
        terraform/terraform-tests
    url: https://api.scaleway.com/k8s/v1/regions/fr-par/pools/f1c0840c-1089-41f2-bf99-e87de15f2d09
    method: GET
  response:
    body: '{"autohealing":true,"autoscaling":false,"cluster_id":"7b172922-eecd-4ccd-9a7a-5eaddbf0bffb","container_runtime":"containerd","created_at":"2023-06-13T15:16:23.186837Z","id":"f1c0840c-1089-41f2-bf99-e87de15f2d09","kubelet_args":{},"max_size":2,"min_size":1,"name":"pool","node_type":"gp1_xs","placement_group_id":null,"region":"fr-par","root_volume_size":150000000000,"root_volume_type":"l_ssd","size":2,"status":"scaling","tags":[],"updated_at":"2023-06-13T15:16:23.203041Z","upgrade_policy":{"max_surge":0,"max_unavailable":1},"version":"1.27.1","zone":"fr-par-1"}'
    headers:
      Content-Length:
      - "565"
      Content-Security-Policy:
      - default-src 'none'; frame-ancestors 'none'
      Content-Type:
      - application/json
      Date:
      - Tue, 13 Jun 2023 15:19:53 GMT
      Server:
      - Scaleway API-Gateway
      Strict-Transport-Security:
      - max-age=63072000
      X-Content-Type-Options:
      - nosniff
      X-Frame-Options:
      - DENY
      X-Request-Id:
      - 5ea84a7a-3f05-4388-9a5b-b728b5aa71a5
    status: 200 OK
    code: 200
    duration: ""
- request:
    body: ""
    form: {}
    headers:
      User-Agent:
      - scaleway-sdk-go/v1.0.0-beta.7+dev (go1.20.4; linux; amd64) terraform-provider/develop
        terraform/terraform-tests
    url: https://api.scaleway.com/k8s/v1/regions/fr-par/pools/f1c0840c-1089-41f2-bf99-e87de15f2d09
    method: GET
  response:
    body: '{"autohealing":true,"autoscaling":false,"cluster_id":"7b172922-eecd-4ccd-9a7a-5eaddbf0bffb","container_runtime":"containerd","created_at":"2023-06-13T15:16:23.186837Z","id":"f1c0840c-1089-41f2-bf99-e87de15f2d09","kubelet_args":{},"max_size":2,"min_size":1,"name":"pool","node_type":"gp1_xs","placement_group_id":null,"region":"fr-par","root_volume_size":150000000000,"root_volume_type":"l_ssd","size":2,"status":"scaling","tags":[],"updated_at":"2023-06-13T15:16:23.203041Z","upgrade_policy":{"max_surge":0,"max_unavailable":1},"version":"1.27.1","zone":"fr-par-1"}'
    headers:
      Content-Length:
      - "565"
      Content-Security-Policy:
      - default-src 'none'; frame-ancestors 'none'
      Content-Type:
      - application/json
      Date:
      - Tue, 13 Jun 2023 15:19:58 GMT
      Server:
      - Scaleway API-Gateway
      Strict-Transport-Security:
      - max-age=63072000
      X-Content-Type-Options:
      - nosniff
      X-Frame-Options:
      - DENY
      X-Request-Id:
      - c96f4ff7-cd86-4331-9776-aa2537291aac
    status: 200 OK
    code: 200
    duration: ""
- request:
    body: ""
    form: {}
    headers:
      User-Agent:
      - scaleway-sdk-go/v1.0.0-beta.7+dev (go1.20.4; linux; amd64) terraform-provider/develop
        terraform/terraform-tests
    url: https://api.scaleway.com/k8s/v1/regions/fr-par/pools/f1c0840c-1089-41f2-bf99-e87de15f2d09
    method: GET
  response:
    body: '{"autohealing":true,"autoscaling":false,"cluster_id":"7b172922-eecd-4ccd-9a7a-5eaddbf0bffb","container_runtime":"containerd","created_at":"2023-06-13T15:16:23.186837Z","id":"f1c0840c-1089-41f2-bf99-e87de15f2d09","kubelet_args":{},"max_size":2,"min_size":1,"name":"pool","node_type":"gp1_xs","placement_group_id":null,"region":"fr-par","root_volume_size":150000000000,"root_volume_type":"l_ssd","size":2,"status":"scaling","tags":[],"updated_at":"2023-06-13T15:16:23.203041Z","upgrade_policy":{"max_surge":0,"max_unavailable":1},"version":"1.27.1","zone":"fr-par-1"}'
    headers:
      Content-Length:
      - "565"
      Content-Security-Policy:
      - default-src 'none'; frame-ancestors 'none'
      Content-Type:
      - application/json
      Date:
      - Tue, 13 Jun 2023 15:20:03 GMT
      Server:
      - Scaleway API-Gateway
      Strict-Transport-Security:
      - max-age=63072000
      X-Content-Type-Options:
      - nosniff
      X-Frame-Options:
      - DENY
      X-Request-Id:
      - 97512790-4e25-4e3f-acc3-5402d15453cf
    status: 200 OK
    code: 200
    duration: ""
- request:
    body: ""
    form: {}
    headers:
      User-Agent:
      - scaleway-sdk-go/v1.0.0-beta.7+dev (go1.20.4; linux; amd64) terraform-provider/develop
        terraform/terraform-tests
    url: https://api.scaleway.com/k8s/v1/regions/fr-par/pools/f1c0840c-1089-41f2-bf99-e87de15f2d09
    method: GET
  response:
    body: '{"autohealing":true,"autoscaling":false,"cluster_id":"7b172922-eecd-4ccd-9a7a-5eaddbf0bffb","container_runtime":"containerd","created_at":"2023-06-13T15:16:23.186837Z","id":"f1c0840c-1089-41f2-bf99-e87de15f2d09","kubelet_args":{},"max_size":2,"min_size":1,"name":"pool","node_type":"gp1_xs","placement_group_id":null,"region":"fr-par","root_volume_size":150000000000,"root_volume_type":"l_ssd","size":2,"status":"scaling","tags":[],"updated_at":"2023-06-13T15:16:23.203041Z","upgrade_policy":{"max_surge":0,"max_unavailable":1},"version":"1.27.1","zone":"fr-par-1"}'
    headers:
      Content-Length:
      - "565"
      Content-Security-Policy:
      - default-src 'none'; frame-ancestors 'none'
      Content-Type:
      - application/json
      Date:
      - Tue, 13 Jun 2023 15:20:08 GMT
      Server:
      - Scaleway API-Gateway
      Strict-Transport-Security:
      - max-age=63072000
      X-Content-Type-Options:
      - nosniff
      X-Frame-Options:
      - DENY
      X-Request-Id:
      - d7d76b76-29cd-45e5-8d10-58d6bba1c22b
    status: 200 OK
    code: 200
    duration: ""
- request:
    body: ""
    form: {}
    headers:
      User-Agent:
      - scaleway-sdk-go/v1.0.0-beta.7+dev (go1.20.4; linux; amd64) terraform-provider/develop
        terraform/terraform-tests
    url: https://api.scaleway.com/k8s/v1/regions/fr-par/pools/f1c0840c-1089-41f2-bf99-e87de15f2d09
    method: GET
  response:
    body: '{"autohealing":true,"autoscaling":false,"cluster_id":"7b172922-eecd-4ccd-9a7a-5eaddbf0bffb","container_runtime":"containerd","created_at":"2023-06-13T15:16:23.186837Z","id":"f1c0840c-1089-41f2-bf99-e87de15f2d09","kubelet_args":{},"max_size":2,"min_size":1,"name":"pool","node_type":"gp1_xs","placement_group_id":null,"region":"fr-par","root_volume_size":150000000000,"root_volume_type":"l_ssd","size":2,"status":"scaling","tags":[],"updated_at":"2023-06-13T15:16:23.203041Z","upgrade_policy":{"max_surge":0,"max_unavailable":1},"version":"1.27.1","zone":"fr-par-1"}'
    headers:
      Content-Length:
      - "565"
      Content-Security-Policy:
      - default-src 'none'; frame-ancestors 'none'
      Content-Type:
      - application/json
      Date:
      - Tue, 13 Jun 2023 15:20:13 GMT
      Server:
      - Scaleway API-Gateway
      Strict-Transport-Security:
      - max-age=63072000
      X-Content-Type-Options:
      - nosniff
      X-Frame-Options:
      - DENY
      X-Request-Id:
      - 657baf62-a77f-4b9b-b4d6-73536d9ac417
    status: 200 OK
    code: 200
    duration: ""
- request:
    body: ""
    form: {}
    headers:
      User-Agent:
      - scaleway-sdk-go/v1.0.0-beta.7+dev (go1.20.4; linux; amd64) terraform-provider/develop
        terraform/terraform-tests
    url: https://api.scaleway.com/k8s/v1/regions/fr-par/pools/f1c0840c-1089-41f2-bf99-e87de15f2d09
    method: GET
  response:
    body: '{"autohealing":true,"autoscaling":false,"cluster_id":"7b172922-eecd-4ccd-9a7a-5eaddbf0bffb","container_runtime":"containerd","created_at":"2023-06-13T15:16:23.186837Z","id":"f1c0840c-1089-41f2-bf99-e87de15f2d09","kubelet_args":{},"max_size":2,"min_size":1,"name":"pool","node_type":"gp1_xs","placement_group_id":null,"region":"fr-par","root_volume_size":150000000000,"root_volume_type":"l_ssd","size":2,"status":"scaling","tags":[],"updated_at":"2023-06-13T15:16:23.203041Z","upgrade_policy":{"max_surge":0,"max_unavailable":1},"version":"1.27.1","zone":"fr-par-1"}'
    headers:
      Content-Length:
      - "565"
      Content-Security-Policy:
      - default-src 'none'; frame-ancestors 'none'
      Content-Type:
      - application/json
      Date:
      - Tue, 13 Jun 2023 15:20:18 GMT
      Server:
      - Scaleway API-Gateway
      Strict-Transport-Security:
      - max-age=63072000
      X-Content-Type-Options:
      - nosniff
      X-Frame-Options:
      - DENY
      X-Request-Id:
      - c387e01f-ea00-4155-864d-edc765e3fe90
    status: 200 OK
    code: 200
    duration: ""
- request:
    body: ""
    form: {}
    headers:
      User-Agent:
      - scaleway-sdk-go/v1.0.0-beta.7+dev (go1.20.4; linux; amd64) terraform-provider/develop
        terraform/terraform-tests
    url: https://api.scaleway.com/k8s/v1/regions/fr-par/pools/f1c0840c-1089-41f2-bf99-e87de15f2d09
    method: GET
  response:
    body: '{"autohealing":true,"autoscaling":false,"cluster_id":"7b172922-eecd-4ccd-9a7a-5eaddbf0bffb","container_runtime":"containerd","created_at":"2023-06-13T15:16:23.186837Z","id":"f1c0840c-1089-41f2-bf99-e87de15f2d09","kubelet_args":{},"max_size":2,"min_size":1,"name":"pool","node_type":"gp1_xs","placement_group_id":null,"region":"fr-par","root_volume_size":150000000000,"root_volume_type":"l_ssd","size":2,"status":"scaling","tags":[],"updated_at":"2023-06-13T15:16:23.203041Z","upgrade_policy":{"max_surge":0,"max_unavailable":1},"version":"1.27.1","zone":"fr-par-1"}'
    headers:
      Content-Length:
      - "565"
      Content-Security-Policy:
      - default-src 'none'; frame-ancestors 'none'
      Content-Type:
      - application/json
      Date:
      - Tue, 13 Jun 2023 15:20:23 GMT
      Server:
      - Scaleway API-Gateway
      Strict-Transport-Security:
      - max-age=63072000
      X-Content-Type-Options:
      - nosniff
      X-Frame-Options:
      - DENY
      X-Request-Id:
      - af1a15ce-6553-4f59-af9e-fe97c2a9e8a8
    status: 200 OK
    code: 200
    duration: ""
- request:
    body: ""
    form: {}
    headers:
      User-Agent:
      - scaleway-sdk-go/v1.0.0-beta.7+dev (go1.20.4; linux; amd64) terraform-provider/develop
        terraform/terraform-tests
    url: https://api.scaleway.com/k8s/v1/regions/fr-par/pools/f1c0840c-1089-41f2-bf99-e87de15f2d09
    method: GET
  response:
    body: '{"autohealing":true,"autoscaling":false,"cluster_id":"7b172922-eecd-4ccd-9a7a-5eaddbf0bffb","container_runtime":"containerd","created_at":"2023-06-13T15:16:23.186837Z","id":"f1c0840c-1089-41f2-bf99-e87de15f2d09","kubelet_args":{},"max_size":2,"min_size":1,"name":"pool","node_type":"gp1_xs","placement_group_id":null,"region":"fr-par","root_volume_size":150000000000,"root_volume_type":"l_ssd","size":2,"status":"scaling","tags":[],"updated_at":"2023-06-13T15:16:23.203041Z","upgrade_policy":{"max_surge":0,"max_unavailable":1},"version":"1.27.1","zone":"fr-par-1"}'
    headers:
      Content-Length:
      - "565"
      Content-Security-Policy:
      - default-src 'none'; frame-ancestors 'none'
      Content-Type:
      - application/json
      Date:
      - Tue, 13 Jun 2023 15:20:28 GMT
      Server:
      - Scaleway API-Gateway
      Strict-Transport-Security:
      - max-age=63072000
      X-Content-Type-Options:
      - nosniff
      X-Frame-Options:
      - DENY
      X-Request-Id:
      - ba0e3b07-7e12-49b0-af5a-0745a8a73818
    status: 200 OK
    code: 200
    duration: ""
- request:
    body: ""
    form: {}
    headers:
      User-Agent:
      - scaleway-sdk-go/v1.0.0-beta.7+dev (go1.20.4; linux; amd64) terraform-provider/develop
        terraform/terraform-tests
    url: https://api.scaleway.com/k8s/v1/regions/fr-par/pools/f1c0840c-1089-41f2-bf99-e87de15f2d09
    method: GET
  response:
    body: '{"autohealing":true,"autoscaling":false,"cluster_id":"7b172922-eecd-4ccd-9a7a-5eaddbf0bffb","container_runtime":"containerd","created_at":"2023-06-13T15:16:23.186837Z","id":"f1c0840c-1089-41f2-bf99-e87de15f2d09","kubelet_args":{},"max_size":2,"min_size":1,"name":"pool","node_type":"gp1_xs","placement_group_id":null,"region":"fr-par","root_volume_size":150000000000,"root_volume_type":"l_ssd","size":2,"status":"scaling","tags":[],"updated_at":"2023-06-13T15:16:23.203041Z","upgrade_policy":{"max_surge":0,"max_unavailable":1},"version":"1.27.1","zone":"fr-par-1"}'
    headers:
      Content-Length:
      - "565"
      Content-Security-Policy:
      - default-src 'none'; frame-ancestors 'none'
      Content-Type:
      - application/json
      Date:
      - Tue, 13 Jun 2023 15:20:33 GMT
      Server:
      - Scaleway API-Gateway
      Strict-Transport-Security:
      - max-age=63072000
      X-Content-Type-Options:
      - nosniff
      X-Frame-Options:
      - DENY
      X-Request-Id:
      - 1404bb24-1393-41e5-95b4-975c7169bba7
    status: 200 OK
    code: 200
    duration: ""
- request:
    body: ""
    form: {}
    headers:
      User-Agent:
      - scaleway-sdk-go/v1.0.0-beta.7+dev (go1.20.4; linux; amd64) terraform-provider/develop
        terraform/terraform-tests
    url: https://api.scaleway.com/k8s/v1/regions/fr-par/pools/f1c0840c-1089-41f2-bf99-e87de15f2d09
    method: GET
  response:
    body: '{"autohealing":true,"autoscaling":false,"cluster_id":"7b172922-eecd-4ccd-9a7a-5eaddbf0bffb","container_runtime":"containerd","created_at":"2023-06-13T15:16:23.186837Z","id":"f1c0840c-1089-41f2-bf99-e87de15f2d09","kubelet_args":{},"max_size":2,"min_size":1,"name":"pool","node_type":"gp1_xs","placement_group_id":null,"region":"fr-par","root_volume_size":150000000000,"root_volume_type":"l_ssd","size":2,"status":"scaling","tags":[],"updated_at":"2023-06-13T15:16:23.203041Z","upgrade_policy":{"max_surge":0,"max_unavailable":1},"version":"1.27.1","zone":"fr-par-1"}'
    headers:
      Content-Length:
      - "565"
      Content-Security-Policy:
      - default-src 'none'; frame-ancestors 'none'
      Content-Type:
      - application/json
      Date:
      - Tue, 13 Jun 2023 15:20:38 GMT
      Server:
      - Scaleway API-Gateway
      Strict-Transport-Security:
      - max-age=63072000
      X-Content-Type-Options:
      - nosniff
      X-Frame-Options:
      - DENY
      X-Request-Id:
      - fb793818-cd79-4e86-8a55-5ccead153b18
    status: 200 OK
    code: 200
    duration: ""
- request:
    body: ""
    form: {}
    headers:
      User-Agent:
      - scaleway-sdk-go/v1.0.0-beta.7+dev (go1.20.4; linux; amd64) terraform-provider/develop
        terraform/terraform-tests
    url: https://api.scaleway.com/k8s/v1/regions/fr-par/pools/f1c0840c-1089-41f2-bf99-e87de15f2d09
    method: GET
  response:
    body: '{"autohealing":true,"autoscaling":false,"cluster_id":"7b172922-eecd-4ccd-9a7a-5eaddbf0bffb","container_runtime":"containerd","created_at":"2023-06-13T15:16:23.186837Z","id":"f1c0840c-1089-41f2-bf99-e87de15f2d09","kubelet_args":{},"max_size":2,"min_size":1,"name":"pool","node_type":"gp1_xs","placement_group_id":null,"region":"fr-par","root_volume_size":150000000000,"root_volume_type":"l_ssd","size":2,"status":"scaling","tags":[],"updated_at":"2023-06-13T15:16:23.203041Z","upgrade_policy":{"max_surge":0,"max_unavailable":1},"version":"1.27.1","zone":"fr-par-1"}'
    headers:
      Content-Length:
      - "565"
      Content-Security-Policy:
      - default-src 'none'; frame-ancestors 'none'
      Content-Type:
      - application/json
      Date:
      - Tue, 13 Jun 2023 15:20:43 GMT
      Server:
      - Scaleway API-Gateway
      Strict-Transport-Security:
      - max-age=63072000
      X-Content-Type-Options:
      - nosniff
      X-Frame-Options:
      - DENY
      X-Request-Id:
      - 63cae592-48da-427a-89b6-889263928e74
    status: 200 OK
    code: 200
    duration: ""
- request:
    body: ""
    form: {}
    headers:
      User-Agent:
      - scaleway-sdk-go/v1.0.0-beta.7+dev (go1.20.4; linux; amd64) terraform-provider/develop
        terraform/terraform-tests
    url: https://api.scaleway.com/k8s/v1/regions/fr-par/pools/f1c0840c-1089-41f2-bf99-e87de15f2d09
    method: GET
  response:
    body: '{"autohealing":true,"autoscaling":false,"cluster_id":"7b172922-eecd-4ccd-9a7a-5eaddbf0bffb","container_runtime":"containerd","created_at":"2023-06-13T15:16:23.186837Z","id":"f1c0840c-1089-41f2-bf99-e87de15f2d09","kubelet_args":{},"max_size":2,"min_size":1,"name":"pool","node_type":"gp1_xs","placement_group_id":null,"region":"fr-par","root_volume_size":150000000000,"root_volume_type":"l_ssd","size":2,"status":"scaling","tags":[],"updated_at":"2023-06-13T15:16:23.203041Z","upgrade_policy":{"max_surge":0,"max_unavailable":1},"version":"1.27.1","zone":"fr-par-1"}'
    headers:
      Content-Length:
      - "565"
      Content-Security-Policy:
      - default-src 'none'; frame-ancestors 'none'
      Content-Type:
      - application/json
      Date:
      - Tue, 13 Jun 2023 15:20:48 GMT
      Server:
      - Scaleway API-Gateway
      Strict-Transport-Security:
      - max-age=63072000
      X-Content-Type-Options:
      - nosniff
      X-Frame-Options:
      - DENY
      X-Request-Id:
      - 0a855b89-31d8-4657-a59c-0987a5d1e198
    status: 200 OK
    code: 200
    duration: ""
- request:
    body: ""
    form: {}
    headers:
      User-Agent:
      - scaleway-sdk-go/v1.0.0-beta.7+dev (go1.20.4; linux; amd64) terraform-provider/develop
        terraform/terraform-tests
    url: https://api.scaleway.com/k8s/v1/regions/fr-par/pools/f1c0840c-1089-41f2-bf99-e87de15f2d09
    method: GET
  response:
    body: '{"autohealing":true,"autoscaling":false,"cluster_id":"7b172922-eecd-4ccd-9a7a-5eaddbf0bffb","container_runtime":"containerd","created_at":"2023-06-13T15:16:23.186837Z","id":"f1c0840c-1089-41f2-bf99-e87de15f2d09","kubelet_args":{},"max_size":2,"min_size":1,"name":"pool","node_type":"gp1_xs","placement_group_id":null,"region":"fr-par","root_volume_size":150000000000,"root_volume_type":"l_ssd","size":2,"status":"scaling","tags":[],"updated_at":"2023-06-13T15:16:23.203041Z","upgrade_policy":{"max_surge":0,"max_unavailable":1},"version":"1.27.1","zone":"fr-par-1"}'
    headers:
      Content-Length:
      - "565"
      Content-Security-Policy:
      - default-src 'none'; frame-ancestors 'none'
      Content-Type:
      - application/json
      Date:
      - Tue, 13 Jun 2023 15:20:53 GMT
      Server:
      - Scaleway API-Gateway
      Strict-Transport-Security:
      - max-age=63072000
      X-Content-Type-Options:
      - nosniff
      X-Frame-Options:
      - DENY
      X-Request-Id:
      - c554999c-de78-44ff-a475-4d2993a4e63f
    status: 200 OK
    code: 200
    duration: ""
- request:
    body: ""
    form: {}
    headers:
      User-Agent:
      - scaleway-sdk-go/v1.0.0-beta.7+dev (go1.20.4; linux; amd64) terraform-provider/develop
        terraform/terraform-tests
    url: https://api.scaleway.com/k8s/v1/regions/fr-par/pools/f1c0840c-1089-41f2-bf99-e87de15f2d09
    method: GET
  response:
    body: '{"autohealing":true,"autoscaling":false,"cluster_id":"7b172922-eecd-4ccd-9a7a-5eaddbf0bffb","container_runtime":"containerd","created_at":"2023-06-13T15:16:23.186837Z","id":"f1c0840c-1089-41f2-bf99-e87de15f2d09","kubelet_args":{},"max_size":2,"min_size":1,"name":"pool","node_type":"gp1_xs","placement_group_id":null,"region":"fr-par","root_volume_size":150000000000,"root_volume_type":"l_ssd","size":2,"status":"scaling","tags":[],"updated_at":"2023-06-13T15:16:23.203041Z","upgrade_policy":{"max_surge":0,"max_unavailable":1},"version":"1.27.1","zone":"fr-par-1"}'
    headers:
      Content-Length:
      - "565"
      Content-Security-Policy:
      - default-src 'none'; frame-ancestors 'none'
      Content-Type:
      - application/json
      Date:
      - Tue, 13 Jun 2023 15:20:58 GMT
      Server:
      - Scaleway API-Gateway
      Strict-Transport-Security:
      - max-age=63072000
      X-Content-Type-Options:
      - nosniff
      X-Frame-Options:
      - DENY
      X-Request-Id:
      - 82020d32-2b5d-4125-a253-7ef72dcbb2a7
    status: 200 OK
    code: 200
    duration: ""
- request:
    body: ""
    form: {}
    headers:
      User-Agent:
      - scaleway-sdk-go/v1.0.0-beta.7+dev (go1.20.4; linux; amd64) terraform-provider/develop
        terraform/terraform-tests
    url: https://api.scaleway.com/k8s/v1/regions/fr-par/pools/f1c0840c-1089-41f2-bf99-e87de15f2d09
    method: GET
  response:
    body: '{"autohealing":true,"autoscaling":false,"cluster_id":"7b172922-eecd-4ccd-9a7a-5eaddbf0bffb","container_runtime":"containerd","created_at":"2023-06-13T15:16:23.186837Z","id":"f1c0840c-1089-41f2-bf99-e87de15f2d09","kubelet_args":{},"max_size":2,"min_size":1,"name":"pool","node_type":"gp1_xs","placement_group_id":null,"region":"fr-par","root_volume_size":150000000000,"root_volume_type":"l_ssd","size":2,"status":"scaling","tags":[],"updated_at":"2023-06-13T15:16:23.203041Z","upgrade_policy":{"max_surge":0,"max_unavailable":1},"version":"1.27.1","zone":"fr-par-1"}'
    headers:
      Content-Length:
      - "565"
      Content-Security-Policy:
      - default-src 'none'; frame-ancestors 'none'
      Content-Type:
      - application/json
      Date:
      - Tue, 13 Jun 2023 15:21:04 GMT
      Server:
      - Scaleway API-Gateway
      Strict-Transport-Security:
      - max-age=63072000
      X-Content-Type-Options:
      - nosniff
      X-Frame-Options:
      - DENY
      X-Request-Id:
      - eec8765f-2269-4209-90a8-106b55dabb24
    status: 200 OK
    code: 200
    duration: ""
- request:
    body: ""
    form: {}
    headers:
      User-Agent:
      - scaleway-sdk-go/v1.0.0-beta.7+dev (go1.20.4; linux; amd64) terraform-provider/develop
        terraform/terraform-tests
    url: https://api.scaleway.com/k8s/v1/regions/fr-par/pools/f1c0840c-1089-41f2-bf99-e87de15f2d09
    method: GET
  response:
    body: '{"autohealing":true,"autoscaling":false,"cluster_id":"7b172922-eecd-4ccd-9a7a-5eaddbf0bffb","container_runtime":"containerd","created_at":"2023-06-13T15:16:23.186837Z","id":"f1c0840c-1089-41f2-bf99-e87de15f2d09","kubelet_args":{},"max_size":2,"min_size":1,"name":"pool","node_type":"gp1_xs","placement_group_id":null,"region":"fr-par","root_volume_size":150000000000,"root_volume_type":"l_ssd","size":2,"status":"scaling","tags":[],"updated_at":"2023-06-13T15:16:23.203041Z","upgrade_policy":{"max_surge":0,"max_unavailable":1},"version":"1.27.1","zone":"fr-par-1"}'
    headers:
      Content-Length:
      - "565"
      Content-Security-Policy:
      - default-src 'none'; frame-ancestors 'none'
      Content-Type:
      - application/json
      Date:
      - Tue, 13 Jun 2023 15:21:09 GMT
      Server:
      - Scaleway API-Gateway
      Strict-Transport-Security:
      - max-age=63072000
      X-Content-Type-Options:
      - nosniff
      X-Frame-Options:
      - DENY
      X-Request-Id:
      - 279f52ed-27db-4062-ae19-45c11830e54d
    status: 200 OK
    code: 200
    duration: ""
- request:
    body: ""
    form: {}
    headers:
      User-Agent:
      - scaleway-sdk-go/v1.0.0-beta.7+dev (go1.20.4; linux; amd64) terraform-provider/develop
        terraform/terraform-tests
    url: https://api.scaleway.com/k8s/v1/regions/fr-par/pools/f1c0840c-1089-41f2-bf99-e87de15f2d09
    method: GET
  response:
    body: '{"autohealing":true,"autoscaling":false,"cluster_id":"7b172922-eecd-4ccd-9a7a-5eaddbf0bffb","container_runtime":"containerd","created_at":"2023-06-13T15:16:23.186837Z","id":"f1c0840c-1089-41f2-bf99-e87de15f2d09","kubelet_args":{},"max_size":2,"min_size":1,"name":"pool","node_type":"gp1_xs","placement_group_id":null,"region":"fr-par","root_volume_size":150000000000,"root_volume_type":"l_ssd","size":2,"status":"scaling","tags":[],"updated_at":"2023-06-13T15:16:23.203041Z","upgrade_policy":{"max_surge":0,"max_unavailable":1},"version":"1.27.1","zone":"fr-par-1"}'
    headers:
      Content-Length:
      - "565"
      Content-Security-Policy:
      - default-src 'none'; frame-ancestors 'none'
      Content-Type:
      - application/json
      Date:
      - Tue, 13 Jun 2023 15:21:14 GMT
      Server:
      - Scaleway API-Gateway
      Strict-Transport-Security:
      - max-age=63072000
      X-Content-Type-Options:
      - nosniff
      X-Frame-Options:
      - DENY
      X-Request-Id:
      - 7533d6e0-82d9-4025-83b4-35a135d38c08
    status: 200 OK
    code: 200
    duration: ""
- request:
    body: ""
    form: {}
    headers:
      User-Agent:
      - scaleway-sdk-go/v1.0.0-beta.7+dev (go1.20.4; linux; amd64) terraform-provider/develop
        terraform/terraform-tests
    url: https://api.scaleway.com/k8s/v1/regions/fr-par/pools/f1c0840c-1089-41f2-bf99-e87de15f2d09
    method: GET
  response:
    body: '{"autohealing":true,"autoscaling":false,"cluster_id":"7b172922-eecd-4ccd-9a7a-5eaddbf0bffb","container_runtime":"containerd","created_at":"2023-06-13T15:16:23.186837Z","id":"f1c0840c-1089-41f2-bf99-e87de15f2d09","kubelet_args":{},"max_size":2,"min_size":1,"name":"pool","node_type":"gp1_xs","placement_group_id":null,"region":"fr-par","root_volume_size":150000000000,"root_volume_type":"l_ssd","size":2,"status":"scaling","tags":[],"updated_at":"2023-06-13T15:16:23.203041Z","upgrade_policy":{"max_surge":0,"max_unavailable":1},"version":"1.27.1","zone":"fr-par-1"}'
    headers:
      Content-Length:
      - "565"
      Content-Security-Policy:
      - default-src 'none'; frame-ancestors 'none'
      Content-Type:
      - application/json
      Date:
      - Tue, 13 Jun 2023 15:21:19 GMT
      Server:
      - Scaleway API-Gateway
      Strict-Transport-Security:
      - max-age=63072000
      X-Content-Type-Options:
      - nosniff
      X-Frame-Options:
      - DENY
      X-Request-Id:
      - 64dec7b5-e962-4524-b0cc-c1072ec7827f
    status: 200 OK
    code: 200
    duration: ""
- request:
    body: ""
    form: {}
    headers:
      User-Agent:
      - scaleway-sdk-go/v1.0.0-beta.7+dev (go1.20.4; linux; amd64) terraform-provider/develop
        terraform/terraform-tests
    url: https://api.scaleway.com/k8s/v1/regions/fr-par/pools/f1c0840c-1089-41f2-bf99-e87de15f2d09
    method: GET
  response:
    body: '{"autohealing":true,"autoscaling":false,"cluster_id":"7b172922-eecd-4ccd-9a7a-5eaddbf0bffb","container_runtime":"containerd","created_at":"2023-06-13T15:16:23.186837Z","id":"f1c0840c-1089-41f2-bf99-e87de15f2d09","kubelet_args":{},"max_size":2,"min_size":1,"name":"pool","node_type":"gp1_xs","placement_group_id":null,"region":"fr-par","root_volume_size":150000000000,"root_volume_type":"l_ssd","size":2,"status":"scaling","tags":[],"updated_at":"2023-06-13T15:16:23.203041Z","upgrade_policy":{"max_surge":0,"max_unavailable":1},"version":"1.27.1","zone":"fr-par-1"}'
    headers:
      Content-Length:
      - "565"
      Content-Security-Policy:
      - default-src 'none'; frame-ancestors 'none'
      Content-Type:
      - application/json
      Date:
      - Tue, 13 Jun 2023 15:21:24 GMT
      Server:
      - Scaleway API-Gateway
      Strict-Transport-Security:
      - max-age=63072000
      X-Content-Type-Options:
      - nosniff
      X-Frame-Options:
      - DENY
      X-Request-Id:
      - 1f59f6ac-be45-46fb-b6af-d00427fec2bc
    status: 200 OK
    code: 200
    duration: ""
- request:
    body: ""
    form: {}
    headers:
      User-Agent:
      - scaleway-sdk-go/v1.0.0-beta.7+dev (go1.20.4; linux; amd64) terraform-provider/develop
        terraform/terraform-tests
    url: https://api.scaleway.com/k8s/v1/regions/fr-par/pools/f1c0840c-1089-41f2-bf99-e87de15f2d09
    method: GET
  response:
    body: '{"autohealing":true,"autoscaling":false,"cluster_id":"7b172922-eecd-4ccd-9a7a-5eaddbf0bffb","container_runtime":"containerd","created_at":"2023-06-13T15:16:23.186837Z","id":"f1c0840c-1089-41f2-bf99-e87de15f2d09","kubelet_args":{},"max_size":2,"min_size":1,"name":"pool","node_type":"gp1_xs","placement_group_id":null,"region":"fr-par","root_volume_size":150000000000,"root_volume_type":"l_ssd","size":2,"status":"scaling","tags":[],"updated_at":"2023-06-13T15:16:23.203041Z","upgrade_policy":{"max_surge":0,"max_unavailable":1},"version":"1.27.1","zone":"fr-par-1"}'
    headers:
      Content-Length:
      - "565"
      Content-Security-Policy:
      - default-src 'none'; frame-ancestors 'none'
      Content-Type:
      - application/json
      Date:
      - Tue, 13 Jun 2023 15:21:29 GMT
      Server:
      - Scaleway API-Gateway
      Strict-Transport-Security:
      - max-age=63072000
      X-Content-Type-Options:
      - nosniff
      X-Frame-Options:
      - DENY
      X-Request-Id:
      - 10da210d-9e1d-424e-8032-ce1f14c612e5
    status: 200 OK
    code: 200
    duration: ""
- request:
    body: ""
    form: {}
    headers:
      User-Agent:
      - scaleway-sdk-go/v1.0.0-beta.7+dev (go1.20.4; linux; amd64) terraform-provider/develop
        terraform/terraform-tests
    url: https://api.scaleway.com/k8s/v1/regions/fr-par/pools/f1c0840c-1089-41f2-bf99-e87de15f2d09
    method: GET
  response:
    body: '{"autohealing":true,"autoscaling":false,"cluster_id":"7b172922-eecd-4ccd-9a7a-5eaddbf0bffb","container_runtime":"containerd","created_at":"2023-06-13T15:16:23.186837Z","id":"f1c0840c-1089-41f2-bf99-e87de15f2d09","kubelet_args":{},"max_size":2,"min_size":1,"name":"pool","node_type":"gp1_xs","placement_group_id":null,"region":"fr-par","root_volume_size":150000000000,"root_volume_type":"l_ssd","size":2,"status":"scaling","tags":[],"updated_at":"2023-06-13T15:16:23.203041Z","upgrade_policy":{"max_surge":0,"max_unavailable":1},"version":"1.27.1","zone":"fr-par-1"}'
    headers:
      Content-Length:
      - "565"
      Content-Security-Policy:
      - default-src 'none'; frame-ancestors 'none'
      Content-Type:
      - application/json
      Date:
      - Tue, 13 Jun 2023 15:21:34 GMT
      Server:
      - Scaleway API-Gateway
      Strict-Transport-Security:
      - max-age=63072000
      X-Content-Type-Options:
      - nosniff
      X-Frame-Options:
      - DENY
      X-Request-Id:
      - 0592d3ab-5544-422d-8e21-4f3502e07b44
    status: 200 OK
    code: 200
    duration: ""
- request:
    body: ""
    form: {}
    headers:
      User-Agent:
      - scaleway-sdk-go/v1.0.0-beta.7+dev (go1.20.4; linux; amd64) terraform-provider/develop
        terraform/terraform-tests
    url: https://api.scaleway.com/k8s/v1/regions/fr-par/pools/f1c0840c-1089-41f2-bf99-e87de15f2d09
    method: GET
  response:
    body: '{"autohealing":true,"autoscaling":false,"cluster_id":"7b172922-eecd-4ccd-9a7a-5eaddbf0bffb","container_runtime":"containerd","created_at":"2023-06-13T15:16:23.186837Z","id":"f1c0840c-1089-41f2-bf99-e87de15f2d09","kubelet_args":{},"max_size":2,"min_size":1,"name":"pool","node_type":"gp1_xs","placement_group_id":null,"region":"fr-par","root_volume_size":150000000000,"root_volume_type":"l_ssd","size":2,"status":"scaling","tags":[],"updated_at":"2023-06-13T15:16:23.203041Z","upgrade_policy":{"max_surge":0,"max_unavailable":1},"version":"1.27.1","zone":"fr-par-1"}'
    headers:
      Content-Length:
      - "565"
      Content-Security-Policy:
      - default-src 'none'; frame-ancestors 'none'
      Content-Type:
      - application/json
      Date:
      - Tue, 13 Jun 2023 15:21:39 GMT
      Server:
      - Scaleway API-Gateway
      Strict-Transport-Security:
      - max-age=63072000
      X-Content-Type-Options:
      - nosniff
      X-Frame-Options:
      - DENY
      X-Request-Id:
      - 5f77517e-15ac-446f-9c57-1f657b654ca5
    status: 200 OK
    code: 200
    duration: ""
- request:
    body: ""
    form: {}
    headers:
      User-Agent:
      - scaleway-sdk-go/v1.0.0-beta.7+dev (go1.20.4; linux; amd64) terraform-provider/develop
        terraform/terraform-tests
    url: https://api.scaleway.com/k8s/v1/regions/fr-par/pools/f1c0840c-1089-41f2-bf99-e87de15f2d09
    method: GET
  response:
    body: '{"autohealing":true,"autoscaling":false,"cluster_id":"7b172922-eecd-4ccd-9a7a-5eaddbf0bffb","container_runtime":"containerd","created_at":"2023-06-13T15:16:23.186837Z","id":"f1c0840c-1089-41f2-bf99-e87de15f2d09","kubelet_args":{},"max_size":2,"min_size":1,"name":"pool","node_type":"gp1_xs","placement_group_id":null,"region":"fr-par","root_volume_size":150000000000,"root_volume_type":"l_ssd","size":2,"status":"ready","tags":[],"updated_at":"2023-06-13T15:21:40.612543Z","upgrade_policy":{"max_surge":0,"max_unavailable":1},"version":"1.27.1","zone":"fr-par-1"}'
    headers:
      Content-Length:
      - "563"
      Content-Security-Policy:
      - default-src 'none'; frame-ancestors 'none'
      Content-Type:
      - application/json
      Date:
      - Tue, 13 Jun 2023 15:21:44 GMT
      Server:
      - Scaleway API-Gateway
      Strict-Transport-Security:
      - max-age=63072000
      X-Content-Type-Options:
      - nosniff
      X-Frame-Options:
      - DENY
      X-Request-Id:
      - 75324372-cf64-4ccf-8f37-f27c5076a1c6
    status: 200 OK
    code: 200
    duration: ""
- request:
    body: ""
    form: {}
    headers:
      User-Agent:
      - scaleway-sdk-go/v1.0.0-beta.7+dev (go1.20.4; linux; amd64) terraform-provider/develop
        terraform/terraform-tests
    url: https://api.scaleway.com/k8s/v1/regions/fr-par/clusters/7b172922-eecd-4ccd-9a7a-5eaddbf0bffb
    method: GET
  response:
    body: '{"admission_plugins":[],"apiserver_cert_sans":[],"auto_upgrade":{"enabled":false,"maintenance_window":{"day":"any","start_hour":0}},"autoscaler_config":{"balance_similar_node_groups":false,"estimator":"binpacking","expander":"random","expendable_pods_priority_cutoff":0,"ignore_daemonsets_utilization":false,"max_graceful_termination_sec":0,"scale_down_delay_after_add":"10m","scale_down_disabled":false,"scale_down_unneeded_time":"10m","scale_down_utilization_threshold":0.5},"cluster_url":"https://7b172922-eecd-4ccd-9a7a-5eaddbf0bffb.api.k8s.fr-par.scw.cloud:6443","cni":"cilium","created_at":"2023-06-13T15:16:17.536659Z","dashboard_enabled":false,"description":"","dns_wildcard":"*.7b172922-eecd-4ccd-9a7a-5eaddbf0bffb.nodes.k8s.fr-par.scw.cloud","feature_gates":[],"id":"7b172922-eecd-4ccd-9a7a-5eaddbf0bffb","ingress":"none","name":"k8s-private-network-cluster","open_id_connect_config":{"client_id":"","groups_claim":[],"groups_prefix":"","issuer_url":"","required_claim":[],"username_claim":"","username_prefix":""},"organization_id":"fa1e3217-dc80-42ac-85c3-3f034b78b552","private_network_id":"f11358d1-ddb7-44c3-987e-ce0bd0573f5a","project_id":"fa1e3217-dc80-42ac-85c3-3f034b78b552","region":"fr-par","status":"ready","tags":["terraform-test","scaleway_k8s_cluster","private_network"],"type":"kapsule","updated_at":"2023-06-13T15:17:52.603427Z","upgrade_available":false,"version":"1.27.1"}'
    headers:
      Content-Length:
      - "1401"
      Content-Security-Policy:
      - default-src 'none'; frame-ancestors 'none'
      Content-Type:
      - application/json
      Date:
      - Tue, 13 Jun 2023 15:21:44 GMT
      Server:
      - Scaleway API-Gateway
      Strict-Transport-Security:
      - max-age=63072000
      X-Content-Type-Options:
      - nosniff
      X-Frame-Options:
      - DENY
      X-Request-Id:
      - 3c7f6e93-874d-4112-a2a2-0bbd913dbdef
    status: 200 OK
    code: 200
    duration: ""
- request:
    body: ""
    form: {}
    headers:
      User-Agent:
      - scaleway-sdk-go/v1.0.0-beta.7+dev (go1.20.4; linux; amd64) terraform-provider/develop
        terraform/terraform-tests
    url: https://api.scaleway.com/k8s/v1/regions/fr-par/pools/f1c0840c-1089-41f2-bf99-e87de15f2d09
    method: GET
  response:
    body: '{"autohealing":true,"autoscaling":false,"cluster_id":"7b172922-eecd-4ccd-9a7a-5eaddbf0bffb","container_runtime":"containerd","created_at":"2023-06-13T15:16:23.186837Z","id":"f1c0840c-1089-41f2-bf99-e87de15f2d09","kubelet_args":{},"max_size":2,"min_size":1,"name":"pool","node_type":"gp1_xs","placement_group_id":null,"region":"fr-par","root_volume_size":150000000000,"root_volume_type":"l_ssd","size":2,"status":"ready","tags":[],"updated_at":"2023-06-13T15:21:40.612543Z","upgrade_policy":{"max_surge":0,"max_unavailable":1},"version":"1.27.1","zone":"fr-par-1"}'
    headers:
      Content-Length:
      - "563"
      Content-Security-Policy:
      - default-src 'none'; frame-ancestors 'none'
      Content-Type:
      - application/json
      Date:
      - Tue, 13 Jun 2023 15:21:44 GMT
      Server:
      - Scaleway API-Gateway
      Strict-Transport-Security:
      - max-age=63072000
      X-Content-Type-Options:
      - nosniff
      X-Frame-Options:
      - DENY
      X-Request-Id:
      - d3a4cc44-e7ce-4265-acfe-d3e2427ca8ec
    status: 200 OK
    code: 200
    duration: ""
- request:
    body: ""
    form: {}
    headers:
      User-Agent:
      - scaleway-sdk-go/v1.0.0-beta.7+dev (go1.20.4; linux; amd64) terraform-provider/develop
        terraform/terraform-tests
    url: https://api.scaleway.com/k8s/v1/regions/fr-par/clusters/7b172922-eecd-4ccd-9a7a-5eaddbf0bffb/nodes?order_by=created_at_asc&page=1&pool_id=f1c0840c-1089-41f2-bf99-e87de15f2d09&status=unknown
    method: GET
  response:
    body: '{"nodes":[{"cluster_id":"7b172922-eecd-4ccd-9a7a-5eaddbf0bffb","conditions":{"DiskPressure":"False","KernelDeadlock":"False","MemoryPressure":"False","NetworkUnavailable":"False","PIDPressure":"False","PrivateNetworkUnavailable":"False","ReadonlyFilesystem":"False","Ready":"True"},"created_at":"2023-06-13T15:18:21.489814Z","error_message":null,"id":"2e5c157b-1474-4070-bd6c-1a3528d7dc4b","name":"scw-k8s-private-network-cluster-pool-2e5c157b1","pool_id":"f1c0840c-1089-41f2-bf99-e87de15f2d09","provider_id":"scaleway://instance/fr-par-1/68f45c79-12fc-4cd5-a880-d7c7620b5878","public_ip_v4":"51.15.142.17","public_ip_v6":null,"region":"fr-par","status":"ready","updated_at":"2023-06-13T15:21:40.496710Z"},{"cluster_id":"7b172922-eecd-4ccd-9a7a-5eaddbf0bffb","conditions":{"DiskPressure":"False","MemoryPressure":"False","PIDPressure":"False","PrivateNetworkUnavailable":"False","Ready":"True"},"created_at":"2023-06-13T15:18:34.707920Z","error_message":null,"id":"a1ceaeba-b15f-4116-8838-7780719c345f","name":"scw-k8s-private-network-cluster-pool-a1ceaebab","pool_id":"f1c0840c-1089-41f2-bf99-e87de15f2d09","provider_id":"scaleway://instance/fr-par-1/80a4ae16-4008-4dca-9466-c8de3f2c93d6","public_ip_v4":"163.172.161.126","public_ip_v6":null,"region":"fr-par","status":"ready","updated_at":"2023-06-13T15:21:40.542469Z"}],"total_count":2}'
    headers:
      Content-Length:
      - "1339"
      Content-Security-Policy:
      - default-src 'none'; frame-ancestors 'none'
      Content-Type:
      - application/json
      Date:
      - Tue, 13 Jun 2023 15:21:44 GMT
      Server:
      - Scaleway API-Gateway
      Strict-Transport-Security:
      - max-age=63072000
      X-Content-Type-Options:
      - nosniff
      X-Frame-Options:
      - DENY
      X-Request-Id:
      - 88033851-5817-4140-aab4-c506d9b18e4b
    status: 200 OK
    code: 200
    duration: ""
- request:
    body: ""
    form: {}
    headers:
      User-Agent:
      - scaleway-sdk-go/v1.0.0-beta.7+dev (go1.20.4; linux; amd64) terraform-provider/develop
        terraform/terraform-tests
    url: https://api.scaleway.com/k8s/v1/regions/fr-par/clusters/7b172922-eecd-4ccd-9a7a-5eaddbf0bffb
    method: GET
  response:
    body: '{"admission_plugins":[],"apiserver_cert_sans":[],"auto_upgrade":{"enabled":false,"maintenance_window":{"day":"any","start_hour":0}},"autoscaler_config":{"balance_similar_node_groups":false,"estimator":"binpacking","expander":"random","expendable_pods_priority_cutoff":0,"ignore_daemonsets_utilization":false,"max_graceful_termination_sec":0,"scale_down_delay_after_add":"10m","scale_down_disabled":false,"scale_down_unneeded_time":"10m","scale_down_utilization_threshold":0.5},"cluster_url":"https://7b172922-eecd-4ccd-9a7a-5eaddbf0bffb.api.k8s.fr-par.scw.cloud:6443","cni":"cilium","created_at":"2023-06-13T15:16:17.536659Z","dashboard_enabled":false,"description":"","dns_wildcard":"*.7b172922-eecd-4ccd-9a7a-5eaddbf0bffb.nodes.k8s.fr-par.scw.cloud","feature_gates":[],"id":"7b172922-eecd-4ccd-9a7a-5eaddbf0bffb","ingress":"none","name":"k8s-private-network-cluster","open_id_connect_config":{"client_id":"","groups_claim":[],"groups_prefix":"","issuer_url":"","required_claim":[],"username_claim":"","username_prefix":""},"organization_id":"fa1e3217-dc80-42ac-85c3-3f034b78b552","private_network_id":"f11358d1-ddb7-44c3-987e-ce0bd0573f5a","project_id":"fa1e3217-dc80-42ac-85c3-3f034b78b552","region":"fr-par","status":"ready","tags":["terraform-test","scaleway_k8s_cluster","private_network"],"type":"kapsule","updated_at":"2023-06-13T15:17:52.603427Z","upgrade_available":false,"version":"1.27.1"}'
    headers:
      Content-Length:
      - "1401"
      Content-Security-Policy:
      - default-src 'none'; frame-ancestors 'none'
      Content-Type:
      - application/json
      Date:
      - Tue, 13 Jun 2023 15:21:45 GMT
      Server:
      - Scaleway API-Gateway
      Strict-Transport-Security:
      - max-age=63072000
      X-Content-Type-Options:
      - nosniff
      X-Frame-Options:
      - DENY
      X-Request-Id:
      - d0c419e9-ad9f-4774-bbfe-78e10ca65a4c
    status: 200 OK
    code: 200
    duration: ""
- request:
    body: ""
    form: {}
    headers:
      User-Agent:
      - scaleway-sdk-go/v1.0.0-beta.7+dev (go1.20.4; linux; amd64) terraform-provider/develop
        terraform/terraform-tests
    url: https://api.scaleway.com/vpc/v2/regions/fr-par/private-networks/f11358d1-ddb7-44c3-987e-ce0bd0573f5a
    method: GET
  response:
    body: '{"created_at":"2023-06-13T15:16:17.134601Z","id":"f11358d1-ddb7-44c3-987e-ce0bd0573f5a","name":"k8s-private-network","organization_id":"fa1e3217-dc80-42ac-85c3-3f034b78b552","project_id":"fa1e3217-dc80-42ac-85c3-3f034b78b552","region":"fr-par","subnets":[{"created_at":"2023-06-13T15:16:17.134601Z","id":"e492d3ca-8c84-4aa3-9595-b56234fa0647","subnet":"172.16.32.0/22","updated_at":"2023-06-13T15:16:17.134601Z"},{"created_at":"2023-06-13T15:16:17.134601Z","id":"a220f3e5-8373-4685-b617-49badb2ae0d6","subnet":"fd63:256c:45f7:99ee::/64","updated_at":"2023-06-13T15:16:17.134601Z"}],"tags":[],"updated_at":"2023-06-13T15:16:17.134601Z","vpc_id":"1ec1ecb6-8f58-4f7c-92cc-53c2a5ae519c"}'
    headers:
      Content-Length:
      - "683"
      Content-Security-Policy:
      - default-src 'none'; frame-ancestors 'none'
      Content-Type:
      - application/json
      Date:
      - Tue, 13 Jun 2023 15:21:45 GMT
      Server:
      - Scaleway API-Gateway
      Strict-Transport-Security:
      - max-age=63072000
      X-Content-Type-Options:
      - nosniff
      X-Frame-Options:
      - DENY
      X-Request-Id:
      - e13f031b-a551-4d4b-bf2e-ff67d0165a36
    status: 200 OK
    code: 200
    duration: ""
- request:
    body: ""
    form: {}
    headers:
      User-Agent:
      - scaleway-sdk-go/v1.0.0-beta.7+dev (go1.20.4; linux; amd64) terraform-provider/develop
        terraform/terraform-tests
    url: https://api.scaleway.com/k8s/v1/regions/fr-par/pools/f1c0840c-1089-41f2-bf99-e87de15f2d09
    method: GET
  response:
    body: '{"autohealing":true,"autoscaling":false,"cluster_id":"7b172922-eecd-4ccd-9a7a-5eaddbf0bffb","container_runtime":"containerd","created_at":"2023-06-13T15:16:23.186837Z","id":"f1c0840c-1089-41f2-bf99-e87de15f2d09","kubelet_args":{},"max_size":2,"min_size":1,"name":"pool","node_type":"gp1_xs","placement_group_id":null,"region":"fr-par","root_volume_size":150000000000,"root_volume_type":"l_ssd","size":2,"status":"ready","tags":[],"updated_at":"2023-06-13T15:21:40.612543Z","upgrade_policy":{"max_surge":0,"max_unavailable":1},"version":"1.27.1","zone":"fr-par-1"}'
    headers:
      Content-Length:
      - "563"
      Content-Security-Policy:
      - default-src 'none'; frame-ancestors 'none'
      Content-Type:
      - application/json
      Date:
      - Tue, 13 Jun 2023 15:21:45 GMT
      Server:
      - Scaleway API-Gateway
      Strict-Transport-Security:
      - max-age=63072000
      X-Content-Type-Options:
      - nosniff
      X-Frame-Options:
      - DENY
      X-Request-Id:
      - 19fe7888-9fff-4145-ab2f-189060b2522c
    status: 200 OK
    code: 200
    duration: ""
- request:
    body: ""
    form: {}
    headers:
      User-Agent:
      - scaleway-sdk-go/v1.0.0-beta.7+dev (go1.20.4; linux; amd64) terraform-provider/develop
        terraform/terraform-tests
    url: https://api.scaleway.com/k8s/v1/regions/fr-par/clusters/7b172922-eecd-4ccd-9a7a-5eaddbf0bffb
    method: GET
  response:
    body: '{"admission_plugins":[],"apiserver_cert_sans":[],"auto_upgrade":{"enabled":false,"maintenance_window":{"day":"any","start_hour":0}},"autoscaler_config":{"balance_similar_node_groups":false,"estimator":"binpacking","expander":"random","expendable_pods_priority_cutoff":0,"ignore_daemonsets_utilization":false,"max_graceful_termination_sec":0,"scale_down_delay_after_add":"10m","scale_down_disabled":false,"scale_down_unneeded_time":"10m","scale_down_utilization_threshold":0.5},"cluster_url":"https://7b172922-eecd-4ccd-9a7a-5eaddbf0bffb.api.k8s.fr-par.scw.cloud:6443","cni":"cilium","created_at":"2023-06-13T15:16:17.536659Z","dashboard_enabled":false,"description":"","dns_wildcard":"*.7b172922-eecd-4ccd-9a7a-5eaddbf0bffb.nodes.k8s.fr-par.scw.cloud","feature_gates":[],"id":"7b172922-eecd-4ccd-9a7a-5eaddbf0bffb","ingress":"none","name":"k8s-private-network-cluster","open_id_connect_config":{"client_id":"","groups_claim":[],"groups_prefix":"","issuer_url":"","required_claim":[],"username_claim":"","username_prefix":""},"organization_id":"fa1e3217-dc80-42ac-85c3-3f034b78b552","private_network_id":"f11358d1-ddb7-44c3-987e-ce0bd0573f5a","project_id":"fa1e3217-dc80-42ac-85c3-3f034b78b552","region":"fr-par","status":"ready","tags":["terraform-test","scaleway_k8s_cluster","private_network"],"type":"kapsule","updated_at":"2023-06-13T15:17:52.603427Z","upgrade_available":false,"version":"1.27.1"}'
    headers:
      Content-Length:
      - "1401"
      Content-Security-Policy:
      - default-src 'none'; frame-ancestors 'none'
      Content-Type:
      - application/json
      Date:
      - Tue, 13 Jun 2023 15:21:45 GMT
      Server:
      - Scaleway API-Gateway
      Strict-Transport-Security:
      - max-age=63072000
      X-Content-Type-Options:
      - nosniff
      X-Frame-Options:
      - DENY
      X-Request-Id:
      - 142c78f8-b7f5-470d-a1e7-7d6197eceb87
    status: 200 OK
    code: 200
    duration: ""
- request:
    body: ""
    form: {}
    headers:
      User-Agent:
      - scaleway-sdk-go/v1.0.0-beta.7+dev (go1.20.4; linux; amd64) terraform-provider/develop
        terraform/terraform-tests
    url: https://api.scaleway.com/k8s/v1/regions/fr-par/clusters/7b172922-eecd-4ccd-9a7a-5eaddbf0bffb/nodes?order_by=created_at_asc&pool_id=f1c0840c-1089-41f2-bf99-e87de15f2d09&status=unknown
    method: GET
  response:
    body: '{"nodes":[{"cluster_id":"7b172922-eecd-4ccd-9a7a-5eaddbf0bffb","conditions":{"DiskPressure":"False","KernelDeadlock":"False","MemoryPressure":"False","NetworkUnavailable":"False","PIDPressure":"False","PrivateNetworkUnavailable":"False","ReadonlyFilesystem":"False","Ready":"True"},"created_at":"2023-06-13T15:18:21.489814Z","error_message":null,"id":"2e5c157b-1474-4070-bd6c-1a3528d7dc4b","name":"scw-k8s-private-network-cluster-pool-2e5c157b1","pool_id":"f1c0840c-1089-41f2-bf99-e87de15f2d09","provider_id":"scaleway://instance/fr-par-1/68f45c79-12fc-4cd5-a880-d7c7620b5878","public_ip_v4":"51.15.142.17","public_ip_v6":null,"region":"fr-par","status":"ready","updated_at":"2023-06-13T15:21:40.496710Z"},{"cluster_id":"7b172922-eecd-4ccd-9a7a-5eaddbf0bffb","conditions":{"DiskPressure":"False","MemoryPressure":"False","PIDPressure":"False","PrivateNetworkUnavailable":"False","Ready":"True"},"created_at":"2023-06-13T15:18:34.707920Z","error_message":null,"id":"a1ceaeba-b15f-4116-8838-7780719c345f","name":"scw-k8s-private-network-cluster-pool-a1ceaebab","pool_id":"f1c0840c-1089-41f2-bf99-e87de15f2d09","provider_id":"scaleway://instance/fr-par-1/80a4ae16-4008-4dca-9466-c8de3f2c93d6","public_ip_v4":"163.172.161.126","public_ip_v6":null,"region":"fr-par","status":"ready","updated_at":"2023-06-13T15:21:40.542469Z"}],"total_count":2}'
    headers:
      Content-Length:
      - "1339"
      Content-Security-Policy:
      - default-src 'none'; frame-ancestors 'none'
      Content-Type:
      - application/json
      Date:
      - Tue, 13 Jun 2023 15:21:45 GMT
      Server:
      - Scaleway API-Gateway
      Strict-Transport-Security:
      - max-age=63072000
      X-Content-Type-Options:
      - nosniff
      X-Frame-Options:
      - DENY
      X-Request-Id:
      - 6cc69942-9e5d-4157-9ec9-94374952560c
    status: 200 OK
    code: 200
    duration: ""
- request:
    body: ""
    form: {}
    headers:
      User-Agent:
      - scaleway-sdk-go/v1.0.0-beta.7+dev (go1.20.4; linux; amd64) terraform-provider/develop
        terraform/terraform-tests
    url: https://api.scaleway.com/instance/v1/zones/fr-par-1/servers/68f45c79-12fc-4cd5-a880-d7c7620b5878
    method: GET
  response:
    body: '{"server":{"allowed_actions":["poweroff","terminate","reboot","stop_in_place","backup"],"arch":"x86_64","boot_type":"local","bootscript":{"architecture":"x86_64","bootcmdargs":"LINUX_COMMON
      scaleway boot=local nbd.max_part=16","default":true,"dtb":"","id":"fdfe150f-a870-4ce4-b432-9f56b5b995c1","initrd":"http://10.194.3.9/initrd/initrd-Linux-x86_64-v3.14.6.gz","kernel":"http://10.194.3.9/kernel/x86_64-mainline-lts-4.4-4.4.230-rev1/vmlinuz-4.4.230","organization":"11111111-1111-4111-8111-111111111111","project":"11111111-1111-4111-8111-111111111111","public":true,"title":"x86_64
      mainline 4.4.230 rev1","zone":"fr-par-1"},"commercial_type":"GP1-XS","creation_date":"2023-06-13T15:18:22.276984+00:00","dynamic_ip_required":true,"enable_ipv6":true,"extra_networks":[],"hostname":"scw-k8s-private-network-cluster-pool-2e5c157b1","id":"68f45c79-12fc-4cd5-a880-d7c7620b5878","image":{"arch":"x86_64","creation_date":"2021-04-12T11:08:57.473796+00:00","default_bootscript":null,"extra_volumes":{},"from_server":null,"id":"39a71c71-bb3e-4ba9-b550-e45f491cf6a7","modification_date":"2021-04-12T11:08:59.914868+00:00","name":"Kubernetes
      base node 94cae785 20210412-1103","organization":"d3009bdc-497e-4b60-a785-1abfad8740ca","project":"d3009bdc-497e-4b60-a785-1abfad8740ca","public":true,"root_volume":{"id":"b2b0cd24-b0c2-4806-92cc-edb58a1fdfb0","name":"k8s_base_node_2021-04-12_11:03","size":10000000000,"volume_type":"l_ssd"},"state":"available","tags":[],"zone":"fr-par-1"},"ipv6":{"address":"2001:bc8:700:e06::1","gateway":"2001:bc8:700:e06::","netmask":"64"},"location":{"cluster_id":"57","hypervisor_id":"403","node_id":"7","platform_id":"14","zone_id":"par1"},"maintenances":[],"modification_date":"2023-06-13T15:18:57.215593+00:00","name":"scw-k8s-private-network-cluster-pool-2e5c157b1","organization":"fa1e3217-dc80-42ac-85c3-3f034b78b552","placement_group":null,"private_ip":"10.194.181.141","private_nics":[{"creation_date":"2023-06-13T15:18:23.296244+00:00","id":"f754771a-ef67-45f8-a870-a83df2c4854d","mac_address":"02:00:00:13:1b:cc","modification_date":"2023-06-13T15:18:24.189012+00:00","private_network_id":"f11358d1-ddb7-44c3-987e-ce0bd0573f5a","server_id":"68f45c79-12fc-4cd5-a880-d7c7620b5878","state":"available","tags":[],"zone":"fr-par-1"}],"project":"fa1e3217-dc80-42ac-85c3-3f034b78b552","protected":false,"public_ip":{"address":"51.15.142.17","dynamic":true,"id":"5eaccdda-26d1-43ed-91f3-66a8bf777a18"},"security_group":{"id":"04d161da-48b6-4550-bbe0-5d7819164918","name":"kubernetes
      7b172922-eecd-4ccd-9a7a-5eaddbf0bffb"},"state":"running","state_detail":"booting
      kernel","tags":["kapsule=7b172922-eecd-4ccd-9a7a-5eaddbf0bffb","pool=f1c0840c-1089-41f2-bf99-e87de15f2d09","pool-name=pool","runtime=containerd","managed=true","node=2e5c157b-1474-4070-bd6c-1a3528d7dc4b"],"volumes":{"0":{"boot":false,"creation_date":"2023-06-13T15:18:22.276984+00:00","export_uri":null,"id":"8dab6dad-c8f2-47d8-b385-d9be183f7a33","modification_date":"2023-06-13T15:18:22.276984+00:00","name":"k8s_base_node_2021-04-12_11:03","organization":"fa1e3217-dc80-42ac-85c3-3f034b78b552","project":"fa1e3217-dc80-42ac-85c3-3f034b78b552","server":{"id":"68f45c79-12fc-4cd5-a880-d7c7620b5878","name":"scw-k8s-private-network-cluster-pool-2e5c157b1"},"size":150000000000,"state":"available","tags":[],"volume_type":"l_ssd","zone":"fr-par-1"}},"zone":"fr-par-1"}}'
    headers:
      Content-Length:
      - "3553"
      Content-Security-Policy:
      - default-src 'none'; frame-ancestors 'none'
      Content-Type:
      - application/json
      Date:
      - Tue, 13 Jun 2023 15:21:45 GMT
      Server:
      - Scaleway API-Gateway
      Strict-Transport-Security:
      - max-age=63072000
      X-Content-Type-Options:
      - nosniff
      X-Frame-Options:
      - DENY
      X-Request-Id:
      - abf77c6d-dd1b-41f5-80d4-e81e6c537b9e
    status: 200 OK
    code: 200
    duration: ""
- request:
    body: ""
    form: {}
    headers:
      User-Agent:
      - scaleway-sdk-go/v1.0.0-beta.7+dev (go1.20.4; linux; amd64) terraform-provider/develop
        terraform/terraform-tests
    url: https://api.scaleway.com/instance/v1/zones/fr-par-1/servers/80a4ae16-4008-4dca-9466-c8de3f2c93d6
    method: GET
  response:
    body: '{"server":{"allowed_actions":["poweroff","terminate","reboot","stop_in_place","backup"],"arch":"x86_64","boot_type":"local","bootscript":{"architecture":"x86_64","bootcmdargs":"LINUX_COMMON
      scaleway boot=local nbd.max_part=16","default":true,"dtb":"","id":"fdfe150f-a870-4ce4-b432-9f56b5b995c1","initrd":"http://10.194.3.9/initrd/initrd-Linux-x86_64-v3.14.6.gz","kernel":"http://10.194.3.9/kernel/x86_64-mainline-lts-4.4-4.4.230-rev1/vmlinuz-4.4.230","organization":"11111111-1111-4111-8111-111111111111","project":"11111111-1111-4111-8111-111111111111","public":true,"title":"x86_64
      mainline 4.4.230 rev1","zone":"fr-par-1"},"commercial_type":"GP1-XS","creation_date":"2023-06-13T15:18:36.032716+00:00","dynamic_ip_required":true,"enable_ipv6":true,"extra_networks":[],"hostname":"scw-k8s-private-network-cluster-pool-a1ceaebab","id":"80a4ae16-4008-4dca-9466-c8de3f2c93d6","image":{"arch":"x86_64","creation_date":"2021-04-12T11:08:57.473796+00:00","default_bootscript":null,"extra_volumes":{},"from_server":null,"id":"39a71c71-bb3e-4ba9-b550-e45f491cf6a7","modification_date":"2021-04-12T11:08:59.914868+00:00","name":"Kubernetes
      base node 94cae785 20210412-1103","organization":"d3009bdc-497e-4b60-a785-1abfad8740ca","project":"d3009bdc-497e-4b60-a785-1abfad8740ca","public":true,"root_volume":{"id":"b2b0cd24-b0c2-4806-92cc-edb58a1fdfb0","name":"k8s_base_node_2021-04-12_11:03","size":10000000000,"volume_type":"l_ssd"},"state":"available","tags":[],"zone":"fr-par-1"},"ipv6":{"address":"2001:bc8:63c:c07::1","gateway":"2001:bc8:63c:c07::","netmask":"64"},"location":{"cluster_id":"29","hypervisor_id":"701","node_id":"8","platform_id":"14","zone_id":"par1"},"maintenances":[],"modification_date":"2023-06-13T15:19:20.879619+00:00","name":"scw-k8s-private-network-cluster-pool-a1ceaebab","organization":"fa1e3217-dc80-42ac-85c3-3f034b78b552","placement_group":null,"private_ip":"10.66.77.15","private_nics":[{"creation_date":"2023-06-13T15:18:37.698871+00:00","id":"450b83bf-8f9f-4b8f-b743-265d32f36a94","mac_address":"02:00:00:13:1b:cd","modification_date":"2023-06-13T15:18:38.740555+00:00","private_network_id":"f11358d1-ddb7-44c3-987e-ce0bd0573f5a","server_id":"80a4ae16-4008-4dca-9466-c8de3f2c93d6","state":"available","tags":[],"zone":"fr-par-1"}],"project":"fa1e3217-dc80-42ac-85c3-3f034b78b552","protected":false,"public_ip":{"address":"163.172.161.126","dynamic":true,"id":"8a21ba01-c77f-49d7-8ecf-77d7c6b1ea2c"},"security_group":{"id":"04d161da-48b6-4550-bbe0-5d7819164918","name":"kubernetes
      7b172922-eecd-4ccd-9a7a-5eaddbf0bffb"},"state":"running","state_detail":"booting
      kernel","tags":["kapsule=7b172922-eecd-4ccd-9a7a-5eaddbf0bffb","pool=f1c0840c-1089-41f2-bf99-e87de15f2d09","pool-name=pool","runtime=containerd","managed=true","node=a1ceaeba-b15f-4116-8838-7780719c345f"],"volumes":{"0":{"boot":false,"creation_date":"2023-06-13T15:18:36.032716+00:00","export_uri":null,"id":"814c29ca-13d6-400c-854a-522aa043d76b","modification_date":"2023-06-13T15:18:36.032716+00:00","name":"k8s_base_node_2021-04-12_11:03","organization":"fa1e3217-dc80-42ac-85c3-3f034b78b552","project":"fa1e3217-dc80-42ac-85c3-3f034b78b552","server":{"id":"80a4ae16-4008-4dca-9466-c8de3f2c93d6","name":"scw-k8s-private-network-cluster-pool-a1ceaebab"},"size":150000000000,"state":"available","tags":[],"volume_type":"l_ssd","zone":"fr-par-1"}},"zone":"fr-par-1"}}'
    headers:
      Content-Length:
      - "3553"
      Content-Security-Policy:
      - default-src 'none'; frame-ancestors 'none'
      Content-Type:
      - application/json
      Date:
      - Tue, 13 Jun 2023 15:21:45 GMT
      Server:
      - Scaleway API-Gateway
      Strict-Transport-Security:
      - max-age=63072000
      X-Content-Type-Options:
      - nosniff
      X-Frame-Options:
      - DENY
      X-Request-Id:
      - 911203e7-23ae-4b30-a8e3-a17241cd7e24
    status: 200 OK
    code: 200
    duration: ""
- request:
    body: ""
    form: {}
    headers:
      User-Agent:
      - scaleway-sdk-go/v1.0.0-beta.7+dev (go1.20.4; linux; amd64) terraform-provider/develop
        terraform/terraform-tests
    url: https://api.scaleway.com/vpc/v2/regions/fr-par/private-networks/f11358d1-ddb7-44c3-987e-ce0bd0573f5a
    method: GET
  response:
    body: '{"created_at":"2023-06-13T15:16:17.134601Z","id":"f11358d1-ddb7-44c3-987e-ce0bd0573f5a","name":"k8s-private-network","organization_id":"fa1e3217-dc80-42ac-85c3-3f034b78b552","project_id":"fa1e3217-dc80-42ac-85c3-3f034b78b552","region":"fr-par","subnets":[{"created_at":"2023-06-13T15:16:17.134601Z","id":"e492d3ca-8c84-4aa3-9595-b56234fa0647","subnet":"172.16.32.0/22","updated_at":"2023-06-13T15:16:17.134601Z"},{"created_at":"2023-06-13T15:16:17.134601Z","id":"a220f3e5-8373-4685-b617-49badb2ae0d6","subnet":"fd63:256c:45f7:99ee::/64","updated_at":"2023-06-13T15:16:17.134601Z"}],"tags":[],"updated_at":"2023-06-13T15:16:17.134601Z","vpc_id":"1ec1ecb6-8f58-4f7c-92cc-53c2a5ae519c"}'
    headers:
      Content-Length:
      - "683"
      Content-Security-Policy:
      - default-src 'none'; frame-ancestors 'none'
      Content-Type:
      - application/json
      Date:
      - Tue, 13 Jun 2023 15:21:45 GMT
      Server:
      - Scaleway API-Gateway
      Strict-Transport-Security:
      - max-age=63072000
      X-Content-Type-Options:
      - nosniff
      X-Frame-Options:
      - DENY
      X-Request-Id:
      - 5487c202-b936-4b9f-95da-8742f24d84b6
    status: 200 OK
    code: 200
    duration: ""
- request:
    body: ""
    form: {}
    headers:
      User-Agent:
      - scaleway-sdk-go/v1.0.0-beta.7+dev (go1.20.4; linux; amd64) terraform-provider/develop
        terraform/terraform-tests
    url: https://api.scaleway.com/k8s/v1/regions/fr-par/clusters/7b172922-eecd-4ccd-9a7a-5eaddbf0bffb
    method: GET
  response:
    body: '{"admission_plugins":[],"apiserver_cert_sans":[],"auto_upgrade":{"enabled":false,"maintenance_window":{"day":"any","start_hour":0}},"autoscaler_config":{"balance_similar_node_groups":false,"estimator":"binpacking","expander":"random","expendable_pods_priority_cutoff":0,"ignore_daemonsets_utilization":false,"max_graceful_termination_sec":0,"scale_down_delay_after_add":"10m","scale_down_disabled":false,"scale_down_unneeded_time":"10m","scale_down_utilization_threshold":0.5},"cluster_url":"https://7b172922-eecd-4ccd-9a7a-5eaddbf0bffb.api.k8s.fr-par.scw.cloud:6443","cni":"cilium","created_at":"2023-06-13T15:16:17.536659Z","dashboard_enabled":false,"description":"","dns_wildcard":"*.7b172922-eecd-4ccd-9a7a-5eaddbf0bffb.nodes.k8s.fr-par.scw.cloud","feature_gates":[],"id":"7b172922-eecd-4ccd-9a7a-5eaddbf0bffb","ingress":"none","name":"k8s-private-network-cluster","open_id_connect_config":{"client_id":"","groups_claim":[],"groups_prefix":"","issuer_url":"","required_claim":[],"username_claim":"","username_prefix":""},"organization_id":"fa1e3217-dc80-42ac-85c3-3f034b78b552","private_network_id":"f11358d1-ddb7-44c3-987e-ce0bd0573f5a","project_id":"fa1e3217-dc80-42ac-85c3-3f034b78b552","region":"fr-par","status":"ready","tags":["terraform-test","scaleway_k8s_cluster","private_network"],"type":"kapsule","updated_at":"2023-06-13T15:17:52.603427Z","upgrade_available":false,"version":"1.27.1"}'
    headers:
      Content-Length:
      - "1401"
      Content-Security-Policy:
      - default-src 'none'; frame-ancestors 'none'
      Content-Type:
      - application/json
      Date:
      - Tue, 13 Jun 2023 15:21:45 GMT
      Server:
      - Scaleway API-Gateway
      Strict-Transport-Security:
      - max-age=63072000
      X-Content-Type-Options:
      - nosniff
      X-Frame-Options:
      - DENY
      X-Request-Id:
      - 43dd8c3e-3c6d-42f2-885d-641b236c28ed
    status: 200 OK
    code: 200
    duration: ""
- request:
    body: ""
    form: {}
    headers:
      User-Agent:
      - scaleway-sdk-go/v1.0.0-beta.7+dev (go1.20.4; linux; amd64) terraform-provider/develop
        terraform/terraform-tests
    url: https://api.scaleway.com/vpc/v2/regions/fr-par/private-networks/f11358d1-ddb7-44c3-987e-ce0bd0573f5a
    method: GET
  response:
    body: '{"created_at":"2023-06-13T15:16:17.134601Z","id":"f11358d1-ddb7-44c3-987e-ce0bd0573f5a","name":"k8s-private-network","organization_id":"fa1e3217-dc80-42ac-85c3-3f034b78b552","project_id":"fa1e3217-dc80-42ac-85c3-3f034b78b552","region":"fr-par","subnets":[{"created_at":"2023-06-13T15:16:17.134601Z","id":"e492d3ca-8c84-4aa3-9595-b56234fa0647","subnet":"172.16.32.0/22","updated_at":"2023-06-13T15:16:17.134601Z"},{"created_at":"2023-06-13T15:16:17.134601Z","id":"a220f3e5-8373-4685-b617-49badb2ae0d6","subnet":"fd63:256c:45f7:99ee::/64","updated_at":"2023-06-13T15:16:17.134601Z"}],"tags":[],"updated_at":"2023-06-13T15:16:17.134601Z","vpc_id":"1ec1ecb6-8f58-4f7c-92cc-53c2a5ae519c"}'
    headers:
      Content-Length:
      - "683"
      Content-Security-Policy:
      - default-src 'none'; frame-ancestors 'none'
      Content-Type:
      - application/json
      Date:
      - Tue, 13 Jun 2023 15:21:46 GMT
      Server:
      - Scaleway API-Gateway
      Strict-Transport-Security:
      - max-age=63072000
      X-Content-Type-Options:
      - nosniff
      X-Frame-Options:
      - DENY
      X-Request-Id:
      - 6f9648fc-0dea-4c38-b3d2-d2df1ca217de
    status: 200 OK
    code: 200
    duration: ""
- request:
    body: ""
    form: {}
    headers:
      User-Agent:
      - scaleway-sdk-go/v1.0.0-beta.7+dev (go1.20.4; linux; amd64) terraform-provider/develop
        terraform/terraform-tests
    url: https://api.scaleway.com/k8s/v1/regions/fr-par/clusters/7b172922-eecd-4ccd-9a7a-5eaddbf0bffb/kubeconfig
    method: GET
  response:
    body: '{"content":"YXBpVmVyc2lvbjogdjEKY2x1c3RlcnM6Ci0gbmFtZTogIms4cy1wcml2YXRlLW5ldHdvcmstY2x1c3RlciIKICBjbHVzdGVyOgogICAgY2VydGlmaWNhdGUtYXV0aG9yaXR5LWRhdGE6IExTMHRMUzFDUlVkSlRpQkRSVkpVU1VaSlEwRlVSUzB0TFMwdENrMUpTVU0xZWtORFFXTXJaMEYzU1VKQlowbENRVVJCVGtKbmEzRm9hMmxIT1hjd1FrRlJjMFpCUkVGV1RWSk5kMFZSV1VSV1VWRkVSWGR3Y21SWFNtd0tZMjAxYkdSSFZucE5RalJZUkZSSmVrMUVXWGhOYWtVeFRWUlplRTlXYjFoRVZFMTZUVVJaZUUxcVJURk5WRmw0VDFadmQwWlVSVlJOUWtWSFFURlZSUXBCZUUxTFlUTldhVnBZU25WYVdGSnNZM3BEUTBGVFNYZEVVVmxLUzI5YVNXaDJZMDVCVVVWQ1FsRkJSR2RuUlZCQlJFTkRRVkZ2UTJkblJVSkJTMlYzQ2tGcU4wNDVkRWcyUmt0dmRFUktjVWw0WjFvcmNGVXdOM3BEZGl0VWVrdGFXamxCVW1OWVdVeG1hazVvZFVvdlUwVTJXV3R4TjNJNVdITm5OazUxUlRFS1dpdGxPR0pXTmk5Q2QxWTRNR0kzY3pOdFpEWnFibWRvTUZVemFEUjBTRzloYms5UE9VdEVlRXRrWmxrMGRsTlBOMlZyVWxaMlZqSnJNWEoyTm5GVWNBcHhibWh6UmpSMWNDdE1SekJIYTNaa1pWbG1aVkUyY21WNWJFYzJiMEpCY0U5d1kxUTJNa0pvVDAxUlN6bHhZalJKVVROdGRHOXBiM0JEYVVSWVNtUktDa2xVUzJsdFJFeERRVFpSUmtWRFozTktMMmRKYUVWR1pHUlZRaXRTY3paUU1uUTBVRFI1ZERKYWVYcDVSRmRDY1dZMWRHTXhVMkp5VEhaaWVHZGxXV1lLYlRSbFlteFlZakZNV1dsSGJteFJjVmR3Vm0xaGNsRk9kSEJDWmxWV2FHTlBZWEk1Y2t0V1pHbHRNMXBOT0VkUU5YbE5ablJYWldSSGVHaFJVbk0yU0FvM1NGZHpZWFJJVjBsSWIwTk1NVk4xWjFCTlEwRjNSVUZCWVU1RFRVVkJkMFJuV1VSV1VqQlFRVkZJTDBKQlVVUkJaMHRyVFVFNFIwRXhWV1JGZDBWQ0NpOTNVVVpOUVUxQ1FXWTRkMGhSV1VSV1VqQlBRa0paUlVaTVpVRTFZbEo2ZEhFdmQwODFkVUZFUWs4eVVHMURjSEZ4TlUxTlFUQkhRMU54UjFOSllqTUtSRkZGUWtOM1ZVRkJORWxDUVZGQk1FSmhPVzV4ZUZaT2ExVnViMnRwTnpaMk5sTndTVEZXWkdWbkx6bHFlSGgxVVd0aFpURjBiRWhxZDJkalRGVjVaZ3BKYVZSVWVtTldOVGhaVHpsMVNUWndOeXR6U2xORFRsVkdjV3hLVmk5YVlqQkNNMGx1TWxkWEsyMU1TMlZUWlV0cU1HNWtjbmRNVG1SS09EaHVVRGRoQ2pRelpERkRVSFp3WVVwak1EbGplR2xIY1VseFIzcG5UWG8xVWpkUWMwWXhjVFU1YzFGTUx6QklWbE50VFZGRGIzcHlVRXBoZWxWSVRESlpPSEk0UjBFS1RTdFNNbkZaWldWaFZFbFFNbk5sYzJodlpGaFVUbVp3V1RKUmJpOUdRVzkyZVVoaUwzVnNZWGxtUmt0eFJrSkhUbEJ5WkZsTVEzcFViMXBoWTBWMlJ3cEVlREUwZHpSd2JrcFljMlJGVDBsdGIyUXhSMlpoVEhaR1ZVaGpZU3MwY1dSMEszaDVTMkZMT1VvMWMyVnBRbUZzUzFoTVowazJXamxaV21RNGRqZG5Da3htY0c4MVZXRnBUVGhQTW5aUFowbzNPR0o2VXpreVdWcEJiakpDWTFOcFpsSjViUW90TFMwdExVVk9SQ0JEUlZKVVNVWkpRMEZVUlMwdExTMHRDZz09CiAgICBzZXJ2ZXI6IGh0dHBzOi8vN2IxNzI5MjItZWVjZC00Y2NkLTlhN2EtNWVhZGRiZjBiZmZiLmFwaS5rOHMuZnItcGFyLnNjdy5jbG91ZDo2NDQzCmNvbnRleHRzOgotIG5hbWU6IGFkbWluQGs4cy1wcml2YXRlLW5ldHdvcmstY2x1c3RlcgogIGNvbnRleHQ6CiAgICBjbHVzdGVyOiAiazhzLXByaXZhdGUtbmV0d29yay1jbHVzdGVyIgogICAgdXNlcjogazhzLXByaXZhdGUtbmV0d29yay1jbHVzdGVyLWFkbWluCmN1cnJlbnQtY29udGV4dDogYWRtaW5AazhzLXByaXZhdGUtbmV0d29yay1jbHVzdGVyCmtpbmQ6IENvbmZpZwpwcmVmZXJlbmNlczoge30KdXNlcnM6Ci0gbmFtZTogazhzLXByaXZhdGUtbmV0d29yay1jbHVzdGVyLWFkbWluCiAgdXNlcjoKICAgIHRva2VuOiBlVEhCM0FNd3VkN0VNNEt5cEk3SG9OWlU1Q3dTd1pIWUFDUmNHRnp5THNjM254QjBHbnh6bXhnZA==","content_type":"application/octet-stream","name":"kubeconfig"}'
    headers:
      Content-Length:
      - "2708"
      Content-Security-Policy:
      - default-src 'none'; frame-ancestors 'none'
      Content-Type:
      - application/json
      Date:
      - Tue, 13 Jun 2023 15:21:46 GMT
      Server:
      - Scaleway API-Gateway
      Strict-Transport-Security:
      - max-age=63072000
      X-Content-Type-Options:
      - nosniff
      X-Frame-Options:
      - DENY
      X-Request-Id:
      - ee9ffa16-dd81-4869-a6b7-7de95d9d1c2b
    status: 200 OK
    code: 200
    duration: ""
- request:
    body: ""
    form: {}
    headers:
      User-Agent:
      - scaleway-sdk-go/v1.0.0-beta.7+dev (go1.20.4; linux; amd64) terraform-provider/develop
        terraform/terraform-tests
    url: https://api.scaleway.com/k8s/v1/regions/fr-par/pools/f1c0840c-1089-41f2-bf99-e87de15f2d09
    method: GET
  response:
    body: '{"autohealing":true,"autoscaling":false,"cluster_id":"7b172922-eecd-4ccd-9a7a-5eaddbf0bffb","container_runtime":"containerd","created_at":"2023-06-13T15:16:23.186837Z","id":"f1c0840c-1089-41f2-bf99-e87de15f2d09","kubelet_args":{},"max_size":2,"min_size":1,"name":"pool","node_type":"gp1_xs","placement_group_id":null,"region":"fr-par","root_volume_size":150000000000,"root_volume_type":"l_ssd","size":2,"status":"ready","tags":[],"updated_at":"2023-06-13T15:21:40.612543Z","upgrade_policy":{"max_surge":0,"max_unavailable":1},"version":"1.27.1","zone":"fr-par-1"}'
    headers:
      Content-Length:
      - "563"
      Content-Security-Policy:
      - default-src 'none'; frame-ancestors 'none'
      Content-Type:
      - application/json
      Date:
      - Tue, 13 Jun 2023 15:21:46 GMT
      Server:
      - Scaleway API-Gateway
      Strict-Transport-Security:
      - max-age=63072000
      X-Content-Type-Options:
      - nosniff
      X-Frame-Options:
      - DENY
      X-Request-Id:
      - cf582721-41f9-4ce9-afac-8e6f0478a931
    status: 200 OK
    code: 200
    duration: ""
- request:
    body: ""
    form: {}
    headers:
      User-Agent:
      - scaleway-sdk-go/v1.0.0-beta.7+dev (go1.20.4; linux; amd64) terraform-provider/develop
        terraform/terraform-tests
    url: https://api.scaleway.com/k8s/v1/regions/fr-par/clusters/7b172922-eecd-4ccd-9a7a-5eaddbf0bffb/nodes?order_by=created_at_asc&page=1&pool_id=f1c0840c-1089-41f2-bf99-e87de15f2d09&status=unknown
    method: GET
  response:
    body: '{"nodes":[{"cluster_id":"7b172922-eecd-4ccd-9a7a-5eaddbf0bffb","conditions":{"DiskPressure":"False","KernelDeadlock":"False","MemoryPressure":"False","NetworkUnavailable":"False","PIDPressure":"False","PrivateNetworkUnavailable":"False","ReadonlyFilesystem":"False","Ready":"True"},"created_at":"2023-06-13T15:18:21.489814Z","error_message":null,"id":"2e5c157b-1474-4070-bd6c-1a3528d7dc4b","name":"scw-k8s-private-network-cluster-pool-2e5c157b1","pool_id":"f1c0840c-1089-41f2-bf99-e87de15f2d09","provider_id":"scaleway://instance/fr-par-1/68f45c79-12fc-4cd5-a880-d7c7620b5878","public_ip_v4":"51.15.142.17","public_ip_v6":null,"region":"fr-par","status":"ready","updated_at":"2023-06-13T15:21:40.496710Z"},{"cluster_id":"7b172922-eecd-4ccd-9a7a-5eaddbf0bffb","conditions":{"DiskPressure":"False","MemoryPressure":"False","PIDPressure":"False","PrivateNetworkUnavailable":"False","Ready":"True"},"created_at":"2023-06-13T15:18:34.707920Z","error_message":null,"id":"a1ceaeba-b15f-4116-8838-7780719c345f","name":"scw-k8s-private-network-cluster-pool-a1ceaebab","pool_id":"f1c0840c-1089-41f2-bf99-e87de15f2d09","provider_id":"scaleway://instance/fr-par-1/80a4ae16-4008-4dca-9466-c8de3f2c93d6","public_ip_v4":"163.172.161.126","public_ip_v6":null,"region":"fr-par","status":"ready","updated_at":"2023-06-13T15:21:40.542469Z"}],"total_count":2}'
    headers:
      Content-Length:
      - "1339"
      Content-Security-Policy:
      - default-src 'none'; frame-ancestors 'none'
      Content-Type:
      - application/json
      Date:
      - Tue, 13 Jun 2023 15:21:46 GMT
      Server:
      - Scaleway API-Gateway
      Strict-Transport-Security:
      - max-age=63072000
      X-Content-Type-Options:
      - nosniff
      X-Frame-Options:
      - DENY
      X-Request-Id:
      - e75cf015-2bcc-4c13-8670-842f2d729a35
    status: 200 OK
    code: 200
    duration: ""
- request:
    body: ""
    form: {}
    headers:
      User-Agent:
      - scaleway-sdk-go/v1.0.0-beta.7+dev (go1.20.4; linux; amd64) terraform-provider/develop
        terraform/terraform-tests
    url: https://api.scaleway.com/k8s/v1/regions/fr-par/pools/f1c0840c-1089-41f2-bf99-e87de15f2d09
    method: DELETE
  response:
    body: '{"autohealing":true,"autoscaling":false,"cluster_id":"7b172922-eecd-4ccd-9a7a-5eaddbf0bffb","container_runtime":"containerd","created_at":"2023-06-13T15:16:23.186837Z","id":"f1c0840c-1089-41f2-bf99-e87de15f2d09","kubelet_args":{},"max_size":2,"min_size":1,"name":"pool","node_type":"gp1_xs","placement_group_id":null,"region":"fr-par","root_volume_size":150000000000,"root_volume_type":"l_ssd","size":2,"status":"deleting","tags":[],"updated_at":"2023-06-13T15:21:46.588720772Z","upgrade_policy":{"max_surge":0,"max_unavailable":1},"version":"1.27.1","zone":"fr-par-1"}'
    headers:
      Content-Length:
      - "569"
      Content-Security-Policy:
      - default-src 'none'; frame-ancestors 'none'
      Content-Type:
      - application/json
      Date:
      - Tue, 13 Jun 2023 15:21:46 GMT
      Server:
      - Scaleway API-Gateway
      Strict-Transport-Security:
      - max-age=63072000
      X-Content-Type-Options:
      - nosniff
      X-Frame-Options:
      - DENY
      X-Request-Id:
      - 7b8e5189-6007-46fa-84a1-229e06224183
    status: 200 OK
    code: 200
    duration: ""
- request:
    body: ""
    form: {}
    headers:
      User-Agent:
      - scaleway-sdk-go/v1.0.0-beta.7+dev (go1.20.4; linux; amd64) terraform-provider/develop
        terraform/terraform-tests
    url: https://api.scaleway.com/k8s/v1/regions/fr-par/clusters/7b172922-eecd-4ccd-9a7a-5eaddbf0bffb?with_additional_resources=true
    method: DELETE
  response:
    body: '{"admission_plugins":[],"apiserver_cert_sans":[],"auto_upgrade":{"enabled":false,"maintenance_window":{"day":"any","start_hour":0}},"autoscaler_config":{"balance_similar_node_groups":false,"estimator":"binpacking","expander":"random","expendable_pods_priority_cutoff":0,"ignore_daemonsets_utilization":false,"max_graceful_termination_sec":0,"scale_down_delay_after_add":"10m","scale_down_disabled":false,"scale_down_unneeded_time":"10m","scale_down_utilization_threshold":0.5},"cluster_url":"https://7b172922-eecd-4ccd-9a7a-5eaddbf0bffb.api.k8s.fr-par.scw.cloud:6443","cni":"cilium","created_at":"2023-06-13T15:16:17.536659Z","dashboard_enabled":false,"description":"","dns_wildcard":"*.7b172922-eecd-4ccd-9a7a-5eaddbf0bffb.nodes.k8s.fr-par.scw.cloud","feature_gates":[],"id":"7b172922-eecd-4ccd-9a7a-5eaddbf0bffb","ingress":"none","name":"k8s-private-network-cluster","open_id_connect_config":{"client_id":"","groups_claim":[],"groups_prefix":"","issuer_url":"","required_claim":[],"username_claim":"","username_prefix":""},"organization_id":"fa1e3217-dc80-42ac-85c3-3f034b78b552","private_network_id":"f11358d1-ddb7-44c3-987e-ce0bd0573f5a","project_id":"fa1e3217-dc80-42ac-85c3-3f034b78b552","region":"fr-par","status":"deleting","tags":["terraform-test","scaleway_k8s_cluster","private_network"],"type":"kapsule","updated_at":"2023-06-13T15:21:46.802402474Z","upgrade_available":false,"version":"1.27.1"}'
    headers:
      Content-Length:
      - "1407"
      Content-Security-Policy:
      - default-src 'none'; frame-ancestors 'none'
      Content-Type:
      - application/json
      Date:
      - Tue, 13 Jun 2023 15:21:46 GMT
      Server:
      - Scaleway API-Gateway
      Strict-Transport-Security:
      - max-age=63072000
      X-Content-Type-Options:
      - nosniff
      X-Frame-Options:
      - DENY
      X-Request-Id:
      - 376adeb0-deaa-4d5d-beb5-4318749d0430
    status: 200 OK
    code: 200
    duration: ""
- request:
    body: ""
    form: {}
    headers:
      User-Agent:
      - scaleway-sdk-go/v1.0.0-beta.7+dev (go1.20.4; linux; amd64) terraform-provider/develop
        terraform/terraform-tests
    url: https://api.scaleway.com/k8s/v1/regions/fr-par/clusters/7b172922-eecd-4ccd-9a7a-5eaddbf0bffb
    method: GET
  response:
    body: '{"admission_plugins":[],"apiserver_cert_sans":[],"auto_upgrade":{"enabled":false,"maintenance_window":{"day":"any","start_hour":0}},"autoscaler_config":{"balance_similar_node_groups":false,"estimator":"binpacking","expander":"random","expendable_pods_priority_cutoff":0,"ignore_daemonsets_utilization":false,"max_graceful_termination_sec":0,"scale_down_delay_after_add":"10m","scale_down_disabled":false,"scale_down_unneeded_time":"10m","scale_down_utilization_threshold":0.5},"cluster_url":"https://7b172922-eecd-4ccd-9a7a-5eaddbf0bffb.api.k8s.fr-par.scw.cloud:6443","cni":"cilium","created_at":"2023-06-13T15:16:17.536659Z","dashboard_enabled":false,"description":"","dns_wildcard":"*.7b172922-eecd-4ccd-9a7a-5eaddbf0bffb.nodes.k8s.fr-par.scw.cloud","feature_gates":[],"id":"7b172922-eecd-4ccd-9a7a-5eaddbf0bffb","ingress":"none","name":"k8s-private-network-cluster","open_id_connect_config":{"client_id":"","groups_claim":[],"groups_prefix":"","issuer_url":"","required_claim":[],"username_claim":"","username_prefix":""},"organization_id":"fa1e3217-dc80-42ac-85c3-3f034b78b552","private_network_id":"f11358d1-ddb7-44c3-987e-ce0bd0573f5a","project_id":"fa1e3217-dc80-42ac-85c3-3f034b78b552","region":"fr-par","status":"deleting","tags":["terraform-test","scaleway_k8s_cluster","private_network"],"type":"kapsule","updated_at":"2023-06-13T15:21:46.802402Z","upgrade_available":false,"version":"1.27.1"}'
    headers:
      Content-Length:
      - "1404"
      Content-Security-Policy:
      - default-src 'none'; frame-ancestors 'none'
      Content-Type:
      - application/json
      Date:
      - Tue, 13 Jun 2023 15:21:47 GMT
      Server:
      - Scaleway API-Gateway
      Strict-Transport-Security:
      - max-age=63072000
      X-Content-Type-Options:
      - nosniff
      X-Frame-Options:
      - DENY
      X-Request-Id:
      - 7683fdad-520e-4804-a1bd-e4b8c2dc1e1e
    status: 200 OK
    code: 200
    duration: ""
- request:
    body: ""
    form: {}
    headers:
      User-Agent:
      - scaleway-sdk-go/v1.0.0-beta.7+dev (go1.20.4; linux; amd64) terraform-provider/develop
        terraform/terraform-tests
    url: https://api.scaleway.com/k8s/v1/regions/fr-par/clusters/7b172922-eecd-4ccd-9a7a-5eaddbf0bffb
    method: GET
  response:
    body: '{"admission_plugins":[],"apiserver_cert_sans":[],"auto_upgrade":{"enabled":false,"maintenance_window":{"day":"any","start_hour":0}},"autoscaler_config":{"balance_similar_node_groups":false,"estimator":"binpacking","expander":"random","expendable_pods_priority_cutoff":0,"ignore_daemonsets_utilization":false,"max_graceful_termination_sec":0,"scale_down_delay_after_add":"10m","scale_down_disabled":false,"scale_down_unneeded_time":"10m","scale_down_utilization_threshold":0.5},"cluster_url":"https://7b172922-eecd-4ccd-9a7a-5eaddbf0bffb.api.k8s.fr-par.scw.cloud:6443","cni":"cilium","created_at":"2023-06-13T15:16:17.536659Z","dashboard_enabled":false,"description":"","dns_wildcard":"*.7b172922-eecd-4ccd-9a7a-5eaddbf0bffb.nodes.k8s.fr-par.scw.cloud","feature_gates":[],"id":"7b172922-eecd-4ccd-9a7a-5eaddbf0bffb","ingress":"none","name":"k8s-private-network-cluster","open_id_connect_config":{"client_id":"","groups_claim":[],"groups_prefix":"","issuer_url":"","required_claim":[],"username_claim":"","username_prefix":""},"organization_id":"fa1e3217-dc80-42ac-85c3-3f034b78b552","private_network_id":"f11358d1-ddb7-44c3-987e-ce0bd0573f5a","project_id":"fa1e3217-dc80-42ac-85c3-3f034b78b552","region":"fr-par","status":"deleting","tags":["terraform-test","scaleway_k8s_cluster","private_network"],"type":"kapsule","updated_at":"2023-06-13T15:21:46.802402Z","upgrade_available":false,"version":"1.27.1"}'
    headers:
      Content-Length:
      - "1404"
      Content-Security-Policy:
      - default-src 'none'; frame-ancestors 'none'
      Content-Type:
      - application/json
      Date:
      - Tue, 13 Jun 2023 15:21:52 GMT
      Server:
      - Scaleway API-Gateway
      Strict-Transport-Security:
      - max-age=63072000
      X-Content-Type-Options:
      - nosniff
      X-Frame-Options:
      - DENY
      X-Request-Id:
      - 7d8bc087-af17-489a-b852-7b5bee35f1bf
    status: 200 OK
    code: 200
    duration: ""
- request:
    body: ""
    form: {}
    headers:
      User-Agent:
      - scaleway-sdk-go/v1.0.0-beta.7+dev (go1.20.4; linux; amd64) terraform-provider/develop
        terraform/terraform-tests
    url: https://api.scaleway.com/k8s/v1/regions/fr-par/clusters/7b172922-eecd-4ccd-9a7a-5eaddbf0bffb
    method: GET
  response:
    body: '{"admission_plugins":[],"apiserver_cert_sans":[],"auto_upgrade":{"enabled":false,"maintenance_window":{"day":"any","start_hour":0}},"autoscaler_config":{"balance_similar_node_groups":false,"estimator":"binpacking","expander":"random","expendable_pods_priority_cutoff":0,"ignore_daemonsets_utilization":false,"max_graceful_termination_sec":0,"scale_down_delay_after_add":"10m","scale_down_disabled":false,"scale_down_unneeded_time":"10m","scale_down_utilization_threshold":0.5},"cluster_url":"https://7b172922-eecd-4ccd-9a7a-5eaddbf0bffb.api.k8s.fr-par.scw.cloud:6443","cni":"cilium","created_at":"2023-06-13T15:16:17.536659Z","dashboard_enabled":false,"description":"","dns_wildcard":"*.7b172922-eecd-4ccd-9a7a-5eaddbf0bffb.nodes.k8s.fr-par.scw.cloud","feature_gates":[],"id":"7b172922-eecd-4ccd-9a7a-5eaddbf0bffb","ingress":"none","name":"k8s-private-network-cluster","open_id_connect_config":{"client_id":"","groups_claim":[],"groups_prefix":"","issuer_url":"","required_claim":[],"username_claim":"","username_prefix":""},"organization_id":"fa1e3217-dc80-42ac-85c3-3f034b78b552","private_network_id":"f11358d1-ddb7-44c3-987e-ce0bd0573f5a","project_id":"fa1e3217-dc80-42ac-85c3-3f034b78b552","region":"fr-par","status":"deleting","tags":["terraform-test","scaleway_k8s_cluster","private_network"],"type":"kapsule","updated_at":"2023-06-13T15:21:46.802402Z","upgrade_available":false,"version":"1.27.1"}'
    headers:
      Content-Length:
      - "1404"
      Content-Security-Policy:
      - default-src 'none'; frame-ancestors 'none'
      Content-Type:
      - application/json
      Date:
      - Tue, 13 Jun 2023 15:21:57 GMT
      Server:
      - Scaleway API-Gateway
      Strict-Transport-Security:
      - max-age=63072000
      X-Content-Type-Options:
      - nosniff
      X-Frame-Options:
      - DENY
      X-Request-Id:
      - 1787112f-2270-400a-9cbd-14121965e369
    status: 200 OK
    code: 200
    duration: ""
- request:
    body: ""
    form: {}
    headers:
      User-Agent:
      - scaleway-sdk-go/v1.0.0-beta.7+dev (go1.20.4; linux; amd64) terraform-provider/develop
        terraform/terraform-tests
    url: https://api.scaleway.com/k8s/v1/regions/fr-par/clusters/7b172922-eecd-4ccd-9a7a-5eaddbf0bffb
    method: GET
  response:
    body: '{"admission_plugins":[],"apiserver_cert_sans":[],"auto_upgrade":{"enabled":false,"maintenance_window":{"day":"any","start_hour":0}},"autoscaler_config":{"balance_similar_node_groups":false,"estimator":"binpacking","expander":"random","expendable_pods_priority_cutoff":0,"ignore_daemonsets_utilization":false,"max_graceful_termination_sec":0,"scale_down_delay_after_add":"10m","scale_down_disabled":false,"scale_down_unneeded_time":"10m","scale_down_utilization_threshold":0.5},"cluster_url":"https://7b172922-eecd-4ccd-9a7a-5eaddbf0bffb.api.k8s.fr-par.scw.cloud:6443","cni":"cilium","created_at":"2023-06-13T15:16:17.536659Z","dashboard_enabled":false,"description":"","dns_wildcard":"*.7b172922-eecd-4ccd-9a7a-5eaddbf0bffb.nodes.k8s.fr-par.scw.cloud","feature_gates":[],"id":"7b172922-eecd-4ccd-9a7a-5eaddbf0bffb","ingress":"none","name":"k8s-private-network-cluster","open_id_connect_config":{"client_id":"","groups_claim":[],"groups_prefix":"","issuer_url":"","required_claim":[],"username_claim":"","username_prefix":""},"organization_id":"fa1e3217-dc80-42ac-85c3-3f034b78b552","private_network_id":"f11358d1-ddb7-44c3-987e-ce0bd0573f5a","project_id":"fa1e3217-dc80-42ac-85c3-3f034b78b552","region":"fr-par","status":"deleting","tags":["terraform-test","scaleway_k8s_cluster","private_network"],"type":"kapsule","updated_at":"2023-06-13T15:21:46.802402Z","upgrade_available":false,"version":"1.27.1"}'
    headers:
      Content-Length:
      - "1404"
      Content-Security-Policy:
      - default-src 'none'; frame-ancestors 'none'
      Content-Type:
      - application/json
      Date:
      - Tue, 13 Jun 2023 15:22:02 GMT
      Server:
      - Scaleway API-Gateway
      Strict-Transport-Security:
      - max-age=63072000
      X-Content-Type-Options:
      - nosniff
      X-Frame-Options:
      - DENY
      X-Request-Id:
      - 92f522f6-691d-48d2-bff0-2a6b76d364d1
    status: 200 OK
    code: 200
    duration: ""
- request:
    body: ""
    form: {}
    headers:
      User-Agent:
      - scaleway-sdk-go/v1.0.0-beta.7+dev (go1.20.4; linux; amd64) terraform-provider/develop
        terraform/terraform-tests
    url: https://api.scaleway.com/k8s/v1/regions/fr-par/clusters/7b172922-eecd-4ccd-9a7a-5eaddbf0bffb
    method: GET
  response:
    body: '{"admission_plugins":[],"apiserver_cert_sans":[],"auto_upgrade":{"enabled":false,"maintenance_window":{"day":"any","start_hour":0}},"autoscaler_config":{"balance_similar_node_groups":false,"estimator":"binpacking","expander":"random","expendable_pods_priority_cutoff":0,"ignore_daemonsets_utilization":false,"max_graceful_termination_sec":0,"scale_down_delay_after_add":"10m","scale_down_disabled":false,"scale_down_unneeded_time":"10m","scale_down_utilization_threshold":0.5},"cluster_url":"https://7b172922-eecd-4ccd-9a7a-5eaddbf0bffb.api.k8s.fr-par.scw.cloud:6443","cni":"cilium","created_at":"2023-06-13T15:16:17.536659Z","dashboard_enabled":false,"description":"","dns_wildcard":"*.7b172922-eecd-4ccd-9a7a-5eaddbf0bffb.nodes.k8s.fr-par.scw.cloud","feature_gates":[],"id":"7b172922-eecd-4ccd-9a7a-5eaddbf0bffb","ingress":"none","name":"k8s-private-network-cluster","open_id_connect_config":{"client_id":"","groups_claim":[],"groups_prefix":"","issuer_url":"","required_claim":[],"username_claim":"","username_prefix":""},"organization_id":"fa1e3217-dc80-42ac-85c3-3f034b78b552","private_network_id":"f11358d1-ddb7-44c3-987e-ce0bd0573f5a","project_id":"fa1e3217-dc80-42ac-85c3-3f034b78b552","region":"fr-par","status":"deleting","tags":["terraform-test","scaleway_k8s_cluster","private_network"],"type":"kapsule","updated_at":"2023-06-13T15:21:46.802402Z","upgrade_available":false,"version":"1.27.1"}'
    headers:
      Content-Length:
      - "1404"
      Content-Security-Policy:
      - default-src 'none'; frame-ancestors 'none'
      Content-Type:
      - application/json
      Date:
      - Tue, 13 Jun 2023 15:22:07 GMT
      Server:
      - Scaleway API-Gateway
      Strict-Transport-Security:
      - max-age=63072000
      X-Content-Type-Options:
      - nosniff
      X-Frame-Options:
      - DENY
      X-Request-Id:
      - 2662c5a1-d836-4c7a-b95c-4f234ff32d92
    status: 200 OK
    code: 200
    duration: ""
- request:
    body: ""
    form: {}
    headers:
      User-Agent:
      - scaleway-sdk-go/v1.0.0-beta.7+dev (go1.20.4; linux; amd64) terraform-provider/develop
        terraform/terraform-tests
    url: https://api.scaleway.com/k8s/v1/regions/fr-par/clusters/7b172922-eecd-4ccd-9a7a-5eaddbf0bffb
    method: GET
  response:
    body: '{"message":"resource is not found","resource":"cluster","resource_id":"7b172922-eecd-4ccd-9a7a-5eaddbf0bffb","type":"not_found"}'
    headers:
      Content-Length:
      - "128"
      Content-Security-Policy:
      - default-src 'none'; frame-ancestors 'none'
      Content-Type:
      - application/json
      Date:
      - Tue, 13 Jun 2023 15:22:12 GMT
      Server:
      - Scaleway API-Gateway
      Strict-Transport-Security:
      - max-age=63072000
      X-Content-Type-Options:
      - nosniff
      X-Frame-Options:
      - DENY
      X-Request-Id:
      - 3522f8da-7069-4963-8255-bf376cf20b1a
    status: 404 Not Found
    code: 404
    duration: ""
- request:
    body: ""
    form: {}
    headers:
      User-Agent:
      - scaleway-sdk-go/v1.0.0-beta.7+dev (go1.20.4; linux; amd64) terraform-provider/develop
        terraform/terraform-tests
    url: https://api.scaleway.com/vpc/v2/regions/fr-par/private-networks/f11358d1-ddb7-44c3-987e-ce0bd0573f5a
    method: DELETE
  response:
    body: ""
    headers:
      Content-Security-Policy:
      - default-src 'none'; frame-ancestors 'none'
      Content-Type:
      - application/json
      Date:
      - Tue, 13 Jun 2023 15:22:13 GMT
      Server:
      - Scaleway API-Gateway
      Strict-Transport-Security:
      - max-age=63072000
      X-Content-Type-Options:
      - nosniff
      X-Frame-Options:
      - DENY
      X-Request-Id:
      - 8110ec73-c3b7-4a4a-aa1f-f390505b65aa
    status: 204 No Content
    code: 204
    duration: ""
- request:
    body: ""
    form: {}
    headers:
      User-Agent:
      - scaleway-sdk-go/v1.0.0-beta.7+dev (go1.20.4; linux; amd64) terraform-provider/develop
        terraform/terraform-tests
    url: https://api.scaleway.com/k8s/v1/regions/fr-par/clusters/7b172922-eecd-4ccd-9a7a-5eaddbf0bffb
    method: GET
  response:
    body: '{"message":"resource is not found","resource":"cluster","resource_id":"7b172922-eecd-4ccd-9a7a-5eaddbf0bffb","type":"not_found"}'
    headers:
      Content-Length:
      - "128"
      Content-Security-Policy:
      - default-src 'none'; frame-ancestors 'none'
      Content-Type:
      - application/json
      Date:
      - Tue, 13 Jun 2023 15:22:13 GMT
      Server:
      - Scaleway API-Gateway
      Strict-Transport-Security:
      - max-age=63072000
      X-Content-Type-Options:
      - nosniff
      X-Frame-Options:
      - DENY
      X-Request-Id:
      - 8cac854e-a251-4b11-b301-9da1c0e5d0b0
    status: 404 Not Found
    code: 404
    duration: ""
