---
version: 1
interactions:
- request:
    body: ""
    form: {}
    headers:
      User-Agent:
      - scaleway-sdk-go/v1.0.0-beta.7+dev (go1.17.3; darwin; amd64) terraform-provider/develop
        terraform/terraform-tests
    url: https://api.scaleway.com/k8s/v1/regions/fr-par/versions
    method: GET
  response:
    body: '{"versions":[{"region":"fr-par","name":"1.23.0","label":"Kubernetes 1.23.0","available_cnis":["cilium","calico","weave","flannel"],"available_ingresses":["none","nginx","traefik","traefik2"],"available_container_runtimes":["containerd","crio","docker"],"available_feature_gates":["HPAScaleToZero","EphemeralContainers","KubeletCredentialProviders"],"available_admission_plugins":["PodNodeSelector","AlwaysPullImages","PodTolerationRestriction"],"available_kubelet_args":{"cpuCFSQuota":"bool","cpuCFSQuotaPeriod":"duration","cpuManagerPolicy":"enum:none|static","maxPods":"uint16"}},{"region":"fr-par","name":"1.22.4","label":"Kubernetes
      1.22.4","available_cnis":["cilium","calico","weave","flannel"],"available_ingresses":["none","nginx","traefik","traefik2"],"available_container_runtimes":["containerd","crio","docker"],"available_feature_gates":["TTLAfterFinished","HPAScaleToZero","EphemeralContainers","KubeletCredentialProviders"],"available_admission_plugins":["PodSecurityPolicy","PodNodeSelector","AlwaysPullImages","PodTolerationRestriction"],"available_kubelet_args":{"cpuCFSQuota":"bool","cpuCFSQuotaPeriod":"duration","cpuManagerPolicy":"enum:none|static","maxPods":"uint16"}},{"region":"fr-par","name":"1.21.7","label":"Kubernetes
      1.21.7","available_cnis":["cilium","calico","weave","flannel"],"available_ingresses":["none","nginx","traefik","traefik2"],"available_container_runtimes":["containerd","crio","docker"],"available_feature_gates":["TTLAfterFinished","HPAScaleToZero","ServiceTopology","EphemeralContainers","KubeletCredentialProviders"],"available_admission_plugins":["PodSecurityPolicy","PodNodeSelector","AlwaysPullImages","PodTolerationRestriction"],"available_kubelet_args":{"cpuCFSQuota":"bool","cpuCFSQuotaPeriod":"duration","cpuManagerPolicy":"enum:none|static","maxPods":"uint16"}},{"region":"fr-par","name":"1.20.13","label":"Kubernetes
      1.20.13","available_cnis":["cilium","calico","weave","flannel"],"available_ingresses":["none","nginx","traefik","traefik2"],"available_container_runtimes":["containerd","crio","docker"],"available_feature_gates":["TTLAfterFinished","HPAScaleToZero","ServiceTopology","EphemeralContainers","KubeletCredentialProviders","GenericEphemeralVolume"],"available_admission_plugins":["PodSecurityPolicy","PodNodeSelector","AlwaysPullImages","PodTolerationRestriction"],"available_kubelet_args":{"cpuCFSQuota":"bool","cpuCFSQuotaPeriod":"duration","cpuManagerPolicy":"enum:none|static","maxPods":"uint16"}},{"region":"fr-par","name":"1.19.16","label":"Kubernetes
      1.19.16","available_cnis":["cilium","calico","weave","flannel"],"available_ingresses":["none","nginx","traefik","traefik2"],"available_container_runtimes":["containerd","crio","docker"],"available_feature_gates":["TTLAfterFinished","ServiceNodeExclusion","EndpointSlice","EndpointSliceProxying","HPAScaleToZero","ServiceTopology","EphemeralContainers","GenericEphemeralVolume"],"available_admission_plugins":["PodSecurityPolicy","PodNodeSelector","AlwaysPullImages","PodPreset","PodTolerationRestriction"],"available_kubelet_args":{"cpuCFSQuota":"bool","cpuCFSQuotaPeriod":"duration","cpuManagerPolicy":"enum:none|static","maxPods":"uint16"}},{"region":"fr-par","name":"1.18.19","label":"Kubernetes
      1.18.19","available_cnis":["cilium","calico","weave","flannel"],"available_ingresses":["none","nginx","traefik","traefik2"],"available_container_runtimes":["containerd","crio","docker"],"available_feature_gates":["TTLAfterFinished","ServiceNodeExclusion","EndpointSlice","EndpointSliceProxying","HPAScaleToZero","ServiceTopology","EphemeralContainers"],"available_admission_plugins":["PodSecurityPolicy","PodNodeSelector","AlwaysPullImages","PodPreset","PodTolerationRestriction"],"available_kubelet_args":{"cpuCFSQuota":"bool","cpuCFSQuotaPeriod":"duration","cpuManagerPolicy":"enum:none|static","maxPods":"uint16"}},{"region":"fr-par","name":"1.17.17","label":"Kubernetes
      1.17.17","available_cnis":["cilium","calico","weave","flannel"],"available_ingresses":["none","nginx","traefik","traefik2"],"available_container_runtimes":["containerd","crio","docker"],"available_feature_gates":["TTLAfterFinished","ServiceNodeExclusion","EndpointSlice","HPAScaleToZero","ServiceTopology","EphemeralContainers"],"available_admission_plugins":["PodSecurityPolicy","PodNodeSelector","AlwaysPullImages","PodPreset","PodTolerationRestriction"],"available_kubelet_args":{"cpuCFSQuota":"bool","cpuCFSQuotaPeriod":"duration","cpuManagerPolicy":"enum:none|static","maxPods":"uint16"}}]}'
    headers:
      Content-Security-Policy:
      - default-src 'none'; frame-ancestors 'none'
      Content-Type:
      - application/json
      Date:
      - Mon, 13 Dec 2021 17:21:18 GMT
      Server:
      - Scaleway API-Gateway
      Strict-Transport-Security:
      - max-age=63072000
      X-Content-Type-Options:
      - nosniff
      X-Frame-Options:
      - DENY
      X-Request-Id:
      - db04b2e7-28fc-4a56-9cd9-e6554c5158e7
    status: 200 OK
    code: 200
    duration: ""
- request:
    body: '{"name":"pool-placement-group","project":"105bdce1-64c0-48ab-899d-868455867ecf","policy_mode":"optional","policy_type":"max_availability"}'
    form: {}
    headers:
      Content-Type:
      - application/json
      User-Agent:
      - scaleway-sdk-go/v1.0.0-beta.7+dev (go1.17.3; darwin; amd64) terraform-provider/develop
        terraform/terraform-tests
    url: https://api.scaleway.com/instance/v1/zones/fr-par-1/placement_groups
    method: POST
  response:
    body: '{"placement_group": {"id": "a2b42cc2-0967-4a05-ac5f-d5a34c262d8d", "name":
      "pool-placement-group", "organization": "105bdce1-64c0-48ab-899d-868455867ecf",
      "project": "105bdce1-64c0-48ab-899d-868455867ecf", "policy_mode": "optional",
      "policy_type": "max_availability", "policy_respected": true, "zone": "fr-par-1"}}'
    headers:
      Content-Length:
      - "314"
      Content-Security-Policy:
      - default-src 'none'; frame-ancestors 'none'
      Content-Type:
      - application/json
      Date:
      - Mon, 13 Dec 2021 17:21:20 GMT
      Location:
      - https://api.scaleway.com/instance/v1/zones/fr-par-1/placement_groups/a2b42cc2-0967-4a05-ac5f-d5a34c262d8d
      Server:
      - Scaleway API-Gateway
      Strict-Transport-Security:
      - max-age=63072000
      X-Content-Type-Options:
      - nosniff
      X-Frame-Options:
      - DENY
      X-Request-Id:
      - 36f9096c-9968-4b93-bd7c-c760502f00cd
    status: 201 Created
    code: 201
    duration: ""
- request:
    body: ""
    form: {}
    headers:
      User-Agent:
      - scaleway-sdk-go/v1.0.0-beta.7+dev (go1.17.3; darwin; amd64) terraform-provider/develop
        terraform/terraform-tests
    url: https://api.scaleway.com/instance/v1/zones/fr-par-1/placement_groups/a2b42cc2-0967-4a05-ac5f-d5a34c262d8d
    method: GET
  response:
    body: '{"placement_group": {"id": "a2b42cc2-0967-4a05-ac5f-d5a34c262d8d", "name":
      "pool-placement-group", "organization": "105bdce1-64c0-48ab-899d-868455867ecf",
      "project": "105bdce1-64c0-48ab-899d-868455867ecf", "policy_mode": "optional",
      "policy_type": "max_availability", "policy_respected": true, "zone": "fr-par-1"}}'
    headers:
      Content-Length:
      - "314"
      Content-Security-Policy:
      - default-src 'none'; frame-ancestors 'none'
      Content-Type:
      - application/json
      Date:
      - Mon, 13 Dec 2021 17:21:20 GMT
      Server:
      - Scaleway API-Gateway
      Strict-Transport-Security:
      - max-age=63072000
      X-Content-Type-Options:
      - nosniff
      X-Frame-Options:
      - DENY
      X-Request-Id:
      - 8e846dd9-c7ac-4f19-8ced-b364247c5156
    status: 200 OK
    code: 200
    duration: ""
- request:
    body: '{"project_id":"105bdce1-64c0-48ab-899d-868455867ecf","type":"","name":"placement_group","description":"","tags":["terraform-test","scaleway_k8s_cluster","placement_group"],"version":"1.23.0","cni":"calico","enable_dashboard":false,"ingress":"unknown_ingress","pools":null,"autoscaler_config":{"scale_down_disabled":null,"scale_down_delay_after_add":null,"estimator":"unknown_estimator","expander":"unknown_expander","ignore_daemonsets_utilization":null,"balance_similar_node_groups":null,"expendable_pods_priority_cutoff":0,"scale_down_unneeded_time":null,"scale_down_utilization_threshold":null,"max_graceful_termination_sec":0},"auto_upgrade":null,"feature_gates":[],"admission_plugins":[],"open_id_connect_config":null,"apiserver_cert_sans":[]}'
    form: {}
    headers:
      Content-Type:
      - application/json
      User-Agent:
      - scaleway-sdk-go/v1.0.0-beta.7+dev (go1.17.3; darwin; amd64) terraform-provider/develop
        terraform/terraform-tests
    url: https://api.scaleway.com/k8s/v1/regions/fr-par/clusters
    method: POST
  response:
    body: '{"region":"fr-par","id":"a7895495-afd2-4d5e-aaf5-0e0dc3de332d","organization_id":"105bdce1-64c0-48ab-899d-868455867ecf","project_id":"105bdce1-64c0-48ab-899d-868455867ecf","created_at":"2021-12-13T17:21:21.402110078Z","updated_at":"2021-12-13T17:21:21.432239606Z","type":"kapsule","name":"placement_group","description":"","status":"creating","version":"1.23.0","cni":"calico","tags":["terraform-test","scaleway_k8s_cluster","placement_group"],"cluster_url":"https://a7895495-afd2-4d5e-aaf5-0e0dc3de332d.api.k8s.fr-par.scw.cloud:6443","dns_wildcard":"*.a7895495-afd2-4d5e-aaf5-0e0dc3de332d.nodes.k8s.fr-par.scw.cloud","autoscaler_config":{"scale_down_disabled":false,"scale_down_delay_after_add":"10m","estimator":"binpacking","expander":"random","ignore_daemonsets_utilization":false,"balance_similar_node_groups":false,"expendable_pods_priority_cutoff":0,"scale_down_unneeded_time":"10m","scale_down_utilization_threshold":0.5,"max_graceful_termination_sec":0},"dashboard_enabled":false,"ingress":"none","auto_upgrade":{"enabled":false,"maintenance_window":{"start_hour":0,"day":"any"}},"upgrade_available":false,"feature_gates":[],"admission_plugins":[],"open_id_connect_config":{"issuer_url":"","client_id":"","username_claim":"","username_prefix":"","groups_claim":[],"groups_prefix":"","required_claim":[]},"apiserver_cert_sans":[]}'
    headers:
      Content-Length:
      - "1338"
      Content-Security-Policy:
      - default-src 'none'; frame-ancestors 'none'
      Content-Type:
      - application/json
      Date:
      - Mon, 13 Dec 2021 17:21:21 GMT
      Server:
      - Scaleway API-Gateway
      Strict-Transport-Security:
      - max-age=63072000
      X-Content-Type-Options:
      - nosniff
      X-Frame-Options:
      - DENY
      X-Request-Id:
      - 22d2b6a2-1611-4670-83fe-658759c3bd7b
    status: 200 OK
    code: 200
    duration: ""
- request:
    body: ""
    form: {}
    headers:
      User-Agent:
      - scaleway-sdk-go/v1.0.0-beta.7+dev (go1.17.3; darwin; amd64) terraform-provider/develop
        terraform/terraform-tests
    url: https://api.scaleway.com/k8s/v1/regions/fr-par/clusters/a7895495-afd2-4d5e-aaf5-0e0dc3de332d
    method: GET
  response:
    body: '{"region":"fr-par","id":"a7895495-afd2-4d5e-aaf5-0e0dc3de332d","organization_id":"105bdce1-64c0-48ab-899d-868455867ecf","project_id":"105bdce1-64c0-48ab-899d-868455867ecf","created_at":"2021-12-13T17:21:21.402110Z","updated_at":"2021-12-13T17:21:21.432240Z","type":"kapsule","name":"placement_group","description":"","status":"creating","version":"1.23.0","cni":"calico","tags":["terraform-test","scaleway_k8s_cluster","placement_group"],"cluster_url":"https://a7895495-afd2-4d5e-aaf5-0e0dc3de332d.api.k8s.fr-par.scw.cloud:6443","dns_wildcard":"*.a7895495-afd2-4d5e-aaf5-0e0dc3de332d.nodes.k8s.fr-par.scw.cloud","autoscaler_config":{"scale_down_disabled":false,"scale_down_delay_after_add":"10m","estimator":"binpacking","expander":"random","ignore_daemonsets_utilization":false,"balance_similar_node_groups":false,"expendable_pods_priority_cutoff":0,"scale_down_unneeded_time":"10m","scale_down_utilization_threshold":0.5,"max_graceful_termination_sec":0},"dashboard_enabled":false,"ingress":"none","auto_upgrade":{"enabled":false,"maintenance_window":{"start_hour":0,"day":"any"}},"upgrade_available":false,"feature_gates":[],"admission_plugins":[],"open_id_connect_config":{"issuer_url":"","client_id":"","username_claim":"","username_prefix":"","groups_claim":[],"groups_prefix":"","required_claim":[]},"apiserver_cert_sans":[]}'
    headers:
      Content-Length:
      - "1332"
      Content-Security-Policy:
      - default-src 'none'; frame-ancestors 'none'
      Content-Type:
      - application/json
      Date:
      - Mon, 13 Dec 2021 17:21:21 GMT
      Server:
      - Scaleway API-Gateway
      Strict-Transport-Security:
      - max-age=63072000
      X-Content-Type-Options:
      - nosniff
      X-Frame-Options:
      - DENY
      X-Request-Id:
      - 83bd143f-07fa-47c9-a5c1-aab677feb5f9
    status: 200 OK
    code: 200
    duration: ""
- request:
    body: ""
    form: {}
    headers:
      User-Agent:
      - scaleway-sdk-go/v1.0.0-beta.7+dev (go1.17.3; darwin; amd64) terraform-provider/develop
        terraform/terraform-tests
    url: https://api.scaleway.com/k8s/v1/regions/fr-par/clusters/a7895495-afd2-4d5e-aaf5-0e0dc3de332d
    method: GET
  response:
    body: '{"region":"fr-par","id":"a7895495-afd2-4d5e-aaf5-0e0dc3de332d","organization_id":"105bdce1-64c0-48ab-899d-868455867ecf","project_id":"105bdce1-64c0-48ab-899d-868455867ecf","created_at":"2021-12-13T17:21:21.402110Z","updated_at":"2021-12-13T17:21:23.731326Z","type":"kapsule","name":"placement_group","description":"","status":"pool_required","version":"1.23.0","cni":"calico","tags":["terraform-test","scaleway_k8s_cluster","placement_group"],"cluster_url":"https://a7895495-afd2-4d5e-aaf5-0e0dc3de332d.api.k8s.fr-par.scw.cloud:6443","dns_wildcard":"*.a7895495-afd2-4d5e-aaf5-0e0dc3de332d.nodes.k8s.fr-par.scw.cloud","autoscaler_config":{"scale_down_disabled":false,"scale_down_delay_after_add":"10m","estimator":"binpacking","expander":"random","ignore_daemonsets_utilization":false,"balance_similar_node_groups":false,"expendable_pods_priority_cutoff":0,"scale_down_unneeded_time":"10m","scale_down_utilization_threshold":0.5,"max_graceful_termination_sec":0},"dashboard_enabled":false,"ingress":"none","auto_upgrade":{"enabled":false,"maintenance_window":{"start_hour":0,"day":"any"}},"upgrade_available":false,"feature_gates":[],"admission_plugins":[],"open_id_connect_config":{"issuer_url":"","client_id":"","username_claim":"","username_prefix":"","groups_claim":[],"groups_prefix":"","required_claim":[]},"apiserver_cert_sans":[]}'
    headers:
      Content-Length:
      - "1337"
      Content-Security-Policy:
      - default-src 'none'; frame-ancestors 'none'
      Content-Type:
      - application/json
      Date:
      - Mon, 13 Dec 2021 17:21:26 GMT
      Server:
      - Scaleway API-Gateway
      Strict-Transport-Security:
      - max-age=63072000
      X-Content-Type-Options:
      - nosniff
      X-Frame-Options:
      - DENY
      X-Request-Id:
      - 8fb9b7f3-cfe6-421d-8bb8-417dd5dcb661
    status: 200 OK
    code: 200
    duration: ""
- request:
    body: ""
    form: {}
    headers:
      User-Agent:
      - scaleway-sdk-go/v1.0.0-beta.7+dev (go1.17.3; darwin; amd64) terraform-provider/develop
        terraform/terraform-tests
    url: https://api.scaleway.com/k8s/v1/regions/fr-par/clusters/a7895495-afd2-4d5e-aaf5-0e0dc3de332d
    method: GET
  response:
    body: '{"region":"fr-par","id":"a7895495-afd2-4d5e-aaf5-0e0dc3de332d","organization_id":"105bdce1-64c0-48ab-899d-868455867ecf","project_id":"105bdce1-64c0-48ab-899d-868455867ecf","created_at":"2021-12-13T17:21:21.402110Z","updated_at":"2021-12-13T17:21:23.731326Z","type":"kapsule","name":"placement_group","description":"","status":"pool_required","version":"1.23.0","cni":"calico","tags":["terraform-test","scaleway_k8s_cluster","placement_group"],"cluster_url":"https://a7895495-afd2-4d5e-aaf5-0e0dc3de332d.api.k8s.fr-par.scw.cloud:6443","dns_wildcard":"*.a7895495-afd2-4d5e-aaf5-0e0dc3de332d.nodes.k8s.fr-par.scw.cloud","autoscaler_config":{"scale_down_disabled":false,"scale_down_delay_after_add":"10m","estimator":"binpacking","expander":"random","ignore_daemonsets_utilization":false,"balance_similar_node_groups":false,"expendable_pods_priority_cutoff":0,"scale_down_unneeded_time":"10m","scale_down_utilization_threshold":0.5,"max_graceful_termination_sec":0},"dashboard_enabled":false,"ingress":"none","auto_upgrade":{"enabled":false,"maintenance_window":{"start_hour":0,"day":"any"}},"upgrade_available":false,"feature_gates":[],"admission_plugins":[],"open_id_connect_config":{"issuer_url":"","client_id":"","username_claim":"","username_prefix":"","groups_claim":[],"groups_prefix":"","required_claim":[]},"apiserver_cert_sans":[]}'
    headers:
      Content-Length:
      - "1337"
      Content-Security-Policy:
      - default-src 'none'; frame-ancestors 'none'
      Content-Type:
      - application/json
      Date:
      - Mon, 13 Dec 2021 17:21:26 GMT
      Server:
      - Scaleway API-Gateway
      Strict-Transport-Security:
      - max-age=63072000
      X-Content-Type-Options:
      - nosniff
      X-Frame-Options:
      - DENY
      X-Request-Id:
      - b84ef942-6a6f-4d13-9ed2-8a788c199091
    status: 200 OK
    code: 200
    duration: ""
- request:
    body: ""
    form: {}
    headers:
      User-Agent:
      - scaleway-sdk-go/v1.0.0-beta.7+dev (go1.17.3; darwin; amd64) terraform-provider/develop
        terraform/terraform-tests
    url: https://api.scaleway.com/k8s/v1/regions/fr-par/clusters/a7895495-afd2-4d5e-aaf5-0e0dc3de332d/kubeconfig
    method: GET
  response:
    body: '{"name":"kubeconfig","content_type":"application/octet-stream","content":"YXBpVmVyc2lvbjogdjEKY2x1c3RlcnM6Ci0gbmFtZTogInBsYWNlbWVudC1ncm91cCIKICBjbHVzdGVyOgogICAgY2VydGlmaWNhdGUtYXV0aG9yaXR5LWRhdGE6IExTMHRMUzFDUlVkSlRpQkRSVkpVU1VaSlEwRlVSUzB0TFMwdENrMUpTVU0xZWtORFFXTXJaMEYzU1VKQlowbENRVVJCVGtKbmEzRm9hMmxIT1hjd1FrRlJjMFpCUkVGV1RWSk5kMFZSV1VSV1VWRkVSWGR3Y21SWFNtd0tZMjAxYkdSSFZucE5RalJZUkZSSmVFMVVTWGhOYWtVelRXcEZlVTFzYjFoRVZFMTRUVlJKZUUxcVJUTk5ha1Y1VFd4dmQwWlVSVlJOUWtWSFFURlZSUXBCZUUxTFlUTldhVnBZU25WYVdGSnNZM3BEUTBGVFNYZEVVVmxLUzI5YVNXaDJZMDVCVVVWQ1FsRkJSR2RuUlZCQlJFTkRRVkZ2UTJkblJVSkJUVWxpQ21sWk1XRjFWVTlxY21ObFNrMVRlVXRYV0c1S1preFdhekJEUmtoTVJVeEdha3huU3pjdlFVdG1lbTQ1ZDBsdFpGTjJNbFoyZEZKbFRHcFJaRTVyUkVZS1ozWlRSVEl5VHpCV1kybFVlRUkwVkhkcGNuWnhaak54Ukhwa1ZFVlVSMVZpZUhaeVVVbDBjelpHUW05bGNFNXdMM056WkdGbFRtYzRZVWcxVG1FM2NRcFBWRWR6UzJoVU5ua3pRMkZ1WTJoRksxZDVXVTFvZUhOamVtdHllRFpwTkRoWlQyeFdPWEZ3TVdwRmFWTm1OblYxVkZobFZuQnhVbGRaWkM4dmNrRkJDamxtWmt4dFdWQnVTVTh3THpWc1MzaFFZM2xsVTNOWlF5dEZWRzFaVldKU1J5dHVhSFV5TlcxeksySlZjVzk0VWpVM2RHdGpOSG8yZEVsd1NXaFdjM1VLYkdwWmRWTkxNVWgxVlVaM00xWnJZME5JY0VGT2RsbEtRVlZuT1ZSclVVa3dSVmRwZUZwSFVDdEpNa2RJYWtaclVXOHhNSEpwSzB3MUt5dGFXRkpMVlFwbVJuRnNlRFJvVGpsb1RHWjFOalp2YkNzNFEwRjNSVUZCWVU1RFRVVkJkMFJuV1VSV1VqQlFRVkZJTDBKQlVVUkJaMHRyVFVFNFIwRXhWV1JGZDBWQ0NpOTNVVVpOUVUxQ1FXWTRkMGhSV1VSV1VqQlBRa0paUlVaRmVWUnhNeTltVVRNMU1FOUpja2N5Wm5GV1VWZHRVbHBGYUZkTlFUQkhRMU54UjFOSllqTUtSRkZGUWtOM1ZVRkJORWxDUVZGQlVXWllPRzVSUTI1SlIza3hhbXRJYzJkU2Iyc3JNMUk0ZUZSNGExVkpkRWRtTkRSWWNtbHdXR3BDVkhNNVRIWlliZ3BDT0d4R2JGQnFTRnBOWkVoVVowRXJVa2hCZUhFdmJTOTBObHB0YWpsYWIxQlJaM1pPWjI1SFdVOHlNVzF6VjNSTlpuSmhkRlZLZGxVclpUTmxjVE5CQ2sxbE56ZzFXbE5xY0RSSGVsRnVXVTB3Ym5oTmRrcDBiV1U1ZFRkRU1FNU9kbkF4VkVkNFpVdDBVVUpYZVhOc1REWXdZME4yVUZaQ1VDOURWVmh2UW5nS2FURlJhQzh5TVZBeFIybzRUbFY1T1hwRE5WQmhhR2xzYm5wdFdFOVdSVnAxYURWa1IyWlljbnBXYjJ4c1lVSklNalZrUVhWU09HVkpNakJ1UmxORWFRcFhiVEI0UzFod1NWWnJVRGRZY1RSMlF6bHNaMUJ1U2pWQ1FtTkNOM0ZhUW1nd1FsbERjRmwzVEVGeU1rRmlNR295V25GVWQyNWtLemhDV1U1U2NHaFRDbGhRTUhSdVNWUktVM3AwUzFWbU5taHJWRUpWYm1Ob2R6RTVTakpPTVhweVVUWndjQW90TFMwdExVVk9SQ0JEUlZKVVNVWkpRMEZVUlMwdExTMHRDZz09CiAgICBzZXJ2ZXI6IGh0dHBzOi8vYTc4OTU0OTUtYWZkMi00ZDVlLWFhZjUtMGUwZGMzZGUzMzJkLmFwaS5rOHMuZnItcGFyLnNjdy5jbG91ZDo2NDQzCmNvbnRleHRzOgotIG5hbWU6IGFkbWluQHBsYWNlbWVudC1ncm91cAogIGNvbnRleHQ6CiAgICBjbHVzdGVyOiAicGxhY2VtZW50LWdyb3VwIgogICAgdXNlcjogcGxhY2VtZW50LWdyb3VwLWFkbWluCmN1cnJlbnQtY29udGV4dDogYWRtaW5AcGxhY2VtZW50LWdyb3VwCmtpbmQ6IENvbmZpZwpwcmVmZXJlbmNlczoge30KdXNlcnM6Ci0gbmFtZTogcGxhY2VtZW50LWdyb3VwLWFkbWluCiAgdXNlcjoKICAgIHRva2VuOiB0bGVIZUhPemhYRHhOelVuaXhsbGE1WENYNGlQR0VUU1JJWUhCN0hjTGY0TmVST1pmMjk2UVVmTA=="}'
    headers:
      Content-Length:
      - "2612"
      Content-Security-Policy:
      - default-src 'none'; frame-ancestors 'none'
      Content-Type:
      - application/json
      Date:
      - Mon, 13 Dec 2021 17:21:27 GMT
      Server:
      - Scaleway API-Gateway
      Strict-Transport-Security:
      - max-age=63072000
      X-Content-Type-Options:
      - nosniff
      X-Frame-Options:
      - DENY
      X-Request-Id:
      - dab729ec-8dbc-4ae1-a34a-cc9c501a9d88
    status: 200 OK
    code: 200
    duration: ""
- request:
    body: ""
    form: {}
    headers:
      User-Agent:
      - scaleway-sdk-go/v1.0.0-beta.7+dev (go1.17.3; darwin; amd64) terraform-provider/develop
        terraform/terraform-tests
    url: https://api.scaleway.com/k8s/v1/regions/fr-par/clusters/a7895495-afd2-4d5e-aaf5-0e0dc3de332d
    method: GET
  response:
    body: '{"region":"fr-par","id":"a7895495-afd2-4d5e-aaf5-0e0dc3de332d","organization_id":"105bdce1-64c0-48ab-899d-868455867ecf","project_id":"105bdce1-64c0-48ab-899d-868455867ecf","created_at":"2021-12-13T17:21:21.402110Z","updated_at":"2021-12-13T17:21:23.731326Z","type":"kapsule","name":"placement_group","description":"","status":"pool_required","version":"1.23.0","cni":"calico","tags":["terraform-test","scaleway_k8s_cluster","placement_group"],"cluster_url":"https://a7895495-afd2-4d5e-aaf5-0e0dc3de332d.api.k8s.fr-par.scw.cloud:6443","dns_wildcard":"*.a7895495-afd2-4d5e-aaf5-0e0dc3de332d.nodes.k8s.fr-par.scw.cloud","autoscaler_config":{"scale_down_disabled":false,"scale_down_delay_after_add":"10m","estimator":"binpacking","expander":"random","ignore_daemonsets_utilization":false,"balance_similar_node_groups":false,"expendable_pods_priority_cutoff":0,"scale_down_unneeded_time":"10m","scale_down_utilization_threshold":0.5,"max_graceful_termination_sec":0},"dashboard_enabled":false,"ingress":"none","auto_upgrade":{"enabled":false,"maintenance_window":{"start_hour":0,"day":"any"}},"upgrade_available":false,"feature_gates":[],"admission_plugins":[],"open_id_connect_config":{"issuer_url":"","client_id":"","username_claim":"","username_prefix":"","groups_claim":[],"groups_prefix":"","required_claim":[]},"apiserver_cert_sans":[]}'
    headers:
      Content-Length:
      - "1337"
      Content-Security-Policy:
      - default-src 'none'; frame-ancestors 'none'
      Content-Type:
      - application/json
      Date:
      - Mon, 13 Dec 2021 17:21:27 GMT
      Server:
      - Scaleway API-Gateway
      Strict-Transport-Security:
      - max-age=63072000
      X-Content-Type-Options:
      - nosniff
      X-Frame-Options:
      - DENY
      X-Request-Id:
      - b89e5260-197b-469b-b515-35311e520ffa
    status: 200 OK
    code: 200
    duration: ""
- request:
    body: '{"name":"placement_group","node_type":"gp1_xs","placement_group_id":"a2b42cc2-0967-4a05-ac5f-d5a34c262d8d","autoscaling":false,"size":1,"min_size":1,"max_size":1,"container_runtime":"containerd","autohealing":false,"tags":[],"kubelet_args":{},"upgrade_policy":null,"zone":"fr-par-1"}'
    form: {}
    headers:
      Content-Type:
      - application/json
      User-Agent:
      - scaleway-sdk-go/v1.0.0-beta.7+dev (go1.17.3; darwin; amd64) terraform-provider/develop
        terraform/terraform-tests
    url: https://api.scaleway.com/k8s/v1/regions/fr-par/clusters/a7895495-afd2-4d5e-aaf5-0e0dc3de332d/pools
    method: POST
  response:
    body: '{"region":"fr-par","id":"8354ec69-732b-4187-a383-d40c1d7f9f66","cluster_id":"a7895495-afd2-4d5e-aaf5-0e0dc3de332d","created_at":"2021-12-13T17:21:27.445936Z","updated_at":"2021-12-13T17:21:27.455722250Z","name":"placement_group","status":"scaling","version":"1.23.0","node_type":"gp1_xs","autoscaling":false,"size":1,"min_size":1,"max_size":1,"container_runtime":"containerd","autohealing":false,"tags":[],"placement_group_id":"a2b42cc2-0967-4a05-ac5f-d5a34c262d8d","kubelet_args":{},"upgrade_policy":{"max_unavailable":1,"max_surge":0},"zone":"fr-par-1"}'
    headers:
      Content-Length:
      - "555"
      Content-Security-Policy:
      - default-src 'none'; frame-ancestors 'none'
      Content-Type:
      - application/json
      Date:
      - Mon, 13 Dec 2021 17:21:29 GMT
      Server:
      - Scaleway API-Gateway
      Strict-Transport-Security:
      - max-age=63072000
      X-Content-Type-Options:
      - nosniff
      X-Frame-Options:
      - DENY
      X-Request-Id:
      - 32f645a1-4b8d-47ef-91e3-99641d490565
    status: 200 OK
    code: 200
    duration: ""
- request:
    body: ""
    form: {}
    headers:
      User-Agent:
      - scaleway-sdk-go/v1.0.0-beta.7+dev (go1.17.3; darwin; amd64) terraform-provider/develop
        terraform/terraform-tests
    url: https://api.scaleway.com/k8s/v1/regions/fr-par/clusters/a7895495-afd2-4d5e-aaf5-0e0dc3de332d
    method: GET
  response:
    body: '{"region":"fr-par","id":"a7895495-afd2-4d5e-aaf5-0e0dc3de332d","organization_id":"105bdce1-64c0-48ab-899d-868455867ecf","project_id":"105bdce1-64c0-48ab-899d-868455867ecf","created_at":"2021-12-13T17:21:21.402110Z","updated_at":"2021-12-13T17:21:29.317998Z","type":"kapsule","name":"placement_group","description":"","status":"creating","version":"1.23.0","cni":"calico","tags":["terraform-test","scaleway_k8s_cluster","placement_group"],"cluster_url":"https://a7895495-afd2-4d5e-aaf5-0e0dc3de332d.api.k8s.fr-par.scw.cloud:6443","dns_wildcard":"*.a7895495-afd2-4d5e-aaf5-0e0dc3de332d.nodes.k8s.fr-par.scw.cloud","autoscaler_config":{"scale_down_disabled":false,"scale_down_delay_after_add":"10m","estimator":"binpacking","expander":"random","ignore_daemonsets_utilization":false,"balance_similar_node_groups":false,"expendable_pods_priority_cutoff":0,"scale_down_unneeded_time":"10m","scale_down_utilization_threshold":0.5,"max_graceful_termination_sec":0},"dashboard_enabled":false,"ingress":"none","auto_upgrade":{"enabled":false,"maintenance_window":{"start_hour":0,"day":"any"}},"upgrade_available":false,"feature_gates":[],"admission_plugins":[],"open_id_connect_config":{"issuer_url":"","client_id":"","username_claim":"","username_prefix":"","groups_claim":[],"groups_prefix":"","required_claim":[]},"apiserver_cert_sans":[]}'
    headers:
      Content-Length:
      - "1332"
      Content-Security-Policy:
      - default-src 'none'; frame-ancestors 'none'
      Content-Type:
      - application/json
      Date:
      - Mon, 13 Dec 2021 17:21:29 GMT
      Server:
      - Scaleway API-Gateway
      Strict-Transport-Security:
      - max-age=63072000
      X-Content-Type-Options:
      - nosniff
      X-Frame-Options:
      - DENY
      X-Request-Id:
      - 3531e305-dd18-47b9-9823-9602dc7d16e4
    status: 200 OK
    code: 200
    duration: ""
- request:
    body: ""
    form: {}
    headers:
      User-Agent:
      - scaleway-sdk-go/v1.0.0-beta.7+dev (go1.17.3; darwin; amd64) terraform-provider/develop
        terraform/terraform-tests
    url: https://api.scaleway.com/k8s/v1/regions/fr-par/clusters/a7895495-afd2-4d5e-aaf5-0e0dc3de332d
    method: GET
  response:
    body: '{"region":"fr-par","id":"a7895495-afd2-4d5e-aaf5-0e0dc3de332d","organization_id":"105bdce1-64c0-48ab-899d-868455867ecf","project_id":"105bdce1-64c0-48ab-899d-868455867ecf","created_at":"2021-12-13T17:21:21.402110Z","updated_at":"2021-12-13T17:21:29.317998Z","type":"kapsule","name":"placement_group","description":"","status":"creating","version":"1.23.0","cni":"calico","tags":["terraform-test","scaleway_k8s_cluster","placement_group"],"cluster_url":"https://a7895495-afd2-4d5e-aaf5-0e0dc3de332d.api.k8s.fr-par.scw.cloud:6443","dns_wildcard":"*.a7895495-afd2-4d5e-aaf5-0e0dc3de332d.nodes.k8s.fr-par.scw.cloud","autoscaler_config":{"scale_down_disabled":false,"scale_down_delay_after_add":"10m","estimator":"binpacking","expander":"random","ignore_daemonsets_utilization":false,"balance_similar_node_groups":false,"expendable_pods_priority_cutoff":0,"scale_down_unneeded_time":"10m","scale_down_utilization_threshold":0.5,"max_graceful_termination_sec":0},"dashboard_enabled":false,"ingress":"none","auto_upgrade":{"enabled":false,"maintenance_window":{"start_hour":0,"day":"any"}},"upgrade_available":false,"feature_gates":[],"admission_plugins":[],"open_id_connect_config":{"issuer_url":"","client_id":"","username_claim":"","username_prefix":"","groups_claim":[],"groups_prefix":"","required_claim":[]},"apiserver_cert_sans":[]}'
    headers:
      Content-Length:
      - "1332"
      Content-Security-Policy:
      - default-src 'none'; frame-ancestors 'none'
      Content-Type:
      - application/json
      Date:
      - Mon, 13 Dec 2021 17:21:34 GMT
      Server:
      - Scaleway API-Gateway
      Strict-Transport-Security:
      - max-age=63072000
      X-Content-Type-Options:
      - nosniff
      X-Frame-Options:
      - DENY
      X-Request-Id:
      - e8812460-560e-4246-85bc-6248338979df
    status: 200 OK
    code: 200
    duration: ""
- request:
    body: ""
    form: {}
    headers:
      User-Agent:
      - scaleway-sdk-go/v1.0.0-beta.7+dev (go1.17.3; darwin; amd64) terraform-provider/develop
        terraform/terraform-tests
    url: https://api.scaleway.com/k8s/v1/regions/fr-par/clusters/a7895495-afd2-4d5e-aaf5-0e0dc3de332d
    method: GET
  response:
    body: '{"region":"fr-par","id":"a7895495-afd2-4d5e-aaf5-0e0dc3de332d","organization_id":"105bdce1-64c0-48ab-899d-868455867ecf","project_id":"105bdce1-64c0-48ab-899d-868455867ecf","created_at":"2021-12-13T17:21:21.402110Z","updated_at":"2021-12-13T17:21:29.317998Z","type":"kapsule","name":"placement_group","description":"","status":"creating","version":"1.23.0","cni":"calico","tags":["terraform-test","scaleway_k8s_cluster","placement_group"],"cluster_url":"https://a7895495-afd2-4d5e-aaf5-0e0dc3de332d.api.k8s.fr-par.scw.cloud:6443","dns_wildcard":"*.a7895495-afd2-4d5e-aaf5-0e0dc3de332d.nodes.k8s.fr-par.scw.cloud","autoscaler_config":{"scale_down_disabled":false,"scale_down_delay_after_add":"10m","estimator":"binpacking","expander":"random","ignore_daemonsets_utilization":false,"balance_similar_node_groups":false,"expendable_pods_priority_cutoff":0,"scale_down_unneeded_time":"10m","scale_down_utilization_threshold":0.5,"max_graceful_termination_sec":0},"dashboard_enabled":false,"ingress":"none","auto_upgrade":{"enabled":false,"maintenance_window":{"start_hour":0,"day":"any"}},"upgrade_available":false,"feature_gates":[],"admission_plugins":[],"open_id_connect_config":{"issuer_url":"","client_id":"","username_claim":"","username_prefix":"","groups_claim":[],"groups_prefix":"","required_claim":[]},"apiserver_cert_sans":[]}'
    headers:
      Content-Length:
      - "1332"
      Content-Security-Policy:
      - default-src 'none'; frame-ancestors 'none'
      Content-Type:
      - application/json
      Date:
      - Mon, 13 Dec 2021 17:21:40 GMT
      Server:
      - Scaleway API-Gateway
      Strict-Transport-Security:
      - max-age=63072000
      X-Content-Type-Options:
      - nosniff
      X-Frame-Options:
      - DENY
      X-Request-Id:
      - 0f87f63b-10de-44b2-af2c-b344b507a39e
    status: 200 OK
    code: 200
    duration: ""
- request:
    body: ""
    form: {}
    headers:
      User-Agent:
      - scaleway-sdk-go/v1.0.0-beta.7+dev (go1.17.3; darwin; amd64) terraform-provider/develop
        terraform/terraform-tests
    url: https://api.scaleway.com/k8s/v1/regions/fr-par/clusters/a7895495-afd2-4d5e-aaf5-0e0dc3de332d
    method: GET
  response:
    body: '{"region":"fr-par","id":"a7895495-afd2-4d5e-aaf5-0e0dc3de332d","organization_id":"105bdce1-64c0-48ab-899d-868455867ecf","project_id":"105bdce1-64c0-48ab-899d-868455867ecf","created_at":"2021-12-13T17:21:21.402110Z","updated_at":"2021-12-13T17:21:29.317998Z","type":"kapsule","name":"placement_group","description":"","status":"creating","version":"1.23.0","cni":"calico","tags":["terraform-test","scaleway_k8s_cluster","placement_group"],"cluster_url":"https://a7895495-afd2-4d5e-aaf5-0e0dc3de332d.api.k8s.fr-par.scw.cloud:6443","dns_wildcard":"*.a7895495-afd2-4d5e-aaf5-0e0dc3de332d.nodes.k8s.fr-par.scw.cloud","autoscaler_config":{"scale_down_disabled":false,"scale_down_delay_after_add":"10m","estimator":"binpacking","expander":"random","ignore_daemonsets_utilization":false,"balance_similar_node_groups":false,"expendable_pods_priority_cutoff":0,"scale_down_unneeded_time":"10m","scale_down_utilization_threshold":0.5,"max_graceful_termination_sec":0},"dashboard_enabled":false,"ingress":"none","auto_upgrade":{"enabled":false,"maintenance_window":{"start_hour":0,"day":"any"}},"upgrade_available":false,"feature_gates":[],"admission_plugins":[],"open_id_connect_config":{"issuer_url":"","client_id":"","username_claim":"","username_prefix":"","groups_claim":[],"groups_prefix":"","required_claim":[]},"apiserver_cert_sans":[]}'
    headers:
      Content-Length:
      - "1332"
      Content-Security-Policy:
      - default-src 'none'; frame-ancestors 'none'
      Content-Type:
      - application/json
      Date:
      - Mon, 13 Dec 2021 17:21:45 GMT
      Server:
      - Scaleway API-Gateway
      Strict-Transport-Security:
      - max-age=63072000
      X-Content-Type-Options:
      - nosniff
      X-Frame-Options:
      - DENY
      X-Request-Id:
      - 8e32a228-4f96-4148-8e17-78cf5d6ed128
    status: 200 OK
    code: 200
    duration: ""
- request:
    body: ""
    form: {}
    headers:
      User-Agent:
      - scaleway-sdk-go/v1.0.0-beta.7+dev (go1.17.3; darwin; amd64) terraform-provider/develop
        terraform/terraform-tests
    url: https://api.scaleway.com/k8s/v1/regions/fr-par/clusters/a7895495-afd2-4d5e-aaf5-0e0dc3de332d
    method: GET
  response:
    body: '{"region":"fr-par","id":"a7895495-afd2-4d5e-aaf5-0e0dc3de332d","organization_id":"105bdce1-64c0-48ab-899d-868455867ecf","project_id":"105bdce1-64c0-48ab-899d-868455867ecf","created_at":"2021-12-13T17:21:21.402110Z","updated_at":"2021-12-13T17:21:29.317998Z","type":"kapsule","name":"placement_group","description":"","status":"creating","version":"1.23.0","cni":"calico","tags":["terraform-test","scaleway_k8s_cluster","placement_group"],"cluster_url":"https://a7895495-afd2-4d5e-aaf5-0e0dc3de332d.api.k8s.fr-par.scw.cloud:6443","dns_wildcard":"*.a7895495-afd2-4d5e-aaf5-0e0dc3de332d.nodes.k8s.fr-par.scw.cloud","autoscaler_config":{"scale_down_disabled":false,"scale_down_delay_after_add":"10m","estimator":"binpacking","expander":"random","ignore_daemonsets_utilization":false,"balance_similar_node_groups":false,"expendable_pods_priority_cutoff":0,"scale_down_unneeded_time":"10m","scale_down_utilization_threshold":0.5,"max_graceful_termination_sec":0},"dashboard_enabled":false,"ingress":"none","auto_upgrade":{"enabled":false,"maintenance_window":{"start_hour":0,"day":"any"}},"upgrade_available":false,"feature_gates":[],"admission_plugins":[],"open_id_connect_config":{"issuer_url":"","client_id":"","username_claim":"","username_prefix":"","groups_claim":[],"groups_prefix":"","required_claim":[]},"apiserver_cert_sans":[]}'
    headers:
      Content-Length:
      - "1332"
      Content-Security-Policy:
      - default-src 'none'; frame-ancestors 'none'
      Content-Type:
      - application/json
      Date:
      - Mon, 13 Dec 2021 17:21:50 GMT
      Server:
      - Scaleway API-Gateway
      Strict-Transport-Security:
      - max-age=63072000
      X-Content-Type-Options:
      - nosniff
      X-Frame-Options:
      - DENY
      X-Request-Id:
      - 38f18cfb-8137-4a22-9b76-635f33e8ab20
    status: 200 OK
    code: 200
    duration: ""
- request:
    body: ""
    form: {}
    headers:
      User-Agent:
      - scaleway-sdk-go/v1.0.0-beta.7+dev (go1.17.3; darwin; amd64) terraform-provider/develop
        terraform/terraform-tests
    url: https://api.scaleway.com/k8s/v1/regions/fr-par/clusters/a7895495-afd2-4d5e-aaf5-0e0dc3de332d
    method: GET
  response:
    body: '{"region":"fr-par","id":"a7895495-afd2-4d5e-aaf5-0e0dc3de332d","organization_id":"105bdce1-64c0-48ab-899d-868455867ecf","project_id":"105bdce1-64c0-48ab-899d-868455867ecf","created_at":"2021-12-13T17:21:21.402110Z","updated_at":"2021-12-13T17:21:29.317998Z","type":"kapsule","name":"placement_group","description":"","status":"creating","version":"1.23.0","cni":"calico","tags":["terraform-test","scaleway_k8s_cluster","placement_group"],"cluster_url":"https://a7895495-afd2-4d5e-aaf5-0e0dc3de332d.api.k8s.fr-par.scw.cloud:6443","dns_wildcard":"*.a7895495-afd2-4d5e-aaf5-0e0dc3de332d.nodes.k8s.fr-par.scw.cloud","autoscaler_config":{"scale_down_disabled":false,"scale_down_delay_after_add":"10m","estimator":"binpacking","expander":"random","ignore_daemonsets_utilization":false,"balance_similar_node_groups":false,"expendable_pods_priority_cutoff":0,"scale_down_unneeded_time":"10m","scale_down_utilization_threshold":0.5,"max_graceful_termination_sec":0},"dashboard_enabled":false,"ingress":"none","auto_upgrade":{"enabled":false,"maintenance_window":{"start_hour":0,"day":"any"}},"upgrade_available":false,"feature_gates":[],"admission_plugins":[],"open_id_connect_config":{"issuer_url":"","client_id":"","username_claim":"","username_prefix":"","groups_claim":[],"groups_prefix":"","required_claim":[]},"apiserver_cert_sans":[]}'
    headers:
      Content-Length:
      - "1332"
      Content-Security-Policy:
      - default-src 'none'; frame-ancestors 'none'
      Content-Type:
      - application/json
      Date:
      - Mon, 13 Dec 2021 17:21:55 GMT
      Server:
      - Scaleway API-Gateway
      Strict-Transport-Security:
      - max-age=63072000
      X-Content-Type-Options:
      - nosniff
      X-Frame-Options:
      - DENY
      X-Request-Id:
      - bbd93051-63c2-40f1-afd9-d497f4e62e55
    status: 200 OK
    code: 200
    duration: ""
- request:
    body: ""
    form: {}
    headers:
      User-Agent:
      - scaleway-sdk-go/v1.0.0-beta.7+dev (go1.17.3; darwin; amd64) terraform-provider/develop
        terraform/terraform-tests
    url: https://api.scaleway.com/k8s/v1/regions/fr-par/clusters/a7895495-afd2-4d5e-aaf5-0e0dc3de332d
    method: GET
  response:
    body: '{"region":"fr-par","id":"a7895495-afd2-4d5e-aaf5-0e0dc3de332d","organization_id":"105bdce1-64c0-48ab-899d-868455867ecf","project_id":"105bdce1-64c0-48ab-899d-868455867ecf","created_at":"2021-12-13T17:21:21.402110Z","updated_at":"2021-12-13T17:21:29.317998Z","type":"kapsule","name":"placement_group","description":"","status":"creating","version":"1.23.0","cni":"calico","tags":["terraform-test","scaleway_k8s_cluster","placement_group"],"cluster_url":"https://a7895495-afd2-4d5e-aaf5-0e0dc3de332d.api.k8s.fr-par.scw.cloud:6443","dns_wildcard":"*.a7895495-afd2-4d5e-aaf5-0e0dc3de332d.nodes.k8s.fr-par.scw.cloud","autoscaler_config":{"scale_down_disabled":false,"scale_down_delay_after_add":"10m","estimator":"binpacking","expander":"random","ignore_daemonsets_utilization":false,"balance_similar_node_groups":false,"expendable_pods_priority_cutoff":0,"scale_down_unneeded_time":"10m","scale_down_utilization_threshold":0.5,"max_graceful_termination_sec":0},"dashboard_enabled":false,"ingress":"none","auto_upgrade":{"enabled":false,"maintenance_window":{"start_hour":0,"day":"any"}},"upgrade_available":false,"feature_gates":[],"admission_plugins":[],"open_id_connect_config":{"issuer_url":"","client_id":"","username_claim":"","username_prefix":"","groups_claim":[],"groups_prefix":"","required_claim":[]},"apiserver_cert_sans":[]}'
    headers:
      Content-Length:
      - "1332"
      Content-Security-Policy:
      - default-src 'none'; frame-ancestors 'none'
      Content-Type:
      - application/json
      Date:
      - Mon, 13 Dec 2021 17:22:00 GMT
      Server:
      - Scaleway API-Gateway
      Strict-Transport-Security:
      - max-age=63072000
      X-Content-Type-Options:
      - nosniff
      X-Frame-Options:
      - DENY
      X-Request-Id:
      - 9aff12e0-a276-41e0-82da-3920427d30ec
    status: 200 OK
    code: 200
    duration: ""
- request:
    body: ""
    form: {}
    headers:
      User-Agent:
      - scaleway-sdk-go/v1.0.0-beta.7+dev (go1.17.3; darwin; amd64) terraform-provider/develop
        terraform/terraform-tests
    url: https://api.scaleway.com/k8s/v1/regions/fr-par/clusters/a7895495-afd2-4d5e-aaf5-0e0dc3de332d
    method: GET
  response:
    body: '{"region":"fr-par","id":"a7895495-afd2-4d5e-aaf5-0e0dc3de332d","organization_id":"105bdce1-64c0-48ab-899d-868455867ecf","project_id":"105bdce1-64c0-48ab-899d-868455867ecf","created_at":"2021-12-13T17:21:21.402110Z","updated_at":"2021-12-13T17:21:29.317998Z","type":"kapsule","name":"placement_group","description":"","status":"creating","version":"1.23.0","cni":"calico","tags":["terraform-test","scaleway_k8s_cluster","placement_group"],"cluster_url":"https://a7895495-afd2-4d5e-aaf5-0e0dc3de332d.api.k8s.fr-par.scw.cloud:6443","dns_wildcard":"*.a7895495-afd2-4d5e-aaf5-0e0dc3de332d.nodes.k8s.fr-par.scw.cloud","autoscaler_config":{"scale_down_disabled":false,"scale_down_delay_after_add":"10m","estimator":"binpacking","expander":"random","ignore_daemonsets_utilization":false,"balance_similar_node_groups":false,"expendable_pods_priority_cutoff":0,"scale_down_unneeded_time":"10m","scale_down_utilization_threshold":0.5,"max_graceful_termination_sec":0},"dashboard_enabled":false,"ingress":"none","auto_upgrade":{"enabled":false,"maintenance_window":{"start_hour":0,"day":"any"}},"upgrade_available":false,"feature_gates":[],"admission_plugins":[],"open_id_connect_config":{"issuer_url":"","client_id":"","username_claim":"","username_prefix":"","groups_claim":[],"groups_prefix":"","required_claim":[]},"apiserver_cert_sans":[]}'
    headers:
      Content-Length:
      - "1332"
      Content-Security-Policy:
      - default-src 'none'; frame-ancestors 'none'
      Content-Type:
      - application/json
      Date:
      - Mon, 13 Dec 2021 17:22:05 GMT
      Server:
      - Scaleway API-Gateway
      Strict-Transport-Security:
      - max-age=63072000
      X-Content-Type-Options:
      - nosniff
      X-Frame-Options:
      - DENY
      X-Request-Id:
      - 644dd635-db82-4c00-b325-68c3e77d478e
    status: 200 OK
    code: 200
    duration: ""
- request:
    body: ""
    form: {}
    headers:
      User-Agent:
      - scaleway-sdk-go/v1.0.0-beta.7+dev (go1.17.3; darwin; amd64) terraform-provider/develop
        terraform/terraform-tests
    url: https://api.scaleway.com/k8s/v1/regions/fr-par/clusters/a7895495-afd2-4d5e-aaf5-0e0dc3de332d
    method: GET
  response:
    body: '{"region":"fr-par","id":"a7895495-afd2-4d5e-aaf5-0e0dc3de332d","organization_id":"105bdce1-64c0-48ab-899d-868455867ecf","project_id":"105bdce1-64c0-48ab-899d-868455867ecf","created_at":"2021-12-13T17:21:21.402110Z","updated_at":"2021-12-13T17:21:29.317998Z","type":"kapsule","name":"placement_group","description":"","status":"creating","version":"1.23.0","cni":"calico","tags":["terraform-test","scaleway_k8s_cluster","placement_group"],"cluster_url":"https://a7895495-afd2-4d5e-aaf5-0e0dc3de332d.api.k8s.fr-par.scw.cloud:6443","dns_wildcard":"*.a7895495-afd2-4d5e-aaf5-0e0dc3de332d.nodes.k8s.fr-par.scw.cloud","autoscaler_config":{"scale_down_disabled":false,"scale_down_delay_after_add":"10m","estimator":"binpacking","expander":"random","ignore_daemonsets_utilization":false,"balance_similar_node_groups":false,"expendable_pods_priority_cutoff":0,"scale_down_unneeded_time":"10m","scale_down_utilization_threshold":0.5,"max_graceful_termination_sec":0},"dashboard_enabled":false,"ingress":"none","auto_upgrade":{"enabled":false,"maintenance_window":{"start_hour":0,"day":"any"}},"upgrade_available":false,"feature_gates":[],"admission_plugins":[],"open_id_connect_config":{"issuer_url":"","client_id":"","username_claim":"","username_prefix":"","groups_claim":[],"groups_prefix":"","required_claim":[]},"apiserver_cert_sans":[]}'
    headers:
      Content-Length:
      - "1332"
      Content-Security-Policy:
      - default-src 'none'; frame-ancestors 'none'
      Content-Type:
      - application/json
      Date:
      - Mon, 13 Dec 2021 17:22:10 GMT
      Server:
      - Scaleway API-Gateway
      Strict-Transport-Security:
      - max-age=63072000
      X-Content-Type-Options:
      - nosniff
      X-Frame-Options:
      - DENY
      X-Request-Id:
      - f5a82e2f-30ad-4a1a-9124-41e07305d04c
    status: 200 OK
    code: 200
    duration: ""
- request:
    body: ""
    form: {}
    headers:
      User-Agent:
      - scaleway-sdk-go/v1.0.0-beta.7+dev (go1.17.3; darwin; amd64) terraform-provider/develop
        terraform/terraform-tests
    url: https://api.scaleway.com/k8s/v1/regions/fr-par/clusters/a7895495-afd2-4d5e-aaf5-0e0dc3de332d
    method: GET
  response:
    body: '{"region":"fr-par","id":"a7895495-afd2-4d5e-aaf5-0e0dc3de332d","organization_id":"105bdce1-64c0-48ab-899d-868455867ecf","project_id":"105bdce1-64c0-48ab-899d-868455867ecf","created_at":"2021-12-13T17:21:21.402110Z","updated_at":"2021-12-13T17:21:29.317998Z","type":"kapsule","name":"placement_group","description":"","status":"creating","version":"1.23.0","cni":"calico","tags":["terraform-test","scaleway_k8s_cluster","placement_group"],"cluster_url":"https://a7895495-afd2-4d5e-aaf5-0e0dc3de332d.api.k8s.fr-par.scw.cloud:6443","dns_wildcard":"*.a7895495-afd2-4d5e-aaf5-0e0dc3de332d.nodes.k8s.fr-par.scw.cloud","autoscaler_config":{"scale_down_disabled":false,"scale_down_delay_after_add":"10m","estimator":"binpacking","expander":"random","ignore_daemonsets_utilization":false,"balance_similar_node_groups":false,"expendable_pods_priority_cutoff":0,"scale_down_unneeded_time":"10m","scale_down_utilization_threshold":0.5,"max_graceful_termination_sec":0},"dashboard_enabled":false,"ingress":"none","auto_upgrade":{"enabled":false,"maintenance_window":{"start_hour":0,"day":"any"}},"upgrade_available":false,"feature_gates":[],"admission_plugins":[],"open_id_connect_config":{"issuer_url":"","client_id":"","username_claim":"","username_prefix":"","groups_claim":[],"groups_prefix":"","required_claim":[]},"apiserver_cert_sans":[]}'
    headers:
      Content-Length:
      - "1332"
      Content-Security-Policy:
      - default-src 'none'; frame-ancestors 'none'
      Content-Type:
      - application/json
      Date:
      - Mon, 13 Dec 2021 17:22:15 GMT
      Server:
      - Scaleway API-Gateway
      Strict-Transport-Security:
      - max-age=63072000
      X-Content-Type-Options:
      - nosniff
      X-Frame-Options:
      - DENY
      X-Request-Id:
      - 2cd53f7b-807c-4b4c-b2ea-0570b9786eaf
    status: 200 OK
    code: 200
    duration: ""
- request:
    body: ""
    form: {}
    headers:
      User-Agent:
      - scaleway-sdk-go/v1.0.0-beta.7+dev (go1.17.3; darwin; amd64) terraform-provider/develop
        terraform/terraform-tests
    url: https://api.scaleway.com/k8s/v1/regions/fr-par/clusters/a7895495-afd2-4d5e-aaf5-0e0dc3de332d
    method: GET
  response:
    body: '{"region":"fr-par","id":"a7895495-afd2-4d5e-aaf5-0e0dc3de332d","organization_id":"105bdce1-64c0-48ab-899d-868455867ecf","project_id":"105bdce1-64c0-48ab-899d-868455867ecf","created_at":"2021-12-13T17:21:21.402110Z","updated_at":"2021-12-13T17:21:29.317998Z","type":"kapsule","name":"placement_group","description":"","status":"creating","version":"1.23.0","cni":"calico","tags":["terraform-test","scaleway_k8s_cluster","placement_group"],"cluster_url":"https://a7895495-afd2-4d5e-aaf5-0e0dc3de332d.api.k8s.fr-par.scw.cloud:6443","dns_wildcard":"*.a7895495-afd2-4d5e-aaf5-0e0dc3de332d.nodes.k8s.fr-par.scw.cloud","autoscaler_config":{"scale_down_disabled":false,"scale_down_delay_after_add":"10m","estimator":"binpacking","expander":"random","ignore_daemonsets_utilization":false,"balance_similar_node_groups":false,"expendable_pods_priority_cutoff":0,"scale_down_unneeded_time":"10m","scale_down_utilization_threshold":0.5,"max_graceful_termination_sec":0},"dashboard_enabled":false,"ingress":"none","auto_upgrade":{"enabled":false,"maintenance_window":{"start_hour":0,"day":"any"}},"upgrade_available":false,"feature_gates":[],"admission_plugins":[],"open_id_connect_config":{"issuer_url":"","client_id":"","username_claim":"","username_prefix":"","groups_claim":[],"groups_prefix":"","required_claim":[]},"apiserver_cert_sans":[]}'
    headers:
      Content-Length:
      - "1332"
      Content-Security-Policy:
      - default-src 'none'; frame-ancestors 'none'
      Content-Type:
      - application/json
      Date:
      - Mon, 13 Dec 2021 17:22:20 GMT
      Server:
      - Scaleway API-Gateway
      Strict-Transport-Security:
      - max-age=63072000
      X-Content-Type-Options:
      - nosniff
      X-Frame-Options:
      - DENY
      X-Request-Id:
      - 5458d4d1-cf6d-4583-9b18-6c8f015f9e7e
    status: 200 OK
    code: 200
    duration: ""
- request:
    body: ""
    form: {}
    headers:
      User-Agent:
      - scaleway-sdk-go/v1.0.0-beta.7+dev (go1.17.3; darwin; amd64) terraform-provider/develop
        terraform/terraform-tests
    url: https://api.scaleway.com/k8s/v1/regions/fr-par/clusters/a7895495-afd2-4d5e-aaf5-0e0dc3de332d
    method: GET
  response:
    body: '{"region":"fr-par","id":"a7895495-afd2-4d5e-aaf5-0e0dc3de332d","organization_id":"105bdce1-64c0-48ab-899d-868455867ecf","project_id":"105bdce1-64c0-48ab-899d-868455867ecf","created_at":"2021-12-13T17:21:21.402110Z","updated_at":"2021-12-13T17:21:29.317998Z","type":"kapsule","name":"placement_group","description":"","status":"creating","version":"1.23.0","cni":"calico","tags":["terraform-test","scaleway_k8s_cluster","placement_group"],"cluster_url":"https://a7895495-afd2-4d5e-aaf5-0e0dc3de332d.api.k8s.fr-par.scw.cloud:6443","dns_wildcard":"*.a7895495-afd2-4d5e-aaf5-0e0dc3de332d.nodes.k8s.fr-par.scw.cloud","autoscaler_config":{"scale_down_disabled":false,"scale_down_delay_after_add":"10m","estimator":"binpacking","expander":"random","ignore_daemonsets_utilization":false,"balance_similar_node_groups":false,"expendable_pods_priority_cutoff":0,"scale_down_unneeded_time":"10m","scale_down_utilization_threshold":0.5,"max_graceful_termination_sec":0},"dashboard_enabled":false,"ingress":"none","auto_upgrade":{"enabled":false,"maintenance_window":{"start_hour":0,"day":"any"}},"upgrade_available":false,"feature_gates":[],"admission_plugins":[],"open_id_connect_config":{"issuer_url":"","client_id":"","username_claim":"","username_prefix":"","groups_claim":[],"groups_prefix":"","required_claim":[]},"apiserver_cert_sans":[]}'
    headers:
      Content-Length:
      - "1332"
      Content-Security-Policy:
      - default-src 'none'; frame-ancestors 'none'
      Content-Type:
      - application/json
      Date:
      - Mon, 13 Dec 2021 17:22:25 GMT
      Server:
      - Scaleway API-Gateway
      Strict-Transport-Security:
      - max-age=63072000
      X-Content-Type-Options:
      - nosniff
      X-Frame-Options:
      - DENY
      X-Request-Id:
      - 5bc4d70d-5be1-4326-9d5c-257694f448d4
    status: 200 OK
    code: 200
    duration: ""
- request:
    body: ""
    form: {}
    headers:
      User-Agent:
      - scaleway-sdk-go/v1.0.0-beta.7+dev (go1.17.3; darwin; amd64) terraform-provider/develop
        terraform/terraform-tests
    url: https://api.scaleway.com/k8s/v1/regions/fr-par/clusters/a7895495-afd2-4d5e-aaf5-0e0dc3de332d
    method: GET
  response:
    body: '{"region":"fr-par","id":"a7895495-afd2-4d5e-aaf5-0e0dc3de332d","organization_id":"105bdce1-64c0-48ab-899d-868455867ecf","project_id":"105bdce1-64c0-48ab-899d-868455867ecf","created_at":"2021-12-13T17:21:21.402110Z","updated_at":"2021-12-13T17:21:29.317998Z","type":"kapsule","name":"placement_group","description":"","status":"creating","version":"1.23.0","cni":"calico","tags":["terraform-test","scaleway_k8s_cluster","placement_group"],"cluster_url":"https://a7895495-afd2-4d5e-aaf5-0e0dc3de332d.api.k8s.fr-par.scw.cloud:6443","dns_wildcard":"*.a7895495-afd2-4d5e-aaf5-0e0dc3de332d.nodes.k8s.fr-par.scw.cloud","autoscaler_config":{"scale_down_disabled":false,"scale_down_delay_after_add":"10m","estimator":"binpacking","expander":"random","ignore_daemonsets_utilization":false,"balance_similar_node_groups":false,"expendable_pods_priority_cutoff":0,"scale_down_unneeded_time":"10m","scale_down_utilization_threshold":0.5,"max_graceful_termination_sec":0},"dashboard_enabled":false,"ingress":"none","auto_upgrade":{"enabled":false,"maintenance_window":{"start_hour":0,"day":"any"}},"upgrade_available":false,"feature_gates":[],"admission_plugins":[],"open_id_connect_config":{"issuer_url":"","client_id":"","username_claim":"","username_prefix":"","groups_claim":[],"groups_prefix":"","required_claim":[]},"apiserver_cert_sans":[]}'
    headers:
      Content-Length:
      - "1332"
      Content-Security-Policy:
      - default-src 'none'; frame-ancestors 'none'
      Content-Type:
      - application/json
      Date:
      - Mon, 13 Dec 2021 17:22:30 GMT
      Server:
      - Scaleway API-Gateway
      Strict-Transport-Security:
      - max-age=63072000
      X-Content-Type-Options:
      - nosniff
      X-Frame-Options:
      - DENY
      X-Request-Id:
      - e7f74f71-8b84-498c-8078-85c6e55f955d
    status: 200 OK
    code: 200
    duration: ""
- request:
    body: ""
    form: {}
    headers:
      User-Agent:
      - scaleway-sdk-go/v1.0.0-beta.7+dev (go1.17.3; darwin; amd64) terraform-provider/develop
        terraform/terraform-tests
    url: https://api.scaleway.com/k8s/v1/regions/fr-par/clusters/a7895495-afd2-4d5e-aaf5-0e0dc3de332d
    method: GET
  response:
    body: '{"region":"fr-par","id":"a7895495-afd2-4d5e-aaf5-0e0dc3de332d","organization_id":"105bdce1-64c0-48ab-899d-868455867ecf","project_id":"105bdce1-64c0-48ab-899d-868455867ecf","created_at":"2021-12-13T17:21:21.402110Z","updated_at":"2021-12-13T17:21:29.317998Z","type":"kapsule","name":"placement_group","description":"","status":"creating","version":"1.23.0","cni":"calico","tags":["terraform-test","scaleway_k8s_cluster","placement_group"],"cluster_url":"https://a7895495-afd2-4d5e-aaf5-0e0dc3de332d.api.k8s.fr-par.scw.cloud:6443","dns_wildcard":"*.a7895495-afd2-4d5e-aaf5-0e0dc3de332d.nodes.k8s.fr-par.scw.cloud","autoscaler_config":{"scale_down_disabled":false,"scale_down_delay_after_add":"10m","estimator":"binpacking","expander":"random","ignore_daemonsets_utilization":false,"balance_similar_node_groups":false,"expendable_pods_priority_cutoff":0,"scale_down_unneeded_time":"10m","scale_down_utilization_threshold":0.5,"max_graceful_termination_sec":0},"dashboard_enabled":false,"ingress":"none","auto_upgrade":{"enabled":false,"maintenance_window":{"start_hour":0,"day":"any"}},"upgrade_available":false,"feature_gates":[],"admission_plugins":[],"open_id_connect_config":{"issuer_url":"","client_id":"","username_claim":"","username_prefix":"","groups_claim":[],"groups_prefix":"","required_claim":[]},"apiserver_cert_sans":[]}'
    headers:
      Content-Length:
      - "1332"
      Content-Security-Policy:
      - default-src 'none'; frame-ancestors 'none'
      Content-Type:
      - application/json
      Date:
      - Mon, 13 Dec 2021 17:22:36 GMT
      Server:
      - Scaleway API-Gateway
      Strict-Transport-Security:
      - max-age=63072000
      X-Content-Type-Options:
      - nosniff
      X-Frame-Options:
      - DENY
      X-Request-Id:
      - 7ad2d212-90a1-48d3-850f-485204766ceb
    status: 200 OK
    code: 200
    duration: ""
- request:
    body: ""
    form: {}
    headers:
      User-Agent:
      - scaleway-sdk-go/v1.0.0-beta.7+dev (go1.17.3; darwin; amd64) terraform-provider/develop
        terraform/terraform-tests
    url: https://api.scaleway.com/k8s/v1/regions/fr-par/clusters/a7895495-afd2-4d5e-aaf5-0e0dc3de332d
    method: GET
  response:
    body: '{"region":"fr-par","id":"a7895495-afd2-4d5e-aaf5-0e0dc3de332d","organization_id":"105bdce1-64c0-48ab-899d-868455867ecf","project_id":"105bdce1-64c0-48ab-899d-868455867ecf","created_at":"2021-12-13T17:21:21.402110Z","updated_at":"2021-12-13T17:21:29.317998Z","type":"kapsule","name":"placement_group","description":"","status":"creating","version":"1.23.0","cni":"calico","tags":["terraform-test","scaleway_k8s_cluster","placement_group"],"cluster_url":"https://a7895495-afd2-4d5e-aaf5-0e0dc3de332d.api.k8s.fr-par.scw.cloud:6443","dns_wildcard":"*.a7895495-afd2-4d5e-aaf5-0e0dc3de332d.nodes.k8s.fr-par.scw.cloud","autoscaler_config":{"scale_down_disabled":false,"scale_down_delay_after_add":"10m","estimator":"binpacking","expander":"random","ignore_daemonsets_utilization":false,"balance_similar_node_groups":false,"expendable_pods_priority_cutoff":0,"scale_down_unneeded_time":"10m","scale_down_utilization_threshold":0.5,"max_graceful_termination_sec":0},"dashboard_enabled":false,"ingress":"none","auto_upgrade":{"enabled":false,"maintenance_window":{"start_hour":0,"day":"any"}},"upgrade_available":false,"feature_gates":[],"admission_plugins":[],"open_id_connect_config":{"issuer_url":"","client_id":"","username_claim":"","username_prefix":"","groups_claim":[],"groups_prefix":"","required_claim":[]},"apiserver_cert_sans":[]}'
    headers:
      Content-Length:
      - "1332"
      Content-Security-Policy:
      - default-src 'none'; frame-ancestors 'none'
      Content-Type:
      - application/json
      Date:
      - Mon, 13 Dec 2021 17:22:41 GMT
      Server:
      - Scaleway API-Gateway
      Strict-Transport-Security:
      - max-age=63072000
      X-Content-Type-Options:
      - nosniff
      X-Frame-Options:
      - DENY
      X-Request-Id:
      - 6639e878-5cbf-4d0d-b915-b95d963105d1
    status: 200 OK
    code: 200
    duration: ""
- request:
    body: ""
    form: {}
    headers:
      User-Agent:
      - scaleway-sdk-go/v1.0.0-beta.7+dev (go1.17.3; darwin; amd64) terraform-provider/develop
        terraform/terraform-tests
    url: https://api.scaleway.com/k8s/v1/regions/fr-par/clusters/a7895495-afd2-4d5e-aaf5-0e0dc3de332d
    method: GET
  response:
    body: '{"region":"fr-par","id":"a7895495-afd2-4d5e-aaf5-0e0dc3de332d","organization_id":"105bdce1-64c0-48ab-899d-868455867ecf","project_id":"105bdce1-64c0-48ab-899d-868455867ecf","created_at":"2021-12-13T17:21:21.402110Z","updated_at":"2021-12-13T17:21:29.317998Z","type":"kapsule","name":"placement_group","description":"","status":"creating","version":"1.23.0","cni":"calico","tags":["terraform-test","scaleway_k8s_cluster","placement_group"],"cluster_url":"https://a7895495-afd2-4d5e-aaf5-0e0dc3de332d.api.k8s.fr-par.scw.cloud:6443","dns_wildcard":"*.a7895495-afd2-4d5e-aaf5-0e0dc3de332d.nodes.k8s.fr-par.scw.cloud","autoscaler_config":{"scale_down_disabled":false,"scale_down_delay_after_add":"10m","estimator":"binpacking","expander":"random","ignore_daemonsets_utilization":false,"balance_similar_node_groups":false,"expendable_pods_priority_cutoff":0,"scale_down_unneeded_time":"10m","scale_down_utilization_threshold":0.5,"max_graceful_termination_sec":0},"dashboard_enabled":false,"ingress":"none","auto_upgrade":{"enabled":false,"maintenance_window":{"start_hour":0,"day":"any"}},"upgrade_available":false,"feature_gates":[],"admission_plugins":[],"open_id_connect_config":{"issuer_url":"","client_id":"","username_claim":"","username_prefix":"","groups_claim":[],"groups_prefix":"","required_claim":[]},"apiserver_cert_sans":[]}'
    headers:
      Content-Length:
      - "1332"
      Content-Security-Policy:
      - default-src 'none'; frame-ancestors 'none'
      Content-Type:
      - application/json
      Date:
      - Mon, 13 Dec 2021 17:22:46 GMT
      Server:
      - Scaleway API-Gateway
      Strict-Transport-Security:
      - max-age=63072000
      X-Content-Type-Options:
      - nosniff
      X-Frame-Options:
      - DENY
      X-Request-Id:
      - 28a428bb-a29f-4395-9c7b-364ef8a7c182
    status: 200 OK
    code: 200
    duration: ""
- request:
    body: ""
    form: {}
    headers:
      User-Agent:
      - scaleway-sdk-go/v1.0.0-beta.7+dev (go1.17.3; darwin; amd64) terraform-provider/develop
        terraform/terraform-tests
    url: https://api.scaleway.com/k8s/v1/regions/fr-par/clusters/a7895495-afd2-4d5e-aaf5-0e0dc3de332d
    method: GET
  response:
    body: '{"region":"fr-par","id":"a7895495-afd2-4d5e-aaf5-0e0dc3de332d","organization_id":"105bdce1-64c0-48ab-899d-868455867ecf","project_id":"105bdce1-64c0-48ab-899d-868455867ecf","created_at":"2021-12-13T17:21:21.402110Z","updated_at":"2021-12-13T17:21:29.317998Z","type":"kapsule","name":"placement_group","description":"","status":"creating","version":"1.23.0","cni":"calico","tags":["terraform-test","scaleway_k8s_cluster","placement_group"],"cluster_url":"https://a7895495-afd2-4d5e-aaf5-0e0dc3de332d.api.k8s.fr-par.scw.cloud:6443","dns_wildcard":"*.a7895495-afd2-4d5e-aaf5-0e0dc3de332d.nodes.k8s.fr-par.scw.cloud","autoscaler_config":{"scale_down_disabled":false,"scale_down_delay_after_add":"10m","estimator":"binpacking","expander":"random","ignore_daemonsets_utilization":false,"balance_similar_node_groups":false,"expendable_pods_priority_cutoff":0,"scale_down_unneeded_time":"10m","scale_down_utilization_threshold":0.5,"max_graceful_termination_sec":0},"dashboard_enabled":false,"ingress":"none","auto_upgrade":{"enabled":false,"maintenance_window":{"start_hour":0,"day":"any"}},"upgrade_available":false,"feature_gates":[],"admission_plugins":[],"open_id_connect_config":{"issuer_url":"","client_id":"","username_claim":"","username_prefix":"","groups_claim":[],"groups_prefix":"","required_claim":[]},"apiserver_cert_sans":[]}'
    headers:
      Content-Length:
      - "1332"
      Content-Security-Policy:
      - default-src 'none'; frame-ancestors 'none'
      Content-Type:
      - application/json
      Date:
      - Mon, 13 Dec 2021 17:22:51 GMT
      Server:
      - Scaleway API-Gateway
      Strict-Transport-Security:
      - max-age=63072000
      X-Content-Type-Options:
      - nosniff
      X-Frame-Options:
      - DENY
      X-Request-Id:
      - 25162858-2f62-4252-8651-22f46f5bbc85
    status: 200 OK
    code: 200
    duration: ""
- request:
    body: ""
    form: {}
    headers:
      User-Agent:
      - scaleway-sdk-go/v1.0.0-beta.7+dev (go1.17.3; darwin; amd64) terraform-provider/develop
        terraform/terraform-tests
    url: https://api.scaleway.com/k8s/v1/regions/fr-par/clusters/a7895495-afd2-4d5e-aaf5-0e0dc3de332d
    method: GET
  response:
    body: '{"region":"fr-par","id":"a7895495-afd2-4d5e-aaf5-0e0dc3de332d","organization_id":"105bdce1-64c0-48ab-899d-868455867ecf","project_id":"105bdce1-64c0-48ab-899d-868455867ecf","created_at":"2021-12-13T17:21:21.402110Z","updated_at":"2021-12-13T17:21:29.317998Z","type":"kapsule","name":"placement_group","description":"","status":"creating","version":"1.23.0","cni":"calico","tags":["terraform-test","scaleway_k8s_cluster","placement_group"],"cluster_url":"https://a7895495-afd2-4d5e-aaf5-0e0dc3de332d.api.k8s.fr-par.scw.cloud:6443","dns_wildcard":"*.a7895495-afd2-4d5e-aaf5-0e0dc3de332d.nodes.k8s.fr-par.scw.cloud","autoscaler_config":{"scale_down_disabled":false,"scale_down_delay_after_add":"10m","estimator":"binpacking","expander":"random","ignore_daemonsets_utilization":false,"balance_similar_node_groups":false,"expendable_pods_priority_cutoff":0,"scale_down_unneeded_time":"10m","scale_down_utilization_threshold":0.5,"max_graceful_termination_sec":0},"dashboard_enabled":false,"ingress":"none","auto_upgrade":{"enabled":false,"maintenance_window":{"start_hour":0,"day":"any"}},"upgrade_available":false,"feature_gates":[],"admission_plugins":[],"open_id_connect_config":{"issuer_url":"","client_id":"","username_claim":"","username_prefix":"","groups_claim":[],"groups_prefix":"","required_claim":[]},"apiserver_cert_sans":[]}'
    headers:
      Content-Length:
      - "1332"
      Content-Security-Policy:
      - default-src 'none'; frame-ancestors 'none'
      Content-Type:
      - application/json
      Date:
      - Mon, 13 Dec 2021 17:22:56 GMT
      Server:
      - Scaleway API-Gateway
      Strict-Transport-Security:
      - max-age=63072000
      X-Content-Type-Options:
      - nosniff
      X-Frame-Options:
      - DENY
      X-Request-Id:
      - cb8e6605-76a2-453a-8c98-db7dc5203d46
    status: 200 OK
    code: 200
    duration: ""
- request:
    body: ""
    form: {}
    headers:
      User-Agent:
      - scaleway-sdk-go/v1.0.0-beta.7+dev (go1.17.3; darwin; amd64) terraform-provider/develop
        terraform/terraform-tests
    url: https://api.scaleway.com/k8s/v1/regions/fr-par/clusters/a7895495-afd2-4d5e-aaf5-0e0dc3de332d
    method: GET
  response:
    body: '{"region":"fr-par","id":"a7895495-afd2-4d5e-aaf5-0e0dc3de332d","organization_id":"105bdce1-64c0-48ab-899d-868455867ecf","project_id":"105bdce1-64c0-48ab-899d-868455867ecf","created_at":"2021-12-13T17:21:21.402110Z","updated_at":"2021-12-13T17:21:29.317998Z","type":"kapsule","name":"placement_group","description":"","status":"creating","version":"1.23.0","cni":"calico","tags":["terraform-test","scaleway_k8s_cluster","placement_group"],"cluster_url":"https://a7895495-afd2-4d5e-aaf5-0e0dc3de332d.api.k8s.fr-par.scw.cloud:6443","dns_wildcard":"*.a7895495-afd2-4d5e-aaf5-0e0dc3de332d.nodes.k8s.fr-par.scw.cloud","autoscaler_config":{"scale_down_disabled":false,"scale_down_delay_after_add":"10m","estimator":"binpacking","expander":"random","ignore_daemonsets_utilization":false,"balance_similar_node_groups":false,"expendable_pods_priority_cutoff":0,"scale_down_unneeded_time":"10m","scale_down_utilization_threshold":0.5,"max_graceful_termination_sec":0},"dashboard_enabled":false,"ingress":"none","auto_upgrade":{"enabled":false,"maintenance_window":{"start_hour":0,"day":"any"}},"upgrade_available":false,"feature_gates":[],"admission_plugins":[],"open_id_connect_config":{"issuer_url":"","client_id":"","username_claim":"","username_prefix":"","groups_claim":[],"groups_prefix":"","required_claim":[]},"apiserver_cert_sans":[]}'
    headers:
      Content-Length:
      - "1332"
      Content-Security-Policy:
      - default-src 'none'; frame-ancestors 'none'
      Content-Type:
      - application/json
      Date:
      - Mon, 13 Dec 2021 17:23:01 GMT
      Server:
      - Scaleway API-Gateway
      Strict-Transport-Security:
      - max-age=63072000
      X-Content-Type-Options:
      - nosniff
      X-Frame-Options:
      - DENY
      X-Request-Id:
      - e28fc983-dd95-4ae7-815a-4864cf1a49f7
    status: 200 OK
    code: 200
    duration: ""
- request:
    body: ""
    form: {}
    headers:
      User-Agent:
      - scaleway-sdk-go/v1.0.0-beta.7+dev (go1.17.3; darwin; amd64) terraform-provider/develop
        terraform/terraform-tests
    url: https://api.scaleway.com/k8s/v1/regions/fr-par/clusters/a7895495-afd2-4d5e-aaf5-0e0dc3de332d
    method: GET
  response:
    body: '{"region":"fr-par","id":"a7895495-afd2-4d5e-aaf5-0e0dc3de332d","organization_id":"105bdce1-64c0-48ab-899d-868455867ecf","project_id":"105bdce1-64c0-48ab-899d-868455867ecf","created_at":"2021-12-13T17:21:21.402110Z","updated_at":"2021-12-13T17:21:29.317998Z","type":"kapsule","name":"placement_group","description":"","status":"creating","version":"1.23.0","cni":"calico","tags":["terraform-test","scaleway_k8s_cluster","placement_group"],"cluster_url":"https://a7895495-afd2-4d5e-aaf5-0e0dc3de332d.api.k8s.fr-par.scw.cloud:6443","dns_wildcard":"*.a7895495-afd2-4d5e-aaf5-0e0dc3de332d.nodes.k8s.fr-par.scw.cloud","autoscaler_config":{"scale_down_disabled":false,"scale_down_delay_after_add":"10m","estimator":"binpacking","expander":"random","ignore_daemonsets_utilization":false,"balance_similar_node_groups":false,"expendable_pods_priority_cutoff":0,"scale_down_unneeded_time":"10m","scale_down_utilization_threshold":0.5,"max_graceful_termination_sec":0},"dashboard_enabled":false,"ingress":"none","auto_upgrade":{"enabled":false,"maintenance_window":{"start_hour":0,"day":"any"}},"upgrade_available":false,"feature_gates":[],"admission_plugins":[],"open_id_connect_config":{"issuer_url":"","client_id":"","username_claim":"","username_prefix":"","groups_claim":[],"groups_prefix":"","required_claim":[]},"apiserver_cert_sans":[]}'
    headers:
      Content-Length:
      - "1332"
      Content-Security-Policy:
      - default-src 'none'; frame-ancestors 'none'
      Content-Type:
      - application/json
      Date:
      - Mon, 13 Dec 2021 17:23:06 GMT
      Server:
      - Scaleway API-Gateway
      Strict-Transport-Security:
      - max-age=63072000
      X-Content-Type-Options:
      - nosniff
      X-Frame-Options:
      - DENY
      X-Request-Id:
      - a20d0eba-d08b-4aa9-aa23-e0dc840deee3
    status: 200 OK
    code: 200
    duration: ""
- request:
    body: ""
    form: {}
    headers:
      User-Agent:
      - scaleway-sdk-go/v1.0.0-beta.7+dev (go1.17.3; darwin; amd64) terraform-provider/develop
        terraform/terraform-tests
    url: https://api.scaleway.com/k8s/v1/regions/fr-par/clusters/a7895495-afd2-4d5e-aaf5-0e0dc3de332d
    method: GET
  response:
    body: '{"region":"fr-par","id":"a7895495-afd2-4d5e-aaf5-0e0dc3de332d","organization_id":"105bdce1-64c0-48ab-899d-868455867ecf","project_id":"105bdce1-64c0-48ab-899d-868455867ecf","created_at":"2021-12-13T17:21:21.402110Z","updated_at":"2021-12-13T17:21:29.317998Z","type":"kapsule","name":"placement_group","description":"","status":"creating","version":"1.23.0","cni":"calico","tags":["terraform-test","scaleway_k8s_cluster","placement_group"],"cluster_url":"https://a7895495-afd2-4d5e-aaf5-0e0dc3de332d.api.k8s.fr-par.scw.cloud:6443","dns_wildcard":"*.a7895495-afd2-4d5e-aaf5-0e0dc3de332d.nodes.k8s.fr-par.scw.cloud","autoscaler_config":{"scale_down_disabled":false,"scale_down_delay_after_add":"10m","estimator":"binpacking","expander":"random","ignore_daemonsets_utilization":false,"balance_similar_node_groups":false,"expendable_pods_priority_cutoff":0,"scale_down_unneeded_time":"10m","scale_down_utilization_threshold":0.5,"max_graceful_termination_sec":0},"dashboard_enabled":false,"ingress":"none","auto_upgrade":{"enabled":false,"maintenance_window":{"start_hour":0,"day":"any"}},"upgrade_available":false,"feature_gates":[],"admission_plugins":[],"open_id_connect_config":{"issuer_url":"","client_id":"","username_claim":"","username_prefix":"","groups_claim":[],"groups_prefix":"","required_claim":[]},"apiserver_cert_sans":[]}'
    headers:
      Content-Length:
      - "1332"
      Content-Security-Policy:
      - default-src 'none'; frame-ancestors 'none'
      Content-Type:
      - application/json
      Date:
      - Mon, 13 Dec 2021 17:23:11 GMT
      Server:
      - Scaleway API-Gateway
      Strict-Transport-Security:
      - max-age=63072000
      X-Content-Type-Options:
      - nosniff
      X-Frame-Options:
      - DENY
      X-Request-Id:
      - 86129ba0-5b88-49b6-80d6-d775fb6bc1f9
    status: 200 OK
    code: 200
    duration: ""
- request:
    body: ""
    form: {}
    headers:
      User-Agent:
      - scaleway-sdk-go/v1.0.0-beta.7+dev (go1.17.3; darwin; amd64) terraform-provider/develop
        terraform/terraform-tests
    url: https://api.scaleway.com/k8s/v1/regions/fr-par/clusters/a7895495-afd2-4d5e-aaf5-0e0dc3de332d
    method: GET
  response:
    body: '{"region":"fr-par","id":"a7895495-afd2-4d5e-aaf5-0e0dc3de332d","organization_id":"105bdce1-64c0-48ab-899d-868455867ecf","project_id":"105bdce1-64c0-48ab-899d-868455867ecf","created_at":"2021-12-13T17:21:21.402110Z","updated_at":"2021-12-13T17:21:29.317998Z","type":"kapsule","name":"placement_group","description":"","status":"creating","version":"1.23.0","cni":"calico","tags":["terraform-test","scaleway_k8s_cluster","placement_group"],"cluster_url":"https://a7895495-afd2-4d5e-aaf5-0e0dc3de332d.api.k8s.fr-par.scw.cloud:6443","dns_wildcard":"*.a7895495-afd2-4d5e-aaf5-0e0dc3de332d.nodes.k8s.fr-par.scw.cloud","autoscaler_config":{"scale_down_disabled":false,"scale_down_delay_after_add":"10m","estimator":"binpacking","expander":"random","ignore_daemonsets_utilization":false,"balance_similar_node_groups":false,"expendable_pods_priority_cutoff":0,"scale_down_unneeded_time":"10m","scale_down_utilization_threshold":0.5,"max_graceful_termination_sec":0},"dashboard_enabled":false,"ingress":"none","auto_upgrade":{"enabled":false,"maintenance_window":{"start_hour":0,"day":"any"}},"upgrade_available":false,"feature_gates":[],"admission_plugins":[],"open_id_connect_config":{"issuer_url":"","client_id":"","username_claim":"","username_prefix":"","groups_claim":[],"groups_prefix":"","required_claim":[]},"apiserver_cert_sans":[]}'
    headers:
      Content-Length:
      - "1332"
      Content-Security-Policy:
      - default-src 'none'; frame-ancestors 'none'
      Content-Type:
      - application/json
      Date:
      - Mon, 13 Dec 2021 17:23:16 GMT
      Server:
      - Scaleway API-Gateway
      Strict-Transport-Security:
      - max-age=63072000
      X-Content-Type-Options:
      - nosniff
      X-Frame-Options:
      - DENY
      X-Request-Id:
      - a160a977-a693-415f-9a4e-b3d4319c9f7b
    status: 200 OK
    code: 200
    duration: ""
- request:
    body: ""
    form: {}
    headers:
      User-Agent:
      - scaleway-sdk-go/v1.0.0-beta.7+dev (go1.17.3; darwin; amd64) terraform-provider/develop
        terraform/terraform-tests
    url: https://api.scaleway.com/k8s/v1/regions/fr-par/clusters/a7895495-afd2-4d5e-aaf5-0e0dc3de332d
    method: GET
  response:
    body: '{"region":"fr-par","id":"a7895495-afd2-4d5e-aaf5-0e0dc3de332d","organization_id":"105bdce1-64c0-48ab-899d-868455867ecf","project_id":"105bdce1-64c0-48ab-899d-868455867ecf","created_at":"2021-12-13T17:21:21.402110Z","updated_at":"2021-12-13T17:21:29.317998Z","type":"kapsule","name":"placement_group","description":"","status":"creating","version":"1.23.0","cni":"calico","tags":["terraform-test","scaleway_k8s_cluster","placement_group"],"cluster_url":"https://a7895495-afd2-4d5e-aaf5-0e0dc3de332d.api.k8s.fr-par.scw.cloud:6443","dns_wildcard":"*.a7895495-afd2-4d5e-aaf5-0e0dc3de332d.nodes.k8s.fr-par.scw.cloud","autoscaler_config":{"scale_down_disabled":false,"scale_down_delay_after_add":"10m","estimator":"binpacking","expander":"random","ignore_daemonsets_utilization":false,"balance_similar_node_groups":false,"expendable_pods_priority_cutoff":0,"scale_down_unneeded_time":"10m","scale_down_utilization_threshold":0.5,"max_graceful_termination_sec":0},"dashboard_enabled":false,"ingress":"none","auto_upgrade":{"enabled":false,"maintenance_window":{"start_hour":0,"day":"any"}},"upgrade_available":false,"feature_gates":[],"admission_plugins":[],"open_id_connect_config":{"issuer_url":"","client_id":"","username_claim":"","username_prefix":"","groups_claim":[],"groups_prefix":"","required_claim":[]},"apiserver_cert_sans":[]}'
    headers:
      Content-Length:
      - "1332"
      Content-Security-Policy:
      - default-src 'none'; frame-ancestors 'none'
      Content-Type:
      - application/json
      Date:
      - Mon, 13 Dec 2021 17:23:21 GMT
      Server:
      - Scaleway API-Gateway
      Strict-Transport-Security:
      - max-age=63072000
      X-Content-Type-Options:
      - nosniff
      X-Frame-Options:
      - DENY
      X-Request-Id:
      - bdce43db-6ba9-44f6-afa4-a674859475a2
    status: 200 OK
    code: 200
    duration: ""
- request:
    body: ""
    form: {}
    headers:
      User-Agent:
      - scaleway-sdk-go/v1.0.0-beta.7+dev (go1.17.3; darwin; amd64) terraform-provider/develop
        terraform/terraform-tests
    url: https://api.scaleway.com/k8s/v1/regions/fr-par/clusters/a7895495-afd2-4d5e-aaf5-0e0dc3de332d
    method: GET
  response:
    body: '{"region":"fr-par","id":"a7895495-afd2-4d5e-aaf5-0e0dc3de332d","organization_id":"105bdce1-64c0-48ab-899d-868455867ecf","project_id":"105bdce1-64c0-48ab-899d-868455867ecf","created_at":"2021-12-13T17:21:21.402110Z","updated_at":"2021-12-13T17:21:29.317998Z","type":"kapsule","name":"placement_group","description":"","status":"creating","version":"1.23.0","cni":"calico","tags":["terraform-test","scaleway_k8s_cluster","placement_group"],"cluster_url":"https://a7895495-afd2-4d5e-aaf5-0e0dc3de332d.api.k8s.fr-par.scw.cloud:6443","dns_wildcard":"*.a7895495-afd2-4d5e-aaf5-0e0dc3de332d.nodes.k8s.fr-par.scw.cloud","autoscaler_config":{"scale_down_disabled":false,"scale_down_delay_after_add":"10m","estimator":"binpacking","expander":"random","ignore_daemonsets_utilization":false,"balance_similar_node_groups":false,"expendable_pods_priority_cutoff":0,"scale_down_unneeded_time":"10m","scale_down_utilization_threshold":0.5,"max_graceful_termination_sec":0},"dashboard_enabled":false,"ingress":"none","auto_upgrade":{"enabled":false,"maintenance_window":{"start_hour":0,"day":"any"}},"upgrade_available":false,"feature_gates":[],"admission_plugins":[],"open_id_connect_config":{"issuer_url":"","client_id":"","username_claim":"","username_prefix":"","groups_claim":[],"groups_prefix":"","required_claim":[]},"apiserver_cert_sans":[]}'
    headers:
      Content-Length:
      - "1332"
      Content-Security-Policy:
      - default-src 'none'; frame-ancestors 'none'
      Content-Type:
      - application/json
      Date:
      - Mon, 13 Dec 2021 17:23:26 GMT
      Server:
      - Scaleway API-Gateway
      Strict-Transport-Security:
      - max-age=63072000
      X-Content-Type-Options:
      - nosniff
      X-Frame-Options:
      - DENY
      X-Request-Id:
      - 2d34a648-af76-4cc4-ab67-8902a638880f
    status: 200 OK
    code: 200
    duration: ""
- request:
    body: ""
    form: {}
    headers:
      User-Agent:
      - scaleway-sdk-go/v1.0.0-beta.7+dev (go1.17.3; darwin; amd64) terraform-provider/develop
        terraform/terraform-tests
    url: https://api.scaleway.com/k8s/v1/regions/fr-par/clusters/a7895495-afd2-4d5e-aaf5-0e0dc3de332d
    method: GET
  response:
    body: '{"region":"fr-par","id":"a7895495-afd2-4d5e-aaf5-0e0dc3de332d","organization_id":"105bdce1-64c0-48ab-899d-868455867ecf","project_id":"105bdce1-64c0-48ab-899d-868455867ecf","created_at":"2021-12-13T17:21:21.402110Z","updated_at":"2021-12-13T17:21:29.317998Z","type":"kapsule","name":"placement_group","description":"","status":"creating","version":"1.23.0","cni":"calico","tags":["terraform-test","scaleway_k8s_cluster","placement_group"],"cluster_url":"https://a7895495-afd2-4d5e-aaf5-0e0dc3de332d.api.k8s.fr-par.scw.cloud:6443","dns_wildcard":"*.a7895495-afd2-4d5e-aaf5-0e0dc3de332d.nodes.k8s.fr-par.scw.cloud","autoscaler_config":{"scale_down_disabled":false,"scale_down_delay_after_add":"10m","estimator":"binpacking","expander":"random","ignore_daemonsets_utilization":false,"balance_similar_node_groups":false,"expendable_pods_priority_cutoff":0,"scale_down_unneeded_time":"10m","scale_down_utilization_threshold":0.5,"max_graceful_termination_sec":0},"dashboard_enabled":false,"ingress":"none","auto_upgrade":{"enabled":false,"maintenance_window":{"start_hour":0,"day":"any"}},"upgrade_available":false,"feature_gates":[],"admission_plugins":[],"open_id_connect_config":{"issuer_url":"","client_id":"","username_claim":"","username_prefix":"","groups_claim":[],"groups_prefix":"","required_claim":[]},"apiserver_cert_sans":[]}'
    headers:
      Content-Length:
      - "1332"
      Content-Security-Policy:
      - default-src 'none'; frame-ancestors 'none'
      Content-Type:
      - application/json
      Date:
      - Mon, 13 Dec 2021 17:23:31 GMT
      Server:
      - Scaleway API-Gateway
      Strict-Transport-Security:
      - max-age=63072000
      X-Content-Type-Options:
      - nosniff
      X-Frame-Options:
      - DENY
      X-Request-Id:
      - 96a06ae2-08fc-487c-9979-ec7879124178
    status: 200 OK
    code: 200
    duration: ""
- request:
    body: ""
    form: {}
    headers:
      User-Agent:
      - scaleway-sdk-go/v1.0.0-beta.7+dev (go1.17.3; darwin; amd64) terraform-provider/develop
        terraform/terraform-tests
    url: https://api.scaleway.com/k8s/v1/regions/fr-par/clusters/a7895495-afd2-4d5e-aaf5-0e0dc3de332d
    method: GET
  response:
    body: '{"region":"fr-par","id":"a7895495-afd2-4d5e-aaf5-0e0dc3de332d","organization_id":"105bdce1-64c0-48ab-899d-868455867ecf","project_id":"105bdce1-64c0-48ab-899d-868455867ecf","created_at":"2021-12-13T17:21:21.402110Z","updated_at":"2021-12-13T17:21:29.317998Z","type":"kapsule","name":"placement_group","description":"","status":"creating","version":"1.23.0","cni":"calico","tags":["terraform-test","scaleway_k8s_cluster","placement_group"],"cluster_url":"https://a7895495-afd2-4d5e-aaf5-0e0dc3de332d.api.k8s.fr-par.scw.cloud:6443","dns_wildcard":"*.a7895495-afd2-4d5e-aaf5-0e0dc3de332d.nodes.k8s.fr-par.scw.cloud","autoscaler_config":{"scale_down_disabled":false,"scale_down_delay_after_add":"10m","estimator":"binpacking","expander":"random","ignore_daemonsets_utilization":false,"balance_similar_node_groups":false,"expendable_pods_priority_cutoff":0,"scale_down_unneeded_time":"10m","scale_down_utilization_threshold":0.5,"max_graceful_termination_sec":0},"dashboard_enabled":false,"ingress":"none","auto_upgrade":{"enabled":false,"maintenance_window":{"start_hour":0,"day":"any"}},"upgrade_available":false,"feature_gates":[],"admission_plugins":[],"open_id_connect_config":{"issuer_url":"","client_id":"","username_claim":"","username_prefix":"","groups_claim":[],"groups_prefix":"","required_claim":[]},"apiserver_cert_sans":[]}'
    headers:
      Content-Length:
      - "1332"
      Content-Security-Policy:
      - default-src 'none'; frame-ancestors 'none'
      Content-Type:
      - application/json
      Date:
      - Mon, 13 Dec 2021 17:23:37 GMT
      Server:
      - Scaleway API-Gateway
      Strict-Transport-Security:
      - max-age=63072000
      X-Content-Type-Options:
      - nosniff
      X-Frame-Options:
      - DENY
      X-Request-Id:
      - 1f0e3fc7-49b0-4016-9387-d75963f52d82
    status: 200 OK
    code: 200
    duration: ""
- request:
    body: ""
    form: {}
    headers:
      User-Agent:
      - scaleway-sdk-go/v1.0.0-beta.7+dev (go1.17.3; darwin; amd64) terraform-provider/develop
        terraform/terraform-tests
    url: https://api.scaleway.com/k8s/v1/regions/fr-par/clusters/a7895495-afd2-4d5e-aaf5-0e0dc3de332d
    method: GET
  response:
    body: '{"region":"fr-par","id":"a7895495-afd2-4d5e-aaf5-0e0dc3de332d","organization_id":"105bdce1-64c0-48ab-899d-868455867ecf","project_id":"105bdce1-64c0-48ab-899d-868455867ecf","created_at":"2021-12-13T17:21:21.402110Z","updated_at":"2021-12-13T17:23:42.011048Z","type":"kapsule","name":"placement_group","description":"","status":"ready","version":"1.23.0","cni":"calico","tags":["terraform-test","scaleway_k8s_cluster","placement_group"],"cluster_url":"https://a7895495-afd2-4d5e-aaf5-0e0dc3de332d.api.k8s.fr-par.scw.cloud:6443","dns_wildcard":"*.a7895495-afd2-4d5e-aaf5-0e0dc3de332d.nodes.k8s.fr-par.scw.cloud","autoscaler_config":{"scale_down_disabled":false,"scale_down_delay_after_add":"10m","estimator":"binpacking","expander":"random","ignore_daemonsets_utilization":false,"balance_similar_node_groups":false,"expendable_pods_priority_cutoff":0,"scale_down_unneeded_time":"10m","scale_down_utilization_threshold":0.5,"max_graceful_termination_sec":0},"dashboard_enabled":false,"ingress":"none","auto_upgrade":{"enabled":false,"maintenance_window":{"start_hour":0,"day":"any"}},"upgrade_available":false,"feature_gates":[],"admission_plugins":[],"open_id_connect_config":{"issuer_url":"","client_id":"","username_claim":"","username_prefix":"","groups_claim":[],"groups_prefix":"","required_claim":[]},"apiserver_cert_sans":[]}'
    headers:
      Content-Length:
      - "1329"
      Content-Security-Policy:
      - default-src 'none'; frame-ancestors 'none'
      Content-Type:
      - application/json
      Date:
      - Mon, 13 Dec 2021 17:23:42 GMT
      Server:
      - Scaleway API-Gateway
      Strict-Transport-Security:
      - max-age=63072000
      X-Content-Type-Options:
      - nosniff
      X-Frame-Options:
      - DENY
      X-Request-Id:
      - 66142a66-f242-4f87-8111-b2273b0a2049
    status: 200 OK
    code: 200
    duration: ""
- request:
    body: ""
    form: {}
    headers:
      User-Agent:
      - scaleway-sdk-go/v1.0.0-beta.7+dev (go1.17.3; darwin; amd64) terraform-provider/develop
        terraform/terraform-tests
    url: https://api.scaleway.com/k8s/v1/regions/fr-par/pools/8354ec69-732b-4187-a383-d40c1d7f9f66
    method: GET
  response:
    body: '{"region":"fr-par","id":"8354ec69-732b-4187-a383-d40c1d7f9f66","cluster_id":"a7895495-afd2-4d5e-aaf5-0e0dc3de332d","created_at":"2021-12-13T17:21:27.445936Z","updated_at":"2021-12-13T17:21:27.455722Z","name":"placement_group","status":"scaling","version":"1.23.0","node_type":"gp1_xs","autoscaling":false,"size":1,"min_size":1,"max_size":1,"container_runtime":"containerd","autohealing":false,"tags":[],"placement_group_id":"a2b42cc2-0967-4a05-ac5f-d5a34c262d8d","kubelet_args":{},"upgrade_policy":{"max_unavailable":1,"max_surge":0},"zone":"fr-par-1"}'
    headers:
      Content-Length:
      - "552"
      Content-Security-Policy:
      - default-src 'none'; frame-ancestors 'none'
      Content-Type:
      - application/json
      Date:
      - Mon, 13 Dec 2021 17:23:42 GMT
      Server:
      - Scaleway API-Gateway
      Strict-Transport-Security:
      - max-age=63072000
      X-Content-Type-Options:
      - nosniff
      X-Frame-Options:
      - DENY
      X-Request-Id:
      - d87dc926-337c-4a94-86b1-7ebfb69c064d
    status: 200 OK
    code: 200
    duration: ""
- request:
    body: ""
    form: {}
    headers:
      User-Agent:
      - scaleway-sdk-go/v1.0.0-beta.7+dev (go1.17.3; darwin; amd64) terraform-provider/develop
        terraform/terraform-tests
    url: https://api.scaleway.com/k8s/v1/regions/fr-par/clusters/a7895495-afd2-4d5e-aaf5-0e0dc3de332d/nodes?order_by=created_at_asc&page=1&pool_id=8354ec69-732b-4187-a383-d40c1d7f9f66&status=unknown
    method: GET
  response:
    body: '{"total_count":0,"nodes":[]}'
    headers:
      Content-Length:
      - "28"
      Content-Security-Policy:
      - default-src 'none'; frame-ancestors 'none'
      Content-Type:
      - application/json
      Date:
      - Mon, 13 Dec 2021 17:23:42 GMT
      Server:
      - Scaleway API-Gateway
      Strict-Transport-Security:
      - max-age=63072000
      X-Content-Type-Options:
      - nosniff
      X-Frame-Options:
      - DENY
      X-Request-Id:
      - 4aefe101-799a-45e8-943e-d9ace41ba990
    status: 200 OK
    code: 200
    duration: ""
- request:
    body: ""
    form: {}
    headers:
      User-Agent:
      - scaleway-sdk-go/v1.0.0-beta.7+dev (go1.17.3; darwin; amd64) terraform-provider/develop
        terraform/terraform-tests
    url: https://api.scaleway.com/k8s/v1/regions/fr-par/clusters/a7895495-afd2-4d5e-aaf5-0e0dc3de332d
    method: GET
  response:
    body: '{"region":"fr-par","id":"a7895495-afd2-4d5e-aaf5-0e0dc3de332d","organization_id":"105bdce1-64c0-48ab-899d-868455867ecf","project_id":"105bdce1-64c0-48ab-899d-868455867ecf","created_at":"2021-12-13T17:21:21.402110Z","updated_at":"2021-12-13T17:23:42.011048Z","type":"kapsule","name":"placement_group","description":"","status":"ready","version":"1.23.0","cni":"calico","tags":["terraform-test","scaleway_k8s_cluster","placement_group"],"cluster_url":"https://a7895495-afd2-4d5e-aaf5-0e0dc3de332d.api.k8s.fr-par.scw.cloud:6443","dns_wildcard":"*.a7895495-afd2-4d5e-aaf5-0e0dc3de332d.nodes.k8s.fr-par.scw.cloud","autoscaler_config":{"scale_down_disabled":false,"scale_down_delay_after_add":"10m","estimator":"binpacking","expander":"random","ignore_daemonsets_utilization":false,"balance_similar_node_groups":false,"expendable_pods_priority_cutoff":0,"scale_down_unneeded_time":"10m","scale_down_utilization_threshold":0.5,"max_graceful_termination_sec":0},"dashboard_enabled":false,"ingress":"none","auto_upgrade":{"enabled":false,"maintenance_window":{"start_hour":0,"day":"any"}},"upgrade_available":false,"feature_gates":[],"admission_plugins":[],"open_id_connect_config":{"issuer_url":"","client_id":"","username_claim":"","username_prefix":"","groups_claim":[],"groups_prefix":"","required_claim":[]},"apiserver_cert_sans":[]}'
    headers:
      Content-Length:
      - "1329"
      Content-Security-Policy:
      - default-src 'none'; frame-ancestors 'none'
      Content-Type:
      - application/json
      Date:
      - Mon, 13 Dec 2021 17:23:42 GMT
      Server:
      - Scaleway API-Gateway
      Strict-Transport-Security:
      - max-age=63072000
      X-Content-Type-Options:
      - nosniff
      X-Frame-Options:
      - DENY
      X-Request-Id:
      - f5679993-3af7-4668-9e60-ab89703178ce
    status: 200 OK
    code: 200
    duration: ""
- request:
    body: ""
    form: {}
    headers:
      User-Agent:
      - scaleway-sdk-go/v1.0.0-beta.7+dev (go1.17.3; darwin; amd64) terraform-provider/develop
        terraform/terraform-tests
    url: https://api.scaleway.com/k8s/v1/regions/fr-par/pools/8354ec69-732b-4187-a383-d40c1d7f9f66
    method: GET
  response:
    body: '{"region":"fr-par","id":"8354ec69-732b-4187-a383-d40c1d7f9f66","cluster_id":"a7895495-afd2-4d5e-aaf5-0e0dc3de332d","created_at":"2021-12-13T17:21:27.445936Z","updated_at":"2021-12-13T17:21:27.455722Z","name":"placement_group","status":"scaling","version":"1.23.0","node_type":"gp1_xs","autoscaling":false,"size":1,"min_size":1,"max_size":1,"container_runtime":"containerd","autohealing":false,"tags":[],"placement_group_id":"a2b42cc2-0967-4a05-ac5f-d5a34c262d8d","kubelet_args":{},"upgrade_policy":{"max_unavailable":1,"max_surge":0},"zone":"fr-par-1"}'
    headers:
      Content-Length:
      - "552"
      Content-Security-Policy:
      - default-src 'none'; frame-ancestors 'none'
      Content-Type:
      - application/json
      Date:
      - Mon, 13 Dec 2021 17:23:42 GMT
      Server:
      - Scaleway API-Gateway
      Strict-Transport-Security:
      - max-age=63072000
      X-Content-Type-Options:
      - nosniff
      X-Frame-Options:
      - DENY
      X-Request-Id:
      - a729f8e3-7d8d-4e59-9d79-1a6a247ac2cb
    status: 200 OK
    code: 200
    duration: ""
- request:
    body: ""
    form: {}
    headers:
      User-Agent:
      - scaleway-sdk-go/v1.0.0-beta.7+dev (go1.17.3; darwin; amd64) terraform-provider/develop
        terraform/terraform-tests
    url: https://api.scaleway.com/k8s/v1/regions/fr-par/clusters/a7895495-afd2-4d5e-aaf5-0e0dc3de332d
    method: GET
  response:
    body: '{"region":"fr-par","id":"a7895495-afd2-4d5e-aaf5-0e0dc3de332d","organization_id":"105bdce1-64c0-48ab-899d-868455867ecf","project_id":"105bdce1-64c0-48ab-899d-868455867ecf","created_at":"2021-12-13T17:21:21.402110Z","updated_at":"2021-12-13T17:23:42.011048Z","type":"kapsule","name":"placement_group","description":"","status":"ready","version":"1.23.0","cni":"calico","tags":["terraform-test","scaleway_k8s_cluster","placement_group"],"cluster_url":"https://a7895495-afd2-4d5e-aaf5-0e0dc3de332d.api.k8s.fr-par.scw.cloud:6443","dns_wildcard":"*.a7895495-afd2-4d5e-aaf5-0e0dc3de332d.nodes.k8s.fr-par.scw.cloud","autoscaler_config":{"scale_down_disabled":false,"scale_down_delay_after_add":"10m","estimator":"binpacking","expander":"random","ignore_daemonsets_utilization":false,"balance_similar_node_groups":false,"expendable_pods_priority_cutoff":0,"scale_down_unneeded_time":"10m","scale_down_utilization_threshold":0.5,"max_graceful_termination_sec":0},"dashboard_enabled":false,"ingress":"none","auto_upgrade":{"enabled":false,"maintenance_window":{"start_hour":0,"day":"any"}},"upgrade_available":false,"feature_gates":[],"admission_plugins":[],"open_id_connect_config":{"issuer_url":"","client_id":"","username_claim":"","username_prefix":"","groups_claim":[],"groups_prefix":"","required_claim":[]},"apiserver_cert_sans":[]}'
    headers:
      Content-Length:
      - "1329"
      Content-Security-Policy:
      - default-src 'none'; frame-ancestors 'none'
      Content-Type:
      - application/json
      Date:
      - Mon, 13 Dec 2021 17:23:42 GMT
      Server:
      - Scaleway API-Gateway
      Strict-Transport-Security:
      - max-age=63072000
      X-Content-Type-Options:
      - nosniff
      X-Frame-Options:
      - DENY
      X-Request-Id:
      - 779f06a9-5aa3-4ab2-ad0b-ad5cd1ed6235
    status: 200 OK
    code: 200
    duration: ""
- request:
    body: ""
    form: {}
    headers:
      User-Agent:
      - scaleway-sdk-go/v1.0.0-beta.7+dev (go1.17.3; darwin; amd64) terraform-provider/develop
        terraform/terraform-tests
    url: https://api.scaleway.com/instance/v1/zones/fr-par-1/placement_groups/a2b42cc2-0967-4a05-ac5f-d5a34c262d8d
    method: GET
  response:
    body: '{"placement_group": {"id": "a2b42cc2-0967-4a05-ac5f-d5a34c262d8d", "name":
      "pool-placement-group", "organization": "105bdce1-64c0-48ab-899d-868455867ecf",
      "project": "105bdce1-64c0-48ab-899d-868455867ecf", "policy_mode": "optional",
      "policy_type": "max_availability", "policy_respected": true, "zone": "fr-par-1"}}'
    headers:
      Content-Length:
      - "314"
      Content-Security-Policy:
      - default-src 'none'; frame-ancestors 'none'
      Content-Type:
      - application/json
      Date:
      - Mon, 13 Dec 2021 17:23:42 GMT
      Server:
      - Scaleway API-Gateway
      Strict-Transport-Security:
      - max-age=63072000
      X-Content-Type-Options:
      - nosniff
      X-Frame-Options:
      - DENY
      X-Request-Id:
      - 4d4c949f-bdc8-4319-8399-26ab8e374d6d
    status: 200 OK
    code: 200
    duration: ""
- request:
    body: ""
    form: {}
    headers:
      User-Agent:
      - scaleway-sdk-go/v1.0.0-beta.7+dev (go1.17.3; darwin; amd64) terraform-provider/develop
        terraform/terraform-tests
    url: https://api.scaleway.com/k8s/v1/regions/fr-par/clusters/a7895495-afd2-4d5e-aaf5-0e0dc3de332d/kubeconfig
    method: GET
  response:
    body: '{"name":"kubeconfig","content_type":"application/octet-stream","content":"YXBpVmVyc2lvbjogdjEKY2x1c3RlcnM6Ci0gbmFtZTogInBsYWNlbWVudC1ncm91cCIKICBjbHVzdGVyOgogICAgY2VydGlmaWNhdGUtYXV0aG9yaXR5LWRhdGE6IExTMHRMUzFDUlVkSlRpQkRSVkpVU1VaSlEwRlVSUzB0TFMwdENrMUpTVU0xZWtORFFXTXJaMEYzU1VKQlowbENRVVJCVGtKbmEzRm9hMmxIT1hjd1FrRlJjMFpCUkVGV1RWSk5kMFZSV1VSV1VWRkVSWGR3Y21SWFNtd0tZMjAxYkdSSFZucE5RalJZUkZSSmVFMVVTWGhOYWtVelRXcEZlVTFzYjFoRVZFMTRUVlJKZUUxcVJUTk5ha1Y1VFd4dmQwWlVSVlJOUWtWSFFURlZSUXBCZUUxTFlUTldhVnBZU25WYVdGSnNZM3BEUTBGVFNYZEVVVmxLUzI5YVNXaDJZMDVCVVVWQ1FsRkJSR2RuUlZCQlJFTkRRVkZ2UTJkblJVSkJUVWxpQ21sWk1XRjFWVTlxY21ObFNrMVRlVXRYV0c1S1preFdhekJEUmtoTVJVeEdha3huU3pjdlFVdG1lbTQ1ZDBsdFpGTjJNbFoyZEZKbFRHcFJaRTVyUkVZS1ozWlRSVEl5VHpCV1kybFVlRUkwVkhkcGNuWnhaak54Ukhwa1ZFVlVSMVZpZUhaeVVVbDBjelpHUW05bGNFNXdMM056WkdGbFRtYzRZVWcxVG1FM2NRcFBWRWR6UzJoVU5ua3pRMkZ1WTJoRksxZDVXVTFvZUhOamVtdHllRFpwTkRoWlQyeFdPWEZ3TVdwRmFWTm1OblYxVkZobFZuQnhVbGRaWkM4dmNrRkJDamxtWmt4dFdWQnVTVTh3THpWc1MzaFFZM2xsVTNOWlF5dEZWRzFaVldKU1J5dHVhSFV5TlcxeksySlZjVzk0VWpVM2RHdGpOSG8yZEVsd1NXaFdjM1VLYkdwWmRWTkxNVWgxVlVaM00xWnJZME5JY0VGT2RsbEtRVlZuT1ZSclVVa3dSVmRwZUZwSFVDdEpNa2RJYWtaclVXOHhNSEpwSzB3MUt5dGFXRkpMVlFwbVJuRnNlRFJvVGpsb1RHWjFOalp2YkNzNFEwRjNSVUZCWVU1RFRVVkJkMFJuV1VSV1VqQlFRVkZJTDBKQlVVUkJaMHRyVFVFNFIwRXhWV1JGZDBWQ0NpOTNVVVpOUVUxQ1FXWTRkMGhSV1VSV1VqQlBRa0paUlVaRmVWUnhNeTltVVRNMU1FOUpja2N5Wm5GV1VWZHRVbHBGYUZkTlFUQkhRMU54UjFOSllqTUtSRkZGUWtOM1ZVRkJORWxDUVZGQlVXWllPRzVSUTI1SlIza3hhbXRJYzJkU2Iyc3JNMUk0ZUZSNGExVkpkRWRtTkRSWWNtbHdXR3BDVkhNNVRIWlliZ3BDT0d4R2JGQnFTRnBOWkVoVVowRXJVa2hCZUhFdmJTOTBObHB0YWpsYWIxQlJaM1pPWjI1SFdVOHlNVzF6VjNSTlpuSmhkRlZLZGxVclpUTmxjVE5CQ2sxbE56ZzFXbE5xY0RSSGVsRnVXVTB3Ym5oTmRrcDBiV1U1ZFRkRU1FNU9kbkF4VkVkNFpVdDBVVUpYZVhOc1REWXdZME4yVUZaQ1VDOURWVmh2UW5nS2FURlJhQzh5TVZBeFIybzRUbFY1T1hwRE5WQmhhR2xzYm5wdFdFOVdSVnAxYURWa1IyWlljbnBXYjJ4c1lVSklNalZrUVhWU09HVkpNakJ1UmxORWFRcFhiVEI0UzFod1NWWnJVRGRZY1RSMlF6bHNaMUJ1U2pWQ1FtTkNOM0ZhUW1nd1FsbERjRmwzVEVGeU1rRmlNR295V25GVWQyNWtLemhDV1U1U2NHaFRDbGhRTUhSdVNWUktVM3AwUzFWbU5taHJWRUpWYm1Ob2R6RTVTakpPTVhweVVUWndjQW90TFMwdExVVk9SQ0JEUlZKVVNVWkpRMEZVUlMwdExTMHRDZz09CiAgICBzZXJ2ZXI6IGh0dHBzOi8vYTc4OTU0OTUtYWZkMi00ZDVlLWFhZjUtMGUwZGMzZGUzMzJkLmFwaS5rOHMuZnItcGFyLnNjdy5jbG91ZDo2NDQzCmNvbnRleHRzOgotIG5hbWU6IGFkbWluQHBsYWNlbWVudC1ncm91cAogIGNvbnRleHQ6CiAgICBjbHVzdGVyOiAicGxhY2VtZW50LWdyb3VwIgogICAgdXNlcjogcGxhY2VtZW50LWdyb3VwLWFkbWluCmN1cnJlbnQtY29udGV4dDogYWRtaW5AcGxhY2VtZW50LWdyb3VwCmtpbmQ6IENvbmZpZwpwcmVmZXJlbmNlczoge30KdXNlcnM6Ci0gbmFtZTogcGxhY2VtZW50LWdyb3VwLWFkbWluCiAgdXNlcjoKICAgIHRva2VuOiB0bGVIZUhPemhYRHhOelVuaXhsbGE1WENYNGlQR0VUU1JJWUhCN0hjTGY0TmVST1pmMjk2UVVmTA=="}'
    headers:
      Content-Length:
      - "2612"
      Content-Security-Policy:
      - default-src 'none'; frame-ancestors 'none'
      Content-Type:
      - application/json
      Date:
      - Mon, 13 Dec 2021 17:23:42 GMT
      Server:
      - Scaleway API-Gateway
      Strict-Transport-Security:
      - max-age=63072000
      X-Content-Type-Options:
      - nosniff
      X-Frame-Options:
      - DENY
      X-Request-Id:
      - 92c52603-ff44-4c54-958b-46e652943752
    status: 200 OK
    code: 200
    duration: ""
- request:
    body: ""
    form: {}
    headers:
      User-Agent:
      - scaleway-sdk-go/v1.0.0-beta.7+dev (go1.17.3; darwin; amd64) terraform-provider/develop
        terraform/terraform-tests
    url: https://api.scaleway.com/k8s/v1/regions/fr-par/pools/8354ec69-732b-4187-a383-d40c1d7f9f66
    method: GET
  response:
    body: '{"region":"fr-par","id":"8354ec69-732b-4187-a383-d40c1d7f9f66","cluster_id":"a7895495-afd2-4d5e-aaf5-0e0dc3de332d","created_at":"2021-12-13T17:21:27.445936Z","updated_at":"2021-12-13T17:21:27.455722Z","name":"placement_group","status":"scaling","version":"1.23.0","node_type":"gp1_xs","autoscaling":false,"size":1,"min_size":1,"max_size":1,"container_runtime":"containerd","autohealing":false,"tags":[],"placement_group_id":"a2b42cc2-0967-4a05-ac5f-d5a34c262d8d","kubelet_args":{},"upgrade_policy":{"max_unavailable":1,"max_surge":0},"zone":"fr-par-1"}'
    headers:
      Content-Length:
      - "552"
      Content-Security-Policy:
      - default-src 'none'; frame-ancestors 'none'
      Content-Type:
      - application/json
      Date:
      - Mon, 13 Dec 2021 17:23:43 GMT
      Server:
      - Scaleway API-Gateway
      Strict-Transport-Security:
      - max-age=63072000
      X-Content-Type-Options:
      - nosniff
      X-Frame-Options:
      - DENY
      X-Request-Id:
      - 0fa9e433-c1d9-41c7-9a14-bf42bbdecaf2
    status: 200 OK
    code: 200
    duration: ""
- request:
    body: ""
    form: {}
    headers:
      User-Agent:
      - scaleway-sdk-go/v1.0.0-beta.7+dev (go1.17.3; darwin; amd64) terraform-provider/develop
        terraform/terraform-tests
    url: https://api.scaleway.com/k8s/v1/regions/fr-par/clusters/a7895495-afd2-4d5e-aaf5-0e0dc3de332d/nodes?order_by=created_at_asc&page=1&pool_id=8354ec69-732b-4187-a383-d40c1d7f9f66&status=unknown
    method: GET
  response:
    body: '{"total_count":0,"nodes":[]}'
    headers:
      Content-Length:
      - "28"
      Content-Security-Policy:
      - default-src 'none'; frame-ancestors 'none'
      Content-Type:
      - application/json
      Date:
      - Mon, 13 Dec 2021 17:23:43 GMT
      Server:
      - Scaleway API-Gateway
      Strict-Transport-Security:
      - max-age=63072000
      X-Content-Type-Options:
      - nosniff
      X-Frame-Options:
      - DENY
      X-Request-Id:
      - 1064f9f9-f12c-4176-84c3-57a977fda07b
    status: 200 OK
    code: 200
    duration: ""
- request:
    body: ""
    form: {}
    headers:
      User-Agent:
      - scaleway-sdk-go/v1.0.0-beta.7+dev (go1.17.3; darwin; amd64) terraform-provider/develop
        terraform/terraform-tests
    url: https://api.scaleway.com/k8s/v1/regions/fr-par/pools/8354ec69-732b-4187-a383-d40c1d7f9f66
    method: DELETE
  response:
    body: '{"region":"fr-par","id":"8354ec69-732b-4187-a383-d40c1d7f9f66","cluster_id":"a7895495-afd2-4d5e-aaf5-0e0dc3de332d","created_at":"2021-12-13T17:21:27.445936Z","updated_at":"2021-12-13T17:23:43.725456062Z","name":"placement_group","status":"deleting","version":"1.23.0","node_type":"gp1_xs","autoscaling":false,"size":1,"min_size":1,"max_size":1,"container_runtime":"containerd","autohealing":false,"tags":[],"placement_group_id":"a2b42cc2-0967-4a05-ac5f-d5a34c262d8d","kubelet_args":{},"upgrade_policy":{"max_unavailable":1,"max_surge":0},"zone":"fr-par-1"}'
    headers:
      Content-Length:
      - "556"
      Content-Security-Policy:
      - default-src 'none'; frame-ancestors 'none'
      Content-Type:
      - application/json
      Date:
      - Mon, 13 Dec 2021 17:23:43 GMT
      Server:
      - Scaleway API-Gateway
      Strict-Transport-Security:
      - max-age=63072000
      X-Content-Type-Options:
      - nosniff
      X-Frame-Options:
      - DENY
      X-Request-Id:
      - 9aceb1b1-7d4e-4075-a128-5bb23d5ad73c
    status: 200 OK
    code: 200
    duration: ""
- request:
    body: ""
    form: {}
    headers:
      User-Agent:
      - scaleway-sdk-go/v1.0.0-beta.7+dev (go1.17.3; darwin; amd64) terraform-provider/develop
        terraform/terraform-tests
    url: https://api.scaleway.com/instance/v1/zones/fr-par-1/placement_groups/a2b42cc2-0967-4a05-ac5f-d5a34c262d8d
    method: DELETE
  response:
    body: ""
    headers:
      Content-Security-Policy:
      - default-src 'none'; frame-ancestors 'none'
      Date:
      - Mon, 13 Dec 2021 17:23:43 GMT
      Server:
      - Scaleway API-Gateway
      Strict-Transport-Security:
      - max-age=63072000
      X-Content-Type-Options:
      - nosniff
      X-Frame-Options:
      - DENY
      X-Request-Id:
      - b14eafe7-32df-4fae-8133-1b8603aa968b
    status: 204 No Content
    code: 204
    duration: ""
- request:
    body: ""
    form: {}
    headers:
      User-Agent:
      - scaleway-sdk-go/v1.0.0-beta.7+dev (go1.17.3; darwin; amd64) terraform-provider/develop
        terraform/terraform-tests
    url: https://api.scaleway.com/k8s/v1/regions/fr-par/clusters/a7895495-afd2-4d5e-aaf5-0e0dc3de332d?with_additional_resources=false
    method: DELETE
  response:
    body: '{"region":"fr-par","id":"a7895495-afd2-4d5e-aaf5-0e0dc3de332d","organization_id":"105bdce1-64c0-48ab-899d-868455867ecf","project_id":"105bdce1-64c0-48ab-899d-868455867ecf","created_at":"2021-12-13T17:21:21.402110Z","updated_at":"2021-12-13T17:23:43.806296913Z","type":"kapsule","name":"placement_group","description":"","status":"deleting","version":"1.23.0","cni":"calico","tags":["terraform-test","scaleway_k8s_cluster","placement_group"],"cluster_url":"https://a7895495-afd2-4d5e-aaf5-0e0dc3de332d.api.k8s.fr-par.scw.cloud:6443","dns_wildcard":"*.a7895495-afd2-4d5e-aaf5-0e0dc3de332d.nodes.k8s.fr-par.scw.cloud","autoscaler_config":{"scale_down_disabled":false,"scale_down_delay_after_add":"10m","estimator":"binpacking","expander":"random","ignore_daemonsets_utilization":false,"balance_similar_node_groups":false,"expendable_pods_priority_cutoff":0,"scale_down_unneeded_time":"10m","scale_down_utilization_threshold":0.5,"max_graceful_termination_sec":0},"dashboard_enabled":false,"ingress":"none","auto_upgrade":{"enabled":false,"maintenance_window":{"start_hour":0,"day":"any"}},"upgrade_available":false,"feature_gates":[],"admission_plugins":[],"open_id_connect_config":{"issuer_url":"","client_id":"","username_claim":"","username_prefix":"","groups_claim":[],"groups_prefix":"","required_claim":[]},"apiserver_cert_sans":[]}'
    headers:
      Content-Length:
      - "1335"
      Content-Security-Policy:
      - default-src 'none'; frame-ancestors 'none'
      Content-Type:
      - application/json
      Date:
      - Mon, 13 Dec 2021 17:23:43 GMT
      Server:
      - Scaleway API-Gateway
      Strict-Transport-Security:
      - max-age=63072000
      X-Content-Type-Options:
      - nosniff
      X-Frame-Options:
      - DENY
      X-Request-Id:
      - fd48aded-1fa1-4a68-aba4-841c881c17a6
    status: 200 OK
    code: 200
    duration: ""
- request:
    body: ""
    form: {}
    headers:
      User-Agent:
      - scaleway-sdk-go/v1.0.0-beta.7+dev (go1.17.3; darwin; amd64) terraform-provider/develop
        terraform/terraform-tests
    url: https://api.scaleway.com/k8s/v1/regions/fr-par/clusters/a7895495-afd2-4d5e-aaf5-0e0dc3de332d
    method: GET
  response:
    body: '{"region":"fr-par","id":"a7895495-afd2-4d5e-aaf5-0e0dc3de332d","organization_id":"105bdce1-64c0-48ab-899d-868455867ecf","project_id":"105bdce1-64c0-48ab-899d-868455867ecf","created_at":"2021-12-13T17:21:21.402110Z","updated_at":"2021-12-13T17:23:43.806297Z","type":"kapsule","name":"placement_group","description":"","status":"deleting","version":"1.23.0","cni":"calico","tags":["terraform-test","scaleway_k8s_cluster","placement_group"],"cluster_url":"https://a7895495-afd2-4d5e-aaf5-0e0dc3de332d.api.k8s.fr-par.scw.cloud:6443","dns_wildcard":"*.a7895495-afd2-4d5e-aaf5-0e0dc3de332d.nodes.k8s.fr-par.scw.cloud","autoscaler_config":{"scale_down_disabled":false,"scale_down_delay_after_add":"10m","estimator":"binpacking","expander":"random","ignore_daemonsets_utilization":false,"balance_similar_node_groups":false,"expendable_pods_priority_cutoff":0,"scale_down_unneeded_time":"10m","scale_down_utilization_threshold":0.5,"max_graceful_termination_sec":0},"dashboard_enabled":false,"ingress":"none","auto_upgrade":{"enabled":false,"maintenance_window":{"start_hour":0,"day":"any"}},"upgrade_available":false,"feature_gates":[],"admission_plugins":[],"open_id_connect_config":{"issuer_url":"","client_id":"","username_claim":"","username_prefix":"","groups_claim":[],"groups_prefix":"","required_claim":[]},"apiserver_cert_sans":[]}'
    headers:
      Content-Length:
      - "1332"
      Content-Security-Policy:
      - default-src 'none'; frame-ancestors 'none'
      Content-Type:
      - application/json
      Date:
      - Mon, 13 Dec 2021 17:23:43 GMT
      Server:
      - Scaleway API-Gateway
      Strict-Transport-Security:
      - max-age=63072000
      X-Content-Type-Options:
      - nosniff
      X-Frame-Options:
      - DENY
      X-Request-Id:
      - 645398a5-161f-4add-9c0f-93d9ae5b60ef
    status: 200 OK
    code: 200
    duration: ""
- request:
    body: ""
    form: {}
    headers:
      User-Agent:
      - scaleway-sdk-go/v1.0.0-beta.7+dev (go1.17.3; darwin; amd64) terraform-provider/develop
        terraform/terraform-tests
    url: https://api.scaleway.com/k8s/v1/regions/fr-par/clusters/a7895495-afd2-4d5e-aaf5-0e0dc3de332d
    method: GET
  response:
    body: '{"message":"resource is not found","resource":"cluster","resource_id":"a7895495-afd2-4d5e-aaf5-0e0dc3de332d","type":"not_found"}'
    headers:
      Content-Length:
      - "128"
      Content-Security-Policy:
      - default-src 'none'; frame-ancestors 'none'
      Content-Type:
      - application/json
      Date:
      - Mon, 13 Dec 2021 17:23:48 GMT
      Server:
      - Scaleway API-Gateway
      Strict-Transport-Security:
      - max-age=63072000
      X-Content-Type-Options:
      - nosniff
      X-Frame-Options:
      - DENY
      X-Request-Id:
      - 8a514e7b-3424-4d17-b9cc-1fa56e9062e3
    status: 404 Not Found
    code: 404
    duration: ""
- request:
    body: ""
    form: {}
    headers:
      User-Agent:
      - scaleway-sdk-go/v1.0.0-beta.7+dev (go1.17.3; darwin; amd64) terraform-provider/develop
        terraform/terraform-tests
    url: https://api.scaleway.com/k8s/v1/regions/fr-par/clusters/a7895495-afd2-4d5e-aaf5-0e0dc3de332d
    method: GET
  response:
    body: '{"message":"resource is not found","resource":"cluster","resource_id":"a7895495-afd2-4d5e-aaf5-0e0dc3de332d","type":"not_found"}'
    headers:
      Content-Length:
      - "128"
      Content-Security-Policy:
      - default-src 'none'; frame-ancestors 'none'
      Content-Type:
      - application/json
      Date:
      - Mon, 13 Dec 2021 17:23:49 GMT
      Server:
      - Scaleway API-Gateway
      Strict-Transport-Security:
      - max-age=63072000
      X-Content-Type-Options:
      - nosniff
      X-Frame-Options:
      - DENY
      X-Request-Id:
      - ab72d587-3f5a-471a-9439-ecee5985361a
    status: 404 Not Found
    code: 404
    duration: ""
