---
version: 1
interactions:
- request:
    body: '{"project_id":"a57bd23d-c866-49eb-a6ac-438f85c22957","reverse":null}'
    form: {}
    headers:
      Content-Type:
      - application/json
      User-Agent:
      - scaleway-sdk-go/v1.0.0-beta.7+dev (go1.15.11; linux; amd64) terraform-provider/develop
        terraform/terraform-tests
    url: https://api.scaleway.com/lb/v1/zones/fr-par-1/ips
    method: POST
  response:
    body: '{"id":"c0107f8a-7133-4a67-8570-4b408052fe7b","ip_address":"51.159.114.153","organization_id":"9af7216e-7b97-404d-8ada-9f379eb39ae5","project_id":"a57bd23d-c866-49eb-a6ac-438f85c22957","lb_id":null,"reverse":"51-159-114-153.lb.fr-par.scw.cloud","region":"fr-par","zone":"fr-par-1"}'
    headers:
      Content-Length:
      - "280"
      Content-Security-Policy:
      - default-src 'none'; frame-ancestors 'none'
      Content-Type:
      - application/json
      Date:
      - Thu, 20 May 2021 13:05:00 GMT
      Server:
      - Scaleway API-Gateway
      Strict-Transport-Security:
      - max-age=63072000
      X-Content-Type-Options:
      - nosniff
      X-Frame-Options:
      - DENY
      X-Request-Id:
      - 7ad356f2-4c97-4716-8afa-75ec456dfc5c
    status: 200 OK
    code: 200
    duration: ""
- request:
    body: ""
    form: {}
    headers:
      User-Agent:
      - scaleway-sdk-go/v1.0.0-beta.7+dev (go1.15.11; linux; amd64) terraform-provider/develop
        terraform/terraform-tests
    url: https://api.scaleway.com/lb/v1/zones/fr-par-1/ips/c0107f8a-7133-4a67-8570-4b408052fe7b
    method: GET
  response:
    body: '{"id":"c0107f8a-7133-4a67-8570-4b408052fe7b","ip_address":"51.159.114.153","organization_id":"9af7216e-7b97-404d-8ada-9f379eb39ae5","project_id":"a57bd23d-c866-49eb-a6ac-438f85c22957","lb_id":null,"reverse":"51-159-114-153.lb.fr-par.scw.cloud","region":"fr-par","zone":"fr-par-1"}'
    headers:
      Content-Length:
      - "280"
      Content-Security-Policy:
      - default-src 'none'; frame-ancestors 'none'
      Content-Type:
      - application/json
      Date:
      - Thu, 20 May 2021 13:05:00 GMT
      Server:
      - Scaleway API-Gateway
      Strict-Transport-Security:
      - max-age=63072000
      X-Content-Type-Options:
      - nosniff
      X-Frame-Options:
      - DENY
      X-Request-Id:
      - ea80cc63-8704-48ed-97ec-cff25b06bc8d
    status: 200 OK
    code: 200
    duration: ""
- request:
    body: '{"project":"a57bd23d-c866-49eb-a6ac-438f85c22957"}'
    form: {}
    headers:
      Content-Type:
      - application/json
      User-Agent:
      - scaleway-sdk-go/v1.0.0-beta.7+dev (go1.15.11; linux; amd64) terraform-provider/develop
        terraform/terraform-tests
    url: https://api.scaleway.com/instance/v1/zones/fr-par-1/ips
    method: POST
  response:
    body: '{"ip": {"id": "d5b87fb3-cdd4-4148-949b-acd7356aadf1", "address": "51.158.70.242",
      "reverse": null, "server": null, "organization": "9af7216e-7b97-404d-8ada-9f379eb39ae5",
      "project": "a57bd23d-c866-49eb-a6ac-438f85c22957", "zone": "fr-par-1", "tags":
      []}}'
    headers:
      Content-Length:
      - "254"
      Content-Security-Policy:
      - default-src 'none'; frame-ancestors 'none'
      Content-Type:
      - application/json
      Date:
      - Thu, 20 May 2021 13:05:00 GMT
      Location:
      - https://par1-cmp-prd-api02.internal.scaleway.com/ips/d5b87fb3-cdd4-4148-949b-acd7356aadf1
      Server:
      - Scaleway API-Gateway
      Strict-Transport-Security:
      - max-age=63072000
      X-Content-Type-Options:
      - nosniff
      X-Frame-Options:
      - DENY
      X-Request-Id:
      - 676ff8ef-3422-442c-8963-adb1262899eb
    status: 201 Created
    code: 201
    duration: ""
- request:
    body: '{"project_id":"a57bd23d-c866-49eb-a6ac-438f85c22957","name":"test-lb","description":"","ip_id":"c0107f8a-7133-4a67-8570-4b408052fe7b","tags":null,"type":"lb-s","ssl_compatibility_level":"ssl_compatibility_level_unknown"}'
    form: {}
    headers:
      Content-Type:
      - application/json
      User-Agent:
      - scaleway-sdk-go/v1.0.0-beta.7+dev (go1.15.11; linux; amd64) terraform-provider/develop
        terraform/terraform-tests
    url: https://api.scaleway.com/lb/v1/zones/fr-par-1/lbs
    method: POST
  response:
    body: '{"id":"cedfcb15-68f4-4a83-9365-bd82a3c5d001","name":"test-lb","description":"","status":"pending","instances":[],"organization_id":"9af7216e-7b97-404d-8ada-9f379eb39ae5","project_id":"a57bd23d-c866-49eb-a6ac-438f85c22957","ip":[{"id":"c0107f8a-7133-4a67-8570-4b408052fe7b","ip_address":"51.159.114.153","organization_id":"9af7216e-7b97-404d-8ada-9f379eb39ae5","project_id":"a57bd23d-c866-49eb-a6ac-438f85c22957","lb_id":"cedfcb15-68f4-4a83-9365-bd82a3c5d001","reverse":"51-159-114-153.lb.fr-par.scw.cloud","region":"fr-par","zone":"fr-par-1"}],"tags":[],"frontend_count":0,"backend_count":0,"type":"lb-s","subscriber":null,"ssl_compatibility_level":"ssl_compatibility_level_intermediate","created_at":"2021-05-20T13:05:00.298283077Z","updated_at":"2021-05-20T13:05:00.298283077Z","region":"fr-par","zone":"fr-par-1"}'
    headers:
      Content-Length:
      - "816"
      Content-Security-Policy:
      - default-src 'none'; frame-ancestors 'none'
      Content-Type:
      - application/json
      Date:
      - Thu, 20 May 2021 13:05:00 GMT
      Server:
      - Scaleway API-Gateway
      Strict-Transport-Security:
      - max-age=63072000
      X-Content-Type-Options:
      - nosniff
      X-Frame-Options:
      - DENY
      X-Request-Id:
      - 307d1fc3-f4c8-46c6-bdd9-008fe4368faa
    status: 200 OK
    code: 200
    duration: ""
- request:
    body: ""
    form: {}
    headers:
      User-Agent:
      - scaleway-sdk-go/v1.0.0-beta.7+dev (go1.15.11; linux; amd64) terraform-provider/develop
        terraform/terraform-tests
    url: https://api.scaleway.com/lb/v1/zones/fr-par-1/lbs/cedfcb15-68f4-4a83-9365-bd82a3c5d001
    method: GET
  response:
    body: '{"message":"connection error: desc = \"transport: Error while dialing dial
      tcp 10.44.4.147:81: connect: no route to host\""}'
    headers:
      Content-Length:
      - "124"
      Content-Security-Policy:
      - default-src 'none'; frame-ancestors 'none'
      Content-Type:
      - application/json
      Date:
      - Thu, 20 May 2021 13:05:00 GMT
      Server:
      - Scaleway API-Gateway
      Strict-Transport-Security:
      - max-age=63072000
      X-Content-Type-Options:
      - nosniff
      X-Frame-Options:
      - DENY
      X-Request-Id:
      - fdf07ad3-e8ec-430d-935a-376ebd09509b
    status: 503 Service Unavailable
    code: 503
    duration: ""
- request:
    body: ""
    form: {}
    headers:
      User-Agent:
      - scaleway-sdk-go/v1.0.0-beta.7+dev (go1.15.11; linux; amd64) terraform-provider/develop
        terraform/terraform-tests
    url: https://api.scaleway.com/instance/v1/zones/fr-par-1/ips/d5b87fb3-cdd4-4148-949b-acd7356aadf1
    method: GET
  response:
    body: '{"ip": {"id": "d5b87fb3-cdd4-4148-949b-acd7356aadf1", "address": "51.158.70.242",
      "reverse": null, "server": null, "organization": "9af7216e-7b97-404d-8ada-9f379eb39ae5",
      "project": "a57bd23d-c866-49eb-a6ac-438f85c22957", "zone": "fr-par-1", "tags":
      []}}'
    headers:
      Content-Length:
      - "254"
      Content-Security-Policy:
      - default-src 'none'; frame-ancestors 'none'
      Content-Type:
      - application/json
      Date:
      - Thu, 20 May 2021 13:05:00 GMT
      Server:
      - Scaleway API-Gateway
      Strict-Transport-Security:
      - max-age=63072000
      X-Content-Type-Options:
      - nosniff
      X-Frame-Options:
      - DENY
      X-Request-Id:
      - e897d9cc-0f6a-43f6-8349-91a20d918e7c
    status: 200 OK
    code: 200
    duration: ""
- request:
    body: ""
    form: {}
    headers:
      User-Agent:
      - scaleway-sdk-go/v1.0.0-beta.7+dev (go1.15.11; linux; amd64) terraform-provider/develop
        terraform/terraform-tests
    url: https://api.scaleway.com/lb/v1/zones/fr-par-1/lbs/cedfcb15-68f4-4a83-9365-bd82a3c5d001
    method: GET
  response:
    body: '{"id":"cedfcb15-68f4-4a83-9365-bd82a3c5d001","name":"test-lb","description":"","status":"ready","instances":[{"id":"36471fdc-c2c7-4576-ab99-af9d7008dc45","status":"ready","ip_address":"10.71.76.79","created_at":"2021-05-20T13:03:41.069227Z","updated_at":"2021-05-20T13:05:01.110871Z","region":"fr-par","zone":"fr-par-1"},{"id":"fc5f3bcd-b8b3-497e-9afb-f0b70b53fd32","status":"ready","ip_address":"10.73.138.23","created_at":"2021-05-20T13:03:37.855923Z","updated_at":"2021-05-20T13:05:01.567077Z","region":"fr-par","zone":"fr-par-1"}],"organization_id":"9af7216e-7b97-404d-8ada-9f379eb39ae5","project_id":"a57bd23d-c866-49eb-a6ac-438f85c22957","ip":[{"id":"c0107f8a-7133-4a67-8570-4b408052fe7b","ip_address":"51.159.114.153","organization_id":"9af7216e-7b97-404d-8ada-9f379eb39ae5","project_id":"a57bd23d-c866-49eb-a6ac-438f85c22957","lb_id":"cedfcb15-68f4-4a83-9365-bd82a3c5d001","reverse":"51-159-114-153.lb.fr-par.scw.cloud","region":"fr-par","zone":"fr-par-1"}],"tags":[],"frontend_count":0,"backend_count":0,"type":"lb-s","subscriber":null,"ssl_compatibility_level":"ssl_compatibility_level_intermediate","created_at":"2021-05-20T13:05:00.298283Z","updated_at":"2021-05-20T13:05:01.940605Z","region":"fr-par","zone":"fr-par-1"}'
    headers:
      Content-Length:
      - "1232"
      Content-Security-Policy:
      - default-src 'none'; frame-ancestors 'none'
      Content-Type:
      - application/json
      Date:
      - Thu, 20 May 2021 13:05:02 GMT
      Server:
      - Scaleway API-Gateway
      Strict-Transport-Security:
      - max-age=63072000
      X-Content-Type-Options:
      - nosniff
      X-Frame-Options:
      - DENY
      X-Request-Id:
      - 79c69e18-3a34-4d6c-b4bc-d14d1cb29fd3
    status: 200 OK
    code: 200
    duration: ""
- request:
    body: ""
    form: {}
    headers:
      User-Agent:
      - scaleway-sdk-go/v1.0.0-beta.7+dev (go1.15.11; linux; amd64) terraform-provider/develop
        terraform/terraform-tests
    url: https://api.scaleway.com/lb/v1/zones/fr-par-1/lbs/cedfcb15-68f4-4a83-9365-bd82a3c5d001
    method: GET
  response:
    body: '{"id":"cedfcb15-68f4-4a83-9365-bd82a3c5d001","name":"test-lb","description":"","status":"ready","instances":[{"id":"36471fdc-c2c7-4576-ab99-af9d7008dc45","status":"ready","ip_address":"10.71.76.79","created_at":"2021-05-20T13:03:41.069227Z","updated_at":"2021-05-20T13:05:01.110871Z","region":"fr-par","zone":"fr-par-1"},{"id":"fc5f3bcd-b8b3-497e-9afb-f0b70b53fd32","status":"ready","ip_address":"10.73.138.23","created_at":"2021-05-20T13:03:37.855923Z","updated_at":"2021-05-20T13:05:01.567077Z","region":"fr-par","zone":"fr-par-1"}],"organization_id":"9af7216e-7b97-404d-8ada-9f379eb39ae5","project_id":"a57bd23d-c866-49eb-a6ac-438f85c22957","ip":[{"id":"c0107f8a-7133-4a67-8570-4b408052fe7b","ip_address":"51.159.114.153","organization_id":"9af7216e-7b97-404d-8ada-9f379eb39ae5","project_id":"a57bd23d-c866-49eb-a6ac-438f85c22957","lb_id":"cedfcb15-68f4-4a83-9365-bd82a3c5d001","reverse":"51-159-114-153.lb.fr-par.scw.cloud","region":"fr-par","zone":"fr-par-1"}],"tags":[],"frontend_count":0,"backend_count":0,"type":"lb-s","subscriber":null,"ssl_compatibility_level":"ssl_compatibility_level_intermediate","created_at":"2021-05-20T13:05:00.298283Z","updated_at":"2021-05-20T13:05:01.940605Z","region":"fr-par","zone":"fr-par-1"}'
    headers:
      Content-Length:
      - "1232"
      Content-Security-Policy:
      - default-src 'none'; frame-ancestors 'none'
      Content-Type:
      - application/json
      Date:
      - Thu, 20 May 2021 13:05:02 GMT
      Server:
      - Scaleway API-Gateway
      Strict-Transport-Security:
      - max-age=63072000
      X-Content-Type-Options:
      - nosniff
      X-Frame-Options:
      - DENY
      X-Request-Id:
      - 625659f7-3a39-431f-896c-a0a400453f3c
    status: 200 OK
    code: 200
    duration: ""
- request:
    body: '{"name":"bkd01","forward_protocol":"tcp","forward_port":80,"forward_port_algorithm":"roundrobin","sticky_sessions":"none","sticky_sessions_cookie_name":"","health_check":{"check_max_retries":2,"port":80,"check_send_proxy":false,"check_timeout":30000,"check_delay":60000},"server_ip":["51.158.70.242"],"send_proxy_v2":false,"on_marked_down_action":"on_marked_down_action_none","proxy_protocol":"proxy_protocol_none","timeout_server":null,"timeout_connect":null,"timeout_tunnel":null}'
    form: {}
    headers:
      Content-Type:
      - application/json
      User-Agent:
      - scaleway-sdk-go/v1.0.0-beta.7+dev (go1.15.11; linux; amd64) terraform-provider/develop
        terraform/terraform-tests
    url: https://api.scaleway.com/lb/v1/zones/fr-par-1/lbs/cedfcb15-68f4-4a83-9365-bd82a3c5d001/backends
    method: POST
  response:
    body: '{"id":"ac72da03-d350-4580-8d85-34d1d1473376","name":"bkd01","forward_protocol":"tcp","forward_port":80,"forward_port_algorithm":"roundrobin","sticky_sessions":"none","sticky_sessions_cookie_name":"","health_check":{"port":80,"check_delay":60000,"check_timeout":30000,"check_max_retries":2,"check_send_proxy":false,"tcp_config":{}},"pool":["51.158.70.242"],"lb":{"id":"cedfcb15-68f4-4a83-9365-bd82a3c5d001","name":"test-lb","description":"","status":"ready","instances":[{"id":"36471fdc-c2c7-4576-ab99-af9d7008dc45","status":"ready","ip_address":"10.71.76.79","created_at":"2021-05-20T13:03:41.069227Z","updated_at":"2021-05-20T13:05:01.110871Z","region":"fr-par","zone":"fr-par-1"},{"id":"fc5f3bcd-b8b3-497e-9afb-f0b70b53fd32","status":"ready","ip_address":"10.73.138.23","created_at":"2021-05-20T13:03:37.855923Z","updated_at":"2021-05-20T13:05:01.567077Z","region":"fr-par","zone":"fr-par-1"}],"organization_id":"9af7216e-7b97-404d-8ada-9f379eb39ae5","project_id":"a57bd23d-c866-49eb-a6ac-438f85c22957","ip":[{"id":"c0107f8a-7133-4a67-8570-4b408052fe7b","ip_address":"51.159.114.153","organization_id":"9af7216e-7b97-404d-8ada-9f379eb39ae5","project_id":"a57bd23d-c866-49eb-a6ac-438f85c22957","lb_id":"cedfcb15-68f4-4a83-9365-bd82a3c5d001","reverse":"51-159-114-153.lb.fr-par.scw.cloud","region":"fr-par","zone":"fr-par-1"}],"tags":[],"frontend_count":0,"backend_count":1,"type":"lb-s","subscriber":null,"ssl_compatibility_level":"ssl_compatibility_level_intermediate","created_at":"2021-05-20T13:05:00.298283Z","updated_at":"2021-05-20T13:05:01.940605Z","region":"fr-par","zone":"fr-par-1"},"send_proxy_v2":false,"timeout_server":null,"timeout_connect":null,"timeout_tunnel":null,"on_marked_down_action":"on_marked_down_action_none","proxy_protocol":"proxy_protocol_none","created_at":"2021-05-20T13:05:02.783308824Z","updated_at":"2021-05-20T13:05:02.783308824Z"}'
    headers:
      Content-Length:
      - "1867"
      Content-Security-Policy:
      - default-src 'none'; frame-ancestors 'none'
      Content-Type:
      - application/json
      Date:
      - Thu, 20 May 2021 13:05:02 GMT
      Server:
      - Scaleway API-Gateway
      Strict-Transport-Security:
      - max-age=63072000
      X-Content-Type-Options:
      - nosniff
      X-Frame-Options:
      - DENY
      X-Request-Id:
      - 715b7130-bede-4f20-a384-12a8c15e72f5
    status: 200 OK
    code: 200
    duration: ""
- request:
    body: ""
    form: {}
    headers:
      User-Agent:
      - scaleway-sdk-go/v1.0.0-beta.7+dev (go1.15.11; linux; amd64) terraform-provider/develop
        terraform/terraform-tests
    url: https://api.scaleway.com/lb/v1/zones/fr-par-1/backends/ac72da03-d350-4580-8d85-34d1d1473376
    method: GET
  response:
    body: '{"id":"ac72da03-d350-4580-8d85-34d1d1473376","name":"bkd01","forward_protocol":"tcp","forward_port":80,"forward_port_algorithm":"roundrobin","sticky_sessions":"none","sticky_sessions_cookie_name":"","health_check":{"port":80,"check_delay":60000,"check_timeout":30000,"check_max_retries":2,"check_send_proxy":false,"tcp_config":{}},"pool":["51.158.70.242"],"lb":{"id":"cedfcb15-68f4-4a83-9365-bd82a3c5d001","name":"test-lb","description":"","status":"ready","instances":[],"organization_id":"9af7216e-7b97-404d-8ada-9f379eb39ae5","project_id":"a57bd23d-c866-49eb-a6ac-438f85c22957","ip":[{"id":"c0107f8a-7133-4a67-8570-4b408052fe7b","ip_address":"51.159.114.153","organization_id":"9af7216e-7b97-404d-8ada-9f379eb39ae5","project_id":"a57bd23d-c866-49eb-a6ac-438f85c22957","lb_id":"cedfcb15-68f4-4a83-9365-bd82a3c5d001","reverse":"51-159-114-153.lb.fr-par.scw.cloud","region":"fr-par","zone":"fr-par-1"}],"tags":[],"frontend_count":0,"backend_count":1,"type":"lb-s","subscriber":null,"ssl_compatibility_level":"ssl_compatibility_level_intermediate","created_at":"2021-05-20T13:05:00.298283Z","updated_at":"2021-05-20T13:05:01.940605Z","region":"fr-par","zone":"fr-par-1"},"send_proxy_v2":false,"timeout_server":null,"timeout_connect":null,"timeout_tunnel":null,"on_marked_down_action":"on_marked_down_action_none","proxy_protocol":"proxy_protocol_none","created_at":"2021-05-20T13:05:02.783309Z","updated_at":"2021-05-20T13:05:02.783309Z"}'
    headers:
      Content-Length:
      - "1437"
      Content-Security-Policy:
      - default-src 'none'; frame-ancestors 'none'
      Content-Type:
      - application/json
      Date:
      - Thu, 20 May 2021 13:05:03 GMT
      Server:
      - Scaleway API-Gateway
      Strict-Transport-Security:
      - max-age=63072000
      X-Content-Type-Options:
      - nosniff
      X-Frame-Options:
      - DENY
      X-Request-Id:
      - fea3478c-8abf-448d-baf6-33701efe6a7d
    status: 200 OK
    code: 200
    duration: ""
- request:
    body: ""
    form: {}
    headers:
      User-Agent:
      - scaleway-sdk-go/v1.0.0-beta.7+dev (go1.15.11; linux; amd64) terraform-provider/develop
        terraform/terraform-tests
    url: https://api.scaleway.com/lb/v1/zones/fr-par-1/backends/ac72da03-d350-4580-8d85-34d1d1473376
    method: GET
  response:
    body: '{"id":"ac72da03-d350-4580-8d85-34d1d1473376","name":"bkd01","forward_protocol":"tcp","forward_port":80,"forward_port_algorithm":"roundrobin","sticky_sessions":"none","sticky_sessions_cookie_name":"","health_check":{"port":80,"check_delay":60000,"check_timeout":30000,"check_max_retries":2,"check_send_proxy":false,"tcp_config":{}},"pool":["51.158.70.242"],"lb":{"id":"cedfcb15-68f4-4a83-9365-bd82a3c5d001","name":"test-lb","description":"","status":"ready","instances":[],"organization_id":"9af7216e-7b97-404d-8ada-9f379eb39ae5","project_id":"a57bd23d-c866-49eb-a6ac-438f85c22957","ip":[{"id":"c0107f8a-7133-4a67-8570-4b408052fe7b","ip_address":"51.159.114.153","organization_id":"9af7216e-7b97-404d-8ada-9f379eb39ae5","project_id":"a57bd23d-c866-49eb-a6ac-438f85c22957","lb_id":"cedfcb15-68f4-4a83-9365-bd82a3c5d001","reverse":"51-159-114-153.lb.fr-par.scw.cloud","region":"fr-par","zone":"fr-par-1"}],"tags":[],"frontend_count":0,"backend_count":1,"type":"lb-s","subscriber":null,"ssl_compatibility_level":"ssl_compatibility_level_intermediate","created_at":"2021-05-20T13:05:00.298283Z","updated_at":"2021-05-20T13:05:01.940605Z","region":"fr-par","zone":"fr-par-1"},"send_proxy_v2":false,"timeout_server":null,"timeout_connect":null,"timeout_tunnel":null,"on_marked_down_action":"on_marked_down_action_none","proxy_protocol":"proxy_protocol_none","created_at":"2021-05-20T13:05:02.783309Z","updated_at":"2021-05-20T13:05:02.783309Z"}'
    headers:
      Content-Length:
      - "1437"
      Content-Security-Policy:
      - default-src 'none'; frame-ancestors 'none'
      Content-Type:
      - application/json
      Date:
      - Thu, 20 May 2021 13:05:03 GMT
      Server:
      - Scaleway API-Gateway
      Strict-Transport-Security:
      - max-age=63072000
      X-Content-Type-Options:
      - nosniff
      X-Frame-Options:
      - DENY
      X-Request-Id:
      - d38f48d2-d6c1-4c3f-afcd-c0a911b2cad0
    status: 200 OK
    code: 200
    duration: ""
- request:
    body: ""
    form: {}
    headers:
      User-Agent:
      - scaleway-sdk-go/v1.0.0-beta.7+dev (go1.15.11; linux; amd64) terraform-provider/develop
        terraform/terraform-tests
    url: https://api.scaleway.com/lb/v1/zones/fr-par-1/ips/c0107f8a-7133-4a67-8570-4b408052fe7b
    method: GET
  response:
    body: '{"message":"connection error: desc = \"transport: Error while dialing dial
      tcp 10.44.4.147:81: connect: no route to host\""}'
    headers:
      Content-Length:
      - "124"
      Content-Security-Policy:
      - default-src 'none'; frame-ancestors 'none'
      Content-Type:
      - application/json
      Date:
      - Thu, 20 May 2021 13:05:03 GMT
      Server:
      - Scaleway API-Gateway
      Strict-Transport-Security:
      - max-age=63072000
      X-Content-Type-Options:
      - nosniff
      X-Frame-Options:
      - DENY
      X-Request-Id:
      - 962ec18d-d37c-4e1e-a9d4-d61d2c7be0a9
    status: 503 Service Unavailable
    code: 503
    duration: ""
- request:
    body: ""
    form: {}
    headers:
      User-Agent:
      - scaleway-sdk-go/v1.0.0-beta.7+dev (go1.15.11; linux; amd64) terraform-provider/develop
        terraform/terraform-tests
    url: https://api.scaleway.com/instance/v1/zones/fr-par-1/ips/d5b87fb3-cdd4-4148-949b-acd7356aadf1
    method: GET
  response:
    body: '{"ip": {"id": "d5b87fb3-cdd4-4148-949b-acd7356aadf1", "address": "51.158.70.242",
      "reverse": null, "server": null, "organization": "9af7216e-7b97-404d-8ada-9f379eb39ae5",
      "project": "a57bd23d-c866-49eb-a6ac-438f85c22957", "zone": "fr-par-1", "tags":
      []}}'
    headers:
      Content-Length:
      - "254"
      Content-Security-Policy:
      - default-src 'none'; frame-ancestors 'none'
      Content-Type:
      - application/json
      Date:
      - Thu, 20 May 2021 13:05:03 GMT
      Server:
      - Scaleway API-Gateway
      Strict-Transport-Security:
      - max-age=63072000
      X-Content-Type-Options:
      - nosniff
      X-Frame-Options:
      - DENY
      X-Request-Id:
      - c93c488a-614c-450d-bf36-878557e283f5
    status: 200 OK
    code: 200
    duration: ""
- request:
    body: ""
    form: {}
    headers:
      User-Agent:
      - scaleway-sdk-go/v1.0.0-beta.7+dev (go1.15.11; linux; amd64) terraform-provider/develop
        terraform/terraform-tests
    url: https://api.scaleway.com/lb/v1/zones/fr-par-1/ips/c0107f8a-7133-4a67-8570-4b408052fe7b
    method: GET
  response:
    body: '{"message":"connection error: desc = \"transport: Error while dialing dial
      tcp 10.44.4.147:81: connect: no route to host\""}'
    headers:
      Content-Length:
      - "124"
      Content-Security-Policy:
      - default-src 'none'; frame-ancestors 'none'
      Content-Type:
      - application/json
      Date:
      - Thu, 20 May 2021 13:05:05 GMT
      Server:
      - Scaleway API-Gateway
      Strict-Transport-Security:
      - max-age=63072000
      X-Content-Type-Options:
      - nosniff
      X-Frame-Options:
      - DENY
      X-Request-Id:
      - db6f5873-e89c-4f5a-8c9c-17ec41914c77
    status: 503 Service Unavailable
    code: 503
    duration: ""
- request:
    body: ""
    form: {}
    headers:
      User-Agent:
      - scaleway-sdk-go/v1.0.0-beta.7+dev (go1.15.11; linux; amd64) terraform-provider/develop
        terraform/terraform-tests
    url: https://api.scaleway.com/lb/v1/zones/fr-par-1/ips/c0107f8a-7133-4a67-8570-4b408052fe7b
    method: GET
  response:
    body: '{"id":"c0107f8a-7133-4a67-8570-4b408052fe7b","ip_address":"51.159.114.153","organization_id":"9af7216e-7b97-404d-8ada-9f379eb39ae5","project_id":"a57bd23d-c866-49eb-a6ac-438f85c22957","lb_id":"cedfcb15-68f4-4a83-9365-bd82a3c5d001","reverse":"51-159-114-153.lb.fr-par.scw.cloud","region":"fr-par","zone":"fr-par-1"}'
    headers:
      Content-Length:
      - "314"
      Content-Security-Policy:
      - default-src 'none'; frame-ancestors 'none'
      Content-Type:
      - application/json
      Date:
      - Thu, 20 May 2021 13:05:09 GMT
      Server:
      - Scaleway API-Gateway
      Strict-Transport-Security:
      - max-age=63072000
      X-Content-Type-Options:
      - nosniff
      X-Frame-Options:
      - DENY
      X-Request-Id:
      - d77edd72-e422-4110-9d07-7e6408367b63
    status: 200 OK
    code: 200
    duration: ""
- request:
    body: ""
    form: {}
    headers:
      User-Agent:
      - scaleway-sdk-go/v1.0.0-beta.7+dev (go1.15.11; linux; amd64) terraform-provider/develop
        terraform/terraform-tests
    url: https://api.scaleway.com/lb/v1/zones/fr-par-1/lbs/cedfcb15-68f4-4a83-9365-bd82a3c5d001
    method: GET
  response:
    body: '{"id":"cedfcb15-68f4-4a83-9365-bd82a3c5d001","name":"test-lb","description":"","status":"ready","instances":[{"id":"36471fdc-c2c7-4576-ab99-af9d7008dc45","status":"ready","ip_address":"10.71.76.79","created_at":"2021-05-20T13:03:41.069227Z","updated_at":"2021-05-20T13:05:03.056159Z","region":"fr-par","zone":"fr-par-1"},{"id":"fc5f3bcd-b8b3-497e-9afb-f0b70b53fd32","status":"ready","ip_address":"10.73.138.23","created_at":"2021-05-20T13:03:37.855923Z","updated_at":"2021-05-20T13:05:03.167209Z","region":"fr-par","zone":"fr-par-1"}],"organization_id":"9af7216e-7b97-404d-8ada-9f379eb39ae5","project_id":"a57bd23d-c866-49eb-a6ac-438f85c22957","ip":[{"id":"c0107f8a-7133-4a67-8570-4b408052fe7b","ip_address":"51.159.114.153","organization_id":"9af7216e-7b97-404d-8ada-9f379eb39ae5","project_id":"a57bd23d-c866-49eb-a6ac-438f85c22957","lb_id":"cedfcb15-68f4-4a83-9365-bd82a3c5d001","reverse":"51-159-114-153.lb.fr-par.scw.cloud","region":"fr-par","zone":"fr-par-1"}],"tags":[],"frontend_count":0,"backend_count":1,"type":"lb-s","subscriber":null,"ssl_compatibility_level":"ssl_compatibility_level_intermediate","created_at":"2021-05-20T13:05:00.298283Z","updated_at":"2021-05-20T13:05:01.940605Z","region":"fr-par","zone":"fr-par-1"}'
    headers:
      Content-Length:
      - "1232"
      Content-Security-Policy:
      - default-src 'none'; frame-ancestors 'none'
      Content-Type:
      - application/json
      Date:
      - Thu, 20 May 2021 13:05:09 GMT
      Server:
      - Scaleway API-Gateway
      Strict-Transport-Security:
      - max-age=63072000
      X-Content-Type-Options:
      - nosniff
      X-Frame-Options:
      - DENY
      X-Request-Id:
      - 1b027430-c12c-43be-9b4b-dcd37196d0dc
    status: 200 OK
    code: 200
    duration: ""
- request:
    body: ""
    form: {}
    headers:
      User-Agent:
      - scaleway-sdk-go/v1.0.0-beta.7+dev (go1.15.11; linux; amd64) terraform-provider/develop
        terraform/terraform-tests
    url: https://api.scaleway.com/lb/v1/zones/fr-par-1/backends/ac72da03-d350-4580-8d85-34d1d1473376
    method: GET
  response:
    body: '{"id":"ac72da03-d350-4580-8d85-34d1d1473376","name":"bkd01","forward_protocol":"tcp","forward_port":80,"forward_port_algorithm":"roundrobin","sticky_sessions":"none","sticky_sessions_cookie_name":"","health_check":{"port":80,"check_delay":60000,"check_timeout":30000,"check_max_retries":2,"check_send_proxy":false,"tcp_config":{}},"pool":["51.158.70.242"],"lb":{"id":"cedfcb15-68f4-4a83-9365-bd82a3c5d001","name":"test-lb","description":"","status":"ready","instances":[],"organization_id":"9af7216e-7b97-404d-8ada-9f379eb39ae5","project_id":"a57bd23d-c866-49eb-a6ac-438f85c22957","ip":[{"id":"c0107f8a-7133-4a67-8570-4b408052fe7b","ip_address":"51.159.114.153","organization_id":"9af7216e-7b97-404d-8ada-9f379eb39ae5","project_id":"a57bd23d-c866-49eb-a6ac-438f85c22957","lb_id":"cedfcb15-68f4-4a83-9365-bd82a3c5d001","reverse":"51-159-114-153.lb.fr-par.scw.cloud","region":"fr-par","zone":"fr-par-1"}],"tags":[],"frontend_count":0,"backend_count":1,"type":"lb-s","subscriber":null,"ssl_compatibility_level":"ssl_compatibility_level_intermediate","created_at":"2021-05-20T13:05:00.298283Z","updated_at":"2021-05-20T13:05:01.940605Z","region":"fr-par","zone":"fr-par-1"},"send_proxy_v2":false,"timeout_server":null,"timeout_connect":null,"timeout_tunnel":null,"on_marked_down_action":"on_marked_down_action_none","proxy_protocol":"proxy_protocol_none","created_at":"2021-05-20T13:05:02.783309Z","updated_at":"2021-05-20T13:05:02.783309Z"}'
    headers:
      Content-Length:
      - "1437"
      Content-Security-Policy:
      - default-src 'none'; frame-ancestors 'none'
      Content-Type:
      - application/json
      Date:
      - Thu, 20 May 2021 13:05:09 GMT
      Server:
      - Scaleway API-Gateway
      Strict-Transport-Security:
      - max-age=63072000
      X-Content-Type-Options:
      - nosniff
      X-Frame-Options:
      - DENY
      X-Request-Id:
      - 1a62e95c-1c27-4d84-8b7a-a2427b40b8b8
    status: 200 OK
    code: 200
    duration: ""
- request:
    body: ""
    form: {}
    headers:
      User-Agent:
      - scaleway-sdk-go/v1.0.0-beta.7+dev (go1.15.11; linux; amd64) terraform-provider/develop
        terraform/terraform-tests
    url: https://api.scaleway.com/lb/v1/zones/fr-par-1/ips/c0107f8a-7133-4a67-8570-4b408052fe7b
    method: GET
  response:
    body: '{"message":"connection error: desc = \"transport: Error while dialing dial
      tcp 10.44.4.147:81: connect: no route to host\""}'
    headers:
      Content-Length:
      - "124"
      Content-Security-Policy:
      - default-src 'none'; frame-ancestors 'none'
      Content-Type:
      - application/json
      Date:
      - Thu, 20 May 2021 13:05:09 GMT
      Server:
      - Scaleway API-Gateway
      Strict-Transport-Security:
      - max-age=63072000
      X-Content-Type-Options:
      - nosniff
      X-Frame-Options:
      - DENY
      X-Request-Id:
      - 6015c5ad-72ef-4d32-be51-b747f8b05cb6
    status: 503 Service Unavailable
    code: 503
    duration: ""
- request:
    body: ""
    form: {}
    headers:
      User-Agent:
      - scaleway-sdk-go/v1.0.0-beta.7+dev (go1.15.11; linux; amd64) terraform-provider/develop
        terraform/terraform-tests
    url: https://api.scaleway.com/instance/v1/zones/fr-par-1/ips/d5b87fb3-cdd4-4148-949b-acd7356aadf1
    method: GET
  response:
    body: '{"ip": {"id": "d5b87fb3-cdd4-4148-949b-acd7356aadf1", "address": "51.158.70.242",
      "reverse": null, "server": null, "organization": "9af7216e-7b97-404d-8ada-9f379eb39ae5",
      "project": "a57bd23d-c866-49eb-a6ac-438f85c22957", "zone": "fr-par-1", "tags":
      []}}'
    headers:
      Content-Length:
      - "254"
      Content-Security-Policy:
      - default-src 'none'; frame-ancestors 'none'
      Content-Type:
      - application/json
      Date:
      - Thu, 20 May 2021 13:05:09 GMT
      Server:
      - Scaleway API-Gateway
      Strict-Transport-Security:
      - max-age=63072000
      X-Content-Type-Options:
      - nosniff
      X-Frame-Options:
      - DENY
      X-Request-Id:
      - e19bb9b6-f1a6-444f-a83f-31cb37b9838f
    status: 200 OK
    code: 200
    duration: ""
- request:
    body: ""
    form: {}
    headers:
      User-Agent:
      - scaleway-sdk-go/v1.0.0-beta.7+dev (go1.15.11; linux; amd64) terraform-provider/develop
        terraform/terraform-tests
    url: https://api.scaleway.com/lb/v1/zones/fr-par-1/ips/c0107f8a-7133-4a67-8570-4b408052fe7b
    method: GET
  response:
    body: '{"id":"c0107f8a-7133-4a67-8570-4b408052fe7b","ip_address":"51.159.114.153","organization_id":"9af7216e-7b97-404d-8ada-9f379eb39ae5","project_id":"a57bd23d-c866-49eb-a6ac-438f85c22957","lb_id":"cedfcb15-68f4-4a83-9365-bd82a3c5d001","reverse":"51-159-114-153.lb.fr-par.scw.cloud","region":"fr-par","zone":"fr-par-1"}'
    headers:
      Content-Length:
      - "314"
      Content-Security-Policy:
      - default-src 'none'; frame-ancestors 'none'
      Content-Type:
      - application/json
      Date:
      - Thu, 20 May 2021 13:05:11 GMT
      Server:
      - Scaleway API-Gateway
      Strict-Transport-Security:
      - max-age=63072000
      X-Content-Type-Options:
      - nosniff
      X-Frame-Options:
      - DENY
      X-Request-Id:
      - 2c7e25d4-d039-4ef1-bb39-a12f51f29a2b
    status: 200 OK
    code: 200
    duration: ""
- request:
    body: ""
    form: {}
    headers:
      User-Agent:
      - scaleway-sdk-go/v1.0.0-beta.7+dev (go1.15.11; linux; amd64) terraform-provider/develop
        terraform/terraform-tests
    url: https://api.scaleway.com/lb/v1/zones/fr-par-1/lbs/cedfcb15-68f4-4a83-9365-bd82a3c5d001
    method: GET
  response:
    body: '{"id":"cedfcb15-68f4-4a83-9365-bd82a3c5d001","name":"test-lb","description":"","status":"ready","instances":[{"id":"36471fdc-c2c7-4576-ab99-af9d7008dc45","status":"ready","ip_address":"10.71.76.79","created_at":"2021-05-20T13:03:41.069227Z","updated_at":"2021-05-20T13:05:03.056159Z","region":"fr-par","zone":"fr-par-1"},{"id":"fc5f3bcd-b8b3-497e-9afb-f0b70b53fd32","status":"ready","ip_address":"10.73.138.23","created_at":"2021-05-20T13:03:37.855923Z","updated_at":"2021-05-20T13:05:03.167209Z","region":"fr-par","zone":"fr-par-1"}],"organization_id":"9af7216e-7b97-404d-8ada-9f379eb39ae5","project_id":"a57bd23d-c866-49eb-a6ac-438f85c22957","ip":[{"id":"c0107f8a-7133-4a67-8570-4b408052fe7b","ip_address":"51.159.114.153","organization_id":"9af7216e-7b97-404d-8ada-9f379eb39ae5","project_id":"a57bd23d-c866-49eb-a6ac-438f85c22957","lb_id":"cedfcb15-68f4-4a83-9365-bd82a3c5d001","reverse":"51-159-114-153.lb.fr-par.scw.cloud","region":"fr-par","zone":"fr-par-1"}],"tags":[],"frontend_count":0,"backend_count":1,"type":"lb-s","subscriber":null,"ssl_compatibility_level":"ssl_compatibility_level_intermediate","created_at":"2021-05-20T13:05:00.298283Z","updated_at":"2021-05-20T13:05:01.940605Z","region":"fr-par","zone":"fr-par-1"}'
    headers:
      Content-Length:
      - "1232"
      Content-Security-Policy:
      - default-src 'none'; frame-ancestors 'none'
      Content-Type:
      - application/json
      Date:
      - Thu, 20 May 2021 13:05:11 GMT
      Server:
      - Scaleway API-Gateway
      Strict-Transport-Security:
      - max-age=63072000
      X-Content-Type-Options:
      - nosniff
      X-Frame-Options:
      - DENY
      X-Request-Id:
      - 2a8df730-ae2e-42d6-a123-76e6441c648f
    status: 200 OK
    code: 200
    duration: ""
- request:
    body: ""
    form: {}
    headers:
      User-Agent:
      - scaleway-sdk-go/v1.0.0-beta.7+dev (go1.15.11; linux; amd64) terraform-provider/develop
        terraform/terraform-tests
    url: https://api.scaleway.com/lb/v1/zones/fr-par-1/backends/ac72da03-d350-4580-8d85-34d1d1473376
    method: GET
  response:
    body: '{"id":"ac72da03-d350-4580-8d85-34d1d1473376","name":"bkd01","forward_protocol":"tcp","forward_port":80,"forward_port_algorithm":"roundrobin","sticky_sessions":"none","sticky_sessions_cookie_name":"","health_check":{"port":80,"check_delay":60000,"check_timeout":30000,"check_max_retries":2,"check_send_proxy":false,"tcp_config":{}},"pool":["51.158.70.242"],"lb":{"id":"cedfcb15-68f4-4a83-9365-bd82a3c5d001","name":"test-lb","description":"","status":"ready","instances":[],"organization_id":"9af7216e-7b97-404d-8ada-9f379eb39ae5","project_id":"a57bd23d-c866-49eb-a6ac-438f85c22957","ip":[{"id":"c0107f8a-7133-4a67-8570-4b408052fe7b","ip_address":"51.159.114.153","organization_id":"9af7216e-7b97-404d-8ada-9f379eb39ae5","project_id":"a57bd23d-c866-49eb-a6ac-438f85c22957","lb_id":"cedfcb15-68f4-4a83-9365-bd82a3c5d001","reverse":"51-159-114-153.lb.fr-par.scw.cloud","region":"fr-par","zone":"fr-par-1"}],"tags":[],"frontend_count":0,"backend_count":1,"type":"lb-s","subscriber":null,"ssl_compatibility_level":"ssl_compatibility_level_intermediate","created_at":"2021-05-20T13:05:00.298283Z","updated_at":"2021-05-20T13:05:01.940605Z","region":"fr-par","zone":"fr-par-1"},"send_proxy_v2":false,"timeout_server":null,"timeout_connect":null,"timeout_tunnel":null,"on_marked_down_action":"on_marked_down_action_none","proxy_protocol":"proxy_protocol_none","created_at":"2021-05-20T13:05:02.783309Z","updated_at":"2021-05-20T13:05:02.783309Z"}'
    headers:
      Content-Length:
      - "1437"
      Content-Security-Policy:
      - default-src 'none'; frame-ancestors 'none'
      Content-Type:
      - application/json
      Date:
      - Thu, 20 May 2021 13:05:11 GMT
      Server:
      - Scaleway API-Gateway
      Strict-Transport-Security:
      - max-age=63072000
      X-Content-Type-Options:
      - nosniff
      X-Frame-Options:
      - DENY
      X-Request-Id:
      - 300feb49-fb40-416e-b8c3-b85d23454db5
    status: 200 OK
    code: 200
    duration: ""
- request:
    body: '{"project":"a57bd23d-c866-49eb-a6ac-438f85c22957"}'
    form: {}
    headers:
      Content-Type:
      - application/json
      User-Agent:
      - scaleway-sdk-go/v1.0.0-beta.7+dev (go1.15.11; linux; amd64) terraform-provider/develop
        terraform/terraform-tests
    url: https://api.scaleway.com/instance/v1/zones/fr-par-1/ips
    method: POST
  response:
    body: '{"ip": {"id": "3f3668d0-3f5a-4c53-b9e2-905fdcc88f51", "address": "163.172.162.206",
      "reverse": null, "server": null, "organization": "9af7216e-7b97-404d-8ada-9f379eb39ae5",
      "project": "a57bd23d-c866-49eb-a6ac-438f85c22957", "zone": "fr-par-1", "tags":
      []}}'
    headers:
      Content-Length:
      - "256"
      Content-Security-Policy:
      - default-src 'none'; frame-ancestors 'none'
      Content-Type:
      - application/json
      Date:
      - Thu, 20 May 2021 13:05:12 GMT
      Location:
      - https://par1-cmp-prd-api02.internal.scaleway.com/ips/3f3668d0-3f5a-4c53-b9e2-905fdcc88f51
      Server:
      - Scaleway API-Gateway
      Strict-Transport-Security:
      - max-age=63072000
      X-Content-Type-Options:
      - nosniff
      X-Frame-Options:
      - DENY
      X-Request-Id:
      - c0a5ce19-e462-4c03-9e90-4021e9b8dfc2
    status: 201 Created
    code: 201
    duration: ""
- request:
    body: ""
    form: {}
    headers:
      User-Agent:
      - scaleway-sdk-go/v1.0.0-beta.7+dev (go1.15.11; linux; amd64) terraform-provider/develop
        terraform/terraform-tests
    url: https://api.scaleway.com/instance/v1/zones/fr-par-1/ips/3f3668d0-3f5a-4c53-b9e2-905fdcc88f51
    method: GET
  response:
    body: '{"ip": {"id": "3f3668d0-3f5a-4c53-b9e2-905fdcc88f51", "address": "163.172.162.206",
      "reverse": null, "server": null, "organization": "9af7216e-7b97-404d-8ada-9f379eb39ae5",
      "project": "a57bd23d-c866-49eb-a6ac-438f85c22957", "zone": "fr-par-1", "tags":
      []}}'
    headers:
      Content-Length:
      - "256"
      Content-Security-Policy:
      - default-src 'none'; frame-ancestors 'none'
      Content-Type:
      - application/json
      Date:
      - Thu, 20 May 2021 13:05:12 GMT
      Server:
      - Scaleway API-Gateway
      Strict-Transport-Security:
      - max-age=63072000
      X-Content-Type-Options:
      - nosniff
      X-Frame-Options:
      - DENY
      X-Request-Id:
      - 00522c52-4249-4ea1-b98d-8bbe8c0a2a71
    status: 200 OK
    code: 200
    duration: ""
- request:
    body: '{"name":"bkd01","forward_protocol":"tcp","forward_port":80,"forward_port_algorithm":"leastconn","sticky_sessions":"cookie","sticky_sessions_cookie_name":"session-id","send_proxy_v2":false,"on_marked_down_action":"shutdown_sessions","proxy_protocol":"proxy_protocol_none","timeout_server":1000,"timeout_connect":2500,"timeout_tunnel":3000}'
    form: {}
    headers:
      Content-Type:
      - application/json
      User-Agent:
      - scaleway-sdk-go/v1.0.0-beta.7+dev (go1.15.11; linux; amd64) terraform-provider/develop
        terraform/terraform-tests
    url: https://api.scaleway.com/lb/v1/zones/fr-par-1/backends/ac72da03-d350-4580-8d85-34d1d1473376
    method: PUT
  response:
    body: '{"id":"ac72da03-d350-4580-8d85-34d1d1473376","name":"bkd01","forward_protocol":"tcp","forward_port":80,"forward_port_algorithm":"leastconn","sticky_sessions":"cookie","sticky_sessions_cookie_name":"session-id","health_check":{"port":80,"check_delay":60000,"check_timeout":30000,"check_max_retries":2,"check_send_proxy":false,"tcp_config":{}},"pool":["51.158.70.242"],"lb":{"id":"cedfcb15-68f4-4a83-9365-bd82a3c5d001","name":"test-lb","description":"","status":"ready","instances":[],"organization_id":"9af7216e-7b97-404d-8ada-9f379eb39ae5","project_id":"a57bd23d-c866-49eb-a6ac-438f85c22957","ip":[{"id":"c0107f8a-7133-4a67-8570-4b408052fe7b","ip_address":"51.159.114.153","organization_id":"9af7216e-7b97-404d-8ada-9f379eb39ae5","project_id":"a57bd23d-c866-49eb-a6ac-438f85c22957","lb_id":"cedfcb15-68f4-4a83-9365-bd82a3c5d001","reverse":"51-159-114-153.lb.fr-par.scw.cloud","region":"fr-par","zone":"fr-par-1"}],"tags":[],"frontend_count":0,"backend_count":1,"type":"lb-s","subscriber":null,"ssl_compatibility_level":"ssl_compatibility_level_intermediate","created_at":"2021-05-20T13:05:00.298283Z","updated_at":"2021-05-20T13:05:01.940605Z","region":"fr-par","zone":"fr-par-1"},"send_proxy_v2":false,"timeout_server":1000,"timeout_connect":2500,"timeout_tunnel":3000,"on_marked_down_action":"shutdown_sessions","proxy_protocol":"proxy_protocol_none","created_at":"2021-05-20T13:05:02.783309Z","updated_at":"2021-05-20T13:05:12.743052126Z"}'
    headers:
      Content-Length:
      - "1442"
      Content-Security-Policy:
      - default-src 'none'; frame-ancestors 'none'
      Content-Type:
      - application/json
      Date:
      - Thu, 20 May 2021 13:05:12 GMT
      Server:
      - Scaleway API-Gateway
      Strict-Transport-Security:
      - max-age=63072000
      X-Content-Type-Options:
      - nosniff
      X-Frame-Options:
      - DENY
      X-Request-Id:
      - 6fcf936c-62f9-489e-b7c9-c946c5e8482e
    status: 200 OK
    code: 200
    duration: ""
- request:
    body: '{"port":81,"check_max_retries":3,"tcp_config":{},"check_send_proxy":false,"check_delay":10000,"check_timeout":15000}'
    form: {}
    headers:
      Content-Type:
      - application/json
      User-Agent:
      - scaleway-sdk-go/v1.0.0-beta.7+dev (go1.15.11; linux; amd64) terraform-provider/develop
        terraform/terraform-tests
    url: https://api.scaleway.com/lb/v1/zones/fr-par-1/backends/ac72da03-d350-4580-8d85-34d1d1473376/healthcheck
    method: PUT
  response:
    body: '{"port":81,"check_delay":10000,"check_timeout":15000,"check_max_retries":3,"check_send_proxy":false,"tcp_config":{}}'
    headers:
      Content-Length:
      - "116"
      Content-Security-Policy:
      - default-src 'none'; frame-ancestors 'none'
      Content-Type:
      - application/json
      Date:
      - Thu, 20 May 2021 13:05:13 GMT
      Server:
      - Scaleway API-Gateway
      Strict-Transport-Security:
      - max-age=63072000
      X-Content-Type-Options:
      - nosniff
      X-Frame-Options:
      - DENY
      X-Request-Id:
      - 60b684ee-a78c-4981-a388-9dfc06d5f558
    status: 200 OK
    code: 200
    duration: ""
- request:
    body: '{"server_ip":["163.172.162.206"]}'
    form: {}
    headers:
      Content-Type:
      - application/json
      User-Agent:
      - scaleway-sdk-go/v1.0.0-beta.7+dev (go1.15.11; linux; amd64) terraform-provider/develop
        terraform/terraform-tests
    url: https://api.scaleway.com/lb/v1/zones/fr-par-1/backends/ac72da03-d350-4580-8d85-34d1d1473376/servers
    method: PUT
  response:
    body: '{"message":"connection error: desc = \"transport: Error while dialing dial
      tcp 10.44.4.147:81: connect: no route to host\""}'
    headers:
      Content-Length:
      - "124"
      Content-Security-Policy:
      - default-src 'none'; frame-ancestors 'none'
      Content-Type:
      - application/json
      Date:
      - Thu, 20 May 2021 13:05:13 GMT
      Server:
      - Scaleway API-Gateway
      Strict-Transport-Security:
      - max-age=63072000
      X-Content-Type-Options:
      - nosniff
      X-Frame-Options:
      - DENY
      X-Request-Id:
      - 9752fe11-b9e7-48af-b14b-203c1e75b35f
    status: 503 Service Unavailable
    code: 503
    duration: ""
- request:
    body: '{"server_ip":["163.172.162.206"]}'
    form: {}
    headers:
      Content-Type:
      - application/json
      User-Agent:
      - scaleway-sdk-go/v1.0.0-beta.7+dev (go1.15.11; linux; amd64) terraform-provider/develop
        terraform/terraform-tests
    url: https://api.scaleway.com/lb/v1/zones/fr-par-1/backends/ac72da03-d350-4580-8d85-34d1d1473376/servers
    method: PUT
  response:
    body: '{"message":"connection error: desc = \"transport: Error while dialing dial
      tcp 10.44.4.147:81: connect: no route to host\""}'
    headers:
      Content-Length:
      - "124"
      Content-Security-Policy:
      - default-src 'none'; frame-ancestors 'none'
      Content-Type:
      - application/json
      Date:
      - Thu, 20 May 2021 13:05:15 GMT
      Server:
      - Scaleway API-Gateway
      Strict-Transport-Security:
      - max-age=63072000
      X-Content-Type-Options:
      - nosniff
      X-Frame-Options:
      - DENY
      X-Request-Id:
      - 5e81ac5a-c1b3-4960-93aa-98b3e1cc4360
    status: 503 Service Unavailable
    code: 503
    duration: ""
- request:
    body: '{"server_ip":["163.172.162.206"]}'
    form: {}
    headers:
      Content-Type:
      - application/json
      User-Agent:
      - scaleway-sdk-go/v1.0.0-beta.7+dev (go1.15.11; linux; amd64) terraform-provider/develop
        terraform/terraform-tests
    url: https://api.scaleway.com/lb/v1/zones/fr-par-1/backends/ac72da03-d350-4580-8d85-34d1d1473376/servers
    method: PUT
  response:
    body: '{"id":"ac72da03-d350-4580-8d85-34d1d1473376","name":"bkd01","forward_protocol":"tcp","forward_port":80,"forward_port_algorithm":"leastconn","sticky_sessions":"cookie","sticky_sessions_cookie_name":"session-id","health_check":{"port":81,"check_delay":10000,"check_timeout":15000,"check_max_retries":3,"check_send_proxy":false,"tcp_config":{}},"pool":["163.172.162.206"],"lb":{"id":"cedfcb15-68f4-4a83-9365-bd82a3c5d001","name":"test-lb","description":"","status":"ready","instances":[],"organization_id":"9af7216e-7b97-404d-8ada-9f379eb39ae5","project_id":"a57bd23d-c866-49eb-a6ac-438f85c22957","ip":[{"id":"c0107f8a-7133-4a67-8570-4b408052fe7b","ip_address":"51.159.114.153","organization_id":"9af7216e-7b97-404d-8ada-9f379eb39ae5","project_id":"a57bd23d-c866-49eb-a6ac-438f85c22957","lb_id":"cedfcb15-68f4-4a83-9365-bd82a3c5d001","reverse":"51-159-114-153.lb.fr-par.scw.cloud","region":"fr-par","zone":"fr-par-1"}],"tags":[],"frontend_count":0,"backend_count":1,"type":"lb-s","subscriber":null,"ssl_compatibility_level":"ssl_compatibility_level_intermediate","created_at":"2021-05-20T13:05:00.298283Z","updated_at":"2021-05-20T13:05:01.940605Z","region":"fr-par","zone":"fr-par-1"},"send_proxy_v2":false,"timeout_server":1000,"timeout_connect":2500,"timeout_tunnel":3000,"on_marked_down_action":"shutdown_sessions","proxy_protocol":"proxy_protocol_none","created_at":"2021-05-20T13:05:02.783309Z","updated_at":"2021-05-20T13:05:19.381443303Z"}'
    headers:
      Content-Length:
      - "1444"
      Content-Security-Policy:
      - default-src 'none'; frame-ancestors 'none'
      Content-Type:
      - application/json
      Date:
      - Thu, 20 May 2021 13:05:19 GMT
      Server:
      - Scaleway API-Gateway
      Strict-Transport-Security:
      - max-age=63072000
      X-Content-Type-Options:
      - nosniff
      X-Frame-Options:
      - DENY
      X-Request-Id:
      - dd90068d-9b6d-4fdc-b382-ff004ebd1a76
    status: 200 OK
    code: 200
    duration: ""
- request:
    body: ""
    form: {}
    headers:
      User-Agent:
      - scaleway-sdk-go/v1.0.0-beta.7+dev (go1.15.11; linux; amd64) terraform-provider/develop
        terraform/terraform-tests
    url: https://api.scaleway.com/lb/v1/zones/fr-par-1/backends/ac72da03-d350-4580-8d85-34d1d1473376
    method: GET
  response:
    body: '{"id":"ac72da03-d350-4580-8d85-34d1d1473376","name":"bkd01","forward_protocol":"tcp","forward_port":80,"forward_port_algorithm":"leastconn","sticky_sessions":"cookie","sticky_sessions_cookie_name":"session-id","health_check":{"port":81,"check_delay":10000,"check_timeout":15000,"check_max_retries":3,"check_send_proxy":false,"tcp_config":{}},"pool":["163.172.162.206"],"lb":{"id":"cedfcb15-68f4-4a83-9365-bd82a3c5d001","name":"test-lb","description":"","status":"ready","instances":[],"organization_id":"9af7216e-7b97-404d-8ada-9f379eb39ae5","project_id":"a57bd23d-c866-49eb-a6ac-438f85c22957","ip":[{"id":"c0107f8a-7133-4a67-8570-4b408052fe7b","ip_address":"51.159.114.153","organization_id":"9af7216e-7b97-404d-8ada-9f379eb39ae5","project_id":"a57bd23d-c866-49eb-a6ac-438f85c22957","lb_id":"cedfcb15-68f4-4a83-9365-bd82a3c5d001","reverse":"51-159-114-153.lb.fr-par.scw.cloud","region":"fr-par","zone":"fr-par-1"}],"tags":[],"frontend_count":0,"backend_count":1,"type":"lb-s","subscriber":null,"ssl_compatibility_level":"ssl_compatibility_level_intermediate","created_at":"2021-05-20T13:05:00.298283Z","updated_at":"2021-05-20T13:05:01.940605Z","region":"fr-par","zone":"fr-par-1"},"send_proxy_v2":false,"timeout_server":1000,"timeout_connect":2500,"timeout_tunnel":3000,"on_marked_down_action":"shutdown_sessions","proxy_protocol":"proxy_protocol_none","created_at":"2021-05-20T13:05:02.783309Z","updated_at":"2021-05-20T13:05:19.381443Z"}'
    headers:
      Content-Length:
      - "1441"
      Content-Security-Policy:
      - default-src 'none'; frame-ancestors 'none'
      Content-Type:
      - application/json
      Date:
      - Thu, 20 May 2021 13:05:19 GMT
      Server:
      - Scaleway API-Gateway
      Strict-Transport-Security:
      - max-age=63072000
      X-Content-Type-Options:
      - nosniff
      X-Frame-Options:
      - DENY
      X-Request-Id:
      - a4729356-a9db-40bd-a286-928ae2d1f3e3
    status: 200 OK
    code: 200
    duration: ""
- request:
    body: ""
    form: {}
    headers:
      User-Agent:
      - scaleway-sdk-go/v1.0.0-beta.7+dev (go1.15.11; linux; amd64) terraform-provider/develop
        terraform/terraform-tests
    url: https://api.scaleway.com/lb/v1/zones/fr-par-1/backends/ac72da03-d350-4580-8d85-34d1d1473376
    method: GET
  response:
    body: '{"id":"ac72da03-d350-4580-8d85-34d1d1473376","name":"bkd01","forward_protocol":"tcp","forward_port":80,"forward_port_algorithm":"leastconn","sticky_sessions":"cookie","sticky_sessions_cookie_name":"session-id","health_check":{"port":81,"check_delay":10000,"check_timeout":15000,"check_max_retries":3,"check_send_proxy":false,"tcp_config":{}},"pool":["163.172.162.206"],"lb":{"id":"cedfcb15-68f4-4a83-9365-bd82a3c5d001","name":"test-lb","description":"","status":"ready","instances":[],"organization_id":"9af7216e-7b97-404d-8ada-9f379eb39ae5","project_id":"a57bd23d-c866-49eb-a6ac-438f85c22957","ip":[{"id":"c0107f8a-7133-4a67-8570-4b408052fe7b","ip_address":"51.159.114.153","organization_id":"9af7216e-7b97-404d-8ada-9f379eb39ae5","project_id":"a57bd23d-c866-49eb-a6ac-438f85c22957","lb_id":"cedfcb15-68f4-4a83-9365-bd82a3c5d001","reverse":"51-159-114-153.lb.fr-par.scw.cloud","region":"fr-par","zone":"fr-par-1"}],"tags":[],"frontend_count":0,"backend_count":1,"type":"lb-s","subscriber":null,"ssl_compatibility_level":"ssl_compatibility_level_intermediate","created_at":"2021-05-20T13:05:00.298283Z","updated_at":"2021-05-20T13:05:01.940605Z","region":"fr-par","zone":"fr-par-1"},"send_proxy_v2":false,"timeout_server":1000,"timeout_connect":2500,"timeout_tunnel":3000,"on_marked_down_action":"shutdown_sessions","proxy_protocol":"proxy_protocol_none","created_at":"2021-05-20T13:05:02.783309Z","updated_at":"2021-05-20T13:05:19.381443Z"}'
    headers:
      Content-Length:
      - "1441"
      Content-Security-Policy:
      - default-src 'none'; frame-ancestors 'none'
      Content-Type:
      - application/json
      Date:
      - Thu, 20 May 2021 13:05:19 GMT
      Server:
      - Scaleway API-Gateway
      Strict-Transport-Security:
      - max-age=63072000
      X-Content-Type-Options:
      - nosniff
      X-Frame-Options:
      - DENY
      X-Request-Id:
      - d6d5cb8c-a106-47eb-bb1f-eb585216455e
    status: 200 OK
    code: 200
    duration: ""
- request:
    body: ""
    form: {}
    headers:
      User-Agent:
      - scaleway-sdk-go/v1.0.0-beta.7+dev (go1.15.11; linux; amd64) terraform-provider/develop
        terraform/terraform-tests
    url: https://api.scaleway.com/lb/v1/zones/fr-par-1/ips/c0107f8a-7133-4a67-8570-4b408052fe7b
    method: GET
  response:
    body: '{"id":"c0107f8a-7133-4a67-8570-4b408052fe7b","ip_address":"51.159.114.153","organization_id":"9af7216e-7b97-404d-8ada-9f379eb39ae5","project_id":"a57bd23d-c866-49eb-a6ac-438f85c22957","lb_id":"cedfcb15-68f4-4a83-9365-bd82a3c5d001","reverse":"51-159-114-153.lb.fr-par.scw.cloud","region":"fr-par","zone":"fr-par-1"}'
    headers:
      Content-Length:
      - "314"
      Content-Security-Policy:
      - default-src 'none'; frame-ancestors 'none'
      Content-Type:
      - application/json
      Date:
      - Thu, 20 May 2021 13:05:20 GMT
      Server:
      - Scaleway API-Gateway
      Strict-Transport-Security:
      - max-age=63072000
      X-Content-Type-Options:
      - nosniff
      X-Frame-Options:
      - DENY
      X-Request-Id:
      - de7f7742-604c-4aca-8d3a-0267e4bf4bad
    status: 200 OK
    code: 200
    duration: ""
- request:
    body: ""
    form: {}
    headers:
      User-Agent:
      - scaleway-sdk-go/v1.0.0-beta.7+dev (go1.15.11; linux; amd64) terraform-provider/develop
        terraform/terraform-tests
    url: https://api.scaleway.com/instance/v1/zones/fr-par-1/ips/3f3668d0-3f5a-4c53-b9e2-905fdcc88f51
    method: GET
  response:
    body: '{"ip": {"id": "3f3668d0-3f5a-4c53-b9e2-905fdcc88f51", "address": "163.172.162.206",
      "reverse": null, "server": null, "organization": "9af7216e-7b97-404d-8ada-9f379eb39ae5",
      "project": "a57bd23d-c866-49eb-a6ac-438f85c22957", "zone": "fr-par-1", "tags":
      []}}'
    headers:
      Content-Length:
      - "256"
      Content-Security-Policy:
      - default-src 'none'; frame-ancestors 'none'
      Content-Type:
      - application/json
      Date:
      - Thu, 20 May 2021 13:05:19 GMT
      Server:
      - Scaleway API-Gateway
      Strict-Transport-Security:
      - max-age=63072000
      X-Content-Type-Options:
      - nosniff
      X-Frame-Options:
      - DENY
      X-Request-Id:
      - af8443aa-ec70-403c-b2cc-181c56f8c51b
    status: 200 OK
    code: 200
    duration: ""
- request:
    body: ""
    form: {}
    headers:
      User-Agent:
      - scaleway-sdk-go/v1.0.0-beta.7+dev (go1.15.11; linux; amd64) terraform-provider/develop
        terraform/terraform-tests
    url: https://api.scaleway.com/instance/v1/zones/fr-par-1/ips/d5b87fb3-cdd4-4148-949b-acd7356aadf1
    method: GET
  response:
    body: '{"ip": {"id": "d5b87fb3-cdd4-4148-949b-acd7356aadf1", "address": "51.158.70.242",
      "reverse": null, "server": null, "organization": "9af7216e-7b97-404d-8ada-9f379eb39ae5",
      "project": "a57bd23d-c866-49eb-a6ac-438f85c22957", "zone": "fr-par-1", "tags":
      []}}'
    headers:
      Content-Length:
      - "254"
      Content-Security-Policy:
      - default-src 'none'; frame-ancestors 'none'
      Content-Type:
      - application/json
      Date:
      - Thu, 20 May 2021 13:05:19 GMT
      Server:
      - Scaleway API-Gateway
      Strict-Transport-Security:
      - max-age=63072000
      X-Content-Type-Options:
      - nosniff
      X-Frame-Options:
      - DENY
      X-Request-Id:
      - ea039410-c663-4b57-b18a-78f1fcd39fd6
    status: 200 OK
    code: 200
    duration: ""
- request:
    body: ""
    form: {}
    headers:
      User-Agent:
      - scaleway-sdk-go/v1.0.0-beta.7+dev (go1.15.11; linux; amd64) terraform-provider/develop
        terraform/terraform-tests
    url: https://api.scaleway.com/lb/v1/zones/fr-par-1/lbs/cedfcb15-68f4-4a83-9365-bd82a3c5d001
    method: GET
  response:
    body: '{"id":"cedfcb15-68f4-4a83-9365-bd82a3c5d001","name":"test-lb","description":"","status":"ready","instances":[{"id":"36471fdc-c2c7-4576-ab99-af9d7008dc45","status":"ready","ip_address":"10.71.76.79","created_at":"2021-05-20T13:03:41.069227Z","updated_at":"2021-05-20T13:05:19.651254Z","region":"fr-par","zone":"fr-par-1"},{"id":"fc5f3bcd-b8b3-497e-9afb-f0b70b53fd32","status":"ready","ip_address":"10.73.138.23","created_at":"2021-05-20T13:03:37.855923Z","updated_at":"2021-05-20T13:05:19.780760Z","region":"fr-par","zone":"fr-par-1"}],"organization_id":"9af7216e-7b97-404d-8ada-9f379eb39ae5","project_id":"a57bd23d-c866-49eb-a6ac-438f85c22957","ip":[{"id":"c0107f8a-7133-4a67-8570-4b408052fe7b","ip_address":"51.159.114.153","organization_id":"9af7216e-7b97-404d-8ada-9f379eb39ae5","project_id":"a57bd23d-c866-49eb-a6ac-438f85c22957","lb_id":"cedfcb15-68f4-4a83-9365-bd82a3c5d001","reverse":"51-159-114-153.lb.fr-par.scw.cloud","region":"fr-par","zone":"fr-par-1"}],"tags":[],"frontend_count":0,"backend_count":1,"type":"lb-s","subscriber":null,"ssl_compatibility_level":"ssl_compatibility_level_intermediate","created_at":"2021-05-20T13:05:00.298283Z","updated_at":"2021-05-20T13:05:01.940605Z","region":"fr-par","zone":"fr-par-1"}'
    headers:
      Content-Length:
      - "1232"
      Content-Security-Policy:
      - default-src 'none'; frame-ancestors 'none'
      Content-Type:
      - application/json
      Date:
      - Thu, 20 May 2021 13:05:20 GMT
      Server:
      - Scaleway API-Gateway
      Strict-Transport-Security:
      - max-age=63072000
      X-Content-Type-Options:
      - nosniff
      X-Frame-Options:
      - DENY
      X-Request-Id:
      - 1c070cef-3007-4a64-8e5f-31e0ae90bf5a
    status: 200 OK
    code: 200
    duration: ""
- request:
    body: ""
    form: {}
    headers:
      User-Agent:
      - scaleway-sdk-go/v1.0.0-beta.7+dev (go1.15.11; linux; amd64) terraform-provider/develop
        terraform/terraform-tests
    url: https://api.scaleway.com/lb/v1/zones/fr-par-1/backends/ac72da03-d350-4580-8d85-34d1d1473376
    method: GET
  response:
    body: '{"id":"ac72da03-d350-4580-8d85-34d1d1473376","name":"bkd01","forward_protocol":"tcp","forward_port":80,"forward_port_algorithm":"leastconn","sticky_sessions":"cookie","sticky_sessions_cookie_name":"session-id","health_check":{"port":81,"check_delay":10000,"check_timeout":15000,"check_max_retries":3,"check_send_proxy":false,"tcp_config":{}},"pool":["163.172.162.206"],"lb":{"id":"cedfcb15-68f4-4a83-9365-bd82a3c5d001","name":"test-lb","description":"","status":"ready","instances":[],"organization_id":"9af7216e-7b97-404d-8ada-9f379eb39ae5","project_id":"a57bd23d-c866-49eb-a6ac-438f85c22957","ip":[{"id":"c0107f8a-7133-4a67-8570-4b408052fe7b","ip_address":"51.159.114.153","organization_id":"9af7216e-7b97-404d-8ada-9f379eb39ae5","project_id":"a57bd23d-c866-49eb-a6ac-438f85c22957","lb_id":"cedfcb15-68f4-4a83-9365-bd82a3c5d001","reverse":"51-159-114-153.lb.fr-par.scw.cloud","region":"fr-par","zone":"fr-par-1"}],"tags":[],"frontend_count":0,"backend_count":1,"type":"lb-s","subscriber":null,"ssl_compatibility_level":"ssl_compatibility_level_intermediate","created_at":"2021-05-20T13:05:00.298283Z","updated_at":"2021-05-20T13:05:01.940605Z","region":"fr-par","zone":"fr-par-1"},"send_proxy_v2":false,"timeout_server":1000,"timeout_connect":2500,"timeout_tunnel":3000,"on_marked_down_action":"shutdown_sessions","proxy_protocol":"proxy_protocol_none","created_at":"2021-05-20T13:05:02.783309Z","updated_at":"2021-05-20T13:05:19.381443Z"}'
    headers:
      Content-Length:
      - "1441"
      Content-Security-Policy:
      - default-src 'none'; frame-ancestors 'none'
      Content-Type:
      - application/json
      Date:
      - Thu, 20 May 2021 13:05:20 GMT
      Server:
      - Scaleway API-Gateway
      Strict-Transport-Security:
      - max-age=63072000
      X-Content-Type-Options:
      - nosniff
      X-Frame-Options:
      - DENY
      X-Request-Id:
      - e106f272-a486-49d7-8b3f-9fe3c29955e4
    status: 200 OK
    code: 200
    duration: ""
- request:
    body: ""
    form: {}
    headers:
      User-Agent:
      - scaleway-sdk-go/v1.0.0-beta.7+dev (go1.15.11; linux; amd64) terraform-provider/develop
        terraform/terraform-tests
    url: https://api.scaleway.com/instance/v1/zones/fr-par-1/ips/d5b87fb3-cdd4-4148-949b-acd7356aadf1
    method: DELETE
  response:
    body: ""
    headers:
      Content-Security-Policy:
      - default-src 'none'; frame-ancestors 'none'
      Content-Type:
      - application/json
      Date:
      - Thu, 20 May 2021 13:05:20 GMT
      Server:
      - Scaleway API-Gateway
      Strict-Transport-Security:
      - max-age=63072000
      X-Content-Type-Options:
      - nosniff
      X-Frame-Options:
      - DENY
      X-Request-Id:
      - ee5f33e2-33ac-4b63-bf4c-a97d8088b258
    status: 204 No Content
    code: 204
    duration: ""
- request:
    body: ""
    form: {}
    headers:
      User-Agent:
      - scaleway-sdk-go/v1.0.0-beta.7+dev (go1.15.11; linux; amd64) terraform-provider/develop
        terraform/terraform-tests
    url: https://api.scaleway.com/lb/v1/zones/fr-par-1/backends/ac72da03-d350-4580-8d85-34d1d1473376
    method: DELETE
  response:
    body: ""
    headers:
      Content-Security-Policy:
      - default-src 'none'; frame-ancestors 'none'
      Content-Type:
      - application/json
      Date:
      - Thu, 20 May 2021 13:05:20 GMT
      Server:
      - Scaleway API-Gateway
      Strict-Transport-Security:
      - max-age=63072000
      X-Content-Type-Options:
      - nosniff
      X-Frame-Options:
      - DENY
      X-Request-Id:
      - fe2ac260-501f-4031-ac85-030f30815e7c
    status: 204 No Content
    code: 204
    duration: ""
- request:
    body: ""
    form: {}
    headers:
      User-Agent:
      - scaleway-sdk-go/v1.0.0-beta.7+dev (go1.15.11; linux; amd64) terraform-provider/develop
        terraform/terraform-tests
    url: https://api.scaleway.com/lb/v1/zones/fr-par-1/lbs/cedfcb15-68f4-4a83-9365-bd82a3c5d001?release_ip=false
    method: DELETE
  response:
    body: '{"message":"connection error: desc = \"transport: Error while dialing dial
      tcp 10.44.4.147:81: connect: no route to host\""}'
    headers:
      Content-Length:
      - "124"
      Content-Security-Policy:
      - default-src 'none'; frame-ancestors 'none'
      Content-Type:
      - application/json
      Date:
      - Thu, 20 May 2021 13:05:20 GMT
      Server:
      - Scaleway API-Gateway
      Strict-Transport-Security:
      - max-age=63072000
      X-Content-Type-Options:
      - nosniff
      X-Frame-Options:
      - DENY
      X-Request-Id:
      - 82f63356-0751-4497-9c79-0179c2107faa
    status: 503 Service Unavailable
    code: 503
    duration: ""
- request:
    body: ""
    form: {}
    headers:
      User-Agent:
      - scaleway-sdk-go/v1.0.0-beta.7+dev (go1.15.11; linux; amd64) terraform-provider/develop
        terraform/terraform-tests
    url: https://api.scaleway.com/instance/v1/zones/fr-par-1/ips/3f3668d0-3f5a-4c53-b9e2-905fdcc88f51
    method: DELETE
  response:
    body: ""
    headers:
      Content-Security-Policy:
      - default-src 'none'; frame-ancestors 'none'
      Content-Type:
      - application/json
      Date:
      - Thu, 20 May 2021 13:05:20 GMT
      Server:
      - Scaleway API-Gateway
      Strict-Transport-Security:
      - max-age=63072000
      X-Content-Type-Options:
      - nosniff
      X-Frame-Options:
      - DENY
      X-Request-Id:
      - d43d7549-a0da-4a0f-a401-823a09901d0c
    status: 204 No Content
    code: 204
    duration: ""
- request:
    body: ""
    form: {}
    headers:
      User-Agent:
      - scaleway-sdk-go/v1.0.0-beta.7+dev (go1.15.11; linux; amd64) terraform-provider/develop
        terraform/terraform-tests
    url: https://api.scaleway.com/lb/v1/zones/fr-par-1/lbs/cedfcb15-68f4-4a83-9365-bd82a3c5d001?release_ip=false
    method: DELETE
  response:
    body: ""
    headers:
      Content-Security-Policy:
      - default-src 'none'; frame-ancestors 'none'
      Content-Type:
      - application/json
      Date:
      - Thu, 20 May 2021 13:05:22 GMT
      Server:
      - Scaleway API-Gateway
      Strict-Transport-Security:
      - max-age=63072000
      X-Content-Type-Options:
      - nosniff
      X-Frame-Options:
      - DENY
      X-Request-Id:
      - a22b891a-1828-4180-af40-22b0f2f1d88b
    status: 204 No Content
    code: 204
    duration: ""
- request:
    body: ""
    form: {}
    headers:
      User-Agent:
      - scaleway-sdk-go/v1.0.0-beta.7+dev (go1.15.11; linux; amd64) terraform-provider/develop
        terraform/terraform-tests
    url: https://api.scaleway.com/lb/v1/zones/fr-par-1/lbs/cedfcb15-68f4-4a83-9365-bd82a3c5d001
    method: GET
  response:
    body: '{"id":"cedfcb15-68f4-4a83-9365-bd82a3c5d001","name":"test-lb","description":"","status":"pending","instances":[{"id":"36471fdc-c2c7-4576-ab99-af9d7008dc45","status":"ready","ip_address":"10.71.76.79","created_at":"2021-05-20T13:03:41.069227Z","updated_at":"2021-05-20T13:05:20.774806Z","region":"fr-par","zone":"fr-par-1"},{"id":"fc5f3bcd-b8b3-497e-9afb-f0b70b53fd32","status":"ready","ip_address":"10.73.138.23","created_at":"2021-05-20T13:03:37.855923Z","updated_at":"2021-05-20T13:05:20.864230Z","region":"fr-par","zone":"fr-par-1"}],"organization_id":"9af7216e-7b97-404d-8ada-9f379eb39ae5","project_id":"a57bd23d-c866-49eb-a6ac-438f85c22957","ip":[{"id":"c0107f8a-7133-4a67-8570-4b408052fe7b","ip_address":"51.159.114.153","organization_id":"9af7216e-7b97-404d-8ada-9f379eb39ae5","project_id":"a57bd23d-c866-49eb-a6ac-438f85c22957","lb_id":"cedfcb15-68f4-4a83-9365-bd82a3c5d001","reverse":"51-159-114-153.lb.fr-par.scw.cloud","region":"fr-par","zone":"fr-par-1"}],"tags":[],"frontend_count":0,"backend_count":0,"type":"lb-s","subscriber":null,"ssl_compatibility_level":"ssl_compatibility_level_intermediate","created_at":"2021-05-20T13:05:00.298283Z","updated_at":"2021-05-20T13:05:22.856627Z","region":"fr-par","zone":"fr-par-1"}'
    headers:
      Content-Length:
      - "1234"
      Content-Security-Policy:
      - default-src 'none'; frame-ancestors 'none'
      Content-Type:
      - application/json
      Date:
      - Thu, 20 May 2021 13:05:23 GMT
      Server:
      - Scaleway API-Gateway
      Strict-Transport-Security:
      - max-age=63072000
      X-Content-Type-Options:
      - nosniff
      X-Frame-Options:
      - DENY
      X-Request-Id:
      - 057eb443-b049-40c3-9aa9-b7cb232b9875
    status: 200 OK
    code: 200
    duration: ""
- request:
    body: ""
    form: {}
    headers:
      User-Agent:
      - scaleway-sdk-go/v1.0.0-beta.7+dev (go1.15.11; linux; amd64) terraform-provider/develop
        terraform/terraform-tests
    url: https://api.scaleway.com/lb/v1/zones/fr-par-1/lbs/cedfcb15-68f4-4a83-9365-bd82a3c5d001
    method: GET
  response:
    body: '{"message":"lbs not Found"}'
    headers:
      Content-Length:
      - "27"
      Content-Security-Policy:
      - default-src 'none'; frame-ancestors 'none'
      Content-Type:
      - application/json
      Date:
      - Thu, 20 May 2021 13:05:25 GMT
      Server:
      - Scaleway API-Gateway
      Strict-Transport-Security:
      - max-age=63072000
      X-Content-Type-Options:
      - nosniff
      X-Frame-Options:
      - DENY
      X-Request-Id:
      - ff2700be-89ca-40ac-ba6b-a685f6c331bf
    status: 404 Not Found
    code: 404
    duration: ""
- request:
    body: ""
    form: {}
    headers:
      User-Agent:
      - scaleway-sdk-go/v1.0.0-beta.7+dev (go1.15.11; linux; amd64) terraform-provider/develop
        terraform/terraform-tests
    url: https://api.scaleway.com/lb/v1/zones/fr-par-1/ips/c0107f8a-7133-4a67-8570-4b408052fe7b
    method: DELETE
  response:
    body: ""
    headers:
      Content-Security-Policy:
      - default-src 'none'; frame-ancestors 'none'
      Content-Type:
      - application/json
      Date:
      - Thu, 20 May 2021 13:05:25 GMT
      Server:
      - Scaleway API-Gateway
      Strict-Transport-Security:
      - max-age=63072000
      X-Content-Type-Options:
      - nosniff
      X-Frame-Options:
      - DENY
      X-Request-Id:
      - ccd71f75-644b-4e50-b2b6-bf0c87332e02
    status: 204 No Content
    code: 204
    duration: ""
- request:
    body: ""
    form: {}
    headers:
      User-Agent:
      - scaleway-sdk-go/v1.0.0-beta.7+dev (go1.15.11; linux; amd64) terraform-provider/develop
        terraform/terraform-tests
    url: https://api.scaleway.com/lb/v1/zones/fr-par-1/backends/ac72da03-d350-4580-8d85-34d1d1473376
    method: GET
  response:
    body: '{"message":"backend_id not Found"}'
    headers:
      Content-Length:
      - "34"
      Content-Security-Policy:
      - default-src 'none'; frame-ancestors 'none'
      Content-Type:
      - application/json
      Date:
      - Thu, 20 May 2021 13:05:25 GMT
      Server:
      - Scaleway API-Gateway
      Strict-Transport-Security:
      - max-age=63072000
      X-Content-Type-Options:
      - nosniff
      X-Frame-Options:
      - DENY
      X-Request-Id:
      - d9a6b9bc-ef25-4f64-9784-6a59e9e00c2f
    status: 404 Not Found
    code: 404
    duration: ""
