---
version: 1
interactions:
- request:
    body: '{"project_id":"105bdce1-64c0-48ab-899d-868455867ecf","reverse":null}'
    form: {}
    headers:
      Content-Type:
      - application/json
      User-Agent:
      - scaleway-sdk-go/v1.0.0-beta.7+dev (go1.17.5; darwin; amd64) terraform-provider/develop
        terraform/terraform-tests
    url: https://api.scaleway.com/lb/v1/zones/fr-par-1/ips
    method: POST
  response:
    body: '{"id":"101d1670-e396-447c-be19-07c8bb8e2159","ip_address":"51.159.8.217","organization_id":"105bdce1-64c0-48ab-899d-868455867ecf","project_id":"105bdce1-64c0-48ab-899d-868455867ecf","lb_id":null,"reverse":"51-159-8-217.lb.fr-par.scw.cloud","region":"fr-par","zone":"fr-par-1"}'
    headers:
      Content-Length:
      - "276"
      Content-Security-Policy:
      - default-src 'none'; frame-ancestors 'none'
      Content-Type:
      - application/json
      Date:
      - Mon, 27 Dec 2021 12:08:07 GMT
      Server:
      - Scaleway API-Gateway
      Strict-Transport-Security:
      - max-age=63072000
      X-Content-Type-Options:
      - nosniff
      X-Frame-Options:
      - DENY
      X-Request-Id:
      - e44eef28-efb4-49c3-9c39-708c0cf5fecc
    status: 200 OK
    code: 200
    duration: ""
- request:
    body: ""
    form: {}
    headers:
      User-Agent:
      - scaleway-sdk-go/v1.0.0-beta.7+dev (go1.17.5; darwin; amd64) terraform-provider/develop
        terraform/terraform-tests
    url: https://api.scaleway.com/lb/v1/zones/fr-par-1/ips/101d1670-e396-447c-be19-07c8bb8e2159
    method: GET
  response:
    body: '{"id":"101d1670-e396-447c-be19-07c8bb8e2159","ip_address":"51.159.8.217","organization_id":"105bdce1-64c0-48ab-899d-868455867ecf","project_id":"105bdce1-64c0-48ab-899d-868455867ecf","lb_id":null,"reverse":"51-159-8-217.lb.fr-par.scw.cloud","region":"fr-par","zone":"fr-par-1"}'
    headers:
      Content-Length:
      - "276"
      Content-Security-Policy:
      - default-src 'none'; frame-ancestors 'none'
      Content-Type:
      - application/json
      Date:
      - Mon, 27 Dec 2021 12:08:07 GMT
      Server:
      - Scaleway API-Gateway
      Strict-Transport-Security:
      - max-age=63072000
      X-Content-Type-Options:
      - nosniff
      X-Frame-Options:
      - DENY
      X-Request-Id:
      - 4425a204-00ba-4420-8879-a0c24c8771d1
    status: 200 OK
    code: 200
    duration: ""
- request:
    body: '{"project_id":"105bdce1-64c0-48ab-899d-868455867ecf","name":"test-lb","description":"","ip_id":"101d1670-e396-447c-be19-07c8bb8e2159","tags":null,"type":"lb-s","ssl_compatibility_level":"ssl_compatibility_level_unknown"}'
    form: {}
    headers:
      Content-Type:
      - application/json
      User-Agent:
      - scaleway-sdk-go/v1.0.0-beta.7+dev (go1.17.5; darwin; amd64) terraform-provider/develop
        terraform/terraform-tests
    url: https://api.scaleway.com/lb/v1/zones/fr-par-1/lbs
    method: POST
  response:
    body: '{"id":"5d29cd60-9352-4d75-8a28-de17ca4e3504","name":"test-lb","description":"","status":"pending","instances":[],"organization_id":"105bdce1-64c0-48ab-899d-868455867ecf","project_id":"105bdce1-64c0-48ab-899d-868455867ecf","ip":[{"id":"101d1670-e396-447c-be19-07c8bb8e2159","ip_address":"51.159.8.217","organization_id":"105bdce1-64c0-48ab-899d-868455867ecf","project_id":"105bdce1-64c0-48ab-899d-868455867ecf","lb_id":"5d29cd60-9352-4d75-8a28-de17ca4e3504","reverse":"51-159-8-217.lb.fr-par.scw.cloud","region":"fr-par","zone":"fr-par-1"}],"tags":[],"frontend_count":0,"backend_count":0,"type":"lb-s","subscriber":null,"ssl_compatibility_level":"ssl_compatibility_level_intermediate","created_at":"2021-12-27T12:08:08.068240288Z","updated_at":"2021-12-27T12:08:08.068240288Z","private_network_count":0,"route_count":0,"region":"fr-par","zone":"fr-par-1"}'
    headers:
      Content-Length:
      - "854"
      Content-Security-Policy:
      - default-src 'none'; frame-ancestors 'none'
      Content-Type:
      - application/json
      Date:
      - Mon, 27 Dec 2021 12:08:08 GMT
      Server:
      - Scaleway API-Gateway
      Strict-Transport-Security:
      - max-age=63072000
      X-Content-Type-Options:
      - nosniff
      X-Frame-Options:
      - DENY
      X-Request-Id:
      - 65c6ad23-339d-4eaa-bb9a-15bbcbe5cda3
    status: 200 OK
    code: 200
    duration: ""
- request:
    body: '{"project":"105bdce1-64c0-48ab-899d-868455867ecf"}'
    form: {}
    headers:
      Content-Type:
      - application/json
      User-Agent:
      - scaleway-sdk-go/v1.0.0-beta.7+dev (go1.17.5; darwin; amd64) terraform-provider/develop
        terraform/terraform-tests
    url: https://api.scaleway.com/instance/v1/zones/fr-par-1/ips
    method: POST
  response:
    body: '{"ip": {"id": "1ed71d85-1ef0-48e1-bf93-d326db77940b", "address": "51.158.78.198",
      "reverse": null, "server": null, "organization": "105bdce1-64c0-48ab-899d-868455867ecf",
      "project": "105bdce1-64c0-48ab-899d-868455867ecf", "zone": "fr-par-1", "tags":
      []}}'
    headers:
      Content-Length:
      - "254"
      Content-Security-Policy:
      - default-src 'none'; frame-ancestors 'none'
      Content-Type:
      - application/json
      Date:
      - Mon, 27 Dec 2021 12:08:08 GMT
      Location:
      - https://api.scaleway.com/instance/v1/zones/fr-par-1/ips/1ed71d85-1ef0-48e1-bf93-d326db77940b
      Server:
      - Scaleway API-Gateway
      Strict-Transport-Security:
      - max-age=63072000
      X-Content-Type-Options:
      - nosniff
      X-Frame-Options:
      - DENY
      X-Request-Id:
      - 9b5f4179-596d-494a-a6c0-c7daa2e8306a
    status: 201 Created
    code: 201
    duration: ""
- request:
    body: ""
    form: {}
    headers:
      User-Agent:
      - scaleway-sdk-go/v1.0.0-beta.7+dev (go1.17.5; darwin; amd64) terraform-provider/develop
        terraform/terraform-tests
    url: https://api.scaleway.com/lb/v1/zones/fr-par-1/lbs/5d29cd60-9352-4d75-8a28-de17ca4e3504
    method: GET
  response:
    body: '{"id":"5d29cd60-9352-4d75-8a28-de17ca4e3504","name":"test-lb","description":"","status":"pending","instances":[],"organization_id":"105bdce1-64c0-48ab-899d-868455867ecf","project_id":"105bdce1-64c0-48ab-899d-868455867ecf","ip":[{"id":"101d1670-e396-447c-be19-07c8bb8e2159","ip_address":"51.159.8.217","organization_id":"105bdce1-64c0-48ab-899d-868455867ecf","project_id":"105bdce1-64c0-48ab-899d-868455867ecf","lb_id":"5d29cd60-9352-4d75-8a28-de17ca4e3504","reverse":"51-159-8-217.lb.fr-par.scw.cloud","region":"fr-par","zone":"fr-par-1"}],"tags":[],"frontend_count":0,"backend_count":0,"type":"lb-s","subscriber":null,"ssl_compatibility_level":"ssl_compatibility_level_intermediate","created_at":"2021-12-27T12:08:08.068240Z","updated_at":"2021-12-27T12:08:08.068240Z","private_network_count":0,"route_count":0,"region":"fr-par","zone":"fr-par-1"}'
    headers:
      Content-Length:
      - "848"
      Content-Security-Policy:
      - default-src 'none'; frame-ancestors 'none'
      Content-Type:
      - application/json
      Date:
      - Mon, 27 Dec 2021 12:08:08 GMT
      Server:
      - Scaleway API-Gateway
      Strict-Transport-Security:
      - max-age=63072000
      X-Content-Type-Options:
      - nosniff
      X-Frame-Options:
      - DENY
      X-Request-Id:
      - ed82da79-c509-4771-8229-a1189f00978d
    status: 200 OK
    code: 200
    duration: ""
- request:
    body: ""
    form: {}
    headers:
      User-Agent:
      - scaleway-sdk-go/v1.0.0-beta.7+dev (go1.17.5; darwin; amd64) terraform-provider/develop
        terraform/terraform-tests
    url: https://api.scaleway.com/instance/v1/zones/fr-par-1/ips/1ed71d85-1ef0-48e1-bf93-d326db77940b
    method: GET
  response:
    body: '{"ip": {"id": "1ed71d85-1ef0-48e1-bf93-d326db77940b", "address": "51.158.78.198",
      "reverse": null, "server": null, "organization": "105bdce1-64c0-48ab-899d-868455867ecf",
      "project": "105bdce1-64c0-48ab-899d-868455867ecf", "zone": "fr-par-1", "tags":
      []}}'
    headers:
      Content-Length:
      - "254"
      Content-Security-Policy:
      - default-src 'none'; frame-ancestors 'none'
      Content-Type:
      - application/json
      Date:
      - Mon, 27 Dec 2021 12:08:08 GMT
      Server:
      - Scaleway API-Gateway
      Strict-Transport-Security:
      - max-age=63072000
      X-Content-Type-Options:
      - nosniff
      X-Frame-Options:
      - DENY
      X-Request-Id:
      - 5f17d467-e2d6-4834-843b-7d16a717fb00
    status: 200 OK
    code: 200
    duration: ""
- request:
    body: ""
    form: {}
    headers:
      User-Agent:
      - scaleway-sdk-go/v1.0.0-beta.7+dev (go1.17.5; darwin; amd64) terraform-provider/develop
        terraform/terraform-tests
    url: https://api.scaleway.com/lb/v1/zones/fr-par-1/lbs/5d29cd60-9352-4d75-8a28-de17ca4e3504
    method: GET
  response:
    body: '{"id":"5d29cd60-9352-4d75-8a28-de17ca4e3504","name":"test-lb","description":"","status":"ready","instances":[{"id":"c3cd88fd-09b2-46b7-8277-f32803c92eea","status":"ready","ip_address":"10.72.108.99","created_at":"2021-12-27T12:00:24.187675Z","updated_at":"2021-12-27T12:08:08.669006Z","region":"fr-par","zone":"fr-par-1"},{"id":"92aa9c43-0a10-4534-870e-3496756c2253","status":"ready","ip_address":"10.71.40.49","created_at":"2021-12-27T11:58:57.842953Z","updated_at":"2021-12-27T12:08:09.972900Z","region":"fr-par","zone":"fr-par-1"}],"organization_id":"105bdce1-64c0-48ab-899d-868455867ecf","project_id":"105bdce1-64c0-48ab-899d-868455867ecf","ip":[{"id":"101d1670-e396-447c-be19-07c8bb8e2159","ip_address":"51.159.8.217","organization_id":"105bdce1-64c0-48ab-899d-868455867ecf","project_id":"105bdce1-64c0-48ab-899d-868455867ecf","lb_id":"5d29cd60-9352-4d75-8a28-de17ca4e3504","reverse":"51-159-8-217.lb.fr-par.scw.cloud","region":"fr-par","zone":"fr-par-1"}],"tags":[],"frontend_count":0,"backend_count":0,"type":"lb-s","subscriber":null,"ssl_compatibility_level":"ssl_compatibility_level_intermediate","created_at":"2021-12-27T12:08:08.068240Z","updated_at":"2021-12-27T12:08:10.683285Z","private_network_count":0,"route_count":0,"region":"fr-par","zone":"fr-par-1"}'
    headers:
      Content-Length:
      - "1270"
      Content-Security-Policy:
      - default-src 'none'; frame-ancestors 'none'
      Content-Type:
      - application/json
      Date:
      - Mon, 27 Dec 2021 12:08:38 GMT
      Server:
      - Scaleway API-Gateway
      Strict-Transport-Security:
      - max-age=63072000
      X-Content-Type-Options:
      - nosniff
      X-Frame-Options:
      - DENY
      X-Request-Id:
      - a12a7c57-1efa-43b4-b136-0b9f9bfb1ce9
    status: 200 OK
    code: 200
    duration: ""
- request:
    body: ""
    form: {}
    headers:
      User-Agent:
      - scaleway-sdk-go/v1.0.0-beta.7+dev (go1.17.5; darwin; amd64) terraform-provider/develop
        terraform/terraform-tests
    url: https://api.scaleway.com/lb/v1/zones/fr-par-1/lbs/5d29cd60-9352-4d75-8a28-de17ca4e3504
    method: GET
  response:
    body: '{"id":"5d29cd60-9352-4d75-8a28-de17ca4e3504","name":"test-lb","description":"","status":"ready","instances":[{"id":"c3cd88fd-09b2-46b7-8277-f32803c92eea","status":"ready","ip_address":"10.72.108.99","created_at":"2021-12-27T12:00:24.187675Z","updated_at":"2021-12-27T12:08:08.669006Z","region":"fr-par","zone":"fr-par-1"},{"id":"92aa9c43-0a10-4534-870e-3496756c2253","status":"ready","ip_address":"10.71.40.49","created_at":"2021-12-27T11:58:57.842953Z","updated_at":"2021-12-27T12:08:09.972900Z","region":"fr-par","zone":"fr-par-1"}],"organization_id":"105bdce1-64c0-48ab-899d-868455867ecf","project_id":"105bdce1-64c0-48ab-899d-868455867ecf","ip":[{"id":"101d1670-e396-447c-be19-07c8bb8e2159","ip_address":"51.159.8.217","organization_id":"105bdce1-64c0-48ab-899d-868455867ecf","project_id":"105bdce1-64c0-48ab-899d-868455867ecf","lb_id":"5d29cd60-9352-4d75-8a28-de17ca4e3504","reverse":"51-159-8-217.lb.fr-par.scw.cloud","region":"fr-par","zone":"fr-par-1"}],"tags":[],"frontend_count":0,"backend_count":0,"type":"lb-s","subscriber":null,"ssl_compatibility_level":"ssl_compatibility_level_intermediate","created_at":"2021-12-27T12:08:08.068240Z","updated_at":"2021-12-27T12:08:10.683285Z","private_network_count":0,"route_count":0,"region":"fr-par","zone":"fr-par-1"}'
    headers:
      Content-Length:
      - "1270"
      Content-Security-Policy:
      - default-src 'none'; frame-ancestors 'none'
      Content-Type:
      - application/json
      Date:
      - Mon, 27 Dec 2021 12:08:38 GMT
      Server:
      - Scaleway API-Gateway
      Strict-Transport-Security:
      - max-age=63072000
      X-Content-Type-Options:
      - nosniff
      X-Frame-Options:
      - DENY
      X-Request-Id:
      - e1a42b8b-286a-425f-aa53-b010a6282ee2
    status: 200 OK
    code: 200
    duration: ""
- request:
    body: ""
    form: {}
    headers:
      User-Agent:
      - scaleway-sdk-go/v1.0.0-beta.7+dev (go1.17.5; darwin; amd64) terraform-provider/develop
        terraform/terraform-tests
    url: https://api.scaleway.com/lb/v1/zones/fr-par-1/lbs/5d29cd60-9352-4d75-8a28-de17ca4e3504/private-networks?order_by=created_at_asc
    method: GET
  response:
    body: '{"private_network":[],"total_count":0}'
    headers:
      Content-Length:
      - "38"
      Content-Security-Policy:
      - default-src 'none'; frame-ancestors 'none'
      Content-Type:
      - application/json
      Date:
      - Mon, 27 Dec 2021 12:08:38 GMT
      Server:
      - Scaleway API-Gateway
      Strict-Transport-Security:
      - max-age=63072000
      X-Content-Type-Options:
      - nosniff
      X-Frame-Options:
      - DENY
      X-Request-Id:
      - 952a4988-40ca-4898-a506-67c3d4eb0d33
    status: 200 OK
    code: 200
    duration: ""
- request:
    body: ""
    form: {}
    headers:
      User-Agent:
      - scaleway-sdk-go/v1.0.0-beta.7+dev (go1.17.5; darwin; amd64) terraform-provider/develop
        terraform/terraform-tests
    url: https://api.scaleway.com/lb/v1/zones/fr-par-1/lbs/5d29cd60-9352-4d75-8a28-de17ca4e3504
    method: GET
  response:
    body: '{"id":"5d29cd60-9352-4d75-8a28-de17ca4e3504","name":"test-lb","description":"","status":"ready","instances":[{"id":"c3cd88fd-09b2-46b7-8277-f32803c92eea","status":"ready","ip_address":"10.72.108.99","created_at":"2021-12-27T12:00:24.187675Z","updated_at":"2021-12-27T12:08:08.669006Z","region":"fr-par","zone":"fr-par-1"},{"id":"92aa9c43-0a10-4534-870e-3496756c2253","status":"ready","ip_address":"10.71.40.49","created_at":"2021-12-27T11:58:57.842953Z","updated_at":"2021-12-27T12:08:09.972900Z","region":"fr-par","zone":"fr-par-1"}],"organization_id":"105bdce1-64c0-48ab-899d-868455867ecf","project_id":"105bdce1-64c0-48ab-899d-868455867ecf","ip":[{"id":"101d1670-e396-447c-be19-07c8bb8e2159","ip_address":"51.159.8.217","organization_id":"105bdce1-64c0-48ab-899d-868455867ecf","project_id":"105bdce1-64c0-48ab-899d-868455867ecf","lb_id":"5d29cd60-9352-4d75-8a28-de17ca4e3504","reverse":"51-159-8-217.lb.fr-par.scw.cloud","region":"fr-par","zone":"fr-par-1"}],"tags":[],"frontend_count":0,"backend_count":0,"type":"lb-s","subscriber":null,"ssl_compatibility_level":"ssl_compatibility_level_intermediate","created_at":"2021-12-27T12:08:08.068240Z","updated_at":"2021-12-27T12:08:10.683285Z","private_network_count":0,"route_count":0,"region":"fr-par","zone":"fr-par-1"}'
    headers:
      Content-Length:
      - "1270"
      Content-Security-Policy:
      - default-src 'none'; frame-ancestors 'none'
      Content-Type:
      - application/json
      Date:
      - Mon, 27 Dec 2021 12:08:38 GMT
      Server:
      - Scaleway API-Gateway
      Strict-Transport-Security:
      - max-age=63072000
      X-Content-Type-Options:
      - nosniff
      X-Frame-Options:
      - DENY
      X-Request-Id:
      - 704210cc-6f1f-4cf9-b560-f0e4b1640abd
    status: 200 OK
    code: 200
    duration: ""
- request:
    body: '{"name":"bkd01","forward_protocol":"tcp","forward_port":80,"forward_port_algorithm":"roundrobin","sticky_sessions":"none","sticky_sessions_cookie_name":"","health_check":{"check_max_retries":2,"port":80,"check_send_proxy":false,"check_timeout":30000,"check_delay":60000},"server_ip":["51.158.78.198"],"send_proxy_v2":false,"on_marked_down_action":"on_marked_down_action_none","proxy_protocol":"proxy_protocol_none","timeout_server":null,"timeout_connect":null,"timeout_tunnel":null}'
    form: {}
    headers:
      Content-Type:
      - application/json
      User-Agent:
      - scaleway-sdk-go/v1.0.0-beta.7+dev (go1.17.5; darwin; amd64) terraform-provider/develop
        terraform/terraform-tests
    url: https://api.scaleway.com/lb/v1/zones/fr-par-1/lbs/5d29cd60-9352-4d75-8a28-de17ca4e3504/backends
    method: POST
  response:
    body: '{"id":"59f9c23c-d7e9-4404-a8fd-ae45f2bf11c1","name":"bkd01","forward_protocol":"tcp","forward_port":80,"forward_port_algorithm":"roundrobin","sticky_sessions":"none","sticky_sessions_cookie_name":"","health_check":{"port":80,"check_delay":60000,"check_timeout":30000,"check_max_retries":2,"check_send_proxy":false,"tcp_config":{}},"pool":["51.158.78.198"],"lb":{"id":"5d29cd60-9352-4d75-8a28-de17ca4e3504","name":"test-lb","description":"","status":"ready","instances":[{"id":"c3cd88fd-09b2-46b7-8277-f32803c92eea","status":"pending","ip_address":"10.72.108.99","created_at":"2021-12-27T12:00:24.187675Z","updated_at":"2021-12-27T12:08:38.759873004Z","region":"fr-par","zone":"fr-par-1"},{"id":"92aa9c43-0a10-4534-870e-3496756c2253","status":"pending","ip_address":"10.71.40.49","created_at":"2021-12-27T11:58:57.842953Z","updated_at":"2021-12-27T12:08:38.840631416Z","region":"fr-par","zone":"fr-par-1"}],"organization_id":"105bdce1-64c0-48ab-899d-868455867ecf","project_id":"105bdce1-64c0-48ab-899d-868455867ecf","ip":[{"id":"101d1670-e396-447c-be19-07c8bb8e2159","ip_address":"51.159.8.217","organization_id":"105bdce1-64c0-48ab-899d-868455867ecf","project_id":"105bdce1-64c0-48ab-899d-868455867ecf","lb_id":"5d29cd60-9352-4d75-8a28-de17ca4e3504","reverse":"51-159-8-217.lb.fr-par.scw.cloud","region":"fr-par","zone":"fr-par-1"}],"tags":[],"frontend_count":0,"backend_count":1,"type":"lb-s","subscriber":null,"ssl_compatibility_level":"ssl_compatibility_level_intermediate","created_at":"2021-12-27T12:08:08.068240Z","updated_at":"2021-12-27T12:08:10.683285Z","private_network_count":0,"route_count":0,"region":"fr-par","zone":"fr-par-1"},"send_proxy_v2":false,"timeout_server":null,"timeout_connect":null,"timeout_tunnel":null,"on_marked_down_action":"on_marked_down_action_none","proxy_protocol":"proxy_protocol_none","created_at":"2021-12-27T12:08:38.733707384Z","updated_at":"2021-12-27T12:08:38.733707384Z"}'
    headers:
      Content-Length:
      - "1915"
      Content-Security-Policy:
      - default-src 'none'; frame-ancestors 'none'
      Content-Type:
      - application/json
      Date:
      - Mon, 27 Dec 2021 12:08:38 GMT
      Server:
      - Scaleway API-Gateway
      Strict-Transport-Security:
      - max-age=63072000
      X-Content-Type-Options:
      - nosniff
      X-Frame-Options:
      - DENY
      X-Request-Id:
      - 9e75b1a6-1097-4560-85bb-4a27bad6a497
    status: 200 OK
    code: 200
    duration: ""
- request:
    body: ""
    form: {}
    headers:
      User-Agent:
      - scaleway-sdk-go/v1.0.0-beta.7+dev (go1.17.5; darwin; amd64) terraform-provider/develop
        terraform/terraform-tests
    url: https://api.scaleway.com/lb/v1/zones/fr-par-1/lbs/5d29cd60-9352-4d75-8a28-de17ca4e3504
    method: GET
  response:
    body: '{"id":"5d29cd60-9352-4d75-8a28-de17ca4e3504","name":"test-lb","description":"","status":"ready","instances":[{"id":"c3cd88fd-09b2-46b7-8277-f32803c92eea","status":"pending","ip_address":"10.72.108.99","created_at":"2021-12-27T12:00:24.187675Z","updated_at":"2021-12-27T12:08:38.759873Z","region":"fr-par","zone":"fr-par-1"},{"id":"92aa9c43-0a10-4534-870e-3496756c2253","status":"pending","ip_address":"10.71.40.49","created_at":"2021-12-27T11:58:57.842953Z","updated_at":"2021-12-27T12:08:38.840631Z","region":"fr-par","zone":"fr-par-1"}],"organization_id":"105bdce1-64c0-48ab-899d-868455867ecf","project_id":"105bdce1-64c0-48ab-899d-868455867ecf","ip":[{"id":"101d1670-e396-447c-be19-07c8bb8e2159","ip_address":"51.159.8.217","organization_id":"105bdce1-64c0-48ab-899d-868455867ecf","project_id":"105bdce1-64c0-48ab-899d-868455867ecf","lb_id":"5d29cd60-9352-4d75-8a28-de17ca4e3504","reverse":"51-159-8-217.lb.fr-par.scw.cloud","region":"fr-par","zone":"fr-par-1"}],"tags":[],"frontend_count":0,"backend_count":1,"type":"lb-s","subscriber":null,"ssl_compatibility_level":"ssl_compatibility_level_intermediate","created_at":"2021-12-27T12:08:08.068240Z","updated_at":"2021-12-27T12:08:10.683285Z","private_network_count":0,"route_count":0,"region":"fr-par","zone":"fr-par-1"}'
    headers:
      Content-Length:
      - "1274"
      Content-Security-Policy:
      - default-src 'none'; frame-ancestors 'none'
      Content-Type:
      - application/json
      Date:
      - Mon, 27 Dec 2021 12:08:39 GMT
      Server:
      - Scaleway API-Gateway
      Strict-Transport-Security:
      - max-age=63072000
      X-Content-Type-Options:
      - nosniff
      X-Frame-Options:
      - DENY
      X-Request-Id:
      - 3ad71cff-669b-498f-8f64-cebc8bebcb68
    status: 200 OK
    code: 200
    duration: ""
- request:
    body: ""
    form: {}
    headers:
      User-Agent:
      - scaleway-sdk-go/v1.0.0-beta.7+dev (go1.17.5; darwin; amd64) terraform-provider/develop
        terraform/terraform-tests
    url: https://api.scaleway.com/lb/v1/zones/fr-par-1/backends/59f9c23c-d7e9-4404-a8fd-ae45f2bf11c1
    method: GET
  response:
    body: '{"id":"59f9c23c-d7e9-4404-a8fd-ae45f2bf11c1","name":"bkd01","forward_protocol":"tcp","forward_port":80,"forward_port_algorithm":"roundrobin","sticky_sessions":"none","sticky_sessions_cookie_name":"","health_check":{"port":80,"check_delay":60000,"check_timeout":30000,"check_max_retries":2,"check_send_proxy":false,"tcp_config":{}},"pool":["51.158.78.198"],"lb":{"id":"5d29cd60-9352-4d75-8a28-de17ca4e3504","name":"test-lb","description":"","status":"ready","instances":[{"id":"92aa9c43-0a10-4534-870e-3496756c2253","status":"pending","ip_address":"10.71.40.49","created_at":"2021-12-27T11:58:57.842953Z","updated_at":"2021-12-27T12:08:38.840631Z","region":"fr-par","zone":"fr-par-1"},{"id":"c3cd88fd-09b2-46b7-8277-f32803c92eea","status":"ready","ip_address":"10.72.108.99","created_at":"2021-12-27T12:00:24.187675Z","updated_at":"2021-12-27T12:08:38.995850Z","region":"fr-par","zone":"fr-par-1"}],"organization_id":"105bdce1-64c0-48ab-899d-868455867ecf","project_id":"105bdce1-64c0-48ab-899d-868455867ecf","ip":[{"id":"101d1670-e396-447c-be19-07c8bb8e2159","ip_address":"51.159.8.217","organization_id":"105bdce1-64c0-48ab-899d-868455867ecf","project_id":"105bdce1-64c0-48ab-899d-868455867ecf","lb_id":"5d29cd60-9352-4d75-8a28-de17ca4e3504","reverse":"51-159-8-217.lb.fr-par.scw.cloud","region":"fr-par","zone":"fr-par-1"}],"tags":[],"frontend_count":0,"backend_count":1,"type":"lb-s","subscriber":null,"ssl_compatibility_level":"ssl_compatibility_level_intermediate","created_at":"2021-12-27T12:08:08.068240Z","updated_at":"2021-12-27T12:08:10.683285Z","private_network_count":0,"route_count":0,"region":"fr-par","zone":"fr-par-1"},"send_proxy_v2":false,"timeout_server":null,"timeout_connect":null,"timeout_tunnel":null,"on_marked_down_action":"on_marked_down_action_none","proxy_protocol":"proxy_protocol_none","created_at":"2021-12-27T12:08:38.733707Z","updated_at":"2021-12-27T12:08:38.733707Z"}'
    headers:
      Content-Length:
      - "1901"
      Content-Security-Policy:
      - default-src 'none'; frame-ancestors 'none'
      Content-Type:
      - application/json
      Date:
      - Mon, 27 Dec 2021 12:08:39 GMT
      Server:
      - Scaleway API-Gateway
      Strict-Transport-Security:
      - max-age=63072000
      X-Content-Type-Options:
      - nosniff
      X-Frame-Options:
      - DENY
      X-Request-Id:
      - f18ef651-573d-4298-b098-b8335f7df149
    status: 200 OK
    code: 200
    duration: ""
- request:
    body: ""
    form: {}
    headers:
      User-Agent:
      - scaleway-sdk-go/v1.0.0-beta.7+dev (go1.17.5; darwin; amd64) terraform-provider/develop
        terraform/terraform-tests
    url: https://api.scaleway.com/lb/v1/zones/fr-par-1/lbs/5d29cd60-9352-4d75-8a28-de17ca4e3504
    method: GET
  response:
    body: '{"id":"5d29cd60-9352-4d75-8a28-de17ca4e3504","name":"test-lb","description":"","status":"ready","instances":[{"id":"c3cd88fd-09b2-46b7-8277-f32803c92eea","status":"ready","ip_address":"10.72.108.99","created_at":"2021-12-27T12:00:24.187675Z","updated_at":"2021-12-27T12:08:38.995850Z","region":"fr-par","zone":"fr-par-1"},{"id":"92aa9c43-0a10-4534-870e-3496756c2253","status":"pending","ip_address":"10.71.40.49","created_at":"2021-12-27T11:58:57.842953Z","updated_at":"2021-12-27T12:08:38.840631Z","region":"fr-par","zone":"fr-par-1"}],"organization_id":"105bdce1-64c0-48ab-899d-868455867ecf","project_id":"105bdce1-64c0-48ab-899d-868455867ecf","ip":[{"id":"101d1670-e396-447c-be19-07c8bb8e2159","ip_address":"51.159.8.217","organization_id":"105bdce1-64c0-48ab-899d-868455867ecf","project_id":"105bdce1-64c0-48ab-899d-868455867ecf","lb_id":"5d29cd60-9352-4d75-8a28-de17ca4e3504","reverse":"51-159-8-217.lb.fr-par.scw.cloud","region":"fr-par","zone":"fr-par-1"}],"tags":[],"frontend_count":0,"backend_count":1,"type":"lb-s","subscriber":null,"ssl_compatibility_level":"ssl_compatibility_level_intermediate","created_at":"2021-12-27T12:08:08.068240Z","updated_at":"2021-12-27T12:08:10.683285Z","private_network_count":0,"route_count":0,"region":"fr-par","zone":"fr-par-1"}'
    headers:
      Content-Length:
      - "1272"
      Content-Security-Policy:
      - default-src 'none'; frame-ancestors 'none'
      Content-Type:
      - application/json
      Date:
      - Mon, 27 Dec 2021 12:08:39 GMT
      Server:
      - Scaleway API-Gateway
      Strict-Transport-Security:
      - max-age=63072000
      X-Content-Type-Options:
      - nosniff
      X-Frame-Options:
      - DENY
      X-Request-Id:
      - 56adbd99-cead-46f4-b647-af9c35d7a156
    status: 200 OK
    code: 200
    duration: ""
- request:
    body: ""
    form: {}
    headers:
      User-Agent:
      - scaleway-sdk-go/v1.0.0-beta.7+dev (go1.17.5; darwin; amd64) terraform-provider/develop
        terraform/terraform-tests
    url: https://api.scaleway.com/lb/v1/zones/fr-par-1/backends/59f9c23c-d7e9-4404-a8fd-ae45f2bf11c1
    method: GET
  response:
    body: '{"id":"59f9c23c-d7e9-4404-a8fd-ae45f2bf11c1","name":"bkd01","forward_protocol":"tcp","forward_port":80,"forward_port_algorithm":"roundrobin","sticky_sessions":"none","sticky_sessions_cookie_name":"","health_check":{"port":80,"check_delay":60000,"check_timeout":30000,"check_max_retries":2,"check_send_proxy":false,"tcp_config":{}},"pool":["51.158.78.198"],"lb":{"id":"5d29cd60-9352-4d75-8a28-de17ca4e3504","name":"test-lb","description":"","status":"ready","instances":[{"id":"92aa9c43-0a10-4534-870e-3496756c2253","status":"ready","ip_address":"10.71.40.49","created_at":"2021-12-27T11:58:57.842953Z","updated_at":"2021-12-27T12:08:39.195183Z","region":"fr-par","zone":"fr-par-1"},{"id":"c3cd88fd-09b2-46b7-8277-f32803c92eea","status":"ready","ip_address":"10.72.108.99","created_at":"2021-12-27T12:00:24.187675Z","updated_at":"2021-12-27T12:08:38.995850Z","region":"fr-par","zone":"fr-par-1"}],"organization_id":"105bdce1-64c0-48ab-899d-868455867ecf","project_id":"105bdce1-64c0-48ab-899d-868455867ecf","ip":[{"id":"101d1670-e396-447c-be19-07c8bb8e2159","ip_address":"51.159.8.217","organization_id":"105bdce1-64c0-48ab-899d-868455867ecf","project_id":"105bdce1-64c0-48ab-899d-868455867ecf","lb_id":"5d29cd60-9352-4d75-8a28-de17ca4e3504","reverse":"51-159-8-217.lb.fr-par.scw.cloud","region":"fr-par","zone":"fr-par-1"}],"tags":[],"frontend_count":0,"backend_count":1,"type":"lb-s","subscriber":null,"ssl_compatibility_level":"ssl_compatibility_level_intermediate","created_at":"2021-12-27T12:08:08.068240Z","updated_at":"2021-12-27T12:08:10.683285Z","private_network_count":0,"route_count":0,"region":"fr-par","zone":"fr-par-1"},"send_proxy_v2":false,"timeout_server":null,"timeout_connect":null,"timeout_tunnel":null,"on_marked_down_action":"on_marked_down_action_none","proxy_protocol":"proxy_protocol_none","created_at":"2021-12-27T12:08:38.733707Z","updated_at":"2021-12-27T12:08:38.733707Z"}'
    headers:
      Content-Length:
      - "1899"
      Content-Security-Policy:
      - default-src 'none'; frame-ancestors 'none'
      Content-Type:
      - application/json
      Date:
      - Mon, 27 Dec 2021 12:08:39 GMT
      Server:
      - Scaleway API-Gateway
      Strict-Transport-Security:
      - max-age=63072000
      X-Content-Type-Options:
      - nosniff
      X-Frame-Options:
      - DENY
      X-Request-Id:
      - 89b19fc7-0c97-4e09-a1c8-9620dc313257
    status: 200 OK
    code: 200
    duration: ""
- request:
    body: ""
    form: {}
    headers:
      User-Agent:
      - scaleway-sdk-go/v1.0.0-beta.7+dev (go1.17.5; darwin; amd64) terraform-provider/develop
        terraform/terraform-tests
    url: https://api.scaleway.com/lb/v1/zones/fr-par-1/ips/101d1670-e396-447c-be19-07c8bb8e2159
    method: GET
  response:
    body: '{"id":"101d1670-e396-447c-be19-07c8bb8e2159","ip_address":"51.159.8.217","organization_id":"105bdce1-64c0-48ab-899d-868455867ecf","project_id":"105bdce1-64c0-48ab-899d-868455867ecf","lb_id":"5d29cd60-9352-4d75-8a28-de17ca4e3504","reverse":"51-159-8-217.lb.fr-par.scw.cloud","region":"fr-par","zone":"fr-par-1"}'
    headers:
      Content-Length:
      - "310"
      Content-Security-Policy:
      - default-src 'none'; frame-ancestors 'none'
      Content-Type:
      - application/json
      Date:
      - Mon, 27 Dec 2021 12:08:39 GMT
      Server:
      - Scaleway API-Gateway
      Strict-Transport-Security:
      - max-age=63072000
      X-Content-Type-Options:
      - nosniff
      X-Frame-Options:
      - DENY
      X-Request-Id:
      - 6687dea2-9a67-4231-bdd4-f49dfcd8fd9e
    status: 200 OK
    code: 200
    duration: ""
- request:
    body: ""
    form: {}
    headers:
      User-Agent:
      - scaleway-sdk-go/v1.0.0-beta.7+dev (go1.17.5; darwin; amd64) terraform-provider/develop
        terraform/terraform-tests
    url: https://api.scaleway.com/instance/v1/zones/fr-par-1/ips/1ed71d85-1ef0-48e1-bf93-d326db77940b
    method: GET
  response:
    body: '{"ip": {"id": "1ed71d85-1ef0-48e1-bf93-d326db77940b", "address": "51.158.78.198",
      "reverse": null, "server": null, "organization": "105bdce1-64c0-48ab-899d-868455867ecf",
      "project": "105bdce1-64c0-48ab-899d-868455867ecf", "zone": "fr-par-1", "tags":
      []}}'
    headers:
      Content-Length:
      - "254"
      Content-Security-Policy:
      - default-src 'none'; frame-ancestors 'none'
      Content-Type:
      - application/json
      Date:
      - Mon, 27 Dec 2021 12:08:39 GMT
      Server:
      - Scaleway API-Gateway
      Strict-Transport-Security:
      - max-age=63072000
      X-Content-Type-Options:
      - nosniff
      X-Frame-Options:
      - DENY
      X-Request-Id:
      - a8e986b2-f2fc-448c-8870-868d960b8dfd
    status: 200 OK
    code: 200
    duration: ""
- request:
    body: ""
    form: {}
    headers:
      User-Agent:
      - scaleway-sdk-go/v1.0.0-beta.7+dev (go1.17.5; darwin; amd64) terraform-provider/develop
        terraform/terraform-tests
    url: https://api.scaleway.com/lb/v1/zones/fr-par-1/lbs/5d29cd60-9352-4d75-8a28-de17ca4e3504
    method: GET
  response:
    body: '{"id":"5d29cd60-9352-4d75-8a28-de17ca4e3504","name":"test-lb","description":"","status":"ready","instances":[{"id":"c3cd88fd-09b2-46b7-8277-f32803c92eea","status":"ready","ip_address":"10.72.108.99","created_at":"2021-12-27T12:00:24.187675Z","updated_at":"2021-12-27T12:08:38.995850Z","region":"fr-par","zone":"fr-par-1"},{"id":"92aa9c43-0a10-4534-870e-3496756c2253","status":"ready","ip_address":"10.71.40.49","created_at":"2021-12-27T11:58:57.842953Z","updated_at":"2021-12-27T12:08:39.195183Z","region":"fr-par","zone":"fr-par-1"}],"organization_id":"105bdce1-64c0-48ab-899d-868455867ecf","project_id":"105bdce1-64c0-48ab-899d-868455867ecf","ip":[{"id":"101d1670-e396-447c-be19-07c8bb8e2159","ip_address":"51.159.8.217","organization_id":"105bdce1-64c0-48ab-899d-868455867ecf","project_id":"105bdce1-64c0-48ab-899d-868455867ecf","lb_id":"5d29cd60-9352-4d75-8a28-de17ca4e3504","reverse":"51-159-8-217.lb.fr-par.scw.cloud","region":"fr-par","zone":"fr-par-1"}],"tags":[],"frontend_count":0,"backend_count":1,"type":"lb-s","subscriber":null,"ssl_compatibility_level":"ssl_compatibility_level_intermediate","created_at":"2021-12-27T12:08:08.068240Z","updated_at":"2021-12-27T12:08:10.683285Z","private_network_count":0,"route_count":0,"region":"fr-par","zone":"fr-par-1"}'
    headers:
      Content-Length:
      - "1270"
      Content-Security-Policy:
      - default-src 'none'; frame-ancestors 'none'
      Content-Type:
      - application/json
      Date:
      - Mon, 27 Dec 2021 12:08:39 GMT
      Server:
      - Scaleway API-Gateway
      Strict-Transport-Security:
      - max-age=63072000
      X-Content-Type-Options:
      - nosniff
      X-Frame-Options:
      - DENY
      X-Request-Id:
      - db91f5ac-f71f-4ccd-9dd9-395d50f27029
    status: 200 OK
    code: 200
    duration: ""
- request:
    body: ""
    form: {}
    headers:
      User-Agent:
      - scaleway-sdk-go/v1.0.0-beta.7+dev (go1.17.5; darwin; amd64) terraform-provider/develop
        terraform/terraform-tests
    url: https://api.scaleway.com/lb/v1/zones/fr-par-1/lbs/5d29cd60-9352-4d75-8a28-de17ca4e3504
    method: GET
  response:
    body: '{"id":"5d29cd60-9352-4d75-8a28-de17ca4e3504","name":"test-lb","description":"","status":"ready","instances":[{"id":"c3cd88fd-09b2-46b7-8277-f32803c92eea","status":"ready","ip_address":"10.72.108.99","created_at":"2021-12-27T12:00:24.187675Z","updated_at":"2021-12-27T12:08:38.995850Z","region":"fr-par","zone":"fr-par-1"},{"id":"92aa9c43-0a10-4534-870e-3496756c2253","status":"ready","ip_address":"10.71.40.49","created_at":"2021-12-27T11:58:57.842953Z","updated_at":"2021-12-27T12:08:39.195183Z","region":"fr-par","zone":"fr-par-1"}],"organization_id":"105bdce1-64c0-48ab-899d-868455867ecf","project_id":"105bdce1-64c0-48ab-899d-868455867ecf","ip":[{"id":"101d1670-e396-447c-be19-07c8bb8e2159","ip_address":"51.159.8.217","organization_id":"105bdce1-64c0-48ab-899d-868455867ecf","project_id":"105bdce1-64c0-48ab-899d-868455867ecf","lb_id":"5d29cd60-9352-4d75-8a28-de17ca4e3504","reverse":"51-159-8-217.lb.fr-par.scw.cloud","region":"fr-par","zone":"fr-par-1"}],"tags":[],"frontend_count":0,"backend_count":1,"type":"lb-s","subscriber":null,"ssl_compatibility_level":"ssl_compatibility_level_intermediate","created_at":"2021-12-27T12:08:08.068240Z","updated_at":"2021-12-27T12:08:10.683285Z","private_network_count":0,"route_count":0,"region":"fr-par","zone":"fr-par-1"}'
    headers:
      Content-Length:
      - "1270"
      Content-Security-Policy:
      - default-src 'none'; frame-ancestors 'none'
      Content-Type:
      - application/json
      Date:
      - Mon, 27 Dec 2021 12:08:39 GMT
      Server:
      - Scaleway API-Gateway
      Strict-Transport-Security:
      - max-age=63072000
      X-Content-Type-Options:
      - nosniff
      X-Frame-Options:
      - DENY
      X-Request-Id:
      - 77607545-330c-4c59-b926-36e55727c9cb
    status: 200 OK
    code: 200
    duration: ""
- request:
    body: ""
    form: {}
    headers:
      User-Agent:
      - scaleway-sdk-go/v1.0.0-beta.7+dev (go1.17.5; darwin; amd64) terraform-provider/develop
        terraform/terraform-tests
    url: https://api.scaleway.com/lb/v1/zones/fr-par-1/lbs/5d29cd60-9352-4d75-8a28-de17ca4e3504/private-networks?order_by=created_at_asc
    method: GET
  response:
    body: '{"private_network":[],"total_count":0}'
    headers:
      Content-Length:
      - "38"
      Content-Security-Policy:
      - default-src 'none'; frame-ancestors 'none'
      Content-Type:
      - application/json
      Date:
      - Mon, 27 Dec 2021 12:08:39 GMT
      Server:
      - Scaleway API-Gateway
      Strict-Transport-Security:
      - max-age=63072000
      X-Content-Type-Options:
      - nosniff
      X-Frame-Options:
      - DENY
      X-Request-Id:
      - 2bc0f0c1-4bda-4dfb-8982-3803cb595439
    status: 200 OK
    code: 200
    duration: ""
- request:
    body: ""
    form: {}
    headers:
      User-Agent:
      - scaleway-sdk-go/v1.0.0-beta.7+dev (go1.17.5; darwin; amd64) terraform-provider/develop
        terraform/terraform-tests
    url: https://api.scaleway.com/lb/v1/zones/fr-par-1/backends/59f9c23c-d7e9-4404-a8fd-ae45f2bf11c1
    method: GET
  response:
    body: '{"id":"59f9c23c-d7e9-4404-a8fd-ae45f2bf11c1","name":"bkd01","forward_protocol":"tcp","forward_port":80,"forward_port_algorithm":"roundrobin","sticky_sessions":"none","sticky_sessions_cookie_name":"","health_check":{"port":80,"check_delay":60000,"check_timeout":30000,"check_max_retries":2,"check_send_proxy":false,"tcp_config":{}},"pool":["51.158.78.198"],"lb":{"id":"5d29cd60-9352-4d75-8a28-de17ca4e3504","name":"test-lb","description":"","status":"ready","instances":[{"id":"92aa9c43-0a10-4534-870e-3496756c2253","status":"ready","ip_address":"10.71.40.49","created_at":"2021-12-27T11:58:57.842953Z","updated_at":"2021-12-27T12:08:39.195183Z","region":"fr-par","zone":"fr-par-1"},{"id":"c3cd88fd-09b2-46b7-8277-f32803c92eea","status":"ready","ip_address":"10.72.108.99","created_at":"2021-12-27T12:00:24.187675Z","updated_at":"2021-12-27T12:08:38.995850Z","region":"fr-par","zone":"fr-par-1"}],"organization_id":"105bdce1-64c0-48ab-899d-868455867ecf","project_id":"105bdce1-64c0-48ab-899d-868455867ecf","ip":[{"id":"101d1670-e396-447c-be19-07c8bb8e2159","ip_address":"51.159.8.217","organization_id":"105bdce1-64c0-48ab-899d-868455867ecf","project_id":"105bdce1-64c0-48ab-899d-868455867ecf","lb_id":"5d29cd60-9352-4d75-8a28-de17ca4e3504","reverse":"51-159-8-217.lb.fr-par.scw.cloud","region":"fr-par","zone":"fr-par-1"}],"tags":[],"frontend_count":0,"backend_count":1,"type":"lb-s","subscriber":null,"ssl_compatibility_level":"ssl_compatibility_level_intermediate","created_at":"2021-12-27T12:08:08.068240Z","updated_at":"2021-12-27T12:08:10.683285Z","private_network_count":0,"route_count":0,"region":"fr-par","zone":"fr-par-1"},"send_proxy_v2":false,"timeout_server":null,"timeout_connect":null,"timeout_tunnel":null,"on_marked_down_action":"on_marked_down_action_none","proxy_protocol":"proxy_protocol_none","created_at":"2021-12-27T12:08:38.733707Z","updated_at":"2021-12-27T12:08:38.733707Z"}'
    headers:
      Content-Length:
      - "1899"
      Content-Security-Policy:
      - default-src 'none'; frame-ancestors 'none'
      Content-Type:
      - application/json
      Date:
      - Mon, 27 Dec 2021 12:08:40 GMT
      Server:
      - Scaleway API-Gateway
      Strict-Transport-Security:
      - max-age=63072000
      X-Content-Type-Options:
      - nosniff
      X-Frame-Options:
      - DENY
      X-Request-Id:
      - 97ffab41-19f6-4063-b88c-21fc7157e7ac
    status: 200 OK
    code: 200
    duration: ""
- request:
    body: ""
    form: {}
    headers:
      User-Agent:
      - scaleway-sdk-go/v1.0.0-beta.7+dev (go1.17.5; darwin; amd64) terraform-provider/develop
        terraform/terraform-tests
    url: https://api.scaleway.com/lb/v1/zones/fr-par-1/lbs/5d29cd60-9352-4d75-8a28-de17ca4e3504
    method: GET
  response:
    body: '{"id":"5d29cd60-9352-4d75-8a28-de17ca4e3504","name":"test-lb","description":"","status":"ready","instances":[{"id":"c3cd88fd-09b2-46b7-8277-f32803c92eea","status":"ready","ip_address":"10.72.108.99","created_at":"2021-12-27T12:00:24.187675Z","updated_at":"2021-12-27T12:08:38.995850Z","region":"fr-par","zone":"fr-par-1"},{"id":"92aa9c43-0a10-4534-870e-3496756c2253","status":"ready","ip_address":"10.71.40.49","created_at":"2021-12-27T11:58:57.842953Z","updated_at":"2021-12-27T12:08:39.195183Z","region":"fr-par","zone":"fr-par-1"}],"organization_id":"105bdce1-64c0-48ab-899d-868455867ecf","project_id":"105bdce1-64c0-48ab-899d-868455867ecf","ip":[{"id":"101d1670-e396-447c-be19-07c8bb8e2159","ip_address":"51.159.8.217","organization_id":"105bdce1-64c0-48ab-899d-868455867ecf","project_id":"105bdce1-64c0-48ab-899d-868455867ecf","lb_id":"5d29cd60-9352-4d75-8a28-de17ca4e3504","reverse":"51-159-8-217.lb.fr-par.scw.cloud","region":"fr-par","zone":"fr-par-1"}],"tags":[],"frontend_count":0,"backend_count":1,"type":"lb-s","subscriber":null,"ssl_compatibility_level":"ssl_compatibility_level_intermediate","created_at":"2021-12-27T12:08:08.068240Z","updated_at":"2021-12-27T12:08:10.683285Z","private_network_count":0,"route_count":0,"region":"fr-par","zone":"fr-par-1"}'
    headers:
      Content-Length:
      - "1270"
      Content-Security-Policy:
      - default-src 'none'; frame-ancestors 'none'
      Content-Type:
      - application/json
      Date:
      - Mon, 27 Dec 2021 12:08:40 GMT
      Server:
      - Scaleway API-Gateway
      Strict-Transport-Security:
      - max-age=63072000
      X-Content-Type-Options:
      - nosniff
      X-Frame-Options:
      - DENY
      X-Request-Id:
      - afd255ae-3770-48bf-bf3e-57f3552dd69c
    status: 200 OK
    code: 200
    duration: ""
- request:
    body: ""
    form: {}
    headers:
      User-Agent:
      - scaleway-sdk-go/v1.0.0-beta.7+dev (go1.17.5; darwin; amd64) terraform-provider/develop
        terraform/terraform-tests
    url: https://api.scaleway.com/lb/v1/zones/fr-par-1/ips/101d1670-e396-447c-be19-07c8bb8e2159
    method: GET
  response:
    body: '{"id":"101d1670-e396-447c-be19-07c8bb8e2159","ip_address":"51.159.8.217","organization_id":"105bdce1-64c0-48ab-899d-868455867ecf","project_id":"105bdce1-64c0-48ab-899d-868455867ecf","lb_id":"5d29cd60-9352-4d75-8a28-de17ca4e3504","reverse":"51-159-8-217.lb.fr-par.scw.cloud","region":"fr-par","zone":"fr-par-1"}'
    headers:
      Content-Length:
      - "310"
      Content-Security-Policy:
      - default-src 'none'; frame-ancestors 'none'
      Content-Type:
      - application/json
      Date:
      - Mon, 27 Dec 2021 12:08:40 GMT
      Server:
      - Scaleway API-Gateway
      Strict-Transport-Security:
      - max-age=63072000
      X-Content-Type-Options:
      - nosniff
      X-Frame-Options:
      - DENY
      X-Request-Id:
      - f8708520-cfe9-46ad-a615-ba1e6035d880
    status: 200 OK
    code: 200
    duration: ""
- request:
    body: ""
    form: {}
    headers:
      User-Agent:
      - scaleway-sdk-go/v1.0.0-beta.7+dev (go1.17.5; darwin; amd64) terraform-provider/develop
        terraform/terraform-tests
    url: https://api.scaleway.com/instance/v1/zones/fr-par-1/ips/1ed71d85-1ef0-48e1-bf93-d326db77940b
    method: GET
  response:
    body: '{"ip": {"id": "1ed71d85-1ef0-48e1-bf93-d326db77940b", "address": "51.158.78.198",
      "reverse": null, "server": null, "organization": "105bdce1-64c0-48ab-899d-868455867ecf",
      "project": "105bdce1-64c0-48ab-899d-868455867ecf", "zone": "fr-par-1", "tags":
      []}}'
    headers:
      Content-Length:
      - "254"
      Content-Security-Policy:
      - default-src 'none'; frame-ancestors 'none'
      Content-Type:
      - application/json
      Date:
      - Mon, 27 Dec 2021 12:08:40 GMT
      Server:
      - Scaleway API-Gateway
      Strict-Transport-Security:
      - max-age=63072000
      X-Content-Type-Options:
      - nosniff
      X-Frame-Options:
      - DENY
      X-Request-Id:
      - 5bc13b34-1f0b-488d-ac50-68ea317959eb
    status: 200 OK
    code: 200
    duration: ""
- request:
    body: ""
    form: {}
    headers:
      User-Agent:
      - scaleway-sdk-go/v1.0.0-beta.7+dev (go1.17.5; darwin; amd64) terraform-provider/develop
        terraform/terraform-tests
    url: https://api.scaleway.com/lb/v1/zones/fr-par-1/lbs/5d29cd60-9352-4d75-8a28-de17ca4e3504
    method: GET
  response:
    body: '{"id":"5d29cd60-9352-4d75-8a28-de17ca4e3504","name":"test-lb","description":"","status":"ready","instances":[{"id":"c3cd88fd-09b2-46b7-8277-f32803c92eea","status":"ready","ip_address":"10.72.108.99","created_at":"2021-12-27T12:00:24.187675Z","updated_at":"2021-12-27T12:08:38.995850Z","region":"fr-par","zone":"fr-par-1"},{"id":"92aa9c43-0a10-4534-870e-3496756c2253","status":"ready","ip_address":"10.71.40.49","created_at":"2021-12-27T11:58:57.842953Z","updated_at":"2021-12-27T12:08:39.195183Z","region":"fr-par","zone":"fr-par-1"}],"organization_id":"105bdce1-64c0-48ab-899d-868455867ecf","project_id":"105bdce1-64c0-48ab-899d-868455867ecf","ip":[{"id":"101d1670-e396-447c-be19-07c8bb8e2159","ip_address":"51.159.8.217","organization_id":"105bdce1-64c0-48ab-899d-868455867ecf","project_id":"105bdce1-64c0-48ab-899d-868455867ecf","lb_id":"5d29cd60-9352-4d75-8a28-de17ca4e3504","reverse":"51-159-8-217.lb.fr-par.scw.cloud","region":"fr-par","zone":"fr-par-1"}],"tags":[],"frontend_count":0,"backend_count":1,"type":"lb-s","subscriber":null,"ssl_compatibility_level":"ssl_compatibility_level_intermediate","created_at":"2021-12-27T12:08:08.068240Z","updated_at":"2021-12-27T12:08:10.683285Z","private_network_count":0,"route_count":0,"region":"fr-par","zone":"fr-par-1"}'
    headers:
      Content-Length:
      - "1270"
      Content-Security-Policy:
      - default-src 'none'; frame-ancestors 'none'
      Content-Type:
      - application/json
      Date:
      - Mon, 27 Dec 2021 12:08:40 GMT
      Server:
      - Scaleway API-Gateway
      Strict-Transport-Security:
      - max-age=63072000
      X-Content-Type-Options:
      - nosniff
      X-Frame-Options:
      - DENY
      X-Request-Id:
      - 51ef6d0d-8805-4bff-8214-8ff4d3b7d164
    status: 200 OK
    code: 200
    duration: ""
- request:
    body: ""
    form: {}
    headers:
      User-Agent:
      - scaleway-sdk-go/v1.0.0-beta.7+dev (go1.17.5; darwin; amd64) terraform-provider/develop
        terraform/terraform-tests
    url: https://api.scaleway.com/lb/v1/zones/fr-par-1/lbs/5d29cd60-9352-4d75-8a28-de17ca4e3504
    method: GET
  response:
    body: '{"id":"5d29cd60-9352-4d75-8a28-de17ca4e3504","name":"test-lb","description":"","status":"ready","instances":[{"id":"c3cd88fd-09b2-46b7-8277-f32803c92eea","status":"ready","ip_address":"10.72.108.99","created_at":"2021-12-27T12:00:24.187675Z","updated_at":"2021-12-27T12:08:38.995850Z","region":"fr-par","zone":"fr-par-1"},{"id":"92aa9c43-0a10-4534-870e-3496756c2253","status":"ready","ip_address":"10.71.40.49","created_at":"2021-12-27T11:58:57.842953Z","updated_at":"2021-12-27T12:08:39.195183Z","region":"fr-par","zone":"fr-par-1"}],"organization_id":"105bdce1-64c0-48ab-899d-868455867ecf","project_id":"105bdce1-64c0-48ab-899d-868455867ecf","ip":[{"id":"101d1670-e396-447c-be19-07c8bb8e2159","ip_address":"51.159.8.217","organization_id":"105bdce1-64c0-48ab-899d-868455867ecf","project_id":"105bdce1-64c0-48ab-899d-868455867ecf","lb_id":"5d29cd60-9352-4d75-8a28-de17ca4e3504","reverse":"51-159-8-217.lb.fr-par.scw.cloud","region":"fr-par","zone":"fr-par-1"}],"tags":[],"frontend_count":0,"backend_count":1,"type":"lb-s","subscriber":null,"ssl_compatibility_level":"ssl_compatibility_level_intermediate","created_at":"2021-12-27T12:08:08.068240Z","updated_at":"2021-12-27T12:08:10.683285Z","private_network_count":0,"route_count":0,"region":"fr-par","zone":"fr-par-1"}'
    headers:
      Content-Length:
      - "1270"
      Content-Security-Policy:
      - default-src 'none'; frame-ancestors 'none'
      Content-Type:
      - application/json
      Date:
      - Mon, 27 Dec 2021 12:08:40 GMT
      Server:
      - Scaleway API-Gateway
      Strict-Transport-Security:
      - max-age=63072000
      X-Content-Type-Options:
      - nosniff
      X-Frame-Options:
      - DENY
      X-Request-Id:
      - 6ca5c275-b7e2-4f68-8384-9665237c5908
    status: 200 OK
    code: 200
    duration: ""
- request:
    body: ""
    form: {}
    headers:
      User-Agent:
      - scaleway-sdk-go/v1.0.0-beta.7+dev (go1.17.5; darwin; amd64) terraform-provider/develop
        terraform/terraform-tests
    url: https://api.scaleway.com/lb/v1/zones/fr-par-1/lbs/5d29cd60-9352-4d75-8a28-de17ca4e3504/private-networks?order_by=created_at_asc
    method: GET
  response:
    body: '{"private_network":[],"total_count":0}'
    headers:
      Content-Length:
      - "38"
      Content-Security-Policy:
      - default-src 'none'; frame-ancestors 'none'
      Content-Type:
      - application/json
      Date:
      - Mon, 27 Dec 2021 12:08:40 GMT
      Server:
      - Scaleway API-Gateway
      Strict-Transport-Security:
      - max-age=63072000
      X-Content-Type-Options:
      - nosniff
      X-Frame-Options:
      - DENY
      X-Request-Id:
      - 0ad28536-872d-4cd4-a308-b641c74827b3
    status: 200 OK
    code: 200
    duration: ""
- request:
    body: ""
    form: {}
    headers:
      User-Agent:
      - scaleway-sdk-go/v1.0.0-beta.7+dev (go1.17.5; darwin; amd64) terraform-provider/develop
        terraform/terraform-tests
    url: https://api.scaleway.com/lb/v1/zones/fr-par-1/backends/59f9c23c-d7e9-4404-a8fd-ae45f2bf11c1
    method: GET
  response:
    body: '{"id":"59f9c23c-d7e9-4404-a8fd-ae45f2bf11c1","name":"bkd01","forward_protocol":"tcp","forward_port":80,"forward_port_algorithm":"roundrobin","sticky_sessions":"none","sticky_sessions_cookie_name":"","health_check":{"port":80,"check_delay":60000,"check_timeout":30000,"check_max_retries":2,"check_send_proxy":false,"tcp_config":{}},"pool":["51.158.78.198"],"lb":{"id":"5d29cd60-9352-4d75-8a28-de17ca4e3504","name":"test-lb","description":"","status":"ready","instances":[{"id":"92aa9c43-0a10-4534-870e-3496756c2253","status":"ready","ip_address":"10.71.40.49","created_at":"2021-12-27T11:58:57.842953Z","updated_at":"2021-12-27T12:08:39.195183Z","region":"fr-par","zone":"fr-par-1"},{"id":"c3cd88fd-09b2-46b7-8277-f32803c92eea","status":"ready","ip_address":"10.72.108.99","created_at":"2021-12-27T12:00:24.187675Z","updated_at":"2021-12-27T12:08:38.995850Z","region":"fr-par","zone":"fr-par-1"}],"organization_id":"105bdce1-64c0-48ab-899d-868455867ecf","project_id":"105bdce1-64c0-48ab-899d-868455867ecf","ip":[{"id":"101d1670-e396-447c-be19-07c8bb8e2159","ip_address":"51.159.8.217","organization_id":"105bdce1-64c0-48ab-899d-868455867ecf","project_id":"105bdce1-64c0-48ab-899d-868455867ecf","lb_id":"5d29cd60-9352-4d75-8a28-de17ca4e3504","reverse":"51-159-8-217.lb.fr-par.scw.cloud","region":"fr-par","zone":"fr-par-1"}],"tags":[],"frontend_count":0,"backend_count":1,"type":"lb-s","subscriber":null,"ssl_compatibility_level":"ssl_compatibility_level_intermediate","created_at":"2021-12-27T12:08:08.068240Z","updated_at":"2021-12-27T12:08:10.683285Z","private_network_count":0,"route_count":0,"region":"fr-par","zone":"fr-par-1"},"send_proxy_v2":false,"timeout_server":null,"timeout_connect":null,"timeout_tunnel":null,"on_marked_down_action":"on_marked_down_action_none","proxy_protocol":"proxy_protocol_none","created_at":"2021-12-27T12:08:38.733707Z","updated_at":"2021-12-27T12:08:38.733707Z"}'
    headers:
      Content-Length:
      - "1899"
      Content-Security-Policy:
      - default-src 'none'; frame-ancestors 'none'
      Content-Type:
      - application/json
      Date:
      - Mon, 27 Dec 2021 12:08:40 GMT
      Server:
      - Scaleway API-Gateway
      Strict-Transport-Security:
      - max-age=63072000
      X-Content-Type-Options:
      - nosniff
      X-Frame-Options:
      - DENY
      X-Request-Id:
      - f938eb26-51a1-4cdf-a45e-2e42b02e928b
    status: 200 OK
    code: 200
    duration: ""
- request:
    body: ""
    form: {}
    headers:
      User-Agent:
      - scaleway-sdk-go/v1.0.0-beta.7+dev (go1.17.5; darwin; amd64) terraform-provider/develop
        terraform/terraform-tests
    url: https://api.scaleway.com/lb/v1/zones/fr-par-1/lbs/5d29cd60-9352-4d75-8a28-de17ca4e3504
    method: GET
  response:
    body: '{"id":"5d29cd60-9352-4d75-8a28-de17ca4e3504","name":"test-lb","description":"","status":"ready","instances":[{"id":"c3cd88fd-09b2-46b7-8277-f32803c92eea","status":"ready","ip_address":"10.72.108.99","created_at":"2021-12-27T12:00:24.187675Z","updated_at":"2021-12-27T12:08:38.995850Z","region":"fr-par","zone":"fr-par-1"},{"id":"92aa9c43-0a10-4534-870e-3496756c2253","status":"ready","ip_address":"10.71.40.49","created_at":"2021-12-27T11:58:57.842953Z","updated_at":"2021-12-27T12:08:39.195183Z","region":"fr-par","zone":"fr-par-1"}],"organization_id":"105bdce1-64c0-48ab-899d-868455867ecf","project_id":"105bdce1-64c0-48ab-899d-868455867ecf","ip":[{"id":"101d1670-e396-447c-be19-07c8bb8e2159","ip_address":"51.159.8.217","organization_id":"105bdce1-64c0-48ab-899d-868455867ecf","project_id":"105bdce1-64c0-48ab-899d-868455867ecf","lb_id":"5d29cd60-9352-4d75-8a28-de17ca4e3504","reverse":"51-159-8-217.lb.fr-par.scw.cloud","region":"fr-par","zone":"fr-par-1"}],"tags":[],"frontend_count":0,"backend_count":1,"type":"lb-s","subscriber":null,"ssl_compatibility_level":"ssl_compatibility_level_intermediate","created_at":"2021-12-27T12:08:08.068240Z","updated_at":"2021-12-27T12:08:10.683285Z","private_network_count":0,"route_count":0,"region":"fr-par","zone":"fr-par-1"}'
    headers:
      Content-Length:
      - "1270"
      Content-Security-Policy:
      - default-src 'none'; frame-ancestors 'none'
      Content-Type:
      - application/json
      Date:
      - Mon, 27 Dec 2021 12:08:40 GMT
      Server:
      - Scaleway API-Gateway
      Strict-Transport-Security:
      - max-age=63072000
      X-Content-Type-Options:
      - nosniff
      X-Frame-Options:
      - DENY
      X-Request-Id:
      - 687bd326-c5ba-4c87-a7a8-cc4c9e6c2bde
    status: 200 OK
    code: 200
    duration: ""
- request:
    body: '{"project":"105bdce1-64c0-48ab-899d-868455867ecf"}'
    form: {}
    headers:
      Content-Type:
      - application/json
      User-Agent:
      - scaleway-sdk-go/v1.0.0-beta.7+dev (go1.17.5; darwin; amd64) terraform-provider/develop
        terraform/terraform-tests
    url: https://api.scaleway.com/instance/v1/zones/fr-par-1/ips
    method: POST
  response:
    body: '{"ip": {"id": "e321d9d9-af2b-42af-8c06-12c3043e34df", "address": "51.15.205.105",
      "reverse": null, "server": null, "organization": "105bdce1-64c0-48ab-899d-868455867ecf",
      "project": "105bdce1-64c0-48ab-899d-868455867ecf", "zone": "fr-par-1", "tags":
      []}}'
    headers:
      Content-Length:
      - "254"
      Content-Security-Policy:
      - default-src 'none'; frame-ancestors 'none'
      Content-Type:
      - application/json
      Date:
      - Mon, 27 Dec 2021 12:08:41 GMT
      Location:
      - https://api.scaleway.com/instance/v1/zones/fr-par-1/ips/e321d9d9-af2b-42af-8c06-12c3043e34df
      Server:
      - Scaleway API-Gateway
      Strict-Transport-Security:
      - max-age=63072000
      X-Content-Type-Options:
      - nosniff
      X-Frame-Options:
      - DENY
      X-Request-Id:
      - 1bc5f8a7-9dd1-430e-8272-c8e150ebf94e
    status: 201 Created
    code: 201
    duration: ""
- request:
    body: ""
    form: {}
    headers:
      User-Agent:
      - scaleway-sdk-go/v1.0.0-beta.7+dev (go1.17.5; darwin; amd64) terraform-provider/develop
        terraform/terraform-tests
    url: https://api.scaleway.com/instance/v1/zones/fr-par-1/ips/e321d9d9-af2b-42af-8c06-12c3043e34df
    method: GET
  response:
    body: '{"ip": {"id": "e321d9d9-af2b-42af-8c06-12c3043e34df", "address": "51.15.205.105",
      "reverse": null, "server": null, "organization": "105bdce1-64c0-48ab-899d-868455867ecf",
      "project": "105bdce1-64c0-48ab-899d-868455867ecf", "zone": "fr-par-1", "tags":
      []}}'
    headers:
      Content-Length:
      - "254"
      Content-Security-Policy:
      - default-src 'none'; frame-ancestors 'none'
      Content-Type:
      - application/json
      Date:
      - Mon, 27 Dec 2021 12:08:41 GMT
      Server:
      - Scaleway API-Gateway
      Strict-Transport-Security:
      - max-age=63072000
      X-Content-Type-Options:
      - nosniff
      X-Frame-Options:
      - DENY
      X-Request-Id:
      - 220c685f-c22d-48aa-ba98-778be72f2b37
    status: 200 OK
    code: 200
    duration: ""
- request:
    body: ""
    form: {}
    headers:
      User-Agent:
      - scaleway-sdk-go/v1.0.0-beta.7+dev (go1.17.5; darwin; amd64) terraform-provider/develop
        terraform/terraform-tests
    url: https://api.scaleway.com/lb/v1/zones/fr-par-1/lbs/5d29cd60-9352-4d75-8a28-de17ca4e3504
    method: GET
  response:
    body: '{"id":"5d29cd60-9352-4d75-8a28-de17ca4e3504","name":"test-lb","description":"","status":"ready","instances":[{"id":"c3cd88fd-09b2-46b7-8277-f32803c92eea","status":"ready","ip_address":"10.72.108.99","created_at":"2021-12-27T12:00:24.187675Z","updated_at":"2021-12-27T12:08:38.995850Z","region":"fr-par","zone":"fr-par-1"},{"id":"92aa9c43-0a10-4534-870e-3496756c2253","status":"ready","ip_address":"10.71.40.49","created_at":"2021-12-27T11:58:57.842953Z","updated_at":"2021-12-27T12:08:39.195183Z","region":"fr-par","zone":"fr-par-1"}],"organization_id":"105bdce1-64c0-48ab-899d-868455867ecf","project_id":"105bdce1-64c0-48ab-899d-868455867ecf","ip":[{"id":"101d1670-e396-447c-be19-07c8bb8e2159","ip_address":"51.159.8.217","organization_id":"105bdce1-64c0-48ab-899d-868455867ecf","project_id":"105bdce1-64c0-48ab-899d-868455867ecf","lb_id":"5d29cd60-9352-4d75-8a28-de17ca4e3504","reverse":"51-159-8-217.lb.fr-par.scw.cloud","region":"fr-par","zone":"fr-par-1"}],"tags":[],"frontend_count":0,"backend_count":1,"type":"lb-s","subscriber":null,"ssl_compatibility_level":"ssl_compatibility_level_intermediate","created_at":"2021-12-27T12:08:08.068240Z","updated_at":"2021-12-27T12:08:10.683285Z","private_network_count":0,"route_count":0,"region":"fr-par","zone":"fr-par-1"}'
    headers:
      Content-Length:
      - "1270"
      Content-Security-Policy:
      - default-src 'none'; frame-ancestors 'none'
      Content-Type:
      - application/json
      Date:
      - Mon, 27 Dec 2021 12:08:41 GMT
      Server:
      - Scaleway API-Gateway
      Strict-Transport-Security:
      - max-age=63072000
      X-Content-Type-Options:
      - nosniff
      X-Frame-Options:
      - DENY
      X-Request-Id:
      - 76cf212e-b574-4734-ba51-d42ae4a90297
    status: 200 OK
    code: 200
    duration: ""
- request:
    body: '{"name":"bkd01","forward_protocol":"tcp","forward_port":80,"forward_port_algorithm":"leastconn","sticky_sessions":"cookie","sticky_sessions_cookie_name":"session-id","send_proxy_v2":false,"on_marked_down_action":"shutdown_sessions","proxy_protocol":"proxy_protocol_none","timeout_server":1000,"timeout_connect":2500,"timeout_tunnel":3000}'
    form: {}
    headers:
      Content-Type:
      - application/json
      User-Agent:
      - scaleway-sdk-go/v1.0.0-beta.7+dev (go1.17.5; darwin; amd64) terraform-provider/develop
        terraform/terraform-tests
    url: https://api.scaleway.com/lb/v1/zones/fr-par-1/backends/59f9c23c-d7e9-4404-a8fd-ae45f2bf11c1
    method: PUT
  response:
    body: '{"id":"59f9c23c-d7e9-4404-a8fd-ae45f2bf11c1","name":"bkd01","forward_protocol":"tcp","forward_port":80,"forward_port_algorithm":"leastconn","sticky_sessions":"cookie","sticky_sessions_cookie_name":"session-id","health_check":{"port":80,"check_delay":60000,"check_timeout":30000,"check_max_retries":2,"check_send_proxy":false,"tcp_config":{}},"pool":["51.158.78.198"],"lb":{"id":"5d29cd60-9352-4d75-8a28-de17ca4e3504","name":"test-lb","description":"","status":"ready","instances":[{"id":"92aa9c43-0a10-4534-870e-3496756c2253","status":"ready","ip_address":"10.71.40.49","created_at":"2021-12-27T11:58:57.842953Z","updated_at":"2021-12-27T12:08:39.195183Z","region":"fr-par","zone":"fr-par-1"},{"id":"c3cd88fd-09b2-46b7-8277-f32803c92eea","status":"ready","ip_address":"10.72.108.99","created_at":"2021-12-27T12:00:24.187675Z","updated_at":"2021-12-27T12:08:38.995850Z","region":"fr-par","zone":"fr-par-1"}],"organization_id":"105bdce1-64c0-48ab-899d-868455867ecf","project_id":"105bdce1-64c0-48ab-899d-868455867ecf","ip":[{"id":"101d1670-e396-447c-be19-07c8bb8e2159","ip_address":"51.159.8.217","organization_id":"105bdce1-64c0-48ab-899d-868455867ecf","project_id":"105bdce1-64c0-48ab-899d-868455867ecf","lb_id":"5d29cd60-9352-4d75-8a28-de17ca4e3504","reverse":"51-159-8-217.lb.fr-par.scw.cloud","region":"fr-par","zone":"fr-par-1"}],"tags":[],"frontend_count":0,"backend_count":1,"type":"lb-s","subscriber":null,"ssl_compatibility_level":"ssl_compatibility_level_intermediate","created_at":"2021-12-27T12:08:08.068240Z","updated_at":"2021-12-27T12:08:10.683285Z","private_network_count":0,"route_count":0,"region":"fr-par","zone":"fr-par-1"},"send_proxy_v2":false,"timeout_server":1000,"timeout_connect":2500,"timeout_tunnel":3000,"on_marked_down_action":"shutdown_sessions","proxy_protocol":"proxy_protocol_none","created_at":"2021-12-27T12:08:38.733707Z","updated_at":"2021-12-27T12:08:41.960544443Z"}'
    headers:
      Content-Length:
      - "1904"
      Content-Security-Policy:
      - default-src 'none'; frame-ancestors 'none'
      Content-Type:
      - application/json
      Date:
      - Mon, 27 Dec 2021 12:08:42 GMT
      Server:
      - Scaleway API-Gateway
      Strict-Transport-Security:
      - max-age=63072000
      X-Content-Type-Options:
      - nosniff
      X-Frame-Options:
      - DENY
      X-Request-Id:
      - c1f37fc5-7dfb-4847-8a22-aad229173c03
    status: 200 OK
    code: 200
    duration: ""
- request:
    body: '{"port":81,"check_max_retries":3,"tcp_config":{},"check_send_proxy":false,"check_delay":10000,"check_timeout":15000}'
    form: {}
    headers:
      Content-Type:
      - application/json
      User-Agent:
      - scaleway-sdk-go/v1.0.0-beta.7+dev (go1.17.5; darwin; amd64) terraform-provider/develop
        terraform/terraform-tests
    url: https://api.scaleway.com/lb/v1/zones/fr-par-1/backends/59f9c23c-d7e9-4404-a8fd-ae45f2bf11c1/healthcheck
    method: PUT
  response:
    body: '{"port":81,"check_delay":10000,"check_timeout":15000,"check_max_retries":3,"check_send_proxy":false,"tcp_config":{}}'
    headers:
      Content-Length:
      - "116"
      Content-Security-Policy:
      - default-src 'none'; frame-ancestors 'none'
      Content-Type:
      - application/json
      Date:
      - Mon, 27 Dec 2021 12:08:42 GMT
      Server:
      - Scaleway API-Gateway
      Strict-Transport-Security:
      - max-age=63072000
      X-Content-Type-Options:
      - nosniff
      X-Frame-Options:
      - DENY
      X-Request-Id:
      - 2c555eb9-d188-48df-96c2-f7d28a434bbd
    status: 200 OK
    code: 200
    duration: ""
- request:
    body: '{"server_ip":["51.158.78.198","51.15.205.105"]}'
    form: {}
    headers:
      Content-Type:
      - application/json
      User-Agent:
      - scaleway-sdk-go/v1.0.0-beta.7+dev (go1.17.5; darwin; amd64) terraform-provider/develop
        terraform/terraform-tests
    url: https://api.scaleway.com/lb/v1/zones/fr-par-1/backends/59f9c23c-d7e9-4404-a8fd-ae45f2bf11c1/servers
    method: PUT
  response:
    body: '{"id":"59f9c23c-d7e9-4404-a8fd-ae45f2bf11c1","name":"bkd01","forward_protocol":"tcp","forward_port":80,"forward_port_algorithm":"leastconn","sticky_sessions":"cookie","sticky_sessions_cookie_name":"session-id","health_check":{"port":81,"check_delay":10000,"check_timeout":15000,"check_max_retries":3,"check_send_proxy":false,"tcp_config":{}},"pool":["51.158.78.198","51.15.205.105"],"lb":{"id":"5d29cd60-9352-4d75-8a28-de17ca4e3504","name":"test-lb","description":"","status":"ready","instances":[{"id":"c3cd88fd-09b2-46b7-8277-f32803c92eea","status":"pending","ip_address":"10.72.108.99","created_at":"2021-12-27T12:00:24.187675Z","updated_at":"2021-12-27T12:08:42.552384335Z","region":"fr-par","zone":"fr-par-1"},{"id":"92aa9c43-0a10-4534-870e-3496756c2253","status":"pending","ip_address":"10.71.40.49","created_at":"2021-12-27T11:58:57.842953Z","updated_at":"2021-12-27T12:08:42.606106745Z","region":"fr-par","zone":"fr-par-1"}],"organization_id":"105bdce1-64c0-48ab-899d-868455867ecf","project_id":"105bdce1-64c0-48ab-899d-868455867ecf","ip":[{"id":"101d1670-e396-447c-be19-07c8bb8e2159","ip_address":"51.159.8.217","organization_id":"105bdce1-64c0-48ab-899d-868455867ecf","project_id":"105bdce1-64c0-48ab-899d-868455867ecf","lb_id":"5d29cd60-9352-4d75-8a28-de17ca4e3504","reverse":"51-159-8-217.lb.fr-par.scw.cloud","region":"fr-par","zone":"fr-par-1"}],"tags":[],"frontend_count":0,"backend_count":1,"type":"lb-s","subscriber":null,"ssl_compatibility_level":"ssl_compatibility_level_intermediate","created_at":"2021-12-27T12:08:08.068240Z","updated_at":"2021-12-27T12:08:10.683285Z","private_network_count":0,"route_count":0,"region":"fr-par","zone":"fr-par-1"},"send_proxy_v2":false,"timeout_server":1000,"timeout_connect":2500,"timeout_tunnel":3000,"on_marked_down_action":"shutdown_sessions","proxy_protocol":"proxy_protocol_none","created_at":"2021-12-27T12:08:38.733707Z","updated_at":"2021-12-27T12:08:42.522656382Z"}'
    headers:
      Content-Length:
      - "1930"
      Content-Security-Policy:
      - default-src 'none'; frame-ancestors 'none'
      Content-Type:
      - application/json
      Date:
      - Mon, 27 Dec 2021 12:08:42 GMT
      Server:
      - Scaleway API-Gateway
      Strict-Transport-Security:
      - max-age=63072000
      X-Content-Type-Options:
      - nosniff
      X-Frame-Options:
      - DENY
      X-Request-Id:
      - f22421bf-6be4-482c-9f3b-78a0a2375ec0
    status: 200 OK
    code: 200
    duration: ""
- request:
    body: ""
    form: {}
    headers:
      User-Agent:
      - scaleway-sdk-go/v1.0.0-beta.7+dev (go1.17.5; darwin; amd64) terraform-provider/develop
        terraform/terraform-tests
    url: https://api.scaleway.com/lb/v1/zones/fr-par-1/lbs/5d29cd60-9352-4d75-8a28-de17ca4e3504
    method: GET
  response:
    body: '{"id":"5d29cd60-9352-4d75-8a28-de17ca4e3504","name":"test-lb","description":"","status":"ready","instances":[{"id":"c3cd88fd-09b2-46b7-8277-f32803c92eea","status":"pending","ip_address":"10.72.108.99","created_at":"2021-12-27T12:00:24.187675Z","updated_at":"2021-12-27T12:08:42.552384Z","region":"fr-par","zone":"fr-par-1"},{"id":"92aa9c43-0a10-4534-870e-3496756c2253","status":"pending","ip_address":"10.71.40.49","created_at":"2021-12-27T11:58:57.842953Z","updated_at":"2021-12-27T12:08:42.606107Z","region":"fr-par","zone":"fr-par-1"}],"organization_id":"105bdce1-64c0-48ab-899d-868455867ecf","project_id":"105bdce1-64c0-48ab-899d-868455867ecf","ip":[{"id":"101d1670-e396-447c-be19-07c8bb8e2159","ip_address":"51.159.8.217","organization_id":"105bdce1-64c0-48ab-899d-868455867ecf","project_id":"105bdce1-64c0-48ab-899d-868455867ecf","lb_id":"5d29cd60-9352-4d75-8a28-de17ca4e3504","reverse":"51-159-8-217.lb.fr-par.scw.cloud","region":"fr-par","zone":"fr-par-1"}],"tags":[],"frontend_count":0,"backend_count":1,"type":"lb-s","subscriber":null,"ssl_compatibility_level":"ssl_compatibility_level_intermediate","created_at":"2021-12-27T12:08:08.068240Z","updated_at":"2021-12-27T12:08:10.683285Z","private_network_count":0,"route_count":0,"region":"fr-par","zone":"fr-par-1"}'
    headers:
      Content-Length:
      - "1274"
      Content-Security-Policy:
      - default-src 'none'; frame-ancestors 'none'
      Content-Type:
      - application/json
      Date:
      - Mon, 27 Dec 2021 12:08:42 GMT
      Server:
      - Scaleway API-Gateway
      Strict-Transport-Security:
      - max-age=63072000
      X-Content-Type-Options:
      - nosniff
      X-Frame-Options:
      - DENY
      X-Request-Id:
      - e79541f1-13b7-4917-ae6c-6562fd5c2384
    status: 200 OK
    code: 200
    duration: ""
- request:
    body: ""
    form: {}
    headers:
      User-Agent:
      - scaleway-sdk-go/v1.0.0-beta.7+dev (go1.17.5; darwin; amd64) terraform-provider/develop
        terraform/terraform-tests
    url: https://api.scaleway.com/lb/v1/zones/fr-par-1/backends/59f9c23c-d7e9-4404-a8fd-ae45f2bf11c1
    method: GET
  response:
    body: '{"id":"59f9c23c-d7e9-4404-a8fd-ae45f2bf11c1","name":"bkd01","forward_protocol":"tcp","forward_port":80,"forward_port_algorithm":"leastconn","sticky_sessions":"cookie","sticky_sessions_cookie_name":"session-id","health_check":{"port":81,"check_delay":10000,"check_timeout":15000,"check_max_retries":3,"check_send_proxy":false,"tcp_config":{}},"pool":["51.158.78.198","51.15.205.105"],"lb":{"id":"5d29cd60-9352-4d75-8a28-de17ca4e3504","name":"test-lb","description":"","status":"ready","instances":[{"id":"92aa9c43-0a10-4534-870e-3496756c2253","status":"pending","ip_address":"10.71.40.49","created_at":"2021-12-27T11:58:57.842953Z","updated_at":"2021-12-27T12:08:42.606107Z","region":"fr-par","zone":"fr-par-1"},{"id":"c3cd88fd-09b2-46b7-8277-f32803c92eea","status":"pending","ip_address":"10.72.108.99","created_at":"2021-12-27T12:00:24.187675Z","updated_at":"2021-12-27T12:08:42.552384Z","region":"fr-par","zone":"fr-par-1"}],"organization_id":"105bdce1-64c0-48ab-899d-868455867ecf","project_id":"105bdce1-64c0-48ab-899d-868455867ecf","ip":[{"id":"101d1670-e396-447c-be19-07c8bb8e2159","ip_address":"51.159.8.217","organization_id":"105bdce1-64c0-48ab-899d-868455867ecf","project_id":"105bdce1-64c0-48ab-899d-868455867ecf","lb_id":"5d29cd60-9352-4d75-8a28-de17ca4e3504","reverse":"51-159-8-217.lb.fr-par.scw.cloud","region":"fr-par","zone":"fr-par-1"}],"tags":[],"frontend_count":0,"backend_count":1,"type":"lb-s","subscriber":null,"ssl_compatibility_level":"ssl_compatibility_level_intermediate","created_at":"2021-12-27T12:08:08.068240Z","updated_at":"2021-12-27T12:08:10.683285Z","private_network_count":0,"route_count":0,"region":"fr-par","zone":"fr-par-1"},"send_proxy_v2":false,"timeout_server":1000,"timeout_connect":2500,"timeout_tunnel":3000,"on_marked_down_action":"shutdown_sessions","proxy_protocol":"proxy_protocol_none","created_at":"2021-12-27T12:08:38.733707Z","updated_at":"2021-12-27T12:08:42.522656Z"}'
    headers:
      Content-Length:
      - "1921"
      Content-Security-Policy:
      - default-src 'none'; frame-ancestors 'none'
      Content-Type:
      - application/json
      Date:
      - Mon, 27 Dec 2021 12:08:42 GMT
      Server:
      - Scaleway API-Gateway
      Strict-Transport-Security:
      - max-age=63072000
      X-Content-Type-Options:
      - nosniff
      X-Frame-Options:
      - DENY
      X-Request-Id:
      - a2b8f913-c63e-4060-99e5-f69ad403792d
    status: 200 OK
    code: 200
    duration: ""
- request:
    body: ""
    form: {}
    headers:
      User-Agent:
      - scaleway-sdk-go/v1.0.0-beta.7+dev (go1.17.5; darwin; amd64) terraform-provider/develop
        terraform/terraform-tests
    url: https://api.scaleway.com/lb/v1/zones/fr-par-1/lbs/5d29cd60-9352-4d75-8a28-de17ca4e3504
    method: GET
  response:
    body: '{"id":"5d29cd60-9352-4d75-8a28-de17ca4e3504","name":"test-lb","description":"","status":"ready","instances":[{"id":"c3cd88fd-09b2-46b7-8277-f32803c92eea","status":"pending","ip_address":"10.72.108.99","created_at":"2021-12-27T12:00:24.187675Z","updated_at":"2021-12-27T12:08:42.552384Z","region":"fr-par","zone":"fr-par-1"},{"id":"92aa9c43-0a10-4534-870e-3496756c2253","status":"pending","ip_address":"10.71.40.49","created_at":"2021-12-27T11:58:57.842953Z","updated_at":"2021-12-27T12:08:42.606107Z","region":"fr-par","zone":"fr-par-1"}],"organization_id":"105bdce1-64c0-48ab-899d-868455867ecf","project_id":"105bdce1-64c0-48ab-899d-868455867ecf","ip":[{"id":"101d1670-e396-447c-be19-07c8bb8e2159","ip_address":"51.159.8.217","organization_id":"105bdce1-64c0-48ab-899d-868455867ecf","project_id":"105bdce1-64c0-48ab-899d-868455867ecf","lb_id":"5d29cd60-9352-4d75-8a28-de17ca4e3504","reverse":"51-159-8-217.lb.fr-par.scw.cloud","region":"fr-par","zone":"fr-par-1"}],"tags":[],"frontend_count":0,"backend_count":1,"type":"lb-s","subscriber":null,"ssl_compatibility_level":"ssl_compatibility_level_intermediate","created_at":"2021-12-27T12:08:08.068240Z","updated_at":"2021-12-27T12:08:10.683285Z","private_network_count":0,"route_count":0,"region":"fr-par","zone":"fr-par-1"}'
    headers:
      Content-Length:
      - "1274"
      Content-Security-Policy:
      - default-src 'none'; frame-ancestors 'none'
      Content-Type:
      - application/json
      Date:
      - Mon, 27 Dec 2021 12:08:42 GMT
      Server:
      - Scaleway API-Gateway
      Strict-Transport-Security:
      - max-age=63072000
      X-Content-Type-Options:
      - nosniff
      X-Frame-Options:
      - DENY
      X-Request-Id:
      - 28a49c9b-5d75-4c98-9c47-5a2fb3321c29
    status: 200 OK
    code: 200
    duration: ""
- request:
    body: ""
    form: {}
    headers:
      User-Agent:
      - scaleway-sdk-go/v1.0.0-beta.7+dev (go1.17.5; darwin; amd64) terraform-provider/develop
        terraform/terraform-tests
    url: https://api.scaleway.com/lb/v1/zones/fr-par-1/backends/59f9c23c-d7e9-4404-a8fd-ae45f2bf11c1
    method: GET
  response:
    body: '{"id":"59f9c23c-d7e9-4404-a8fd-ae45f2bf11c1","name":"bkd01","forward_protocol":"tcp","forward_port":80,"forward_port_algorithm":"leastconn","sticky_sessions":"cookie","sticky_sessions_cookie_name":"session-id","health_check":{"port":81,"check_delay":10000,"check_timeout":15000,"check_max_retries":3,"check_send_proxy":false,"tcp_config":{}},"pool":["51.158.78.198","51.15.205.105"],"lb":{"id":"5d29cd60-9352-4d75-8a28-de17ca4e3504","name":"test-lb","description":"","status":"ready","instances":[{"id":"92aa9c43-0a10-4534-870e-3496756c2253","status":"pending","ip_address":"10.71.40.49","created_at":"2021-12-27T11:58:57.842953Z","updated_at":"2021-12-27T12:08:42.606107Z","region":"fr-par","zone":"fr-par-1"},{"id":"c3cd88fd-09b2-46b7-8277-f32803c92eea","status":"ready","ip_address":"10.72.108.99","created_at":"2021-12-27T12:00:24.187675Z","updated_at":"2021-12-27T12:08:43.052706Z","region":"fr-par","zone":"fr-par-1"}],"organization_id":"105bdce1-64c0-48ab-899d-868455867ecf","project_id":"105bdce1-64c0-48ab-899d-868455867ecf","ip":[{"id":"101d1670-e396-447c-be19-07c8bb8e2159","ip_address":"51.159.8.217","organization_id":"105bdce1-64c0-48ab-899d-868455867ecf","project_id":"105bdce1-64c0-48ab-899d-868455867ecf","lb_id":"5d29cd60-9352-4d75-8a28-de17ca4e3504","reverse":"51-159-8-217.lb.fr-par.scw.cloud","region":"fr-par","zone":"fr-par-1"}],"tags":[],"frontend_count":0,"backend_count":1,"type":"lb-s","subscriber":null,"ssl_compatibility_level":"ssl_compatibility_level_intermediate","created_at":"2021-12-27T12:08:08.068240Z","updated_at":"2021-12-27T12:08:10.683285Z","private_network_count":0,"route_count":0,"region":"fr-par","zone":"fr-par-1"},"send_proxy_v2":false,"timeout_server":1000,"timeout_connect":2500,"timeout_tunnel":3000,"on_marked_down_action":"shutdown_sessions","proxy_protocol":"proxy_protocol_none","created_at":"2021-12-27T12:08:38.733707Z","updated_at":"2021-12-27T12:08:42.522656Z"}'
    headers:
      Content-Length:
      - "1919"
      Content-Security-Policy:
      - default-src 'none'; frame-ancestors 'none'
      Content-Type:
      - application/json
      Date:
      - Mon, 27 Dec 2021 12:08:43 GMT
      Server:
      - Scaleway API-Gateway
      Strict-Transport-Security:
      - max-age=63072000
      X-Content-Type-Options:
      - nosniff
      X-Frame-Options:
      - DENY
      X-Request-Id:
      - bd385d83-1d8b-4993-b4d4-982697a988a1
    status: 200 OK
    code: 200
    duration: ""
- request:
    body: ""
    form: {}
    headers:
      User-Agent:
      - scaleway-sdk-go/v1.0.0-beta.7+dev (go1.17.5; darwin; amd64) terraform-provider/develop
        terraform/terraform-tests
    url: https://api.scaleway.com/lb/v1/zones/fr-par-1/ips/101d1670-e396-447c-be19-07c8bb8e2159
    method: GET
  response:
    body: '{"id":"101d1670-e396-447c-be19-07c8bb8e2159","ip_address":"51.159.8.217","organization_id":"105bdce1-64c0-48ab-899d-868455867ecf","project_id":"105bdce1-64c0-48ab-899d-868455867ecf","lb_id":"5d29cd60-9352-4d75-8a28-de17ca4e3504","reverse":"51-159-8-217.lb.fr-par.scw.cloud","region":"fr-par","zone":"fr-par-1"}'
    headers:
      Content-Length:
      - "310"
      Content-Security-Policy:
      - default-src 'none'; frame-ancestors 'none'
      Content-Type:
      - application/json
      Date:
      - Mon, 27 Dec 2021 12:08:43 GMT
      Server:
      - Scaleway API-Gateway
      Strict-Transport-Security:
      - max-age=63072000
      X-Content-Type-Options:
      - nosniff
      X-Frame-Options:
      - DENY
      X-Request-Id:
      - 8ed90678-b5e0-493e-b910-eb0a5101b255
    status: 200 OK
    code: 200
    duration: ""
- request:
    body: ""
    form: {}
    headers:
      User-Agent:
      - scaleway-sdk-go/v1.0.0-beta.7+dev (go1.17.5; darwin; amd64) terraform-provider/develop
        terraform/terraform-tests
    url: https://api.scaleway.com/instance/v1/zones/fr-par-1/ips/e321d9d9-af2b-42af-8c06-12c3043e34df
    method: GET
  response:
    body: '{"ip": {"id": "e321d9d9-af2b-42af-8c06-12c3043e34df", "address": "51.15.205.105",
      "reverse": null, "server": null, "organization": "105bdce1-64c0-48ab-899d-868455867ecf",
      "project": "105bdce1-64c0-48ab-899d-868455867ecf", "zone": "fr-par-1", "tags":
      []}}'
    headers:
      Content-Length:
      - "254"
      Content-Security-Policy:
      - default-src 'none'; frame-ancestors 'none'
      Content-Type:
      - application/json
      Date:
      - Mon, 27 Dec 2021 12:08:43 GMT
      Server:
      - Scaleway API-Gateway
      Strict-Transport-Security:
      - max-age=63072000
      X-Content-Type-Options:
      - nosniff
      X-Frame-Options:
      - DENY
      X-Request-Id:
      - 55a1cec9-8a47-4097-b1a7-a15dbaf81f51
    status: 200 OK
    code: 200
    duration: ""
- request:
    body: ""
    form: {}
    headers:
      User-Agent:
      - scaleway-sdk-go/v1.0.0-beta.7+dev (go1.17.5; darwin; amd64) terraform-provider/develop
        terraform/terraform-tests
    url: https://api.scaleway.com/instance/v1/zones/fr-par-1/ips/1ed71d85-1ef0-48e1-bf93-d326db77940b
    method: GET
  response:
    body: '{"ip": {"id": "1ed71d85-1ef0-48e1-bf93-d326db77940b", "address": "51.158.78.198",
      "reverse": null, "server": null, "organization": "105bdce1-64c0-48ab-899d-868455867ecf",
      "project": "105bdce1-64c0-48ab-899d-868455867ecf", "zone": "fr-par-1", "tags":
      []}}'
    headers:
      Content-Length:
      - "254"
      Content-Security-Policy:
      - default-src 'none'; frame-ancestors 'none'
      Content-Type:
      - application/json
      Date:
      - Mon, 27 Dec 2021 12:08:43 GMT
      Server:
      - Scaleway API-Gateway
      Strict-Transport-Security:
      - max-age=63072000
      X-Content-Type-Options:
      - nosniff
      X-Frame-Options:
      - DENY
      X-Request-Id:
      - 0cbcea00-66e5-4a80-abbf-e9c2d3923209
    status: 200 OK
    code: 200
    duration: ""
- request:
    body: ""
    form: {}
    headers:
      User-Agent:
      - scaleway-sdk-go/v1.0.0-beta.7+dev (go1.17.5; darwin; amd64) terraform-provider/develop
        terraform/terraform-tests
    url: https://api.scaleway.com/lb/v1/zones/fr-par-1/lbs/5d29cd60-9352-4d75-8a28-de17ca4e3504
    method: GET
  response:
    body: '{"id":"5d29cd60-9352-4d75-8a28-de17ca4e3504","name":"test-lb","description":"","status":"ready","instances":[{"id":"c3cd88fd-09b2-46b7-8277-f32803c92eea","status":"ready","ip_address":"10.72.108.99","created_at":"2021-12-27T12:00:24.187675Z","updated_at":"2021-12-27T12:08:43.052706Z","region":"fr-par","zone":"fr-par-1"},{"id":"92aa9c43-0a10-4534-870e-3496756c2253","status":"ready","ip_address":"10.71.40.49","created_at":"2021-12-27T11:58:57.842953Z","updated_at":"2021-12-27T12:08:43.204129Z","region":"fr-par","zone":"fr-par-1"}],"organization_id":"105bdce1-64c0-48ab-899d-868455867ecf","project_id":"105bdce1-64c0-48ab-899d-868455867ecf","ip":[{"id":"101d1670-e396-447c-be19-07c8bb8e2159","ip_address":"51.159.8.217","organization_id":"105bdce1-64c0-48ab-899d-868455867ecf","project_id":"105bdce1-64c0-48ab-899d-868455867ecf","lb_id":"5d29cd60-9352-4d75-8a28-de17ca4e3504","reverse":"51-159-8-217.lb.fr-par.scw.cloud","region":"fr-par","zone":"fr-par-1"}],"tags":[],"frontend_count":0,"backend_count":1,"type":"lb-s","subscriber":null,"ssl_compatibility_level":"ssl_compatibility_level_intermediate","created_at":"2021-12-27T12:08:08.068240Z","updated_at":"2021-12-27T12:08:10.683285Z","private_network_count":0,"route_count":0,"region":"fr-par","zone":"fr-par-1"}'
    headers:
      Content-Length:
      - "1270"
      Content-Security-Policy:
      - default-src 'none'; frame-ancestors 'none'
      Content-Type:
      - application/json
      Date:
      - Mon, 27 Dec 2021 12:08:43 GMT
      Server:
      - Scaleway API-Gateway
      Strict-Transport-Security:
      - max-age=63072000
      X-Content-Type-Options:
      - nosniff
      X-Frame-Options:
      - DENY
      X-Request-Id:
      - da411c10-fe25-4f54-a6ba-e14e264cbebf
    status: 200 OK
    code: 200
    duration: ""
- request:
    body: ""
    form: {}
    headers:
      User-Agent:
      - scaleway-sdk-go/v1.0.0-beta.7+dev (go1.17.5; darwin; amd64) terraform-provider/develop
        terraform/terraform-tests
    url: https://api.scaleway.com/lb/v1/zones/fr-par-1/lbs/5d29cd60-9352-4d75-8a28-de17ca4e3504
    method: GET
  response:
    body: '{"id":"5d29cd60-9352-4d75-8a28-de17ca4e3504","name":"test-lb","description":"","status":"ready","instances":[{"id":"c3cd88fd-09b2-46b7-8277-f32803c92eea","status":"ready","ip_address":"10.72.108.99","created_at":"2021-12-27T12:00:24.187675Z","updated_at":"2021-12-27T12:08:43.052706Z","region":"fr-par","zone":"fr-par-1"},{"id":"92aa9c43-0a10-4534-870e-3496756c2253","status":"ready","ip_address":"10.71.40.49","created_at":"2021-12-27T11:58:57.842953Z","updated_at":"2021-12-27T12:08:43.204129Z","region":"fr-par","zone":"fr-par-1"}],"organization_id":"105bdce1-64c0-48ab-899d-868455867ecf","project_id":"105bdce1-64c0-48ab-899d-868455867ecf","ip":[{"id":"101d1670-e396-447c-be19-07c8bb8e2159","ip_address":"51.159.8.217","organization_id":"105bdce1-64c0-48ab-899d-868455867ecf","project_id":"105bdce1-64c0-48ab-899d-868455867ecf","lb_id":"5d29cd60-9352-4d75-8a28-de17ca4e3504","reverse":"51-159-8-217.lb.fr-par.scw.cloud","region":"fr-par","zone":"fr-par-1"}],"tags":[],"frontend_count":0,"backend_count":1,"type":"lb-s","subscriber":null,"ssl_compatibility_level":"ssl_compatibility_level_intermediate","created_at":"2021-12-27T12:08:08.068240Z","updated_at":"2021-12-27T12:08:10.683285Z","private_network_count":0,"route_count":0,"region":"fr-par","zone":"fr-par-1"}'
    headers:
      Content-Length:
      - "1270"
      Content-Security-Policy:
      - default-src 'none'; frame-ancestors 'none'
      Content-Type:
      - application/json
      Date:
      - Mon, 27 Dec 2021 12:08:43 GMT
      Server:
      - Scaleway API-Gateway
      Strict-Transport-Security:
      - max-age=63072000
      X-Content-Type-Options:
      - nosniff
      X-Frame-Options:
      - DENY
      X-Request-Id:
      - 0d54e773-1370-4921-9aa0-79aac22fb523
    status: 200 OK
    code: 200
    duration: ""
- request:
    body: ""
    form: {}
    headers:
      User-Agent:
      - scaleway-sdk-go/v1.0.0-beta.7+dev (go1.17.5; darwin; amd64) terraform-provider/develop
        terraform/terraform-tests
    url: https://api.scaleway.com/lb/v1/zones/fr-par-1/lbs/5d29cd60-9352-4d75-8a28-de17ca4e3504/private-networks?order_by=created_at_asc
    method: GET
  response:
    body: '{"private_network":[],"total_count":0}'
    headers:
      Content-Length:
      - "38"
      Content-Security-Policy:
      - default-src 'none'; frame-ancestors 'none'
      Content-Type:
      - application/json
      Date:
      - Mon, 27 Dec 2021 12:08:43 GMT
      Server:
      - Scaleway API-Gateway
      Strict-Transport-Security:
      - max-age=63072000
      X-Content-Type-Options:
      - nosniff
      X-Frame-Options:
      - DENY
      X-Request-Id:
      - 29d70523-6244-45e9-977e-c587951e30da
    status: 200 OK
    code: 200
    duration: ""
- request:
    body: ""
    form: {}
    headers:
      User-Agent:
      - scaleway-sdk-go/v1.0.0-beta.7+dev (go1.17.5; darwin; amd64) terraform-provider/develop
        terraform/terraform-tests
    url: https://api.scaleway.com/lb/v1/zones/fr-par-1/backends/59f9c23c-d7e9-4404-a8fd-ae45f2bf11c1
    method: GET
  response:
    body: '{"id":"59f9c23c-d7e9-4404-a8fd-ae45f2bf11c1","name":"bkd01","forward_protocol":"tcp","forward_port":80,"forward_port_algorithm":"leastconn","sticky_sessions":"cookie","sticky_sessions_cookie_name":"session-id","health_check":{"port":81,"check_delay":10000,"check_timeout":15000,"check_max_retries":3,"check_send_proxy":false,"tcp_config":{}},"pool":["51.158.78.198","51.15.205.105"],"lb":{"id":"5d29cd60-9352-4d75-8a28-de17ca4e3504","name":"test-lb","description":"","status":"ready","instances":[{"id":"92aa9c43-0a10-4534-870e-3496756c2253","status":"ready","ip_address":"10.71.40.49","created_at":"2021-12-27T11:58:57.842953Z","updated_at":"2021-12-27T12:08:43.204129Z","region":"fr-par","zone":"fr-par-1"},{"id":"c3cd88fd-09b2-46b7-8277-f32803c92eea","status":"ready","ip_address":"10.72.108.99","created_at":"2021-12-27T12:00:24.187675Z","updated_at":"2021-12-27T12:08:43.052706Z","region":"fr-par","zone":"fr-par-1"}],"organization_id":"105bdce1-64c0-48ab-899d-868455867ecf","project_id":"105bdce1-64c0-48ab-899d-868455867ecf","ip":[{"id":"101d1670-e396-447c-be19-07c8bb8e2159","ip_address":"51.159.8.217","organization_id":"105bdce1-64c0-48ab-899d-868455867ecf","project_id":"105bdce1-64c0-48ab-899d-868455867ecf","lb_id":"5d29cd60-9352-4d75-8a28-de17ca4e3504","reverse":"51-159-8-217.lb.fr-par.scw.cloud","region":"fr-par","zone":"fr-par-1"}],"tags":[],"frontend_count":0,"backend_count":1,"type":"lb-s","subscriber":null,"ssl_compatibility_level":"ssl_compatibility_level_intermediate","created_at":"2021-12-27T12:08:08.068240Z","updated_at":"2021-12-27T12:08:10.683285Z","private_network_count":0,"route_count":0,"region":"fr-par","zone":"fr-par-1"},"send_proxy_v2":false,"timeout_server":1000,"timeout_connect":2500,"timeout_tunnel":3000,"on_marked_down_action":"shutdown_sessions","proxy_protocol":"proxy_protocol_none","created_at":"2021-12-27T12:08:38.733707Z","updated_at":"2021-12-27T12:08:42.522656Z"}'
    headers:
      Content-Length:
      - "1917"
      Content-Security-Policy:
      - default-src 'none'; frame-ancestors 'none'
      Content-Type:
      - application/json
      Date:
      - Mon, 27 Dec 2021 12:08:43 GMT
      Server:
      - Scaleway API-Gateway
      Strict-Transport-Security:
      - max-age=63072000
      X-Content-Type-Options:
      - nosniff
      X-Frame-Options:
      - DENY
      X-Request-Id:
      - a614175b-26fd-40dd-8ee9-53f60cee8c07
    status: 200 OK
    code: 200
    duration: ""
- request:
    body: ""
    form: {}
    headers:
      User-Agent:
      - scaleway-sdk-go/v1.0.0-beta.7+dev (go1.17.5; darwin; amd64) terraform-provider/develop
        terraform/terraform-tests
    url: https://api.scaleway.com/lb/v1/zones/fr-par-1/lbs/5d29cd60-9352-4d75-8a28-de17ca4e3504
    method: GET
  response:
    body: '{"id":"5d29cd60-9352-4d75-8a28-de17ca4e3504","name":"test-lb","description":"","status":"ready","instances":[{"id":"c3cd88fd-09b2-46b7-8277-f32803c92eea","status":"ready","ip_address":"10.72.108.99","created_at":"2021-12-27T12:00:24.187675Z","updated_at":"2021-12-27T12:08:43.052706Z","region":"fr-par","zone":"fr-par-1"},{"id":"92aa9c43-0a10-4534-870e-3496756c2253","status":"ready","ip_address":"10.71.40.49","created_at":"2021-12-27T11:58:57.842953Z","updated_at":"2021-12-27T12:08:43.204129Z","region":"fr-par","zone":"fr-par-1"}],"organization_id":"105bdce1-64c0-48ab-899d-868455867ecf","project_id":"105bdce1-64c0-48ab-899d-868455867ecf","ip":[{"id":"101d1670-e396-447c-be19-07c8bb8e2159","ip_address":"51.159.8.217","organization_id":"105bdce1-64c0-48ab-899d-868455867ecf","project_id":"105bdce1-64c0-48ab-899d-868455867ecf","lb_id":"5d29cd60-9352-4d75-8a28-de17ca4e3504","reverse":"51-159-8-217.lb.fr-par.scw.cloud","region":"fr-par","zone":"fr-par-1"}],"tags":[],"frontend_count":0,"backend_count":1,"type":"lb-s","subscriber":null,"ssl_compatibility_level":"ssl_compatibility_level_intermediate","created_at":"2021-12-27T12:08:08.068240Z","updated_at":"2021-12-27T12:08:10.683285Z","private_network_count":0,"route_count":0,"region":"fr-par","zone":"fr-par-1"}'
    headers:
      Content-Length:
      - "1270"
      Content-Security-Policy:
      - default-src 'none'; frame-ancestors 'none'
      Content-Type:
      - application/json
      Date:
      - Mon, 27 Dec 2021 12:08:43 GMT
      Server:
      - Scaleway API-Gateway
      Strict-Transport-Security:
      - max-age=63072000
      X-Content-Type-Options:
      - nosniff
      X-Frame-Options:
      - DENY
      X-Request-Id:
      - b789e0d7-79bb-4440-9dec-0e0401eb38de
    status: 200 OK
    code: 200
    duration: ""
- request:
    body: ""
    form: {}
    headers:
      User-Agent:
      - scaleway-sdk-go/v1.0.0-beta.7+dev (go1.17.5; darwin; amd64) terraform-provider/develop
        terraform/terraform-tests
    url: https://api.scaleway.com/lb/v1/zones/fr-par-1/lbs/5d29cd60-9352-4d75-8a28-de17ca4e3504
    method: GET
  response:
    body: '{"id":"5d29cd60-9352-4d75-8a28-de17ca4e3504","name":"test-lb","description":"","status":"ready","instances":[{"id":"c3cd88fd-09b2-46b7-8277-f32803c92eea","status":"ready","ip_address":"10.72.108.99","created_at":"2021-12-27T12:00:24.187675Z","updated_at":"2021-12-27T12:08:43.052706Z","region":"fr-par","zone":"fr-par-1"},{"id":"92aa9c43-0a10-4534-870e-3496756c2253","status":"ready","ip_address":"10.71.40.49","created_at":"2021-12-27T11:58:57.842953Z","updated_at":"2021-12-27T12:08:43.204129Z","region":"fr-par","zone":"fr-par-1"}],"organization_id":"105bdce1-64c0-48ab-899d-868455867ecf","project_id":"105bdce1-64c0-48ab-899d-868455867ecf","ip":[{"id":"101d1670-e396-447c-be19-07c8bb8e2159","ip_address":"51.159.8.217","organization_id":"105bdce1-64c0-48ab-899d-868455867ecf","project_id":"105bdce1-64c0-48ab-899d-868455867ecf","lb_id":"5d29cd60-9352-4d75-8a28-de17ca4e3504","reverse":"51-159-8-217.lb.fr-par.scw.cloud","region":"fr-par","zone":"fr-par-1"}],"tags":[],"frontend_count":0,"backend_count":1,"type":"lb-s","subscriber":null,"ssl_compatibility_level":"ssl_compatibility_level_intermediate","created_at":"2021-12-27T12:08:08.068240Z","updated_at":"2021-12-27T12:08:10.683285Z","private_network_count":0,"route_count":0,"region":"fr-par","zone":"fr-par-1"}'
    headers:
      Content-Length:
      - "1270"
      Content-Security-Policy:
      - default-src 'none'; frame-ancestors 'none'
      Content-Type:
      - application/json
      Date:
      - Mon, 27 Dec 2021 12:08:44 GMT
      Server:
      - Scaleway API-Gateway
      Strict-Transport-Security:
      - max-age=63072000
      X-Content-Type-Options:
      - nosniff
      X-Frame-Options:
      - DENY
      X-Request-Id:
      - d4cec61b-dd90-4303-a25b-0a679d22034e
    status: 200 OK
    code: 200
    duration: ""
- request:
    body: ""
    form: {}
    headers:
      User-Agent:
      - scaleway-sdk-go/v1.0.0-beta.7+dev (go1.17.5; darwin; amd64) terraform-provider/develop
        terraform/terraform-tests
    url: https://api.scaleway.com/lb/v1/zones/fr-par-1/backends/59f9c23c-d7e9-4404-a8fd-ae45f2bf11c1
    method: DELETE
  response:
    body: ""
    headers:
      Content-Security-Policy:
      - default-src 'none'; frame-ancestors 'none'
      Content-Type:
      - application/json
      Date:
      - Mon, 27 Dec 2021 12:08:44 GMT
      Server:
      - Scaleway API-Gateway
      Strict-Transport-Security:
      - max-age=63072000
      X-Content-Type-Options:
      - nosniff
      X-Frame-Options:
      - DENY
      X-Request-Id:
      - 87d869e9-d1b1-4567-aaa4-c80542a37785
    status: 204 No Content
    code: 204
    duration: ""
- request:
    body: ""
    form: {}
    headers:
      User-Agent:
      - scaleway-sdk-go/v1.0.0-beta.7+dev (go1.17.5; darwin; amd64) terraform-provider/develop
        terraform/terraform-tests
    url: https://api.scaleway.com/lb/v1/zones/fr-par-1/lbs/5d29cd60-9352-4d75-8a28-de17ca4e3504
    method: GET
  response:
    body: '{"id":"5d29cd60-9352-4d75-8a28-de17ca4e3504","name":"test-lb","description":"","status":"ready","instances":[{"id":"c3cd88fd-09b2-46b7-8277-f32803c92eea","status":"pending","ip_address":"10.72.108.99","created_at":"2021-12-27T12:00:24.187675Z","updated_at":"2021-12-27T12:08:44.565955Z","region":"fr-par","zone":"fr-par-1"},{"id":"92aa9c43-0a10-4534-870e-3496756c2253","status":"pending","ip_address":"10.71.40.49","created_at":"2021-12-27T11:58:57.842953Z","updated_at":"2021-12-27T12:08:44.638386Z","region":"fr-par","zone":"fr-par-1"}],"organization_id":"105bdce1-64c0-48ab-899d-868455867ecf","project_id":"105bdce1-64c0-48ab-899d-868455867ecf","ip":[{"id":"101d1670-e396-447c-be19-07c8bb8e2159","ip_address":"51.159.8.217","organization_id":"105bdce1-64c0-48ab-899d-868455867ecf","project_id":"105bdce1-64c0-48ab-899d-868455867ecf","lb_id":"5d29cd60-9352-4d75-8a28-de17ca4e3504","reverse":"51-159-8-217.lb.fr-par.scw.cloud","region":"fr-par","zone":"fr-par-1"}],"tags":[],"frontend_count":0,"backend_count":0,"type":"lb-s","subscriber":null,"ssl_compatibility_level":"ssl_compatibility_level_intermediate","created_at":"2021-12-27T12:08:08.068240Z","updated_at":"2021-12-27T12:08:10.683285Z","private_network_count":0,"route_count":0,"region":"fr-par","zone":"fr-par-1"}'
    headers:
      Content-Length:
      - "1274"
      Content-Security-Policy:
      - default-src 'none'; frame-ancestors 'none'
      Content-Type:
      - application/json
      Date:
      - Mon, 27 Dec 2021 12:08:44 GMT
      Server:
      - Scaleway API-Gateway
      Strict-Transport-Security:
      - max-age=63072000
      X-Content-Type-Options:
      - nosniff
      X-Frame-Options:
      - DENY
      X-Request-Id:
      - 3193fee3-976b-4782-8755-8cc4fe9eb06f
    status: 200 OK
    code: 200
    duration: ""
- request:
    body: ""
    form: {}
    headers:
      User-Agent:
      - scaleway-sdk-go/v1.0.0-beta.7+dev (go1.17.5; darwin; amd64) terraform-provider/develop
        terraform/terraform-tests
    url: https://api.scaleway.com/instance/v1/zones/fr-par-1/ips/e321d9d9-af2b-42af-8c06-12c3043e34df
    method: DELETE
  response:
    body: ""
    headers:
      Content-Security-Policy:
      - default-src 'none'; frame-ancestors 'none'
      Date:
      - Mon, 27 Dec 2021 12:08:44 GMT
      Server:
      - Scaleway API-Gateway
      Strict-Transport-Security:
      - max-age=63072000
      X-Content-Type-Options:
      - nosniff
      X-Frame-Options:
      - DENY
      X-Request-Id:
      - 3f1d1a7b-d810-4571-9806-077cb7ff4ab0
    status: 204 No Content
    code: 204
    duration: ""
- request:
    body: ""
    form: {}
    headers:
      User-Agent:
      - scaleway-sdk-go/v1.0.0-beta.7+dev (go1.17.5; darwin; amd64) terraform-provider/develop
        terraform/terraform-tests
    url: https://api.scaleway.com/lb/v1/zones/fr-par-1/lbs/5d29cd60-9352-4d75-8a28-de17ca4e3504
    method: GET
  response:
    body: '{"id":"5d29cd60-9352-4d75-8a28-de17ca4e3504","name":"test-lb","description":"","status":"ready","instances":[{"id":"c3cd88fd-09b2-46b7-8277-f32803c92eea","status":"pending","ip_address":"10.72.108.99","created_at":"2021-12-27T12:00:24.187675Z","updated_at":"2021-12-27T12:08:44.565955Z","region":"fr-par","zone":"fr-par-1"},{"id":"92aa9c43-0a10-4534-870e-3496756c2253","status":"pending","ip_address":"10.71.40.49","created_at":"2021-12-27T11:58:57.842953Z","updated_at":"2021-12-27T12:08:44.638386Z","region":"fr-par","zone":"fr-par-1"}],"organization_id":"105bdce1-64c0-48ab-899d-868455867ecf","project_id":"105bdce1-64c0-48ab-899d-868455867ecf","ip":[{"id":"101d1670-e396-447c-be19-07c8bb8e2159","ip_address":"51.159.8.217","organization_id":"105bdce1-64c0-48ab-899d-868455867ecf","project_id":"105bdce1-64c0-48ab-899d-868455867ecf","lb_id":"5d29cd60-9352-4d75-8a28-de17ca4e3504","reverse":"51-159-8-217.lb.fr-par.scw.cloud","region":"fr-par","zone":"fr-par-1"}],"tags":[],"frontend_count":0,"backend_count":0,"type":"lb-s","subscriber":null,"ssl_compatibility_level":"ssl_compatibility_level_intermediate","created_at":"2021-12-27T12:08:08.068240Z","updated_at":"2021-12-27T12:08:10.683285Z","private_network_count":0,"route_count":0,"region":"fr-par","zone":"fr-par-1"}'
    headers:
      Content-Length:
      - "1274"
      Content-Security-Policy:
      - default-src 'none'; frame-ancestors 'none'
      Content-Type:
      - application/json
      Date:
      - Mon, 27 Dec 2021 12:08:44 GMT
      Server:
      - Scaleway API-Gateway
      Strict-Transport-Security:
      - max-age=63072000
      X-Content-Type-Options:
      - nosniff
      X-Frame-Options:
      - DENY
      X-Request-Id:
      - ec752356-4cc8-4b23-91e9-16686ec32131
    status: 200 OK
    code: 200
    duration: ""
- request:
    body: ""
    form: {}
    headers:
      User-Agent:
      - scaleway-sdk-go/v1.0.0-beta.7+dev (go1.17.5; darwin; amd64) terraform-provider/develop
        terraform/terraform-tests
    url: https://api.scaleway.com/lb/v1/zones/fr-par-1/lbs/5d29cd60-9352-4d75-8a28-de17ca4e3504?release_ip=false
    method: DELETE
  response:
    body: ""
    headers:
      Content-Security-Policy:
      - default-src 'none'; frame-ancestors 'none'
      Content-Type:
      - application/json
      Date:
      - Mon, 27 Dec 2021 12:08:45 GMT
      Server:
      - Scaleway API-Gateway
      Strict-Transport-Security:
      - max-age=63072000
      X-Content-Type-Options:
      - nosniff
      X-Frame-Options:
      - DENY
      X-Request-Id:
      - 2b148ced-9aa3-4204-af64-c86b681c573d
    status: 204 No Content
    code: 204
    duration: ""
- request:
    body: ""
    form: {}
    headers:
      User-Agent:
      - scaleway-sdk-go/v1.0.0-beta.7+dev (go1.17.5; darwin; amd64) terraform-provider/develop
        terraform/terraform-tests
    url: https://api.scaleway.com/lb/v1/zones/fr-par-1/lbs/5d29cd60-9352-4d75-8a28-de17ca4e3504
    method: GET
  response:
    body: '{"id":"5d29cd60-9352-4d75-8a28-de17ca4e3504","name":"test-lb","description":"","status":"pending","instances":[{"id":"c3cd88fd-09b2-46b7-8277-f32803c92eea","status":"pending","ip_address":"10.72.108.99","created_at":"2021-12-27T12:00:24.187675Z","updated_at":"2021-12-27T12:08:44.565955Z","region":"fr-par","zone":"fr-par-1"},{"id":"92aa9c43-0a10-4534-870e-3496756c2253","status":"pending","ip_address":"10.71.40.49","created_at":"2021-12-27T11:58:57.842953Z","updated_at":"2021-12-27T12:08:44.638386Z","region":"fr-par","zone":"fr-par-1"}],"organization_id":"105bdce1-64c0-48ab-899d-868455867ecf","project_id":"105bdce1-64c0-48ab-899d-868455867ecf","ip":[{"id":"101d1670-e396-447c-be19-07c8bb8e2159","ip_address":"51.159.8.217","organization_id":"105bdce1-64c0-48ab-899d-868455867ecf","project_id":"105bdce1-64c0-48ab-899d-868455867ecf","lb_id":"5d29cd60-9352-4d75-8a28-de17ca4e3504","reverse":"51-159-8-217.lb.fr-par.scw.cloud","region":"fr-par","zone":"fr-par-1"}],"tags":[],"frontend_count":0,"backend_count":0,"type":"lb-s","subscriber":null,"ssl_compatibility_level":"ssl_compatibility_level_intermediate","created_at":"2021-12-27T12:08:08.068240Z","updated_at":"2021-12-27T12:08:45.048488Z","private_network_count":0,"route_count":0,"region":"fr-par","zone":"fr-par-1"}'
    headers:
      Content-Length:
      - "1276"
      Content-Security-Policy:
      - default-src 'none'; frame-ancestors 'none'
      Content-Type:
      - application/json
      Date:
      - Mon, 27 Dec 2021 12:08:45 GMT
      Server:
      - Scaleway API-Gateway
      Strict-Transport-Security:
      - max-age=63072000
      X-Content-Type-Options:
      - nosniff
      X-Frame-Options:
      - DENY
      X-Request-Id:
      - 3f1d32a9-8824-4a24-a447-2a3c044a71d8
    status: 200 OK
    code: 200
    duration: ""
- request:
    body: ""
    form: {}
    headers:
      User-Agent:
      - scaleway-sdk-go/v1.0.0-beta.7+dev (go1.17.5; darwin; amd64) terraform-provider/develop
        terraform/terraform-tests
    url: https://api.scaleway.com/instance/v1/zones/fr-par-1/ips/1ed71d85-1ef0-48e1-bf93-d326db77940b
    method: DELETE
  response:
    body: ""
    headers:
      Content-Security-Policy:
      - default-src 'none'; frame-ancestors 'none'
      Date:
      - Mon, 27 Dec 2021 12:08:45 GMT
      Server:
      - Scaleway API-Gateway
      Strict-Transport-Security:
      - max-age=63072000
      X-Content-Type-Options:
      - nosniff
      X-Frame-Options:
      - DENY
      X-Request-Id:
      - 087bfa3c-0b53-4c70-a3a6-4bfa62c24c8a
    status: 204 No Content
    code: 204
    duration: ""
- request:
    body: ""
    form: {}
    headers:
      User-Agent:
      - scaleway-sdk-go/v1.0.0-beta.7+dev (go1.17.5; darwin; amd64) terraform-provider/develop
        terraform/terraform-tests
    url: https://api.scaleway.com/lb/v1/zones/fr-par-1/lbs/5d29cd60-9352-4d75-8a28-de17ca4e3504
    method: GET
  response:
    body: '{"message":"lbs not Found"}'
    headers:
      Content-Length:
      - "27"
      Content-Security-Policy:
      - default-src 'none'; frame-ancestors 'none'
      Content-Type:
      - application/json
      Date:
      - Mon, 27 Dec 2021 12:09:15 GMT
      Server:
      - Scaleway API-Gateway
      Strict-Transport-Security:
      - max-age=63072000
      X-Content-Type-Options:
      - nosniff
      X-Frame-Options:
      - DENY
      X-Request-Id:
      - 01717eab-a583-49bf-a74a-62b6c71eb77a
    status: 404 Not Found
    code: 404
    duration: ""
- request:
    body: ""
    form: {}
    headers:
      User-Agent:
      - scaleway-sdk-go/v1.0.0-beta.7+dev (go1.17.5; darwin; amd64) terraform-provider/develop
        terraform/terraform-tests
    url: https://api.scaleway.com/lb/v1/zones/fr-par-1/ips/101d1670-e396-447c-be19-07c8bb8e2159
    method: GET
  response:
    body: '{"id":"101d1670-e396-447c-be19-07c8bb8e2159","ip_address":"51.159.8.217","organization_id":"105bdce1-64c0-48ab-899d-868455867ecf","project_id":"105bdce1-64c0-48ab-899d-868455867ecf","lb_id":null,"reverse":"51-159-8-217.lb.fr-par.scw.cloud","region":"fr-par","zone":"fr-par-1"}'
    headers:
      Content-Length:
      - "276"
      Content-Security-Policy:
      - default-src 'none'; frame-ancestors 'none'
      Content-Type:
      - application/json
      Date:
      - Mon, 27 Dec 2021 12:09:15 GMT
      Server:
      - Scaleway API-Gateway
      Strict-Transport-Security:
      - max-age=63072000
      X-Content-Type-Options:
      - nosniff
      X-Frame-Options:
      - DENY
      X-Request-Id:
      - 46184d50-6505-47ed-8b04-c371d681a349
    status: 200 OK
    code: 200
    duration: ""
- request:
    body: ""
    form: {}
    headers:
      User-Agent:
      - scaleway-sdk-go/v1.0.0-beta.7+dev (go1.17.5; darwin; amd64) terraform-provider/develop
        terraform/terraform-tests
    url: https://api.scaleway.com/lb/v1/zones/fr-par-1/ips/101d1670-e396-447c-be19-07c8bb8e2159
    method: DELETE
  response:
    body: ""
    headers:
      Content-Security-Policy:
      - default-src 'none'; frame-ancestors 'none'
      Content-Type:
      - application/json
      Date:
      - Mon, 27 Dec 2021 12:09:15 GMT
      Server:
      - Scaleway API-Gateway
      Strict-Transport-Security:
      - max-age=63072000
      X-Content-Type-Options:
      - nosniff
      X-Frame-Options:
      - DENY
      X-Request-Id:
      - ecd019f5-08b0-498a-b45e-87c26561fc11
    status: 204 No Content
    code: 204
    duration: ""
- request:
    body: ""
    form: {}
    headers:
      User-Agent:
      - scaleway-sdk-go/v1.0.0-beta.7+dev (go1.17.5; darwin; amd64) terraform-provider/develop
        terraform/terraform-tests
    url: https://api.scaleway.com/lb/v1/zones/fr-par-1/backends/59f9c23c-d7e9-4404-a8fd-ae45f2bf11c1
    method: GET
  response:
    body: '{"message":"backend_id not Found"}'
    headers:
      Content-Length:
      - "34"
      Content-Security-Policy:
      - default-src 'none'; frame-ancestors 'none'
      Content-Type:
      - application/json
      Date:
      - Mon, 27 Dec 2021 12:09:15 GMT
      Server:
      - Scaleway API-Gateway
      Strict-Transport-Security:
      - max-age=63072000
      X-Content-Type-Options:
      - nosniff
      X-Frame-Options:
      - DENY
      X-Request-Id:
      - 99475da3-7b96-41f7-bf07-e1950043e92a
    status: 404 Not Found
    code: 404
    duration: ""
