---
version: 1
interactions:
- request:
    body: '{"project_id":"564aa517-68b0-4fd7-8c8c-d21c4bcdcbd5","reverse":null}'
    form: {}
    headers:
      Content-Type:
      - application/json
      User-Agent:
      - scaleway-sdk-go/v1.0.0-beta.7+dev (go1.20.4; darwin; amd64) terraform-provider/develop
        terraform/terraform-tests
    url: https://api.scaleway.com/lb/v1/zones/fr-par-1/ips
    method: POST
  response:
    body: '{"id":"d579d6e6-b00e-400b-b8dd-45410adbfb32","ip_address":"51.159.204.159","lb_id":null,"organization_id":"564aa517-68b0-4fd7-8c8c-d21c4bcdcbd5","project_id":"564aa517-68b0-4fd7-8c8c-d21c4bcdcbd5","region":"fr-par","reverse":"51-159-204-159.lb.fr-par.scw.cloud","zone":"fr-par-1"}'
    headers:
      Content-Length:
      - "287"
      Content-Security-Policy:
      - default-src 'none'; frame-ancestors 'none'
      Content-Type:
      - application/json
      Date:
      - Fri, 16 Jun 2023 09:40:30 GMT
      Server:
      - Scaleway API-Gateway
      Strict-Transport-Security:
      - max-age=63072000
      X-Content-Type-Options:
      - nosniff
      X-Frame-Options:
      - DENY
      X-Request-Id:
      - 83ebd600-bd5a-4294-9fb7-6a603bb851c8
    status: 200 OK
    code: 200
    duration: ""
- request:
    body: ""
    form: {}
    headers:
      User-Agent:
      - scaleway-sdk-go/v1.0.0-beta.7+dev (go1.20.4; darwin; amd64) terraform-provider/develop
        terraform/terraform-tests
    url: https://api.scaleway.com/lb/v1/zones/fr-par-1/ips/d579d6e6-b00e-400b-b8dd-45410adbfb32
    method: GET
  response:
    body: '{"id":"d579d6e6-b00e-400b-b8dd-45410adbfb32","ip_address":"51.159.204.159","lb_id":null,"organization_id":"564aa517-68b0-4fd7-8c8c-d21c4bcdcbd5","project_id":"564aa517-68b0-4fd7-8c8c-d21c4bcdcbd5","region":"fr-par","reverse":"51-159-204-159.lb.fr-par.scw.cloud","zone":"fr-par-1"}'
    headers:
      Content-Length:
      - "287"
      Content-Security-Policy:
      - default-src 'none'; frame-ancestors 'none'
      Content-Type:
      - application/json
      Date:
      - Fri, 16 Jun 2023 09:40:30 GMT
      Server:
      - Scaleway API-Gateway
      Strict-Transport-Security:
      - max-age=63072000
      X-Content-Type-Options:
      - nosniff
      X-Frame-Options:
      - DENY
      X-Request-Id:
      - d0da3a9e-7bae-48f0-98ac-9018328874a4
    status: 200 OK
    code: 200
    duration: ""
- request:
    body: '{"project_id":"564aa517-68b0-4fd7-8c8c-d21c4bcdcbd5","name":"test-lb","description":"","ip_id":"d579d6e6-b00e-400b-b8dd-45410adbfb32","tags":null,"type":"lb-s","ssl_compatibility_level":"ssl_compatibility_level_intermediate"}'
    form: {}
    headers:
      Content-Type:
      - application/json
      User-Agent:
      - scaleway-sdk-go/v1.0.0-beta.7+dev (go1.20.4; darwin; amd64) terraform-provider/develop
        terraform/terraform-tests
    url: https://api.scaleway.com/lb/v1/zones/fr-par-1/lbs
    method: POST
  response:
    body: '{"backend_count":0,"created_at":"2023-06-16T09:40:30.468320492Z","description":"","frontend_count":0,"id":"c5023831-6fb2-40d4-9dda-929c791246b1","instances":[],"ip":[{"id":"d579d6e6-b00e-400b-b8dd-45410adbfb32","ip_address":"51.159.204.159","lb_id":"c5023831-6fb2-40d4-9dda-929c791246b1","organization_id":"564aa517-68b0-4fd7-8c8c-d21c4bcdcbd5","project_id":"564aa517-68b0-4fd7-8c8c-d21c4bcdcbd5","region":"fr-par","reverse":"51-159-204-159.lb.fr-par.scw.cloud","zone":"fr-par-1"}],"name":"test-lb","organization_id":"564aa517-68b0-4fd7-8c8c-d21c4bcdcbd5","private_network_count":0,"project_id":"564aa517-68b0-4fd7-8c8c-d21c4bcdcbd5","region":"fr-par","route_count":0,"ssl_compatibility_level":"ssl_compatibility_level_intermediate","status":"to_create","subscriber":null,"tags":[],"type":"lb-s","updated_at":"2023-06-16T09:40:30.468320492Z","zone":"fr-par-1"}'
    headers:
      Content-Length:
      - "886"
      Content-Security-Policy:
      - default-src 'none'; frame-ancestors 'none'
      Content-Type:
      - application/json
      Date:
      - Fri, 16 Jun 2023 09:40:30 GMT
      Server:
      - Scaleway API-Gateway
      Strict-Transport-Security:
      - max-age=63072000
      X-Content-Type-Options:
      - nosniff
      X-Frame-Options:
      - DENY
      X-Request-Id:
      - caca13f0-4580-4f90-a2a2-02c44e3c7ac4
    status: 200 OK
    code: 200
    duration: ""
- request:
    body: ""
    form: {}
    headers:
      User-Agent:
      - scaleway-sdk-go/v1.0.0-beta.7+dev (go1.20.4; darwin; amd64) terraform-provider/develop
        terraform/terraform-tests
    url: https://api.scaleway.com/lb/v1/zones/fr-par-1/lbs/c5023831-6fb2-40d4-9dda-929c791246b1
    method: GET
  response:
    body: '{"backend_count":0,"created_at":"2023-06-16T09:40:30.468320Z","description":"","frontend_count":0,"id":"c5023831-6fb2-40d4-9dda-929c791246b1","instances":[],"ip":[{"id":"d579d6e6-b00e-400b-b8dd-45410adbfb32","ip_address":"51.159.204.159","lb_id":"c5023831-6fb2-40d4-9dda-929c791246b1","organization_id":"564aa517-68b0-4fd7-8c8c-d21c4bcdcbd5","project_id":"564aa517-68b0-4fd7-8c8c-d21c4bcdcbd5","region":"fr-par","reverse":"51-159-204-159.lb.fr-par.scw.cloud","zone":"fr-par-1"}],"name":"test-lb","organization_id":"564aa517-68b0-4fd7-8c8c-d21c4bcdcbd5","private_network_count":0,"project_id":"564aa517-68b0-4fd7-8c8c-d21c4bcdcbd5","region":"fr-par","route_count":0,"ssl_compatibility_level":"ssl_compatibility_level_intermediate","status":"to_create","subscriber":null,"tags":[],"type":"lb-s","updated_at":"2023-06-16T09:40:30.468320Z","zone":"fr-par-1"}'
    headers:
      Content-Length:
      - "880"
      Content-Security-Policy:
      - default-src 'none'; frame-ancestors 'none'
      Content-Type:
      - application/json
      Date:
      - Fri, 16 Jun 2023 09:40:30 GMT
      Server:
      - Scaleway API-Gateway
      Strict-Transport-Security:
      - max-age=63072000
      X-Content-Type-Options:
      - nosniff
      X-Frame-Options:
      - DENY
      X-Request-Id:
      - 4608edcf-0852-45e6-b072-34a01a814b00
    status: 200 OK
    code: 200
    duration: ""
- request:
    body: ""
    form: {}
    headers:
      User-Agent:
      - scaleway-sdk-go/v1.0.0-beta.7+dev (go1.20.4; darwin; amd64) terraform-provider/develop
        terraform/terraform-tests
    url: https://api.scaleway.com/lb/v1/zones/fr-par-1/lbs/c5023831-6fb2-40d4-9dda-929c791246b1
    method: GET
  response:
    body: '{"backend_count":0,"created_at":"2023-06-16T09:40:30.468320Z","description":"","frontend_count":0,"id":"c5023831-6fb2-40d4-9dda-929c791246b1","instances":[{"created_at":"2023-06-16T09:39:02.721192Z","id":"98fb0c9e-8e67-4587-807b-ee63584c0dc1","ip_address":"10.72.52.15","region":"fr-par","status":"ready","updated_at":"2023-06-16T09:40:31.184711Z","zone":"fr-par-1"}],"ip":[{"id":"d579d6e6-b00e-400b-b8dd-45410adbfb32","ip_address":"51.159.204.159","lb_id":"c5023831-6fb2-40d4-9dda-929c791246b1","organization_id":"564aa517-68b0-4fd7-8c8c-d21c4bcdcbd5","project_id":"564aa517-68b0-4fd7-8c8c-d21c4bcdcbd5","region":"fr-par","reverse":"51-159-204-159.lb.fr-par.scw.cloud","zone":"fr-par-1"}],"name":"test-lb","organization_id":"564aa517-68b0-4fd7-8c8c-d21c4bcdcbd5","private_network_count":0,"project_id":"564aa517-68b0-4fd7-8c8c-d21c4bcdcbd5","region":"fr-par","route_count":0,"ssl_compatibility_level":"ssl_compatibility_level_intermediate","status":"ready","subscriber":null,"tags":[],"type":"lb-s","updated_at":"2023-06-16T09:40:32.192003Z","zone":"fr-par-1"}'
    headers:
      Content-Length:
      - "1093"
      Content-Security-Policy:
      - default-src 'none'; frame-ancestors 'none'
      Content-Type:
      - application/json
      Date:
      - Fri, 16 Jun 2023 09:41:00 GMT
      Server:
      - Scaleway API-Gateway
      Strict-Transport-Security:
      - max-age=63072000
      X-Content-Type-Options:
      - nosniff
      X-Frame-Options:
      - DENY
      X-Request-Id:
      - 826acfa4-7096-4390-b523-df1e777adc80
    status: 200 OK
    code: 200
    duration: ""
- request:
    body: ""
    form: {}
    headers:
      User-Agent:
      - scaleway-sdk-go/v1.0.0-beta.7+dev (go1.20.4; darwin; amd64) terraform-provider/develop
        terraform/terraform-tests
    url: https://api.scaleway.com/lb/v1/zones/fr-par-1/lbs/c5023831-6fb2-40d4-9dda-929c791246b1
    method: GET
  response:
    body: '{"backend_count":0,"created_at":"2023-06-16T09:40:30.468320Z","description":"","frontend_count":0,"id":"c5023831-6fb2-40d4-9dda-929c791246b1","instances":[{"created_at":"2023-06-16T09:39:02.721192Z","id":"98fb0c9e-8e67-4587-807b-ee63584c0dc1","ip_address":"10.72.52.15","region":"fr-par","status":"ready","updated_at":"2023-06-16T09:40:31.184711Z","zone":"fr-par-1"}],"ip":[{"id":"d579d6e6-b00e-400b-b8dd-45410adbfb32","ip_address":"51.159.204.159","lb_id":"c5023831-6fb2-40d4-9dda-929c791246b1","organization_id":"564aa517-68b0-4fd7-8c8c-d21c4bcdcbd5","project_id":"564aa517-68b0-4fd7-8c8c-d21c4bcdcbd5","region":"fr-par","reverse":"51-159-204-159.lb.fr-par.scw.cloud","zone":"fr-par-1"}],"name":"test-lb","organization_id":"564aa517-68b0-4fd7-8c8c-d21c4bcdcbd5","private_network_count":0,"project_id":"564aa517-68b0-4fd7-8c8c-d21c4bcdcbd5","region":"fr-par","route_count":0,"ssl_compatibility_level":"ssl_compatibility_level_intermediate","status":"ready","subscriber":null,"tags":[],"type":"lb-s","updated_at":"2023-06-16T09:40:32.192003Z","zone":"fr-par-1"}'
    headers:
      Content-Length:
      - "1093"
      Content-Security-Policy:
      - default-src 'none'; frame-ancestors 'none'
      Content-Type:
      - application/json
      Date:
      - Fri, 16 Jun 2023 09:41:00 GMT
      Server:
      - Scaleway API-Gateway
      Strict-Transport-Security:
      - max-age=63072000
      X-Content-Type-Options:
      - nosniff
      X-Frame-Options:
      - DENY
      X-Request-Id:
      - c1cb7d6c-4e29-489b-ac16-5ce4e780d522
    status: 200 OK
    code: 200
    duration: ""
- request:
    body: ""
    form: {}
    headers:
      User-Agent:
      - scaleway-sdk-go/v1.0.0-beta.7+dev (go1.20.4; darwin; amd64) terraform-provider/develop
        terraform/terraform-tests
    url: https://api.scaleway.com/lb/v1/zones/fr-par-1/lbs/c5023831-6fb2-40d4-9dda-929c791246b1/private-networks?order_by=created_at_asc
    method: GET
  response:
    body: '{"private_network":[],"total_count":0}'
    headers:
      Content-Length:
      - "39"
      Content-Security-Policy:
      - default-src 'none'; frame-ancestors 'none'
      Content-Type:
      - application/json
      Date:
      - Fri, 16 Jun 2023 09:41:00 GMT
      Server:
      - Scaleway API-Gateway
      Strict-Transport-Security:
      - max-age=63072000
      X-Content-Type-Options:
      - nosniff
      X-Frame-Options:
      - DENY
      X-Request-Id:
      - 4be00443-ade8-4066-8f90-705a9cd65296
    status: 200 OK
    code: 200
    duration: ""
- request:
    body: ""
    form: {}
    headers:
      User-Agent:
      - scaleway-sdk-go/v1.0.0-beta.7+dev (go1.20.4; darwin; amd64) terraform-provider/develop
        terraform/terraform-tests
    url: https://api.scaleway.com/lb/v1/zones/fr-par-1/lbs/c5023831-6fb2-40d4-9dda-929c791246b1
    method: GET
  response:
    body: '{"backend_count":0,"created_at":"2023-06-16T09:40:30.468320Z","description":"","frontend_count":0,"id":"c5023831-6fb2-40d4-9dda-929c791246b1","instances":[{"created_at":"2023-06-16T09:39:02.721192Z","id":"98fb0c9e-8e67-4587-807b-ee63584c0dc1","ip_address":"10.72.52.15","region":"fr-par","status":"ready","updated_at":"2023-06-16T09:40:31.184711Z","zone":"fr-par-1"}],"ip":[{"id":"d579d6e6-b00e-400b-b8dd-45410adbfb32","ip_address":"51.159.204.159","lb_id":"c5023831-6fb2-40d4-9dda-929c791246b1","organization_id":"564aa517-68b0-4fd7-8c8c-d21c4bcdcbd5","project_id":"564aa517-68b0-4fd7-8c8c-d21c4bcdcbd5","region":"fr-par","reverse":"51-159-204-159.lb.fr-par.scw.cloud","zone":"fr-par-1"}],"name":"test-lb","organization_id":"564aa517-68b0-4fd7-8c8c-d21c4bcdcbd5","private_network_count":0,"project_id":"564aa517-68b0-4fd7-8c8c-d21c4bcdcbd5","region":"fr-par","route_count":0,"ssl_compatibility_level":"ssl_compatibility_level_intermediate","status":"ready","subscriber":null,"tags":[],"type":"lb-s","updated_at":"2023-06-16T09:40:32.192003Z","zone":"fr-par-1"}'
    headers:
      Content-Length:
      - "1093"
      Content-Security-Policy:
      - default-src 'none'; frame-ancestors 'none'
      Content-Type:
      - application/json
      Date:
      - Fri, 16 Jun 2023 09:41:00 GMT
      Server:
      - Scaleway API-Gateway
      Strict-Transport-Security:
      - max-age=63072000
      X-Content-Type-Options:
      - nosniff
      X-Frame-Options:
      - DENY
      X-Request-Id:
      - 10f4c682-278d-4965-ae14-48988ff624ef
    status: 200 OK
    code: 200
    duration: ""
- request:
    body: '{"name":"tf-lb-bkd-musing-cartwright","forward_protocol":"http","forward_port":80,"forward_port_algorithm":"roundrobin","sticky_sessions":"none","sticky_sessions_cookie_name":"","health_check":{"port":80,"check_max_retries":2,"check_send_proxy":false,"transient_check_delay":null,"check_delay":60000,"check_timeout":30000},"server_ip":null,"on_marked_down_action":"on_marked_down_action_none","proxy_protocol":"proxy_protocol_none","failover_host":null,"ssl_bridging":false,"ignore_ssl_server_verify":false,"redispatch_attempt_count":null,"max_retries":null,"max_connections":null,"timeout_queue":null,"timeout_server":null,"timeout_connect":null,"timeout_tunnel":null}'
    form: {}
    headers:
      Content-Type:
      - application/json
      User-Agent:
      - scaleway-sdk-go/v1.0.0-beta.7+dev (go1.20.4; darwin; amd64) terraform-provider/develop
        terraform/terraform-tests
    url: https://api.scaleway.com/lb/v1/zones/fr-par-1/lbs/c5023831-6fb2-40d4-9dda-929c791246b1/backends
    method: POST
  response:
    body: '{"created_at":"2023-06-16T09:41:01.093176829Z","failover_host":null,"forward_port":80,"forward_port_algorithm":"roundrobin","forward_protocol":"http","health_check":{"check_delay":60000,"check_max_retries":2,"check_send_proxy":false,"check_timeout":30000,"port":80,"tcp_config":{},"transient_check_delay":null},"id":"36ad8f08-a7be-4ce0-a2fb-2d3ad089805e","ignore_ssl_server_verify":false,"lb":{"backend_count":1,"created_at":"2023-06-16T09:40:30.468320Z","description":"","frontend_count":0,"id":"c5023831-6fb2-40d4-9dda-929c791246b1","instances":[{"created_at":"2023-06-16T09:39:02.721192Z","id":"98fb0c9e-8e67-4587-807b-ee63584c0dc1","ip_address":"10.72.52.15","region":"fr-par","status":"pending","updated_at":"2023-06-16T09:41:01.120624954Z","zone":"fr-par-1"}],"ip":[{"id":"d579d6e6-b00e-400b-b8dd-45410adbfb32","ip_address":"51.159.204.159","lb_id":"c5023831-6fb2-40d4-9dda-929c791246b1","organization_id":"564aa517-68b0-4fd7-8c8c-d21c4bcdcbd5","project_id":"564aa517-68b0-4fd7-8c8c-d21c4bcdcbd5","region":"fr-par","reverse":"51-159-204-159.lb.fr-par.scw.cloud","zone":"fr-par-1"}],"name":"test-lb","organization_id":"564aa517-68b0-4fd7-8c8c-d21c4bcdcbd5","private_network_count":0,"project_id":"564aa517-68b0-4fd7-8c8c-d21c4bcdcbd5","region":"fr-par","route_count":0,"ssl_compatibility_level":"ssl_compatibility_level_intermediate","status":"ready","subscriber":null,"tags":[],"type":"lb-s","updated_at":"2023-06-16T09:40:32.192003Z","zone":"fr-par-1"},"max_connections":null,"max_retries":null,"name":"tf-lb-bkd-musing-cartwright","on_marked_down_action":"on_marked_down_action_none","pool":[],"proxy_protocol":"proxy_protocol_none","redispatch_attempt_count":null,"send_proxy_v2":false,"ssl_bridging":false,"sticky_sessions":"none","sticky_sessions_cookie_name":"","timeout_connect":null,"timeout_queue":null,"timeout_server":null,"timeout_tunnel":null,"updated_at":"2023-06-16T09:41:01.093176829Z"}'
    headers:
      Content-Length:
      - "1970"
      Content-Security-Policy:
      - default-src 'none'; frame-ancestors 'none'
      Content-Type:
      - application/json
      Date:
      - Fri, 16 Jun 2023 09:41:01 GMT
      Server:
      - Scaleway API-Gateway
      Strict-Transport-Security:
      - max-age=63072000
      X-Content-Type-Options:
      - nosniff
      X-Frame-Options:
      - DENY
      X-Request-Id:
      - 05ea9cba-86d2-4f9d-8ccb-87f8574fc9fa
    status: 200 OK
    code: 200
    duration: ""
- request:
    body: ""
    form: {}
    headers:
      User-Agent:
      - scaleway-sdk-go/v1.0.0-beta.7+dev (go1.20.4; darwin; amd64) terraform-provider/develop
        terraform/terraform-tests
    url: https://api.scaleway.com/lb/v1/zones/fr-par-1/lbs/c5023831-6fb2-40d4-9dda-929c791246b1
    method: GET
  response:
    body: '{"backend_count":1,"created_at":"2023-06-16T09:40:30.468320Z","description":"","frontend_count":0,"id":"c5023831-6fb2-40d4-9dda-929c791246b1","instances":[{"created_at":"2023-06-16T09:39:02.721192Z","id":"98fb0c9e-8e67-4587-807b-ee63584c0dc1","ip_address":"10.72.52.15","region":"fr-par","status":"pending","updated_at":"2023-06-16T09:41:01.120625Z","zone":"fr-par-1"}],"ip":[{"id":"d579d6e6-b00e-400b-b8dd-45410adbfb32","ip_address":"51.159.204.159","lb_id":"c5023831-6fb2-40d4-9dda-929c791246b1","organization_id":"564aa517-68b0-4fd7-8c8c-d21c4bcdcbd5","project_id":"564aa517-68b0-4fd7-8c8c-d21c4bcdcbd5","region":"fr-par","reverse":"51-159-204-159.lb.fr-par.scw.cloud","zone":"fr-par-1"}],"name":"test-lb","organization_id":"564aa517-68b0-4fd7-8c8c-d21c4bcdcbd5","private_network_count":0,"project_id":"564aa517-68b0-4fd7-8c8c-d21c4bcdcbd5","region":"fr-par","route_count":0,"ssl_compatibility_level":"ssl_compatibility_level_intermediate","status":"ready","subscriber":null,"tags":[],"type":"lb-s","updated_at":"2023-06-16T09:40:32.192003Z","zone":"fr-par-1"}'
    headers:
      Content-Length:
      - "1095"
      Content-Security-Policy:
      - default-src 'none'; frame-ancestors 'none'
      Content-Type:
      - application/json
      Date:
      - Fri, 16 Jun 2023 09:41:01 GMT
      Server:
      - Scaleway API-Gateway
      Strict-Transport-Security:
      - max-age=63072000
      X-Content-Type-Options:
      - nosniff
      X-Frame-Options:
      - DENY
      X-Request-Id:
      - 4171e0e0-93b5-482b-8d1a-eff65ec71f27
    status: 200 OK
    code: 200
    duration: ""
- request:
    body: ""
    form: {}
    headers:
      User-Agent:
      - scaleway-sdk-go/v1.0.0-beta.7+dev (go1.20.4; darwin; amd64) terraform-provider/develop
        terraform/terraform-tests
    url: https://api.scaleway.com/lb/v1/zones/fr-par-1/backends/36ad8f08-a7be-4ce0-a2fb-2d3ad089805e
    method: GET
  response:
    body: '{"created_at":"2023-06-16T09:41:01.093177Z","failover_host":null,"forward_port":80,"forward_port_algorithm":"roundrobin","forward_protocol":"http","health_check":{"check_delay":60000,"check_max_retries":2,"check_send_proxy":false,"check_timeout":30000,"port":80,"tcp_config":{},"transient_check_delay":null},"id":"36ad8f08-a7be-4ce0-a2fb-2d3ad089805e","ignore_ssl_server_verify":false,"lb":{"backend_count":1,"created_at":"2023-06-16T09:40:30.468320Z","description":"","frontend_count":0,"id":"c5023831-6fb2-40d4-9dda-929c791246b1","instances":[{"created_at":"2023-06-16T09:39:02.721192Z","id":"98fb0c9e-8e67-4587-807b-ee63584c0dc1","ip_address":"10.72.52.15","region":"fr-par","status":"pending","updated_at":"2023-06-16T09:41:01.120625Z","zone":"fr-par-1"}],"ip":[{"id":"d579d6e6-b00e-400b-b8dd-45410adbfb32","ip_address":"51.159.204.159","lb_id":"c5023831-6fb2-40d4-9dda-929c791246b1","organization_id":"564aa517-68b0-4fd7-8c8c-d21c4bcdcbd5","project_id":"564aa517-68b0-4fd7-8c8c-d21c4bcdcbd5","region":"fr-par","reverse":"51-159-204-159.lb.fr-par.scw.cloud","zone":"fr-par-1"}],"name":"test-lb","organization_id":"564aa517-68b0-4fd7-8c8c-d21c4bcdcbd5","private_network_count":0,"project_id":"564aa517-68b0-4fd7-8c8c-d21c4bcdcbd5","region":"fr-par","route_count":0,"ssl_compatibility_level":"ssl_compatibility_level_intermediate","status":"ready","subscriber":null,"tags":[],"type":"lb-s","updated_at":"2023-06-16T09:40:32.192003Z","zone":"fr-par-1"},"max_connections":null,"max_retries":null,"name":"tf-lb-bkd-musing-cartwright","on_marked_down_action":"on_marked_down_action_none","pool":[],"proxy_protocol":"proxy_protocol_none","redispatch_attempt_count":null,"send_proxy_v2":false,"ssl_bridging":false,"sticky_sessions":"none","sticky_sessions_cookie_name":"","timeout_connect":null,"timeout_queue":null,"timeout_server":null,"timeout_tunnel":null,"updated_at":"2023-06-16T09:41:01.093177Z"}'
    headers:
      Content-Length:
      - "1961"
      Content-Security-Policy:
      - default-src 'none'; frame-ancestors 'none'
      Content-Type:
      - application/json
      Date:
      - Fri, 16 Jun 2023 09:41:01 GMT
      Server:
      - Scaleway API-Gateway
      Strict-Transport-Security:
      - max-age=63072000
      X-Content-Type-Options:
      - nosniff
      X-Frame-Options:
      - DENY
      X-Request-Id:
      - 5f45055d-8d46-4ae9-8d8c-b2d8c9caf987
    status: 200 OK
    code: 200
    duration: ""
- request:
    body: ""
    form: {}
    headers:
      User-Agent:
      - scaleway-sdk-go/v1.0.0-beta.7+dev (go1.20.4; darwin; amd64) terraform-provider/develop
        terraform/terraform-tests
    url: https://api.scaleway.com/lb/v1/zones/fr-par-1/lbs/c5023831-6fb2-40d4-9dda-929c791246b1
    method: GET
  response:
    body: '{"backend_count":1,"created_at":"2023-06-16T09:40:30.468320Z","description":"","frontend_count":0,"id":"c5023831-6fb2-40d4-9dda-929c791246b1","instances":[{"created_at":"2023-06-16T09:39:02.721192Z","id":"98fb0c9e-8e67-4587-807b-ee63584c0dc1","ip_address":"10.72.52.15","region":"fr-par","status":"ready","updated_at":"2023-06-16T09:41:01.373206Z","zone":"fr-par-1"}],"ip":[{"id":"d579d6e6-b00e-400b-b8dd-45410adbfb32","ip_address":"51.159.204.159","lb_id":"c5023831-6fb2-40d4-9dda-929c791246b1","organization_id":"564aa517-68b0-4fd7-8c8c-d21c4bcdcbd5","project_id":"564aa517-68b0-4fd7-8c8c-d21c4bcdcbd5","region":"fr-par","reverse":"51-159-204-159.lb.fr-par.scw.cloud","zone":"fr-par-1"}],"name":"test-lb","organization_id":"564aa517-68b0-4fd7-8c8c-d21c4bcdcbd5","private_network_count":0,"project_id":"564aa517-68b0-4fd7-8c8c-d21c4bcdcbd5","region":"fr-par","route_count":0,"ssl_compatibility_level":"ssl_compatibility_level_intermediate","status":"ready","subscriber":null,"tags":[],"type":"lb-s","updated_at":"2023-06-16T09:40:32.192003Z","zone":"fr-par-1"}'
    headers:
      Content-Length:
      - "1093"
      Content-Security-Policy:
      - default-src 'none'; frame-ancestors 'none'
      Content-Type:
      - application/json
      Date:
      - Fri, 16 Jun 2023 09:41:01 GMT
      Server:
      - Scaleway API-Gateway
      Strict-Transport-Security:
      - max-age=63072000
      X-Content-Type-Options:
      - nosniff
      X-Frame-Options:
      - DENY
      X-Request-Id:
      - ac6b25c5-8396-4618-afe1-e97abafa4726
    status: 200 OK
    code: 200
    duration: ""
- request:
    body: ""
    form: {}
    headers:
      User-Agent:
      - scaleway-sdk-go/v1.0.0-beta.7+dev (go1.20.4; darwin; amd64) terraform-provider/develop
        terraform/terraform-tests
    url: https://api.scaleway.com/lb/v1/zones/fr-par-1/lbs/c5023831-6fb2-40d4-9dda-929c791246b1
    method: GET
  response:
    body: '{"backend_count":1,"created_at":"2023-06-16T09:40:30.468320Z","description":"","frontend_count":0,"id":"c5023831-6fb2-40d4-9dda-929c791246b1","instances":[{"created_at":"2023-06-16T09:39:02.721192Z","id":"98fb0c9e-8e67-4587-807b-ee63584c0dc1","ip_address":"10.72.52.15","region":"fr-par","status":"ready","updated_at":"2023-06-16T09:41:01.373206Z","zone":"fr-par-1"}],"ip":[{"id":"d579d6e6-b00e-400b-b8dd-45410adbfb32","ip_address":"51.159.204.159","lb_id":"c5023831-6fb2-40d4-9dda-929c791246b1","organization_id":"564aa517-68b0-4fd7-8c8c-d21c4bcdcbd5","project_id":"564aa517-68b0-4fd7-8c8c-d21c4bcdcbd5","region":"fr-par","reverse":"51-159-204-159.lb.fr-par.scw.cloud","zone":"fr-par-1"}],"name":"test-lb","organization_id":"564aa517-68b0-4fd7-8c8c-d21c4bcdcbd5","private_network_count":0,"project_id":"564aa517-68b0-4fd7-8c8c-d21c4bcdcbd5","region":"fr-par","route_count":0,"ssl_compatibility_level":"ssl_compatibility_level_intermediate","status":"ready","subscriber":null,"tags":[],"type":"lb-s","updated_at":"2023-06-16T09:40:32.192003Z","zone":"fr-par-1"}'
    headers:
      Content-Length:
      - "1093"
      Content-Security-Policy:
      - default-src 'none'; frame-ancestors 'none'
      Content-Type:
      - application/json
      Date:
      - Fri, 16 Jun 2023 09:41:01 GMT
      Server:
      - Scaleway API-Gateway
      Strict-Transport-Security:
      - max-age=63072000
      X-Content-Type-Options:
      - nosniff
      X-Frame-Options:
      - DENY
      X-Request-Id:
      - b97cb489-c04b-4d01-ab56-7aefec976054
    status: 200 OK
    code: 200
    duration: ""
- request:
    body: '{"name":"tf-lb-frt-peaceful-goldwasser","inbound_port":80,"backend_id":"36ad8f08-a7be-4ce0-a2fb-2d3ad089805e","certificate_ids":null,"enable_http3":false,"timeout_client":null}'
    form: {}
    headers:
      Content-Type:
      - application/json
      User-Agent:
      - scaleway-sdk-go/v1.0.0-beta.7+dev (go1.20.4; darwin; amd64) terraform-provider/develop
        terraform/terraform-tests
    url: https://api.scaleway.com/lb/v1/zones/fr-par-1/lbs/c5023831-6fb2-40d4-9dda-929c791246b1/frontends
    method: POST
  response:
    body: '{"backend":{"created_at":"2023-06-16T09:41:01.093177Z","failover_host":null,"forward_port":80,"forward_port_algorithm":"roundrobin","forward_protocol":"http","health_check":{"check_delay":60000,"check_max_retries":2,"check_send_proxy":false,"check_timeout":30000,"port":80,"tcp_config":{},"transient_check_delay":null},"id":"36ad8f08-a7be-4ce0-a2fb-2d3ad089805e","ignore_ssl_server_verify":false,"lb":{"backend_count":1,"created_at":"2023-06-16T09:40:30.468320Z","description":"","frontend_count":1,"id":"c5023831-6fb2-40d4-9dda-929c791246b1","instances":[],"ip":[{"id":"d579d6e6-b00e-400b-b8dd-45410adbfb32","ip_address":"51.159.204.159","lb_id":"c5023831-6fb2-40d4-9dda-929c791246b1","organization_id":"564aa517-68b0-4fd7-8c8c-d21c4bcdcbd5","project_id":"564aa517-68b0-4fd7-8c8c-d21c4bcdcbd5","region":"fr-par","reverse":"51-159-204-159.lb.fr-par.scw.cloud","zone":"fr-par-1"}],"name":"test-lb","organization_id":"564aa517-68b0-4fd7-8c8c-d21c4bcdcbd5","private_network_count":0,"project_id":"564aa517-68b0-4fd7-8c8c-d21c4bcdcbd5","region":"fr-par","route_count":0,"ssl_compatibility_level":"ssl_compatibility_level_intermediate","status":"ready","subscriber":null,"tags":[],"type":"lb-s","updated_at":"2023-06-16T09:40:32.192003Z","zone":"fr-par-1"},"max_connections":null,"max_retries":null,"name":"tf-lb-bkd-musing-cartwright","on_marked_down_action":"on_marked_down_action_none","pool":[],"proxy_protocol":"proxy_protocol_none","redispatch_attempt_count":null,"send_proxy_v2":false,"ssl_bridging":false,"sticky_sessions":"none","sticky_sessions_cookie_name":"","timeout_connect":null,"timeout_queue":null,"timeout_server":null,"timeout_tunnel":null,"updated_at":"2023-06-16T09:41:01.093177Z"},"certificate":null,"certificate_ids":[],"created_at":"2023-06-16T09:41:01.732508Z","enable_http3":false,"id":"cd395405-48dd-471b-95f8-6e4f394f492e","inbound_port":80,"lb":{"backend_count":1,"created_at":"2023-06-16T09:40:30.468320Z","description":"","frontend_count":1,"id":"c5023831-6fb2-40d4-9dda-929c791246b1","instances":[{"created_at":"2023-06-16T09:39:02.721192Z","id":"98fb0c9e-8e67-4587-807b-ee63584c0dc1","ip_address":"10.72.52.15","region":"fr-par","status":"pending","updated_at":"2023-06-16T09:41:01.792292272Z","zone":"fr-par-1"}],"ip":[{"id":"d579d6e6-b00e-400b-b8dd-45410adbfb32","ip_address":"51.159.204.159","lb_id":"c5023831-6fb2-40d4-9dda-929c791246b1","organization_id":"564aa517-68b0-4fd7-8c8c-d21c4bcdcbd5","project_id":"564aa517-68b0-4fd7-8c8c-d21c4bcdcbd5","region":"fr-par","reverse":"51-159-204-159.lb.fr-par.scw.cloud","zone":"fr-par-1"}],"name":"test-lb","organization_id":"564aa517-68b0-4fd7-8c8c-d21c4bcdcbd5","private_network_count":0,"project_id":"564aa517-68b0-4fd7-8c8c-d21c4bcdcbd5","region":"fr-par","route_count":0,"ssl_compatibility_level":"ssl_compatibility_level_intermediate","status":"ready","subscriber":null,"tags":[],"type":"lb-s","updated_at":"2023-06-16T09:40:32.192003Z","zone":"fr-par-1"},"name":"tf-lb-frt-peaceful-goldwasser","timeout_client":null,"updated_at":"2023-06-16T09:41:01.732508Z"}'
    headers:
      Content-Length:
      - "3138"
      Content-Security-Policy:
      - default-src 'none'; frame-ancestors 'none'
      Content-Type:
      - application/json
      Date:
      - Fri, 16 Jun 2023 09:41:01 GMT
      Server:
      - Scaleway API-Gateway
      Strict-Transport-Security:
      - max-age=63072000
      X-Content-Type-Options:
      - nosniff
      X-Frame-Options:
      - DENY
      X-Request-Id:
      - 4afed899-8b9f-4dc7-af8a-1d1c7df62bb2
    status: 200 OK
    code: 200
    duration: ""
- request:
    body: ""
    form: {}
    headers:
      User-Agent:
      - scaleway-sdk-go/v1.0.0-beta.7+dev (go1.20.4; darwin; amd64) terraform-provider/develop
        terraform/terraform-tests
    url: https://api.scaleway.com/lb/v1/zones/fr-par-1/lbs/c5023831-6fb2-40d4-9dda-929c791246b1
    method: GET
  response:
    body: '{"backend_count":1,"created_at":"2023-06-16T09:40:30.468320Z","description":"","frontend_count":1,"id":"c5023831-6fb2-40d4-9dda-929c791246b1","instances":[{"created_at":"2023-06-16T09:39:02.721192Z","id":"98fb0c9e-8e67-4587-807b-ee63584c0dc1","ip_address":"10.72.52.15","region":"fr-par","status":"pending","updated_at":"2023-06-16T09:41:01.792292Z","zone":"fr-par-1"}],"ip":[{"id":"d579d6e6-b00e-400b-b8dd-45410adbfb32","ip_address":"51.159.204.159","lb_id":"c5023831-6fb2-40d4-9dda-929c791246b1","organization_id":"564aa517-68b0-4fd7-8c8c-d21c4bcdcbd5","project_id":"564aa517-68b0-4fd7-8c8c-d21c4bcdcbd5","region":"fr-par","reverse":"51-159-204-159.lb.fr-par.scw.cloud","zone":"fr-par-1"}],"name":"test-lb","organization_id":"564aa517-68b0-4fd7-8c8c-d21c4bcdcbd5","private_network_count":0,"project_id":"564aa517-68b0-4fd7-8c8c-d21c4bcdcbd5","region":"fr-par","route_count":0,"ssl_compatibility_level":"ssl_compatibility_level_intermediate","status":"ready","subscriber":null,"tags":[],"type":"lb-s","updated_at":"2023-06-16T09:40:32.192003Z","zone":"fr-par-1"}'
    headers:
      Content-Length:
      - "1095"
      Content-Security-Policy:
      - default-src 'none'; frame-ancestors 'none'
      Content-Type:
      - application/json
      Date:
      - Fri, 16 Jun 2023 09:41:01 GMT
      Server:
      - Scaleway API-Gateway
      Strict-Transport-Security:
      - max-age=63072000
      X-Content-Type-Options:
      - nosniff
      X-Frame-Options:
      - DENY
      X-Request-Id:
      - adcfdcd2-6b4d-4f3d-be64-013998457cad
    status: 200 OK
    code: 200
    duration: ""
- request:
    body: '{"name":"tf-lb-frt-mystifying-bardeen","inbound_port":80,"backend_id":"36ad8f08-a7be-4ce0-a2fb-2d3ad089805e","certificate_ids":null,"enable_http3":false,"timeout_client":null}'
    form: {}
    headers:
      Content-Type:
      - application/json
      User-Agent:
      - scaleway-sdk-go/v1.0.0-beta.7+dev (go1.20.4; darwin; amd64) terraform-provider/develop
        terraform/terraform-tests
    url: https://api.scaleway.com/lb/v1/zones/fr-par-1/frontends/cd395405-48dd-471b-95f8-6e4f394f492e
    method: PUT
  response:
    body: '{"backend":{"created_at":"2023-06-16T09:41:01.093177Z","failover_host":null,"forward_port":80,"forward_port_algorithm":"roundrobin","forward_protocol":"http","health_check":{"check_delay":60000,"check_max_retries":2,"check_send_proxy":false,"check_timeout":30000,"port":80,"tcp_config":{},"transient_check_delay":null},"id":"36ad8f08-a7be-4ce0-a2fb-2d3ad089805e","ignore_ssl_server_verify":false,"lb":{"backend_count":1,"created_at":"2023-06-16T09:40:30.468320Z","description":"","frontend_count":1,"id":"c5023831-6fb2-40d4-9dda-929c791246b1","instances":[],"ip":[{"id":"d579d6e6-b00e-400b-b8dd-45410adbfb32","ip_address":"51.159.204.159","lb_id":"c5023831-6fb2-40d4-9dda-929c791246b1","organization_id":"564aa517-68b0-4fd7-8c8c-d21c4bcdcbd5","project_id":"564aa517-68b0-4fd7-8c8c-d21c4bcdcbd5","region":"fr-par","reverse":"51-159-204-159.lb.fr-par.scw.cloud","zone":"fr-par-1"}],"name":"test-lb","organization_id":"564aa517-68b0-4fd7-8c8c-d21c4bcdcbd5","private_network_count":0,"project_id":"564aa517-68b0-4fd7-8c8c-d21c4bcdcbd5","region":"fr-par","route_count":0,"ssl_compatibility_level":"ssl_compatibility_level_intermediate","status":"ready","subscriber":null,"tags":[],"type":"lb-s","updated_at":"2023-06-16T09:40:32.192003Z","zone":"fr-par-1"},"max_connections":null,"max_retries":null,"name":"tf-lb-bkd-musing-cartwright","on_marked_down_action":"on_marked_down_action_none","pool":[],"proxy_protocol":"proxy_protocol_none","redispatch_attempt_count":null,"send_proxy_v2":false,"ssl_bridging":false,"sticky_sessions":"none","sticky_sessions_cookie_name":"","timeout_connect":null,"timeout_queue":null,"timeout_server":null,"timeout_tunnel":null,"updated_at":"2023-06-16T09:41:01.093177Z"},"certificate":null,"certificate_ids":[],"created_at":"2023-06-16T09:41:01.732508Z","enable_http3":false,"id":"cd395405-48dd-471b-95f8-6e4f394f492e","inbound_port":80,"lb":{"backend_count":1,"created_at":"2023-06-16T09:40:30.468320Z","description":"","frontend_count":1,"id":"c5023831-6fb2-40d4-9dda-929c791246b1","instances":[{"created_at":"2023-06-16T09:39:02.721192Z","id":"98fb0c9e-8e67-4587-807b-ee63584c0dc1","ip_address":"10.72.52.15","region":"fr-par","status":"pending","updated_at":"2023-06-16T09:41:02.206502112Z","zone":"fr-par-1"}],"ip":[{"id":"d579d6e6-b00e-400b-b8dd-45410adbfb32","ip_address":"51.159.204.159","lb_id":"c5023831-6fb2-40d4-9dda-929c791246b1","organization_id":"564aa517-68b0-4fd7-8c8c-d21c4bcdcbd5","project_id":"564aa517-68b0-4fd7-8c8c-d21c4bcdcbd5","region":"fr-par","reverse":"51-159-204-159.lb.fr-par.scw.cloud","zone":"fr-par-1"}],"name":"test-lb","organization_id":"564aa517-68b0-4fd7-8c8c-d21c4bcdcbd5","private_network_count":0,"project_id":"564aa517-68b0-4fd7-8c8c-d21c4bcdcbd5","region":"fr-par","route_count":0,"ssl_compatibility_level":"ssl_compatibility_level_intermediate","status":"ready","subscriber":null,"tags":[],"type":"lb-s","updated_at":"2023-06-16T09:40:32.192003Z","zone":"fr-par-1"},"name":"tf-lb-frt-mystifying-bardeen","timeout_client":null,"updated_at":"2023-06-16T09:41:02.179712491Z"}'
    headers:
      Content-Length:
      - "3140"
      Content-Security-Policy:
      - default-src 'none'; frame-ancestors 'none'
      Content-Type:
      - application/json
      Date:
      - Fri, 16 Jun 2023 09:41:02 GMT
      Server:
      - Scaleway API-Gateway
      Strict-Transport-Security:
      - max-age=63072000
      X-Content-Type-Options:
      - nosniff
      X-Frame-Options:
      - DENY
      X-Request-Id:
      - 0f8ce4e0-a352-4361-b129-2fd8b477f01c
    status: 200 OK
    code: 200
    duration: ""
- request:
    body: ""
    form: {}
    headers:
      User-Agent:
      - scaleway-sdk-go/v1.0.0-beta.7+dev (go1.20.4; darwin; amd64) terraform-provider/develop
        terraform/terraform-tests
    url: https://api.scaleway.com/lb/v1/zones/fr-par-1/frontends/cd395405-48dd-471b-95f8-6e4f394f492e/acls?order_by=created_at_asc&page=1
    method: GET
  response:
    body: '{"acls":[],"total_count":0}'
    headers:
      Content-Length:
      - "28"
      Content-Security-Policy:
      - default-src 'none'; frame-ancestors 'none'
      Content-Type:
      - application/json
      Date:
      - Fri, 16 Jun 2023 09:41:02 GMT
      Server:
      - Scaleway API-Gateway
      Strict-Transport-Security:
      - max-age=63072000
      X-Content-Type-Options:
      - nosniff
      X-Frame-Options:
      - DENY
      X-Request-Id:
      - ab222b14-0cad-4c46-8308-9f1fe1654114
    status: 200 OK
    code: 200
    duration: ""
- request:
    body: ""
    form: {}
    headers:
      User-Agent:
      - scaleway-sdk-go/v1.0.0-beta.7+dev (go1.20.4; darwin; amd64) terraform-provider/develop
        terraform/terraform-tests
    url: https://api.scaleway.com/lb/v1/zones/fr-par-1/frontends/cd395405-48dd-471b-95f8-6e4f394f492e
    method: GET
  response:
    body: '{"backend":{"created_at":"2023-06-16T09:41:01.093177Z","failover_host":null,"forward_port":80,"forward_port_algorithm":"roundrobin","forward_protocol":"http","health_check":{"check_delay":60000,"check_max_retries":2,"check_send_proxy":false,"check_timeout":30000,"port":80,"tcp_config":{},"transient_check_delay":null},"id":"36ad8f08-a7be-4ce0-a2fb-2d3ad089805e","ignore_ssl_server_verify":false,"lb":{"backend_count":1,"created_at":"2023-06-16T09:40:30.468320Z","description":"","frontend_count":1,"id":"c5023831-6fb2-40d4-9dda-929c791246b1","instances":[],"ip":[{"id":"d579d6e6-b00e-400b-b8dd-45410adbfb32","ip_address":"51.159.204.159","lb_id":"c5023831-6fb2-40d4-9dda-929c791246b1","organization_id":"564aa517-68b0-4fd7-8c8c-d21c4bcdcbd5","project_id":"564aa517-68b0-4fd7-8c8c-d21c4bcdcbd5","region":"fr-par","reverse":"51-159-204-159.lb.fr-par.scw.cloud","zone":"fr-par-1"}],"name":"test-lb","organization_id":"564aa517-68b0-4fd7-8c8c-d21c4bcdcbd5","private_network_count":0,"project_id":"564aa517-68b0-4fd7-8c8c-d21c4bcdcbd5","region":"fr-par","route_count":0,"ssl_compatibility_level":"ssl_compatibility_level_intermediate","status":"ready","subscriber":null,"tags":[],"type":"lb-s","updated_at":"2023-06-16T09:40:32.192003Z","zone":"fr-par-1"},"max_connections":null,"max_retries":null,"name":"tf-lb-bkd-musing-cartwright","on_marked_down_action":"on_marked_down_action_none","pool":[],"proxy_protocol":"proxy_protocol_none","redispatch_attempt_count":null,"send_proxy_v2":false,"ssl_bridging":false,"sticky_sessions":"none","sticky_sessions_cookie_name":"","timeout_connect":null,"timeout_queue":null,"timeout_server":null,"timeout_tunnel":null,"updated_at":"2023-06-16T09:41:01.093177Z"},"certificate":null,"certificate_ids":[],"created_at":"2023-06-16T09:41:01.732508Z","enable_http3":false,"id":"cd395405-48dd-471b-95f8-6e4f394f492e","inbound_port":80,"lb":{"backend_count":1,"created_at":"2023-06-16T09:40:30.468320Z","description":"","frontend_count":1,"id":"c5023831-6fb2-40d4-9dda-929c791246b1","instances":[],"ip":[{"id":"d579d6e6-b00e-400b-b8dd-45410adbfb32","ip_address":"51.159.204.159","lb_id":"c5023831-6fb2-40d4-9dda-929c791246b1","organization_id":"564aa517-68b0-4fd7-8c8c-d21c4bcdcbd5","project_id":"564aa517-68b0-4fd7-8c8c-d21c4bcdcbd5","region":"fr-par","reverse":"51-159-204-159.lb.fr-par.scw.cloud","zone":"fr-par-1"}],"name":"test-lb","organization_id":"564aa517-68b0-4fd7-8c8c-d21c4bcdcbd5","private_network_count":0,"project_id":"564aa517-68b0-4fd7-8c8c-d21c4bcdcbd5","region":"fr-par","route_count":0,"ssl_compatibility_level":"ssl_compatibility_level_intermediate","status":"ready","subscriber":null,"tags":[],"type":"lb-s","updated_at":"2023-06-16T09:40:32.192003Z","zone":"fr-par-1"},"name":"tf-lb-frt-mystifying-bardeen","timeout_client":null,"updated_at":"2023-06-16T09:41:02.179712Z"}'
    headers:
      Content-Length:
      - "2915"
      Content-Security-Policy:
      - default-src 'none'; frame-ancestors 'none'
      Content-Type:
      - application/json
      Date:
      - Fri, 16 Jun 2023 09:41:02 GMT
      Server:
      - Scaleway API-Gateway
      Strict-Transport-Security:
      - max-age=63072000
      X-Content-Type-Options:
      - nosniff
      X-Frame-Options:
      - DENY
      X-Request-Id:
      - cee23922-7a80-4394-b1a8-cd203992ea99
    status: 200 OK
    code: 200
    duration: ""
- request:
    body: ""
    form: {}
    headers:
      User-Agent:
      - scaleway-sdk-go/v1.0.0-beta.7+dev (go1.20.4; darwin; amd64) terraform-provider/develop
        terraform/terraform-tests
    url: https://api.scaleway.com/lb/v1/zones/fr-par-1/frontends/cd395405-48dd-471b-95f8-6e4f394f492e/acls?order_by=created_at_asc&page=1
    method: GET
  response:
    body: '{"acls":[],"total_count":0}'
    headers:
      Content-Length:
      - "28"
      Content-Security-Policy:
      - default-src 'none'; frame-ancestors 'none'
      Content-Type:
      - application/json
      Date:
      - Fri, 16 Jun 2023 09:41:02 GMT
      Server:
      - Scaleway API-Gateway
      Strict-Transport-Security:
      - max-age=63072000
      X-Content-Type-Options:
      - nosniff
      X-Frame-Options:
      - DENY
      X-Request-Id:
      - 3ae9ab39-8eec-4dbf-b63c-65ca50818d72
    status: 200 OK
    code: 200
    duration: ""
- request:
    body: '{"frontend_id":"cd395405-48dd-471b-95f8-6e4f394f492e","backend_id":"36ad8f08-a7be-4ce0-a2fb-2d3ad089805e","match":{"host_header":"host.scaleway.com"}}'
    form: {}
    headers:
      Content-Type:
      - application/json
      User-Agent:
      - scaleway-sdk-go/v1.0.0-beta.7+dev (go1.20.4; darwin; amd64) terraform-provider/develop
        terraform/terraform-tests
    url: https://api.scaleway.com/lb/v1/zones/fr-par-1/routes
    method: POST
  response:
    body: '{"backend_id":"36ad8f08-a7be-4ce0-a2fb-2d3ad089805e","created_at":"2023-06-16T09:41:02.737657840Z","frontend_id":"cd395405-48dd-471b-95f8-6e4f394f492e","id":"a4fff8ad-b814-4d9a-84b7-4f052f9ae6c1","match":{"host_header":"host.scaleway.com"},"updated_at":"2023-06-16T09:41:02.737657840Z"}'
    headers:
      Content-Length:
      - "291"
      Content-Security-Policy:
      - default-src 'none'; frame-ancestors 'none'
      Content-Type:
      - application/json
      Date:
      - Fri, 16 Jun 2023 09:41:02 GMT
      Server:
      - Scaleway API-Gateway
      Strict-Transport-Security:
      - max-age=63072000
      X-Content-Type-Options:
      - nosniff
      X-Frame-Options:
      - DENY
      X-Request-Id:
      - ce67fe36-a705-4d29-ac63-d87011e53fa5
    status: 200 OK
    code: 200
    duration: ""
- request:
    body: ""
    form: {}
    headers:
      User-Agent:
      - scaleway-sdk-go/v1.0.0-beta.7+dev (go1.20.4; darwin; amd64) terraform-provider/develop
        terraform/terraform-tests
    url: https://api.scaleway.com/lb/v1/zones/fr-par-1/routes/a4fff8ad-b814-4d9a-84b7-4f052f9ae6c1
    method: GET
  response:
    body: '{"backend_id":"36ad8f08-a7be-4ce0-a2fb-2d3ad089805e","created_at":"2023-06-16T09:41:02.737658Z","frontend_id":"cd395405-48dd-471b-95f8-6e4f394f492e","id":"a4fff8ad-b814-4d9a-84b7-4f052f9ae6c1","match":{"host_header":"host.scaleway.com"},"updated_at":"2023-06-16T09:41:02.737658Z"}'
    headers:
      Content-Length:
      - "285"
      Content-Security-Policy:
      - default-src 'none'; frame-ancestors 'none'
      Content-Type:
      - application/json
      Date:
      - Fri, 16 Jun 2023 09:41:03 GMT
      Server:
      - Scaleway API-Gateway
      Strict-Transport-Security:
      - max-age=63072000
      X-Content-Type-Options:
      - nosniff
      X-Frame-Options:
      - DENY
      X-Request-Id:
      - 9b73281f-2d1d-4a52-8dfb-a488754af98a
    status: 200 OK
    code: 200
    duration: ""
- request:
    body: ""
    form: {}
    headers:
      User-Agent:
      - scaleway-sdk-go/v1.0.0-beta.7+dev (go1.20.4; darwin; amd64) terraform-provider/develop
        terraform/terraform-tests
    url: https://api.scaleway.com/lb/v1/zones/fr-par-1/routes/a4fff8ad-b814-4d9a-84b7-4f052f9ae6c1
    method: GET
  response:
    body: '{"backend_id":"36ad8f08-a7be-4ce0-a2fb-2d3ad089805e","created_at":"2023-06-16T09:41:02.737658Z","frontend_id":"cd395405-48dd-471b-95f8-6e4f394f492e","id":"a4fff8ad-b814-4d9a-84b7-4f052f9ae6c1","match":{"host_header":"host.scaleway.com"},"updated_at":"2023-06-16T09:41:02.737658Z"}'
    headers:
      Content-Length:
      - "285"
      Content-Security-Policy:
      - default-src 'none'; frame-ancestors 'none'
      Content-Type:
      - application/json
      Date:
      - Fri, 16 Jun 2023 09:41:03 GMT
      Server:
      - Scaleway API-Gateway
      Strict-Transport-Security:
      - max-age=63072000
      X-Content-Type-Options:
      - nosniff
      X-Frame-Options:
      - DENY
      X-Request-Id:
      - 89d18753-7f26-49e7-b16f-3adc72117617
    status: 200 OK
    code: 200
    duration: ""
- request:
    body: ""
    form: {}
    headers:
      User-Agent:
      - scaleway-sdk-go/v1.0.0-beta.7+dev (go1.20.4; darwin; amd64) terraform-provider/develop
        terraform/terraform-tests
    url: https://api.scaleway.com/lb/v1/zones/fr-par-1/ips/d579d6e6-b00e-400b-b8dd-45410adbfb32
    method: GET
  response:
    body: '{"id":"d579d6e6-b00e-400b-b8dd-45410adbfb32","ip_address":"51.159.204.159","lb_id":"c5023831-6fb2-40d4-9dda-929c791246b1","organization_id":"564aa517-68b0-4fd7-8c8c-d21c4bcdcbd5","project_id":"564aa517-68b0-4fd7-8c8c-d21c4bcdcbd5","region":"fr-par","reverse":"51-159-204-159.lb.fr-par.scw.cloud","zone":"fr-par-1"}'
    headers:
      Content-Length:
      - "321"
      Content-Security-Policy:
      - default-src 'none'; frame-ancestors 'none'
      Content-Type:
      - application/json
      Date:
      - Fri, 16 Jun 2023 09:41:03 GMT
      Server:
      - Scaleway API-Gateway
      Strict-Transport-Security:
      - max-age=63072000
      X-Content-Type-Options:
      - nosniff
      X-Frame-Options:
      - DENY
      X-Request-Id:
      - 88be31cb-a840-4007-bb6d-7c7d18eb2043
    status: 200 OK
    code: 200
    duration: ""
- request:
    body: ""
    form: {}
    headers:
      User-Agent:
      - scaleway-sdk-go/v1.0.0-beta.7+dev (go1.20.4; darwin; amd64) terraform-provider/develop
        terraform/terraform-tests
    url: https://api.scaleway.com/lb/v1/zones/fr-par-1/lbs/c5023831-6fb2-40d4-9dda-929c791246b1
    method: GET
  response:
    body: '{"backend_count":1,"created_at":"2023-06-16T09:40:30.468320Z","description":"","frontend_count":1,"id":"c5023831-6fb2-40d4-9dda-929c791246b1","instances":[{"created_at":"2023-06-16T09:39:02.721192Z","id":"98fb0c9e-8e67-4587-807b-ee63584c0dc1","ip_address":"10.72.52.15","region":"fr-par","status":"ready","updated_at":"2023-06-16T09:41:03.100540Z","zone":"fr-par-1"}],"ip":[{"id":"d579d6e6-b00e-400b-b8dd-45410adbfb32","ip_address":"51.159.204.159","lb_id":"c5023831-6fb2-40d4-9dda-929c791246b1","organization_id":"564aa517-68b0-4fd7-8c8c-d21c4bcdcbd5","project_id":"564aa517-68b0-4fd7-8c8c-d21c4bcdcbd5","region":"fr-par","reverse":"51-159-204-159.lb.fr-par.scw.cloud","zone":"fr-par-1"}],"name":"test-lb","organization_id":"564aa517-68b0-4fd7-8c8c-d21c4bcdcbd5","private_network_count":0,"project_id":"564aa517-68b0-4fd7-8c8c-d21c4bcdcbd5","region":"fr-par","route_count":1,"ssl_compatibility_level":"ssl_compatibility_level_intermediate","status":"ready","subscriber":null,"tags":[],"type":"lb-s","updated_at":"2023-06-16T09:40:32.192003Z","zone":"fr-par-1"}'
    headers:
      Content-Length:
      - "1093"
      Content-Security-Policy:
      - default-src 'none'; frame-ancestors 'none'
      Content-Type:
      - application/json
      Date:
      - Fri, 16 Jun 2023 09:41:03 GMT
      Server:
      - Scaleway API-Gateway
      Strict-Transport-Security:
      - max-age=63072000
      X-Content-Type-Options:
      - nosniff
      X-Frame-Options:
      - DENY
      X-Request-Id:
      - 72673852-c058-45a8-961b-91f4cdd550cc
    status: 200 OK
    code: 200
    duration: ""
- request:
    body: ""
    form: {}
    headers:
      User-Agent:
      - scaleway-sdk-go/v1.0.0-beta.7+dev (go1.20.4; darwin; amd64) terraform-provider/develop
        terraform/terraform-tests
    url: https://api.scaleway.com/lb/v1/zones/fr-par-1/lbs/c5023831-6fb2-40d4-9dda-929c791246b1
    method: GET
  response:
    body: '{"backend_count":1,"created_at":"2023-06-16T09:40:30.468320Z","description":"","frontend_count":1,"id":"c5023831-6fb2-40d4-9dda-929c791246b1","instances":[{"created_at":"2023-06-16T09:39:02.721192Z","id":"98fb0c9e-8e67-4587-807b-ee63584c0dc1","ip_address":"10.72.52.15","region":"fr-par","status":"ready","updated_at":"2023-06-16T09:41:03.100540Z","zone":"fr-par-1"}],"ip":[{"id":"d579d6e6-b00e-400b-b8dd-45410adbfb32","ip_address":"51.159.204.159","lb_id":"c5023831-6fb2-40d4-9dda-929c791246b1","organization_id":"564aa517-68b0-4fd7-8c8c-d21c4bcdcbd5","project_id":"564aa517-68b0-4fd7-8c8c-d21c4bcdcbd5","region":"fr-par","reverse":"51-159-204-159.lb.fr-par.scw.cloud","zone":"fr-par-1"}],"name":"test-lb","organization_id":"564aa517-68b0-4fd7-8c8c-d21c4bcdcbd5","private_network_count":0,"project_id":"564aa517-68b0-4fd7-8c8c-d21c4bcdcbd5","region":"fr-par","route_count":1,"ssl_compatibility_level":"ssl_compatibility_level_intermediate","status":"ready","subscriber":null,"tags":[],"type":"lb-s","updated_at":"2023-06-16T09:40:32.192003Z","zone":"fr-par-1"}'
    headers:
      Content-Length:
      - "1093"
      Content-Security-Policy:
      - default-src 'none'; frame-ancestors 'none'
      Content-Type:
      - application/json
      Date:
      - Fri, 16 Jun 2023 09:41:03 GMT
      Server:
      - Scaleway API-Gateway
      Strict-Transport-Security:
      - max-age=63072000
      X-Content-Type-Options:
      - nosniff
      X-Frame-Options:
      - DENY
      X-Request-Id:
      - 27937678-94e8-4f59-81e1-9364c5828dc4
    status: 200 OK
    code: 200
    duration: ""
- request:
    body: ""
    form: {}
    headers:
      User-Agent:
      - scaleway-sdk-go/v1.0.0-beta.7+dev (go1.20.4; darwin; amd64) terraform-provider/develop
        terraform/terraform-tests
    url: https://api.scaleway.com/lb/v1/zones/fr-par-1/lbs/c5023831-6fb2-40d4-9dda-929c791246b1/private-networks?order_by=created_at_asc
    method: GET
  response:
    body: '{"private_network":[],"total_count":0}'
    headers:
      Content-Length:
      - "39"
      Content-Security-Policy:
      - default-src 'none'; frame-ancestors 'none'
      Content-Type:
      - application/json
      Date:
      - Fri, 16 Jun 2023 09:41:04 GMT
      Server:
      - Scaleway API-Gateway
      Strict-Transport-Security:
      - max-age=63072000
      X-Content-Type-Options:
      - nosniff
      X-Frame-Options:
      - DENY
      X-Request-Id:
      - 559b5b85-4445-4315-b682-a1e5363f67f4
    status: 200 OK
    code: 200
    duration: ""
- request:
    body: ""
    form: {}
    headers:
      User-Agent:
      - scaleway-sdk-go/v1.0.0-beta.7+dev (go1.20.4; darwin; amd64) terraform-provider/develop
        terraform/terraform-tests
    url: https://api.scaleway.com/lb/v1/zones/fr-par-1/backends/36ad8f08-a7be-4ce0-a2fb-2d3ad089805e
    method: GET
  response:
    body: '{"created_at":"2023-06-16T09:41:01.093177Z","failover_host":null,"forward_port":80,"forward_port_algorithm":"roundrobin","forward_protocol":"http","health_check":{"check_delay":60000,"check_max_retries":2,"check_send_proxy":false,"check_timeout":30000,"port":80,"tcp_config":{},"transient_check_delay":null},"id":"36ad8f08-a7be-4ce0-a2fb-2d3ad089805e","ignore_ssl_server_verify":false,"lb":{"backend_count":1,"created_at":"2023-06-16T09:40:30.468320Z","description":"","frontend_count":1,"id":"c5023831-6fb2-40d4-9dda-929c791246b1","instances":[{"created_at":"2023-06-16T09:39:02.721192Z","id":"98fb0c9e-8e67-4587-807b-ee63584c0dc1","ip_address":"10.72.52.15","region":"fr-par","status":"ready","updated_at":"2023-06-16T09:41:03.100540Z","zone":"fr-par-1"}],"ip":[{"id":"d579d6e6-b00e-400b-b8dd-45410adbfb32","ip_address":"51.159.204.159","lb_id":"c5023831-6fb2-40d4-9dda-929c791246b1","organization_id":"564aa517-68b0-4fd7-8c8c-d21c4bcdcbd5","project_id":"564aa517-68b0-4fd7-8c8c-d21c4bcdcbd5","region":"fr-par","reverse":"51-159-204-159.lb.fr-par.scw.cloud","zone":"fr-par-1"}],"name":"test-lb","organization_id":"564aa517-68b0-4fd7-8c8c-d21c4bcdcbd5","private_network_count":0,"project_id":"564aa517-68b0-4fd7-8c8c-d21c4bcdcbd5","region":"fr-par","route_count":1,"ssl_compatibility_level":"ssl_compatibility_level_intermediate","status":"ready","subscriber":null,"tags":[],"type":"lb-s","updated_at":"2023-06-16T09:40:32.192003Z","zone":"fr-par-1"},"max_connections":null,"max_retries":null,"name":"tf-lb-bkd-musing-cartwright","on_marked_down_action":"on_marked_down_action_none","pool":[],"proxy_protocol":"proxy_protocol_none","redispatch_attempt_count":null,"send_proxy_v2":false,"ssl_bridging":false,"sticky_sessions":"none","sticky_sessions_cookie_name":"","timeout_connect":null,"timeout_queue":null,"timeout_server":null,"timeout_tunnel":null,"updated_at":"2023-06-16T09:41:01.093177Z"}'
    headers:
      Content-Length:
      - "1959"
      Content-Security-Policy:
      - default-src 'none'; frame-ancestors 'none'
      Content-Type:
      - application/json
      Date:
      - Fri, 16 Jun 2023 09:41:04 GMT
      Server:
      - Scaleway API-Gateway
      Strict-Transport-Security:
      - max-age=63072000
      X-Content-Type-Options:
      - nosniff
      X-Frame-Options:
      - DENY
      X-Request-Id:
      - a653c0f3-f6f7-4e6f-9424-69833d9c8e2b
    status: 200 OK
    code: 200
    duration: ""
- request:
    body: ""
    form: {}
    headers:
      User-Agent:
      - scaleway-sdk-go/v1.0.0-beta.7+dev (go1.20.4; darwin; amd64) terraform-provider/develop
        terraform/terraform-tests
    url: https://api.scaleway.com/lb/v1/zones/fr-par-1/lbs/c5023831-6fb2-40d4-9dda-929c791246b1
    method: GET
  response:
    body: '{"backend_count":1,"created_at":"2023-06-16T09:40:30.468320Z","description":"","frontend_count":1,"id":"c5023831-6fb2-40d4-9dda-929c791246b1","instances":[{"created_at":"2023-06-16T09:39:02.721192Z","id":"98fb0c9e-8e67-4587-807b-ee63584c0dc1","ip_address":"10.72.52.15","region":"fr-par","status":"ready","updated_at":"2023-06-16T09:41:03.100540Z","zone":"fr-par-1"}],"ip":[{"id":"d579d6e6-b00e-400b-b8dd-45410adbfb32","ip_address":"51.159.204.159","lb_id":"c5023831-6fb2-40d4-9dda-929c791246b1","organization_id":"564aa517-68b0-4fd7-8c8c-d21c4bcdcbd5","project_id":"564aa517-68b0-4fd7-8c8c-d21c4bcdcbd5","region":"fr-par","reverse":"51-159-204-159.lb.fr-par.scw.cloud","zone":"fr-par-1"}],"name":"test-lb","organization_id":"564aa517-68b0-4fd7-8c8c-d21c4bcdcbd5","private_network_count":0,"project_id":"564aa517-68b0-4fd7-8c8c-d21c4bcdcbd5","region":"fr-par","route_count":1,"ssl_compatibility_level":"ssl_compatibility_level_intermediate","status":"ready","subscriber":null,"tags":[],"type":"lb-s","updated_at":"2023-06-16T09:40:32.192003Z","zone":"fr-par-1"}'
    headers:
      Content-Length:
      - "1093"
      Content-Security-Policy:
      - default-src 'none'; frame-ancestors 'none'
      Content-Type:
      - application/json
      Date:
      - Fri, 16 Jun 2023 09:41:04 GMT
      Server:
      - Scaleway API-Gateway
      Strict-Transport-Security:
      - max-age=63072000
      X-Content-Type-Options:
      - nosniff
      X-Frame-Options:
      - DENY
      X-Request-Id:
      - 421f75ac-bc10-4b64-b17e-6f55507e2719
    status: 200 OK
    code: 200
    duration: ""
- request:
    body: ""
    form: {}
    headers:
      User-Agent:
      - scaleway-sdk-go/v1.0.0-beta.7+dev (go1.20.4; darwin; amd64) terraform-provider/develop
        terraform/terraform-tests
    url: https://api.scaleway.com/lb/v1/zones/fr-par-1/frontends/cd395405-48dd-471b-95f8-6e4f394f492e
    method: GET
  response:
    body: '{"backend":{"created_at":"2023-06-16T09:41:01.093177Z","failover_host":null,"forward_port":80,"forward_port_algorithm":"roundrobin","forward_protocol":"http","health_check":{"check_delay":60000,"check_max_retries":2,"check_send_proxy":false,"check_timeout":30000,"port":80,"tcp_config":{},"transient_check_delay":null},"id":"36ad8f08-a7be-4ce0-a2fb-2d3ad089805e","ignore_ssl_server_verify":false,"lb":{"backend_count":1,"created_at":"2023-06-16T09:40:30.468320Z","description":"","frontend_count":1,"id":"c5023831-6fb2-40d4-9dda-929c791246b1","instances":[],"ip":[{"id":"d579d6e6-b00e-400b-b8dd-45410adbfb32","ip_address":"51.159.204.159","lb_id":"c5023831-6fb2-40d4-9dda-929c791246b1","organization_id":"564aa517-68b0-4fd7-8c8c-d21c4bcdcbd5","project_id":"564aa517-68b0-4fd7-8c8c-d21c4bcdcbd5","region":"fr-par","reverse":"51-159-204-159.lb.fr-par.scw.cloud","zone":"fr-par-1"}],"name":"test-lb","organization_id":"564aa517-68b0-4fd7-8c8c-d21c4bcdcbd5","private_network_count":0,"project_id":"564aa517-68b0-4fd7-8c8c-d21c4bcdcbd5","region":"fr-par","route_count":1,"ssl_compatibility_level":"ssl_compatibility_level_intermediate","status":"ready","subscriber":null,"tags":[],"type":"lb-s","updated_at":"2023-06-16T09:40:32.192003Z","zone":"fr-par-1"},"max_connections":null,"max_retries":null,"name":"tf-lb-bkd-musing-cartwright","on_marked_down_action":"on_marked_down_action_none","pool":[],"proxy_protocol":"proxy_protocol_none","redispatch_attempt_count":null,"send_proxy_v2":false,"ssl_bridging":false,"sticky_sessions":"none","sticky_sessions_cookie_name":"","timeout_connect":null,"timeout_queue":null,"timeout_server":null,"timeout_tunnel":null,"updated_at":"2023-06-16T09:41:01.093177Z"},"certificate":null,"certificate_ids":[],"created_at":"2023-06-16T09:41:01.732508Z","enable_http3":false,"id":"cd395405-48dd-471b-95f8-6e4f394f492e","inbound_port":80,"lb":{"backend_count":1,"created_at":"2023-06-16T09:40:30.468320Z","description":"","frontend_count":1,"id":"c5023831-6fb2-40d4-9dda-929c791246b1","instances":[],"ip":[{"id":"d579d6e6-b00e-400b-b8dd-45410adbfb32","ip_address":"51.159.204.159","lb_id":"c5023831-6fb2-40d4-9dda-929c791246b1","organization_id":"564aa517-68b0-4fd7-8c8c-d21c4bcdcbd5","project_id":"564aa517-68b0-4fd7-8c8c-d21c4bcdcbd5","region":"fr-par","reverse":"51-159-204-159.lb.fr-par.scw.cloud","zone":"fr-par-1"}],"name":"test-lb","organization_id":"564aa517-68b0-4fd7-8c8c-d21c4bcdcbd5","private_network_count":0,"project_id":"564aa517-68b0-4fd7-8c8c-d21c4bcdcbd5","region":"fr-par","route_count":1,"ssl_compatibility_level":"ssl_compatibility_level_intermediate","status":"ready","subscriber":null,"tags":[],"type":"lb-s","updated_at":"2023-06-16T09:40:32.192003Z","zone":"fr-par-1"},"name":"tf-lb-frt-mystifying-bardeen","timeout_client":null,"updated_at":"2023-06-16T09:41:02.179712Z"}'
    headers:
      Content-Length:
      - "2915"
      Content-Security-Policy:
      - default-src 'none'; frame-ancestors 'none'
      Content-Type:
      - application/json
      Date:
      - Fri, 16 Jun 2023 09:41:04 GMT
      Server:
      - Scaleway API-Gateway
      Strict-Transport-Security:
      - max-age=63072000
      X-Content-Type-Options:
      - nosniff
      X-Frame-Options:
      - DENY
      X-Request-Id:
      - af764987-6c65-452a-b3f8-773fa2afc812
    status: 200 OK
    code: 200
    duration: ""
- request:
    body: ""
    form: {}
    headers:
      User-Agent:
      - scaleway-sdk-go/v1.0.0-beta.7+dev (go1.20.4; darwin; amd64) terraform-provider/develop
        terraform/terraform-tests
    url: https://api.scaleway.com/lb/v1/zones/fr-par-1/frontends/cd395405-48dd-471b-95f8-6e4f394f492e/acls?order_by=created_at_asc&page=1
    method: GET
  response:
    body: '{"acls":[],"total_count":0}'
    headers:
      Content-Length:
      - "28"
      Content-Security-Policy:
      - default-src 'none'; frame-ancestors 'none'
      Content-Type:
      - application/json
      Date:
      - Fri, 16 Jun 2023 09:41:04 GMT
      Server:
      - Scaleway API-Gateway
      Strict-Transport-Security:
      - max-age=63072000
      X-Content-Type-Options:
      - nosniff
      X-Frame-Options:
      - DENY
      X-Request-Id:
      - 9a935708-f363-49a2-ba97-47a00cc0b8e0
    status: 200 OK
    code: 200
    duration: ""
- request:
    body: ""
    form: {}
    headers:
      User-Agent:
      - scaleway-sdk-go/v1.0.0-beta.7+dev (go1.20.4; darwin; amd64) terraform-provider/develop
        terraform/terraform-tests
    url: https://api.scaleway.com/lb/v1/zones/fr-par-1/routes/a4fff8ad-b814-4d9a-84b7-4f052f9ae6c1
    method: GET
  response:
    body: '{"backend_id":"36ad8f08-a7be-4ce0-a2fb-2d3ad089805e","created_at":"2023-06-16T09:41:02.737658Z","frontend_id":"cd395405-48dd-471b-95f8-6e4f394f492e","id":"a4fff8ad-b814-4d9a-84b7-4f052f9ae6c1","match":{"host_header":"host.scaleway.com"},"updated_at":"2023-06-16T09:41:02.737658Z"}'
    headers:
      Content-Length:
      - "285"
      Content-Security-Policy:
      - default-src 'none'; frame-ancestors 'none'
      Content-Type:
      - application/json
      Date:
      - Fri, 16 Jun 2023 09:41:04 GMT
      Server:
      - Scaleway API-Gateway
      Strict-Transport-Security:
      - max-age=63072000
      X-Content-Type-Options:
      - nosniff
      X-Frame-Options:
      - DENY
      X-Request-Id:
      - 202288e9-bb98-42e9-8cfa-9d8794e11df3
    status: 200 OK
    code: 200
    duration: ""
- request:
    body: ""
    form: {}
    headers:
      User-Agent:
      - scaleway-sdk-go/v1.0.0-beta.7+dev (go1.20.4; darwin; amd64) terraform-provider/develop
        terraform/terraform-tests
    url: https://api.scaleway.com/lb/v1/zones/fr-par-1/routes/a4fff8ad-b814-4d9a-84b7-4f052f9ae6c1
    method: DELETE
  response:
    body: ""
    headers:
      Content-Security-Policy:
      - default-src 'none'; frame-ancestors 'none'
      Content-Type:
      - application/json
      Date:
      - Fri, 16 Jun 2023 09:41:05 GMT
      Server:
      - Scaleway API-Gateway
      Strict-Transport-Security:
      - max-age=63072000
      X-Content-Type-Options:
      - nosniff
      X-Frame-Options:
      - DENY
      X-Request-Id:
      - 6432319c-4730-438a-acf8-1c58c2020b53
    status: 204 No Content
    code: 204
    duration: ""
- request:
    body: ""
    form: {}
    headers:
      User-Agent:
      - scaleway-sdk-go/v1.0.0-beta.7+dev (go1.20.4; darwin; amd64) terraform-provider/develop
        terraform/terraform-tests
    url: https://api.scaleway.com/lb/v1/zones/fr-par-1/frontends/cd395405-48dd-471b-95f8-6e4f394f492e
    method: DELETE
  response:
    body: ""
    headers:
      Content-Security-Policy:
      - default-src 'none'; frame-ancestors 'none'
      Content-Type:
      - application/json
      Date:
      - Fri, 16 Jun 2023 09:41:05 GMT
      Server:
      - Scaleway API-Gateway
      Strict-Transport-Security:
      - max-age=63072000
      X-Content-Type-Options:
      - nosniff
      X-Frame-Options:
      - DENY
      X-Request-Id:
      - 6c50692e-316a-4af0-b11c-cfd0ab87c3e2
    status: 204 No Content
    code: 204
    duration: ""
- request:
    body: ""
    form: {}
    headers:
      User-Agent:
      - scaleway-sdk-go/v1.0.0-beta.7+dev (go1.20.4; darwin; amd64) terraform-provider/develop
        terraform/terraform-tests
    url: https://api.scaleway.com/lb/v1/zones/fr-par-1/lbs/c5023831-6fb2-40d4-9dda-929c791246b1
    method: GET
  response:
    body: '{"backend_count":1,"created_at":"2023-06-16T09:40:30.468320Z","description":"","frontend_count":0,"id":"c5023831-6fb2-40d4-9dda-929c791246b1","instances":[{"created_at":"2023-06-16T09:39:02.721192Z","id":"98fb0c9e-8e67-4587-807b-ee63584c0dc1","ip_address":"10.72.52.15","region":"fr-par","status":"pending","updated_at":"2023-06-16T09:41:05.385364Z","zone":"fr-par-1"}],"ip":[{"id":"d579d6e6-b00e-400b-b8dd-45410adbfb32","ip_address":"51.159.204.159","lb_id":"c5023831-6fb2-40d4-9dda-929c791246b1","organization_id":"564aa517-68b0-4fd7-8c8c-d21c4bcdcbd5","project_id":"564aa517-68b0-4fd7-8c8c-d21c4bcdcbd5","region":"fr-par","reverse":"51-159-204-159.lb.fr-par.scw.cloud","zone":"fr-par-1"}],"name":"test-lb","organization_id":"564aa517-68b0-4fd7-8c8c-d21c4bcdcbd5","private_network_count":0,"project_id":"564aa517-68b0-4fd7-8c8c-d21c4bcdcbd5","region":"fr-par","route_count":0,"ssl_compatibility_level":"ssl_compatibility_level_intermediate","status":"ready","subscriber":null,"tags":[],"type":"lb-s","updated_at":"2023-06-16T09:40:32.192003Z","zone":"fr-par-1"}'
    headers:
      Content-Length:
      - "1095"
      Content-Security-Policy:
      - default-src 'none'; frame-ancestors 'none'
      Content-Type:
      - application/json
      Date:
      - Fri, 16 Jun 2023 09:41:05 GMT
      Server:
      - Scaleway API-Gateway
      Strict-Transport-Security:
      - max-age=63072000
      X-Content-Type-Options:
      - nosniff
      X-Frame-Options:
      - DENY
      X-Request-Id:
      - cb7d8900-3560-43e1-aef7-3342cdd81458
    status: 200 OK
    code: 200
    duration: ""
- request:
    body: ""
    form: {}
    headers:
      User-Agent:
      - scaleway-sdk-go/v1.0.0-beta.7+dev (go1.20.4; darwin; amd64) terraform-provider/develop
        terraform/terraform-tests
    url: https://api.scaleway.com/lb/v1/zones/fr-par-1/lbs/c5023831-6fb2-40d4-9dda-929c791246b1
    method: GET
  response:
    body: '{"backend_count":1,"created_at":"2023-06-16T09:40:30.468320Z","description":"","frontend_count":0,"id":"c5023831-6fb2-40d4-9dda-929c791246b1","instances":[{"created_at":"2023-06-16T09:39:02.721192Z","id":"98fb0c9e-8e67-4587-807b-ee63584c0dc1","ip_address":"10.72.52.15","region":"fr-par","status":"pending","updated_at":"2023-06-16T09:41:05.385364Z","zone":"fr-par-1"}],"ip":[{"id":"d579d6e6-b00e-400b-b8dd-45410adbfb32","ip_address":"51.159.204.159","lb_id":"c5023831-6fb2-40d4-9dda-929c791246b1","organization_id":"564aa517-68b0-4fd7-8c8c-d21c4bcdcbd5","project_id":"564aa517-68b0-4fd7-8c8c-d21c4bcdcbd5","region":"fr-par","reverse":"51-159-204-159.lb.fr-par.scw.cloud","zone":"fr-par-1"}],"name":"test-lb","organization_id":"564aa517-68b0-4fd7-8c8c-d21c4bcdcbd5","private_network_count":0,"project_id":"564aa517-68b0-4fd7-8c8c-d21c4bcdcbd5","region":"fr-par","route_count":0,"ssl_compatibility_level":"ssl_compatibility_level_intermediate","status":"ready","subscriber":null,"tags":[],"type":"lb-s","updated_at":"2023-06-16T09:40:32.192003Z","zone":"fr-par-1"}'
    headers:
      Content-Length:
      - "1095"
      Content-Security-Policy:
      - default-src 'none'; frame-ancestors 'none'
      Content-Type:
      - application/json
      Date:
      - Fri, 16 Jun 2023 09:41:05 GMT
      Server:
      - Scaleway API-Gateway
      Strict-Transport-Security:
      - max-age=63072000
      X-Content-Type-Options:
      - nosniff
      X-Frame-Options:
      - DENY
      X-Request-Id:
      - 0afe4df6-fbb5-45ba-86d4-d766afe241c9
    status: 200 OK
    code: 200
    duration: ""
- request:
    body: ""
    form: {}
    headers:
      User-Agent:
      - scaleway-sdk-go/v1.0.0-beta.7+dev (go1.20.4; darwin; amd64) terraform-provider/develop
        terraform/terraform-tests
    url: https://api.scaleway.com/lb/v1/zones/fr-par-1/backends/36ad8f08-a7be-4ce0-a2fb-2d3ad089805e
    method: DELETE
  response:
    body: ""
    headers:
      Content-Security-Policy:
      - default-src 'none'; frame-ancestors 'none'
      Content-Type:
      - application/json
      Date:
      - Fri, 16 Jun 2023 09:41:05 GMT
      Server:
      - Scaleway API-Gateway
      Strict-Transport-Security:
      - max-age=63072000
      X-Content-Type-Options:
      - nosniff
      X-Frame-Options:
      - DENY
      X-Request-Id:
      - 0db2ef6f-5c7f-4390-a50e-2c06b010cc4a
    status: 204 No Content
    code: 204
    duration: ""
- request:
    body: ""
    form: {}
    headers:
      User-Agent:
      - scaleway-sdk-go/v1.0.0-beta.7+dev (go1.20.4; darwin; amd64) terraform-provider/develop
        terraform/terraform-tests
    url: https://api.scaleway.com/lb/v1/zones/fr-par-1/lbs/c5023831-6fb2-40d4-9dda-929c791246b1
    method: GET
  response:
    body: '{"backend_count":0,"created_at":"2023-06-16T09:40:30.468320Z","description":"","frontend_count":0,"id":"c5023831-6fb2-40d4-9dda-929c791246b1","instances":[{"created_at":"2023-06-16T09:39:02.721192Z","id":"98fb0c9e-8e67-4587-807b-ee63584c0dc1","ip_address":"10.72.52.15","region":"fr-par","status":"pending","updated_at":"2023-06-16T09:41:05.763552Z","zone":"fr-par-1"}],"ip":[{"id":"d579d6e6-b00e-400b-b8dd-45410adbfb32","ip_address":"51.159.204.159","lb_id":"c5023831-6fb2-40d4-9dda-929c791246b1","organization_id":"564aa517-68b0-4fd7-8c8c-d21c4bcdcbd5","project_id":"564aa517-68b0-4fd7-8c8c-d21c4bcdcbd5","region":"fr-par","reverse":"51-159-204-159.lb.fr-par.scw.cloud","zone":"fr-par-1"}],"name":"test-lb","organization_id":"564aa517-68b0-4fd7-8c8c-d21c4bcdcbd5","private_network_count":0,"project_id":"564aa517-68b0-4fd7-8c8c-d21c4bcdcbd5","region":"fr-par","route_count":0,"ssl_compatibility_level":"ssl_compatibility_level_intermediate","status":"ready","subscriber":null,"tags":[],"type":"lb-s","updated_at":"2023-06-16T09:40:32.192003Z","zone":"fr-par-1"}'
    headers:
      Content-Length:
      - "1095"
      Content-Security-Policy:
      - default-src 'none'; frame-ancestors 'none'
      Content-Type:
      - application/json
      Date:
      - Fri, 16 Jun 2023 09:41:05 GMT
      Server:
      - Scaleway API-Gateway
      Strict-Transport-Security:
      - max-age=63072000
      X-Content-Type-Options:
      - nosniff
      X-Frame-Options:
      - DENY
      X-Request-Id:
      - 4ff29012-3c1a-4600-9578-3ece3df268b7
    status: 200 OK
    code: 200
    duration: ""
- request:
    body: ""
    form: {}
    headers:
      User-Agent:
      - scaleway-sdk-go/v1.0.0-beta.7+dev (go1.20.4; darwin; amd64) terraform-provider/develop
        terraform/terraform-tests
    url: https://api.scaleway.com/lb/v1/zones/fr-par-1/lbs/c5023831-6fb2-40d4-9dda-929c791246b1
    method: GET
  response:
    body: '{"backend_count":0,"created_at":"2023-06-16T09:40:30.468320Z","description":"","frontend_count":0,"id":"c5023831-6fb2-40d4-9dda-929c791246b1","instances":[{"created_at":"2023-06-16T09:39:02.721192Z","id":"98fb0c9e-8e67-4587-807b-ee63584c0dc1","ip_address":"10.72.52.15","region":"fr-par","status":"pending","updated_at":"2023-06-16T09:41:05.763552Z","zone":"fr-par-1"}],"ip":[{"id":"d579d6e6-b00e-400b-b8dd-45410adbfb32","ip_address":"51.159.204.159","lb_id":"c5023831-6fb2-40d4-9dda-929c791246b1","organization_id":"564aa517-68b0-4fd7-8c8c-d21c4bcdcbd5","project_id":"564aa517-68b0-4fd7-8c8c-d21c4bcdcbd5","region":"fr-par","reverse":"51-159-204-159.lb.fr-par.scw.cloud","zone":"fr-par-1"}],"name":"test-lb","organization_id":"564aa517-68b0-4fd7-8c8c-d21c4bcdcbd5","private_network_count":0,"project_id":"564aa517-68b0-4fd7-8c8c-d21c4bcdcbd5","region":"fr-par","route_count":0,"ssl_compatibility_level":"ssl_compatibility_level_intermediate","status":"ready","subscriber":null,"tags":[],"type":"lb-s","updated_at":"2023-06-16T09:40:32.192003Z","zone":"fr-par-1"}'
    headers:
      Content-Length:
      - "1095"
      Content-Security-Policy:
      - default-src 'none'; frame-ancestors 'none'
      Content-Type:
      - application/json
      Date:
      - Fri, 16 Jun 2023 09:41:06 GMT
      Server:
      - Scaleway API-Gateway
      Strict-Transport-Security:
      - max-age=63072000
      X-Content-Type-Options:
      - nosniff
      X-Frame-Options:
      - DENY
      X-Request-Id:
      - 065bb3a3-6198-42b0-8894-68db01cde502
    status: 200 OK
    code: 200
    duration: ""
- request:
    body: ""
    form: {}
    headers:
      User-Agent:
      - scaleway-sdk-go/v1.0.0-beta.7+dev (go1.20.4; darwin; amd64) terraform-provider/develop
        terraform/terraform-tests
    url: https://api.scaleway.com/lb/v1/zones/fr-par-1/lbs/c5023831-6fb2-40d4-9dda-929c791246b1?release_ip=false
    method: DELETE
  response:
    body: ""
    headers:
      Content-Security-Policy:
      - default-src 'none'; frame-ancestors 'none'
      Content-Type:
      - application/json
      Date:
      - Fri, 16 Jun 2023 09:41:06 GMT
      Server:
      - Scaleway API-Gateway
      Strict-Transport-Security:
      - max-age=63072000
      X-Content-Type-Options:
      - nosniff
      X-Frame-Options:
      - DENY
      X-Request-Id:
      - 5e667b0e-f8f6-4f6f-81df-c717bf8cd715
    status: 204 No Content
    code: 204
    duration: ""
- request:
    body: ""
    form: {}
    headers:
      User-Agent:
      - scaleway-sdk-go/v1.0.0-beta.7+dev (go1.20.4; darwin; amd64) terraform-provider/develop
        terraform/terraform-tests
    url: https://api.scaleway.com/lb/v1/zones/fr-par-1/lbs/c5023831-6fb2-40d4-9dda-929c791246b1
    method: GET
  response:
    body: '{"backend_count":0,"created_at":"2023-06-16T09:40:30.468320Z","description":"","frontend_count":0,"id":"c5023831-6fb2-40d4-9dda-929c791246b1","instances":[{"created_at":"2023-06-16T09:39:02.721192Z","id":"98fb0c9e-8e67-4587-807b-ee63584c0dc1","ip_address":"10.72.52.15","region":"fr-par","status":"ready","updated_at":"2023-06-16T09:41:06.000438Z","zone":"fr-par-1"}],"ip":[{"id":"d579d6e6-b00e-400b-b8dd-45410adbfb32","ip_address":"51.159.204.159","lb_id":"c5023831-6fb2-40d4-9dda-929c791246b1","organization_id":"564aa517-68b0-4fd7-8c8c-d21c4bcdcbd5","project_id":"564aa517-68b0-4fd7-8c8c-d21c4bcdcbd5","region":"fr-par","reverse":"51-159-204-159.lb.fr-par.scw.cloud","zone":"fr-par-1"}],"name":"test-lb","organization_id":"564aa517-68b0-4fd7-8c8c-d21c4bcdcbd5","private_network_count":0,"project_id":"564aa517-68b0-4fd7-8c8c-d21c4bcdcbd5","region":"fr-par","route_count":0,"ssl_compatibility_level":"ssl_compatibility_level_intermediate","status":"to_delete","subscriber":null,"tags":[],"type":"lb-s","updated_at":"2023-06-16T09:41:06.130919Z","zone":"fr-par-1"}'
    headers:
      Content-Length:
      - "1097"
      Content-Security-Policy:
      - default-src 'none'; frame-ancestors 'none'
      Content-Type:
      - application/json
      Date:
      - Fri, 16 Jun 2023 09:41:06 GMT
      Server:
      - Scaleway API-Gateway
      Strict-Transport-Security:
      - max-age=63072000
      X-Content-Type-Options:
      - nosniff
      X-Frame-Options:
      - DENY
      X-Request-Id:
      - 37d8138b-2b87-48c6-9f99-bcd7cc17f901
    status: 200 OK
    code: 200
    duration: ""
- request:
    body: ""
    form: {}
    headers:
      User-Agent:
      - scaleway-sdk-go/v1.0.0-beta.7+dev (go1.20.4; darwin; amd64) terraform-provider/develop
        terraform/terraform-tests
    url: https://api.scaleway.com/lb/v1/zones/fr-par-1/lbs/c5023831-6fb2-40d4-9dda-929c791246b1
    method: GET
  response:
    body: '{"message":"lbs not Found"}'
    headers:
      Content-Length:
      - "27"
      Content-Security-Policy:
      - default-src 'none'; frame-ancestors 'none'
      Content-Type:
      - application/json
      Date:
      - Fri, 16 Jun 2023 09:41:36 GMT
      Server:
      - Scaleway API-Gateway
      Strict-Transport-Security:
      - max-age=63072000
      X-Content-Type-Options:
      - nosniff
      X-Frame-Options:
      - DENY
      X-Request-Id:
      - f50159a9-9aff-4598-958e-5831eb4a6174
    status: 404 Not Found
    code: 404
    duration: ""
- request:
    body: ""
    form: {}
    headers:
      User-Agent:
      - scaleway-sdk-go/v1.0.0-beta.7+dev (go1.20.4; darwin; amd64) terraform-provider/develop
        terraform/terraform-tests
    url: https://api.scaleway.com/lb/v1/zones/fr-par-1/lbs/c5023831-6fb2-40d4-9dda-929c791246b1
    method: GET
  response:
    body: '{"message":"lbs not Found"}'
    headers:
      Content-Length:
      - "27"
      Content-Security-Policy:
      - default-src 'none'; frame-ancestors 'none'
      Content-Type:
      - application/json
      Date:
      - Fri, 16 Jun 2023 09:41:36 GMT
      Server:
      - Scaleway API-Gateway
      Strict-Transport-Security:
      - max-age=63072000
      X-Content-Type-Options:
      - nosniff
      X-Frame-Options:
      - DENY
      X-Request-Id:
      - cb73c560-cb38-47b5-b09f-086942cdadd0
    status: 404 Not Found
    code: 404
    duration: ""
- request:
    body: ""
    form: {}
    headers:
      User-Agent:
      - scaleway-sdk-go/v1.0.0-beta.7+dev (go1.20.4; darwin; amd64) terraform-provider/develop
        terraform/terraform-tests
    url: https://api.scaleway.com/lb/v1/zones/fr-par-1/ips/d579d6e6-b00e-400b-b8dd-45410adbfb32
    method: GET
  response:
    body: '{"id":"d579d6e6-b00e-400b-b8dd-45410adbfb32","ip_address":"51.159.204.159","lb_id":null,"organization_id":"564aa517-68b0-4fd7-8c8c-d21c4bcdcbd5","project_id":"564aa517-68b0-4fd7-8c8c-d21c4bcdcbd5","region":"fr-par","reverse":"51-159-204-159.lb.fr-par.scw.cloud","zone":"fr-par-1"}'
    headers:
      Content-Length:
      - "287"
      Content-Security-Policy:
      - default-src 'none'; frame-ancestors 'none'
      Content-Type:
      - application/json
      Date:
      - Fri, 16 Jun 2023 09:41:36 GMT
      Server:
      - Scaleway API-Gateway
      Strict-Transport-Security:
      - max-age=63072000
      X-Content-Type-Options:
      - nosniff
      X-Frame-Options:
      - DENY
      X-Request-Id:
      - d5617e98-dcd2-4f00-ac63-e491d8657634
    status: 200 OK
    code: 200
    duration: ""
- request:
    body: ""
    form: {}
    headers:
      User-Agent:
      - scaleway-sdk-go/v1.0.0-beta.7+dev (go1.20.4; darwin; amd64) terraform-provider/develop
        terraform/terraform-tests
    url: https://api.scaleway.com/lb/v1/zones/fr-par-1/ips/d579d6e6-b00e-400b-b8dd-45410adbfb32
    method: DELETE
  response:
    body: ""
    headers:
      Content-Security-Policy:
      - default-src 'none'; frame-ancestors 'none'
      Content-Type:
      - application/json
      Date:
      - Fri, 16 Jun 2023 09:41:36 GMT
      Server:
      - Scaleway API-Gateway
      Strict-Transport-Security:
      - max-age=63072000
      X-Content-Type-Options:
      - nosniff
      X-Frame-Options:
      - DENY
      X-Request-Id:
      - 3aa0d498-609c-44a2-9bce-c6dd2070ff48
    status: 204 No Content
    code: 204
    duration: ""
- request:
    body: ""
    form: {}
    headers:
      User-Agent:
      - scaleway-sdk-go/v1.0.0-beta.7+dev (go1.20.4; darwin; amd64) terraform-provider/develop
        terraform/terraform-tests
    url: https://api.scaleway.com/lb/v1/zones/fr-par-1/routes/a4fff8ad-b814-4d9a-84b7-4f052f9ae6c1
    method: GET
  response:
    body: '{"message":"privateNetwork not Found"}'
    headers:
      Content-Length:
      - "38"
      Content-Security-Policy:
      - default-src 'none'; frame-ancestors 'none'
      Content-Type:
      - application/json
      Date:
      - Fri, 16 Jun 2023 09:41:36 GMT
      Server:
      - Scaleway API-Gateway
      Strict-Transport-Security:
      - max-age=63072000
      X-Content-Type-Options:
      - nosniff
      X-Frame-Options:
      - DENY
      X-Request-Id:
      - 41bdf35c-d50b-4bb7-bae3-501aaad1ac8f
    status: 404 Not Found
    code: 404
    duration: ""
