---
version: 1
interactions:
- request:
    body: '{"project_id":"564aa517-68b0-4fd7-8c8c-d21c4bcdcbd5","reverse":null}'
    form: {}
    headers:
      Content-Type:
      - application/json
      User-Agent:
      - scaleway-sdk-go/v1.0.0-beta.7+dev (go1.20.4; darwin; amd64) terraform-provider/develop
        terraform/terraform-tests
    url: https://api.scaleway.com/lb/v1/zones/fr-par-1/ips
    method: POST
  response:
    body: '{"id":"1a659e57-3f17-420d-b648-93102bbaffa6","ip_address":"51.159.206.142","lb_id":null,"organization_id":"564aa517-68b0-4fd7-8c8c-d21c4bcdcbd5","project_id":"564aa517-68b0-4fd7-8c8c-d21c4bcdcbd5","region":"fr-par","reverse":"51-159-206-142.lb.fr-par.scw.cloud","zone":"fr-par-1"}'
    headers:
      Content-Length:
      - "280"
      Content-Security-Policy:
      - default-src 'none'; frame-ancestors 'none'
      Content-Type:
      - application/json
      Date:
      - Wed, 24 May 2023 09:46:19 GMT
      Server:
      - Scaleway API-Gateway
      Strict-Transport-Security:
      - max-age=63072000
      X-Content-Type-Options:
      - nosniff
      X-Frame-Options:
      - DENY
      X-Request-Id:
      - 82b0065c-d6e7-4813-bf96-83b9647e8d4e
    status: 200 OK
    code: 200
    duration: ""
- request:
    body: ""
    form: {}
    headers:
      User-Agent:
      - scaleway-sdk-go/v1.0.0-beta.7+dev (go1.20.4; darwin; amd64) terraform-provider/develop
        terraform/terraform-tests
    url: https://api.scaleway.com/lb/v1/zones/fr-par-1/ips/1a659e57-3f17-420d-b648-93102bbaffa6
    method: GET
  response:
    body: '{"id":"1a659e57-3f17-420d-b648-93102bbaffa6","ip_address":"51.159.206.142","lb_id":null,"organization_id":"564aa517-68b0-4fd7-8c8c-d21c4bcdcbd5","project_id":"564aa517-68b0-4fd7-8c8c-d21c4bcdcbd5","region":"fr-par","reverse":"51-159-206-142.lb.fr-par.scw.cloud","zone":"fr-par-1"}'
    headers:
      Content-Length:
      - "280"
      Content-Security-Policy:
      - default-src 'none'; frame-ancestors 'none'
      Content-Type:
      - application/json
      Date:
      - Wed, 24 May 2023 09:46:19 GMT
      Server:
      - Scaleway API-Gateway
      Strict-Transport-Security:
      - max-age=63072000
      X-Content-Type-Options:
      - nosniff
      X-Frame-Options:
      - DENY
      X-Request-Id:
      - 80d6d20f-7cc4-412a-9913-08e40372cd94
    status: 200 OK
    code: 200
    duration: ""
- request:
    body: '{"project_id":"564aa517-68b0-4fd7-8c8c-d21c4bcdcbd5","name":"test-lb-acl","description":"","ip_id":"1a659e57-3f17-420d-b648-93102bbaffa6","tags":null,"type":"lb-s","ssl_compatibility_level":"ssl_compatibility_level_intermediate"}'
    form: {}
    headers:
      Content-Type:
      - application/json
      User-Agent:
      - scaleway-sdk-go/v1.0.0-beta.7+dev (go1.20.4; darwin; amd64) terraform-provider/develop
        terraform/terraform-tests
    url: https://api.scaleway.com/lb/v1/zones/fr-par-1/lbs
    method: POST
  response:
    body: '{"backend_count":0,"created_at":"2023-05-24T09:46:19.305724489Z","description":"","frontend_count":0,"id":"69d87c7d-7924-472f-87b9-c5b641f72a7e","instances":[],"ip":[{"id":"1a659e57-3f17-420d-b648-93102bbaffa6","ip_address":"51.159.206.142","lb_id":"69d87c7d-7924-472f-87b9-c5b641f72a7e","organization_id":"564aa517-68b0-4fd7-8c8c-d21c4bcdcbd5","project_id":"564aa517-68b0-4fd7-8c8c-d21c4bcdcbd5","region":"fr-par","reverse":"51-159-206-142.lb.fr-par.scw.cloud","zone":"fr-par-1"}],"name":"test-lb-acl","organization_id":"564aa517-68b0-4fd7-8c8c-d21c4bcdcbd5","private_network_count":0,"project_id":"564aa517-68b0-4fd7-8c8c-d21c4bcdcbd5","region":"fr-par","route_count":0,"ssl_compatibility_level":"ssl_compatibility_level_intermediate","status":"to_create","subscriber":null,"tags":[],"type":"lb-s","updated_at":"2023-05-24T09:46:19.305724489Z","zone":"fr-par-1"}'
    headers:
      Content-Length:
      - "864"
      Content-Security-Policy:
      - default-src 'none'; frame-ancestors 'none'
      Content-Type:
      - application/json
      Date:
      - Wed, 24 May 2023 09:46:19 GMT
      Server:
      - Scaleway API-Gateway
      Strict-Transport-Security:
      - max-age=63072000
      X-Content-Type-Options:
      - nosniff
      X-Frame-Options:
      - DENY
      X-Request-Id:
      - 2e1661c8-d5d6-4db1-8150-27a9dafa3b4f
    status: 200 OK
    code: 200
    duration: ""
- request:
    body: ""
    form: {}
    headers:
      User-Agent:
      - scaleway-sdk-go/v1.0.0-beta.7+dev (go1.20.4; darwin; amd64) terraform-provider/develop
        terraform/terraform-tests
    url: https://api.scaleway.com/lb/v1/zones/fr-par-1/lbs/69d87c7d-7924-472f-87b9-c5b641f72a7e
    method: GET
  response:
    body: '{"backend_count":0,"created_at":"2023-05-24T09:46:19.305724Z","description":"","frontend_count":0,"id":"69d87c7d-7924-472f-87b9-c5b641f72a7e","instances":[],"ip":[{"id":"1a659e57-3f17-420d-b648-93102bbaffa6","ip_address":"51.159.206.142","lb_id":"69d87c7d-7924-472f-87b9-c5b641f72a7e","organization_id":"564aa517-68b0-4fd7-8c8c-d21c4bcdcbd5","project_id":"564aa517-68b0-4fd7-8c8c-d21c4bcdcbd5","region":"fr-par","reverse":"51-159-206-142.lb.fr-par.scw.cloud","zone":"fr-par-1"}],"name":"test-lb-acl","organization_id":"564aa517-68b0-4fd7-8c8c-d21c4bcdcbd5","private_network_count":0,"project_id":"564aa517-68b0-4fd7-8c8c-d21c4bcdcbd5","region":"fr-par","route_count":0,"ssl_compatibility_level":"ssl_compatibility_level_intermediate","status":"to_create","subscriber":null,"tags":[],"type":"lb-s","updated_at":"2023-05-24T09:46:19.305724Z","zone":"fr-par-1"}'
    headers:
      Content-Length:
      - "858"
      Content-Security-Policy:
      - default-src 'none'; frame-ancestors 'none'
      Content-Type:
      - application/json
      Date:
      - Wed, 24 May 2023 09:46:19 GMT
      Server:
      - Scaleway API-Gateway
      Strict-Transport-Security:
      - max-age=63072000
      X-Content-Type-Options:
      - nosniff
      X-Frame-Options:
      - DENY
      X-Request-Id:
      - cedbd004-6fc1-44c6-9415-8f000d17fcc9
    status: 200 OK
    code: 200
    duration: ""
- request:
    body: ""
    form: {}
    headers:
      User-Agent:
      - scaleway-sdk-go/v1.0.0-beta.7+dev (go1.20.4; darwin; amd64) terraform-provider/develop
        terraform/terraform-tests
    url: https://api.scaleway.com/lb/v1/zones/fr-par-1/lbs/69d87c7d-7924-472f-87b9-c5b641f72a7e
    method: GET
  response:
    body: '{"backend_count":0,"created_at":"2023-05-24T09:46:19.305724Z","description":"","frontend_count":0,"id":"69d87c7d-7924-472f-87b9-c5b641f72a7e","instances":[{"created_at":"2023-05-24T09:44:19.035330Z","id":"18d7cbc7-63c4-48fe-9d5d-2b9fcbf4e86a","ip_address":"10.64.146.53","region":"fr-par","status":"ready","updated_at":"2023-05-24T09:46:19.851233Z","zone":"fr-par-1"}],"ip":[{"id":"1a659e57-3f17-420d-b648-93102bbaffa6","ip_address":"51.159.206.142","lb_id":"69d87c7d-7924-472f-87b9-c5b641f72a7e","organization_id":"564aa517-68b0-4fd7-8c8c-d21c4bcdcbd5","project_id":"564aa517-68b0-4fd7-8c8c-d21c4bcdcbd5","region":"fr-par","reverse":"51-159-206-142.lb.fr-par.scw.cloud","zone":"fr-par-1"}],"name":"test-lb-acl","organization_id":"564aa517-68b0-4fd7-8c8c-d21c4bcdcbd5","private_network_count":0,"project_id":"564aa517-68b0-4fd7-8c8c-d21c4bcdcbd5","region":"fr-par","route_count":0,"ssl_compatibility_level":"ssl_compatibility_level_intermediate","status":"ready","subscriber":null,"tags":[],"type":"lb-s","updated_at":"2023-05-24T09:46:21.136811Z","zone":"fr-par-1"}'
    headers:
      Content-Length:
      - "1066"
      Content-Security-Policy:
      - default-src 'none'; frame-ancestors 'none'
      Content-Type:
      - application/json
      Date:
      - Wed, 24 May 2023 09:46:49 GMT
      Server:
      - Scaleway API-Gateway
      Strict-Transport-Security:
      - max-age=63072000
      X-Content-Type-Options:
      - nosniff
      X-Frame-Options:
      - DENY
      X-Request-Id:
      - 121ac3fb-dd3b-4bba-97ab-6a453cbed423
    status: 200 OK
    code: 200
    duration: ""
- request:
    body: ""
    form: {}
    headers:
      User-Agent:
      - scaleway-sdk-go/v1.0.0-beta.7+dev (go1.20.4; darwin; amd64) terraform-provider/develop
        terraform/terraform-tests
    url: https://api.scaleway.com/lb/v1/zones/fr-par-1/lbs/69d87c7d-7924-472f-87b9-c5b641f72a7e
    method: GET
  response:
    body: '{"backend_count":0,"created_at":"2023-05-24T09:46:19.305724Z","description":"","frontend_count":0,"id":"69d87c7d-7924-472f-87b9-c5b641f72a7e","instances":[{"created_at":"2023-05-24T09:44:19.035330Z","id":"18d7cbc7-63c4-48fe-9d5d-2b9fcbf4e86a","ip_address":"10.64.146.53","region":"fr-par","status":"ready","updated_at":"2023-05-24T09:46:19.851233Z","zone":"fr-par-1"}],"ip":[{"id":"1a659e57-3f17-420d-b648-93102bbaffa6","ip_address":"51.159.206.142","lb_id":"69d87c7d-7924-472f-87b9-c5b641f72a7e","organization_id":"564aa517-68b0-4fd7-8c8c-d21c4bcdcbd5","project_id":"564aa517-68b0-4fd7-8c8c-d21c4bcdcbd5","region":"fr-par","reverse":"51-159-206-142.lb.fr-par.scw.cloud","zone":"fr-par-1"}],"name":"test-lb-acl","organization_id":"564aa517-68b0-4fd7-8c8c-d21c4bcdcbd5","private_network_count":0,"project_id":"564aa517-68b0-4fd7-8c8c-d21c4bcdcbd5","region":"fr-par","route_count":0,"ssl_compatibility_level":"ssl_compatibility_level_intermediate","status":"ready","subscriber":null,"tags":[],"type":"lb-s","updated_at":"2023-05-24T09:46:21.136811Z","zone":"fr-par-1"}'
    headers:
      Content-Length:
      - "1066"
      Content-Security-Policy:
      - default-src 'none'; frame-ancestors 'none'
      Content-Type:
      - application/json
      Date:
      - Wed, 24 May 2023 09:46:49 GMT
      Server:
      - Scaleway API-Gateway
      Strict-Transport-Security:
      - max-age=63072000
      X-Content-Type-Options:
      - nosniff
      X-Frame-Options:
      - DENY
      X-Request-Id:
      - 64dc050d-4872-4b91-8dcc-34df55ee6ce2
    status: 200 OK
    code: 200
    duration: ""
- request:
    body: ""
    form: {}
    headers:
      User-Agent:
      - scaleway-sdk-go/v1.0.0-beta.7+dev (go1.20.4; darwin; amd64) terraform-provider/develop
        terraform/terraform-tests
    url: https://api.scaleway.com/lb/v1/zones/fr-par-1/lbs/69d87c7d-7924-472f-87b9-c5b641f72a7e/private-networks?order_by=created_at_asc
    method: GET
  response:
    body: '{"private_network":[],"total_count":0}'
    headers:
      Content-Length:
      - "38"
      Content-Security-Policy:
      - default-src 'none'; frame-ancestors 'none'
      Content-Type:
      - application/json
      Date:
      - Wed, 24 May 2023 09:46:49 GMT
      Server:
      - Scaleway API-Gateway
      Strict-Transport-Security:
      - max-age=63072000
      X-Content-Type-Options:
      - nosniff
      X-Frame-Options:
      - DENY
      X-Request-Id:
      - c76bd646-7388-4bfb-8a86-d32130045f38
    status: 200 OK
    code: 200
    duration: ""
- request:
    body: ""
    form: {}
    headers:
      User-Agent:
      - scaleway-sdk-go/v1.0.0-beta.7+dev (go1.20.4; darwin; amd64) terraform-provider/develop
        terraform/terraform-tests
    url: https://api.scaleway.com/lb/v1/zones/fr-par-1/lbs/69d87c7d-7924-472f-87b9-c5b641f72a7e
    method: GET
  response:
    body: '{"backend_count":0,"created_at":"2023-05-24T09:46:19.305724Z","description":"","frontend_count":0,"id":"69d87c7d-7924-472f-87b9-c5b641f72a7e","instances":[{"created_at":"2023-05-24T09:44:19.035330Z","id":"18d7cbc7-63c4-48fe-9d5d-2b9fcbf4e86a","ip_address":"10.64.146.53","region":"fr-par","status":"ready","updated_at":"2023-05-24T09:46:19.851233Z","zone":"fr-par-1"}],"ip":[{"id":"1a659e57-3f17-420d-b648-93102bbaffa6","ip_address":"51.159.206.142","lb_id":"69d87c7d-7924-472f-87b9-c5b641f72a7e","organization_id":"564aa517-68b0-4fd7-8c8c-d21c4bcdcbd5","project_id":"564aa517-68b0-4fd7-8c8c-d21c4bcdcbd5","region":"fr-par","reverse":"51-159-206-142.lb.fr-par.scw.cloud","zone":"fr-par-1"}],"name":"test-lb-acl","organization_id":"564aa517-68b0-4fd7-8c8c-d21c4bcdcbd5","private_network_count":0,"project_id":"564aa517-68b0-4fd7-8c8c-d21c4bcdcbd5","region":"fr-par","route_count":0,"ssl_compatibility_level":"ssl_compatibility_level_intermediate","status":"ready","subscriber":null,"tags":[],"type":"lb-s","updated_at":"2023-05-24T09:46:21.136811Z","zone":"fr-par-1"}'
    headers:
      Content-Length:
      - "1066"
      Content-Security-Policy:
      - default-src 'none'; frame-ancestors 'none'
      Content-Type:
      - application/json
      Date:
      - Wed, 24 May 2023 09:46:49 GMT
      Server:
      - Scaleway API-Gateway
      Strict-Transport-Security:
      - max-age=63072000
      X-Content-Type-Options:
      - nosniff
      X-Frame-Options:
      - DENY
      X-Request-Id:
      - baab11ac-5151-476e-a638-7c6d865dc0b0
    status: 200 OK
    code: 200
    duration: ""
- request:
    body: '{"name":"tf-lb-bkd-wonderful-euclid","forward_protocol":"http","forward_port":80,"forward_port_algorithm":"roundrobin","sticky_sessions":"none","sticky_sessions_cookie_name":"","health_check":{"port":80,"check_max_retries":2,"check_send_proxy":false,"transient_check_delay":null,"check_delay":60000,"check_timeout":30000},"server_ip":null,"send_proxy_v2":false,"on_marked_down_action":"on_marked_down_action_none","proxy_protocol":"proxy_protocol_none","failover_host":null,"ssl_bridging":false,"ignore_ssl_server_verify":false,"redispatch_attempt_count":null,"max_retries":null,"timeout_server":null,"timeout_connect":null,"timeout_tunnel":null}'
    form: {}
    headers:
      Content-Type:
      - application/json
      User-Agent:
      - scaleway-sdk-go/v1.0.0-beta.7+dev (go1.20.4; darwin; amd64) terraform-provider/develop
        terraform/terraform-tests
    url: https://api.scaleway.com/lb/v1/zones/fr-par-1/lbs/69d87c7d-7924-472f-87b9-c5b641f72a7e/backends
    method: POST
  response:
    body: '{"created_at":"2023-05-24T09:46:50.024797280Z","failover_host":null,"forward_port":80,"forward_port_algorithm":"roundrobin","forward_protocol":"http","health_check":{"check_delay":60000,"check_max_retries":2,"check_send_proxy":false,"check_timeout":30000,"port":80,"tcp_config":{},"transient_check_delay":null},"id":"8875cd2d-33ea-4e91-8c3c-8227f64f9cb2","ignore_ssl_server_verify":false,"lb":{"backend_count":1,"created_at":"2023-05-24T09:46:19.305724Z","description":"","frontend_count":0,"id":"69d87c7d-7924-472f-87b9-c5b641f72a7e","instances":[{"created_at":"2023-05-24T09:44:19.035330Z","id":"18d7cbc7-63c4-48fe-9d5d-2b9fcbf4e86a","ip_address":"10.64.146.53","region":"fr-par","status":"pending","updated_at":"2023-05-24T09:46:50.057566605Z","zone":"fr-par-1"}],"ip":[{"id":"1a659e57-3f17-420d-b648-93102bbaffa6","ip_address":"51.159.206.142","lb_id":"69d87c7d-7924-472f-87b9-c5b641f72a7e","organization_id":"564aa517-68b0-4fd7-8c8c-d21c4bcdcbd5","project_id":"564aa517-68b0-4fd7-8c8c-d21c4bcdcbd5","region":"fr-par","reverse":"51-159-206-142.lb.fr-par.scw.cloud","zone":"fr-par-1"}],"name":"test-lb-acl","organization_id":"564aa517-68b0-4fd7-8c8c-d21c4bcdcbd5","private_network_count":0,"project_id":"564aa517-68b0-4fd7-8c8c-d21c4bcdcbd5","region":"fr-par","route_count":0,"ssl_compatibility_level":"ssl_compatibility_level_intermediate","status":"ready","subscriber":null,"tags":[],"type":"lb-s","updated_at":"2023-05-24T09:46:21.136811Z","zone":"fr-par-1"},"max_connections":null,"max_retries":null,"name":"tf-lb-bkd-wonderful-euclid","on_marked_down_action":"on_marked_down_action_none","pool":[],"proxy_protocol":"proxy_protocol_none","redispatch_attempt_count":null,"send_proxy_v2":false,"ssl_bridging":false,"sticky_sessions":"none","sticky_sessions_cookie_name":"","timeout_connect":null,"timeout_queue":null,"timeout_server":null,"timeout_tunnel":null,"updated_at":"2023-05-24T09:46:50.024797280Z"}'
    headers:
      Content-Length:
      - "1912"
      Content-Security-Policy:
      - default-src 'none'; frame-ancestors 'none'
      Content-Type:
      - application/json
      Date:
      - Wed, 24 May 2023 09:46:50 GMT
      Server:
      - Scaleway API-Gateway
      Strict-Transport-Security:
      - max-age=63072000
      X-Content-Type-Options:
      - nosniff
      X-Frame-Options:
      - DENY
      X-Request-Id:
      - 0ec87e87-fdfc-4a49-bd71-f3e3e25c8ff4
    status: 200 OK
    code: 200
    duration: ""
- request:
    body: ""
    form: {}
    headers:
      User-Agent:
      - scaleway-sdk-go/v1.0.0-beta.7+dev (go1.20.4; darwin; amd64) terraform-provider/develop
        terraform/terraform-tests
    url: https://api.scaleway.com/lb/v1/zones/fr-par-1/lbs/69d87c7d-7924-472f-87b9-c5b641f72a7e
    method: GET
  response:
    body: '{"backend_count":1,"created_at":"2023-05-24T09:46:19.305724Z","description":"","frontend_count":0,"id":"69d87c7d-7924-472f-87b9-c5b641f72a7e","instances":[{"created_at":"2023-05-24T09:44:19.035330Z","id":"18d7cbc7-63c4-48fe-9d5d-2b9fcbf4e86a","ip_address":"10.64.146.53","region":"fr-par","status":"pending","updated_at":"2023-05-24T09:46:50.057567Z","zone":"fr-par-1"}],"ip":[{"id":"1a659e57-3f17-420d-b648-93102bbaffa6","ip_address":"51.159.206.142","lb_id":"69d87c7d-7924-472f-87b9-c5b641f72a7e","organization_id":"564aa517-68b0-4fd7-8c8c-d21c4bcdcbd5","project_id":"564aa517-68b0-4fd7-8c8c-d21c4bcdcbd5","region":"fr-par","reverse":"51-159-206-142.lb.fr-par.scw.cloud","zone":"fr-par-1"}],"name":"test-lb-acl","organization_id":"564aa517-68b0-4fd7-8c8c-d21c4bcdcbd5","private_network_count":0,"project_id":"564aa517-68b0-4fd7-8c8c-d21c4bcdcbd5","region":"fr-par","route_count":0,"ssl_compatibility_level":"ssl_compatibility_level_intermediate","status":"ready","subscriber":null,"tags":[],"type":"lb-s","updated_at":"2023-05-24T09:46:21.136811Z","zone":"fr-par-1"}'
    headers:
      Content-Length:
      - "1068"
      Content-Security-Policy:
      - default-src 'none'; frame-ancestors 'none'
      Content-Type:
      - application/json
      Date:
      - Wed, 24 May 2023 09:46:50 GMT
      Server:
      - Scaleway API-Gateway
      Strict-Transport-Security:
      - max-age=63072000
      X-Content-Type-Options:
      - nosniff
      X-Frame-Options:
      - DENY
      X-Request-Id:
      - 83bc8115-c3d0-41c8-8076-bea05a0a4938
    status: 200 OK
    code: 200
    duration: ""
- request:
    body: ""
    form: {}
    headers:
      User-Agent:
      - scaleway-sdk-go/v1.0.0-beta.7+dev (go1.20.4; darwin; amd64) terraform-provider/develop
        terraform/terraform-tests
    url: https://api.scaleway.com/lb/v1/zones/fr-par-1/backends/8875cd2d-33ea-4e91-8c3c-8227f64f9cb2
    method: GET
  response:
    body: '{"created_at":"2023-05-24T09:46:50.024797Z","failover_host":null,"forward_port":80,"forward_port_algorithm":"roundrobin","forward_protocol":"http","health_check":{"check_delay":60000,"check_max_retries":2,"check_send_proxy":false,"check_timeout":30000,"port":80,"tcp_config":{},"transient_check_delay":null},"id":"8875cd2d-33ea-4e91-8c3c-8227f64f9cb2","ignore_ssl_server_verify":false,"lb":{"backend_count":1,"created_at":"2023-05-24T09:46:19.305724Z","description":"","frontend_count":0,"id":"69d87c7d-7924-472f-87b9-c5b641f72a7e","instances":[{"created_at":"2023-05-24T09:44:19.035330Z","id":"18d7cbc7-63c4-48fe-9d5d-2b9fcbf4e86a","ip_address":"10.64.146.53","region":"fr-par","status":"pending","updated_at":"2023-05-24T09:46:50.057567Z","zone":"fr-par-1"}],"ip":[{"id":"1a659e57-3f17-420d-b648-93102bbaffa6","ip_address":"51.159.206.142","lb_id":"69d87c7d-7924-472f-87b9-c5b641f72a7e","organization_id":"564aa517-68b0-4fd7-8c8c-d21c4bcdcbd5","project_id":"564aa517-68b0-4fd7-8c8c-d21c4bcdcbd5","region":"fr-par","reverse":"51-159-206-142.lb.fr-par.scw.cloud","zone":"fr-par-1"}],"name":"test-lb-acl","organization_id":"564aa517-68b0-4fd7-8c8c-d21c4bcdcbd5","private_network_count":0,"project_id":"564aa517-68b0-4fd7-8c8c-d21c4bcdcbd5","region":"fr-par","route_count":0,"ssl_compatibility_level":"ssl_compatibility_level_intermediate","status":"ready","subscriber":null,"tags":[],"type":"lb-s","updated_at":"2023-05-24T09:46:21.136811Z","zone":"fr-par-1"},"max_connections":null,"max_retries":null,"name":"tf-lb-bkd-wonderful-euclid","on_marked_down_action":"on_marked_down_action_none","pool":[],"proxy_protocol":"proxy_protocol_none","redispatch_attempt_count":null,"send_proxy_v2":false,"ssl_bridging":false,"sticky_sessions":"none","sticky_sessions_cookie_name":"","timeout_connect":null,"timeout_queue":null,"timeout_server":null,"timeout_tunnel":null,"updated_at":"2023-05-24T09:46:50.024797Z"}'
    headers:
      Content-Length:
      - "1903"
      Content-Security-Policy:
      - default-src 'none'; frame-ancestors 'none'
      Content-Type:
      - application/json
      Date:
      - Wed, 24 May 2023 09:46:50 GMT
      Server:
      - Scaleway API-Gateway
      Strict-Transport-Security:
      - max-age=63072000
      X-Content-Type-Options:
      - nosniff
      X-Frame-Options:
      - DENY
      X-Request-Id:
      - d9423a6b-4672-4607-b838-8c7c2441f4ca
    status: 200 OK
    code: 200
    duration: ""
- request:
    body: ""
    form: {}
    headers:
      User-Agent:
      - scaleway-sdk-go/v1.0.0-beta.7+dev (go1.20.4; darwin; amd64) terraform-provider/develop
        terraform/terraform-tests
    url: https://api.scaleway.com/lb/v1/zones/fr-par-1/lbs/69d87c7d-7924-472f-87b9-c5b641f72a7e
    method: GET
  response:
    body: '{"backend_count":1,"created_at":"2023-05-24T09:46:19.305724Z","description":"","frontend_count":0,"id":"69d87c7d-7924-472f-87b9-c5b641f72a7e","instances":[{"created_at":"2023-05-24T09:44:19.035330Z","id":"18d7cbc7-63c4-48fe-9d5d-2b9fcbf4e86a","ip_address":"10.64.146.53","region":"fr-par","status":"ready","updated_at":"2023-05-24T09:46:50.315925Z","zone":"fr-par-1"}],"ip":[{"id":"1a659e57-3f17-420d-b648-93102bbaffa6","ip_address":"51.159.206.142","lb_id":"69d87c7d-7924-472f-87b9-c5b641f72a7e","organization_id":"564aa517-68b0-4fd7-8c8c-d21c4bcdcbd5","project_id":"564aa517-68b0-4fd7-8c8c-d21c4bcdcbd5","region":"fr-par","reverse":"51-159-206-142.lb.fr-par.scw.cloud","zone":"fr-par-1"}],"name":"test-lb-acl","organization_id":"564aa517-68b0-4fd7-8c8c-d21c4bcdcbd5","private_network_count":0,"project_id":"564aa517-68b0-4fd7-8c8c-d21c4bcdcbd5","region":"fr-par","route_count":0,"ssl_compatibility_level":"ssl_compatibility_level_intermediate","status":"ready","subscriber":null,"tags":[],"type":"lb-s","updated_at":"2023-05-24T09:46:21.136811Z","zone":"fr-par-1"}'
    headers:
      Content-Length:
      - "1066"
      Content-Security-Policy:
      - default-src 'none'; frame-ancestors 'none'
      Content-Type:
      - application/json
      Date:
      - Wed, 24 May 2023 09:46:50 GMT
      Server:
      - Scaleway API-Gateway
      Strict-Transport-Security:
      - max-age=63072000
      X-Content-Type-Options:
      - nosniff
      X-Frame-Options:
      - DENY
      X-Request-Id:
      - bb459eb6-9b5d-4c6f-b7a3-466d4bb8e80b
    status: 200 OK
    code: 200
    duration: ""
- request:
    body: ""
    form: {}
    headers:
      User-Agent:
      - scaleway-sdk-go/v1.0.0-beta.7+dev (go1.20.4; darwin; amd64) terraform-provider/develop
        terraform/terraform-tests
    url: https://api.scaleway.com/lb/v1/zones/fr-par-1/lbs/69d87c7d-7924-472f-87b9-c5b641f72a7e
    method: GET
  response:
    body: '{"backend_count":1,"created_at":"2023-05-24T09:46:19.305724Z","description":"","frontend_count":0,"id":"69d87c7d-7924-472f-87b9-c5b641f72a7e","instances":[{"created_at":"2023-05-24T09:44:19.035330Z","id":"18d7cbc7-63c4-48fe-9d5d-2b9fcbf4e86a","ip_address":"10.64.146.53","region":"fr-par","status":"ready","updated_at":"2023-05-24T09:46:50.315925Z","zone":"fr-par-1"}],"ip":[{"id":"1a659e57-3f17-420d-b648-93102bbaffa6","ip_address":"51.159.206.142","lb_id":"69d87c7d-7924-472f-87b9-c5b641f72a7e","organization_id":"564aa517-68b0-4fd7-8c8c-d21c4bcdcbd5","project_id":"564aa517-68b0-4fd7-8c8c-d21c4bcdcbd5","region":"fr-par","reverse":"51-159-206-142.lb.fr-par.scw.cloud","zone":"fr-par-1"}],"name":"test-lb-acl","organization_id":"564aa517-68b0-4fd7-8c8c-d21c4bcdcbd5","private_network_count":0,"project_id":"564aa517-68b0-4fd7-8c8c-d21c4bcdcbd5","region":"fr-par","route_count":0,"ssl_compatibility_level":"ssl_compatibility_level_intermediate","status":"ready","subscriber":null,"tags":[],"type":"lb-s","updated_at":"2023-05-24T09:46:21.136811Z","zone":"fr-par-1"}'
    headers:
      Content-Length:
      - "1066"
      Content-Security-Policy:
      - default-src 'none'; frame-ancestors 'none'
      Content-Type:
      - application/json
      Date:
      - Wed, 24 May 2023 09:46:50 GMT
      Server:
      - Scaleway API-Gateway
      Strict-Transport-Security:
      - max-age=63072000
      X-Content-Type-Options:
      - nosniff
      X-Frame-Options:
      - DENY
      X-Request-Id:
      - 8e6d1918-449c-4778-957f-e0d2033c0aef
    status: 200 OK
    code: 200
    duration: ""
- request:
    body: '{"name":"tf-test","inbound_port":80,"backend_id":"8875cd2d-33ea-4e91-8c3c-8227f64f9cb2","certificate_ids":null,"enable_http3":false,"timeout_client":30000}'
    form: {}
    headers:
      Content-Type:
      - application/json
      User-Agent:
      - scaleway-sdk-go/v1.0.0-beta.7+dev (go1.20.4; darwin; amd64) terraform-provider/develop
        terraform/terraform-tests
    url: https://api.scaleway.com/lb/v1/zones/fr-par-1/lbs/69d87c7d-7924-472f-87b9-c5b641f72a7e/frontends
    method: POST
  response:
    body: '{"backend":{"created_at":"2023-05-24T09:46:50.024797Z","failover_host":null,"forward_port":80,"forward_port_algorithm":"roundrobin","forward_protocol":"http","health_check":{"check_delay":60000,"check_max_retries":2,"check_send_proxy":false,"check_timeout":30000,"port":80,"tcp_config":{},"transient_check_delay":null},"id":"8875cd2d-33ea-4e91-8c3c-8227f64f9cb2","ignore_ssl_server_verify":false,"lb":{"backend_count":1,"created_at":"2023-05-24T09:46:19.305724Z","description":"","frontend_count":1,"id":"69d87c7d-7924-472f-87b9-c5b641f72a7e","instances":[],"ip":[{"id":"1a659e57-3f17-420d-b648-93102bbaffa6","ip_address":"51.159.206.142","lb_id":"69d87c7d-7924-472f-87b9-c5b641f72a7e","organization_id":"564aa517-68b0-4fd7-8c8c-d21c4bcdcbd5","project_id":"564aa517-68b0-4fd7-8c8c-d21c4bcdcbd5","region":"fr-par","reverse":"51-159-206-142.lb.fr-par.scw.cloud","zone":"fr-par-1"}],"name":"test-lb-acl","organization_id":"564aa517-68b0-4fd7-8c8c-d21c4bcdcbd5","private_network_count":0,"project_id":"564aa517-68b0-4fd7-8c8c-d21c4bcdcbd5","region":"fr-par","route_count":0,"ssl_compatibility_level":"ssl_compatibility_level_intermediate","status":"ready","subscriber":null,"tags":[],"type":"lb-s","updated_at":"2023-05-24T09:46:21.136811Z","zone":"fr-par-1"},"max_connections":null,"max_retries":null,"name":"tf-lb-bkd-wonderful-euclid","on_marked_down_action":"on_marked_down_action_none","pool":[],"proxy_protocol":"proxy_protocol_none","redispatch_attempt_count":null,"send_proxy_v2":false,"ssl_bridging":false,"sticky_sessions":"none","sticky_sessions_cookie_name":"","timeout_connect":null,"timeout_queue":null,"timeout_server":null,"timeout_tunnel":null,"updated_at":"2023-05-24T09:46:50.024797Z"},"certificate":null,"certificate_ids":[],"created_at":"2023-05-24T09:46:50.676998Z","enable_http3":false,"id":"b7c6d9f4-8926-4be0-99b1-55b46badc3f9","inbound_port":80,"lb":{"backend_count":1,"created_at":"2023-05-24T09:46:19.305724Z","description":"","frontend_count":1,"id":"69d87c7d-7924-472f-87b9-c5b641f72a7e","instances":[{"created_at":"2023-05-24T09:44:19.035330Z","id":"18d7cbc7-63c4-48fe-9d5d-2b9fcbf4e86a","ip_address":"10.64.146.53","region":"fr-par","status":"pending","updated_at":"2023-05-24T09:46:50.731207207Z","zone":"fr-par-1"}],"ip":[{"id":"1a659e57-3f17-420d-b648-93102bbaffa6","ip_address":"51.159.206.142","lb_id":"69d87c7d-7924-472f-87b9-c5b641f72a7e","organization_id":"564aa517-68b0-4fd7-8c8c-d21c4bcdcbd5","project_id":"564aa517-68b0-4fd7-8c8c-d21c4bcdcbd5","region":"fr-par","reverse":"51-159-206-142.lb.fr-par.scw.cloud","zone":"fr-par-1"}],"name":"test-lb-acl","organization_id":"564aa517-68b0-4fd7-8c8c-d21c4bcdcbd5","private_network_count":0,"project_id":"564aa517-68b0-4fd7-8c8c-d21c4bcdcbd5","region":"fr-par","route_count":0,"ssl_compatibility_level":"ssl_compatibility_level_intermediate","status":"ready","subscriber":null,"tags":[],"type":"lb-s","updated_at":"2023-05-24T09:46:21.136811Z","zone":"fr-par-1"},"name":"tf-test","timeout_client":30000,"updated_at":"2023-05-24T09:46:50.676998Z"}'
    headers:
      Content-Length:
      - "3027"
      Content-Security-Policy:
      - default-src 'none'; frame-ancestors 'none'
      Content-Type:
      - application/json
      Date:
      - Wed, 24 May 2023 09:46:50 GMT
      Server:
      - Scaleway API-Gateway
      Strict-Transport-Security:
      - max-age=63072000
      X-Content-Type-Options:
      - nosniff
      X-Frame-Options:
      - DENY
      X-Request-Id:
      - db0146b7-406a-49f2-a916-8eacad1f633a
    status: 200 OK
    code: 200
    duration: ""
- request:
    body: ""
    form: {}
    headers:
      User-Agent:
      - scaleway-sdk-go/v1.0.0-beta.7+dev (go1.20.4; darwin; amd64) terraform-provider/develop
        terraform/terraform-tests
    url: https://api.scaleway.com/lb/v1/zones/fr-par-1/frontends/b7c6d9f4-8926-4be0-99b1-55b46badc3f9
    method: GET
  response:
    body: '{"backend":{"created_at":"2023-05-24T09:46:50.024797Z","failover_host":null,"forward_port":80,"forward_port_algorithm":"roundrobin","forward_protocol":"http","health_check":{"check_delay":60000,"check_max_retries":2,"check_send_proxy":false,"check_timeout":30000,"port":80,"tcp_config":{},"transient_check_delay":null},"id":"8875cd2d-33ea-4e91-8c3c-8227f64f9cb2","ignore_ssl_server_verify":false,"lb":{"backend_count":1,"created_at":"2023-05-24T09:46:19.305724Z","description":"","frontend_count":1,"id":"69d87c7d-7924-472f-87b9-c5b641f72a7e","instances":[],"ip":[{"id":"1a659e57-3f17-420d-b648-93102bbaffa6","ip_address":"51.159.206.142","lb_id":"69d87c7d-7924-472f-87b9-c5b641f72a7e","organization_id":"564aa517-68b0-4fd7-8c8c-d21c4bcdcbd5","project_id":"564aa517-68b0-4fd7-8c8c-d21c4bcdcbd5","region":"fr-par","reverse":"51-159-206-142.lb.fr-par.scw.cloud","zone":"fr-par-1"}],"name":"test-lb-acl","organization_id":"564aa517-68b0-4fd7-8c8c-d21c4bcdcbd5","private_network_count":0,"project_id":"564aa517-68b0-4fd7-8c8c-d21c4bcdcbd5","region":"fr-par","route_count":0,"ssl_compatibility_level":"ssl_compatibility_level_intermediate","status":"ready","subscriber":null,"tags":[],"type":"lb-s","updated_at":"2023-05-24T09:46:21.136811Z","zone":"fr-par-1"},"max_connections":null,"max_retries":null,"name":"tf-lb-bkd-wonderful-euclid","on_marked_down_action":"on_marked_down_action_none","pool":[],"proxy_protocol":"proxy_protocol_none","redispatch_attempt_count":null,"send_proxy_v2":false,"ssl_bridging":false,"sticky_sessions":"none","sticky_sessions_cookie_name":"","timeout_connect":null,"timeout_queue":null,"timeout_server":null,"timeout_tunnel":null,"updated_at":"2023-05-24T09:46:50.024797Z"},"certificate":null,"certificate_ids":[],"created_at":"2023-05-24T09:46:50.676998Z","enable_http3":false,"id":"b7c6d9f4-8926-4be0-99b1-55b46badc3f9","inbound_port":80,"lb":{"backend_count":1,"created_at":"2023-05-24T09:46:19.305724Z","description":"","frontend_count":1,"id":"69d87c7d-7924-472f-87b9-c5b641f72a7e","instances":[],"ip":[{"id":"1a659e57-3f17-420d-b648-93102bbaffa6","ip_address":"51.159.206.142","lb_id":"69d87c7d-7924-472f-87b9-c5b641f72a7e","organization_id":"564aa517-68b0-4fd7-8c8c-d21c4bcdcbd5","project_id":"564aa517-68b0-4fd7-8c8c-d21c4bcdcbd5","region":"fr-par","reverse":"51-159-206-142.lb.fr-par.scw.cloud","zone":"fr-par-1"}],"name":"test-lb-acl","organization_id":"564aa517-68b0-4fd7-8c8c-d21c4bcdcbd5","private_network_count":0,"project_id":"564aa517-68b0-4fd7-8c8c-d21c4bcdcbd5","region":"fr-par","route_count":0,"ssl_compatibility_level":"ssl_compatibility_level_intermediate","status":"ready","subscriber":null,"tags":[],"type":"lb-s","updated_at":"2023-05-24T09:46:21.136811Z","zone":"fr-par-1"},"name":"tf-test","timeout_client":30000,"updated_at":"2023-05-24T09:46:50.676998Z"}'
    headers:
      Content-Length:
      - "2810"
      Content-Security-Policy:
      - default-src 'none'; frame-ancestors 'none'
      Content-Type:
      - application/json
      Date:
      - Wed, 24 May 2023 09:46:51 GMT
      Server:
      - Scaleway API-Gateway
      Strict-Transport-Security:
      - max-age=63072000
      X-Content-Type-Options:
      - nosniff
      X-Frame-Options:
      - DENY
      X-Request-Id:
      - 27ce19bf-6a0a-44dd-abe3-12760a82ba3c
    status: 200 OK
    code: 200
    duration: ""
- request:
    body: '{"name":"test-acl-basic","action":{"type":"allow","redirect":null},"match":{"ip_subnet":["192.168.0.1","192.168.0.2","192.168.10.0/24"],"http_filter":"acl_http_filter_none","http_filter_value":null,"http_filter_option":null,"invert":true},"index":4,"description":"a
      description"}'
    form: {}
    headers:
      Content-Type:
      - application/json
      User-Agent:
      - scaleway-sdk-go/v1.0.0-beta.7+dev (go1.20.4; darwin; amd64) terraform-provider/develop
        terraform/terraform-tests
    url: https://api.scaleway.com/lb/v1/zones/fr-par-1/frontends/b7c6d9f4-8926-4be0-99b1-55b46badc3f9/acls
    method: POST
  response:
    body: '{"action":{"redirect":null,"type":"allow"},"created_at":"2023-05-24T09:46:51.317957378Z","description":"a
      description","frontend":{"backend":{"created_at":"2023-05-24T09:46:50.024797Z","failover_host":null,"forward_port":80,"forward_port_algorithm":"roundrobin","forward_protocol":"http","health_check":{"check_delay":60000,"check_max_retries":2,"check_send_proxy":false,"check_timeout":30000,"port":80,"tcp_config":{},"transient_check_delay":null},"id":"8875cd2d-33ea-4e91-8c3c-8227f64f9cb2","ignore_ssl_server_verify":false,"lb":{"backend_count":1,"created_at":"2023-05-24T09:46:19.305724Z","description":"","frontend_count":1,"id":"69d87c7d-7924-472f-87b9-c5b641f72a7e","instances":[],"ip":[{"id":"1a659e57-3f17-420d-b648-93102bbaffa6","ip_address":"51.159.206.142","lb_id":"69d87c7d-7924-472f-87b9-c5b641f72a7e","organization_id":"564aa517-68b0-4fd7-8c8c-d21c4bcdcbd5","project_id":"564aa517-68b0-4fd7-8c8c-d21c4bcdcbd5","region":"fr-par","reverse":"51-159-206-142.lb.fr-par.scw.cloud","zone":"fr-par-1"}],"name":"test-lb-acl","organization_id":"564aa517-68b0-4fd7-8c8c-d21c4bcdcbd5","private_network_count":0,"project_id":"564aa517-68b0-4fd7-8c8c-d21c4bcdcbd5","region":"fr-par","route_count":0,"ssl_compatibility_level":"ssl_compatibility_level_intermediate","status":"ready","subscriber":null,"tags":[],"type":"lb-s","updated_at":"2023-05-24T09:46:21.136811Z","zone":"fr-par-1"},"max_connections":null,"max_retries":null,"name":"tf-lb-bkd-wonderful-euclid","on_marked_down_action":"on_marked_down_action_none","pool":[],"proxy_protocol":"proxy_protocol_none","redispatch_attempt_count":null,"send_proxy_v2":false,"ssl_bridging":false,"sticky_sessions":"none","sticky_sessions_cookie_name":"","timeout_connect":null,"timeout_queue":null,"timeout_server":null,"timeout_tunnel":null,"updated_at":"2023-05-24T09:46:50.024797Z"},"certificate":null,"certificate_ids":[],"created_at":"2023-05-24T09:46:50.676998Z","enable_http3":false,"id":"b7c6d9f4-8926-4be0-99b1-55b46badc3f9","inbound_port":80,"lb":{"backend_count":1,"created_at":"2023-05-24T09:46:19.305724Z","description":"","frontend_count":1,"id":"69d87c7d-7924-472f-87b9-c5b641f72a7e","instances":[],"ip":[{"id":"1a659e57-3f17-420d-b648-93102bbaffa6","ip_address":"51.159.206.142","lb_id":"69d87c7d-7924-472f-87b9-c5b641f72a7e","organization_id":"564aa517-68b0-4fd7-8c8c-d21c4bcdcbd5","project_id":"564aa517-68b0-4fd7-8c8c-d21c4bcdcbd5","region":"fr-par","reverse":"51-159-206-142.lb.fr-par.scw.cloud","zone":"fr-par-1"}],"name":"test-lb-acl","organization_id":"564aa517-68b0-4fd7-8c8c-d21c4bcdcbd5","private_network_count":0,"project_id":"564aa517-68b0-4fd7-8c8c-d21c4bcdcbd5","region":"fr-par","route_count":0,"ssl_compatibility_level":"ssl_compatibility_level_intermediate","status":"ready","subscriber":null,"tags":[],"type":"lb-s","updated_at":"2023-05-24T09:46:21.136811Z","zone":"fr-par-1"},"name":"tf-test","timeout_client":30000,"updated_at":"2023-05-24T09:46:50.676998Z"},"id":"f2c7296f-1a50-4f1a-b16e-694e3704e3f0","index":4,"match":{"http_filter":"acl_http_filter_none","http_filter_option":null,"http_filter_value":[],"invert":true,"ip_subnet":["192.168.0.1","192.168.0.2","192.168.10.0/24"]},"name":"test-acl-basic","updated_at":"2023-05-24T09:46:51.317957378Z"}'
    headers:
      Content-Length:
      - "3235"
      Content-Security-Policy:
      - default-src 'none'; frame-ancestors 'none'
      Content-Type:
      - application/json
      Date:
      - Wed, 24 May 2023 09:46:51 GMT
      Server:
      - Scaleway API-Gateway
      Strict-Transport-Security:
      - max-age=63072000
      X-Content-Type-Options:
      - nosniff
      X-Frame-Options:
      - DENY
      X-Request-Id:
      - f5161f79-035a-49df-9102-447984f111fd
    status: 200 OK
    code: 200
    duration: ""
- request:
    body: ""
    form: {}
    headers:
      User-Agent:
      - scaleway-sdk-go/v1.0.0-beta.7+dev (go1.20.4; darwin; amd64) terraform-provider/develop
        terraform/terraform-tests
    url: https://api.scaleway.com/lb/v1/zones/fr-par-1/acls/f2c7296f-1a50-4f1a-b16e-694e3704e3f0
    method: GET
  response:
    body: '{"action":{"redirect":null,"type":"allow"},"created_at":"2023-05-24T09:46:51.317957Z","description":"a
      description","frontend":{"backend":{"created_at":"2023-05-24T09:46:50.024797Z","failover_host":null,"forward_port":80,"forward_port_algorithm":"roundrobin","forward_protocol":"http","health_check":{"check_delay":60000,"check_max_retries":2,"check_send_proxy":false,"check_timeout":30000,"port":80,"tcp_config":{},"transient_check_delay":null},"id":"8875cd2d-33ea-4e91-8c3c-8227f64f9cb2","ignore_ssl_server_verify":false,"lb":{"backend_count":1,"created_at":"2023-05-24T09:46:19.305724Z","description":"","frontend_count":1,"id":"69d87c7d-7924-472f-87b9-c5b641f72a7e","instances":[],"ip":[{"id":"1a659e57-3f17-420d-b648-93102bbaffa6","ip_address":"51.159.206.142","lb_id":"69d87c7d-7924-472f-87b9-c5b641f72a7e","organization_id":"564aa517-68b0-4fd7-8c8c-d21c4bcdcbd5","project_id":"564aa517-68b0-4fd7-8c8c-d21c4bcdcbd5","region":"fr-par","reverse":"51-159-206-142.lb.fr-par.scw.cloud","zone":"fr-par-1"}],"name":"test-lb-acl","organization_id":"564aa517-68b0-4fd7-8c8c-d21c4bcdcbd5","private_network_count":0,"project_id":"564aa517-68b0-4fd7-8c8c-d21c4bcdcbd5","region":"fr-par","route_count":0,"ssl_compatibility_level":"ssl_compatibility_level_intermediate","status":"ready","subscriber":null,"tags":[],"type":"lb-s","updated_at":"2023-05-24T09:46:21.136811Z","zone":"fr-par-1"},"max_connections":null,"max_retries":null,"name":"tf-lb-bkd-wonderful-euclid","on_marked_down_action":"on_marked_down_action_none","pool":[],"proxy_protocol":"proxy_protocol_none","redispatch_attempt_count":null,"send_proxy_v2":false,"ssl_bridging":false,"sticky_sessions":"none","sticky_sessions_cookie_name":"","timeout_connect":null,"timeout_queue":null,"timeout_server":null,"timeout_tunnel":null,"updated_at":"2023-05-24T09:46:50.024797Z"},"certificate":null,"certificate_ids":[],"created_at":"2023-05-24T09:46:50.676998Z","enable_http3":false,"id":"b7c6d9f4-8926-4be0-99b1-55b46badc3f9","inbound_port":80,"lb":{"backend_count":1,"created_at":"2023-05-24T09:46:19.305724Z","description":"","frontend_count":1,"id":"69d87c7d-7924-472f-87b9-c5b641f72a7e","instances":[],"ip":[{"id":"1a659e57-3f17-420d-b648-93102bbaffa6","ip_address":"51.159.206.142","lb_id":"69d87c7d-7924-472f-87b9-c5b641f72a7e","organization_id":"564aa517-68b0-4fd7-8c8c-d21c4bcdcbd5","project_id":"564aa517-68b0-4fd7-8c8c-d21c4bcdcbd5","region":"fr-par","reverse":"51-159-206-142.lb.fr-par.scw.cloud","zone":"fr-par-1"}],"name":"test-lb-acl","organization_id":"564aa517-68b0-4fd7-8c8c-d21c4bcdcbd5","private_network_count":0,"project_id":"564aa517-68b0-4fd7-8c8c-d21c4bcdcbd5","region":"fr-par","route_count":0,"ssl_compatibility_level":"ssl_compatibility_level_intermediate","status":"ready","subscriber":null,"tags":[],"type":"lb-s","updated_at":"2023-05-24T09:46:21.136811Z","zone":"fr-par-1"},"name":"tf-test","timeout_client":30000,"updated_at":"2023-05-24T09:46:50.676998Z"},"id":"f2c7296f-1a50-4f1a-b16e-694e3704e3f0","index":4,"match":{"http_filter":"acl_http_filter_none","http_filter_option":null,"http_filter_value":[],"invert":true,"ip_subnet":["192.168.0.1","192.168.0.2","192.168.10.0/24"]},"name":"test-acl-basic","updated_at":"2023-05-24T09:46:51.317957Z"}'
    headers:
      Content-Length:
      - "3229"
      Content-Security-Policy:
      - default-src 'none'; frame-ancestors 'none'
      Content-Type:
      - application/json
      Date:
      - Wed, 24 May 2023 09:46:51 GMT
      Server:
      - Scaleway API-Gateway
      Strict-Transport-Security:
      - max-age=63072000
      X-Content-Type-Options:
      - nosniff
      X-Frame-Options:
      - DENY
      X-Request-Id:
      - f56338b8-fee1-4a16-98a7-73d046fd317b
    status: 200 OK
    code: 200
    duration: ""
- request:
    body: ""
    form: {}
    headers:
      User-Agent:
      - scaleway-sdk-go/v1.0.0-beta.7+dev (go1.20.4; darwin; amd64) terraform-provider/develop
        terraform/terraform-tests
    url: https://api.scaleway.com/lb/v1/zones/fr-par-1/acls/f2c7296f-1a50-4f1a-b16e-694e3704e3f0
    method: GET
  response:
    body: '{"action":{"redirect":null,"type":"allow"},"created_at":"2023-05-24T09:46:51.317957Z","description":"a
      description","frontend":{"backend":{"created_at":"2023-05-24T09:46:50.024797Z","failover_host":null,"forward_port":80,"forward_port_algorithm":"roundrobin","forward_protocol":"http","health_check":{"check_delay":60000,"check_max_retries":2,"check_send_proxy":false,"check_timeout":30000,"port":80,"tcp_config":{},"transient_check_delay":null},"id":"8875cd2d-33ea-4e91-8c3c-8227f64f9cb2","ignore_ssl_server_verify":false,"lb":{"backend_count":1,"created_at":"2023-05-24T09:46:19.305724Z","description":"","frontend_count":1,"id":"69d87c7d-7924-472f-87b9-c5b641f72a7e","instances":[],"ip":[{"id":"1a659e57-3f17-420d-b648-93102bbaffa6","ip_address":"51.159.206.142","lb_id":"69d87c7d-7924-472f-87b9-c5b641f72a7e","organization_id":"564aa517-68b0-4fd7-8c8c-d21c4bcdcbd5","project_id":"564aa517-68b0-4fd7-8c8c-d21c4bcdcbd5","region":"fr-par","reverse":"51-159-206-142.lb.fr-par.scw.cloud","zone":"fr-par-1"}],"name":"test-lb-acl","organization_id":"564aa517-68b0-4fd7-8c8c-d21c4bcdcbd5","private_network_count":0,"project_id":"564aa517-68b0-4fd7-8c8c-d21c4bcdcbd5","region":"fr-par","route_count":0,"ssl_compatibility_level":"ssl_compatibility_level_intermediate","status":"ready","subscriber":null,"tags":[],"type":"lb-s","updated_at":"2023-05-24T09:46:21.136811Z","zone":"fr-par-1"},"max_connections":null,"max_retries":null,"name":"tf-lb-bkd-wonderful-euclid","on_marked_down_action":"on_marked_down_action_none","pool":[],"proxy_protocol":"proxy_protocol_none","redispatch_attempt_count":null,"send_proxy_v2":false,"ssl_bridging":false,"sticky_sessions":"none","sticky_sessions_cookie_name":"","timeout_connect":null,"timeout_queue":null,"timeout_server":null,"timeout_tunnel":null,"updated_at":"2023-05-24T09:46:50.024797Z"},"certificate":null,"certificate_ids":[],"created_at":"2023-05-24T09:46:50.676998Z","enable_http3":false,"id":"b7c6d9f4-8926-4be0-99b1-55b46badc3f9","inbound_port":80,"lb":{"backend_count":1,"created_at":"2023-05-24T09:46:19.305724Z","description":"","frontend_count":1,"id":"69d87c7d-7924-472f-87b9-c5b641f72a7e","instances":[],"ip":[{"id":"1a659e57-3f17-420d-b648-93102bbaffa6","ip_address":"51.159.206.142","lb_id":"69d87c7d-7924-472f-87b9-c5b641f72a7e","organization_id":"564aa517-68b0-4fd7-8c8c-d21c4bcdcbd5","project_id":"564aa517-68b0-4fd7-8c8c-d21c4bcdcbd5","region":"fr-par","reverse":"51-159-206-142.lb.fr-par.scw.cloud","zone":"fr-par-1"}],"name":"test-lb-acl","organization_id":"564aa517-68b0-4fd7-8c8c-d21c4bcdcbd5","private_network_count":0,"project_id":"564aa517-68b0-4fd7-8c8c-d21c4bcdcbd5","region":"fr-par","route_count":0,"ssl_compatibility_level":"ssl_compatibility_level_intermediate","status":"ready","subscriber":null,"tags":[],"type":"lb-s","updated_at":"2023-05-24T09:46:21.136811Z","zone":"fr-par-1"},"name":"tf-test","timeout_client":30000,"updated_at":"2023-05-24T09:46:50.676998Z"},"id":"f2c7296f-1a50-4f1a-b16e-694e3704e3f0","index":4,"match":{"http_filter":"acl_http_filter_none","http_filter_option":null,"http_filter_value":[],"invert":true,"ip_subnet":["192.168.0.1","192.168.0.2","192.168.10.0/24"]},"name":"test-acl-basic","updated_at":"2023-05-24T09:46:51.317957Z"}'
    headers:
      Content-Length:
      - "3229"
      Content-Security-Policy:
      - default-src 'none'; frame-ancestors 'none'
      Content-Type:
      - application/json
      Date:
      - Wed, 24 May 2023 09:46:51 GMT
      Server:
      - Scaleway API-Gateway
      Strict-Transport-Security:
      - max-age=63072000
      X-Content-Type-Options:
      - nosniff
      X-Frame-Options:
      - DENY
      X-Request-Id:
      - d5580b81-b6bc-4fb9-94c7-0eb8bb30eaed
    status: 200 OK
    code: 200
    duration: ""
- request:
    body: ""
    form: {}
    headers:
      User-Agent:
      - scaleway-sdk-go/v1.0.0-beta.7+dev (go1.20.4; darwin; amd64) terraform-provider/develop
        terraform/terraform-tests
    url: https://api.scaleway.com/lb/v1/zones/fr-par-1/ips/1a659e57-3f17-420d-b648-93102bbaffa6
    method: GET
  response:
    body: '{"id":"1a659e57-3f17-420d-b648-93102bbaffa6","ip_address":"51.159.206.142","lb_id":"69d87c7d-7924-472f-87b9-c5b641f72a7e","organization_id":"564aa517-68b0-4fd7-8c8c-d21c4bcdcbd5","project_id":"564aa517-68b0-4fd7-8c8c-d21c4bcdcbd5","region":"fr-par","reverse":"51-159-206-142.lb.fr-par.scw.cloud","zone":"fr-par-1"}'
    headers:
      Content-Length:
      - "314"
      Content-Security-Policy:
      - default-src 'none'; frame-ancestors 'none'
      Content-Type:
      - application/json
      Date:
      - Wed, 24 May 2023 09:46:52 GMT
      Server:
      - Scaleway API-Gateway
      Strict-Transport-Security:
      - max-age=63072000
      X-Content-Type-Options:
      - nosniff
      X-Frame-Options:
      - DENY
      X-Request-Id:
      - 17293f7a-dc3b-4b34-9d9c-ad9e60499a77
    status: 200 OK
    code: 200
    duration: ""
- request:
    body: ""
    form: {}
    headers:
      User-Agent:
      - scaleway-sdk-go/v1.0.0-beta.7+dev (go1.20.4; darwin; amd64) terraform-provider/develop
        terraform/terraform-tests
    url: https://api.scaleway.com/lb/v1/zones/fr-par-1/lbs/69d87c7d-7924-472f-87b9-c5b641f72a7e
    method: GET
  response:
    body: '{"backend_count":1,"created_at":"2023-05-24T09:46:19.305724Z","description":"","frontend_count":1,"id":"69d87c7d-7924-472f-87b9-c5b641f72a7e","instances":[{"created_at":"2023-05-24T09:44:19.035330Z","id":"18d7cbc7-63c4-48fe-9d5d-2b9fcbf4e86a","ip_address":"10.64.146.53","region":"fr-par","status":"ready","updated_at":"2023-05-24T09:46:51.707838Z","zone":"fr-par-1"}],"ip":[{"id":"1a659e57-3f17-420d-b648-93102bbaffa6","ip_address":"51.159.206.142","lb_id":"69d87c7d-7924-472f-87b9-c5b641f72a7e","organization_id":"564aa517-68b0-4fd7-8c8c-d21c4bcdcbd5","project_id":"564aa517-68b0-4fd7-8c8c-d21c4bcdcbd5","region":"fr-par","reverse":"51-159-206-142.lb.fr-par.scw.cloud","zone":"fr-par-1"}],"name":"test-lb-acl","organization_id":"564aa517-68b0-4fd7-8c8c-d21c4bcdcbd5","private_network_count":0,"project_id":"564aa517-68b0-4fd7-8c8c-d21c4bcdcbd5","region":"fr-par","route_count":0,"ssl_compatibility_level":"ssl_compatibility_level_intermediate","status":"ready","subscriber":null,"tags":[],"type":"lb-s","updated_at":"2023-05-24T09:46:21.136811Z","zone":"fr-par-1"}'
    headers:
      Content-Length:
      - "1066"
      Content-Security-Policy:
      - default-src 'none'; frame-ancestors 'none'
      Content-Type:
      - application/json
      Date:
      - Wed, 24 May 2023 09:46:52 GMT
      Server:
      - Scaleway API-Gateway
      Strict-Transport-Security:
      - max-age=63072000
      X-Content-Type-Options:
      - nosniff
      X-Frame-Options:
      - DENY
      X-Request-Id:
      - 7be73ec5-4b3b-43bc-9b0e-052d1948c970
    status: 200 OK
    code: 200
    duration: ""
- request:
    body: ""
    form: {}
    headers:
      User-Agent:
      - scaleway-sdk-go/v1.0.0-beta.7+dev (go1.20.4; darwin; amd64) terraform-provider/develop
        terraform/terraform-tests
    url: https://api.scaleway.com/lb/v1/zones/fr-par-1/lbs/69d87c7d-7924-472f-87b9-c5b641f72a7e
    method: GET
  response:
    body: '{"backend_count":1,"created_at":"2023-05-24T09:46:19.305724Z","description":"","frontend_count":1,"id":"69d87c7d-7924-472f-87b9-c5b641f72a7e","instances":[{"created_at":"2023-05-24T09:44:19.035330Z","id":"18d7cbc7-63c4-48fe-9d5d-2b9fcbf4e86a","ip_address":"10.64.146.53","region":"fr-par","status":"ready","updated_at":"2023-05-24T09:46:51.707838Z","zone":"fr-par-1"}],"ip":[{"id":"1a659e57-3f17-420d-b648-93102bbaffa6","ip_address":"51.159.206.142","lb_id":"69d87c7d-7924-472f-87b9-c5b641f72a7e","organization_id":"564aa517-68b0-4fd7-8c8c-d21c4bcdcbd5","project_id":"564aa517-68b0-4fd7-8c8c-d21c4bcdcbd5","region":"fr-par","reverse":"51-159-206-142.lb.fr-par.scw.cloud","zone":"fr-par-1"}],"name":"test-lb-acl","organization_id":"564aa517-68b0-4fd7-8c8c-d21c4bcdcbd5","private_network_count":0,"project_id":"564aa517-68b0-4fd7-8c8c-d21c4bcdcbd5","region":"fr-par","route_count":0,"ssl_compatibility_level":"ssl_compatibility_level_intermediate","status":"ready","subscriber":null,"tags":[],"type":"lb-s","updated_at":"2023-05-24T09:46:21.136811Z","zone":"fr-par-1"}'
    headers:
      Content-Length:
      - "1066"
      Content-Security-Policy:
      - default-src 'none'; frame-ancestors 'none'
      Content-Type:
      - application/json
      Date:
      - Wed, 24 May 2023 09:46:52 GMT
      Server:
      - Scaleway API-Gateway
      Strict-Transport-Security:
      - max-age=63072000
      X-Content-Type-Options:
      - nosniff
      X-Frame-Options:
      - DENY
      X-Request-Id:
      - b4e53c30-e0fc-4197-8d3d-e288a39930fb
    status: 200 OK
    code: 200
    duration: ""
- request:
    body: ""
    form: {}
    headers:
      User-Agent:
      - scaleway-sdk-go/v1.0.0-beta.7+dev (go1.20.4; darwin; amd64) terraform-provider/develop
        terraform/terraform-tests
    url: https://api.scaleway.com/lb/v1/zones/fr-par-1/lbs/69d87c7d-7924-472f-87b9-c5b641f72a7e/private-networks?order_by=created_at_asc
    method: GET
  response:
    body: '{"private_network":[],"total_count":0}'
    headers:
      Content-Length:
      - "38"
      Content-Security-Policy:
      - default-src 'none'; frame-ancestors 'none'
      Content-Type:
      - application/json
      Date:
      - Wed, 24 May 2023 09:46:52 GMT
      Server:
      - Scaleway API-Gateway
      Strict-Transport-Security:
      - max-age=63072000
      X-Content-Type-Options:
      - nosniff
      X-Frame-Options:
      - DENY
      X-Request-Id:
      - cfa5bb61-8374-4fce-a65d-5ea493e8f8a8
    status: 200 OK
    code: 200
    duration: ""
- request:
    body: ""
    form: {}
    headers:
      User-Agent:
      - scaleway-sdk-go/v1.0.0-beta.7+dev (go1.20.4; darwin; amd64) terraform-provider/develop
        terraform/terraform-tests
    url: https://api.scaleway.com/lb/v1/zones/fr-par-1/backends/8875cd2d-33ea-4e91-8c3c-8227f64f9cb2
    method: GET
  response:
    body: '{"created_at":"2023-05-24T09:46:50.024797Z","failover_host":null,"forward_port":80,"forward_port_algorithm":"roundrobin","forward_protocol":"http","health_check":{"check_delay":60000,"check_max_retries":2,"check_send_proxy":false,"check_timeout":30000,"port":80,"tcp_config":{},"transient_check_delay":null},"id":"8875cd2d-33ea-4e91-8c3c-8227f64f9cb2","ignore_ssl_server_verify":false,"lb":{"backend_count":1,"created_at":"2023-05-24T09:46:19.305724Z","description":"","frontend_count":1,"id":"69d87c7d-7924-472f-87b9-c5b641f72a7e","instances":[{"created_at":"2023-05-24T09:44:19.035330Z","id":"18d7cbc7-63c4-48fe-9d5d-2b9fcbf4e86a","ip_address":"10.64.146.53","region":"fr-par","status":"ready","updated_at":"2023-05-24T09:46:51.707838Z","zone":"fr-par-1"}],"ip":[{"id":"1a659e57-3f17-420d-b648-93102bbaffa6","ip_address":"51.159.206.142","lb_id":"69d87c7d-7924-472f-87b9-c5b641f72a7e","organization_id":"564aa517-68b0-4fd7-8c8c-d21c4bcdcbd5","project_id":"564aa517-68b0-4fd7-8c8c-d21c4bcdcbd5","region":"fr-par","reverse":"51-159-206-142.lb.fr-par.scw.cloud","zone":"fr-par-1"}],"name":"test-lb-acl","organization_id":"564aa517-68b0-4fd7-8c8c-d21c4bcdcbd5","private_network_count":0,"project_id":"564aa517-68b0-4fd7-8c8c-d21c4bcdcbd5","region":"fr-par","route_count":0,"ssl_compatibility_level":"ssl_compatibility_level_intermediate","status":"ready","subscriber":null,"tags":[],"type":"lb-s","updated_at":"2023-05-24T09:46:21.136811Z","zone":"fr-par-1"},"max_connections":null,"max_retries":null,"name":"tf-lb-bkd-wonderful-euclid","on_marked_down_action":"on_marked_down_action_none","pool":[],"proxy_protocol":"proxy_protocol_none","redispatch_attempt_count":null,"send_proxy_v2":false,"ssl_bridging":false,"sticky_sessions":"none","sticky_sessions_cookie_name":"","timeout_connect":null,"timeout_queue":null,"timeout_server":null,"timeout_tunnel":null,"updated_at":"2023-05-24T09:46:50.024797Z"}'
    headers:
      Content-Length:
      - "1901"
      Content-Security-Policy:
      - default-src 'none'; frame-ancestors 'none'
      Content-Type:
      - application/json
      Date:
      - Wed, 24 May 2023 09:46:52 GMT
      Server:
      - Scaleway API-Gateway
      Strict-Transport-Security:
      - max-age=63072000
      X-Content-Type-Options:
      - nosniff
      X-Frame-Options:
      - DENY
      X-Request-Id:
      - 3f0bf0b6-30e2-4d40-847e-908dd14c5c8f
    status: 200 OK
    code: 200
    duration: ""
- request:
    body: ""
    form: {}
    headers:
      User-Agent:
      - scaleway-sdk-go/v1.0.0-beta.7+dev (go1.20.4; darwin; amd64) terraform-provider/develop
        terraform/terraform-tests
    url: https://api.scaleway.com/lb/v1/zones/fr-par-1/lbs/69d87c7d-7924-472f-87b9-c5b641f72a7e
    method: GET
  response:
    body: '{"backend_count":1,"created_at":"2023-05-24T09:46:19.305724Z","description":"","frontend_count":1,"id":"69d87c7d-7924-472f-87b9-c5b641f72a7e","instances":[{"created_at":"2023-05-24T09:44:19.035330Z","id":"18d7cbc7-63c4-48fe-9d5d-2b9fcbf4e86a","ip_address":"10.64.146.53","region":"fr-par","status":"ready","updated_at":"2023-05-24T09:46:51.707838Z","zone":"fr-par-1"}],"ip":[{"id":"1a659e57-3f17-420d-b648-93102bbaffa6","ip_address":"51.159.206.142","lb_id":"69d87c7d-7924-472f-87b9-c5b641f72a7e","organization_id":"564aa517-68b0-4fd7-8c8c-d21c4bcdcbd5","project_id":"564aa517-68b0-4fd7-8c8c-d21c4bcdcbd5","region":"fr-par","reverse":"51-159-206-142.lb.fr-par.scw.cloud","zone":"fr-par-1"}],"name":"test-lb-acl","organization_id":"564aa517-68b0-4fd7-8c8c-d21c4bcdcbd5","private_network_count":0,"project_id":"564aa517-68b0-4fd7-8c8c-d21c4bcdcbd5","region":"fr-par","route_count":0,"ssl_compatibility_level":"ssl_compatibility_level_intermediate","status":"ready","subscriber":null,"tags":[],"type":"lb-s","updated_at":"2023-05-24T09:46:21.136811Z","zone":"fr-par-1"}'
    headers:
      Content-Length:
      - "1066"
      Content-Security-Policy:
      - default-src 'none'; frame-ancestors 'none'
      Content-Type:
      - application/json
      Date:
      - Wed, 24 May 2023 09:46:52 GMT
      Server:
      - Scaleway API-Gateway
      Strict-Transport-Security:
      - max-age=63072000
      X-Content-Type-Options:
      - nosniff
      X-Frame-Options:
      - DENY
      X-Request-Id:
      - 322490dc-a8f3-41d7-9d7e-95bfcf7408a3
    status: 200 OK
    code: 200
    duration: ""
- request:
    body: ""
    form: {}
    headers:
      User-Agent:
      - scaleway-sdk-go/v1.0.0-beta.7+dev (go1.20.4; darwin; amd64) terraform-provider/develop
        terraform/terraform-tests
    url: https://api.scaleway.com/lb/v1/zones/fr-par-1/frontends/b7c6d9f4-8926-4be0-99b1-55b46badc3f9
    method: GET
  response:
    body: '{"backend":{"created_at":"2023-05-24T09:46:50.024797Z","failover_host":null,"forward_port":80,"forward_port_algorithm":"roundrobin","forward_protocol":"http","health_check":{"check_delay":60000,"check_max_retries":2,"check_send_proxy":false,"check_timeout":30000,"port":80,"tcp_config":{},"transient_check_delay":null},"id":"8875cd2d-33ea-4e91-8c3c-8227f64f9cb2","ignore_ssl_server_verify":false,"lb":{"backend_count":1,"created_at":"2023-05-24T09:46:19.305724Z","description":"","frontend_count":1,"id":"69d87c7d-7924-472f-87b9-c5b641f72a7e","instances":[],"ip":[{"id":"1a659e57-3f17-420d-b648-93102bbaffa6","ip_address":"51.159.206.142","lb_id":"69d87c7d-7924-472f-87b9-c5b641f72a7e","organization_id":"564aa517-68b0-4fd7-8c8c-d21c4bcdcbd5","project_id":"564aa517-68b0-4fd7-8c8c-d21c4bcdcbd5","region":"fr-par","reverse":"51-159-206-142.lb.fr-par.scw.cloud","zone":"fr-par-1"}],"name":"test-lb-acl","organization_id":"564aa517-68b0-4fd7-8c8c-d21c4bcdcbd5","private_network_count":0,"project_id":"564aa517-68b0-4fd7-8c8c-d21c4bcdcbd5","region":"fr-par","route_count":0,"ssl_compatibility_level":"ssl_compatibility_level_intermediate","status":"ready","subscriber":null,"tags":[],"type":"lb-s","updated_at":"2023-05-24T09:46:21.136811Z","zone":"fr-par-1"},"max_connections":null,"max_retries":null,"name":"tf-lb-bkd-wonderful-euclid","on_marked_down_action":"on_marked_down_action_none","pool":[],"proxy_protocol":"proxy_protocol_none","redispatch_attempt_count":null,"send_proxy_v2":false,"ssl_bridging":false,"sticky_sessions":"none","sticky_sessions_cookie_name":"","timeout_connect":null,"timeout_queue":null,"timeout_server":null,"timeout_tunnel":null,"updated_at":"2023-05-24T09:46:50.024797Z"},"certificate":null,"certificate_ids":[],"created_at":"2023-05-24T09:46:50.676998Z","enable_http3":false,"id":"b7c6d9f4-8926-4be0-99b1-55b46badc3f9","inbound_port":80,"lb":{"backend_count":1,"created_at":"2023-05-24T09:46:19.305724Z","description":"","frontend_count":1,"id":"69d87c7d-7924-472f-87b9-c5b641f72a7e","instances":[],"ip":[{"id":"1a659e57-3f17-420d-b648-93102bbaffa6","ip_address":"51.159.206.142","lb_id":"69d87c7d-7924-472f-87b9-c5b641f72a7e","organization_id":"564aa517-68b0-4fd7-8c8c-d21c4bcdcbd5","project_id":"564aa517-68b0-4fd7-8c8c-d21c4bcdcbd5","region":"fr-par","reverse":"51-159-206-142.lb.fr-par.scw.cloud","zone":"fr-par-1"}],"name":"test-lb-acl","organization_id":"564aa517-68b0-4fd7-8c8c-d21c4bcdcbd5","private_network_count":0,"project_id":"564aa517-68b0-4fd7-8c8c-d21c4bcdcbd5","region":"fr-par","route_count":0,"ssl_compatibility_level":"ssl_compatibility_level_intermediate","status":"ready","subscriber":null,"tags":[],"type":"lb-s","updated_at":"2023-05-24T09:46:21.136811Z","zone":"fr-par-1"},"name":"tf-test","timeout_client":30000,"updated_at":"2023-05-24T09:46:50.676998Z"}'
    headers:
      Content-Length:
      - "2810"
      Content-Security-Policy:
      - default-src 'none'; frame-ancestors 'none'
      Content-Type:
      - application/json
      Date:
      - Wed, 24 May 2023 09:46:52 GMT
      Server:
      - Scaleway API-Gateway
      Strict-Transport-Security:
      - max-age=63072000
      X-Content-Type-Options:
      - nosniff
      X-Frame-Options:
      - DENY
      X-Request-Id:
      - e38398fa-2bd8-4f65-bd9e-d239f82cfe68
    status: 200 OK
    code: 200
    duration: ""
- request:
    body: ""
    form: {}
    headers:
      User-Agent:
      - scaleway-sdk-go/v1.0.0-beta.7+dev (go1.20.4; darwin; amd64) terraform-provider/develop
        terraform/terraform-tests
    url: https://api.scaleway.com/lb/v1/zones/fr-par-1/acls/f2c7296f-1a50-4f1a-b16e-694e3704e3f0
    method: GET
  response:
    body: '{"action":{"redirect":null,"type":"allow"},"created_at":"2023-05-24T09:46:51.317957Z","description":"a
      description","frontend":{"backend":{"created_at":"2023-05-24T09:46:50.024797Z","failover_host":null,"forward_port":80,"forward_port_algorithm":"roundrobin","forward_protocol":"http","health_check":{"check_delay":60000,"check_max_retries":2,"check_send_proxy":false,"check_timeout":30000,"port":80,"tcp_config":{},"transient_check_delay":null},"id":"8875cd2d-33ea-4e91-8c3c-8227f64f9cb2","ignore_ssl_server_verify":false,"lb":{"backend_count":1,"created_at":"2023-05-24T09:46:19.305724Z","description":"","frontend_count":1,"id":"69d87c7d-7924-472f-87b9-c5b641f72a7e","instances":[],"ip":[{"id":"1a659e57-3f17-420d-b648-93102bbaffa6","ip_address":"51.159.206.142","lb_id":"69d87c7d-7924-472f-87b9-c5b641f72a7e","organization_id":"564aa517-68b0-4fd7-8c8c-d21c4bcdcbd5","project_id":"564aa517-68b0-4fd7-8c8c-d21c4bcdcbd5","region":"fr-par","reverse":"51-159-206-142.lb.fr-par.scw.cloud","zone":"fr-par-1"}],"name":"test-lb-acl","organization_id":"564aa517-68b0-4fd7-8c8c-d21c4bcdcbd5","private_network_count":0,"project_id":"564aa517-68b0-4fd7-8c8c-d21c4bcdcbd5","region":"fr-par","route_count":0,"ssl_compatibility_level":"ssl_compatibility_level_intermediate","status":"ready","subscriber":null,"tags":[],"type":"lb-s","updated_at":"2023-05-24T09:46:21.136811Z","zone":"fr-par-1"},"max_connections":null,"max_retries":null,"name":"tf-lb-bkd-wonderful-euclid","on_marked_down_action":"on_marked_down_action_none","pool":[],"proxy_protocol":"proxy_protocol_none","redispatch_attempt_count":null,"send_proxy_v2":false,"ssl_bridging":false,"sticky_sessions":"none","sticky_sessions_cookie_name":"","timeout_connect":null,"timeout_queue":null,"timeout_server":null,"timeout_tunnel":null,"updated_at":"2023-05-24T09:46:50.024797Z"},"certificate":null,"certificate_ids":[],"created_at":"2023-05-24T09:46:50.676998Z","enable_http3":false,"id":"b7c6d9f4-8926-4be0-99b1-55b46badc3f9","inbound_port":80,"lb":{"backend_count":1,"created_at":"2023-05-24T09:46:19.305724Z","description":"","frontend_count":1,"id":"69d87c7d-7924-472f-87b9-c5b641f72a7e","instances":[],"ip":[{"id":"1a659e57-3f17-420d-b648-93102bbaffa6","ip_address":"51.159.206.142","lb_id":"69d87c7d-7924-472f-87b9-c5b641f72a7e","organization_id":"564aa517-68b0-4fd7-8c8c-d21c4bcdcbd5","project_id":"564aa517-68b0-4fd7-8c8c-d21c4bcdcbd5","region":"fr-par","reverse":"51-159-206-142.lb.fr-par.scw.cloud","zone":"fr-par-1"}],"name":"test-lb-acl","organization_id":"564aa517-68b0-4fd7-8c8c-d21c4bcdcbd5","private_network_count":0,"project_id":"564aa517-68b0-4fd7-8c8c-d21c4bcdcbd5","region":"fr-par","route_count":0,"ssl_compatibility_level":"ssl_compatibility_level_intermediate","status":"ready","subscriber":null,"tags":[],"type":"lb-s","updated_at":"2023-05-24T09:46:21.136811Z","zone":"fr-par-1"},"name":"tf-test","timeout_client":30000,"updated_at":"2023-05-24T09:46:50.676998Z"},"id":"f2c7296f-1a50-4f1a-b16e-694e3704e3f0","index":4,"match":{"http_filter":"acl_http_filter_none","http_filter_option":null,"http_filter_value":[],"invert":true,"ip_subnet":["192.168.0.1","192.168.0.2","192.168.10.0/24"]},"name":"test-acl-basic","updated_at":"2023-05-24T09:46:51.317957Z"}'
    headers:
      Content-Length:
      - "3229"
      Content-Security-Policy:
      - default-src 'none'; frame-ancestors 'none'
      Content-Type:
      - application/json
      Date:
      - Wed, 24 May 2023 09:46:52 GMT
      Server:
      - Scaleway API-Gateway
      Strict-Transport-Security:
      - max-age=63072000
      X-Content-Type-Options:
      - nosniff
      X-Frame-Options:
      - DENY
      X-Request-Id:
      - 075a671c-c8d7-49bb-b590-09e34e041d2c
    status: 200 OK
    code: 200
    duration: ""
- request:
    body: ""
    form: {}
    headers:
      User-Agent:
      - scaleway-sdk-go/v1.0.0-beta.7+dev (go1.20.4; darwin; amd64) terraform-provider/develop
        terraform/terraform-tests
    url: https://api.scaleway.com/lb/v1/zones/fr-par-1/ips/1a659e57-3f17-420d-b648-93102bbaffa6
    method: GET
  response:
    body: '{"id":"1a659e57-3f17-420d-b648-93102bbaffa6","ip_address":"51.159.206.142","lb_id":"69d87c7d-7924-472f-87b9-c5b641f72a7e","organization_id":"564aa517-68b0-4fd7-8c8c-d21c4bcdcbd5","project_id":"564aa517-68b0-4fd7-8c8c-d21c4bcdcbd5","region":"fr-par","reverse":"51-159-206-142.lb.fr-par.scw.cloud","zone":"fr-par-1"}'
    headers:
      Content-Length:
      - "314"
      Content-Security-Policy:
      - default-src 'none'; frame-ancestors 'none'
      Content-Type:
      - application/json
      Date:
      - Wed, 24 May 2023 09:46:53 GMT
      Server:
      - Scaleway API-Gateway
      Strict-Transport-Security:
      - max-age=63072000
      X-Content-Type-Options:
      - nosniff
      X-Frame-Options:
      - DENY
      X-Request-Id:
      - 47f52f7e-9baf-4ebe-abfa-a98f028a86fe
    status: 200 OK
    code: 200
    duration: ""
- request:
    body: ""
    form: {}
    headers:
      User-Agent:
      - scaleway-sdk-go/v1.0.0-beta.7+dev (go1.20.4; darwin; amd64) terraform-provider/develop
        terraform/terraform-tests
    url: https://api.scaleway.com/lb/v1/zones/fr-par-1/lbs/69d87c7d-7924-472f-87b9-c5b641f72a7e
    method: GET
  response:
    body: '{"backend_count":1,"created_at":"2023-05-24T09:46:19.305724Z","description":"","frontend_count":1,"id":"69d87c7d-7924-472f-87b9-c5b641f72a7e","instances":[{"created_at":"2023-05-24T09:44:19.035330Z","id":"18d7cbc7-63c4-48fe-9d5d-2b9fcbf4e86a","ip_address":"10.64.146.53","region":"fr-par","status":"ready","updated_at":"2023-05-24T09:46:51.707838Z","zone":"fr-par-1"}],"ip":[{"id":"1a659e57-3f17-420d-b648-93102bbaffa6","ip_address":"51.159.206.142","lb_id":"69d87c7d-7924-472f-87b9-c5b641f72a7e","organization_id":"564aa517-68b0-4fd7-8c8c-d21c4bcdcbd5","project_id":"564aa517-68b0-4fd7-8c8c-d21c4bcdcbd5","region":"fr-par","reverse":"51-159-206-142.lb.fr-par.scw.cloud","zone":"fr-par-1"}],"name":"test-lb-acl","organization_id":"564aa517-68b0-4fd7-8c8c-d21c4bcdcbd5","private_network_count":0,"project_id":"564aa517-68b0-4fd7-8c8c-d21c4bcdcbd5","region":"fr-par","route_count":0,"ssl_compatibility_level":"ssl_compatibility_level_intermediate","status":"ready","subscriber":null,"tags":[],"type":"lb-s","updated_at":"2023-05-24T09:46:21.136811Z","zone":"fr-par-1"}'
    headers:
      Content-Length:
      - "1066"
      Content-Security-Policy:
      - default-src 'none'; frame-ancestors 'none'
      Content-Type:
      - application/json
      Date:
      - Wed, 24 May 2023 09:46:53 GMT
      Server:
      - Scaleway API-Gateway
      Strict-Transport-Security:
      - max-age=63072000
      X-Content-Type-Options:
      - nosniff
      X-Frame-Options:
      - DENY
      X-Request-Id:
      - 09d11b64-58d8-4181-9f8c-0172f9a62c63
    status: 200 OK
    code: 200
    duration: ""
- request:
    body: ""
    form: {}
    headers:
      User-Agent:
      - scaleway-sdk-go/v1.0.0-beta.7+dev (go1.20.4; darwin; amd64) terraform-provider/develop
        terraform/terraform-tests
    url: https://api.scaleway.com/lb/v1/zones/fr-par-1/lbs/69d87c7d-7924-472f-87b9-c5b641f72a7e
    method: GET
  response:
    body: '{"backend_count":1,"created_at":"2023-05-24T09:46:19.305724Z","description":"","frontend_count":1,"id":"69d87c7d-7924-472f-87b9-c5b641f72a7e","instances":[{"created_at":"2023-05-24T09:44:19.035330Z","id":"18d7cbc7-63c4-48fe-9d5d-2b9fcbf4e86a","ip_address":"10.64.146.53","region":"fr-par","status":"ready","updated_at":"2023-05-24T09:46:51.707838Z","zone":"fr-par-1"}],"ip":[{"id":"1a659e57-3f17-420d-b648-93102bbaffa6","ip_address":"51.159.206.142","lb_id":"69d87c7d-7924-472f-87b9-c5b641f72a7e","organization_id":"564aa517-68b0-4fd7-8c8c-d21c4bcdcbd5","project_id":"564aa517-68b0-4fd7-8c8c-d21c4bcdcbd5","region":"fr-par","reverse":"51-159-206-142.lb.fr-par.scw.cloud","zone":"fr-par-1"}],"name":"test-lb-acl","organization_id":"564aa517-68b0-4fd7-8c8c-d21c4bcdcbd5","private_network_count":0,"project_id":"564aa517-68b0-4fd7-8c8c-d21c4bcdcbd5","region":"fr-par","route_count":0,"ssl_compatibility_level":"ssl_compatibility_level_intermediate","status":"ready","subscriber":null,"tags":[],"type":"lb-s","updated_at":"2023-05-24T09:46:21.136811Z","zone":"fr-par-1"}'
    headers:
      Content-Length:
      - "1066"
      Content-Security-Policy:
      - default-src 'none'; frame-ancestors 'none'
      Content-Type:
      - application/json
      Date:
      - Wed, 24 May 2023 09:46:53 GMT
      Server:
      - Scaleway API-Gateway
      Strict-Transport-Security:
      - max-age=63072000
      X-Content-Type-Options:
      - nosniff
      X-Frame-Options:
      - DENY
      X-Request-Id:
      - 607c6df5-53e8-457c-907e-d60936a1d557
    status: 200 OK
    code: 200
    duration: ""
- request:
    body: ""
    form: {}
    headers:
      User-Agent:
      - scaleway-sdk-go/v1.0.0-beta.7+dev (go1.20.4; darwin; amd64) terraform-provider/develop
        terraform/terraform-tests
    url: https://api.scaleway.com/lb/v1/zones/fr-par-1/lbs/69d87c7d-7924-472f-87b9-c5b641f72a7e/private-networks?order_by=created_at_asc
    method: GET
  response:
    body: '{"private_network":[],"total_count":0}'
    headers:
      Content-Length:
      - "38"
      Content-Security-Policy:
      - default-src 'none'; frame-ancestors 'none'
      Content-Type:
      - application/json
      Date:
      - Wed, 24 May 2023 09:46:53 GMT
      Server:
      - Scaleway API-Gateway
      Strict-Transport-Security:
      - max-age=63072000
      X-Content-Type-Options:
      - nosniff
      X-Frame-Options:
      - DENY
      X-Request-Id:
      - 544189aa-0030-42c0-9a38-0464b2f00e29
    status: 200 OK
    code: 200
    duration: ""
- request:
    body: ""
    form: {}
    headers:
      User-Agent:
      - scaleway-sdk-go/v1.0.0-beta.7+dev (go1.20.4; darwin; amd64) terraform-provider/develop
        terraform/terraform-tests
    url: https://api.scaleway.com/lb/v1/zones/fr-par-1/backends/8875cd2d-33ea-4e91-8c3c-8227f64f9cb2
    method: GET
  response:
    body: '{"created_at":"2023-05-24T09:46:50.024797Z","failover_host":null,"forward_port":80,"forward_port_algorithm":"roundrobin","forward_protocol":"http","health_check":{"check_delay":60000,"check_max_retries":2,"check_send_proxy":false,"check_timeout":30000,"port":80,"tcp_config":{},"transient_check_delay":null},"id":"8875cd2d-33ea-4e91-8c3c-8227f64f9cb2","ignore_ssl_server_verify":false,"lb":{"backend_count":1,"created_at":"2023-05-24T09:46:19.305724Z","description":"","frontend_count":1,"id":"69d87c7d-7924-472f-87b9-c5b641f72a7e","instances":[{"created_at":"2023-05-24T09:44:19.035330Z","id":"18d7cbc7-63c4-48fe-9d5d-2b9fcbf4e86a","ip_address":"10.64.146.53","region":"fr-par","status":"ready","updated_at":"2023-05-24T09:46:51.707838Z","zone":"fr-par-1"}],"ip":[{"id":"1a659e57-3f17-420d-b648-93102bbaffa6","ip_address":"51.159.206.142","lb_id":"69d87c7d-7924-472f-87b9-c5b641f72a7e","organization_id":"564aa517-68b0-4fd7-8c8c-d21c4bcdcbd5","project_id":"564aa517-68b0-4fd7-8c8c-d21c4bcdcbd5","region":"fr-par","reverse":"51-159-206-142.lb.fr-par.scw.cloud","zone":"fr-par-1"}],"name":"test-lb-acl","organization_id":"564aa517-68b0-4fd7-8c8c-d21c4bcdcbd5","private_network_count":0,"project_id":"564aa517-68b0-4fd7-8c8c-d21c4bcdcbd5","region":"fr-par","route_count":0,"ssl_compatibility_level":"ssl_compatibility_level_intermediate","status":"ready","subscriber":null,"tags":[],"type":"lb-s","updated_at":"2023-05-24T09:46:21.136811Z","zone":"fr-par-1"},"max_connections":null,"max_retries":null,"name":"tf-lb-bkd-wonderful-euclid","on_marked_down_action":"on_marked_down_action_none","pool":[],"proxy_protocol":"proxy_protocol_none","redispatch_attempt_count":null,"send_proxy_v2":false,"ssl_bridging":false,"sticky_sessions":"none","sticky_sessions_cookie_name":"","timeout_connect":null,"timeout_queue":null,"timeout_server":null,"timeout_tunnel":null,"updated_at":"2023-05-24T09:46:50.024797Z"}'
    headers:
      Content-Length:
      - "1901"
      Content-Security-Policy:
      - default-src 'none'; frame-ancestors 'none'
      Content-Type:
      - application/json
      Date:
      - Wed, 24 May 2023 09:46:53 GMT
      Server:
      - Scaleway API-Gateway
      Strict-Transport-Security:
      - max-age=63072000
      X-Content-Type-Options:
      - nosniff
      X-Frame-Options:
      - DENY
      X-Request-Id:
      - 29a6c171-aa32-4b5a-bbb5-ae7fd78b9d5b
    status: 200 OK
    code: 200
    duration: ""
- request:
    body: ""
    form: {}
    headers:
      User-Agent:
      - scaleway-sdk-go/v1.0.0-beta.7+dev (go1.20.4; darwin; amd64) terraform-provider/develop
        terraform/terraform-tests
    url: https://api.scaleway.com/lb/v1/zones/fr-par-1/lbs/69d87c7d-7924-472f-87b9-c5b641f72a7e
    method: GET
  response:
    body: '{"backend_count":1,"created_at":"2023-05-24T09:46:19.305724Z","description":"","frontend_count":1,"id":"69d87c7d-7924-472f-87b9-c5b641f72a7e","instances":[{"created_at":"2023-05-24T09:44:19.035330Z","id":"18d7cbc7-63c4-48fe-9d5d-2b9fcbf4e86a","ip_address":"10.64.146.53","region":"fr-par","status":"ready","updated_at":"2023-05-24T09:46:51.707838Z","zone":"fr-par-1"}],"ip":[{"id":"1a659e57-3f17-420d-b648-93102bbaffa6","ip_address":"51.159.206.142","lb_id":"69d87c7d-7924-472f-87b9-c5b641f72a7e","organization_id":"564aa517-68b0-4fd7-8c8c-d21c4bcdcbd5","project_id":"564aa517-68b0-4fd7-8c8c-d21c4bcdcbd5","region":"fr-par","reverse":"51-159-206-142.lb.fr-par.scw.cloud","zone":"fr-par-1"}],"name":"test-lb-acl","organization_id":"564aa517-68b0-4fd7-8c8c-d21c4bcdcbd5","private_network_count":0,"project_id":"564aa517-68b0-4fd7-8c8c-d21c4bcdcbd5","region":"fr-par","route_count":0,"ssl_compatibility_level":"ssl_compatibility_level_intermediate","status":"ready","subscriber":null,"tags":[],"type":"lb-s","updated_at":"2023-05-24T09:46:21.136811Z","zone":"fr-par-1"}'
    headers:
      Content-Length:
      - "1066"
      Content-Security-Policy:
      - default-src 'none'; frame-ancestors 'none'
      Content-Type:
      - application/json
      Date:
      - Wed, 24 May 2023 09:46:53 GMT
      Server:
      - Scaleway API-Gateway
      Strict-Transport-Security:
      - max-age=63072000
      X-Content-Type-Options:
      - nosniff
      X-Frame-Options:
      - DENY
      X-Request-Id:
      - ac16ab82-eadd-4401-853f-9ccc95d27bce
    status: 200 OK
    code: 200
    duration: ""
- request:
    body: ""
    form: {}
    headers:
      User-Agent:
      - scaleway-sdk-go/v1.0.0-beta.7+dev (go1.20.4; darwin; amd64) terraform-provider/develop
        terraform/terraform-tests
    url: https://api.scaleway.com/lb/v1/zones/fr-par-1/frontends/b7c6d9f4-8926-4be0-99b1-55b46badc3f9
    method: GET
  response:
    body: '{"backend":{"created_at":"2023-05-24T09:46:50.024797Z","failover_host":null,"forward_port":80,"forward_port_algorithm":"roundrobin","forward_protocol":"http","health_check":{"check_delay":60000,"check_max_retries":2,"check_send_proxy":false,"check_timeout":30000,"port":80,"tcp_config":{},"transient_check_delay":null},"id":"8875cd2d-33ea-4e91-8c3c-8227f64f9cb2","ignore_ssl_server_verify":false,"lb":{"backend_count":1,"created_at":"2023-05-24T09:46:19.305724Z","description":"","frontend_count":1,"id":"69d87c7d-7924-472f-87b9-c5b641f72a7e","instances":[],"ip":[{"id":"1a659e57-3f17-420d-b648-93102bbaffa6","ip_address":"51.159.206.142","lb_id":"69d87c7d-7924-472f-87b9-c5b641f72a7e","organization_id":"564aa517-68b0-4fd7-8c8c-d21c4bcdcbd5","project_id":"564aa517-68b0-4fd7-8c8c-d21c4bcdcbd5","region":"fr-par","reverse":"51-159-206-142.lb.fr-par.scw.cloud","zone":"fr-par-1"}],"name":"test-lb-acl","organization_id":"564aa517-68b0-4fd7-8c8c-d21c4bcdcbd5","private_network_count":0,"project_id":"564aa517-68b0-4fd7-8c8c-d21c4bcdcbd5","region":"fr-par","route_count":0,"ssl_compatibility_level":"ssl_compatibility_level_intermediate","status":"ready","subscriber":null,"tags":[],"type":"lb-s","updated_at":"2023-05-24T09:46:21.136811Z","zone":"fr-par-1"},"max_connections":null,"max_retries":null,"name":"tf-lb-bkd-wonderful-euclid","on_marked_down_action":"on_marked_down_action_none","pool":[],"proxy_protocol":"proxy_protocol_none","redispatch_attempt_count":null,"send_proxy_v2":false,"ssl_bridging":false,"sticky_sessions":"none","sticky_sessions_cookie_name":"","timeout_connect":null,"timeout_queue":null,"timeout_server":null,"timeout_tunnel":null,"updated_at":"2023-05-24T09:46:50.024797Z"},"certificate":null,"certificate_ids":[],"created_at":"2023-05-24T09:46:50.676998Z","enable_http3":false,"id":"b7c6d9f4-8926-4be0-99b1-55b46badc3f9","inbound_port":80,"lb":{"backend_count":1,"created_at":"2023-05-24T09:46:19.305724Z","description":"","frontend_count":1,"id":"69d87c7d-7924-472f-87b9-c5b641f72a7e","instances":[],"ip":[{"id":"1a659e57-3f17-420d-b648-93102bbaffa6","ip_address":"51.159.206.142","lb_id":"69d87c7d-7924-472f-87b9-c5b641f72a7e","organization_id":"564aa517-68b0-4fd7-8c8c-d21c4bcdcbd5","project_id":"564aa517-68b0-4fd7-8c8c-d21c4bcdcbd5","region":"fr-par","reverse":"51-159-206-142.lb.fr-par.scw.cloud","zone":"fr-par-1"}],"name":"test-lb-acl","organization_id":"564aa517-68b0-4fd7-8c8c-d21c4bcdcbd5","private_network_count":0,"project_id":"564aa517-68b0-4fd7-8c8c-d21c4bcdcbd5","region":"fr-par","route_count":0,"ssl_compatibility_level":"ssl_compatibility_level_intermediate","status":"ready","subscriber":null,"tags":[],"type":"lb-s","updated_at":"2023-05-24T09:46:21.136811Z","zone":"fr-par-1"},"name":"tf-test","timeout_client":30000,"updated_at":"2023-05-24T09:46:50.676998Z"}'
    headers:
      Content-Length:
      - "2810"
      Content-Security-Policy:
      - default-src 'none'; frame-ancestors 'none'
      Content-Type:
      - application/json
      Date:
      - Wed, 24 May 2023 09:46:53 GMT
      Server:
      - Scaleway API-Gateway
      Strict-Transport-Security:
      - max-age=63072000
      X-Content-Type-Options:
      - nosniff
      X-Frame-Options:
      - DENY
      X-Request-Id:
      - 2a98ed1a-fccb-4aad-a759-ee7f081cf661
    status: 200 OK
    code: 200
    duration: ""
- request:
    body: ""
    form: {}
    headers:
      User-Agent:
      - scaleway-sdk-go/v1.0.0-beta.7+dev (go1.20.4; darwin; amd64) terraform-provider/develop
        terraform/terraform-tests
    url: https://api.scaleway.com/lb/v1/zones/fr-par-1/acls/f2c7296f-1a50-4f1a-b16e-694e3704e3f0
    method: GET
  response:
    body: '{"action":{"redirect":null,"type":"allow"},"created_at":"2023-05-24T09:46:51.317957Z","description":"a
      description","frontend":{"backend":{"created_at":"2023-05-24T09:46:50.024797Z","failover_host":null,"forward_port":80,"forward_port_algorithm":"roundrobin","forward_protocol":"http","health_check":{"check_delay":60000,"check_max_retries":2,"check_send_proxy":false,"check_timeout":30000,"port":80,"tcp_config":{},"transient_check_delay":null},"id":"8875cd2d-33ea-4e91-8c3c-8227f64f9cb2","ignore_ssl_server_verify":false,"lb":{"backend_count":1,"created_at":"2023-05-24T09:46:19.305724Z","description":"","frontend_count":1,"id":"69d87c7d-7924-472f-87b9-c5b641f72a7e","instances":[],"ip":[{"id":"1a659e57-3f17-420d-b648-93102bbaffa6","ip_address":"51.159.206.142","lb_id":"69d87c7d-7924-472f-87b9-c5b641f72a7e","organization_id":"564aa517-68b0-4fd7-8c8c-d21c4bcdcbd5","project_id":"564aa517-68b0-4fd7-8c8c-d21c4bcdcbd5","region":"fr-par","reverse":"51-159-206-142.lb.fr-par.scw.cloud","zone":"fr-par-1"}],"name":"test-lb-acl","organization_id":"564aa517-68b0-4fd7-8c8c-d21c4bcdcbd5","private_network_count":0,"project_id":"564aa517-68b0-4fd7-8c8c-d21c4bcdcbd5","region":"fr-par","route_count":0,"ssl_compatibility_level":"ssl_compatibility_level_intermediate","status":"ready","subscriber":null,"tags":[],"type":"lb-s","updated_at":"2023-05-24T09:46:21.136811Z","zone":"fr-par-1"},"max_connections":null,"max_retries":null,"name":"tf-lb-bkd-wonderful-euclid","on_marked_down_action":"on_marked_down_action_none","pool":[],"proxy_protocol":"proxy_protocol_none","redispatch_attempt_count":null,"send_proxy_v2":false,"ssl_bridging":false,"sticky_sessions":"none","sticky_sessions_cookie_name":"","timeout_connect":null,"timeout_queue":null,"timeout_server":null,"timeout_tunnel":null,"updated_at":"2023-05-24T09:46:50.024797Z"},"certificate":null,"certificate_ids":[],"created_at":"2023-05-24T09:46:50.676998Z","enable_http3":false,"id":"b7c6d9f4-8926-4be0-99b1-55b46badc3f9","inbound_port":80,"lb":{"backend_count":1,"created_at":"2023-05-24T09:46:19.305724Z","description":"","frontend_count":1,"id":"69d87c7d-7924-472f-87b9-c5b641f72a7e","instances":[],"ip":[{"id":"1a659e57-3f17-420d-b648-93102bbaffa6","ip_address":"51.159.206.142","lb_id":"69d87c7d-7924-472f-87b9-c5b641f72a7e","organization_id":"564aa517-68b0-4fd7-8c8c-d21c4bcdcbd5","project_id":"564aa517-68b0-4fd7-8c8c-d21c4bcdcbd5","region":"fr-par","reverse":"51-159-206-142.lb.fr-par.scw.cloud","zone":"fr-par-1"}],"name":"test-lb-acl","organization_id":"564aa517-68b0-4fd7-8c8c-d21c4bcdcbd5","private_network_count":0,"project_id":"564aa517-68b0-4fd7-8c8c-d21c4bcdcbd5","region":"fr-par","route_count":0,"ssl_compatibility_level":"ssl_compatibility_level_intermediate","status":"ready","subscriber":null,"tags":[],"type":"lb-s","updated_at":"2023-05-24T09:46:21.136811Z","zone":"fr-par-1"},"name":"tf-test","timeout_client":30000,"updated_at":"2023-05-24T09:46:50.676998Z"},"id":"f2c7296f-1a50-4f1a-b16e-694e3704e3f0","index":4,"match":{"http_filter":"acl_http_filter_none","http_filter_option":null,"http_filter_value":[],"invert":true,"ip_subnet":["192.168.0.1","192.168.0.2","192.168.10.0/24"]},"name":"test-acl-basic","updated_at":"2023-05-24T09:46:51.317957Z"}'
    headers:
      Content-Length:
      - "3229"
      Content-Security-Policy:
      - default-src 'none'; frame-ancestors 'none'
      Content-Type:
      - application/json
      Date:
      - Wed, 24 May 2023 09:46:53 GMT
      Server:
      - Scaleway API-Gateway
      Strict-Transport-Security:
      - max-age=63072000
      X-Content-Type-Options:
      - nosniff
      X-Frame-Options:
      - DENY
      X-Request-Id:
      - 50d0f9cc-5ae5-4e88-b0bf-dad089ef1cf5
    status: 200 OK
    code: 200
    duration: ""
- request:
    body: '{"name":"updated-test-acl-basic","action":{"type":"deny","redirect":null},"match":{"ip_subnet":["0.0.0.0/0"],"http_filter":"acl_http_filter_none","http_filter_value":null,"http_filter_option":null,"invert":false},"index":3,"description":"updated
      description"}'
    form: {}
    headers:
      Content-Type:
      - application/json
      User-Agent:
      - scaleway-sdk-go/v1.0.0-beta.7+dev (go1.20.4; darwin; amd64) terraform-provider/develop
        terraform/terraform-tests
    url: https://api.scaleway.com/lb/v1/zones/fr-par-1/acls/f2c7296f-1a50-4f1a-b16e-694e3704e3f0
    method: PUT
  response:
    body: '{"action":{"redirect":null,"type":"deny"},"created_at":"2023-05-24T09:46:51.317957Z","description":"updated
      description","frontend":{"backend":{"created_at":"2023-05-24T09:46:50.024797Z","failover_host":null,"forward_port":80,"forward_port_algorithm":"roundrobin","forward_protocol":"http","health_check":{"check_delay":60000,"check_max_retries":2,"check_send_proxy":false,"check_timeout":30000,"port":80,"tcp_config":{},"transient_check_delay":null},"id":"8875cd2d-33ea-4e91-8c3c-8227f64f9cb2","ignore_ssl_server_verify":false,"lb":{"backend_count":1,"created_at":"2023-05-24T09:46:19.305724Z","description":"","frontend_count":1,"id":"69d87c7d-7924-472f-87b9-c5b641f72a7e","instances":[],"ip":[{"id":"1a659e57-3f17-420d-b648-93102bbaffa6","ip_address":"51.159.206.142","lb_id":"69d87c7d-7924-472f-87b9-c5b641f72a7e","organization_id":"564aa517-68b0-4fd7-8c8c-d21c4bcdcbd5","project_id":"564aa517-68b0-4fd7-8c8c-d21c4bcdcbd5","region":"fr-par","reverse":"51-159-206-142.lb.fr-par.scw.cloud","zone":"fr-par-1"}],"name":"test-lb-acl","organization_id":"564aa517-68b0-4fd7-8c8c-d21c4bcdcbd5","private_network_count":0,"project_id":"564aa517-68b0-4fd7-8c8c-d21c4bcdcbd5","region":"fr-par","route_count":0,"ssl_compatibility_level":"ssl_compatibility_level_intermediate","status":"ready","subscriber":null,"tags":[],"type":"lb-s","updated_at":"2023-05-24T09:46:21.136811Z","zone":"fr-par-1"},"max_connections":null,"max_retries":null,"name":"tf-lb-bkd-wonderful-euclid","on_marked_down_action":"on_marked_down_action_none","pool":[],"proxy_protocol":"proxy_protocol_none","redispatch_attempt_count":null,"send_proxy_v2":false,"ssl_bridging":false,"sticky_sessions":"none","sticky_sessions_cookie_name":"","timeout_connect":null,"timeout_queue":null,"timeout_server":null,"timeout_tunnel":null,"updated_at":"2023-05-24T09:46:50.024797Z"},"certificate":null,"certificate_ids":[],"created_at":"2023-05-24T09:46:50.676998Z","enable_http3":false,"id":"b7c6d9f4-8926-4be0-99b1-55b46badc3f9","inbound_port":80,"lb":{"backend_count":1,"created_at":"2023-05-24T09:46:19.305724Z","description":"","frontend_count":1,"id":"69d87c7d-7924-472f-87b9-c5b641f72a7e","instances":[{"created_at":"2023-05-24T09:44:19.035330Z","id":"18d7cbc7-63c4-48fe-9d5d-2b9fcbf4e86a","ip_address":"10.64.146.53","region":"fr-par","status":"pending","updated_at":"2023-05-24T09:46:54.041577290Z","zone":"fr-par-1"}],"ip":[{"id":"1a659e57-3f17-420d-b648-93102bbaffa6","ip_address":"51.159.206.142","lb_id":"69d87c7d-7924-472f-87b9-c5b641f72a7e","organization_id":"564aa517-68b0-4fd7-8c8c-d21c4bcdcbd5","project_id":"564aa517-68b0-4fd7-8c8c-d21c4bcdcbd5","region":"fr-par","reverse":"51-159-206-142.lb.fr-par.scw.cloud","zone":"fr-par-1"}],"name":"test-lb-acl","organization_id":"564aa517-68b0-4fd7-8c8c-d21c4bcdcbd5","private_network_count":0,"project_id":"564aa517-68b0-4fd7-8c8c-d21c4bcdcbd5","region":"fr-par","route_count":0,"ssl_compatibility_level":"ssl_compatibility_level_intermediate","status":"ready","subscriber":null,"tags":[],"type":"lb-s","updated_at":"2023-05-24T09:46:21.136811Z","zone":"fr-par-1"},"name":"tf-test","timeout_client":30000,"updated_at":"2023-05-24T09:46:50.676998Z"},"id":"f2c7296f-1a50-4f1a-b16e-694e3704e3f0","index":3,"match":{"http_filter":"acl_http_filter_none","http_filter_option":null,"http_filter_value":[],"invert":false,"ip_subnet":["0.0.0.0/0"]},"name":"updated-test-acl-basic","updated_at":"2023-05-24T09:46:54.018078333Z"}'
    headers:
      Content-Length:
      - "3429"
      Content-Security-Policy:
      - default-src 'none'; frame-ancestors 'none'
      Content-Type:
      - application/json
      Date:
      - Wed, 24 May 2023 09:46:54 GMT
      Server:
      - Scaleway API-Gateway
      Strict-Transport-Security:
      - max-age=63072000
      X-Content-Type-Options:
      - nosniff
      X-Frame-Options:
      - DENY
      X-Request-Id:
      - 7369f491-0c18-4ec1-bfdc-00e28b6e0e7a
    status: 200 OK
    code: 200
    duration: ""
- request:
    body: ""
    form: {}
    headers:
      User-Agent:
      - scaleway-sdk-go/v1.0.0-beta.7+dev (go1.20.4; darwin; amd64) terraform-provider/develop
        terraform/terraform-tests
    url: https://api.scaleway.com/lb/v1/zones/fr-par-1/acls/f2c7296f-1a50-4f1a-b16e-694e3704e3f0
    method: GET
  response:
    body: '{"action":{"redirect":null,"type":"deny"},"created_at":"2023-05-24T09:46:51.317957Z","description":"updated
      description","frontend":{"backend":{"created_at":"2023-05-24T09:46:50.024797Z","failover_host":null,"forward_port":80,"forward_port_algorithm":"roundrobin","forward_protocol":"http","health_check":{"check_delay":60000,"check_max_retries":2,"check_send_proxy":false,"check_timeout":30000,"port":80,"tcp_config":{},"transient_check_delay":null},"id":"8875cd2d-33ea-4e91-8c3c-8227f64f9cb2","ignore_ssl_server_verify":false,"lb":{"backend_count":1,"created_at":"2023-05-24T09:46:19.305724Z","description":"","frontend_count":1,"id":"69d87c7d-7924-472f-87b9-c5b641f72a7e","instances":[],"ip":[{"id":"1a659e57-3f17-420d-b648-93102bbaffa6","ip_address":"51.159.206.142","lb_id":"69d87c7d-7924-472f-87b9-c5b641f72a7e","organization_id":"564aa517-68b0-4fd7-8c8c-d21c4bcdcbd5","project_id":"564aa517-68b0-4fd7-8c8c-d21c4bcdcbd5","region":"fr-par","reverse":"51-159-206-142.lb.fr-par.scw.cloud","zone":"fr-par-1"}],"name":"test-lb-acl","organization_id":"564aa517-68b0-4fd7-8c8c-d21c4bcdcbd5","private_network_count":0,"project_id":"564aa517-68b0-4fd7-8c8c-d21c4bcdcbd5","region":"fr-par","route_count":0,"ssl_compatibility_level":"ssl_compatibility_level_intermediate","status":"ready","subscriber":null,"tags":[],"type":"lb-s","updated_at":"2023-05-24T09:46:21.136811Z","zone":"fr-par-1"},"max_connections":null,"max_retries":null,"name":"tf-lb-bkd-wonderful-euclid","on_marked_down_action":"on_marked_down_action_none","pool":[],"proxy_protocol":"proxy_protocol_none","redispatch_attempt_count":null,"send_proxy_v2":false,"ssl_bridging":false,"sticky_sessions":"none","sticky_sessions_cookie_name":"","timeout_connect":null,"timeout_queue":null,"timeout_server":null,"timeout_tunnel":null,"updated_at":"2023-05-24T09:46:50.024797Z"},"certificate":null,"certificate_ids":[],"created_at":"2023-05-24T09:46:50.676998Z","enable_http3":false,"id":"b7c6d9f4-8926-4be0-99b1-55b46badc3f9","inbound_port":80,"lb":{"backend_count":1,"created_at":"2023-05-24T09:46:19.305724Z","description":"","frontend_count":1,"id":"69d87c7d-7924-472f-87b9-c5b641f72a7e","instances":[],"ip":[{"id":"1a659e57-3f17-420d-b648-93102bbaffa6","ip_address":"51.159.206.142","lb_id":"69d87c7d-7924-472f-87b9-c5b641f72a7e","organization_id":"564aa517-68b0-4fd7-8c8c-d21c4bcdcbd5","project_id":"564aa517-68b0-4fd7-8c8c-d21c4bcdcbd5","region":"fr-par","reverse":"51-159-206-142.lb.fr-par.scw.cloud","zone":"fr-par-1"}],"name":"test-lb-acl","organization_id":"564aa517-68b0-4fd7-8c8c-d21c4bcdcbd5","private_network_count":0,"project_id":"564aa517-68b0-4fd7-8c8c-d21c4bcdcbd5","region":"fr-par","route_count":0,"ssl_compatibility_level":"ssl_compatibility_level_intermediate","status":"ready","subscriber":null,"tags":[],"type":"lb-s","updated_at":"2023-05-24T09:46:21.136811Z","zone":"fr-par-1"},"name":"tf-test","timeout_client":30000,"updated_at":"2023-05-24T09:46:50.676998Z"},"id":"f2c7296f-1a50-4f1a-b16e-694e3704e3f0","index":3,"match":{"http_filter":"acl_http_filter_none","http_filter_option":null,"http_filter_value":[],"invert":false,"ip_subnet":["0.0.0.0/0"]},"name":"updated-test-acl-basic","updated_at":"2023-05-24T09:46:54.018078Z"}'
    headers:
      Content-Length:
      - "3209"
      Content-Security-Policy:
      - default-src 'none'; frame-ancestors 'none'
      Content-Type:
      - application/json
      Date:
      - Wed, 24 May 2023 09:46:54 GMT
      Server:
      - Scaleway API-Gateway
      Strict-Transport-Security:
      - max-age=63072000
      X-Content-Type-Options:
      - nosniff
      X-Frame-Options:
      - DENY
      X-Request-Id:
      - c3000ffe-c4fd-4af2-b0e4-0dc9ba993a39
    status: 200 OK
    code: 200
    duration: ""
- request:
    body: ""
    form: {}
    headers:
      User-Agent:
      - scaleway-sdk-go/v1.0.0-beta.7+dev (go1.20.4; darwin; amd64) terraform-provider/develop
        terraform/terraform-tests
    url: https://api.scaleway.com/lb/v1/zones/fr-par-1/acls/f2c7296f-1a50-4f1a-b16e-694e3704e3f0
    method: GET
  response:
    body: '{"action":{"redirect":null,"type":"deny"},"created_at":"2023-05-24T09:46:51.317957Z","description":"updated
      description","frontend":{"backend":{"created_at":"2023-05-24T09:46:50.024797Z","failover_host":null,"forward_port":80,"forward_port_algorithm":"roundrobin","forward_protocol":"http","health_check":{"check_delay":60000,"check_max_retries":2,"check_send_proxy":false,"check_timeout":30000,"port":80,"tcp_config":{},"transient_check_delay":null},"id":"8875cd2d-33ea-4e91-8c3c-8227f64f9cb2","ignore_ssl_server_verify":false,"lb":{"backend_count":1,"created_at":"2023-05-24T09:46:19.305724Z","description":"","frontend_count":1,"id":"69d87c7d-7924-472f-87b9-c5b641f72a7e","instances":[],"ip":[{"id":"1a659e57-3f17-420d-b648-93102bbaffa6","ip_address":"51.159.206.142","lb_id":"69d87c7d-7924-472f-87b9-c5b641f72a7e","organization_id":"564aa517-68b0-4fd7-8c8c-d21c4bcdcbd5","project_id":"564aa517-68b0-4fd7-8c8c-d21c4bcdcbd5","region":"fr-par","reverse":"51-159-206-142.lb.fr-par.scw.cloud","zone":"fr-par-1"}],"name":"test-lb-acl","organization_id":"564aa517-68b0-4fd7-8c8c-d21c4bcdcbd5","private_network_count":0,"project_id":"564aa517-68b0-4fd7-8c8c-d21c4bcdcbd5","region":"fr-par","route_count":0,"ssl_compatibility_level":"ssl_compatibility_level_intermediate","status":"ready","subscriber":null,"tags":[],"type":"lb-s","updated_at":"2023-05-24T09:46:21.136811Z","zone":"fr-par-1"},"max_connections":null,"max_retries":null,"name":"tf-lb-bkd-wonderful-euclid","on_marked_down_action":"on_marked_down_action_none","pool":[],"proxy_protocol":"proxy_protocol_none","redispatch_attempt_count":null,"send_proxy_v2":false,"ssl_bridging":false,"sticky_sessions":"none","sticky_sessions_cookie_name":"","timeout_connect":null,"timeout_queue":null,"timeout_server":null,"timeout_tunnel":null,"updated_at":"2023-05-24T09:46:50.024797Z"},"certificate":null,"certificate_ids":[],"created_at":"2023-05-24T09:46:50.676998Z","enable_http3":false,"id":"b7c6d9f4-8926-4be0-99b1-55b46badc3f9","inbound_port":80,"lb":{"backend_count":1,"created_at":"2023-05-24T09:46:19.305724Z","description":"","frontend_count":1,"id":"69d87c7d-7924-472f-87b9-c5b641f72a7e","instances":[],"ip":[{"id":"1a659e57-3f17-420d-b648-93102bbaffa6","ip_address":"51.159.206.142","lb_id":"69d87c7d-7924-472f-87b9-c5b641f72a7e","organization_id":"564aa517-68b0-4fd7-8c8c-d21c4bcdcbd5","project_id":"564aa517-68b0-4fd7-8c8c-d21c4bcdcbd5","region":"fr-par","reverse":"51-159-206-142.lb.fr-par.scw.cloud","zone":"fr-par-1"}],"name":"test-lb-acl","organization_id":"564aa517-68b0-4fd7-8c8c-d21c4bcdcbd5","private_network_count":0,"project_id":"564aa517-68b0-4fd7-8c8c-d21c4bcdcbd5","region":"fr-par","route_count":0,"ssl_compatibility_level":"ssl_compatibility_level_intermediate","status":"ready","subscriber":null,"tags":[],"type":"lb-s","updated_at":"2023-05-24T09:46:21.136811Z","zone":"fr-par-1"},"name":"tf-test","timeout_client":30000,"updated_at":"2023-05-24T09:46:50.676998Z"},"id":"f2c7296f-1a50-4f1a-b16e-694e3704e3f0","index":3,"match":{"http_filter":"acl_http_filter_none","http_filter_option":null,"http_filter_value":[],"invert":false,"ip_subnet":["0.0.0.0/0"]},"name":"updated-test-acl-basic","updated_at":"2023-05-24T09:46:54.018078Z"}'
    headers:
      Content-Length:
      - "3209"
      Content-Security-Policy:
      - default-src 'none'; frame-ancestors 'none'
      Content-Type:
      - application/json
      Date:
      - Wed, 24 May 2023 09:46:54 GMT
      Server:
      - Scaleway API-Gateway
      Strict-Transport-Security:
      - max-age=63072000
      X-Content-Type-Options:
      - nosniff
      X-Frame-Options:
      - DENY
      X-Request-Id:
      - 591edf12-a2e5-4b88-8e8f-49c2dfc0ccba
    status: 200 OK
    code: 200
    duration: ""
- request:
    body: ""
    form: {}
    headers:
      User-Agent:
      - scaleway-sdk-go/v1.0.0-beta.7+dev (go1.20.4; darwin; amd64) terraform-provider/develop
        terraform/terraform-tests
    url: https://api.scaleway.com/lb/v1/zones/fr-par-1/ips/1a659e57-3f17-420d-b648-93102bbaffa6
    method: GET
  response:
    body: '{"id":"1a659e57-3f17-420d-b648-93102bbaffa6","ip_address":"51.159.206.142","lb_id":"69d87c7d-7924-472f-87b9-c5b641f72a7e","organization_id":"564aa517-68b0-4fd7-8c8c-d21c4bcdcbd5","project_id":"564aa517-68b0-4fd7-8c8c-d21c4bcdcbd5","region":"fr-par","reverse":"51-159-206-142.lb.fr-par.scw.cloud","zone":"fr-par-1"}'
    headers:
      Content-Length:
      - "314"
      Content-Security-Policy:
      - default-src 'none'; frame-ancestors 'none'
      Content-Type:
      - application/json
      Date:
      - Wed, 24 May 2023 09:46:54 GMT
      Server:
      - Scaleway API-Gateway
      Strict-Transport-Security:
      - max-age=63072000
      X-Content-Type-Options:
      - nosniff
      X-Frame-Options:
      - DENY
      X-Request-Id:
      - 46daf00f-ec39-4e95-8ea1-cbcf36ac96d0
    status: 200 OK
    code: 200
    duration: ""
- request:
    body: ""
    form: {}
    headers:
      User-Agent:
      - scaleway-sdk-go/v1.0.0-beta.7+dev (go1.20.4; darwin; amd64) terraform-provider/develop
        terraform/terraform-tests
    url: https://api.scaleway.com/lb/v1/zones/fr-par-1/lbs/69d87c7d-7924-472f-87b9-c5b641f72a7e
    method: GET
  response:
    body: '{"backend_count":1,"created_at":"2023-05-24T09:46:19.305724Z","description":"","frontend_count":1,"id":"69d87c7d-7924-472f-87b9-c5b641f72a7e","instances":[{"created_at":"2023-05-24T09:44:19.035330Z","id":"18d7cbc7-63c4-48fe-9d5d-2b9fcbf4e86a","ip_address":"10.64.146.53","region":"fr-par","status":"ready","updated_at":"2023-05-24T09:46:54.370836Z","zone":"fr-par-1"}],"ip":[{"id":"1a659e57-3f17-420d-b648-93102bbaffa6","ip_address":"51.159.206.142","lb_id":"69d87c7d-7924-472f-87b9-c5b641f72a7e","organization_id":"564aa517-68b0-4fd7-8c8c-d21c4bcdcbd5","project_id":"564aa517-68b0-4fd7-8c8c-d21c4bcdcbd5","region":"fr-par","reverse":"51-159-206-142.lb.fr-par.scw.cloud","zone":"fr-par-1"}],"name":"test-lb-acl","organization_id":"564aa517-68b0-4fd7-8c8c-d21c4bcdcbd5","private_network_count":0,"project_id":"564aa517-68b0-4fd7-8c8c-d21c4bcdcbd5","region":"fr-par","route_count":0,"ssl_compatibility_level":"ssl_compatibility_level_intermediate","status":"ready","subscriber":null,"tags":[],"type":"lb-s","updated_at":"2023-05-24T09:46:21.136811Z","zone":"fr-par-1"}'
    headers:
      Content-Length:
      - "1066"
      Content-Security-Policy:
      - default-src 'none'; frame-ancestors 'none'
      Content-Type:
      - application/json
      Date:
      - Wed, 24 May 2023 09:46:55 GMT
      Server:
      - Scaleway API-Gateway
      Strict-Transport-Security:
      - max-age=63072000
      X-Content-Type-Options:
      - nosniff
      X-Frame-Options:
      - DENY
      X-Request-Id:
      - 20fbe4ba-9c28-4cf0-8d56-1bacc30c8ce4
    status: 200 OK
    code: 200
    duration: ""
- request:
    body: ""
    form: {}
    headers:
      User-Agent:
      - scaleway-sdk-go/v1.0.0-beta.7+dev (go1.20.4; darwin; amd64) terraform-provider/develop
        terraform/terraform-tests
    url: https://api.scaleway.com/lb/v1/zones/fr-par-1/lbs/69d87c7d-7924-472f-87b9-c5b641f72a7e
    method: GET
  response:
    body: '{"backend_count":1,"created_at":"2023-05-24T09:46:19.305724Z","description":"","frontend_count":1,"id":"69d87c7d-7924-472f-87b9-c5b641f72a7e","instances":[{"created_at":"2023-05-24T09:44:19.035330Z","id":"18d7cbc7-63c4-48fe-9d5d-2b9fcbf4e86a","ip_address":"10.64.146.53","region":"fr-par","status":"ready","updated_at":"2023-05-24T09:46:54.370836Z","zone":"fr-par-1"}],"ip":[{"id":"1a659e57-3f17-420d-b648-93102bbaffa6","ip_address":"51.159.206.142","lb_id":"69d87c7d-7924-472f-87b9-c5b641f72a7e","organization_id":"564aa517-68b0-4fd7-8c8c-d21c4bcdcbd5","project_id":"564aa517-68b0-4fd7-8c8c-d21c4bcdcbd5","region":"fr-par","reverse":"51-159-206-142.lb.fr-par.scw.cloud","zone":"fr-par-1"}],"name":"test-lb-acl","organization_id":"564aa517-68b0-4fd7-8c8c-d21c4bcdcbd5","private_network_count":0,"project_id":"564aa517-68b0-4fd7-8c8c-d21c4bcdcbd5","region":"fr-par","route_count":0,"ssl_compatibility_level":"ssl_compatibility_level_intermediate","status":"ready","subscriber":null,"tags":[],"type":"lb-s","updated_at":"2023-05-24T09:46:21.136811Z","zone":"fr-par-1"}'
    headers:
      Content-Length:
      - "1066"
      Content-Security-Policy:
      - default-src 'none'; frame-ancestors 'none'
      Content-Type:
      - application/json
      Date:
      - Wed, 24 May 2023 09:46:55 GMT
      Server:
      - Scaleway API-Gateway
      Strict-Transport-Security:
      - max-age=63072000
      X-Content-Type-Options:
      - nosniff
      X-Frame-Options:
      - DENY
      X-Request-Id:
      - 457d3636-f63a-4b75-8e95-07c40dd9215f
    status: 200 OK
    code: 200
    duration: ""
- request:
    body: ""
    form: {}
    headers:
      User-Agent:
      - scaleway-sdk-go/v1.0.0-beta.7+dev (go1.20.4; darwin; amd64) terraform-provider/develop
        terraform/terraform-tests
    url: https://api.scaleway.com/lb/v1/zones/fr-par-1/lbs/69d87c7d-7924-472f-87b9-c5b641f72a7e/private-networks?order_by=created_at_asc
    method: GET
  response:
    body: '{"private_network":[],"total_count":0}'
    headers:
      Content-Length:
      - "38"
      Content-Security-Policy:
      - default-src 'none'; frame-ancestors 'none'
      Content-Type:
      - application/json
      Date:
      - Wed, 24 May 2023 09:46:55 GMT
      Server:
      - Scaleway API-Gateway
      Strict-Transport-Security:
      - max-age=63072000
      X-Content-Type-Options:
      - nosniff
      X-Frame-Options:
      - DENY
      X-Request-Id:
      - 37040754-253f-4a30-8e16-0caffd1ff59a
    status: 200 OK
    code: 200
    duration: ""
- request:
    body: ""
    form: {}
    headers:
      User-Agent:
      - scaleway-sdk-go/v1.0.0-beta.7+dev (go1.20.4; darwin; amd64) terraform-provider/develop
        terraform/terraform-tests
    url: https://api.scaleway.com/lb/v1/zones/fr-par-1/backends/8875cd2d-33ea-4e91-8c3c-8227f64f9cb2
    method: GET
  response:
    body: '{"created_at":"2023-05-24T09:46:50.024797Z","failover_host":null,"forward_port":80,"forward_port_algorithm":"roundrobin","forward_protocol":"http","health_check":{"check_delay":60000,"check_max_retries":2,"check_send_proxy":false,"check_timeout":30000,"port":80,"tcp_config":{},"transient_check_delay":null},"id":"8875cd2d-33ea-4e91-8c3c-8227f64f9cb2","ignore_ssl_server_verify":false,"lb":{"backend_count":1,"created_at":"2023-05-24T09:46:19.305724Z","description":"","frontend_count":1,"id":"69d87c7d-7924-472f-87b9-c5b641f72a7e","instances":[{"created_at":"2023-05-24T09:44:19.035330Z","id":"18d7cbc7-63c4-48fe-9d5d-2b9fcbf4e86a","ip_address":"10.64.146.53","region":"fr-par","status":"ready","updated_at":"2023-05-24T09:46:54.370836Z","zone":"fr-par-1"}],"ip":[{"id":"1a659e57-3f17-420d-b648-93102bbaffa6","ip_address":"51.159.206.142","lb_id":"69d87c7d-7924-472f-87b9-c5b641f72a7e","organization_id":"564aa517-68b0-4fd7-8c8c-d21c4bcdcbd5","project_id":"564aa517-68b0-4fd7-8c8c-d21c4bcdcbd5","region":"fr-par","reverse":"51-159-206-142.lb.fr-par.scw.cloud","zone":"fr-par-1"}],"name":"test-lb-acl","organization_id":"564aa517-68b0-4fd7-8c8c-d21c4bcdcbd5","private_network_count":0,"project_id":"564aa517-68b0-4fd7-8c8c-d21c4bcdcbd5","region":"fr-par","route_count":0,"ssl_compatibility_level":"ssl_compatibility_level_intermediate","status":"ready","subscriber":null,"tags":[],"type":"lb-s","updated_at":"2023-05-24T09:46:21.136811Z","zone":"fr-par-1"},"max_connections":null,"max_retries":null,"name":"tf-lb-bkd-wonderful-euclid","on_marked_down_action":"on_marked_down_action_none","pool":[],"proxy_protocol":"proxy_protocol_none","redispatch_attempt_count":null,"send_proxy_v2":false,"ssl_bridging":false,"sticky_sessions":"none","sticky_sessions_cookie_name":"","timeout_connect":null,"timeout_queue":null,"timeout_server":null,"timeout_tunnel":null,"updated_at":"2023-05-24T09:46:50.024797Z"}'
    headers:
      Content-Length:
      - "1901"
      Content-Security-Policy:
      - default-src 'none'; frame-ancestors 'none'
      Content-Type:
      - application/json
      Date:
      - Wed, 24 May 2023 09:46:55 GMT
      Server:
      - Scaleway API-Gateway
      Strict-Transport-Security:
      - max-age=63072000
      X-Content-Type-Options:
      - nosniff
      X-Frame-Options:
      - DENY
      X-Request-Id:
      - 0bdc7013-14b7-448e-b394-c65e2393e013
    status: 200 OK
    code: 200
    duration: ""
- request:
    body: ""
    form: {}
    headers:
      User-Agent:
      - scaleway-sdk-go/v1.0.0-beta.7+dev (go1.20.4; darwin; amd64) terraform-provider/develop
        terraform/terraform-tests
    url: https://api.scaleway.com/lb/v1/zones/fr-par-1/lbs/69d87c7d-7924-472f-87b9-c5b641f72a7e
    method: GET
  response:
    body: '{"backend_count":1,"created_at":"2023-05-24T09:46:19.305724Z","description":"","frontend_count":1,"id":"69d87c7d-7924-472f-87b9-c5b641f72a7e","instances":[{"created_at":"2023-05-24T09:44:19.035330Z","id":"18d7cbc7-63c4-48fe-9d5d-2b9fcbf4e86a","ip_address":"10.64.146.53","region":"fr-par","status":"ready","updated_at":"2023-05-24T09:46:54.370836Z","zone":"fr-par-1"}],"ip":[{"id":"1a659e57-3f17-420d-b648-93102bbaffa6","ip_address":"51.159.206.142","lb_id":"69d87c7d-7924-472f-87b9-c5b641f72a7e","organization_id":"564aa517-68b0-4fd7-8c8c-d21c4bcdcbd5","project_id":"564aa517-68b0-4fd7-8c8c-d21c4bcdcbd5","region":"fr-par","reverse":"51-159-206-142.lb.fr-par.scw.cloud","zone":"fr-par-1"}],"name":"test-lb-acl","organization_id":"564aa517-68b0-4fd7-8c8c-d21c4bcdcbd5","private_network_count":0,"project_id":"564aa517-68b0-4fd7-8c8c-d21c4bcdcbd5","region":"fr-par","route_count":0,"ssl_compatibility_level":"ssl_compatibility_level_intermediate","status":"ready","subscriber":null,"tags":[],"type":"lb-s","updated_at":"2023-05-24T09:46:21.136811Z","zone":"fr-par-1"}'
    headers:
      Content-Length:
      - "1066"
      Content-Security-Policy:
      - default-src 'none'; frame-ancestors 'none'
      Content-Type:
      - application/json
      Date:
      - Wed, 24 May 2023 09:46:55 GMT
      Server:
      - Scaleway API-Gateway
      Strict-Transport-Security:
      - max-age=63072000
      X-Content-Type-Options:
      - nosniff
      X-Frame-Options:
      - DENY
      X-Request-Id:
      - 43887a59-1663-4123-a8ab-caa5281d80ac
    status: 200 OK
    code: 200
    duration: ""
- request:
    body: ""
    form: {}
    headers:
      User-Agent:
      - scaleway-sdk-go/v1.0.0-beta.7+dev (go1.20.4; darwin; amd64) terraform-provider/develop
        terraform/terraform-tests
    url: https://api.scaleway.com/lb/v1/zones/fr-par-1/frontends/b7c6d9f4-8926-4be0-99b1-55b46badc3f9
    method: GET
  response:
    body: '{"backend":{"created_at":"2023-05-24T09:46:50.024797Z","failover_host":null,"forward_port":80,"forward_port_algorithm":"roundrobin","forward_protocol":"http","health_check":{"check_delay":60000,"check_max_retries":2,"check_send_proxy":false,"check_timeout":30000,"port":80,"tcp_config":{},"transient_check_delay":null},"id":"8875cd2d-33ea-4e91-8c3c-8227f64f9cb2","ignore_ssl_server_verify":false,"lb":{"backend_count":1,"created_at":"2023-05-24T09:46:19.305724Z","description":"","frontend_count":1,"id":"69d87c7d-7924-472f-87b9-c5b641f72a7e","instances":[],"ip":[{"id":"1a659e57-3f17-420d-b648-93102bbaffa6","ip_address":"51.159.206.142","lb_id":"69d87c7d-7924-472f-87b9-c5b641f72a7e","organization_id":"564aa517-68b0-4fd7-8c8c-d21c4bcdcbd5","project_id":"564aa517-68b0-4fd7-8c8c-d21c4bcdcbd5","region":"fr-par","reverse":"51-159-206-142.lb.fr-par.scw.cloud","zone":"fr-par-1"}],"name":"test-lb-acl","organization_id":"564aa517-68b0-4fd7-8c8c-d21c4bcdcbd5","private_network_count":0,"project_id":"564aa517-68b0-4fd7-8c8c-d21c4bcdcbd5","region":"fr-par","route_count":0,"ssl_compatibility_level":"ssl_compatibility_level_intermediate","status":"ready","subscriber":null,"tags":[],"type":"lb-s","updated_at":"2023-05-24T09:46:21.136811Z","zone":"fr-par-1"},"max_connections":null,"max_retries":null,"name":"tf-lb-bkd-wonderful-euclid","on_marked_down_action":"on_marked_down_action_none","pool":[],"proxy_protocol":"proxy_protocol_none","redispatch_attempt_count":null,"send_proxy_v2":false,"ssl_bridging":false,"sticky_sessions":"none","sticky_sessions_cookie_name":"","timeout_connect":null,"timeout_queue":null,"timeout_server":null,"timeout_tunnel":null,"updated_at":"2023-05-24T09:46:50.024797Z"},"certificate":null,"certificate_ids":[],"created_at":"2023-05-24T09:46:50.676998Z","enable_http3":false,"id":"b7c6d9f4-8926-4be0-99b1-55b46badc3f9","inbound_port":80,"lb":{"backend_count":1,"created_at":"2023-05-24T09:46:19.305724Z","description":"","frontend_count":1,"id":"69d87c7d-7924-472f-87b9-c5b641f72a7e","instances":[],"ip":[{"id":"1a659e57-3f17-420d-b648-93102bbaffa6","ip_address":"51.159.206.142","lb_id":"69d87c7d-7924-472f-87b9-c5b641f72a7e","organization_id":"564aa517-68b0-4fd7-8c8c-d21c4bcdcbd5","project_id":"564aa517-68b0-4fd7-8c8c-d21c4bcdcbd5","region":"fr-par","reverse":"51-159-206-142.lb.fr-par.scw.cloud","zone":"fr-par-1"}],"name":"test-lb-acl","organization_id":"564aa517-68b0-4fd7-8c8c-d21c4bcdcbd5","private_network_count":0,"project_id":"564aa517-68b0-4fd7-8c8c-d21c4bcdcbd5","region":"fr-par","route_count":0,"ssl_compatibility_level":"ssl_compatibility_level_intermediate","status":"ready","subscriber":null,"tags":[],"type":"lb-s","updated_at":"2023-05-24T09:46:21.136811Z","zone":"fr-par-1"},"name":"tf-test","timeout_client":30000,"updated_at":"2023-05-24T09:46:50.676998Z"}'
    headers:
      Content-Length:
      - "2810"
      Content-Security-Policy:
      - default-src 'none'; frame-ancestors 'none'
      Content-Type:
      - application/json
      Date:
      - Wed, 24 May 2023 09:46:55 GMT
      Server:
      - Scaleway API-Gateway
      Strict-Transport-Security:
      - max-age=63072000
      X-Content-Type-Options:
      - nosniff
      X-Frame-Options:
      - DENY
      X-Request-Id:
      - 2f8f25af-77ac-444c-a5e5-906036e448dc
    status: 200 OK
    code: 200
    duration: ""
- request:
    body: ""
    form: {}
    headers:
      User-Agent:
      - scaleway-sdk-go/v1.0.0-beta.7+dev (go1.20.4; darwin; amd64) terraform-provider/develop
        terraform/terraform-tests
    url: https://api.scaleway.com/lb/v1/zones/fr-par-1/acls/f2c7296f-1a50-4f1a-b16e-694e3704e3f0
    method: GET
  response:
    body: '{"action":{"redirect":null,"type":"deny"},"created_at":"2023-05-24T09:46:51.317957Z","description":"updated
      description","frontend":{"backend":{"created_at":"2023-05-24T09:46:50.024797Z","failover_host":null,"forward_port":80,"forward_port_algorithm":"roundrobin","forward_protocol":"http","health_check":{"check_delay":60000,"check_max_retries":2,"check_send_proxy":false,"check_timeout":30000,"port":80,"tcp_config":{},"transient_check_delay":null},"id":"8875cd2d-33ea-4e91-8c3c-8227f64f9cb2","ignore_ssl_server_verify":false,"lb":{"backend_count":1,"created_at":"2023-05-24T09:46:19.305724Z","description":"","frontend_count":1,"id":"69d87c7d-7924-472f-87b9-c5b641f72a7e","instances":[],"ip":[{"id":"1a659e57-3f17-420d-b648-93102bbaffa6","ip_address":"51.159.206.142","lb_id":"69d87c7d-7924-472f-87b9-c5b641f72a7e","organization_id":"564aa517-68b0-4fd7-8c8c-d21c4bcdcbd5","project_id":"564aa517-68b0-4fd7-8c8c-d21c4bcdcbd5","region":"fr-par","reverse":"51-159-206-142.lb.fr-par.scw.cloud","zone":"fr-par-1"}],"name":"test-lb-acl","organization_id":"564aa517-68b0-4fd7-8c8c-d21c4bcdcbd5","private_network_count":0,"project_id":"564aa517-68b0-4fd7-8c8c-d21c4bcdcbd5","region":"fr-par","route_count":0,"ssl_compatibility_level":"ssl_compatibility_level_intermediate","status":"ready","subscriber":null,"tags":[],"type":"lb-s","updated_at":"2023-05-24T09:46:21.136811Z","zone":"fr-par-1"},"max_connections":null,"max_retries":null,"name":"tf-lb-bkd-wonderful-euclid","on_marked_down_action":"on_marked_down_action_none","pool":[],"proxy_protocol":"proxy_protocol_none","redispatch_attempt_count":null,"send_proxy_v2":false,"ssl_bridging":false,"sticky_sessions":"none","sticky_sessions_cookie_name":"","timeout_connect":null,"timeout_queue":null,"timeout_server":null,"timeout_tunnel":null,"updated_at":"2023-05-24T09:46:50.024797Z"},"certificate":null,"certificate_ids":[],"created_at":"2023-05-24T09:46:50.676998Z","enable_http3":false,"id":"b7c6d9f4-8926-4be0-99b1-55b46badc3f9","inbound_port":80,"lb":{"backend_count":1,"created_at":"2023-05-24T09:46:19.305724Z","description":"","frontend_count":1,"id":"69d87c7d-7924-472f-87b9-c5b641f72a7e","instances":[],"ip":[{"id":"1a659e57-3f17-420d-b648-93102bbaffa6","ip_address":"51.159.206.142","lb_id":"69d87c7d-7924-472f-87b9-c5b641f72a7e","organization_id":"564aa517-68b0-4fd7-8c8c-d21c4bcdcbd5","project_id":"564aa517-68b0-4fd7-8c8c-d21c4bcdcbd5","region":"fr-par","reverse":"51-159-206-142.lb.fr-par.scw.cloud","zone":"fr-par-1"}],"name":"test-lb-acl","organization_id":"564aa517-68b0-4fd7-8c8c-d21c4bcdcbd5","private_network_count":0,"project_id":"564aa517-68b0-4fd7-8c8c-d21c4bcdcbd5","region":"fr-par","route_count":0,"ssl_compatibility_level":"ssl_compatibility_level_intermediate","status":"ready","subscriber":null,"tags":[],"type":"lb-s","updated_at":"2023-05-24T09:46:21.136811Z","zone":"fr-par-1"},"name":"tf-test","timeout_client":30000,"updated_at":"2023-05-24T09:46:50.676998Z"},"id":"f2c7296f-1a50-4f1a-b16e-694e3704e3f0","index":3,"match":{"http_filter":"acl_http_filter_none","http_filter_option":null,"http_filter_value":[],"invert":false,"ip_subnet":["0.0.0.0/0"]},"name":"updated-test-acl-basic","updated_at":"2023-05-24T09:46:54.018078Z"}'
    headers:
      Content-Length:
      - "3209"
      Content-Security-Policy:
      - default-src 'none'; frame-ancestors 'none'
      Content-Type:
      - application/json
      Date:
      - Wed, 24 May 2023 09:46:55 GMT
      Server:
      - Scaleway API-Gateway
      Strict-Transport-Security:
      - max-age=63072000
      X-Content-Type-Options:
      - nosniff
      X-Frame-Options:
      - DENY
      X-Request-Id:
      - 9cd586a5-81e6-4f4d-b6cc-0610dae00851
    status: 200 OK
    code: 200
    duration: ""
- request:
    body: ""
    form: {}
    headers:
      User-Agent:
      - scaleway-sdk-go/v1.0.0-beta.7+dev (go1.20.4; darwin; amd64) terraform-provider/develop
        terraform/terraform-tests
    url: https://api.scaleway.com/lb/v1/zones/fr-par-1/ips/1a659e57-3f17-420d-b648-93102bbaffa6
    method: GET
  response:
    body: '{"id":"1a659e57-3f17-420d-b648-93102bbaffa6","ip_address":"51.159.206.142","lb_id":"69d87c7d-7924-472f-87b9-c5b641f72a7e","organization_id":"564aa517-68b0-4fd7-8c8c-d21c4bcdcbd5","project_id":"564aa517-68b0-4fd7-8c8c-d21c4bcdcbd5","region":"fr-par","reverse":"51-159-206-142.lb.fr-par.scw.cloud","zone":"fr-par-1"}'
    headers:
      Content-Length:
      - "314"
      Content-Security-Policy:
      - default-src 'none'; frame-ancestors 'none'
      Content-Type:
      - application/json
      Date:
      - Wed, 24 May 2023 09:46:55 GMT
      Server:
      - Scaleway API-Gateway
      Strict-Transport-Security:
      - max-age=63072000
      X-Content-Type-Options:
      - nosniff
      X-Frame-Options:
      - DENY
      X-Request-Id:
      - 66a89968-0c42-401f-adee-ae3453c4a0bb
    status: 200 OK
    code: 200
    duration: ""
- request:
    body: ""
    form: {}
    headers:
      User-Agent:
      - scaleway-sdk-go/v1.0.0-beta.7+dev (go1.20.4; darwin; amd64) terraform-provider/develop
        terraform/terraform-tests
    url: https://api.scaleway.com/lb/v1/zones/fr-par-1/lbs/69d87c7d-7924-472f-87b9-c5b641f72a7e
    method: GET
  response:
    body: '{"backend_count":1,"created_at":"2023-05-24T09:46:19.305724Z","description":"","frontend_count":1,"id":"69d87c7d-7924-472f-87b9-c5b641f72a7e","instances":[{"created_at":"2023-05-24T09:44:19.035330Z","id":"18d7cbc7-63c4-48fe-9d5d-2b9fcbf4e86a","ip_address":"10.64.146.53","region":"fr-par","status":"ready","updated_at":"2023-05-24T09:46:54.370836Z","zone":"fr-par-1"}],"ip":[{"id":"1a659e57-3f17-420d-b648-93102bbaffa6","ip_address":"51.159.206.142","lb_id":"69d87c7d-7924-472f-87b9-c5b641f72a7e","organization_id":"564aa517-68b0-4fd7-8c8c-d21c4bcdcbd5","project_id":"564aa517-68b0-4fd7-8c8c-d21c4bcdcbd5","region":"fr-par","reverse":"51-159-206-142.lb.fr-par.scw.cloud","zone":"fr-par-1"}],"name":"test-lb-acl","organization_id":"564aa517-68b0-4fd7-8c8c-d21c4bcdcbd5","private_network_count":0,"project_id":"564aa517-68b0-4fd7-8c8c-d21c4bcdcbd5","region":"fr-par","route_count":0,"ssl_compatibility_level":"ssl_compatibility_level_intermediate","status":"ready","subscriber":null,"tags":[],"type":"lb-s","updated_at":"2023-05-24T09:46:21.136811Z","zone":"fr-par-1"}'
    headers:
      Content-Length:
      - "1066"
      Content-Security-Policy:
      - default-src 'none'; frame-ancestors 'none'
      Content-Type:
      - application/json
      Date:
      - Wed, 24 May 2023 09:46:55 GMT
      Server:
      - Scaleway API-Gateway
      Strict-Transport-Security:
      - max-age=63072000
      X-Content-Type-Options:
      - nosniff
      X-Frame-Options:
      - DENY
      X-Request-Id:
      - 515ccb16-cde7-49d5-b50a-3e6049344962
    status: 200 OK
    code: 200
    duration: ""
- request:
    body: ""
    form: {}
    headers:
      User-Agent:
      - scaleway-sdk-go/v1.0.0-beta.7+dev (go1.20.4; darwin; amd64) terraform-provider/develop
        terraform/terraform-tests
    url: https://api.scaleway.com/lb/v1/zones/fr-par-1/backends/8875cd2d-33ea-4e91-8c3c-8227f64f9cb2
    method: GET
  response:
    body: '{"created_at":"2023-05-24T09:46:50.024797Z","failover_host":null,"forward_port":80,"forward_port_algorithm":"roundrobin","forward_protocol":"http","health_check":{"check_delay":60000,"check_max_retries":2,"check_send_proxy":false,"check_timeout":30000,"port":80,"tcp_config":{},"transient_check_delay":null},"id":"8875cd2d-33ea-4e91-8c3c-8227f64f9cb2","ignore_ssl_server_verify":false,"lb":{"backend_count":1,"created_at":"2023-05-24T09:46:19.305724Z","description":"","frontend_count":1,"id":"69d87c7d-7924-472f-87b9-c5b641f72a7e","instances":[{"created_at":"2023-05-24T09:44:19.035330Z","id":"18d7cbc7-63c4-48fe-9d5d-2b9fcbf4e86a","ip_address":"10.64.146.53","region":"fr-par","status":"ready","updated_at":"2023-05-24T09:46:54.370836Z","zone":"fr-par-1"}],"ip":[{"id":"1a659e57-3f17-420d-b648-93102bbaffa6","ip_address":"51.159.206.142","lb_id":"69d87c7d-7924-472f-87b9-c5b641f72a7e","organization_id":"564aa517-68b0-4fd7-8c8c-d21c4bcdcbd5","project_id":"564aa517-68b0-4fd7-8c8c-d21c4bcdcbd5","region":"fr-par","reverse":"51-159-206-142.lb.fr-par.scw.cloud","zone":"fr-par-1"}],"name":"test-lb-acl","organization_id":"564aa517-68b0-4fd7-8c8c-d21c4bcdcbd5","private_network_count":0,"project_id":"564aa517-68b0-4fd7-8c8c-d21c4bcdcbd5","region":"fr-par","route_count":0,"ssl_compatibility_level":"ssl_compatibility_level_intermediate","status":"ready","subscriber":null,"tags":[],"type":"lb-s","updated_at":"2023-05-24T09:46:21.136811Z","zone":"fr-par-1"},"max_connections":null,"max_retries":null,"name":"tf-lb-bkd-wonderful-euclid","on_marked_down_action":"on_marked_down_action_none","pool":[],"proxy_protocol":"proxy_protocol_none","redispatch_attempt_count":null,"send_proxy_v2":false,"ssl_bridging":false,"sticky_sessions":"none","sticky_sessions_cookie_name":"","timeout_connect":null,"timeout_queue":null,"timeout_server":null,"timeout_tunnel":null,"updated_at":"2023-05-24T09:46:50.024797Z"}'
    headers:
      Content-Length:
      - "1901"
      Content-Security-Policy:
      - default-src 'none'; frame-ancestors 'none'
      Content-Type:
      - application/json
      Date:
      - Wed, 24 May 2023 09:46:55 GMT
      Server:
      - Scaleway API-Gateway
      Strict-Transport-Security:
      - max-age=63072000
      X-Content-Type-Options:
      - nosniff
      X-Frame-Options:
      - DENY
      X-Request-Id:
      - 01390b62-fbae-43ab-926e-a2da3b4b4227
    status: 200 OK
    code: 200
    duration: ""
- request:
    body: ""
    form: {}
    headers:
      User-Agent:
      - scaleway-sdk-go/v1.0.0-beta.7+dev (go1.20.4; darwin; amd64) terraform-provider/develop
        terraform/terraform-tests
    url: https://api.scaleway.com/lb/v1/zones/fr-par-1/frontends/b7c6d9f4-8926-4be0-99b1-55b46badc3f9
    method: GET
  response:
    body: '{"backend":{"created_at":"2023-05-24T09:46:50.024797Z","failover_host":null,"forward_port":80,"forward_port_algorithm":"roundrobin","forward_protocol":"http","health_check":{"check_delay":60000,"check_max_retries":2,"check_send_proxy":false,"check_timeout":30000,"port":80,"tcp_config":{},"transient_check_delay":null},"id":"8875cd2d-33ea-4e91-8c3c-8227f64f9cb2","ignore_ssl_server_verify":false,"lb":{"backend_count":1,"created_at":"2023-05-24T09:46:19.305724Z","description":"","frontend_count":1,"id":"69d87c7d-7924-472f-87b9-c5b641f72a7e","instances":[],"ip":[{"id":"1a659e57-3f17-420d-b648-93102bbaffa6","ip_address":"51.159.206.142","lb_id":"69d87c7d-7924-472f-87b9-c5b641f72a7e","organization_id":"564aa517-68b0-4fd7-8c8c-d21c4bcdcbd5","project_id":"564aa517-68b0-4fd7-8c8c-d21c4bcdcbd5","region":"fr-par","reverse":"51-159-206-142.lb.fr-par.scw.cloud","zone":"fr-par-1"}],"name":"test-lb-acl","organization_id":"564aa517-68b0-4fd7-8c8c-d21c4bcdcbd5","private_network_count":0,"project_id":"564aa517-68b0-4fd7-8c8c-d21c4bcdcbd5","region":"fr-par","route_count":0,"ssl_compatibility_level":"ssl_compatibility_level_intermediate","status":"ready","subscriber":null,"tags":[],"type":"lb-s","updated_at":"2023-05-24T09:46:21.136811Z","zone":"fr-par-1"},"max_connections":null,"max_retries":null,"name":"tf-lb-bkd-wonderful-euclid","on_marked_down_action":"on_marked_down_action_none","pool":[],"proxy_protocol":"proxy_protocol_none","redispatch_attempt_count":null,"send_proxy_v2":false,"ssl_bridging":false,"sticky_sessions":"none","sticky_sessions_cookie_name":"","timeout_connect":null,"timeout_queue":null,"timeout_server":null,"timeout_tunnel":null,"updated_at":"2023-05-24T09:46:50.024797Z"},"certificate":null,"certificate_ids":[],"created_at":"2023-05-24T09:46:50.676998Z","enable_http3":false,"id":"b7c6d9f4-8926-4be0-99b1-55b46badc3f9","inbound_port":80,"lb":{"backend_count":1,"created_at":"2023-05-24T09:46:19.305724Z","description":"","frontend_count":1,"id":"69d87c7d-7924-472f-87b9-c5b641f72a7e","instances":[],"ip":[{"id":"1a659e57-3f17-420d-b648-93102bbaffa6","ip_address":"51.159.206.142","lb_id":"69d87c7d-7924-472f-87b9-c5b641f72a7e","organization_id":"564aa517-68b0-4fd7-8c8c-d21c4bcdcbd5","project_id":"564aa517-68b0-4fd7-8c8c-d21c4bcdcbd5","region":"fr-par","reverse":"51-159-206-142.lb.fr-par.scw.cloud","zone":"fr-par-1"}],"name":"test-lb-acl","organization_id":"564aa517-68b0-4fd7-8c8c-d21c4bcdcbd5","private_network_count":0,"project_id":"564aa517-68b0-4fd7-8c8c-d21c4bcdcbd5","region":"fr-par","route_count":0,"ssl_compatibility_level":"ssl_compatibility_level_intermediate","status":"ready","subscriber":null,"tags":[],"type":"lb-s","updated_at":"2023-05-24T09:46:21.136811Z","zone":"fr-par-1"},"name":"tf-test","timeout_client":30000,"updated_at":"2023-05-24T09:46:50.676998Z"}'
    headers:
      Content-Length:
      - "2810"
      Content-Security-Policy:
      - default-src 'none'; frame-ancestors 'none'
      Content-Type:
      - application/json
      Date:
      - Wed, 24 May 2023 09:46:55 GMT
      Server:
      - Scaleway API-Gateway
      Strict-Transport-Security:
      - max-age=63072000
      X-Content-Type-Options:
      - nosniff
      X-Frame-Options:
      - DENY
      X-Request-Id:
      - 319987e2-f4b4-4a1e-864e-63d08ecd6d9e
    status: 200 OK
    code: 200
    duration: ""
- request:
    body: ""
    form: {}
    headers:
      User-Agent:
      - scaleway-sdk-go/v1.0.0-beta.7+dev (go1.20.4; darwin; amd64) terraform-provider/develop
        terraform/terraform-tests
    url: https://api.scaleway.com/lb/v1/zones/fr-par-1/acls/f2c7296f-1a50-4f1a-b16e-694e3704e3f0
    method: GET
  response:
    body: '{"action":{"redirect":null,"type":"deny"},"created_at":"2023-05-24T09:46:51.317957Z","description":"updated
      description","frontend":{"backend":{"created_at":"2023-05-24T09:46:50.024797Z","failover_host":null,"forward_port":80,"forward_port_algorithm":"roundrobin","forward_protocol":"http","health_check":{"check_delay":60000,"check_max_retries":2,"check_send_proxy":false,"check_timeout":30000,"port":80,"tcp_config":{},"transient_check_delay":null},"id":"8875cd2d-33ea-4e91-8c3c-8227f64f9cb2","ignore_ssl_server_verify":false,"lb":{"backend_count":1,"created_at":"2023-05-24T09:46:19.305724Z","description":"","frontend_count":1,"id":"69d87c7d-7924-472f-87b9-c5b641f72a7e","instances":[],"ip":[{"id":"1a659e57-3f17-420d-b648-93102bbaffa6","ip_address":"51.159.206.142","lb_id":"69d87c7d-7924-472f-87b9-c5b641f72a7e","organization_id":"564aa517-68b0-4fd7-8c8c-d21c4bcdcbd5","project_id":"564aa517-68b0-4fd7-8c8c-d21c4bcdcbd5","region":"fr-par","reverse":"51-159-206-142.lb.fr-par.scw.cloud","zone":"fr-par-1"}],"name":"test-lb-acl","organization_id":"564aa517-68b0-4fd7-8c8c-d21c4bcdcbd5","private_network_count":0,"project_id":"564aa517-68b0-4fd7-8c8c-d21c4bcdcbd5","region":"fr-par","route_count":0,"ssl_compatibility_level":"ssl_compatibility_level_intermediate","status":"ready","subscriber":null,"tags":[],"type":"lb-s","updated_at":"2023-05-24T09:46:21.136811Z","zone":"fr-par-1"},"max_connections":null,"max_retries":null,"name":"tf-lb-bkd-wonderful-euclid","on_marked_down_action":"on_marked_down_action_none","pool":[],"proxy_protocol":"proxy_protocol_none","redispatch_attempt_count":null,"send_proxy_v2":false,"ssl_bridging":false,"sticky_sessions":"none","sticky_sessions_cookie_name":"","timeout_connect":null,"timeout_queue":null,"timeout_server":null,"timeout_tunnel":null,"updated_at":"2023-05-24T09:46:50.024797Z"},"certificate":null,"certificate_ids":[],"created_at":"2023-05-24T09:46:50.676998Z","enable_http3":false,"id":"b7c6d9f4-8926-4be0-99b1-55b46badc3f9","inbound_port":80,"lb":{"backend_count":1,"created_at":"2023-05-24T09:46:19.305724Z","description":"","frontend_count":1,"id":"69d87c7d-7924-472f-87b9-c5b641f72a7e","instances":[],"ip":[{"id":"1a659e57-3f17-420d-b648-93102bbaffa6","ip_address":"51.159.206.142","lb_id":"69d87c7d-7924-472f-87b9-c5b641f72a7e","organization_id":"564aa517-68b0-4fd7-8c8c-d21c4bcdcbd5","project_id":"564aa517-68b0-4fd7-8c8c-d21c4bcdcbd5","region":"fr-par","reverse":"51-159-206-142.lb.fr-par.scw.cloud","zone":"fr-par-1"}],"name":"test-lb-acl","organization_id":"564aa517-68b0-4fd7-8c8c-d21c4bcdcbd5","private_network_count":0,"project_id":"564aa517-68b0-4fd7-8c8c-d21c4bcdcbd5","region":"fr-par","route_count":0,"ssl_compatibility_level":"ssl_compatibility_level_intermediate","status":"ready","subscriber":null,"tags":[],"type":"lb-s","updated_at":"2023-05-24T09:46:21.136811Z","zone":"fr-par-1"},"name":"tf-test","timeout_client":30000,"updated_at":"2023-05-24T09:46:50.676998Z"},"id":"f2c7296f-1a50-4f1a-b16e-694e3704e3f0","index":3,"match":{"http_filter":"acl_http_filter_none","http_filter_option":null,"http_filter_value":[],"invert":false,"ip_subnet":["0.0.0.0/0"]},"name":"updated-test-acl-basic","updated_at":"2023-05-24T09:46:54.018078Z"}'
    headers:
      Content-Length:
      - "3209"
      Content-Security-Policy:
      - default-src 'none'; frame-ancestors 'none'
      Content-Type:
      - application/json
      Date:
      - Wed, 24 May 2023 09:46:55 GMT
      Server:
      - Scaleway API-Gateway
      Strict-Transport-Security:
      - max-age=63072000
      X-Content-Type-Options:
      - nosniff
      X-Frame-Options:
      - DENY
      X-Request-Id:
      - 6549c830-686c-40b4-92c0-0178812e67da
    status: 200 OK
    code: 200
    duration: ""
- request:
    body: ""
    form: {}
    headers:
      User-Agent:
      - scaleway-sdk-go/v1.0.0-beta.7+dev (go1.20.4; darwin; amd64) terraform-provider/develop
        terraform/terraform-tests
    url: https://api.scaleway.com/lb/v1/zones/fr-par-1/lbs/69d87c7d-7924-472f-87b9-c5b641f72a7e/private-networks?order_by=created_at_asc
    method: GET
  response:
    body: '{"private_network":[],"total_count":0}'
    headers:
      Content-Length:
      - "38"
      Content-Security-Policy:
      - default-src 'none'; frame-ancestors 'none'
      Content-Type:
      - application/json
      Date:
      - Wed, 24 May 2023 09:46:55 GMT
      Server:
      - Scaleway API-Gateway
      Strict-Transport-Security:
      - max-age=63072000
      X-Content-Type-Options:
      - nosniff
      X-Frame-Options:
      - DENY
      X-Request-Id:
      - 5181d124-454c-46d7-ae2d-0dd28c82c6a6
    status: 200 OK
    code: 200
    duration: ""
- request:
    body: ""
    form: {}
    headers:
      User-Agent:
      - scaleway-sdk-go/v1.0.0-beta.7+dev (go1.20.4; darwin; amd64) terraform-provider/develop
        terraform/terraform-tests
    url: https://api.scaleway.com/lb/v1/zones/fr-par-1/lbs/69d87c7d-7924-472f-87b9-c5b641f72a7e
    method: GET
  response:
    body: '{"backend_count":1,"created_at":"2023-05-24T09:46:19.305724Z","description":"","frontend_count":1,"id":"69d87c7d-7924-472f-87b9-c5b641f72a7e","instances":[{"created_at":"2023-05-24T09:44:19.035330Z","id":"18d7cbc7-63c4-48fe-9d5d-2b9fcbf4e86a","ip_address":"10.64.146.53","region":"fr-par","status":"ready","updated_at":"2023-05-24T09:46:54.370836Z","zone":"fr-par-1"}],"ip":[{"id":"1a659e57-3f17-420d-b648-93102bbaffa6","ip_address":"51.159.206.142","lb_id":"69d87c7d-7924-472f-87b9-c5b641f72a7e","organization_id":"564aa517-68b0-4fd7-8c8c-d21c4bcdcbd5","project_id":"564aa517-68b0-4fd7-8c8c-d21c4bcdcbd5","region":"fr-par","reverse":"51-159-206-142.lb.fr-par.scw.cloud","zone":"fr-par-1"}],"name":"test-lb-acl","organization_id":"564aa517-68b0-4fd7-8c8c-d21c4bcdcbd5","private_network_count":0,"project_id":"564aa517-68b0-4fd7-8c8c-d21c4bcdcbd5","region":"fr-par","route_count":0,"ssl_compatibility_level":"ssl_compatibility_level_intermediate","status":"ready","subscriber":null,"tags":[],"type":"lb-s","updated_at":"2023-05-24T09:46:21.136811Z","zone":"fr-par-1"}'
    headers:
      Content-Length:
      - "1066"
      Content-Security-Policy:
      - default-src 'none'; frame-ancestors 'none'
      Content-Type:
      - application/json
      Date:
      - Wed, 24 May 2023 09:46:55 GMT
      Server:
      - Scaleway API-Gateway
      Strict-Transport-Security:
      - max-age=63072000
      X-Content-Type-Options:
      - nosniff
      X-Frame-Options:
      - DENY
      X-Request-Id:
      - 66a52d51-f70e-4ef9-9073-b7fa41dee3e5
    status: 200 OK
    code: 200
    duration: ""
- request:
    body: ""
    form: {}
    headers:
      User-Agent:
      - scaleway-sdk-go/v1.0.0-beta.7+dev (go1.20.4; darwin; amd64) terraform-provider/develop
        terraform/terraform-tests
    url: https://api.scaleway.com/lb/v1/zones/fr-par-1/lbs/69d87c7d-7924-472f-87b9-c5b641f72a7e
    method: GET
  response:
    body: '{"backend_count":1,"created_at":"2023-05-24T09:46:19.305724Z","description":"","frontend_count":1,"id":"69d87c7d-7924-472f-87b9-c5b641f72a7e","instances":[{"created_at":"2023-05-24T09:44:19.035330Z","id":"18d7cbc7-63c4-48fe-9d5d-2b9fcbf4e86a","ip_address":"10.64.146.53","region":"fr-par","status":"ready","updated_at":"2023-05-24T09:46:54.370836Z","zone":"fr-par-1"}],"ip":[{"id":"1a659e57-3f17-420d-b648-93102bbaffa6","ip_address":"51.159.206.142","lb_id":"69d87c7d-7924-472f-87b9-c5b641f72a7e","organization_id":"564aa517-68b0-4fd7-8c8c-d21c4bcdcbd5","project_id":"564aa517-68b0-4fd7-8c8c-d21c4bcdcbd5","region":"fr-par","reverse":"51-159-206-142.lb.fr-par.scw.cloud","zone":"fr-par-1"}],"name":"test-lb-acl","organization_id":"564aa517-68b0-4fd7-8c8c-d21c4bcdcbd5","private_network_count":0,"project_id":"564aa517-68b0-4fd7-8c8c-d21c4bcdcbd5","region":"fr-par","route_count":0,"ssl_compatibility_level":"ssl_compatibility_level_intermediate","status":"ready","subscriber":null,"tags":[],"type":"lb-s","updated_at":"2023-05-24T09:46:21.136811Z","zone":"fr-par-1"}'
    headers:
      Content-Length:
      - "1066"
      Content-Security-Policy:
      - default-src 'none'; frame-ancestors 'none'
      Content-Type:
      - application/json
      Date:
      - Wed, 24 May 2023 09:46:55 GMT
      Server:
      - Scaleway API-Gateway
      Strict-Transport-Security:
      - max-age=63072000
      X-Content-Type-Options:
      - nosniff
      X-Frame-Options:
      - DENY
      X-Request-Id:
      - 6e9abbab-d38b-4678-9bde-6d08ef779e55
    status: 200 OK
    code: 200
    duration: ""
- request:
    body: ""
    form: {}
    headers:
      User-Agent:
      - scaleway-sdk-go/v1.0.0-beta.7+dev (go1.20.4; darwin; amd64) terraform-provider/develop
        terraform/terraform-tests
    url: https://api.scaleway.com/lb/v1/zones/fr-par-1/acls/f2c7296f-1a50-4f1a-b16e-694e3704e3f0
    method: DELETE
  response:
    body: ""
    headers:
      Content-Security-Policy:
      - default-src 'none'; frame-ancestors 'none'
      Content-Type:
      - application/json
      Date:
      - Wed, 24 May 2023 09:46:56 GMT
      Server:
      - Scaleway API-Gateway
      Strict-Transport-Security:
      - max-age=63072000
      X-Content-Type-Options:
      - nosniff
      X-Frame-Options:
      - DENY
      X-Request-Id:
      - 633a2b23-d454-4dc7-9664-43057eed0531
    status: 204 No Content
    code: 204
    duration: ""
- request:
    body: ""
    form: {}
    headers:
      User-Agent:
      - scaleway-sdk-go/v1.0.0-beta.7+dev (go1.20.4; darwin; amd64) terraform-provider/develop
        terraform/terraform-tests
    url: https://api.scaleway.com/lb/v1/zones/fr-par-1/frontends/b7c6d9f4-8926-4be0-99b1-55b46badc3f9
    method: DELETE
  response:
    body: ""
    headers:
      Content-Security-Policy:
      - default-src 'none'; frame-ancestors 'none'
      Content-Type:
      - application/json
      Date:
      - Wed, 24 May 2023 09:46:56 GMT
      Server:
      - Scaleway API-Gateway
      Strict-Transport-Security:
      - max-age=63072000
      X-Content-Type-Options:
      - nosniff
      X-Frame-Options:
      - DENY
      X-Request-Id:
      - 726ef644-2c31-42c1-8af7-7233c19dae87
    status: 204 No Content
    code: 204
    duration: ""
- request:
    body: ""
    form: {}
    headers:
      User-Agent:
      - scaleway-sdk-go/v1.0.0-beta.7+dev (go1.20.4; darwin; amd64) terraform-provider/develop
        terraform/terraform-tests
    url: https://api.scaleway.com/lb/v1/zones/fr-par-1/lbs/69d87c7d-7924-472f-87b9-c5b641f72a7e
    method: GET
  response:
    body: '{"backend_count":1,"created_at":"2023-05-24T09:46:19.305724Z","description":"","frontend_count":0,"id":"69d87c7d-7924-472f-87b9-c5b641f72a7e","instances":[{"created_at":"2023-05-24T09:44:19.035330Z","id":"18d7cbc7-63c4-48fe-9d5d-2b9fcbf4e86a","ip_address":"10.64.146.53","region":"fr-par","status":"ready","updated_at":"2023-05-24T09:46:56.730330Z","zone":"fr-par-1"}],"ip":[{"id":"1a659e57-3f17-420d-b648-93102bbaffa6","ip_address":"51.159.206.142","lb_id":"69d87c7d-7924-472f-87b9-c5b641f72a7e","organization_id":"564aa517-68b0-4fd7-8c8c-d21c4bcdcbd5","project_id":"564aa517-68b0-4fd7-8c8c-d21c4bcdcbd5","region":"fr-par","reverse":"51-159-206-142.lb.fr-par.scw.cloud","zone":"fr-par-1"}],"name":"test-lb-acl","organization_id":"564aa517-68b0-4fd7-8c8c-d21c4bcdcbd5","private_network_count":0,"project_id":"564aa517-68b0-4fd7-8c8c-d21c4bcdcbd5","region":"fr-par","route_count":0,"ssl_compatibility_level":"ssl_compatibility_level_intermediate","status":"ready","subscriber":null,"tags":[],"type":"lb-s","updated_at":"2023-05-24T09:46:21.136811Z","zone":"fr-par-1"}'
    headers:
      Content-Length:
      - "1066"
      Content-Security-Policy:
      - default-src 'none'; frame-ancestors 'none'
      Content-Type:
      - application/json
      Date:
      - Wed, 24 May 2023 09:46:56 GMT
      Server:
      - Scaleway API-Gateway
      Strict-Transport-Security:
      - max-age=63072000
      X-Content-Type-Options:
      - nosniff
      X-Frame-Options:
      - DENY
      X-Request-Id:
      - 3b2278cb-928f-436f-ba62-cc473b608379
    status: 200 OK
    code: 200
    duration: ""
- request:
    body: ""
    form: {}
    headers:
      User-Agent:
      - scaleway-sdk-go/v1.0.0-beta.7+dev (go1.20.4; darwin; amd64) terraform-provider/develop
        terraform/terraform-tests
    url: https://api.scaleway.com/lb/v1/zones/fr-par-1/lbs/69d87c7d-7924-472f-87b9-c5b641f72a7e
    method: GET
  response:
    body: '{"backend_count":1,"created_at":"2023-05-24T09:46:19.305724Z","description":"","frontend_count":0,"id":"69d87c7d-7924-472f-87b9-c5b641f72a7e","instances":[{"created_at":"2023-05-24T09:44:19.035330Z","id":"18d7cbc7-63c4-48fe-9d5d-2b9fcbf4e86a","ip_address":"10.64.146.53","region":"fr-par","status":"ready","updated_at":"2023-05-24T09:46:56.730330Z","zone":"fr-par-1"}],"ip":[{"id":"1a659e57-3f17-420d-b648-93102bbaffa6","ip_address":"51.159.206.142","lb_id":"69d87c7d-7924-472f-87b9-c5b641f72a7e","organization_id":"564aa517-68b0-4fd7-8c8c-d21c4bcdcbd5","project_id":"564aa517-68b0-4fd7-8c8c-d21c4bcdcbd5","region":"fr-par","reverse":"51-159-206-142.lb.fr-par.scw.cloud","zone":"fr-par-1"}],"name":"test-lb-acl","organization_id":"564aa517-68b0-4fd7-8c8c-d21c4bcdcbd5","private_network_count":0,"project_id":"564aa517-68b0-4fd7-8c8c-d21c4bcdcbd5","region":"fr-par","route_count":0,"ssl_compatibility_level":"ssl_compatibility_level_intermediate","status":"ready","subscriber":null,"tags":[],"type":"lb-s","updated_at":"2023-05-24T09:46:21.136811Z","zone":"fr-par-1"}'
    headers:
      Content-Length:
      - "1066"
      Content-Security-Policy:
      - default-src 'none'; frame-ancestors 'none'
      Content-Type:
      - application/json
      Date:
      - Wed, 24 May 2023 09:46:57 GMT
      Server:
      - Scaleway API-Gateway
      Strict-Transport-Security:
      - max-age=63072000
      X-Content-Type-Options:
      - nosniff
      X-Frame-Options:
      - DENY
      X-Request-Id:
      - bcaf3cd7-f148-4d3a-a2d5-8acf5c056c87
    status: 200 OK
    code: 200
    duration: ""
- request:
    body: ""
    form: {}
    headers:
      User-Agent:
      - scaleway-sdk-go/v1.0.0-beta.7+dev (go1.20.4; darwin; amd64) terraform-provider/develop
        terraform/terraform-tests
    url: https://api.scaleway.com/lb/v1/zones/fr-par-1/backends/8875cd2d-33ea-4e91-8c3c-8227f64f9cb2
    method: DELETE
  response:
    body: ""
    headers:
      Content-Security-Policy:
      - default-src 'none'; frame-ancestors 'none'
      Content-Type:
      - application/json
      Date:
      - Wed, 24 May 2023 09:46:57 GMT
      Server:
      - Scaleway API-Gateway
      Strict-Transport-Security:
      - max-age=63072000
      X-Content-Type-Options:
      - nosniff
      X-Frame-Options:
      - DENY
      X-Request-Id:
      - 54d26d32-1542-4d90-9d27-89afe4a6bf92
    status: 204 No Content
    code: 204
    duration: ""
- request:
    body: ""
    form: {}
    headers:
      User-Agent:
      - scaleway-sdk-go/v1.0.0-beta.7+dev (go1.20.4; darwin; amd64) terraform-provider/develop
        terraform/terraform-tests
    url: https://api.scaleway.com/lb/v1/zones/fr-par-1/lbs/69d87c7d-7924-472f-87b9-c5b641f72a7e
    method: GET
  response:
    body: '{"backend_count":0,"created_at":"2023-05-24T09:46:19.305724Z","description":"","frontend_count":0,"id":"69d87c7d-7924-472f-87b9-c5b641f72a7e","instances":[{"created_at":"2023-05-24T09:44:19.035330Z","id":"18d7cbc7-63c4-48fe-9d5d-2b9fcbf4e86a","ip_address":"10.64.146.53","region":"fr-par","status":"pending","updated_at":"2023-05-24T09:46:57.180911Z","zone":"fr-par-1"}],"ip":[{"id":"1a659e57-3f17-420d-b648-93102bbaffa6","ip_address":"51.159.206.142","lb_id":"69d87c7d-7924-472f-87b9-c5b641f72a7e","organization_id":"564aa517-68b0-4fd7-8c8c-d21c4bcdcbd5","project_id":"564aa517-68b0-4fd7-8c8c-d21c4bcdcbd5","region":"fr-par","reverse":"51-159-206-142.lb.fr-par.scw.cloud","zone":"fr-par-1"}],"name":"test-lb-acl","organization_id":"564aa517-68b0-4fd7-8c8c-d21c4bcdcbd5","private_network_count":0,"project_id":"564aa517-68b0-4fd7-8c8c-d21c4bcdcbd5","region":"fr-par","route_count":0,"ssl_compatibility_level":"ssl_compatibility_level_intermediate","status":"ready","subscriber":null,"tags":[],"type":"lb-s","updated_at":"2023-05-24T09:46:21.136811Z","zone":"fr-par-1"}'
    headers:
      Content-Length:
      - "1068"
      Content-Security-Policy:
      - default-src 'none'; frame-ancestors 'none'
      Content-Type:
      - application/json
      Date:
      - Wed, 24 May 2023 09:46:57 GMT
      Server:
      - Scaleway API-Gateway
      Strict-Transport-Security:
      - max-age=63072000
      X-Content-Type-Options:
      - nosniff
      X-Frame-Options:
      - DENY
      X-Request-Id:
      - 68ca4bd5-8355-40dd-9437-14fcf3f66ba2
    status: 200 OK
    code: 200
    duration: ""
- request:
    body: ""
    form: {}
    headers:
      User-Agent:
      - scaleway-sdk-go/v1.0.0-beta.7+dev (go1.20.4; darwin; amd64) terraform-provider/develop
        terraform/terraform-tests
    url: https://api.scaleway.com/lb/v1/zones/fr-par-1/lbs/69d87c7d-7924-472f-87b9-c5b641f72a7e
    method: GET
  response:
    body: '{"backend_count":0,"created_at":"2023-05-24T09:46:19.305724Z","description":"","frontend_count":0,"id":"69d87c7d-7924-472f-87b9-c5b641f72a7e","instances":[{"created_at":"2023-05-24T09:44:19.035330Z","id":"18d7cbc7-63c4-48fe-9d5d-2b9fcbf4e86a","ip_address":"10.64.146.53","region":"fr-par","status":"ready","updated_at":"2023-05-24T09:46:57.442246Z","zone":"fr-par-1"}],"ip":[{"id":"1a659e57-3f17-420d-b648-93102bbaffa6","ip_address":"51.159.206.142","lb_id":"69d87c7d-7924-472f-87b9-c5b641f72a7e","organization_id":"564aa517-68b0-4fd7-8c8c-d21c4bcdcbd5","project_id":"564aa517-68b0-4fd7-8c8c-d21c4bcdcbd5","region":"fr-par","reverse":"51-159-206-142.lb.fr-par.scw.cloud","zone":"fr-par-1"}],"name":"test-lb-acl","organization_id":"564aa517-68b0-4fd7-8c8c-d21c4bcdcbd5","private_network_count":0,"project_id":"564aa517-68b0-4fd7-8c8c-d21c4bcdcbd5","region":"fr-par","route_count":0,"ssl_compatibility_level":"ssl_compatibility_level_intermediate","status":"ready","subscriber":null,"tags":[],"type":"lb-s","updated_at":"2023-05-24T09:46:21.136811Z","zone":"fr-par-1"}'
    headers:
      Content-Length:
      - "1066"
      Content-Security-Policy:
      - default-src 'none'; frame-ancestors 'none'
      Content-Type:
      - application/json
      Date:
      - Wed, 24 May 2023 09:46:57 GMT
      Server:
      - Scaleway API-Gateway
      Strict-Transport-Security:
      - max-age=63072000
      X-Content-Type-Options:
      - nosniff
      X-Frame-Options:
      - DENY
      X-Request-Id:
      - 30e4dd9f-8546-452d-bdec-161af83fd9b3
    status: 200 OK
    code: 200
    duration: ""
- request:
    body: ""
    form: {}
    headers:
      User-Agent:
      - scaleway-sdk-go/v1.0.0-beta.7+dev (go1.20.4; darwin; amd64) terraform-provider/develop
        terraform/terraform-tests
    url: https://api.scaleway.com/lb/v1/zones/fr-par-1/lbs/69d87c7d-7924-472f-87b9-c5b641f72a7e?release_ip=false
    method: DELETE
  response:
    body: ""
    headers:
      Content-Security-Policy:
      - default-src 'none'; frame-ancestors 'none'
      Content-Type:
      - application/json
      Date:
      - Wed, 24 May 2023 09:46:57 GMT
      Server:
      - Scaleway API-Gateway
      Strict-Transport-Security:
      - max-age=63072000
      X-Content-Type-Options:
      - nosniff
      X-Frame-Options:
      - DENY
      X-Request-Id:
      - e2a82940-3085-4ff7-9a5a-7dc7aa80f1e6
    status: 204 No Content
    code: 204
    duration: ""
- request:
    body: ""
    form: {}
    headers:
      User-Agent:
      - scaleway-sdk-go/v1.0.0-beta.7+dev (go1.20.4; darwin; amd64) terraform-provider/develop
        terraform/terraform-tests
    url: https://api.scaleway.com/lb/v1/zones/fr-par-1/lbs/69d87c7d-7924-472f-87b9-c5b641f72a7e
    method: GET
  response:
    body: '{"backend_count":0,"created_at":"2023-05-24T09:46:19.305724Z","description":"","frontend_count":0,"id":"69d87c7d-7924-472f-87b9-c5b641f72a7e","instances":[{"created_at":"2023-05-24T09:44:19.035330Z","id":"18d7cbc7-63c4-48fe-9d5d-2b9fcbf4e86a","ip_address":"10.64.146.53","region":"fr-par","status":"ready","updated_at":"2023-05-24T09:46:57.442246Z","zone":"fr-par-1"}],"ip":[{"id":"1a659e57-3f17-420d-b648-93102bbaffa6","ip_address":"51.159.206.142","lb_id":"69d87c7d-7924-472f-87b9-c5b641f72a7e","organization_id":"564aa517-68b0-4fd7-8c8c-d21c4bcdcbd5","project_id":"564aa517-68b0-4fd7-8c8c-d21c4bcdcbd5","region":"fr-par","reverse":"51-159-206-142.lb.fr-par.scw.cloud","zone":"fr-par-1"}],"name":"test-lb-acl","organization_id":"564aa517-68b0-4fd7-8c8c-d21c4bcdcbd5","private_network_count":0,"project_id":"564aa517-68b0-4fd7-8c8c-d21c4bcdcbd5","region":"fr-par","route_count":0,"ssl_compatibility_level":"ssl_compatibility_level_intermediate","status":"to_delete","subscriber":null,"tags":[],"type":"lb-s","updated_at":"2023-05-24T09:46:57.623355Z","zone":"fr-par-1"}'
    headers:
      Content-Length:
      - "1070"
      Content-Security-Policy:
      - default-src 'none'; frame-ancestors 'none'
      Content-Type:
      - application/json
      Date:
      - Wed, 24 May 2023 09:46:57 GMT
      Server:
      - Scaleway API-Gateway
      Strict-Transport-Security:
      - max-age=63072000
      X-Content-Type-Options:
      - nosniff
      X-Frame-Options:
      - DENY
      X-Request-Id:
      - f1a61a75-8a03-4d95-adb1-286ff9d91ca7
    status: 200 OK
    code: 200
    duration: ""
- request:
    body: ""
    form: {}
    headers:
      User-Agent:
      - scaleway-sdk-go/v1.0.0-beta.7+dev (go1.20.4; darwin; amd64) terraform-provider/develop
        terraform/terraform-tests
    url: https://api.scaleway.com/lb/v1/zones/fr-par-1/lbs/69d87c7d-7924-472f-87b9-c5b641f72a7e
    method: GET
  response:
    body: '{"message":"lbs not Found"}'
    headers:
      Content-Length:
      - "27"
      Content-Security-Policy:
      - default-src 'none'; frame-ancestors 'none'
      Content-Type:
      - application/json
      Date:
      - Wed, 24 May 2023 09:47:28 GMT
      Server:
      - Scaleway API-Gateway
      Strict-Transport-Security:
      - max-age=63072000
      X-Content-Type-Options:
      - nosniff
      X-Frame-Options:
      - DENY
      X-Request-Id:
      - 11aed49c-7f7f-490c-bfd4-4c8cb974da5e
    status: 404 Not Found
    code: 404
    duration: ""
- request:
    body: ""
    form: {}
    headers:
      User-Agent:
      - scaleway-sdk-go/v1.0.0-beta.7+dev (go1.20.4; darwin; amd64) terraform-provider/develop
        terraform/terraform-tests
    url: https://api.scaleway.com/lb/v1/zones/fr-par-1/lbs/69d87c7d-7924-472f-87b9-c5b641f72a7e
    method: GET
  response:
    body: '{"message":"lbs not Found"}'
    headers:
      Content-Length:
      - "27"
      Content-Security-Policy:
      - default-src 'none'; frame-ancestors 'none'
      Content-Type:
      - application/json
      Date:
      - Wed, 24 May 2023 09:47:28 GMT
      Server:
      - Scaleway API-Gateway
      Strict-Transport-Security:
      - max-age=63072000
      X-Content-Type-Options:
      - nosniff
      X-Frame-Options:
      - DENY
      X-Request-Id:
      - 15503b06-655c-48be-96bf-bdca56848d65
    status: 404 Not Found
    code: 404
    duration: ""
- request:
    body: ""
    form: {}
    headers:
      User-Agent:
      - scaleway-sdk-go/v1.0.0-beta.7+dev (go1.20.4; darwin; amd64) terraform-provider/develop
        terraform/terraform-tests
    url: https://api.scaleway.com/lb/v1/zones/fr-par-1/ips/1a659e57-3f17-420d-b648-93102bbaffa6
    method: GET
  response:
    body: '{"id":"1a659e57-3f17-420d-b648-93102bbaffa6","ip_address":"51.159.206.142","lb_id":null,"organization_id":"564aa517-68b0-4fd7-8c8c-d21c4bcdcbd5","project_id":"564aa517-68b0-4fd7-8c8c-d21c4bcdcbd5","region":"fr-par","reverse":"51-159-206-142.lb.fr-par.scw.cloud","zone":"fr-par-1"}'
    headers:
      Content-Length:
      - "280"
      Content-Security-Policy:
      - default-src 'none'; frame-ancestors 'none'
      Content-Type:
      - application/json
      Date:
      - Wed, 24 May 2023 09:47:28 GMT
      Server:
      - Scaleway API-Gateway
      Strict-Transport-Security:
      - max-age=63072000
      X-Content-Type-Options:
      - nosniff
      X-Frame-Options:
      - DENY
      X-Request-Id:
      - ecd194ea-430c-4bc1-84dc-0519411f9a55
    status: 200 OK
    code: 200
    duration: ""
- request:
    body: ""
    form: {}
    headers:
      User-Agent:
      - scaleway-sdk-go/v1.0.0-beta.7+dev (go1.20.4; darwin; amd64) terraform-provider/develop
        terraform/terraform-tests
    url: https://api.scaleway.com/lb/v1/zones/fr-par-1/ips/1a659e57-3f17-420d-b648-93102bbaffa6
    method: GET
  response:
    body: '{"id":"1a659e57-3f17-420d-b648-93102bbaffa6","ip_address":"51.159.206.142","lb_id":null,"organization_id":"564aa517-68b0-4fd7-8c8c-d21c4bcdcbd5","project_id":"564aa517-68b0-4fd7-8c8c-d21c4bcdcbd5","region":"fr-par","reverse":"51-159-206-142.lb.fr-par.scw.cloud","zone":"fr-par-1"}'
    headers:
      Content-Length:
      - "280"
      Content-Security-Policy:
      - default-src 'none'; frame-ancestors 'none'
      Content-Type:
      - application/json
      Date:
      - Wed, 24 May 2023 09:47:28 GMT
      Server:
      - Scaleway API-Gateway
      Strict-Transport-Security:
      - max-age=63072000
      X-Content-Type-Options:
      - nosniff
      X-Frame-Options:
      - DENY
      X-Request-Id:
      - 6be00321-85c0-4f5a-9498-a91a17041759
    status: 200 OK
    code: 200
    duration: ""
- request:
    body: ""
    form: {}
    headers:
      User-Agent:
      - scaleway-sdk-go/v1.0.0-beta.7+dev (go1.20.4; darwin; amd64) terraform-provider/develop
        terraform/terraform-tests
    url: https://api.scaleway.com/lb/v1/zones/fr-par-1/ips/1a659e57-3f17-420d-b648-93102bbaffa6
    method: DELETE
  response:
    body: ""
    headers:
      Content-Security-Policy:
      - default-src 'none'; frame-ancestors 'none'
      Content-Type:
      - application/json
      Date:
      - Wed, 24 May 2023 09:47:29 GMT
      Server:
      - Scaleway API-Gateway
      Strict-Transport-Security:
      - max-age=63072000
      X-Content-Type-Options:
      - nosniff
      X-Frame-Options:
      - DENY
      X-Request-Id:
      - d3d3edad-d2fb-48a9-842f-f94972c09a12
    status: 204 No Content
    code: 204
    duration: ""
