---
version: 1
interactions:
- request:
    body: '{"project_id":"951df375-e094-4d26-97c1-ba548eeb9c42","reverse":null}'
    form: {}
    headers:
      Content-Type:
      - application/json
      User-Agent:
      - scaleway-sdk-go/v1.0.0-beta.7+dev (go1.18.1; darwin; amd64) terraform-provider/develop
        terraform/terraform-tests
    url: https://api.scaleway.com/lb/v1/zones/fr-par-1/ips
    method: POST
  response:
    body: '{"id":"d9f1bd73-2307-4a62-a552-097deac31520","ip_address":"51.159.112.168","organization_id":"951df375-e094-4d26-97c1-ba548eeb9c42","project_id":"951df375-e094-4d26-97c1-ba548eeb9c42","lb_id":null,"reverse":"51-159-112-168.lb.fr-par.scw.cloud","region":"fr-par","zone":"fr-par-1"}'
    headers:
      Content-Length:
      - "280"
      Content-Security-Policy:
      - default-src 'none'; frame-ancestors 'none'
      Content-Type:
      - application/json
      Date:
      - Fri, 22 Apr 2022 13:28:45 GMT
      Server:
      - Scaleway API-Gateway
      Strict-Transport-Security:
      - max-age=63072000
      X-Content-Type-Options:
      - nosniff
      X-Frame-Options:
      - DENY
      X-Request-Id:
      - 3a253166-5425-4013-8dc9-a19f82a60aa6
    status: 200 OK
    code: 200
    duration: ""
- request:
    body: '{"name":"pn02","project_id":"951df375-e094-4d26-97c1-ba548eeb9c42","tags":null}'
    form: {}
    headers:
      Content-Type:
      - application/json
      User-Agent:
      - scaleway-sdk-go/v1.0.0-beta.7+dev (go1.18.1; darwin; amd64) terraform-provider/develop
        terraform/terraform-tests
    url: https://api.scaleway.com/vpc/v1/zones/fr-par-1/private-networks
    method: POST
  response:
    body: '{"message":"internal error"}'
    headers:
      Content-Length:
      - "28"
      Content-Security-Policy:
      - default-src 'none'; frame-ancestors 'none'
      Content-Type:
      - application/json
      Date:
      - Fri, 22 Apr 2022 13:28:45 GMT
      Server:
      - Scaleway API-Gateway
      Strict-Transport-Security:
      - max-age=63072000
      X-Content-Type-Options:
      - nosniff
      X-Frame-Options:
      - DENY
      X-Request-Id:
      - f6c52da2-0908-414b-8dcd-96f4f5963b64
    status: 500 Internal Server Error
    code: 500
    duration: ""
- request:
    body: ""
    form: {}
    headers:
      User-Agent:
      - scaleway-sdk-go/v1.0.0-beta.7+dev (go1.18.1; darwin; amd64) terraform-provider/develop
        terraform/terraform-tests
    url: https://api.scaleway.com/lb/v1/zones/fr-par-1/ips/d9f1bd73-2307-4a62-a552-097deac31520
    method: GET
  response:
    body: '{"id":"d9f1bd73-2307-4a62-a552-097deac31520","ip_address":"51.159.112.168","organization_id":"951df375-e094-4d26-97c1-ba548eeb9c42","project_id":"951df375-e094-4d26-97c1-ba548eeb9c42","lb_id":null,"reverse":"51-159-112-168.lb.fr-par.scw.cloud","region":"fr-par","zone":"fr-par-1"}'
    headers:
      Content-Length:
      - "280"
      Content-Security-Policy:
      - default-src 'none'; frame-ancestors 'none'
      Content-Type:
      - application/json
      Date:
      - Fri, 22 Apr 2022 13:28:45 GMT
      Server:
      - Scaleway API-Gateway
      Strict-Transport-Security:
      - max-age=63072000
      X-Content-Type-Options:
      - nosniff
      X-Frame-Options:
      - DENY
      X-Request-Id:
      - f5c5043a-2585-49b8-bbc8-1513b96b9cdb
    status: 200 OK
    code: 200
    duration: ""
- request:
    body: '{"name":"pn01","project_id":"951df375-e094-4d26-97c1-ba548eeb9c42","tags":null}'
    form: {}
    headers:
      Content-Type:
      - application/json
      User-Agent:
      - scaleway-sdk-go/v1.0.0-beta.7+dev (go1.18.1; darwin; amd64) terraform-provider/develop
        terraform/terraform-tests
    url: https://api.scaleway.com/vpc/v1/zones/fr-par-1/private-networks
    method: POST
  response:
    body: '{"id":"a68020d5-b605-42f6-9543-bd8ca27ad277","name":"pn01","tags":[],"organization_id":"951df375-e094-4d26-97c1-ba548eeb9c42","created_at":"2022-04-22T13:28:45.020340Z","updated_at":"2022-04-22T13:28:45.020340Z","project_id":"951df375-e094-4d26-97c1-ba548eeb9c42","zone":"fr-par-1"}'
    headers:
      Content-Length:
      - "282"
      Content-Security-Policy:
      - default-src 'none'; frame-ancestors 'none'
      Content-Type:
      - application/json
      Date:
      - Fri, 22 Apr 2022 13:28:45 GMT
      Server:
      - Scaleway API-Gateway
      Strict-Transport-Security:
      - max-age=63072000
      X-Content-Type-Options:
      - nosniff
      X-Frame-Options:
      - DENY
      X-Request-Id:
      - 3f4d0367-4aeb-4d0d-911e-1705b1b40808
    status: 200 OK
    code: 200
    duration: ""
- request:
    body: ""
    form: {}
    headers:
      User-Agent:
      - scaleway-sdk-go/v1.0.0-beta.7+dev (go1.18.1; darwin; amd64) terraform-provider/develop
        terraform/terraform-tests
    url: https://api.scaleway.com/vpc/v1/zones/fr-par-1/private-networks/a68020d5-b605-42f6-9543-bd8ca27ad277
    method: GET
  response:
    body: '{"id":"a68020d5-b605-42f6-9543-bd8ca27ad277","name":"pn01","tags":[],"organization_id":"951df375-e094-4d26-97c1-ba548eeb9c42","created_at":"2022-04-22T13:28:45.020340Z","updated_at":"2022-04-22T13:28:45.020340Z","project_id":"951df375-e094-4d26-97c1-ba548eeb9c42","zone":"fr-par-1"}'
    headers:
      Content-Length:
      - "282"
      Content-Security-Policy:
      - default-src 'none'; frame-ancestors 'none'
      Content-Type:
      - application/json
      Date:
      - Fri, 22 Apr 2022 13:28:45 GMT
      Server:
      - Scaleway API-Gateway
      Strict-Transport-Security:
      - max-age=63072000
      X-Content-Type-Options:
      - nosniff
      X-Frame-Options:
      - DENY
      X-Request-Id:
      - ff12cbdf-0c1c-4aac-b52b-f3db1bab5336
    status: 200 OK
    code: 200
    duration: ""
- request:
    body: '{"name":"pn02","project_id":"951df375-e094-4d26-97c1-ba548eeb9c42","tags":null}'
    form: {}
    headers:
      Content-Type:
      - application/json
      User-Agent:
      - scaleway-sdk-go/v1.0.0-beta.7+dev (go1.18.1; darwin; amd64) terraform-provider/develop
        terraform/terraform-tests
    url: https://api.scaleway.com/vpc/v1/zones/fr-par-1/private-networks
    method: POST
  response:
    body: '{"id":"f874ff64-2acd-44eb-8dce-b5e14eada548","name":"pn02","tags":[],"organization_id":"951df375-e094-4d26-97c1-ba548eeb9c42","created_at":"2022-04-22T13:28:47.121194Z","updated_at":"2022-04-22T13:28:47.121194Z","project_id":"951df375-e094-4d26-97c1-ba548eeb9c42","zone":"fr-par-1"}'
    headers:
      Content-Length:
      - "282"
      Content-Security-Policy:
      - default-src 'none'; frame-ancestors 'none'
      Content-Type:
      - application/json
      Date:
      - Fri, 22 Apr 2022 13:28:47 GMT
      Server:
      - Scaleway API-Gateway
      Strict-Transport-Security:
      - max-age=63072000
      X-Content-Type-Options:
      - nosniff
      X-Frame-Options:
      - DENY
      X-Request-Id:
      - e2e5e203-87ae-4041-a5e9-0181967638f6
    status: 200 OK
    code: 200
    duration: ""
- request:
    body: ""
    form: {}
    headers:
      User-Agent:
      - scaleway-sdk-go/v1.0.0-beta.7+dev (go1.18.1; darwin; amd64) terraform-provider/develop
        terraform/terraform-tests
    url: https://api.scaleway.com/vpc/v1/zones/fr-par-1/private-networks/f874ff64-2acd-44eb-8dce-b5e14eada548
    method: GET
  response:
    body: '{"id":"f874ff64-2acd-44eb-8dce-b5e14eada548","name":"pn02","tags":[],"organization_id":"951df375-e094-4d26-97c1-ba548eeb9c42","created_at":"2022-04-22T13:28:47.121194Z","updated_at":"2022-04-22T13:28:47.121194Z","project_id":"951df375-e094-4d26-97c1-ba548eeb9c42","zone":"fr-par-1"}'
    headers:
      Content-Length:
      - "282"
      Content-Security-Policy:
      - default-src 'none'; frame-ancestors 'none'
      Content-Type:
      - application/json
      Date:
      - Fri, 22 Apr 2022 13:28:47 GMT
      Server:
      - Scaleway API-Gateway
      Strict-Transport-Security:
      - max-age=63072000
      X-Content-Type-Options:
      - nosniff
      X-Frame-Options:
      - DENY
      X-Request-Id:
      - 229a554e-d136-4fd5-925c-4256b8ac0f8f
    status: 200 OK
    code: 200
    duration: ""
- request:
    body: '{"project_id":"951df375-e094-4d26-97c1-ba548eeb9c42","name":"tf-lb-distracted-kirch","description":"","ip_id":"d9f1bd73-2307-4a62-a552-097deac31520","tags":null,"type":"LB-S","ssl_compatibility_level":"ssl_compatibility_level_unknown"}'
    form: {}
    headers:
      Content-Type:
      - application/json
      User-Agent:
      - scaleway-sdk-go/v1.0.0-beta.7+dev (go1.18.1; darwin; amd64) terraform-provider/develop
        terraform/terraform-tests
    url: https://api.scaleway.com/lb/v1/zones/fr-par-1/lbs
    method: POST
  response:
    body: '{"id":"fbb108e0-bb2b-4d17-9395-0af2860c168e","name":"tf-lb-distracted-kirch","description":"","status":"to_create","instances":[],"organization_id":"951df375-e094-4d26-97c1-ba548eeb9c42","project_id":"951df375-e094-4d26-97c1-ba548eeb9c42","ip":[{"id":"d9f1bd73-2307-4a62-a552-097deac31520","ip_address":"51.159.112.168","organization_id":"951df375-e094-4d26-97c1-ba548eeb9c42","project_id":"951df375-e094-4d26-97c1-ba548eeb9c42","lb_id":"fbb108e0-bb2b-4d17-9395-0af2860c168e","reverse":"51-159-112-168.lb.fr-par.scw.cloud","region":"fr-par","zone":"fr-par-1"}],"tags":[],"frontend_count":0,"backend_count":0,"type":"lb-s","subscriber":null,"ssl_compatibility_level":"ssl_compatibility_level_intermediate","created_at":"2022-04-22T13:28:47.396803636Z","updated_at":"2022-04-22T13:28:47.396803636Z","private_network_count":0,"route_count":0,"region":"fr-par","zone":"fr-par-1"}'
    headers:
      Content-Length:
      - "875"
      Content-Security-Policy:
      - default-src 'none'; frame-ancestors 'none'
      Content-Type:
      - application/json
      Date:
      - Fri, 22 Apr 2022 13:28:47 GMT
      Server:
      - Scaleway API-Gateway
      Strict-Transport-Security:
      - max-age=63072000
      X-Content-Type-Options:
      - nosniff
      X-Frame-Options:
      - DENY
      X-Request-Id:
      - 34e389c4-a2cd-49db-a443-01a6b2845e25
    status: 200 OK
    code: 200
    duration: ""
- request:
    body: ""
    form: {}
    headers:
      User-Agent:
      - scaleway-sdk-go/v1.0.0-beta.7+dev (go1.18.1; darwin; amd64) terraform-provider/develop
        terraform/terraform-tests
    url: https://api.scaleway.com/lb/v1/zones/fr-par-1/lbs/fbb108e0-bb2b-4d17-9395-0af2860c168e
    method: GET
  response:
    body: '{"id":"fbb108e0-bb2b-4d17-9395-0af2860c168e","name":"tf-lb-distracted-kirch","description":"","status":"creating","instances":[{"id":"b75218fc-1cbc-4d4b-805b-94d96176bab7","status":"unknown","ip_address":"10.71.62.47","created_at":"2022-04-22T13:24:07.756624Z","updated_at":"2022-04-22T13:28:47.537265Z","region":"fr-par","zone":"fr-par-1"}],"organization_id":"951df375-e094-4d26-97c1-ba548eeb9c42","project_id":"951df375-e094-4d26-97c1-ba548eeb9c42","ip":[{"id":"d9f1bd73-2307-4a62-a552-097deac31520","ip_address":"51.159.112.168","organization_id":"951df375-e094-4d26-97c1-ba548eeb9c42","project_id":"951df375-e094-4d26-97c1-ba548eeb9c42","lb_id":"fbb108e0-bb2b-4d17-9395-0af2860c168e","reverse":"51-159-112-168.lb.fr-par.scw.cloud","region":"fr-par","zone":"fr-par-1"}],"tags":[],"frontend_count":0,"backend_count":0,"type":"lb-s","subscriber":null,"ssl_compatibility_level":"ssl_compatibility_level_intermediate","created_at":"2022-04-22T13:28:47.396804Z","updated_at":"2022-04-22T13:28:47.548002Z","private_network_count":0,"route_count":0,"region":"fr-par","zone":"fr-par-1"}'
    headers:
      Content-Length:
      - "1081"
      Content-Security-Policy:
      - default-src 'none'; frame-ancestors 'none'
      Content-Type:
      - application/json
      Date:
      - Fri, 22 Apr 2022 13:28:47 GMT
      Server:
      - Scaleway API-Gateway
      Strict-Transport-Security:
      - max-age=63072000
      X-Content-Type-Options:
      - nosniff
      X-Frame-Options:
      - DENY
      X-Request-Id:
      - 9756f743-bd1d-47a6-9918-181e440acea1
    status: 200 OK
    code: 200
    duration: ""
- request:
    body: ""
    form: {}
    headers:
      User-Agent:
      - scaleway-sdk-go/v1.0.0-beta.7+dev (go1.18.1; darwin; amd64) terraform-provider/develop
        terraform/terraform-tests
    url: https://api.scaleway.com/lb/v1/zones/fr-par-1/lbs/fbb108e0-bb2b-4d17-9395-0af2860c168e
    method: GET
  response:
    body: '{"id":"fbb108e0-bb2b-4d17-9395-0af2860c168e","name":"tf-lb-distracted-kirch","description":"","status":"ready","instances":[{"id":"b75218fc-1cbc-4d4b-805b-94d96176bab7","status":"ready","ip_address":"10.71.62.47","created_at":"2022-04-22T13:24:07.756624Z","updated_at":"2022-04-22T13:28:47.760400Z","region":"fr-par","zone":"fr-par-1"}],"organization_id":"951df375-e094-4d26-97c1-ba548eeb9c42","project_id":"951df375-e094-4d26-97c1-ba548eeb9c42","ip":[{"id":"d9f1bd73-2307-4a62-a552-097deac31520","ip_address":"51.159.112.168","organization_id":"951df375-e094-4d26-97c1-ba548eeb9c42","project_id":"951df375-e094-4d26-97c1-ba548eeb9c42","lb_id":"fbb108e0-bb2b-4d17-9395-0af2860c168e","reverse":"51-159-112-168.lb.fr-par.scw.cloud","region":"fr-par","zone":"fr-par-1"}],"tags":[],"frontend_count":0,"backend_count":0,"type":"lb-s","subscriber":null,"ssl_compatibility_level":"ssl_compatibility_level_intermediate","created_at":"2022-04-22T13:28:47.396804Z","updated_at":"2022-04-22T13:28:48.068854Z","private_network_count":0,"route_count":0,"region":"fr-par","zone":"fr-par-1"}'
    headers:
      Content-Length:
      - "1076"
      Content-Security-Policy:
      - default-src 'none'; frame-ancestors 'none'
      Content-Type:
      - application/json
      Date:
      - Fri, 22 Apr 2022 13:29:17 GMT
      Server:
      - Scaleway API-Gateway
      Strict-Transport-Security:
      - max-age=63072000
      X-Content-Type-Options:
      - nosniff
      X-Frame-Options:
      - DENY
      X-Request-Id:
      - 58341699-010b-4725-994f-7b25eff058f8
    status: 200 OK
    code: 200
    duration: ""
- request:
    body: '{"dhcp_config":{}}'
    form: {}
    headers:
      Content-Type:
      - application/json
      User-Agent:
      - scaleway-sdk-go/v1.0.0-beta.7+dev (go1.18.1; darwin; amd64) terraform-provider/develop
        terraform/terraform-tests
    url: https://api.scaleway.com/lb/v1/zones/fr-par-1/lbs/fbb108e0-bb2b-4d17-9395-0af2860c168e/private-networks/a68020d5-b605-42f6-9543-bd8ca27ad277/attach
    method: POST
  response:
    body: '{"lb":{"id":"fbb108e0-bb2b-4d17-9395-0af2860c168e","name":"tf-lb-distracted-kirch","description":"","status":"ready","instances":[{"id":"b75218fc-1cbc-4d4b-805b-94d96176bab7","status":"ready","ip_address":"10.71.62.47","created_at":"2022-04-22T13:24:07.756624Z","updated_at":"2022-04-22T13:28:47.760400Z","region":"fr-par","zone":"fr-par-1"}],"organization_id":"951df375-e094-4d26-97c1-ba548eeb9c42","project_id":"951df375-e094-4d26-97c1-ba548eeb9c42","ip":[{"id":"d9f1bd73-2307-4a62-a552-097deac31520","ip_address":"51.159.112.168","organization_id":"951df375-e094-4d26-97c1-ba548eeb9c42","project_id":"951df375-e094-4d26-97c1-ba548eeb9c42","lb_id":"fbb108e0-bb2b-4d17-9395-0af2860c168e","reverse":"51-159-112-168.lb.fr-par.scw.cloud","region":"fr-par","zone":"fr-par-1"}],"tags":[],"frontend_count":0,"backend_count":0,"type":"lb-s","subscriber":null,"ssl_compatibility_level":"ssl_compatibility_level_intermediate","created_at":"2022-04-22T13:28:47.396804Z","updated_at":"2022-04-22T13:28:48.068854Z","private_network_count":1,"route_count":0,"region":"fr-par","zone":"fr-par-1"},"private_network_id":"a68020d5-b605-42f6-9543-bd8ca27ad277","status":"pending","created_at":"2022-04-22T13:29:18.131286730Z","updated_at":"2022-04-22T13:29:18.131286730Z","dhcp_config":{}}'
    headers:
      Content-Length:
      - "1271"
      Content-Security-Policy:
      - default-src 'none'; frame-ancestors 'none'
      Content-Type:
      - application/json
      Date:
      - Fri, 22 Apr 2022 13:29:18 GMT
      Server:
      - Scaleway API-Gateway
      Strict-Transport-Security:
      - max-age=63072000
      X-Content-Type-Options:
      - nosniff
      X-Frame-Options:
      - DENY
      X-Request-Id:
      - 9d6c3fb5-4d71-472a-b182-1b2bb2319709
    status: 200 OK
    code: 200
    duration: ""
- request:
    body: '{"dhcp_config":{}}'
    form: {}
    headers:
      Content-Type:
      - application/json
      User-Agent:
      - scaleway-sdk-go/v1.0.0-beta.7+dev (go1.18.1; darwin; amd64) terraform-provider/develop
        terraform/terraform-tests
    url: https://api.scaleway.com/lb/v1/zones/fr-par-1/lbs/fbb108e0-bb2b-4d17-9395-0af2860c168e/private-networks/f874ff64-2acd-44eb-8dce-b5e14eada548/attach
    method: POST
  response:
    body: '{"lb":{"id":"fbb108e0-bb2b-4d17-9395-0af2860c168e","name":"tf-lb-distracted-kirch","description":"","status":"ready","instances":[{"id":"b75218fc-1cbc-4d4b-805b-94d96176bab7","status":"ready","ip_address":"10.71.62.47","created_at":"2022-04-22T13:24:07.756624Z","updated_at":"2022-04-22T13:28:47.760400Z","region":"fr-par","zone":"fr-par-1"}],"organization_id":"951df375-e094-4d26-97c1-ba548eeb9c42","project_id":"951df375-e094-4d26-97c1-ba548eeb9c42","ip":[{"id":"d9f1bd73-2307-4a62-a552-097deac31520","ip_address":"51.159.112.168","organization_id":"951df375-e094-4d26-97c1-ba548eeb9c42","project_id":"951df375-e094-4d26-97c1-ba548eeb9c42","lb_id":"fbb108e0-bb2b-4d17-9395-0af2860c168e","reverse":"51-159-112-168.lb.fr-par.scw.cloud","region":"fr-par","zone":"fr-par-1"}],"tags":[],"frontend_count":0,"backend_count":0,"type":"lb-s","subscriber":null,"ssl_compatibility_level":"ssl_compatibility_level_intermediate","created_at":"2022-04-22T13:28:47.396804Z","updated_at":"2022-04-22T13:28:48.068854Z","private_network_count":2,"route_count":0,"region":"fr-par","zone":"fr-par-1"},"private_network_id":"f874ff64-2acd-44eb-8dce-b5e14eada548","status":"pending","created_at":"2022-04-22T13:29:18.414413660Z","updated_at":"2022-04-22T13:29:18.414413660Z","dhcp_config":{}}'
    headers:
      Content-Length:
      - "1271"
      Content-Security-Policy:
      - default-src 'none'; frame-ancestors 'none'
      Content-Type:
      - application/json
      Date:
      - Fri, 22 Apr 2022 13:29:18 GMT
      Server:
      - Scaleway API-Gateway
      Strict-Transport-Security:
      - max-age=63072000
      X-Content-Type-Options:
      - nosniff
      X-Frame-Options:
      - DENY
      X-Request-Id:
      - 3a910a46-6420-45ca-9eb0-a1d2e81f8d2e
    status: 200 OK
    code: 200
    duration: ""
- request:
    body: ""
    form: {}
    headers:
      User-Agent:
      - scaleway-sdk-go/v1.0.0-beta.7+dev (go1.18.1; darwin; amd64) terraform-provider/develop
        terraform/terraform-tests
    url: https://api.scaleway.com/lb/v1/zones/fr-par-1/lbs/fbb108e0-bb2b-4d17-9395-0af2860c168e
    method: GET
  response:
    body: '{"id":"fbb108e0-bb2b-4d17-9395-0af2860c168e","name":"tf-lb-distracted-kirch","description":"","status":"ready","instances":[{"id":"b75218fc-1cbc-4d4b-805b-94d96176bab7","status":"ready","ip_address":"10.71.62.47","created_at":"2022-04-22T13:24:07.756624Z","updated_at":"2022-04-22T13:28:47.760400Z","region":"fr-par","zone":"fr-par-1"}],"organization_id":"951df375-e094-4d26-97c1-ba548eeb9c42","project_id":"951df375-e094-4d26-97c1-ba548eeb9c42","ip":[{"id":"d9f1bd73-2307-4a62-a552-097deac31520","ip_address":"51.159.112.168","organization_id":"951df375-e094-4d26-97c1-ba548eeb9c42","project_id":"951df375-e094-4d26-97c1-ba548eeb9c42","lb_id":"fbb108e0-bb2b-4d17-9395-0af2860c168e","reverse":"51-159-112-168.lb.fr-par.scw.cloud","region":"fr-par","zone":"fr-par-1"}],"tags":[],"frontend_count":0,"backend_count":0,"type":"lb-s","subscriber":null,"ssl_compatibility_level":"ssl_compatibility_level_intermediate","created_at":"2022-04-22T13:28:47.396804Z","updated_at":"2022-04-22T13:28:48.068854Z","private_network_count":2,"route_count":0,"region":"fr-par","zone":"fr-par-1"}'
    headers:
      Content-Length:
      - "1076"
      Content-Security-Policy:
      - default-src 'none'; frame-ancestors 'none'
      Content-Type:
      - application/json
      Date:
      - Fri, 22 Apr 2022 13:29:18 GMT
      Server:
      - Scaleway API-Gateway
      Strict-Transport-Security:
      - max-age=63072000
      X-Content-Type-Options:
      - nosniff
      X-Frame-Options:
      - DENY
      X-Request-Id:
      - 39527d0c-af5a-4d62-b4ab-5df4b045e19d
    status: 200 OK
    code: 200
    duration: ""
- request:
    body: ""
    form: {}
    headers:
      User-Agent:
      - scaleway-sdk-go/v1.0.0-beta.7+dev (go1.18.1; darwin; amd64) terraform-provider/develop
        terraform/terraform-tests
    url: https://api.scaleway.com/lb/v1/zones/fr-par-1/lbs/fbb108e0-bb2b-4d17-9395-0af2860c168e
    method: GET
  response:
    body: '{"id":"fbb108e0-bb2b-4d17-9395-0af2860c168e","name":"tf-lb-distracted-kirch","description":"","status":"ready","instances":[{"id":"b75218fc-1cbc-4d4b-805b-94d96176bab7","status":"ready","ip_address":"10.71.62.47","created_at":"2022-04-22T13:24:07.756624Z","updated_at":"2022-04-22T13:28:47.760400Z","region":"fr-par","zone":"fr-par-1"}],"organization_id":"951df375-e094-4d26-97c1-ba548eeb9c42","project_id":"951df375-e094-4d26-97c1-ba548eeb9c42","ip":[{"id":"d9f1bd73-2307-4a62-a552-097deac31520","ip_address":"51.159.112.168","organization_id":"951df375-e094-4d26-97c1-ba548eeb9c42","project_id":"951df375-e094-4d26-97c1-ba548eeb9c42","lb_id":"fbb108e0-bb2b-4d17-9395-0af2860c168e","reverse":"51-159-112-168.lb.fr-par.scw.cloud","region":"fr-par","zone":"fr-par-1"}],"tags":[],"frontend_count":0,"backend_count":0,"type":"lb-s","subscriber":null,"ssl_compatibility_level":"ssl_compatibility_level_intermediate","created_at":"2022-04-22T13:28:47.396804Z","updated_at":"2022-04-22T13:28:48.068854Z","private_network_count":2,"route_count":0,"region":"fr-par","zone":"fr-par-1"}'
    headers:
      Content-Length:
      - "1076"
      Content-Security-Policy:
      - default-src 'none'; frame-ancestors 'none'
      Content-Type:
      - application/json
      Date:
      - Fri, 22 Apr 2022 13:29:18 GMT
      Server:
      - Scaleway API-Gateway
      Strict-Transport-Security:
      - max-age=63072000
      X-Content-Type-Options:
      - nosniff
      X-Frame-Options:
      - DENY
      X-Request-Id:
      - d17deaa8-90ac-4756-a27e-d4f7922bfe19
    status: 200 OK
    code: 200
    duration: ""
- request:
    body: ""
    form: {}
    headers:
      User-Agent:
      - scaleway-sdk-go/v1.0.0-beta.7+dev (go1.18.1; darwin; amd64) terraform-provider/develop
        terraform/terraform-tests
    url: https://api.scaleway.com/lb/v1/zones/fr-par-1/lbs/fbb108e0-bb2b-4d17-9395-0af2860c168e/private-networks?order_by=created_at_asc
    method: GET
  response:
    body: '{"private_network":[{"lb":{"id":"fbb108e0-bb2b-4d17-9395-0af2860c168e","name":"tf-lb-distracted-kirch","description":"","status":"ready","instances":[],"organization_id":"951df375-e094-4d26-97c1-ba548eeb9c42","project_id":"951df375-e094-4d26-97c1-ba548eeb9c42","ip":[{"id":"d9f1bd73-2307-4a62-a552-097deac31520","ip_address":"51.159.112.168","organization_id":"951df375-e094-4d26-97c1-ba548eeb9c42","project_id":"951df375-e094-4d26-97c1-ba548eeb9c42","lb_id":"fbb108e0-bb2b-4d17-9395-0af2860c168e","reverse":"51-159-112-168.lb.fr-par.scw.cloud","region":"fr-par","zone":"fr-par-1"}],"tags":[],"frontend_count":0,"backend_count":0,"type":"lb-s","subscriber":null,"ssl_compatibility_level":"ssl_compatibility_level_intermediate","created_at":"2022-04-22T13:28:47.396804Z","updated_at":"2022-04-22T13:28:48.068854Z","private_network_count":2,"route_count":0,"region":"fr-par","zone":"fr-par-1"},"private_network_id":"a68020d5-b605-42f6-9543-bd8ca27ad277","status":"pending","created_at":"2022-04-22T13:29:18.131287Z","updated_at":"2022-04-22T13:29:18.131287Z","dhcp_config":{}},{"lb":{"id":"fbb108e0-bb2b-4d17-9395-0af2860c168e","name":"tf-lb-distracted-kirch","description":"","status":"ready","instances":[],"organization_id":"951df375-e094-4d26-97c1-ba548eeb9c42","project_id":"951df375-e094-4d26-97c1-ba548eeb9c42","ip":[{"id":"d9f1bd73-2307-4a62-a552-097deac31520","ip_address":"51.159.112.168","organization_id":"951df375-e094-4d26-97c1-ba548eeb9c42","project_id":"951df375-e094-4d26-97c1-ba548eeb9c42","lb_id":"fbb108e0-bb2b-4d17-9395-0af2860c168e","reverse":"51-159-112-168.lb.fr-par.scw.cloud","region":"fr-par","zone":"fr-par-1"}],"tags":[],"frontend_count":0,"backend_count":0,"type":"lb-s","subscriber":null,"ssl_compatibility_level":"ssl_compatibility_level_intermediate","created_at":"2022-04-22T13:28:47.396804Z","updated_at":"2022-04-22T13:28:48.068854Z","private_network_count":2,"route_count":0,"region":"fr-par","zone":"fr-par-1"},"private_network_id":"f874ff64-2acd-44eb-8dce-b5e14eada548","status":"pending","created_at":"2022-04-22T13:29:18.414414Z","updated_at":"2022-04-22T13:29:18.414414Z","dhcp_config":{}}],"total_count":2}'
    headers:
      Content-Length:
      - "2147"
      Content-Security-Policy:
      - default-src 'none'; frame-ancestors 'none'
      Content-Type:
      - application/json
      Date:
      - Fri, 22 Apr 2022 13:29:18 GMT
      Server:
      - Scaleway API-Gateway
      Strict-Transport-Security:
      - max-age=63072000
      X-Content-Type-Options:
      - nosniff
      X-Frame-Options:
      - DENY
      X-Request-Id:
      - 484b5108-91d6-44b8-b0c1-581b7f894b82
    status: 200 OK
    code: 200
    duration: ""
- request:
    body: ""
    form: {}
    headers:
      User-Agent:
      - scaleway-sdk-go/v1.0.0-beta.7+dev (go1.18.1; darwin; amd64) terraform-provider/develop
        terraform/terraform-tests
    url: https://api.scaleway.com/lb/v1/zones/fr-par-1/lbs/fbb108e0-bb2b-4d17-9395-0af2860c168e
    method: GET
  response:
    body: '{"id":"fbb108e0-bb2b-4d17-9395-0af2860c168e","name":"tf-lb-distracted-kirch","description":"","status":"ready","instances":[{"id":"b75218fc-1cbc-4d4b-805b-94d96176bab7","status":"ready","ip_address":"10.71.62.47","created_at":"2022-04-22T13:24:07.756624Z","updated_at":"2022-04-22T13:28:47.760400Z","region":"fr-par","zone":"fr-par-1"}],"organization_id":"951df375-e094-4d26-97c1-ba548eeb9c42","project_id":"951df375-e094-4d26-97c1-ba548eeb9c42","ip":[{"id":"d9f1bd73-2307-4a62-a552-097deac31520","ip_address":"51.159.112.168","organization_id":"951df375-e094-4d26-97c1-ba548eeb9c42","project_id":"951df375-e094-4d26-97c1-ba548eeb9c42","lb_id":"fbb108e0-bb2b-4d17-9395-0af2860c168e","reverse":"51-159-112-168.lb.fr-par.scw.cloud","region":"fr-par","zone":"fr-par-1"}],"tags":[],"frontend_count":0,"backend_count":0,"type":"lb-s","subscriber":null,"ssl_compatibility_level":"ssl_compatibility_level_intermediate","created_at":"2022-04-22T13:28:47.396804Z","updated_at":"2022-04-22T13:28:48.068854Z","private_network_count":2,"route_count":0,"region":"fr-par","zone":"fr-par-1"}'
    headers:
      Content-Length:
      - "1076"
      Content-Security-Policy:
      - default-src 'none'; frame-ancestors 'none'
      Content-Type:
      - application/json
      Date:
      - Fri, 22 Apr 2022 13:29:18 GMT
      Server:
      - Scaleway API-Gateway
      Strict-Transport-Security:
      - max-age=63072000
      X-Content-Type-Options:
      - nosniff
      X-Frame-Options:
      - DENY
      X-Request-Id:
      - 2c0ba92f-2e02-4e86-b5b7-785433eb651e
    status: 200 OK
    code: 200
    duration: ""
- request:
    body: ""
    form: {}
    headers:
      User-Agent:
      - scaleway-sdk-go/v1.0.0-beta.7+dev (go1.18.1; darwin; amd64) terraform-provider/develop
        terraform/terraform-tests
    url: https://api.scaleway.com/lb/v1/zones/fr-par-1/ips/d9f1bd73-2307-4a62-a552-097deac31520
    method: GET
  response:
    body: '{"id":"d9f1bd73-2307-4a62-a552-097deac31520","ip_address":"51.159.112.168","organization_id":"951df375-e094-4d26-97c1-ba548eeb9c42","project_id":"951df375-e094-4d26-97c1-ba548eeb9c42","lb_id":"fbb108e0-bb2b-4d17-9395-0af2860c168e","reverse":"51-159-112-168.lb.fr-par.scw.cloud","region":"fr-par","zone":"fr-par-1"}'
    headers:
      Content-Length:
      - "314"
      Content-Security-Policy:
      - default-src 'none'; frame-ancestors 'none'
      Content-Type:
      - application/json
      Date:
      - Fri, 22 Apr 2022 13:29:19 GMT
      Server:
      - Scaleway API-Gateway
      Strict-Transport-Security:
      - max-age=63072000
      X-Content-Type-Options:
      - nosniff
      X-Frame-Options:
      - DENY
      X-Request-Id:
      - e8becc93-69c7-4e6d-b952-623e7766a930
    status: 200 OK
    code: 200
    duration: ""
- request:
    body: ""
    form: {}
    headers:
      User-Agent:
      - scaleway-sdk-go/v1.0.0-beta.7+dev (go1.18.1; darwin; amd64) terraform-provider/develop
        terraform/terraform-tests
    url: https://api.scaleway.com/vpc/v1/zones/fr-par-1/private-networks/a68020d5-b605-42f6-9543-bd8ca27ad277
    method: GET
  response:
    body: '{"id":"a68020d5-b605-42f6-9543-bd8ca27ad277","name":"pn01","tags":[],"organization_id":"951df375-e094-4d26-97c1-ba548eeb9c42","created_at":"2022-04-22T13:28:45.020340Z","updated_at":"2022-04-22T13:28:45.020340Z","project_id":"951df375-e094-4d26-97c1-ba548eeb9c42","zone":"fr-par-1"}'
    headers:
      Content-Length:
      - "282"
      Content-Security-Policy:
      - default-src 'none'; frame-ancestors 'none'
      Content-Type:
      - application/json
      Date:
      - Fri, 22 Apr 2022 13:29:19 GMT
      Server:
      - Scaleway API-Gateway
      Strict-Transport-Security:
      - max-age=63072000
      X-Content-Type-Options:
      - nosniff
      X-Frame-Options:
      - DENY
      X-Request-Id:
      - 1106db25-d42c-4104-a467-70bb270967a8
    status: 200 OK
    code: 200
    duration: ""
- request:
    body: ""
    form: {}
    headers:
      User-Agent:
      - scaleway-sdk-go/v1.0.0-beta.7+dev (go1.18.1; darwin; amd64) terraform-provider/develop
        terraform/terraform-tests
    url: https://api.scaleway.com/vpc/v1/zones/fr-par-1/private-networks/f874ff64-2acd-44eb-8dce-b5e14eada548
    method: GET
  response:
    body: '{"id":"f874ff64-2acd-44eb-8dce-b5e14eada548","name":"pn02","tags":[],"organization_id":"951df375-e094-4d26-97c1-ba548eeb9c42","created_at":"2022-04-22T13:28:47.121194Z","updated_at":"2022-04-22T13:28:47.121194Z","project_id":"951df375-e094-4d26-97c1-ba548eeb9c42","zone":"fr-par-1"}'
    headers:
      Content-Length:
      - "282"
      Content-Security-Policy:
      - default-src 'none'; frame-ancestors 'none'
      Content-Type:
      - application/json
      Date:
      - Fri, 22 Apr 2022 13:29:19 GMT
      Server:
      - Scaleway API-Gateway
      Strict-Transport-Security:
      - max-age=63072000
      X-Content-Type-Options:
      - nosniff
      X-Frame-Options:
      - DENY
      X-Request-Id:
      - f9e42bad-4ec4-4fa0-9228-1a7f61cc2f05
    status: 200 OK
    code: 200
    duration: ""
- request:
    body: ""
    form: {}
    headers:
      User-Agent:
      - scaleway-sdk-go/v1.0.0-beta.7+dev (go1.18.1; darwin; amd64) terraform-provider/develop
        terraform/terraform-tests
    url: https://api.scaleway.com/lb/v1/zones/fr-par-1/lbs/fbb108e0-bb2b-4d17-9395-0af2860c168e
    method: GET
  response:
    body: '{"id":"fbb108e0-bb2b-4d17-9395-0af2860c168e","name":"tf-lb-distracted-kirch","description":"","status":"ready","instances":[{"id":"b75218fc-1cbc-4d4b-805b-94d96176bab7","status":"ready","ip_address":"10.71.62.47","created_at":"2022-04-22T13:24:07.756624Z","updated_at":"2022-04-22T13:28:47.760400Z","region":"fr-par","zone":"fr-par-1"}],"organization_id":"951df375-e094-4d26-97c1-ba548eeb9c42","project_id":"951df375-e094-4d26-97c1-ba548eeb9c42","ip":[{"id":"d9f1bd73-2307-4a62-a552-097deac31520","ip_address":"51.159.112.168","organization_id":"951df375-e094-4d26-97c1-ba548eeb9c42","project_id":"951df375-e094-4d26-97c1-ba548eeb9c42","lb_id":"fbb108e0-bb2b-4d17-9395-0af2860c168e","reverse":"51-159-112-168.lb.fr-par.scw.cloud","region":"fr-par","zone":"fr-par-1"}],"tags":[],"frontend_count":0,"backend_count":0,"type":"lb-s","subscriber":null,"ssl_compatibility_level":"ssl_compatibility_level_intermediate","created_at":"2022-04-22T13:28:47.396804Z","updated_at":"2022-04-22T13:28:48.068854Z","private_network_count":2,"route_count":0,"region":"fr-par","zone":"fr-par-1"}'
    headers:
      Content-Length:
      - "1076"
      Content-Security-Policy:
      - default-src 'none'; frame-ancestors 'none'
      Content-Type:
      - application/json
      Date:
      - Fri, 22 Apr 2022 13:29:19 GMT
      Server:
      - Scaleway API-Gateway
      Strict-Transport-Security:
      - max-age=63072000
      X-Content-Type-Options:
      - nosniff
      X-Frame-Options:
      - DENY
      X-Request-Id:
      - bf145240-8b11-4c32-99bf-564e103045ae
    status: 200 OK
    code: 200
    duration: ""
- request:
    body: ""
    form: {}
    headers:
      User-Agent:
      - scaleway-sdk-go/v1.0.0-beta.7+dev (go1.18.1; darwin; amd64) terraform-provider/develop
        terraform/terraform-tests
    url: https://api.scaleway.com/lb/v1/zones/fr-par-1/lbs/fbb108e0-bb2b-4d17-9395-0af2860c168e
    method: GET
  response:
    body: '{"id":"fbb108e0-bb2b-4d17-9395-0af2860c168e","name":"tf-lb-distracted-kirch","description":"","status":"ready","instances":[{"id":"b75218fc-1cbc-4d4b-805b-94d96176bab7","status":"ready","ip_address":"10.71.62.47","created_at":"2022-04-22T13:24:07.756624Z","updated_at":"2022-04-22T13:28:47.760400Z","region":"fr-par","zone":"fr-par-1"}],"organization_id":"951df375-e094-4d26-97c1-ba548eeb9c42","project_id":"951df375-e094-4d26-97c1-ba548eeb9c42","ip":[{"id":"d9f1bd73-2307-4a62-a552-097deac31520","ip_address":"51.159.112.168","organization_id":"951df375-e094-4d26-97c1-ba548eeb9c42","project_id":"951df375-e094-4d26-97c1-ba548eeb9c42","lb_id":"fbb108e0-bb2b-4d17-9395-0af2860c168e","reverse":"51-159-112-168.lb.fr-par.scw.cloud","region":"fr-par","zone":"fr-par-1"}],"tags":[],"frontend_count":0,"backend_count":0,"type":"lb-s","subscriber":null,"ssl_compatibility_level":"ssl_compatibility_level_intermediate","created_at":"2022-04-22T13:28:47.396804Z","updated_at":"2022-04-22T13:28:48.068854Z","private_network_count":2,"route_count":0,"region":"fr-par","zone":"fr-par-1"}'
    headers:
      Content-Length:
      - "1076"
      Content-Security-Policy:
      - default-src 'none'; frame-ancestors 'none'
      Content-Type:
      - application/json
      Date:
      - Fri, 22 Apr 2022 13:29:19 GMT
      Server:
      - Scaleway API-Gateway
      Strict-Transport-Security:
      - max-age=63072000
      X-Content-Type-Options:
      - nosniff
      X-Frame-Options:
      - DENY
      X-Request-Id:
      - 58ac4782-b33d-4eb9-9e18-7e1b2ccd75a4
    status: 200 OK
    code: 200
    duration: ""
- request:
    body: ""
    form: {}
    headers:
      User-Agent:
      - scaleway-sdk-go/v1.0.0-beta.7+dev (go1.18.1; darwin; amd64) terraform-provider/develop
        terraform/terraform-tests
    url: https://api.scaleway.com/lb/v1/zones/fr-par-1/lbs/fbb108e0-bb2b-4d17-9395-0af2860c168e/private-networks?order_by=created_at_asc
    method: GET
  response:
    body: '{"private_network":[{"lb":{"id":"fbb108e0-bb2b-4d17-9395-0af2860c168e","name":"tf-lb-distracted-kirch","description":"","status":"ready","instances":[],"organization_id":"951df375-e094-4d26-97c1-ba548eeb9c42","project_id":"951df375-e094-4d26-97c1-ba548eeb9c42","ip":[{"id":"d9f1bd73-2307-4a62-a552-097deac31520","ip_address":"51.159.112.168","organization_id":"951df375-e094-4d26-97c1-ba548eeb9c42","project_id":"951df375-e094-4d26-97c1-ba548eeb9c42","lb_id":"fbb108e0-bb2b-4d17-9395-0af2860c168e","reverse":"51-159-112-168.lb.fr-par.scw.cloud","region":"fr-par","zone":"fr-par-1"}],"tags":[],"frontend_count":0,"backend_count":0,"type":"lb-s","subscriber":null,"ssl_compatibility_level":"ssl_compatibility_level_intermediate","created_at":"2022-04-22T13:28:47.396804Z","updated_at":"2022-04-22T13:28:48.068854Z","private_network_count":2,"route_count":0,"region":"fr-par","zone":"fr-par-1"},"private_network_id":"a68020d5-b605-42f6-9543-bd8ca27ad277","status":"pending","created_at":"2022-04-22T13:29:18.131287Z","updated_at":"2022-04-22T13:29:18.131287Z","dhcp_config":{}},{"lb":{"id":"fbb108e0-bb2b-4d17-9395-0af2860c168e","name":"tf-lb-distracted-kirch","description":"","status":"ready","instances":[],"organization_id":"951df375-e094-4d26-97c1-ba548eeb9c42","project_id":"951df375-e094-4d26-97c1-ba548eeb9c42","ip":[{"id":"d9f1bd73-2307-4a62-a552-097deac31520","ip_address":"51.159.112.168","organization_id":"951df375-e094-4d26-97c1-ba548eeb9c42","project_id":"951df375-e094-4d26-97c1-ba548eeb9c42","lb_id":"fbb108e0-bb2b-4d17-9395-0af2860c168e","reverse":"51-159-112-168.lb.fr-par.scw.cloud","region":"fr-par","zone":"fr-par-1"}],"tags":[],"frontend_count":0,"backend_count":0,"type":"lb-s","subscriber":null,"ssl_compatibility_level":"ssl_compatibility_level_intermediate","created_at":"2022-04-22T13:28:47.396804Z","updated_at":"2022-04-22T13:28:48.068854Z","private_network_count":2,"route_count":0,"region":"fr-par","zone":"fr-par-1"},"private_network_id":"f874ff64-2acd-44eb-8dce-b5e14eada548","status":"pending","created_at":"2022-04-22T13:29:18.414414Z","updated_at":"2022-04-22T13:29:18.414414Z","dhcp_config":{}}],"total_count":2}'
    headers:
      Content-Length:
      - "2147"
      Content-Security-Policy:
      - default-src 'none'; frame-ancestors 'none'
      Content-Type:
      - application/json
      Date:
      - Fri, 22 Apr 2022 13:29:19 GMT
      Server:
      - Scaleway API-Gateway
      Strict-Transport-Security:
      - max-age=63072000
      X-Content-Type-Options:
      - nosniff
      X-Frame-Options:
      - DENY
      X-Request-Id:
      - 0e087fcb-3608-4b92-a187-5873f711a985
    status: 200 OK
    code: 200
    duration: ""
- request:
    body: ""
    form: {}
    headers:
      User-Agent:
      - scaleway-sdk-go/v1.0.0-beta.7+dev (go1.18.1; darwin; amd64) terraform-provider/develop
        terraform/terraform-tests
    url: https://api.scaleway.com/lb/v1/zones/fr-par-1/lbs/fbb108e0-bb2b-4d17-9395-0af2860c168e
    method: GET
  response:
    body: '{"id":"fbb108e0-bb2b-4d17-9395-0af2860c168e","name":"tf-lb-distracted-kirch","description":"","status":"ready","instances":[{"id":"b75218fc-1cbc-4d4b-805b-94d96176bab7","status":"ready","ip_address":"10.71.62.47","created_at":"2022-04-22T13:24:07.756624Z","updated_at":"2022-04-22T13:28:47.760400Z","region":"fr-par","zone":"fr-par-1"}],"organization_id":"951df375-e094-4d26-97c1-ba548eeb9c42","project_id":"951df375-e094-4d26-97c1-ba548eeb9c42","ip":[{"id":"d9f1bd73-2307-4a62-a552-097deac31520","ip_address":"51.159.112.168","organization_id":"951df375-e094-4d26-97c1-ba548eeb9c42","project_id":"951df375-e094-4d26-97c1-ba548eeb9c42","lb_id":"fbb108e0-bb2b-4d17-9395-0af2860c168e","reverse":"51-159-112-168.lb.fr-par.scw.cloud","region":"fr-par","zone":"fr-par-1"}],"tags":[],"frontend_count":0,"backend_count":0,"type":"lb-s","subscriber":null,"ssl_compatibility_level":"ssl_compatibility_level_intermediate","created_at":"2022-04-22T13:28:47.396804Z","updated_at":"2022-04-22T13:28:48.068854Z","private_network_count":2,"route_count":0,"region":"fr-par","zone":"fr-par-1"}'
    headers:
      Content-Length:
      - "1076"
      Content-Security-Policy:
      - default-src 'none'; frame-ancestors 'none'
      Content-Type:
      - application/json
      Date:
      - Fri, 22 Apr 2022 13:29:19 GMT
      Server:
      - Scaleway API-Gateway
      Strict-Transport-Security:
      - max-age=63072000
      X-Content-Type-Options:
      - nosniff
      X-Frame-Options:
      - DENY
      X-Request-Id:
      - a9b4fa6d-a0eb-4e4f-9a29-e4d77add3beb
    status: 200 OK
    code: 200
    duration: ""
- request:
    body: ""
    form: {}
    headers:
      User-Agent:
      - scaleway-sdk-go/v1.0.0-beta.7+dev (go1.18.1; darwin; amd64) terraform-provider/develop
        terraform/terraform-tests
    url: https://api.scaleway.com/lb/v1/zones/fr-par-1/lbs/fbb108e0-bb2b-4d17-9395-0af2860c168e/private-networks?order_by=created_at_asc
    method: GET
  response:
    body: '{"private_network":[{"lb":{"id":"fbb108e0-bb2b-4d17-9395-0af2860c168e","name":"tf-lb-distracted-kirch","description":"","status":"ready","instances":[],"organization_id":"951df375-e094-4d26-97c1-ba548eeb9c42","project_id":"951df375-e094-4d26-97c1-ba548eeb9c42","ip":[{"id":"d9f1bd73-2307-4a62-a552-097deac31520","ip_address":"51.159.112.168","organization_id":"951df375-e094-4d26-97c1-ba548eeb9c42","project_id":"951df375-e094-4d26-97c1-ba548eeb9c42","lb_id":"fbb108e0-bb2b-4d17-9395-0af2860c168e","reverse":"51-159-112-168.lb.fr-par.scw.cloud","region":"fr-par","zone":"fr-par-1"}],"tags":[],"frontend_count":0,"backend_count":0,"type":"lb-s","subscriber":null,"ssl_compatibility_level":"ssl_compatibility_level_intermediate","created_at":"2022-04-22T13:28:47.396804Z","updated_at":"2022-04-22T13:28:48.068854Z","private_network_count":2,"route_count":0,"region":"fr-par","zone":"fr-par-1"},"private_network_id":"a68020d5-b605-42f6-9543-bd8ca27ad277","status":"pending","created_at":"2022-04-22T13:29:18.131287Z","updated_at":"2022-04-22T13:29:18.131287Z","dhcp_config":{}},{"lb":{"id":"fbb108e0-bb2b-4d17-9395-0af2860c168e","name":"tf-lb-distracted-kirch","description":"","status":"ready","instances":[],"organization_id":"951df375-e094-4d26-97c1-ba548eeb9c42","project_id":"951df375-e094-4d26-97c1-ba548eeb9c42","ip":[{"id":"d9f1bd73-2307-4a62-a552-097deac31520","ip_address":"51.159.112.168","organization_id":"951df375-e094-4d26-97c1-ba548eeb9c42","project_id":"951df375-e094-4d26-97c1-ba548eeb9c42","lb_id":"fbb108e0-bb2b-4d17-9395-0af2860c168e","reverse":"51-159-112-168.lb.fr-par.scw.cloud","region":"fr-par","zone":"fr-par-1"}],"tags":[],"frontend_count":0,"backend_count":0,"type":"lb-s","subscriber":null,"ssl_compatibility_level":"ssl_compatibility_level_intermediate","created_at":"2022-04-22T13:28:47.396804Z","updated_at":"2022-04-22T13:28:48.068854Z","private_network_count":2,"route_count":0,"region":"fr-par","zone":"fr-par-1"},"private_network_id":"f874ff64-2acd-44eb-8dce-b5e14eada548","status":"pending","created_at":"2022-04-22T13:29:18.414414Z","updated_at":"2022-04-22T13:29:18.414414Z","dhcp_config":{}}],"total_count":2}'
    headers:
      Content-Length:
      - "2147"
      Content-Security-Policy:
      - default-src 'none'; frame-ancestors 'none'
      Content-Type:
      - application/json
      Date:
      - Fri, 22 Apr 2022 13:29:20 GMT
      Server:
      - Scaleway API-Gateway
      Strict-Transport-Security:
      - max-age=63072000
      X-Content-Type-Options:
      - nosniff
      X-Frame-Options:
      - DENY
      X-Request-Id:
      - 27718d32-37c3-4195-a465-a3a3d996d4b0
    status: 200 OK
    code: 200
    duration: ""
- request:
    body: '{}'
    form: {}
    headers:
      Content-Type:
      - application/json
      User-Agent:
      - scaleway-sdk-go/v1.0.0-beta.7+dev (go1.18.1; darwin; amd64) terraform-provider/develop
        terraform/terraform-tests
    url: https://api.scaleway.com/lb/v1/zones/fr-par-1/lbs/fbb108e0-bb2b-4d17-9395-0af2860c168e/private-networks/a68020d5-b605-42f6-9543-bd8ca27ad277/detach
    method: POST
  response:
    body: ""
    headers:
      Content-Security-Policy:
      - default-src 'none'; frame-ancestors 'none'
      Content-Type:
      - application/json
      Date:
      - Fri, 22 Apr 2022 13:29:20 GMT
      Server:
      - Scaleway API-Gateway
      Strict-Transport-Security:
      - max-age=63072000
      X-Content-Type-Options:
      - nosniff
      X-Frame-Options:
      - DENY
      X-Request-Id:
      - a875c0d5-2de8-47f7-9d4b-c752a9dc5049
    status: 204 No Content
    code: 204
    duration: ""
- request:
    body: '{}'
    form: {}
    headers:
      Content-Type:
      - application/json
      User-Agent:
      - scaleway-sdk-go/v1.0.0-beta.7+dev (go1.18.1; darwin; amd64) terraform-provider/develop
        terraform/terraform-tests
    url: https://api.scaleway.com/lb/v1/zones/fr-par-1/lbs/fbb108e0-bb2b-4d17-9395-0af2860c168e/private-networks/f874ff64-2acd-44eb-8dce-b5e14eada548/detach
    method: POST
  response:
    body: ""
    headers:
      Content-Security-Policy:
      - default-src 'none'; frame-ancestors 'none'
      Content-Type:
      - application/json
      Date:
      - Fri, 22 Apr 2022 13:29:20 GMT
      Server:
      - Scaleway API-Gateway
      Strict-Transport-Security:
      - max-age=63072000
      X-Content-Type-Options:
      - nosniff
      X-Frame-Options:
      - DENY
      X-Request-Id:
      - ab003938-9002-414e-824b-09447a93d153
    status: 204 No Content
    code: 204
    duration: ""
- request:
    body: ""
    form: {}
    headers:
      User-Agent:
      - scaleway-sdk-go/v1.0.0-beta.7+dev (go1.18.1; darwin; amd64) terraform-provider/develop
        terraform/terraform-tests
    url: https://api.scaleway.com/lb/v1/zones/fr-par-1/lbs/fbb108e0-bb2b-4d17-9395-0af2860c168e
    method: GET
  response:
    body: '{"id":"fbb108e0-bb2b-4d17-9395-0af2860c168e","name":"tf-lb-distracted-kirch","description":"","status":"ready","instances":[{"id":"b75218fc-1cbc-4d4b-805b-94d96176bab7","status":"ready","ip_address":"10.71.62.47","created_at":"2022-04-22T13:24:07.756624Z","updated_at":"2022-04-22T13:28:47.760400Z","region":"fr-par","zone":"fr-par-1"}],"organization_id":"951df375-e094-4d26-97c1-ba548eeb9c42","project_id":"951df375-e094-4d26-97c1-ba548eeb9c42","ip":[{"id":"d9f1bd73-2307-4a62-a552-097deac31520","ip_address":"51.159.112.168","organization_id":"951df375-e094-4d26-97c1-ba548eeb9c42","project_id":"951df375-e094-4d26-97c1-ba548eeb9c42","lb_id":"fbb108e0-bb2b-4d17-9395-0af2860c168e","reverse":"51-159-112-168.lb.fr-par.scw.cloud","region":"fr-par","zone":"fr-par-1"}],"tags":[],"frontend_count":0,"backend_count":0,"type":"lb-s","subscriber":null,"ssl_compatibility_level":"ssl_compatibility_level_intermediate","created_at":"2022-04-22T13:28:47.396804Z","updated_at":"2022-04-22T13:28:48.068854Z","private_network_count":2,"route_count":0,"region":"fr-par","zone":"fr-par-1"}'
    headers:
      Content-Length:
      - "1076"
      Content-Security-Policy:
      - default-src 'none'; frame-ancestors 'none'
      Content-Type:
      - application/json
      Date:
      - Fri, 22 Apr 2022 13:29:20 GMT
      Server:
      - Scaleway API-Gateway
      Strict-Transport-Security:
      - max-age=63072000
      X-Content-Type-Options:
      - nosniff
      X-Frame-Options:
      - DENY
      X-Request-Id:
      - 8c8cc611-66c9-42a5-85ac-1b7a3b088086
    status: 200 OK
    code: 200
    duration: ""
- request:
    body: ""
    form: {}
    headers:
      User-Agent:
      - scaleway-sdk-go/v1.0.0-beta.7+dev (go1.18.1; darwin; amd64) terraform-provider/develop
        terraform/terraform-tests
    url: https://api.scaleway.com/lb/v1/zones/fr-par-1/lbs/fbb108e0-bb2b-4d17-9395-0af2860c168e?release_ip=false
    method: DELETE
  response:
    body: ""
    headers:
      Content-Security-Policy:
      - default-src 'none'; frame-ancestors 'none'
      Content-Type:
      - application/json
      Date:
      - Fri, 22 Apr 2022 13:29:20 GMT
      Server:
      - Scaleway API-Gateway
      Strict-Transport-Security:
      - max-age=63072000
      X-Content-Type-Options:
      - nosniff
      X-Frame-Options:
      - DENY
      X-Request-Id:
      - b72b373b-d286-45d8-9340-62e691e186de
    status: 204 No Content
    code: 204
    duration: ""
- request:
    body: ""
    form: {}
    headers:
      User-Agent:
      - scaleway-sdk-go/v1.0.0-beta.7+dev (go1.18.1; darwin; amd64) terraform-provider/develop
        terraform/terraform-tests
    url: https://api.scaleway.com/lb/v1/zones/fr-par-1/lbs/fbb108e0-bb2b-4d17-9395-0af2860c168e
    method: GET
  response:
    body: '{"id":"fbb108e0-bb2b-4d17-9395-0af2860c168e","name":"tf-lb-distracted-kirch","description":"","status":"to_delete","instances":[{"id":"b75218fc-1cbc-4d4b-805b-94d96176bab7","status":"ready","ip_address":"10.71.62.47","created_at":"2022-04-22T13:24:07.756624Z","updated_at":"2022-04-22T13:28:47.760400Z","region":"fr-par","zone":"fr-par-1"}],"organization_id":"951df375-e094-4d26-97c1-ba548eeb9c42","project_id":"951df375-e094-4d26-97c1-ba548eeb9c42","ip":[{"id":"d9f1bd73-2307-4a62-a552-097deac31520","ip_address":"51.159.112.168","organization_id":"951df375-e094-4d26-97c1-ba548eeb9c42","project_id":"951df375-e094-4d26-97c1-ba548eeb9c42","lb_id":"fbb108e0-bb2b-4d17-9395-0af2860c168e","reverse":"51-159-112-168.lb.fr-par.scw.cloud","region":"fr-par","zone":"fr-par-1"}],"tags":[],"frontend_count":0,"backend_count":0,"type":"lb-s","subscriber":null,"ssl_compatibility_level":"ssl_compatibility_level_intermediate","created_at":"2022-04-22T13:28:47.396804Z","updated_at":"2022-04-22T13:29:20.579002Z","private_network_count":2,"route_count":0,"region":"fr-par","zone":"fr-par-1"}'
    headers:
      Content-Length:
      - "1080"
      Content-Security-Policy:
      - default-src 'none'; frame-ancestors 'none'
      Content-Type:
      - application/json
      Date:
      - Fri, 22 Apr 2022 13:29:20 GMT
      Server:
      - Scaleway API-Gateway
      Strict-Transport-Security:
      - max-age=63072000
      X-Content-Type-Options:
      - nosniff
      X-Frame-Options:
      - DENY
      X-Request-Id:
      - 099292d5-cfe6-49b8-a375-71c57d6b00c9
    status: 200 OK
    code: 200
    duration: ""
- request:
    body: ""
    form: {}
    headers:
      User-Agent:
      - scaleway-sdk-go/v1.0.0-beta.7+dev (go1.18.1; darwin; amd64) terraform-provider/develop
        terraform/terraform-tests
    url: https://api.scaleway.com/lb/v1/zones/fr-par-1/lbs/fbb108e0-bb2b-4d17-9395-0af2860c168e
    method: GET
  response:
    body: '{"message":"lbs not Found"}'
    headers:
      Content-Length:
      - "27"
      Content-Security-Policy:
      - default-src 'none'; frame-ancestors 'none'
      Content-Type:
      - application/json
      Date:
      - Fri, 22 Apr 2022 13:29:50 GMT
      Server:
      - Scaleway API-Gateway
      Strict-Transport-Security:
      - max-age=63072000
      X-Content-Type-Options:
      - nosniff
      X-Frame-Options:
      - DENY
      X-Request-Id:
      - c95f26c1-ad7c-40ae-ab64-c5bacfe8f5c1
    status: 404 Not Found
    code: 404
    duration: ""
- request:
    body: ""
    form: {}
    headers:
      User-Agent:
      - scaleway-sdk-go/v1.0.0-beta.7+dev (go1.18.1; darwin; amd64) terraform-provider/develop
        terraform/terraform-tests
    url: https://api.scaleway.com/lb/v1/zones/fr-par-1/ips/d9f1bd73-2307-4a62-a552-097deac31520
    method: GET
  response:
    body: '{"id":"d9f1bd73-2307-4a62-a552-097deac31520","ip_address":"51.159.112.168","organization_id":"951df375-e094-4d26-97c1-ba548eeb9c42","project_id":"951df375-e094-4d26-97c1-ba548eeb9c42","lb_id":null,"reverse":"51-159-112-168.lb.fr-par.scw.cloud","region":"fr-par","zone":"fr-par-1"}'
    headers:
      Content-Length:
      - "280"
      Content-Security-Policy:
      - default-src 'none'; frame-ancestors 'none'
      Content-Type:
      - application/json
      Date:
      - Fri, 22 Apr 2022 13:29:50 GMT
      Server:
      - Scaleway API-Gateway
      Strict-Transport-Security:
      - max-age=63072000
      X-Content-Type-Options:
      - nosniff
      X-Frame-Options:
      - DENY
      X-Request-Id:
      - 18e092de-05b0-4329-b198-090e0bcb6457
    status: 200 OK
    code: 200
    duration: ""
- request:
    body: ""
    form: {}
    headers:
      User-Agent:
      - scaleway-sdk-go/v1.0.0-beta.7+dev (go1.18.1; darwin; amd64) terraform-provider/develop
        terraform/terraform-tests
    url: https://api.scaleway.com/vpc/v1/zones/fr-par-1/private-networks/f874ff64-2acd-44eb-8dce-b5e14eada548
    method: DELETE
  response:
    body: ""
    headers:
      Content-Security-Policy:
      - default-src 'none'; frame-ancestors 'none'
      Content-Type:
      - application/json
      Date:
      - Fri, 22 Apr 2022 13:29:51 GMT
      Server:
      - Scaleway API-Gateway
      Strict-Transport-Security:
      - max-age=63072000
      X-Content-Type-Options:
      - nosniff
      X-Frame-Options:
      - DENY
      X-Request-Id:
      - 5a764e34-25de-4819-96c4-95203ee0d0fb
    status: 204 No Content
    code: 204
    duration: ""
- request:
    body: ""
    form: {}
    headers:
      User-Agent:
      - scaleway-sdk-go/v1.0.0-beta.7+dev (go1.18.1; darwin; amd64) terraform-provider/develop
        terraform/terraform-tests
    url: https://api.scaleway.com/vpc/v1/zones/fr-par-1/private-networks/a68020d5-b605-42f6-9543-bd8ca27ad277
    method: DELETE
  response:
    body: ""
    headers:
      Content-Security-Policy:
      - default-src 'none'; frame-ancestors 'none'
      Content-Type:
      - application/json
      Date:
      - Fri, 22 Apr 2022 13:29:51 GMT
      Server:
      - Scaleway API-Gateway
      Strict-Transport-Security:
      - max-age=63072000
      X-Content-Type-Options:
      - nosniff
      X-Frame-Options:
      - DENY
      X-Request-Id:
      - ce3e38f5-4692-4db2-9bec-9c70f592930a
    status: 204 No Content
    code: 204
    duration: ""
- request:
    body: ""
    form: {}
    headers:
      User-Agent:
      - scaleway-sdk-go/v1.0.0-beta.7+dev (go1.18.1; darwin; amd64) terraform-provider/develop
        terraform/terraform-tests
    url: https://api.scaleway.com/lb/v1/zones/fr-par-1/ips/d9f1bd73-2307-4a62-a552-097deac31520
    method: DELETE
  response:
    body: ""
    headers:
      Content-Security-Policy:
      - default-src 'none'; frame-ancestors 'none'
      Content-Type:
      - application/json
      Date:
      - Fri, 22 Apr 2022 13:29:51 GMT
      Server:
      - Scaleway API-Gateway
      Strict-Transport-Security:
      - max-age=63072000
      X-Content-Type-Options:
      - nosniff
      X-Frame-Options:
      - DENY
      X-Request-Id:
      - bb95b820-d82f-4581-a5a7-6e4a335dbbb3
    status: 204 No Content
    code: 204
    duration: ""
- request:
    body: ""
    form: {}
    headers:
      User-Agent:
      - scaleway-sdk-go/v1.0.0-beta.7+dev (go1.18.1; darwin; amd64) terraform-provider/develop
        terraform/terraform-tests
    url: https://api.scaleway.com/lb/v1/zones/fr-par-1/lbs/fbb108e0-bb2b-4d17-9395-0af2860c168e
    method: GET
  response:
    body: '{"message":"lbs not Found"}'
    headers:
      Content-Length:
      - "27"
      Content-Security-Policy:
      - default-src 'none'; frame-ancestors 'none'
      Content-Type:
      - application/json
      Date:
      - Fri, 22 Apr 2022 13:29:51 GMT
      Server:
      - Scaleway API-Gateway
      Strict-Transport-Security:
      - max-age=63072000
      X-Content-Type-Options:
      - nosniff
      X-Frame-Options:
      - DENY
      X-Request-Id:
      - e4751dc5-03df-4143-8077-f5969d24ddbe
    status: 404 Not Found
    code: 404
    duration: ""
