---
version: 1
interactions:
- request:
    body: '{"name":"test-mnq-sqs-basic","protocol":"sqs_sns","project_id":"105bdce1-64c0-48ab-899d-868455867ecf"}'
    form: {}
    headers:
      Content-Type:
      - application/json
      User-Agent:
      - scaleway-sdk-go/v1.0.0-beta.7+dev (go1.20.3; darwin; amd64) terraform-provider/develop
        terraform/terraform-tests
    url: https://api.scaleway.com/mnq/v1alpha1/regions/fr-par/namespaces
    method: POST
  response:
    body: '{"created_at":"2023-05-04T09:39:14.382308745Z","endpoint":"https://sqs-sns.mnq.fr-par.scw.cloud","id":"ADFOZKFAIOT7ZTF2ALRAC2SPOUIG7S3I3L2OVIWQIVBS6WDTRI466VLM","name":"test-mnq-sqs-basic","project_id":"105bdce1-64c0-48ab-899d-868455867ecf","protocol":"sqs_sns","region":"fr-par","updated_at":"2023-05-04T09:39:14.382308745Z"}'
    headers:
      Content-Length:
      - "326"
      Content-Security-Policy:
      - default-src 'none'; frame-ancestors 'none'
      Content-Type:
      - application/json
      Date:
      - Thu, 04 May 2023 09:39:15 GMT
      Server:
      - Scaleway API-Gateway
      Strict-Transport-Security:
      - max-age=63072000
      X-Content-Type-Options:
      - nosniff
      X-Frame-Options:
      - DENY
      X-Request-Id:
      - 1821416d-2607-4437-8ae5-e017ef8ce7df
    status: 200 OK
    code: 200
    duration: ""
- request:
    body: ""
    form: {}
    headers:
      User-Agent:
      - scaleway-sdk-go/v1.0.0-beta.7+dev (go1.20.3; darwin; amd64) terraform-provider/develop
        terraform/terraform-tests
    url: https://api.scaleway.com/mnq/v1alpha1/regions/fr-par/namespaces/ADFOZKFAIOT7ZTF2ALRAC2SPOUIG7S3I3L2OVIWQIVBS6WDTRI466VLM
    method: GET
  response:
    body: '{"created_at":"2023-05-04T09:39:14.382308Z","endpoint":"https://sqs-sns.mnq.fr-par.scw.cloud","id":"ADFOZKFAIOT7ZTF2ALRAC2SPOUIG7S3I3L2OVIWQIVBS6WDTRI466VLM","name":"test-mnq-sqs-basic","project_id":"105bdce1-64c0-48ab-899d-868455867ecf","protocol":"sqs_sns","region":"fr-par","updated_at":"2023-05-04T09:39:14.382308Z"}'
    headers:
      Content-Length:
      - "320"
      Content-Security-Policy:
      - default-src 'none'; frame-ancestors 'none'
      Content-Type:
      - application/json
      Date:
      - Thu, 04 May 2023 09:39:15 GMT
      Server:
      - Scaleway API-Gateway
      Strict-Transport-Security:
      - max-age=63072000
      X-Content-Type-Options:
      - nosniff
      X-Frame-Options:
      - DENY
      X-Request-Id:
      - aa1f7e85-2681-49c2-89f6-cfe5b9e62f74
    status: 200 OK
    code: 200
    duration: ""
- request:
    body: '{"namespace_id":"ADFOZKFAIOT7ZTF2ALRAC2SPOUIG7S3I3L2OVIWQIVBS6WDTRI466VLM","name":"test-queue-sqs-basic","permissions":{"can_publish":true,"can_receive":true,"can_manage":true}}'
    form: {}
    headers:
      Content-Type:
      - application/json
      User-Agent:
      - scaleway-sdk-go/v1.0.0-beta.7+dev (go1.20.3; darwin; amd64) terraform-provider/develop
        terraform/terraform-tests
    url: https://api.scaleway.com/mnq/v1alpha1/regions/fr-par/credentials
    method: POST
  response:
    body: '{"id":"624fca5c-4653-4c60-a1fd-18e3e7fb1acc","name":"test-queue-sqs-basic","namespace_id":"ADFOZKFAIOT7ZTF2ALRAC2SPOUIG7S3I3L2OVIWQIVBS6WDTRI466VLM","protocol":"sqs_sns","sqs_sns_credentials":{"access_key":"QkhHnZRGy9x9Tj96ZljH","permissions":{"can_manage":true,"can_publish":true,"can_receive":true},"secret_key":"OoQnQIhEJHwBhYrYG8uPcBxwkOPYio9JNfKzfiwwoPn7G2RN0bjEPtaceZT2LM5A"}}'
    headers:
      Content-Length:
      - "382"
      Content-Security-Policy:
      - default-src 'none'; frame-ancestors 'none'
      Content-Type:
      - application/json
      Date:
      - Thu, 04 May 2023 09:39:15 GMT
      Server:
      - Scaleway API-Gateway
      Strict-Transport-Security:
      - max-age=63072000
      X-Content-Type-Options:
      - nosniff
      X-Frame-Options:
      - DENY
      X-Request-Id:
      - f6c09a5c-2030-4987-8b4a-35ba25553a84
    status: 200 OK
    code: 200
    duration: ""
- request:
    body: ""
    form: {}
    headers:
      User-Agent:
      - scaleway-sdk-go/v1.0.0-beta.7+dev (go1.20.3; darwin; amd64) terraform-provider/develop
        terraform/terraform-tests
    url: https://api.scaleway.com/mnq/v1alpha1/regions/fr-par/credentials/624fca5c-4653-4c60-a1fd-18e3e7fb1acc
    method: GET
  response:
    body: '{"id":"624fca5c-4653-4c60-a1fd-18e3e7fb1acc","name":"test-queue-sqs-basic","namespace_id":"ADFOZKFAIOT7ZTF2ALRAC2SPOUIG7S3I3L2OVIWQIVBS6WDTRI466VLM","protocol":"sqs_sns","sqs_sns_credentials":{"access_key":"QkhHnZRGy9x9Tj96ZljH","permissions":{"can_manage":true,"can_publish":true,"can_receive":true},"secret_key":null}}'
    headers:
      Content-Length:
      - "320"
      Content-Security-Policy:
      - default-src 'none'; frame-ancestors 'none'
      Content-Type:
      - application/json
      Date:
      - Thu, 04 May 2023 09:39:15 GMT
      Server:
      - Scaleway API-Gateway
      Strict-Transport-Security:
      - max-age=63072000
      X-Content-Type-Options:
      - nosniff
      X-Frame-Options:
      - DENY
      X-Request-Id:
      - 20c5938b-df35-4da6-bfff-f5f345638634
    status: 200 OK
    code: 200
    duration: ""
- request:
    body: ""
    form: {}
    headers:
      User-Agent:
      - scaleway-sdk-go/v1.0.0-beta.7+dev (go1.20.3; darwin; amd64) terraform-provider/develop
        terraform/terraform-tests
    url: https://api.scaleway.com/mnq/v1alpha1/regions/fr-par/namespaces/ADFOZKFAIOT7ZTF2ALRAC2SPOUIG7S3I3L2OVIWQIVBS6WDTRI466VLM
    method: GET
  response:
    body: '{"created_at":"2023-05-04T09:39:14.382308Z","endpoint":"https://sqs-sns.mnq.fr-par.scw.cloud","id":"ADFOZKFAIOT7ZTF2ALRAC2SPOUIG7S3I3L2OVIWQIVBS6WDTRI466VLM","name":"test-mnq-sqs-basic","project_id":"105bdce1-64c0-48ab-899d-868455867ecf","protocol":"sqs_sns","region":"fr-par","updated_at":"2023-05-04T09:39:14.382308Z"}'
    headers:
      Content-Length:
      - "320"
      Content-Security-Policy:
      - default-src 'none'; frame-ancestors 'none'
      Content-Type:
      - application/json
      Date:
      - Thu, 04 May 2023 09:39:15 GMT
      Server:
      - Scaleway API-Gateway
      Strict-Transport-Security:
      - max-age=63072000
      X-Content-Type-Options:
      - nosniff
      X-Frame-Options:
      - DENY
      X-Request-Id:
      - 695099f1-e6cd-425a-91d3-bba60ecffc47
    status: 200 OK
    code: 200
    duration: ""
- request:
    body: Action=CreateQueue&Attribute.1.Name=MaximumMessageSize&Attribute.1.Value=2048&Attribute.2.Name=MessageRetentionPeriod&Attribute.2.Value=86400&Attribute.3.Name=VisibilityTimeout&Attribute.3.Value=30&QueueName=terraform-example-queue&Version=2012-11-05
    form:
      Action:
      - CreateQueue
      Attribute.1.Name:
      - MaximumMessageSize
      Attribute.1.Value:
      - "2048"
      Attribute.2.Name:
      - MessageRetentionPeriod
      Attribute.2.Value:
      - "86400"
      Attribute.3.Name:
      - VisibilityTimeout
      Attribute.3.Value:
      - "30"
      QueueName:
      - terraform-example-queue
      Version:
      - "2012-11-05"
    headers:
      Content-Length:
      - "250"
      Content-Type:
      - application/x-www-form-urlencoded; charset=utf-8
      User-Agent:
      - aws-sdk-go/1.44.254 (go1.20.3; darwin; amd64)
      X-Amz-Date:
      - 20230504T093915Z
    url: http://sqs-sns.mnq.fr-par.scw.cloud/
    method: POST
  response:
    body: <CreateQueueResponse xmlns="http://queue.amazonaws.com/doc/2012-11-05/"><CreateQueueResult><QueueUrl>https://sqs.mnq.fr-par.scw.cloud/ADFOZKFAIOT7ZTF2ALRAC2SPOUIG7S3I3L2OVIWQIVBS6WDTRI466VLM/terraform-example-queue</QueueUrl></CreateQueueResult><ResponseMetadata><RequestId>tx6acfd850-c051-43b9-81b9-b97fe3184df3</RequestId></ResponseMetadata></CreateQueueResponse>
    headers:
      Content-Length:
      - "365"
      Content-Type:
      - text/xml; charset=UTF-8
      Date:
      - Thu, 04 May 2023 09:39:16 GMT
    status: 200 OK
    code: 200
    duration: ""
- request:
    body: Action=GetQueueUrl&QueueName=terraform-example-queue&Version=2012-11-05
    form:
      Action:
      - GetQueueUrl
      QueueName:
      - terraform-example-queue
      Version:
      - "2012-11-05"
    headers:
      Content-Length:
      - "71"
      Content-Type:
      - application/x-www-form-urlencoded; charset=utf-8
      User-Agent:
      - aws-sdk-go/1.44.254 (go1.20.3; darwin; amd64)
      X-Amz-Date:
      - 20230504T093916Z
    url: http://sqs-sns.mnq.fr-par.scw.cloud/
    method: POST
  response:
    body: <GetQueueUrlResponse xmlns="http://queue.amazonaws.com/doc/2012-11-05/"><GetQueueUrlResult><QueueUrl>https://sqs.mnq.fr-par.scw.cloud/ADFOZKFAIOT7ZTF2ALRAC2SPOUIG7S3I3L2OVIWQIVBS6WDTRI466VLM/terraform-example-queue</QueueUrl></GetQueueUrlResult><ResponseMetadata><RequestId>txce23873f-cea8-470c-b322-24795a8c3c99</RequestId></ResponseMetadata></GetQueueUrlResponse>
    headers:
      Content-Length:
      - "365"
      Content-Type:
      - text/xml; charset=UTF-8
      Date:
      - Thu, 04 May 2023 09:39:16 GMT
    status: 200 OK
    code: 200
    duration: ""
- request:
    body: Action=GetQueueAttributes&AttributeName.1=MaximumMessageSize&AttributeName.2=MessageRetentionPeriod&AttributeName.3=ContentBasedDeduplication&AttributeName.4=ReceiveMessageWaitTimeSeconds&AttributeName.5=VisibilityTimeout&AttributeName.6=FifoQueue&QueueUrl=https%3A%2F%2Fsqs.mnq.fr-par.scw.cloud%2FADFOZKFAIOT7ZTF2ALRAC2SPOUIG7S3I3L2OVIWQIVBS6WDTRI466VLM%2Fterraform-example-queue&Version=2012-11-05
    form:
      Action:
      - GetQueueAttributes
      AttributeName.1:
      - MaximumMessageSize
      AttributeName.2:
      - MessageRetentionPeriod
      AttributeName.3:
      - ContentBasedDeduplication
      AttributeName.4:
      - ReceiveMessageWaitTimeSeconds
      AttributeName.5:
      - VisibilityTimeout
      AttributeName.6:
      - FifoQueue
      QueueUrl:
      - https://sqs.mnq.fr-par.scw.cloud/ADFOZKFAIOT7ZTF2ALRAC2SPOUIG7S3I3L2OVIWQIVBS6WDTRI466VLM/terraform-example-queue
      Version:
      - "2012-11-05"
    headers:
      Content-Length:
      - "399"
      Content-Type:
      - application/x-www-form-urlencoded; charset=utf-8
      User-Agent:
      - aws-sdk-go/1.44.254 (go1.20.3; darwin; amd64)
      X-Amz-Date:
      - 20230504T093916Z
    url: http://sqs-sns.mnq.fr-par.scw.cloud/
    method: POST
  response:
    body: <GetQueueAttributesResponse xmlns="http://queue.amazonaws.com/doc/2012-11-05/"><GetQueueAttributesResult><Attribute><Name>MaximumMessageSize</Name><Value>2048</Value></Attribute><Attribute><Name>MessageRetentionPeriod</Name><Value>86400</Value></Attribute><Attribute><Name>ReceiveMessageWaitTimeSeconds</Name><Value>0</Value></Attribute><Attribute><Name>VisibilityTimeout</Name><Value>30</Value></Attribute></GetQueueAttributesResult><ResponseMetadata><RequestId>tx4eb4b665-5f3e-43a9-8561-24cb48bf44a0</RequestId></ResponseMetadata></GetQueueAttributesResponse>
    headers:
      Content-Length:
      - "561"
      Content-Type:
      - text/xml; charset=UTF-8
      Date:
      - Thu, 04 May 2023 09:39:16 GMT
    status: 200 OK
    code: 200
    duration: ""
- request:
    body: ""
    form: {}
    headers:
      User-Agent:
      - scaleway-sdk-go/v1.0.0-beta.7+dev (go1.20.3; darwin; amd64) terraform-provider/develop
        terraform/terraform-tests
    url: https://api.scaleway.com/mnq/v1alpha1/regions/fr-par/namespaces/ADFOZKFAIOT7ZTF2ALRAC2SPOUIG7S3I3L2OVIWQIVBS6WDTRI466VLM
    method: GET
  response:
    body: '{"created_at":"2023-05-04T09:39:14.382308Z","endpoint":"https://sqs-sns.mnq.fr-par.scw.cloud","id":"ADFOZKFAIOT7ZTF2ALRAC2SPOUIG7S3I3L2OVIWQIVBS6WDTRI466VLM","name":"test-mnq-sqs-basic","project_id":"105bdce1-64c0-48ab-899d-868455867ecf","protocol":"sqs_sns","region":"fr-par","updated_at":"2023-05-04T09:39:14.382308Z"}'
    headers:
      Content-Length:
      - "320"
      Content-Security-Policy:
      - default-src 'none'; frame-ancestors 'none'
      Content-Type:
      - application/json
      Date:
      - Thu, 04 May 2023 09:39:17 GMT
      Server:
      - Scaleway API-Gateway
      Strict-Transport-Security:
      - max-age=63072000
      X-Content-Type-Options:
      - nosniff
      X-Frame-Options:
      - DENY
      X-Request-Id:
      - ba5bc7e3-95e8-4510-96c4-4291d8e64677
    status: 200 OK
    code: 200
    duration: ""
- request:
    body: Action=GetQueueUrl&QueueName=terraform-example-queue&Version=2012-11-05
    form:
      Action:
      - GetQueueUrl
      QueueName:
      - terraform-example-queue
      Version:
      - "2012-11-05"
    headers:
      Content-Length:
      - "71"
      Content-Type:
      - application/x-www-form-urlencoded; charset=utf-8
      User-Agent:
      - aws-sdk-go/1.44.254 (go1.20.3; darwin; amd64)
      X-Amz-Date:
      - 20230504T093917Z
    url: http://sqs-sns.mnq.fr-par.scw.cloud/
    method: POST
  response:
    body: <GetQueueUrlResponse xmlns="http://queue.amazonaws.com/doc/2012-11-05/"><GetQueueUrlResult><QueueUrl>https://sqs.mnq.fr-par.scw.cloud/ADFOZKFAIOT7ZTF2ALRAC2SPOUIG7S3I3L2OVIWQIVBS6WDTRI466VLM/terraform-example-queue</QueueUrl></GetQueueUrlResult><ResponseMetadata><RequestId>txdd67ec87-9369-4270-939a-7d5027798cd9</RequestId></ResponseMetadata></GetQueueUrlResponse>
    headers:
      Content-Length:
      - "365"
      Content-Type:
      - text/xml; charset=UTF-8
      Date:
      - Thu, 04 May 2023 09:39:17 GMT
    status: 200 OK
    code: 200
    duration: ""
- request:
    body: ""
    form: {}
    headers:
      User-Agent:
      - scaleway-sdk-go/v1.0.0-beta.7+dev (go1.20.3; darwin; amd64) terraform-provider/develop
        terraform/terraform-tests
    url: https://api.scaleway.com/mnq/v1alpha1/regions/fr-par/namespaces/ADFOZKFAIOT7ZTF2ALRAC2SPOUIG7S3I3L2OVIWQIVBS6WDTRI466VLM
    method: GET
  response:
    body: '{"created_at":"2023-05-04T09:39:14.382308Z","endpoint":"https://sqs-sns.mnq.fr-par.scw.cloud","id":"ADFOZKFAIOT7ZTF2ALRAC2SPOUIG7S3I3L2OVIWQIVBS6WDTRI466VLM","name":"test-mnq-sqs-basic","project_id":"105bdce1-64c0-48ab-899d-868455867ecf","protocol":"sqs_sns","region":"fr-par","updated_at":"2023-05-04T09:39:14.382308Z"}'
    headers:
      Content-Length:
      - "320"
      Content-Security-Policy:
      - default-src 'none'; frame-ancestors 'none'
      Content-Type:
      - application/json
      Date:
      - Thu, 04 May 2023 09:39:17 GMT
      Server:
      - Scaleway API-Gateway
      Strict-Transport-Security:
      - max-age=63072000
      X-Content-Type-Options:
      - nosniff
      X-Frame-Options:
      - DENY
      X-Request-Id:
      - 91c8510d-749d-4648-b5a0-17c7f2214d88
    status: 200 OK
    code: 200
    duration: ""
- request:
    body: ""
    form: {}
    headers:
      User-Agent:
      - scaleway-sdk-go/v1.0.0-beta.7+dev (go1.20.3; darwin; amd64) terraform-provider/develop
        terraform/terraform-tests
    url: https://api.scaleway.com/mnq/v1alpha1/regions/fr-par/credentials/624fca5c-4653-4c60-a1fd-18e3e7fb1acc
    method: GET
  response:
    body: '{"id":"624fca5c-4653-4c60-a1fd-18e3e7fb1acc","name":"test-queue-sqs-basic","namespace_id":"ADFOZKFAIOT7ZTF2ALRAC2SPOUIG7S3I3L2OVIWQIVBS6WDTRI466VLM","protocol":"sqs_sns","sqs_sns_credentials":{"access_key":"QkhHnZRGy9x9Tj96ZljH","permissions":{"can_manage":true,"can_publish":true,"can_receive":true},"secret_key":null}}'
    headers:
      Content-Length:
      - "320"
      Content-Security-Policy:
      - default-src 'none'; frame-ancestors 'none'
      Content-Type:
      - application/json
      Date:
      - Thu, 04 May 2023 09:39:17 GMT
      Server:
      - Scaleway API-Gateway
      Strict-Transport-Security:
      - max-age=63072000
      X-Content-Type-Options:
      - nosniff
      X-Frame-Options:
      - DENY
      X-Request-Id:
      - 81efc13b-ee35-4cc4-985a-8186d4be0c7d
    status: 200 OK
    code: 200
    duration: ""
- request:
    body: ""
    form: {}
    headers:
      User-Agent:
      - scaleway-sdk-go/v1.0.0-beta.7+dev (go1.20.3; darwin; amd64) terraform-provider/develop
        terraform/terraform-tests
    url: https://api.scaleway.com/mnq/v1alpha1/regions/fr-par/namespaces/ADFOZKFAIOT7ZTF2ALRAC2SPOUIG7S3I3L2OVIWQIVBS6WDTRI466VLM
    method: GET
  response:
    body: '{"created_at":"2023-05-04T09:39:14.382308Z","endpoint":"https://sqs-sns.mnq.fr-par.scw.cloud","id":"ADFOZKFAIOT7ZTF2ALRAC2SPOUIG7S3I3L2OVIWQIVBS6WDTRI466VLM","name":"test-mnq-sqs-basic","project_id":"105bdce1-64c0-48ab-899d-868455867ecf","protocol":"sqs_sns","region":"fr-par","updated_at":"2023-05-04T09:39:14.382308Z"}'
    headers:
      Content-Length:
      - "320"
      Content-Security-Policy:
      - default-src 'none'; frame-ancestors 'none'
      Content-Type:
      - application/json
      Date:
      - Thu, 04 May 2023 09:39:17 GMT
      Server:
      - Scaleway API-Gateway
      Strict-Transport-Security:
      - max-age=63072000
      X-Content-Type-Options:
      - nosniff
      X-Frame-Options:
      - DENY
      X-Request-Id:
      - d04e7353-7e8d-452a-b0f6-77127c856cfc
    status: 200 OK
    code: 200
    duration: ""
- request:
    body: Action=GetQueueUrl&QueueName=terraform-example-queue&Version=2012-11-05
    form:
      Action:
      - GetQueueUrl
      QueueName:
      - terraform-example-queue
      Version:
      - "2012-11-05"
    headers:
      Content-Length:
      - "71"
      Content-Type:
      - application/x-www-form-urlencoded; charset=utf-8
      User-Agent:
      - aws-sdk-go/1.44.254 (go1.20.3; darwin; amd64)
      X-Amz-Date:
      - 20230504T093917Z
    url: http://sqs-sns.mnq.fr-par.scw.cloud/
    method: POST
  response:
    body: <GetQueueUrlResponse xmlns="http://queue.amazonaws.com/doc/2012-11-05/"><GetQueueUrlResult><QueueUrl>https://sqs.mnq.fr-par.scw.cloud/ADFOZKFAIOT7ZTF2ALRAC2SPOUIG7S3I3L2OVIWQIVBS6WDTRI466VLM/terraform-example-queue</QueueUrl></GetQueueUrlResult><ResponseMetadata><RequestId>txe4adddc1-3320-4c9e-b63b-3e79d90e1923</RequestId></ResponseMetadata></GetQueueUrlResponse>
    headers:
      Content-Length:
      - "365"
      Content-Type:
      - text/xml; charset=UTF-8
      Date:
      - Thu, 04 May 2023 09:39:17 GMT
    status: 200 OK
    code: 200
    duration: ""
- request:
    body: Action=GetQueueAttributes&AttributeName.1=MaximumMessageSize&AttributeName.2=MessageRetentionPeriod&AttributeName.3=ContentBasedDeduplication&AttributeName.4=ReceiveMessageWaitTimeSeconds&AttributeName.5=VisibilityTimeout&AttributeName.6=FifoQueue&QueueUrl=https%3A%2F%2Fsqs.mnq.fr-par.scw.cloud%2FADFOZKFAIOT7ZTF2ALRAC2SPOUIG7S3I3L2OVIWQIVBS6WDTRI466VLM%2Fterraform-example-queue&Version=2012-11-05
    form:
      Action:
      - GetQueueAttributes
      AttributeName.1:
      - MaximumMessageSize
      AttributeName.2:
      - MessageRetentionPeriod
      AttributeName.3:
      - ContentBasedDeduplication
      AttributeName.4:
      - ReceiveMessageWaitTimeSeconds
      AttributeName.5:
      - VisibilityTimeout
      AttributeName.6:
      - FifoQueue
      QueueUrl:
      - https://sqs.mnq.fr-par.scw.cloud/ADFOZKFAIOT7ZTF2ALRAC2SPOUIG7S3I3L2OVIWQIVBS6WDTRI466VLM/terraform-example-queue
      Version:
      - "2012-11-05"
    headers:
      Content-Length:
      - "399"
      Content-Type:
      - application/x-www-form-urlencoded; charset=utf-8
      User-Agent:
      - aws-sdk-go/1.44.254 (go1.20.3; darwin; amd64)
      X-Amz-Date:
      - 20230504T093917Z
    url: http://sqs-sns.mnq.fr-par.scw.cloud/
    method: POST
  response:
    body: <GetQueueAttributesResponse xmlns="http://queue.amazonaws.com/doc/2012-11-05/"><GetQueueAttributesResult><Attribute><Name>MaximumMessageSize</Name><Value>2048</Value></Attribute><Attribute><Name>MessageRetentionPeriod</Name><Value>86400</Value></Attribute><Attribute><Name>ReceiveMessageWaitTimeSeconds</Name><Value>0</Value></Attribute><Attribute><Name>VisibilityTimeout</Name><Value>30</Value></Attribute></GetQueueAttributesResult><ResponseMetadata><RequestId>tx4e9d0cc5-52bd-412e-94c2-e5eee84a9358</RequestId></ResponseMetadata></GetQueueAttributesResponse>
    headers:
      Content-Length:
      - "561"
      Content-Type:
      - text/xml; charset=UTF-8
      Date:
      - Thu, 04 May 2023 09:39:17 GMT
    status: 200 OK
    code: 200
    duration: ""
- request:
    body: ""
    form: {}
    headers:
      User-Agent:
      - scaleway-sdk-go/v1.0.0-beta.7+dev (go1.20.3; darwin; amd64) terraform-provider/develop
        terraform/terraform-tests
    url: https://api.scaleway.com/mnq/v1alpha1/regions/fr-par/namespaces/ADFOZKFAIOT7ZTF2ALRAC2SPOUIG7S3I3L2OVIWQIVBS6WDTRI466VLM
    method: GET
  response:
    body: '{"created_at":"2023-05-04T09:39:14.382308Z","endpoint":"https://sqs-sns.mnq.fr-par.scw.cloud","id":"ADFOZKFAIOT7ZTF2ALRAC2SPOUIG7S3I3L2OVIWQIVBS6WDTRI466VLM","name":"test-mnq-sqs-basic","project_id":"105bdce1-64c0-48ab-899d-868455867ecf","protocol":"sqs_sns","region":"fr-par","updated_at":"2023-05-04T09:39:14.382308Z"}'
    headers:
      Content-Length:
      - "320"
      Content-Security-Policy:
      - default-src 'none'; frame-ancestors 'none'
      Content-Type:
      - application/json
      Date:
      - Thu, 04 May 2023 09:39:18 GMT
      Server:
      - Scaleway API-Gateway
      Strict-Transport-Security:
      - max-age=63072000
      X-Content-Type-Options:
      - nosniff
      X-Frame-Options:
      - DENY
      X-Request-Id:
      - d675b370-48f8-47f3-b570-812bce914aa0
    status: 200 OK
    code: 200
    duration: ""
- request:
    body: ""
    form: {}
    headers:
      User-Agent:
      - scaleway-sdk-go/v1.0.0-beta.7+dev (go1.20.3; darwin; amd64) terraform-provider/develop
        terraform/terraform-tests
    url: https://api.scaleway.com/mnq/v1alpha1/regions/fr-par/credentials/624fca5c-4653-4c60-a1fd-18e3e7fb1acc
    method: GET
  response:
    body: '{"id":"624fca5c-4653-4c60-a1fd-18e3e7fb1acc","name":"test-queue-sqs-basic","namespace_id":"ADFOZKFAIOT7ZTF2ALRAC2SPOUIG7S3I3L2OVIWQIVBS6WDTRI466VLM","protocol":"sqs_sns","sqs_sns_credentials":{"access_key":"QkhHnZRGy9x9Tj96ZljH","permissions":{"can_manage":true,"can_publish":true,"can_receive":true},"secret_key":null}}'
    headers:
      Content-Length:
      - "320"
      Content-Security-Policy:
      - default-src 'none'; frame-ancestors 'none'
      Content-Type:
      - application/json
      Date:
      - Thu, 04 May 2023 09:39:18 GMT
      Server:
      - Scaleway API-Gateway
      Strict-Transport-Security:
      - max-age=63072000
      X-Content-Type-Options:
      - nosniff
      X-Frame-Options:
      - DENY
      X-Request-Id:
      - 9f5f8932-26fc-4478-9f2a-1f6a9df026bc
    status: 200 OK
    code: 200
    duration: ""
- request:
    body: ""
    form: {}
    headers:
      User-Agent:
      - scaleway-sdk-go/v1.0.0-beta.7+dev (go1.20.3; darwin; amd64) terraform-provider/develop
        terraform/terraform-tests
    url: https://api.scaleway.com/mnq/v1alpha1/regions/fr-par/namespaces/ADFOZKFAIOT7ZTF2ALRAC2SPOUIG7S3I3L2OVIWQIVBS6WDTRI466VLM
    method: GET
  response:
    body: '{"created_at":"2023-05-04T09:39:14.382308Z","endpoint":"https://sqs-sns.mnq.fr-par.scw.cloud","id":"ADFOZKFAIOT7ZTF2ALRAC2SPOUIG7S3I3L2OVIWQIVBS6WDTRI466VLM","name":"test-mnq-sqs-basic","project_id":"105bdce1-64c0-48ab-899d-868455867ecf","protocol":"sqs_sns","region":"fr-par","updated_at":"2023-05-04T09:39:14.382308Z"}'
    headers:
      Content-Length:
      - "320"
      Content-Security-Policy:
      - default-src 'none'; frame-ancestors 'none'
      Content-Type:
      - application/json
      Date:
      - Thu, 04 May 2023 09:39:18 GMT
      Server:
      - Scaleway API-Gateway
      Strict-Transport-Security:
      - max-age=63072000
      X-Content-Type-Options:
      - nosniff
      X-Frame-Options:
      - DENY
      X-Request-Id:
      - bd7199fd-7ea7-4b31-999f-1ec64f6dee9b
    status: 200 OK
    code: 200
    duration: ""
- request:
    body: Action=GetQueueUrl&QueueName=terraform-example-queue&Version=2012-11-05
    form:
      Action:
      - GetQueueUrl
      QueueName:
      - terraform-example-queue
      Version:
      - "2012-11-05"
    headers:
      Content-Length:
      - "71"
      Content-Type:
      - application/x-www-form-urlencoded; charset=utf-8
      User-Agent:
      - aws-sdk-go/1.44.254 (go1.20.3; darwin; amd64)
      X-Amz-Date:
      - 20230504T093918Z
    url: http://sqs-sns.mnq.fr-par.scw.cloud/
    method: POST
  response:
    body: <GetQueueUrlResponse xmlns="http://queue.amazonaws.com/doc/2012-11-05/"><GetQueueUrlResult><QueueUrl>https://sqs.mnq.fr-par.scw.cloud/ADFOZKFAIOT7ZTF2ALRAC2SPOUIG7S3I3L2OVIWQIVBS6WDTRI466VLM/terraform-example-queue</QueueUrl></GetQueueUrlResult><ResponseMetadata><RequestId>tx0f47da04-7727-43ec-a129-024ef6ce4550</RequestId></ResponseMetadata></GetQueueUrlResponse>
    headers:
      Content-Length:
      - "365"
      Content-Type:
      - text/xml; charset=UTF-8
      Date:
      - Thu, 04 May 2023 09:39:18 GMT
    status: 200 OK
    code: 200
    duration: ""
- request:
    body: Action=GetQueueAttributes&AttributeName.1=ReceiveMessageWaitTimeSeconds&AttributeName.2=VisibilityTimeout&AttributeName.3=FifoQueue&AttributeName.4=MaximumMessageSize&AttributeName.5=MessageRetentionPeriod&AttributeName.6=ContentBasedDeduplication&QueueUrl=https%3A%2F%2Fsqs.mnq.fr-par.scw.cloud%2FADFOZKFAIOT7ZTF2ALRAC2SPOUIG7S3I3L2OVIWQIVBS6WDTRI466VLM%2Fterraform-example-queue&Version=2012-11-05
    form:
      Action:
      - GetQueueAttributes
      AttributeName.1:
      - ReceiveMessageWaitTimeSeconds
      AttributeName.2:
      - VisibilityTimeout
      AttributeName.3:
      - FifoQueue
      AttributeName.4:
      - MaximumMessageSize
      AttributeName.5:
      - MessageRetentionPeriod
      AttributeName.6:
      - ContentBasedDeduplication
      QueueUrl:
      - https://sqs.mnq.fr-par.scw.cloud/ADFOZKFAIOT7ZTF2ALRAC2SPOUIG7S3I3L2OVIWQIVBS6WDTRI466VLM/terraform-example-queue
      Version:
      - "2012-11-05"
    headers:
      Content-Length:
      - "399"
      Content-Type:
      - application/x-www-form-urlencoded; charset=utf-8
      User-Agent:
      - aws-sdk-go/1.44.254 (go1.20.3; darwin; amd64)
      X-Amz-Date:
      - 20230504T093918Z
    url: http://sqs-sns.mnq.fr-par.scw.cloud/
    method: POST
  response:
    body: <GetQueueAttributesResponse xmlns="http://queue.amazonaws.com/doc/2012-11-05/"><GetQueueAttributesResult><Attribute><Name>ReceiveMessageWaitTimeSeconds</Name><Value>0</Value></Attribute><Attribute><Name>VisibilityTimeout</Name><Value>30</Value></Attribute><Attribute><Name>MaximumMessageSize</Name><Value>2048</Value></Attribute><Attribute><Name>MessageRetentionPeriod</Name><Value>86400</Value></Attribute></GetQueueAttributesResult><ResponseMetadata><RequestId>txc3e4498c-7988-4561-a8f4-5a6947f99be1</RequestId></ResponseMetadata></GetQueueAttributesResponse>
    headers:
      Content-Length:
      - "561"
      Content-Type:
      - text/xml; charset=UTF-8
      Date:
      - Thu, 04 May 2023 09:39:18 GMT
    status: 200 OK
    code: 200
    duration: ""
- request:
    body: ""
    form: {}
    headers:
      User-Agent:
      - scaleway-sdk-go/v1.0.0-beta.7+dev (go1.20.3; darwin; amd64) terraform-provider/develop
        terraform/terraform-tests
    url: https://api.scaleway.com/mnq/v1alpha1/regions/fr-par/namespaces/ADFOZKFAIOT7ZTF2ALRAC2SPOUIG7S3I3L2OVIWQIVBS6WDTRI466VLM
    method: GET
  response:
    body: '{"created_at":"2023-05-04T09:39:14.382308Z","endpoint":"https://sqs-sns.mnq.fr-par.scw.cloud","id":"ADFOZKFAIOT7ZTF2ALRAC2SPOUIG7S3I3L2OVIWQIVBS6WDTRI466VLM","name":"test-mnq-sqs-basic","project_id":"105bdce1-64c0-48ab-899d-868455867ecf","protocol":"sqs_sns","region":"fr-par","updated_at":"2023-05-04T09:39:14.382308Z"}'
    headers:
      Content-Length:
      - "320"
      Content-Security-Policy:
      - default-src 'none'; frame-ancestors 'none'
      Content-Type:
      - application/json
      Date:
      - Thu, 04 May 2023 09:39:18 GMT
      Server:
      - Scaleway API-Gateway
      Strict-Transport-Security:
      - max-age=63072000
      X-Content-Type-Options:
      - nosniff
      X-Frame-Options:
      - DENY
      X-Request-Id:
      - d67b4ade-e382-46dd-8c8b-bfa01cc3fe77
    status: 200 OK
    code: 200
    duration: ""
- request:
    body: ""
    form: {}
    headers:
      User-Agent:
      - scaleway-sdk-go/v1.0.0-beta.7+dev (go1.20.3; darwin; amd64) terraform-provider/develop
        terraform/terraform-tests
    url: https://api.scaleway.com/mnq/v1alpha1/regions/fr-par/credentials/624fca5c-4653-4c60-a1fd-18e3e7fb1acc
    method: GET
  response:
    body: '{"id":"624fca5c-4653-4c60-a1fd-18e3e7fb1acc","name":"test-queue-sqs-basic","namespace_id":"ADFOZKFAIOT7ZTF2ALRAC2SPOUIG7S3I3L2OVIWQIVBS6WDTRI466VLM","protocol":"sqs_sns","sqs_sns_credentials":{"access_key":"QkhHnZRGy9x9Tj96ZljH","permissions":{"can_manage":true,"can_publish":true,"can_receive":true},"secret_key":null}}'
    headers:
      Content-Length:
      - "320"
      Content-Security-Policy:
      - default-src 'none'; frame-ancestors 'none'
      Content-Type:
      - application/json
      Date:
      - Thu, 04 May 2023 09:39:18 GMT
      Server:
      - Scaleway API-Gateway
      Strict-Transport-Security:
      - max-age=63072000
      X-Content-Type-Options:
      - nosniff
      X-Frame-Options:
      - DENY
      X-Request-Id:
      - 118d7854-171f-4e21-bfc7-d5492a751bcd
    status: 200 OK
    code: 200
    duration: ""
- request:
    body: ""
    form: {}
    headers:
      User-Agent:
      - scaleway-sdk-go/v1.0.0-beta.7+dev (go1.20.3; darwin; amd64) terraform-provider/develop
        terraform/terraform-tests
    url: https://api.scaleway.com/mnq/v1alpha1/regions/fr-par/namespaces/ADFOZKFAIOT7ZTF2ALRAC2SPOUIG7S3I3L2OVIWQIVBS6WDTRI466VLM
    method: GET
  response:
    body: '{"created_at":"2023-05-04T09:39:14.382308Z","endpoint":"https://sqs-sns.mnq.fr-par.scw.cloud","id":"ADFOZKFAIOT7ZTF2ALRAC2SPOUIG7S3I3L2OVIWQIVBS6WDTRI466VLM","name":"test-mnq-sqs-basic","project_id":"105bdce1-64c0-48ab-899d-868455867ecf","protocol":"sqs_sns","region":"fr-par","updated_at":"2023-05-04T09:39:14.382308Z"}'
    headers:
      Content-Length:
      - "320"
      Content-Security-Policy:
      - default-src 'none'; frame-ancestors 'none'
      Content-Type:
      - application/json
      Date:
      - Thu, 04 May 2023 09:39:18 GMT
      Server:
      - Scaleway API-Gateway
      Strict-Transport-Security:
      - max-age=63072000
      X-Content-Type-Options:
      - nosniff
      X-Frame-Options:
      - DENY
      X-Request-Id:
      - d07c44dc-471c-48b1-8d36-8b3cb527aa9c
    status: 200 OK
    code: 200
    duration: ""
- request:
    body: Action=GetQueueUrl&QueueName=terraform-example-queue&Version=2012-11-05
    form:
      Action:
      - GetQueueUrl
      QueueName:
      - terraform-example-queue
      Version:
      - "2012-11-05"
    headers:
      Content-Length:
      - "71"
      Content-Type:
      - application/x-www-form-urlencoded; charset=utf-8
      User-Agent:
      - aws-sdk-go/1.44.254 (go1.20.3; darwin; amd64)
      X-Amz-Date:
      - 20230504T093918Z
    url: http://sqs-sns.mnq.fr-par.scw.cloud/
    method: POST
  response:
    body: <GetQueueUrlResponse xmlns="http://queue.amazonaws.com/doc/2012-11-05/"><GetQueueUrlResult><QueueUrl>https://sqs.mnq.fr-par.scw.cloud/ADFOZKFAIOT7ZTF2ALRAC2SPOUIG7S3I3L2OVIWQIVBS6WDTRI466VLM/terraform-example-queue</QueueUrl></GetQueueUrlResult><ResponseMetadata><RequestId>txe0592432-79fa-436d-b874-7925844eb4ff</RequestId></ResponseMetadata></GetQueueUrlResponse>
    headers:
      Content-Length:
      - "365"
      Content-Type:
      - text/xml; charset=UTF-8
      Date:
      - Thu, 04 May 2023 09:39:18 GMT
    status: 200 OK
    code: 200
    duration: ""
- request:
    body: Action=GetQueueAttributes&AttributeName.1=FifoQueue&AttributeName.2=MaximumMessageSize&AttributeName.3=MessageRetentionPeriod&AttributeName.4=ContentBasedDeduplication&AttributeName.5=ReceiveMessageWaitTimeSeconds&AttributeName.6=VisibilityTimeout&QueueUrl=https%3A%2F%2Fsqs.mnq.fr-par.scw.cloud%2FADFOZKFAIOT7ZTF2ALRAC2SPOUIG7S3I3L2OVIWQIVBS6WDTRI466VLM%2Fterraform-example-queue&Version=2012-11-05
    form:
      Action:
      - GetQueueAttributes
      AttributeName.1:
      - FifoQueue
      AttributeName.2:
      - MaximumMessageSize
      AttributeName.3:
      - MessageRetentionPeriod
      AttributeName.4:
      - ContentBasedDeduplication
      AttributeName.5:
      - ReceiveMessageWaitTimeSeconds
      AttributeName.6:
      - VisibilityTimeout
      QueueUrl:
      - https://sqs.mnq.fr-par.scw.cloud/ADFOZKFAIOT7ZTF2ALRAC2SPOUIG7S3I3L2OVIWQIVBS6WDTRI466VLM/terraform-example-queue
      Version:
      - "2012-11-05"
    headers:
      Content-Length:
      - "399"
      Content-Type:
      - application/x-www-form-urlencoded; charset=utf-8
      User-Agent:
      - aws-sdk-go/1.44.254 (go1.20.3; darwin; amd64)
      X-Amz-Date:
      - 20230504T093918Z
    url: http://sqs-sns.mnq.fr-par.scw.cloud/
    method: POST
  response:
    body: <GetQueueAttributesResponse xmlns="http://queue.amazonaws.com/doc/2012-11-05/"><GetQueueAttributesResult><Attribute><Name>MaximumMessageSize</Name><Value>2048</Value></Attribute><Attribute><Name>MessageRetentionPeriod</Name><Value>86400</Value></Attribute><Attribute><Name>ReceiveMessageWaitTimeSeconds</Name><Value>0</Value></Attribute><Attribute><Name>VisibilityTimeout</Name><Value>30</Value></Attribute></GetQueueAttributesResult><ResponseMetadata><RequestId>txcd86dcd1-a0cb-4d56-b624-9a9b6bff85f5</RequestId></ResponseMetadata></GetQueueAttributesResponse>
    headers:
      Content-Length:
      - "561"
      Content-Type:
      - text/xml; charset=UTF-8
      Date:
      - Thu, 04 May 2023 09:39:18 GMT
    status: 200 OK
    code: 200
    duration: ""
- request:
    body: ""
    form: {}
    headers:
      User-Agent:
      - scaleway-sdk-go/v1.0.0-beta.7+dev (go1.20.3; darwin; amd64) terraform-provider/develop
        terraform/terraform-tests
    url: https://api.scaleway.com/mnq/v1alpha1/regions/fr-par/namespaces/ADFOZKFAIOT7ZTF2ALRAC2SPOUIG7S3I3L2OVIWQIVBS6WDTRI466VLM
    method: GET
  response:
    body: '{"created_at":"2023-05-04T09:39:14.382308Z","endpoint":"https://sqs-sns.mnq.fr-par.scw.cloud","id":"ADFOZKFAIOT7ZTF2ALRAC2SPOUIG7S3I3L2OVIWQIVBS6WDTRI466VLM","name":"test-mnq-sqs-basic","project_id":"105bdce1-64c0-48ab-899d-868455867ecf","protocol":"sqs_sns","region":"fr-par","updated_at":"2023-05-04T09:39:14.382308Z"}'
    headers:
      Content-Length:
      - "320"
      Content-Security-Policy:
      - default-src 'none'; frame-ancestors 'none'
      Content-Type:
      - application/json
      Date:
      - Thu, 04 May 2023 09:39:19 GMT
      Server:
      - Scaleway API-Gateway
      Strict-Transport-Security:
      - max-age=63072000
      X-Content-Type-Options:
      - nosniff
      X-Frame-Options:
      - DENY
      X-Request-Id:
      - 0b2a0f73-372e-4ba1-92be-160985e5c7e4
    status: 200 OK
    code: 200
    duration: ""
- request:
    body: Action=GetQueueUrl&QueueName=terraform-example-queue&Version=2012-11-05
    form:
      Action:
      - GetQueueUrl
      QueueName:
      - terraform-example-queue
      Version:
      - "2012-11-05"
    headers:
      Content-Length:
      - "71"
      Content-Type:
      - application/x-www-form-urlencoded; charset=utf-8
      User-Agent:
      - aws-sdk-go/1.44.254 (go1.20.3; darwin; amd64)
      X-Amz-Date:
      - 20230504T093919Z
    url: http://sqs-sns.mnq.fr-par.scw.cloud/
    method: POST
  response:
    body: <GetQueueUrlResponse xmlns="http://queue.amazonaws.com/doc/2012-11-05/"><GetQueueUrlResult><QueueUrl>https://sqs.mnq.fr-par.scw.cloud/ADFOZKFAIOT7ZTF2ALRAC2SPOUIG7S3I3L2OVIWQIVBS6WDTRI466VLM/terraform-example-queue</QueueUrl></GetQueueUrlResult><ResponseMetadata><RequestId>tx965e380c-6d0d-40b6-9fb2-45a4d0dd0c78</RequestId></ResponseMetadata></GetQueueUrlResponse>
    headers:
      Content-Length:
      - "365"
      Content-Type:
      - text/xml; charset=UTF-8
      Date:
      - Thu, 04 May 2023 09:39:19 GMT
    status: 200 OK
    code: 200
    duration: ""
- request:
    body: Action=DeleteQueue&QueueUrl=https%3A%2F%2Fsqs.mnq.fr-par.scw.cloud%2FADFOZKFAIOT7ZTF2ALRAC2SPOUIG7S3I3L2OVIWQIVBS6WDTRI466VLM%2Fterraform-example-queue&Version=2012-11-05
    form:
      Action:
      - DeleteQueue
      QueueUrl:
      - https://sqs.mnq.fr-par.scw.cloud/ADFOZKFAIOT7ZTF2ALRAC2SPOUIG7S3I3L2OVIWQIVBS6WDTRI466VLM/terraform-example-queue
      Version:
      - "2012-11-05"
    headers:
      Content-Length:
      - "170"
      Content-Type:
      - application/x-www-form-urlencoded; charset=utf-8
      User-Agent:
      - aws-sdk-go/1.44.254 (go1.20.3; darwin; amd64)
      X-Amz-Date:
      - 20230504T093919Z
    url: http://sqs-sns.mnq.fr-par.scw.cloud/
    method: POST
  response:
    body: <DeleteQueueResponse xmlns="http://queue.amazonaws.com/doc/2012-11-05/"><ResponseMetadata><RequestId>tx8326580f-d845-4442-a012-a7cdce9c2ec1</RequestId></ResponseMetadata></DeleteQueueResponse>
    headers:
      Content-Length:
      - "192"
      Content-Type:
      - text/xml; charset=UTF-8
      Date:
      - Thu, 04 May 2023 09:39:19 GMT
    status: 200 OK
    code: 200
    duration: ""
- request:
    body: Action=GetQueueUrl&QueueName=terraform-example-queue&Version=2012-11-05
    form:
      Action:
      - GetQueueUrl
      QueueName:
      - terraform-example-queue
      Version:
      - "2012-11-05"
    headers:
      Content-Length:
      - "71"
      Content-Type:
      - application/x-www-form-urlencoded; charset=utf-8
      User-Agent:
      - aws-sdk-go/1.44.254 (go1.20.3; darwin; amd64)
      X-Amz-Date:
      - 20230504T093919Z
    url: http://sqs-sns.mnq.fr-par.scw.cloud/
    method: POST
  response:
    body: <ErrorResponse xmlns=""><Error><Type>Sender</Type><Code>AWS.SimpleQueueService.NonExistentQueue</Code><Message>The
      queue &#34;terraform-example-queue&#34; does not exist.</Message></Error><RequestId>tx71e594b3-41a4-441b-ac19-4f18f9f50b48</RequestId></ErrorResponse>
    headers:
      Content-Length:
      - "265"
      Content-Type:
      - text/xml; charset=UTF-8
      Date:
      - Thu, 04 May 2023 09:39:19 GMT
    status: 404 Not Found
    code: 404
    duration: ""
- request:
    body: ""
    form: {}
    headers:
      User-Agent:
      - scaleway-sdk-go/v1.0.0-beta.7+dev (go1.20.3; darwin; amd64) terraform-provider/develop
        terraform/terraform-tests
    url: https://api.scaleway.com/mnq/v1alpha1/regions/fr-par/namespaces/ADFOZKFAIOT7ZTF2ALRAC2SPOUIG7S3I3L2OVIWQIVBS6WDTRI466VLM
    method: GET
  response:
    body: '{"created_at":"2023-05-04T09:39:14.382308Z","endpoint":"https://sqs-sns.mnq.fr-par.scw.cloud","id":"ADFOZKFAIOT7ZTF2ALRAC2SPOUIG7S3I3L2OVIWQIVBS6WDTRI466VLM","name":"test-mnq-sqs-basic","project_id":"105bdce1-64c0-48ab-899d-868455867ecf","protocol":"sqs_sns","region":"fr-par","updated_at":"2023-05-04T09:39:14.382308Z"}'
    headers:
      Content-Length:
      - "320"
      Content-Security-Policy:
      - default-src 'none'; frame-ancestors 'none'
      Content-Type:
      - application/json
      Date:
      - Thu, 04 May 2023 09:39:19 GMT
      Server:
      - Scaleway API-Gateway
      Strict-Transport-Security:
      - max-age=63072000
      X-Content-Type-Options:
      - nosniff
      X-Frame-Options:
      - DENY
      X-Request-Id:
      - ce51ecff-3718-4881-a02a-0b2cbe6d3041
    status: 200 OK
    code: 200
    duration: ""
- request:
    body: Action=CreateQueue&Attribute.1.Name=FifoQueue&Attribute.1.Value=true&Attribute.2.Name=MaximumMessageSize&Attribute.2.Value=262144&Attribute.3.Name=MessageRetentionPeriod&Attribute.3.Value=345600&Attribute.4.Name=VisibilityTimeout&Attribute.4.Value=30&QueueName=terraform-example-queue.fifo&Version=2012-11-05
    form:
      Action:
      - CreateQueue
      Attribute.1.Name:
      - FifoQueue
      Attribute.1.Value:
      - "true"
      Attribute.2.Name:
      - MaximumMessageSize
      Attribute.2.Value:
      - "262144"
      Attribute.3.Name:
      - MessageRetentionPeriod
      Attribute.3.Value:
      - "345600"
      Attribute.4.Name:
      - VisibilityTimeout
      Attribute.4.Value:
      - "30"
      QueueName:
      - terraform-example-queue.fifo
      Version:
      - "2012-11-05"
    headers:
      Content-Length:
      - "308"
      Content-Type:
      - application/x-www-form-urlencoded; charset=utf-8
      User-Agent:
      - aws-sdk-go/1.44.254 (go1.20.3; darwin; amd64)
      X-Amz-Date:
      - 20230504T093919Z
    url: http://sqs-sns.mnq.fr-par.scw.cloud/
    method: POST
  response:
    body: <CreateQueueResponse xmlns="http://queue.amazonaws.com/doc/2012-11-05/"><CreateQueueResult><QueueUrl>https://sqs.mnq.fr-par.scw.cloud/ADFOZKFAIOT7ZTF2ALRAC2SPOUIG7S3I3L2OVIWQIVBS6WDTRI466VLM/terraform-example-queue.fifo</QueueUrl></CreateQueueResult><ResponseMetadata><RequestId>tx73e8b435-52af-4a11-bf90-6d9fcff35407</RequestId></ResponseMetadata></CreateQueueResponse>
    headers:
      Content-Length:
      - "370"
      Content-Type:
      - text/xml; charset=UTF-8
      Date:
      - Thu, 04 May 2023 09:39:20 GMT
    status: 200 OK
    code: 200
    duration: ""
- request:
    body: Action=GetQueueUrl&QueueName=terraform-example-queue.fifo&Version=2012-11-05
    form:
      Action:
      - GetQueueUrl
      QueueName:
      - terraform-example-queue.fifo
      Version:
      - "2012-11-05"
    headers:
      Content-Length:
      - "76"
      Content-Type:
      - application/x-www-form-urlencoded; charset=utf-8
      User-Agent:
      - aws-sdk-go/1.44.254 (go1.20.3; darwin; amd64)
      X-Amz-Date:
      - 20230504T093920Z
    url: http://sqs-sns.mnq.fr-par.scw.cloud/
    method: POST
  response:
    body: <GetQueueUrlResponse xmlns="http://queue.amazonaws.com/doc/2012-11-05/"><GetQueueUrlResult><QueueUrl>https://sqs.mnq.fr-par.scw.cloud/ADFOZKFAIOT7ZTF2ALRAC2SPOUIG7S3I3L2OVIWQIVBS6WDTRI466VLM/terraform-example-queue.fifo</QueueUrl></GetQueueUrlResult><ResponseMetadata><RequestId>txe3da51ee-1c56-463f-af30-f9e5cbababcf</RequestId></ResponseMetadata></GetQueueUrlResponse>
    headers:
      Content-Length:
      - "370"
      Content-Type:
      - text/xml; charset=UTF-8
      Date:
      - Thu, 04 May 2023 09:39:20 GMT
    status: 200 OK
    code: 200
    duration: ""
- request:
    body: Action=GetQueueAttributes&AttributeName.1=MessageRetentionPeriod&AttributeName.2=ContentBasedDeduplication&AttributeName.3=ReceiveMessageWaitTimeSeconds&AttributeName.4=VisibilityTimeout&AttributeName.5=FifoQueue&AttributeName.6=MaximumMessageSize&QueueUrl=https%3A%2F%2Fsqs.mnq.fr-par.scw.cloud%2FADFOZKFAIOT7ZTF2ALRAC2SPOUIG7S3I3L2OVIWQIVBS6WDTRI466VLM%2Fterraform-example-queue.fifo&Version=2012-11-05
    form:
      Action:
      - GetQueueAttributes
      AttributeName.1:
      - MessageRetentionPeriod
      AttributeName.2:
      - ContentBasedDeduplication
      AttributeName.3:
      - ReceiveMessageWaitTimeSeconds
      AttributeName.4:
      - VisibilityTimeout
      AttributeName.5:
      - FifoQueue
      AttributeName.6:
      - MaximumMessageSize
      QueueUrl:
      - https://sqs.mnq.fr-par.scw.cloud/ADFOZKFAIOT7ZTF2ALRAC2SPOUIG7S3I3L2OVIWQIVBS6WDTRI466VLM/terraform-example-queue.fifo
      Version:
      - "2012-11-05"
    headers:
      Content-Length:
      - "404"
      Content-Type:
      - application/x-www-form-urlencoded; charset=utf-8
      User-Agent:
      - aws-sdk-go/1.44.254 (go1.20.3; darwin; amd64)
      X-Amz-Date:
      - 20230504T093920Z
    url: http://sqs-sns.mnq.fr-par.scw.cloud/
    method: POST
  response:
    body: <GetQueueAttributesResponse xmlns="http://queue.amazonaws.com/doc/2012-11-05/"><GetQueueAttributesResult><Attribute><Name>MessageRetentionPeriod</Name><Value>345600</Value></Attribute><Attribute><Name>ContentBasedDeduplication</Name><Value>false</Value></Attribute><Attribute><Name>ReceiveMessageWaitTimeSeconds</Name><Value>0</Value></Attribute><Attribute><Name>VisibilityTimeout</Name><Value>30</Value></Attribute><Attribute><Name>FifoQueue</Name><Value>true</Value></Attribute><Attribute><Name>MaximumMessageSize</Name><Value>262144</Value></Attribute></GetQueueAttributesResult><ResponseMetadata><RequestId>tx6b89f4d2-eb0d-4bd9-9943-7a6d076da512</RequestId></ResponseMetadata></GetQueueAttributesResponse>
    headers:
      Content-Length:
      - "709"
      Content-Type:
      - text/xml; charset=UTF-8
      Date:
      - Thu, 04 May 2023 09:39:20 GMT
    status: 200 OK
    code: 200
    duration: ""
- request:
    body: ""
    form: {}
    headers:
      User-Agent:
      - scaleway-sdk-go/v1.0.0-beta.7+dev (go1.20.3; darwin; amd64) terraform-provider/develop
        terraform/terraform-tests
    url: https://api.scaleway.com/mnq/v1alpha1/regions/fr-par/namespaces/ADFOZKFAIOT7ZTF2ALRAC2SPOUIG7S3I3L2OVIWQIVBS6WDTRI466VLM
    method: GET
  response:
    body: '{"created_at":"2023-05-04T09:39:14.382308Z","endpoint":"https://sqs-sns.mnq.fr-par.scw.cloud","id":"ADFOZKFAIOT7ZTF2ALRAC2SPOUIG7S3I3L2OVIWQIVBS6WDTRI466VLM","name":"test-mnq-sqs-basic","project_id":"105bdce1-64c0-48ab-899d-868455867ecf","protocol":"sqs_sns","region":"fr-par","updated_at":"2023-05-04T09:39:14.382308Z"}'
    headers:
      Content-Length:
      - "320"
      Content-Security-Policy:
      - default-src 'none'; frame-ancestors 'none'
      Content-Type:
      - application/json
      Date:
      - Thu, 04 May 2023 09:39:20 GMT
      Server:
      - Scaleway API-Gateway
      Strict-Transport-Security:
      - max-age=63072000
      X-Content-Type-Options:
      - nosniff
      X-Frame-Options:
      - DENY
      X-Request-Id:
      - 8743cf71-e61b-42f8-89ab-cb2329b7ce41
    status: 200 OK
    code: 200
    duration: ""
- request:
    body: Action=GetQueueUrl&QueueName=terraform-example-queue.fifo&Version=2012-11-05
    form:
      Action:
      - GetQueueUrl
      QueueName:
      - terraform-example-queue.fifo
      Version:
      - "2012-11-05"
    headers:
      Content-Length:
      - "76"
      Content-Type:
      - application/x-www-form-urlencoded; charset=utf-8
      User-Agent:
      - aws-sdk-go/1.44.254 (go1.20.3; darwin; amd64)
      X-Amz-Date:
      - 20230504T093920Z
    url: http://sqs-sns.mnq.fr-par.scw.cloud/
    method: POST
  response:
    body: <GetQueueUrlResponse xmlns="http://queue.amazonaws.com/doc/2012-11-05/"><GetQueueUrlResult><QueueUrl>https://sqs.mnq.fr-par.scw.cloud/ADFOZKFAIOT7ZTF2ALRAC2SPOUIG7S3I3L2OVIWQIVBS6WDTRI466VLM/terraform-example-queue.fifo</QueueUrl></GetQueueUrlResult><ResponseMetadata><RequestId>tx2ac0f102-9b84-4482-87cb-7f3a5b19484f</RequestId></ResponseMetadata></GetQueueUrlResponse>
    headers:
      Content-Length:
      - "370"
      Content-Type:
      - text/xml; charset=UTF-8
      Date:
      - Thu, 04 May 2023 09:39:20 GMT
    status: 200 OK
    code: 200
    duration: ""
- request:
    body: ""
    form: {}
    headers:
      User-Agent:
      - scaleway-sdk-go/v1.0.0-beta.7+dev (go1.20.3; darwin; amd64) terraform-provider/develop
        terraform/terraform-tests
    url: https://api.scaleway.com/mnq/v1alpha1/regions/fr-par/namespaces/ADFOZKFAIOT7ZTF2ALRAC2SPOUIG7S3I3L2OVIWQIVBS6WDTRI466VLM
    method: GET
  response:
    body: '{"created_at":"2023-05-04T09:39:14.382308Z","endpoint":"https://sqs-sns.mnq.fr-par.scw.cloud","id":"ADFOZKFAIOT7ZTF2ALRAC2SPOUIG7S3I3L2OVIWQIVBS6WDTRI466VLM","name":"test-mnq-sqs-basic","project_id":"105bdce1-64c0-48ab-899d-868455867ecf","protocol":"sqs_sns","region":"fr-par","updated_at":"2023-05-04T09:39:14.382308Z"}'
    headers:
      Content-Length:
      - "320"
      Content-Security-Policy:
      - default-src 'none'; frame-ancestors 'none'
      Content-Type:
      - application/json
      Date:
      - Thu, 04 May 2023 09:39:21 GMT
      Server:
      - Scaleway API-Gateway
      Strict-Transport-Security:
      - max-age=63072000
      X-Content-Type-Options:
      - nosniff
      X-Frame-Options:
      - DENY
      X-Request-Id:
      - 5575a269-52ef-4c17-b10e-2fd45c85e7db
    status: 200 OK
    code: 200
    duration: ""
- request:
    body: ""
    form: {}
    headers:
      User-Agent:
      - scaleway-sdk-go/v1.0.0-beta.7+dev (go1.20.3; darwin; amd64) terraform-provider/develop
        terraform/terraform-tests
    url: https://api.scaleway.com/mnq/v1alpha1/regions/fr-par/credentials/624fca5c-4653-4c60-a1fd-18e3e7fb1acc
    method: GET
  response:
    body: '{"id":"624fca5c-4653-4c60-a1fd-18e3e7fb1acc","name":"test-queue-sqs-basic","namespace_id":"ADFOZKFAIOT7ZTF2ALRAC2SPOUIG7S3I3L2OVIWQIVBS6WDTRI466VLM","protocol":"sqs_sns","sqs_sns_credentials":{"access_key":"QkhHnZRGy9x9Tj96ZljH","permissions":{"can_manage":true,"can_publish":true,"can_receive":true},"secret_key":null}}'
    headers:
      Content-Length:
      - "320"
      Content-Security-Policy:
      - default-src 'none'; frame-ancestors 'none'
      Content-Type:
      - application/json
      Date:
      - Thu, 04 May 2023 09:39:21 GMT
      Server:
      - Scaleway API-Gateway
      Strict-Transport-Security:
      - max-age=63072000
      X-Content-Type-Options:
      - nosniff
      X-Frame-Options:
      - DENY
      X-Request-Id:
      - dc3de982-f557-4a83-b4bd-7ca57d6ac8fd
    status: 200 OK
    code: 200
    duration: ""
- request:
    body: ""
    form: {}
    headers:
      User-Agent:
      - scaleway-sdk-go/v1.0.0-beta.7+dev (go1.20.3; darwin; amd64) terraform-provider/develop
        terraform/terraform-tests
    url: https://api.scaleway.com/mnq/v1alpha1/regions/fr-par/namespaces/ADFOZKFAIOT7ZTF2ALRAC2SPOUIG7S3I3L2OVIWQIVBS6WDTRI466VLM
    method: GET
  response:
    body: '{"created_at":"2023-05-04T09:39:14.382308Z","endpoint":"https://sqs-sns.mnq.fr-par.scw.cloud","id":"ADFOZKFAIOT7ZTF2ALRAC2SPOUIG7S3I3L2OVIWQIVBS6WDTRI466VLM","name":"test-mnq-sqs-basic","project_id":"105bdce1-64c0-48ab-899d-868455867ecf","protocol":"sqs_sns","region":"fr-par","updated_at":"2023-05-04T09:39:14.382308Z"}'
    headers:
      Content-Length:
      - "320"
      Content-Security-Policy:
      - default-src 'none'; frame-ancestors 'none'
      Content-Type:
      - application/json
      Date:
      - Thu, 04 May 2023 09:39:21 GMT
      Server:
      - Scaleway API-Gateway
      Strict-Transport-Security:
      - max-age=63072000
      X-Content-Type-Options:
      - nosniff
      X-Frame-Options:
      - DENY
      X-Request-Id:
      - f0ea0e48-bafe-4e22-b27b-ebf21a2929df
    status: 200 OK
    code: 200
    duration: ""
- request:
    body: Action=GetQueueUrl&QueueName=terraform-example-queue.fifo&Version=2012-11-05
    form:
      Action:
      - GetQueueUrl
      QueueName:
      - terraform-example-queue.fifo
      Version:
      - "2012-11-05"
    headers:
      Content-Length:
      - "76"
      Content-Type:
      - application/x-www-form-urlencoded; charset=utf-8
      User-Agent:
      - aws-sdk-go/1.44.254 (go1.20.3; darwin; amd64)
      X-Amz-Date:
      - 20230504T093921Z
    url: http://sqs-sns.mnq.fr-par.scw.cloud/
    method: POST
  response:
    body: <GetQueueUrlResponse xmlns="http://queue.amazonaws.com/doc/2012-11-05/"><GetQueueUrlResult><QueueUrl>https://sqs.mnq.fr-par.scw.cloud/ADFOZKFAIOT7ZTF2ALRAC2SPOUIG7S3I3L2OVIWQIVBS6WDTRI466VLM/terraform-example-queue.fifo</QueueUrl></GetQueueUrlResult><ResponseMetadata><RequestId>tx45a5344b-7428-4e9f-99a8-e7abebc6354d</RequestId></ResponseMetadata></GetQueueUrlResponse>
    headers:
      Content-Length:
      - "370"
      Content-Type:
      - text/xml; charset=UTF-8
      Date:
      - Thu, 04 May 2023 09:39:21 GMT
    status: 200 OK
    code: 200
    duration: ""
- request:
    body: Action=GetQueueAttributes&AttributeName.1=MaximumMessageSize&AttributeName.2=MessageRetentionPeriod&AttributeName.3=ContentBasedDeduplication&AttributeName.4=ReceiveMessageWaitTimeSeconds&AttributeName.5=VisibilityTimeout&AttributeName.6=FifoQueue&QueueUrl=https%3A%2F%2Fsqs.mnq.fr-par.scw.cloud%2FADFOZKFAIOT7ZTF2ALRAC2SPOUIG7S3I3L2OVIWQIVBS6WDTRI466VLM%2Fterraform-example-queue.fifo&Version=2012-11-05
    form:
      Action:
      - GetQueueAttributes
      AttributeName.1:
      - MaximumMessageSize
      AttributeName.2:
      - MessageRetentionPeriod
      AttributeName.3:
      - ContentBasedDeduplication
      AttributeName.4:
      - ReceiveMessageWaitTimeSeconds
      AttributeName.5:
      - VisibilityTimeout
      AttributeName.6:
      - FifoQueue
      QueueUrl:
      - https://sqs.mnq.fr-par.scw.cloud/ADFOZKFAIOT7ZTF2ALRAC2SPOUIG7S3I3L2OVIWQIVBS6WDTRI466VLM/terraform-example-queue.fifo
      Version:
      - "2012-11-05"
    headers:
      Content-Length:
      - "404"
      Content-Type:
      - application/x-www-form-urlencoded; charset=utf-8
      User-Agent:
      - aws-sdk-go/1.44.254 (go1.20.3; darwin; amd64)
      X-Amz-Date:
      - 20230504T093921Z
    url: http://sqs-sns.mnq.fr-par.scw.cloud/
    method: POST
  response:
    body: <GetQueueAttributesResponse xmlns="http://queue.amazonaws.com/doc/2012-11-05/"><GetQueueAttributesResult><Attribute><Name>MaximumMessageSize</Name><Value>262144</Value></Attribute><Attribute><Name>MessageRetentionPeriod</Name><Value>345600</Value></Attribute><Attribute><Name>ContentBasedDeduplication</Name><Value>false</Value></Attribute><Attribute><Name>ReceiveMessageWaitTimeSeconds</Name><Value>0</Value></Attribute><Attribute><Name>VisibilityTimeout</Name><Value>30</Value></Attribute><Attribute><Name>FifoQueue</Name><Value>true</Value></Attribute></GetQueueAttributesResult><ResponseMetadata><RequestId>tx5cb132ac-7ea3-4a40-929b-91b3ae7b6e2f</RequestId></ResponseMetadata></GetQueueAttributesResponse>
    headers:
      Content-Length:
      - "709"
      Content-Type:
      - text/xml; charset=UTF-8
      Date:
      - Thu, 04 May 2023 09:39:21 GMT
    status: 200 OK
    code: 200
    duration: ""
- request:
    body: ""
    form: {}
    headers:
      User-Agent:
      - scaleway-sdk-go/v1.0.0-beta.7+dev (go1.20.3; darwin; amd64) terraform-provider/develop
        terraform/terraform-tests
    url: https://api.scaleway.com/mnq/v1alpha1/regions/fr-par/namespaces/ADFOZKFAIOT7ZTF2ALRAC2SPOUIG7S3I3L2OVIWQIVBS6WDTRI466VLM
    method: GET
  response:
    body: '{"created_at":"2023-05-04T09:39:14.382308Z","endpoint":"https://sqs-sns.mnq.fr-par.scw.cloud","id":"ADFOZKFAIOT7ZTF2ALRAC2SPOUIG7S3I3L2OVIWQIVBS6WDTRI466VLM","name":"test-mnq-sqs-basic","project_id":"105bdce1-64c0-48ab-899d-868455867ecf","protocol":"sqs_sns","region":"fr-par","updated_at":"2023-05-04T09:39:14.382308Z"}'
    headers:
      Content-Length:
      - "320"
      Content-Security-Policy:
      - default-src 'none'; frame-ancestors 'none'
      Content-Type:
      - application/json
      Date:
      - Thu, 04 May 2023 09:39:21 GMT
      Server:
      - Scaleway API-Gateway
      Strict-Transport-Security:
      - max-age=63072000
      X-Content-Type-Options:
      - nosniff
      X-Frame-Options:
      - DENY
      X-Request-Id:
      - c048739a-db75-436e-931b-15037a7424e3
    status: 200 OK
    code: 200
    duration: ""
- request:
    body: ""
    form: {}
    headers:
      User-Agent:
      - scaleway-sdk-go/v1.0.0-beta.7+dev (go1.20.3; darwin; amd64) terraform-provider/develop
        terraform/terraform-tests
    url: https://api.scaleway.com/mnq/v1alpha1/regions/fr-par/credentials/624fca5c-4653-4c60-a1fd-18e3e7fb1acc
    method: GET
  response:
    body: '{"id":"624fca5c-4653-4c60-a1fd-18e3e7fb1acc","name":"test-queue-sqs-basic","namespace_id":"ADFOZKFAIOT7ZTF2ALRAC2SPOUIG7S3I3L2OVIWQIVBS6WDTRI466VLM","protocol":"sqs_sns","sqs_sns_credentials":{"access_key":"QkhHnZRGy9x9Tj96ZljH","permissions":{"can_manage":true,"can_publish":true,"can_receive":true},"secret_key":null}}'
    headers:
      Content-Length:
      - "320"
      Content-Security-Policy:
      - default-src 'none'; frame-ancestors 'none'
      Content-Type:
      - application/json
      Date:
      - Thu, 04 May 2023 09:39:21 GMT
      Server:
      - Scaleway API-Gateway
      Strict-Transport-Security:
      - max-age=63072000
      X-Content-Type-Options:
      - nosniff
      X-Frame-Options:
      - DENY
      X-Request-Id:
      - ff49cc17-7cd2-4a8e-bc1e-f3f6ea232050
    status: 200 OK
    code: 200
    duration: ""
- request:
    body: ""
    form: {}
    headers:
      User-Agent:
      - scaleway-sdk-go/v1.0.0-beta.7+dev (go1.20.3; darwin; amd64) terraform-provider/develop
        terraform/terraform-tests
    url: https://api.scaleway.com/mnq/v1alpha1/regions/fr-par/namespaces/ADFOZKFAIOT7ZTF2ALRAC2SPOUIG7S3I3L2OVIWQIVBS6WDTRI466VLM
    method: GET
  response:
    body: '{"created_at":"2023-05-04T09:39:14.382308Z","endpoint":"https://sqs-sns.mnq.fr-par.scw.cloud","id":"ADFOZKFAIOT7ZTF2ALRAC2SPOUIG7S3I3L2OVIWQIVBS6WDTRI466VLM","name":"test-mnq-sqs-basic","project_id":"105bdce1-64c0-48ab-899d-868455867ecf","protocol":"sqs_sns","region":"fr-par","updated_at":"2023-05-04T09:39:14.382308Z"}'
    headers:
      Content-Length:
      - "320"
      Content-Security-Policy:
      - default-src 'none'; frame-ancestors 'none'
      Content-Type:
      - application/json
      Date:
      - Thu, 04 May 2023 09:39:21 GMT
      Server:
      - Scaleway API-Gateway
      Strict-Transport-Security:
      - max-age=63072000
      X-Content-Type-Options:
      - nosniff
      X-Frame-Options:
      - DENY
      X-Request-Id:
      - a65ba585-b36d-4bb1-ad02-af45133657a6
    status: 200 OK
    code: 200
    duration: ""
- request:
    body: Action=GetQueueUrl&QueueName=terraform-example-queue.fifo&Version=2012-11-05
    form:
      Action:
      - GetQueueUrl
      QueueName:
      - terraform-example-queue.fifo
      Version:
      - "2012-11-05"
    headers:
      Content-Length:
      - "76"
      Content-Type:
      - application/x-www-form-urlencoded; charset=utf-8
      User-Agent:
      - aws-sdk-go/1.44.254 (go1.20.3; darwin; amd64)
      X-Amz-Date:
      - 20230504T093921Z
    url: http://sqs-sns.mnq.fr-par.scw.cloud/
    method: POST
  response:
    body: <GetQueueUrlResponse xmlns="http://queue.amazonaws.com/doc/2012-11-05/"><GetQueueUrlResult><QueueUrl>https://sqs.mnq.fr-par.scw.cloud/ADFOZKFAIOT7ZTF2ALRAC2SPOUIG7S3I3L2OVIWQIVBS6WDTRI466VLM/terraform-example-queue.fifo</QueueUrl></GetQueueUrlResult><ResponseMetadata><RequestId>tx210a8764-2147-4732-8ec9-e0944d5a0cca</RequestId></ResponseMetadata></GetQueueUrlResponse>
    headers:
      Content-Length:
      - "370"
      Content-Type:
      - text/xml; charset=UTF-8
      Date:
      - Thu, 04 May 2023 09:39:21 GMT
    status: 200 OK
    code: 200
    duration: ""
- request:
    body: Action=GetQueueAttributes&AttributeName.1=ReceiveMessageWaitTimeSeconds&AttributeName.2=VisibilityTimeout&AttributeName.3=FifoQueue&AttributeName.4=MaximumMessageSize&AttributeName.5=MessageRetentionPeriod&AttributeName.6=ContentBasedDeduplication&QueueUrl=https%3A%2F%2Fsqs.mnq.fr-par.scw.cloud%2FADFOZKFAIOT7ZTF2ALRAC2SPOUIG7S3I3L2OVIWQIVBS6WDTRI466VLM%2Fterraform-example-queue.fifo&Version=2012-11-05
    form:
      Action:
      - GetQueueAttributes
      AttributeName.1:
      - ReceiveMessageWaitTimeSeconds
      AttributeName.2:
      - VisibilityTimeout
      AttributeName.3:
      - FifoQueue
      AttributeName.4:
      - MaximumMessageSize
      AttributeName.5:
      - MessageRetentionPeriod
      AttributeName.6:
      - ContentBasedDeduplication
      QueueUrl:
      - https://sqs.mnq.fr-par.scw.cloud/ADFOZKFAIOT7ZTF2ALRAC2SPOUIG7S3I3L2OVIWQIVBS6WDTRI466VLM/terraform-example-queue.fifo
      Version:
      - "2012-11-05"
    headers:
      Content-Length:
      - "404"
      Content-Type:
      - application/x-www-form-urlencoded; charset=utf-8
      User-Agent:
      - aws-sdk-go/1.44.254 (go1.20.3; darwin; amd64)
      X-Amz-Date:
      - 20230504T093921Z
    url: http://sqs-sns.mnq.fr-par.scw.cloud/
    method: POST
  response:
    body: <GetQueueAttributesResponse xmlns="http://queue.amazonaws.com/doc/2012-11-05/"><GetQueueAttributesResult><Attribute><Name>ReceiveMessageWaitTimeSeconds</Name><Value>0</Value></Attribute><Attribute><Name>VisibilityTimeout</Name><Value>30</Value></Attribute><Attribute><Name>FifoQueue</Name><Value>true</Value></Attribute><Attribute><Name>MaximumMessageSize</Name><Value>262144</Value></Attribute><Attribute><Name>MessageRetentionPeriod</Name><Value>345600</Value></Attribute><Attribute><Name>ContentBasedDeduplication</Name><Value>false</Value></Attribute></GetQueueAttributesResult><ResponseMetadata><RequestId>tx7e482fce-5a9d-4a3e-9d91-53749a8612fe</RequestId></ResponseMetadata></GetQueueAttributesResponse>
    headers:
      Content-Length:
      - "709"
      Content-Type:
      - text/xml; charset=UTF-8
      Date:
      - Thu, 04 May 2023 09:39:22 GMT
    status: 200 OK
    code: 200
    duration: ""
- request:
    body: ""
    form: {}
    headers:
      User-Agent:
      - scaleway-sdk-go/v1.0.0-beta.7+dev (go1.20.3; darwin; amd64) terraform-provider/develop
        terraform/terraform-tests
    url: https://api.scaleway.com/mnq/v1alpha1/regions/fr-par/namespaces/ADFOZKFAIOT7ZTF2ALRAC2SPOUIG7S3I3L2OVIWQIVBS6WDTRI466VLM
    method: GET
  response:
    body: '{"created_at":"2023-05-04T09:39:14.382308Z","endpoint":"https://sqs-sns.mnq.fr-par.scw.cloud","id":"ADFOZKFAIOT7ZTF2ALRAC2SPOUIG7S3I3L2OVIWQIVBS6WDTRI466VLM","name":"test-mnq-sqs-basic","project_id":"105bdce1-64c0-48ab-899d-868455867ecf","protocol":"sqs_sns","region":"fr-par","updated_at":"2023-05-04T09:39:14.382308Z"}'
    headers:
      Content-Length:
      - "320"
      Content-Security-Policy:
      - default-src 'none'; frame-ancestors 'none'
      Content-Type:
      - application/json
      Date:
      - Thu, 04 May 2023 09:39:22 GMT
      Server:
      - Scaleway API-Gateway
      Strict-Transport-Security:
      - max-age=63072000
      X-Content-Type-Options:
      - nosniff
      X-Frame-Options:
      - DENY
      X-Request-Id:
      - dae0f3d1-8407-4e2b-a6a7-97d7faba9f90
    status: 200 OK
    code: 200
    duration: ""
- request:
    body: Action=GetQueueUrl&QueueName=terraform-example-queue.fifo&Version=2012-11-05
    form:
      Action:
      - GetQueueUrl
      QueueName:
      - terraform-example-queue.fifo
      Version:
      - "2012-11-05"
    headers:
      Content-Length:
      - "76"
      Content-Type:
      - application/x-www-form-urlencoded; charset=utf-8
      User-Agent:
      - aws-sdk-go/1.44.254 (go1.20.3; darwin; amd64)
      X-Amz-Date:
      - 20230504T093922Z
    url: http://sqs-sns.mnq.fr-par.scw.cloud/
    method: POST
  response:
    body: <GetQueueUrlResponse xmlns="http://queue.amazonaws.com/doc/2012-11-05/"><GetQueueUrlResult><QueueUrl>https://sqs.mnq.fr-par.scw.cloud/ADFOZKFAIOT7ZTF2ALRAC2SPOUIG7S3I3L2OVIWQIVBS6WDTRI466VLM/terraform-example-queue.fifo</QueueUrl></GetQueueUrlResult><ResponseMetadata><RequestId>txb77028c8-426b-4d9b-abd3-0bba1c76938c</RequestId></ResponseMetadata></GetQueueUrlResponse>
    headers:
      Content-Length:
      - "370"
      Content-Type:
      - text/xml; charset=UTF-8
      Date:
      - Thu, 04 May 2023 09:39:22 GMT
    status: 200 OK
    code: 200
    duration: ""
- request:
    body: Action=SetQueueAttributes&Attribute.1.Name=FifoQueue&Attribute.1.Value=true&Attribute.2.Name=MaximumMessageSize&Attribute.2.Value=4096&Attribute.3.Name=MessageRetentionPeriod&Attribute.3.Value=345600&Attribute.4.Name=VisibilityTimeout&Attribute.4.Value=30&QueueUrl=https%3A%2F%2Fsqs.mnq.fr-par.scw.cloud%2FADFOZKFAIOT7ZTF2ALRAC2SPOUIG7S3I3L2OVIWQIVBS6WDTRI466VLM%2Fterraform-example-queue.fifo&Version=2012-11-05
    form:
      Action:
      - SetQueueAttributes
      Attribute.1.Name:
      - FifoQueue
      Attribute.1.Value:
      - "true"
      Attribute.2.Name:
      - MaximumMessageSize
      Attribute.2.Value:
      - "4096"
      Attribute.3.Name:
      - MessageRetentionPeriod
      Attribute.3.Value:
      - "345600"
      Attribute.4.Name:
      - VisibilityTimeout
      Attribute.4.Value:
      - "30"
      QueueUrl:
      - https://sqs.mnq.fr-par.scw.cloud/ADFOZKFAIOT7ZTF2ALRAC2SPOUIG7S3I3L2OVIWQIVBS6WDTRI466VLM/terraform-example-queue.fifo
      Version:
      - "2012-11-05"
    headers:
      Content-Length:
      - "412"
      Content-Type:
      - application/x-www-form-urlencoded; charset=utf-8
      User-Agent:
      - aws-sdk-go/1.44.254 (go1.20.3; darwin; amd64)
      X-Amz-Date:
      - 20230504T093922Z
    url: http://sqs-sns.mnq.fr-par.scw.cloud/
    method: POST
  response:
    body: <GetQueueAttributesResponse xmlns="http://queue.amazonaws.com/doc/2012-11-05/"><GetQueueAttributesResult></GetQueueAttributesResult><ResponseMetadata><RequestId>txbea57ae3-7570-4bfb-8979-7082e6cb9ecb</RequestId></ResponseMetadata></GetQueueAttributesResponse>
    headers:
      Content-Length:
      - "259"
      Content-Type:
      - text/xml; charset=UTF-8
      Date:
      - Thu, 04 May 2023 09:39:22 GMT
    status: 200 OK
    code: 200
    duration: ""
- request:
    body: Action=GetQueueUrl&QueueName=terraform-example-queue.fifo&Version=2012-11-05
    form:
      Action:
      - GetQueueUrl
      QueueName:
      - terraform-example-queue.fifo
      Version:
      - "2012-11-05"
    headers:
      Content-Length:
      - "76"
      Content-Type:
      - application/x-www-form-urlencoded; charset=utf-8
      User-Agent:
      - aws-sdk-go/1.44.254 (go1.20.3; darwin; amd64)
      X-Amz-Date:
      - 20230504T093922Z
    url: http://sqs-sns.mnq.fr-par.scw.cloud/
    method: POST
  response:
    body: <GetQueueUrlResponse xmlns="http://queue.amazonaws.com/doc/2012-11-05/"><GetQueueUrlResult><QueueUrl>https://sqs.mnq.fr-par.scw.cloud/ADFOZKFAIOT7ZTF2ALRAC2SPOUIG7S3I3L2OVIWQIVBS6WDTRI466VLM/terraform-example-queue.fifo</QueueUrl></GetQueueUrlResult><ResponseMetadata><RequestId>txc3247f92-7f1d-4e9a-9e8f-8fa42cf61de1</RequestId></ResponseMetadata></GetQueueUrlResponse>
    headers:
      Content-Length:
      - "370"
      Content-Type:
      - text/xml; charset=UTF-8
      Date:
      - Thu, 04 May 2023 09:39:22 GMT
    status: 200 OK
    code: 200
    duration: ""
- request:
    body: Action=GetQueueAttributes&AttributeName.1=ContentBasedDeduplication&AttributeName.2=ReceiveMessageWaitTimeSeconds&AttributeName.3=VisibilityTimeout&AttributeName.4=FifoQueue&AttributeName.5=MaximumMessageSize&AttributeName.6=MessageRetentionPeriod&QueueUrl=https%3A%2F%2Fsqs.mnq.fr-par.scw.cloud%2FADFOZKFAIOT7ZTF2ALRAC2SPOUIG7S3I3L2OVIWQIVBS6WDTRI466VLM%2Fterraform-example-queue.fifo&Version=2012-11-05
    form:
      Action:
      - GetQueueAttributes
      AttributeName.1:
      - ContentBasedDeduplication
      AttributeName.2:
      - ReceiveMessageWaitTimeSeconds
      AttributeName.3:
      - VisibilityTimeout
      AttributeName.4:
      - FifoQueue
      AttributeName.5:
      - MaximumMessageSize
      AttributeName.6:
      - MessageRetentionPeriod
      QueueUrl:
      - https://sqs.mnq.fr-par.scw.cloud/ADFOZKFAIOT7ZTF2ALRAC2SPOUIG7S3I3L2OVIWQIVBS6WDTRI466VLM/terraform-example-queue.fifo
      Version:
      - "2012-11-05"
    headers:
      Content-Length:
      - "404"
      Content-Type:
      - application/x-www-form-urlencoded; charset=utf-8
      User-Agent:
      - aws-sdk-go/1.44.254 (go1.20.3; darwin; amd64)
      X-Amz-Date:
      - 20230504T093922Z
    url: http://sqs-sns.mnq.fr-par.scw.cloud/
    method: POST
  response:
    body: <GetQueueAttributesResponse xmlns="http://queue.amazonaws.com/doc/2012-11-05/"><GetQueueAttributesResult><Attribute><Name>ContentBasedDeduplication</Name><Value>false</Value></Attribute><Attribute><Name>ReceiveMessageWaitTimeSeconds</Name><Value>0</Value></Attribute><Attribute><Name>VisibilityTimeout</Name><Value>30</Value></Attribute><Attribute><Name>FifoQueue</Name><Value>true</Value></Attribute><Attribute><Name>MaximumMessageSize</Name><Value>4096</Value></Attribute><Attribute><Name>MessageRetentionPeriod</Name><Value>345600</Value></Attribute></GetQueueAttributesResult><ResponseMetadata><RequestId>tx91976074-f4f1-4192-ac1e-e3b8486cdf67</RequestId></ResponseMetadata></GetQueueAttributesResponse>
    headers:
      Content-Length:
      - "707"
      Content-Type:
      - text/xml; charset=UTF-8
      Date:
      - Thu, 04 May 2023 09:39:22 GMT
    status: 200 OK
    code: 200
    duration: ""
- request:
    body: ""
    form: {}
    headers:
      User-Agent:
      - scaleway-sdk-go/v1.0.0-beta.7+dev (go1.20.3; darwin; amd64) terraform-provider/develop
        terraform/terraform-tests
    url: https://api.scaleway.com/mnq/v1alpha1/regions/fr-par/namespaces/ADFOZKFAIOT7ZTF2ALRAC2SPOUIG7S3I3L2OVIWQIVBS6WDTRI466VLM
    method: GET
  response:
    body: '{"created_at":"2023-05-04T09:39:14.382308Z","endpoint":"https://sqs-sns.mnq.fr-par.scw.cloud","id":"ADFOZKFAIOT7ZTF2ALRAC2SPOUIG7S3I3L2OVIWQIVBS6WDTRI466VLM","name":"test-mnq-sqs-basic","project_id":"105bdce1-64c0-48ab-899d-868455867ecf","protocol":"sqs_sns","region":"fr-par","updated_at":"2023-05-04T09:39:14.382308Z"}'
    headers:
      Content-Length:
      - "320"
      Content-Security-Policy:
      - default-src 'none'; frame-ancestors 'none'
      Content-Type:
      - application/json
      Date:
      - Thu, 04 May 2023 09:39:22 GMT
      Server:
      - Scaleway API-Gateway
      Strict-Transport-Security:
      - max-age=63072000
      X-Content-Type-Options:
      - nosniff
      X-Frame-Options:
      - DENY
      X-Request-Id:
      - eea14b85-de72-4f16-abae-44a4d485121e
    status: 200 OK
    code: 200
    duration: ""
- request:
    body: Action=GetQueueUrl&QueueName=terraform-example-queue.fifo&Version=2012-11-05
    form:
      Action:
      - GetQueueUrl
      QueueName:
      - terraform-example-queue.fifo
      Version:
      - "2012-11-05"
    headers:
      Content-Length:
      - "76"
      Content-Type:
      - application/x-www-form-urlencoded; charset=utf-8
      User-Agent:
      - aws-sdk-go/1.44.254 (go1.20.3; darwin; amd64)
      X-Amz-Date:
      - 20230504T093922Z
    url: http://sqs-sns.mnq.fr-par.scw.cloud/
    method: POST
  response:
    body: <GetQueueUrlResponse xmlns="http://queue.amazonaws.com/doc/2012-11-05/"><GetQueueUrlResult><QueueUrl>https://sqs.mnq.fr-par.scw.cloud/ADFOZKFAIOT7ZTF2ALRAC2SPOUIG7S3I3L2OVIWQIVBS6WDTRI466VLM/terraform-example-queue.fifo</QueueUrl></GetQueueUrlResult><ResponseMetadata><RequestId>tx3fe91fd3-fce8-43da-b605-964e99e62f49</RequestId></ResponseMetadata></GetQueueUrlResponse>
    headers:
      Content-Length:
      - "370"
      Content-Type:
      - text/xml; charset=UTF-8
      Date:
      - Thu, 04 May 2023 09:39:22 GMT
    status: 200 OK
    code: 200
    duration: ""
- request:
    body: ""
    form: {}
    headers:
      User-Agent:
      - scaleway-sdk-go/v1.0.0-beta.7+dev (go1.20.3; darwin; amd64) terraform-provider/develop
        terraform/terraform-tests
    url: https://api.scaleway.com/mnq/v1alpha1/regions/fr-par/namespaces/ADFOZKFAIOT7ZTF2ALRAC2SPOUIG7S3I3L2OVIWQIVBS6WDTRI466VLM
    method: GET
  response:
    body: '{"created_at":"2023-05-04T09:39:14.382308Z","endpoint":"https://sqs-sns.mnq.fr-par.scw.cloud","id":"ADFOZKFAIOT7ZTF2ALRAC2SPOUIG7S3I3L2OVIWQIVBS6WDTRI466VLM","name":"test-mnq-sqs-basic","project_id":"105bdce1-64c0-48ab-899d-868455867ecf","protocol":"sqs_sns","region":"fr-par","updated_at":"2023-05-04T09:39:14.382308Z"}'
    headers:
      Content-Length:
      - "320"
      Content-Security-Policy:
      - default-src 'none'; frame-ancestors 'none'
      Content-Type:
      - application/json
      Date:
      - Thu, 04 May 2023 09:39:23 GMT
      Server:
      - Scaleway API-Gateway
      Strict-Transport-Security:
      - max-age=63072000
      X-Content-Type-Options:
      - nosniff
      X-Frame-Options:
      - DENY
      X-Request-Id:
      - 742ed254-fc67-41ff-a4b7-95442cb753b6
    status: 200 OK
    code: 200
    duration: ""
- request:
    body: ""
    form: {}
    headers:
      User-Agent:
      - scaleway-sdk-go/v1.0.0-beta.7+dev (go1.20.3; darwin; amd64) terraform-provider/develop
        terraform/terraform-tests
    url: https://api.scaleway.com/mnq/v1alpha1/regions/fr-par/credentials/624fca5c-4653-4c60-a1fd-18e3e7fb1acc
    method: GET
  response:
    body: '{"id":"624fca5c-4653-4c60-a1fd-18e3e7fb1acc","name":"test-queue-sqs-basic","namespace_id":"ADFOZKFAIOT7ZTF2ALRAC2SPOUIG7S3I3L2OVIWQIVBS6WDTRI466VLM","protocol":"sqs_sns","sqs_sns_credentials":{"access_key":"QkhHnZRGy9x9Tj96ZljH","permissions":{"can_manage":true,"can_publish":true,"can_receive":true},"secret_key":null}}'
    headers:
      Content-Length:
      - "320"
      Content-Security-Policy:
      - default-src 'none'; frame-ancestors 'none'
      Content-Type:
      - application/json
      Date:
      - Thu, 04 May 2023 09:39:23 GMT
      Server:
      - Scaleway API-Gateway
      Strict-Transport-Security:
      - max-age=63072000
      X-Content-Type-Options:
      - nosniff
      X-Frame-Options:
      - DENY
      X-Request-Id:
      - e8f5a853-77b7-4a19-b942-f3dbd4c934d1
    status: 200 OK
    code: 200
    duration: ""
- request:
    body: ""
    form: {}
    headers:
      User-Agent:
      - scaleway-sdk-go/v1.0.0-beta.7+dev (go1.20.3; darwin; amd64) terraform-provider/develop
        terraform/terraform-tests
    url: https://api.scaleway.com/mnq/v1alpha1/regions/fr-par/namespaces/ADFOZKFAIOT7ZTF2ALRAC2SPOUIG7S3I3L2OVIWQIVBS6WDTRI466VLM
    method: GET
  response:
    body: '{"created_at":"2023-05-04T09:39:14.382308Z","endpoint":"https://sqs-sns.mnq.fr-par.scw.cloud","id":"ADFOZKFAIOT7ZTF2ALRAC2SPOUIG7S3I3L2OVIWQIVBS6WDTRI466VLM","name":"test-mnq-sqs-basic","project_id":"105bdce1-64c0-48ab-899d-868455867ecf","protocol":"sqs_sns","region":"fr-par","updated_at":"2023-05-04T09:39:14.382308Z"}'
    headers:
      Content-Length:
      - "320"
      Content-Security-Policy:
      - default-src 'none'; frame-ancestors 'none'
      Content-Type:
      - application/json
      Date:
      - Thu, 04 May 2023 09:39:23 GMT
      Server:
      - Scaleway API-Gateway
      Strict-Transport-Security:
      - max-age=63072000
      X-Content-Type-Options:
      - nosniff
      X-Frame-Options:
      - DENY
      X-Request-Id:
      - 7451b49a-68e7-4c60-8df8-314c1ca8a3a4
    status: 200 OK
    code: 200
    duration: ""
- request:
    body: Action=GetQueueUrl&QueueName=terraform-example-queue.fifo&Version=2012-11-05
    form:
      Action:
      - GetQueueUrl
      QueueName:
      - terraform-example-queue.fifo
      Version:
      - "2012-11-05"
    headers:
      Content-Length:
      - "76"
      Content-Type:
      - application/x-www-form-urlencoded; charset=utf-8
      User-Agent:
      - aws-sdk-go/1.44.254 (go1.20.3; darwin; amd64)
      X-Amz-Date:
      - 20230504T093923Z
    url: http://sqs-sns.mnq.fr-par.scw.cloud/
    method: POST
  response:
    body: <GetQueueUrlResponse xmlns="http://queue.amazonaws.com/doc/2012-11-05/"><GetQueueUrlResult><QueueUrl>https://sqs.mnq.fr-par.scw.cloud/ADFOZKFAIOT7ZTF2ALRAC2SPOUIG7S3I3L2OVIWQIVBS6WDTRI466VLM/terraform-example-queue.fifo</QueueUrl></GetQueueUrlResult><ResponseMetadata><RequestId>txed99f76f-737b-43a7-99ae-b48c07d1324a</RequestId></ResponseMetadata></GetQueueUrlResponse>
    headers:
      Content-Length:
      - "370"
      Content-Type:
      - text/xml; charset=UTF-8
      Date:
      - Thu, 04 May 2023 09:39:23 GMT
    status: 200 OK
    code: 200
    duration: ""
- request:
    body: Action=GetQueueAttributes&AttributeName.1=MessageRetentionPeriod&AttributeName.2=ContentBasedDeduplication&AttributeName.3=ReceiveMessageWaitTimeSeconds&AttributeName.4=VisibilityTimeout&AttributeName.5=FifoQueue&AttributeName.6=MaximumMessageSize&QueueUrl=https%3A%2F%2Fsqs.mnq.fr-par.scw.cloud%2FADFOZKFAIOT7ZTF2ALRAC2SPOUIG7S3I3L2OVIWQIVBS6WDTRI466VLM%2Fterraform-example-queue.fifo&Version=2012-11-05
    form:
      Action:
      - GetQueueAttributes
      AttributeName.1:
      - MessageRetentionPeriod
      AttributeName.2:
      - ContentBasedDeduplication
      AttributeName.3:
      - ReceiveMessageWaitTimeSeconds
      AttributeName.4:
      - VisibilityTimeout
      AttributeName.5:
      - FifoQueue
      AttributeName.6:
      - MaximumMessageSize
      QueueUrl:
      - https://sqs.mnq.fr-par.scw.cloud/ADFOZKFAIOT7ZTF2ALRAC2SPOUIG7S3I3L2OVIWQIVBS6WDTRI466VLM/terraform-example-queue.fifo
      Version:
      - "2012-11-05"
    headers:
      Content-Length:
      - "404"
      Content-Type:
      - application/x-www-form-urlencoded; charset=utf-8
      User-Agent:
      - aws-sdk-go/1.44.254 (go1.20.3; darwin; amd64)
      X-Amz-Date:
      - 20230504T093923Z
    url: http://sqs-sns.mnq.fr-par.scw.cloud/
    method: POST
  response:
    body: <GetQueueAttributesResponse xmlns="http://queue.amazonaws.com/doc/2012-11-05/"><GetQueueAttributesResult><Attribute><Name>MessageRetentionPeriod</Name><Value>345600</Value></Attribute><Attribute><Name>ContentBasedDeduplication</Name><Value>false</Value></Attribute><Attribute><Name>ReceiveMessageWaitTimeSeconds</Name><Value>0</Value></Attribute><Attribute><Name>VisibilityTimeout</Name><Value>30</Value></Attribute><Attribute><Name>FifoQueue</Name><Value>true</Value></Attribute><Attribute><Name>MaximumMessageSize</Name><Value>4096</Value></Attribute></GetQueueAttributesResult><ResponseMetadata><RequestId>tx9e4bda0b-f06b-4375-8ff6-7bb18fb7181a</RequestId></ResponseMetadata></GetQueueAttributesResponse>
    headers:
      Content-Length:
      - "707"
      Content-Type:
      - text/xml; charset=UTF-8
      Date:
      - Thu, 04 May 2023 09:39:23 GMT
    status: 200 OK
    code: 200
    duration: ""
- request:
    body: ""
    form: {}
    headers:
      User-Agent:
      - scaleway-sdk-go/v1.0.0-beta.7+dev (go1.20.3; darwin; amd64) terraform-provider/develop
        terraform/terraform-tests
    url: https://api.scaleway.com/mnq/v1alpha1/regions/fr-par/namespaces/ADFOZKFAIOT7ZTF2ALRAC2SPOUIG7S3I3L2OVIWQIVBS6WDTRI466VLM
    method: GET
  response:
    body: '{"created_at":"2023-05-04T09:39:14.382308Z","endpoint":"https://sqs-sns.mnq.fr-par.scw.cloud","id":"ADFOZKFAIOT7ZTF2ALRAC2SPOUIG7S3I3L2OVIWQIVBS6WDTRI466VLM","name":"test-mnq-sqs-basic","project_id":"105bdce1-64c0-48ab-899d-868455867ecf","protocol":"sqs_sns","region":"fr-par","updated_at":"2023-05-04T09:39:14.382308Z"}'
    headers:
      Content-Length:
      - "320"
      Content-Security-Policy:
      - default-src 'none'; frame-ancestors 'none'
      Content-Type:
      - application/json
      Date:
      - Thu, 04 May 2023 09:39:23 GMT
      Server:
      - Scaleway API-Gateway
      Strict-Transport-Security:
      - max-age=63072000
      X-Content-Type-Options:
      - nosniff
      X-Frame-Options:
      - DENY
      X-Request-Id:
      - e5298581-ab03-4e0c-9263-9360ba13cfd9
    status: 200 OK
    code: 200
    duration: ""
- request:
    body: Action=GetQueueUrl&QueueName=terraform-example-queue.fifo&Version=2012-11-05
    form:
      Action:
      - GetQueueUrl
      QueueName:
      - terraform-example-queue.fifo
      Version:
      - "2012-11-05"
    headers:
      Content-Length:
      - "76"
      Content-Type:
      - application/x-www-form-urlencoded; charset=utf-8
      User-Agent:
      - aws-sdk-go/1.44.254 (go1.20.3; darwin; amd64)
      X-Amz-Date:
      - 20230504T093923Z
    url: http://sqs-sns.mnq.fr-par.scw.cloud/
    method: POST
  response:
    body: <GetQueueUrlResponse xmlns="http://queue.amazonaws.com/doc/2012-11-05/"><GetQueueUrlResult><QueueUrl>https://sqs.mnq.fr-par.scw.cloud/ADFOZKFAIOT7ZTF2ALRAC2SPOUIG7S3I3L2OVIWQIVBS6WDTRI466VLM/terraform-example-queue.fifo</QueueUrl></GetQueueUrlResult><ResponseMetadata><RequestId>txe12177ec-c49c-4d37-a041-5e7ad10a67a4</RequestId></ResponseMetadata></GetQueueUrlResponse>
    headers:
      Content-Length:
      - "370"
      Content-Type:
      - text/xml; charset=UTF-8
      Date:
      - Thu, 04 May 2023 09:39:23 GMT
    status: 200 OK
    code: 200
    duration: ""
- request:
    body: Action=DeleteQueue&QueueUrl=https%3A%2F%2Fsqs.mnq.fr-par.scw.cloud%2FADFOZKFAIOT7ZTF2ALRAC2SPOUIG7S3I3L2OVIWQIVBS6WDTRI466VLM%2Fterraform-example-queue.fifo&Version=2012-11-05
    form:
      Action:
      - DeleteQueue
      QueueUrl:
      - https://sqs.mnq.fr-par.scw.cloud/ADFOZKFAIOT7ZTF2ALRAC2SPOUIG7S3I3L2OVIWQIVBS6WDTRI466VLM/terraform-example-queue.fifo
      Version:
      - "2012-11-05"
    headers:
      Content-Length:
      - "175"
      Content-Type:
      - application/x-www-form-urlencoded; charset=utf-8
      User-Agent:
      - aws-sdk-go/1.44.254 (go1.20.3; darwin; amd64)
      X-Amz-Date:
      - 20230504T093923Z
    url: http://sqs-sns.mnq.fr-par.scw.cloud/
    method: POST
  response:
    body: <DeleteQueueResponse xmlns="http://queue.amazonaws.com/doc/2012-11-05/"><ResponseMetadata><RequestId>txd472516e-d38f-4317-b2e2-40a999a4db2e</RequestId></ResponseMetadata></DeleteQueueResponse>
    headers:
      Content-Length:
      - "192"
      Content-Type:
      - text/xml; charset=UTF-8
      Date:
      - Thu, 04 May 2023 09:39:23 GMT
    status: 200 OK
    code: 200
    duration: ""
- request:
    body: Action=GetQueueUrl&QueueName=terraform-example-queue.fifo&Version=2012-11-05
    form:
      Action:
      - GetQueueUrl
      QueueName:
      - terraform-example-queue.fifo
      Version:
      - "2012-11-05"
    headers:
      Content-Length:
      - "76"
      Content-Type:
      - application/x-www-form-urlencoded; charset=utf-8
      User-Agent:
      - aws-sdk-go/1.44.254 (go1.20.3; darwin; amd64)
      X-Amz-Date:
      - 20230504T093923Z
    url: http://sqs-sns.mnq.fr-par.scw.cloud/
    method: POST
  response:
    body: <ErrorResponse xmlns=""><Error><Type>Sender</Type><Code>AWS.SimpleQueueService.NonExistentQueue</Code><Message>The
      queue &#34;terraform-example-queue.fifo&#34; does not exist.</Message></Error><RequestId>tx6b635e11-2b57-43e7-bb93-31d89e7dcba0</RequestId></ErrorResponse>
    headers:
      Content-Length:
      - "270"
      Content-Type:
      - text/xml; charset=UTF-8
      Date:
      - Thu, 04 May 2023 09:39:23 GMT
    status: 404 Not Found
    code: 404
    duration: ""
- request:
    body: ""
    form: {}
    headers:
      User-Agent:
      - scaleway-sdk-go/v1.0.0-beta.7+dev (go1.20.3; darwin; amd64) terraform-provider/develop
        terraform/terraform-tests
    url: https://api.scaleway.com/mnq/v1alpha1/regions/fr-par/credentials/624fca5c-4653-4c60-a1fd-18e3e7fb1acc
    method: DELETE
  response:
    body: ""
    headers:
      Content-Security-Policy:
      - default-src 'none'; frame-ancestors 'none'
      Content-Type:
      - application/json
      Date:
      - Thu, 04 May 2023 09:39:24 GMT
      Server:
      - Scaleway API-Gateway
      Strict-Transport-Security:
      - max-age=63072000
      X-Content-Type-Options:
      - nosniff
      X-Frame-Options:
      - DENY
      X-Request-Id:
      - a9dbdd2a-dbd0-4efb-8419-a4f1c8c98ccb
    status: 204 No Content
    code: 204
    duration: ""
- request:
    body: ""
    form: {}
    headers:
      User-Agent:
      - scaleway-sdk-go/v1.0.0-beta.7+dev (go1.20.3; darwin; amd64) terraform-provider/develop
        terraform/terraform-tests
    url: https://api.scaleway.com/mnq/v1alpha1/regions/fr-par/namespaces/ADFOZKFAIOT7ZTF2ALRAC2SPOUIG7S3I3L2OVIWQIVBS6WDTRI466VLM
    method: DELETE
  response:
    body: ""
    headers:
      Content-Security-Policy:
      - default-src 'none'; frame-ancestors 'none'
      Content-Type:
      - application/json
      Date:
      - Thu, 04 May 2023 09:39:25 GMT
      Server:
      - Scaleway API-Gateway
      Strict-Transport-Security:
      - max-age=63072000
      X-Content-Type-Options:
      - nosniff
      X-Frame-Options:
      - DENY
      X-Request-Id:
      - 0c4a4f1c-4619-498b-b52c-0d685fd62a0f
    status: 204 No Content
    code: 204
    duration: ""
- request:
    body: ""
    form: {}
    headers:
      User-Agent:
      - scaleway-sdk-go/v1.0.0-beta.7+dev (go1.20.3; darwin; amd64) terraform-provider/develop
        terraform/terraform-tests
    url: https://api.scaleway.com/mnq/v1alpha1/regions/fr-par/namespaces/ADFOZKFAIOT7ZTF2ALRAC2SPOUIG7S3I3L2OVIWQIVBS6WDTRI466VLM
    method: GET
  response:
    body: '{"message":"resource is not found","resource":"namespace","resource_id":"ADFOZKFAIOT7ZTF2ALRAC2SPOUIG7S3I3L2OVIWQIVBS6WDTRI466VLM","type":"not_found"}'
    headers:
      Content-Length:
      - "150"
      Content-Security-Policy:
      - default-src 'none'; frame-ancestors 'none'
      Content-Type:
      - application/json
      Date:
      - Thu, 04 May 2023 09:39:26 GMT
      Server:
      - Scaleway API-Gateway
      Strict-Transport-Security:
      - max-age=63072000
      X-Content-Type-Options:
      - nosniff
      X-Frame-Options:
      - DENY
      X-Request-Id:
      - 882fa687-29b8-4a27-9bf2-e615462cd1d9
    status: 404 Not Found
    code: 404
    duration: ""
