---
version: 1
interactions:
- request:
    body: '{"name":"tf-project-recursing-mclaren","organization_id":"ee7bd9e1-9cbd-4724-b2f4-19e50f3cf38b","description":""}'
    form: {}
    headers:
      Content-Type:
      - application/json
      User-Agent:
      - scaleway-sdk-go/v1.0.0-beta.7+dev (go1.21.1; linux; amd64) terraform-provider/develop
        terraform/terraform-tests
    url: https://api.scaleway.com/account/v3/projects
    method: POST
  response:
    body: '{"created_at":"2023-11-02T10:14:20.146621Z","description":"","id":"6b7ec666-b34a-4663-9a71-41ffdded7535","name":"tf-project-recursing-mclaren","organization_id":"ee7bd9e1-9cbd-4724-b2f4-19e50f3cf38b","updated_at":"2023-11-02T10:14:20.146621Z"}'
    headers:
      Content-Length:
      - "243"
      Content-Security-Policy:
      - default-src 'none'; frame-ancestors 'none'
      Content-Type:
      - application/json
      Date:
      - Thu, 02 Nov 2023 10:14:20 GMT
      Server:
      - Scaleway API-Gateway
      Strict-Transport-Security:
      - max-age=63072000
      X-Content-Type-Options:
      - nosniff
      X-Frame-Options:
      - DENY
      X-Request-Id:
      - 6ebafe4d-b431-4936-b064-b6ebd5114178
    status: 200 OK
    code: 200
    duration: ""
- request:
    body: ""
    form: {}
    headers:
      User-Agent:
      - scaleway-sdk-go/v1.0.0-beta.7+dev (go1.21.1; linux; amd64) terraform-provider/develop
        terraform/terraform-tests
    url: https://api.scaleway.com/account/v3/projects/6b7ec666-b34a-4663-9a71-41ffdded7535
    method: GET
  response:
    body: '{"created_at":"2023-11-02T10:14:20.146621Z","description":"","id":"6b7ec666-b34a-4663-9a71-41ffdded7535","name":"tf-project-recursing-mclaren","organization_id":"ee7bd9e1-9cbd-4724-b2f4-19e50f3cf38b","updated_at":"2023-11-02T10:14:20.146621Z"}'
    headers:
      Content-Length:
      - "243"
      Content-Security-Policy:
      - default-src 'none'; frame-ancestors 'none'
      Content-Type:
      - application/json
      Date:
      - Thu, 02 Nov 2023 10:14:20 GMT
      Server:
      - Scaleway API-Gateway
      Strict-Transport-Security:
      - max-age=63072000
      X-Content-Type-Options:
      - nosniff
      X-Frame-Options:
      - DENY
      X-Request-Id:
      - 9232019b-0c1d-4966-ba5e-d0b7617343f9
    status: 200 OK
    code: 200
    duration: ""
- request:
    body: '{"project_id":"6b7ec666-b34a-4663-9a71-41ffdded7535"}'
    form: {}
    headers:
      Content-Type:
      - application/json
      User-Agent:
      - scaleway-sdk-go/v1.0.0-beta.7+dev (go1.21.1; linux; amd64) terraform-provider/develop
        terraform/terraform-tests
    url: https://api.scaleway.com/mnq/v1beta1/regions/fr-par/activate-sqs
    method: POST
  response:
    body: '{"created_at":"2023-11-02T10:14:20.388410485Z","project_id":"6b7ec666-b34a-4663-9a71-41ffdded7535","region":"fr-par","sqs_endpoint_url":"https://sqs.mnq.fr-par.scaleway.com","status":"enabled","updated_at":"2023-11-02T10:14:20.388410485Z"}'
    headers:
      Content-Length:
      - "239"
      Content-Security-Policy:
      - default-src 'none'; frame-ancestors 'none'
      Content-Type:
      - application/json
      Date:
      - Thu, 02 Nov 2023 10:14:21 GMT
      Server:
      - Scaleway API-Gateway
      Strict-Transport-Security:
      - max-age=63072000
      X-Content-Type-Options:
      - nosniff
      X-Frame-Options:
      - DENY
      X-Request-Id:
      - b613f647-1902-4005-a19f-f8d1f199e8b2
    status: 200 OK
    code: 200
    duration: ""
- request:
    body: ""
    form: {}
    headers:
      User-Agent:
      - scaleway-sdk-go/v1.0.0-beta.7+dev (go1.21.1; linux; amd64) terraform-provider/develop
        terraform/terraform-tests
    url: https://api.scaleway.com/mnq/v1beta1/regions/fr-par/sqs-info?project_id=6b7ec666-b34a-4663-9a71-41ffdded7535
    method: GET
  response:
    body: '{"created_at":"2023-11-02T10:14:20.388410Z","project_id":"6b7ec666-b34a-4663-9a71-41ffdded7535","region":"fr-par","sqs_endpoint_url":"https://sqs.mnq.fr-par.scaleway.com","status":"enabled","updated_at":"2023-11-02T10:14:20.388410Z"}'
    headers:
      Content-Length:
      - "233"
      Content-Security-Policy:
      - default-src 'none'; frame-ancestors 'none'
      Content-Type:
      - application/json
      Date:
      - Thu, 02 Nov 2023 10:14:21 GMT
      Server:
      - Scaleway API-Gateway
      Strict-Transport-Security:
      - max-age=63072000
      X-Content-Type-Options:
      - nosniff
      X-Frame-Options:
      - DENY
      X-Request-Id:
      - 29eb8550-5e32-4da0-8a10-21e993ecfa8d
    status: 200 OK
    code: 200
    duration: ""
- request:
    body: ""
    form: {}
    headers:
      User-Agent:
      - scaleway-sdk-go/v1.0.0-beta.7+dev (go1.21.1; linux; amd64) terraform-provider/develop
        terraform/terraform-tests
    url: https://api.scaleway.com/mnq/v1beta1/regions/fr-par/sqs-info?project_id=6b7ec666-b34a-4663-9a71-41ffdded7535
    method: GET
  response:
    body: '{"created_at":"2023-11-02T10:14:20.388410Z","project_id":"6b7ec666-b34a-4663-9a71-41ffdded7535","region":"fr-par","sqs_endpoint_url":"https://sqs.mnq.fr-par.scaleway.com","status":"enabled","updated_at":"2023-11-02T10:14:20.388410Z"}'
    headers:
      Content-Length:
      - "233"
      Content-Security-Policy:
      - default-src 'none'; frame-ancestors 'none'
      Content-Type:
      - application/json
      Date:
      - Thu, 02 Nov 2023 10:14:21 GMT
      Server:
      - Scaleway API-Gateway
      Strict-Transport-Security:
      - max-age=63072000
      X-Content-Type-Options:
      - nosniff
      X-Frame-Options:
      - DENY
      X-Request-Id:
      - 40e07853-1b02-4b64-9ab7-14b64c56d2a2
    status: 200 OK
    code: 200
    duration: ""
- request:
    body: ""
    form: {}
    headers:
      User-Agent:
      - scaleway-sdk-go/v1.0.0-beta.7+dev (go1.21.1; linux; amd64) terraform-provider/develop
        terraform/terraform-tests
    url: https://api.scaleway.com/account/v3/projects/6b7ec666-b34a-4663-9a71-41ffdded7535
    method: GET
  response:
    body: '{"created_at":"2023-11-02T10:14:20.146621Z","description":"","id":"6b7ec666-b34a-4663-9a71-41ffdded7535","name":"tf-project-recursing-mclaren","organization_id":"ee7bd9e1-9cbd-4724-b2f4-19e50f3cf38b","updated_at":"2023-11-02T10:14:20.146621Z"}'
    headers:
      Content-Length:
      - "243"
      Content-Security-Policy:
      - default-src 'none'; frame-ancestors 'none'
      Content-Type:
      - application/json
      Date:
      - Thu, 02 Nov 2023 10:14:21 GMT
      Server:
      - Scaleway API-Gateway
      Strict-Transport-Security:
      - max-age=63072000
      X-Content-Type-Options:
      - nosniff
      X-Frame-Options:
      - DENY
      X-Request-Id:
      - 978bf4ed-dd70-4498-a624-e42237b8134a
    status: 200 OK
    code: 200
    duration: ""
- request:
    body: ""
    form: {}
    headers:
      User-Agent:
      - scaleway-sdk-go/v1.0.0-beta.7+dev (go1.21.1; linux; amd64) terraform-provider/develop
        terraform/terraform-tests
    url: https://api.scaleway.com/mnq/v1beta1/regions/fr-par/sqs-info?project_id=6b7ec666-b34a-4663-9a71-41ffdded7535
    method: GET
  response:
    body: '{"created_at":"2023-11-02T10:14:20.388410Z","project_id":"6b7ec666-b34a-4663-9a71-41ffdded7535","region":"fr-par","sqs_endpoint_url":"https://sqs.mnq.fr-par.scaleway.com","status":"enabled","updated_at":"2023-11-02T10:14:20.388410Z"}'
    headers:
      Content-Length:
      - "233"
      Content-Security-Policy:
      - default-src 'none'; frame-ancestors 'none'
      Content-Type:
      - application/json
      Date:
      - Thu, 02 Nov 2023 10:14:22 GMT
      Server:
      - Scaleway API-Gateway
      Strict-Transport-Security:
      - max-age=63072000
      X-Content-Type-Options:
      - nosniff
      X-Frame-Options:
      - DENY
      X-Request-Id:
      - 5a71a890-e93c-4474-aca3-8e86f3dfe7ad
    status: 200 OK
    code: 200
    duration: ""
- request:
    body: ""
    form: {}
    headers:
      User-Agent:
      - scaleway-sdk-go/v1.0.0-beta.7+dev (go1.21.1; linux; amd64) terraform-provider/develop
        terraform/terraform-tests
    url: https://api.scaleway.com/mnq/v1beta1/regions/fr-par/sqs-info?project_id=6b7ec666-b34a-4663-9a71-41ffdded7535
    method: GET
  response:
    body: '{"created_at":"2023-11-02T10:14:20.388410Z","project_id":"6b7ec666-b34a-4663-9a71-41ffdded7535","region":"fr-par","sqs_endpoint_url":"https://sqs.mnq.fr-par.scaleway.com","status":"enabled","updated_at":"2023-11-02T10:14:20.388410Z"}'
    headers:
      Content-Length:
      - "233"
      Content-Security-Policy:
      - default-src 'none'; frame-ancestors 'none'
      Content-Type:
      - application/json
      Date:
      - Thu, 02 Nov 2023 10:14:22 GMT
      Server:
      - Scaleway API-Gateway
      Strict-Transport-Security:
      - max-age=63072000
      X-Content-Type-Options:
      - nosniff
      X-Frame-Options:
      - DENY
      X-Request-Id:
      - a17239a3-e787-4d61-a58a-43bdb3559726
    status: 200 OK
    code: 200
    duration: ""
- request:
    body: '{"project_id":"6b7ec666-b34a-4663-9a71-41ffdded7535"}'
    form: {}
    headers:
      Content-Type:
      - application/json
      User-Agent:
      - scaleway-sdk-go/v1.0.0-beta.7+dev (go1.21.1; linux; amd64) terraform-provider/develop
        terraform/terraform-tests
    url: https://api.scaleway.com/mnq/v1beta1/regions/fr-par/deactivate-sqs
    method: POST
  response:
    body: '{"created_at":null,"project_id":"6b7ec666-b34a-4663-9a71-41ffdded7535","region":"fr-par","sqs_endpoint_url":"https://sqs.mnq.fr-par.scaleway.com","status":"disabled","updated_at":null}'
    headers:
      Content-Length:
      - "184"
      Content-Security-Policy:
      - default-src 'none'; frame-ancestors 'none'
      Content-Type:
      - application/json
      Date:
      - Thu, 02 Nov 2023 10:14:23 GMT
      Server:
      - Scaleway API-Gateway
      Strict-Transport-Security:
      - max-age=63072000
      X-Content-Type-Options:
      - nosniff
      X-Frame-Options:
      - DENY
      X-Request-Id:
      - c34ba920-f1c8-495b-bf0f-8ef2d897cd88
    status: 200 OK
    code: 200
    duration: ""
- request:
    body: ""
    form: {}
    headers:
      User-Agent:
      - scaleway-sdk-go/v1.0.0-beta.7+dev (go1.21.1; linux; amd64) terraform-provider/develop
        terraform/terraform-tests
    url: https://api.scaleway.com/account/v3/projects/6b7ec666-b34a-4663-9a71-41ffdded7535
    method: DELETE
  response:
    body: ""
    headers:
      Content-Security-Policy:
      - default-src 'none'; frame-ancestors 'none'
      Content-Type:
      - application/json
      Date:
      - Thu, 02 Nov 2023 10:14:24 GMT
      Server:
      - Scaleway API-Gateway
      Strict-Transport-Security:
      - max-age=63072000
      X-Content-Type-Options:
      - nosniff
      X-Frame-Options:
      - DENY
      X-Request-Id:
      - f97bffdd-beee-4909-8911-d58109e8a780
    status: 204 No Content
    code: 204
    duration: ""
- request:
    body: '{"project_id":"6b7ec666-b34a-4663-9a71-41ffdded7535"}'
    form: {}
    headers:
      Content-Type:
      - application/json
      User-Agent:
      - scaleway-sdk-go/v1.0.0-beta.7+dev (go1.21.1; linux; amd64) terraform-provider/develop
        terraform/terraform-tests
    url: https://api.scaleway.com/mnq/v1beta1/regions/fr-par/deactivate-sqs
    method: POST
  response:
    body: '{"message":"resource is not found","resource":"MnqSQSNamespace","resource_id":"6b7ec666-b34a-4663-9a71-41ffdded7535","type":"not_found"}'
    headers:
      Content-Length:
      - "136"
      Content-Security-Policy:
      - default-src 'none'; frame-ancestors 'none'
      Content-Type:
      - application/json
      Date:
      - Thu, 02 Nov 2023 10:14:24 GMT
      Server:
      - Scaleway API-Gateway
      Strict-Transport-Security:
      - max-age=63072000
      X-Content-Type-Options:
      - nosniff
      X-Frame-Options:
      - DENY
      X-Request-Id:
      - cfad24c6-1e7c-42c6-ae58-05881c7417ee
    status: 404 Not Found
    code: 404
    duration: ""
