---
version: 1
interactions:
- request:
    body: <CreateBucketConfiguration xmlns="http://s3.amazonaws.com/doc/2006-03-01/"><LocationConstraint>nl-ams</LocationConstraint></CreateBucketConfiguration>
    form: {}
    headers:
      Content-Length:
      - "150"
      User-Agent:
      - aws-sdk-go/1.47.1 (go1.20.4; linux; amd64)
      X-Amz-Acl:
      - public-read
      X-Amz-Bucket-Object-Lock-Enabled:
      - "false"
      X-Amz-Content-Sha256:
      - b86017d61d4ad22a838e75e918325b623687c3e84d631bc2b6435970bf12473d
      X-Amz-Date:
      - 20231205T171026Z
    url: https://tf-acc-test-1490064888868198239.s3.nl-ams.scw.cloud/
    method: PUT
  response:
    body: ""
    headers:
      Content-Length:
      - "0"
      Date:
      - Tue, 05 Dec 2023 17:10:26 GMT
      Location:
      - /tf-acc-test-1490064888868198239
      X-Amz-Id-2:
      - txge2fa5f941011425ca501-00656f5982
      X-Amz-Request-Id:
      - txge2fa5f941011425ca501-00656f5982
    status: 200 OK
    code: 200
    duration: ""
- request:
    body: ""
    form: {}
    headers:
      Content-Md5:
      - 1B2M2Y8AsgTpgAmY7PhCfg==
      User-Agent:
      - aws-sdk-go/1.47.1 (go1.20.4; linux; amd64)
      X-Amz-Acl:
      - public-read
      X-Amz-Content-Sha256:
      - e3b0c44298fc1c149afbf4c8996fb92427ae41e4649b934ca495991b7852b855
      X-Amz-Date:
      - 20231205T171027Z
    url: https://tf-acc-test-1490064888868198239.s3.nl-ams.scw.cloud/?acl=
    method: PUT
  response:
    body: ""
    headers:
      Content-Length:
      - "0"
      Date:
      - Tue, 05 Dec 2023 17:10:27 GMT
      X-Amz-Id-2:
      - txg1698414357c042898cb8-00656f5983
      X-Amz-Request-Id:
      - txg1698414357c042898cb8-00656f5983
    status: 200 OK
    code: 200
    duration: ""
- request:
    body: ""
    form: {}
    headers:
      User-Agent:
      - aws-sdk-go/1.47.1 (go1.20.4; linux; amd64)
      X-Amz-Content-Sha256:
      - e3b0c44298fc1c149afbf4c8996fb92427ae41e4649b934ca495991b7852b855
      X-Amz-Date:
      - 20231205T171027Z
    url: https://tf-acc-test-1490064888868198239.s3.nl-ams.scw.cloud/?acl=
    method: GET
  response:
    body: |-
      <?xml version="1.0" encoding="UTF-8"?>
      <AccessControlPolicy xmlns="http://s3.amazonaws.com/doc/2006-03-01/"><Owner><DisplayName>105bdce1-64c0-48ab-899d-868455867ecf:105bdce1-64c0-48ab-899d-868455867ecf</DisplayName><ID>105bdce1-64c0-48ab-899d-868455867ecf:105bdce1-64c0-48ab-899d-868455867ecf</ID></Owner><AccessControlList><Grant><Grantee xmlns:xsi="http://www.w3.org/2001/XMLSchema-instance" xsi:type="CanonicalUser"><ID>105bdce1-64c0-48ab-899d-868455867ecf:105bdce1-64c0-48ab-899d-868455867ecf</ID><DisplayName>105bdce1-64c0-48ab-899d-868455867ecf:105bdce1-64c0-48ab-899d-868455867ecf</DisplayName></Grantee><Permission>FULL_CONTROL</Permission></Grant><Grant><Grantee xmlns:xsi="http://www.w3.org/2001/XMLSchema-instance" xsi:type="Group"><URI>http://acs.amazonaws.com/groups/global/AllUsers</URI></Grantee><Permission>READ</Permission></Grant></AccessControlList></AccessControlPolicy>
    headers:
      Content-Length:
      - "890"
      Content-Type:
      - text/xml; charset=utf-8
      Date:
      - Tue, 05 Dec 2023 17:10:27 GMT
      X-Amz-Id-2:
      - txg41d4e360d76843e9a719-00656f5983
      X-Amz-Request-Id:
      - txg41d4e360d76843e9a719-00656f5983
    status: 200 OK
    code: 200
    duration: ""
- request:
    body: ""
    form: {}
    headers:
      User-Agent:
      - aws-sdk-go/1.47.1 (go1.20.4; linux; amd64)
      X-Amz-Content-Sha256:
      - e3b0c44298fc1c149afbf4c8996fb92427ae41e4649b934ca495991b7852b855
      X-Amz-Date:
      - 20231205T171027Z
    url: https://tf-acc-test-1490064888868198239.s3.nl-ams.scw.cloud/?object-lock=
    method: GET
  response:
    body: <Error><Code>ObjectLockConfigurationNotFoundError</Code><Message>Object
      Lock configuration does not exist for this bucket</Message><Resource>/tf-acc-test-1490064888868198239</Resource><RequestId>txg13d0bc2ca4ca4034b5be-00656f5983</RequestId></Error>
    headers:
      Content-Length:
      - "249"
      Content-Type:
      - application/xml
      Date:
      - Tue, 05 Dec 2023 17:10:27 GMT
      X-Amz-Id-2:
      - txg13d0bc2ca4ca4034b5be-00656f5983
      X-Amz-Request-Id:
      - txg13d0bc2ca4ca4034b5be-00656f5983
    status: 404 Not Found
    code: 404
    duration: ""
- request:
    body: ""
    form: {}
    headers:
      User-Agent:
      - aws-sdk-go/1.47.1 (go1.20.4; linux; amd64)
      X-Amz-Content-Sha256:
      - e3b0c44298fc1c149afbf4c8996fb92427ae41e4649b934ca495991b7852b855
      X-Amz-Date:
      - 20231205T171027Z
    url: https://tf-acc-test-1490064888868198239.s3.nl-ams.scw.cloud/
    method: GET
  response:
    body: |-
      <?xml version="1.0" encoding="UTF-8"?>
      <ListBucketResult xmlns="http://s3.amazonaws.com/doc/2006-03-01/"><Name>tf-acc-test-1490064888868198239</Name><Prefix></Prefix><Marker></Marker><MaxKeys>1000</MaxKeys><IsTruncated>false</IsTruncated></ListBucketResult>
    headers:
      Content-Length:
      - "257"
      Content-Type:
      - application/xml
      Date:
      - Tue, 05 Dec 2023 17:10:27 GMT
      X-Amz-Id-2:
      - txgd23e3f2612eb4ab1b8d5-00656f5983
      X-Amz-Request-Id:
      - txgd23e3f2612eb4ab1b8d5-00656f5983
    status: 200 OK
    code: 200
    duration: ""
- request:
    body: ""
    form: {}
    headers:
      User-Agent:
      - aws-sdk-go/1.47.1 (go1.20.4; linux; amd64)
      X-Amz-Content-Sha256:
      - e3b0c44298fc1c149afbf4c8996fb92427ae41e4649b934ca495991b7852b855
      X-Amz-Date:
      - 20231205T171027Z
    url: https://tf-acc-test-1490064888868198239.s3.nl-ams.scw.cloud/?tagging=
    method: GET
  response:
    body: <Error><Code>NoSuchTagSet</Code><Message>The TagSet does not exist</Message><Resource>/tf-acc-test-1490064888868198239</Resource><RequestId>txgcc64a03dec0646e5a99e-00656f5983</RequestId></Error>
    headers:
      Content-Length:
      - "194"
      Content-Type:
      - application/xml
      Date:
      - Tue, 05 Dec 2023 17:10:27 GMT
      X-Amz-Id-2:
      - txgcc64a03dec0646e5a99e-00656f5983
      X-Amz-Request-Id:
      - txgcc64a03dec0646e5a99e-00656f5983
    status: 404 Not Found
    code: 404
    duration: ""
- request:
    body: ""
    form: {}
    headers:
      User-Agent:
      - aws-sdk-go/1.47.1 (go1.20.4; linux; amd64)
      X-Amz-Content-Sha256:
      - e3b0c44298fc1c149afbf4c8996fb92427ae41e4649b934ca495991b7852b855
      X-Amz-Date:
      - 20231205T171027Z
    url: https://tf-acc-test-1490064888868198239.s3.nl-ams.scw.cloud/?cors=
    method: GET
  response:
    body: <Error><Code>NoSuchCORSConfiguration</Code><Message>The CORS configuration
      does not exist</Message><Resource>/tf-acc-test-1490064888868198239</Resource><RequestId>txg71dbf181bb4b45daac5f-00656f5983</RequestId></Error>
    headers:
      Content-Length:
      - "217"
      Content-Type:
      - application/xml
      Date:
      - Tue, 05 Dec 2023 17:10:27 GMT
      X-Amz-Id-2:
      - txg71dbf181bb4b45daac5f-00656f5983
      X-Amz-Request-Id:
      - txg71dbf181bb4b45daac5f-00656f5983
    status: 404 Not Found
    code: 404
    duration: ""
- request:
    body: ""
    form: {}
    headers:
      User-Agent:
      - aws-sdk-go/1.47.1 (go1.20.4; linux; amd64)
      X-Amz-Content-Sha256:
      - e3b0c44298fc1c149afbf4c8996fb92427ae41e4649b934ca495991b7852b855
      X-Amz-Date:
      - 20231205T171027Z
    url: https://tf-acc-test-1490064888868198239.s3.nl-ams.scw.cloud/?versioning=
    method: GET
  response:
    body: |-
      <?xml version="1.0" encoding="UTF-8"?>
      <VersioningConfiguration xmlns="http://s3.amazonaws.com/doc/2006-03-01/"></VersioningConfiguration>
    headers:
      Content-Length:
      - "138"
      Content-Type:
      - text/xml; charset=utf-8
      Date:
      - Tue, 05 Dec 2023 17:10:27 GMT
      X-Amz-Id-2:
      - txg564f740917f645fc940a-00656f5983
      X-Amz-Request-Id:
      - txg564f740917f645fc940a-00656f5983
    status: 200 OK
    code: 200
    duration: ""
- request:
    body: ""
    form: {}
    headers:
      User-Agent:
      - aws-sdk-go/1.47.1 (go1.20.4; linux; amd64)
      X-Amz-Content-Sha256:
      - e3b0c44298fc1c149afbf4c8996fb92427ae41e4649b934ca495991b7852b855
      X-Amz-Date:
      - 20231205T171027Z
    url: https://tf-acc-test-1490064888868198239.s3.nl-ams.scw.cloud/?lifecycle=
    method: GET
  response:
    body: <Error><Code>NoSuchLifecycleConfiguration</Code><Message>The lifecycle configuration
      does not exist</Message><Resource>/tf-acc-test-1490064888868198239</Resource><RequestId>txg1c52686de4fa48858f74-00656f5983</RequestId></Error>
    headers:
      Content-Length:
      - "227"
      Content-Type:
      - application/xml
      Date:
      - Tue, 05 Dec 2023 17:10:27 GMT
      X-Amz-Id-2:
      - txg1c52686de4fa48858f74-00656f5983
      X-Amz-Request-Id:
      - txg1c52686de4fa48858f74-00656f5983
    status: 404 Not Found
    code: 404
    duration: ""
- request:
    body: ""
    form: {}
    headers:
      User-Agent:
      - aws-sdk-go/1.47.1 (go1.20.4; linux; amd64)
      X-Amz-Content-Sha256:
      - e3b0c44298fc1c149afbf4c8996fb92427ae41e4649b934ca495991b7852b855
      X-Amz-Date:
      - 20231205T171027Z
    url: https://tf-acc-test-1490064888868198239.s3.fr-par.scw.cloud/
    method: GET
  response:
    body: <Error><Code>NoSuchBucket</Code><Message>The specified bucket does not exist</Message><Resource>/tf-acc-test-1490064888868198239</Resource><RequestId>txg7e468de70a1d423c9f43-00656f5983</RequestId></Error>
    headers:
      Content-Length:
      - "204"
      Content-Type:
      - application/xml
      Date:
      - Tue, 05 Dec 2023 17:10:27 GMT
      X-Amz-Id-2:
      - txg7e468de70a1d423c9f43-00656f5983
      X-Amz-Request-Id:
      - txg7e468de70a1d423c9f43-00656f5983
    status: 404 Not Found
    code: 404
    duration: ""
- request:
    body: ""
    form: {}
    headers:
      User-Agent:
      - aws-sdk-go/1.47.1 (go1.20.4; linux; amd64)
      X-Amz-Content-Sha256:
      - e3b0c44298fc1c149afbf4c8996fb92427ae41e4649b934ca495991b7852b855
      X-Amz-Date:
      - 20231205T171027Z
    url: https://tf-acc-test-1490064888868198239.s3.nl-ams.scw.cloud/?acl=
    method: GET
  response:
    body: |-
      <?xml version="1.0" encoding="UTF-8"?>
      <AccessControlPolicy xmlns="http://s3.amazonaws.com/doc/2006-03-01/"><Owner><DisplayName>105bdce1-64c0-48ab-899d-868455867ecf:105bdce1-64c0-48ab-899d-868455867ecf</DisplayName><ID>105bdce1-64c0-48ab-899d-868455867ecf:105bdce1-64c0-48ab-899d-868455867ecf</ID></Owner><AccessControlList><Grant><Grantee xmlns:xsi="http://www.w3.org/2001/XMLSchema-instance" xsi:type="CanonicalUser"><ID>105bdce1-64c0-48ab-899d-868455867ecf:105bdce1-64c0-48ab-899d-868455867ecf</ID><DisplayName>105bdce1-64c0-48ab-899d-868455867ecf:105bdce1-64c0-48ab-899d-868455867ecf</DisplayName></Grantee><Permission>FULL_CONTROL</Permission></Grant><Grant><Grantee xmlns:xsi="http://www.w3.org/2001/XMLSchema-instance" xsi:type="Group"><URI>http://acs.amazonaws.com/groups/global/AllUsers</URI></Grantee><Permission>READ</Permission></Grant></AccessControlList></AccessControlPolicy>
    headers:
      Content-Length:
      - "890"
      Content-Type:
      - text/xml; charset=utf-8
      Date:
      - Tue, 05 Dec 2023 17:10:27 GMT
      X-Amz-Id-2:
      - txge76c8747f1774d4bb112-00656f5983
      X-Amz-Request-Id:
      - txge76c8747f1774d4bb112-00656f5983
    status: 200 OK
    code: 200
    duration: ""
- request:
    body: ""
    form: {}
    headers:
      User-Agent:
      - aws-sdk-go/1.47.1 (go1.20.4; linux; amd64)
      X-Amz-Content-Sha256:
      - e3b0c44298fc1c149afbf4c8996fb92427ae41e4649b934ca495991b7852b855
      X-Amz-Date:
      - 20231205T171027Z
    url: https://tf-acc-test-1490064888868198239.s3.nl-ams.scw.cloud/?object-lock=
    method: GET
  response:
    body: <Error><Code>ObjectLockConfigurationNotFoundError</Code><Message>Object
      Lock configuration does not exist for this bucket</Message><Resource>/tf-acc-test-1490064888868198239</Resource><RequestId>txg5d3850010616472eba22-00656f5984</RequestId></Error>
    headers:
      Content-Length:
      - "249"
      Content-Type:
      - application/xml
      Date:
      - Tue, 05 Dec 2023 17:10:28 GMT
      X-Amz-Id-2:
      - txg5d3850010616472eba22-00656f5984
      X-Amz-Request-Id:
      - txg5d3850010616472eba22-00656f5984
    status: 404 Not Found
    code: 404
    duration: ""
- request:
    body: ""
    form: {}
    headers:
      User-Agent:
      - aws-sdk-go/1.47.1 (go1.20.4; linux; amd64)
      X-Amz-Content-Sha256:
      - e3b0c44298fc1c149afbf4c8996fb92427ae41e4649b934ca495991b7852b855
      X-Amz-Date:
      - 20231205T171028Z
    url: https://tf-acc-test-1490064888868198239.s3.nl-ams.scw.cloud/
    method: GET
  response:
    body: |-
      <?xml version="1.0" encoding="UTF-8"?>
      <ListBucketResult xmlns="http://s3.amazonaws.com/doc/2006-03-01/"><Name>tf-acc-test-1490064888868198239</Name><Prefix></Prefix><Marker></Marker><MaxKeys>1000</MaxKeys><IsTruncated>false</IsTruncated></ListBucketResult>
    headers:
      Content-Length:
      - "257"
      Content-Type:
      - application/xml
      Date:
      - Tue, 05 Dec 2023 17:10:28 GMT
      X-Amz-Id-2:
      - txg347965d7fad74bab8fb3-00656f5984
      X-Amz-Request-Id:
      - txg347965d7fad74bab8fb3-00656f5984
    status: 200 OK
    code: 200
    duration: ""
- request:
    body: ""
    form: {}
    headers:
      User-Agent:
      - aws-sdk-go/1.47.1 (go1.20.4; linux; amd64)
      X-Amz-Content-Sha256:
      - e3b0c44298fc1c149afbf4c8996fb92427ae41e4649b934ca495991b7852b855
      X-Amz-Date:
      - 20231205T171028Z
    url: https://tf-acc-test-1490064888868198239.s3.nl-ams.scw.cloud/?tagging=
    method: GET
  response:
    body: <Error><Code>NoSuchTagSet</Code><Message>The TagSet does not exist</Message><Resource>/tf-acc-test-1490064888868198239</Resource><RequestId>txg1a6763bac4134ab99ded-00656f5984</RequestId></Error>
    headers:
      Content-Length:
      - "194"
      Content-Type:
      - application/xml
      Date:
      - Tue, 05 Dec 2023 17:10:28 GMT
      X-Amz-Id-2:
      - txg1a6763bac4134ab99ded-00656f5984
      X-Amz-Request-Id:
      - txg1a6763bac4134ab99ded-00656f5984
    status: 404 Not Found
    code: 404
    duration: ""
- request:
    body: ""
    form: {}
    headers:
      User-Agent:
      - aws-sdk-go/1.47.1 (go1.20.4; linux; amd64)
      X-Amz-Content-Sha256:
      - e3b0c44298fc1c149afbf4c8996fb92427ae41e4649b934ca495991b7852b855
      X-Amz-Date:
      - 20231205T171028Z
    url: https://tf-acc-test-1490064888868198239.s3.nl-ams.scw.cloud/?cors=
    method: GET
  response:
    body: <Error><Code>NoSuchCORSConfiguration</Code><Message>The CORS configuration
      does not exist</Message><Resource>/tf-acc-test-1490064888868198239</Resource><RequestId>txg493dfc41aaa24398a089-00656f5984</RequestId></Error>
    headers:
      Content-Length:
      - "217"
      Content-Type:
      - application/xml
      Date:
      - Tue, 05 Dec 2023 17:10:28 GMT
      X-Amz-Id-2:
      - txg493dfc41aaa24398a089-00656f5984
      X-Amz-Request-Id:
      - txg493dfc41aaa24398a089-00656f5984
    status: 404 Not Found
    code: 404
    duration: ""
- request:
    body: ""
    form: {}
    headers:
      User-Agent:
      - aws-sdk-go/1.47.1 (go1.20.4; linux; amd64)
      X-Amz-Content-Sha256:
      - e3b0c44298fc1c149afbf4c8996fb92427ae41e4649b934ca495991b7852b855
      X-Amz-Date:
      - 20231205T171028Z
    url: https://tf-acc-test-1490064888868198239.s3.nl-ams.scw.cloud/?versioning=
    method: GET
  response:
    body: |-
      <?xml version="1.0" encoding="UTF-8"?>
      <VersioningConfiguration xmlns="http://s3.amazonaws.com/doc/2006-03-01/"></VersioningConfiguration>
    headers:
      Content-Length:
      - "138"
      Content-Type:
      - text/xml; charset=utf-8
      Date:
      - Tue, 05 Dec 2023 17:10:28 GMT
      X-Amz-Id-2:
      - txg213882292c1f4b22a9d4-00656f5984
      X-Amz-Request-Id:
      - txg213882292c1f4b22a9d4-00656f5984
    status: 200 OK
    code: 200
    duration: ""
- request:
    body: ""
    form: {}
    headers:
      User-Agent:
      - aws-sdk-go/1.47.1 (go1.20.4; linux; amd64)
      X-Amz-Content-Sha256:
      - e3b0c44298fc1c149afbf4c8996fb92427ae41e4649b934ca495991b7852b855
      X-Amz-Date:
      - 20231205T171028Z
    url: https://tf-acc-test-1490064888868198239.s3.nl-ams.scw.cloud/?lifecycle=
    method: GET
  response:
    body: <Error><Code>NoSuchLifecycleConfiguration</Code><Message>The lifecycle configuration
      does not exist</Message><Resource>/tf-acc-test-1490064888868198239</Resource><RequestId>txgfb3ddaaa74b24d4b8bb8-00656f5984</RequestId></Error>
    headers:
      Content-Length:
      - "227"
      Content-Type:
      - application/xml
      Date:
      - Tue, 05 Dec 2023 17:10:28 GMT
      X-Amz-Id-2:
      - txgfb3ddaaa74b24d4b8bb8-00656f5984
      X-Amz-Request-Id:
      - txgfb3ddaaa74b24d4b8bb8-00656f5984
    status: 404 Not Found
    code: 404
    duration: ""
- request:
    body: ""
    form: {}
    headers:
      User-Agent:
      - aws-sdk-go/1.47.1 (go1.20.4; linux; amd64)
      X-Amz-Content-Sha256:
      - e3b0c44298fc1c149afbf4c8996fb92427ae41e4649b934ca495991b7852b855
      X-Amz-Date:
      - 20231205T171028Z
    url: https://tf-acc-test-1490064888868198239.s3.nl-ams.scw.cloud/
    method: GET
  response:
    body: |-
      <?xml version="1.0" encoding="UTF-8"?>
      <ListBucketResult xmlns="http://s3.amazonaws.com/doc/2006-03-01/"><Name>tf-acc-test-1490064888868198239</Name><Prefix></Prefix><Marker></Marker><MaxKeys>1000</MaxKeys><IsTruncated>false</IsTruncated></ListBucketResult>
    headers:
      Content-Length:
      - "257"
      Content-Type:
      - application/xml
      Date:
      - Tue, 05 Dec 2023 17:10:28 GMT
      X-Amz-Id-2:
      - txg0fa7448caf6a4c63b27b-00656f5984
      X-Amz-Request-Id:
      - txg0fa7448caf6a4c63b27b-00656f5984
    status: 200 OK
    code: 200
    duration: ""
- request:
    body: <WebsiteConfiguration xmlns="http://s3.amazonaws.com/doc/2006-03-01/"><IndexDocument><Suffix>index.html</Suffix></IndexDocument></WebsiteConfiguration>
    form: {}
    headers:
      Content-Length:
      - "151"
      Content-Md5:
      - 5iAZagulKcImaa6OW88qOQ==
      User-Agent:
      - aws-sdk-go/1.47.1 (go1.20.4; linux; amd64)
      X-Amz-Content-Sha256:
      - 740d79d00f8c04c133f6dcdbbe98cb43ad9430438a2a077981940da18bb8237f
      X-Amz-Date:
      - 20231205T171028Z
    url: https://tf-acc-test-1490064888868198239.s3.nl-ams.scw.cloud/?website=
    method: PUT
  response:
    body: ""
    headers:
      Content-Length:
      - "0"
      Date:
      - Tue, 05 Dec 2023 17:10:28 GMT
      X-Amz-Id-2:
      - txg51e712cddea04bca834c-00656f5984
      X-Amz-Request-Id:
      - txg51e712cddea04bca834c-00656f5984
    status: 200 OK
    code: 200
    duration: ""
- request:
    body: ""
    form: {}
    headers:
      User-Agent:
      - aws-sdk-go/1.47.1 (go1.20.4; linux; amd64)
      X-Amz-Content-Sha256:
      - e3b0c44298fc1c149afbf4c8996fb92427ae41e4649b934ca495991b7852b855
      X-Amz-Date:
      - 20231205T171028Z
    url: https://tf-acc-test-1490064888868198239.s3.nl-ams.scw.cloud/
    method: GET
  response:
    body: |-
      <?xml version="1.0" encoding="UTF-8"?>
      <ListBucketResult xmlns="http://s3.amazonaws.com/doc/2006-03-01/"><Name>tf-acc-test-1490064888868198239</Name><Prefix></Prefix><Marker></Marker><MaxKeys>1000</MaxKeys><IsTruncated>false</IsTruncated></ListBucketResult>
    headers:
      Content-Length:
      - "257"
      Content-Type:
      - application/xml
      Date:
      - Tue, 05 Dec 2023 17:10:28 GMT
      X-Amz-Id-2:
      - txg2a08c45d8f0c433eafe9-00656f5984
      X-Amz-Request-Id:
      - txg2a08c45d8f0c433eafe9-00656f5984
    status: 200 OK
    code: 200
    duration: ""
- request:
    body: ""
    form: {}
    headers:
      User-Agent:
      - aws-sdk-go/1.47.1 (go1.20.4; linux; amd64)
      X-Amz-Content-Sha256:
      - e3b0c44298fc1c149afbf4c8996fb92427ae41e4649b934ca495991b7852b855
      X-Amz-Date:
      - 20231205T171029Z
    url: https://tf-acc-test-1490064888868198239.s3.nl-ams.scw.cloud/?website=
    method: GET
  response:
    body: <WebsiteConfiguration xmlns="http://s3.amazonaws.com/doc/2006-03-01/"><IndexDocument><Suffix>index.html</Suffix></IndexDocument></WebsiteConfiguration>
    headers:
      Content-Length:
      - "151"
      Content-Type:
      - text/plain; charset=utf-8
      Date:
      - Tue, 05 Dec 2023 17:10:29 GMT
      X-Amz-Id-2:
      - txg54b8a01dc78d49c886e3-00656f5985
      X-Amz-Request-Id:
      - txg54b8a01dc78d49c886e3-00656f5985
    status: 200 OK
    code: 200
    duration: ""
- request:
    body: ""
    form: {}
    headers:
      User-Agent:
      - aws-sdk-go/1.47.1 (go1.20.4; linux; amd64)
      X-Amz-Content-Sha256:
      - e3b0c44298fc1c149afbf4c8996fb92427ae41e4649b934ca495991b7852b855
      X-Amz-Date:
      - 20231205T171029Z
    url: https://tf-acc-test-1490064888868198239.s3.nl-ams.scw.cloud/?acl=
    method: GET
  response:
    body: |-
      <?xml version="1.0" encoding="UTF-8"?>
      <AccessControlPolicy xmlns="http://s3.amazonaws.com/doc/2006-03-01/"><Owner><DisplayName>105bdce1-64c0-48ab-899d-868455867ecf:105bdce1-64c0-48ab-899d-868455867ecf</DisplayName><ID>105bdce1-64c0-48ab-899d-868455867ecf:105bdce1-64c0-48ab-899d-868455867ecf</ID></Owner><AccessControlList><Grant><Grantee xmlns:xsi="http://www.w3.org/2001/XMLSchema-instance" xsi:type="CanonicalUser"><ID>105bdce1-64c0-48ab-899d-868455867ecf:105bdce1-64c0-48ab-899d-868455867ecf</ID><DisplayName>105bdce1-64c0-48ab-899d-868455867ecf:105bdce1-64c0-48ab-899d-868455867ecf</DisplayName></Grantee><Permission>FULL_CONTROL</Permission></Grant><Grant><Grantee xmlns:xsi="http://www.w3.org/2001/XMLSchema-instance" xsi:type="Group"><URI>http://acs.amazonaws.com/groups/global/AllUsers</URI></Grantee><Permission>READ</Permission></Grant></AccessControlList></AccessControlPolicy>
    headers:
      Content-Length:
      - "890"
      Content-Type:
      - text/xml; charset=utf-8
      Date:
      - Tue, 05 Dec 2023 17:10:29 GMT
      X-Amz-Id-2:
      - txg623cce342c4f43c1bdb2-00656f5985
      X-Amz-Request-Id:
      - txg623cce342c4f43c1bdb2-00656f5985
    status: 200 OK
    code: 200
    duration: ""
- request:
    body: ""
    form: {}
    headers:
      User-Agent:
      - aws-sdk-go/1.47.1 (go1.20.4; linux; amd64)
      X-Amz-Content-Sha256:
      - e3b0c44298fc1c149afbf4c8996fb92427ae41e4649b934ca495991b7852b855
      X-Amz-Date:
      - 20231205T171029Z
    url: https://tf-acc-test-1490064888868198239.s3.nl-ams.scw.cloud/
    method: HEAD
  response:
    body: ""
    headers:
      Content-Type:
      - application/xml
      Date:
      - Tue, 05 Dec 2023 17:10:29 GMT
      X-Amz-Bucket-Region:
      - nl-ams
      X-Amz-Id-2:
      - txg7e89c3080910431dadd1-00656f5985
      X-Amz-Request-Id:
      - txg7e89c3080910431dadd1-00656f5985
    status: 200 OK
    code: 200
    duration: ""
- request:
    body: ""
    form: {}
    headers:
      User-Agent:
      - aws-sdk-go/1.47.1 (go1.20.4; linux; amd64)
      X-Amz-Content-Sha256:
      - e3b0c44298fc1c149afbf4c8996fb92427ae41e4649b934ca495991b7852b855
      X-Amz-Date:
      - 20231205T171029Z
    url: https://tf-acc-test-1490064888868198239.s3.nl-ams.scw.cloud/?website=
    method: GET
  response:
    body: <WebsiteConfiguration xmlns="http://s3.amazonaws.com/doc/2006-03-01/"><IndexDocument><Suffix>index.html</Suffix></IndexDocument></WebsiteConfiguration>
    headers:
      Content-Length:
      - "151"
      Content-Type:
      - text/plain; charset=utf-8
      Date:
      - Tue, 05 Dec 2023 17:10:29 GMT
      X-Amz-Id-2:
      - txged0cf1e0a8dc4df5bb09-00656f5985
      X-Amz-Request-Id:
      - txged0cf1e0a8dc4df5bb09-00656f5985
    status: 200 OK
    code: 200
    duration: ""
- request:
    body: ""
    form: {}
    headers:
      User-Agent:
      - aws-sdk-go/1.47.1 (go1.20.4; linux; amd64)
      X-Amz-Content-Sha256:
      - e3b0c44298fc1c149afbf4c8996fb92427ae41e4649b934ca495991b7852b855
      X-Amz-Date:
      - 20231205T171029Z
    url: https://tf-acc-test-1490064888868198239.s3.nl-ams.scw.cloud/?acl=
    method: GET
  response:
    body: |-
      <?xml version="1.0" encoding="UTF-8"?>
      <AccessControlPolicy xmlns="http://s3.amazonaws.com/doc/2006-03-01/"><Owner><DisplayName>105bdce1-64c0-48ab-899d-868455867ecf:105bdce1-64c0-48ab-899d-868455867ecf</DisplayName><ID>105bdce1-64c0-48ab-899d-868455867ecf:105bdce1-64c0-48ab-899d-868455867ecf</ID></Owner><AccessControlList><Grant><Grantee xmlns:xsi="http://www.w3.org/2001/XMLSchema-instance" xsi:type="CanonicalUser"><ID>105bdce1-64c0-48ab-899d-868455867ecf:105bdce1-64c0-48ab-899d-868455867ecf</ID><DisplayName>105bdce1-64c0-48ab-899d-868455867ecf:105bdce1-64c0-48ab-899d-868455867ecf</DisplayName></Grantee><Permission>FULL_CONTROL</Permission></Grant><Grant><Grantee xmlns:xsi="http://www.w3.org/2001/XMLSchema-instance" xsi:type="Group"><URI>http://acs.amazonaws.com/groups/global/AllUsers</URI></Grantee><Permission>READ</Permission></Grant></AccessControlList></AccessControlPolicy>
    headers:
      Content-Length:
      - "890"
      Content-Type:
      - text/xml; charset=utf-8
      Date:
      - Tue, 05 Dec 2023 17:10:29 GMT
      X-Amz-Id-2:
      - txg191250ca877e4cf680d3-00656f5985
      X-Amz-Request-Id:
      - txg191250ca877e4cf680d3-00656f5985
    status: 200 OK
    code: 200
    duration: ""
- request:
    body: ""
    form: {}
    headers:
      User-Agent:
      - aws-sdk-go/1.47.1 (go1.20.4; linux; amd64)
      X-Amz-Content-Sha256:
      - e3b0c44298fc1c149afbf4c8996fb92427ae41e4649b934ca495991b7852b855
      X-Amz-Date:
      - 20231205T171029Z
    url: https://tf-acc-test-1490064888868198239.s3.nl-ams.scw.cloud/?object-lock=
    method: GET
  response:
    body: <Error><Code>ObjectLockConfigurationNotFoundError</Code><Message>Object
      Lock configuration does not exist for this bucket</Message><Resource>/tf-acc-test-1490064888868198239</Resource><RequestId>txg8a44cb45b8074a819168-00656f5985</RequestId></Error>
    headers:
      Content-Length:
      - "249"
      Content-Type:
      - application/xml
      Date:
      - Tue, 05 Dec 2023 17:10:29 GMT
      X-Amz-Id-2:
      - txg8a44cb45b8074a819168-00656f5985
      X-Amz-Request-Id:
      - txg8a44cb45b8074a819168-00656f5985
    status: 404 Not Found
    code: 404
    duration: ""
- request:
    body: ""
    form: {}
    headers:
      User-Agent:
      - aws-sdk-go/1.47.1 (go1.20.4; linux; amd64)
      X-Amz-Content-Sha256:
      - e3b0c44298fc1c149afbf4c8996fb92427ae41e4649b934ca495991b7852b855
      X-Amz-Date:
      - 20231205T171029Z
    url: https://tf-acc-test-1490064888868198239.s3.nl-ams.scw.cloud/
    method: GET
  response:
    body: |-
      <?xml version="1.0" encoding="UTF-8"?>
      <ListBucketResult xmlns="http://s3.amazonaws.com/doc/2006-03-01/"><Name>tf-acc-test-1490064888868198239</Name><Prefix></Prefix><Marker></Marker><MaxKeys>1000</MaxKeys><IsTruncated>false</IsTruncated></ListBucketResult>
    headers:
      Content-Length:
      - "257"
      Content-Type:
      - application/xml
      Date:
      - Tue, 05 Dec 2023 17:10:29 GMT
      X-Amz-Id-2:
      - txg939c33e39ffe4e51a1df-00656f5985
      X-Amz-Request-Id:
      - txg939c33e39ffe4e51a1df-00656f5985
    status: 200 OK
    code: 200
    duration: ""
- request:
    body: ""
    form: {}
    headers:
      User-Agent:
      - aws-sdk-go/1.47.1 (go1.20.4; linux; amd64)
      X-Amz-Content-Sha256:
      - e3b0c44298fc1c149afbf4c8996fb92427ae41e4649b934ca495991b7852b855
      X-Amz-Date:
      - 20231205T171029Z
    url: https://tf-acc-test-1490064888868198239.s3.nl-ams.scw.cloud/?tagging=
    method: GET
  response:
    body: <Error><Code>NoSuchTagSet</Code><Message>The TagSet does not exist</Message><Resource>/tf-acc-test-1490064888868198239</Resource><RequestId>txg5c52429bb7a643b4b404-00656f5985</RequestId></Error>
    headers:
      Content-Length:
      - "194"
      Content-Type:
      - application/xml
      Date:
      - Tue, 05 Dec 2023 17:10:29 GMT
      X-Amz-Id-2:
      - txg5c52429bb7a643b4b404-00656f5985
      X-Amz-Request-Id:
      - txg5c52429bb7a643b4b404-00656f5985
    status: 404 Not Found
    code: 404
    duration: ""
- request:
    body: ""
    form: {}
    headers:
      User-Agent:
      - aws-sdk-go/1.47.1 (go1.20.4; linux; amd64)
      X-Amz-Content-Sha256:
      - e3b0c44298fc1c149afbf4c8996fb92427ae41e4649b934ca495991b7852b855
      X-Amz-Date:
      - 20231205T171029Z
    url: https://tf-acc-test-1490064888868198239.s3.nl-ams.scw.cloud/?cors=
    method: GET
  response:
    body: <Error><Code>NoSuchCORSConfiguration</Code><Message>The CORS configuration
      does not exist</Message><Resource>/tf-acc-test-1490064888868198239</Resource><RequestId>txg0ad9e663aa4140cfacf8-00656f5985</RequestId></Error>
    headers:
      Content-Length:
      - "217"
      Content-Type:
      - application/xml
      Date:
      - Tue, 05 Dec 2023 17:10:29 GMT
      X-Amz-Id-2:
      - txg0ad9e663aa4140cfacf8-00656f5985
      X-Amz-Request-Id:
      - txg0ad9e663aa4140cfacf8-00656f5985
    status: 404 Not Found
    code: 404
    duration: ""
- request:
    body: ""
    form: {}
    headers:
      User-Agent:
      - aws-sdk-go/1.47.1 (go1.20.4; linux; amd64)
      X-Amz-Content-Sha256:
      - e3b0c44298fc1c149afbf4c8996fb92427ae41e4649b934ca495991b7852b855
      X-Amz-Date:
      - 20231205T171029Z
    url: https://tf-acc-test-1490064888868198239.s3.nl-ams.scw.cloud/?versioning=
    method: GET
  response:
    body: |-
      <?xml version="1.0" encoding="UTF-8"?>
      <VersioningConfiguration xmlns="http://s3.amazonaws.com/doc/2006-03-01/"></VersioningConfiguration>
    headers:
      Content-Length:
      - "138"
      Content-Type:
      - text/xml; charset=utf-8
      Date:
      - Tue, 05 Dec 2023 17:10:29 GMT
      X-Amz-Id-2:
      - txgbb162432ebca42dc8fb7-00656f5985
      X-Amz-Request-Id:
      - txgbb162432ebca42dc8fb7-00656f5985
    status: 200 OK
    code: 200
    duration: ""
- request:
    body: ""
    form: {}
    headers:
      User-Agent:
      - aws-sdk-go/1.47.1 (go1.20.4; linux; amd64)
      X-Amz-Content-Sha256:
      - e3b0c44298fc1c149afbf4c8996fb92427ae41e4649b934ca495991b7852b855
      X-Amz-Date:
      - 20231205T171029Z
    url: https://tf-acc-test-1490064888868198239.s3.nl-ams.scw.cloud/?lifecycle=
    method: GET
  response:
    body: <Error><Code>NoSuchLifecycleConfiguration</Code><Message>The lifecycle configuration
      does not exist</Message><Resource>/tf-acc-test-1490064888868198239</Resource><RequestId>txgf9f803d49d124997a6ff-00656f5985</RequestId></Error>
    headers:
      Content-Length:
      - "227"
      Content-Type:
      - application/xml
      Date:
      - Tue, 05 Dec 2023 17:10:29 GMT
      X-Amz-Id-2:
      - txgf9f803d49d124997a6ff-00656f5985
      X-Amz-Request-Id:
      - txgf9f803d49d124997a6ff-00656f5985
    status: 404 Not Found
    code: 404
    duration: ""
- request:
    body: ""
    form: {}
    headers:
      User-Agent:
      - aws-sdk-go/1.47.1 (go1.20.4; linux; amd64)
      X-Amz-Content-Sha256:
      - e3b0c44298fc1c149afbf4c8996fb92427ae41e4649b934ca495991b7852b855
      X-Amz-Date:
      - 20231205T171029Z
    url: https://tf-acc-test-1490064888868198239.s3.nl-ams.scw.cloud/
    method: GET
  response:
    body: |-
      <?xml version="1.0" encoding="UTF-8"?>
      <ListBucketResult xmlns="http://s3.amazonaws.com/doc/2006-03-01/"><Name>tf-acc-test-1490064888868198239</Name><Prefix></Prefix><Marker></Marker><MaxKeys>1000</MaxKeys><IsTruncated>false</IsTruncated></ListBucketResult>
    headers:
      Content-Length:
      - "257"
      Content-Type:
      - application/xml
      Date:
      - Tue, 05 Dec 2023 17:10:30 GMT
      X-Amz-Id-2:
      - txg4270030b64b94ec28556-00656f5986
      X-Amz-Request-Id:
      - txg4270030b64b94ec28556-00656f5986
    status: 200 OK
    code: 200
    duration: ""
- request:
    body: ""
    form: {}
    headers:
      User-Agent:
      - aws-sdk-go/1.47.1 (go1.20.4; linux; amd64)
      X-Amz-Content-Sha256:
      - e3b0c44298fc1c149afbf4c8996fb92427ae41e4649b934ca495991b7852b855
      X-Amz-Date:
      - 20231205T171030Z
    url: https://tf-acc-test-1490064888868198239.s3.nl-ams.scw.cloud/?website=
    method: GET
  response:
    body: <WebsiteConfiguration xmlns="http://s3.amazonaws.com/doc/2006-03-01/"><IndexDocument><Suffix>index.html</Suffix></IndexDocument></WebsiteConfiguration>
    headers:
      Content-Length:
      - "151"
      Content-Type:
      - text/plain; charset=utf-8
      Date:
      - Tue, 05 Dec 2023 17:10:30 GMT
      X-Amz-Id-2:
      - txg35f8a5b855cd468dbf3f-00656f5986
      X-Amz-Request-Id:
      - txg35f8a5b855cd468dbf3f-00656f5986
    status: 200 OK
    code: 200
    duration: ""
- request:
    body: ""
    form: {}
    headers:
      User-Agent:
      - aws-sdk-go/1.47.1 (go1.20.4; linux; amd64)
      X-Amz-Content-Sha256:
      - e3b0c44298fc1c149afbf4c8996fb92427ae41e4649b934ca495991b7852b855
      X-Amz-Date:
      - 20231205T171030Z
    url: https://tf-acc-test-1490064888868198239.s3.nl-ams.scw.cloud/?acl=
    method: GET
  response:
    body: |-
      <?xml version="1.0" encoding="UTF-8"?>
      <AccessControlPolicy xmlns="http://s3.amazonaws.com/doc/2006-03-01/"><Owner><DisplayName>105bdce1-64c0-48ab-899d-868455867ecf:105bdce1-64c0-48ab-899d-868455867ecf</DisplayName><ID>105bdce1-64c0-48ab-899d-868455867ecf:105bdce1-64c0-48ab-899d-868455867ecf</ID></Owner><AccessControlList><Grant><Grantee xmlns:xsi="http://www.w3.org/2001/XMLSchema-instance" xsi:type="CanonicalUser"><ID>105bdce1-64c0-48ab-899d-868455867ecf:105bdce1-64c0-48ab-899d-868455867ecf</ID><DisplayName>105bdce1-64c0-48ab-899d-868455867ecf:105bdce1-64c0-48ab-899d-868455867ecf</DisplayName></Grantee><Permission>FULL_CONTROL</Permission></Grant><Grant><Grantee xmlns:xsi="http://www.w3.org/2001/XMLSchema-instance" xsi:type="Group"><URI>http://acs.amazonaws.com/groups/global/AllUsers</URI></Grantee><Permission>READ</Permission></Grant></AccessControlList></AccessControlPolicy>
    headers:
      Content-Length:
      - "890"
      Content-Type:
      - text/xml; charset=utf-8
      Date:
      - Tue, 05 Dec 2023 17:10:30 GMT
      X-Amz-Id-2:
      - txgb9ca70daaf6a4136976b-00656f5986
      X-Amz-Request-Id:
      - txgb9ca70daaf6a4136976b-00656f5986
    status: 200 OK
    code: 200
    duration: ""
- request:
    body: ""
    form: {}
    headers:
      User-Agent:
      - aws-sdk-go/1.47.1 (go1.20.4; linux; amd64)
      X-Amz-Content-Sha256:
      - e3b0c44298fc1c149afbf4c8996fb92427ae41e4649b934ca495991b7852b855
      X-Amz-Date:
      - 20231205T171030Z
    url: https://tf-acc-test-1490064888868198239.s3.nl-ams.scw.cloud/?website=
    method: DELETE
  response:
    body: ""
    headers:
      Date:
      - Tue, 05 Dec 2023 17:10:30 GMT
      X-Amz-Id-2:
      - txg3d2c6c0397054532a9eb-00656f5986
      X-Amz-Request-Id:
      - txg3d2c6c0397054532a9eb-00656f5986
    status: 204 No Content
    code: 204
    duration: ""
- request:
    body: ""
    form: {}
    headers:
      User-Agent:
      - aws-sdk-go/1.47.1 (go1.20.4; linux; amd64)
      X-Amz-Content-Sha256:
      - e3b0c44298fc1c149afbf4c8996fb92427ae41e4649b934ca495991b7852b855
      X-Amz-Date:
      - 20231205T171030Z
    url: https://tf-acc-test-1490064888868198239.s3.nl-ams.scw.cloud/
    method: DELETE
  response:
    body: ""
    headers:
      Content-Length:
      - "0"
      Content-Type:
      - text/html; charset=UTF-8
      Date:
      - Tue, 05 Dec 2023 17:10:30 GMT
      X-Amz-Id-2:
      - tx0b52ecda58904e878194f-00656f5986
      X-Amz-Request-Id:
      - tx0b52ecda58904e878194f-00656f5986
    status: 204 No Content
    code: 204
    duration: ""
- request:
    body: ""
    form: {}
    headers:
      User-Agent:
      - aws-sdk-go/1.47.1 (go1.20.4; linux; amd64)
      X-Amz-Content-Sha256:
      - e3b0c44298fc1c149afbf4c8996fb92427ae41e4649b934ca495991b7852b855
      X-Amz-Date:
      - 20231205T171030Z
    url: https://tf-acc-test-1490064888868198239.s3.nl-ams.scw.cloud/?website=
    method: GET
  response:
    body: <Error><Code>NoSuchBucket</Code><Message>The specified bucket does not exist</Message><Resource>/tf-acc-test-1490064888868198239</Resource><RequestId>txgecfadc5cca5842f19c7a-00656f5986</RequestId></Error>
    headers:
      Content-Length:
      - "204"
      Content-Type:
      - application/xml
      Date:
      - Tue, 05 Dec 2023 17:10:30 GMT
      X-Amz-Id-2:
      - txgecfadc5cca5842f19c7a-00656f5986
      X-Amz-Request-Id:
      - txgecfadc5cca5842f19c7a-00656f5986
    status: 404 Not Found
    code: 404
    duration: ""
