---
version: 1
interactions:
- request:
    body: <CreateBucketConfiguration xmlns="http://s3.amazonaws.com/doc/2006-03-01/"><LocationConstraint>fr-par</LocationConstraint></CreateBucketConfiguration>
    form: {}
    headers:
      Content-Length:
      - "150"
      User-Agent:
      - aws-sdk-go/1.44.275 (go1.20.4; linux; amd64)
      X-Amz-Acl:
      - private
      X-Amz-Bucket-Object-Lock-Enabled:
      - "false"
      X-Amz-Content-Sha256:
      - 2cb57fad7b7168921a4c94426cfcb9ee2953f126430595df844e22d50f029060
      X-Amz-Date:
      - 20230621T121835Z
    url: https://test-acc-scaleway-object-by-content-base64-3853413717852428690.s3.fr-par.scw.cloud/
    method: PUT
  response:
    body: ""
    headers:
      Content-Length:
      - "0"
      Content-Type:
      - text/html; charset=UTF-8
      Date:
      - Wed, 21 Jun 2023 12:18:36 GMT
      Location:
      - /test-acc-scaleway-object-by-content-base64-3853413717852428690
      X-Amz-Id-2:
      - tx05fc34e298a74e82a7518-006492ea9b
      X-Amz-Request-Id:
      - tx05fc34e298a74e82a7518-006492ea9b
    status: 200 OK
    code: 200
    duration: ""
- request:
    body: ""
    form: {}
    headers:
      Content-Md5:
      - 1B2M2Y8AsgTpgAmY7PhCfg==
      User-Agent:
      - aws-sdk-go/1.44.275 (go1.20.4; linux; amd64)
      X-Amz-Acl:
      - private
      X-Amz-Content-Sha256:
      - e3b0c44298fc1c149afbf4c8996fb92427ae41e4649b934ca495991b7852b855
      X-Amz-Date:
      - 20230621T121836Z
    url: https://test-acc-scaleway-object-by-content-base64-3853413717852428690.s3.fr-par.scw.cloud/?acl=
    method: PUT
  response:
    body: ""
    headers:
      Content-Length:
      - "0"
      Content-Type:
      - text/html; charset=UTF-8
      Date:
      - Wed, 21 Jun 2023 12:18:36 GMT
      X-Amz-Id-2:
      - tx53833c483fb74f079475b-006492ea9c
      X-Amz-Request-Id:
      - tx53833c483fb74f079475b-006492ea9c
    status: 200 OK
    code: 200
    duration: ""
- request:
    body: ""
    form: {}
    headers:
      User-Agent:
      - aws-sdk-go/1.44.275 (go1.20.4; linux; amd64)
      X-Amz-Content-Sha256:
      - e3b0c44298fc1c149afbf4c8996fb92427ae41e4649b934ca495991b7852b855
      X-Amz-Date:
      - 20230621T121836Z
    url: https://test-acc-scaleway-object-by-content-base64-3853413717852428690.s3.fr-par.scw.cloud/?acl=
    method: GET
  response:
    body: |-
      <?xml version='1.0' encoding='UTF-8'?>
      <AccessControlPolicy xmlns="http://s3.amazonaws.com/doc/2006-03-01/"><Owner><ID>fa1e3217-dc80-42ac-85c3-3f034b78b552:fa1e3217-dc80-42ac-85c3-3f034b78b552</ID><DisplayName>fa1e3217-dc80-42ac-85c3-3f034b78b552:fa1e3217-dc80-42ac-85c3-3f034b78b552</DisplayName></Owner><AccessControlList><Grant><Grantee xmlns:xsi="http://www.w3.org/2001/XMLSchema-instance" xsi:type="CanonicalUser"><ID>fa1e3217-dc80-42ac-85c3-3f034b78b552:fa1e3217-dc80-42ac-85c3-3f034b78b552</ID><DisplayName>fa1e3217-dc80-42ac-85c3-3f034b78b552:fa1e3217-dc80-42ac-85c3-3f034b78b552</DisplayName></Grantee><Permission>FULL_CONTROL</Permission></Grant></AccessControlList></AccessControlPolicy>
    headers:
      Content-Length:
      - "698"
      Content-Type:
      - text/html; charset=UTF-8
      Date:
      - Wed, 21 Jun 2023 12:18:37 GMT
      X-Amz-Id-2:
      - txb9fa075da84a46a299dd7-006492ea9c
      X-Amz-Request-Id:
      - txb9fa075da84a46a299dd7-006492ea9c
    status: 200 OK
    code: 200
    duration: ""
- request:
    body: ""
    form: {}
    headers:
      User-Agent:
      - aws-sdk-go/1.44.275 (go1.20.4; linux; amd64)
      X-Amz-Content-Sha256:
      - e3b0c44298fc1c149afbf4c8996fb92427ae41e4649b934ca495991b7852b855
      X-Amz-Date:
      - 20230621T121837Z
    url: https://test-acc-scaleway-object-by-content-base64-3853413717852428690.s3.fr-par.scw.cloud/?object-lock=
    method: GET
  response:
    body: |-
      <?xml version='1.0' encoding='UTF-8'?>
      <Error><Code>ObjectLockConfigurationNotFoundError</Code><Message>Object Lock configuration does not exist for this bucket</Message><RequestId>txa60b93fedef94ff795ead-006492ea9d</RequestId></Error>
    headers:
      Content-Type:
      - application/xml
      Date:
      - Wed, 21 Jun 2023 12:18:37 GMT
      X-Amz-Id-2:
      - txa60b93fedef94ff795ead-006492ea9d
      X-Amz-Request-Id:
      - txa60b93fedef94ff795ead-006492ea9d
    status: 404 Not Found
    code: 404
    duration: ""
- request:
    body: ""
    form: {}
    headers:
      User-Agent:
      - aws-sdk-go/1.44.275 (go1.20.4; linux; amd64)
      X-Amz-Content-Sha256:
      - e3b0c44298fc1c149afbf4c8996fb92427ae41e4649b934ca495991b7852b855
      X-Amz-Date:
      - 20230621T121837Z
    url: https://test-acc-scaleway-object-by-content-base64-3853413717852428690.s3.fr-par.scw.cloud/
    method: GET
  response:
    body: |-
      <?xml version='1.0' encoding='UTF-8'?>
      <ListBucketResult xmlns="http://s3.amazonaws.com/doc/2006-03-01/"><Name>test-acc-scaleway-object-by-content-base64-3853413717852428690</Name><Prefix/><Delimiter/><MaxKeys>1000</MaxKeys><IsTruncated>false</IsTruncated><Marker/></ListBucketResult>
    headers:
      Content-Length:
      - "284"
      Content-Type:
      - application/xml
      Date:
      - Wed, 21 Jun 2023 12:18:37 GMT
      X-Amz-Id-2:
      - tx52da32accfdb40cc9d38b-006492ea9d
      X-Amz-Request-Id:
      - tx52da32accfdb40cc9d38b-006492ea9d
    status: 200 OK
    code: 200
    duration: ""
- request:
    body: ""
    form: {}
    headers:
      User-Agent:
      - aws-sdk-go/1.44.275 (go1.20.4; linux; amd64)
      X-Amz-Content-Sha256:
      - e3b0c44298fc1c149afbf4c8996fb92427ae41e4649b934ca495991b7852b855
      X-Amz-Date:
      - 20230621T121837Z
    url: https://test-acc-scaleway-object-by-content-base64-3853413717852428690.s3.fr-par.scw.cloud/?tagging=
    method: GET
  response:
    body: |-
      <?xml version='1.0' encoding='UTF-8'?>
      <Error><Code>NoSuchTagSet</Code><Message>There is no tag set associated with the bucket or object.</Message><RequestId>tx6c039ef1751d4979b2d4d-006492ea9d</RequestId><Headers/></Error>
    headers:
      Content-Type:
      - application/xml
      Date:
      - Wed, 21 Jun 2023 12:18:37 GMT
      X-Amz-Id-2:
      - tx6c039ef1751d4979b2d4d-006492ea9d
      X-Amz-Request-Id:
      - tx6c039ef1751d4979b2d4d-006492ea9d
    status: 404 Not Found
    code: 404
    duration: ""
- request:
    body: ""
    form: {}
    headers:
      User-Agent:
      - aws-sdk-go/1.44.275 (go1.20.4; linux; amd64)
      X-Amz-Content-Sha256:
      - e3b0c44298fc1c149afbf4c8996fb92427ae41e4649b934ca495991b7852b855
      X-Amz-Date:
      - 20230621T121837Z
    url: https://test-acc-scaleway-object-by-content-base64-3853413717852428690.s3.fr-par.scw.cloud/?cors=
    method: GET
  response:
    body: |-
      <?xml version='1.0' encoding='UTF-8'?>
      <Error><Code>NoSuchCORSConfiguration</Code><Message>The CORS configuration does not exist</Message><RequestId>tx59e2a60d7eb5491990298-006492ea9d</RequestId></Error>
    headers:
      Content-Type:
      - application/xml
      Date:
      - Wed, 21 Jun 2023 12:18:37 GMT
      X-Amz-Id-2:
      - tx59e2a60d7eb5491990298-006492ea9d
      X-Amz-Request-Id:
      - tx59e2a60d7eb5491990298-006492ea9d
    status: 404 Not Found
    code: 404
    duration: ""
- request:
    body: ""
    form: {}
    headers:
      User-Agent:
      - aws-sdk-go/1.44.275 (go1.20.4; linux; amd64)
      X-Amz-Content-Sha256:
      - e3b0c44298fc1c149afbf4c8996fb92427ae41e4649b934ca495991b7852b855
      X-Amz-Date:
      - 20230621T121837Z
    url: https://test-acc-scaleway-object-by-content-base64-3853413717852428690.s3.fr-par.scw.cloud/?versioning=
    method: GET
  response:
    body: |-
      <?xml version='1.0' encoding='UTF-8'?>
      <VersioningConfiguration xmlns="http://s3.amazonaws.com/doc/2006-03-01/"/>
    headers:
      Content-Length:
      - "113"
      Content-Type:
      - text/plain
      Date:
      - Wed, 21 Jun 2023 12:18:38 GMT
      X-Amz-Id-2:
      - txebe058db4ee146798b22c-006492ea9d
      X-Amz-Request-Id:
      - txebe058db4ee146798b22c-006492ea9d
    status: 200 OK
    code: 200
    duration: ""
- request:
    body: ""
    form: {}
    headers:
      User-Agent:
      - aws-sdk-go/1.44.275 (go1.20.4; linux; amd64)
      X-Amz-Content-Sha256:
      - e3b0c44298fc1c149afbf4c8996fb92427ae41e4649b934ca495991b7852b855
      X-Amz-Date:
      - 20230621T121838Z
    url: https://test-acc-scaleway-object-by-content-base64-3853413717852428690.s3.fr-par.scw.cloud/?lifecycle=
    method: GET
  response:
    body: |-
      <?xml version='1.0' encoding='UTF-8'?>
      <Error><Code>NoSuchLifecycleConfiguration</Code><Message>The lifecycle configuration does not exist.</Message><RequestId>txd48338262a1e4d67bfaa0-006492ea9e</RequestId></Error>
    headers:
      Content-Type:
      - application/xml
      Date:
      - Wed, 21 Jun 2023 12:18:38 GMT
      X-Amz-Id-2:
      - txd48338262a1e4d67bfaa0-006492ea9e
      X-Amz-Request-Id:
      - txd48338262a1e4d67bfaa0-006492ea9e
    status: 404 Not Found
    code: 404
    duration: ""
- request:
    body: Lorem ipsum dolor sit amet, consectetur adipiscing elit, sed do eiusmod
      tempor incididunt ut labore et dolore magna aliqua.
    form: {}
    headers:
      Content-Length:
      - "123"
      Content-Md5:
      - gYxuYBok9ydQ2g9sm46+KA==
      User-Agent:
      - aws-sdk-go/1.44.275 (go1.20.4; linux; amd64)
      X-Amz-Content-Sha256:
      - 973153f86ec2da1748e63f0cf85b89835b42f8ee8018c549868a1308a19f6ca3
      X-Amz-Date:
      - 20230621T121838Z
    url: https://test-acc-scaleway-object-by-content-base64-3853413717852428690.s3.fr-par.scw.cloud/test-by-content-base64
    method: PUT
  response:
    body: ""
    headers:
      Content-Length:
      - "0"
      Content-Type:
      - text/html; charset=UTF-8
      Date:
      - Wed, 21 Jun 2023 12:18:39 GMT
      Etag:
      - '"818c6e601a24f72750da0f6c9b8ebe28"'
      Last-Modified:
      - Wed, 21 Jun 2023 12:18:38 GMT
      X-Amz-Id-2:
      - tx56da7530dfd14f0f9c805-006492ea9e
      X-Amz-Request-Id:
      - tx56da7530dfd14f0f9c805-006492ea9e
      X-Amz-Version-Id:
      - "1687349918378007"
    status: 200 OK
    code: 200
    duration: ""
- request:
    body: ""
    form: {}
    headers:
      User-Agent:
      - aws-sdk-go/1.44.275 (go1.20.4; linux; amd64)
      X-Amz-Content-Sha256:
      - e3b0c44298fc1c149afbf4c8996fb92427ae41e4649b934ca495991b7852b855
      X-Amz-Date:
      - 20230621T121839Z
    url: https://test-acc-scaleway-object-by-content-base64-3853413717852428690.s3.fr-par.scw.cloud/test-by-content-base64
    method: HEAD
  response:
    body: ""
    headers:
      Accept-Ranges:
      - bytes
      Content-Length:
      - "123"
      Content-Type:
      - application/octet-stream
      Date:
      - Wed, 21 Jun 2023 12:18:39 GMT
      Etag:
      - '"818c6e601a24f72750da0f6c9b8ebe28"'
      Last-Modified:
      - Wed, 21 Jun 2023 12:18:38 GMT
      X-Amz-Id-2:
      - tx248f6391628f44d1a936e-006492ea9f
      X-Amz-Request-Id:
      - tx248f6391628f44d1a936e-006492ea9f
      X-Amz-Version-Id:
      - "1687349918378007"
    status: 200 OK
    code: 200
    duration: ""
- request:
    body: ""
    form: {}
    headers:
      User-Agent:
      - aws-sdk-go/1.44.275 (go1.20.4; linux; amd64)
      X-Amz-Content-Sha256:
      - e3b0c44298fc1c149afbf4c8996fb92427ae41e4649b934ca495991b7852b855
      X-Amz-Date:
      - 20230621T121839Z
    url: https://test-acc-scaleway-object-by-content-base64-3853413717852428690.s3.fr-par.scw.cloud/test-by-content-base64?tagging=
    method: GET
  response:
    body: |-
      <?xml version='1.0' encoding='UTF-8'?>
      <Tagging xmlns="http://s3.amazonaws.com/doc/2006-03-01/"><TagSet/></Tagging>
    headers:
      Content-Length:
      - "115"
      Content-Type:
      - application/xml
      Date:
      - Wed, 21 Jun 2023 12:18:39 GMT
      X-Amz-Id-2:
      - tx1250e54b978548409135c-006492ea9f
      X-Amz-Request-Id:
      - tx1250e54b978548409135c-006492ea9f
      X-Amz-Version-Id:
      - "1687349918378007"
    status: 200 OK
    code: 200
    duration: ""
- request:
    body: ""
    form: {}
    headers:
      User-Agent:
      - aws-sdk-go/1.44.275 (go1.20.4; linux; amd64)
      X-Amz-Content-Sha256:
      - e3b0c44298fc1c149afbf4c8996fb92427ae41e4649b934ca495991b7852b855
      X-Amz-Date:
      - 20230621T121839Z
    url: https://test-acc-scaleway-object-by-content-base64-3853413717852428690.s3.fr-par.scw.cloud/test-by-content-base64?acl=
    method: GET
  response:
    body: |-
      <?xml version='1.0' encoding='UTF-8'?>
      <AccessControlPolicy xmlns="http://s3.amazonaws.com/doc/2006-03-01/"><Owner><ID>fa1e3217-dc80-42ac-85c3-3f034b78b552:fa1e3217-dc80-42ac-85c3-3f034b78b552</ID><DisplayName>fa1e3217-dc80-42ac-85c3-3f034b78b552:fa1e3217-dc80-42ac-85c3-3f034b78b552</DisplayName></Owner><AccessControlList><Grant><Grantee xmlns:xsi="http://www.w3.org/2001/XMLSchema-instance" xsi:type="CanonicalUser"><ID>fa1e3217-dc80-42ac-85c3-3f034b78b552:fa1e3217-dc80-42ac-85c3-3f034b78b552</ID><DisplayName>fa1e3217-dc80-42ac-85c3-3f034b78b552:fa1e3217-dc80-42ac-85c3-3f034b78b552</DisplayName></Grantee><Permission>FULL_CONTROL</Permission></Grant></AccessControlList></AccessControlPolicy>
    headers:
      Content-Length:
      - "698"
      Content-Type:
      - text/html; charset=UTF-8
      Date:
      - Wed, 21 Jun 2023 12:18:39 GMT
      X-Amz-Id-2:
      - txf44d5aa81c1545ea9a83e-006492ea9f
      X-Amz-Request-Id:
      - txf44d5aa81c1545ea9a83e-006492ea9f
    status: 200 OK
    code: 200
    duration: ""
- request:
    body: ""
    form: {}
    headers:
      User-Agent:
      - aws-sdk-go/1.44.275 (go1.20.4; linux; amd64)
      X-Amz-Content-Sha256:
      - e3b0c44298fc1c149afbf4c8996fb92427ae41e4649b934ca495991b7852b855
      X-Amz-Date:
      - 20230621T121840Z
    url: https://test-acc-scaleway-object-by-content-base64-3853413717852428690.s3.fr-par.scw.cloud/test-by-content-base64
    method: GET
  response:
    body: Lorem ipsum dolor sit amet, consectetur adipiscing elit, sed do eiusmod
      tempor incididunt ut labore et dolore magna aliqua.
    headers:
      Accept-Ranges:
      - bytes
      Content-Length:
      - "123"
      Content-Type:
      - application/octet-stream
      Date:
      - Wed, 21 Jun 2023 12:18:40 GMT
      Etag:
      - '"818c6e601a24f72750da0f6c9b8ebe28"'
      Last-Modified:
      - Wed, 21 Jun 2023 12:18:38 GMT
      X-Amz-Id-2:
      - txb74a32de0a2344e7a150f-006492eaa0
      X-Amz-Request-Id:
      - txb74a32de0a2344e7a150f-006492eaa0
      X-Amz-Version-Id:
      - "1687349918378007"
    status: 200 OK
    code: 200
    duration: ""
- request:
    body: ""
    form: {}
    headers:
      User-Agent:
      - aws-sdk-go/1.44.275 (go1.20.4; linux; amd64)
      X-Amz-Content-Sha256:
      - e3b0c44298fc1c149afbf4c8996fb92427ae41e4649b934ca495991b7852b855
      X-Amz-Date:
      - 20230621T121840Z
    url: https://test-acc-scaleway-object-by-content-base64-3853413717852428690.s3.fr-par.scw.cloud/?acl=
    method: GET
  response:
    body: |-
      <?xml version='1.0' encoding='UTF-8'?>
      <AccessControlPolicy xmlns="http://s3.amazonaws.com/doc/2006-03-01/"><Owner><ID>fa1e3217-dc80-42ac-85c3-3f034b78b552:fa1e3217-dc80-42ac-85c3-3f034b78b552</ID><DisplayName>fa1e3217-dc80-42ac-85c3-3f034b78b552:fa1e3217-dc80-42ac-85c3-3f034b78b552</DisplayName></Owner><AccessControlList><Grant><Grantee xmlns:xsi="http://www.w3.org/2001/XMLSchema-instance" xsi:type="CanonicalUser"><ID>fa1e3217-dc80-42ac-85c3-3f034b78b552:fa1e3217-dc80-42ac-85c3-3f034b78b552</ID><DisplayName>fa1e3217-dc80-42ac-85c3-3f034b78b552:fa1e3217-dc80-42ac-85c3-3f034b78b552</DisplayName></Grantee><Permission>FULL_CONTROL</Permission></Grant></AccessControlList></AccessControlPolicy>
    headers:
      Content-Length:
      - "698"
      Content-Type:
      - text/html; charset=UTF-8
      Date:
      - Wed, 21 Jun 2023 12:18:40 GMT
      X-Amz-Id-2:
      - tx8254e363dae04e5994bde-006492eaa0
      X-Amz-Request-Id:
      - tx8254e363dae04e5994bde-006492eaa0
    status: 200 OK
    code: 200
    duration: ""
- request:
    body: ""
    form: {}
    headers:
      User-Agent:
      - aws-sdk-go/1.44.275 (go1.20.4; linux; amd64)
      X-Amz-Content-Sha256:
      - e3b0c44298fc1c149afbf4c8996fb92427ae41e4649b934ca495991b7852b855
      X-Amz-Date:
      - 20230621T121840Z
    url: https://test-acc-scaleway-object-by-content-base64-3853413717852428690.s3.fr-par.scw.cloud/?object-lock=
    method: GET
  response:
    body: |-
      <?xml version='1.0' encoding='UTF-8'?>
      <Error><Code>ObjectLockConfigurationNotFoundError</Code><Message>Object Lock configuration does not exist for this bucket</Message><RequestId>tx96fdb0dbf09b476385a26-006492eaa0</RequestId></Error>
    headers:
      Content-Type:
      - application/xml
      Date:
      - Wed, 21 Jun 2023 12:18:41 GMT
      X-Amz-Id-2:
      - tx96fdb0dbf09b476385a26-006492eaa0
      X-Amz-Request-Id:
      - tx96fdb0dbf09b476385a26-006492eaa0
    status: 404 Not Found
    code: 404
    duration: ""
- request:
    body: ""
    form: {}
    headers:
      User-Agent:
      - aws-sdk-go/1.44.275 (go1.20.4; linux; amd64)
      X-Amz-Content-Sha256:
      - e3b0c44298fc1c149afbf4c8996fb92427ae41e4649b934ca495991b7852b855
      X-Amz-Date:
      - 20230621T121841Z
    url: https://test-acc-scaleway-object-by-content-base64-3853413717852428690.s3.fr-par.scw.cloud/
    method: GET
  response:
    body: |-
      <?xml version='1.0' encoding='UTF-8'?>
      <ListBucketResult xmlns="http://s3.amazonaws.com/doc/2006-03-01/"><Name>test-acc-scaleway-object-by-content-base64-3853413717852428690</Name><Prefix/><Delimiter/><MaxKeys>1000</MaxKeys><IsTruncated>false</IsTruncated><Marker/><Contents><ETag>"818c6e601a24f72750da0f6c9b8ebe28"</ETag><Key>test-by-content-base64</Key><LastModified>2023-06-21T12:18:38.000Z</LastModified><Size>123</Size><StorageClass>STANDARD</StorageClass><Owner><ID>fa1e3217-dc80-42ac-85c3-3f034b78b552:fa1e3217-dc80-42ac-85c3-3f034b78b552</ID><DisplayName>fa1e3217-dc80-42ac-85c3-3f034b78b552:fa1e3217-dc80-42ac-85c3-3f034b78b552</DisplayName></Owner></Contents></ListBucketResult>
    headers:
      Content-Length:
      - "688"
      Content-Type:
      - application/xml
      Date:
      - Wed, 21 Jun 2023 12:18:41 GMT
      X-Amz-Id-2:
      - tx5f7bd6dea45d4f90975ff-006492eaa1
      X-Amz-Request-Id:
      - tx5f7bd6dea45d4f90975ff-006492eaa1
    status: 200 OK
    code: 200
    duration: ""
- request:
    body: ""
    form: {}
    headers:
      User-Agent:
      - aws-sdk-go/1.44.275 (go1.20.4; linux; amd64)
      X-Amz-Content-Sha256:
      - e3b0c44298fc1c149afbf4c8996fb92427ae41e4649b934ca495991b7852b855
      X-Amz-Date:
      - 20230621T121841Z
    url: https://test-acc-scaleway-object-by-content-base64-3853413717852428690.s3.fr-par.scw.cloud/?tagging=
    method: GET
  response:
    body: |-
      <?xml version='1.0' encoding='UTF-8'?>
      <Error><Code>NoSuchTagSet</Code><Message>There is no tag set associated with the bucket or object.</Message><RequestId>tx555bb837c2e84989b0b00-006492eaa1</RequestId><Headers/></Error>
    headers:
      Content-Type:
      - application/xml
      Date:
      - Wed, 21 Jun 2023 12:18:41 GMT
      X-Amz-Id-2:
      - tx555bb837c2e84989b0b00-006492eaa1
      X-Amz-Request-Id:
      - tx555bb837c2e84989b0b00-006492eaa1
    status: 404 Not Found
    code: 404
    duration: ""
- request:
    body: ""
    form: {}
    headers:
      User-Agent:
      - aws-sdk-go/1.44.275 (go1.20.4; linux; amd64)
      X-Amz-Content-Sha256:
      - e3b0c44298fc1c149afbf4c8996fb92427ae41e4649b934ca495991b7852b855
      X-Amz-Date:
      - 20230621T121841Z
    url: https://test-acc-scaleway-object-by-content-base64-3853413717852428690.s3.fr-par.scw.cloud/?cors=
    method: GET
  response:
    body: |-
      <?xml version='1.0' encoding='UTF-8'?>
      <Error><Code>NoSuchCORSConfiguration</Code><Message>The CORS configuration does not exist</Message><RequestId>tx9ed2ae7066734d948394b-006492eaa1</RequestId></Error>
    headers:
      Content-Type:
      - application/xml
      Date:
      - Wed, 21 Jun 2023 12:18:41 GMT
      X-Amz-Id-2:
      - tx9ed2ae7066734d948394b-006492eaa1
      X-Amz-Request-Id:
      - tx9ed2ae7066734d948394b-006492eaa1
    status: 404 Not Found
    code: 404
    duration: ""
- request:
    body: ""
    form: {}
    headers:
      User-Agent:
      - aws-sdk-go/1.44.275 (go1.20.4; linux; amd64)
      X-Amz-Content-Sha256:
      - e3b0c44298fc1c149afbf4c8996fb92427ae41e4649b934ca495991b7852b855
      X-Amz-Date:
      - 20230621T121841Z
    url: https://test-acc-scaleway-object-by-content-base64-3853413717852428690.s3.fr-par.scw.cloud/?versioning=
    method: GET
  response:
    body: |-
      <?xml version='1.0' encoding='UTF-8'?>
      <VersioningConfiguration xmlns="http://s3.amazonaws.com/doc/2006-03-01/"/>
    headers:
      Content-Length:
      - "113"
      Content-Type:
      - text/plain
      Date:
      - Wed, 21 Jun 2023 12:18:41 GMT
      X-Amz-Id-2:
      - txe722bff5a6b44e568ec0d-006492eaa1
      X-Amz-Request-Id:
      - txe722bff5a6b44e568ec0d-006492eaa1
    status: 200 OK
    code: 200
    duration: ""
- request:
    body: ""
    form: {}
    headers:
      User-Agent:
      - aws-sdk-go/1.44.275 (go1.20.4; linux; amd64)
      X-Amz-Content-Sha256:
      - e3b0c44298fc1c149afbf4c8996fb92427ae41e4649b934ca495991b7852b855
      X-Amz-Date:
      - 20230621T121841Z
    url: https://test-acc-scaleway-object-by-content-base64-3853413717852428690.s3.fr-par.scw.cloud/?lifecycle=
    method: GET
  response:
    body: |-
      <?xml version='1.0' encoding='UTF-8'?>
      <Error><Code>NoSuchLifecycleConfiguration</Code><Message>The lifecycle configuration does not exist.</Message><RequestId>tx5f2b47811e024f2a9d56e-006492eaa1</RequestId></Error>
    headers:
      Content-Type:
      - application/xml
      Date:
      - Wed, 21 Jun 2023 12:18:41 GMT
      X-Amz-Id-2:
      - tx5f2b47811e024f2a9d56e-006492eaa1
      X-Amz-Request-Id:
      - tx5f2b47811e024f2a9d56e-006492eaa1
    status: 404 Not Found
    code: 404
    duration: ""
- request:
    body: ""
    form: {}
    headers:
      User-Agent:
      - aws-sdk-go/1.44.275 (go1.20.4; linux; amd64)
      X-Amz-Content-Sha256:
      - e3b0c44298fc1c149afbf4c8996fb92427ae41e4649b934ca495991b7852b855
      X-Amz-Date:
      - 20230621T121841Z
    url: https://test-acc-scaleway-object-by-content-base64-3853413717852428690.s3.fr-par.scw.cloud/test-by-content-base64
    method: HEAD
  response:
    body: ""
    headers:
      Accept-Ranges:
      - bytes
      Content-Length:
      - "123"
      Content-Type:
      - application/octet-stream
      Date:
      - Wed, 21 Jun 2023 12:18:41 GMT
      Etag:
      - '"818c6e601a24f72750da0f6c9b8ebe28"'
      Last-Modified:
      - Wed, 21 Jun 2023 12:18:38 GMT
      X-Amz-Id-2:
      - tx761091dce60643e09f4fe-006492eaa1
      X-Amz-Request-Id:
      - tx761091dce60643e09f4fe-006492eaa1
      X-Amz-Version-Id:
      - "1687349918378007"
    status: 200 OK
    code: 200
    duration: ""
- request:
    body: ""
    form: {}
    headers:
      User-Agent:
      - aws-sdk-go/1.44.275 (go1.20.4; linux; amd64)
      X-Amz-Content-Sha256:
      - e3b0c44298fc1c149afbf4c8996fb92427ae41e4649b934ca495991b7852b855
      X-Amz-Date:
      - 20230621T121841Z
    url: https://test-acc-scaleway-object-by-content-base64-3853413717852428690.s3.fr-par.scw.cloud/test-by-content-base64?tagging=
    method: GET
  response:
    body: |-
      <?xml version='1.0' encoding='UTF-8'?>
      <Tagging xmlns="http://s3.amazonaws.com/doc/2006-03-01/"><TagSet/></Tagging>
    headers:
      Content-Length:
      - "115"
      Content-Type:
      - application/xml
      Date:
      - Wed, 21 Jun 2023 12:18:41 GMT
      X-Amz-Id-2:
      - txa1337964ea6146898c1f7-006492eaa1
      X-Amz-Request-Id:
      - txa1337964ea6146898c1f7-006492eaa1
      X-Amz-Version-Id:
      - "1687349918378007"
    status: 200 OK
    code: 200
    duration: ""
- request:
    body: ""
    form: {}
    headers:
      User-Agent:
      - aws-sdk-go/1.44.275 (go1.20.4; linux; amd64)
      X-Amz-Content-Sha256:
      - e3b0c44298fc1c149afbf4c8996fb92427ae41e4649b934ca495991b7852b855
      X-Amz-Date:
      - 20230621T121841Z
    url: https://test-acc-scaleway-object-by-content-base64-3853413717852428690.s3.fr-par.scw.cloud/test-by-content-base64?acl=
    method: GET
  response:
    body: |-
      <?xml version='1.0' encoding='UTF-8'?>
      <AccessControlPolicy xmlns="http://s3.amazonaws.com/doc/2006-03-01/"><Owner><ID>fa1e3217-dc80-42ac-85c3-3f034b78b552:fa1e3217-dc80-42ac-85c3-3f034b78b552</ID><DisplayName>fa1e3217-dc80-42ac-85c3-3f034b78b552:fa1e3217-dc80-42ac-85c3-3f034b78b552</DisplayName></Owner><AccessControlList><Grant><Grantee xmlns:xsi="http://www.w3.org/2001/XMLSchema-instance" xsi:type="CanonicalUser"><ID>fa1e3217-dc80-42ac-85c3-3f034b78b552:fa1e3217-dc80-42ac-85c3-3f034b78b552</ID><DisplayName>fa1e3217-dc80-42ac-85c3-3f034b78b552:fa1e3217-dc80-42ac-85c3-3f034b78b552</DisplayName></Grantee><Permission>FULL_CONTROL</Permission></Grant></AccessControlList></AccessControlPolicy>
    headers:
      Content-Length:
      - "698"
      Content-Type:
      - text/html; charset=UTF-8
      Date:
      - Wed, 21 Jun 2023 12:18:41 GMT
      X-Amz-Id-2:
      - txb13919659845440b8b52e-006492eaa1
      X-Amz-Request-Id:
      - txb13919659845440b8b52e-006492eaa1
    status: 200 OK
    code: 200
    duration: ""
- request:
    body: ""
    form: {}
    headers:
      User-Agent:
      - aws-sdk-go/1.44.275 (go1.20.4; linux; amd64)
      X-Amz-Content-Sha256:
      - e3b0c44298fc1c149afbf4c8996fb92427ae41e4649b934ca495991b7852b855
      X-Amz-Date:
      - 20230621T121842Z
    url: https://test-acc-scaleway-object-by-content-base64-3853413717852428690.s3.fr-par.scw.cloud/?acl=
    method: GET
  response:
    body: |-
      <?xml version='1.0' encoding='UTF-8'?>
      <AccessControlPolicy xmlns="http://s3.amazonaws.com/doc/2006-03-01/"><Owner><ID>fa1e3217-dc80-42ac-85c3-3f034b78b552:fa1e3217-dc80-42ac-85c3-3f034b78b552</ID><DisplayName>fa1e3217-dc80-42ac-85c3-3f034b78b552:fa1e3217-dc80-42ac-85c3-3f034b78b552</DisplayName></Owner><AccessControlList><Grant><Grantee xmlns:xsi="http://www.w3.org/2001/XMLSchema-instance" xsi:type="CanonicalUser"><ID>fa1e3217-dc80-42ac-85c3-3f034b78b552:fa1e3217-dc80-42ac-85c3-3f034b78b552</ID><DisplayName>fa1e3217-dc80-42ac-85c3-3f034b78b552:fa1e3217-dc80-42ac-85c3-3f034b78b552</DisplayName></Grantee><Permission>FULL_CONTROL</Permission></Grant></AccessControlList></AccessControlPolicy>
    headers:
      Content-Length:
      - "698"
      Content-Type:
      - text/html; charset=UTF-8
      Date:
      - Wed, 21 Jun 2023 12:18:42 GMT
      X-Amz-Id-2:
      - tx9d4b4d309c06449da0d8f-006492eaa2
      X-Amz-Request-Id:
      - tx9d4b4d309c06449da0d8f-006492eaa2
    status: 200 OK
    code: 200
    duration: ""
- request:
    body: ""
    form: {}
    headers:
      User-Agent:
      - aws-sdk-go/1.44.275 (go1.20.4; linux; amd64)
      X-Amz-Content-Sha256:
      - e3b0c44298fc1c149afbf4c8996fb92427ae41e4649b934ca495991b7852b855
      X-Amz-Date:
      - 20230621T121842Z
    url: https://test-acc-scaleway-object-by-content-base64-3853413717852428690.s3.fr-par.scw.cloud/?object-lock=
    method: GET
  response:
    body: |-
      <?xml version='1.0' encoding='UTF-8'?>
      <Error><Code>ObjectLockConfigurationNotFoundError</Code><Message>Object Lock configuration does not exist for this bucket</Message><RequestId>tx9731e4ff0f2844c5aee4a-006492eaa2</RequestId></Error>
    headers:
      Content-Type:
      - application/xml
      Date:
      - Wed, 21 Jun 2023 12:18:42 GMT
      X-Amz-Id-2:
      - tx9731e4ff0f2844c5aee4a-006492eaa2
      X-Amz-Request-Id:
      - tx9731e4ff0f2844c5aee4a-006492eaa2
    status: 404 Not Found
    code: 404
    duration: ""
- request:
    body: ""
    form: {}
    headers:
      User-Agent:
      - aws-sdk-go/1.44.275 (go1.20.4; linux; amd64)
      X-Amz-Content-Sha256:
      - e3b0c44298fc1c149afbf4c8996fb92427ae41e4649b934ca495991b7852b855
      X-Amz-Date:
      - 20230621T121842Z
    url: https://test-acc-scaleway-object-by-content-base64-3853413717852428690.s3.fr-par.scw.cloud/
    method: GET
  response:
    body: |-
      <?xml version='1.0' encoding='UTF-8'?>
      <ListBucketResult xmlns="http://s3.amazonaws.com/doc/2006-03-01/"><Name>test-acc-scaleway-object-by-content-base64-3853413717852428690</Name><Prefix/><Delimiter/><MaxKeys>1000</MaxKeys><IsTruncated>false</IsTruncated><Marker/><Contents><ETag>"818c6e601a24f72750da0f6c9b8ebe28"</ETag><Key>test-by-content-base64</Key><LastModified>2023-06-21T12:18:38.000Z</LastModified><Size>123</Size><StorageClass>STANDARD</StorageClass><Owner><ID>fa1e3217-dc80-42ac-85c3-3f034b78b552:fa1e3217-dc80-42ac-85c3-3f034b78b552</ID><DisplayName>fa1e3217-dc80-42ac-85c3-3f034b78b552:fa1e3217-dc80-42ac-85c3-3f034b78b552</DisplayName></Owner></Contents></ListBucketResult>
    headers:
      Content-Length:
      - "688"
      Content-Type:
      - application/xml
      Date:
      - Wed, 21 Jun 2023 12:18:42 GMT
      X-Amz-Id-2:
      - tx2d6b9723cefd4b619bb8f-006492eaa2
      X-Amz-Request-Id:
      - tx2d6b9723cefd4b619bb8f-006492eaa2
    status: 200 OK
    code: 200
    duration: ""
- request:
    body: ""
    form: {}
    headers:
      User-Agent:
      - aws-sdk-go/1.44.275 (go1.20.4; linux; amd64)
      X-Amz-Content-Sha256:
      - e3b0c44298fc1c149afbf4c8996fb92427ae41e4649b934ca495991b7852b855
      X-Amz-Date:
      - 20230621T121842Z
    url: https://test-acc-scaleway-object-by-content-base64-3853413717852428690.s3.fr-par.scw.cloud/?tagging=
    method: GET
  response:
    body: |-
      <?xml version='1.0' encoding='UTF-8'?>
      <Error><Code>NoSuchTagSet</Code><Message>There is no tag set associated with the bucket or object.</Message><RequestId>tx9a5683ac585644b7bd8dd-006492eaa2</RequestId><Headers/></Error>
    headers:
      Content-Type:
      - application/xml
      Date:
      - Wed, 21 Jun 2023 12:18:42 GMT
      X-Amz-Id-2:
      - tx9a5683ac585644b7bd8dd-006492eaa2
      X-Amz-Request-Id:
      - tx9a5683ac585644b7bd8dd-006492eaa2
    status: 404 Not Found
    code: 404
    duration: ""
- request:
    body: ""
    form: {}
    headers:
      User-Agent:
      - aws-sdk-go/1.44.275 (go1.20.4; linux; amd64)
      X-Amz-Content-Sha256:
      - e3b0c44298fc1c149afbf4c8996fb92427ae41e4649b934ca495991b7852b855
      X-Amz-Date:
      - 20230621T121842Z
    url: https://test-acc-scaleway-object-by-content-base64-3853413717852428690.s3.fr-par.scw.cloud/?cors=
    method: GET
  response:
    body: |-
      <?xml version='1.0' encoding='UTF-8'?>
      <Error><Code>NoSuchCORSConfiguration</Code><Message>The CORS configuration does not exist</Message><RequestId>txa7cc6168d36944fdbff02-006492eaa2</RequestId></Error>
    headers:
      Content-Type:
      - application/xml
      Date:
      - Wed, 21 Jun 2023 12:18:42 GMT
      X-Amz-Id-2:
      - txa7cc6168d36944fdbff02-006492eaa2
      X-Amz-Request-Id:
      - txa7cc6168d36944fdbff02-006492eaa2
    status: 404 Not Found
    code: 404
    duration: ""
- request:
    body: ""
    form: {}
    headers:
      User-Agent:
      - aws-sdk-go/1.44.275 (go1.20.4; linux; amd64)
      X-Amz-Content-Sha256:
      - e3b0c44298fc1c149afbf4c8996fb92427ae41e4649b934ca495991b7852b855
      X-Amz-Date:
      - 20230621T121842Z
    url: https://test-acc-scaleway-object-by-content-base64-3853413717852428690.s3.fr-par.scw.cloud/?versioning=
    method: GET
  response:
    body: |-
      <?xml version='1.0' encoding='UTF-8'?>
      <VersioningConfiguration xmlns="http://s3.amazonaws.com/doc/2006-03-01/"/>
    headers:
      Content-Length:
      - "113"
      Content-Type:
      - text/plain
      Date:
      - Wed, 21 Jun 2023 12:18:43 GMT
      X-Amz-Id-2:
      - tx56ae066e3ebd40eea5901-006492eaa2
      X-Amz-Request-Id:
      - tx56ae066e3ebd40eea5901-006492eaa2
    status: 200 OK
    code: 200
    duration: ""
- request:
    body: ""
    form: {}
    headers:
      User-Agent:
      - aws-sdk-go/1.44.275 (go1.20.4; linux; amd64)
      X-Amz-Content-Sha256:
      - e3b0c44298fc1c149afbf4c8996fb92427ae41e4649b934ca495991b7852b855
      X-Amz-Date:
      - 20230621T121843Z
    url: https://test-acc-scaleway-object-by-content-base64-3853413717852428690.s3.fr-par.scw.cloud/?lifecycle=
    method: GET
  response:
    body: |-
      <?xml version='1.0' encoding='UTF-8'?>
      <Error><Code>NoSuchLifecycleConfiguration</Code><Message>The lifecycle configuration does not exist.</Message><RequestId>txfb43e64208d4427e99821-006492eaa3</RequestId></Error>
    headers:
      Content-Type:
      - application/xml
      Date:
      - Wed, 21 Jun 2023 12:18:43 GMT
      X-Amz-Id-2:
      - txfb43e64208d4427e99821-006492eaa3
      X-Amz-Request-Id:
      - txfb43e64208d4427e99821-006492eaa3
    status: 404 Not Found
    code: 404
    duration: ""
- request:
    body: ""
    form: {}
    headers:
      User-Agent:
      - aws-sdk-go/1.44.275 (go1.20.4; linux; amd64)
      X-Amz-Content-Sha256:
      - e3b0c44298fc1c149afbf4c8996fb92427ae41e4649b934ca495991b7852b855
      X-Amz-Date:
      - 20230621T121843Z
    url: https://test-acc-scaleway-object-by-content-base64-3853413717852428690.s3.fr-par.scw.cloud/test-by-content-base64
    method: HEAD
  response:
    body: ""
    headers:
      Accept-Ranges:
      - bytes
      Content-Length:
      - "123"
      Content-Type:
      - application/octet-stream
      Date:
      - Wed, 21 Jun 2023 12:18:43 GMT
      Etag:
      - '"818c6e601a24f72750da0f6c9b8ebe28"'
      Last-Modified:
      - Wed, 21 Jun 2023 12:18:38 GMT
      X-Amz-Id-2:
      - txb31ba086ae2946a484667-006492eaa3
      X-Amz-Request-Id:
      - txb31ba086ae2946a484667-006492eaa3
      X-Amz-Version-Id:
      - "1687349918378007"
    status: 200 OK
    code: 200
    duration: ""
- request:
    body: ""
    form: {}
    headers:
      User-Agent:
      - aws-sdk-go/1.44.275 (go1.20.4; linux; amd64)
      X-Amz-Content-Sha256:
      - e3b0c44298fc1c149afbf4c8996fb92427ae41e4649b934ca495991b7852b855
      X-Amz-Date:
      - 20230621T121843Z
    url: https://test-acc-scaleway-object-by-content-base64-3853413717852428690.s3.fr-par.scw.cloud/test-by-content-base64?tagging=
    method: GET
  response:
    body: |-
      <?xml version='1.0' encoding='UTF-8'?>
      <Tagging xmlns="http://s3.amazonaws.com/doc/2006-03-01/"><TagSet/></Tagging>
    headers:
      Content-Length:
      - "115"
      Content-Type:
      - application/xml
      Date:
      - Wed, 21 Jun 2023 12:18:43 GMT
      X-Amz-Id-2:
      - txa6293cd96f0c4e0da1f9f-006492eaa3
      X-Amz-Request-Id:
      - txa6293cd96f0c4e0da1f9f-006492eaa3
      X-Amz-Version-Id:
      - "1687349918378007"
    status: 200 OK
    code: 200
    duration: ""
- request:
    body: ""
    form: {}
    headers:
      User-Agent:
      - aws-sdk-go/1.44.275 (go1.20.4; linux; amd64)
      X-Amz-Content-Sha256:
      - e3b0c44298fc1c149afbf4c8996fb92427ae41e4649b934ca495991b7852b855
      X-Amz-Date:
      - 20230621T121843Z
    url: https://test-acc-scaleway-object-by-content-base64-3853413717852428690.s3.fr-par.scw.cloud/test-by-content-base64?acl=
    method: GET
  response:
    body: |-
      <?xml version='1.0' encoding='UTF-8'?>
      <AccessControlPolicy xmlns="http://s3.amazonaws.com/doc/2006-03-01/"><Owner><ID>fa1e3217-dc80-42ac-85c3-3f034b78b552:fa1e3217-dc80-42ac-85c3-3f034b78b552</ID><DisplayName>fa1e3217-dc80-42ac-85c3-3f034b78b552:fa1e3217-dc80-42ac-85c3-3f034b78b552</DisplayName></Owner><AccessControlList><Grant><Grantee xmlns:xsi="http://www.w3.org/2001/XMLSchema-instance" xsi:type="CanonicalUser"><ID>fa1e3217-dc80-42ac-85c3-3f034b78b552:fa1e3217-dc80-42ac-85c3-3f034b78b552</ID><DisplayName>fa1e3217-dc80-42ac-85c3-3f034b78b552:fa1e3217-dc80-42ac-85c3-3f034b78b552</DisplayName></Grantee><Permission>FULL_CONTROL</Permission></Grant></AccessControlList></AccessControlPolicy>
    headers:
      Content-Length:
      - "698"
      Content-Type:
      - text/html; charset=UTF-8
      Date:
      - Wed, 21 Jun 2023 12:18:43 GMT
      X-Amz-Id-2:
      - txd67d232e8a96494299e11-006492eaa3
      X-Amz-Request-Id:
      - txd67d232e8a96494299e11-006492eaa3
    status: 200 OK
    code: 200
    duration: ""
- request:
    body: ""
    form: {}
    headers:
      User-Agent:
      - aws-sdk-go/1.44.275 (go1.20.4; linux; amd64)
      X-Amz-Acl:
      - private
      X-Amz-Content-Sha256:
      - e3b0c44298fc1c149afbf4c8996fb92427ae41e4649b934ca495991b7852b855
      X-Amz-Copy-Source:
      - test-acc-scaleway-object-by-content-base64-3853413717852428690/test-by-content-base64
      X-Amz-Date:
      - 20230621T121843Z
    url: https://test-acc-scaleway-object-by-content-base64-3853413717852428690.s3.fr-par.scw.cloud/test-by-content-base64
    method: PUT
  response:
    body: |-
      <?xml version='1.0' encoding='UTF-8'?>
      <CopyObjectResult xmlns="http://s3.amazonaws.com/doc/2006-03-01/"><LastModified>2023-06-21T12:18:43.000Z</LastModified><ETag>"818c6e601a24f72750da0f6c9b8ebe28"</ETag></CopyObjectResult>
    headers:
      Content-Length:
      - "224"
      Content-Type:
      - application/xml
      Date:
      - Wed, 21 Jun 2023 12:18:44 GMT
      Last-Modified:
      - Wed, 21 Jun 2023 12:18:43 GMT
      X-Amz-Id-2:
      - txbf7b4b17047b408498eda-006492eaa3
      X-Amz-Request-Id:
      - txbf7b4b17047b408498eda-006492eaa3
      X-Amz-Version-Id:
      - "1687349918378007"
    status: 200 OK
    code: 200
    duration: ""
- request:
    body: This is a different content
    form: {}
    headers:
      Content-Length:
      - "27"
      Content-Md5:
      - H1PZlhhd2ugY5eXSVAv6sA==
      User-Agent:
      - aws-sdk-go/1.44.275 (go1.20.4; linux; amd64)
      X-Amz-Acl:
      - private
      X-Amz-Content-Sha256:
      - e72e070e65318da44b0ab8f3cbd8725a61d66a2392a6475508ca745f3d65286d
      X-Amz-Date:
      - 20230621T121844Z
    url: https://test-acc-scaleway-object-by-content-base64-3853413717852428690.s3.fr-par.scw.cloud/test-by-content-base64
    method: PUT
  response:
    body: ""
    headers:
      Content-Length:
      - "0"
      Content-Type:
      - text/html; charset=UTF-8
      Date:
      - Wed, 21 Jun 2023 12:18:44 GMT
      Etag:
      - '"1f53d996185ddae818e5e5d2540bfab0"'
      Last-Modified:
      - Wed, 21 Jun 2023 12:18:44 GMT
      X-Amz-Id-2:
      - txde5032b2dd3e44b4b9633-006492eaa4
      X-Amz-Request-Id:
      - txde5032b2dd3e44b4b9633-006492eaa4
      X-Amz-Version-Id:
      - "1687349924437365"
    status: 200 OK
    code: 200
    duration: ""
- request:
    body: ""
    form: {}
    headers:
      User-Agent:
      - aws-sdk-go/1.44.275 (go1.20.4; linux; amd64)
      X-Amz-Content-Sha256:
      - e3b0c44298fc1c149afbf4c8996fb92427ae41e4649b934ca495991b7852b855
      X-Amz-Date:
      - 20230621T121844Z
    url: https://test-acc-scaleway-object-by-content-base64-3853413717852428690.s3.fr-par.scw.cloud/test-by-content-base64
    method: HEAD
  response:
    body: ""
    headers:
      Accept-Ranges:
      - bytes
      Content-Length:
      - "27"
      Content-Type:
      - application/octet-stream
      Date:
      - Wed, 21 Jun 2023 12:18:44 GMT
      Etag:
      - '"1f53d996185ddae818e5e5d2540bfab0"'
      Last-Modified:
      - Wed, 21 Jun 2023 12:18:44 GMT
      X-Amz-Id-2:
      - tx57cfecee7dac474890cd9-006492eaa4
      X-Amz-Request-Id:
      - tx57cfecee7dac474890cd9-006492eaa4
      X-Amz-Version-Id:
      - "1687349924437365"
    status: 200 OK
    code: 200
    duration: ""
- request:
    body: ""
    form: {}
    headers:
      User-Agent:
      - aws-sdk-go/1.44.275 (go1.20.4; linux; amd64)
      X-Amz-Content-Sha256:
      - e3b0c44298fc1c149afbf4c8996fb92427ae41e4649b934ca495991b7852b855
      X-Amz-Date:
      - 20230621T121844Z
    url: https://test-acc-scaleway-object-by-content-base64-3853413717852428690.s3.fr-par.scw.cloud/test-by-content-base64?tagging=
    method: GET
  response:
    body: |-
      <?xml version='1.0' encoding='UTF-8'?>
      <Tagging xmlns="http://s3.amazonaws.com/doc/2006-03-01/"><TagSet/></Tagging>
    headers:
      Content-Length:
      - "115"
      Content-Type:
      - application/xml
      Date:
      - Wed, 21 Jun 2023 12:18:44 GMT
      X-Amz-Id-2:
      - tx16b513052eed4570bf4c6-006492eaa4
      X-Amz-Request-Id:
      - tx16b513052eed4570bf4c6-006492eaa4
      X-Amz-Version-Id:
      - "1687349924437365"
    status: 200 OK
    code: 200
    duration: ""
- request:
    body: ""
    form: {}
    headers:
      User-Agent:
      - aws-sdk-go/1.44.275 (go1.20.4; linux; amd64)
      X-Amz-Content-Sha256:
      - e3b0c44298fc1c149afbf4c8996fb92427ae41e4649b934ca495991b7852b855
      X-Amz-Date:
      - 20230621T121844Z
    url: https://test-acc-scaleway-object-by-content-base64-3853413717852428690.s3.fr-par.scw.cloud/test-by-content-base64?acl=
    method: GET
  response:
    body: |-
      <?xml version='1.0' encoding='UTF-8'?>
      <AccessControlPolicy xmlns="http://s3.amazonaws.com/doc/2006-03-01/"><Owner><ID>fa1e3217-dc80-42ac-85c3-3f034b78b552:fa1e3217-dc80-42ac-85c3-3f034b78b552</ID><DisplayName>fa1e3217-dc80-42ac-85c3-3f034b78b552:fa1e3217-dc80-42ac-85c3-3f034b78b552</DisplayName></Owner><AccessControlList><Grant><Grantee xmlns:xsi="http://www.w3.org/2001/XMLSchema-instance" xsi:type="CanonicalUser"><ID>fa1e3217-dc80-42ac-85c3-3f034b78b552:fa1e3217-dc80-42ac-85c3-3f034b78b552</ID><DisplayName>fa1e3217-dc80-42ac-85c3-3f034b78b552:fa1e3217-dc80-42ac-85c3-3f034b78b552</DisplayName></Grantee><Permission>FULL_CONTROL</Permission></Grant></AccessControlList></AccessControlPolicy>
    headers:
      Content-Length:
      - "698"
      Content-Type:
      - text/html; charset=UTF-8
      Date:
      - Wed, 21 Jun 2023 12:18:45 GMT
      X-Amz-Id-2:
      - txe36ed3a5458f45e3aa017-006492eaa4
      X-Amz-Request-Id:
      - txe36ed3a5458f45e3aa017-006492eaa4
    status: 200 OK
    code: 200
    duration: ""
- request:
    body: ""
    form: {}
    headers:
      User-Agent:
      - aws-sdk-go/1.44.275 (go1.20.4; linux; amd64)
      X-Amz-Content-Sha256:
      - e3b0c44298fc1c149afbf4c8996fb92427ae41e4649b934ca495991b7852b855
      X-Amz-Date:
      - 20230621T121845Z
    url: https://test-acc-scaleway-object-by-content-base64-3853413717852428690.s3.fr-par.scw.cloud/test-by-content-base64
    method: GET
  response:
    body: This is a different content
    headers:
      Accept-Ranges:
      - bytes
      Content-Length:
      - "27"
      Content-Type:
      - application/octet-stream
      Date:
      - Wed, 21 Jun 2023 12:18:45 GMT
      Etag:
      - '"1f53d996185ddae818e5e5d2540bfab0"'
      Last-Modified:
      - Wed, 21 Jun 2023 12:18:44 GMT
      X-Amz-Id-2:
      - tx20abe82c3789490a9fc59-006492eaa5
      X-Amz-Request-Id:
      - tx20abe82c3789490a9fc59-006492eaa5
      X-Amz-Version-Id:
      - "1687349924437365"
    status: 200 OK
    code: 200
    duration: ""
- request:
    body: ""
    form: {}
    headers:
      User-Agent:
      - aws-sdk-go/1.44.275 (go1.20.4; linux; amd64)
      X-Amz-Content-Sha256:
      - e3b0c44298fc1c149afbf4c8996fb92427ae41e4649b934ca495991b7852b855
      X-Amz-Date:
      - 20230621T121845Z
    url: https://test-acc-scaleway-object-by-content-base64-3853413717852428690.s3.fr-par.scw.cloud/?acl=
    method: GET
  response:
    body: |-
      <?xml version='1.0' encoding='UTF-8'?>
      <AccessControlPolicy xmlns="http://s3.amazonaws.com/doc/2006-03-01/"><Owner><ID>fa1e3217-dc80-42ac-85c3-3f034b78b552:fa1e3217-dc80-42ac-85c3-3f034b78b552</ID><DisplayName>fa1e3217-dc80-42ac-85c3-3f034b78b552:fa1e3217-dc80-42ac-85c3-3f034b78b552</DisplayName></Owner><AccessControlList><Grant><Grantee xmlns:xsi="http://www.w3.org/2001/XMLSchema-instance" xsi:type="CanonicalUser"><ID>fa1e3217-dc80-42ac-85c3-3f034b78b552:fa1e3217-dc80-42ac-85c3-3f034b78b552</ID><DisplayName>fa1e3217-dc80-42ac-85c3-3f034b78b552:fa1e3217-dc80-42ac-85c3-3f034b78b552</DisplayName></Grantee><Permission>FULL_CONTROL</Permission></Grant></AccessControlList></AccessControlPolicy>
    headers:
      Content-Length:
      - "698"
      Content-Type:
      - text/html; charset=UTF-8
      Date:
      - Wed, 21 Jun 2023 12:18:45 GMT
      X-Amz-Id-2:
      - tx6bc1a0d159a04cdf99756-006492eaa5
      X-Amz-Request-Id:
      - tx6bc1a0d159a04cdf99756-006492eaa5
    status: 200 OK
    code: 200
    duration: ""
- request:
    body: ""
    form: {}
    headers:
      User-Agent:
      - aws-sdk-go/1.44.275 (go1.20.4; linux; amd64)
      X-Amz-Content-Sha256:
      - e3b0c44298fc1c149afbf4c8996fb92427ae41e4649b934ca495991b7852b855
      X-Amz-Date:
      - 20230621T121845Z
    url: https://test-acc-scaleway-object-by-content-base64-3853413717852428690.s3.fr-par.scw.cloud/?object-lock=
    method: GET
  response:
    body: |-
      <?xml version='1.0' encoding='UTF-8'?>
      <Error><Code>ObjectLockConfigurationNotFoundError</Code><Message>Object Lock configuration does not exist for this bucket</Message><RequestId>txd8220f6aebe84225b2b56-006492eaa5</RequestId></Error>
    headers:
      Content-Type:
      - application/xml
      Date:
      - Wed, 21 Jun 2023 12:18:45 GMT
      X-Amz-Id-2:
      - txd8220f6aebe84225b2b56-006492eaa5
      X-Amz-Request-Id:
      - txd8220f6aebe84225b2b56-006492eaa5
    status: 404 Not Found
    code: 404
    duration: ""
- request:
    body: ""
    form: {}
    headers:
      User-Agent:
      - aws-sdk-go/1.44.275 (go1.20.4; linux; amd64)
      X-Amz-Content-Sha256:
      - e3b0c44298fc1c149afbf4c8996fb92427ae41e4649b934ca495991b7852b855
      X-Amz-Date:
      - 20230621T121845Z
    url: https://test-acc-scaleway-object-by-content-base64-3853413717852428690.s3.fr-par.scw.cloud/
    method: GET
  response:
    body: |-
      <?xml version='1.0' encoding='UTF-8'?>
      <ListBucketResult xmlns="http://s3.amazonaws.com/doc/2006-03-01/"><Name>test-acc-scaleway-object-by-content-base64-3853413717852428690</Name><Prefix/><Delimiter/><MaxKeys>1000</MaxKeys><IsTruncated>false</IsTruncated><Marker/><Contents><ETag>"1f53d996185ddae818e5e5d2540bfab0"</ETag><Key>test-by-content-base64</Key><LastModified>2023-06-21T12:18:44.000Z</LastModified><Size>27</Size><StorageClass>STANDARD</StorageClass><Owner><ID>fa1e3217-dc80-42ac-85c3-3f034b78b552:fa1e3217-dc80-42ac-85c3-3f034b78b552</ID><DisplayName>fa1e3217-dc80-42ac-85c3-3f034b78b552:fa1e3217-dc80-42ac-85c3-3f034b78b552</DisplayName></Owner></Contents></ListBucketResult>
    headers:
      Content-Length:
      - "687"
      Content-Type:
      - application/xml
      Date:
      - Wed, 21 Jun 2023 12:18:45 GMT
      X-Amz-Id-2:
      - tx4444ea2fb53645758b904-006492eaa5
      X-Amz-Request-Id:
      - tx4444ea2fb53645758b904-006492eaa5
    status: 200 OK
    code: 200
    duration: ""
- request:
    body: ""
    form: {}
    headers:
      User-Agent:
      - aws-sdk-go/1.44.275 (go1.20.4; linux; amd64)
      X-Amz-Content-Sha256:
      - e3b0c44298fc1c149afbf4c8996fb92427ae41e4649b934ca495991b7852b855
      X-Amz-Date:
      - 20230621T121845Z
    url: https://test-acc-scaleway-object-by-content-base64-3853413717852428690.s3.fr-par.scw.cloud/?tagging=
    method: GET
  response:
    body: |-
      <?xml version='1.0' encoding='UTF-8'?>
      <Error><Code>NoSuchTagSet</Code><Message>There is no tag set associated with the bucket or object.</Message><RequestId>tx1b60b3d032bc401c9ff09-006492eaa5</RequestId><Headers/></Error>
    headers:
      Content-Type:
      - application/xml
      Date:
      - Wed, 21 Jun 2023 12:18:45 GMT
      X-Amz-Id-2:
      - tx1b60b3d032bc401c9ff09-006492eaa5
      X-Amz-Request-Id:
      - tx1b60b3d032bc401c9ff09-006492eaa5
    status: 404 Not Found
    code: 404
    duration: ""
- request:
    body: ""
    form: {}
    headers:
      User-Agent:
      - aws-sdk-go/1.44.275 (go1.20.4; linux; amd64)
      X-Amz-Content-Sha256:
      - e3b0c44298fc1c149afbf4c8996fb92427ae41e4649b934ca495991b7852b855
      X-Amz-Date:
      - 20230621T121845Z
    url: https://test-acc-scaleway-object-by-content-base64-3853413717852428690.s3.fr-par.scw.cloud/?cors=
    method: GET
  response:
    body: |-
      <?xml version='1.0' encoding='UTF-8'?>
      <Error><Code>NoSuchCORSConfiguration</Code><Message>The CORS configuration does not exist</Message><RequestId>tx08d148f7fb284d4ab438d-006492eaa5</RequestId></Error>
    headers:
      Content-Type:
      - application/xml
      Date:
      - Wed, 21 Jun 2023 12:18:46 GMT
      X-Amz-Id-2:
      - tx08d148f7fb284d4ab438d-006492eaa5
      X-Amz-Request-Id:
      - tx08d148f7fb284d4ab438d-006492eaa5
    status: 404 Not Found
    code: 404
    duration: ""
- request:
    body: ""
    form: {}
    headers:
      User-Agent:
      - aws-sdk-go/1.44.275 (go1.20.4; linux; amd64)
      X-Amz-Content-Sha256:
      - e3b0c44298fc1c149afbf4c8996fb92427ae41e4649b934ca495991b7852b855
      X-Amz-Date:
      - 20230621T121846Z
    url: https://test-acc-scaleway-object-by-content-base64-3853413717852428690.s3.fr-par.scw.cloud/?versioning=
    method: GET
  response:
    body: |-
      <?xml version='1.0' encoding='UTF-8'?>
      <VersioningConfiguration xmlns="http://s3.amazonaws.com/doc/2006-03-01/"/>
    headers:
      Content-Length:
      - "113"
      Content-Type:
      - text/plain
      Date:
      - Wed, 21 Jun 2023 12:18:46 GMT
      X-Amz-Id-2:
      - tx2f1c1b2265d946dabe342-006492eaa6
      X-Amz-Request-Id:
      - tx2f1c1b2265d946dabe342-006492eaa6
    status: 200 OK
    code: 200
    duration: ""
- request:
    body: ""
    form: {}
    headers:
      User-Agent:
      - aws-sdk-go/1.44.275 (go1.20.4; linux; amd64)
      X-Amz-Content-Sha256:
      - e3b0c44298fc1c149afbf4c8996fb92427ae41e4649b934ca495991b7852b855
      X-Amz-Date:
      - 20230621T121846Z
    url: https://test-acc-scaleway-object-by-content-base64-3853413717852428690.s3.fr-par.scw.cloud/?lifecycle=
    method: GET
  response:
    body: |-
      <?xml version='1.0' encoding='UTF-8'?>
      <Error><Code>NoSuchLifecycleConfiguration</Code><Message>The lifecycle configuration does not exist.</Message><RequestId>txb13a71e2b2c4448bbd2be-006492eaa6</RequestId></Error>
    headers:
      Content-Type:
      - application/xml
      Date:
      - Wed, 21 Jun 2023 12:18:46 GMT
      X-Amz-Id-2:
      - txb13a71e2b2c4448bbd2be-006492eaa6
      X-Amz-Request-Id:
      - txb13a71e2b2c4448bbd2be-006492eaa6
    status: 404 Not Found
    code: 404
    duration: ""
- request:
    body: ""
    form: {}
    headers:
      User-Agent:
      - aws-sdk-go/1.44.275 (go1.20.4; linux; amd64)
      X-Amz-Content-Sha256:
      - e3b0c44298fc1c149afbf4c8996fb92427ae41e4649b934ca495991b7852b855
      X-Amz-Date:
      - 20230621T121846Z
    url: https://test-acc-scaleway-object-by-content-base64-3853413717852428690.s3.fr-par.scw.cloud/test-by-content-base64
    method: HEAD
  response:
    body: ""
    headers:
      Accept-Ranges:
      - bytes
      Content-Length:
      - "27"
      Content-Type:
      - application/octet-stream
      Date:
      - Wed, 21 Jun 2023 12:18:46 GMT
      Etag:
      - '"1f53d996185ddae818e5e5d2540bfab0"'
      Last-Modified:
      - Wed, 21 Jun 2023 12:18:44 GMT
      X-Amz-Id-2:
      - tx7ca72e457a4146e4814f2-006492eaa6
      X-Amz-Request-Id:
      - tx7ca72e457a4146e4814f2-006492eaa6
      X-Amz-Version-Id:
      - "1687349924437365"
    status: 200 OK
    code: 200
    duration: ""
- request:
    body: ""
    form: {}
    headers:
      User-Agent:
      - aws-sdk-go/1.44.275 (go1.20.4; linux; amd64)
      X-Amz-Content-Sha256:
      - e3b0c44298fc1c149afbf4c8996fb92427ae41e4649b934ca495991b7852b855
      X-Amz-Date:
      - 20230621T121846Z
    url: https://test-acc-scaleway-object-by-content-base64-3853413717852428690.s3.fr-par.scw.cloud/test-by-content-base64?tagging=
    method: GET
  response:
    body: |-
      <?xml version='1.0' encoding='UTF-8'?>
      <Tagging xmlns="http://s3.amazonaws.com/doc/2006-03-01/"><TagSet/></Tagging>
    headers:
      Content-Length:
      - "115"
      Content-Type:
      - application/xml
      Date:
      - Wed, 21 Jun 2023 12:18:46 GMT
      X-Amz-Id-2:
      - tx46a7b7121ef74a909addb-006492eaa6
      X-Amz-Request-Id:
      - tx46a7b7121ef74a909addb-006492eaa6
      X-Amz-Version-Id:
      - "1687349924437365"
    status: 200 OK
    code: 200
    duration: ""
- request:
    body: ""
    form: {}
    headers:
      User-Agent:
      - aws-sdk-go/1.44.275 (go1.20.4; linux; amd64)
      X-Amz-Content-Sha256:
      - e3b0c44298fc1c149afbf4c8996fb92427ae41e4649b934ca495991b7852b855
      X-Amz-Date:
      - 20230621T121846Z
    url: https://test-acc-scaleway-object-by-content-base64-3853413717852428690.s3.fr-par.scw.cloud/test-by-content-base64?acl=
    method: GET
  response:
    body: |-
      <?xml version='1.0' encoding='UTF-8'?>
      <AccessControlPolicy xmlns="http://s3.amazonaws.com/doc/2006-03-01/"><Owner><ID>fa1e3217-dc80-42ac-85c3-3f034b78b552:fa1e3217-dc80-42ac-85c3-3f034b78b552</ID><DisplayName>fa1e3217-dc80-42ac-85c3-3f034b78b552:fa1e3217-dc80-42ac-85c3-3f034b78b552</DisplayName></Owner><AccessControlList><Grant><Grantee xmlns:xsi="http://www.w3.org/2001/XMLSchema-instance" xsi:type="CanonicalUser"><ID>fa1e3217-dc80-42ac-85c3-3f034b78b552:fa1e3217-dc80-42ac-85c3-3f034b78b552</ID><DisplayName>fa1e3217-dc80-42ac-85c3-3f034b78b552:fa1e3217-dc80-42ac-85c3-3f034b78b552</DisplayName></Grantee><Permission>FULL_CONTROL</Permission></Grant></AccessControlList></AccessControlPolicy>
    headers:
      Content-Length:
      - "698"
      Content-Type:
      - text/html; charset=UTF-8
      Date:
      - Wed, 21 Jun 2023 12:18:46 GMT
      X-Amz-Id-2:
      - tx1f4f205c057048809c3b8-006492eaa6
      X-Amz-Request-Id:
      - tx1f4f205c057048809c3b8-006492eaa6
    status: 200 OK
    code: 200
    duration: ""
- request:
    body: ""
    form: {}
    headers:
      User-Agent:
      - aws-sdk-go/1.44.275 (go1.20.4; linux; amd64)
      X-Amz-Content-Sha256:
      - e3b0c44298fc1c149afbf4c8996fb92427ae41e4649b934ca495991b7852b855
      X-Amz-Date:
      - 20230621T121846Z
    url: https://test-acc-scaleway-object-by-content-base64-3853413717852428690.s3.fr-par.scw.cloud/?acl=
    method: GET
  response:
    body: |-
      <?xml version='1.0' encoding='UTF-8'?>
      <AccessControlPolicy xmlns="http://s3.amazonaws.com/doc/2006-03-01/"><Owner><ID>fa1e3217-dc80-42ac-85c3-3f034b78b552:fa1e3217-dc80-42ac-85c3-3f034b78b552</ID><DisplayName>fa1e3217-dc80-42ac-85c3-3f034b78b552:fa1e3217-dc80-42ac-85c3-3f034b78b552</DisplayName></Owner><AccessControlList><Grant><Grantee xmlns:xsi="http://www.w3.org/2001/XMLSchema-instance" xsi:type="CanonicalUser"><ID>fa1e3217-dc80-42ac-85c3-3f034b78b552:fa1e3217-dc80-42ac-85c3-3f034b78b552</ID><DisplayName>fa1e3217-dc80-42ac-85c3-3f034b78b552:fa1e3217-dc80-42ac-85c3-3f034b78b552</DisplayName></Grantee><Permission>FULL_CONTROL</Permission></Grant></AccessControlList></AccessControlPolicy>
    headers:
      Content-Length:
      - "698"
      Content-Type:
      - text/html; charset=UTF-8
      Date:
      - Wed, 21 Jun 2023 12:18:46 GMT
      X-Amz-Id-2:
      - txeb8ce9b358e14acb9424f-006492eaa6
      X-Amz-Request-Id:
      - txeb8ce9b358e14acb9424f-006492eaa6
    status: 200 OK
    code: 200
    duration: ""
- request:
    body: ""
    form: {}
    headers:
      User-Agent:
      - aws-sdk-go/1.44.275 (go1.20.4; linux; amd64)
      X-Amz-Content-Sha256:
      - e3b0c44298fc1c149afbf4c8996fb92427ae41e4649b934ca495991b7852b855
      X-Amz-Date:
      - 20230621T121846Z
    url: https://test-acc-scaleway-object-by-content-base64-3853413717852428690.s3.fr-par.scw.cloud/?object-lock=
    method: GET
  response:
    body: |-
      <?xml version='1.0' encoding='UTF-8'?>
      <Error><Code>ObjectLockConfigurationNotFoundError</Code><Message>Object Lock configuration does not exist for this bucket</Message><RequestId>txfce976f610ee4cbabf3a7-006492eaa6</RequestId></Error>
    headers:
      Content-Type:
      - application/xml
      Date:
      - Wed, 21 Jun 2023 12:18:46 GMT
      X-Amz-Id-2:
      - txfce976f610ee4cbabf3a7-006492eaa6
      X-Amz-Request-Id:
      - txfce976f610ee4cbabf3a7-006492eaa6
    status: 404 Not Found
    code: 404
    duration: ""
- request:
    body: ""
    form: {}
    headers:
      User-Agent:
      - aws-sdk-go/1.44.275 (go1.20.4; linux; amd64)
      X-Amz-Content-Sha256:
      - e3b0c44298fc1c149afbf4c8996fb92427ae41e4649b934ca495991b7852b855
      X-Amz-Date:
      - 20230621T121846Z
    url: https://test-acc-scaleway-object-by-content-base64-3853413717852428690.s3.fr-par.scw.cloud/
    method: GET
  response:
    body: |-
      <?xml version='1.0' encoding='UTF-8'?>
      <ListBucketResult xmlns="http://s3.amazonaws.com/doc/2006-03-01/"><Name>test-acc-scaleway-object-by-content-base64-3853413717852428690</Name><Prefix/><Delimiter/><MaxKeys>1000</MaxKeys><IsTruncated>false</IsTruncated><Marker/><Contents><ETag>"1f53d996185ddae818e5e5d2540bfab0"</ETag><Key>test-by-content-base64</Key><LastModified>2023-06-21T12:18:44.000Z</LastModified><Size>27</Size><StorageClass>STANDARD</StorageClass><Owner><ID>fa1e3217-dc80-42ac-85c3-3f034b78b552:fa1e3217-dc80-42ac-85c3-3f034b78b552</ID><DisplayName>fa1e3217-dc80-42ac-85c3-3f034b78b552:fa1e3217-dc80-42ac-85c3-3f034b78b552</DisplayName></Owner></Contents></ListBucketResult>
    headers:
      Content-Length:
      - "687"
      Content-Type:
      - application/xml
      Date:
      - Wed, 21 Jun 2023 12:18:46 GMT
      X-Amz-Id-2:
      - tx9d68f7c26d124e44ba493-006492eaa6
      X-Amz-Request-Id:
      - tx9d68f7c26d124e44ba493-006492eaa6
    status: 200 OK
    code: 200
    duration: ""
- request:
    body: ""
    form: {}
    headers:
      User-Agent:
      - aws-sdk-go/1.44.275 (go1.20.4; linux; amd64)
      X-Amz-Content-Sha256:
      - e3b0c44298fc1c149afbf4c8996fb92427ae41e4649b934ca495991b7852b855
      X-Amz-Date:
      - 20230621T121846Z
    url: https://test-acc-scaleway-object-by-content-base64-3853413717852428690.s3.fr-par.scw.cloud/?tagging=
    method: GET
  response:
    body: |-
      <?xml version='1.0' encoding='UTF-8'?>
      <Error><Code>NoSuchTagSet</Code><Message>There is no tag set associated with the bucket or object.</Message><RequestId>tx38559f1239204cd38243c-006492eaa6</RequestId><Headers/></Error>
    headers:
      Content-Type:
      - application/xml
      Date:
      - Wed, 21 Jun 2023 12:18:46 GMT
      X-Amz-Id-2:
      - tx38559f1239204cd38243c-006492eaa6
      X-Amz-Request-Id:
      - tx38559f1239204cd38243c-006492eaa6
    status: 404 Not Found
    code: 404
    duration: ""
- request:
    body: ""
    form: {}
    headers:
      User-Agent:
      - aws-sdk-go/1.44.275 (go1.20.4; linux; amd64)
      X-Amz-Content-Sha256:
      - e3b0c44298fc1c149afbf4c8996fb92427ae41e4649b934ca495991b7852b855
      X-Amz-Date:
      - 20230621T121846Z
    url: https://test-acc-scaleway-object-by-content-base64-3853413717852428690.s3.fr-par.scw.cloud/?cors=
    method: GET
  response:
    body: |-
      <?xml version='1.0' encoding='UTF-8'?>
      <Error><Code>NoSuchCORSConfiguration</Code><Message>The CORS configuration does not exist</Message><RequestId>tx45cb5038ac7942edbd1c8-006492eaa6</RequestId></Error>
    headers:
      Content-Type:
      - application/xml
      Date:
      - Wed, 21 Jun 2023 12:18:47 GMT
      X-Amz-Id-2:
      - tx45cb5038ac7942edbd1c8-006492eaa6
      X-Amz-Request-Id:
      - tx45cb5038ac7942edbd1c8-006492eaa6
    status: 404 Not Found
    code: 404
    duration: ""
- request:
    body: ""
    form: {}
    headers:
      User-Agent:
      - aws-sdk-go/1.44.275 (go1.20.4; linux; amd64)
      X-Amz-Content-Sha256:
      - e3b0c44298fc1c149afbf4c8996fb92427ae41e4649b934ca495991b7852b855
      X-Amz-Date:
      - 20230621T121847Z
    url: https://test-acc-scaleway-object-by-content-base64-3853413717852428690.s3.fr-par.scw.cloud/?versioning=
    method: GET
  response:
    body: |-
      <?xml version='1.0' encoding='UTF-8'?>
      <VersioningConfiguration xmlns="http://s3.amazonaws.com/doc/2006-03-01/"/>
    headers:
      Content-Length:
      - "113"
      Content-Type:
      - text/plain
      Date:
      - Wed, 21 Jun 2023 12:18:47 GMT
      X-Amz-Id-2:
      - txd2c42de9d38a4a12b7ac5-006492eaa7
      X-Amz-Request-Id:
      - txd2c42de9d38a4a12b7ac5-006492eaa7
    status: 200 OK
    code: 200
    duration: ""
- request:
    body: ""
    form: {}
    headers:
      User-Agent:
      - aws-sdk-go/1.44.275 (go1.20.4; linux; amd64)
      X-Amz-Content-Sha256:
      - e3b0c44298fc1c149afbf4c8996fb92427ae41e4649b934ca495991b7852b855
      X-Amz-Date:
      - 20230621T121847Z
    url: https://test-acc-scaleway-object-by-content-base64-3853413717852428690.s3.fr-par.scw.cloud/?lifecycle=
    method: GET
  response:
    body: |-
      <?xml version='1.0' encoding='UTF-8'?>
      <Error><Code>NoSuchLifecycleConfiguration</Code><Message>The lifecycle configuration does not exist.</Message><RequestId>tx7d3d7aa6ba3e46aa9b5c7-006492eaa7</RequestId></Error>
    headers:
      Content-Type:
      - application/xml
      Date:
      - Wed, 21 Jun 2023 12:18:47 GMT
      X-Amz-Id-2:
      - tx7d3d7aa6ba3e46aa9b5c7-006492eaa7
      X-Amz-Request-Id:
      - tx7d3d7aa6ba3e46aa9b5c7-006492eaa7
    status: 404 Not Found
    code: 404
    duration: ""
- request:
    body: ""
    form: {}
    headers:
      User-Agent:
      - aws-sdk-go/1.44.275 (go1.20.4; linux; amd64)
      X-Amz-Content-Sha256:
      - e3b0c44298fc1c149afbf4c8996fb92427ae41e4649b934ca495991b7852b855
      X-Amz-Date:
      - 20230621T121847Z
    url: https://test-acc-scaleway-object-by-content-base64-3853413717852428690.s3.fr-par.scw.cloud/test-by-content-base64
    method: HEAD
  response:
    body: ""
    headers:
      Accept-Ranges:
      - bytes
      Content-Length:
      - "27"
      Content-Type:
      - application/octet-stream
      Date:
      - Wed, 21 Jun 2023 12:18:47 GMT
      Etag:
      - '"1f53d996185ddae818e5e5d2540bfab0"'
      Last-Modified:
      - Wed, 21 Jun 2023 12:18:44 GMT
      X-Amz-Id-2:
      - txe4701441c8b1461684f40-006492eaa7
      X-Amz-Request-Id:
      - txe4701441c8b1461684f40-006492eaa7
      X-Amz-Version-Id:
      - "1687349924437365"
    status: 200 OK
    code: 200
    duration: ""
- request:
    body: ""
    form: {}
    headers:
      User-Agent:
      - aws-sdk-go/1.44.275 (go1.20.4; linux; amd64)
      X-Amz-Content-Sha256:
      - e3b0c44298fc1c149afbf4c8996fb92427ae41e4649b934ca495991b7852b855
      X-Amz-Date:
      - 20230621T121847Z
    url: https://test-acc-scaleway-object-by-content-base64-3853413717852428690.s3.fr-par.scw.cloud/test-by-content-base64?tagging=
    method: GET
  response:
    body: |-
      <?xml version='1.0' encoding='UTF-8'?>
      <Tagging xmlns="http://s3.amazonaws.com/doc/2006-03-01/"><TagSet/></Tagging>
    headers:
      Content-Length:
      - "115"
      Content-Type:
      - application/xml
      Date:
      - Wed, 21 Jun 2023 12:18:47 GMT
      X-Amz-Id-2:
      - tx14e12dec76354800b03e3-006492eaa7
      X-Amz-Request-Id:
      - tx14e12dec76354800b03e3-006492eaa7
      X-Amz-Version-Id:
      - "1687349924437365"
    status: 200 OK
    code: 200
    duration: ""
- request:
    body: ""
    form: {}
    headers:
      User-Agent:
      - aws-sdk-go/1.44.275 (go1.20.4; linux; amd64)
      X-Amz-Content-Sha256:
      - e3b0c44298fc1c149afbf4c8996fb92427ae41e4649b934ca495991b7852b855
      X-Amz-Date:
      - 20230621T121847Z
    url: https://test-acc-scaleway-object-by-content-base64-3853413717852428690.s3.fr-par.scw.cloud/test-by-content-base64?acl=
    method: GET
  response:
    body: |-
      <?xml version='1.0' encoding='UTF-8'?>
      <AccessControlPolicy xmlns="http://s3.amazonaws.com/doc/2006-03-01/"><Owner><ID>fa1e3217-dc80-42ac-85c3-3f034b78b552:fa1e3217-dc80-42ac-85c3-3f034b78b552</ID><DisplayName>fa1e3217-dc80-42ac-85c3-3f034b78b552:fa1e3217-dc80-42ac-85c3-3f034b78b552</DisplayName></Owner><AccessControlList><Grant><Grantee xmlns:xsi="http://www.w3.org/2001/XMLSchema-instance" xsi:type="CanonicalUser"><ID>fa1e3217-dc80-42ac-85c3-3f034b78b552:fa1e3217-dc80-42ac-85c3-3f034b78b552</ID><DisplayName>fa1e3217-dc80-42ac-85c3-3f034b78b552:fa1e3217-dc80-42ac-85c3-3f034b78b552</DisplayName></Grantee><Permission>FULL_CONTROL</Permission></Grant></AccessControlList></AccessControlPolicy>
    headers:
      Content-Length:
      - "698"
      Content-Type:
      - text/html; charset=UTF-8
      Date:
      - Wed, 21 Jun 2023 12:18:47 GMT
      X-Amz-Id-2:
      - txf8c7ff0a62684019b9ee1-006492eaa7
      X-Amz-Request-Id:
      - txf8c7ff0a62684019b9ee1-006492eaa7
    status: 200 OK
    code: 200
    duration: ""
- request:
    body: ""
    form: {}
    headers:
      User-Agent:
      - aws-sdk-go/1.44.275 (go1.20.4; linux; amd64)
      X-Amz-Acl:
      - private
      X-Amz-Content-Sha256:
      - e3b0c44298fc1c149afbf4c8996fb92427ae41e4649b934ca495991b7852b855
      X-Amz-Copy-Source:
      - test-acc-scaleway-object-by-content-base64-3853413717852428690/test-by-content-base64
      X-Amz-Date:
      - 20230621T121847Z
    url: https://test-acc-scaleway-object-by-content-base64-3853413717852428690.s3.fr-par.scw.cloud/test-by-content-base64
    method: PUT
  response:
    body: |-
      <?xml version='1.0' encoding='UTF-8'?>
      <CopyObjectResult xmlns="http://s3.amazonaws.com/doc/2006-03-01/"><LastModified>2023-06-21T12:18:47.000Z</LastModified><ETag>"1f53d996185ddae818e5e5d2540bfab0"</ETag></CopyObjectResult>
    headers:
      Content-Length:
      - "224"
      Content-Type:
      - application/xml
      Date:
      - Wed, 21 Jun 2023 12:18:47 GMT
      Last-Modified:
      - Wed, 21 Jun 2023 12:18:47 GMT
      X-Amz-Id-2:
      - tx11811250435b4626867ed-006492eaa7
      X-Amz-Request-Id:
      - tx11811250435b4626867ed-006492eaa7
      X-Amz-Version-Id:
      - "1687349924437365"
    status: 200 OK
    code: 200
    duration: ""
- request:
    body: ""
    form: {}
    headers:
      User-Agent:
      - aws-sdk-go/1.44.275 (go1.20.4; linux; amd64)
      X-Amz-Content-Sha256:
      - e3b0c44298fc1c149afbf4c8996fb92427ae41e4649b934ca495991b7852b855
      X-Amz-Date:
      - 20230621T121848Z
    url: https://test-acc-scaleway-object-by-content-base64-3853413717852428690.s3.fr-par.scw.cloud/test-by-content-base64
    method: DELETE
  response:
    body: ""
    headers:
      Content-Length:
      - "0"
      Content-Type:
      - text/html; charset=UTF-8
      Date:
      - Wed, 21 Jun 2023 12:18:48 GMT
      X-Amz-Id-2:
      - tx7309352a87d54018aa993-006492eaa8
      X-Amz-Request-Id:
      - tx7309352a87d54018aa993-006492eaa8
    status: 204 No Content
    code: 204
    duration: ""
- request:
    body: ""
    form: {}
    headers:
      User-Agent:
      - aws-sdk-go/1.44.275 (go1.20.4; linux; amd64)
      X-Amz-Content-Sha256:
      - e3b0c44298fc1c149afbf4c8996fb92427ae41e4649b934ca495991b7852b855
      X-Amz-Date:
      - 20230621T121848Z
    url: https://test-acc-scaleway-object-by-content-base64-3853413717852428690.s3.fr-par.scw.cloud/
    method: DELETE
  response:
    body: ""
    headers:
      Content-Length:
      - "0"
      Content-Type:
      - text/html; charset=UTF-8
      Date:
      - Wed, 21 Jun 2023 12:18:48 GMT
      X-Amz-Id-2:
      - tx46883f61f7c249d18d18f-006492eaa8
      X-Amz-Request-Id:
      - tx46883f61f7c249d18d18f-006492eaa8
    status: 204 No Content
    code: 204
    duration: ""
