---
version: 1
interactions:
- request:
    body: <CreateBucketConfiguration xmlns="http://s3.amazonaws.com/doc/2006-03-01/"><LocationConstraint>fr-par</LocationConstraint></CreateBucketConfiguration>
    form: {}
    headers:
      Content-Length:
      - "150"
      User-Agent:
      - aws-sdk-go/1.44.128 (go1.19.2; darwin; amd64)
      X-Amz-Acl:
      - private
      X-Amz-Bucket-Object-Lock-Enabled:
      - "false"
      X-Amz-Content-Sha256:
      - 2cb57fad7b7168921a4c94426cfcb9ee2953f126430595df844e22d50f029060
      X-Amz-Date:
      - 20221110T101840Z
    url: https://test-acc-scaleway-object-storage-class-3880259205865740275.s3.fr-par.scw.cloud/
    method: PUT
  response:
    body: |-
      <?xml version='1.0' encoding='UTF-8'?>
      <Error><Code>InternalError</Code><Message>We encountered an internal error. Please try again.</Message><RequestId>tx6f29d093456645a899a88-00636cd001</RequestId></Error>
    headers:
      Content-Type:
      - application/xml
      Date:
      - Thu, 10 Nov 2022 10:18:45 GMT
      X-Amz-Id-2:
      - tx6f29d093456645a899a88-00636cd001
      X-Amz-Request-Id:
      - tx6f29d093456645a899a88-00636cd001
    status: 500 Internal Server Error
    code: 500
    duration: ""
- request:
    body: <CreateBucketConfiguration xmlns="http://s3.amazonaws.com/doc/2006-03-01/"><LocationConstraint>fr-par</LocationConstraint></CreateBucketConfiguration>
    form: {}
    headers:
      Content-Length:
      - "150"
      User-Agent:
      - aws-sdk-go/1.44.128 (go1.19.2; darwin; amd64)
      X-Amz-Acl:
      - private
      X-Amz-Bucket-Object-Lock-Enabled:
      - "false"
      X-Amz-Content-Sha256:
      - 2cb57fad7b7168921a4c94426cfcb9ee2953f126430595df844e22d50f029060
      X-Amz-Date:
      - 20221110T101840Z
    url: https://test-acc-scaleway-object-storage-class-3880259205865740275.s3.fr-par.scw.cloud/
    method: PUT
  response:
    body: ""
    headers:
      Content-Length:
      - "0"
      Content-Type:
      - text/html; charset=UTF-8
      Date:
      - Thu, 10 Nov 2022 10:18:51 GMT
      Location:
      - /test-acc-scaleway-object-storage-class-3880259205865740275
      X-Amz-Id-2:
      - tx7a3384f3441e4f09a45f3-00636cd007
      X-Amz-Request-Id:
      - tx7a3384f3441e4f09a45f3-00636cd007
    status: 200 OK
    code: 200
    duration: ""
- request:
    body: <Tagging xmlns="http://s3.amazonaws.com/doc/2006-03-01/"><TagSet><Tag><Key>foo</Key><Value>bar</Value></Tag></TagSet></Tagging>
    form: {}
    headers:
      Content-Length:
      - "127"
      Content-Md5:
      - GLaI7og/rAKomUfPePCCFQ==
      User-Agent:
      - aws-sdk-go/1.44.128 (go1.19.2; darwin; amd64)
      X-Amz-Content-Sha256:
      - d68cba1a39d89eb72e49b2e5b04058846b60e88e6e32eae42901c4f57a4727a8
      X-Amz-Date:
      - 20221110T101851Z
    url: https://test-acc-scaleway-object-storage-class-3880259205865740275.s3.fr-par.scw.cloud/?tagging=
    method: PUT
  response:
    body: ""
    headers:
      Content-Length:
      - "0"
      Content-Type:
      - text/html; charset=UTF-8
      Date:
      - Thu, 10 Nov 2022 10:18:52 GMT
      X-Amz-Id-2:
      - txf9b5f603302049cc96a50-00636cd00b
      X-Amz-Request-Id:
      - txf9b5f603302049cc96a50-00636cd00b
    status: 204 No Content
    code: 204
    duration: ""
- request:
    body: ""
    form: {}
    headers:
      Content-Md5:
      - 1B2M2Y8AsgTpgAmY7PhCfg==
      User-Agent:
      - aws-sdk-go/1.44.128 (go1.19.2; darwin; amd64)
      X-Amz-Acl:
      - private
      X-Amz-Content-Sha256:
      - e3b0c44298fc1c149afbf4c8996fb92427ae41e4649b934ca495991b7852b855
      X-Amz-Date:
      - 20221110T101852Z
    url: https://test-acc-scaleway-object-storage-class-3880259205865740275.s3.fr-par.scw.cloud/?acl=
    method: PUT
  response:
    body: ""
    headers:
      Content-Length:
      - "0"
      Content-Type:
      - text/html; charset=UTF-8
      Date:
      - Thu, 10 Nov 2022 10:18:52 GMT
      X-Amz-Id-2:
      - tx0ce8f48c3cce465493015-00636cd00c
      X-Amz-Request-Id:
      - tx0ce8f48c3cce465493015-00636cd00c
    status: 200 OK
    code: 200
    duration: ""
- request:
    body: <Tagging xmlns="http://s3.amazonaws.com/doc/2006-03-01/"><TagSet><Tag><Key>foo</Key><Value>bar</Value></Tag></TagSet></Tagging>
    form: {}
    headers:
      Content-Length:
      - "127"
      Content-Md5:
      - GLaI7og/rAKomUfPePCCFQ==
      User-Agent:
      - aws-sdk-go/1.44.128 (go1.19.2; darwin; amd64)
      X-Amz-Content-Sha256:
      - d68cba1a39d89eb72e49b2e5b04058846b60e88e6e32eae42901c4f57a4727a8
      X-Amz-Date:
      - 20221110T101852Z
    url: https://test-acc-scaleway-object-storage-class-3880259205865740275.s3.fr-par.scw.cloud/?tagging=
    method: PUT
  response:
    body: ""
    headers:
      Content-Length:
      - "0"
      Content-Type:
      - text/html; charset=UTF-8
      Date:
      - Thu, 10 Nov 2022 10:18:52 GMT
      X-Amz-Id-2:
      - txe8cfa4b153d8456090bb3-00636cd00c
      X-Amz-Request-Id:
      - txe8cfa4b153d8456090bb3-00636cd00c
    status: 204 No Content
    code: 204
    duration: ""
- request:
    body: ""
    form: {}
    headers:
      User-Agent:
      - aws-sdk-go/1.44.128 (go1.19.2; darwin; amd64)
      X-Amz-Content-Sha256:
      - e3b0c44298fc1c149afbf4c8996fb92427ae41e4649b934ca495991b7852b855
      X-Amz-Date:
      - 20221110T101852Z
    url: https://test-acc-scaleway-object-storage-class-3880259205865740275.s3.fr-par.scw.cloud/?object-lock=
    method: GET
  response:
    body: |-
      <?xml version='1.0' encoding='UTF-8'?>
      <Error><Code>ObjectLockConfigurationNotFoundError</Code><Message>Object Lock configuration does not exist for this bucket</Message><RequestId>tx441006a293b743dbbd827-00636cd00c</RequestId></Error>
    headers:
      Content-Type:
      - application/xml
      Date:
      - Thu, 10 Nov 2022 10:18:52 GMT
      X-Amz-Id-2:
      - tx441006a293b743dbbd827-00636cd00c
      X-Amz-Request-Id:
      - tx441006a293b743dbbd827-00636cd00c
    status: 404 Not Found
    code: 404
    duration: ""
- request:
    body: ""
    form: {}
    headers:
      User-Agent:
      - aws-sdk-go/1.44.128 (go1.19.2; darwin; amd64)
      X-Amz-Content-Sha256:
      - e3b0c44298fc1c149afbf4c8996fb92427ae41e4649b934ca495991b7852b855
      X-Amz-Date:
      - 20221110T101852Z
    url: https://test-acc-scaleway-object-storage-class-3880259205865740275.s3.fr-par.scw.cloud/
    method: GET
  response:
    body: |-
      <?xml version='1.0' encoding='UTF-8'?>
      <ListBucketResult xmlns="http://s3.amazonaws.com/doc/2006-03-01/"><Name>test-acc-scaleway-object-storage-class-3880259205865740275</Name><Prefix/><Delimiter/><MaxKeys>1000</MaxKeys><IsTruncated>false</IsTruncated><Marker/></ListBucketResult>
    headers:
      Content-Length:
      - "280"
      Content-Type:
      - application/xml
      Date:
      - Thu, 10 Nov 2022 10:18:53 GMT
      X-Amz-Id-2:
      - txe79293d0b5d1471688fc5-00636cd00c
      X-Amz-Request-Id:
      - txe79293d0b5d1471688fc5-00636cd00c
    status: 200 OK
    code: 200
    duration: ""
- request:
    body: ""
    form: {}
    headers:
      User-Agent:
      - aws-sdk-go/1.44.128 (go1.19.2; darwin; amd64)
      X-Amz-Content-Sha256:
      - e3b0c44298fc1c149afbf4c8996fb92427ae41e4649b934ca495991b7852b855
      X-Amz-Date:
      - 20221110T101853Z
    url: https://test-acc-scaleway-object-storage-class-3880259205865740275.s3.fr-par.scw.cloud/?tagging=
    method: GET
  response:
    body: <Tagging xmlns="http://s3.amazonaws.com/doc/2006-03-01/"><TagSet><Tag><Key>foo</Key><Value>bar</Value></Tag></TagSet></Tagging>
    headers:
      Content-Length:
      - "127"
      Content-Type:
      - application/xml
      Date:
      - Thu, 10 Nov 2022 10:18:53 GMT
      X-Amz-Id-2:
      - tx2bb6ec3597124d3095bc1-00636cd00d
      X-Amz-Request-Id:
      - tx2bb6ec3597124d3095bc1-00636cd00d
    status: 200 OK
    code: 200
    duration: ""
- request:
    body: ""
    form: {}
    headers:
      User-Agent:
      - aws-sdk-go/1.44.128 (go1.19.2; darwin; amd64)
      X-Amz-Content-Sha256:
      - e3b0c44298fc1c149afbf4c8996fb92427ae41e4649b934ca495991b7852b855
      X-Amz-Date:
      - 20221110T101853Z
    url: https://test-acc-scaleway-object-storage-class-3880259205865740275.s3.fr-par.scw.cloud/?cors=
    method: GET
  response:
    body: |-
      <?xml version='1.0' encoding='UTF-8'?>
      <Error><Code>NoSuchCORSConfiguration</Code><Message>The CORS configuration does not exist</Message><RequestId>tx5f76fc41c3de46a1b9d52-00636cd00d</RequestId></Error>
    headers:
      Content-Type:
      - application/xml
      Date:
      - Thu, 10 Nov 2022 10:18:53 GMT
      X-Amz-Id-2:
      - tx5f76fc41c3de46a1b9d52-00636cd00d
      X-Amz-Request-Id:
      - tx5f76fc41c3de46a1b9d52-00636cd00d
    status: 404 Not Found
    code: 404
    duration: ""
- request:
    body: ""
    form: {}
    headers:
      User-Agent:
      - aws-sdk-go/1.44.128 (go1.19.2; darwin; amd64)
      X-Amz-Content-Sha256:
      - e3b0c44298fc1c149afbf4c8996fb92427ae41e4649b934ca495991b7852b855
      X-Amz-Date:
      - 20221110T101853Z
    url: https://test-acc-scaleway-object-storage-class-3880259205865740275.s3.fr-par.scw.cloud/?versioning=
    method: GET
  response:
    body: |-
      <?xml version='1.0' encoding='UTF-8'?>
      <VersioningConfiguration xmlns="http://s3.amazonaws.com/doc/2006-03-01/"/>
    headers:
      Content-Length:
      - "113"
      Content-Type:
      - text/plain
      Date:
      - Thu, 10 Nov 2022 10:18:53 GMT
      X-Amz-Id-2:
      - tx159087b59b3c40eebcc5b-00636cd00d
      X-Amz-Request-Id:
      - tx159087b59b3c40eebcc5b-00636cd00d
    status: 200 OK
    code: 200
    duration: ""
- request:
    body: ""
    form: {}
    headers:
      User-Agent:
      - aws-sdk-go/1.44.128 (go1.19.2; darwin; amd64)
      X-Amz-Content-Sha256:
      - e3b0c44298fc1c149afbf4c8996fb92427ae41e4649b934ca495991b7852b855
      X-Amz-Date:
      - 20221110T101853Z
    url: https://test-acc-scaleway-object-storage-class-3880259205865740275.s3.fr-par.scw.cloud/?lifecycle=
    method: GET
  response:
    body: |-
      <?xml version='1.0' encoding='UTF-8'?>
      <Error><Code>NoSuchLifecycleConfiguration</Code><Message>The lifecycle configuration does not exist.</Message><RequestId>txc559eda9e0bd46cabc714-00636cd00d</RequestId></Error>
    headers:
      Content-Type:
      - application/xml
      Date:
      - Thu, 10 Nov 2022 10:18:53 GMT
      X-Amz-Id-2:
      - txc559eda9e0bd46cabc714-00636cd00d
      X-Amz-Request-Id:
      - txc559eda9e0bd46cabc714-00636cd00d
    status: 404 Not Found
    code: 404
    duration: ""
- request:
    body: ""
    form: {}
    headers:
      Content-Md5:
      - 1B2M2Y8AsgTpgAmY7PhCfg==
      User-Agent:
      - aws-sdk-go/1.44.128 (go1.19.2; darwin; amd64)
      X-Amz-Content-Sha256:
      - e3b0c44298fc1c149afbf4c8996fb92427ae41e4649b934ca495991b7852b855
      X-Amz-Date:
      - 20221110T101853Z
      X-Amz-Storage-Class:
      - ONEZONE_IA
    url: https://test-acc-scaleway-object-storage-class-3880259205865740275.s3.fr-par.scw.cloud/myfile
    method: PUT
  response:
    body: ""
    headers:
      Content-Length:
      - "0"
      Content-Type:
      - text/html; charset=UTF-8
      Date:
      - Thu, 10 Nov 2022 10:18:54 GMT
      Etag:
      - '"d41d8cd98f00b204e9800998ecf8427e"'
      Last-Modified:
      - Thu, 10 Nov 2022 10:18:53 GMT
      X-Amz-Id-2:
      - txa8e06d6add1f40e5b8833-00636cd00d
      X-Amz-Request-Id:
      - txa8e06d6add1f40e5b8833-00636cd00d
      X-Amz-Version-Id:
      - "1668075533938353"
    status: 200 OK
    code: 200
    duration: ""
- request:
    body: ""
    form: {}
    headers:
      User-Agent:
      - aws-sdk-go/1.44.128 (go1.19.2; darwin; amd64)
      X-Amz-Content-Sha256:
      - e3b0c44298fc1c149afbf4c8996fb92427ae41e4649b934ca495991b7852b855
      X-Amz-Date:
      - 20221110T101854Z
    url: https://test-acc-scaleway-object-storage-class-3880259205865740275.s3.fr-par.scw.cloud/myfile
    method: HEAD
  response:
    body: ""
    headers:
      Accept-Ranges:
      - bytes
      Content-Length:
      - "0"
      Content-Type:
      - application/octet-stream
      Date:
      - Thu, 10 Nov 2022 10:18:54 GMT
      Etag:
      - '"d41d8cd98f00b204e9800998ecf8427e"'
      Last-Modified:
      - Thu, 10 Nov 2022 10:18:53 GMT
      X-Amz-Id-2:
      - tx414adece05824191a9c0b-00636cd00e
      X-Amz-Request-Id:
      - tx414adece05824191a9c0b-00636cd00e
      X-Amz-Storage-Class:
      - ONEZONE_IA
      X-Amz-Version-Id:
      - "1668075533938353"
    status: 200 OK
    code: 200
    duration: ""
- request:
    body: ""
    form: {}
    headers:
      User-Agent:
      - aws-sdk-go/1.44.128 (go1.19.2; darwin; amd64)
      X-Amz-Content-Sha256:
      - e3b0c44298fc1c149afbf4c8996fb92427ae41e4649b934ca495991b7852b855
      X-Amz-Date:
      - 20221110T101854Z
    url: https://test-acc-scaleway-object-storage-class-3880259205865740275.s3.fr-par.scw.cloud/myfile?tagging=
    method: GET
  response:
    body: |-
      <?xml version='1.0' encoding='UTF-8'?>
      <Tagging xmlns="http://s3.amazonaws.com/doc/2006-03-01/"><TagSet/></Tagging>
    headers:
      Content-Length:
      - "115"
      Content-Type:
      - application/xml
      Date:
      - Thu, 10 Nov 2022 10:18:54 GMT
      X-Amz-Id-2:
      - tx153038e662fd4a09976b7-00636cd00e
      X-Amz-Request-Id:
      - tx153038e662fd4a09976b7-00636cd00e
      X-Amz-Version-Id:
      - "1668075533938353"
    status: 200 OK
    code: 200
    duration: ""
- request:
    body: ""
    form: {}
    headers:
      User-Agent:
      - aws-sdk-go/1.44.128 (go1.19.2; darwin; amd64)
      X-Amz-Content-Sha256:
      - e3b0c44298fc1c149afbf4c8996fb92427ae41e4649b934ca495991b7852b855
      X-Amz-Date:
      - 20221110T101854Z
    url: https://test-acc-scaleway-object-storage-class-3880259205865740275.s3.fr-par.scw.cloud/myfile?acl=
    method: GET
  response:
    body: |-
      <?xml version='1.0' encoding='UTF-8'?>
      <AccessControlPolicy xmlns="http://s3.amazonaws.com/doc/2006-03-01/"><Owner><ID>5b331f64-6f51-45b6-aa60-d46d011e8b1a:5b331f64-6f51-45b6-aa60-d46d011e8b1a</ID><DisplayName>5b331f64-6f51-45b6-aa60-d46d011e8b1a:5b331f64-6f51-45b6-aa60-d46d011e8b1a</DisplayName></Owner><AccessControlList><Grant><Grantee xmlns:xsi="http://www.w3.org/2001/XMLSchema-instance" xsi:type="CanonicalUser"><ID>5b331f64-6f51-45b6-aa60-d46d011e8b1a:5b331f64-6f51-45b6-aa60-d46d011e8b1a</ID><DisplayName>5b331f64-6f51-45b6-aa60-d46d011e8b1a:5b331f64-6f51-45b6-aa60-d46d011e8b1a</DisplayName></Grantee><Permission>FULL_CONTROL</Permission></Grant></AccessControlList></AccessControlPolicy>
    headers:
      Content-Length:
      - "698"
      Content-Type:
      - text/html; charset=UTF-8
      Date:
      - Thu, 10 Nov 2022 10:18:54 GMT
      X-Amz-Id-2:
      - txe4cae7bdc28342c58b2f4-00636cd00e
      X-Amz-Request-Id:
      - txe4cae7bdc28342c58b2f4-00636cd00e
    status: 200 OK
    code: 200
    duration: ""
- request:
    body: ""
    form: {}
    headers:
      User-Agent:
      - aws-sdk-go/1.44.128 (go1.19.2; darwin; amd64)
      X-Amz-Content-Sha256:
      - e3b0c44298fc1c149afbf4c8996fb92427ae41e4649b934ca495991b7852b855
      X-Amz-Date:
      - 20221110T101855Z
    url: https://test-acc-scaleway-object-storage-class-3880259205865740275.s3.fr-par.scw.cloud/myfile
    method: GET
  response:
    body: ""
    headers:
      Accept-Ranges:
      - bytes
      Content-Length:
      - "0"
      Content-Type:
      - application/octet-stream
      Date:
      - Thu, 10 Nov 2022 10:18:55 GMT
      Etag:
      - '"d41d8cd98f00b204e9800998ecf8427e"'
      Last-Modified:
      - Thu, 10 Nov 2022 10:18:53 GMT
      X-Amz-Id-2:
      - txdbf00d7997b34c20933e2-00636cd00f
      X-Amz-Request-Id:
      - txdbf00d7997b34c20933e2-00636cd00f
      X-Amz-Storage-Class:
      - ONEZONE_IA
      X-Amz-Version-Id:
      - "1668075533938353"
    status: 200 OK
    code: 200
    duration: ""
- request:
    body: ""
    form: {}
    headers:
      User-Agent:
      - aws-sdk-go/1.44.128 (go1.19.2; darwin; amd64)
      X-Amz-Content-Sha256:
      - e3b0c44298fc1c149afbf4c8996fb92427ae41e4649b934ca495991b7852b855
      X-Amz-Date:
      - 20221110T101855Z
    url: https://test-acc-scaleway-object-storage-class-3880259205865740275.s3.fr-par.scw.cloud/?object-lock=
    method: GET
  response:
    body: |-
      <?xml version='1.0' encoding='UTF-8'?>
      <Error><Code>ObjectLockConfigurationNotFoundError</Code><Message>Object Lock configuration does not exist for this bucket</Message><RequestId>tx94968ec63bda4d0d8a07a-00636cd00f</RequestId></Error>
    headers:
      Content-Type:
      - application/xml
      Date:
      - Thu, 10 Nov 2022 10:18:55 GMT
      X-Amz-Id-2:
      - tx94968ec63bda4d0d8a07a-00636cd00f
      X-Amz-Request-Id:
      - tx94968ec63bda4d0d8a07a-00636cd00f
    status: 404 Not Found
    code: 404
    duration: ""
- request:
    body: ""
    form: {}
    headers:
      User-Agent:
      - aws-sdk-go/1.44.128 (go1.19.2; darwin; amd64)
      X-Amz-Content-Sha256:
      - e3b0c44298fc1c149afbf4c8996fb92427ae41e4649b934ca495991b7852b855
      X-Amz-Date:
      - 20221110T101855Z
    url: https://test-acc-scaleway-object-storage-class-3880259205865740275.s3.fr-par.scw.cloud/
    method: GET
  response:
    body: |-
      <?xml version='1.0' encoding='UTF-8'?>
      <ListBucketResult xmlns="http://s3.amazonaws.com/doc/2006-03-01/"><Name>test-acc-scaleway-object-storage-class-3880259205865740275</Name><Prefix/><Delimiter/><MaxKeys>1000</MaxKeys><IsTruncated>false</IsTruncated><Marker/><Contents><ETag>"d41d8cd98f00b204e9800998ecf8427e"</ETag><Key>myfile</Key><LastModified>2022-11-10T10:18:53.000Z</LastModified><Size>0</Size><StorageClass>ONEZONE_IA</StorageClass><Owner><ID>5b331f64-6f51-45b6-aa60-d46d011e8b1a:5b331f64-6f51-45b6-aa60-d46d011e8b1a</ID><DisplayName>5b331f64-6f51-45b6-aa60-d46d011e8b1a:5b331f64-6f51-45b6-aa60-d46d011e8b1a</DisplayName></Owner></Contents></ListBucketResult>
    headers:
      Content-Length:
      - "668"
      Content-Type:
      - application/xml
      Date:
      - Thu, 10 Nov 2022 10:18:56 GMT
      X-Amz-Id-2:
      - txb2200935d1e6406397beb-00636cd00f
      X-Amz-Request-Id:
      - txb2200935d1e6406397beb-00636cd00f
    status: 200 OK
    code: 200
    duration: ""
- request:
    body: ""
    form: {}
    headers:
      User-Agent:
      - aws-sdk-go/1.44.128 (go1.19.2; darwin; amd64)
      X-Amz-Content-Sha256:
      - e3b0c44298fc1c149afbf4c8996fb92427ae41e4649b934ca495991b7852b855
      X-Amz-Date:
      - 20221110T101856Z
    url: https://test-acc-scaleway-object-storage-class-3880259205865740275.s3.fr-par.scw.cloud/?tagging=
    method: GET
  response:
    body: <Tagging xmlns="http://s3.amazonaws.com/doc/2006-03-01/"><TagSet><Tag><Key>foo</Key><Value>bar</Value></Tag></TagSet></Tagging>
    headers:
      Content-Length:
      - "127"
      Content-Type:
      - application/xml
      Date:
      - Thu, 10 Nov 2022 10:18:56 GMT
      X-Amz-Id-2:
      - tx196d079454114bbfb3bc1-00636cd010
      X-Amz-Request-Id:
      - tx196d079454114bbfb3bc1-00636cd010
    status: 200 OK
    code: 200
    duration: ""
- request:
    body: ""
    form: {}
    headers:
      User-Agent:
      - aws-sdk-go/1.44.128 (go1.19.2; darwin; amd64)
      X-Amz-Content-Sha256:
      - e3b0c44298fc1c149afbf4c8996fb92427ae41e4649b934ca495991b7852b855
      X-Amz-Date:
      - 20221110T101856Z
    url: https://test-acc-scaleway-object-storage-class-3880259205865740275.s3.fr-par.scw.cloud/?cors=
    method: GET
  response:
    body: |-
      <?xml version='1.0' encoding='UTF-8'?>
      <Error><Code>NoSuchCORSConfiguration</Code><Message>The CORS configuration does not exist</Message><RequestId>txa8b55d2f6d9d400092294-00636cd010</RequestId></Error>
    headers:
      Content-Type:
      - application/xml
      Date:
      - Thu, 10 Nov 2022 10:18:56 GMT
      X-Amz-Id-2:
      - txa8b55d2f6d9d400092294-00636cd010
      X-Amz-Request-Id:
      - txa8b55d2f6d9d400092294-00636cd010
    status: 404 Not Found
    code: 404
    duration: ""
- request:
    body: ""
    form: {}
    headers:
      User-Agent:
      - aws-sdk-go/1.44.128 (go1.19.2; darwin; amd64)
      X-Amz-Content-Sha256:
      - e3b0c44298fc1c149afbf4c8996fb92427ae41e4649b934ca495991b7852b855
      X-Amz-Date:
      - 20221110T101856Z
    url: https://test-acc-scaleway-object-storage-class-3880259205865740275.s3.fr-par.scw.cloud/?versioning=
    method: GET
  response:
    body: |-
      <?xml version='1.0' encoding='UTF-8'?>
      <VersioningConfiguration xmlns="http://s3.amazonaws.com/doc/2006-03-01/"/>
    headers:
      Content-Length:
      - "113"
      Content-Type:
      - text/plain
      Date:
      - Thu, 10 Nov 2022 10:18:56 GMT
      X-Amz-Id-2:
      - txda58504436fc4216bac05-00636cd010
      X-Amz-Request-Id:
      - txda58504436fc4216bac05-00636cd010
    status: 200 OK
    code: 200
    duration: ""
- request:
    body: ""
    form: {}
    headers:
      User-Agent:
      - aws-sdk-go/1.44.128 (go1.19.2; darwin; amd64)
      X-Amz-Content-Sha256:
      - e3b0c44298fc1c149afbf4c8996fb92427ae41e4649b934ca495991b7852b855
      X-Amz-Date:
      - 20221110T101856Z
    url: https://test-acc-scaleway-object-storage-class-3880259205865740275.s3.fr-par.scw.cloud/?lifecycle=
    method: GET
  response:
    body: |-
      <?xml version='1.0' encoding='UTF-8'?>
      <Error><Code>NoSuchLifecycleConfiguration</Code><Message>The lifecycle configuration does not exist.</Message><RequestId>tx0cbf2e5224c24844932f5-00636cd010</RequestId></Error>
    headers:
      Content-Type:
      - application/xml
      Date:
      - Thu, 10 Nov 2022 10:18:57 GMT
      X-Amz-Id-2:
      - tx0cbf2e5224c24844932f5-00636cd010
      X-Amz-Request-Id:
      - tx0cbf2e5224c24844932f5-00636cd010
    status: 404 Not Found
    code: 404
    duration: ""
- request:
    body: ""
    form: {}
    headers:
      User-Agent:
      - aws-sdk-go/1.44.128 (go1.19.2; darwin; amd64)
      X-Amz-Content-Sha256:
      - e3b0c44298fc1c149afbf4c8996fb92427ae41e4649b934ca495991b7852b855
      X-Amz-Date:
      - 20221110T101857Z
    url: https://test-acc-scaleway-object-storage-class-3880259205865740275.s3.fr-par.scw.cloud/myfile
    method: HEAD
  response:
    body: ""
    headers:
      Accept-Ranges:
      - bytes
      Content-Length:
      - "0"
      Content-Type:
      - application/octet-stream
      Date:
      - Thu, 10 Nov 2022 10:18:57 GMT
      Etag:
      - '"d41d8cd98f00b204e9800998ecf8427e"'
      Last-Modified:
      - Thu, 10 Nov 2022 10:18:53 GMT
      X-Amz-Id-2:
      - tx76c7e81a192640fbaf161-00636cd011
      X-Amz-Request-Id:
      - tx76c7e81a192640fbaf161-00636cd011
      X-Amz-Storage-Class:
      - ONEZONE_IA
      X-Amz-Version-Id:
      - "1668075533938353"
    status: 200 OK
    code: 200
    duration: ""
- request:
    body: ""
    form: {}
    headers:
      User-Agent:
      - aws-sdk-go/1.44.128 (go1.19.2; darwin; amd64)
      X-Amz-Content-Sha256:
      - e3b0c44298fc1c149afbf4c8996fb92427ae41e4649b934ca495991b7852b855
      X-Amz-Date:
      - 20221110T101857Z
    url: https://test-acc-scaleway-object-storage-class-3880259205865740275.s3.fr-par.scw.cloud/myfile?tagging=
    method: GET
  response:
    body: |-
      <?xml version='1.0' encoding='UTF-8'?>
      <Tagging xmlns="http://s3.amazonaws.com/doc/2006-03-01/"><TagSet/></Tagging>
    headers:
      Content-Length:
      - "115"
      Content-Type:
      - application/xml
      Date:
      - Thu, 10 Nov 2022 10:18:57 GMT
      X-Amz-Id-2:
      - tx32649e7219ad43ed8f0e1-00636cd011
      X-Amz-Request-Id:
      - tx32649e7219ad43ed8f0e1-00636cd011
      X-Amz-Version-Id:
      - "1668075533938353"
    status: 200 OK
    code: 200
    duration: ""
- request:
    body: ""
    form: {}
    headers:
      User-Agent:
      - aws-sdk-go/1.44.128 (go1.19.2; darwin; amd64)
      X-Amz-Content-Sha256:
      - e3b0c44298fc1c149afbf4c8996fb92427ae41e4649b934ca495991b7852b855
      X-Amz-Date:
      - 20221110T101857Z
    url: https://test-acc-scaleway-object-storage-class-3880259205865740275.s3.fr-par.scw.cloud/myfile?acl=
    method: GET
  response:
    body: |-
      <?xml version='1.0' encoding='UTF-8'?>
      <AccessControlPolicy xmlns="http://s3.amazonaws.com/doc/2006-03-01/"><Owner><ID>5b331f64-6f51-45b6-aa60-d46d011e8b1a:5b331f64-6f51-45b6-aa60-d46d011e8b1a</ID><DisplayName>5b331f64-6f51-45b6-aa60-d46d011e8b1a:5b331f64-6f51-45b6-aa60-d46d011e8b1a</DisplayName></Owner><AccessControlList><Grant><Grantee xmlns:xsi="http://www.w3.org/2001/XMLSchema-instance" xsi:type="CanonicalUser"><ID>5b331f64-6f51-45b6-aa60-d46d011e8b1a:5b331f64-6f51-45b6-aa60-d46d011e8b1a</ID><DisplayName>5b331f64-6f51-45b6-aa60-d46d011e8b1a:5b331f64-6f51-45b6-aa60-d46d011e8b1a</DisplayName></Grantee><Permission>FULL_CONTROL</Permission></Grant></AccessControlList></AccessControlPolicy>
    headers:
      Content-Length:
      - "698"
      Content-Type:
      - text/html; charset=UTF-8
      Date:
      - Thu, 10 Nov 2022 10:18:57 GMT
      X-Amz-Id-2:
      - tx0f6eeb53845243fd84ed6-00636cd011
      X-Amz-Request-Id:
      - tx0f6eeb53845243fd84ed6-00636cd011
    status: 200 OK
    code: 200
    duration: ""
- request:
    body: ""
    form: {}
    headers:
      User-Agent:
      - aws-sdk-go/1.44.128 (go1.19.2; darwin; amd64)
      X-Amz-Content-Sha256:
      - e3b0c44298fc1c149afbf4c8996fb92427ae41e4649b934ca495991b7852b855
      X-Amz-Date:
      - 20221110T101858Z
    url: https://test-acc-scaleway-object-storage-class-3880259205865740275.s3.fr-par.scw.cloud/?object-lock=
    method: GET
  response:
    body: |-
      <?xml version='1.0' encoding='UTF-8'?>
      <Error><Code>ObjectLockConfigurationNotFoundError</Code><Message>Object Lock configuration does not exist for this bucket</Message><RequestId>tx5c297525b0634cfa8bf5f-00636cd012</RequestId></Error>
    headers:
      Content-Type:
      - application/xml
      Date:
      - Thu, 10 Nov 2022 10:19:03 GMT
      X-Amz-Id-2:
      - tx5c297525b0634cfa8bf5f-00636cd012
      X-Amz-Request-Id:
      - tx5c297525b0634cfa8bf5f-00636cd012
    status: 404 Not Found
    code: 404
    duration: ""
- request:
    body: ""
    form: {}
    headers:
      User-Agent:
      - aws-sdk-go/1.44.128 (go1.19.2; darwin; amd64)
      X-Amz-Content-Sha256:
      - e3b0c44298fc1c149afbf4c8996fb92427ae41e4649b934ca495991b7852b855
      X-Amz-Date:
      - 20221110T101903Z
    url: https://test-acc-scaleway-object-storage-class-3880259205865740275.s3.fr-par.scw.cloud/
    method: GET
  response:
    body: |-
      <?xml version='1.0' encoding='UTF-8'?>
      <ListBucketResult xmlns="http://s3.amazonaws.com/doc/2006-03-01/"><Name>test-acc-scaleway-object-storage-class-3880259205865740275</Name><Prefix/><Delimiter/><MaxKeys>1000</MaxKeys><IsTruncated>false</IsTruncated><Marker/><Contents><ETag>"d41d8cd98f00b204e9800998ecf8427e"</ETag><Key>myfile</Key><LastModified>2022-11-10T10:18:53.000Z</LastModified><Size>0</Size><StorageClass>ONEZONE_IA</StorageClass><Owner><ID>5b331f64-6f51-45b6-aa60-d46d011e8b1a:5b331f64-6f51-45b6-aa60-d46d011e8b1a</ID><DisplayName>5b331f64-6f51-45b6-aa60-d46d011e8b1a:5b331f64-6f51-45b6-aa60-d46d011e8b1a</DisplayName></Owner></Contents></ListBucketResult>
    headers:
      Content-Length:
      - "668"
      Content-Type:
      - application/xml
      Date:
      - Thu, 10 Nov 2022 10:19:03 GMT
      X-Amz-Id-2:
      - tx6a97cff235fd4b268ba54-00636cd017
      X-Amz-Request-Id:
      - tx6a97cff235fd4b268ba54-00636cd017
    status: 200 OK
    code: 200
    duration: ""
- request:
    body: ""
    form: {}
    headers:
      User-Agent:
      - aws-sdk-go/1.44.128 (go1.19.2; darwin; amd64)
      X-Amz-Content-Sha256:
      - e3b0c44298fc1c149afbf4c8996fb92427ae41e4649b934ca495991b7852b855
      X-Amz-Date:
      - 20221110T101903Z
    url: https://test-acc-scaleway-object-storage-class-3880259205865740275.s3.fr-par.scw.cloud/?tagging=
    method: GET
  response:
    body: <Tagging xmlns="http://s3.amazonaws.com/doc/2006-03-01/"><TagSet><Tag><Key>foo</Key><Value>bar</Value></Tag></TagSet></Tagging>
    headers:
      Content-Length:
      - "127"
      Content-Type:
      - application/xml
      Date:
      - Thu, 10 Nov 2022 10:19:03 GMT
      X-Amz-Id-2:
      - txdc1b418703124c3a81b28-00636cd017
      X-Amz-Request-Id:
      - txdc1b418703124c3a81b28-00636cd017
    status: 200 OK
    code: 200
    duration: ""
- request:
    body: ""
    form: {}
    headers:
      User-Agent:
      - aws-sdk-go/1.44.128 (go1.19.2; darwin; amd64)
      X-Amz-Content-Sha256:
      - e3b0c44298fc1c149afbf4c8996fb92427ae41e4649b934ca495991b7852b855
      X-Amz-Date:
      - 20221110T101903Z
    url: https://test-acc-scaleway-object-storage-class-3880259205865740275.s3.fr-par.scw.cloud/?cors=
    method: GET
  response:
    body: |-
      <?xml version='1.0' encoding='UTF-8'?>
      <Error><Code>NoSuchCORSConfiguration</Code><Message>The CORS configuration does not exist</Message><RequestId>tx83443cabc6dc4ccb91487-00636cd017</RequestId></Error>
    headers:
      Content-Type:
      - application/xml
      Date:
      - Thu, 10 Nov 2022 10:19:03 GMT
      X-Amz-Id-2:
      - tx83443cabc6dc4ccb91487-00636cd017
      X-Amz-Request-Id:
      - tx83443cabc6dc4ccb91487-00636cd017
    status: 404 Not Found
    code: 404
    duration: ""
- request:
    body: ""
    form: {}
    headers:
      User-Agent:
      - aws-sdk-go/1.44.128 (go1.19.2; darwin; amd64)
      X-Amz-Content-Sha256:
      - e3b0c44298fc1c149afbf4c8996fb92427ae41e4649b934ca495991b7852b855
      X-Amz-Date:
      - 20221110T101903Z
    url: https://test-acc-scaleway-object-storage-class-3880259205865740275.s3.fr-par.scw.cloud/?versioning=
    method: GET
  response:
    body: |-
      <?xml version='1.0' encoding='UTF-8'?>
      <VersioningConfiguration xmlns="http://s3.amazonaws.com/doc/2006-03-01/"/>
    headers:
      Content-Length:
      - "113"
      Content-Type:
      - text/plain
      Date:
      - Thu, 10 Nov 2022 10:19:04 GMT
      X-Amz-Id-2:
      - tx8a6caa279a9d4eda889d6-00636cd018
      X-Amz-Request-Id:
      - tx8a6caa279a9d4eda889d6-00636cd018
    status: 200 OK
    code: 200
    duration: ""
- request:
    body: ""
    form: {}
    headers:
      User-Agent:
      - aws-sdk-go/1.44.128 (go1.19.2; darwin; amd64)
      X-Amz-Content-Sha256:
      - e3b0c44298fc1c149afbf4c8996fb92427ae41e4649b934ca495991b7852b855
      X-Amz-Date:
      - 20221110T101904Z
    url: https://test-acc-scaleway-object-storage-class-3880259205865740275.s3.fr-par.scw.cloud/?lifecycle=
    method: GET
  response:
    body: |-
      <?xml version='1.0' encoding='UTF-8'?>
      <Error><Code>NoSuchLifecycleConfiguration</Code><Message>The lifecycle configuration does not exist.</Message><RequestId>tx5f94a65cb1994e51a4593-00636cd018</RequestId></Error>
    headers:
      Content-Type:
      - application/xml
      Date:
      - Thu, 10 Nov 2022 10:19:04 GMT
      X-Amz-Id-2:
      - tx5f94a65cb1994e51a4593-00636cd018
      X-Amz-Request-Id:
      - tx5f94a65cb1994e51a4593-00636cd018
    status: 404 Not Found
    code: 404
    duration: ""
- request:
    body: ""
    form: {}
    headers:
      User-Agent:
      - aws-sdk-go/1.44.128 (go1.19.2; darwin; amd64)
      X-Amz-Content-Sha256:
      - e3b0c44298fc1c149afbf4c8996fb92427ae41e4649b934ca495991b7852b855
      X-Amz-Date:
      - 20221110T101904Z
    url: https://test-acc-scaleway-object-storage-class-3880259205865740275.s3.fr-par.scw.cloud/myfile
    method: HEAD
  response:
    body: ""
    headers:
      Accept-Ranges:
      - bytes
      Content-Length:
      - "0"
      Content-Type:
      - application/octet-stream
      Date:
      - Thu, 10 Nov 2022 10:19:04 GMT
      Etag:
      - '"d41d8cd98f00b204e9800998ecf8427e"'
      Last-Modified:
      - Thu, 10 Nov 2022 10:18:53 GMT
      X-Amz-Id-2:
      - tx7f166395abb547ae89de3-00636cd018
      X-Amz-Request-Id:
      - tx7f166395abb547ae89de3-00636cd018
      X-Amz-Storage-Class:
      - ONEZONE_IA
      X-Amz-Version-Id:
      - "1668075533938353"
    status: 200 OK
    code: 200
    duration: ""
- request:
    body: ""
    form: {}
    headers:
      User-Agent:
      - aws-sdk-go/1.44.128 (go1.19.2; darwin; amd64)
      X-Amz-Content-Sha256:
      - e3b0c44298fc1c149afbf4c8996fb92427ae41e4649b934ca495991b7852b855
      X-Amz-Date:
      - 20221110T101904Z
    url: https://test-acc-scaleway-object-storage-class-3880259205865740275.s3.fr-par.scw.cloud/myfile?tagging=
    method: GET
  response:
    body: |-
      <?xml version='1.0' encoding='UTF-8'?>
      <Tagging xmlns="http://s3.amazonaws.com/doc/2006-03-01/"><TagSet/></Tagging>
    headers:
      Content-Length:
      - "115"
      Content-Type:
      - application/xml
      Date:
      - Thu, 10 Nov 2022 10:19:05 GMT
      X-Amz-Id-2:
      - txa2861db86a8f4ab492de6-00636cd018
      X-Amz-Request-Id:
      - txa2861db86a8f4ab492de6-00636cd018
      X-Amz-Version-Id:
      - "1668075533938353"
    status: 200 OK
    code: 200
    duration: ""
- request:
    body: ""
    form: {}
    headers:
      User-Agent:
      - aws-sdk-go/1.44.128 (go1.19.2; darwin; amd64)
      X-Amz-Content-Sha256:
      - e3b0c44298fc1c149afbf4c8996fb92427ae41e4649b934ca495991b7852b855
      X-Amz-Date:
      - 20221110T101904Z
    url: https://test-acc-scaleway-object-storage-class-3880259205865740275.s3.fr-par.scw.cloud/myfile?acl=
    method: GET
  response:
    body: |-
      <?xml version='1.0' encoding='UTF-8'?>
      <AccessControlPolicy xmlns="http://s3.amazonaws.com/doc/2006-03-01/"><Owner><ID>5b331f64-6f51-45b6-aa60-d46d011e8b1a:5b331f64-6f51-45b6-aa60-d46d011e8b1a</ID><DisplayName>5b331f64-6f51-45b6-aa60-d46d011e8b1a:5b331f64-6f51-45b6-aa60-d46d011e8b1a</DisplayName></Owner><AccessControlList><Grant><Grantee xmlns:xsi="http://www.w3.org/2001/XMLSchema-instance" xsi:type="CanonicalUser"><ID>5b331f64-6f51-45b6-aa60-d46d011e8b1a:5b331f64-6f51-45b6-aa60-d46d011e8b1a</ID><DisplayName>5b331f64-6f51-45b6-aa60-d46d011e8b1a:5b331f64-6f51-45b6-aa60-d46d011e8b1a</DisplayName></Grantee><Permission>FULL_CONTROL</Permission></Grant></AccessControlList></AccessControlPolicy>
    headers:
      Content-Length:
      - "698"
      Content-Type:
      - text/html; charset=UTF-8
      Date:
      - Thu, 10 Nov 2022 10:19:05 GMT
      X-Amz-Id-2:
      - txf7e0a611e9e94882a4e61-00636cd019
      X-Amz-Request-Id:
      - txf7e0a611e9e94882a4e61-00636cd019
    status: 200 OK
    code: 200
    duration: ""
- request:
    body: ""
    form: {}
    headers:
      User-Agent:
      - aws-sdk-go/1.44.128 (go1.19.2; darwin; amd64)
      X-Amz-Acl:
      - private
      X-Amz-Content-Sha256:
      - e3b0c44298fc1c149afbf4c8996fb92427ae41e4649b934ca495991b7852b855
      X-Amz-Copy-Source:
      - test-acc-scaleway-object-storage-class-3880259205865740275/myfile
      X-Amz-Date:
      - 20221110T101905Z
      X-Amz-Storage-Class:
      - STANDARD
    url: https://test-acc-scaleway-object-storage-class-3880259205865740275.s3.fr-par.scw.cloud/myfile
    method: PUT
  response:
    body: |-
      <?xml version='1.0' encoding='UTF-8'?>
      <CopyObjectResult xmlns="http://s3.amazonaws.com/doc/2006-03-01/"><LastModified>2022-11-10T10:19:05.000Z</LastModified><ETag>"d41d8cd98f00b204e9800998ecf8427e"</ETag></CopyObjectResult>
    headers:
      Content-Length:
      - "224"
      Content-Type:
      - application/xml
      Date:
      - Thu, 10 Nov 2022 10:19:06 GMT
      Last-Modified:
      - Thu, 10 Nov 2022 10:19:05 GMT
      X-Amz-Id-2:
      - txb6ea322558884561a2243-00636cd019
      X-Amz-Request-Id:
      - txb6ea322558884561a2243-00636cd019
      X-Amz-Version-Id:
      - "1668075533938353"
    status: 200 OK
    code: 200
    duration: ""
- request:
    body: ""
    form: {}
    headers:
      Content-Md5:
      - 1B2M2Y8AsgTpgAmY7PhCfg==
      User-Agent:
      - aws-sdk-go/1.44.128 (go1.19.2; darwin; amd64)
      X-Amz-Acl:
      - private
      X-Amz-Content-Sha256:
      - e3b0c44298fc1c149afbf4c8996fb92427ae41e4649b934ca495991b7852b855
      X-Amz-Date:
      - 20221110T101906Z
      X-Amz-Storage-Class:
      - STANDARD
    url: https://test-acc-scaleway-object-storage-class-3880259205865740275.s3.fr-par.scw.cloud/myfile
    method: PUT
  response:
    body: ""
    headers:
      Content-Length:
      - "0"
      Content-Type:
      - text/html; charset=UTF-8
      Date:
      - Thu, 10 Nov 2022 10:19:06 GMT
      Etag:
      - '"d41d8cd98f00b204e9800998ecf8427e"'
      Last-Modified:
      - Thu, 10 Nov 2022 10:19:06 GMT
      X-Amz-Id-2:
      - txf8c5dcfbd8d547b19c84e-00636cd01a
      X-Amz-Request-Id:
      - txf8c5dcfbd8d547b19c84e-00636cd01a
      X-Amz-Version-Id:
      - "1668075546425658"
    status: 200 OK
    code: 200
    duration: ""
- request:
    body: ""
    form: {}
    headers:
      User-Agent:
      - aws-sdk-go/1.44.128 (go1.19.2; darwin; amd64)
      X-Amz-Content-Sha256:
      - e3b0c44298fc1c149afbf4c8996fb92427ae41e4649b934ca495991b7852b855
      X-Amz-Date:
      - 20221110T101906Z
    url: https://test-acc-scaleway-object-storage-class-3880259205865740275.s3.fr-par.scw.cloud/myfile
    method: HEAD
  response:
    body: ""
    headers:
      Accept-Ranges:
      - bytes
      Content-Length:
      - "0"
      Content-Type:
      - application/octet-stream
      Date:
      - Thu, 10 Nov 2022 10:19:06 GMT
      Etag:
      - '"d41d8cd98f00b204e9800998ecf8427e"'
      Last-Modified:
      - Thu, 10 Nov 2022 10:19:06 GMT
      X-Amz-Id-2:
      - tx329f8b1512974ff39684c-00636cd01a
      X-Amz-Request-Id:
      - tx329f8b1512974ff39684c-00636cd01a
      X-Amz-Version-Id:
      - "1668075546425658"
    status: 200 OK
    code: 200
    duration: ""
- request:
    body: ""
    form: {}
    headers:
      User-Agent:
      - aws-sdk-go/1.44.128 (go1.19.2; darwin; amd64)
      X-Amz-Content-Sha256:
      - e3b0c44298fc1c149afbf4c8996fb92427ae41e4649b934ca495991b7852b855
      X-Amz-Date:
      - 20221110T101906Z
    url: https://test-acc-scaleway-object-storage-class-3880259205865740275.s3.fr-par.scw.cloud/myfile?tagging=
    method: GET
  response:
    body: |-
      <?xml version='1.0' encoding='UTF-8'?>
      <Tagging xmlns="http://s3.amazonaws.com/doc/2006-03-01/"><TagSet/></Tagging>
    headers:
      Content-Length:
      - "115"
      Content-Type:
      - application/xml
      Date:
      - Thu, 10 Nov 2022 10:19:07 GMT
      X-Amz-Id-2:
      - txd7b9120fde94464ca2c54-00636cd01a
      X-Amz-Request-Id:
      - txd7b9120fde94464ca2c54-00636cd01a
      X-Amz-Version-Id:
      - "1668075546425658"
    status: 200 OK
    code: 200
    duration: ""
- request:
    body: ""
    form: {}
    headers:
      User-Agent:
      - aws-sdk-go/1.44.128 (go1.19.2; darwin; amd64)
      X-Amz-Content-Sha256:
      - e3b0c44298fc1c149afbf4c8996fb92427ae41e4649b934ca495991b7852b855
      X-Amz-Date:
      - 20221110T101907Z
    url: https://test-acc-scaleway-object-storage-class-3880259205865740275.s3.fr-par.scw.cloud/myfile?acl=
    method: GET
  response:
    body: |-
      <?xml version='1.0' encoding='UTF-8'?>
      <AccessControlPolicy xmlns="http://s3.amazonaws.com/doc/2006-03-01/"><Owner><ID>5b331f64-6f51-45b6-aa60-d46d011e8b1a:5b331f64-6f51-45b6-aa60-d46d011e8b1a</ID><DisplayName>5b331f64-6f51-45b6-aa60-d46d011e8b1a:5b331f64-6f51-45b6-aa60-d46d011e8b1a</DisplayName></Owner><AccessControlList><Grant><Grantee xmlns:xsi="http://www.w3.org/2001/XMLSchema-instance" xsi:type="CanonicalUser"><ID>5b331f64-6f51-45b6-aa60-d46d011e8b1a:5b331f64-6f51-45b6-aa60-d46d011e8b1a</ID><DisplayName>5b331f64-6f51-45b6-aa60-d46d011e8b1a:5b331f64-6f51-45b6-aa60-d46d011e8b1a</DisplayName></Grantee><Permission>FULL_CONTROL</Permission></Grant></AccessControlList></AccessControlPolicy>
    headers:
      Content-Length:
      - "698"
      Content-Type:
      - text/html; charset=UTF-8
      Date:
      - Thu, 10 Nov 2022 10:19:07 GMT
      X-Amz-Id-2:
      - txdfe0405a9f7040468e105-00636cd01b
      X-Amz-Request-Id:
      - txdfe0405a9f7040468e105-00636cd01b
    status: 200 OK
    code: 200
    duration: ""
- request:
    body: ""
    form: {}
    headers:
      User-Agent:
      - aws-sdk-go/1.44.128 (go1.19.2; darwin; amd64)
      X-Amz-Content-Sha256:
      - e3b0c44298fc1c149afbf4c8996fb92427ae41e4649b934ca495991b7852b855
      X-Amz-Date:
      - 20221110T101907Z
    url: https://test-acc-scaleway-object-storage-class-3880259205865740275.s3.fr-par.scw.cloud/myfile
    method: GET
  response:
    body: ""
    headers:
      Accept-Ranges:
      - bytes
      Content-Length:
      - "0"
      Content-Type:
      - application/octet-stream
      Date:
      - Thu, 10 Nov 2022 10:19:07 GMT
      Etag:
      - '"d41d8cd98f00b204e9800998ecf8427e"'
      Last-Modified:
      - Thu, 10 Nov 2022 10:19:06 GMT
      X-Amz-Id-2:
      - tx39c181d5443b44af9d9a5-00636cd01b
      X-Amz-Request-Id:
      - tx39c181d5443b44af9d9a5-00636cd01b
      X-Amz-Version-Id:
      - "1668075546425658"
    status: 200 OK
    code: 200
    duration: ""
- request:
    body: ""
    form: {}
    headers:
      User-Agent:
      - aws-sdk-go/1.44.128 (go1.19.2; darwin; amd64)
      X-Amz-Content-Sha256:
      - e3b0c44298fc1c149afbf4c8996fb92427ae41e4649b934ca495991b7852b855
      X-Amz-Date:
      - 20221110T101907Z
    url: https://test-acc-scaleway-object-storage-class-3880259205865740275.s3.fr-par.scw.cloud/?object-lock=
    method: GET
  response:
    body: |-
      <?xml version='1.0' encoding='UTF-8'?>
      <Error><Code>ObjectLockConfigurationNotFoundError</Code><Message>Object Lock configuration does not exist for this bucket</Message><RequestId>tx6b313853420b4c6ea1a23-00636cd01b</RequestId></Error>
    headers:
      Content-Type:
      - application/xml
      Date:
      - Thu, 10 Nov 2022 10:19:08 GMT
      X-Amz-Id-2:
      - tx6b313853420b4c6ea1a23-00636cd01b
      X-Amz-Request-Id:
      - tx6b313853420b4c6ea1a23-00636cd01b
    status: 404 Not Found
    code: 404
    duration: ""
- request:
    body: ""
    form: {}
    headers:
      User-Agent:
      - aws-sdk-go/1.44.128 (go1.19.2; darwin; amd64)
      X-Amz-Content-Sha256:
      - e3b0c44298fc1c149afbf4c8996fb92427ae41e4649b934ca495991b7852b855
      X-Amz-Date:
      - 20221110T101908Z
    url: https://test-acc-scaleway-object-storage-class-3880259205865740275.s3.fr-par.scw.cloud/
    method: GET
  response:
    body: |-
      <?xml version='1.0' encoding='UTF-8'?>
      <ListBucketResult xmlns="http://s3.amazonaws.com/doc/2006-03-01/"><Name>test-acc-scaleway-object-storage-class-3880259205865740275</Name><Prefix/><Delimiter/><MaxKeys>1000</MaxKeys><IsTruncated>false</IsTruncated><Marker/><Contents><ETag>"d41d8cd98f00b204e9800998ecf8427e"</ETag><Key>myfile</Key><LastModified>2022-11-10T10:19:06.000Z</LastModified><Size>0</Size><StorageClass>STANDARD</StorageClass><Owner><ID>5b331f64-6f51-45b6-aa60-d46d011e8b1a:5b331f64-6f51-45b6-aa60-d46d011e8b1a</ID><DisplayName>5b331f64-6f51-45b6-aa60-d46d011e8b1a:5b331f64-6f51-45b6-aa60-d46d011e8b1a</DisplayName></Owner></Contents></ListBucketResult>
    headers:
      Content-Length:
      - "666"
      Content-Type:
      - application/xml
      Date:
      - Thu, 10 Nov 2022 10:19:08 GMT
      X-Amz-Id-2:
      - tx5dbf6954d68041348d1d8-00636cd01c
      X-Amz-Request-Id:
      - tx5dbf6954d68041348d1d8-00636cd01c
    status: 200 OK
    code: 200
    duration: ""
- request:
    body: ""
    form: {}
    headers:
      User-Agent:
      - aws-sdk-go/1.44.128 (go1.19.2; darwin; amd64)
      X-Amz-Content-Sha256:
      - e3b0c44298fc1c149afbf4c8996fb92427ae41e4649b934ca495991b7852b855
      X-Amz-Date:
      - 20221110T101908Z
    url: https://test-acc-scaleway-object-storage-class-3880259205865740275.s3.fr-par.scw.cloud/?tagging=
    method: GET
  response:
    body: <Tagging xmlns="http://s3.amazonaws.com/doc/2006-03-01/"><TagSet><Tag><Key>foo</Key><Value>bar</Value></Tag></TagSet></Tagging>
    headers:
      Content-Length:
      - "127"
      Content-Type:
      - application/xml
      Date:
      - Thu, 10 Nov 2022 10:19:08 GMT
      X-Amz-Id-2:
      - tx9f2b26f141b446ea808a6-00636cd01c
      X-Amz-Request-Id:
      - tx9f2b26f141b446ea808a6-00636cd01c
    status: 200 OK
    code: 200
    duration: ""
- request:
    body: ""
    form: {}
    headers:
      User-Agent:
      - aws-sdk-go/1.44.128 (go1.19.2; darwin; amd64)
      X-Amz-Content-Sha256:
      - e3b0c44298fc1c149afbf4c8996fb92427ae41e4649b934ca495991b7852b855
      X-Amz-Date:
      - 20221110T101908Z
    url: https://test-acc-scaleway-object-storage-class-3880259205865740275.s3.fr-par.scw.cloud/?cors=
    method: GET
  response:
    body: |-
      <?xml version='1.0' encoding='UTF-8'?>
      <Error><Code>NoSuchCORSConfiguration</Code><Message>The CORS configuration does not exist</Message><RequestId>txbdd28ddd738b45eeb75bf-00636cd01c</RequestId></Error>
    headers:
      Content-Type:
      - application/xml
      Date:
      - Thu, 10 Nov 2022 10:19:08 GMT
      X-Amz-Id-2:
      - txbdd28ddd738b45eeb75bf-00636cd01c
      X-Amz-Request-Id:
      - txbdd28ddd738b45eeb75bf-00636cd01c
    status: 404 Not Found
    code: 404
    duration: ""
- request:
    body: ""
    form: {}
    headers:
      User-Agent:
      - aws-sdk-go/1.44.128 (go1.19.2; darwin; amd64)
      X-Amz-Content-Sha256:
      - e3b0c44298fc1c149afbf4c8996fb92427ae41e4649b934ca495991b7852b855
      X-Amz-Date:
      - 20221110T101908Z
    url: https://test-acc-scaleway-object-storage-class-3880259205865740275.s3.fr-par.scw.cloud/?versioning=
    method: GET
  response:
    body: |-
      <?xml version='1.0' encoding='UTF-8'?>
      <VersioningConfiguration xmlns="http://s3.amazonaws.com/doc/2006-03-01/"/>
    headers:
      Content-Length:
      - "113"
      Content-Type:
      - text/plain
      Date:
      - Thu, 10 Nov 2022 10:19:08 GMT
      X-Amz-Id-2:
      - tx51de9746341b4f0d89d82-00636cd01c
      X-Amz-Request-Id:
      - tx51de9746341b4f0d89d82-00636cd01c
    status: 200 OK
    code: 200
    duration: ""
- request:
    body: ""
    form: {}
    headers:
      User-Agent:
      - aws-sdk-go/1.44.128 (go1.19.2; darwin; amd64)
      X-Amz-Content-Sha256:
      - e3b0c44298fc1c149afbf4c8996fb92427ae41e4649b934ca495991b7852b855
      X-Amz-Date:
      - 20221110T101908Z
    url: https://test-acc-scaleway-object-storage-class-3880259205865740275.s3.fr-par.scw.cloud/?lifecycle=
    method: GET
  response:
    body: |-
      <?xml version='1.0' encoding='UTF-8'?>
      <Error><Code>NoSuchLifecycleConfiguration</Code><Message>The lifecycle configuration does not exist.</Message><RequestId>tx952d48b41c5b4ddd8c282-00636cd01c</RequestId></Error>
    headers:
      Content-Type:
      - application/xml
      Date:
      - Thu, 10 Nov 2022 10:19:08 GMT
      X-Amz-Id-2:
      - tx952d48b41c5b4ddd8c282-00636cd01c
      X-Amz-Request-Id:
      - tx952d48b41c5b4ddd8c282-00636cd01c
    status: 404 Not Found
    code: 404
    duration: ""
- request:
    body: ""
    form: {}
    headers:
      User-Agent:
      - aws-sdk-go/1.44.128 (go1.19.2; darwin; amd64)
      X-Amz-Content-Sha256:
      - e3b0c44298fc1c149afbf4c8996fb92427ae41e4649b934ca495991b7852b855
      X-Amz-Date:
      - 20221110T101908Z
    url: https://test-acc-scaleway-object-storage-class-3880259205865740275.s3.fr-par.scw.cloud/myfile
    method: HEAD
  response:
    body: ""
    headers:
      Accept-Ranges:
      - bytes
      Content-Length:
      - "0"
      Content-Type:
      - application/octet-stream
      Date:
      - Thu, 10 Nov 2022 10:19:08 GMT
      Etag:
      - '"d41d8cd98f00b204e9800998ecf8427e"'
      Last-Modified:
      - Thu, 10 Nov 2022 10:19:06 GMT
      X-Amz-Id-2:
      - tx0a66381767d8451aba50d-00636cd01c
      X-Amz-Request-Id:
      - tx0a66381767d8451aba50d-00636cd01c
      X-Amz-Version-Id:
      - "1668075546425658"
    status: 200 OK
    code: 200
    duration: ""
- request:
    body: ""
    form: {}
    headers:
      User-Agent:
      - aws-sdk-go/1.44.128 (go1.19.2; darwin; amd64)
      X-Amz-Content-Sha256:
      - e3b0c44298fc1c149afbf4c8996fb92427ae41e4649b934ca495991b7852b855
      X-Amz-Date:
      - 20221110T101908Z
    url: https://test-acc-scaleway-object-storage-class-3880259205865740275.s3.fr-par.scw.cloud/myfile?tagging=
    method: GET
  response:
    body: |-
      <?xml version='1.0' encoding='UTF-8'?>
      <Tagging xmlns="http://s3.amazonaws.com/doc/2006-03-01/"><TagSet/></Tagging>
    headers:
      Content-Length:
      - "115"
      Content-Type:
      - application/xml
      Date:
      - Thu, 10 Nov 2022 10:19:09 GMT
      X-Amz-Id-2:
      - txada822a047de4e5aa7f76-00636cd01c
      X-Amz-Request-Id:
      - txada822a047de4e5aa7f76-00636cd01c
      X-Amz-Version-Id:
      - "1668075546425658"
    status: 200 OK
    code: 200
    duration: ""
- request:
    body: ""
    form: {}
    headers:
      User-Agent:
      - aws-sdk-go/1.44.128 (go1.19.2; darwin; amd64)
      X-Amz-Content-Sha256:
      - e3b0c44298fc1c149afbf4c8996fb92427ae41e4649b934ca495991b7852b855
      X-Amz-Date:
      - 20221110T101909Z
    url: https://test-acc-scaleway-object-storage-class-3880259205865740275.s3.fr-par.scw.cloud/myfile?acl=
    method: GET
  response:
    body: |-
      <?xml version='1.0' encoding='UTF-8'?>
      <AccessControlPolicy xmlns="http://s3.amazonaws.com/doc/2006-03-01/"><Owner><ID>5b331f64-6f51-45b6-aa60-d46d011e8b1a:5b331f64-6f51-45b6-aa60-d46d011e8b1a</ID><DisplayName>5b331f64-6f51-45b6-aa60-d46d011e8b1a:5b331f64-6f51-45b6-aa60-d46d011e8b1a</DisplayName></Owner><AccessControlList><Grant><Grantee xmlns:xsi="http://www.w3.org/2001/XMLSchema-instance" xsi:type="CanonicalUser"><ID>5b331f64-6f51-45b6-aa60-d46d011e8b1a:5b331f64-6f51-45b6-aa60-d46d011e8b1a</ID><DisplayName>5b331f64-6f51-45b6-aa60-d46d011e8b1a:5b331f64-6f51-45b6-aa60-d46d011e8b1a</DisplayName></Grantee><Permission>FULL_CONTROL</Permission></Grant></AccessControlList></AccessControlPolicy>
    headers:
      Content-Length:
      - "698"
      Content-Type:
      - text/html; charset=UTF-8
      Date:
      - Thu, 10 Nov 2022 10:19:09 GMT
      X-Amz-Id-2:
      - txc3f366dbb3cc494996790-00636cd01d
      X-Amz-Request-Id:
      - txc3f366dbb3cc494996790-00636cd01d
    status: 200 OK
    code: 200
    duration: ""
- request:
    body: ""
    form: {}
    headers:
      User-Agent:
      - aws-sdk-go/1.44.128 (go1.19.2; darwin; amd64)
      X-Amz-Content-Sha256:
      - e3b0c44298fc1c149afbf4c8996fb92427ae41e4649b934ca495991b7852b855
      X-Amz-Date:
      - 20221110T101909Z
    url: https://test-acc-scaleway-object-storage-class-3880259205865740275.s3.fr-par.scw.cloud/myfile
    method: DELETE
  response:
    body: ""
    headers:
      Content-Length:
      - "0"
      Content-Type:
      - text/html; charset=UTF-8
      Date:
      - Thu, 10 Nov 2022 10:19:09 GMT
      X-Amz-Id-2:
      - tx082cce07b04642179c0d0-00636cd01d
      X-Amz-Request-Id:
      - tx082cce07b04642179c0d0-00636cd01d
    status: 204 No Content
    code: 204
    duration: ""
- request:
    body: ""
    form: {}
    headers:
      User-Agent:
      - aws-sdk-go/1.44.128 (go1.19.2; darwin; amd64)
      X-Amz-Content-Sha256:
      - e3b0c44298fc1c149afbf4c8996fb92427ae41e4649b934ca495991b7852b855
      X-Amz-Date:
      - 20221110T101909Z
    url: https://test-acc-scaleway-object-storage-class-3880259205865740275.s3.fr-par.scw.cloud/
    method: DELETE
  response:
    body: ""
    headers:
      Content-Length:
      - "0"
      Content-Type:
      - text/html; charset=UTF-8
      Date:
      - Thu, 10 Nov 2022 10:19:16 GMT
      X-Amz-Id-2:
      - tx121186118b824288b76ff-00636cd01e
      X-Amz-Request-Id:
      - tx121186118b824288b76ff-00636cd01e
    status: 204 No Content
    code: 204
    duration: ""
