---
version: 1
interactions:
- request:
    body: <CreateBucketConfiguration xmlns="http://s3.amazonaws.com/doc/2006-03-01/"><LocationConstraint>fr-par</LocationConstraint></CreateBucketConfiguration>
    form: {}
    headers:
      Content-Length:
      - "150"
      User-Agent:
      - aws-sdk-go/1.44.171 (go1.19.5; darwin; amd64)
      X-Amz-Acl:
      - private
      X-Amz-Bucket-Object-Lock-Enabled:
      - "false"
      X-Amz-Content-Sha256:
      - 2cb57fad7b7168921a4c94426cfcb9ee2953f126430595df844e22d50f029060
      X-Amz-Date:
      - 20230119T163226Z
    url: https://test-acc-scaleway-object-acl-grantee-owner-8818349312382842239.s3.fr-par.scw.cloud/
    method: PUT
  response:
    body: ""
    headers:
      Content-Length:
      - "0"
      Content-Type:
      - text/html; charset=UTF-8
      Date:
      - Thu, 19 Jan 2023 16:32:27 GMT
      Location:
      - /test-acc-scaleway-object-acl-grantee-owner-8818349312382842239
      X-Amz-Id-2:
      - tx0d3ccc87fc624c6fa99ab-0063c9709a
      X-Amz-Request-Id:
      - tx0d3ccc87fc624c6fa99ab-0063c9709a
    status: 200 OK
    code: 200
    duration: ""
- request:
    body: ""
    form: {}
    headers:
      Content-Md5:
      - 1B2M2Y8AsgTpgAmY7PhCfg==
      User-Agent:
      - aws-sdk-go/1.44.171 (go1.19.5; darwin; amd64)
      X-Amz-Acl:
      - private
      X-Amz-Content-Sha256:
      - e3b0c44298fc1c149afbf4c8996fb92427ae41e4649b934ca495991b7852b855
      X-Amz-Date:
      - 20230119T163227Z
    url: https://test-acc-scaleway-object-acl-grantee-owner-8818349312382842239.s3.fr-par.scw.cloud/?acl=
    method: PUT
  response:
    body: ""
    headers:
      Content-Length:
      - "0"
      Content-Type:
      - text/html; charset=UTF-8
      Date:
      - Thu, 19 Jan 2023 16:32:28 GMT
      X-Amz-Id-2:
      - txedd78dcdfce14483a1d5c-0063c9709b
      X-Amz-Request-Id:
      - txedd78dcdfce14483a1d5c-0063c9709b
    status: 200 OK
    code: 200
    duration: ""
- request:
    body: ""
    form: {}
    headers:
      User-Agent:
      - aws-sdk-go/1.44.171 (go1.19.5; darwin; amd64)
      X-Amz-Content-Sha256:
      - e3b0c44298fc1c149afbf4c8996fb92427ae41e4649b934ca495991b7852b855
      X-Amz-Date:
      - 20230119T163228Z
    url: https://test-acc-scaleway-object-acl-grantee-owner-8818349312382842239.s3.fr-par.scw.cloud/?acl=
    method: GET
  response:
    body: |-
      <?xml version='1.0' encoding='UTF-8'?>
      <AccessControlPolicy xmlns="http://s3.amazonaws.com/doc/2006-03-01/"><Owner><ID>105bdce1-64c0-48ab-899d-868455867ecf:105bdce1-64c0-48ab-899d-868455867ecf</ID><DisplayName>105bdce1-64c0-48ab-899d-868455867ecf:105bdce1-64c0-48ab-899d-868455867ecf</DisplayName></Owner><AccessControlList><Grant><Grantee xmlns:xsi="http://www.w3.org/2001/XMLSchema-instance" xsi:type="CanonicalUser"><ID>105bdce1-64c0-48ab-899d-868455867ecf:105bdce1-64c0-48ab-899d-868455867ecf</ID><DisplayName>105bdce1-64c0-48ab-899d-868455867ecf:105bdce1-64c0-48ab-899d-868455867ecf</DisplayName></Grantee><Permission>FULL_CONTROL</Permission></Grant></AccessControlList></AccessControlPolicy>
    headers:
      Content-Length:
      - "698"
      Content-Type:
      - text/html; charset=UTF-8
      Date:
      - Thu, 19 Jan 2023 16:32:28 GMT
      X-Amz-Id-2:
      - tx14624f7e2f2b4898ba731-0063c9709c
      X-Amz-Request-Id:
      - tx14624f7e2f2b4898ba731-0063c9709c
    status: 200 OK
    code: 200
    duration: ""
- request:
    body: ""
    form: {}
    headers:
      User-Agent:
      - aws-sdk-go/1.44.171 (go1.19.5; darwin; amd64)
      X-Amz-Content-Sha256:
      - e3b0c44298fc1c149afbf4c8996fb92427ae41e4649b934ca495991b7852b855
      X-Amz-Date:
      - 20230119T163228Z
    url: https://test-acc-scaleway-object-acl-grantee-owner-8818349312382842239.s3.fr-par.scw.cloud/?object-lock=
    method: GET
  response:
    body: |-
      <?xml version='1.0' encoding='UTF-8'?>
      <Error><Code>ObjectLockConfigurationNotFoundError</Code><Message>Object Lock configuration does not exist for this bucket</Message><RequestId>tx5a37bb5630e647c4b6574-0063c9709c</RequestId></Error>
    headers:
      Content-Type:
      - application/xml
      Date:
      - Thu, 19 Jan 2023 16:32:29 GMT
      X-Amz-Id-2:
      - tx5a37bb5630e647c4b6574-0063c9709c
      X-Amz-Request-Id:
      - tx5a37bb5630e647c4b6574-0063c9709c
    status: 404 Not Found
    code: 404
    duration: ""
- request:
    body: ""
    form: {}
    headers:
      User-Agent:
      - aws-sdk-go/1.44.171 (go1.19.5; darwin; amd64)
      X-Amz-Content-Sha256:
      - e3b0c44298fc1c149afbf4c8996fb92427ae41e4649b934ca495991b7852b855
      X-Amz-Date:
      - 20230119T163229Z
    url: https://test-acc-scaleway-object-acl-grantee-owner-8818349312382842239.s3.fr-par.scw.cloud/
    method: GET
  response:
    body: |-
      <?xml version='1.0' encoding='UTF-8'?>
      <ListBucketResult xmlns="http://s3.amazonaws.com/doc/2006-03-01/"><Name>test-acc-scaleway-object-acl-grantee-owner-8818349312382842239</Name><Prefix/><Delimiter/><MaxKeys>1000</MaxKeys><IsTruncated>false</IsTruncated><Marker/></ListBucketResult>
    headers:
      Content-Length:
      - "284"
      Content-Type:
      - application/xml
      Date:
      - Thu, 19 Jan 2023 16:32:29 GMT
      X-Amz-Id-2:
      - tx73350dbe90bb4671bc189-0063c9709d
      X-Amz-Request-Id:
      - tx73350dbe90bb4671bc189-0063c9709d
    status: 200 OK
    code: 200
    duration: ""
- request:
    body: ""
    form: {}
    headers:
      User-Agent:
      - aws-sdk-go/1.44.171 (go1.19.5; darwin; amd64)
      X-Amz-Content-Sha256:
      - e3b0c44298fc1c149afbf4c8996fb92427ae41e4649b934ca495991b7852b855
      X-Amz-Date:
      - 20230119T163229Z
    url: https://test-acc-scaleway-object-acl-grantee-owner-8818349312382842239.s3.fr-par.scw.cloud/?tagging=
    method: GET
  response:
    body: |-
      <?xml version='1.0' encoding='UTF-8'?>
      <Error><Code>NoSuchTagSet</Code><Message>There is no tag set associated with the bucket or object.</Message><RequestId>txaff190e2895a47038a8eb-0063c9709d</RequestId><Headers/></Error>
    headers:
      Content-Type:
      - application/xml
      Date:
      - Thu, 19 Jan 2023 16:32:29 GMT
      X-Amz-Id-2:
      - txaff190e2895a47038a8eb-0063c9709d
      X-Amz-Request-Id:
      - txaff190e2895a47038a8eb-0063c9709d
    status: 404 Not Found
    code: 404
    duration: ""
- request:
    body: ""
    form: {}
    headers:
      User-Agent:
      - aws-sdk-go/1.44.171 (go1.19.5; darwin; amd64)
      X-Amz-Content-Sha256:
      - e3b0c44298fc1c149afbf4c8996fb92427ae41e4649b934ca495991b7852b855
      X-Amz-Date:
      - 20230119T163229Z
    url: https://test-acc-scaleway-object-acl-grantee-owner-8818349312382842239.s3.fr-par.scw.cloud/?cors=
    method: GET
  response:
    body: |-
      <?xml version='1.0' encoding='UTF-8'?>
      <Error><Code>NoSuchCORSConfiguration</Code><Message>The CORS configuration does not exist</Message><RequestId>txef56ec67399041b1bfca2-0063c9709d</RequestId></Error>
    headers:
      Content-Type:
      - application/xml
      Date:
      - Thu, 19 Jan 2023 16:32:30 GMT
      X-Amz-Id-2:
      - txef56ec67399041b1bfca2-0063c9709d
      X-Amz-Request-Id:
      - txef56ec67399041b1bfca2-0063c9709d
    status: 404 Not Found
    code: 404
    duration: ""
- request:
    body: ""
    form: {}
    headers:
      User-Agent:
      - aws-sdk-go/1.44.171 (go1.19.5; darwin; amd64)
      X-Amz-Content-Sha256:
      - e3b0c44298fc1c149afbf4c8996fb92427ae41e4649b934ca495991b7852b855
      X-Amz-Date:
      - 20230119T163230Z
    url: https://test-acc-scaleway-object-acl-grantee-owner-8818349312382842239.s3.fr-par.scw.cloud/?versioning=
    method: GET
  response:
    body: |-
      <?xml version='1.0' encoding='UTF-8'?>
      <VersioningConfiguration xmlns="http://s3.amazonaws.com/doc/2006-03-01/"/>
    headers:
      Content-Length:
      - "113"
      Content-Type:
      - text/plain
      Date:
      - Thu, 19 Jan 2023 16:32:31 GMT
      X-Amz-Id-2:
      - txfdba8efaf92f4ecfa32d3-0063c9709e
      X-Amz-Request-Id:
      - txfdba8efaf92f4ecfa32d3-0063c9709e
    status: 200 OK
    code: 200
    duration: ""
- request:
    body: ""
    form: {}
    headers:
      User-Agent:
      - aws-sdk-go/1.44.171 (go1.19.5; darwin; amd64)
      X-Amz-Content-Sha256:
      - e3b0c44298fc1c149afbf4c8996fb92427ae41e4649b934ca495991b7852b855
      X-Amz-Date:
      - 20230119T163231Z
    url: https://test-acc-scaleway-object-acl-grantee-owner-8818349312382842239.s3.fr-par.scw.cloud/?lifecycle=
    method: GET
  response:
    body: |-
      <?xml version='1.0' encoding='UTF-8'?>
      <Error><Code>NoSuchLifecycleConfiguration</Code><Message>The lifecycle configuration does not exist.</Message><RequestId>tx00bca5dd46c2452199926-0063c9709f</RequestId></Error>
    headers:
      Content-Type:
      - application/xml
      Date:
      - Thu, 19 Jan 2023 16:32:31 GMT
      X-Amz-Id-2:
      - tx00bca5dd46c2452199926-0063c9709f
      X-Amz-Request-Id:
      - tx00bca5dd46c2452199926-0063c9709f
    status: 404 Not Found
    code: 404
    duration: ""
- request:
    body: <AccessControlPolicy xmlns="http://s3.amazonaws.com/doc/2006-03-01/"><AccessControlList><Grant><Permission>WRITE</Permission><Grantee
      xmlns:xsi="http://www.w3.org/2001/XMLSchema-instance" xsi:type="CanonicalUser"><ID>105bdce1-64c0-48ab-899d-868455867ecf:105bdce1-64c0-48ab-899d-868455867ecf</ID></Grantee></Grant><Grant><Grantee
      xmlns:xsi="http://www.w3.org/2001/XMLSchema-instance" xsi:type="CanonicalUser"><ID>105bdce1-64c0-48ab-899d-868455867ecf:105bdce1-64c0-48ab-899d-868455867ecf</ID></Grantee><Permission>FULL_CONTROL</Permission></Grant></AccessControlList><Owner><ID>105bdce1-64c0-48ab-899d-868455867ecf:105bdce1-64c0-48ab-899d-868455867ecf</ID></Owner></AccessControlPolicy>
    form: {}
    headers:
      Content-Length:
      - "684"
      Content-Md5:
      - OigYCaK6HqPITP6Fq9MJww==
      User-Agent:
      - aws-sdk-go/1.44.171 (go1.19.5; darwin; amd64)
      X-Amz-Content-Sha256:
      - ada38890859ed79b9910c7b20c936474c0bfda78084d42eeca7d129b54aeb3a4
      X-Amz-Date:
      - 20230119T163231Z
      X-Amz-Expected-Bucket-Owner:
      - 105bdce1-64c0-48ab-899d-868455867ecf
    url: https://test-acc-scaleway-object-acl-grantee-owner-8818349312382842239.s3.fr-par.scw.cloud/?acl=
    method: PUT
  response:
    body: ""
    headers:
      Content-Length:
      - "0"
      Content-Type:
      - text/html; charset=UTF-8
      Date:
      - Thu, 19 Jan 2023 16:32:31 GMT
      X-Amz-Id-2:
      - tx6d3e69f08f1b4e5cb4955-0063c9709f
      X-Amz-Request-Id:
      - tx6d3e69f08f1b4e5cb4955-0063c9709f
    status: 200 OK
    code: 200
    duration: ""
- request:
    body: ""
    form: {}
    headers:
      User-Agent:
      - aws-sdk-go/1.44.171 (go1.19.5; darwin; amd64)
      X-Amz-Content-Sha256:
      - e3b0c44298fc1c149afbf4c8996fb92427ae41e4649b934ca495991b7852b855
      X-Amz-Date:
      - 20230119T163231Z
      X-Amz-Expected-Bucket-Owner:
      - 105bdce1-64c0-48ab-899d-868455867ecf
    url: https://test-acc-scaleway-object-acl-grantee-owner-8818349312382842239.s3.fr-par.scw.cloud/?acl=
    method: GET
  response:
    body: |-
      <?xml version='1.0' encoding='UTF-8'?>
      <AccessControlPolicy xmlns="http://s3.amazonaws.com/doc/2006-03-01/"><Owner><ID>105bdce1-64c0-48ab-899d-868455867ecf:105bdce1-64c0-48ab-899d-868455867ecf</ID><DisplayName>105bdce1-64c0-48ab-899d-868455867ecf:105bdce1-64c0-48ab-899d-868455867ecf</DisplayName></Owner><AccessControlList><Grant><Grantee xmlns:xsi="http://www.w3.org/2001/XMLSchema-instance" xsi:type="CanonicalUser"><ID>105bdce1-64c0-48ab-899d-868455867ecf:105bdce1-64c0-48ab-899d-868455867ecf</ID><DisplayName>105bdce1-64c0-48ab-899d-868455867ecf:105bdce1-64c0-48ab-899d-868455867ecf</DisplayName></Grantee><Permission>WRITE</Permission></Grant><Grant><Grantee xmlns:xsi="http://www.w3.org/2001/XMLSchema-instance" xsi:type="CanonicalUser"><ID>105bdce1-64c0-48ab-899d-868455867ecf:105bdce1-64c0-48ab-899d-868455867ecf</ID><DisplayName>105bdce1-64c0-48ab-899d-868455867ecf:105bdce1-64c0-48ab-899d-868455867ecf</DisplayName></Grantee><Permission>FULL_CONTROL</Permission></Grant></AccessControlList></AccessControlPolicy>
    headers:
      Content-Length:
      - "1023"
      Content-Type:
      - text/html; charset=UTF-8
      Date:
      - Thu, 19 Jan 2023 16:32:31 GMT
      X-Amz-Id-2:
      - tx4498cb9a47924822a1611-0063c9709f
      X-Amz-Request-Id:
      - tx4498cb9a47924822a1611-0063c9709f
    status: 200 OK
    code: 200
    duration: ""
- request:
    body: ""
    form: {}
    headers:
      User-Agent:
      - aws-sdk-go/1.44.171 (go1.19.5; darwin; amd64)
      X-Amz-Content-Sha256:
      - e3b0c44298fc1c149afbf4c8996fb92427ae41e4649b934ca495991b7852b855
      X-Amz-Date:
      - 20230119T163232Z
    url: https://test-acc-scaleway-object-acl-grantee-owner-8818349312382842239.s3.fr-par.scw.cloud/?acl=
    method: GET
  response:
    body: |-
      <?xml version='1.0' encoding='UTF-8'?>
      <AccessControlPolicy xmlns="http://s3.amazonaws.com/doc/2006-03-01/"><Owner><ID>105bdce1-64c0-48ab-899d-868455867ecf:105bdce1-64c0-48ab-899d-868455867ecf</ID><DisplayName>105bdce1-64c0-48ab-899d-868455867ecf:105bdce1-64c0-48ab-899d-868455867ecf</DisplayName></Owner><AccessControlList><Grant><Grantee xmlns:xsi="http://www.w3.org/2001/XMLSchema-instance" xsi:type="CanonicalUser"><ID>105bdce1-64c0-48ab-899d-868455867ecf:105bdce1-64c0-48ab-899d-868455867ecf</ID><DisplayName>105bdce1-64c0-48ab-899d-868455867ecf:105bdce1-64c0-48ab-899d-868455867ecf</DisplayName></Grantee><Permission>WRITE</Permission></Grant><Grant><Grantee xmlns:xsi="http://www.w3.org/2001/XMLSchema-instance" xsi:type="CanonicalUser"><ID>105bdce1-64c0-48ab-899d-868455867ecf:105bdce1-64c0-48ab-899d-868455867ecf</ID><DisplayName>105bdce1-64c0-48ab-899d-868455867ecf:105bdce1-64c0-48ab-899d-868455867ecf</DisplayName></Grantee><Permission>FULL_CONTROL</Permission></Grant></AccessControlList></AccessControlPolicy>
    headers:
      Content-Length:
      - "1023"
      Content-Type:
      - text/html; charset=UTF-8
      Date:
      - Thu, 19 Jan 2023 16:32:32 GMT
      X-Amz-Id-2:
      - tx44884ec703ac43d8b4781-0063c970a0
      X-Amz-Request-Id:
      - tx44884ec703ac43d8b4781-0063c970a0
    status: 200 OK
    code: 200
    duration: ""
- request:
    body: ""
    form: {}
    headers:
      User-Agent:
      - aws-sdk-go/1.44.171 (go1.19.5; darwin; amd64)
      X-Amz-Content-Sha256:
      - e3b0c44298fc1c149afbf4c8996fb92427ae41e4649b934ca495991b7852b855
      X-Amz-Date:
      - 20230119T163232Z
    url: https://test-acc-scaleway-object-acl-grantee-owner-8818349312382842239.s3.fr-par.scw.cloud/?object-lock=
    method: GET
  response:
    body: |-
      <?xml version='1.0' encoding='UTF-8'?>
      <Error><Code>ObjectLockConfigurationNotFoundError</Code><Message>Object Lock configuration does not exist for this bucket</Message><RequestId>tx31aff36a0a3349d7bd078-0063c970a0</RequestId></Error>
    headers:
      Content-Type:
      - application/xml
      Date:
      - Thu, 19 Jan 2023 16:32:32 GMT
      X-Amz-Id-2:
      - tx31aff36a0a3349d7bd078-0063c970a0
      X-Amz-Request-Id:
      - tx31aff36a0a3349d7bd078-0063c970a0
    status: 404 Not Found
    code: 404
    duration: ""
- request:
    body: ""
    form: {}
    headers:
      User-Agent:
      - aws-sdk-go/1.44.171 (go1.19.5; darwin; amd64)
      X-Amz-Content-Sha256:
      - e3b0c44298fc1c149afbf4c8996fb92427ae41e4649b934ca495991b7852b855
      X-Amz-Date:
      - 20230119T163232Z
    url: https://test-acc-scaleway-object-acl-grantee-owner-8818349312382842239.s3.fr-par.scw.cloud/
    method: GET
  response:
    body: |-
      <?xml version='1.0' encoding='UTF-8'?>
      <ListBucketResult xmlns="http://s3.amazonaws.com/doc/2006-03-01/"><Name>test-acc-scaleway-object-acl-grantee-owner-8818349312382842239</Name><Prefix/><Delimiter/><MaxKeys>1000</MaxKeys><IsTruncated>false</IsTruncated><Marker/></ListBucketResult>
    headers:
      Content-Length:
      - "284"
      Content-Type:
      - application/xml
      Date:
      - Thu, 19 Jan 2023 16:32:33 GMT
      X-Amz-Id-2:
      - tx572d7aec008d42ebbf21d-0063c970a0
      X-Amz-Request-Id:
      - tx572d7aec008d42ebbf21d-0063c970a0
    status: 200 OK
    code: 200
    duration: ""
- request:
    body: ""
    form: {}
    headers:
      User-Agent:
      - aws-sdk-go/1.44.171 (go1.19.5; darwin; amd64)
      X-Amz-Content-Sha256:
      - e3b0c44298fc1c149afbf4c8996fb92427ae41e4649b934ca495991b7852b855
      X-Amz-Date:
      - 20230119T163233Z
    url: https://test-acc-scaleway-object-acl-grantee-owner-8818349312382842239.s3.fr-par.scw.cloud/?tagging=
    method: GET
  response:
    body: |-
      <?xml version='1.0' encoding='UTF-8'?>
      <Error><Code>NoSuchTagSet</Code><Message>There is no tag set associated with the bucket or object.</Message><RequestId>tx36096f31d41a488594ca5-0063c970a1</RequestId><Headers/></Error>
    headers:
      Content-Type:
      - application/xml
      Date:
      - Thu, 19 Jan 2023 16:32:34 GMT
      X-Amz-Id-2:
      - tx36096f31d41a488594ca5-0063c970a1
      X-Amz-Request-Id:
      - tx36096f31d41a488594ca5-0063c970a1
    status: 404 Not Found
    code: 404
    duration: ""
- request:
    body: ""
    form: {}
    headers:
      User-Agent:
      - aws-sdk-go/1.44.171 (go1.19.5; darwin; amd64)
      X-Amz-Content-Sha256:
      - e3b0c44298fc1c149afbf4c8996fb92427ae41e4649b934ca495991b7852b855
      X-Amz-Date:
      - 20230119T163234Z
    url: https://test-acc-scaleway-object-acl-grantee-owner-8818349312382842239.s3.fr-par.scw.cloud/?cors=
    method: GET
  response:
    body: |-
      <?xml version='1.0' encoding='UTF-8'?>
      <Error><Code>NoSuchCORSConfiguration</Code><Message>The CORS configuration does not exist</Message><RequestId>tx7cc5f215ef8c44d39c10b-0063c970a2</RequestId></Error>
    headers:
      Content-Type:
      - application/xml
      Date:
      - Thu, 19 Jan 2023 16:32:34 GMT
      X-Amz-Id-2:
      - tx7cc5f215ef8c44d39c10b-0063c970a2
      X-Amz-Request-Id:
      - tx7cc5f215ef8c44d39c10b-0063c970a2
    status: 404 Not Found
    code: 404
    duration: ""
- request:
    body: ""
    form: {}
    headers:
      User-Agent:
      - aws-sdk-go/1.44.171 (go1.19.5; darwin; amd64)
      X-Amz-Content-Sha256:
      - e3b0c44298fc1c149afbf4c8996fb92427ae41e4649b934ca495991b7852b855
      X-Amz-Date:
      - 20230119T163234Z
    url: https://test-acc-scaleway-object-acl-grantee-owner-8818349312382842239.s3.fr-par.scw.cloud/?versioning=
    method: GET
  response:
    body: |-
      <?xml version='1.0' encoding='UTF-8'?>
      <VersioningConfiguration xmlns="http://s3.amazonaws.com/doc/2006-03-01/"/>
    headers:
      Content-Length:
      - "113"
      Content-Type:
      - text/plain
      Date:
      - Thu, 19 Jan 2023 16:32:34 GMT
      X-Amz-Id-2:
      - tx17522a760f214e3a9d48c-0063c970a2
      X-Amz-Request-Id:
      - tx17522a760f214e3a9d48c-0063c970a2
    status: 200 OK
    code: 200
    duration: ""
- request:
    body: ""
    form: {}
    headers:
      User-Agent:
      - aws-sdk-go/1.44.171 (go1.19.5; darwin; amd64)
      X-Amz-Content-Sha256:
      - e3b0c44298fc1c149afbf4c8996fb92427ae41e4649b934ca495991b7852b855
      X-Amz-Date:
      - 20230119T163234Z
    url: https://test-acc-scaleway-object-acl-grantee-owner-8818349312382842239.s3.fr-par.scw.cloud/?lifecycle=
    method: GET
  response:
    body: |-
      <?xml version='1.0' encoding='UTF-8'?>
      <Error><Code>NoSuchLifecycleConfiguration</Code><Message>The lifecycle configuration does not exist.</Message><RequestId>tx5d6f89d1893d4370b334e-0063c970a2</RequestId></Error>
    headers:
      Content-Type:
      - application/xml
      Date:
      - Thu, 19 Jan 2023 16:32:34 GMT
      X-Amz-Id-2:
      - tx5d6f89d1893d4370b334e-0063c970a2
      X-Amz-Request-Id:
      - tx5d6f89d1893d4370b334e-0063c970a2
    status: 404 Not Found
    code: 404
    duration: ""
- request:
    body: ""
    form: {}
    headers:
      User-Agent:
      - aws-sdk-go/1.44.171 (go1.19.5; darwin; amd64)
      X-Amz-Content-Sha256:
      - e3b0c44298fc1c149afbf4c8996fb92427ae41e4649b934ca495991b7852b855
      X-Amz-Date:
      - 20230119T163234Z
      X-Amz-Expected-Bucket-Owner:
      - 105bdce1-64c0-48ab-899d-868455867ecf
    url: https://test-acc-scaleway-object-acl-grantee-owner-8818349312382842239.s3.fr-par.scw.cloud/?acl=
    method: GET
  response:
    body: |-
      <?xml version='1.0' encoding='UTF-8'?>
      <AccessControlPolicy xmlns="http://s3.amazonaws.com/doc/2006-03-01/"><Owner><ID>105bdce1-64c0-48ab-899d-868455867ecf:105bdce1-64c0-48ab-899d-868455867ecf</ID><DisplayName>105bdce1-64c0-48ab-899d-868455867ecf:105bdce1-64c0-48ab-899d-868455867ecf</DisplayName></Owner><AccessControlList><Grant><Grantee xmlns:xsi="http://www.w3.org/2001/XMLSchema-instance" xsi:type="CanonicalUser"><ID>105bdce1-64c0-48ab-899d-868455867ecf:105bdce1-64c0-48ab-899d-868455867ecf</ID><DisplayName>105bdce1-64c0-48ab-899d-868455867ecf:105bdce1-64c0-48ab-899d-868455867ecf</DisplayName></Grantee><Permission>WRITE</Permission></Grant><Grant><Grantee xmlns:xsi="http://www.w3.org/2001/XMLSchema-instance" xsi:type="CanonicalUser"><ID>105bdce1-64c0-48ab-899d-868455867ecf:105bdce1-64c0-48ab-899d-868455867ecf</ID><DisplayName>105bdce1-64c0-48ab-899d-868455867ecf:105bdce1-64c0-48ab-899d-868455867ecf</DisplayName></Grantee><Permission>FULL_CONTROL</Permission></Grant></AccessControlList></AccessControlPolicy>
    headers:
      Content-Length:
      - "1023"
      Content-Type:
      - text/html; charset=UTF-8
      Date:
      - Thu, 19 Jan 2023 16:32:35 GMT
      X-Amz-Id-2:
      - txa0fb5ebc633549049d637-0063c970a2
      X-Amz-Request-Id:
      - txa0fb5ebc633549049d637-0063c970a2
    status: 200 OK
    code: 200
    duration: ""
- request:
    body: ""
    form: {}
    headers:
      User-Agent:
      - aws-sdk-go/1.44.171 (go1.19.5; darwin; amd64)
      X-Amz-Content-Sha256:
      - e3b0c44298fc1c149afbf4c8996fb92427ae41e4649b934ca495991b7852b855
      X-Amz-Date:
      - 20230119T163235Z
    url: https://test-acc-scaleway-object-acl-grantee-owner-8818349312382842239.s3.fr-par.scw.cloud/
    method: DELETE
  response:
    body: ""
    headers:
      Content-Length:
      - "0"
      Content-Type:
      - text/html; charset=UTF-8
      Date:
      - Thu, 19 Jan 2023 16:32:36 GMT
      X-Amz-Id-2:
      - txa684ed79c012472b98f17-0063c970a3
      X-Amz-Request-Id:
      - txa684ed79c012472b98f17-0063c970a3
    status: 204 No Content
    code: 204
    duration: ""
