---
version: 1
interactions:
- request:
    body: <CreateBucketConfiguration xmlns="http://s3.amazonaws.com/doc/2006-03-01/"><LocationConstraint>fr-par</LocationConstraint></CreateBucketConfiguration>
    form: {}
    headers:
      Content-Length:
      - "150"
      User-Agent:
      - aws-sdk-go/1.44.128 (go1.19.2; darwin; amd64)
      X-Amz-Acl:
      - private
      X-Amz-Bucket-Object-Lock-Enabled:
      - "false"
      X-Amz-Content-Sha256:
      - 2cb57fad7b7168921a4c94426cfcb9ee2953f126430595df844e22d50f029060
      X-Amz-Date:
      - 20221110T101840Z
    url: https://test-acc-scaleway-object-hash-7804828869654573555.s3.fr-par.scw.cloud/
    method: PUT
  response:
    body: ""
    headers:
      Content-Length:
      - "0"
      Content-Type:
      - text/html; charset=UTF-8
      Date:
      - Thu, 10 Nov 2022 10:18:45 GMT
      Location:
      - /test-acc-scaleway-object-hash-7804828869654573555
      X-Amz-Id-2:
      - tx7e3c83b2aa874d23a2345-00636cd001
      X-Amz-Request-Id:
      - tx7e3c83b2aa874d23a2345-00636cd001
    status: 200 OK
    code: 200
    duration: ""
- request:
    body: <Tagging xmlns="http://s3.amazonaws.com/doc/2006-03-01/"><TagSet><Tag><Key>foo</Key><Value>bar</Value></Tag></TagSet></Tagging>
    form: {}
    headers:
      Content-Length:
      - "127"
      Content-Md5:
      - GLaI7og/rAKomUfPePCCFQ==
      User-Agent:
      - aws-sdk-go/1.44.128 (go1.19.2; darwin; amd64)
      X-Amz-Content-Sha256:
      - d68cba1a39d89eb72e49b2e5b04058846b60e88e6e32eae42901c4f57a4727a8
      X-Amz-Date:
      - 20221110T101845Z
    url: https://test-acc-scaleway-object-hash-7804828869654573555.s3.fr-par.scw.cloud/?tagging=
    method: PUT
  response:
    body: ""
    headers:
      Content-Length:
      - "0"
      Content-Type:
      - text/html; charset=UTF-8
      Date:
      - Thu, 10 Nov 2022 10:18:46 GMT
      X-Amz-Id-2:
      - tx138566a303db4d91b0465-00636cd005
      X-Amz-Request-Id:
      - tx138566a303db4d91b0465-00636cd005
    status: 204 No Content
    code: 204
    duration: ""
- request:
    body: ""
    form: {}
    headers:
      Content-Md5:
      - 1B2M2Y8AsgTpgAmY7PhCfg==
      User-Agent:
      - aws-sdk-go/1.44.128 (go1.19.2; darwin; amd64)
      X-Amz-Acl:
      - private
      X-Amz-Content-Sha256:
      - e3b0c44298fc1c149afbf4c8996fb92427ae41e4649b934ca495991b7852b855
      X-Amz-Date:
      - 20221110T101846Z
    url: https://test-acc-scaleway-object-hash-7804828869654573555.s3.fr-par.scw.cloud/?acl=
    method: PUT
  response:
    body: ""
    headers:
      Content-Length:
      - "0"
      Content-Type:
      - text/html; charset=UTF-8
      Date:
      - Thu, 10 Nov 2022 10:18:47 GMT
      X-Amz-Id-2:
      - txca34f8a85d43438b8fc50-00636cd006
      X-Amz-Request-Id:
      - txca34f8a85d43438b8fc50-00636cd006
    status: 200 OK
    code: 200
    duration: ""
- request:
    body: <Tagging xmlns="http://s3.amazonaws.com/doc/2006-03-01/"><TagSet><Tag><Key>foo</Key><Value>bar</Value></Tag></TagSet></Tagging>
    form: {}
    headers:
      Content-Length:
      - "127"
      Content-Md5:
      - GLaI7og/rAKomUfPePCCFQ==
      User-Agent:
      - aws-sdk-go/1.44.128 (go1.19.2; darwin; amd64)
      X-Amz-Content-Sha256:
      - d68cba1a39d89eb72e49b2e5b04058846b60e88e6e32eae42901c4f57a4727a8
      X-Amz-Date:
      - 20221110T101847Z
    url: https://test-acc-scaleway-object-hash-7804828869654573555.s3.fr-par.scw.cloud/?tagging=
    method: PUT
  response:
    body: ""
    headers:
      Content-Length:
      - "0"
      Content-Type:
      - text/html; charset=UTF-8
      Date:
      - Thu, 10 Nov 2022 10:18:48 GMT
      X-Amz-Id-2:
      - txaf9985af011642b48da03-00636cd007
      X-Amz-Request-Id:
      - txaf9985af011642b48da03-00636cd007
    status: 204 No Content
    code: 204
    duration: ""
- request:
    body: ""
    form: {}
    headers:
      User-Agent:
      - aws-sdk-go/1.44.128 (go1.19.2; darwin; amd64)
      X-Amz-Content-Sha256:
      - e3b0c44298fc1c149afbf4c8996fb92427ae41e4649b934ca495991b7852b855
      X-Amz-Date:
      - 20221110T101848Z
    url: https://test-acc-scaleway-object-hash-7804828869654573555.s3.fr-par.scw.cloud/?object-lock=
    method: GET
  response:
    body: |-
      <?xml version='1.0' encoding='UTF-8'?>
      <Error><Code>ObjectLockConfigurationNotFoundError</Code><Message>Object Lock configuration does not exist for this bucket</Message><RequestId>txa29a3ce55cbd49c6ab373-00636cd008</RequestId></Error>
    headers:
      Content-Type:
      - application/xml
      Date:
      - Thu, 10 Nov 2022 10:18:48 GMT
      X-Amz-Id-2:
      - txa29a3ce55cbd49c6ab373-00636cd008
      X-Amz-Request-Id:
      - txa29a3ce55cbd49c6ab373-00636cd008
    status: 404 Not Found
    code: 404
    duration: ""
- request:
    body: ""
    form: {}
    headers:
      User-Agent:
      - aws-sdk-go/1.44.128 (go1.19.2; darwin; amd64)
      X-Amz-Content-Sha256:
      - e3b0c44298fc1c149afbf4c8996fb92427ae41e4649b934ca495991b7852b855
      X-Amz-Date:
      - 20221110T101848Z
    url: https://test-acc-scaleway-object-hash-7804828869654573555.s3.fr-par.scw.cloud/
    method: GET
  response:
    body: |-
      <?xml version='1.0' encoding='UTF-8'?>
      <ListBucketResult xmlns="http://s3.amazonaws.com/doc/2006-03-01/"><Name>test-acc-scaleway-object-hash-7804828869654573555</Name><Prefix/><Delimiter/><MaxKeys>1000</MaxKeys><IsTruncated>false</IsTruncated><Marker/></ListBucketResult>
    headers:
      Content-Length:
      - "271"
      Content-Type:
      - application/xml
      Date:
      - Thu, 10 Nov 2022 10:18:48 GMT
      X-Amz-Id-2:
      - tx01eefdfa99194af0af71c-00636cd008
      X-Amz-Request-Id:
      - tx01eefdfa99194af0af71c-00636cd008
    status: 200 OK
    code: 200
    duration: ""
- request:
    body: ""
    form: {}
    headers:
      User-Agent:
      - aws-sdk-go/1.44.128 (go1.19.2; darwin; amd64)
      X-Amz-Content-Sha256:
      - e3b0c44298fc1c149afbf4c8996fb92427ae41e4649b934ca495991b7852b855
      X-Amz-Date:
      - 20221110T101848Z
    url: https://test-acc-scaleway-object-hash-7804828869654573555.s3.fr-par.scw.cloud/?tagging=
    method: GET
  response:
    body: <Tagging xmlns="http://s3.amazonaws.com/doc/2006-03-01/"><TagSet><Tag><Key>foo</Key><Value>bar</Value></Tag></TagSet></Tagging>
    headers:
      Content-Length:
      - "127"
      Content-Type:
      - application/xml
      Date:
      - Thu, 10 Nov 2022 10:18:48 GMT
      X-Amz-Id-2:
      - txa2b4b4517a14444f9c0d3-00636cd008
      X-Amz-Request-Id:
      - txa2b4b4517a14444f9c0d3-00636cd008
    status: 200 OK
    code: 200
    duration: ""
- request:
    body: ""
    form: {}
    headers:
      User-Agent:
      - aws-sdk-go/1.44.128 (go1.19.2; darwin; amd64)
      X-Amz-Content-Sha256:
      - e3b0c44298fc1c149afbf4c8996fb92427ae41e4649b934ca495991b7852b855
      X-Amz-Date:
      - 20221110T101848Z
    url: https://test-acc-scaleway-object-hash-7804828869654573555.s3.fr-par.scw.cloud/?cors=
    method: GET
  response:
    body: |-
      <?xml version='1.0' encoding='UTF-8'?>
      <Error><Code>NoSuchCORSConfiguration</Code><Message>The CORS configuration does not exist</Message><RequestId>tx11e708c920084b868d135-00636cd008</RequestId></Error>
    headers:
      Content-Type:
      - application/xml
      Date:
      - Thu, 10 Nov 2022 10:18:48 GMT
      X-Amz-Id-2:
      - tx11e708c920084b868d135-00636cd008
      X-Amz-Request-Id:
      - tx11e708c920084b868d135-00636cd008
    status: 404 Not Found
    code: 404
    duration: ""
- request:
    body: ""
    form: {}
    headers:
      User-Agent:
      - aws-sdk-go/1.44.128 (go1.19.2; darwin; amd64)
      X-Amz-Content-Sha256:
      - e3b0c44298fc1c149afbf4c8996fb92427ae41e4649b934ca495991b7852b855
      X-Amz-Date:
      - 20221110T101848Z
    url: https://test-acc-scaleway-object-hash-7804828869654573555.s3.fr-par.scw.cloud/?versioning=
    method: GET
  response:
    body: |-
      <?xml version='1.0' encoding='UTF-8'?>
      <VersioningConfiguration xmlns="http://s3.amazonaws.com/doc/2006-03-01/"/>
    headers:
      Content-Length:
      - "113"
      Content-Type:
      - text/plain
      Date:
      - Thu, 10 Nov 2022 10:18:49 GMT
      X-Amz-Id-2:
      - txba95200dab1f451694747-00636cd008
      X-Amz-Request-Id:
      - txba95200dab1f451694747-00636cd008
    status: 200 OK
    code: 200
    duration: ""
- request:
    body: ""
    form: {}
    headers:
      User-Agent:
      - aws-sdk-go/1.44.128 (go1.19.2; darwin; amd64)
      X-Amz-Content-Sha256:
      - e3b0c44298fc1c149afbf4c8996fb92427ae41e4649b934ca495991b7852b855
      X-Amz-Date:
      - 20221110T101849Z
    url: https://test-acc-scaleway-object-hash-7804828869654573555.s3.fr-par.scw.cloud/?lifecycle=
    method: GET
  response:
    body: |-
      <?xml version='1.0' encoding='UTF-8'?>
      <Error><Code>NoSuchLifecycleConfiguration</Code><Message>The lifecycle configuration does not exist.</Message><RequestId>tx4ad79dd14fc64bdcb81de-00636cd009</RequestId></Error>
    headers:
      Content-Type:
      - application/xml
      Date:
      - Thu, 10 Nov 2022 10:18:49 GMT
      X-Amz-Id-2:
      - tx4ad79dd14fc64bdcb81de-00636cd009
      X-Amz-Request-Id:
      - tx4ad79dd14fc64bdcb81de-00636cd009
    status: 404 Not Found
    code: 404
    duration: ""
- request:
    body: ""
    form: {}
    headers:
      Content-Md5:
      - 1B2M2Y8AsgTpgAmY7PhCfg==
      User-Agent:
      - aws-sdk-go/1.44.128 (go1.19.2; darwin; amd64)
      X-Amz-Content-Sha256:
      - e3b0c44298fc1c149afbf4c8996fb92427ae41e4649b934ca495991b7852b855
      X-Amz-Date:
      - 20221110T101849Z
    url: https://test-acc-scaleway-object-hash-7804828869654573555.s3.fr-par.scw.cloud/myfile
    method: PUT
  response:
    body: ""
    headers:
      Content-Length:
      - "0"
      Content-Type:
      - text/html; charset=UTF-8
      Date:
      - Thu, 10 Nov 2022 10:18:50 GMT
      Etag:
      - '"d41d8cd98f00b204e9800998ecf8427e"'
      Last-Modified:
      - Thu, 10 Nov 2022 10:18:49 GMT
      X-Amz-Id-2:
      - txaaf9cd564357486cb9075-00636cd009
      X-Amz-Request-Id:
      - txaaf9cd564357486cb9075-00636cd009
      X-Amz-Version-Id:
      - "1668075529670334"
    status: 200 OK
    code: 200
    duration: ""
- request:
    body: ""
    form: {}
    headers:
      User-Agent:
      - aws-sdk-go/1.44.128 (go1.19.2; darwin; amd64)
      X-Amz-Content-Sha256:
      - e3b0c44298fc1c149afbf4c8996fb92427ae41e4649b934ca495991b7852b855
      X-Amz-Date:
      - 20221110T101849Z
    url: https://test-acc-scaleway-object-hash-7804828869654573555.s3.fr-par.scw.cloud/myfile
    method: HEAD
  response:
    body: ""
    headers:
      Accept-Ranges:
      - bytes
      Content-Length:
      - "0"
      Content-Type:
      - application/octet-stream
      Date:
      - Thu, 10 Nov 2022 10:18:50 GMT
      Etag:
      - '"d41d8cd98f00b204e9800998ecf8427e"'
      Last-Modified:
      - Thu, 10 Nov 2022 10:18:49 GMT
      X-Amz-Id-2:
      - tx52aaa530ec844aec95845-00636cd00a
      X-Amz-Request-Id:
      - tx52aaa530ec844aec95845-00636cd00a
      X-Amz-Version-Id:
      - "1668075529670334"
    status: 200 OK
    code: 200
    duration: ""
- request:
    body: ""
    form: {}
    headers:
      User-Agent:
      - aws-sdk-go/1.44.128 (go1.19.2; darwin; amd64)
      X-Amz-Content-Sha256:
      - e3b0c44298fc1c149afbf4c8996fb92427ae41e4649b934ca495991b7852b855
      X-Amz-Date:
      - 20221110T101850Z
    url: https://test-acc-scaleway-object-hash-7804828869654573555.s3.fr-par.scw.cloud/myfile?tagging=
    method: GET
  response:
    body: |-
      <?xml version='1.0' encoding='UTF-8'?>
      <Tagging xmlns="http://s3.amazonaws.com/doc/2006-03-01/"><TagSet/></Tagging>
    headers:
      Content-Length:
      - "115"
      Content-Type:
      - application/xml
      Date:
      - Thu, 10 Nov 2022 10:18:50 GMT
      X-Amz-Id-2:
      - txb7631dffaab8452aabdbb-00636cd00a
      X-Amz-Request-Id:
      - txb7631dffaab8452aabdbb-00636cd00a
      X-Amz-Version-Id:
      - "1668075529670334"
    status: 200 OK
    code: 200
    duration: ""
- request:
    body: ""
    form: {}
    headers:
      User-Agent:
      - aws-sdk-go/1.44.128 (go1.19.2; darwin; amd64)
      X-Amz-Content-Sha256:
      - e3b0c44298fc1c149afbf4c8996fb92427ae41e4649b934ca495991b7852b855
      X-Amz-Date:
      - 20221110T101850Z
    url: https://test-acc-scaleway-object-hash-7804828869654573555.s3.fr-par.scw.cloud/myfile?acl=
    method: GET
  response:
    body: |-
      <?xml version='1.0' encoding='UTF-8'?>
      <AccessControlPolicy xmlns="http://s3.amazonaws.com/doc/2006-03-01/"><Owner><ID>5b331f64-6f51-45b6-aa60-d46d011e8b1a:5b331f64-6f51-45b6-aa60-d46d011e8b1a</ID><DisplayName>5b331f64-6f51-45b6-aa60-d46d011e8b1a:5b331f64-6f51-45b6-aa60-d46d011e8b1a</DisplayName></Owner><AccessControlList><Grant><Grantee xmlns:xsi="http://www.w3.org/2001/XMLSchema-instance" xsi:type="CanonicalUser"><ID>5b331f64-6f51-45b6-aa60-d46d011e8b1a:5b331f64-6f51-45b6-aa60-d46d011e8b1a</ID><DisplayName>5b331f64-6f51-45b6-aa60-d46d011e8b1a:5b331f64-6f51-45b6-aa60-d46d011e8b1a</DisplayName></Grantee><Permission>FULL_CONTROL</Permission></Grant></AccessControlList></AccessControlPolicy>
    headers:
      Content-Length:
      - "698"
      Content-Type:
      - text/html; charset=UTF-8
      Date:
      - Thu, 10 Nov 2022 10:18:50 GMT
      X-Amz-Id-2:
      - tx729985a302cd4b0f97281-00636cd00a
      X-Amz-Request-Id:
      - tx729985a302cd4b0f97281-00636cd00a
    status: 200 OK
    code: 200
    duration: ""
- request:
    body: ""
    form: {}
    headers:
      User-Agent:
      - aws-sdk-go/1.44.128 (go1.19.2; darwin; amd64)
      X-Amz-Content-Sha256:
      - e3b0c44298fc1c149afbf4c8996fb92427ae41e4649b934ca495991b7852b855
      X-Amz-Date:
      - 20221110T101850Z
    url: https://test-acc-scaleway-object-hash-7804828869654573555.s3.fr-par.scw.cloud/myfile
    method: GET
  response:
    body: ""
    headers:
      Accept-Ranges:
      - bytes
      Content-Length:
      - "0"
      Content-Type:
      - application/octet-stream
      Date:
      - Thu, 10 Nov 2022 10:18:50 GMT
      Etag:
      - '"d41d8cd98f00b204e9800998ecf8427e"'
      Last-Modified:
      - Thu, 10 Nov 2022 10:18:49 GMT
      X-Amz-Id-2:
      - tx4fffe496b0064cfb80f19-00636cd00a
      X-Amz-Request-Id:
      - tx4fffe496b0064cfb80f19-00636cd00a
      X-Amz-Version-Id:
      - "1668075529670334"
    status: 200 OK
    code: 200
    duration: ""
- request:
    body: ""
    form: {}
    headers:
      User-Agent:
      - aws-sdk-go/1.44.128 (go1.19.2; darwin; amd64)
      X-Amz-Content-Sha256:
      - e3b0c44298fc1c149afbf4c8996fb92427ae41e4649b934ca495991b7852b855
      X-Amz-Date:
      - 20221110T101851Z
    url: https://test-acc-scaleway-object-hash-7804828869654573555.s3.fr-par.scw.cloud/?object-lock=
    method: GET
  response:
    body: |-
      <?xml version='1.0' encoding='UTF-8'?>
      <Error><Code>ObjectLockConfigurationNotFoundError</Code><Message>Object Lock configuration does not exist for this bucket</Message><RequestId>tx0c70f29984a445759f99b-00636cd00b</RequestId></Error>
    headers:
      Content-Type:
      - application/xml
      Date:
      - Thu, 10 Nov 2022 10:18:51 GMT
      X-Amz-Id-2:
      - tx0c70f29984a445759f99b-00636cd00b
      X-Amz-Request-Id:
      - tx0c70f29984a445759f99b-00636cd00b
    status: 404 Not Found
    code: 404
    duration: ""
- request:
    body: ""
    form: {}
    headers:
      User-Agent:
      - aws-sdk-go/1.44.128 (go1.19.2; darwin; amd64)
      X-Amz-Content-Sha256:
      - e3b0c44298fc1c149afbf4c8996fb92427ae41e4649b934ca495991b7852b855
      X-Amz-Date:
      - 20221110T101851Z
    url: https://test-acc-scaleway-object-hash-7804828869654573555.s3.fr-par.scw.cloud/
    method: GET
  response:
    body: |-
      <?xml version='1.0' encoding='UTF-8'?>
      <ListBucketResult xmlns="http://s3.amazonaws.com/doc/2006-03-01/"><Name>test-acc-scaleway-object-hash-7804828869654573555</Name><Prefix/><Delimiter/><MaxKeys>1000</MaxKeys><IsTruncated>false</IsTruncated><Marker/><Contents><ETag>"d41d8cd98f00b204e9800998ecf8427e"</ETag><Key>myfile</Key><LastModified>2022-11-10T10:18:49.000Z</LastModified><Size>0</Size><StorageClass>STANDARD</StorageClass><Owner><ID>5b331f64-6f51-45b6-aa60-d46d011e8b1a:5b331f64-6f51-45b6-aa60-d46d011e8b1a</ID><DisplayName>5b331f64-6f51-45b6-aa60-d46d011e8b1a:5b331f64-6f51-45b6-aa60-d46d011e8b1a</DisplayName></Owner></Contents></ListBucketResult>
    headers:
      Content-Length:
      - "657"
      Content-Type:
      - application/xml
      Date:
      - Thu, 10 Nov 2022 10:18:52 GMT
      X-Amz-Id-2:
      - txc567737005034461acb9d-00636cd00b
      X-Amz-Request-Id:
      - txc567737005034461acb9d-00636cd00b
    status: 200 OK
    code: 200
    duration: ""
- request:
    body: ""
    form: {}
    headers:
      User-Agent:
      - aws-sdk-go/1.44.128 (go1.19.2; darwin; amd64)
      X-Amz-Content-Sha256:
      - e3b0c44298fc1c149afbf4c8996fb92427ae41e4649b934ca495991b7852b855
      X-Amz-Date:
      - 20221110T101852Z
    url: https://test-acc-scaleway-object-hash-7804828869654573555.s3.fr-par.scw.cloud/?tagging=
    method: GET
  response:
    body: <Tagging xmlns="http://s3.amazonaws.com/doc/2006-03-01/"><TagSet><Tag><Key>foo</Key><Value>bar</Value></Tag></TagSet></Tagging>
    headers:
      Content-Length:
      - "127"
      Content-Type:
      - application/xml
      Date:
      - Thu, 10 Nov 2022 10:18:52 GMT
      X-Amz-Id-2:
      - txfbf50542d9ed448192899-00636cd00c
      X-Amz-Request-Id:
      - txfbf50542d9ed448192899-00636cd00c
    status: 200 OK
    code: 200
    duration: ""
- request:
    body: ""
    form: {}
    headers:
      User-Agent:
      - aws-sdk-go/1.44.128 (go1.19.2; darwin; amd64)
      X-Amz-Content-Sha256:
      - e3b0c44298fc1c149afbf4c8996fb92427ae41e4649b934ca495991b7852b855
      X-Amz-Date:
      - 20221110T101852Z
    url: https://test-acc-scaleway-object-hash-7804828869654573555.s3.fr-par.scw.cloud/?cors=
    method: GET
  response:
    body: |-
      <?xml version='1.0' encoding='UTF-8'?>
      <Error><Code>NoSuchCORSConfiguration</Code><Message>The CORS configuration does not exist</Message><RequestId>tx10f0af4574a24832b4963-00636cd00c</RequestId></Error>
    headers:
      Content-Type:
      - application/xml
      Date:
      - Thu, 10 Nov 2022 10:18:53 GMT
      X-Amz-Id-2:
      - tx10f0af4574a24832b4963-00636cd00c
      X-Amz-Request-Id:
      - tx10f0af4574a24832b4963-00636cd00c
    status: 404 Not Found
    code: 404
    duration: ""
- request:
    body: ""
    form: {}
    headers:
      User-Agent:
      - aws-sdk-go/1.44.128 (go1.19.2; darwin; amd64)
      X-Amz-Content-Sha256:
      - e3b0c44298fc1c149afbf4c8996fb92427ae41e4649b934ca495991b7852b855
      X-Amz-Date:
      - 20221110T101853Z
    url: https://test-acc-scaleway-object-hash-7804828869654573555.s3.fr-par.scw.cloud/?versioning=
    method: GET
  response:
    body: |-
      <?xml version='1.0' encoding='UTF-8'?>
      <VersioningConfiguration xmlns="http://s3.amazonaws.com/doc/2006-03-01/"/>
    headers:
      Content-Length:
      - "113"
      Content-Type:
      - text/plain
      Date:
      - Thu, 10 Nov 2022 10:18:53 GMT
      X-Amz-Id-2:
      - tx8b59c8113b10407ab469f-00636cd00d
      X-Amz-Request-Id:
      - tx8b59c8113b10407ab469f-00636cd00d
    status: 200 OK
    code: 200
    duration: ""
- request:
    body: ""
    form: {}
    headers:
      User-Agent:
      - aws-sdk-go/1.44.128 (go1.19.2; darwin; amd64)
      X-Amz-Content-Sha256:
      - e3b0c44298fc1c149afbf4c8996fb92427ae41e4649b934ca495991b7852b855
      X-Amz-Date:
      - 20221110T101853Z
    url: https://test-acc-scaleway-object-hash-7804828869654573555.s3.fr-par.scw.cloud/?lifecycle=
    method: GET
  response:
    body: |-
      <?xml version='1.0' encoding='UTF-8'?>
      <Error><Code>NoSuchLifecycleConfiguration</Code><Message>The lifecycle configuration does not exist.</Message><RequestId>tx1c650c12bfe34d959bb51-00636cd00d</RequestId></Error>
    headers:
      Content-Type:
      - application/xml
      Date:
      - Thu, 10 Nov 2022 10:18:54 GMT
      X-Amz-Id-2:
      - tx1c650c12bfe34d959bb51-00636cd00d
      X-Amz-Request-Id:
      - tx1c650c12bfe34d959bb51-00636cd00d
    status: 404 Not Found
    code: 404
    duration: ""
- request:
    body: ""
    form: {}
    headers:
      User-Agent:
      - aws-sdk-go/1.44.128 (go1.19.2; darwin; amd64)
      X-Amz-Content-Sha256:
      - e3b0c44298fc1c149afbf4c8996fb92427ae41e4649b934ca495991b7852b855
      X-Amz-Date:
      - 20221110T101854Z
    url: https://test-acc-scaleway-object-hash-7804828869654573555.s3.fr-par.scw.cloud/myfile
    method: HEAD
  response:
    body: ""
    headers:
      Accept-Ranges:
      - bytes
      Content-Length:
      - "0"
      Content-Type:
      - application/octet-stream
      Date:
      - Thu, 10 Nov 2022 10:18:54 GMT
      Etag:
      - '"d41d8cd98f00b204e9800998ecf8427e"'
      Last-Modified:
      - Thu, 10 Nov 2022 10:18:49 GMT
      X-Amz-Id-2:
      - txcee690b117974bbbbddce-00636cd00e
      X-Amz-Request-Id:
      - txcee690b117974bbbbddce-00636cd00e
      X-Amz-Version-Id:
      - "1668075529670334"
    status: 200 OK
    code: 200
    duration: ""
- request:
    body: ""
    form: {}
    headers:
      User-Agent:
      - aws-sdk-go/1.44.128 (go1.19.2; darwin; amd64)
      X-Amz-Content-Sha256:
      - e3b0c44298fc1c149afbf4c8996fb92427ae41e4649b934ca495991b7852b855
      X-Amz-Date:
      - 20221110T101854Z
    url: https://test-acc-scaleway-object-hash-7804828869654573555.s3.fr-par.scw.cloud/myfile?tagging=
    method: GET
  response:
    body: |-
      <?xml version='1.0' encoding='UTF-8'?>
      <Tagging xmlns="http://s3.amazonaws.com/doc/2006-03-01/"><TagSet/></Tagging>
    headers:
      Content-Length:
      - "115"
      Content-Type:
      - application/xml
      Date:
      - Thu, 10 Nov 2022 10:18:54 GMT
      X-Amz-Id-2:
      - tx171f950b57cf4c45be994-00636cd00e
      X-Amz-Request-Id:
      - tx171f950b57cf4c45be994-00636cd00e
      X-Amz-Version-Id:
      - "1668075529670334"
    status: 200 OK
    code: 200
    duration: ""
- request:
    body: ""
    form: {}
    headers:
      User-Agent:
      - aws-sdk-go/1.44.128 (go1.19.2; darwin; amd64)
      X-Amz-Content-Sha256:
      - e3b0c44298fc1c149afbf4c8996fb92427ae41e4649b934ca495991b7852b855
      X-Amz-Date:
      - 20221110T101854Z
    url: https://test-acc-scaleway-object-hash-7804828869654573555.s3.fr-par.scw.cloud/myfile?acl=
    method: GET
  response:
    body: |-
      <?xml version='1.0' encoding='UTF-8'?>
      <AccessControlPolicy xmlns="http://s3.amazonaws.com/doc/2006-03-01/"><Owner><ID>5b331f64-6f51-45b6-aa60-d46d011e8b1a:5b331f64-6f51-45b6-aa60-d46d011e8b1a</ID><DisplayName>5b331f64-6f51-45b6-aa60-d46d011e8b1a:5b331f64-6f51-45b6-aa60-d46d011e8b1a</DisplayName></Owner><AccessControlList><Grant><Grantee xmlns:xsi="http://www.w3.org/2001/XMLSchema-instance" xsi:type="CanonicalUser"><ID>5b331f64-6f51-45b6-aa60-d46d011e8b1a:5b331f64-6f51-45b6-aa60-d46d011e8b1a</ID><DisplayName>5b331f64-6f51-45b6-aa60-d46d011e8b1a:5b331f64-6f51-45b6-aa60-d46d011e8b1a</DisplayName></Grantee><Permission>FULL_CONTROL</Permission></Grant></AccessControlList></AccessControlPolicy>
    headers:
      Content-Length:
      - "698"
      Content-Type:
      - text/html; charset=UTF-8
      Date:
      - Thu, 10 Nov 2022 10:18:54 GMT
      X-Amz-Id-2:
      - tx6278c8a6566e4e70ae2b0-00636cd00e
      X-Amz-Request-Id:
      - tx6278c8a6566e4e70ae2b0-00636cd00e
    status: 200 OK
    code: 200
    duration: ""
- request:
    body: ""
    form: {}
    headers:
      User-Agent:
      - aws-sdk-go/1.44.128 (go1.19.2; darwin; amd64)
      X-Amz-Content-Sha256:
      - e3b0c44298fc1c149afbf4c8996fb92427ae41e4649b934ca495991b7852b855
      X-Amz-Date:
      - 20221110T101855Z
    url: https://test-acc-scaleway-object-hash-7804828869654573555.s3.fr-par.scw.cloud/?object-lock=
    method: GET
  response:
    body: |-
      <?xml version='1.0' encoding='UTF-8'?>
      <Error><Code>ObjectLockConfigurationNotFoundError</Code><Message>Object Lock configuration does not exist for this bucket</Message><RequestId>tx761d0faad784487ca5ff7-00636cd00f</RequestId></Error>
    headers:
      Content-Type:
      - application/xml
      Date:
      - Thu, 10 Nov 2022 10:18:55 GMT
      X-Amz-Id-2:
      - tx761d0faad784487ca5ff7-00636cd00f
      X-Amz-Request-Id:
      - tx761d0faad784487ca5ff7-00636cd00f
    status: 404 Not Found
    code: 404
    duration: ""
- request:
    body: ""
    form: {}
    headers:
      User-Agent:
      - aws-sdk-go/1.44.128 (go1.19.2; darwin; amd64)
      X-Amz-Content-Sha256:
      - e3b0c44298fc1c149afbf4c8996fb92427ae41e4649b934ca495991b7852b855
      X-Amz-Date:
      - 20221110T101855Z
    url: https://test-acc-scaleway-object-hash-7804828869654573555.s3.fr-par.scw.cloud/
    method: GET
  response:
    body: |-
      <?xml version='1.0' encoding='UTF-8'?>
      <ListBucketResult xmlns="http://s3.amazonaws.com/doc/2006-03-01/"><Name>test-acc-scaleway-object-hash-7804828869654573555</Name><Prefix/><Delimiter/><MaxKeys>1000</MaxKeys><IsTruncated>false</IsTruncated><Marker/><Contents><ETag>"d41d8cd98f00b204e9800998ecf8427e"</ETag><Key>myfile</Key><LastModified>2022-11-10T10:18:49.000Z</LastModified><Size>0</Size><StorageClass>STANDARD</StorageClass><Owner><ID>5b331f64-6f51-45b6-aa60-d46d011e8b1a:5b331f64-6f51-45b6-aa60-d46d011e8b1a</ID><DisplayName>5b331f64-6f51-45b6-aa60-d46d011e8b1a:5b331f64-6f51-45b6-aa60-d46d011e8b1a</DisplayName></Owner></Contents></ListBucketResult>
    headers:
      Content-Length:
      - "657"
      Content-Type:
      - application/xml
      Date:
      - Thu, 10 Nov 2022 10:18:55 GMT
      X-Amz-Id-2:
      - txe2bfa350362a4905bb661-00636cd00f
      X-Amz-Request-Id:
      - txe2bfa350362a4905bb661-00636cd00f
    status: 200 OK
    code: 200
    duration: ""
- request:
    body: ""
    form: {}
    headers:
      User-Agent:
      - aws-sdk-go/1.44.128 (go1.19.2; darwin; amd64)
      X-Amz-Content-Sha256:
      - e3b0c44298fc1c149afbf4c8996fb92427ae41e4649b934ca495991b7852b855
      X-Amz-Date:
      - 20221110T101855Z
    url: https://test-acc-scaleway-object-hash-7804828869654573555.s3.fr-par.scw.cloud/?tagging=
    method: GET
  response:
    body: <Tagging xmlns="http://s3.amazonaws.com/doc/2006-03-01/"><TagSet><Tag><Key>foo</Key><Value>bar</Value></Tag></TagSet></Tagging>
    headers:
      Content-Length:
      - "127"
      Content-Type:
      - application/xml
      Date:
      - Thu, 10 Nov 2022 10:18:56 GMT
      X-Amz-Id-2:
      - tx0ace5b8b5e364b20824ff-00636cd00f
      X-Amz-Request-Id:
      - tx0ace5b8b5e364b20824ff-00636cd00f
    status: 200 OK
    code: 200
    duration: ""
- request:
    body: ""
    form: {}
    headers:
      User-Agent:
      - aws-sdk-go/1.44.128 (go1.19.2; darwin; amd64)
      X-Amz-Content-Sha256:
      - e3b0c44298fc1c149afbf4c8996fb92427ae41e4649b934ca495991b7852b855
      X-Amz-Date:
      - 20221110T101856Z
    url: https://test-acc-scaleway-object-hash-7804828869654573555.s3.fr-par.scw.cloud/?cors=
    method: GET
  response:
    body: |-
      <?xml version='1.0' encoding='UTF-8'?>
      <Error><Code>NoSuchCORSConfiguration</Code><Message>The CORS configuration does not exist</Message><RequestId>txf4ef923ed66845bf80f4e-00636cd010</RequestId></Error>
    headers:
      Content-Type:
      - application/xml
      Date:
      - Thu, 10 Nov 2022 10:18:56 GMT
      X-Amz-Id-2:
      - txf4ef923ed66845bf80f4e-00636cd010
      X-Amz-Request-Id:
      - txf4ef923ed66845bf80f4e-00636cd010
    status: 404 Not Found
    code: 404
    duration: ""
- request:
    body: ""
    form: {}
    headers:
      User-Agent:
      - aws-sdk-go/1.44.128 (go1.19.2; darwin; amd64)
      X-Amz-Content-Sha256:
      - e3b0c44298fc1c149afbf4c8996fb92427ae41e4649b934ca495991b7852b855
      X-Amz-Date:
      - 20221110T101856Z
    url: https://test-acc-scaleway-object-hash-7804828869654573555.s3.fr-par.scw.cloud/?versioning=
    method: GET
  response:
    body: |-
      <?xml version='1.0' encoding='UTF-8'?>
      <VersioningConfiguration xmlns="http://s3.amazonaws.com/doc/2006-03-01/"/>
    headers:
      Content-Length:
      - "113"
      Content-Type:
      - text/plain
      Date:
      - Thu, 10 Nov 2022 10:18:56 GMT
      X-Amz-Id-2:
      - tx28daf2190da94ee5b0d15-00636cd010
      X-Amz-Request-Id:
      - tx28daf2190da94ee5b0d15-00636cd010
    status: 200 OK
    code: 200
    duration: ""
- request:
    body: ""
    form: {}
    headers:
      User-Agent:
      - aws-sdk-go/1.44.128 (go1.19.2; darwin; amd64)
      X-Amz-Content-Sha256:
      - e3b0c44298fc1c149afbf4c8996fb92427ae41e4649b934ca495991b7852b855
      X-Amz-Date:
      - 20221110T101856Z
    url: https://test-acc-scaleway-object-hash-7804828869654573555.s3.fr-par.scw.cloud/?lifecycle=
    method: GET
  response:
    body: |-
      <?xml version='1.0' encoding='UTF-8'?>
      <Error><Code>NoSuchLifecycleConfiguration</Code><Message>The lifecycle configuration does not exist.</Message><RequestId>tx1529949d03ef4396b3148-00636cd010</RequestId></Error>
    headers:
      Content-Type:
      - application/xml
      Date:
      - Thu, 10 Nov 2022 10:18:56 GMT
      X-Amz-Id-2:
      - tx1529949d03ef4396b3148-00636cd010
      X-Amz-Request-Id:
      - tx1529949d03ef4396b3148-00636cd010
    status: 404 Not Found
    code: 404
    duration: ""
- request:
    body: ""
    form: {}
    headers:
      User-Agent:
      - aws-sdk-go/1.44.128 (go1.19.2; darwin; amd64)
      X-Amz-Content-Sha256:
      - e3b0c44298fc1c149afbf4c8996fb92427ae41e4649b934ca495991b7852b855
      X-Amz-Date:
      - 20221110T101856Z
    url: https://test-acc-scaleway-object-hash-7804828869654573555.s3.fr-par.scw.cloud/myfile
    method: HEAD
  response:
    body: ""
    headers:
      Accept-Ranges:
      - bytes
      Content-Length:
      - "0"
      Content-Type:
      - application/octet-stream
      Date:
      - Thu, 10 Nov 2022 10:18:56 GMT
      Etag:
      - '"d41d8cd98f00b204e9800998ecf8427e"'
      Last-Modified:
      - Thu, 10 Nov 2022 10:18:49 GMT
      X-Amz-Id-2:
      - txf0ff8b06e8cb4e978183b-00636cd010
      X-Amz-Request-Id:
      - txf0ff8b06e8cb4e978183b-00636cd010
      X-Amz-Version-Id:
      - "1668075529670334"
    status: 200 OK
    code: 200
    duration: ""
- request:
    body: ""
    form: {}
    headers:
      User-Agent:
      - aws-sdk-go/1.44.128 (go1.19.2; darwin; amd64)
      X-Amz-Content-Sha256:
      - e3b0c44298fc1c149afbf4c8996fb92427ae41e4649b934ca495991b7852b855
      X-Amz-Date:
      - 20221110T101856Z
    url: https://test-acc-scaleway-object-hash-7804828869654573555.s3.fr-par.scw.cloud/myfile?tagging=
    method: GET
  response:
    body: |-
      <?xml version='1.0' encoding='UTF-8'?>
      <Tagging xmlns="http://s3.amazonaws.com/doc/2006-03-01/"><TagSet/></Tagging>
    headers:
      Content-Length:
      - "115"
      Content-Type:
      - application/xml
      Date:
      - Thu, 10 Nov 2022 10:18:57 GMT
      X-Amz-Id-2:
      - txd17a5b84f2484e68be5ff-00636cd011
      X-Amz-Request-Id:
      - txd17a5b84f2484e68be5ff-00636cd011
      X-Amz-Version-Id:
      - "1668075529670334"
    status: 200 OK
    code: 200
    duration: ""
- request:
    body: ""
    form: {}
    headers:
      User-Agent:
      - aws-sdk-go/1.44.128 (go1.19.2; darwin; amd64)
      X-Amz-Content-Sha256:
      - e3b0c44298fc1c149afbf4c8996fb92427ae41e4649b934ca495991b7852b855
      X-Amz-Date:
      - 20221110T101857Z
    url: https://test-acc-scaleway-object-hash-7804828869654573555.s3.fr-par.scw.cloud/myfile?acl=
    method: GET
  response:
    body: |-
      <?xml version='1.0' encoding='UTF-8'?>
      <AccessControlPolicy xmlns="http://s3.amazonaws.com/doc/2006-03-01/"><Owner><ID>5b331f64-6f51-45b6-aa60-d46d011e8b1a:5b331f64-6f51-45b6-aa60-d46d011e8b1a</ID><DisplayName>5b331f64-6f51-45b6-aa60-d46d011e8b1a:5b331f64-6f51-45b6-aa60-d46d011e8b1a</DisplayName></Owner><AccessControlList><Grant><Grantee xmlns:xsi="http://www.w3.org/2001/XMLSchema-instance" xsi:type="CanonicalUser"><ID>5b331f64-6f51-45b6-aa60-d46d011e8b1a:5b331f64-6f51-45b6-aa60-d46d011e8b1a</ID><DisplayName>5b331f64-6f51-45b6-aa60-d46d011e8b1a:5b331f64-6f51-45b6-aa60-d46d011e8b1a</DisplayName></Grantee><Permission>FULL_CONTROL</Permission></Grant></AccessControlList></AccessControlPolicy>
    headers:
      Content-Length:
      - "698"
      Content-Type:
      - text/html; charset=UTF-8
      Date:
      - Thu, 10 Nov 2022 10:18:57 GMT
      X-Amz-Id-2:
      - txf1e936ff7f74484998f48-00636cd011
      X-Amz-Request-Id:
      - txf1e936ff7f74484998f48-00636cd011
    status: 200 OK
    code: 200
    duration: ""
- request:
    body: ""
    form: {}
    headers:
      Content-Md5:
      - 1B2M2Y8AsgTpgAmY7PhCfg==
      User-Agent:
      - aws-sdk-go/1.44.128 (go1.19.2; darwin; amd64)
      X-Amz-Acl:
      - private
      X-Amz-Content-Sha256:
      - e3b0c44298fc1c149afbf4c8996fb92427ae41e4649b934ca495991b7852b855
      X-Amz-Date:
      - 20221110T101857Z
    url: https://test-acc-scaleway-object-hash-7804828869654573555.s3.fr-par.scw.cloud/myfile
    method: PUT
  response:
    body: ""
    headers:
      Content-Length:
      - "0"
      Content-Type:
      - text/html; charset=UTF-8
      Date:
      - Thu, 10 Nov 2022 10:18:58 GMT
      Etag:
      - '"d41d8cd98f00b204e9800998ecf8427e"'
      Last-Modified:
      - Thu, 10 Nov 2022 10:18:57 GMT
      X-Amz-Id-2:
      - tx4371703aa76f4cc29dbb3-00636cd011
      X-Amz-Request-Id:
      - tx4371703aa76f4cc29dbb3-00636cd011
      X-Amz-Version-Id:
      - "1668075537944668"
    status: 200 OK
    code: 200
    duration: ""
- request:
    body: ""
    form: {}
    headers:
      Content-Md5:
      - 1B2M2Y8AsgTpgAmY7PhCfg==
      User-Agent:
      - aws-sdk-go/1.44.128 (go1.19.2; darwin; amd64)
      X-Amz-Acl:
      - private
      X-Amz-Content-Sha256:
      - e3b0c44298fc1c149afbf4c8996fb92427ae41e4649b934ca495991b7852b855
      X-Amz-Date:
      - 20221110T101858Z
    url: https://test-acc-scaleway-object-hash-7804828869654573555.s3.fr-par.scw.cloud/myfile
    method: PUT
  response:
    body: ""
    headers:
      Content-Length:
      - "0"
      Content-Type:
      - text/html; charset=UTF-8
      Date:
      - Thu, 10 Nov 2022 10:18:58 GMT
      Etag:
      - '"d41d8cd98f00b204e9800998ecf8427e"'
      Last-Modified:
      - Thu, 10 Nov 2022 10:18:58 GMT
      X-Amz-Id-2:
      - txb4090fba78cf42c7a9294-00636cd012
      X-Amz-Request-Id:
      - txb4090fba78cf42c7a9294-00636cd012
      X-Amz-Version-Id:
      - "1668075538320279"
    status: 200 OK
    code: 200
    duration: ""
- request:
    body: ""
    form: {}
    headers:
      User-Agent:
      - aws-sdk-go/1.44.128 (go1.19.2; darwin; amd64)
      X-Amz-Content-Sha256:
      - e3b0c44298fc1c149afbf4c8996fb92427ae41e4649b934ca495991b7852b855
      X-Amz-Date:
      - 20221110T101858Z
    url: https://test-acc-scaleway-object-hash-7804828869654573555.s3.fr-par.scw.cloud/myfile
    method: HEAD
  response:
    body: ""
    headers:
      Accept-Ranges:
      - bytes
      Content-Length:
      - "0"
      Content-Type:
      - application/octet-stream
      Date:
      - Thu, 10 Nov 2022 10:18:58 GMT
      Etag:
      - '"d41d8cd98f00b204e9800998ecf8427e"'
      Last-Modified:
      - Thu, 10 Nov 2022 10:18:58 GMT
      X-Amz-Id-2:
      - txbbfb4fb039444d3ebe7e6-00636cd012
      X-Amz-Request-Id:
      - txbbfb4fb039444d3ebe7e6-00636cd012
      X-Amz-Version-Id:
      - "1668075538320279"
    status: 200 OK
    code: 200
    duration: ""
- request:
    body: ""
    form: {}
    headers:
      User-Agent:
      - aws-sdk-go/1.44.128 (go1.19.2; darwin; amd64)
      X-Amz-Content-Sha256:
      - e3b0c44298fc1c149afbf4c8996fb92427ae41e4649b934ca495991b7852b855
      X-Amz-Date:
      - 20221110T101858Z
    url: https://test-acc-scaleway-object-hash-7804828869654573555.s3.fr-par.scw.cloud/myfile?tagging=
    method: GET
  response:
    body: |-
      <?xml version='1.0' encoding='UTF-8'?>
      <Tagging xmlns="http://s3.amazonaws.com/doc/2006-03-01/"><TagSet/></Tagging>
    headers:
      Content-Length:
      - "115"
      Content-Type:
      - application/xml
      Date:
      - Thu, 10 Nov 2022 10:18:58 GMT
      X-Amz-Id-2:
      - txa1c692b9337c4cc391126-00636cd012
      X-Amz-Request-Id:
      - txa1c692b9337c4cc391126-00636cd012
      X-Amz-Version-Id:
      - "1668075538320279"
    status: 200 OK
    code: 200
    duration: ""
- request:
    body: ""
    form: {}
    headers:
      User-Agent:
      - aws-sdk-go/1.44.128 (go1.19.2; darwin; amd64)
      X-Amz-Content-Sha256:
      - e3b0c44298fc1c149afbf4c8996fb92427ae41e4649b934ca495991b7852b855
      X-Amz-Date:
      - 20221110T101858Z
    url: https://test-acc-scaleway-object-hash-7804828869654573555.s3.fr-par.scw.cloud/myfile?acl=
    method: GET
  response:
    body: |-
      <?xml version='1.0' encoding='UTF-8'?>
      <AccessControlPolicy xmlns="http://s3.amazonaws.com/doc/2006-03-01/"><Owner><ID>5b331f64-6f51-45b6-aa60-d46d011e8b1a:5b331f64-6f51-45b6-aa60-d46d011e8b1a</ID><DisplayName>5b331f64-6f51-45b6-aa60-d46d011e8b1a:5b331f64-6f51-45b6-aa60-d46d011e8b1a</DisplayName></Owner><AccessControlList><Grant><Grantee xmlns:xsi="http://www.w3.org/2001/XMLSchema-instance" xsi:type="CanonicalUser"><ID>5b331f64-6f51-45b6-aa60-d46d011e8b1a:5b331f64-6f51-45b6-aa60-d46d011e8b1a</ID><DisplayName>5b331f64-6f51-45b6-aa60-d46d011e8b1a:5b331f64-6f51-45b6-aa60-d46d011e8b1a</DisplayName></Grantee><Permission>FULL_CONTROL</Permission></Grant></AccessControlList></AccessControlPolicy>
    headers:
      Content-Length:
      - "698"
      Content-Type:
      - text/html; charset=UTF-8
      Date:
      - Thu, 10 Nov 2022 10:18:58 GMT
      X-Amz-Id-2:
      - tx89b9eb305d49487495e12-00636cd012
      X-Amz-Request-Id:
      - tx89b9eb305d49487495e12-00636cd012
    status: 200 OK
    code: 200
    duration: ""
- request:
    body: ""
    form: {}
    headers:
      User-Agent:
      - aws-sdk-go/1.44.128 (go1.19.2; darwin; amd64)
      X-Amz-Content-Sha256:
      - e3b0c44298fc1c149afbf4c8996fb92427ae41e4649b934ca495991b7852b855
      X-Amz-Date:
      - 20221110T101858Z
    url: https://test-acc-scaleway-object-hash-7804828869654573555.s3.fr-par.scw.cloud/myfile
    method: GET
  response:
    body: ""
    headers:
      Accept-Ranges:
      - bytes
      Content-Length:
      - "0"
      Content-Type:
      - application/octet-stream
      Date:
      - Thu, 10 Nov 2022 10:18:59 GMT
      Etag:
      - '"d41d8cd98f00b204e9800998ecf8427e"'
      Last-Modified:
      - Thu, 10 Nov 2022 10:18:58 GMT
      X-Amz-Id-2:
      - tx52282014a75e49e6958e4-00636cd013
      X-Amz-Request-Id:
      - tx52282014a75e49e6958e4-00636cd013
      X-Amz-Version-Id:
      - "1668075538320279"
    status: 200 OK
    code: 200
    duration: ""
- request:
    body: ""
    form: {}
    headers:
      User-Agent:
      - aws-sdk-go/1.44.128 (go1.19.2; darwin; amd64)
      X-Amz-Content-Sha256:
      - e3b0c44298fc1c149afbf4c8996fb92427ae41e4649b934ca495991b7852b855
      X-Amz-Date:
      - 20221110T101859Z
    url: https://test-acc-scaleway-object-hash-7804828869654573555.s3.fr-par.scw.cloud/?object-lock=
    method: GET
  response:
    body: |-
      <?xml version='1.0' encoding='UTF-8'?>
      <Error><Code>ObjectLockConfigurationNotFoundError</Code><Message>Object Lock configuration does not exist for this bucket</Message><RequestId>tx0d519f7911d041ed806cd-00636cd013</RequestId></Error>
    headers:
      Content-Type:
      - application/xml
      Date:
      - Thu, 10 Nov 2022 10:18:59 GMT
      X-Amz-Id-2:
      - tx0d519f7911d041ed806cd-00636cd013
      X-Amz-Request-Id:
      - tx0d519f7911d041ed806cd-00636cd013
    status: 404 Not Found
    code: 404
    duration: ""
- request:
    body: ""
    form: {}
    headers:
      User-Agent:
      - aws-sdk-go/1.44.128 (go1.19.2; darwin; amd64)
      X-Amz-Content-Sha256:
      - e3b0c44298fc1c149afbf4c8996fb92427ae41e4649b934ca495991b7852b855
      X-Amz-Date:
      - 20221110T101859Z
    url: https://test-acc-scaleway-object-hash-7804828869654573555.s3.fr-par.scw.cloud/
    method: GET
  response:
    body: |-
      <?xml version='1.0' encoding='UTF-8'?>
      <ListBucketResult xmlns="http://s3.amazonaws.com/doc/2006-03-01/"><Name>test-acc-scaleway-object-hash-7804828869654573555</Name><Prefix/><Delimiter/><MaxKeys>1000</MaxKeys><IsTruncated>false</IsTruncated><Marker/><Contents><ETag>"d41d8cd98f00b204e9800998ecf8427e"</ETag><Key>myfile</Key><LastModified>2022-11-10T10:18:58.000Z</LastModified><Size>0</Size><StorageClass>STANDARD</StorageClass><Owner><ID>5b331f64-6f51-45b6-aa60-d46d011e8b1a:5b331f64-6f51-45b6-aa60-d46d011e8b1a</ID><DisplayName>5b331f64-6f51-45b6-aa60-d46d011e8b1a:5b331f64-6f51-45b6-aa60-d46d011e8b1a</DisplayName></Owner></Contents></ListBucketResult>
    headers:
      Content-Length:
      - "657"
      Content-Type:
      - application/xml
      Date:
      - Thu, 10 Nov 2022 10:18:59 GMT
      X-Amz-Id-2:
      - txf07ea994f4ec45b380033-00636cd013
      X-Amz-Request-Id:
      - txf07ea994f4ec45b380033-00636cd013
    status: 200 OK
    code: 200
    duration: ""
- request:
    body: ""
    form: {}
    headers:
      User-Agent:
      - aws-sdk-go/1.44.128 (go1.19.2; darwin; amd64)
      X-Amz-Content-Sha256:
      - e3b0c44298fc1c149afbf4c8996fb92427ae41e4649b934ca495991b7852b855
      X-Amz-Date:
      - 20221110T101859Z
    url: https://test-acc-scaleway-object-hash-7804828869654573555.s3.fr-par.scw.cloud/?tagging=
    method: GET
  response:
    body: <Tagging xmlns="http://s3.amazonaws.com/doc/2006-03-01/"><TagSet><Tag><Key>foo</Key><Value>bar</Value></Tag></TagSet></Tagging>
    headers:
      Content-Length:
      - "127"
      Content-Type:
      - application/xml
      Date:
      - Thu, 10 Nov 2022 10:19:01 GMT
      X-Amz-Id-2:
      - txf85160c253a947dd8a3e8-00636cd013
      X-Amz-Request-Id:
      - txf85160c253a947dd8a3e8-00636cd013
    status: 200 OK
    code: 200
    duration: ""
- request:
    body: ""
    form: {}
    headers:
      User-Agent:
      - aws-sdk-go/1.44.128 (go1.19.2; darwin; amd64)
      X-Amz-Content-Sha256:
      - e3b0c44298fc1c149afbf4c8996fb92427ae41e4649b934ca495991b7852b855
      X-Amz-Date:
      - 20221110T101901Z
    url: https://test-acc-scaleway-object-hash-7804828869654573555.s3.fr-par.scw.cloud/?cors=
    method: GET
  response:
    body: |-
      <?xml version='1.0' encoding='UTF-8'?>
      <Error><Code>NoSuchCORSConfiguration</Code><Message>The CORS configuration does not exist</Message><RequestId>tx504172ddb0944deeb82dc-00636cd015</RequestId></Error>
    headers:
      Content-Type:
      - application/xml
      Date:
      - Thu, 10 Nov 2022 10:19:01 GMT
      X-Amz-Id-2:
      - tx504172ddb0944deeb82dc-00636cd015
      X-Amz-Request-Id:
      - tx504172ddb0944deeb82dc-00636cd015
    status: 404 Not Found
    code: 404
    duration: ""
- request:
    body: ""
    form: {}
    headers:
      User-Agent:
      - aws-sdk-go/1.44.128 (go1.19.2; darwin; amd64)
      X-Amz-Content-Sha256:
      - e3b0c44298fc1c149afbf4c8996fb92427ae41e4649b934ca495991b7852b855
      X-Amz-Date:
      - 20221110T101901Z
    url: https://test-acc-scaleway-object-hash-7804828869654573555.s3.fr-par.scw.cloud/?versioning=
    method: GET
  response:
    body: |-
      <?xml version='1.0' encoding='UTF-8'?>
      <VersioningConfiguration xmlns="http://s3.amazonaws.com/doc/2006-03-01/"/>
    headers:
      Content-Length:
      - "113"
      Content-Type:
      - text/plain
      Date:
      - Thu, 10 Nov 2022 10:19:02 GMT
      X-Amz-Id-2:
      - tx57ca6c2f6e8e4a5f95811-00636cd015
      X-Amz-Request-Id:
      - tx57ca6c2f6e8e4a5f95811-00636cd015
    status: 200 OK
    code: 200
    duration: ""
- request:
    body: ""
    form: {}
    headers:
      User-Agent:
      - aws-sdk-go/1.44.128 (go1.19.2; darwin; amd64)
      X-Amz-Content-Sha256:
      - e3b0c44298fc1c149afbf4c8996fb92427ae41e4649b934ca495991b7852b855
      X-Amz-Date:
      - 20221110T101902Z
    url: https://test-acc-scaleway-object-hash-7804828869654573555.s3.fr-par.scw.cloud/?lifecycle=
    method: GET
  response:
    body: |-
      <?xml version='1.0' encoding='UTF-8'?>
      <Error><Code>NoSuchLifecycleConfiguration</Code><Message>The lifecycle configuration does not exist.</Message><RequestId>txbe3ea1909d144b068e2a1-00636cd016</RequestId></Error>
    headers:
      Content-Type:
      - application/xml
      Date:
      - Thu, 10 Nov 2022 10:19:03 GMT
      X-Amz-Id-2:
      - txbe3ea1909d144b068e2a1-00636cd016
      X-Amz-Request-Id:
      - txbe3ea1909d144b068e2a1-00636cd016
    status: 404 Not Found
    code: 404
    duration: ""
- request:
    body: ""
    form: {}
    headers:
      User-Agent:
      - aws-sdk-go/1.44.128 (go1.19.2; darwin; amd64)
      X-Amz-Content-Sha256:
      - e3b0c44298fc1c149afbf4c8996fb92427ae41e4649b934ca495991b7852b855
      X-Amz-Date:
      - 20221110T101903Z
    url: https://test-acc-scaleway-object-hash-7804828869654573555.s3.fr-par.scw.cloud/myfile
    method: HEAD
  response:
    body: ""
    headers:
      Accept-Ranges:
      - bytes
      Content-Length:
      - "0"
      Content-Type:
      - application/octet-stream
      Date:
      - Thu, 10 Nov 2022 10:19:03 GMT
      Etag:
      - '"d41d8cd98f00b204e9800998ecf8427e"'
      Last-Modified:
      - Thu, 10 Nov 2022 10:18:58 GMT
      X-Amz-Id-2:
      - txefe16a7cdb3843ca97ed4-00636cd017
      X-Amz-Request-Id:
      - txefe16a7cdb3843ca97ed4-00636cd017
      X-Amz-Version-Id:
      - "1668075538320279"
    status: 200 OK
    code: 200
    duration: ""
- request:
    body: ""
    form: {}
    headers:
      User-Agent:
      - aws-sdk-go/1.44.128 (go1.19.2; darwin; amd64)
      X-Amz-Content-Sha256:
      - e3b0c44298fc1c149afbf4c8996fb92427ae41e4649b934ca495991b7852b855
      X-Amz-Date:
      - 20221110T101903Z
    url: https://test-acc-scaleway-object-hash-7804828869654573555.s3.fr-par.scw.cloud/myfile?tagging=
    method: GET
  response:
    body: |-
      <?xml version='1.0' encoding='UTF-8'?>
      <Tagging xmlns="http://s3.amazonaws.com/doc/2006-03-01/"><TagSet/></Tagging>
    headers:
      Content-Length:
      - "115"
      Content-Type:
      - application/xml
      Date:
      - Thu, 10 Nov 2022 10:19:04 GMT
      X-Amz-Id-2:
      - txe21380c15cdb4ca99f96f-00636cd017
      X-Amz-Request-Id:
      - txe21380c15cdb4ca99f96f-00636cd017
      X-Amz-Version-Id:
      - "1668075538320279"
    status: 200 OK
    code: 200
    duration: ""
- request:
    body: ""
    form: {}
    headers:
      User-Agent:
      - aws-sdk-go/1.44.128 (go1.19.2; darwin; amd64)
      X-Amz-Content-Sha256:
      - e3b0c44298fc1c149afbf4c8996fb92427ae41e4649b934ca495991b7852b855
      X-Amz-Date:
      - 20221110T101903Z
    url: https://test-acc-scaleway-object-hash-7804828869654573555.s3.fr-par.scw.cloud/myfile?acl=
    method: GET
  response:
    body: |-
      <?xml version='1.0' encoding='UTF-8'?>
      <AccessControlPolicy xmlns="http://s3.amazonaws.com/doc/2006-03-01/"><Owner><ID>5b331f64-6f51-45b6-aa60-d46d011e8b1a:5b331f64-6f51-45b6-aa60-d46d011e8b1a</ID><DisplayName>5b331f64-6f51-45b6-aa60-d46d011e8b1a:5b331f64-6f51-45b6-aa60-d46d011e8b1a</DisplayName></Owner><AccessControlList><Grant><Grantee xmlns:xsi="http://www.w3.org/2001/XMLSchema-instance" xsi:type="CanonicalUser"><ID>5b331f64-6f51-45b6-aa60-d46d011e8b1a:5b331f64-6f51-45b6-aa60-d46d011e8b1a</ID><DisplayName>5b331f64-6f51-45b6-aa60-d46d011e8b1a:5b331f64-6f51-45b6-aa60-d46d011e8b1a</DisplayName></Grantee><Permission>FULL_CONTROL</Permission></Grant></AccessControlList></AccessControlPolicy>
    headers:
      Content-Length:
      - "698"
      Content-Type:
      - text/html; charset=UTF-8
      Date:
      - Thu, 10 Nov 2022 10:19:04 GMT
      X-Amz-Id-2:
      - tx22c192bc64a84a899b945-00636cd018
      X-Amz-Request-Id:
      - tx22c192bc64a84a899b945-00636cd018
    status: 200 OK
    code: 200
    duration: ""
- request:
    body: ""
    form: {}
    headers:
      User-Agent:
      - aws-sdk-go/1.44.128 (go1.19.2; darwin; amd64)
      X-Amz-Content-Sha256:
      - e3b0c44298fc1c149afbf4c8996fb92427ae41e4649b934ca495991b7852b855
      X-Amz-Date:
      - 20221110T101904Z
    url: https://test-acc-scaleway-object-hash-7804828869654573555.s3.fr-par.scw.cloud/myfile
    method: DELETE
  response:
    body: ""
    headers:
      Content-Length:
      - "0"
      Content-Type:
      - text/html; charset=UTF-8
      Date:
      - Thu, 10 Nov 2022 10:19:05 GMT
      X-Amz-Id-2:
      - tx4507a8a8ae69456a99be1-00636cd018
      X-Amz-Request-Id:
      - tx4507a8a8ae69456a99be1-00636cd018
    status: 204 No Content
    code: 204
    duration: ""
- request:
    body: ""
    form: {}
    headers:
      User-Agent:
      - aws-sdk-go/1.44.128 (go1.19.2; darwin; amd64)
      X-Amz-Content-Sha256:
      - e3b0c44298fc1c149afbf4c8996fb92427ae41e4649b934ca495991b7852b855
      X-Amz-Date:
      - 20221110T101906Z
    url: https://test-acc-scaleway-object-hash-7804828869654573555.s3.fr-par.scw.cloud/
    method: DELETE
  response:
    body: ""
    headers:
      Content-Length:
      - "0"
      Content-Type:
      - text/html; charset=UTF-8
      Date:
      - Thu, 10 Nov 2022 10:19:12 GMT
      X-Amz-Id-2:
      - tx3a6dea7ff13d4e09999dc-00636cd01a
      X-Amz-Request-Id:
      - tx3a6dea7ff13d4e09999dc-00636cd01a
    status: 204 No Content
    code: 204
    duration: ""
