---
version: 1
interactions:
- request:
    body: <CreateBucketConfiguration xmlns="http://s3.amazonaws.com/doc/2006-03-01/"><LocationConstraint>fr-par</LocationConstraint></CreateBucketConfiguration>
    form: {}
    headers:
      Content-Length:
      - "150"
      User-Agent:
      - aws-sdk-go/1.44.171 (go1.19.5; darwin; amd64)
      X-Amz-Acl:
      - private
      X-Amz-Bucket-Object-Lock-Enabled:
      - "false"
      X-Amz-Content-Sha256:
      - 2cb57fad7b7168921a4c94426cfcb9ee2953f126430595df844e22d50f029060
      X-Amz-Date:
      - 20230118T104541Z
    url: https://test-acc-scaleway-object-cors-empty-origin-7833173068570693735.s3.fr-par.scw.cloud/
    method: PUT
  response:
    body: ""
    headers:
      Content-Length:
      - "0"
      Content-Type:
      - text/html; charset=UTF-8
      Date:
      - Wed, 18 Jan 2023 10:45:49 GMT
      Location:
      - /test-acc-scaleway-object-cors-empty-origin-7833173068570693735
      X-Amz-Id-2:
      - tx730d40de292a45a3877a4-0063c7cdd6
      X-Amz-Request-Id:
      - tx730d40de292a45a3877a4-0063c7cdd6
    status: 200 OK
    code: 200
    duration: ""
- request:
    body: ""
    form: {}
    headers:
      Content-Md5:
      - 1B2M2Y8AsgTpgAmY7PhCfg==
      User-Agent:
      - aws-sdk-go/1.44.171 (go1.19.5; darwin; amd64)
      X-Amz-Acl:
      - private
      X-Amz-Content-Sha256:
      - e3b0c44298fc1c149afbf4c8996fb92427ae41e4649b934ca495991b7852b855
      X-Amz-Date:
      - 20230118T104549Z
    url: https://test-acc-scaleway-object-cors-empty-origin-7833173068570693735.s3.fr-par.scw.cloud/?acl=
    method: PUT
  response:
    body: ""
    headers:
      Content-Length:
      - "0"
      Content-Type:
      - text/html; charset=UTF-8
      Date:
      - Wed, 18 Jan 2023 10:45:50 GMT
      X-Amz-Id-2:
      - tx0f9edbafbff041538e2ef-0063c7cddd
      X-Amz-Request-Id:
      - tx0f9edbafbff041538e2ef-0063c7cddd
    status: 200 OK
    code: 200
    duration: ""
- request:
    body: <CORSConfiguration xmlns="http://s3.amazonaws.com/doc/2006-03-01/"><CORSRule><ExposeHeader>x-amz-server-side-encryption</ExposeHeader><ExposeHeader>ETag</ExposeHeader><MaxAgeSeconds>3000</MaxAgeSeconds><AllowedHeader>*</AllowedHeader><AllowedMethod>PUT</AllowedMethod><AllowedMethod>POST</AllowedMethod><AllowedOrigin></AllowedOrigin></CORSRule></CORSConfiguration>
    form: {}
    headers:
      Content-Length:
      - "365"
      Content-Md5:
      - E6R5KAHhjfiFnxEC2Kuy4g==
      User-Agent:
      - aws-sdk-go/1.44.171 (go1.19.5; darwin; amd64)
      X-Amz-Content-Sha256:
      - 0240cf0784a6b9a11971c9742d160768e6b3811b85bec592482c26d16e7de428
      X-Amz-Date:
      - 20230118T104550Z
    url: https://test-acc-scaleway-object-cors-empty-origin-7833173068570693735.s3.fr-par.scw.cloud/?cors=
    method: PUT
  response:
    body: ""
    headers:
      Content-Length:
      - "0"
      Content-Type:
      - text/html; charset=UTF-8
      Date:
      - Wed, 18 Jan 2023 10:45:50 GMT
      X-Amz-Id-2:
      - tx65d903e5d3f545c1a1787-0063c7cdde
      X-Amz-Request-Id:
      - tx65d903e5d3f545c1a1787-0063c7cdde
    status: 200 OK
    code: 200
    duration: ""
- request:
    body: ""
    form: {}
    headers:
      User-Agent:
      - aws-sdk-go/1.44.171 (go1.19.5; darwin; amd64)
      X-Amz-Content-Sha256:
      - e3b0c44298fc1c149afbf4c8996fb92427ae41e4649b934ca495991b7852b855
      X-Amz-Date:
      - 20230118T104550Z
    url: https://test-acc-scaleway-object-cors-empty-origin-7833173068570693735.s3.fr-par.scw.cloud/?object-lock=
    method: GET
  response:
    body: |-
      <?xml version='1.0' encoding='UTF-8'?>
      <Error><Code>ObjectLockConfigurationNotFoundError</Code><Message>Object Lock configuration does not exist for this bucket</Message><RequestId>tx1f1a335baf8245f58880e-0063c7cdde</RequestId></Error>
    headers:
      Content-Type:
      - application/xml
      Date:
      - Wed, 18 Jan 2023 10:45:50 GMT
      X-Amz-Id-2:
      - tx1f1a335baf8245f58880e-0063c7cdde
      X-Amz-Request-Id:
      - tx1f1a335baf8245f58880e-0063c7cdde
    status: 404 Not Found
    code: 404
    duration: ""
- request:
    body: ""
    form: {}
    headers:
      User-Agent:
      - aws-sdk-go/1.44.171 (go1.19.5; darwin; amd64)
      X-Amz-Content-Sha256:
      - e3b0c44298fc1c149afbf4c8996fb92427ae41e4649b934ca495991b7852b855
      X-Amz-Date:
      - 20230118T104550Z
    url: https://test-acc-scaleway-object-cors-empty-origin-7833173068570693735.s3.fr-par.scw.cloud/
    method: GET
  response:
    body: |-
      <?xml version='1.0' encoding='UTF-8'?>
      <ListBucketResult xmlns="http://s3.amazonaws.com/doc/2006-03-01/"><Name>test-acc-scaleway-object-cors-empty-origin-7833173068570693735</Name><Prefix/><Delimiter/><MaxKeys>1000</MaxKeys><IsTruncated>false</IsTruncated><Marker/></ListBucketResult>
    headers:
      Content-Length:
      - "284"
      Content-Type:
      - application/xml
      Date:
      - Wed, 18 Jan 2023 10:45:51 GMT
      X-Amz-Id-2:
      - tx1bab63bf529447a9a967c-0063c7cdde
      X-Amz-Request-Id:
      - tx1bab63bf529447a9a967c-0063c7cdde
    status: 200 OK
    code: 200
    duration: ""
- request:
    body: ""
    form: {}
    headers:
      User-Agent:
      - aws-sdk-go/1.44.171 (go1.19.5; darwin; amd64)
      X-Amz-Content-Sha256:
      - e3b0c44298fc1c149afbf4c8996fb92427ae41e4649b934ca495991b7852b855
      X-Amz-Date:
      - 20230118T104551Z
    url: https://test-acc-scaleway-object-cors-empty-origin-7833173068570693735.s3.fr-par.scw.cloud/?tagging=
    method: GET
  response:
    body: |-
      <?xml version='1.0' encoding='UTF-8'?>
      <Error><Code>NoSuchTagSet</Code><Message>There is no tag set associated with the bucket or object.</Message><RequestId>txa3e758cf1b63466080480-0063c7cddf</RequestId><Headers/></Error>
    headers:
      Content-Type:
      - application/xml
      Date:
      - Wed, 18 Jan 2023 10:45:51 GMT
      X-Amz-Id-2:
      - txa3e758cf1b63466080480-0063c7cddf
      X-Amz-Request-Id:
      - txa3e758cf1b63466080480-0063c7cddf
    status: 404 Not Found
    code: 404
    duration: ""
- request:
    body: ""
    form: {}
    headers:
      User-Agent:
      - aws-sdk-go/1.44.171 (go1.19.5; darwin; amd64)
      X-Amz-Content-Sha256:
      - e3b0c44298fc1c149afbf4c8996fb92427ae41e4649b934ca495991b7852b855
      X-Amz-Date:
      - 20230118T104551Z
    url: https://test-acc-scaleway-object-cors-empty-origin-7833173068570693735.s3.fr-par.scw.cloud/?cors=
    method: GET
  response:
    body: <CORSConfiguration xmlns="http://s3.amazonaws.com/doc/2006-03-01/"><CORSRule><ExposeHeader>x-amz-server-side-encryption</ExposeHeader><ExposeHeader>ETag</ExposeHeader><MaxAgeSeconds>3000</MaxAgeSeconds><AllowedHeader>*</AllowedHeader><AllowedMethod>PUT</AllowedMethod><AllowedMethod>POST</AllowedMethod><AllowedOrigin></AllowedOrigin></CORSRule></CORSConfiguration>
    headers:
      Content-Length:
      - "365"
      Content-Type:
      - application/xml
      Date:
      - Wed, 18 Jan 2023 10:45:51 GMT
      X-Amz-Id-2:
      - tx84a4af030290449ab7d72-0063c7cddf
      X-Amz-Request-Id:
      - tx84a4af030290449ab7d72-0063c7cddf
    status: 200 OK
    code: 200
    duration: ""
- request:
    body: ""
    form: {}
    headers:
      User-Agent:
      - aws-sdk-go/1.44.171 (go1.19.5; darwin; amd64)
      X-Amz-Content-Sha256:
      - e3b0c44298fc1c149afbf4c8996fb92427ae41e4649b934ca495991b7852b855
      X-Amz-Date:
      - 20230118T104551Z
    url: https://test-acc-scaleway-object-cors-empty-origin-7833173068570693735.s3.fr-par.scw.cloud/?versioning=
    method: GET
  response:
    body: |-
      <?xml version='1.0' encoding='UTF-8'?>
      <VersioningConfiguration xmlns="http://s3.amazonaws.com/doc/2006-03-01/"/>
    headers:
      Content-Length:
      - "113"
      Content-Type:
      - text/plain
      Date:
      - Wed, 18 Jan 2023 10:45:52 GMT
      X-Amz-Id-2:
      - txd88de73bbe4b46a7983dd-0063c7cddf
      X-Amz-Request-Id:
      - txd88de73bbe4b46a7983dd-0063c7cddf
    status: 200 OK
    code: 200
    duration: ""
- request:
    body: ""
    form: {}
    headers:
      User-Agent:
      - aws-sdk-go/1.44.171 (go1.19.5; darwin; amd64)
      X-Amz-Content-Sha256:
      - e3b0c44298fc1c149afbf4c8996fb92427ae41e4649b934ca495991b7852b855
      X-Amz-Date:
      - 20230118T104552Z
    url: https://test-acc-scaleway-object-cors-empty-origin-7833173068570693735.s3.fr-par.scw.cloud/?lifecycle=
    method: GET
  response:
    body: |-
      <?xml version='1.0' encoding='UTF-8'?>
      <Error><Code>NoSuchLifecycleConfiguration</Code><Message>The lifecycle configuration does not exist.</Message><RequestId>tx02d01e7580d0477fb64e5-0063c7cde0</RequestId></Error>
    headers:
      Content-Type:
      - application/xml
      Date:
      - Wed, 18 Jan 2023 10:45:52 GMT
      X-Amz-Id-2:
      - tx02d01e7580d0477fb64e5-0063c7cde0
      X-Amz-Request-Id:
      - tx02d01e7580d0477fb64e5-0063c7cde0
    status: 404 Not Found
    code: 404
    duration: ""
- request:
    body: ""
    form: {}
    headers:
      User-Agent:
      - aws-sdk-go/1.44.171 (go1.19.5; darwin; amd64)
      X-Amz-Content-Sha256:
      - e3b0c44298fc1c149afbf4c8996fb92427ae41e4649b934ca495991b7852b855
      X-Amz-Date:
      - 20230118T104552Z
    url: https://test-acc-scaleway-object-cors-empty-origin-7833173068570693735.s3.fr-par.scw.cloud/?object-lock=
    method: GET
  response:
    body: |-
      <?xml version='1.0' encoding='UTF-8'?>
      <Error><Code>ObjectLockConfigurationNotFoundError</Code><Message>Object Lock configuration does not exist for this bucket</Message><RequestId>txff568ddd05e444a38d547-0063c7cde0</RequestId></Error>
    headers:
      Content-Type:
      - application/xml
      Date:
      - Wed, 18 Jan 2023 10:45:52 GMT
      X-Amz-Id-2:
      - txff568ddd05e444a38d547-0063c7cde0
      X-Amz-Request-Id:
      - txff568ddd05e444a38d547-0063c7cde0
    status: 404 Not Found
    code: 404
    duration: ""
- request:
    body: ""
    form: {}
    headers:
      User-Agent:
      - aws-sdk-go/1.44.171 (go1.19.5; darwin; amd64)
      X-Amz-Content-Sha256:
      - e3b0c44298fc1c149afbf4c8996fb92427ae41e4649b934ca495991b7852b855
      X-Amz-Date:
      - 20230118T104552Z
    url: https://test-acc-scaleway-object-cors-empty-origin-7833173068570693735.s3.fr-par.scw.cloud/
    method: GET
  response:
    body: |-
      <?xml version='1.0' encoding='UTF-8'?>
      <ListBucketResult xmlns="http://s3.amazonaws.com/doc/2006-03-01/"><Name>test-acc-scaleway-object-cors-empty-origin-7833173068570693735</Name><Prefix/><Delimiter/><MaxKeys>1000</MaxKeys><IsTruncated>false</IsTruncated><Marker/></ListBucketResult>
    headers:
      Content-Length:
      - "284"
      Content-Type:
      - application/xml
      Date:
      - Wed, 18 Jan 2023 10:45:53 GMT
      X-Amz-Id-2:
      - tx068c2952798f45668f66c-0063c7cde0
      X-Amz-Request-Id:
      - tx068c2952798f45668f66c-0063c7cde0
    status: 200 OK
    code: 200
    duration: ""
- request:
    body: ""
    form: {}
    headers:
      User-Agent:
      - aws-sdk-go/1.44.171 (go1.19.5; darwin; amd64)
      X-Amz-Content-Sha256:
      - e3b0c44298fc1c149afbf4c8996fb92427ae41e4649b934ca495991b7852b855
      X-Amz-Date:
      - 20230118T104553Z
    url: https://test-acc-scaleway-object-cors-empty-origin-7833173068570693735.s3.fr-par.scw.cloud/?tagging=
    method: GET
  response:
    body: |-
      <?xml version='1.0' encoding='UTF-8'?>
      <Error><Code>NoSuchTagSet</Code><Message>There is no tag set associated with the bucket or object.</Message><RequestId>tx462da32487904fe9886b2-0063c7cde1</RequestId><Headers/></Error>
    headers:
      Content-Type:
      - application/xml
      Date:
      - Wed, 18 Jan 2023 10:45:53 GMT
      X-Amz-Id-2:
      - tx462da32487904fe9886b2-0063c7cde1
      X-Amz-Request-Id:
      - tx462da32487904fe9886b2-0063c7cde1
    status: 404 Not Found
    code: 404
    duration: ""
- request:
    body: ""
    form: {}
    headers:
      User-Agent:
      - aws-sdk-go/1.44.171 (go1.19.5; darwin; amd64)
      X-Amz-Content-Sha256:
      - e3b0c44298fc1c149afbf4c8996fb92427ae41e4649b934ca495991b7852b855
      X-Amz-Date:
      - 20230118T104553Z
    url: https://test-acc-scaleway-object-cors-empty-origin-7833173068570693735.s3.fr-par.scw.cloud/?cors=
    method: GET
  response:
    body: <CORSConfiguration xmlns="http://s3.amazonaws.com/doc/2006-03-01/"><CORSRule><ExposeHeader>x-amz-server-side-encryption</ExposeHeader><ExposeHeader>ETag</ExposeHeader><MaxAgeSeconds>3000</MaxAgeSeconds><AllowedHeader>*</AllowedHeader><AllowedMethod>PUT</AllowedMethod><AllowedMethod>POST</AllowedMethod><AllowedOrigin></AllowedOrigin></CORSRule></CORSConfiguration>
    headers:
      Content-Length:
      - "365"
      Content-Type:
      - application/xml
      Date:
      - Wed, 18 Jan 2023 10:45:53 GMT
      X-Amz-Id-2:
      - tx0ba6b067027a403da5928-0063c7cde1
      X-Amz-Request-Id:
      - tx0ba6b067027a403da5928-0063c7cde1
    status: 200 OK
    code: 200
    duration: ""
- request:
    body: ""
    form: {}
    headers:
      User-Agent:
      - aws-sdk-go/1.44.171 (go1.19.5; darwin; amd64)
      X-Amz-Content-Sha256:
      - e3b0c44298fc1c149afbf4c8996fb92427ae41e4649b934ca495991b7852b855
      X-Amz-Date:
      - 20230118T104553Z
    url: https://test-acc-scaleway-object-cors-empty-origin-7833173068570693735.s3.fr-par.scw.cloud/?versioning=
    method: GET
  response:
    body: |-
      <?xml version='1.0' encoding='UTF-8'?>
      <VersioningConfiguration xmlns="http://s3.amazonaws.com/doc/2006-03-01/"/>
    headers:
      Content-Length:
      - "113"
      Content-Type:
      - text/plain
      Date:
      - Wed, 18 Jan 2023 10:45:53 GMT
      X-Amz-Id-2:
      - txa8b3ef42a6904cc49d1b6-0063c7cde1
      X-Amz-Request-Id:
      - txa8b3ef42a6904cc49d1b6-0063c7cde1
    status: 200 OK
    code: 200
    duration: ""
- request:
    body: ""
    form: {}
    headers:
      User-Agent:
      - aws-sdk-go/1.44.171 (go1.19.5; darwin; amd64)
      X-Amz-Content-Sha256:
      - e3b0c44298fc1c149afbf4c8996fb92427ae41e4649b934ca495991b7852b855
      X-Amz-Date:
      - 20230118T104553Z
    url: https://test-acc-scaleway-object-cors-empty-origin-7833173068570693735.s3.fr-par.scw.cloud/?lifecycle=
    method: GET
  response:
    body: |-
      <?xml version='1.0' encoding='UTF-8'?>
      <Error><Code>NoSuchLifecycleConfiguration</Code><Message>The lifecycle configuration does not exist.</Message><RequestId>tx5a5be796ea59429ba55d4-0063c7cde1</RequestId></Error>
    headers:
      Content-Type:
      - application/xml
      Date:
      - Wed, 18 Jan 2023 10:45:54 GMT
      X-Amz-Id-2:
      - tx5a5be796ea59429ba55d4-0063c7cde1
      X-Amz-Request-Id:
      - tx5a5be796ea59429ba55d4-0063c7cde1
    status: 404 Not Found
    code: 404
    duration: ""
- request:
    body: ""
    form: {}
    headers:
      User-Agent:
      - aws-sdk-go/1.44.171 (go1.19.5; darwin; amd64)
      X-Amz-Content-Sha256:
      - e3b0c44298fc1c149afbf4c8996fb92427ae41e4649b934ca495991b7852b855
      X-Amz-Date:
      - 20230118T104554Z
    url: https://test-acc-scaleway-object-cors-empty-origin-7833173068570693735.s3.fr-par.scw.cloud/
    method: DELETE
  response:
    body: ""
    headers:
      Content-Length:
      - "0"
      Content-Type:
      - text/html; charset=UTF-8
      Date:
      - Wed, 18 Jan 2023 10:46:05 GMT
      X-Amz-Id-2:
      - tx180d8a6d82fa4374a1d83-0063c7cde2
      X-Amz-Request-Id:
      - tx180d8a6d82fa4374a1d83-0063c7cde2
    status: 204 No Content
    code: 204
    duration: ""
