---
version: 1
interactions:
- request:
    body: <CreateBucketConfiguration xmlns="http://s3.amazonaws.com/doc/2006-03-01/"><LocationConstraint>nl-ams</LocationConstraint></CreateBucketConfiguration>
    form: {}
    headers:
      Content-Length:
      - "150"
      User-Agent:
      - aws-sdk-go/1.44.193 (go1.19.5; darwin; amd64)
      X-Amz-Acl:
      - private
      X-Amz-Bucket-Object-Lock-Enabled:
      - "false"
      X-Amz-Content-Sha256:
      - b86017d61d4ad22a838e75e918325b623687c3e84d631bc2b6435970bf12473d
      X-Amz-Date:
      - 20230228T101834Z
    url: https://test-acc-scaleway-object-acl-basic-5011803562457777511.s3.nl-ams.scw.cloud/
    method: PUT
  response:
    body: ""
    headers:
      Content-Length:
      - "0"
      Content-Type:
      - text/html; charset=UTF-8
      Date:
      - Tue, 28 Feb 2023 10:18:36 GMT
      Location:
      - /test-acc-scaleway-object-acl-basic-5011803562457777511
      X-Amz-Id-2:
      - txa0a2935fb26f4c8c93ee7-0063fdd4fb
      X-Amz-Request-Id:
      - txa0a2935fb26f4c8c93ee7-0063fdd4fb
    status: 200 OK
    code: 200
    duration: ""
- request:
    body: ""
    form: {}
    headers:
      Content-Md5:
      - 1B2M2Y8AsgTpgAmY7PhCfg==
      User-Agent:
      - aws-sdk-go/1.44.193 (go1.19.5; darwin; amd64)
      X-Amz-Acl:
      - private
      X-Amz-Content-Sha256:
      - e3b0c44298fc1c149afbf4c8996fb92427ae41e4649b934ca495991b7852b855
      X-Amz-Date:
      - 20230228T101836Z
    url: https://test-acc-scaleway-object-acl-basic-5011803562457777511.s3.nl-ams.scw.cloud/?acl=
    method: PUT
  response:
    body: ""
    headers:
      Content-Length:
      - "0"
      Content-Type:
      - text/html; charset=UTF-8
      Date:
      - Tue, 28 Feb 2023 10:18:36 GMT
      X-Amz-Id-2:
      - txceed33af9f1c41ab8321a-0063fdd4fc
      X-Amz-Request-Id:
      - txceed33af9f1c41ab8321a-0063fdd4fc
    status: 200 OK
    code: 200
    duration: ""
- request:
    body: ""
    form: {}
    headers:
      User-Agent:
      - aws-sdk-go/1.44.193 (go1.19.5; darwin; amd64)
      X-Amz-Content-Sha256:
      - e3b0c44298fc1c149afbf4c8996fb92427ae41e4649b934ca495991b7852b855
      X-Amz-Date:
      - 20230228T101836Z
    url: https://test-acc-scaleway-object-acl-basic-5011803562457777511.s3.nl-ams.scw.cloud/?acl=
    method: GET
  response:
    body: |-
      <?xml version='1.0' encoding='UTF-8'?>
      <AccessControlPolicy xmlns="http://s3.amazonaws.com/doc/2006-03-01/"><Owner><ID>105bdce1-64c0-48ab-899d-868455867ecf:105bdce1-64c0-48ab-899d-868455867ecf</ID><DisplayName>105bdce1-64c0-48ab-899d-868455867ecf:105bdce1-64c0-48ab-899d-868455867ecf</DisplayName></Owner><AccessControlList><Grant><Grantee xmlns:xsi="http://www.w3.org/2001/XMLSchema-instance" xsi:type="CanonicalUser"><ID>105bdce1-64c0-48ab-899d-868455867ecf:105bdce1-64c0-48ab-899d-868455867ecf</ID><DisplayName>105bdce1-64c0-48ab-899d-868455867ecf:105bdce1-64c0-48ab-899d-868455867ecf</DisplayName></Grantee><Permission>FULL_CONTROL</Permission></Grant></AccessControlList></AccessControlPolicy>
    headers:
      Content-Length:
      - "698"
      Content-Type:
      - text/html; charset=UTF-8
      Date:
      - Tue, 28 Feb 2023 10:18:36 GMT
      X-Amz-Id-2:
      - tx30b6b2ba4ae541368bd06-0063fdd4fc
      X-Amz-Request-Id:
      - tx30b6b2ba4ae541368bd06-0063fdd4fc
    status: 200 OK
    code: 200
    duration: ""
- request:
    body: ""
    form: {}
    headers:
      User-Agent:
      - aws-sdk-go/1.44.193 (go1.19.5; darwin; amd64)
      X-Amz-Content-Sha256:
      - e3b0c44298fc1c149afbf4c8996fb92427ae41e4649b934ca495991b7852b855
      X-Amz-Date:
      - 20230228T101836Z
    url: https://test-acc-scaleway-object-acl-basic-5011803562457777511.s3.nl-ams.scw.cloud/?object-lock=
    method: GET
  response:
    body: |-
      <?xml version='1.0' encoding='UTF-8'?>
      <Error><Code>ObjectLockConfigurationNotFoundError</Code><Message>Object Lock configuration does not exist for this bucket</Message><RequestId>tx06675629b5e04bb98bd51-0063fdd4fc</RequestId></Error>
    headers:
      Content-Type:
      - application/xml
      Date:
      - Tue, 28 Feb 2023 10:18:36 GMT
      X-Amz-Id-2:
      - tx06675629b5e04bb98bd51-0063fdd4fc
      X-Amz-Request-Id:
      - tx06675629b5e04bb98bd51-0063fdd4fc
    status: 404 Not Found
    code: 404
    duration: ""
- request:
    body: ""
    form: {}
    headers:
      User-Agent:
      - aws-sdk-go/1.44.193 (go1.19.5; darwin; amd64)
      X-Amz-Content-Sha256:
      - e3b0c44298fc1c149afbf4c8996fb92427ae41e4649b934ca495991b7852b855
      X-Amz-Date:
      - 20230228T101836Z
    url: https://test-acc-scaleway-object-acl-basic-5011803562457777511.s3.nl-ams.scw.cloud/
    method: GET
  response:
    body: |-
      <?xml version='1.0' encoding='UTF-8'?>
      <ListBucketResult xmlns="http://s3.amazonaws.com/doc/2006-03-01/"><Name>test-acc-scaleway-object-acl-basic-5011803562457777511</Name><Prefix/><Delimiter/><MaxKeys>1000</MaxKeys><IsTruncated>false</IsTruncated><Marker/></ListBucketResult>
    headers:
      Content-Length:
      - "276"
      Content-Type:
      - application/xml
      Date:
      - Tue, 28 Feb 2023 10:18:37 GMT
      X-Amz-Id-2:
      - tx5bed5f4f7a4e4b889f27b-0063fdd4fc
      X-Amz-Request-Id:
      - tx5bed5f4f7a4e4b889f27b-0063fdd4fc
    status: 200 OK
    code: 200
    duration: ""
- request:
    body: ""
    form: {}
    headers:
      User-Agent:
      - aws-sdk-go/1.44.193 (go1.19.5; darwin; amd64)
      X-Amz-Content-Sha256:
      - e3b0c44298fc1c149afbf4c8996fb92427ae41e4649b934ca495991b7852b855
      X-Amz-Date:
      - 20230228T101837Z
    url: https://test-acc-scaleway-object-acl-basic-5011803562457777511.s3.nl-ams.scw.cloud/?tagging=
    method: GET
  response:
    body: |-
      <?xml version='1.0' encoding='UTF-8'?>
      <Error><Code>NoSuchTagSet</Code><Message>There is no tag set associated with the bucket or object.</Message><RequestId>tx51b4f4be5df0484f8e508-0063fdd4fd</RequestId><Headers/></Error>
    headers:
      Content-Type:
      - application/xml
      Date:
      - Tue, 28 Feb 2023 10:18:37 GMT
      X-Amz-Id-2:
      - tx51b4f4be5df0484f8e508-0063fdd4fd
      X-Amz-Request-Id:
      - tx51b4f4be5df0484f8e508-0063fdd4fd
    status: 404 Not Found
    code: 404
    duration: ""
- request:
    body: ""
    form: {}
    headers:
      User-Agent:
      - aws-sdk-go/1.44.193 (go1.19.5; darwin; amd64)
      X-Amz-Content-Sha256:
      - e3b0c44298fc1c149afbf4c8996fb92427ae41e4649b934ca495991b7852b855
      X-Amz-Date:
      - 20230228T101837Z
    url: https://test-acc-scaleway-object-acl-basic-5011803562457777511.s3.nl-ams.scw.cloud/?cors=
    method: GET
  response:
    body: |-
      <?xml version='1.0' encoding='UTF-8'?>
      <Error><Code>NoSuchCORSConfiguration</Code><Message>The CORS configuration does not exist</Message><RequestId>tx030f4c25fe814481ac731-0063fdd4fd</RequestId></Error>
    headers:
      Content-Type:
      - application/xml
      Date:
      - Tue, 28 Feb 2023 10:18:37 GMT
      X-Amz-Id-2:
      - tx030f4c25fe814481ac731-0063fdd4fd
      X-Amz-Request-Id:
      - tx030f4c25fe814481ac731-0063fdd4fd
    status: 404 Not Found
    code: 404
    duration: ""
- request:
    body: ""
    form: {}
    headers:
      User-Agent:
      - aws-sdk-go/1.44.193 (go1.19.5; darwin; amd64)
      X-Amz-Content-Sha256:
      - e3b0c44298fc1c149afbf4c8996fb92427ae41e4649b934ca495991b7852b855
      X-Amz-Date:
      - 20230228T101837Z
    url: https://test-acc-scaleway-object-acl-basic-5011803562457777511.s3.nl-ams.scw.cloud/?versioning=
    method: GET
  response:
    body: |-
      <?xml version='1.0' encoding='UTF-8'?>
      <VersioningConfiguration xmlns="http://s3.amazonaws.com/doc/2006-03-01/"/>
    headers:
      Content-Length:
      - "113"
      Content-Type:
      - text/plain
      Date:
      - Tue, 28 Feb 2023 10:18:37 GMT
      X-Amz-Id-2:
      - tx9d569d5cf35745c89cf2f-0063fdd4fd
      X-Amz-Request-Id:
      - tx9d569d5cf35745c89cf2f-0063fdd4fd
    status: 200 OK
    code: 200
    duration: ""
- request:
    body: ""
    form: {}
    headers:
      User-Agent:
      - aws-sdk-go/1.44.193 (go1.19.5; darwin; amd64)
      X-Amz-Content-Sha256:
      - e3b0c44298fc1c149afbf4c8996fb92427ae41e4649b934ca495991b7852b855
      X-Amz-Date:
      - 20230228T101837Z
    url: https://test-acc-scaleway-object-acl-basic-5011803562457777511.s3.nl-ams.scw.cloud/?lifecycle=
    method: GET
  response:
    body: |-
      <?xml version='1.0' encoding='UTF-8'?>
      <Error><Code>NoSuchLifecycleConfiguration</Code><Message>The lifecycle configuration does not exist.</Message><RequestId>tx8e0089d6cd274f3396b6d-0063fdd4fd</RequestId></Error>
    headers:
      Content-Type:
      - application/xml
      Date:
      - Tue, 28 Feb 2023 10:18:37 GMT
      X-Amz-Id-2:
      - tx8e0089d6cd274f3396b6d-0063fdd4fd
      X-Amz-Request-Id:
      - tx8e0089d6cd274f3396b6d-0063fdd4fd
    status: 404 Not Found
    code: 404
    duration: ""
- request:
    body: ""
    form: {}
    headers:
      Content-Md5:
      - 1B2M2Y8AsgTpgAmY7PhCfg==
      User-Agent:
      - aws-sdk-go/1.44.193 (go1.19.5; darwin; amd64)
      X-Amz-Acl:
      - private
      X-Amz-Content-Sha256:
      - e3b0c44298fc1c149afbf4c8996fb92427ae41e4649b934ca495991b7852b855
      X-Amz-Date:
      - 20230228T101837Z
    url: https://test-acc-scaleway-object-acl-basic-5011803562457777511.s3.nl-ams.scw.cloud/?acl=
    method: PUT
  response:
    body: ""
    headers:
      Content-Length:
      - "0"
      Content-Type:
      - text/html; charset=UTF-8
      Date:
      - Tue, 28 Feb 2023 10:18:38 GMT
      X-Amz-Id-2:
      - tx776c04bf847d471f8e74d-0063fdd4fd
      X-Amz-Request-Id:
      - tx776c04bf847d471f8e74d-0063fdd4fd
    status: 200 OK
    code: 200
    duration: ""
- request:
    body: ""
    form: {}
    headers:
      User-Agent:
      - aws-sdk-go/1.44.193 (go1.19.5; darwin; amd64)
      X-Amz-Content-Sha256:
      - e3b0c44298fc1c149afbf4c8996fb92427ae41e4649b934ca495991b7852b855
      X-Amz-Date:
      - 20230228T101838Z
    url: https://test-acc-scaleway-object-acl-basic-5011803562457777511.s3.nl-ams.scw.cloud/?acl=
    method: GET
  response:
    body: |-
      <?xml version='1.0' encoding='UTF-8'?>
      <AccessControlPolicy xmlns="http://s3.amazonaws.com/doc/2006-03-01/"><Owner><ID>105bdce1-64c0-48ab-899d-868455867ecf:105bdce1-64c0-48ab-899d-868455867ecf</ID><DisplayName>105bdce1-64c0-48ab-899d-868455867ecf:105bdce1-64c0-48ab-899d-868455867ecf</DisplayName></Owner><AccessControlList><Grant><Grantee xmlns:xsi="http://www.w3.org/2001/XMLSchema-instance" xsi:type="CanonicalUser"><ID>105bdce1-64c0-48ab-899d-868455867ecf:105bdce1-64c0-48ab-899d-868455867ecf</ID><DisplayName>105bdce1-64c0-48ab-899d-868455867ecf:105bdce1-64c0-48ab-899d-868455867ecf</DisplayName></Grantee><Permission>FULL_CONTROL</Permission></Grant></AccessControlList></AccessControlPolicy>
    headers:
      Content-Length:
      - "698"
      Content-Type:
      - text/html; charset=UTF-8
      Date:
      - Tue, 28 Feb 2023 10:18:38 GMT
      X-Amz-Id-2:
      - tx15c88cbe4d7f45e8b48eb-0063fdd4fe
      X-Amz-Request-Id:
      - tx15c88cbe4d7f45e8b48eb-0063fdd4fe
    status: 200 OK
    code: 200
    duration: ""
- request:
    body: ""
    form: {}
    headers:
      User-Agent:
      - aws-sdk-go/1.44.193 (go1.19.5; darwin; amd64)
      X-Amz-Content-Sha256:
      - e3b0c44298fc1c149afbf4c8996fb92427ae41e4649b934ca495991b7852b855
      X-Amz-Date:
      - 20230228T101838Z
    url: https://test-acc-scaleway-object-acl-basic-5011803562457777511.s3.nl-ams.scw.cloud/?acl=
    method: GET
  response:
    body: |-
      <?xml version='1.0' encoding='UTF-8'?>
      <AccessControlPolicy xmlns="http://s3.amazonaws.com/doc/2006-03-01/"><Owner><ID>105bdce1-64c0-48ab-899d-868455867ecf:105bdce1-64c0-48ab-899d-868455867ecf</ID><DisplayName>105bdce1-64c0-48ab-899d-868455867ecf:105bdce1-64c0-48ab-899d-868455867ecf</DisplayName></Owner><AccessControlList><Grant><Grantee xmlns:xsi="http://www.w3.org/2001/XMLSchema-instance" xsi:type="CanonicalUser"><ID>105bdce1-64c0-48ab-899d-868455867ecf:105bdce1-64c0-48ab-899d-868455867ecf</ID><DisplayName>105bdce1-64c0-48ab-899d-868455867ecf:105bdce1-64c0-48ab-899d-868455867ecf</DisplayName></Grantee><Permission>FULL_CONTROL</Permission></Grant></AccessControlList></AccessControlPolicy>
    headers:
      Content-Length:
      - "698"
      Content-Type:
      - text/html; charset=UTF-8
      Date:
      - Tue, 28 Feb 2023 10:18:39 GMT
      X-Amz-Id-2:
      - txbd468174cf474b569bcbc-0063fdd4fe
      X-Amz-Request-Id:
      - txbd468174cf474b569bcbc-0063fdd4fe
    status: 200 OK
    code: 200
    duration: ""
- request:
    body: ""
    form: {}
    headers:
      User-Agent:
      - aws-sdk-go/1.44.193 (go1.19.5; darwin; amd64)
      X-Amz-Content-Sha256:
      - e3b0c44298fc1c149afbf4c8996fb92427ae41e4649b934ca495991b7852b855
      X-Amz-Date:
      - 20230228T101838Z
    url: https://test-acc-scaleway-object-acl-basic-5011803562457777511.s3.nl-ams.scw.cloud/?object-lock=
    method: GET
  response:
    body: |-
      <?xml version='1.0' encoding='UTF-8'?>
      <Error><Code>ObjectLockConfigurationNotFoundError</Code><Message>Object Lock configuration does not exist for this bucket</Message><RequestId>tx3e41f4b994494d3097cad-0063fdd4ff</RequestId></Error>
    headers:
      Content-Type:
      - application/xml
      Date:
      - Tue, 28 Feb 2023 10:18:39 GMT
      X-Amz-Id-2:
      - tx3e41f4b994494d3097cad-0063fdd4ff
      X-Amz-Request-Id:
      - tx3e41f4b994494d3097cad-0063fdd4ff
    status: 404 Not Found
    code: 404
    duration: ""
- request:
    body: ""
    form: {}
    headers:
      User-Agent:
      - aws-sdk-go/1.44.193 (go1.19.5; darwin; amd64)
      X-Amz-Content-Sha256:
      - e3b0c44298fc1c149afbf4c8996fb92427ae41e4649b934ca495991b7852b855
      X-Amz-Date:
      - 20230228T101839Z
    url: https://test-acc-scaleway-object-acl-basic-5011803562457777511.s3.nl-ams.scw.cloud/
    method: GET
  response:
    body: |-
      <?xml version='1.0' encoding='UTF-8'?>
      <ListBucketResult xmlns="http://s3.amazonaws.com/doc/2006-03-01/"><Name>test-acc-scaleway-object-acl-basic-5011803562457777511</Name><Prefix/><Delimiter/><MaxKeys>1000</MaxKeys><IsTruncated>false</IsTruncated><Marker/></ListBucketResult>
    headers:
      Content-Length:
      - "276"
      Content-Type:
      - application/xml
      Date:
      - Tue, 28 Feb 2023 10:18:39 GMT
      X-Amz-Id-2:
      - txbe9e3636528040f0a3700-0063fdd4ff
      X-Amz-Request-Id:
      - txbe9e3636528040f0a3700-0063fdd4ff
    status: 200 OK
    code: 200
    duration: ""
- request:
    body: ""
    form: {}
    headers:
      User-Agent:
      - aws-sdk-go/1.44.193 (go1.19.5; darwin; amd64)
      X-Amz-Content-Sha256:
      - e3b0c44298fc1c149afbf4c8996fb92427ae41e4649b934ca495991b7852b855
      X-Amz-Date:
      - 20230228T101839Z
    url: https://test-acc-scaleway-object-acl-basic-5011803562457777511.s3.nl-ams.scw.cloud/?tagging=
    method: GET
  response:
    body: |-
      <?xml version='1.0' encoding='UTF-8'?>
      <Error><Code>NoSuchTagSet</Code><Message>There is no tag set associated with the bucket or object.</Message><RequestId>tx467258882ffc4f09842be-0063fdd4ff</RequestId><Headers/></Error>
    headers:
      Content-Type:
      - application/xml
      Date:
      - Tue, 28 Feb 2023 10:18:39 GMT
      X-Amz-Id-2:
      - tx467258882ffc4f09842be-0063fdd4ff
      X-Amz-Request-Id:
      - tx467258882ffc4f09842be-0063fdd4ff
    status: 404 Not Found
    code: 404
    duration: ""
- request:
    body: ""
    form: {}
    headers:
      User-Agent:
      - aws-sdk-go/1.44.193 (go1.19.5; darwin; amd64)
      X-Amz-Content-Sha256:
      - e3b0c44298fc1c149afbf4c8996fb92427ae41e4649b934ca495991b7852b855
      X-Amz-Date:
      - 20230228T101839Z
    url: https://test-acc-scaleway-object-acl-basic-5011803562457777511.s3.nl-ams.scw.cloud/?cors=
    method: GET
  response:
    body: |-
      <?xml version='1.0' encoding='UTF-8'?>
      <Error><Code>NoSuchCORSConfiguration</Code><Message>The CORS configuration does not exist</Message><RequestId>txb75ee1cc56ed460f9d2f0-0063fdd4ff</RequestId></Error>
    headers:
      Content-Type:
      - application/xml
      Date:
      - Tue, 28 Feb 2023 10:18:39 GMT
      X-Amz-Id-2:
      - txb75ee1cc56ed460f9d2f0-0063fdd4ff
      X-Amz-Request-Id:
      - txb75ee1cc56ed460f9d2f0-0063fdd4ff
    status: 404 Not Found
    code: 404
    duration: ""
- request:
    body: ""
    form: {}
    headers:
      User-Agent:
      - aws-sdk-go/1.44.193 (go1.19.5; darwin; amd64)
      X-Amz-Content-Sha256:
      - e3b0c44298fc1c149afbf4c8996fb92427ae41e4649b934ca495991b7852b855
      X-Amz-Date:
      - 20230228T101839Z
    url: https://test-acc-scaleway-object-acl-basic-5011803562457777511.s3.nl-ams.scw.cloud/?versioning=
    method: GET
  response:
    body: |-
      <?xml version='1.0' encoding='UTF-8'?>
      <VersioningConfiguration xmlns="http://s3.amazonaws.com/doc/2006-03-01/"/>
    headers:
      Content-Length:
      - "113"
      Content-Type:
      - text/plain
      Date:
      - Tue, 28 Feb 2023 10:18:39 GMT
      X-Amz-Id-2:
      - tx021829d86ee74d489dce0-0063fdd4ff
      X-Amz-Request-Id:
      - tx021829d86ee74d489dce0-0063fdd4ff
    status: 200 OK
    code: 200
    duration: ""
- request:
    body: ""
    form: {}
    headers:
      User-Agent:
      - aws-sdk-go/1.44.193 (go1.19.5; darwin; amd64)
      X-Amz-Content-Sha256:
      - e3b0c44298fc1c149afbf4c8996fb92427ae41e4649b934ca495991b7852b855
      X-Amz-Date:
      - 20230228T101839Z
    url: https://test-acc-scaleway-object-acl-basic-5011803562457777511.s3.nl-ams.scw.cloud/?lifecycle=
    method: GET
  response:
    body: |-
      <?xml version='1.0' encoding='UTF-8'?>
      <Error><Code>NoSuchLifecycleConfiguration</Code><Message>The lifecycle configuration does not exist.</Message><RequestId>txa89e7ba3466e4566a83f4-0063fdd4ff</RequestId></Error>
    headers:
      Content-Type:
      - application/xml
      Date:
      - Tue, 28 Feb 2023 10:18:40 GMT
      X-Amz-Id-2:
      - txa89e7ba3466e4566a83f4-0063fdd4ff
      X-Amz-Request-Id:
      - txa89e7ba3466e4566a83f4-0063fdd4ff
    status: 404 Not Found
    code: 404
    duration: ""
- request:
    body: ""
    form: {}
    headers:
      User-Agent:
      - aws-sdk-go/1.44.193 (go1.19.5; darwin; amd64)
      X-Amz-Content-Sha256:
      - e3b0c44298fc1c149afbf4c8996fb92427ae41e4649b934ca495991b7852b855
      X-Amz-Date:
      - 20230228T101840Z
    url: https://test-acc-scaleway-object-acl-basic-5011803562457777511.s3.nl-ams.scw.cloud/?acl=
    method: GET
  response:
    body: |-
      <?xml version='1.0' encoding='UTF-8'?>
      <AccessControlPolicy xmlns="http://s3.amazonaws.com/doc/2006-03-01/"><Owner><ID>105bdce1-64c0-48ab-899d-868455867ecf:105bdce1-64c0-48ab-899d-868455867ecf</ID><DisplayName>105bdce1-64c0-48ab-899d-868455867ecf:105bdce1-64c0-48ab-899d-868455867ecf</DisplayName></Owner><AccessControlList><Grant><Grantee xmlns:xsi="http://www.w3.org/2001/XMLSchema-instance" xsi:type="CanonicalUser"><ID>105bdce1-64c0-48ab-899d-868455867ecf:105bdce1-64c0-48ab-899d-868455867ecf</ID><DisplayName>105bdce1-64c0-48ab-899d-868455867ecf:105bdce1-64c0-48ab-899d-868455867ecf</DisplayName></Grantee><Permission>FULL_CONTROL</Permission></Grant></AccessControlList></AccessControlPolicy>
    headers:
      Content-Length:
      - "698"
      Content-Type:
      - text/html; charset=UTF-8
      Date:
      - Tue, 28 Feb 2023 10:18:40 GMT
      X-Amz-Id-2:
      - txa66bb7c497544ac48ab4e-0063fdd500
      X-Amz-Request-Id:
      - txa66bb7c497544ac48ab4e-0063fdd500
    status: 200 OK
    code: 200
    duration: ""
- request:
    body: ""
    form: {}
    headers:
      User-Agent:
      - aws-sdk-go/1.44.193 (go1.19.5; darwin; amd64)
      X-Amz-Content-Sha256:
      - e3b0c44298fc1c149afbf4c8996fb92427ae41e4649b934ca495991b7852b855
      X-Amz-Date:
      - 20230228T101840Z
    url: https://test-acc-scaleway-object-acl-basic-5011803562457777511.s3.nl-ams.scw.cloud/?acl=
    method: GET
  response:
    body: |-
      <?xml version='1.0' encoding='UTF-8'?>
      <AccessControlPolicy xmlns="http://s3.amazonaws.com/doc/2006-03-01/"><Owner><ID>105bdce1-64c0-48ab-899d-868455867ecf:105bdce1-64c0-48ab-899d-868455867ecf</ID><DisplayName>105bdce1-64c0-48ab-899d-868455867ecf:105bdce1-64c0-48ab-899d-868455867ecf</DisplayName></Owner><AccessControlList><Grant><Grantee xmlns:xsi="http://www.w3.org/2001/XMLSchema-instance" xsi:type="CanonicalUser"><ID>105bdce1-64c0-48ab-899d-868455867ecf:105bdce1-64c0-48ab-899d-868455867ecf</ID><DisplayName>105bdce1-64c0-48ab-899d-868455867ecf:105bdce1-64c0-48ab-899d-868455867ecf</DisplayName></Grantee><Permission>FULL_CONTROL</Permission></Grant></AccessControlList></AccessControlPolicy>
    headers:
      Content-Length:
      - "698"
      Content-Type:
      - text/html; charset=UTF-8
      Date:
      - Tue, 28 Feb 2023 10:18:41 GMT
      X-Amz-Id-2:
      - tx3d9925685abd478aa2dfc-0063fdd500
      X-Amz-Request-Id:
      - tx3d9925685abd478aa2dfc-0063fdd500
    status: 200 OK
    code: 200
    duration: ""
- request:
    body: ""
    form: {}
    headers:
      User-Agent:
      - aws-sdk-go/1.44.193 (go1.19.5; darwin; amd64)
      X-Amz-Content-Sha256:
      - e3b0c44298fc1c149afbf4c8996fb92427ae41e4649b934ca495991b7852b855
      X-Amz-Date:
      - 20230228T101840Z
    url: https://test-acc-scaleway-object-acl-basic-5011803562457777511.s3.nl-ams.scw.cloud/?object-lock=
    method: GET
  response:
    body: |-
      <?xml version='1.0' encoding='UTF-8'?>
      <Error><Code>ObjectLockConfigurationNotFoundError</Code><Message>Object Lock configuration does not exist for this bucket</Message><RequestId>txee014df3501e4b81ab2fe-0063fdd501</RequestId></Error>
    headers:
      Content-Type:
      - application/xml
      Date:
      - Tue, 28 Feb 2023 10:18:41 GMT
      X-Amz-Id-2:
      - txee014df3501e4b81ab2fe-0063fdd501
      X-Amz-Request-Id:
      - txee014df3501e4b81ab2fe-0063fdd501
    status: 404 Not Found
    code: 404
    duration: ""
- request:
    body: ""
    form: {}
    headers:
      User-Agent:
      - aws-sdk-go/1.44.193 (go1.19.5; darwin; amd64)
      X-Amz-Content-Sha256:
      - e3b0c44298fc1c149afbf4c8996fb92427ae41e4649b934ca495991b7852b855
      X-Amz-Date:
      - 20230228T101841Z
    url: https://test-acc-scaleway-object-acl-basic-5011803562457777511.s3.nl-ams.scw.cloud/
    method: GET
  response:
    body: |-
      <?xml version='1.0' encoding='UTF-8'?>
      <ListBucketResult xmlns="http://s3.amazonaws.com/doc/2006-03-01/"><Name>test-acc-scaleway-object-acl-basic-5011803562457777511</Name><Prefix/><Delimiter/><MaxKeys>1000</MaxKeys><IsTruncated>false</IsTruncated><Marker/></ListBucketResult>
    headers:
      Content-Length:
      - "276"
      Content-Type:
      - application/xml
      Date:
      - Tue, 28 Feb 2023 10:18:41 GMT
      X-Amz-Id-2:
      - txead68c146d804008a60dc-0063fdd501
      X-Amz-Request-Id:
      - txead68c146d804008a60dc-0063fdd501
    status: 200 OK
    code: 200
    duration: ""
- request:
    body: ""
    form: {}
    headers:
      User-Agent:
      - aws-sdk-go/1.44.193 (go1.19.5; darwin; amd64)
      X-Amz-Content-Sha256:
      - e3b0c44298fc1c149afbf4c8996fb92427ae41e4649b934ca495991b7852b855
      X-Amz-Date:
      - 20230228T101841Z
    url: https://test-acc-scaleway-object-acl-basic-5011803562457777511.s3.nl-ams.scw.cloud/?tagging=
    method: GET
  response:
    body: |-
      <?xml version='1.0' encoding='UTF-8'?>
      <Error><Code>NoSuchTagSet</Code><Message>There is no tag set associated with the bucket or object.</Message><RequestId>tx997794ed833f4dd59e15d-0063fdd501</RequestId><Headers/></Error>
    headers:
      Content-Type:
      - application/xml
      Date:
      - Tue, 28 Feb 2023 10:18:41 GMT
      X-Amz-Id-2:
      - tx997794ed833f4dd59e15d-0063fdd501
      X-Amz-Request-Id:
      - tx997794ed833f4dd59e15d-0063fdd501
    status: 404 Not Found
    code: 404
    duration: ""
- request:
    body: ""
    form: {}
    headers:
      User-Agent:
      - aws-sdk-go/1.44.193 (go1.19.5; darwin; amd64)
      X-Amz-Content-Sha256:
      - e3b0c44298fc1c149afbf4c8996fb92427ae41e4649b934ca495991b7852b855
      X-Amz-Date:
      - 20230228T101841Z
    url: https://test-acc-scaleway-object-acl-basic-5011803562457777511.s3.nl-ams.scw.cloud/?cors=
    method: GET
  response:
    body: |-
      <?xml version='1.0' encoding='UTF-8'?>
      <Error><Code>NoSuchCORSConfiguration</Code><Message>The CORS configuration does not exist</Message><RequestId>tx2c48e12eb4e84e659bd32-0063fdd501</RequestId></Error>
    headers:
      Content-Type:
      - application/xml
      Date:
      - Tue, 28 Feb 2023 10:18:41 GMT
      X-Amz-Id-2:
      - tx2c48e12eb4e84e659bd32-0063fdd501
      X-Amz-Request-Id:
      - tx2c48e12eb4e84e659bd32-0063fdd501
    status: 404 Not Found
    code: 404
    duration: ""
- request:
    body: ""
    form: {}
    headers:
      User-Agent:
      - aws-sdk-go/1.44.193 (go1.19.5; darwin; amd64)
      X-Amz-Content-Sha256:
      - e3b0c44298fc1c149afbf4c8996fb92427ae41e4649b934ca495991b7852b855
      X-Amz-Date:
      - 20230228T101842Z
    url: https://test-acc-scaleway-object-acl-basic-5011803562457777511.s3.nl-ams.scw.cloud/?versioning=
    method: GET
  response:
    body: |-
      <?xml version='1.0' encoding='UTF-8'?>
      <VersioningConfiguration xmlns="http://s3.amazonaws.com/doc/2006-03-01/"/>
    headers:
      Content-Length:
      - "113"
      Content-Type:
      - text/plain
      Date:
      - Tue, 28 Feb 2023 10:18:42 GMT
      X-Amz-Id-2:
      - txf70e1312c3554a7c87a0b-0063fdd502
      X-Amz-Request-Id:
      - txf70e1312c3554a7c87a0b-0063fdd502
    status: 200 OK
    code: 200
    duration: ""
- request:
    body: ""
    form: {}
    headers:
      User-Agent:
      - aws-sdk-go/1.44.193 (go1.19.5; darwin; amd64)
      X-Amz-Content-Sha256:
      - e3b0c44298fc1c149afbf4c8996fb92427ae41e4649b934ca495991b7852b855
      X-Amz-Date:
      - 20230228T101842Z
    url: https://test-acc-scaleway-object-acl-basic-5011803562457777511.s3.nl-ams.scw.cloud/?lifecycle=
    method: GET
  response:
    body: |-
      <?xml version='1.0' encoding='UTF-8'?>
      <Error><Code>NoSuchLifecycleConfiguration</Code><Message>The lifecycle configuration does not exist.</Message><RequestId>tx5f523558b6484ba8a4934-0063fdd502</RequestId></Error>
    headers:
      Content-Type:
      - application/xml
      Date:
      - Tue, 28 Feb 2023 10:18:42 GMT
      X-Amz-Id-2:
      - tx5f523558b6484ba8a4934-0063fdd502
      X-Amz-Request-Id:
      - tx5f523558b6484ba8a4934-0063fdd502
    status: 404 Not Found
    code: 404
    duration: ""
- request:
    body: ""
    form: {}
    headers:
      User-Agent:
      - aws-sdk-go/1.44.193 (go1.19.5; darwin; amd64)
      X-Amz-Content-Sha256:
      - e3b0c44298fc1c149afbf4c8996fb92427ae41e4649b934ca495991b7852b855
      X-Amz-Date:
      - 20230228T101842Z
    url: https://test-acc-scaleway-object-acl-basic-5011803562457777511.s3.nl-ams.scw.cloud/?acl=
    method: GET
  response:
    body: |-
      <?xml version='1.0' encoding='UTF-8'?>
      <AccessControlPolicy xmlns="http://s3.amazonaws.com/doc/2006-03-01/"><Owner><ID>105bdce1-64c0-48ab-899d-868455867ecf:105bdce1-64c0-48ab-899d-868455867ecf</ID><DisplayName>105bdce1-64c0-48ab-899d-868455867ecf:105bdce1-64c0-48ab-899d-868455867ecf</DisplayName></Owner><AccessControlList><Grant><Grantee xmlns:xsi="http://www.w3.org/2001/XMLSchema-instance" xsi:type="CanonicalUser"><ID>105bdce1-64c0-48ab-899d-868455867ecf:105bdce1-64c0-48ab-899d-868455867ecf</ID><DisplayName>105bdce1-64c0-48ab-899d-868455867ecf:105bdce1-64c0-48ab-899d-868455867ecf</DisplayName></Grantee><Permission>FULL_CONTROL</Permission></Grant></AccessControlList></AccessControlPolicy>
    headers:
      Content-Length:
      - "698"
      Content-Type:
      - text/html; charset=UTF-8
      Date:
      - Tue, 28 Feb 2023 10:18:42 GMT
      X-Amz-Id-2:
      - txc3d76db46c264688b3b3e-0063fdd502
      X-Amz-Request-Id:
      - txc3d76db46c264688b3b3e-0063fdd502
    status: 200 OK
    code: 200
    duration: ""
- request:
    body: ""
    form: {}
    headers:
      Content-Md5:
      - 1B2M2Y8AsgTpgAmY7PhCfg==
      User-Agent:
      - aws-sdk-go/1.44.193 (go1.19.5; darwin; amd64)
      X-Amz-Acl:
      - public-read
      X-Amz-Content-Sha256:
      - e3b0c44298fc1c149afbf4c8996fb92427ae41e4649b934ca495991b7852b855
      X-Amz-Date:
      - 20230228T101843Z
    url: https://test-acc-scaleway-object-acl-basic-5011803562457777511.s3.nl-ams.scw.cloud/?acl=
    method: PUT
  response:
    body: ""
    headers:
      Content-Length:
      - "0"
      Content-Type:
      - text/html; charset=UTF-8
      Date:
      - Tue, 28 Feb 2023 10:18:43 GMT
      X-Amz-Id-2:
      - tx977d611eec7e45358de66-0063fdd503
      X-Amz-Request-Id:
      - tx977d611eec7e45358de66-0063fdd503
    status: 200 OK
    code: 200
    duration: ""
- request:
    body: ""
    form: {}
    headers:
      User-Agent:
      - aws-sdk-go/1.44.193 (go1.19.5; darwin; amd64)
      X-Amz-Content-Sha256:
      - e3b0c44298fc1c149afbf4c8996fb92427ae41e4649b934ca495991b7852b855
      X-Amz-Date:
      - 20230228T101843Z
    url: https://test-acc-scaleway-object-acl-basic-5011803562457777511.s3.nl-ams.scw.cloud/?acl=
    method: GET
  response:
    body: |-
      <?xml version='1.0' encoding='UTF-8'?>
      <AccessControlPolicy xmlns="http://s3.amazonaws.com/doc/2006-03-01/"><Owner><ID>105bdce1-64c0-48ab-899d-868455867ecf:105bdce1-64c0-48ab-899d-868455867ecf</ID><DisplayName>105bdce1-64c0-48ab-899d-868455867ecf:105bdce1-64c0-48ab-899d-868455867ecf</DisplayName></Owner><AccessControlList><Grant><Grantee xmlns:xsi="http://www.w3.org/2001/XMLSchema-instance" xsi:type="Group"><URI>http://acs.amazonaws.com/groups/global/AllUsers</URI></Grantee><Permission>READ</Permission></Grant><Grant><Grantee xmlns:xsi="http://www.w3.org/2001/XMLSchema-instance" xsi:type="CanonicalUser"><ID>105bdce1-64c0-48ab-899d-868455867ecf:105bdce1-64c0-48ab-899d-868455867ecf</ID><DisplayName>105bdce1-64c0-48ab-899d-868455867ecf:105bdce1-64c0-48ab-899d-868455867ecf</DisplayName></Grantee><Permission>FULL_CONTROL</Permission></Grant></AccessControlList></AccessControlPolicy>
    headers:
      Content-Length:
      - "890"
      Content-Type:
      - text/html; charset=UTF-8
      Date:
      - Tue, 28 Feb 2023 10:18:43 GMT
      X-Amz-Id-2:
      - txc935b45dfb024e71b3be7-0063fdd503
      X-Amz-Request-Id:
      - txc935b45dfb024e71b3be7-0063fdd503
    status: 200 OK
    code: 200
    duration: ""
- request:
    body: ""
    form: {}
    headers:
      User-Agent:
      - aws-sdk-go/1.44.193 (go1.19.5; darwin; amd64)
      X-Amz-Content-Sha256:
      - e3b0c44298fc1c149afbf4c8996fb92427ae41e4649b934ca495991b7852b855
      X-Amz-Date:
      - 20230228T101843Z
    url: https://test-acc-scaleway-object-acl-basic-5011803562457777511.s3.nl-ams.scw.cloud/?acl=
    method: GET
  response:
    body: |-
      <?xml version='1.0' encoding='UTF-8'?>
      <AccessControlPolicy xmlns="http://s3.amazonaws.com/doc/2006-03-01/"><Owner><ID>105bdce1-64c0-48ab-899d-868455867ecf:105bdce1-64c0-48ab-899d-868455867ecf</ID><DisplayName>105bdce1-64c0-48ab-899d-868455867ecf:105bdce1-64c0-48ab-899d-868455867ecf</DisplayName></Owner><AccessControlList><Grant><Grantee xmlns:xsi="http://www.w3.org/2001/XMLSchema-instance" xsi:type="Group"><URI>http://acs.amazonaws.com/groups/global/AllUsers</URI></Grantee><Permission>READ</Permission></Grant><Grant><Grantee xmlns:xsi="http://www.w3.org/2001/XMLSchema-instance" xsi:type="CanonicalUser"><ID>105bdce1-64c0-48ab-899d-868455867ecf:105bdce1-64c0-48ab-899d-868455867ecf</ID><DisplayName>105bdce1-64c0-48ab-899d-868455867ecf:105bdce1-64c0-48ab-899d-868455867ecf</DisplayName></Grantee><Permission>FULL_CONTROL</Permission></Grant></AccessControlList></AccessControlPolicy>
    headers:
      Content-Length:
      - "890"
      Content-Type:
      - text/html; charset=UTF-8
      Date:
      - Tue, 28 Feb 2023 10:18:44 GMT
      X-Amz-Id-2:
      - tx5f76978d798d4a7c8a9b2-0063fdd504
      X-Amz-Request-Id:
      - tx5f76978d798d4a7c8a9b2-0063fdd504
    status: 200 OK
    code: 200
    duration: ""
- request:
    body: ""
    form: {}
    headers:
      User-Agent:
      - aws-sdk-go/1.44.193 (go1.19.5; darwin; amd64)
      X-Amz-Content-Sha256:
      - e3b0c44298fc1c149afbf4c8996fb92427ae41e4649b934ca495991b7852b855
      X-Amz-Date:
      - 20230228T101844Z
    url: https://test-acc-scaleway-object-acl-basic-5011803562457777511.s3.nl-ams.scw.cloud/?object-lock=
    method: GET
  response:
    body: |-
      <?xml version='1.0' encoding='UTF-8'?>
      <Error><Code>ObjectLockConfigurationNotFoundError</Code><Message>Object Lock configuration does not exist for this bucket</Message><RequestId>tx08b01870646a4874a0dee-0063fdd504</RequestId></Error>
    headers:
      Content-Type:
      - application/xml
      Date:
      - Tue, 28 Feb 2023 10:18:44 GMT
      X-Amz-Id-2:
      - tx08b01870646a4874a0dee-0063fdd504
      X-Amz-Request-Id:
      - tx08b01870646a4874a0dee-0063fdd504
    status: 404 Not Found
    code: 404
    duration: ""
- request:
    body: ""
    form: {}
    headers:
      User-Agent:
      - aws-sdk-go/1.44.193 (go1.19.5; darwin; amd64)
      X-Amz-Content-Sha256:
      - e3b0c44298fc1c149afbf4c8996fb92427ae41e4649b934ca495991b7852b855
      X-Amz-Date:
      - 20230228T101844Z
    url: https://test-acc-scaleway-object-acl-basic-5011803562457777511.s3.nl-ams.scw.cloud/
    method: GET
  response:
    body: |-
      <?xml version='1.0' encoding='UTF-8'?>
      <ListBucketResult xmlns="http://s3.amazonaws.com/doc/2006-03-01/"><Name>test-acc-scaleway-object-acl-basic-5011803562457777511</Name><Prefix/><Delimiter/><MaxKeys>1000</MaxKeys><IsTruncated>false</IsTruncated><Marker/></ListBucketResult>
    headers:
      Content-Length:
      - "276"
      Content-Type:
      - application/xml
      Date:
      - Tue, 28 Feb 2023 10:18:44 GMT
      X-Amz-Id-2:
      - txf22fbace10e14c1389ab5-0063fdd504
      X-Amz-Request-Id:
      - txf22fbace10e14c1389ab5-0063fdd504
    status: 200 OK
    code: 200
    duration: ""
- request:
    body: ""
    form: {}
    headers:
      User-Agent:
      - aws-sdk-go/1.44.193 (go1.19.5; darwin; amd64)
      X-Amz-Content-Sha256:
      - e3b0c44298fc1c149afbf4c8996fb92427ae41e4649b934ca495991b7852b855
      X-Amz-Date:
      - 20230228T101844Z
    url: https://test-acc-scaleway-object-acl-basic-5011803562457777511.s3.nl-ams.scw.cloud/?tagging=
    method: GET
  response:
    body: |-
      <?xml version='1.0' encoding='UTF-8'?>
      <Error><Code>NoSuchTagSet</Code><Message>There is no tag set associated with the bucket or object.</Message><RequestId>tx3a7b3545757841adbcc66-0063fdd504</RequestId><Headers/></Error>
    headers:
      Content-Type:
      - application/xml
      Date:
      - Tue, 28 Feb 2023 10:18:44 GMT
      X-Amz-Id-2:
      - tx3a7b3545757841adbcc66-0063fdd504
      X-Amz-Request-Id:
      - tx3a7b3545757841adbcc66-0063fdd504
    status: 404 Not Found
    code: 404
    duration: ""
- request:
    body: ""
    form: {}
    headers:
      User-Agent:
      - aws-sdk-go/1.44.193 (go1.19.5; darwin; amd64)
      X-Amz-Content-Sha256:
      - e3b0c44298fc1c149afbf4c8996fb92427ae41e4649b934ca495991b7852b855
      X-Amz-Date:
      - 20230228T101844Z
    url: https://test-acc-scaleway-object-acl-basic-5011803562457777511.s3.nl-ams.scw.cloud/?cors=
    method: GET
  response:
    body: |-
      <?xml version='1.0' encoding='UTF-8'?>
      <Error><Code>NoSuchCORSConfiguration</Code><Message>The CORS configuration does not exist</Message><RequestId>tx5f2f0b7fb92a4a58b2c26-0063fdd504</RequestId></Error>
    headers:
      Content-Type:
      - application/xml
      Date:
      - Tue, 28 Feb 2023 10:18:44 GMT
      X-Amz-Id-2:
      - tx5f2f0b7fb92a4a58b2c26-0063fdd504
      X-Amz-Request-Id:
      - tx5f2f0b7fb92a4a58b2c26-0063fdd504
    status: 404 Not Found
    code: 404
    duration: ""
- request:
    body: ""
    form: {}
    headers:
      User-Agent:
      - aws-sdk-go/1.44.193 (go1.19.5; darwin; amd64)
      X-Amz-Content-Sha256:
      - e3b0c44298fc1c149afbf4c8996fb92427ae41e4649b934ca495991b7852b855
      X-Amz-Date:
      - 20230228T101844Z
    url: https://test-acc-scaleway-object-acl-basic-5011803562457777511.s3.nl-ams.scw.cloud/?versioning=
    method: GET
  response:
    body: |-
      <?xml version='1.0' encoding='UTF-8'?>
      <VersioningConfiguration xmlns="http://s3.amazonaws.com/doc/2006-03-01/"/>
    headers:
      Content-Length:
      - "113"
      Content-Type:
      - text/plain
      Date:
      - Tue, 28 Feb 2023 10:18:44 GMT
      X-Amz-Id-2:
      - tx08f5634c5a004502ab9b4-0063fdd504
      X-Amz-Request-Id:
      - tx08f5634c5a004502ab9b4-0063fdd504
    status: 200 OK
    code: 200
    duration: ""
- request:
    body: ""
    form: {}
    headers:
      User-Agent:
      - aws-sdk-go/1.44.193 (go1.19.5; darwin; amd64)
      X-Amz-Content-Sha256:
      - e3b0c44298fc1c149afbf4c8996fb92427ae41e4649b934ca495991b7852b855
      X-Amz-Date:
      - 20230228T101844Z
    url: https://test-acc-scaleway-object-acl-basic-5011803562457777511.s3.nl-ams.scw.cloud/?lifecycle=
    method: GET
  response:
    body: |-
      <?xml version='1.0' encoding='UTF-8'?>
      <Error><Code>NoSuchLifecycleConfiguration</Code><Message>The lifecycle configuration does not exist.</Message><RequestId>txa02f272cfe5b48f3ac5d8-0063fdd504</RequestId></Error>
    headers:
      Content-Type:
      - application/xml
      Date:
      - Tue, 28 Feb 2023 10:18:45 GMT
      X-Amz-Id-2:
      - txa02f272cfe5b48f3ac5d8-0063fdd504
      X-Amz-Request-Id:
      - txa02f272cfe5b48f3ac5d8-0063fdd504
    status: 404 Not Found
    code: 404
    duration: ""
- request:
    body: ""
    form: {}
    headers:
      User-Agent:
      - aws-sdk-go/1.44.193 (go1.19.5; darwin; amd64)
      X-Amz-Content-Sha256:
      - e3b0c44298fc1c149afbf4c8996fb92427ae41e4649b934ca495991b7852b855
      X-Amz-Date:
      - 20230228T101844Z
    url: https://test-acc-scaleway-object-acl-basic-5011803562457777511.s3.nl-ams.scw.cloud/?acl=
    method: GET
  response:
    body: |-
      <?xml version='1.0' encoding='UTF-8'?>
      <AccessControlPolicy xmlns="http://s3.amazonaws.com/doc/2006-03-01/"><Owner><ID>105bdce1-64c0-48ab-899d-868455867ecf:105bdce1-64c0-48ab-899d-868455867ecf</ID><DisplayName>105bdce1-64c0-48ab-899d-868455867ecf:105bdce1-64c0-48ab-899d-868455867ecf</DisplayName></Owner><AccessControlList><Grant><Grantee xmlns:xsi="http://www.w3.org/2001/XMLSchema-instance" xsi:type="Group"><URI>http://acs.amazonaws.com/groups/global/AllUsers</URI></Grantee><Permission>READ</Permission></Grant><Grant><Grantee xmlns:xsi="http://www.w3.org/2001/XMLSchema-instance" xsi:type="CanonicalUser"><ID>105bdce1-64c0-48ab-899d-868455867ecf:105bdce1-64c0-48ab-899d-868455867ecf</ID><DisplayName>105bdce1-64c0-48ab-899d-868455867ecf:105bdce1-64c0-48ab-899d-868455867ecf</DisplayName></Grantee><Permission>FULL_CONTROL</Permission></Grant></AccessControlList></AccessControlPolicy>
    headers:
      Content-Length:
      - "890"
      Content-Type:
      - text/html; charset=UTF-8
      Date:
      - Tue, 28 Feb 2023 10:18:45 GMT
      X-Amz-Id-2:
      - txd64d46fc3b8b4476b4903-0063fdd505
      X-Amz-Request-Id:
      - txd64d46fc3b8b4476b4903-0063fdd505
    status: 200 OK
    code: 200
    duration: ""
- request:
    body: ""
    form: {}
    headers:
      User-Agent:
      - aws-sdk-go/1.44.193 (go1.19.5; darwin; amd64)
      X-Amz-Content-Sha256:
      - e3b0c44298fc1c149afbf4c8996fb92427ae41e4649b934ca495991b7852b855
      X-Amz-Date:
      - 20230228T101845Z
    url: https://test-acc-scaleway-object-acl-basic-5011803562457777511.s3.nl-ams.scw.cloud/
    method: DELETE
  response:
    body: ""
    headers:
      Content-Length:
      - "0"
      Content-Type:
      - text/html; charset=UTF-8
      Date:
      - Tue, 28 Feb 2023 10:18:46 GMT
      X-Amz-Id-2:
      - tx248d4ed5246c42988c3eb-0063fdd505
      X-Amz-Request-Id:
      - tx248d4ed5246c42988c3eb-0063fdd505
    status: 204 No Content
    code: 204
    duration: ""
