---
version: 1
interactions:
- request:
    body: <CreateBucketConfiguration xmlns="http://s3.amazonaws.com/doc/2006-03-01/"><LocationConstraint>fr-par</LocationConstraint></CreateBucketConfiguration>
    form: {}
    headers:
      Content-Length:
      - "150"
      User-Agent:
      - aws-sdk-go/1.44.128 (go1.19.2; darwin; amd64)
      X-Amz-Acl:
      - private
      X-Amz-Bucket-Object-Lock-Enabled:
      - "false"
      X-Amz-Content-Sha256:
      - 2cb57fad7b7168921a4c94426cfcb9ee2953f126430595df844e22d50f029060
      X-Amz-Date:
      - 20221110T101841Z
    url: https://test-acc-scaleway-object-move-1129806932737896120.s3.fr-par.scw.cloud/
    method: PUT
  response:
    body: ""
    headers:
      Content-Length:
      - "0"
      Content-Type:
      - text/html; charset=UTF-8
      Date:
      - Thu, 10 Nov 2022 10:18:45 GMT
      Location:
      - /test-acc-scaleway-object-move-1129806932737896120
      X-Amz-Id-2:
      - tx1c1afa5387a146f5811a7-00636cd001
      X-Amz-Request-Id:
      - tx1c1afa5387a146f5811a7-00636cd001
    status: 200 OK
    code: 200
    duration: ""
- request:
    body: <Tagging xmlns="http://s3.amazonaws.com/doc/2006-03-01/"><TagSet><Tag><Value>bar</Value><Key>foo</Key></Tag></TagSet></Tagging>
    form: {}
    headers:
      Content-Length:
      - "127"
      Content-Md5:
      - 0WBWkA38piikJr5tP3fQMQ==
      User-Agent:
      - aws-sdk-go/1.44.128 (go1.19.2; darwin; amd64)
      X-Amz-Content-Sha256:
      - a50e4ebc0e04bba8a5e11bfdafc2dd658697c169b625f8e3478b5af875fad7e5
      X-Amz-Date:
      - 20221110T101845Z
    url: https://test-acc-scaleway-object-move-1129806932737896120.s3.fr-par.scw.cloud/?tagging=
    method: PUT
  response:
    body: ""
    headers:
      Content-Length:
      - "0"
      Content-Type:
      - text/html; charset=UTF-8
      Date:
      - Thu, 10 Nov 2022 10:18:45 GMT
      X-Amz-Id-2:
      - txd88677a8774e45f5a0de9-00636cd005
      X-Amz-Request-Id:
      - txd88677a8774e45f5a0de9-00636cd005
    status: 204 No Content
    code: 204
    duration: ""
- request:
    body: ""
    form: {}
    headers:
      Content-Md5:
      - 1B2M2Y8AsgTpgAmY7PhCfg==
      User-Agent:
      - aws-sdk-go/1.44.128 (go1.19.2; darwin; amd64)
      X-Amz-Acl:
      - private
      X-Amz-Content-Sha256:
      - e3b0c44298fc1c149afbf4c8996fb92427ae41e4649b934ca495991b7852b855
      X-Amz-Date:
      - 20221110T101845Z
    url: https://test-acc-scaleway-object-move-1129806932737896120.s3.fr-par.scw.cloud/?acl=
    method: PUT
  response:
    body: ""
    headers:
      Content-Length:
      - "0"
      Content-Type:
      - text/html; charset=UTF-8
      Date:
      - Thu, 10 Nov 2022 10:18:46 GMT
      X-Amz-Id-2:
      - tx89cd131e38c842b1be3b7-00636cd005
      X-Amz-Request-Id:
      - tx89cd131e38c842b1be3b7-00636cd005
    status: 200 OK
    code: 200
    duration: ""
- request:
    body: <Tagging xmlns="http://s3.amazonaws.com/doc/2006-03-01/"><TagSet><Tag><Value>bar</Value><Key>foo</Key></Tag></TagSet></Tagging>
    form: {}
    headers:
      Content-Length:
      - "127"
      Content-Md5:
      - 0WBWkA38piikJr5tP3fQMQ==
      User-Agent:
      - aws-sdk-go/1.44.128 (go1.19.2; darwin; amd64)
      X-Amz-Content-Sha256:
      - a50e4ebc0e04bba8a5e11bfdafc2dd658697c169b625f8e3478b5af875fad7e5
      X-Amz-Date:
      - 20221110T101846Z
    url: https://test-acc-scaleway-object-move-1129806932737896120.s3.fr-par.scw.cloud/?tagging=
    method: PUT
  response:
    body: ""
    headers:
      Content-Length:
      - "0"
      Content-Type:
      - text/html; charset=UTF-8
      Date:
      - Thu, 10 Nov 2022 10:18:46 GMT
      X-Amz-Id-2:
      - tx233c9749f74749bc96fc7-00636cd006
      X-Amz-Request-Id:
      - tx233c9749f74749bc96fc7-00636cd006
    status: 204 No Content
    code: 204
    duration: ""
- request:
    body: ""
    form: {}
    headers:
      User-Agent:
      - aws-sdk-go/1.44.128 (go1.19.2; darwin; amd64)
      X-Amz-Content-Sha256:
      - e3b0c44298fc1c149afbf4c8996fb92427ae41e4649b934ca495991b7852b855
      X-Amz-Date:
      - 20221110T101846Z
    url: https://test-acc-scaleway-object-move-1129806932737896120.s3.fr-par.scw.cloud/?object-lock=
    method: GET
  response:
    body: |-
      <?xml version='1.0' encoding='UTF-8'?>
      <Error><Code>ObjectLockConfigurationNotFoundError</Code><Message>Object Lock configuration does not exist for this bucket</Message><RequestId>txcf9070766f1940d6af413-00636cd006</RequestId></Error>
    headers:
      Content-Type:
      - application/xml
      Date:
      - Thu, 10 Nov 2022 10:18:46 GMT
      X-Amz-Id-2:
      - txcf9070766f1940d6af413-00636cd006
      X-Amz-Request-Id:
      - txcf9070766f1940d6af413-00636cd006
    status: 404 Not Found
    code: 404
    duration: ""
- request:
    body: ""
    form: {}
    headers:
      User-Agent:
      - aws-sdk-go/1.44.128 (go1.19.2; darwin; amd64)
      X-Amz-Content-Sha256:
      - e3b0c44298fc1c149afbf4c8996fb92427ae41e4649b934ca495991b7852b855
      X-Amz-Date:
      - 20221110T101846Z
    url: https://test-acc-scaleway-object-move-1129806932737896120.s3.fr-par.scw.cloud/
    method: GET
  response:
    body: |-
      <?xml version='1.0' encoding='UTF-8'?>
      <ListBucketResult xmlns="http://s3.amazonaws.com/doc/2006-03-01/"><Name>test-acc-scaleway-object-move-1129806932737896120</Name><Prefix/><Delimiter/><MaxKeys>1000</MaxKeys><IsTruncated>false</IsTruncated><Marker/></ListBucketResult>
    headers:
      Content-Length:
      - "271"
      Content-Type:
      - application/xml
      Date:
      - Thu, 10 Nov 2022 10:18:47 GMT
      X-Amz-Id-2:
      - tx22bb044b6db24796801f0-00636cd006
      X-Amz-Request-Id:
      - tx22bb044b6db24796801f0-00636cd006
    status: 200 OK
    code: 200
    duration: ""
- request:
    body: ""
    form: {}
    headers:
      User-Agent:
      - aws-sdk-go/1.44.128 (go1.19.2; darwin; amd64)
      X-Amz-Content-Sha256:
      - e3b0c44298fc1c149afbf4c8996fb92427ae41e4649b934ca495991b7852b855
      X-Amz-Date:
      - 20221110T101847Z
    url: https://test-acc-scaleway-object-move-1129806932737896120.s3.fr-par.scw.cloud/?tagging=
    method: GET
  response:
    body: <Tagging xmlns="http://s3.amazonaws.com/doc/2006-03-01/"><TagSet><Tag><Value>bar</Value><Key>foo</Key></Tag></TagSet></Tagging>
    headers:
      Content-Length:
      - "127"
      Content-Type:
      - application/xml
      Date:
      - Thu, 10 Nov 2022 10:18:47 GMT
      X-Amz-Id-2:
      - tx13e79b0bb787438c9a3d8-00636cd007
      X-Amz-Request-Id:
      - tx13e79b0bb787438c9a3d8-00636cd007
    status: 200 OK
    code: 200
    duration: ""
- request:
    body: ""
    form: {}
    headers:
      User-Agent:
      - aws-sdk-go/1.44.128 (go1.19.2; darwin; amd64)
      X-Amz-Content-Sha256:
      - e3b0c44298fc1c149afbf4c8996fb92427ae41e4649b934ca495991b7852b855
      X-Amz-Date:
      - 20221110T101847Z
    url: https://test-acc-scaleway-object-move-1129806932737896120.s3.fr-par.scw.cloud/?cors=
    method: GET
  response:
    body: |-
      <?xml version='1.0' encoding='UTF-8'?>
      <Error><Code>NoSuchCORSConfiguration</Code><Message>The CORS configuration does not exist</Message><RequestId>txd1503797d2a54e68aa568-00636cd007</RequestId></Error>
    headers:
      Content-Type:
      - application/xml
      Date:
      - Thu, 10 Nov 2022 10:18:47 GMT
      X-Amz-Id-2:
      - txd1503797d2a54e68aa568-00636cd007
      X-Amz-Request-Id:
      - txd1503797d2a54e68aa568-00636cd007
    status: 404 Not Found
    code: 404
    duration: ""
- request:
    body: ""
    form: {}
    headers:
      User-Agent:
      - aws-sdk-go/1.44.128 (go1.19.2; darwin; amd64)
      X-Amz-Content-Sha256:
      - e3b0c44298fc1c149afbf4c8996fb92427ae41e4649b934ca495991b7852b855
      X-Amz-Date:
      - 20221110T101847Z
    url: https://test-acc-scaleway-object-move-1129806932737896120.s3.fr-par.scw.cloud/?versioning=
    method: GET
  response:
    body: |-
      <?xml version='1.0' encoding='UTF-8'?>
      <VersioningConfiguration xmlns="http://s3.amazonaws.com/doc/2006-03-01/"/>
    headers:
      Content-Length:
      - "113"
      Content-Type:
      - text/plain
      Date:
      - Thu, 10 Nov 2022 10:18:47 GMT
      X-Amz-Id-2:
      - txbe9b8bc386494e5b9cc53-00636cd007
      X-Amz-Request-Id:
      - txbe9b8bc386494e5b9cc53-00636cd007
    status: 200 OK
    code: 200
    duration: ""
- request:
    body: ""
    form: {}
    headers:
      User-Agent:
      - aws-sdk-go/1.44.128 (go1.19.2; darwin; amd64)
      X-Amz-Content-Sha256:
      - e3b0c44298fc1c149afbf4c8996fb92427ae41e4649b934ca495991b7852b855
      X-Amz-Date:
      - 20221110T101847Z
    url: https://test-acc-scaleway-object-move-1129806932737896120.s3.fr-par.scw.cloud/?lifecycle=
    method: GET
  response:
    body: |-
      <?xml version='1.0' encoding='UTF-8'?>
      <Error><Code>NoSuchLifecycleConfiguration</Code><Message>The lifecycle configuration does not exist.</Message><RequestId>tx09c3daf831804442b5af3-00636cd007</RequestId></Error>
    headers:
      Content-Type:
      - application/xml
      Date:
      - Thu, 10 Nov 2022 10:18:47 GMT
      X-Amz-Id-2:
      - tx09c3daf831804442b5af3-00636cd007
      X-Amz-Request-Id:
      - tx09c3daf831804442b5af3-00636cd007
    status: 404 Not Found
    code: 404
    duration: ""
- request:
    body: ""
    form: {}
    headers:
      Content-Md5:
      - 1B2M2Y8AsgTpgAmY7PhCfg==
      User-Agent:
      - aws-sdk-go/1.44.128 (go1.19.2; darwin; amd64)
      X-Amz-Content-Sha256:
      - e3b0c44298fc1c149afbf4c8996fb92427ae41e4649b934ca495991b7852b855
      X-Amz-Date:
      - 20221110T101847Z
    url: https://test-acc-scaleway-object-move-1129806932737896120.s3.fr-par.scw.cloud/myfile
    method: PUT
  response:
    body: ""
    headers:
      Content-Length:
      - "0"
      Content-Type:
      - text/html; charset=UTF-8
      Date:
      - Thu, 10 Nov 2022 10:18:48 GMT
      Etag:
      - '"d41d8cd98f00b204e9800998ecf8427e"'
      Last-Modified:
      - Thu, 10 Nov 2022 10:18:48 GMT
      X-Amz-Id-2:
      - tx1160bea419cc4aefaf34e-00636cd007
      X-Amz-Request-Id:
      - tx1160bea419cc4aefaf34e-00636cd007
      X-Amz-Version-Id:
      - "1668075528340265"
    status: 200 OK
    code: 200
    duration: ""
- request:
    body: ""
    form: {}
    headers:
      User-Agent:
      - aws-sdk-go/1.44.128 (go1.19.2; darwin; amd64)
      X-Amz-Content-Sha256:
      - e3b0c44298fc1c149afbf4c8996fb92427ae41e4649b934ca495991b7852b855
      X-Amz-Date:
      - 20221110T101848Z
    url: https://test-acc-scaleway-object-move-1129806932737896120.s3.fr-par.scw.cloud/myfile
    method: HEAD
  response:
    body: ""
    headers:
      Accept-Ranges:
      - bytes
      Content-Length:
      - "0"
      Content-Type:
      - application/octet-stream
      Date:
      - Thu, 10 Nov 2022 10:18:49 GMT
      Etag:
      - '"d41d8cd98f00b204e9800998ecf8427e"'
      Last-Modified:
      - Thu, 10 Nov 2022 10:18:48 GMT
      X-Amz-Id-2:
      - tx73db617c8d0945219b9f2-00636cd008
      X-Amz-Request-Id:
      - tx73db617c8d0945219b9f2-00636cd008
      X-Amz-Version-Id:
      - "1668075528340265"
    status: 200 OK
    code: 200
    duration: ""
- request:
    body: ""
    form: {}
    headers:
      User-Agent:
      - aws-sdk-go/1.44.128 (go1.19.2; darwin; amd64)
      X-Amz-Content-Sha256:
      - e3b0c44298fc1c149afbf4c8996fb92427ae41e4649b934ca495991b7852b855
      X-Amz-Date:
      - 20221110T101849Z
    url: https://test-acc-scaleway-object-move-1129806932737896120.s3.fr-par.scw.cloud/myfile?tagging=
    method: GET
  response:
    body: |-
      <?xml version='1.0' encoding='UTF-8'?>
      <Tagging xmlns="http://s3.amazonaws.com/doc/2006-03-01/"><TagSet/></Tagging>
    headers:
      Content-Length:
      - "115"
      Content-Type:
      - application/xml
      Date:
      - Thu, 10 Nov 2022 10:18:49 GMT
      X-Amz-Id-2:
      - tx035342dde5d34220b9837-00636cd009
      X-Amz-Request-Id:
      - tx035342dde5d34220b9837-00636cd009
      X-Amz-Version-Id:
      - "1668075528340265"
    status: 200 OK
    code: 200
    duration: ""
- request:
    body: ""
    form: {}
    headers:
      User-Agent:
      - aws-sdk-go/1.44.128 (go1.19.2; darwin; amd64)
      X-Amz-Content-Sha256:
      - e3b0c44298fc1c149afbf4c8996fb92427ae41e4649b934ca495991b7852b855
      X-Amz-Date:
      - 20221110T101849Z
    url: https://test-acc-scaleway-object-move-1129806932737896120.s3.fr-par.scw.cloud/myfile?acl=
    method: GET
  response:
    body: |-
      <?xml version='1.0' encoding='UTF-8'?>
      <AccessControlPolicy xmlns="http://s3.amazonaws.com/doc/2006-03-01/"><Owner><ID>5b331f64-6f51-45b6-aa60-d46d011e8b1a:5b331f64-6f51-45b6-aa60-d46d011e8b1a</ID><DisplayName>5b331f64-6f51-45b6-aa60-d46d011e8b1a:5b331f64-6f51-45b6-aa60-d46d011e8b1a</DisplayName></Owner><AccessControlList><Grant><Grantee xmlns:xsi="http://www.w3.org/2001/XMLSchema-instance" xsi:type="CanonicalUser"><ID>5b331f64-6f51-45b6-aa60-d46d011e8b1a:5b331f64-6f51-45b6-aa60-d46d011e8b1a</ID><DisplayName>5b331f64-6f51-45b6-aa60-d46d011e8b1a:5b331f64-6f51-45b6-aa60-d46d011e8b1a</DisplayName></Grantee><Permission>FULL_CONTROL</Permission></Grant></AccessControlList></AccessControlPolicy>
    headers:
      Content-Length:
      - "698"
      Content-Type:
      - text/html; charset=UTF-8
      Date:
      - Thu, 10 Nov 2022 10:18:49 GMT
      X-Amz-Id-2:
      - tx383f2029d1904c1284aee-00636cd009
      X-Amz-Request-Id:
      - tx383f2029d1904c1284aee-00636cd009
    status: 200 OK
    code: 200
    duration: ""
- request:
    body: ""
    form: {}
    headers:
      User-Agent:
      - aws-sdk-go/1.44.128 (go1.19.2; darwin; amd64)
      X-Amz-Content-Sha256:
      - e3b0c44298fc1c149afbf4c8996fb92427ae41e4649b934ca495991b7852b855
      X-Amz-Date:
      - 20221110T101849Z
    url: https://test-acc-scaleway-object-move-1129806932737896120.s3.fr-par.scw.cloud/myfile
    method: GET
  response:
    body: ""
    headers:
      Accept-Ranges:
      - bytes
      Content-Length:
      - "0"
      Content-Type:
      - application/octet-stream
      Date:
      - Thu, 10 Nov 2022 10:18:49 GMT
      Etag:
      - '"d41d8cd98f00b204e9800998ecf8427e"'
      Last-Modified:
      - Thu, 10 Nov 2022 10:18:48 GMT
      X-Amz-Id-2:
      - txd102e025438a4376aeaf3-00636cd009
      X-Amz-Request-Id:
      - txd102e025438a4376aeaf3-00636cd009
      X-Amz-Version-Id:
      - "1668075528340265"
    status: 200 OK
    code: 200
    duration: ""
- request:
    body: ""
    form: {}
    headers:
      User-Agent:
      - aws-sdk-go/1.44.128 (go1.19.2; darwin; amd64)
      X-Amz-Content-Sha256:
      - e3b0c44298fc1c149afbf4c8996fb92427ae41e4649b934ca495991b7852b855
      X-Amz-Date:
      - 20221110T101850Z
    url: https://test-acc-scaleway-object-move-1129806932737896120.s3.fr-par.scw.cloud/?object-lock=
    method: GET
  response:
    body: |-
      <?xml version='1.0' encoding='UTF-8'?>
      <Error><Code>ObjectLockConfigurationNotFoundError</Code><Message>Object Lock configuration does not exist for this bucket</Message><RequestId>tx6ea4532aba0443a5b08a9-00636cd00a</RequestId></Error>
    headers:
      Content-Type:
      - application/xml
      Date:
      - Thu, 10 Nov 2022 10:18:50 GMT
      X-Amz-Id-2:
      - tx6ea4532aba0443a5b08a9-00636cd00a
      X-Amz-Request-Id:
      - tx6ea4532aba0443a5b08a9-00636cd00a
    status: 404 Not Found
    code: 404
    duration: ""
- request:
    body: ""
    form: {}
    headers:
      User-Agent:
      - aws-sdk-go/1.44.128 (go1.19.2; darwin; amd64)
      X-Amz-Content-Sha256:
      - e3b0c44298fc1c149afbf4c8996fb92427ae41e4649b934ca495991b7852b855
      X-Amz-Date:
      - 20221110T101850Z
    url: https://test-acc-scaleway-object-move-1129806932737896120.s3.fr-par.scw.cloud/
    method: GET
  response:
    body: |-
      <?xml version='1.0' encoding='UTF-8'?>
      <ListBucketResult xmlns="http://s3.amazonaws.com/doc/2006-03-01/"><Name>test-acc-scaleway-object-move-1129806932737896120</Name><Prefix/><Delimiter/><MaxKeys>1000</MaxKeys><IsTruncated>false</IsTruncated><Marker/><Contents><ETag>"d41d8cd98f00b204e9800998ecf8427e"</ETag><Key>myfile</Key><LastModified>2022-11-10T10:18:48.000Z</LastModified><Size>0</Size><StorageClass>STANDARD</StorageClass><Owner><ID>5b331f64-6f51-45b6-aa60-d46d011e8b1a:5b331f64-6f51-45b6-aa60-d46d011e8b1a</ID><DisplayName>5b331f64-6f51-45b6-aa60-d46d011e8b1a:5b331f64-6f51-45b6-aa60-d46d011e8b1a</DisplayName></Owner></Contents></ListBucketResult>
    headers:
      Content-Length:
      - "657"
      Content-Type:
      - application/xml
      Date:
      - Thu, 10 Nov 2022 10:18:50 GMT
      X-Amz-Id-2:
      - tx2fd97fe7a9964a6e84cae-00636cd00a
      X-Amz-Request-Id:
      - tx2fd97fe7a9964a6e84cae-00636cd00a
    status: 200 OK
    code: 200
    duration: ""
- request:
    body: ""
    form: {}
    headers:
      User-Agent:
      - aws-sdk-go/1.44.128 (go1.19.2; darwin; amd64)
      X-Amz-Content-Sha256:
      - e3b0c44298fc1c149afbf4c8996fb92427ae41e4649b934ca495991b7852b855
      X-Amz-Date:
      - 20221110T101850Z
    url: https://test-acc-scaleway-object-move-1129806932737896120.s3.fr-par.scw.cloud/?tagging=
    method: GET
  response:
    body: <Tagging xmlns="http://s3.amazonaws.com/doc/2006-03-01/"><TagSet><Tag><Value>bar</Value><Key>foo</Key></Tag></TagSet></Tagging>
    headers:
      Content-Length:
      - "127"
      Content-Type:
      - application/xml
      Date:
      - Thu, 10 Nov 2022 10:18:51 GMT
      X-Amz-Id-2:
      - txeb7b8f1fe7f142b189374-00636cd00a
      X-Amz-Request-Id:
      - txeb7b8f1fe7f142b189374-00636cd00a
    status: 200 OK
    code: 200
    duration: ""
- request:
    body: ""
    form: {}
    headers:
      User-Agent:
      - aws-sdk-go/1.44.128 (go1.19.2; darwin; amd64)
      X-Amz-Content-Sha256:
      - e3b0c44298fc1c149afbf4c8996fb92427ae41e4649b934ca495991b7852b855
      X-Amz-Date:
      - 20221110T101851Z
    url: https://test-acc-scaleway-object-move-1129806932737896120.s3.fr-par.scw.cloud/?cors=
    method: GET
  response:
    body: |-
      <?xml version='1.0' encoding='UTF-8'?>
      <Error><Code>NoSuchCORSConfiguration</Code><Message>The CORS configuration does not exist</Message><RequestId>tx8289af34a97b416bb8da5-00636cd00b</RequestId></Error>
    headers:
      Content-Type:
      - application/xml
      Date:
      - Thu, 10 Nov 2022 10:18:51 GMT
      X-Amz-Id-2:
      - tx8289af34a97b416bb8da5-00636cd00b
      X-Amz-Request-Id:
      - tx8289af34a97b416bb8da5-00636cd00b
    status: 404 Not Found
    code: 404
    duration: ""
- request:
    body: ""
    form: {}
    headers:
      User-Agent:
      - aws-sdk-go/1.44.128 (go1.19.2; darwin; amd64)
      X-Amz-Content-Sha256:
      - e3b0c44298fc1c149afbf4c8996fb92427ae41e4649b934ca495991b7852b855
      X-Amz-Date:
      - 20221110T101851Z
    url: https://test-acc-scaleway-object-move-1129806932737896120.s3.fr-par.scw.cloud/?versioning=
    method: GET
  response:
    body: |-
      <?xml version='1.0' encoding='UTF-8'?>
      <VersioningConfiguration xmlns="http://s3.amazonaws.com/doc/2006-03-01/"/>
    headers:
      Content-Length:
      - "113"
      Content-Type:
      - text/plain
      Date:
      - Thu, 10 Nov 2022 10:18:51 GMT
      X-Amz-Id-2:
      - txce900cbb8ac840e5b7208-00636cd00b
      X-Amz-Request-Id:
      - txce900cbb8ac840e5b7208-00636cd00b
    status: 200 OK
    code: 200
    duration: ""
- request:
    body: ""
    form: {}
    headers:
      User-Agent:
      - aws-sdk-go/1.44.128 (go1.19.2; darwin; amd64)
      X-Amz-Content-Sha256:
      - e3b0c44298fc1c149afbf4c8996fb92427ae41e4649b934ca495991b7852b855
      X-Amz-Date:
      - 20221110T101851Z
    url: https://test-acc-scaleway-object-move-1129806932737896120.s3.fr-par.scw.cloud/?lifecycle=
    method: GET
  response:
    body: |-
      <?xml version='1.0' encoding='UTF-8'?>
      <Error><Code>NoSuchLifecycleConfiguration</Code><Message>The lifecycle configuration does not exist.</Message><RequestId>tx47a35173dc7947f281a7c-00636cd00b</RequestId></Error>
    headers:
      Content-Type:
      - application/xml
      Date:
      - Thu, 10 Nov 2022 10:18:51 GMT
      X-Amz-Id-2:
      - tx47a35173dc7947f281a7c-00636cd00b
      X-Amz-Request-Id:
      - tx47a35173dc7947f281a7c-00636cd00b
    status: 404 Not Found
    code: 404
    duration: ""
- request:
    body: ""
    form: {}
    headers:
      User-Agent:
      - aws-sdk-go/1.44.128 (go1.19.2; darwin; amd64)
      X-Amz-Content-Sha256:
      - e3b0c44298fc1c149afbf4c8996fb92427ae41e4649b934ca495991b7852b855
      X-Amz-Date:
      - 20221110T101851Z
    url: https://test-acc-scaleway-object-move-1129806932737896120.s3.fr-par.scw.cloud/myfile
    method: HEAD
  response:
    body: ""
    headers:
      Accept-Ranges:
      - bytes
      Content-Length:
      - "0"
      Content-Type:
      - application/octet-stream
      Date:
      - Thu, 10 Nov 2022 10:18:51 GMT
      Etag:
      - '"d41d8cd98f00b204e9800998ecf8427e"'
      Last-Modified:
      - Thu, 10 Nov 2022 10:18:48 GMT
      X-Amz-Id-2:
      - tx531a0d997bea4811ab20e-00636cd00b
      X-Amz-Request-Id:
      - tx531a0d997bea4811ab20e-00636cd00b
      X-Amz-Version-Id:
      - "1668075528340265"
    status: 200 OK
    code: 200
    duration: ""
- request:
    body: ""
    form: {}
    headers:
      User-Agent:
      - aws-sdk-go/1.44.128 (go1.19.2; darwin; amd64)
      X-Amz-Content-Sha256:
      - e3b0c44298fc1c149afbf4c8996fb92427ae41e4649b934ca495991b7852b855
      X-Amz-Date:
      - 20221110T101851Z
    url: https://test-acc-scaleway-object-move-1129806932737896120.s3.fr-par.scw.cloud/myfile?tagging=
    method: GET
  response:
    body: |-
      <?xml version='1.0' encoding='UTF-8'?>
      <Tagging xmlns="http://s3.amazonaws.com/doc/2006-03-01/"><TagSet/></Tagging>
    headers:
      Content-Length:
      - "115"
      Content-Type:
      - application/xml
      Date:
      - Thu, 10 Nov 2022 10:18:52 GMT
      X-Amz-Id-2:
      - txdd92203ed00a4e1eae9a5-00636cd00b
      X-Amz-Request-Id:
      - txdd92203ed00a4e1eae9a5-00636cd00b
      X-Amz-Version-Id:
      - "1668075528340265"
    status: 200 OK
    code: 200
    duration: ""
- request:
    body: ""
    form: {}
    headers:
      User-Agent:
      - aws-sdk-go/1.44.128 (go1.19.2; darwin; amd64)
      X-Amz-Content-Sha256:
      - e3b0c44298fc1c149afbf4c8996fb92427ae41e4649b934ca495991b7852b855
      X-Amz-Date:
      - 20221110T101851Z
    url: https://test-acc-scaleway-object-move-1129806932737896120.s3.fr-par.scw.cloud/myfile?acl=
    method: GET
  response:
    body: |-
      <?xml version='1.0' encoding='UTF-8'?>
      <AccessControlPolicy xmlns="http://s3.amazonaws.com/doc/2006-03-01/"><Owner><ID>5b331f64-6f51-45b6-aa60-d46d011e8b1a:5b331f64-6f51-45b6-aa60-d46d011e8b1a</ID><DisplayName>5b331f64-6f51-45b6-aa60-d46d011e8b1a:5b331f64-6f51-45b6-aa60-d46d011e8b1a</DisplayName></Owner><AccessControlList><Grant><Grantee xmlns:xsi="http://www.w3.org/2001/XMLSchema-instance" xsi:type="CanonicalUser"><ID>5b331f64-6f51-45b6-aa60-d46d011e8b1a:5b331f64-6f51-45b6-aa60-d46d011e8b1a</ID><DisplayName>5b331f64-6f51-45b6-aa60-d46d011e8b1a:5b331f64-6f51-45b6-aa60-d46d011e8b1a</DisplayName></Grantee><Permission>FULL_CONTROL</Permission></Grant></AccessControlList></AccessControlPolicy>
    headers:
      Content-Length:
      - "698"
      Content-Type:
      - text/html; charset=UTF-8
      Date:
      - Thu, 10 Nov 2022 10:18:52 GMT
      X-Amz-Id-2:
      - tx0f6c53f1891542909c329-00636cd00c
      X-Amz-Request-Id:
      - tx0f6c53f1891542909c329-00636cd00c
    status: 200 OK
    code: 200
    duration: ""
- request:
    body: ""
    form: {}
    headers:
      User-Agent:
      - aws-sdk-go/1.44.128 (go1.19.2; darwin; amd64)
      X-Amz-Content-Sha256:
      - e3b0c44298fc1c149afbf4c8996fb92427ae41e4649b934ca495991b7852b855
      X-Amz-Date:
      - 20221110T101852Z
    url: https://test-acc-scaleway-object-move-1129806932737896120.s3.fr-par.scw.cloud/?object-lock=
    method: GET
  response:
    body: |-
      <?xml version='1.0' encoding='UTF-8'?>
      <Error><Code>ObjectLockConfigurationNotFoundError</Code><Message>Object Lock configuration does not exist for this bucket</Message><RequestId>txf58f2e7bc61549debc35b-00636cd00c</RequestId></Error>
    headers:
      Content-Type:
      - application/xml
      Date:
      - Thu, 10 Nov 2022 10:18:52 GMT
      X-Amz-Id-2:
      - txf58f2e7bc61549debc35b-00636cd00c
      X-Amz-Request-Id:
      - txf58f2e7bc61549debc35b-00636cd00c
    status: 404 Not Found
    code: 404
    duration: ""
- request:
    body: ""
    form: {}
    headers:
      User-Agent:
      - aws-sdk-go/1.44.128 (go1.19.2; darwin; amd64)
      X-Amz-Content-Sha256:
      - e3b0c44298fc1c149afbf4c8996fb92427ae41e4649b934ca495991b7852b855
      X-Amz-Date:
      - 20221110T101852Z
    url: https://test-acc-scaleway-object-move-1129806932737896120.s3.fr-par.scw.cloud/
    method: GET
  response:
    body: |-
      <?xml version='1.0' encoding='UTF-8'?>
      <ListBucketResult xmlns="http://s3.amazonaws.com/doc/2006-03-01/"><Name>test-acc-scaleway-object-move-1129806932737896120</Name><Prefix/><Delimiter/><MaxKeys>1000</MaxKeys><IsTruncated>false</IsTruncated><Marker/><Contents><ETag>"d41d8cd98f00b204e9800998ecf8427e"</ETag><Key>myfile</Key><LastModified>2022-11-10T10:18:48.000Z</LastModified><Size>0</Size><StorageClass>STANDARD</StorageClass><Owner><ID>5b331f64-6f51-45b6-aa60-d46d011e8b1a:5b331f64-6f51-45b6-aa60-d46d011e8b1a</ID><DisplayName>5b331f64-6f51-45b6-aa60-d46d011e8b1a:5b331f64-6f51-45b6-aa60-d46d011e8b1a</DisplayName></Owner></Contents></ListBucketResult>
    headers:
      Content-Length:
      - "657"
      Content-Type:
      - application/xml
      Date:
      - Thu, 10 Nov 2022 10:18:52 GMT
      X-Amz-Id-2:
      - txe042dfcc7269430abd2c8-00636cd00c
      X-Amz-Request-Id:
      - txe042dfcc7269430abd2c8-00636cd00c
    status: 200 OK
    code: 200
    duration: ""
- request:
    body: ""
    form: {}
    headers:
      User-Agent:
      - aws-sdk-go/1.44.128 (go1.19.2; darwin; amd64)
      X-Amz-Content-Sha256:
      - e3b0c44298fc1c149afbf4c8996fb92427ae41e4649b934ca495991b7852b855
      X-Amz-Date:
      - 20221110T101852Z
    url: https://test-acc-scaleway-object-move-1129806932737896120.s3.fr-par.scw.cloud/?tagging=
    method: GET
  response:
    body: <Tagging xmlns="http://s3.amazonaws.com/doc/2006-03-01/"><TagSet><Tag><Value>bar</Value><Key>foo</Key></Tag></TagSet></Tagging>
    headers:
      Content-Length:
      - "127"
      Content-Type:
      - application/xml
      Date:
      - Thu, 10 Nov 2022 10:18:53 GMT
      X-Amz-Id-2:
      - tx364a6985a8ef41609c97a-00636cd00c
      X-Amz-Request-Id:
      - tx364a6985a8ef41609c97a-00636cd00c
    status: 200 OK
    code: 200
    duration: ""
- request:
    body: ""
    form: {}
    headers:
      User-Agent:
      - aws-sdk-go/1.44.128 (go1.19.2; darwin; amd64)
      X-Amz-Content-Sha256:
      - e3b0c44298fc1c149afbf4c8996fb92427ae41e4649b934ca495991b7852b855
      X-Amz-Date:
      - 20221110T101853Z
    url: https://test-acc-scaleway-object-move-1129806932737896120.s3.fr-par.scw.cloud/?cors=
    method: GET
  response:
    body: |-
      <?xml version='1.0' encoding='UTF-8'?>
      <Error><Code>NoSuchCORSConfiguration</Code><Message>The CORS configuration does not exist</Message><RequestId>tx96054570a225419a9d6cd-00636cd00d</RequestId></Error>
    headers:
      Content-Type:
      - application/xml
      Date:
      - Thu, 10 Nov 2022 10:18:53 GMT
      X-Amz-Id-2:
      - tx96054570a225419a9d6cd-00636cd00d
      X-Amz-Request-Id:
      - tx96054570a225419a9d6cd-00636cd00d
    status: 404 Not Found
    code: 404
    duration: ""
- request:
    body: ""
    form: {}
    headers:
      User-Agent:
      - aws-sdk-go/1.44.128 (go1.19.2; darwin; amd64)
      X-Amz-Content-Sha256:
      - e3b0c44298fc1c149afbf4c8996fb92427ae41e4649b934ca495991b7852b855
      X-Amz-Date:
      - 20221110T101853Z
    url: https://test-acc-scaleway-object-move-1129806932737896120.s3.fr-par.scw.cloud/?versioning=
    method: GET
  response:
    body: |-
      <?xml version='1.0' encoding='UTF-8'?>
      <VersioningConfiguration xmlns="http://s3.amazonaws.com/doc/2006-03-01/"/>
    headers:
      Content-Length:
      - "113"
      Content-Type:
      - text/plain
      Date:
      - Thu, 10 Nov 2022 10:18:53 GMT
      X-Amz-Id-2:
      - txab8aa4ae8c984630bb577-00636cd00d
      X-Amz-Request-Id:
      - txab8aa4ae8c984630bb577-00636cd00d
    status: 200 OK
    code: 200
    duration: ""
- request:
    body: ""
    form: {}
    headers:
      User-Agent:
      - aws-sdk-go/1.44.128 (go1.19.2; darwin; amd64)
      X-Amz-Content-Sha256:
      - e3b0c44298fc1c149afbf4c8996fb92427ae41e4649b934ca495991b7852b855
      X-Amz-Date:
      - 20221110T101853Z
    url: https://test-acc-scaleway-object-move-1129806932737896120.s3.fr-par.scw.cloud/?lifecycle=
    method: GET
  response:
    body: |-
      <?xml version='1.0' encoding='UTF-8'?>
      <Error><Code>NoSuchLifecycleConfiguration</Code><Message>The lifecycle configuration does not exist.</Message><RequestId>txd2279a3252154aaba50a0-00636cd00d</RequestId></Error>
    headers:
      Content-Type:
      - application/xml
      Date:
      - Thu, 10 Nov 2022 10:18:53 GMT
      X-Amz-Id-2:
      - txd2279a3252154aaba50a0-00636cd00d
      X-Amz-Request-Id:
      - txd2279a3252154aaba50a0-00636cd00d
    status: 404 Not Found
    code: 404
    duration: ""
- request:
    body: ""
    form: {}
    headers:
      User-Agent:
      - aws-sdk-go/1.44.128 (go1.19.2; darwin; amd64)
      X-Amz-Content-Sha256:
      - e3b0c44298fc1c149afbf4c8996fb92427ae41e4649b934ca495991b7852b855
      X-Amz-Date:
      - 20221110T101853Z
    url: https://test-acc-scaleway-object-move-1129806932737896120.s3.fr-par.scw.cloud/myfile
    method: HEAD
  response:
    body: ""
    headers:
      Accept-Ranges:
      - bytes
      Content-Length:
      - "0"
      Content-Type:
      - application/octet-stream
      Date:
      - Thu, 10 Nov 2022 10:18:53 GMT
      Etag:
      - '"d41d8cd98f00b204e9800998ecf8427e"'
      Last-Modified:
      - Thu, 10 Nov 2022 10:18:48 GMT
      X-Amz-Id-2:
      - tx4417c700baca4c02b3a54-00636cd00d
      X-Amz-Request-Id:
      - tx4417c700baca4c02b3a54-00636cd00d
      X-Amz-Version-Id:
      - "1668075528340265"
    status: 200 OK
    code: 200
    duration: ""
- request:
    body: ""
    form: {}
    headers:
      User-Agent:
      - aws-sdk-go/1.44.128 (go1.19.2; darwin; amd64)
      X-Amz-Content-Sha256:
      - e3b0c44298fc1c149afbf4c8996fb92427ae41e4649b934ca495991b7852b855
      X-Amz-Date:
      - 20221110T101853Z
    url: https://test-acc-scaleway-object-move-1129806932737896120.s3.fr-par.scw.cloud/myfile?tagging=
    method: GET
  response:
    body: |-
      <?xml version='1.0' encoding='UTF-8'?>
      <Tagging xmlns="http://s3.amazonaws.com/doc/2006-03-01/"><TagSet/></Tagging>
    headers:
      Content-Length:
      - "115"
      Content-Type:
      - application/xml
      Date:
      - Thu, 10 Nov 2022 10:18:54 GMT
      X-Amz-Id-2:
      - txcb1a2ae289564fc09c5d6-00636cd00d
      X-Amz-Request-Id:
      - txcb1a2ae289564fc09c5d6-00636cd00d
      X-Amz-Version-Id:
      - "1668075528340265"
    status: 200 OK
    code: 200
    duration: ""
- request:
    body: ""
    form: {}
    headers:
      User-Agent:
      - aws-sdk-go/1.44.128 (go1.19.2; darwin; amd64)
      X-Amz-Content-Sha256:
      - e3b0c44298fc1c149afbf4c8996fb92427ae41e4649b934ca495991b7852b855
      X-Amz-Date:
      - 20221110T101854Z
    url: https://test-acc-scaleway-object-move-1129806932737896120.s3.fr-par.scw.cloud/myfile?acl=
    method: GET
  response:
    body: |-
      <?xml version='1.0' encoding='UTF-8'?>
      <AccessControlPolicy xmlns="http://s3.amazonaws.com/doc/2006-03-01/"><Owner><ID>5b331f64-6f51-45b6-aa60-d46d011e8b1a:5b331f64-6f51-45b6-aa60-d46d011e8b1a</ID><DisplayName>5b331f64-6f51-45b6-aa60-d46d011e8b1a:5b331f64-6f51-45b6-aa60-d46d011e8b1a</DisplayName></Owner><AccessControlList><Grant><Grantee xmlns:xsi="http://www.w3.org/2001/XMLSchema-instance" xsi:type="CanonicalUser"><ID>5b331f64-6f51-45b6-aa60-d46d011e8b1a:5b331f64-6f51-45b6-aa60-d46d011e8b1a</ID><DisplayName>5b331f64-6f51-45b6-aa60-d46d011e8b1a:5b331f64-6f51-45b6-aa60-d46d011e8b1a</DisplayName></Grantee><Permission>FULL_CONTROL</Permission></Grant></AccessControlList></AccessControlPolicy>
    headers:
      Content-Length:
      - "698"
      Content-Type:
      - text/html; charset=UTF-8
      Date:
      - Thu, 10 Nov 2022 10:18:54 GMT
      X-Amz-Id-2:
      - txb0361808fb1c4801bc961-00636cd00e
      X-Amz-Request-Id:
      - txb0361808fb1c4801bc961-00636cd00e
    status: 200 OK
    code: 200
    duration: ""
- request:
    body: ""
    form: {}
    headers:
      User-Agent:
      - aws-sdk-go/1.44.128 (go1.19.2; darwin; amd64)
      X-Amz-Acl:
      - private
      X-Amz-Content-Sha256:
      - e3b0c44298fc1c149afbf4c8996fb92427ae41e4649b934ca495991b7852b855
      X-Amz-Copy-Source:
      - test-acc-scaleway-object-move-1129806932737896120/myfile
      X-Amz-Date:
      - 20221110T101854Z
    url: https://test-acc-scaleway-object-move-1129806932737896120.s3.fr-par.scw.cloud/myfile2
    method: PUT
  response:
    body: |-
      <?xml version='1.0' encoding='UTF-8'?>
      <CopyObjectResult xmlns="http://s3.amazonaws.com/doc/2006-03-01/"><LastModified>2022-11-10T10:18:54.000Z</LastModified><ETag>"d41d8cd98f00b204e9800998ecf8427e"</ETag></CopyObjectResult>
    headers:
      Content-Length:
      - "224"
      Content-Type:
      - application/xml
      Date:
      - Thu, 10 Nov 2022 10:18:55 GMT
      Last-Modified:
      - Thu, 10 Nov 2022 10:18:55 GMT
      X-Amz-Id-2:
      - tx8d96a98573b34852b5a38-00636cd00e
      X-Amz-Request-Id:
      - tx8d96a98573b34852b5a38-00636cd00e
      X-Amz-Version-Id:
      - "1668075528340265"
    status: 200 OK
    code: 200
    duration: ""
- request:
    body: ""
    form: {}
    headers:
      User-Agent:
      - aws-sdk-go/1.44.128 (go1.19.2; darwin; amd64)
      X-Amz-Content-Sha256:
      - e3b0c44298fc1c149afbf4c8996fb92427ae41e4649b934ca495991b7852b855
      X-Amz-Date:
      - 20221110T101855Z
    url: https://test-acc-scaleway-object-move-1129806932737896120.s3.fr-par.scw.cloud/myfile
    method: DELETE
  response:
    body: ""
    headers:
      Content-Length:
      - "0"
      Content-Type:
      - text/html; charset=UTF-8
      Date:
      - Thu, 10 Nov 2022 10:18:55 GMT
      X-Amz-Id-2:
      - tx4ce58934be554ed5bc9ce-00636cd00f
      X-Amz-Request-Id:
      - tx4ce58934be554ed5bc9ce-00636cd00f
    status: 204 No Content
    code: 204
    duration: ""
- request:
    body: ""
    form: {}
    headers:
      Content-Md5:
      - 1B2M2Y8AsgTpgAmY7PhCfg==
      User-Agent:
      - aws-sdk-go/1.44.128 (go1.19.2; darwin; amd64)
      X-Amz-Acl:
      - private
      X-Amz-Content-Sha256:
      - e3b0c44298fc1c149afbf4c8996fb92427ae41e4649b934ca495991b7852b855
      X-Amz-Date:
      - 20221110T101855Z
    url: https://test-acc-scaleway-object-move-1129806932737896120.s3.fr-par.scw.cloud/myfile2
    method: PUT
  response:
    body: ""
    headers:
      Content-Length:
      - "0"
      Content-Type:
      - text/html; charset=UTF-8
      Date:
      - Thu, 10 Nov 2022 10:18:56 GMT
      Etag:
      - '"d41d8cd98f00b204e9800998ecf8427e"'
      Last-Modified:
      - Thu, 10 Nov 2022 10:18:56 GMT
      X-Amz-Id-2:
      - tx885bebfd4e514f0fb8db8-00636cd00f
      X-Amz-Request-Id:
      - tx885bebfd4e514f0fb8db8-00636cd00f
      X-Amz-Version-Id:
      - "1668075536391235"
    status: 200 OK
    code: 200
    duration: ""
- request:
    body: ""
    form: {}
    headers:
      User-Agent:
      - aws-sdk-go/1.44.128 (go1.19.2; darwin; amd64)
      X-Amz-Content-Sha256:
      - e3b0c44298fc1c149afbf4c8996fb92427ae41e4649b934ca495991b7852b855
      X-Amz-Date:
      - 20221110T101856Z
    url: https://test-acc-scaleway-object-move-1129806932737896120.s3.fr-par.scw.cloud/myfile2
    method: HEAD
  response:
    body: ""
    headers:
      Accept-Ranges:
      - bytes
      Content-Length:
      - "0"
      Content-Type:
      - application/octet-stream
      Date:
      - Thu, 10 Nov 2022 10:18:56 GMT
      Etag:
      - '"d41d8cd98f00b204e9800998ecf8427e"'
      Last-Modified:
      - Thu, 10 Nov 2022 10:18:56 GMT
      X-Amz-Id-2:
      - tx8582f88116cf4782994ab-00636cd010
      X-Amz-Request-Id:
      - tx8582f88116cf4782994ab-00636cd010
      X-Amz-Version-Id:
      - "1668075536391235"
    status: 200 OK
    code: 200
    duration: ""
- request:
    body: ""
    form: {}
    headers:
      User-Agent:
      - aws-sdk-go/1.44.128 (go1.19.2; darwin; amd64)
      X-Amz-Content-Sha256:
      - e3b0c44298fc1c149afbf4c8996fb92427ae41e4649b934ca495991b7852b855
      X-Amz-Date:
      - 20221110T101856Z
    url: https://test-acc-scaleway-object-move-1129806932737896120.s3.fr-par.scw.cloud/myfile2?tagging=
    method: GET
  response:
    body: |-
      <?xml version='1.0' encoding='UTF-8'?>
      <Tagging xmlns="http://s3.amazonaws.com/doc/2006-03-01/"><TagSet/></Tagging>
    headers:
      Content-Length:
      - "115"
      Content-Type:
      - application/xml
      Date:
      - Thu, 10 Nov 2022 10:18:56 GMT
      X-Amz-Id-2:
      - tx2421bbfdab53421e8af55-00636cd010
      X-Amz-Request-Id:
      - tx2421bbfdab53421e8af55-00636cd010
      X-Amz-Version-Id:
      - "1668075536391235"
    status: 200 OK
    code: 200
    duration: ""
- request:
    body: ""
    form: {}
    headers:
      User-Agent:
      - aws-sdk-go/1.44.128 (go1.19.2; darwin; amd64)
      X-Amz-Content-Sha256:
      - e3b0c44298fc1c149afbf4c8996fb92427ae41e4649b934ca495991b7852b855
      X-Amz-Date:
      - 20221110T101856Z
    url: https://test-acc-scaleway-object-move-1129806932737896120.s3.fr-par.scw.cloud/myfile2?acl=
    method: GET
  response:
    body: |-
      <?xml version='1.0' encoding='UTF-8'?>
      <AccessControlPolicy xmlns="http://s3.amazonaws.com/doc/2006-03-01/"><Owner><ID>5b331f64-6f51-45b6-aa60-d46d011e8b1a:5b331f64-6f51-45b6-aa60-d46d011e8b1a</ID><DisplayName>5b331f64-6f51-45b6-aa60-d46d011e8b1a:5b331f64-6f51-45b6-aa60-d46d011e8b1a</DisplayName></Owner><AccessControlList><Grant><Grantee xmlns:xsi="http://www.w3.org/2001/XMLSchema-instance" xsi:type="CanonicalUser"><ID>5b331f64-6f51-45b6-aa60-d46d011e8b1a:5b331f64-6f51-45b6-aa60-d46d011e8b1a</ID><DisplayName>5b331f64-6f51-45b6-aa60-d46d011e8b1a:5b331f64-6f51-45b6-aa60-d46d011e8b1a</DisplayName></Grantee><Permission>FULL_CONTROL</Permission></Grant></AccessControlList></AccessControlPolicy>
    headers:
      Content-Length:
      - "698"
      Content-Type:
      - text/html; charset=UTF-8
      Date:
      - Thu, 10 Nov 2022 10:18:57 GMT
      X-Amz-Id-2:
      - tx554ee9d8328942caa259c-00636cd010
      X-Amz-Request-Id:
      - tx554ee9d8328942caa259c-00636cd010
    status: 200 OK
    code: 200
    duration: ""
- request:
    body: ""
    form: {}
    headers:
      User-Agent:
      - aws-sdk-go/1.44.128 (go1.19.2; darwin; amd64)
      X-Amz-Content-Sha256:
      - e3b0c44298fc1c149afbf4c8996fb92427ae41e4649b934ca495991b7852b855
      X-Amz-Date:
      - 20221110T101857Z
    url: https://test-acc-scaleway-object-move-1129806932737896120.s3.fr-par.scw.cloud/myfile2
    method: GET
  response:
    body: ""
    headers:
      Accept-Ranges:
      - bytes
      Content-Length:
      - "0"
      Content-Type:
      - application/octet-stream
      Date:
      - Thu, 10 Nov 2022 10:18:57 GMT
      Etag:
      - '"d41d8cd98f00b204e9800998ecf8427e"'
      Last-Modified:
      - Thu, 10 Nov 2022 10:18:56 GMT
      X-Amz-Id-2:
      - txe5791c96514e4abe98a25-00636cd011
      X-Amz-Request-Id:
      - txe5791c96514e4abe98a25-00636cd011
      X-Amz-Version-Id:
      - "1668075536391235"
    status: 200 OK
    code: 200
    duration: ""
- request:
    body: ""
    form: {}
    headers:
      User-Agent:
      - aws-sdk-go/1.44.128 (go1.19.2; darwin; amd64)
      X-Amz-Content-Sha256:
      - e3b0c44298fc1c149afbf4c8996fb92427ae41e4649b934ca495991b7852b855
      X-Amz-Date:
      - 20221110T101857Z
    url: https://test-acc-scaleway-object-move-1129806932737896120.s3.fr-par.scw.cloud/?object-lock=
    method: GET
  response:
    body: |-
      <?xml version='1.0' encoding='UTF-8'?>
      <Error><Code>ObjectLockConfigurationNotFoundError</Code><Message>Object Lock configuration does not exist for this bucket</Message><RequestId>tx4003d56ba156475aa2b95-00636cd011</RequestId></Error>
    headers:
      Content-Type:
      - application/xml
      Date:
      - Thu, 10 Nov 2022 10:18:57 GMT
      X-Amz-Id-2:
      - tx4003d56ba156475aa2b95-00636cd011
      X-Amz-Request-Id:
      - tx4003d56ba156475aa2b95-00636cd011
    status: 404 Not Found
    code: 404
    duration: ""
- request:
    body: ""
    form: {}
    headers:
      User-Agent:
      - aws-sdk-go/1.44.128 (go1.19.2; darwin; amd64)
      X-Amz-Content-Sha256:
      - e3b0c44298fc1c149afbf4c8996fb92427ae41e4649b934ca495991b7852b855
      X-Amz-Date:
      - 20221110T101857Z
    url: https://test-acc-scaleway-object-move-1129806932737896120.s3.fr-par.scw.cloud/
    method: GET
  response:
    body: |-
      <?xml version='1.0' encoding='UTF-8'?>
      <ListBucketResult xmlns="http://s3.amazonaws.com/doc/2006-03-01/"><Name>test-acc-scaleway-object-move-1129806932737896120</Name><Prefix/><Delimiter/><MaxKeys>1000</MaxKeys><IsTruncated>false</IsTruncated><Marker/><Contents><ETag>"d41d8cd98f00b204e9800998ecf8427e"</ETag><Key>myfile2</Key><LastModified>2022-11-10T10:18:56.000Z</LastModified><Size>0</Size><StorageClass>STANDARD</StorageClass><Owner><ID>5b331f64-6f51-45b6-aa60-d46d011e8b1a:5b331f64-6f51-45b6-aa60-d46d011e8b1a</ID><DisplayName>5b331f64-6f51-45b6-aa60-d46d011e8b1a:5b331f64-6f51-45b6-aa60-d46d011e8b1a</DisplayName></Owner></Contents></ListBucketResult>
    headers:
      Content-Length:
      - "658"
      Content-Type:
      - application/xml
      Date:
      - Thu, 10 Nov 2022 10:18:58 GMT
      X-Amz-Id-2:
      - tx9d27051aeffe4b6589d38-00636cd011
      X-Amz-Request-Id:
      - tx9d27051aeffe4b6589d38-00636cd011
    status: 200 OK
    code: 200
    duration: ""
- request:
    body: ""
    form: {}
    headers:
      User-Agent:
      - aws-sdk-go/1.44.128 (go1.19.2; darwin; amd64)
      X-Amz-Content-Sha256:
      - e3b0c44298fc1c149afbf4c8996fb92427ae41e4649b934ca495991b7852b855
      X-Amz-Date:
      - 20221110T101858Z
    url: https://test-acc-scaleway-object-move-1129806932737896120.s3.fr-par.scw.cloud/?tagging=
    method: GET
  response:
    body: <Tagging xmlns="http://s3.amazonaws.com/doc/2006-03-01/"><TagSet><Tag><Value>bar</Value><Key>foo</Key></Tag></TagSet></Tagging>
    headers:
      Content-Length:
      - "127"
      Content-Type:
      - application/xml
      Date:
      - Thu, 10 Nov 2022 10:18:58 GMT
      X-Amz-Id-2:
      - tx84baafd267b54afbae2d0-00636cd012
      X-Amz-Request-Id:
      - tx84baafd267b54afbae2d0-00636cd012
    status: 200 OK
    code: 200
    duration: ""
- request:
    body: ""
    form: {}
    headers:
      User-Agent:
      - aws-sdk-go/1.44.128 (go1.19.2; darwin; amd64)
      X-Amz-Content-Sha256:
      - e3b0c44298fc1c149afbf4c8996fb92427ae41e4649b934ca495991b7852b855
      X-Amz-Date:
      - 20221110T101858Z
    url: https://test-acc-scaleway-object-move-1129806932737896120.s3.fr-par.scw.cloud/?cors=
    method: GET
  response:
    body: |-
      <?xml version='1.0' encoding='UTF-8'?>
      <Error><Code>NoSuchCORSConfiguration</Code><Message>The CORS configuration does not exist</Message><RequestId>tx28a812093fac448086caf-00636cd012</RequestId></Error>
    headers:
      Content-Type:
      - application/xml
      Date:
      - Thu, 10 Nov 2022 10:18:58 GMT
      X-Amz-Id-2:
      - tx28a812093fac448086caf-00636cd012
      X-Amz-Request-Id:
      - tx28a812093fac448086caf-00636cd012
    status: 404 Not Found
    code: 404
    duration: ""
- request:
    body: ""
    form: {}
    headers:
      User-Agent:
      - aws-sdk-go/1.44.128 (go1.19.2; darwin; amd64)
      X-Amz-Content-Sha256:
      - e3b0c44298fc1c149afbf4c8996fb92427ae41e4649b934ca495991b7852b855
      X-Amz-Date:
      - 20221110T101858Z
    url: https://test-acc-scaleway-object-move-1129806932737896120.s3.fr-par.scw.cloud/?versioning=
    method: GET
  response:
    body: |-
      <?xml version='1.0' encoding='UTF-8'?>
      <VersioningConfiguration xmlns="http://s3.amazonaws.com/doc/2006-03-01/"/>
    headers:
      Content-Length:
      - "113"
      Content-Type:
      - text/plain
      Date:
      - Thu, 10 Nov 2022 10:18:58 GMT
      X-Amz-Id-2:
      - txdba2a7ccc7764173af29f-00636cd012
      X-Amz-Request-Id:
      - txdba2a7ccc7764173af29f-00636cd012
    status: 200 OK
    code: 200
    duration: ""
- request:
    body: ""
    form: {}
    headers:
      User-Agent:
      - aws-sdk-go/1.44.128 (go1.19.2; darwin; amd64)
      X-Amz-Content-Sha256:
      - e3b0c44298fc1c149afbf4c8996fb92427ae41e4649b934ca495991b7852b855
      X-Amz-Date:
      - 20221110T101858Z
    url: https://test-acc-scaleway-object-move-1129806932737896120.s3.fr-par.scw.cloud/?lifecycle=
    method: GET
  response:
    body: |-
      <?xml version='1.0' encoding='UTF-8'?>
      <Error><Code>NoSuchLifecycleConfiguration</Code><Message>The lifecycle configuration does not exist.</Message><RequestId>tx7436933ac8b44fa3b5760-00636cd012</RequestId></Error>
    headers:
      Content-Type:
      - application/xml
      Date:
      - Thu, 10 Nov 2022 10:18:58 GMT
      X-Amz-Id-2:
      - tx7436933ac8b44fa3b5760-00636cd012
      X-Amz-Request-Id:
      - tx7436933ac8b44fa3b5760-00636cd012
    status: 404 Not Found
    code: 404
    duration: ""
- request:
    body: ""
    form: {}
    headers:
      User-Agent:
      - aws-sdk-go/1.44.128 (go1.19.2; darwin; amd64)
      X-Amz-Content-Sha256:
      - e3b0c44298fc1c149afbf4c8996fb92427ae41e4649b934ca495991b7852b855
      X-Amz-Date:
      - 20221110T101858Z
    url: https://test-acc-scaleway-object-move-1129806932737896120.s3.fr-par.scw.cloud/myfile2
    method: HEAD
  response:
    body: ""
    headers:
      Accept-Ranges:
      - bytes
      Content-Length:
      - "0"
      Content-Type:
      - application/octet-stream
      Date:
      - Thu, 10 Nov 2022 10:18:59 GMT
      Etag:
      - '"d41d8cd98f00b204e9800998ecf8427e"'
      Last-Modified:
      - Thu, 10 Nov 2022 10:18:56 GMT
      X-Amz-Id-2:
      - tx31b5c621ca594a3fb122f-00636cd012
      X-Amz-Request-Id:
      - tx31b5c621ca594a3fb122f-00636cd012
      X-Amz-Version-Id:
      - "1668075536391235"
    status: 200 OK
    code: 200
    duration: ""
- request:
    body: ""
    form: {}
    headers:
      User-Agent:
      - aws-sdk-go/1.44.128 (go1.19.2; darwin; amd64)
      X-Amz-Content-Sha256:
      - e3b0c44298fc1c149afbf4c8996fb92427ae41e4649b934ca495991b7852b855
      X-Amz-Date:
      - 20221110T101859Z
    url: https://test-acc-scaleway-object-move-1129806932737896120.s3.fr-par.scw.cloud/myfile2?tagging=
    method: GET
  response:
    body: |-
      <?xml version='1.0' encoding='UTF-8'?>
      <Tagging xmlns="http://s3.amazonaws.com/doc/2006-03-01/"><TagSet/></Tagging>
    headers:
      Content-Length:
      - "115"
      Content-Type:
      - application/xml
      Date:
      - Thu, 10 Nov 2022 10:18:59 GMT
      X-Amz-Id-2:
      - tx3ee748dac42949ab8734c-00636cd013
      X-Amz-Request-Id:
      - tx3ee748dac42949ab8734c-00636cd013
      X-Amz-Version-Id:
      - "1668075536391235"
    status: 200 OK
    code: 200
    duration: ""
- request:
    body: ""
    form: {}
    headers:
      User-Agent:
      - aws-sdk-go/1.44.128 (go1.19.2; darwin; amd64)
      X-Amz-Content-Sha256:
      - e3b0c44298fc1c149afbf4c8996fb92427ae41e4649b934ca495991b7852b855
      X-Amz-Date:
      - 20221110T101859Z
    url: https://test-acc-scaleway-object-move-1129806932737896120.s3.fr-par.scw.cloud/myfile2?acl=
    method: GET
  response:
    body: |-
      <?xml version='1.0' encoding='UTF-8'?>
      <AccessControlPolicy xmlns="http://s3.amazonaws.com/doc/2006-03-01/"><Owner><ID>5b331f64-6f51-45b6-aa60-d46d011e8b1a:5b331f64-6f51-45b6-aa60-d46d011e8b1a</ID><DisplayName>5b331f64-6f51-45b6-aa60-d46d011e8b1a:5b331f64-6f51-45b6-aa60-d46d011e8b1a</DisplayName></Owner><AccessControlList><Grant><Grantee xmlns:xsi="http://www.w3.org/2001/XMLSchema-instance" xsi:type="CanonicalUser"><ID>5b331f64-6f51-45b6-aa60-d46d011e8b1a:5b331f64-6f51-45b6-aa60-d46d011e8b1a</ID><DisplayName>5b331f64-6f51-45b6-aa60-d46d011e8b1a:5b331f64-6f51-45b6-aa60-d46d011e8b1a</DisplayName></Grantee><Permission>FULL_CONTROL</Permission></Grant></AccessControlList></AccessControlPolicy>
    headers:
      Content-Length:
      - "698"
      Content-Type:
      - text/html; charset=UTF-8
      Date:
      - Thu, 10 Nov 2022 10:18:59 GMT
      X-Amz-Id-2:
      - txd40a0defa9a94958ae86d-00636cd013
      X-Amz-Request-Id:
      - txd40a0defa9a94958ae86d-00636cd013
    status: 200 OK
    code: 200
    duration: ""
- request:
    body: ""
    form: {}
    headers:
      User-Agent:
      - aws-sdk-go/1.44.128 (go1.19.2; darwin; amd64)
      X-Amz-Content-Sha256:
      - e3b0c44298fc1c149afbf4c8996fb92427ae41e4649b934ca495991b7852b855
      X-Amz-Date:
      - 20221110T101859Z
    url: https://test-acc-scaleway-object-move-1129806932737896120.s3.fr-par.scw.cloud/myfile2
    method: DELETE
  response:
    body: ""
    headers:
      Content-Length:
      - "0"
      Content-Type:
      - text/html; charset=UTF-8
      Date:
      - Thu, 10 Nov 2022 10:19:00 GMT
      X-Amz-Id-2:
      - tx8032c93671a242539e450-00636cd014
      X-Amz-Request-Id:
      - tx8032c93671a242539e450-00636cd014
    status: 204 No Content
    code: 204
    duration: ""
- request:
    body: ""
    form: {}
    headers:
      User-Agent:
      - aws-sdk-go/1.44.128 (go1.19.2; darwin; amd64)
      X-Amz-Content-Sha256:
      - e3b0c44298fc1c149afbf4c8996fb92427ae41e4649b934ca495991b7852b855
      X-Amz-Date:
      - 20221110T101900Z
    url: https://test-acc-scaleway-object-move-1129806932737896120.s3.fr-par.scw.cloud/
    method: DELETE
  response:
    body: ""
    headers:
      Content-Length:
      - "0"
      Content-Type:
      - text/html; charset=UTF-8
      Date:
      - Thu, 10 Nov 2022 10:19:11 GMT
      X-Amz-Id-2:
      - tx21f2c3568ff749a3ba1b4-00636cd014
      X-Amz-Request-Id:
      - tx21f2c3568ff749a3ba1b4-00636cd014
    status: 204 No Content
    code: 204
    duration: ""
