---
version: 1
interactions:
- request:
    body: '{"project":"ee7bd9e1-9cbd-4724-b2f4-19e50f3cf38b"}'
    form: {}
    headers:
      Content-Type:
      - application/json
      User-Agent:
      - scaleway-sdk-go/v1.0.0-beta.7+dev (go1.18.2; linux; amd64) terraform-provider/develop
        terraform/terraform-tests
    url: https://api.scaleway.com/instance/v1/zones/fr-par-2/ips
    method: POST
  response:
    body: '{"ip": {"id": "07eae38f-a230-4586-9d58-1d1476f2d07b", "address": "51.159.151.134",
      "reverse": null, "server": null, "organization": "ee7bd9e1-9cbd-4724-b2f4-19e50f3cf38b",
      "project": "ee7bd9e1-9cbd-4724-b2f4-19e50f3cf38b", "zone": "fr-par-2", "tags":
      []}}'
    headers:
      Content-Length:
      - "255"
      Content-Security-Policy:
      - default-src 'none'; frame-ancestors 'none'
      Content-Type:
      - application/json
      Date:
      - Fri, 17 Jun 2022 12:19:40 GMT
      Location:
      - https://api.scaleway.com/instance/v1/zones/fr-par-2/ips/07eae38f-a230-4586-9d58-1d1476f2d07b
      Server:
      - Scaleway API-Gateway
      Strict-Transport-Security:
      - max-age=63072000
      X-Content-Type-Options:
      - nosniff
      X-Frame-Options:
      - DENY
      X-Request-Id:
      - 4afee824-2803-45c0-959e-9ab251afad77
    status: 201 Created
    code: 201
    duration: ""
- request:
    body: ""
    form: {}
    headers:
      User-Agent:
      - scaleway-sdk-go/v1.0.0-beta.7+dev (go1.18.2; linux; amd64) terraform-provider/develop
        terraform/terraform-tests
    url: https://api.scaleway.com/instance/v1/zones/fr-par-2/ips/07eae38f-a230-4586-9d58-1d1476f2d07b
    method: GET
  response:
    body: '{"ip": {"id": "07eae38f-a230-4586-9d58-1d1476f2d07b", "address": "51.159.151.134",
      "reverse": null, "server": null, "organization": "ee7bd9e1-9cbd-4724-b2f4-19e50f3cf38b",
      "project": "ee7bd9e1-9cbd-4724-b2f4-19e50f3cf38b", "zone": "fr-par-2", "tags":
      []}}'
    headers:
      Content-Length:
      - "255"
      Content-Security-Policy:
      - default-src 'none'; frame-ancestors 'none'
      Content-Type:
      - application/json
      Date:
      - Fri, 17 Jun 2022 12:19:40 GMT
      Server:
      - Scaleway API-Gateway
      Strict-Transport-Security:
      - max-age=63072000
      X-Content-Type-Options:
      - nosniff
      X-Frame-Options:
      - DENY
      X-Request-Id:
      - 317ddc29-a10a-4140-a549-a3986ce6b22c
    status: 200 OK
    code: 200
    duration: ""
- request:
    body: '{"project":"ee7bd9e1-9cbd-4724-b2f4-19e50f3cf38b"}'
    form: {}
    headers:
      Content-Type:
      - application/json
      User-Agent:
      - scaleway-sdk-go/v1.0.0-beta.7+dev (go1.18.2; linux; amd64) terraform-provider/develop
        terraform/terraform-tests
    url: https://api.scaleway.com/instance/v1/zones/fr-par-1/ips
    method: POST
  response:
    body: '{"ip": {"id": "2604d01e-ccd4-4ea0-820f-024339ea4b54", "address": "51.158.71.87",
      "reverse": null, "server": null, "organization": "ee7bd9e1-9cbd-4724-b2f4-19e50f3cf38b",
      "project": "ee7bd9e1-9cbd-4724-b2f4-19e50f3cf38b", "zone": "fr-par-1", "tags":
      []}}'
    headers:
      Content-Length:
      - "253"
      Content-Security-Policy:
      - default-src 'none'; frame-ancestors 'none'
      Content-Type:
      - application/json
      Date:
      - Fri, 17 Jun 2022 12:19:40 GMT
      Location:
      - https://api.scaleway.com/instance/v1/zones/fr-par-1/ips/2604d01e-ccd4-4ea0-820f-024339ea4b54
      Server:
      - Scaleway API-Gateway
      Strict-Transport-Security:
      - max-age=63072000
      X-Content-Type-Options:
      - nosniff
      X-Frame-Options:
      - DENY
      X-Request-Id:
      - 6fe4b47e-aa60-4048-a416-0e901729ffc4
    status: 201 Created
    code: 201
    duration: ""
- request:
    body: ""
    form: {}
    headers:
      User-Agent:
      - scaleway-sdk-go/v1.0.0-beta.7+dev (go1.18.2; linux; amd64) terraform-provider/develop
        terraform/terraform-tests
    url: https://api.scaleway.com/instance/v1/zones/fr-par-1/ips/2604d01e-ccd4-4ea0-820f-024339ea4b54
    method: GET
  response:
    body: '{"ip": {"id": "2604d01e-ccd4-4ea0-820f-024339ea4b54", "address": "51.158.71.87",
      "reverse": null, "server": null, "organization": "ee7bd9e1-9cbd-4724-b2f4-19e50f3cf38b",
      "project": "ee7bd9e1-9cbd-4724-b2f4-19e50f3cf38b", "zone": "fr-par-1", "tags":
      []}}'
    headers:
      Content-Length:
      - "253"
      Content-Security-Policy:
      - default-src 'none'; frame-ancestors 'none'
      Content-Type:
      - application/json
      Date:
      - Fri, 17 Jun 2022 12:19:41 GMT
      Server:
      - Scaleway API-Gateway
      Strict-Transport-Security:
      - max-age=63072000
      X-Content-Type-Options:
      - nosniff
      X-Frame-Options:
      - DENY
      X-Request-Id:
      - f49695ca-9bb3-494b-a32c-f9c78e31bcfc
    status: 200 OK
    code: 200
    duration: ""
- request:
    body: ""
    form: {}
    headers:
      User-Agent:
      - scaleway-sdk-go/v1.0.0-beta.7+dev (go1.18.2; linux; amd64) terraform-provider/develop
        terraform/terraform-tests
    url: https://api.scaleway.com/instance/v1/zones/fr-par-2/ips/07eae38f-a230-4586-9d58-1d1476f2d07b
    method: GET
  response:
    body: '{"ip": {"id": "07eae38f-a230-4586-9d58-1d1476f2d07b", "address": "51.159.151.134",
      "reverse": null, "server": null, "organization": "ee7bd9e1-9cbd-4724-b2f4-19e50f3cf38b",
      "project": "ee7bd9e1-9cbd-4724-b2f4-19e50f3cf38b", "zone": "fr-par-2", "tags":
      []}}'
    headers:
      Content-Length:
      - "255"
      Content-Security-Policy:
      - default-src 'none'; frame-ancestors 'none'
      Content-Type:
      - application/json
      Date:
      - Fri, 17 Jun 2022 12:19:41 GMT
      Server:
      - Scaleway API-Gateway
      Strict-Transport-Security:
      - max-age=63072000
      X-Content-Type-Options:
      - nosniff
      X-Frame-Options:
      - DENY
      X-Request-Id:
      - 20e793e5-8227-4eab-a88c-67cf3460d408
    status: 200 OK
    code: 200
    duration: ""
- request:
    body: ""
    form: {}
    headers:
      User-Agent:
      - scaleway-sdk-go/v1.0.0-beta.7+dev (go1.18.2; linux; amd64) terraform-provider/develop
        terraform/terraform-tests
    url: https://api.scaleway.com/instance/v1/zones/fr-par-1/ips/2604d01e-ccd4-4ea0-820f-024339ea4b54
    method: GET
  response:
    body: '{"ip": {"id": "2604d01e-ccd4-4ea0-820f-024339ea4b54", "address": "51.158.71.87",
      "reverse": null, "server": null, "organization": "ee7bd9e1-9cbd-4724-b2f4-19e50f3cf38b",
      "project": "ee7bd9e1-9cbd-4724-b2f4-19e50f3cf38b", "zone": "fr-par-1", "tags":
      []}}'
    headers:
      Content-Length:
      - "253"
      Content-Security-Policy:
      - default-src 'none'; frame-ancestors 'none'
      Content-Type:
      - application/json
      Date:
      - Fri, 17 Jun 2022 12:19:41 GMT
      Server:
      - Scaleway API-Gateway
      Strict-Transport-Security:
      - max-age=63072000
      X-Content-Type-Options:
      - nosniff
      X-Frame-Options:
      - DENY
      X-Request-Id:
      - 0cc17a72-bae3-4234-bb9f-d6a86e9edaf9
    status: 200 OK
    code: 200
    duration: ""
- request:
    body: ""
    form: {}
    headers:
      User-Agent:
      - scaleway-sdk-go/v1.0.0-beta.7+dev (go1.18.2; linux; amd64) terraform-provider/develop
        terraform/terraform-tests
    url: https://api.scaleway.com/instance/v1/zones/fr-par-2/ips/07eae38f-a230-4586-9d58-1d1476f2d07b
    method: GET
  response:
    body: '{"ip": {"id": "07eae38f-a230-4586-9d58-1d1476f2d07b", "address": "51.159.151.134",
      "reverse": null, "server": null, "organization": "ee7bd9e1-9cbd-4724-b2f4-19e50f3cf38b",
      "project": "ee7bd9e1-9cbd-4724-b2f4-19e50f3cf38b", "zone": "fr-par-2", "tags":
      []}}'
    headers:
      Content-Length:
      - "255"
      Content-Security-Policy:
      - default-src 'none'; frame-ancestors 'none'
      Content-Type:
      - application/json
      Date:
      - Fri, 17 Jun 2022 12:19:41 GMT
      Server:
      - Scaleway API-Gateway
      Strict-Transport-Security:
      - max-age=63072000
      X-Content-Type-Options:
      - nosniff
      X-Frame-Options:
      - DENY
      X-Request-Id:
      - ab86ed81-cb3b-4693-911a-ee7c36dc5f91
    status: 200 OK
    code: 200
    duration: ""
- request:
    body: ""
    form: {}
    headers:
      User-Agent:
      - scaleway-sdk-go/v1.0.0-beta.7+dev (go1.18.2; linux; amd64) terraform-provider/develop
        terraform/terraform-tests
    url: https://api.scaleway.com/instance/v1/zones/fr-par-1/ips/2604d01e-ccd4-4ea0-820f-024339ea4b54
    method: GET
  response:
    body: '{"ip": {"id": "2604d01e-ccd4-4ea0-820f-024339ea4b54", "address": "51.158.71.87",
      "reverse": null, "server": null, "organization": "ee7bd9e1-9cbd-4724-b2f4-19e50f3cf38b",
      "project": "ee7bd9e1-9cbd-4724-b2f4-19e50f3cf38b", "zone": "fr-par-1", "tags":
      []}}'
    headers:
      Content-Length:
      - "253"
      Content-Security-Policy:
      - default-src 'none'; frame-ancestors 'none'
      Content-Type:
      - application/json
      Date:
      - Fri, 17 Jun 2022 12:19:41 GMT
      Server:
      - Scaleway API-Gateway
      Strict-Transport-Security:
      - max-age=63072000
      X-Content-Type-Options:
      - nosniff
      X-Frame-Options:
      - DENY
      X-Request-Id:
      - dbbcfac9-6d66-4444-8aa9-5b3dd03055cd
    status: 200 OK
    code: 200
    duration: ""
- request:
    body: ""
    form: {}
    headers:
      User-Agent:
      - scaleway-sdk-go/v1.0.0-beta.7+dev (go1.18.2; linux; amd64) terraform-provider/develop
        terraform/terraform-tests
    url: https://api.scaleway.com/instance/v1/zones/fr-par-1/ips/2604d01e-ccd4-4ea0-820f-024339ea4b54
    method: DELETE
  response:
    body: ""
    headers:
      Content-Security-Policy:
      - default-src 'none'; frame-ancestors 'none'
      Date:
      - Fri, 17 Jun 2022 12:19:42 GMT
      Server:
      - Scaleway API-Gateway
      Strict-Transport-Security:
      - max-age=63072000
      X-Content-Type-Options:
      - nosniff
      X-Frame-Options:
      - DENY
      X-Request-Id:
      - 357da358-e606-4606-bf21-af842ecf2c9d
    status: 204 No Content
    code: 204
    duration: ""
- request:
    body: ""
    form: {}
    headers:
      User-Agent:
      - scaleway-sdk-go/v1.0.0-beta.7+dev (go1.18.2; linux; amd64) terraform-provider/develop
        terraform/terraform-tests
    url: https://api.scaleway.com/instance/v1/zones/fr-par-2/ips/07eae38f-a230-4586-9d58-1d1476f2d07b
    method: DELETE
  response:
    body: ""
    headers:
      Content-Security-Policy:
      - default-src 'none'; frame-ancestors 'none'
      Date:
      - Fri, 17 Jun 2022 12:19:42 GMT
      Server:
      - Scaleway API-Gateway
      Strict-Transport-Security:
      - max-age=63072000
      X-Content-Type-Options:
      - nosniff
      X-Frame-Options:
      - DENY
      X-Request-Id:
      - 9f5317b6-36b0-4e95-ba0e-86902fdc80fd
    status: 204 No Content
    code: 204
    duration: ""
