---
version: 1
interactions:
- request:
    body: '{"project_id":"951df375-e094-4d26-97c1-ba548eeb9c42","name":"TestAccScalewayRdbPrivilege_Basic","engine":"PostgreSQL-11","user_name":"my_initial_user","password":"thiZ_is_v\u0026ry_s3cret","node_type":"DB-DEV-S","is_ha_cluster":false,"disable_backup":true,"tags":null,"init_settings":null,"volume_type":"lssd","volume_size":0,"init_endpoints":[{"load_balancer":{}}],"backup_same_region":false}'
    form: {}
    headers:
      Content-Type:
      - application/json
      User-Agent:
      - scaleway-sdk-go/v1.0.0-beta.7+dev (go1.18.2; darwin; amd64) terraform-provider/develop
        terraform/terraform-tests
    url: https://api.scaleway.com/rdb/v1/regions/fr-par/instances
    method: POST
  response:
    body: '{"id":"0084506f-b380-45c8-8476-02d43bfdd166","name":"TestAccScalewayRdbPrivilege_Basic","organization_id":"951df375-e094-4d26-97c1-ba548eeb9c42","project_id":"951df375-e094-4d26-97c1-ba548eeb9c42","status":"provisioning","engine":"PostgreSQL-11","endpoint":null,"tags":[],"settings":[],"backup_schedule":{"frequency":24,"retention":7,"disabled":true},"is_ha_cluster":false,"read_replicas":[],"node_type":"db-dev-s","volume":{"type":"lssd","size":5000000000},"init_settings":[],"endpoints":[],"logs_policy":{"max_age_retention":30,"total_disk_retention":null},"backup_same_region":false,"maintenances":[],"created_at":"2022-05-11T13:26:52.910499Z","region":"fr-par"}'
    headers:
      Content-Length:
      - "665"
      Content-Security-Policy:
      - default-src 'none'; frame-ancestors 'none'
      Content-Type:
      - application/json
      Date:
      - Wed, 11 May 2022 13:26:53 GMT
      Server:
      - Scaleway API-Gateway
      Strict-Transport-Security:
      - max-age=63072000
      X-Content-Type-Options:
      - nosniff
      X-Frame-Options:
      - DENY
      X-Request-Id:
      - a5809de6-6376-4f5f-8e08-c89e24259cc0
    status: 200 OK
    code: 200
    duration: ""
- request:
    body: ""
    form: {}
    headers:
      User-Agent:
      - scaleway-sdk-go/v1.0.0-beta.7+dev (go1.18.2; darwin; amd64) terraform-provider/develop
        terraform/terraform-tests
    url: https://api.scaleway.com/rdb/v1/regions/fr-par/instances/0084506f-b380-45c8-8476-02d43bfdd166
    method: GET
  response:
    body: '{"id":"0084506f-b380-45c8-8476-02d43bfdd166","name":"TestAccScalewayRdbPrivilege_Basic","organization_id":"951df375-e094-4d26-97c1-ba548eeb9c42","project_id":"951df375-e094-4d26-97c1-ba548eeb9c42","status":"provisioning","engine":"PostgreSQL-11","endpoint":null,"tags":[],"settings":[],"backup_schedule":{"frequency":24,"retention":7,"disabled":true},"is_ha_cluster":false,"read_replicas":[],"node_type":"db-dev-s","volume":{"type":"lssd","size":5000000000},"init_settings":[],"endpoints":[],"logs_policy":{"max_age_retention":30,"total_disk_retention":null},"backup_same_region":false,"maintenances":[],"created_at":"2022-05-11T13:26:52.910499Z","region":"fr-par"}'
    headers:
      Content-Length:
      - "665"
      Content-Security-Policy:
      - default-src 'none'; frame-ancestors 'none'
      Content-Type:
      - application/json
      Date:
      - Wed, 11 May 2022 13:26:53 GMT
      Server:
      - Scaleway API-Gateway
      Strict-Transport-Security:
      - max-age=63072000
      X-Content-Type-Options:
      - nosniff
      X-Frame-Options:
      - DENY
      X-Request-Id:
      - a47ac893-d8b2-410d-987f-6b3889c8a3e5
    status: 200 OK
    code: 200
    duration: ""
- request:
    body: ""
    form: {}
    headers:
      User-Agent:
      - scaleway-sdk-go/v1.0.0-beta.7+dev (go1.18.2; darwin; amd64) terraform-provider/develop
        terraform/terraform-tests
    url: https://api.scaleway.com/rdb/v1/regions/fr-par/instances/0084506f-b380-45c8-8476-02d43bfdd166
    method: GET
  response:
    body: '{"id":"0084506f-b380-45c8-8476-02d43bfdd166","name":"TestAccScalewayRdbPrivilege_Basic","organization_id":"951df375-e094-4d26-97c1-ba548eeb9c42","project_id":"951df375-e094-4d26-97c1-ba548eeb9c42","status":"provisioning","engine":"PostgreSQL-11","endpoint":null,"tags":[],"settings":[],"backup_schedule":{"frequency":24,"retention":7,"disabled":true},"is_ha_cluster":false,"read_replicas":[],"node_type":"db-dev-s","volume":{"type":"lssd","size":5000000000},"init_settings":[],"endpoints":[],"logs_policy":{"max_age_retention":30,"total_disk_retention":null},"backup_same_region":false,"maintenances":[],"created_at":"2022-05-11T13:26:52.910499Z","region":"fr-par"}'
    headers:
      Content-Length:
      - "665"
      Content-Security-Policy:
      - default-src 'none'; frame-ancestors 'none'
      Content-Type:
      - application/json
      Date:
      - Wed, 11 May 2022 13:27:23 GMT
      Server:
      - Scaleway API-Gateway
      Strict-Transport-Security:
      - max-age=63072000
      X-Content-Type-Options:
      - nosniff
      X-Frame-Options:
      - DENY
      X-Request-Id:
      - 54b16f2c-fbbf-4012-83e0-e8d7c27f86b7
    status: 200 OK
    code: 200
    duration: ""
- request:
    body: ""
    form: {}
    headers:
      User-Agent:
      - scaleway-sdk-go/v1.0.0-beta.7+dev (go1.18.2; darwin; amd64) terraform-provider/develop
        terraform/terraform-tests
    url: https://api.scaleway.com/rdb/v1/regions/fr-par/instances/0084506f-b380-45c8-8476-02d43bfdd166
    method: GET
  response:
    body: '{"id":"0084506f-b380-45c8-8476-02d43bfdd166","name":"TestAccScalewayRdbPrivilege_Basic","organization_id":"951df375-e094-4d26-97c1-ba548eeb9c42","project_id":"951df375-e094-4d26-97c1-ba548eeb9c42","status":"initializing","engine":"PostgreSQL-11","endpoint":null,"tags":[],"settings":[],"backup_schedule":{"frequency":24,"retention":7,"disabled":true},"is_ha_cluster":false,"read_replicas":[],"node_type":"db-dev-s","volume":{"type":"lssd","size":5000000000},"init_settings":[],"endpoints":[],"logs_policy":{"max_age_retention":30,"total_disk_retention":null},"backup_same_region":false,"maintenances":[],"created_at":"2022-05-11T13:26:52.910499Z","region":"fr-par"}'
    headers:
      Content-Length:
      - "665"
      Content-Security-Policy:
      - default-src 'none'; frame-ancestors 'none'
      Content-Type:
      - application/json
      Date:
      - Wed, 11 May 2022 13:27:53 GMT
      Server:
      - Scaleway API-Gateway
      Strict-Transport-Security:
      - max-age=63072000
      X-Content-Type-Options:
      - nosniff
      X-Frame-Options:
      - DENY
      X-Request-Id:
      - 01036d2a-833b-4557-a162-9b983a92adeb
    status: 200 OK
    code: 200
    duration: ""
- request:
    body: ""
    form: {}
    headers:
      User-Agent:
      - scaleway-sdk-go/v1.0.0-beta.7+dev (go1.18.2; darwin; amd64) terraform-provider/develop
        terraform/terraform-tests
    url: https://api.scaleway.com/rdb/v1/regions/fr-par/instances/0084506f-b380-45c8-8476-02d43bfdd166
    method: GET
  response:
    body: '{"id":"0084506f-b380-45c8-8476-02d43bfdd166","name":"TestAccScalewayRdbPrivilege_Basic","organization_id":"951df375-e094-4d26-97c1-ba548eeb9c42","project_id":"951df375-e094-4d26-97c1-ba548eeb9c42","status":"initializing","engine":"PostgreSQL-11","endpoint":null,"tags":[],"settings":[],"backup_schedule":{"frequency":24,"retention":7,"disabled":true},"is_ha_cluster":false,"read_replicas":[],"node_type":"db-dev-s","volume":{"type":"lssd","size":5000000000},"init_settings":[],"endpoints":[],"logs_policy":{"max_age_retention":30,"total_disk_retention":null},"backup_same_region":false,"maintenances":[],"created_at":"2022-05-11T13:26:52.910499Z","region":"fr-par"}'
    headers:
      Content-Length:
      - "665"
      Content-Security-Policy:
      - default-src 'none'; frame-ancestors 'none'
      Content-Type:
      - application/json
      Date:
      - Wed, 11 May 2022 13:28:23 GMT
      Server:
      - Scaleway API-Gateway
      Strict-Transport-Security:
      - max-age=63072000
      X-Content-Type-Options:
      - nosniff
      X-Frame-Options:
      - DENY
      X-Request-Id:
      - 91ad853c-02a2-4e27-abc0-579558ae727a
    status: 200 OK
    code: 200
    duration: ""
- request:
    body: ""
    form: {}
    headers:
      User-Agent:
      - scaleway-sdk-go/v1.0.0-beta.7+dev (go1.18.2; darwin; amd64) terraform-provider/develop
        terraform/terraform-tests
    url: https://api.scaleway.com/rdb/v1/regions/fr-par/instances/0084506f-b380-45c8-8476-02d43bfdd166
    method: GET
  response:
    body: '{"id":"0084506f-b380-45c8-8476-02d43bfdd166","name":"TestAccScalewayRdbPrivilege_Basic","organization_id":"951df375-e094-4d26-97c1-ba548eeb9c42","project_id":"951df375-e094-4d26-97c1-ba548eeb9c42","status":"initializing","engine":"PostgreSQL-11","endpoint":null,"tags":[],"settings":[],"backup_schedule":{"frequency":24,"retention":7,"disabled":true},"is_ha_cluster":false,"read_replicas":[],"node_type":"db-dev-s","volume":{"type":"lssd","size":5000000000},"init_settings":[],"endpoints":[],"logs_policy":{"max_age_retention":30,"total_disk_retention":null},"backup_same_region":false,"maintenances":[],"created_at":"2022-05-11T13:26:52.910499Z","region":"fr-par"}'
    headers:
      Content-Length:
      - "665"
      Content-Security-Policy:
      - default-src 'none'; frame-ancestors 'none'
      Content-Type:
      - application/json
      Date:
      - Wed, 11 May 2022 13:28:53 GMT
      Server:
      - Scaleway API-Gateway
      Strict-Transport-Security:
      - max-age=63072000
      X-Content-Type-Options:
      - nosniff
      X-Frame-Options:
      - DENY
      X-Request-Id:
      - 09b6dfcd-04e0-4032-9adb-d8b550fb4786
    status: 200 OK
    code: 200
    duration: ""
- request:
    body: ""
    form: {}
    headers:
      User-Agent:
      - scaleway-sdk-go/v1.0.0-beta.7+dev (go1.18.2; darwin; amd64) terraform-provider/develop
        terraform/terraform-tests
    url: https://api.scaleway.com/rdb/v1/regions/fr-par/instances/0084506f-b380-45c8-8476-02d43bfdd166
    method: GET
  response:
    body: '{"id":"0084506f-b380-45c8-8476-02d43bfdd166","name":"TestAccScalewayRdbPrivilege_Basic","organization_id":"951df375-e094-4d26-97c1-ba548eeb9c42","project_id":"951df375-e094-4d26-97c1-ba548eeb9c42","status":"initializing","engine":"PostgreSQL-11","endpoint":null,"tags":[],"settings":[],"backup_schedule":{"frequency":24,"retention":7,"disabled":true},"is_ha_cluster":false,"read_replicas":[],"node_type":"db-dev-s","volume":{"type":"lssd","size":5000000000},"init_settings":[],"endpoints":[],"logs_policy":{"max_age_retention":30,"total_disk_retention":null},"backup_same_region":false,"maintenances":[],"created_at":"2022-05-11T13:26:52.910499Z","region":"fr-par"}'
    headers:
      Content-Length:
      - "665"
      Content-Security-Policy:
      - default-src 'none'; frame-ancestors 'none'
      Content-Type:
      - application/json
      Date:
      - Wed, 11 May 2022 13:29:24 GMT
      Server:
      - Scaleway API-Gateway
      Strict-Transport-Security:
      - max-age=63072000
      X-Content-Type-Options:
      - nosniff
      X-Frame-Options:
      - DENY
      X-Request-Id:
      - 61066cea-d46c-4416-886c-fb15e9bda28c
    status: 200 OK
    code: 200
    duration: ""
- request:
    body: ""
    form: {}
    headers:
      User-Agent:
      - scaleway-sdk-go/v1.0.0-beta.7+dev (go1.18.2; darwin; amd64) terraform-provider/develop
        terraform/terraform-tests
    url: https://api.scaleway.com/rdb/v1/regions/fr-par/instances/0084506f-b380-45c8-8476-02d43bfdd166
    method: GET
  response:
    body: '{"id":"0084506f-b380-45c8-8476-02d43bfdd166","name":"TestAccScalewayRdbPrivilege_Basic","organization_id":"951df375-e094-4d26-97c1-ba548eeb9c42","project_id":"951df375-e094-4d26-97c1-ba548eeb9c42","status":"ready","engine":"PostgreSQL-11","endpoint":{"ip":"51.159.25.71","port":53940,"name":null,"id":"94d38845-e948-4e9d-93f4-4b017369ada2","load_balancer":{}},"tags":[],"settings":[{"name":"work_mem","value":"4"},{"name":"max_connections","value":"100"},{"name":"effective_cache_size","value":"1300"},{"name":"maintenance_work_mem","value":"150"},{"name":"max_parallel_workers","value":"0"},{"name":"max_parallel_workers_per_gather","value":"0"}],"backup_schedule":{"frequency":24,"retention":7,"disabled":true},"is_ha_cluster":false,"read_replicas":[],"node_type":"db-dev-s","volume":{"type":"lssd","size":5000000000},"init_settings":[],"endpoints":[{"ip":"51.159.25.71","port":53940,"name":null,"id":"94d38845-e948-4e9d-93f4-4b017369ada2","load_balancer":{}}],"logs_policy":{"max_age_retention":30,"total_disk_retention":null},"backup_same_region":false,"maintenances":[],"created_at":"2022-05-11T13:26:52.910499Z","region":"fr-par"}'
    headers:
      Content-Length:
      - "1136"
      Content-Security-Policy:
      - default-src 'none'; frame-ancestors 'none'
      Content-Type:
      - application/json
      Date:
      - Wed, 11 May 2022 13:29:54 GMT
      Server:
      - Scaleway API-Gateway
      Strict-Transport-Security:
      - max-age=63072000
      X-Content-Type-Options:
      - nosniff
      X-Frame-Options:
      - DENY
      X-Request-Id:
      - a22bb35f-33a5-4443-b5d2-42442f4ff97c
    status: 200 OK
    code: 200
    duration: ""
- request:
    body: ""
    form: {}
    headers:
      User-Agent:
      - scaleway-sdk-go/v1.0.0-beta.7+dev (go1.18.2; darwin; amd64) terraform-provider/develop
        terraform/terraform-tests
    url: https://api.scaleway.com/rdb/v1/regions/fr-par/instances/0084506f-b380-45c8-8476-02d43bfdd166/certificate
    method: GET
  response:
    body: '{"name":"ssl_certificate","content_type":"application/x-pem-file","content":"LS0tLS1CRUdJTiBDRVJUSUZJQ0FURS0tLS0tCk1JSUQ5VENDQXQyZ0F3SUJBZ0lVSzFiN2FlUnNGVXBrYzZyWUlPcndxWkUrcENNd0RRWUpLb1pJaHZjTkFRRUwKQlFBd2dZY3hDekFKQmdOVkJBWVRBa1pTTVE0d0RBWURWUVFJREFWUVlYSnBjekVPTUF3R0ExVUVCd3dGVUdGeQphWE14RVRBUEJnTlZCQW9NQ0ZOallXeGxkMkY1TVVVd1F3WURWUVFERER4eWR5MHdNRGcwTlRBMlppMWlNemd3CkxUUTFZemd0T0RRM05pMHdNbVEwTTJKbVpHUXhOall1Y21SaUxtWnlMWEJoY2k1elkzY3VZMnh2ZFdRd0hoY04KTWpJd05URXhNVE15T0RJMVdoY05Nekl3TlRBNE1UTXlPREkxV2pDQmh6RUxNQWtHQTFVRUJoTUNSbEl4RGpBTQpCZ05WQkFnTUJWQmhjbWx6TVE0d0RBWURWUVFIREFWUVlYSnBjekVSTUE4R0ExVUVDZ3dJVTJOaGJHVjNZWGt4ClJUQkRCZ05WQkFNTVBISjNMVEF3T0RRMU1EWm1MV0l6T0RBdE5EVmpPQzA0TkRjMkxUQXlaRFF6WW1aa1pERTIKTmk1eVpHSXVabkl0Y0dGeUxuTmpkeTVqYkc5MVpEQ0NBU0l3RFFZSktvWklodmNOQVFFQkJRQURnZ0VQQURDQwpBUW9DZ2dFQkFLbkRyRGxpMk0xWExhZHNHMVBZbWNZN1c1dkFjYkRKOTFFNzNjYXFtVkd4dWZ2RWIzNXF4MXI2Cjl6azlxMU90Z2ZiaDlzWENUcnlaNnUwZWs3clNIOGlIcktCRFFGTzBidGQ4UHZWcm9taUMrRkk4d2k0Zjdsc3cKM29uUFYwNFBsQjRsOHc1ZHNsTmJmWTJUS3djaFgxNXdpbmpqVDc4NTRJZVA3NXUvVERpczhDaU4zckhJTGExUwphNjF0YXJRcVRZM200Vm8xckl2eC9GLy81dHpNR3Q0enpRU2JpNCtzNFYwWXhDZ2Q4ZzNhK1AwSDRzelcxcXlOCjVZd1R5ajBLanBtMEtGVjRKamtiV2JUc3NWUmRtQWxlaUtpcVIvTHptd0pEWmlvWjIxNjMxeDRWLzdKK0o0ZHAKQVhNZ21UR3FTN2orbmJrZ1Zpb2hpZ09LandCSUN5Y0NBd0VBQWFOWE1GVXdVd1lEVlIwUkJFd3dTb0k4Y25jdApNREE0TkRVd05tWXRZak00TUMwME5XTTRMVGcwTnpZdE1ESmtORE5pWm1Sa01UWTJMbkprWWk1bWNpMXdZWEl1CmMyTjNMbU5zYjNWa2h3VFVMK3cxaHdRem54bEhNQTBHQ1NxR1NJYjNEUUVCQ3dVQUE0SUJBUUF4Rjg4ZFZ2LzMKMXhSVGRGYWJFb0lBT3o0eC9lbkZrMlIrV3RicFRnOVFad0w1aGk3eG1CUmVoSHRJL1NTaFpVbVBZNFF5U1VNVwo1Y1RON2FUNkwvMXpKN3VMa21YNG1Bck56UGsxZTc5cFBobWxKS3lnWUFuWWFPWW90R2xZaitVUkE5VHZWcG9jCkMzQkkzbHNVeG4rcXJQbFd1OFZVbGJoRTRzSHNZZHJud2NuOFFpeWdhYVJMSjhucVRQNzJINi83UjhtWXN3NksKaDZvM2xhbC9LeXc5anFySlhFYWhrTENWamZ6c3RDV05jNmt5WFJkdFFReDRrZU5PZWQ2emNIRnE0d2QrRkpWSApDTVhMeHFIUHVSTHRFdzdoWTFlU1hkMkpDVmNwajUzNE1YdTZPTkQxb0VNcndRLy84U01UOEFGVG1hdmZKOFdoClVzbVhubHJFaWkrQgotLS0tLUVORCBDRVJUSUZJQ0FURS0tLS0tCg=="}'
    headers:
      Content-Length:
      - "1991"
      Content-Security-Policy:
      - default-src 'none'; frame-ancestors 'none'
      Content-Type:
      - application/json
      Date:
      - Wed, 11 May 2022 13:29:54 GMT
      Server:
      - Scaleway API-Gateway
      Strict-Transport-Security:
      - max-age=63072000
      X-Content-Type-Options:
      - nosniff
      X-Frame-Options:
      - DENY
      X-Request-Id:
      - 0c9b6552-cb82-4908-a1a0-36e126153061
    status: 200 OK
    code: 200
    duration: ""
- request:
    body: ""
    form: {}
    headers:
      User-Agent:
      - scaleway-sdk-go/v1.0.0-beta.7+dev (go1.18.2; darwin; amd64) terraform-provider/develop
        terraform/terraform-tests
    url: https://api.scaleway.com/rdb/v1/regions/fr-par/instances/0084506f-b380-45c8-8476-02d43bfdd166
    method: GET
  response:
    body: '{"id":"0084506f-b380-45c8-8476-02d43bfdd166","name":"TestAccScalewayRdbPrivilege_Basic","organization_id":"951df375-e094-4d26-97c1-ba548eeb9c42","project_id":"951df375-e094-4d26-97c1-ba548eeb9c42","status":"ready","engine":"PostgreSQL-11","endpoint":{"ip":"51.159.25.71","port":53940,"name":null,"id":"94d38845-e948-4e9d-93f4-4b017369ada2","load_balancer":{}},"tags":[],"settings":[{"name":"work_mem","value":"4"},{"name":"max_connections","value":"100"},{"name":"effective_cache_size","value":"1300"},{"name":"maintenance_work_mem","value":"150"},{"name":"max_parallel_workers","value":"0"},{"name":"max_parallel_workers_per_gather","value":"0"}],"backup_schedule":{"frequency":24,"retention":7,"disabled":true},"is_ha_cluster":false,"read_replicas":[],"node_type":"db-dev-s","volume":{"type":"lssd","size":5000000000},"init_settings":[],"endpoints":[{"ip":"51.159.25.71","port":53940,"name":null,"id":"94d38845-e948-4e9d-93f4-4b017369ada2","load_balancer":{}}],"logs_policy":{"max_age_retention":30,"total_disk_retention":null},"backup_same_region":false,"maintenances":[],"created_at":"2022-05-11T13:26:52.910499Z","region":"fr-par"}'
    headers:
      Content-Length:
      - "1136"
      Content-Security-Policy:
      - default-src 'none'; frame-ancestors 'none'
      Content-Type:
      - application/json
      Date:
      - Wed, 11 May 2022 13:29:54 GMT
      Server:
      - Scaleway API-Gateway
      Strict-Transport-Security:
      - max-age=63072000
      X-Content-Type-Options:
      - nosniff
      X-Frame-Options:
      - DENY
      X-Request-Id:
      - 8e3a1902-26b0-4ffe-8fc3-f8f7aa375fc1
    status: 200 OK
    code: 200
    duration: ""
- request:
    body: ""
    form: {}
    headers:
      User-Agent:
      - scaleway-sdk-go/v1.0.0-beta.7+dev (go1.18.2; darwin; amd64) terraform-provider/develop
        terraform/terraform-tests
    url: https://api.scaleway.com/rdb/v1/regions/fr-par/instances/0084506f-b380-45c8-8476-02d43bfdd166
    method: GET
  response:
    body: '{"id":"0084506f-b380-45c8-8476-02d43bfdd166","name":"TestAccScalewayRdbPrivilege_Basic","organization_id":"951df375-e094-4d26-97c1-ba548eeb9c42","project_id":"951df375-e094-4d26-97c1-ba548eeb9c42","status":"ready","engine":"PostgreSQL-11","endpoint":{"ip":"51.159.25.71","port":53940,"name":null,"id":"94d38845-e948-4e9d-93f4-4b017369ada2","load_balancer":{}},"tags":[],"settings":[{"name":"work_mem","value":"4"},{"name":"max_connections","value":"100"},{"name":"effective_cache_size","value":"1300"},{"name":"maintenance_work_mem","value":"150"},{"name":"max_parallel_workers","value":"0"},{"name":"max_parallel_workers_per_gather","value":"0"}],"backup_schedule":{"frequency":24,"retention":7,"disabled":true},"is_ha_cluster":false,"read_replicas":[],"node_type":"db-dev-s","volume":{"type":"lssd","size":5000000000},"init_settings":[],"endpoints":[{"ip":"51.159.25.71","port":53940,"name":null,"id":"94d38845-e948-4e9d-93f4-4b017369ada2","load_balancer":{}}],"logs_policy":{"max_age_retention":30,"total_disk_retention":null},"backup_same_region":false,"maintenances":[],"created_at":"2022-05-11T13:26:52.910499Z","region":"fr-par"}'
    headers:
      Content-Length:
      - "1136"
      Content-Security-Policy:
      - default-src 'none'; frame-ancestors 'none'
      Content-Type:
      - application/json
      Date:
      - Wed, 11 May 2022 13:29:54 GMT
      Server:
      - Scaleway API-Gateway
      Strict-Transport-Security:
      - max-age=63072000
      X-Content-Type-Options:
      - nosniff
      X-Frame-Options:
      - DENY
      X-Request-Id:
      - 8bf659ff-6221-4693-8850-ee89c02ae684
    status: 200 OK
    code: 200
    duration: ""
- request:
    body: ""
    form: {}
    headers:
      User-Agent:
      - scaleway-sdk-go/v1.0.0-beta.7+dev (go1.18.2; darwin; amd64) terraform-provider/develop
        terraform/terraform-tests
    url: https://api.scaleway.com/rdb/v1/regions/fr-par/instances/0084506f-b380-45c8-8476-02d43bfdd166
    method: GET
  response:
    body: '{"id":"0084506f-b380-45c8-8476-02d43bfdd166","name":"TestAccScalewayRdbPrivilege_Basic","organization_id":"951df375-e094-4d26-97c1-ba548eeb9c42","project_id":"951df375-e094-4d26-97c1-ba548eeb9c42","status":"ready","engine":"PostgreSQL-11","endpoint":{"ip":"51.159.25.71","port":53940,"name":null,"id":"94d38845-e948-4e9d-93f4-4b017369ada2","load_balancer":{}},"tags":[],"settings":[{"name":"work_mem","value":"4"},{"name":"max_connections","value":"100"},{"name":"effective_cache_size","value":"1300"},{"name":"maintenance_work_mem","value":"150"},{"name":"max_parallel_workers","value":"0"},{"name":"max_parallel_workers_per_gather","value":"0"}],"backup_schedule":{"frequency":24,"retention":7,"disabled":true},"is_ha_cluster":false,"read_replicas":[],"node_type":"db-dev-s","volume":{"type":"lssd","size":5000000000},"init_settings":[],"endpoints":[{"ip":"51.159.25.71","port":53940,"name":null,"id":"94d38845-e948-4e9d-93f4-4b017369ada2","load_balancer":{}}],"logs_policy":{"max_age_retention":30,"total_disk_retention":null},"backup_same_region":false,"maintenances":[],"created_at":"2022-05-11T13:26:52.910499Z","region":"fr-par"}'
    headers:
      Content-Length:
      - "1136"
      Content-Security-Policy:
      - default-src 'none'; frame-ancestors 'none'
      Content-Type:
      - application/json
      Date:
      - Wed, 11 May 2022 13:29:54 GMT
      Server:
      - Scaleway API-Gateway
      Strict-Transport-Security:
      - max-age=63072000
      X-Content-Type-Options:
      - nosniff
      X-Frame-Options:
      - DENY
      X-Request-Id:
      - 6888d8c9-ff03-4e0b-aebb-7776f4901066
    status: 200 OK
    code: 200
    duration: ""
- request:
    body: ""
    form: {}
    headers:
      User-Agent:
      - scaleway-sdk-go/v1.0.0-beta.7+dev (go1.18.2; darwin; amd64) terraform-provider/develop
        terraform/terraform-tests
    url: https://api.scaleway.com/rdb/v1/regions/fr-par/instances/0084506f-b380-45c8-8476-02d43bfdd166
    method: GET
  response:
    body: '{"id":"0084506f-b380-45c8-8476-02d43bfdd166","name":"TestAccScalewayRdbPrivilege_Basic","organization_id":"951df375-e094-4d26-97c1-ba548eeb9c42","project_id":"951df375-e094-4d26-97c1-ba548eeb9c42","status":"ready","engine":"PostgreSQL-11","endpoint":{"ip":"51.159.25.71","port":53940,"name":null,"id":"94d38845-e948-4e9d-93f4-4b017369ada2","load_balancer":{}},"tags":[],"settings":[{"name":"work_mem","value":"4"},{"name":"max_connections","value":"100"},{"name":"effective_cache_size","value":"1300"},{"name":"maintenance_work_mem","value":"150"},{"name":"max_parallel_workers","value":"0"},{"name":"max_parallel_workers_per_gather","value":"0"}],"backup_schedule":{"frequency":24,"retention":7,"disabled":true},"is_ha_cluster":false,"read_replicas":[],"node_type":"db-dev-s","volume":{"type":"lssd","size":5000000000},"init_settings":[],"endpoints":[{"ip":"51.159.25.71","port":53940,"name":null,"id":"94d38845-e948-4e9d-93f4-4b017369ada2","load_balancer":{}}],"logs_policy":{"max_age_retention":30,"total_disk_retention":null},"backup_same_region":false,"maintenances":[],"created_at":"2022-05-11T13:26:52.910499Z","region":"fr-par"}'
    headers:
      Content-Length:
      - "1136"
      Content-Security-Policy:
      - default-src 'none'; frame-ancestors 'none'
      Content-Type:
      - application/json
      Date:
      - Wed, 11 May 2022 13:29:54 GMT
      Server:
      - Scaleway API-Gateway
      Strict-Transport-Security:
      - max-age=63072000
      X-Content-Type-Options:
      - nosniff
      X-Frame-Options:
      - DENY
      X-Request-Id:
      - 5d8b6bc4-1b14-4198-b6de-e125d36f9425
    status: 200 OK
    code: 200
    duration: ""
- request:
    body: '{"name":"user","password":"thiZ_is_v\u0026ry_s3cret","is_admin":false}'
    form: {}
    headers:
      Content-Type:
      - application/json
      User-Agent:
      - scaleway-sdk-go/v1.0.0-beta.7+dev (go1.18.2; darwin; amd64) terraform-provider/develop
        terraform/terraform-tests
    url: https://api.scaleway.com/rdb/v1/regions/fr-par/instances/0084506f-b380-45c8-8476-02d43bfdd166/users
    method: POST
  response:
    body: '{"name":"user","is_admin":false}'
    headers:
      Content-Length:
      - "32"
      Content-Security-Policy:
      - default-src 'none'; frame-ancestors 'none'
      Content-Type:
      - application/json
      Date:
      - Wed, 11 May 2022 13:29:54 GMT
      Server:
      - Scaleway API-Gateway
      Strict-Transport-Security:
      - max-age=63072000
      X-Content-Type-Options:
      - nosniff
      X-Frame-Options:
      - DENY
      X-Request-Id:
      - e25b31c7-3b89-4d29-83d7-dd3d2474945c
    status: 200 OK
    code: 200
    duration: ""
- request:
    body: '{"name":"application","password":"thiZ_is_v\u0026ry_s3cret","is_admin":false}'
    form: {}
    headers:
      Content-Type:
      - application/json
      User-Agent:
      - scaleway-sdk-go/v1.0.0-beta.7+dev (go1.18.2; darwin; amd64) terraform-provider/develop
        terraform/terraform-tests
    url: https://api.scaleway.com/rdb/v1/regions/fr-par/instances/0084506f-b380-45c8-8476-02d43bfdd166/users
    method: POST
  response:
    body: '{"name":"application","is_admin":false}'
    headers:
      Content-Length:
      - "39"
      Content-Security-Policy:
      - default-src 'none'; frame-ancestors 'none'
      Content-Type:
      - application/json
      Date:
      - Wed, 11 May 2022 13:29:54 GMT
      Server:
      - Scaleway API-Gateway
      Strict-Transport-Security:
      - max-age=63072000
      X-Content-Type-Options:
      - nosniff
      X-Frame-Options:
      - DENY
      X-Request-Id:
      - 4514f7e5-3800-4c00-a1d6-ff9d97b0067b
    status: 200 OK
    code: 200
    duration: ""
- request:
    body: ""
    form: {}
    headers:
      User-Agent:
      - scaleway-sdk-go/v1.0.0-beta.7+dev (go1.18.2; darwin; amd64) terraform-provider/develop
        terraform/terraform-tests
    url: https://api.scaleway.com/rdb/v1/regions/fr-par/instances/0084506f-b380-45c8-8476-02d43bfdd166
    method: GET
  response:
    body: '{"id":"0084506f-b380-45c8-8476-02d43bfdd166","name":"TestAccScalewayRdbPrivilege_Basic","organization_id":"951df375-e094-4d26-97c1-ba548eeb9c42","project_id":"951df375-e094-4d26-97c1-ba548eeb9c42","status":"ready","engine":"PostgreSQL-11","endpoint":{"ip":"51.159.25.71","port":53940,"name":null,"id":"94d38845-e948-4e9d-93f4-4b017369ada2","load_balancer":{}},"tags":[],"settings":[{"name":"work_mem","value":"4"},{"name":"max_connections","value":"100"},{"name":"effective_cache_size","value":"1300"},{"name":"maintenance_work_mem","value":"150"},{"name":"max_parallel_workers","value":"0"},{"name":"max_parallel_workers_per_gather","value":"0"}],"backup_schedule":{"frequency":24,"retention":7,"disabled":true},"is_ha_cluster":false,"read_replicas":[],"node_type":"db-dev-s","volume":{"type":"lssd","size":5000000000},"init_settings":[],"endpoints":[{"ip":"51.159.25.71","port":53940,"name":null,"id":"94d38845-e948-4e9d-93f4-4b017369ada2","load_balancer":{}}],"logs_policy":{"max_age_retention":30,"total_disk_retention":null},"backup_same_region":false,"maintenances":[],"created_at":"2022-05-11T13:26:52.910499Z","region":"fr-par"}'
    headers:
      Content-Length:
      - "1136"
      Content-Security-Policy:
      - default-src 'none'; frame-ancestors 'none'
      Content-Type:
      - application/json
      Date:
      - Wed, 11 May 2022 13:29:54 GMT
      Server:
      - Scaleway API-Gateway
      Strict-Transport-Security:
      - max-age=63072000
      X-Content-Type-Options:
      - nosniff
      X-Frame-Options:
      - DENY
      X-Request-Id:
      - e708d0d5-4250-4a9b-9386-99f1429e97dc
    status: 200 OK
    code: 200
    duration: ""
- request:
    body: ""
    form: {}
    headers:
      User-Agent:
      - scaleway-sdk-go/v1.0.0-beta.7+dev (go1.18.2; darwin; amd64) terraform-provider/develop
        terraform/terraform-tests
    url: https://api.scaleway.com/rdb/v1/regions/fr-par/instances/0084506f-b380-45c8-8476-02d43bfdd166
    method: GET
  response:
    body: '{"id":"0084506f-b380-45c8-8476-02d43bfdd166","name":"TestAccScalewayRdbPrivilege_Basic","organization_id":"951df375-e094-4d26-97c1-ba548eeb9c42","project_id":"951df375-e094-4d26-97c1-ba548eeb9c42","status":"ready","engine":"PostgreSQL-11","endpoint":{"ip":"51.159.25.71","port":53940,"name":null,"id":"94d38845-e948-4e9d-93f4-4b017369ada2","load_balancer":{}},"tags":[],"settings":[{"name":"work_mem","value":"4"},{"name":"max_connections","value":"100"},{"name":"effective_cache_size","value":"1300"},{"name":"maintenance_work_mem","value":"150"},{"name":"max_parallel_workers","value":"0"},{"name":"max_parallel_workers_per_gather","value":"0"}],"backup_schedule":{"frequency":24,"retention":7,"disabled":true},"is_ha_cluster":false,"read_replicas":[],"node_type":"db-dev-s","volume":{"type":"lssd","size":5000000000},"init_settings":[],"endpoints":[{"ip":"51.159.25.71","port":53940,"name":null,"id":"94d38845-e948-4e9d-93f4-4b017369ada2","load_balancer":{}}],"logs_policy":{"max_age_retention":30,"total_disk_retention":null},"backup_same_region":false,"maintenances":[],"created_at":"2022-05-11T13:26:52.910499Z","region":"fr-par"}'
    headers:
      Content-Length:
      - "1136"
      Content-Security-Policy:
      - default-src 'none'; frame-ancestors 'none'
      Content-Type:
      - application/json
      Date:
      - Wed, 11 May 2022 13:29:54 GMT
      Server:
      - Scaleway API-Gateway
      Strict-Transport-Security:
      - max-age=63072000
      X-Content-Type-Options:
      - nosniff
      X-Frame-Options:
      - DENY
      X-Request-Id:
      - e09d9f24-6407-4da7-bcba-1c32ffb56364
    status: 200 OK
    code: 200
    duration: ""
- request:
    body: ""
    form: {}
    headers:
      User-Agent:
      - scaleway-sdk-go/v1.0.0-beta.7+dev (go1.18.2; darwin; amd64) terraform-provider/develop
        terraform/terraform-tests
    url: https://api.scaleway.com/rdb/v1/regions/fr-par/instances/0084506f-b380-45c8-8476-02d43bfdd166/users?name=user&order_by=name_asc
    method: GET
  response:
    body: '{"users":[{"name":"user","is_admin":false}],"total_count":1}'
    headers:
      Content-Length:
      - "60"
      Content-Security-Policy:
      - default-src 'none'; frame-ancestors 'none'
      Content-Type:
      - application/json
      Date:
      - Wed, 11 May 2022 13:29:54 GMT
      Server:
      - Scaleway API-Gateway
      Strict-Transport-Security:
      - max-age=63072000
      X-Content-Type-Options:
      - nosniff
      X-Frame-Options:
      - DENY
      X-Request-Id:
      - b449766d-9f38-40b0-80d2-a8bce25fed3f
    status: 200 OK
    code: 200
    duration: ""
- request:
    body: ""
    form: {}
    headers:
      User-Agent:
      - scaleway-sdk-go/v1.0.0-beta.7+dev (go1.18.2; darwin; amd64) terraform-provider/develop
        terraform/terraform-tests
    url: https://api.scaleway.com/rdb/v1/regions/fr-par/instances/0084506f-b380-45c8-8476-02d43bfdd166/users?name=application&order_by=name_asc
    method: GET
  response:
    body: '{"users":[{"name":"application","is_admin":false}],"total_count":1}'
    headers:
      Content-Length:
      - "67"
      Content-Security-Policy:
      - default-src 'none'; frame-ancestors 'none'
      Content-Type:
      - application/json
      Date:
      - Wed, 11 May 2022 13:29:54 GMT
      Server:
      - Scaleway API-Gateway
      Strict-Transport-Security:
      - max-age=63072000
      X-Content-Type-Options:
      - nosniff
      X-Frame-Options:
      - DENY
      X-Request-Id:
      - a1e9bf5d-1314-4d73-af72-bca6fa1f55eb
    status: 200 OK
    code: 200
    duration: ""
- request:
    body: '{"name":"default"}'
    form: {}
    headers:
      Content-Type:
      - application/json
      User-Agent:
      - scaleway-sdk-go/v1.0.0-beta.7+dev (go1.18.2; darwin; amd64) terraform-provider/develop
        terraform/terraform-tests
    url: https://api.scaleway.com/rdb/v1/regions/fr-par/instances/0084506f-b380-45c8-8476-02d43bfdd166/databases
    method: POST
  response:
    body: '{"name":"default","owner":"","managed":true,"size":0}'
    headers:
      Content-Length:
      - "53"
      Content-Security-Policy:
      - default-src 'none'; frame-ancestors 'none'
      Content-Type:
      - application/json
      Date:
      - Wed, 11 May 2022 13:29:55 GMT
      Server:
      - Scaleway API-Gateway
      Strict-Transport-Security:
      - max-age=63072000
      X-Content-Type-Options:
      - nosniff
      X-Frame-Options:
      - DENY
      X-Request-Id:
      - abbd6609-238d-455a-a3ea-ec0d1cdd5577
    status: 200 OK
    code: 200
    duration: ""
- request:
    body: ""
    form: {}
    headers:
      User-Agent:
      - scaleway-sdk-go/v1.0.0-beta.7+dev (go1.18.2; darwin; amd64) terraform-provider/develop
        terraform/terraform-tests
    url: https://api.scaleway.com/rdb/v1/regions/fr-par/instances/0084506f-b380-45c8-8476-02d43bfdd166
    method: GET
  response:
    body: '{"id":"0084506f-b380-45c8-8476-02d43bfdd166","name":"TestAccScalewayRdbPrivilege_Basic","organization_id":"951df375-e094-4d26-97c1-ba548eeb9c42","project_id":"951df375-e094-4d26-97c1-ba548eeb9c42","status":"ready","engine":"PostgreSQL-11","endpoint":{"ip":"51.159.25.71","port":53940,"name":null,"id":"94d38845-e948-4e9d-93f4-4b017369ada2","load_balancer":{}},"tags":[],"settings":[{"name":"work_mem","value":"4"},{"name":"max_connections","value":"100"},{"name":"effective_cache_size","value":"1300"},{"name":"maintenance_work_mem","value":"150"},{"name":"max_parallel_workers","value":"0"},{"name":"max_parallel_workers_per_gather","value":"0"}],"backup_schedule":{"frequency":24,"retention":7,"disabled":true},"is_ha_cluster":false,"read_replicas":[],"node_type":"db-dev-s","volume":{"type":"lssd","size":5000000000},"init_settings":[],"endpoints":[{"ip":"51.159.25.71","port":53940,"name":null,"id":"94d38845-e948-4e9d-93f4-4b017369ada2","load_balancer":{}}],"logs_policy":{"max_age_retention":30,"total_disk_retention":null},"backup_same_region":false,"maintenances":[],"created_at":"2022-05-11T13:26:52.910499Z","region":"fr-par"}'
    headers:
      Content-Length:
      - "1136"
      Content-Security-Policy:
      - default-src 'none'; frame-ancestors 'none'
      Content-Type:
      - application/json
      Date:
      - Wed, 11 May 2022 13:29:55 GMT
      Server:
      - Scaleway API-Gateway
      Strict-Transport-Security:
      - max-age=63072000
      X-Content-Type-Options:
      - nosniff
      X-Frame-Options:
      - DENY
      X-Request-Id:
      - d109b54c-1b10-4818-9f8e-006022c391ef
    status: 200 OK
    code: 200
    duration: ""
- request:
    body: '{"name":"core"}'
    form: {}
    headers:
      Content-Type:
      - application/json
      User-Agent:
      - scaleway-sdk-go/v1.0.0-beta.7+dev (go1.18.2; darwin; amd64) terraform-provider/develop
        terraform/terraform-tests
    url: https://api.scaleway.com/rdb/v1/regions/fr-par/instances/0084506f-b380-45c8-8476-02d43bfdd166/databases
    method: POST
  response:
    body: '{"name":"core","owner":"","managed":true,"size":0}'
    headers:
      Content-Length:
      - "50"
      Content-Security-Policy:
      - default-src 'none'; frame-ancestors 'none'
      Content-Type:
      - application/json
      Date:
      - Wed, 11 May 2022 13:29:55 GMT
      Server:
      - Scaleway API-Gateway
      Strict-Transport-Security:
      - max-age=63072000
      X-Content-Type-Options:
      - nosniff
      X-Frame-Options:
      - DENY
      X-Request-Id:
      - 14786d10-aa94-48a3-92d4-cef66f237872
    status: 200 OK
    code: 200
    duration: ""
- request:
    body: ""
    form: {}
    headers:
      User-Agent:
      - scaleway-sdk-go/v1.0.0-beta.7+dev (go1.18.2; darwin; amd64) terraform-provider/develop
        terraform/terraform-tests
    url: https://api.scaleway.com/rdb/v1/regions/fr-par/instances/0084506f-b380-45c8-8476-02d43bfdd166/databases?name=default&order_by=name_asc
    method: GET
  response:
    body: '{"databases":[{"name":"default","owner":"_rdb_superadmin","managed":true,"size":7852703}],"total_count":1}'
    headers:
      Content-Length:
      - "106"
      Content-Security-Policy:
      - default-src 'none'; frame-ancestors 'none'
      Content-Type:
      - application/json
      Date:
      - Wed, 11 May 2022 13:29:55 GMT
      Server:
      - Scaleway API-Gateway
      Strict-Transport-Security:
      - max-age=63072000
      X-Content-Type-Options:
      - nosniff
      X-Frame-Options:
      - DENY
      X-Request-Id:
      - e5df3dd0-749d-4641-9645-ede71c916592
    status: 200 OK
    code: 200
    duration: ""
- request:
    body: ""
    form: {}
    headers:
      User-Agent:
      - scaleway-sdk-go/v1.0.0-beta.7+dev (go1.18.2; darwin; amd64) terraform-provider/develop
        terraform/terraform-tests
    url: https://api.scaleway.com/rdb/v1/regions/fr-par/instances/0084506f-b380-45c8-8476-02d43bfdd166
    method: GET
  response:
    body: '{"id":"0084506f-b380-45c8-8476-02d43bfdd166","name":"TestAccScalewayRdbPrivilege_Basic","organization_id":"951df375-e094-4d26-97c1-ba548eeb9c42","project_id":"951df375-e094-4d26-97c1-ba548eeb9c42","status":"ready","engine":"PostgreSQL-11","endpoint":{"ip":"51.159.25.71","port":53940,"name":null,"id":"94d38845-e948-4e9d-93f4-4b017369ada2","load_balancer":{}},"tags":[],"settings":[{"name":"work_mem","value":"4"},{"name":"max_connections","value":"100"},{"name":"effective_cache_size","value":"1300"},{"name":"maintenance_work_mem","value":"150"},{"name":"max_parallel_workers","value":"0"},{"name":"max_parallel_workers_per_gather","value":"0"}],"backup_schedule":{"frequency":24,"retention":7,"disabled":true},"is_ha_cluster":false,"read_replicas":[],"node_type":"db-dev-s","volume":{"type":"lssd","size":5000000000},"init_settings":[],"endpoints":[{"ip":"51.159.25.71","port":53940,"name":null,"id":"94d38845-e948-4e9d-93f4-4b017369ada2","load_balancer":{}}],"logs_policy":{"max_age_retention":30,"total_disk_retention":null},"backup_same_region":false,"maintenances":[],"created_at":"2022-05-11T13:26:52.910499Z","region":"fr-par"}'
    headers:
      Content-Length:
      - "1136"
      Content-Security-Policy:
      - default-src 'none'; frame-ancestors 'none'
      Content-Type:
      - application/json
      Date:
      - Wed, 11 May 2022 13:29:55 GMT
      Server:
      - Scaleway API-Gateway
      Strict-Transport-Security:
      - max-age=63072000
      X-Content-Type-Options:
      - nosniff
      X-Frame-Options:
      - DENY
      X-Request-Id:
      - d9d9476d-05b3-4edf-8b99-c86d0046f5bb
    status: 200 OK
    code: 200
    duration: ""
- request:
    body: ""
    form: {}
    headers:
      User-Agent:
      - scaleway-sdk-go/v1.0.0-beta.7+dev (go1.18.2; darwin; amd64) terraform-provider/develop
        terraform/terraform-tests
    url: https://api.scaleway.com/rdb/v1/regions/fr-par/instances/0084506f-b380-45c8-8476-02d43bfdd166/databases?name=core&order_by=name_asc
    method: GET
  response:
    body: '{"databases":[{"name":"core","owner":"_rdb_superadmin","managed":true,"size":7852703}],"total_count":1}'
    headers:
      Content-Length:
      - "103"
      Content-Security-Policy:
      - default-src 'none'; frame-ancestors 'none'
      Content-Type:
      - application/json
      Date:
      - Wed, 11 May 2022 13:29:55 GMT
      Server:
      - Scaleway API-Gateway
      Strict-Transport-Security:
      - max-age=63072000
      X-Content-Type-Options:
      - nosniff
      X-Frame-Options:
      - DENY
      X-Request-Id:
      - 8db7dc7b-31c2-4494-9482-13f679446a62
    status: 200 OK
    code: 200
    duration: ""
- request:
    body: ""
    form: {}
    headers:
      User-Agent:
      - scaleway-sdk-go/v1.0.0-beta.7+dev (go1.18.2; darwin; amd64) terraform-provider/develop
        terraform/terraform-tests
    url: https://api.scaleway.com/rdb/v1/regions/fr-par/instances/0084506f-b380-45c8-8476-02d43bfdd166
    method: GET
  response:
    body: '{"id":"0084506f-b380-45c8-8476-02d43bfdd166","name":"TestAccScalewayRdbPrivilege_Basic","organization_id":"951df375-e094-4d26-97c1-ba548eeb9c42","project_id":"951df375-e094-4d26-97c1-ba548eeb9c42","status":"ready","engine":"PostgreSQL-11","endpoint":{"ip":"51.159.25.71","port":53940,"name":null,"id":"94d38845-e948-4e9d-93f4-4b017369ada2","load_balancer":{}},"tags":[],"settings":[{"name":"work_mem","value":"4"},{"name":"max_connections","value":"100"},{"name":"effective_cache_size","value":"1300"},{"name":"maintenance_work_mem","value":"150"},{"name":"max_parallel_workers","value":"0"},{"name":"max_parallel_workers_per_gather","value":"0"}],"backup_schedule":{"frequency":24,"retention":7,"disabled":true},"is_ha_cluster":false,"read_replicas":[],"node_type":"db-dev-s","volume":{"type":"lssd","size":5000000000},"init_settings":[],"endpoints":[{"ip":"51.159.25.71","port":53940,"name":null,"id":"94d38845-e948-4e9d-93f4-4b017369ada2","load_balancer":{}}],"logs_policy":{"max_age_retention":30,"total_disk_retention":null},"backup_same_region":false,"maintenances":[],"created_at":"2022-05-11T13:26:52.910499Z","region":"fr-par"}'
    headers:
      Content-Length:
      - "1136"
      Content-Security-Policy:
      - default-src 'none'; frame-ancestors 'none'
      Content-Type:
      - application/json
      Date:
      - Wed, 11 May 2022 13:29:55 GMT
      Server:
      - Scaleway API-Gateway
      Strict-Transport-Security:
      - max-age=63072000
      X-Content-Type-Options:
      - nosniff
      X-Frame-Options:
      - DENY
      X-Request-Id:
      - 6e47d947-f2d4-43a4-b14a-5b007763014e
    status: 200 OK
    code: 200
    duration: ""
- request:
    body: ""
    form: {}
    headers:
      User-Agent:
      - scaleway-sdk-go/v1.0.0-beta.7+dev (go1.18.2; darwin; amd64) terraform-provider/develop
        terraform/terraform-tests
    url: https://api.scaleway.com/rdb/v1/regions/fr-par/instances/0084506f-b380-45c8-8476-02d43bfdd166
    method: GET
  response:
    body: '{"id":"0084506f-b380-45c8-8476-02d43bfdd166","name":"TestAccScalewayRdbPrivilege_Basic","organization_id":"951df375-e094-4d26-97c1-ba548eeb9c42","project_id":"951df375-e094-4d26-97c1-ba548eeb9c42","status":"ready","engine":"PostgreSQL-11","endpoint":{"ip":"51.159.25.71","port":53940,"name":null,"id":"94d38845-e948-4e9d-93f4-4b017369ada2","load_balancer":{}},"tags":[],"settings":[{"name":"work_mem","value":"4"},{"name":"max_connections","value":"100"},{"name":"effective_cache_size","value":"1300"},{"name":"maintenance_work_mem","value":"150"},{"name":"max_parallel_workers","value":"0"},{"name":"max_parallel_workers_per_gather","value":"0"}],"backup_schedule":{"frequency":24,"retention":7,"disabled":true},"is_ha_cluster":false,"read_replicas":[],"node_type":"db-dev-s","volume":{"type":"lssd","size":5000000000},"init_settings":[],"endpoints":[{"ip":"51.159.25.71","port":53940,"name":null,"id":"94d38845-e948-4e9d-93f4-4b017369ada2","load_balancer":{}}],"logs_policy":{"max_age_retention":30,"total_disk_retention":null},"backup_same_region":false,"maintenances":[],"created_at":"2022-05-11T13:26:52.910499Z","region":"fr-par"}'
    headers:
      Content-Length:
      - "1136"
      Content-Security-Policy:
      - default-src 'none'; frame-ancestors 'none'
      Content-Type:
      - application/json
      Date:
      - Wed, 11 May 2022 13:29:55 GMT
      Server:
      - Scaleway API-Gateway
      Strict-Transport-Security:
      - max-age=63072000
      X-Content-Type-Options:
      - nosniff
      X-Frame-Options:
      - DENY
      X-Request-Id:
      - fc2bdb48-8a3a-4fcb-bc15-9ca153c86772
    status: 200 OK
    code: 200
    duration: ""
- request:
    body: ""
    form: {}
    headers:
      User-Agent:
      - scaleway-sdk-go/v1.0.0-beta.7+dev (go1.18.2; darwin; amd64) terraform-provider/develop
        terraform/terraform-tests
    url: https://api.scaleway.com/rdb/v1/regions/fr-par/instances/0084506f-b380-45c8-8476-02d43bfdd166
    method: GET
  response:
    body: '{"id":"0084506f-b380-45c8-8476-02d43bfdd166","name":"TestAccScalewayRdbPrivilege_Basic","organization_id":"951df375-e094-4d26-97c1-ba548eeb9c42","project_id":"951df375-e094-4d26-97c1-ba548eeb9c42","status":"ready","engine":"PostgreSQL-11","endpoint":{"ip":"51.159.25.71","port":53940,"name":null,"id":"94d38845-e948-4e9d-93f4-4b017369ada2","load_balancer":{}},"tags":[],"settings":[{"name":"work_mem","value":"4"},{"name":"max_connections","value":"100"},{"name":"effective_cache_size","value":"1300"},{"name":"maintenance_work_mem","value":"150"},{"name":"max_parallel_workers","value":"0"},{"name":"max_parallel_workers_per_gather","value":"0"}],"backup_schedule":{"frequency":24,"retention":7,"disabled":true},"is_ha_cluster":false,"read_replicas":[],"node_type":"db-dev-s","volume":{"type":"lssd","size":5000000000},"init_settings":[],"endpoints":[{"ip":"51.159.25.71","port":53940,"name":null,"id":"94d38845-e948-4e9d-93f4-4b017369ada2","load_balancer":{}}],"logs_policy":{"max_age_retention":30,"total_disk_retention":null},"backup_same_region":false,"maintenances":[],"created_at":"2022-05-11T13:26:52.910499Z","region":"fr-par"}'
    headers:
      Content-Length:
      - "1136"
      Content-Security-Policy:
      - default-src 'none'; frame-ancestors 'none'
      Content-Type:
      - application/json
      Date:
      - Wed, 11 May 2022 13:29:55 GMT
      Server:
      - Scaleway API-Gateway
      Strict-Transport-Security:
      - max-age=63072000
      X-Content-Type-Options:
      - nosniff
      X-Frame-Options:
      - DENY
      X-Request-Id:
      - 92e68907-efb5-4058-8cb7-d6e1ca836498
    status: 200 OK
    code: 200
    duration: ""
- request:
    body: '{"database_name":"core","user_name":"user","permission":"readonly"}'
    form: {}
    headers:
      Content-Type:
      - application/json
      User-Agent:
      - scaleway-sdk-go/v1.0.0-beta.7+dev (go1.18.2; darwin; amd64) terraform-provider/develop
        terraform/terraform-tests
    url: https://api.scaleway.com/rdb/v1/regions/fr-par/instances/0084506f-b380-45c8-8476-02d43bfdd166/privileges
    method: PUT
  response:
    body: '{"permission":"readonly","database_name":"core","user_name":"user"}'
    headers:
      Content-Length:
      - "67"
      Content-Security-Policy:
      - default-src 'none'; frame-ancestors 'none'
      Content-Type:
      - application/json
      Date:
      - Wed, 11 May 2022 13:29:56 GMT
      Server:
      - Scaleway API-Gateway
      Strict-Transport-Security:
      - max-age=63072000
      X-Content-Type-Options:
      - nosniff
      X-Frame-Options:
      - DENY
      X-Request-Id:
      - 05c12d94-c4b7-4d26-9a6c-e608cf44a2bd
    status: 200 OK
    code: 200
    duration: ""
- request:
    body: '{"database_name":"default","user_name":"application","permission":"all"}'
    form: {}
    headers:
      Content-Type:
      - application/json
      User-Agent:
      - scaleway-sdk-go/v1.0.0-beta.7+dev (go1.18.2; darwin; amd64) terraform-provider/develop
        terraform/terraform-tests
    url: https://api.scaleway.com/rdb/v1/regions/fr-par/instances/0084506f-b380-45c8-8476-02d43bfdd166/privileges
    method: PUT
  response:
    body: '{"permission":"all","database_name":"default","user_name":"application"}'
    headers:
      Content-Length:
      - "72"
      Content-Security-Policy:
      - default-src 'none'; frame-ancestors 'none'
      Content-Type:
      - application/json
      Date:
      - Wed, 11 May 2022 13:29:56 GMT
      Server:
      - Scaleway API-Gateway
      Strict-Transport-Security:
      - max-age=63072000
      X-Content-Type-Options:
      - nosniff
      X-Frame-Options:
      - DENY
      X-Request-Id:
      - d42e2753-0cf4-41cd-a02a-4a5c3e1f2f09
    status: 200 OK
    code: 200
    duration: ""
- request:
    body: '{"database_name":"core","user_name":"application","permission":"all"}'
    form: {}
    headers:
      Content-Type:
      - application/json
      User-Agent:
      - scaleway-sdk-go/v1.0.0-beta.7+dev (go1.18.2; darwin; amd64) terraform-provider/develop
        terraform/terraform-tests
    url: https://api.scaleway.com/rdb/v1/regions/fr-par/instances/0084506f-b380-45c8-8476-02d43bfdd166/privileges
    method: PUT
  response:
    body: '{"permission":"all","database_name":"core","user_name":"application"}'
    headers:
      Content-Length:
      - "69"
      Content-Security-Policy:
      - default-src 'none'; frame-ancestors 'none'
      Content-Type:
      - application/json
      Date:
      - Wed, 11 May 2022 13:29:56 GMT
      Server:
      - Scaleway API-Gateway
      Strict-Transport-Security:
      - max-age=63072000
      X-Content-Type-Options:
      - nosniff
      X-Frame-Options:
      - DENY
      X-Request-Id:
      - 080007b1-0d7a-40cc-8680-2ac815f5511c
    status: 200 OK
    code: 200
    duration: ""
- request:
    body: ""
    form: {}
    headers:
      User-Agent:
      - scaleway-sdk-go/v1.0.0-beta.7+dev (go1.18.2; darwin; amd64) terraform-provider/develop
        terraform/terraform-tests
    url: https://api.scaleway.com/rdb/v1/regions/fr-par/instances/0084506f-b380-45c8-8476-02d43bfdd166
    method: GET
  response:
    body: '{"id":"0084506f-b380-45c8-8476-02d43bfdd166","name":"TestAccScalewayRdbPrivilege_Basic","organization_id":"951df375-e094-4d26-97c1-ba548eeb9c42","project_id":"951df375-e094-4d26-97c1-ba548eeb9c42","status":"ready","engine":"PostgreSQL-11","endpoint":{"ip":"51.159.25.71","port":53940,"name":null,"id":"94d38845-e948-4e9d-93f4-4b017369ada2","load_balancer":{}},"tags":[],"settings":[{"name":"work_mem","value":"4"},{"name":"max_connections","value":"100"},{"name":"effective_cache_size","value":"1300"},{"name":"maintenance_work_mem","value":"150"},{"name":"max_parallel_workers","value":"0"},{"name":"max_parallel_workers_per_gather","value":"0"}],"backup_schedule":{"frequency":24,"retention":7,"disabled":true},"is_ha_cluster":false,"read_replicas":[],"node_type":"db-dev-s","volume":{"type":"lssd","size":5000000000},"init_settings":[],"endpoints":[{"ip":"51.159.25.71","port":53940,"name":null,"id":"94d38845-e948-4e9d-93f4-4b017369ada2","load_balancer":{}}],"logs_policy":{"max_age_retention":30,"total_disk_retention":null},"backup_same_region":false,"maintenances":[],"created_at":"2022-05-11T13:26:52.910499Z","region":"fr-par"}'
    headers:
      Content-Length:
      - "1136"
      Content-Security-Policy:
      - default-src 'none'; frame-ancestors 'none'
      Content-Type:
      - application/json
      Date:
      - Wed, 11 May 2022 13:29:56 GMT
      Server:
      - Scaleway API-Gateway
      Strict-Transport-Security:
      - max-age=63072000
      X-Content-Type-Options:
      - nosniff
      X-Frame-Options:
      - DENY
      X-Request-Id:
      - 1d3a289b-5553-4499-a939-04d6b2b887b3
    status: 200 OK
    code: 200
    duration: ""
- request:
    body: ""
    form: {}
    headers:
      User-Agent:
      - scaleway-sdk-go/v1.0.0-beta.7+dev (go1.18.2; darwin; amd64) terraform-provider/develop
        terraform/terraform-tests
    url: https://api.scaleway.com/rdb/v1/regions/fr-par/instances/0084506f-b380-45c8-8476-02d43bfdd166
    method: GET
  response:
    body: '{"id":"0084506f-b380-45c8-8476-02d43bfdd166","name":"TestAccScalewayRdbPrivilege_Basic","organization_id":"951df375-e094-4d26-97c1-ba548eeb9c42","project_id":"951df375-e094-4d26-97c1-ba548eeb9c42","status":"ready","engine":"PostgreSQL-11","endpoint":{"ip":"51.159.25.71","port":53940,"name":null,"id":"94d38845-e948-4e9d-93f4-4b017369ada2","load_balancer":{}},"tags":[],"settings":[{"name":"work_mem","value":"4"},{"name":"max_connections","value":"100"},{"name":"effective_cache_size","value":"1300"},{"name":"maintenance_work_mem","value":"150"},{"name":"max_parallel_workers","value":"0"},{"name":"max_parallel_workers_per_gather","value":"0"}],"backup_schedule":{"frequency":24,"retention":7,"disabled":true},"is_ha_cluster":false,"read_replicas":[],"node_type":"db-dev-s","volume":{"type":"lssd","size":5000000000},"init_settings":[],"endpoints":[{"ip":"51.159.25.71","port":53940,"name":null,"id":"94d38845-e948-4e9d-93f4-4b017369ada2","load_balancer":{}}],"logs_policy":{"max_age_retention":30,"total_disk_retention":null},"backup_same_region":false,"maintenances":[],"created_at":"2022-05-11T13:26:52.910499Z","region":"fr-par"}'
    headers:
      Content-Length:
      - "1136"
      Content-Security-Policy:
      - default-src 'none'; frame-ancestors 'none'
      Content-Type:
      - application/json
      Date:
      - Wed, 11 May 2022 13:29:56 GMT
      Server:
      - Scaleway API-Gateway
      Strict-Transport-Security:
      - max-age=63072000
      X-Content-Type-Options:
      - nosniff
      X-Frame-Options:
      - DENY
      X-Request-Id:
      - 594b7450-26f7-4cc9-b900-143cad286302
    status: 200 OK
    code: 200
    duration: ""
- request:
    body: ""
    form: {}
    headers:
      User-Agent:
      - scaleway-sdk-go/v1.0.0-beta.7+dev (go1.18.2; darwin; amd64) terraform-provider/develop
        terraform/terraform-tests
    url: https://api.scaleway.com/rdb/v1/regions/fr-par/instances/0084506f-b380-45c8-8476-02d43bfdd166
    method: GET
  response:
    body: '{"id":"0084506f-b380-45c8-8476-02d43bfdd166","name":"TestAccScalewayRdbPrivilege_Basic","organization_id":"951df375-e094-4d26-97c1-ba548eeb9c42","project_id":"951df375-e094-4d26-97c1-ba548eeb9c42","status":"ready","engine":"PostgreSQL-11","endpoint":{"ip":"51.159.25.71","port":53940,"name":null,"id":"94d38845-e948-4e9d-93f4-4b017369ada2","load_balancer":{}},"tags":[],"settings":[{"name":"work_mem","value":"4"},{"name":"max_connections","value":"100"},{"name":"effective_cache_size","value":"1300"},{"name":"maintenance_work_mem","value":"150"},{"name":"max_parallel_workers","value":"0"},{"name":"max_parallel_workers_per_gather","value":"0"}],"backup_schedule":{"frequency":24,"retention":7,"disabled":true},"is_ha_cluster":false,"read_replicas":[],"node_type":"db-dev-s","volume":{"type":"lssd","size":5000000000},"init_settings":[],"endpoints":[{"ip":"51.159.25.71","port":53940,"name":null,"id":"94d38845-e948-4e9d-93f4-4b017369ada2","load_balancer":{}}],"logs_policy":{"max_age_retention":30,"total_disk_retention":null},"backup_same_region":false,"maintenances":[],"created_at":"2022-05-11T13:26:52.910499Z","region":"fr-par"}'
    headers:
      Content-Length:
      - "1136"
      Content-Security-Policy:
      - default-src 'none'; frame-ancestors 'none'
      Content-Type:
      - application/json
      Date:
      - Wed, 11 May 2022 13:29:56 GMT
      Server:
      - Scaleway API-Gateway
      Strict-Transport-Security:
      - max-age=63072000
      X-Content-Type-Options:
      - nosniff
      X-Frame-Options:
      - DENY
      X-Request-Id:
      - 2d2a0f28-1cbb-4618-95fa-e6bbcd93d70a
    status: 200 OK
    code: 200
    duration: ""
- request:
    body: ""
    form: {}
    headers:
      User-Agent:
      - scaleway-sdk-go/v1.0.0-beta.7+dev (go1.18.2; darwin; amd64) terraform-provider/develop
        terraform/terraform-tests
    url: https://api.scaleway.com/rdb/v1/regions/fr-par/instances/0084506f-b380-45c8-8476-02d43bfdd166
    method: GET
  response:
    body: '{"id":"0084506f-b380-45c8-8476-02d43bfdd166","name":"TestAccScalewayRdbPrivilege_Basic","organization_id":"951df375-e094-4d26-97c1-ba548eeb9c42","project_id":"951df375-e094-4d26-97c1-ba548eeb9c42","status":"ready","engine":"PostgreSQL-11","endpoint":{"ip":"51.159.25.71","port":53940,"name":null,"id":"94d38845-e948-4e9d-93f4-4b017369ada2","load_balancer":{}},"tags":[],"settings":[{"name":"work_mem","value":"4"},{"name":"max_connections","value":"100"},{"name":"effective_cache_size","value":"1300"},{"name":"maintenance_work_mem","value":"150"},{"name":"max_parallel_workers","value":"0"},{"name":"max_parallel_workers_per_gather","value":"0"}],"backup_schedule":{"frequency":24,"retention":7,"disabled":true},"is_ha_cluster":false,"read_replicas":[],"node_type":"db-dev-s","volume":{"type":"lssd","size":5000000000},"init_settings":[],"endpoints":[{"ip":"51.159.25.71","port":53940,"name":null,"id":"94d38845-e948-4e9d-93f4-4b017369ada2","load_balancer":{}}],"logs_policy":{"max_age_retention":30,"total_disk_retention":null},"backup_same_region":false,"maintenances":[],"created_at":"2022-05-11T13:26:52.910499Z","region":"fr-par"}'
    headers:
      Content-Length:
      - "1136"
      Content-Security-Policy:
      - default-src 'none'; frame-ancestors 'none'
      Content-Type:
      - application/json
      Date:
      - Wed, 11 May 2022 13:29:56 GMT
      Server:
      - Scaleway API-Gateway
      Strict-Transport-Security:
      - max-age=63072000
      X-Content-Type-Options:
      - nosniff
      X-Frame-Options:
      - DENY
      X-Request-Id:
      - eb8da42f-c9bd-468f-830d-92842097d8a2
    status: 200 OK
    code: 200
    duration: ""
- request:
    body: ""
    form: {}
    headers:
      User-Agent:
      - scaleway-sdk-go/v1.0.0-beta.7+dev (go1.18.2; darwin; amd64) terraform-provider/develop
        terraform/terraform-tests
    url: https://api.scaleway.com/rdb/v1/regions/fr-par/instances/0084506f-b380-45c8-8476-02d43bfdd166
    method: GET
  response:
    body: '{"id":"0084506f-b380-45c8-8476-02d43bfdd166","name":"TestAccScalewayRdbPrivilege_Basic","organization_id":"951df375-e094-4d26-97c1-ba548eeb9c42","project_id":"951df375-e094-4d26-97c1-ba548eeb9c42","status":"ready","engine":"PostgreSQL-11","endpoint":{"ip":"51.159.25.71","port":53940,"name":null,"id":"94d38845-e948-4e9d-93f4-4b017369ada2","load_balancer":{}},"tags":[],"settings":[{"name":"work_mem","value":"4"},{"name":"max_connections","value":"100"},{"name":"effective_cache_size","value":"1300"},{"name":"maintenance_work_mem","value":"150"},{"name":"max_parallel_workers","value":"0"},{"name":"max_parallel_workers_per_gather","value":"0"}],"backup_schedule":{"frequency":24,"retention":7,"disabled":true},"is_ha_cluster":false,"read_replicas":[],"node_type":"db-dev-s","volume":{"type":"lssd","size":5000000000},"init_settings":[],"endpoints":[{"ip":"51.159.25.71","port":53940,"name":null,"id":"94d38845-e948-4e9d-93f4-4b017369ada2","load_balancer":{}}],"logs_policy":{"max_age_retention":30,"total_disk_retention":null},"backup_same_region":false,"maintenances":[],"created_at":"2022-05-11T13:26:52.910499Z","region":"fr-par"}'
    headers:
      Content-Length:
      - "1136"
      Content-Security-Policy:
      - default-src 'none'; frame-ancestors 'none'
      Content-Type:
      - application/json
      Date:
      - Wed, 11 May 2022 13:29:56 GMT
      Server:
      - Scaleway API-Gateway
      Strict-Transport-Security:
      - max-age=63072000
      X-Content-Type-Options:
      - nosniff
      X-Frame-Options:
      - DENY
      X-Request-Id:
      - b81777e6-93c8-4c5c-b6dc-607df6fa8c15
    status: 200 OK
    code: 200
    duration: ""
- request:
    body: ""
    form: {}
    headers:
      User-Agent:
      - scaleway-sdk-go/v1.0.0-beta.7+dev (go1.18.2; darwin; amd64) terraform-provider/develop
        terraform/terraform-tests
    url: https://api.scaleway.com/rdb/v1/regions/fr-par/instances/0084506f-b380-45c8-8476-02d43bfdd166
    method: GET
  response:
    body: '{"id":"0084506f-b380-45c8-8476-02d43bfdd166","name":"TestAccScalewayRdbPrivilege_Basic","organization_id":"951df375-e094-4d26-97c1-ba548eeb9c42","project_id":"951df375-e094-4d26-97c1-ba548eeb9c42","status":"ready","engine":"PostgreSQL-11","endpoint":{"ip":"51.159.25.71","port":53940,"name":null,"id":"94d38845-e948-4e9d-93f4-4b017369ada2","load_balancer":{}},"tags":[],"settings":[{"name":"work_mem","value":"4"},{"name":"max_connections","value":"100"},{"name":"effective_cache_size","value":"1300"},{"name":"maintenance_work_mem","value":"150"},{"name":"max_parallel_workers","value":"0"},{"name":"max_parallel_workers_per_gather","value":"0"}],"backup_schedule":{"frequency":24,"retention":7,"disabled":true},"is_ha_cluster":false,"read_replicas":[],"node_type":"db-dev-s","volume":{"type":"lssd","size":5000000000},"init_settings":[],"endpoints":[{"ip":"51.159.25.71","port":53940,"name":null,"id":"94d38845-e948-4e9d-93f4-4b017369ada2","load_balancer":{}}],"logs_policy":{"max_age_retention":30,"total_disk_retention":null},"backup_same_region":false,"maintenances":[],"created_at":"2022-05-11T13:26:52.910499Z","region":"fr-par"}'
    headers:
      Content-Length:
      - "1136"
      Content-Security-Policy:
      - default-src 'none'; frame-ancestors 'none'
      Content-Type:
      - application/json
      Date:
      - Wed, 11 May 2022 13:29:56 GMT
      Server:
      - Scaleway API-Gateway
      Strict-Transport-Security:
      - max-age=63072000
      X-Content-Type-Options:
      - nosniff
      X-Frame-Options:
      - DENY
      X-Request-Id:
      - 18467645-7b34-481c-86ff-e80ac150c7de
    status: 200 OK
    code: 200
    duration: ""
- request:
    body: ""
    form: {}
    headers:
      User-Agent:
      - scaleway-sdk-go/v1.0.0-beta.7+dev (go1.18.2; darwin; amd64) terraform-provider/develop
        terraform/terraform-tests
    url: https://api.scaleway.com/rdb/v1/regions/fr-par/instances/0084506f-b380-45c8-8476-02d43bfdd166/users?name=user&order_by=name_asc
    method: GET
  response:
    body: '{"users":[{"name":"user","is_admin":false}],"total_count":1}'
    headers:
      Content-Length:
      - "60"
      Content-Security-Policy:
      - default-src 'none'; frame-ancestors 'none'
      Content-Type:
      - application/json
      Date:
      - Wed, 11 May 2022 13:29:56 GMT
      Server:
      - Scaleway API-Gateway
      Strict-Transport-Security:
      - max-age=63072000
      X-Content-Type-Options:
      - nosniff
      X-Frame-Options:
      - DENY
      X-Request-Id:
      - 451be55c-7932-4d09-b327-6ffe8cda2776
    status: 200 OK
    code: 200
    duration: ""
- request:
    body: ""
    form: {}
    headers:
      User-Agent:
      - scaleway-sdk-go/v1.0.0-beta.7+dev (go1.18.2; darwin; amd64) terraform-provider/develop
        terraform/terraform-tests
    url: https://api.scaleway.com/rdb/v1/regions/fr-par/instances/0084506f-b380-45c8-8476-02d43bfdd166/users?name=application&order_by=name_asc
    method: GET
  response:
    body: '{"users":[{"name":"application","is_admin":false}],"total_count":1}'
    headers:
      Content-Length:
      - "67"
      Content-Security-Policy:
      - default-src 'none'; frame-ancestors 'none'
      Content-Type:
      - application/json
      Date:
      - Wed, 11 May 2022 13:29:56 GMT
      Server:
      - Scaleway API-Gateway
      Strict-Transport-Security:
      - max-age=63072000
      X-Content-Type-Options:
      - nosniff
      X-Frame-Options:
      - DENY
      X-Request-Id:
      - c958e7ea-f713-4863-840c-3e35f96b0501
    status: 200 OK
    code: 200
    duration: ""
- request:
    body: ""
    form: {}
    headers:
      User-Agent:
      - scaleway-sdk-go/v1.0.0-beta.7+dev (go1.18.2; darwin; amd64) terraform-provider/develop
        terraform/terraform-tests
    url: https://api.scaleway.com/rdb/v1/regions/fr-par/instances/0084506f-b380-45c8-8476-02d43bfdd166/users?name=application&order_by=name_asc
    method: GET
  response:
    body: '{"users":[{"name":"application","is_admin":false}],"total_count":1}'
    headers:
      Content-Length:
      - "67"
      Content-Security-Policy:
      - default-src 'none'; frame-ancestors 'none'
      Content-Type:
      - application/json
      Date:
      - Wed, 11 May 2022 13:29:56 GMT
      Server:
      - Scaleway API-Gateway
      Strict-Transport-Security:
      - max-age=63072000
      X-Content-Type-Options:
      - nosniff
      X-Frame-Options:
      - DENY
      X-Request-Id:
      - efa0b426-b5b4-4d3c-9e46-ac759b17037b
    status: 200 OK
    code: 200
    duration: ""
- request:
    body: ""
    form: {}
    headers:
      User-Agent:
      - scaleway-sdk-go/v1.0.0-beta.7+dev (go1.18.2; darwin; amd64) terraform-provider/develop
        terraform/terraform-tests
    url: https://api.scaleway.com/rdb/v1/regions/fr-par/instances/0084506f-b380-45c8-8476-02d43bfdd166/privileges?database_name=default&order_by=user_name_asc&user_name=application
    method: GET
  response:
    body: '{"privileges":[{"permission":"all","database_name":"default","user_name":"application"}],"total_count":1}'
    headers:
      Content-Length:
      - "105"
      Content-Security-Policy:
      - default-src 'none'; frame-ancestors 'none'
      Content-Type:
      - application/json
      Date:
      - Wed, 11 May 2022 13:29:56 GMT
      Server:
      - Scaleway API-Gateway
      Strict-Transport-Security:
      - max-age=63072000
      X-Content-Type-Options:
      - nosniff
      X-Frame-Options:
      - DENY
      X-Request-Id:
      - b8e5d390-8402-4345-b3ce-dc51b5082c2d
    status: 200 OK
    code: 200
    duration: ""
- request:
    body: ""
    form: {}
    headers:
      User-Agent:
      - scaleway-sdk-go/v1.0.0-beta.7+dev (go1.18.2; darwin; amd64) terraform-provider/develop
        terraform/terraform-tests
    url: https://api.scaleway.com/rdb/v1/regions/fr-par/instances/0084506f-b380-45c8-8476-02d43bfdd166/privileges?database_name=core&order_by=user_name_asc&user_name=user
    method: GET
  response:
    body: '{"privileges":[{"permission":"readonly","database_name":"core","user_name":"user"}],"total_count":1}'
    headers:
      Content-Length:
      - "100"
      Content-Security-Policy:
      - default-src 'none'; frame-ancestors 'none'
      Content-Type:
      - application/json
      Date:
      - Wed, 11 May 2022 13:29:56 GMT
      Server:
      - Scaleway API-Gateway
      Strict-Transport-Security:
      - max-age=63072000
      X-Content-Type-Options:
      - nosniff
      X-Frame-Options:
      - DENY
      X-Request-Id:
      - 5659f03c-1f99-40d8-b5fd-388958f5851e
    status: 200 OK
    code: 200
    duration: ""
- request:
    body: ""
    form: {}
    headers:
      User-Agent:
      - scaleway-sdk-go/v1.0.0-beta.7+dev (go1.18.2; darwin; amd64) terraform-provider/develop
        terraform/terraform-tests
    url: https://api.scaleway.com/rdb/v1/regions/fr-par/instances/0084506f-b380-45c8-8476-02d43bfdd166/privileges?database_name=core&order_by=user_name_asc&user_name=application
    method: GET
  response:
    body: '{"privileges":[{"permission":"all","database_name":"core","user_name":"application"}],"total_count":1}'
    headers:
      Content-Length:
      - "102"
      Content-Security-Policy:
      - default-src 'none'; frame-ancestors 'none'
      Content-Type:
      - application/json
      Date:
      - Wed, 11 May 2022 13:29:56 GMT
      Server:
      - Scaleway API-Gateway
      Strict-Transport-Security:
      - max-age=63072000
      X-Content-Type-Options:
      - nosniff
      X-Frame-Options:
      - DENY
      X-Request-Id:
      - 7eb0aa72-501d-4e28-bf6e-8c36c0a02617
    status: 200 OK
    code: 200
    duration: ""
