---
version: 1
interactions:
- request:
    body: '{"name":"my_private_network","project_id":"63a66ec9-a385-4194-bc15-04aa6921274a","tags":null,"subnets":null,"vpc_id":null}'
    form: {}
    headers:
      Content-Type:
      - application/json
      User-Agent:
      - scaleway-sdk-go/v1.0.0-beta.7+dev (go1.20.3; darwin; amd64) terraform-provider/develop
        terraform/terraform-tests
    url: https://api.scaleway.com/vpc/v2/regions/fr-par/private-networks
    method: POST
  response:
    body: '{"created_at":"2023-07-25T12:38:57.808963Z","dhcp_enabled":true,"id":"e7b297cc-fc89-41a7-ad7f-4ade8d13b5a5","name":"my_private_network","organization_id":"63a66ec9-a385-4194-bc15-04aa6921274a","project_id":"63a66ec9-a385-4194-bc15-04aa6921274a","region":"fr-par","subnets":[{"created_at":"2023-07-25T12:38:57.808963Z","id":"bf16f35b-dda0-40a3-87a8-438a9bb7c022","subnet":"172.16.20.0/22","updated_at":"2023-07-25T12:38:57.808963Z"},{"created_at":"2023-07-25T12:38:57.808963Z","id":"652e7db9-0d93-4430-86c7-ac42ad1bd91b","subnet":"fdfc:1ffc:be97:15f0::/64","updated_at":"2023-07-25T12:38:57.808963Z"}],"tags":[],"updated_at":"2023-07-25T12:38:57.808963Z","vpc_id":"f30db962-6029-4ae2-bb33-8b32693afadf"}'
    headers:
      Content-Length:
      - "719"
      Content-Security-Policy:
      - default-src 'none'; frame-ancestors 'none'
      Content-Type:
      - application/json
      Date:
      - Tue, 25 Jul 2023 12:38:57 GMT
      Server:
      - Scaleway API-Gateway
      Strict-Transport-Security:
      - max-age=63072000
      X-Content-Type-Options:
      - nosniff
      X-Frame-Options:
      - DENY
      X-Request-Id:
      - b46a761d-b328-4cbf-8ab8-ab5193a6a7ba
    status: 200 OK
    code: 200
    duration: ""
- request:
    body: ""
    form: {}
    headers:
      User-Agent:
      - scaleway-sdk-go/v1.0.0-beta.7+dev (go1.20.3; darwin; amd64) terraform-provider/develop
        terraform/terraform-tests
    url: https://api.scaleway.com/vpc/v2/regions/fr-par/private-networks/e7b297cc-fc89-41a7-ad7f-4ade8d13b5a5
    method: GET
  response:
    body: '{"created_at":"2023-07-25T12:38:57.808963Z","dhcp_enabled":true,"id":"e7b297cc-fc89-41a7-ad7f-4ade8d13b5a5","name":"my_private_network","organization_id":"63a66ec9-a385-4194-bc15-04aa6921274a","project_id":"63a66ec9-a385-4194-bc15-04aa6921274a","region":"fr-par","subnets":[{"created_at":"2023-07-25T12:38:57.808963Z","id":"bf16f35b-dda0-40a3-87a8-438a9bb7c022","subnet":"172.16.20.0/22","updated_at":"2023-07-25T12:38:57.808963Z"},{"created_at":"2023-07-25T12:38:57.808963Z","id":"652e7db9-0d93-4430-86c7-ac42ad1bd91b","subnet":"fdfc:1ffc:be97:15f0::/64","updated_at":"2023-07-25T12:38:57.808963Z"}],"tags":[],"updated_at":"2023-07-25T12:38:57.808963Z","vpc_id":"f30db962-6029-4ae2-bb33-8b32693afadf"}'
    headers:
      Content-Length:
      - "719"
      Content-Security-Policy:
      - default-src 'none'; frame-ancestors 'none'
      Content-Type:
      - application/json
      Date:
      - Tue, 25 Jul 2023 12:38:58 GMT
      Server:
      - Scaleway API-Gateway
      Strict-Transport-Security:
      - max-age=63072000
      X-Content-Type-Options:
      - nosniff
      X-Frame-Options:
      - DENY
      X-Request-Id:
      - 0251be39-8eaa-482c-ba20-f6cb72714d82
    status: 200 OK
    code: 200
    duration: ""
- request:
    body: ""
    form: {}
    headers:
      User-Agent:
      - scaleway-sdk-go/v1.0.0-beta.7+dev (go1.20.3; darwin; amd64) terraform-provider/develop
        terraform/terraform-tests
    url: https://api.scaleway.com/vpc/v2/regions/fr-par/private-networks/e7b297cc-fc89-41a7-ad7f-4ade8d13b5a5
    method: GET
  response:
    body: '{"created_at":"2023-07-25T12:38:57.808963Z","dhcp_enabled":true,"id":"e7b297cc-fc89-41a7-ad7f-4ade8d13b5a5","name":"my_private_network","organization_id":"63a66ec9-a385-4194-bc15-04aa6921274a","project_id":"63a66ec9-a385-4194-bc15-04aa6921274a","region":"fr-par","subnets":[{"created_at":"2023-07-25T12:38:57.808963Z","id":"bf16f35b-dda0-40a3-87a8-438a9bb7c022","subnet":"172.16.20.0/22","updated_at":"2023-07-25T12:38:57.808963Z"},{"created_at":"2023-07-25T12:38:57.808963Z","id":"652e7db9-0d93-4430-86c7-ac42ad1bd91b","subnet":"fdfc:1ffc:be97:15f0::/64","updated_at":"2023-07-25T12:38:57.808963Z"}],"tags":[],"updated_at":"2023-07-25T12:38:57.808963Z","vpc_id":"f30db962-6029-4ae2-bb33-8b32693afadf"}'
    headers:
      Content-Length:
      - "719"
      Content-Security-Policy:
      - default-src 'none'; frame-ancestors 'none'
      Content-Type:
      - application/json
      Date:
      - Tue, 25 Jul 2023 12:38:58 GMT
      Server:
      - Scaleway API-Gateway
      Strict-Transport-Security:
      - max-age=63072000
      X-Content-Type-Options:
      - nosniff
      X-Frame-Options:
      - DENY
      X-Request-Id:
      - 6b06926c-cadf-4c79-8333-8e01d0df5b62
    status: 200 OK
    code: 200
    duration: ""
- request:
    body: ""
    form: {}
    headers:
      User-Agent:
      - scaleway-sdk-go/v1.0.0-beta.7+dev (go1.20.3; darwin; amd64) terraform-provider/develop
        terraform/terraform-tests
    url: https://api.scaleway.com/vpc/v2/regions/fr-par/private-networks/e7b297cc-fc89-41a7-ad7f-4ade8d13b5a5
    method: GET
  response:
    body: '{"created_at":"2023-07-25T12:38:57.808963Z","dhcp_enabled":true,"id":"e7b297cc-fc89-41a7-ad7f-4ade8d13b5a5","name":"my_private_network","organization_id":"63a66ec9-a385-4194-bc15-04aa6921274a","project_id":"63a66ec9-a385-4194-bc15-04aa6921274a","region":"fr-par","subnets":[{"created_at":"2023-07-25T12:38:57.808963Z","id":"bf16f35b-dda0-40a3-87a8-438a9bb7c022","subnet":"172.16.20.0/22","updated_at":"2023-07-25T12:38:57.808963Z"},{"created_at":"2023-07-25T12:38:57.808963Z","id":"652e7db9-0d93-4430-86c7-ac42ad1bd91b","subnet":"fdfc:1ffc:be97:15f0::/64","updated_at":"2023-07-25T12:38:57.808963Z"}],"tags":[],"updated_at":"2023-07-25T12:38:57.808963Z","vpc_id":"f30db962-6029-4ae2-bb33-8b32693afadf"}'
    headers:
      Content-Length:
      - "719"
      Content-Security-Policy:
      - default-src 'none'; frame-ancestors 'none'
      Content-Type:
      - application/json
      Date:
      - Tue, 25 Jul 2023 12:38:59 GMT
      Server:
      - Scaleway API-Gateway
      Strict-Transport-Security:
      - max-age=63072000
      X-Content-Type-Options:
      - nosniff
      X-Frame-Options:
      - DENY
      X-Request-Id:
      - 7d7b9158-d4dc-4573-8b34-d40a5af23c61
    status: 200 OK
    code: 200
    duration: ""
- request:
    body: '{"project_id":"63a66ec9-a385-4194-bc15-04aa6921274a","name":"test-rdb","engine":"PostgreSQL-11","user_name":"my_initial_user","password":"thiZ_is_v\u0026ry_s3cret","node_type":"db-dev-s","is_ha_cluster":false,"disable_backup":true,"tags":["terraform-test","scaleway_rdb_instance","volume","rdb_pn"],"init_settings":null,"volume_type":"bssd","volume_size":10000000000,"init_endpoints":[{"private_network":{"private_network_id":"e7b297cc-fc89-41a7-ad7f-4ade8d13b5a5","ipam_config":{}}}],"backup_same_region":false}'
    form: {}
    headers:
      Content-Type:
      - application/json
      User-Agent:
      - scaleway-sdk-go/v1.0.0-beta.7+dev (go1.20.3; darwin; amd64) terraform-provider/develop
        terraform/terraform-tests
    url: https://api.scaleway.com/rdb/v1/regions/fr-par/instances
    method: POST
  response:
    body: '{"backup_same_region":false,"backup_schedule":{"disabled":true,"frequency":24,"next_run_at":null,"retention":7},"created_at":"2023-07-25T12:39:16.557837Z","endpoint":null,"endpoints":[{"id":"8f117706-3433-4453-b9ed-e9296fb01d5b","ip":"172.16.20.2","name":null,"port":5432,"private_network":{"private_network_id":"e7b297cc-fc89-41a7-ad7f-4ade8d13b5a5","service_ip":"172.16.20.2/22","zone":"fr-par-1"}}],"engine":"PostgreSQL-11","id":"8cf6d01e-1d37-4126-8049-a7d504cb758e","init_settings":[],"is_ha_cluster":false,"logs_policy":{"max_age_retention":30,"total_disk_retention":null},"maintenances":[],"name":"test-rdb","node_type":"db-dev-s","organization_id":"63a66ec9-a385-4194-bc15-04aa6921274a","project_id":"63a66ec9-a385-4194-bc15-04aa6921274a","read_replicas":[],"region":"fr-par","settings":[],"status":"provisioning","tags":["terraform-test","scaleway_rdb_instance","volume","rdb_pn"],"upgradable_version":[{"id":"02d1240c-669f-40d6-a131-42296df197a7","minor_version":"12.15","name":"PostgreSQL-12","version":"12"},{"id":"b22d2b07-29ad-4b07-be8a-b93b5b5ed56d","minor_version":"13.11","name":"PostgreSQL-13","version":"13"},{"id":"c962298e-539a-47f6-9402-ce7a439b16c2","minor_version":"14.8","name":"PostgreSQL-14","version":"14"}],"volume":{"size":10000000000,"type":"bssd"}}'
    headers:
      Content-Length:
      - "1326"
      Content-Security-Policy:
      - default-src 'none'; frame-ancestors 'none'
      Content-Type:
      - application/json
      Date:
      - Tue, 25 Jul 2023 12:39:17 GMT
      Server:
      - Scaleway API-Gateway
      Strict-Transport-Security:
      - max-age=63072000
      X-Content-Type-Options:
      - nosniff
      X-Frame-Options:
      - DENY
      X-Request-Id:
      - 577c45c2-b699-4f7c-855a-9bcf6150d7ff
    status: 200 OK
    code: 200
    duration: ""
- request:
    body: ""
    form: {}
    headers:
      User-Agent:
      - scaleway-sdk-go/v1.0.0-beta.7+dev (go1.20.3; darwin; amd64) terraform-provider/develop
        terraform/terraform-tests
    url: https://api.scaleway.com/rdb/v1/regions/fr-par/instances/8cf6d01e-1d37-4126-8049-a7d504cb758e
    method: GET
  response:
    body: '{"backup_same_region":false,"backup_schedule":{"disabled":true,"frequency":24,"next_run_at":null,"retention":7},"created_at":"2023-07-25T12:39:16.557837Z","endpoint":null,"endpoints":[{"id":"8f117706-3433-4453-b9ed-e9296fb01d5b","ip":"172.16.20.2","name":null,"port":5432,"private_network":{"private_network_id":"e7b297cc-fc89-41a7-ad7f-4ade8d13b5a5","service_ip":"172.16.20.2/22","zone":"fr-par-1"}}],"engine":"PostgreSQL-11","id":"8cf6d01e-1d37-4126-8049-a7d504cb758e","init_settings":[],"is_ha_cluster":false,"logs_policy":{"max_age_retention":30,"total_disk_retention":null},"maintenances":[],"name":"test-rdb","node_type":"db-dev-s","organization_id":"63a66ec9-a385-4194-bc15-04aa6921274a","project_id":"63a66ec9-a385-4194-bc15-04aa6921274a","read_replicas":[],"region":"fr-par","settings":[],"status":"provisioning","tags":["terraform-test","scaleway_rdb_instance","volume","rdb_pn"],"upgradable_version":[{"id":"02d1240c-669f-40d6-a131-42296df197a7","minor_version":"12.15","name":"PostgreSQL-12","version":"12"},{"id":"b22d2b07-29ad-4b07-be8a-b93b5b5ed56d","minor_version":"13.11","name":"PostgreSQL-13","version":"13"},{"id":"c962298e-539a-47f6-9402-ce7a439b16c2","minor_version":"14.8","name":"PostgreSQL-14","version":"14"}],"volume":{"size":10000000000,"type":"bssd"}}'
    headers:
      Content-Length:
      - "1326"
      Content-Security-Policy:
      - default-src 'none'; frame-ancestors 'none'
      Content-Type:
      - application/json
      Date:
      - Tue, 25 Jul 2023 12:39:17 GMT
      Server:
      - Scaleway API-Gateway
      Strict-Transport-Security:
      - max-age=63072000
      X-Content-Type-Options:
      - nosniff
      X-Frame-Options:
      - DENY
      X-Request-Id:
      - 424da7d9-fe38-41b5-850a-939d05cce53b
    status: 200 OK
    code: 200
    duration: ""
- request:
    body: ""
    form: {}
    headers:
      User-Agent:
      - scaleway-sdk-go/v1.0.0-beta.7+dev (go1.20.3; darwin; amd64) terraform-provider/develop
        terraform/terraform-tests
    url: https://api.scaleway.com/rdb/v1/regions/fr-par/instances/8cf6d01e-1d37-4126-8049-a7d504cb758e
    method: GET
  response:
    body: '{"backup_same_region":false,"backup_schedule":{"disabled":true,"frequency":24,"next_run_at":null,"retention":7},"created_at":"2023-07-25T12:39:16.557837Z","endpoint":null,"endpoints":[{"id":"8f117706-3433-4453-b9ed-e9296fb01d5b","ip":"172.16.20.2","name":null,"port":5432,"private_network":{"private_network_id":"e7b297cc-fc89-41a7-ad7f-4ade8d13b5a5","service_ip":"172.16.20.2/22","zone":"fr-par-1"}}],"engine":"PostgreSQL-11","id":"8cf6d01e-1d37-4126-8049-a7d504cb758e","init_settings":[],"is_ha_cluster":false,"logs_policy":{"max_age_retention":30,"total_disk_retention":null},"maintenances":[],"name":"test-rdb","node_type":"db-dev-s","organization_id":"63a66ec9-a385-4194-bc15-04aa6921274a","project_id":"63a66ec9-a385-4194-bc15-04aa6921274a","read_replicas":[],"region":"fr-par","settings":[],"status":"provisioning","tags":["terraform-test","scaleway_rdb_instance","volume","rdb_pn"],"upgradable_version":[{"id":"02d1240c-669f-40d6-a131-42296df197a7","minor_version":"12.15","name":"PostgreSQL-12","version":"12"},{"id":"b22d2b07-29ad-4b07-be8a-b93b5b5ed56d","minor_version":"13.11","name":"PostgreSQL-13","version":"13"},{"id":"c962298e-539a-47f6-9402-ce7a439b16c2","minor_version":"14.8","name":"PostgreSQL-14","version":"14"}],"volume":{"size":10000000000,"type":"bssd"}}'
    headers:
      Content-Length:
      - "1326"
      Content-Security-Policy:
      - default-src 'none'; frame-ancestors 'none'
      Content-Type:
      - application/json
      Date:
      - Tue, 25 Jul 2023 12:39:47 GMT
      Server:
      - Scaleway API-Gateway
      Strict-Transport-Security:
      - max-age=63072000
      X-Content-Type-Options:
      - nosniff
      X-Frame-Options:
      - DENY
      X-Request-Id:
      - 3c836176-ef3a-4dd4-8164-139a9e2b79d4
    status: 200 OK
    code: 200
    duration: ""
- request:
    body: ""
    form: {}
    headers:
      User-Agent:
      - scaleway-sdk-go/v1.0.0-beta.7+dev (go1.20.3; darwin; amd64) terraform-provider/develop
        terraform/terraform-tests
    url: https://api.scaleway.com/rdb/v1/regions/fr-par/instances/8cf6d01e-1d37-4126-8049-a7d504cb758e
    method: GET
  response:
    body: '{"backup_same_region":false,"backup_schedule":{"disabled":true,"frequency":24,"next_run_at":null,"retention":7},"created_at":"2023-07-25T12:39:16.557837Z","endpoint":null,"endpoints":[{"id":"8f117706-3433-4453-b9ed-e9296fb01d5b","ip":"172.16.20.2","name":null,"port":5432,"private_network":{"private_network_id":"e7b297cc-fc89-41a7-ad7f-4ade8d13b5a5","service_ip":"172.16.20.2/22","zone":"fr-par-1"}}],"engine":"PostgreSQL-11","id":"8cf6d01e-1d37-4126-8049-a7d504cb758e","init_settings":[],"is_ha_cluster":false,"logs_policy":{"max_age_retention":30,"total_disk_retention":null},"maintenances":[],"name":"test-rdb","node_type":"db-dev-s","organization_id":"63a66ec9-a385-4194-bc15-04aa6921274a","project_id":"63a66ec9-a385-4194-bc15-04aa6921274a","read_replicas":[],"region":"fr-par","settings":[],"status":"provisioning","tags":["terraform-test","scaleway_rdb_instance","volume","rdb_pn"],"upgradable_version":[{"id":"02d1240c-669f-40d6-a131-42296df197a7","minor_version":"12.15","name":"PostgreSQL-12","version":"12"},{"id":"b22d2b07-29ad-4b07-be8a-b93b5b5ed56d","minor_version":"13.11","name":"PostgreSQL-13","version":"13"},{"id":"c962298e-539a-47f6-9402-ce7a439b16c2","minor_version":"14.8","name":"PostgreSQL-14","version":"14"}],"volume":{"size":10000000000,"type":"bssd"}}'
    headers:
      Content-Length:
      - "1326"
      Content-Security-Policy:
      - default-src 'none'; frame-ancestors 'none'
      Content-Type:
      - application/json
      Date:
      - Tue, 25 Jul 2023 12:40:17 GMT
      Server:
      - Scaleway API-Gateway
      Strict-Transport-Security:
      - max-age=63072000
      X-Content-Type-Options:
      - nosniff
      X-Frame-Options:
      - DENY
      X-Request-Id:
      - aa7cec4a-a72e-4d66-897e-0d614fc096b7
    status: 200 OK
    code: 200
    duration: ""
- request:
    body: ""
    form: {}
    headers:
      User-Agent:
      - scaleway-sdk-go/v1.0.0-beta.7+dev (go1.20.3; darwin; amd64) terraform-provider/develop
        terraform/terraform-tests
    url: https://api.scaleway.com/rdb/v1/regions/fr-par/instances/8cf6d01e-1d37-4126-8049-a7d504cb758e
    method: GET
  response:
    body: '{"backup_same_region":false,"backup_schedule":{"disabled":true,"frequency":24,"next_run_at":null,"retention":7},"created_at":"2023-07-25T12:39:16.557837Z","endpoint":null,"endpoints":[{"id":"8f117706-3433-4453-b9ed-e9296fb01d5b","ip":"172.16.20.2","name":null,"port":5432,"private_network":{"private_network_id":"e7b297cc-fc89-41a7-ad7f-4ade8d13b5a5","service_ip":"172.16.20.2/22","zone":"fr-par-1"}}],"engine":"PostgreSQL-11","id":"8cf6d01e-1d37-4126-8049-a7d504cb758e","init_settings":[],"is_ha_cluster":false,"logs_policy":{"max_age_retention":30,"total_disk_retention":null},"maintenances":[],"name":"test-rdb","node_type":"db-dev-s","organization_id":"63a66ec9-a385-4194-bc15-04aa6921274a","project_id":"63a66ec9-a385-4194-bc15-04aa6921274a","read_replicas":[],"region":"fr-par","settings":[],"status":"initializing","tags":["terraform-test","scaleway_rdb_instance","volume","rdb_pn"],"upgradable_version":[{"id":"02d1240c-669f-40d6-a131-42296df197a7","minor_version":"12.15","name":"PostgreSQL-12","version":"12"},{"id":"b22d2b07-29ad-4b07-be8a-b93b5b5ed56d","minor_version":"13.11","name":"PostgreSQL-13","version":"13"},{"id":"c962298e-539a-47f6-9402-ce7a439b16c2","minor_version":"14.8","name":"PostgreSQL-14","version":"14"}],"volume":{"size":10000000000,"type":"bssd"}}'
    headers:
      Content-Length:
      - "1326"
      Content-Security-Policy:
      - default-src 'none'; frame-ancestors 'none'
      Content-Type:
      - application/json
      Date:
      - Tue, 25 Jul 2023 12:40:47 GMT
      Server:
      - Scaleway API-Gateway
      Strict-Transport-Security:
      - max-age=63072000
      X-Content-Type-Options:
      - nosniff
      X-Frame-Options:
      - DENY
      X-Request-Id:
      - 79a5be55-e922-437c-a1d3-155ad5896e78
    status: 200 OK
    code: 200
    duration: ""
- request:
    body: ""
    form: {}
    headers:
      User-Agent:
      - scaleway-sdk-go/v1.0.0-beta.7+dev (go1.20.3; darwin; amd64) terraform-provider/develop
        terraform/terraform-tests
    url: https://api.scaleway.com/rdb/v1/regions/fr-par/instances/8cf6d01e-1d37-4126-8049-a7d504cb758e
    method: GET
  response:
    body: '{"backup_same_region":false,"backup_schedule":{"disabled":true,"frequency":24,"next_run_at":null,"retention":7},"created_at":"2023-07-25T12:39:16.557837Z","endpoint":null,"endpoints":[{"id":"8f117706-3433-4453-b9ed-e9296fb01d5b","ip":"172.16.20.2","name":null,"port":5432,"private_network":{"private_network_id":"e7b297cc-fc89-41a7-ad7f-4ade8d13b5a5","service_ip":"172.16.20.2/22","zone":"fr-par-1"}}],"engine":"PostgreSQL-11","id":"8cf6d01e-1d37-4126-8049-a7d504cb758e","init_settings":[],"is_ha_cluster":false,"logs_policy":{"max_age_retention":30,"total_disk_retention":null},"maintenances":[],"name":"test-rdb","node_type":"db-dev-s","organization_id":"63a66ec9-a385-4194-bc15-04aa6921274a","project_id":"63a66ec9-a385-4194-bc15-04aa6921274a","read_replicas":[],"region":"fr-par","settings":[],"status":"initializing","tags":["terraform-test","scaleway_rdb_instance","volume","rdb_pn"],"upgradable_version":[{"id":"02d1240c-669f-40d6-a131-42296df197a7","minor_version":"12.15","name":"PostgreSQL-12","version":"12"},{"id":"b22d2b07-29ad-4b07-be8a-b93b5b5ed56d","minor_version":"13.11","name":"PostgreSQL-13","version":"13"},{"id":"c962298e-539a-47f6-9402-ce7a439b16c2","minor_version":"14.8","name":"PostgreSQL-14","version":"14"}],"volume":{"size":10000000000,"type":"bssd"}}'
    headers:
      Content-Length:
      - "1326"
      Content-Security-Policy:
      - default-src 'none'; frame-ancestors 'none'
      Content-Type:
      - application/json
      Date:
      - Tue, 25 Jul 2023 12:41:18 GMT
      Server:
      - Scaleway API-Gateway
      Strict-Transport-Security:
      - max-age=63072000
      X-Content-Type-Options:
      - nosniff
      X-Frame-Options:
      - DENY
      X-Request-Id:
      - 5c8dedd5-d2bd-415d-994e-5f6c362d37ff
    status: 200 OK
    code: 200
    duration: ""
- request:
    body: ""
    form: {}
    headers:
      User-Agent:
      - scaleway-sdk-go/v1.0.0-beta.7+dev (go1.20.3; darwin; amd64) terraform-provider/develop
        terraform/terraform-tests
    url: https://api.scaleway.com/rdb/v1/regions/fr-par/instances/8cf6d01e-1d37-4126-8049-a7d504cb758e
    method: GET
  response:
    body: '{"backup_same_region":false,"backup_schedule":{"disabled":true,"frequency":24,"next_run_at":null,"retention":7},"created_at":"2023-07-25T12:39:16.557837Z","endpoint":null,"endpoints":[{"id":"8f117706-3433-4453-b9ed-e9296fb01d5b","ip":"172.16.20.2","name":null,"port":5432,"private_network":{"private_network_id":"e7b297cc-fc89-41a7-ad7f-4ade8d13b5a5","service_ip":"172.16.20.2/22","zone":"fr-par-1"}}],"engine":"PostgreSQL-11","id":"8cf6d01e-1d37-4126-8049-a7d504cb758e","init_settings":[],"is_ha_cluster":false,"logs_policy":{"max_age_retention":30,"total_disk_retention":null},"maintenances":[],"name":"test-rdb","node_type":"db-dev-s","organization_id":"63a66ec9-a385-4194-bc15-04aa6921274a","project_id":"63a66ec9-a385-4194-bc15-04aa6921274a","read_replicas":[],"region":"fr-par","settings":[],"status":"initializing","tags":["terraform-test","scaleway_rdb_instance","volume","rdb_pn"],"upgradable_version":[{"id":"02d1240c-669f-40d6-a131-42296df197a7","minor_version":"12.15","name":"PostgreSQL-12","version":"12"},{"id":"b22d2b07-29ad-4b07-be8a-b93b5b5ed56d","minor_version":"13.11","name":"PostgreSQL-13","version":"13"},{"id":"c962298e-539a-47f6-9402-ce7a439b16c2","minor_version":"14.8","name":"PostgreSQL-14","version":"14"}],"volume":{"size":10000000000,"type":"bssd"}}'
    headers:
      Content-Length:
      - "1326"
      Content-Security-Policy:
      - default-src 'none'; frame-ancestors 'none'
      Content-Type:
      - application/json
      Date:
      - Tue, 25 Jul 2023 12:41:48 GMT
      Server:
      - Scaleway API-Gateway
      Strict-Transport-Security:
      - max-age=63072000
      X-Content-Type-Options:
      - nosniff
      X-Frame-Options:
      - DENY
      X-Request-Id:
      - f40d4cd3-832a-43a8-a5b7-83fbb438eeb7
    status: 200 OK
    code: 200
    duration: ""
- request:
    body: ""
    form: {}
    headers:
      User-Agent:
      - scaleway-sdk-go/v1.0.0-beta.7+dev (go1.20.3; darwin; amd64) terraform-provider/develop
        terraform/terraform-tests
    url: https://api.scaleway.com/rdb/v1/regions/fr-par/instances/8cf6d01e-1d37-4126-8049-a7d504cb758e
    method: GET
  response:
    body: '{"backup_same_region":false,"backup_schedule":{"disabled":true,"frequency":24,"next_run_at":null,"retention":7},"created_at":"2023-07-25T12:39:16.557837Z","endpoint":{"id":"94294c82-658f-428c-938a-5e165d96df22","ip":"51.159.204.28","load_balancer":{},"name":null,"port":16202},"endpoints":[{"id":"8f117706-3433-4453-b9ed-e9296fb01d5b","ip":"172.16.20.2","name":null,"port":5432,"private_network":{"private_network_id":"e7b297cc-fc89-41a7-ad7f-4ade8d13b5a5","service_ip":"172.16.20.2/22","zone":"fr-par-1"}},{"id":"94294c82-658f-428c-938a-5e165d96df22","ip":"51.159.204.28","load_balancer":{},"name":null,"port":16202}],"engine":"PostgreSQL-11","id":"8cf6d01e-1d37-4126-8049-a7d504cb758e","init_settings":[],"is_ha_cluster":false,"logs_policy":{"max_age_retention":30,"total_disk_retention":null},"maintenances":[],"name":"test-rdb","node_type":"db-dev-s","organization_id":"63a66ec9-a385-4194-bc15-04aa6921274a","project_id":"63a66ec9-a385-4194-bc15-04aa6921274a","read_replicas":[],"region":"fr-par","settings":[{"name":"effective_cache_size","value":"1300"},{"name":"maintenance_work_mem","value":"150"},{"name":"max_connections","value":"100"},{"name":"max_parallel_workers","value":"0"},{"name":"max_parallel_workers_per_gather","value":"0"},{"name":"work_mem","value":"4"}],"status":"ready","tags":["terraform-test","scaleway_rdb_instance","volume","rdb_pn"],"upgradable_version":[{"id":"02d1240c-669f-40d6-a131-42296df197a7","minor_version":"12.15","name":"PostgreSQL-12","version":"12"},{"id":"b22d2b07-29ad-4b07-be8a-b93b5b5ed56d","minor_version":"13.11","name":"PostgreSQL-13","version":"13"},{"id":"c962298e-539a-47f6-9402-ce7a439b16c2","minor_version":"14.8","name":"PostgreSQL-14","version":"14"}],"volume":{"size":10000000000,"type":"bssd"}}'
    headers:
      Content-Length:
      - "1820"
      Content-Security-Policy:
      - default-src 'none'; frame-ancestors 'none'
      Content-Type:
      - application/json
      Date:
      - Tue, 25 Jul 2023 12:42:18 GMT
      Server:
      - Scaleway API-Gateway
      Strict-Transport-Security:
      - max-age=63072000
      X-Content-Type-Options:
      - nosniff
      X-Frame-Options:
      - DENY
      X-Request-Id:
      - 97d99e14-92d9-4012-a265-519d906a8662
    status: 200 OK
    code: 200
    duration: ""
- request:
    body: ""
    form: {}
    headers:
      User-Agent:
      - scaleway-sdk-go/v1.0.0-beta.7+dev (go1.20.3; darwin; amd64) terraform-provider/develop
        terraform/terraform-tests
    url: https://api.scaleway.com/rdb/v1/regions/fr-par/instances/8cf6d01e-1d37-4126-8049-a7d504cb758e/certificate
    method: GET
  response:
    body: '{"content":"LS0tLS1CRUdJTiBDRVJUSUZJQ0FURS0tLS0tCk1JSURzekNDQXB1Z0F3SUJBZ0lVSGlYU1lXVEFBTW5Lb3IzZFh5alN3N1M3MzR3d0RRWUpLb1pJaHZjTkFRRUwKQlFBd1ZqRUxNQWtHQTFVRUJoTUNSbEl4RGpBTUJnTlZCQWdNQlZCaGNtbHpNUTR3REFZRFZRUUhEQVZRWVhKcApjekVSTUE4R0ExVUVDZ3dJVTJOaGJHVjNZWGt4RkRBU0JnTlZCQU1NQ3pFM01pNHhOaTR5TUM0eU1CNFhEVEl6Ck1EY3lOVEV5TkRBeU9Gb1hEVE16TURjeU1qRXlOREF5T0Zvd1ZqRUxNQWtHQTFVRUJoTUNSbEl4RGpBTUJnTlYKQkFnTUJWQmhjbWx6TVE0d0RBWURWUVFIREFWUVlYSnBjekVSTUE4R0ExVUVDZ3dJVTJOaGJHVjNZWGt4RkRBUwpCZ05WQkFNTUN6RTNNaTR4Tmk0eU1DNHlNSUlCSWpBTkJna3Foa2lHOXcwQkFRRUZBQU9DQVE4QU1JSUJDZ0tDCkFRRUEwaSt2Yk5XL3lXdVV4Mi9ERTdwYTVndStxY09YaW5vTTBlekllc1Y2aU1zQlJTNzVWeUlHRzByS25WTzUKR0kvNWFqTFF1a3RJdHg4bXRpUElOK1hiUG11V2dXMDBDRGowdFM0T2pCb004STR5MG42M3hSeTdaZHRHaGlFegp0M0t5ZnFDS3BjSGlUQ2lqbzBjWGx4dlYzcHN1cWFlcDAyZ2w2bUZpTXdFWDJ5emVVcFdVTk9CV3ZkdmlwaFpoCnZJVmtFQll0RmZFUTRLdllNZ2FUV2F1N3B6WkNUYXkzUFFyYUVEY1ZVckNBejUyOXZ4V3hFc1hXNDBGdlNsWkwKRmlHUjA3UXFSRVRHVDBpQ3pqM3pBY1BNRkk0V2FDdURJOGdyZFFNRFVEeFdHdnd5LzFpZjByN29VTGdoc0Z4VwpDUFQ2M0toQk0xWGl6WElWM2xFREdsQWxhUUlEQVFBQm8za3dkekIxQmdOVkhSRUViakJzZ2dzeE56SXVNVFl1Ck1qQXVNb0lOTlRFdU1UVTVMakl3TkM0eU9JSThjbmN0T0dObU5tUXdNV1V0TVdRek55MDBNVEkyTFRnd05Ea3QKWVRka05UQTBZMkkzTlRobExuSmtZaTVtY2kxd1lYSXVjMk4zTG1Oc2IzVmtod1F6RDgzaWh3U3NFQlFDaHdRegpuOHdjTUEwR0NTcUdTSWIzRFFFQkN3VUFBNElCQVFDTGpkQ3h2VTMyT1hGbEFLY0tSL1BVd2w5ZXVJdHd4Q05lCjQydU5oK0ZqN3djRWF3WmZPaUtWOVkycFhWR1RPVUhJYXdDekNlUm1HbFhidjFWWjVSVEpsYmcwM1hLUW5sQzEKdFB0RkFpbitlK3ZPNGtrQ1lrV3ZHWUdXVU9wNUhNYWo4KzcyQWhrNHRGQzJuMndaeE9Lb0w4TGQvUmhiZzRVUQpubStZZjY0MXl0MmxRdTcySUZDQ3NlTGhTZzRKUVNORmdXK3laSHF1RWhZb0doWUNGTlpyQUxFYUNZaW53VFNkCnB1b0NHV2VsNlo4RVlmdGJwbjZnYmdCU1JYd05PK0tweS92T01MS3lMcm4yUmxKL3cyU0hmbDIzeEp5MmFRRUwKWVNXQ1J1bUY2eFRaVWx5NHFYdmpnRG8rSWVtSkNHenQ1SU5DeXltY2xjUnNtZmVsb3N6bwotLS0tLUVORCBDRVJUSUZJQ0FURS0tLS0tCg==","content_type":"application/x-pem-file","name":"ssl_certificate"}'
    headers:
      Content-Length:
      - "1873"
      Content-Security-Policy:
      - default-src 'none'; frame-ancestors 'none'
      Content-Type:
      - application/json
      Date:
      - Tue, 25 Jul 2023 12:42:18 GMT
      Server:
      - Scaleway API-Gateway
      Strict-Transport-Security:
      - max-age=63072000
      X-Content-Type-Options:
      - nosniff
      X-Frame-Options:
      - DENY
      X-Request-Id:
      - a0386ac4-87cf-476d-b1f4-07ff42980289
    status: 200 OK
    code: 200
    duration: ""
- request:
    body: ""
    form: {}
    headers:
      User-Agent:
      - scaleway-sdk-go/v1.0.0-beta.7+dev (go1.20.3; darwin; amd64) terraform-provider/develop
        terraform/terraform-tests
    url: https://api.scaleway.com/rdb/v1/regions/fr-par/instances/8cf6d01e-1d37-4126-8049-a7d504cb758e
    method: GET
  response:
    body: '{"backup_same_region":false,"backup_schedule":{"disabled":true,"frequency":24,"next_run_at":null,"retention":7},"created_at":"2023-07-25T12:39:16.557837Z","endpoint":{"id":"94294c82-658f-428c-938a-5e165d96df22","ip":"51.159.204.28","load_balancer":{},"name":null,"port":16202},"endpoints":[{"id":"8f117706-3433-4453-b9ed-e9296fb01d5b","ip":"172.16.20.2","name":null,"port":5432,"private_network":{"private_network_id":"e7b297cc-fc89-41a7-ad7f-4ade8d13b5a5","service_ip":"172.16.20.2/22","zone":"fr-par-1"}},{"id":"94294c82-658f-428c-938a-5e165d96df22","ip":"51.159.204.28","load_balancer":{},"name":null,"port":16202}],"engine":"PostgreSQL-11","id":"8cf6d01e-1d37-4126-8049-a7d504cb758e","init_settings":[],"is_ha_cluster":false,"logs_policy":{"max_age_retention":30,"total_disk_retention":null},"maintenances":[],"name":"test-rdb","node_type":"db-dev-s","organization_id":"63a66ec9-a385-4194-bc15-04aa6921274a","project_id":"63a66ec9-a385-4194-bc15-04aa6921274a","read_replicas":[],"region":"fr-par","settings":[{"name":"effective_cache_size","value":"1300"},{"name":"maintenance_work_mem","value":"150"},{"name":"max_connections","value":"100"},{"name":"max_parallel_workers","value":"0"},{"name":"max_parallel_workers_per_gather","value":"0"},{"name":"work_mem","value":"4"}],"status":"ready","tags":["terraform-test","scaleway_rdb_instance","volume","rdb_pn"],"upgradable_version":[{"id":"02d1240c-669f-40d6-a131-42296df197a7","minor_version":"12.15","name":"PostgreSQL-12","version":"12"},{"id":"b22d2b07-29ad-4b07-be8a-b93b5b5ed56d","minor_version":"13.11","name":"PostgreSQL-13","version":"13"},{"id":"c962298e-539a-47f6-9402-ce7a439b16c2","minor_version":"14.8","name":"PostgreSQL-14","version":"14"}],"volume":{"size":10000000000,"type":"bssd"}}'
    headers:
      Content-Length:
      - "1820"
      Content-Security-Policy:
      - default-src 'none'; frame-ancestors 'none'
      Content-Type:
      - application/json
      Date:
      - Tue, 25 Jul 2023 12:42:18 GMT
      Server:
      - Scaleway API-Gateway
      Strict-Transport-Security:
      - max-age=63072000
      X-Content-Type-Options:
      - nosniff
      X-Frame-Options:
      - DENY
      X-Request-Id:
      - b574b2e4-6403-4b7f-8e81-434ed4a85a99
    status: 200 OK
    code: 200
    duration: ""
- request:
    body: ""
    form: {}
    headers:
      User-Agent:
      - scaleway-sdk-go/v1.0.0-beta.7+dev (go1.20.3; darwin; amd64) terraform-provider/develop
        terraform/terraform-tests
    url: https://api.scaleway.com/vpc/v2/regions/fr-par/private-networks/e7b297cc-fc89-41a7-ad7f-4ade8d13b5a5
    method: GET
  response:
    body: '{"created_at":"2023-07-25T12:38:57.808963Z","dhcp_enabled":true,"id":"e7b297cc-fc89-41a7-ad7f-4ade8d13b5a5","name":"my_private_network","organization_id":"63a66ec9-a385-4194-bc15-04aa6921274a","project_id":"63a66ec9-a385-4194-bc15-04aa6921274a","region":"fr-par","subnets":[{"created_at":"2023-07-25T12:38:57.808963Z","id":"bf16f35b-dda0-40a3-87a8-438a9bb7c022","subnet":"172.16.20.0/22","updated_at":"2023-07-25T12:38:57.808963Z"},{"created_at":"2023-07-25T12:38:57.808963Z","id":"652e7db9-0d93-4430-86c7-ac42ad1bd91b","subnet":"fdfc:1ffc:be97:15f0::/64","updated_at":"2023-07-25T12:38:57.808963Z"}],"tags":[],"updated_at":"2023-07-25T12:38:57.808963Z","vpc_id":"f30db962-6029-4ae2-bb33-8b32693afadf"}'
    headers:
      Content-Length:
      - "719"
      Content-Security-Policy:
      - default-src 'none'; frame-ancestors 'none'
      Content-Type:
      - application/json
      Date:
      - Tue, 25 Jul 2023 12:42:19 GMT
      Server:
      - Scaleway API-Gateway
      Strict-Transport-Security:
      - max-age=63072000
      X-Content-Type-Options:
      - nosniff
      X-Frame-Options:
      - DENY
      X-Request-Id:
      - 07c7967d-e88d-4c65-8aff-13389c4a110c
    status: 200 OK
    code: 200
    duration: ""
- request:
    body: ""
    form: {}
    headers:
      User-Agent:
      - scaleway-sdk-go/v1.0.0-beta.7+dev (go1.20.3; darwin; amd64) terraform-provider/develop
        terraform/terraform-tests
    url: https://api.scaleway.com/rdb/v1/regions/fr-par/instances/8cf6d01e-1d37-4126-8049-a7d504cb758e
    method: GET
  response:
    body: '{"backup_same_region":false,"backup_schedule":{"disabled":true,"frequency":24,"next_run_at":null,"retention":7},"created_at":"2023-07-25T12:39:16.557837Z","endpoint":{"id":"94294c82-658f-428c-938a-5e165d96df22","ip":"51.159.204.28","load_balancer":{},"name":null,"port":16202},"endpoints":[{"id":"8f117706-3433-4453-b9ed-e9296fb01d5b","ip":"172.16.20.2","name":null,"port":5432,"private_network":{"private_network_id":"e7b297cc-fc89-41a7-ad7f-4ade8d13b5a5","service_ip":"172.16.20.2/22","zone":"fr-par-1"}},{"id":"94294c82-658f-428c-938a-5e165d96df22","ip":"51.159.204.28","load_balancer":{},"name":null,"port":16202}],"engine":"PostgreSQL-11","id":"8cf6d01e-1d37-4126-8049-a7d504cb758e","init_settings":[],"is_ha_cluster":false,"logs_policy":{"max_age_retention":30,"total_disk_retention":null},"maintenances":[],"name":"test-rdb","node_type":"db-dev-s","organization_id":"63a66ec9-a385-4194-bc15-04aa6921274a","project_id":"63a66ec9-a385-4194-bc15-04aa6921274a","read_replicas":[],"region":"fr-par","settings":[{"name":"effective_cache_size","value":"1300"},{"name":"maintenance_work_mem","value":"150"},{"name":"max_connections","value":"100"},{"name":"max_parallel_workers","value":"0"},{"name":"max_parallel_workers_per_gather","value":"0"},{"name":"work_mem","value":"4"}],"status":"ready","tags":["terraform-test","scaleway_rdb_instance","volume","rdb_pn"],"upgradable_version":[{"id":"02d1240c-669f-40d6-a131-42296df197a7","minor_version":"12.15","name":"PostgreSQL-12","version":"12"},{"id":"b22d2b07-29ad-4b07-be8a-b93b5b5ed56d","minor_version":"13.11","name":"PostgreSQL-13","version":"13"},{"id":"c962298e-539a-47f6-9402-ce7a439b16c2","minor_version":"14.8","name":"PostgreSQL-14","version":"14"}],"volume":{"size":10000000000,"type":"bssd"}}'
    headers:
      Content-Length:
      - "1820"
      Content-Security-Policy:
      - default-src 'none'; frame-ancestors 'none'
      Content-Type:
      - application/json
      Date:
      - Tue, 25 Jul 2023 12:42:19 GMT
      Server:
      - Scaleway API-Gateway
      Strict-Transport-Security:
      - max-age=63072000
      X-Content-Type-Options:
      - nosniff
      X-Frame-Options:
      - DENY
      X-Request-Id:
      - b495398c-135d-4f7c-af41-8854b3d739ba
    status: 200 OK
    code: 200
    duration: ""
- request:
    body: ""
    form: {}
    headers:
      User-Agent:
      - scaleway-sdk-go/v1.0.0-beta.7+dev (go1.20.3; darwin; amd64) terraform-provider/develop
        terraform/terraform-tests
    url: https://api.scaleway.com/rdb/v1/regions/fr-par/instances/8cf6d01e-1d37-4126-8049-a7d504cb758e/certificate
    method: GET
  response:
    body: '{"content":"LS0tLS1CRUdJTiBDRVJUSUZJQ0FURS0tLS0tCk1JSURzekNDQXB1Z0F3SUJBZ0lVSGlYU1lXVEFBTW5Lb3IzZFh5alN3N1M3MzR3d0RRWUpLb1pJaHZjTkFRRUwKQlFBd1ZqRUxNQWtHQTFVRUJoTUNSbEl4RGpBTUJnTlZCQWdNQlZCaGNtbHpNUTR3REFZRFZRUUhEQVZRWVhKcApjekVSTUE4R0ExVUVDZ3dJVTJOaGJHVjNZWGt4RkRBU0JnTlZCQU1NQ3pFM01pNHhOaTR5TUM0eU1CNFhEVEl6Ck1EY3lOVEV5TkRBeU9Gb1hEVE16TURjeU1qRXlOREF5T0Zvd1ZqRUxNQWtHQTFVRUJoTUNSbEl4RGpBTUJnTlYKQkFnTUJWQmhjbWx6TVE0d0RBWURWUVFIREFWUVlYSnBjekVSTUE4R0ExVUVDZ3dJVTJOaGJHVjNZWGt4RkRBUwpCZ05WQkFNTUN6RTNNaTR4Tmk0eU1DNHlNSUlCSWpBTkJna3Foa2lHOXcwQkFRRUZBQU9DQVE4QU1JSUJDZ0tDCkFRRUEwaSt2Yk5XL3lXdVV4Mi9ERTdwYTVndStxY09YaW5vTTBlekllc1Y2aU1zQlJTNzVWeUlHRzByS25WTzUKR0kvNWFqTFF1a3RJdHg4bXRpUElOK1hiUG11V2dXMDBDRGowdFM0T2pCb004STR5MG42M3hSeTdaZHRHaGlFegp0M0t5ZnFDS3BjSGlUQ2lqbzBjWGx4dlYzcHN1cWFlcDAyZ2w2bUZpTXdFWDJ5emVVcFdVTk9CV3ZkdmlwaFpoCnZJVmtFQll0RmZFUTRLdllNZ2FUV2F1N3B6WkNUYXkzUFFyYUVEY1ZVckNBejUyOXZ4V3hFc1hXNDBGdlNsWkwKRmlHUjA3UXFSRVRHVDBpQ3pqM3pBY1BNRkk0V2FDdURJOGdyZFFNRFVEeFdHdnd5LzFpZjByN29VTGdoc0Z4VwpDUFQ2M0toQk0xWGl6WElWM2xFREdsQWxhUUlEQVFBQm8za3dkekIxQmdOVkhSRUViakJzZ2dzeE56SXVNVFl1Ck1qQXVNb0lOTlRFdU1UVTVMakl3TkM0eU9JSThjbmN0T0dObU5tUXdNV1V0TVdRek55MDBNVEkyTFRnd05Ea3QKWVRka05UQTBZMkkzTlRobExuSmtZaTVtY2kxd1lYSXVjMk4zTG1Oc2IzVmtod1F6RDgzaWh3U3NFQlFDaHdRegpuOHdjTUEwR0NTcUdTSWIzRFFFQkN3VUFBNElCQVFDTGpkQ3h2VTMyT1hGbEFLY0tSL1BVd2w5ZXVJdHd4Q05lCjQydU5oK0ZqN3djRWF3WmZPaUtWOVkycFhWR1RPVUhJYXdDekNlUm1HbFhidjFWWjVSVEpsYmcwM1hLUW5sQzEKdFB0RkFpbitlK3ZPNGtrQ1lrV3ZHWUdXVU9wNUhNYWo4KzcyQWhrNHRGQzJuMndaeE9Lb0w4TGQvUmhiZzRVUQpubStZZjY0MXl0MmxRdTcySUZDQ3NlTGhTZzRKUVNORmdXK3laSHF1RWhZb0doWUNGTlpyQUxFYUNZaW53VFNkCnB1b0NHV2VsNlo4RVlmdGJwbjZnYmdCU1JYd05PK0tweS92T01MS3lMcm4yUmxKL3cyU0hmbDIzeEp5MmFRRUwKWVNXQ1J1bUY2eFRaVWx5NHFYdmpnRG8rSWVtSkNHenQ1SU5DeXltY2xjUnNtZmVsb3N6bwotLS0tLUVORCBDRVJUSUZJQ0FURS0tLS0tCg==","content_type":"application/x-pem-file","name":"ssl_certificate"}'
    headers:
      Content-Length:
      - "1873"
      Content-Security-Policy:
      - default-src 'none'; frame-ancestors 'none'
      Content-Type:
      - application/json
      Date:
      - Tue, 25 Jul 2023 12:42:19 GMT
      Server:
      - Scaleway API-Gateway
      Strict-Transport-Security:
      - max-age=63072000
      X-Content-Type-Options:
      - nosniff
      X-Frame-Options:
      - DENY
      X-Request-Id:
      - 84d42945-6370-4353-917b-36e73b7d130b
    status: 200 OK
    code: 200
    duration: ""
- request:
    body: ""
    form: {}
    headers:
      User-Agent:
      - scaleway-sdk-go/v1.0.0-beta.7+dev (go1.20.3; darwin; amd64) terraform-provider/develop
        terraform/terraform-tests
    url: https://api.scaleway.com/vpc/v2/regions/fr-par/private-networks/e7b297cc-fc89-41a7-ad7f-4ade8d13b5a5
    method: GET
  response:
    body: '{"created_at":"2023-07-25T12:38:57.808963Z","dhcp_enabled":true,"id":"e7b297cc-fc89-41a7-ad7f-4ade8d13b5a5","name":"my_private_network","organization_id":"63a66ec9-a385-4194-bc15-04aa6921274a","project_id":"63a66ec9-a385-4194-bc15-04aa6921274a","region":"fr-par","subnets":[{"created_at":"2023-07-25T12:38:57.808963Z","id":"bf16f35b-dda0-40a3-87a8-438a9bb7c022","subnet":"172.16.20.0/22","updated_at":"2023-07-25T12:38:57.808963Z"},{"created_at":"2023-07-25T12:38:57.808963Z","id":"652e7db9-0d93-4430-86c7-ac42ad1bd91b","subnet":"fdfc:1ffc:be97:15f0::/64","updated_at":"2023-07-25T12:38:57.808963Z"}],"tags":[],"updated_at":"2023-07-25T12:38:57.808963Z","vpc_id":"f30db962-6029-4ae2-bb33-8b32693afadf"}'
    headers:
      Content-Length:
      - "719"
      Content-Security-Policy:
      - default-src 'none'; frame-ancestors 'none'
      Content-Type:
      - application/json
      Date:
      - Tue, 25 Jul 2023 12:42:20 GMT
      Server:
      - Scaleway API-Gateway
      Strict-Transport-Security:
      - max-age=63072000
      X-Content-Type-Options:
      - nosniff
      X-Frame-Options:
      - DENY
      X-Request-Id:
      - c00f9ebb-4b05-4ca8-9077-52b0020ef8ed
    status: 200 OK
    code: 200
    duration: ""
- request:
    body: ""
    form: {}
    headers:
      User-Agent:
      - scaleway-sdk-go/v1.0.0-beta.7+dev (go1.20.3; darwin; amd64) terraform-provider/develop
        terraform/terraform-tests
    url: https://api.scaleway.com/rdb/v1/regions/fr-par/instances/8cf6d01e-1d37-4126-8049-a7d504cb758e
    method: GET
  response:
    body: '{"backup_same_region":false,"backup_schedule":{"disabled":true,"frequency":24,"next_run_at":null,"retention":7},"created_at":"2023-07-25T12:39:16.557837Z","endpoint":{"id":"94294c82-658f-428c-938a-5e165d96df22","ip":"51.159.204.28","load_balancer":{},"name":null,"port":16202},"endpoints":[{"id":"8f117706-3433-4453-b9ed-e9296fb01d5b","ip":"172.16.20.2","name":null,"port":5432,"private_network":{"private_network_id":"e7b297cc-fc89-41a7-ad7f-4ade8d13b5a5","service_ip":"172.16.20.2/22","zone":"fr-par-1"}},{"id":"94294c82-658f-428c-938a-5e165d96df22","ip":"51.159.204.28","load_balancer":{},"name":null,"port":16202}],"engine":"PostgreSQL-11","id":"8cf6d01e-1d37-4126-8049-a7d504cb758e","init_settings":[],"is_ha_cluster":false,"logs_policy":{"max_age_retention":30,"total_disk_retention":null},"maintenances":[],"name":"test-rdb","node_type":"db-dev-s","organization_id":"63a66ec9-a385-4194-bc15-04aa6921274a","project_id":"63a66ec9-a385-4194-bc15-04aa6921274a","read_replicas":[],"region":"fr-par","settings":[{"name":"effective_cache_size","value":"1300"},{"name":"maintenance_work_mem","value":"150"},{"name":"max_connections","value":"100"},{"name":"max_parallel_workers","value":"0"},{"name":"max_parallel_workers_per_gather","value":"0"},{"name":"work_mem","value":"4"}],"status":"ready","tags":["terraform-test","scaleway_rdb_instance","volume","rdb_pn"],"upgradable_version":[{"id":"02d1240c-669f-40d6-a131-42296df197a7","minor_version":"12.15","name":"PostgreSQL-12","version":"12"},{"id":"b22d2b07-29ad-4b07-be8a-b93b5b5ed56d","minor_version":"13.11","name":"PostgreSQL-13","version":"13"},{"id":"c962298e-539a-47f6-9402-ce7a439b16c2","minor_version":"14.8","name":"PostgreSQL-14","version":"14"}],"volume":{"size":10000000000,"type":"bssd"}}'
    headers:
      Content-Length:
      - "1820"
      Content-Security-Policy:
      - default-src 'none'; frame-ancestors 'none'
      Content-Type:
      - application/json
      Date:
      - Tue, 25 Jul 2023 12:42:20 GMT
      Server:
      - Scaleway API-Gateway
      Strict-Transport-Security:
      - max-age=63072000
      X-Content-Type-Options:
      - nosniff
      X-Frame-Options:
      - DENY
      X-Request-Id:
      - ab8b8e9a-bcbf-445e-9b44-3db3d3f506d5
    status: 200 OK
    code: 200
    duration: ""
- request:
    body: ""
    form: {}
    headers:
      User-Agent:
      - scaleway-sdk-go/v1.0.0-beta.7+dev (go1.20.3; darwin; amd64) terraform-provider/develop
        terraform/terraform-tests
    url: https://api.scaleway.com/rdb/v1/regions/fr-par/instances/8cf6d01e-1d37-4126-8049-a7d504cb758e/certificate
    method: GET
  response:
    body: '{"content":"LS0tLS1CRUdJTiBDRVJUSUZJQ0FURS0tLS0tCk1JSURzekNDQXB1Z0F3SUJBZ0lVSGlYU1lXVEFBTW5Lb3IzZFh5alN3N1M3MzR3d0RRWUpLb1pJaHZjTkFRRUwKQlFBd1ZqRUxNQWtHQTFVRUJoTUNSbEl4RGpBTUJnTlZCQWdNQlZCaGNtbHpNUTR3REFZRFZRUUhEQVZRWVhKcApjekVSTUE4R0ExVUVDZ3dJVTJOaGJHVjNZWGt4RkRBU0JnTlZCQU1NQ3pFM01pNHhOaTR5TUM0eU1CNFhEVEl6Ck1EY3lOVEV5TkRBeU9Gb1hEVE16TURjeU1qRXlOREF5T0Zvd1ZqRUxNQWtHQTFVRUJoTUNSbEl4RGpBTUJnTlYKQkFnTUJWQmhjbWx6TVE0d0RBWURWUVFIREFWUVlYSnBjekVSTUE4R0ExVUVDZ3dJVTJOaGJHVjNZWGt4RkRBUwpCZ05WQkFNTUN6RTNNaTR4Tmk0eU1DNHlNSUlCSWpBTkJna3Foa2lHOXcwQkFRRUZBQU9DQVE4QU1JSUJDZ0tDCkFRRUEwaSt2Yk5XL3lXdVV4Mi9ERTdwYTVndStxY09YaW5vTTBlekllc1Y2aU1zQlJTNzVWeUlHRzByS25WTzUKR0kvNWFqTFF1a3RJdHg4bXRpUElOK1hiUG11V2dXMDBDRGowdFM0T2pCb004STR5MG42M3hSeTdaZHRHaGlFegp0M0t5ZnFDS3BjSGlUQ2lqbzBjWGx4dlYzcHN1cWFlcDAyZ2w2bUZpTXdFWDJ5emVVcFdVTk9CV3ZkdmlwaFpoCnZJVmtFQll0RmZFUTRLdllNZ2FUV2F1N3B6WkNUYXkzUFFyYUVEY1ZVckNBejUyOXZ4V3hFc1hXNDBGdlNsWkwKRmlHUjA3UXFSRVRHVDBpQ3pqM3pBY1BNRkk0V2FDdURJOGdyZFFNRFVEeFdHdnd5LzFpZjByN29VTGdoc0Z4VwpDUFQ2M0toQk0xWGl6WElWM2xFREdsQWxhUUlEQVFBQm8za3dkekIxQmdOVkhSRUViakJzZ2dzeE56SXVNVFl1Ck1qQXVNb0lOTlRFdU1UVTVMakl3TkM0eU9JSThjbmN0T0dObU5tUXdNV1V0TVdRek55MDBNVEkyTFRnd05Ea3QKWVRka05UQTBZMkkzTlRobExuSmtZaTVtY2kxd1lYSXVjMk4zTG1Oc2IzVmtod1F6RDgzaWh3U3NFQlFDaHdRegpuOHdjTUEwR0NTcUdTSWIzRFFFQkN3VUFBNElCQVFDTGpkQ3h2VTMyT1hGbEFLY0tSL1BVd2w5ZXVJdHd4Q05lCjQydU5oK0ZqN3djRWF3WmZPaUtWOVkycFhWR1RPVUhJYXdDekNlUm1HbFhidjFWWjVSVEpsYmcwM1hLUW5sQzEKdFB0RkFpbitlK3ZPNGtrQ1lrV3ZHWUdXVU9wNUhNYWo4KzcyQWhrNHRGQzJuMndaeE9Lb0w4TGQvUmhiZzRVUQpubStZZjY0MXl0MmxRdTcySUZDQ3NlTGhTZzRKUVNORmdXK3laSHF1RWhZb0doWUNGTlpyQUxFYUNZaW53VFNkCnB1b0NHV2VsNlo4RVlmdGJwbjZnYmdCU1JYd05PK0tweS92T01MS3lMcm4yUmxKL3cyU0hmbDIzeEp5MmFRRUwKWVNXQ1J1bUY2eFRaVWx5NHFYdmpnRG8rSWVtSkNHenQ1SU5DeXltY2xjUnNtZmVsb3N6bwotLS0tLUVORCBDRVJUSUZJQ0FURS0tLS0tCg==","content_type":"application/x-pem-file","name":"ssl_certificate"}'
    headers:
      Content-Length:
      - "1873"
      Content-Security-Policy:
      - default-src 'none'; frame-ancestors 'none'
      Content-Type:
      - application/json
      Date:
      - Tue, 25 Jul 2023 12:42:20 GMT
      Server:
      - Scaleway API-Gateway
      Strict-Transport-Security:
      - max-age=63072000
      X-Content-Type-Options:
      - nosniff
      X-Frame-Options:
      - DENY
      X-Request-Id:
      - baa9499c-333c-4949-9751-59fc82fa66b1
    status: 200 OK
    code: 200
    duration: ""
- request:
    body: ""
    form: {}
    headers:
      User-Agent:
      - scaleway-sdk-go/v1.0.0-beta.7+dev (go1.20.3; darwin; amd64) terraform-provider/develop
        terraform/terraform-tests
    url: https://api.scaleway.com/rdb/v1/regions/fr-par/instances/8cf6d01e-1d37-4126-8049-a7d504cb758e
    method: GET
  response:
    body: '{"backup_same_region":false,"backup_schedule":{"disabled":true,"frequency":24,"next_run_at":null,"retention":7},"created_at":"2023-07-25T12:39:16.557837Z","endpoint":{"id":"94294c82-658f-428c-938a-5e165d96df22","ip":"51.159.204.28","load_balancer":{},"name":null,"port":16202},"endpoints":[{"id":"8f117706-3433-4453-b9ed-e9296fb01d5b","ip":"172.16.20.2","name":null,"port":5432,"private_network":{"private_network_id":"e7b297cc-fc89-41a7-ad7f-4ade8d13b5a5","service_ip":"172.16.20.2/22","zone":"fr-par-1"}},{"id":"94294c82-658f-428c-938a-5e165d96df22","ip":"51.159.204.28","load_balancer":{},"name":null,"port":16202}],"engine":"PostgreSQL-11","id":"8cf6d01e-1d37-4126-8049-a7d504cb758e","init_settings":[],"is_ha_cluster":false,"logs_policy":{"max_age_retention":30,"total_disk_retention":null},"maintenances":[],"name":"test-rdb","node_type":"db-dev-s","organization_id":"63a66ec9-a385-4194-bc15-04aa6921274a","project_id":"63a66ec9-a385-4194-bc15-04aa6921274a","read_replicas":[],"region":"fr-par","settings":[{"name":"effective_cache_size","value":"1300"},{"name":"maintenance_work_mem","value":"150"},{"name":"max_connections","value":"100"},{"name":"max_parallel_workers","value":"0"},{"name":"max_parallel_workers_per_gather","value":"0"},{"name":"work_mem","value":"4"}],"status":"ready","tags":["terraform-test","scaleway_rdb_instance","volume","rdb_pn"],"upgradable_version":[{"id":"02d1240c-669f-40d6-a131-42296df197a7","minor_version":"12.15","name":"PostgreSQL-12","version":"12"},{"id":"b22d2b07-29ad-4b07-be8a-b93b5b5ed56d","minor_version":"13.11","name":"PostgreSQL-13","version":"13"},{"id":"c962298e-539a-47f6-9402-ce7a439b16c2","minor_version":"14.8","name":"PostgreSQL-14","version":"14"}],"volume":{"size":10000000000,"type":"bssd"}}'
    headers:
      Content-Length:
      - "1820"
      Content-Security-Policy:
      - default-src 'none'; frame-ancestors 'none'
      Content-Type:
      - application/json
      Date:
      - Tue, 25 Jul 2023 12:43:07 GMT
      Server:
      - Scaleway API-Gateway
      Strict-Transport-Security:
      - max-age=63072000
      X-Content-Type-Options:
      - nosniff
      X-Frame-Options:
      - DENY
      X-Request-Id:
      - 377ef52a-aa8f-4824-8122-d4e43514bb50
    status: 200 OK
    code: 200
    duration: ""
- request:
    body: '{"backup_schedule_frequency":null,"backup_schedule_retention":null,"is_backup_schedule_disabled":null,"name":null,"tags":null,"logs_policy":null,"backup_same_region":null,"backup_schedule_start_hour":null}'
    form: {}
    headers:
      Content-Type:
      - application/json
      User-Agent:
      - scaleway-sdk-go/v1.0.0-beta.7+dev (go1.20.3; darwin; amd64) terraform-provider/develop
        terraform/terraform-tests
    url: https://api.scaleway.com/rdb/v1/regions/fr-par/instances/8cf6d01e-1d37-4126-8049-a7d504cb758e
    method: PATCH
  response:
    body: '{"backup_same_region":false,"backup_schedule":{"disabled":true,"frequency":24,"next_run_at":null,"retention":7},"created_at":"2023-07-25T12:39:16.557837Z","endpoint":{"id":"94294c82-658f-428c-938a-5e165d96df22","ip":"51.159.204.28","load_balancer":{},"name":null,"port":16202},"endpoints":[{"id":"8f117706-3433-4453-b9ed-e9296fb01d5b","ip":"172.16.20.2","name":null,"port":5432,"private_network":{"private_network_id":"e7b297cc-fc89-41a7-ad7f-4ade8d13b5a5","service_ip":"172.16.20.2/22","zone":"fr-par-1"}},{"id":"94294c82-658f-428c-938a-5e165d96df22","ip":"51.159.204.28","load_balancer":{},"name":null,"port":16202}],"engine":"PostgreSQL-11","id":"8cf6d01e-1d37-4126-8049-a7d504cb758e","init_settings":[],"is_ha_cluster":false,"logs_policy":{"max_age_retention":30,"total_disk_retention":null},"maintenances":[],"name":"test-rdb","node_type":"db-dev-s","organization_id":"63a66ec9-a385-4194-bc15-04aa6921274a","project_id":"63a66ec9-a385-4194-bc15-04aa6921274a","read_replicas":[],"region":"fr-par","settings":[{"name":"effective_cache_size","value":"1300"},{"name":"maintenance_work_mem","value":"150"},{"name":"max_connections","value":"100"},{"name":"max_parallel_workers","value":"0"},{"name":"max_parallel_workers_per_gather","value":"0"},{"name":"work_mem","value":"4"}],"status":"ready","tags":["terraform-test","scaleway_rdb_instance","volume","rdb_pn"],"upgradable_version":[{"id":"02d1240c-669f-40d6-a131-42296df197a7","minor_version":"12.15","name":"PostgreSQL-12","version":"12"},{"id":"b22d2b07-29ad-4b07-be8a-b93b5b5ed56d","minor_version":"13.11","name":"PostgreSQL-13","version":"13"},{"id":"c962298e-539a-47f6-9402-ce7a439b16c2","minor_version":"14.8","name":"PostgreSQL-14","version":"14"}],"volume":{"size":10000000000,"type":"bssd"}}'
    headers:
      Content-Length:
      - "1820"
      Content-Security-Policy:
      - default-src 'none'; frame-ancestors 'none'
      Content-Type:
      - application/json
      Date:
      - Tue, 25 Jul 2023 12:43:07 GMT
      Server:
      - Scaleway API-Gateway
      Strict-Transport-Security:
      - max-age=63072000
      X-Content-Type-Options:
      - nosniff
      X-Frame-Options:
      - DENY
      X-Request-Id:
      - c7bec195-df44-4225-9472-ee3ca080a03e
    status: 200 OK
    code: 200
    duration: ""
- request:
    body: ""
    form: {}
    headers:
      User-Agent:
      - scaleway-sdk-go/v1.0.0-beta.7+dev (go1.20.3; darwin; amd64) terraform-provider/develop
        terraform/terraform-tests
    url: https://api.scaleway.com/rdb/v1/regions/fr-par/instances/8cf6d01e-1d37-4126-8049-a7d504cb758e
    method: GET
  response:
    body: '{"backup_same_region":false,"backup_schedule":{"disabled":true,"frequency":24,"next_run_at":null,"retention":7},"created_at":"2023-07-25T12:39:16.557837Z","endpoint":{"id":"94294c82-658f-428c-938a-5e165d96df22","ip":"51.159.204.28","load_balancer":{},"name":null,"port":16202},"endpoints":[{"id":"8f117706-3433-4453-b9ed-e9296fb01d5b","ip":"172.16.20.2","name":null,"port":5432,"private_network":{"private_network_id":"e7b297cc-fc89-41a7-ad7f-4ade8d13b5a5","service_ip":"172.16.20.2/22","zone":"fr-par-1"}},{"id":"94294c82-658f-428c-938a-5e165d96df22","ip":"51.159.204.28","load_balancer":{},"name":null,"port":16202}],"engine":"PostgreSQL-11","id":"8cf6d01e-1d37-4126-8049-a7d504cb758e","init_settings":[],"is_ha_cluster":false,"logs_policy":{"max_age_retention":30,"total_disk_retention":null},"maintenances":[],"name":"test-rdb","node_type":"db-dev-s","organization_id":"63a66ec9-a385-4194-bc15-04aa6921274a","project_id":"63a66ec9-a385-4194-bc15-04aa6921274a","read_replicas":[],"region":"fr-par","settings":[{"name":"effective_cache_size","value":"1300"},{"name":"maintenance_work_mem","value":"150"},{"name":"max_connections","value":"100"},{"name":"max_parallel_workers","value":"0"},{"name":"max_parallel_workers_per_gather","value":"0"},{"name":"work_mem","value":"4"}],"status":"ready","tags":["terraform-test","scaleway_rdb_instance","volume","rdb_pn"],"upgradable_version":[{"id":"02d1240c-669f-40d6-a131-42296df197a7","minor_version":"12.15","name":"PostgreSQL-12","version":"12"},{"id":"b22d2b07-29ad-4b07-be8a-b93b5b5ed56d","minor_version":"13.11","name":"PostgreSQL-13","version":"13"},{"id":"c962298e-539a-47f6-9402-ce7a439b16c2","minor_version":"14.8","name":"PostgreSQL-14","version":"14"}],"volume":{"size":10000000000,"type":"bssd"}}'
    headers:
      Content-Length:
      - "1820"
      Content-Security-Policy:
      - default-src 'none'; frame-ancestors 'none'
      Content-Type:
      - application/json
      Date:
      - Tue, 25 Jul 2023 12:43:47 GMT
      Server:
      - Scaleway API-Gateway
      Strict-Transport-Security:
      - max-age=63072000
      X-Content-Type-Options:
      - nosniff
      X-Frame-Options:
      - DENY
      X-Request-Id:
      - 6905aa63-3a67-4892-ba6e-03fa78aa7f42
    status: 200 OK
    code: 200
    duration: ""
- request:
    body: ""
    form: {}
    headers:
      User-Agent:
      - scaleway-sdk-go/v1.0.0-beta.7+dev (go1.20.3; darwin; amd64) terraform-provider/develop
        terraform/terraform-tests
    url: https://api.scaleway.com/rdb/v1/regions/fr-par/endpoints/8f117706-3433-4453-b9ed-e9296fb01d5b
    method: DELETE
  response:
    body: ""
    headers:
      Content-Security-Policy:
      - default-src 'none'; frame-ancestors 'none'
      Content-Type:
      - application/json
      Date:
      - Tue, 25 Jul 2023 12:44:35 GMT
      Server:
      - Scaleway API-Gateway
      Strict-Transport-Security:
      - max-age=63072000
      X-Content-Type-Options:
      - nosniff
      X-Frame-Options:
      - DENY
      X-Request-Id:
      - 6676cb54-096a-4916-8ec7-2dfd215083e1
    status: 204 No Content
    code: 204
    duration: ""
- request:
    body: ""
    form: {}
    headers:
      User-Agent:
      - scaleway-sdk-go/v1.0.0-beta.7+dev (go1.20.3; darwin; amd64) terraform-provider/develop
        terraform/terraform-tests
    url: https://api.scaleway.com/rdb/v1/regions/fr-par/instances/8cf6d01e-1d37-4126-8049-a7d504cb758e
    method: GET
  response:
    body: '{"backup_same_region":false,"backup_schedule":{"disabled":true,"frequency":24,"next_run_at":null,"retention":7},"created_at":"2023-07-25T12:39:16.557837Z","endpoint":{"id":"94294c82-658f-428c-938a-5e165d96df22","ip":"51.159.204.28","load_balancer":{},"name":null,"port":16202},"endpoints":[{"id":"94294c82-658f-428c-938a-5e165d96df22","ip":"51.159.204.28","load_balancer":{},"name":null,"port":16202}],"engine":"PostgreSQL-11","id":"8cf6d01e-1d37-4126-8049-a7d504cb758e","init_settings":[],"is_ha_cluster":false,"logs_policy":{"max_age_retention":30,"total_disk_retention":null},"maintenances":[],"name":"test-rdb","node_type":"db-dev-s","organization_id":"63a66ec9-a385-4194-bc15-04aa6921274a","project_id":"63a66ec9-a385-4194-bc15-04aa6921274a","read_replicas":[],"region":"fr-par","settings":[{"name":"effective_cache_size","value":"1300"},{"name":"maintenance_work_mem","value":"150"},{"name":"max_connections","value":"100"},{"name":"max_parallel_workers","value":"0"},{"name":"max_parallel_workers_per_gather","value":"0"},{"name":"work_mem","value":"4"}],"status":"ready","tags":["terraform-test","scaleway_rdb_instance","volume","rdb_pn"],"upgradable_version":[{"id":"02d1240c-669f-40d6-a131-42296df197a7","minor_version":"12.15","name":"PostgreSQL-12","version":"12"},{"id":"b22d2b07-29ad-4b07-be8a-b93b5b5ed56d","minor_version":"13.11","name":"PostgreSQL-13","version":"13"},{"id":"c962298e-539a-47f6-9402-ce7a439b16c2","minor_version":"14.8","name":"PostgreSQL-14","version":"14"}],"volume":{"size":10000000000,"type":"bssd"}}'
    headers:
      Content-Length:
      - "1596"
      Content-Security-Policy:
      - default-src 'none'; frame-ancestors 'none'
      Content-Type:
      - application/json
      Date:
      - Tue, 25 Jul 2023 12:45:24 GMT
      Server:
      - Scaleway API-Gateway
      Strict-Transport-Security:
      - max-age=63072000
      X-Content-Type-Options:
      - nosniff
      X-Frame-Options:
      - DENY
      X-Request-Id:
      - 8dc5559b-0382-4cde-957c-c60b3efaea38
    status: 200 OK
    code: 200
    duration: ""
- request:
    body: '{"endpoint_spec":{"private_network":{"private_network_id":"e7b297cc-fc89-41a7-ad7f-4ade8d13b5a5","service_ip":"172.16.20.4/22"}}}'
    form: {}
    headers:
      Content-Type:
      - application/json
      User-Agent:
      - scaleway-sdk-go/v1.0.0-beta.7+dev (go1.20.3; darwin; amd64) terraform-provider/develop
        terraform/terraform-tests
    url: https://api.scaleway.com/rdb/v1/regions/fr-par/instances/8cf6d01e-1d37-4126-8049-a7d504cb758e/endpoints
    method: POST
  response:
    body: '{"id":"b2e875e6-87ae-4194-9d38-cb91f1daabf8","ip":"172.16.20.4","name":null,"port":5432,"private_network":{"private_network_id":"e7b297cc-fc89-41a7-ad7f-4ade8d13b5a5","service_ip":"172.16.20.4/22","zone":"fr-par-1"}}'
    headers:
      Content-Length:
      - "222"
      Content-Security-Policy:
      - default-src 'none'; frame-ancestors 'none'
      Content-Type:
      - application/json
      Date:
      - Tue, 25 Jul 2023 12:47:06 GMT
      Server:
      - Scaleway API-Gateway
      Strict-Transport-Security:
      - max-age=63072000
      X-Content-Type-Options:
      - nosniff
      X-Frame-Options:
      - DENY
      X-Request-Id:
      - 9695f69c-8986-452d-8415-dfc11f8abe3f
    status: 200 OK
    code: 200
    duration: ""
- request:
    body: ""
    form: {}
    headers:
      User-Agent:
      - scaleway-sdk-go/v1.0.0-beta.7+dev (go1.20.3; darwin; amd64) terraform-provider/develop
        terraform/terraform-tests
    url: https://api.scaleway.com/rdb/v1/regions/fr-par/instances/8cf6d01e-1d37-4126-8049-a7d504cb758e
    method: GET
  response:
    body: '{"backup_same_region":false,"backup_schedule":{"disabled":true,"frequency":24,"next_run_at":null,"retention":7},"created_at":"2023-07-25T12:39:16.557837Z","endpoint":{"id":"94294c82-658f-428c-938a-5e165d96df22","ip":"51.159.204.28","load_balancer":{},"name":null,"port":16202},"endpoints":[{"id":"94294c82-658f-428c-938a-5e165d96df22","ip":"51.159.204.28","load_balancer":{},"name":null,"port":16202},{"id":"b2e875e6-87ae-4194-9d38-cb91f1daabf8","ip":"172.16.20.4","name":null,"port":5432,"private_network":{"private_network_id":"e7b297cc-fc89-41a7-ad7f-4ade8d13b5a5","service_ip":"172.16.20.4/22","zone":"fr-par-1"}}],"engine":"PostgreSQL-11","id":"8cf6d01e-1d37-4126-8049-a7d504cb758e","init_settings":[],"is_ha_cluster":false,"logs_policy":{"max_age_retention":30,"total_disk_retention":null},"maintenances":[],"name":"test-rdb","node_type":"db-dev-s","organization_id":"63a66ec9-a385-4194-bc15-04aa6921274a","project_id":"63a66ec9-a385-4194-bc15-04aa6921274a","read_replicas":[],"region":"fr-par","settings":[{"name":"effective_cache_size","value":"1300"},{"name":"maintenance_work_mem","value":"150"},{"name":"max_connections","value":"100"},{"name":"max_parallel_workers","value":"0"},{"name":"max_parallel_workers_per_gather","value":"0"},{"name":"work_mem","value":"4"}],"status":"initializing","tags":["terraform-test","scaleway_rdb_instance","volume","rdb_pn"],"upgradable_version":[{"id":"02d1240c-669f-40d6-a131-42296df197a7","minor_version":"12.15","name":"PostgreSQL-12","version":"12"},{"id":"b22d2b07-29ad-4b07-be8a-b93b5b5ed56d","minor_version":"13.11","name":"PostgreSQL-13","version":"13"},{"id":"c962298e-539a-47f6-9402-ce7a439b16c2","minor_version":"14.8","name":"PostgreSQL-14","version":"14"}],"volume":{"size":10000000000,"type":"bssd"}}'
    headers:
      Content-Length:
      - "1827"
      Content-Security-Policy:
      - default-src 'none'; frame-ancestors 'none'
      Content-Type:
      - application/json
      Date:
      - Tue, 25 Jul 2023 12:47:06 GMT
      Server:
      - Scaleway API-Gateway
      Strict-Transport-Security:
      - max-age=63072000
      X-Content-Type-Options:
      - nosniff
      X-Frame-Options:
      - DENY
      X-Request-Id:
      - a3f3ceeb-a9ab-4258-aabe-adb36aa199e3
    status: 200 OK
    code: 200
    duration: ""
- request:
    body: ""
    form: {}
    headers:
      User-Agent:
      - scaleway-sdk-go/v1.0.0-beta.7+dev (go1.20.3; darwin; amd64) terraform-provider/develop
        terraform/terraform-tests
    url: https://api.scaleway.com/rdb/v1/regions/fr-par/instances/8cf6d01e-1d37-4126-8049-a7d504cb758e
    method: GET
  response:
    body: '{"backup_same_region":false,"backup_schedule":{"disabled":true,"frequency":24,"next_run_at":null,"retention":7},"created_at":"2023-07-25T12:39:16.557837Z","endpoint":{"id":"94294c82-658f-428c-938a-5e165d96df22","ip":"51.159.204.28","load_balancer":{},"name":null,"port":16202},"endpoints":[{"id":"94294c82-658f-428c-938a-5e165d96df22","ip":"51.159.204.28","load_balancer":{},"name":null,"port":16202},{"id":"b2e875e6-87ae-4194-9d38-cb91f1daabf8","ip":"172.16.20.4","name":null,"port":5432,"private_network":{"private_network_id":"e7b297cc-fc89-41a7-ad7f-4ade8d13b5a5","service_ip":"172.16.20.4/22","zone":"fr-par-1"}}],"engine":"PostgreSQL-11","id":"8cf6d01e-1d37-4126-8049-a7d504cb758e","init_settings":[],"is_ha_cluster":false,"logs_policy":{"max_age_retention":30,"total_disk_retention":null},"maintenances":[],"name":"test-rdb","node_type":"db-dev-s","organization_id":"63a66ec9-a385-4194-bc15-04aa6921274a","project_id":"63a66ec9-a385-4194-bc15-04aa6921274a","read_replicas":[],"region":"fr-par","settings":[{"name":"effective_cache_size","value":"1300"},{"name":"maintenance_work_mem","value":"150"},{"name":"max_connections","value":"100"},{"name":"max_parallel_workers","value":"0"},{"name":"max_parallel_workers_per_gather","value":"0"},{"name":"work_mem","value":"4"}],"status":"ready","tags":["terraform-test","scaleway_rdb_instance","volume","rdb_pn"],"upgradable_version":[{"id":"02d1240c-669f-40d6-a131-42296df197a7","minor_version":"12.15","name":"PostgreSQL-12","version":"12"},{"id":"b22d2b07-29ad-4b07-be8a-b93b5b5ed56d","minor_version":"13.11","name":"PostgreSQL-13","version":"13"},{"id":"c962298e-539a-47f6-9402-ce7a439b16c2","minor_version":"14.8","name":"PostgreSQL-14","version":"14"}],"volume":{"size":10000000000,"type":"bssd"}}'
    headers:
      Content-Length:
      - "1820"
      Content-Security-Policy:
      - default-src 'none'; frame-ancestors 'none'
      Content-Type:
      - application/json
      Date:
      - Tue, 25 Jul 2023 12:47:36 GMT
      Server:
      - Scaleway API-Gateway
      Strict-Transport-Security:
      - max-age=63072000
      X-Content-Type-Options:
      - nosniff
      X-Frame-Options:
      - DENY
      X-Request-Id:
      - 0b2b5b0c-c70d-4e98-96ee-4ec02a930e68
    status: 200 OK
    code: 200
    duration: ""
- request:
    body: ""
    form: {}
    headers:
      User-Agent:
      - scaleway-sdk-go/v1.0.0-beta.7+dev (go1.20.3; darwin; amd64) terraform-provider/develop
        terraform/terraform-tests
    url: https://api.scaleway.com/rdb/v1/regions/fr-par/instances/8cf6d01e-1d37-4126-8049-a7d504cb758e/certificate
    method: GET
  response:
    body: '{"content":"LS0tLS1CRUdJTiBDRVJUSUZJQ0FURS0tLS0tCk1JSURzekNDQXB1Z0F3SUJBZ0lVSGlYU1lXVEFBTW5Lb3IzZFh5alN3N1M3MzR3d0RRWUpLb1pJaHZjTkFRRUwKQlFBd1ZqRUxNQWtHQTFVRUJoTUNSbEl4RGpBTUJnTlZCQWdNQlZCaGNtbHpNUTR3REFZRFZRUUhEQVZRWVhKcApjekVSTUE4R0ExVUVDZ3dJVTJOaGJHVjNZWGt4RkRBU0JnTlZCQU1NQ3pFM01pNHhOaTR5TUM0eU1CNFhEVEl6Ck1EY3lOVEV5TkRBeU9Gb1hEVE16TURjeU1qRXlOREF5T0Zvd1ZqRUxNQWtHQTFVRUJoTUNSbEl4RGpBTUJnTlYKQkFnTUJWQmhjbWx6TVE0d0RBWURWUVFIREFWUVlYSnBjekVSTUE4R0ExVUVDZ3dJVTJOaGJHVjNZWGt4RkRBUwpCZ05WQkFNTUN6RTNNaTR4Tmk0eU1DNHlNSUlCSWpBTkJna3Foa2lHOXcwQkFRRUZBQU9DQVE4QU1JSUJDZ0tDCkFRRUEwaSt2Yk5XL3lXdVV4Mi9ERTdwYTVndStxY09YaW5vTTBlekllc1Y2aU1zQlJTNzVWeUlHRzByS25WTzUKR0kvNWFqTFF1a3RJdHg4bXRpUElOK1hiUG11V2dXMDBDRGowdFM0T2pCb004STR5MG42M3hSeTdaZHRHaGlFegp0M0t5ZnFDS3BjSGlUQ2lqbzBjWGx4dlYzcHN1cWFlcDAyZ2w2bUZpTXdFWDJ5emVVcFdVTk9CV3ZkdmlwaFpoCnZJVmtFQll0RmZFUTRLdllNZ2FUV2F1N3B6WkNUYXkzUFFyYUVEY1ZVckNBejUyOXZ4V3hFc1hXNDBGdlNsWkwKRmlHUjA3UXFSRVRHVDBpQ3pqM3pBY1BNRkk0V2FDdURJOGdyZFFNRFVEeFdHdnd5LzFpZjByN29VTGdoc0Z4VwpDUFQ2M0toQk0xWGl6WElWM2xFREdsQWxhUUlEQVFBQm8za3dkekIxQmdOVkhSRUViakJzZ2dzeE56SXVNVFl1Ck1qQXVNb0lOTlRFdU1UVTVMakl3TkM0eU9JSThjbmN0T0dObU5tUXdNV1V0TVdRek55MDBNVEkyTFRnd05Ea3QKWVRka05UQTBZMkkzTlRobExuSmtZaTVtY2kxd1lYSXVjMk4zTG1Oc2IzVmtod1F6RDgzaWh3U3NFQlFDaHdRegpuOHdjTUEwR0NTcUdTSWIzRFFFQkN3VUFBNElCQVFDTGpkQ3h2VTMyT1hGbEFLY0tSL1BVd2w5ZXVJdHd4Q05lCjQydU5oK0ZqN3djRWF3WmZPaUtWOVkycFhWR1RPVUhJYXdDekNlUm1HbFhidjFWWjVSVEpsYmcwM1hLUW5sQzEKdFB0RkFpbitlK3ZPNGtrQ1lrV3ZHWUdXVU9wNUhNYWo4KzcyQWhrNHRGQzJuMndaeE9Lb0w4TGQvUmhiZzRVUQpubStZZjY0MXl0MmxRdTcySUZDQ3NlTGhTZzRKUVNORmdXK3laSHF1RWhZb0doWUNGTlpyQUxFYUNZaW53VFNkCnB1b0NHV2VsNlo4RVlmdGJwbjZnYmdCU1JYd05PK0tweS92T01MS3lMcm4yUmxKL3cyU0hmbDIzeEp5MmFRRUwKWVNXQ1J1bUY2eFRaVWx5NHFYdmpnRG8rSWVtSkNHenQ1SU5DeXltY2xjUnNtZmVsb3N6bwotLS0tLUVORCBDRVJUSUZJQ0FURS0tLS0tCg==","content_type":"application/x-pem-file","name":"ssl_certificate"}'
    headers:
      Content-Length:
      - "1873"
      Content-Security-Policy:
      - default-src 'none'; frame-ancestors 'none'
      Content-Type:
      - application/json
      Date:
      - Tue, 25 Jul 2023 12:47:37 GMT
      Server:
      - Scaleway API-Gateway
      Strict-Transport-Security:
      - max-age=63072000
      X-Content-Type-Options:
      - nosniff
      X-Frame-Options:
      - DENY
      X-Request-Id:
      - 55498c5e-5638-4de4-921e-86a9d365f13b
    status: 200 OK
    code: 200
    duration: ""
- request:
    body: ""
    form: {}
    headers:
      User-Agent:
      - scaleway-sdk-go/v1.0.0-beta.7+dev (go1.20.3; darwin; amd64) terraform-provider/develop
        terraform/terraform-tests
    url: https://api.scaleway.com/rdb/v1/regions/fr-par/instances/8cf6d01e-1d37-4126-8049-a7d504cb758e
    method: GET
  response:
    body: '{"backup_same_region":false,"backup_schedule":{"disabled":true,"frequency":24,"next_run_at":null,"retention":7},"created_at":"2023-07-25T12:39:16.557837Z","endpoint":{"id":"94294c82-658f-428c-938a-5e165d96df22","ip":"51.159.204.28","load_balancer":{},"name":null,"port":16202},"endpoints":[{"id":"94294c82-658f-428c-938a-5e165d96df22","ip":"51.159.204.28","load_balancer":{},"name":null,"port":16202},{"id":"b2e875e6-87ae-4194-9d38-cb91f1daabf8","ip":"172.16.20.4","name":null,"port":5432,"private_network":{"private_network_id":"e7b297cc-fc89-41a7-ad7f-4ade8d13b5a5","service_ip":"172.16.20.4/22","zone":"fr-par-1"}}],"engine":"PostgreSQL-11","id":"8cf6d01e-1d37-4126-8049-a7d504cb758e","init_settings":[],"is_ha_cluster":false,"logs_policy":{"max_age_retention":30,"total_disk_retention":null},"maintenances":[],"name":"test-rdb","node_type":"db-dev-s","organization_id":"63a66ec9-a385-4194-bc15-04aa6921274a","project_id":"63a66ec9-a385-4194-bc15-04aa6921274a","read_replicas":[],"region":"fr-par","settings":[{"name":"effective_cache_size","value":"1300"},{"name":"maintenance_work_mem","value":"150"},{"name":"max_connections","value":"100"},{"name":"max_parallel_workers","value":"0"},{"name":"max_parallel_workers_per_gather","value":"0"},{"name":"work_mem","value":"4"}],"status":"ready","tags":["terraform-test","scaleway_rdb_instance","volume","rdb_pn"],"upgradable_version":[{"id":"02d1240c-669f-40d6-a131-42296df197a7","minor_version":"12.15","name":"PostgreSQL-12","version":"12"},{"id":"b22d2b07-29ad-4b07-be8a-b93b5b5ed56d","minor_version":"13.11","name":"PostgreSQL-13","version":"13"},{"id":"c962298e-539a-47f6-9402-ce7a439b16c2","minor_version":"14.8","name":"PostgreSQL-14","version":"14"}],"volume":{"size":10000000000,"type":"bssd"}}'
    headers:
      Content-Length:
      - "1820"
      Content-Security-Policy:
      - default-src 'none'; frame-ancestors 'none'
      Content-Type:
      - application/json
      Date:
      - Tue, 25 Jul 2023 12:47:37 GMT
      Server:
      - Scaleway API-Gateway
      Strict-Transport-Security:
      - max-age=63072000
      X-Content-Type-Options:
      - nosniff
      X-Frame-Options:
      - DENY
      X-Request-Id:
      - 0d52ef4f-1981-446f-8f08-a05aaa2a95af
    status: 200 OK
    code: 200
    duration: ""
- request:
    body: ""
    form: {}
    headers:
      User-Agent:
      - scaleway-sdk-go/v1.0.0-beta.7+dev (go1.20.3; darwin; amd64) terraform-provider/develop
        terraform/terraform-tests
    url: https://api.scaleway.com/vpc/v2/regions/fr-par/private-networks/e7b297cc-fc89-41a7-ad7f-4ade8d13b5a5
    method: GET
  response:
    body: '{"created_at":"2023-07-25T12:38:57.808963Z","dhcp_enabled":true,"id":"e7b297cc-fc89-41a7-ad7f-4ade8d13b5a5","name":"my_private_network","organization_id":"63a66ec9-a385-4194-bc15-04aa6921274a","project_id":"63a66ec9-a385-4194-bc15-04aa6921274a","region":"fr-par","subnets":[{"created_at":"2023-07-25T12:38:57.808963Z","id":"bf16f35b-dda0-40a3-87a8-438a9bb7c022","subnet":"172.16.20.0/22","updated_at":"2023-07-25T12:38:57.808963Z"},{"created_at":"2023-07-25T12:38:57.808963Z","id":"652e7db9-0d93-4430-86c7-ac42ad1bd91b","subnet":"fdfc:1ffc:be97:15f0::/64","updated_at":"2023-07-25T12:38:57.808963Z"}],"tags":[],"updated_at":"2023-07-25T12:38:57.808963Z","vpc_id":"f30db962-6029-4ae2-bb33-8b32693afadf"}'
    headers:
      Content-Length:
      - "719"
      Content-Security-Policy:
      - default-src 'none'; frame-ancestors 'none'
      Content-Type:
      - application/json
      Date:
      - Tue, 25 Jul 2023 12:47:37 GMT
      Server:
      - Scaleway API-Gateway
      Strict-Transport-Security:
      - max-age=63072000
      X-Content-Type-Options:
      - nosniff
      X-Frame-Options:
      - DENY
      X-Request-Id:
      - 68673600-6f9c-4fd2-878e-2e689946b27e
    status: 200 OK
    code: 200
    duration: ""
- request:
    body: ""
    form: {}
    headers:
      User-Agent:
      - scaleway-sdk-go/v1.0.0-beta.7+dev (go1.20.3; darwin; amd64) terraform-provider/develop
        terraform/terraform-tests
    url: https://api.scaleway.com/rdb/v1/regions/fr-par/instances/8cf6d01e-1d37-4126-8049-a7d504cb758e
    method: GET
  response:
    body: '{"backup_same_region":false,"backup_schedule":{"disabled":true,"frequency":24,"next_run_at":null,"retention":7},"created_at":"2023-07-25T12:39:16.557837Z","endpoint":{"id":"94294c82-658f-428c-938a-5e165d96df22","ip":"51.159.204.28","load_balancer":{},"name":null,"port":16202},"endpoints":[{"id":"94294c82-658f-428c-938a-5e165d96df22","ip":"51.159.204.28","load_balancer":{},"name":null,"port":16202},{"id":"b2e875e6-87ae-4194-9d38-cb91f1daabf8","ip":"172.16.20.4","name":null,"port":5432,"private_network":{"private_network_id":"e7b297cc-fc89-41a7-ad7f-4ade8d13b5a5","service_ip":"172.16.20.4/22","zone":"fr-par-1"}}],"engine":"PostgreSQL-11","id":"8cf6d01e-1d37-4126-8049-a7d504cb758e","init_settings":[],"is_ha_cluster":false,"logs_policy":{"max_age_retention":30,"total_disk_retention":null},"maintenances":[],"name":"test-rdb","node_type":"db-dev-s","organization_id":"63a66ec9-a385-4194-bc15-04aa6921274a","project_id":"63a66ec9-a385-4194-bc15-04aa6921274a","read_replicas":[],"region":"fr-par","settings":[{"name":"effective_cache_size","value":"1300"},{"name":"maintenance_work_mem","value":"150"},{"name":"max_connections","value":"100"},{"name":"max_parallel_workers","value":"0"},{"name":"max_parallel_workers_per_gather","value":"0"},{"name":"work_mem","value":"4"}],"status":"ready","tags":["terraform-test","scaleway_rdb_instance","volume","rdb_pn"],"upgradable_version":[{"id":"02d1240c-669f-40d6-a131-42296df197a7","minor_version":"12.15","name":"PostgreSQL-12","version":"12"},{"id":"b22d2b07-29ad-4b07-be8a-b93b5b5ed56d","minor_version":"13.11","name":"PostgreSQL-13","version":"13"},{"id":"c962298e-539a-47f6-9402-ce7a439b16c2","minor_version":"14.8","name":"PostgreSQL-14","version":"14"}],"volume":{"size":10000000000,"type":"bssd"}}'
    headers:
      Content-Length:
      - "1820"
      Content-Security-Policy:
      - default-src 'none'; frame-ancestors 'none'
      Content-Type:
      - application/json
      Date:
      - Tue, 25 Jul 2023 12:47:38 GMT
      Server:
      - Scaleway API-Gateway
      Strict-Transport-Security:
      - max-age=63072000
      X-Content-Type-Options:
      - nosniff
      X-Frame-Options:
      - DENY
      X-Request-Id:
      - 690becd0-beb6-4b47-8723-d205ec35932b
    status: 200 OK
    code: 200
    duration: ""
- request:
    body: ""
    form: {}
    headers:
      User-Agent:
      - scaleway-sdk-go/v1.0.0-beta.7+dev (go1.20.3; darwin; amd64) terraform-provider/develop
        terraform/terraform-tests
    url: https://api.scaleway.com/rdb/v1/regions/fr-par/instances/8cf6d01e-1d37-4126-8049-a7d504cb758e/certificate
    method: GET
  response:
    body: '{"content":"LS0tLS1CRUdJTiBDRVJUSUZJQ0FURS0tLS0tCk1JSURzekNDQXB1Z0F3SUJBZ0lVSGlYU1lXVEFBTW5Lb3IzZFh5alN3N1M3MzR3d0RRWUpLb1pJaHZjTkFRRUwKQlFBd1ZqRUxNQWtHQTFVRUJoTUNSbEl4RGpBTUJnTlZCQWdNQlZCaGNtbHpNUTR3REFZRFZRUUhEQVZRWVhKcApjekVSTUE4R0ExVUVDZ3dJVTJOaGJHVjNZWGt4RkRBU0JnTlZCQU1NQ3pFM01pNHhOaTR5TUM0eU1CNFhEVEl6Ck1EY3lOVEV5TkRBeU9Gb1hEVE16TURjeU1qRXlOREF5T0Zvd1ZqRUxNQWtHQTFVRUJoTUNSbEl4RGpBTUJnTlYKQkFnTUJWQmhjbWx6TVE0d0RBWURWUVFIREFWUVlYSnBjekVSTUE4R0ExVUVDZ3dJVTJOaGJHVjNZWGt4RkRBUwpCZ05WQkFNTUN6RTNNaTR4Tmk0eU1DNHlNSUlCSWpBTkJna3Foa2lHOXcwQkFRRUZBQU9DQVE4QU1JSUJDZ0tDCkFRRUEwaSt2Yk5XL3lXdVV4Mi9ERTdwYTVndStxY09YaW5vTTBlekllc1Y2aU1zQlJTNzVWeUlHRzByS25WTzUKR0kvNWFqTFF1a3RJdHg4bXRpUElOK1hiUG11V2dXMDBDRGowdFM0T2pCb004STR5MG42M3hSeTdaZHRHaGlFegp0M0t5ZnFDS3BjSGlUQ2lqbzBjWGx4dlYzcHN1cWFlcDAyZ2w2bUZpTXdFWDJ5emVVcFdVTk9CV3ZkdmlwaFpoCnZJVmtFQll0RmZFUTRLdllNZ2FUV2F1N3B6WkNUYXkzUFFyYUVEY1ZVckNBejUyOXZ4V3hFc1hXNDBGdlNsWkwKRmlHUjA3UXFSRVRHVDBpQ3pqM3pBY1BNRkk0V2FDdURJOGdyZFFNRFVEeFdHdnd5LzFpZjByN29VTGdoc0Z4VwpDUFQ2M0toQk0xWGl6WElWM2xFREdsQWxhUUlEQVFBQm8za3dkekIxQmdOVkhSRUViakJzZ2dzeE56SXVNVFl1Ck1qQXVNb0lOTlRFdU1UVTVMakl3TkM0eU9JSThjbmN0T0dObU5tUXdNV1V0TVdRek55MDBNVEkyTFRnd05Ea3QKWVRka05UQTBZMkkzTlRobExuSmtZaTVtY2kxd1lYSXVjMk4zTG1Oc2IzVmtod1F6RDgzaWh3U3NFQlFDaHdRegpuOHdjTUEwR0NTcUdTSWIzRFFFQkN3VUFBNElCQVFDTGpkQ3h2VTMyT1hGbEFLY0tSL1BVd2w5ZXVJdHd4Q05lCjQydU5oK0ZqN3djRWF3WmZPaUtWOVkycFhWR1RPVUhJYXdDekNlUm1HbFhidjFWWjVSVEpsYmcwM1hLUW5sQzEKdFB0RkFpbitlK3ZPNGtrQ1lrV3ZHWUdXVU9wNUhNYWo4KzcyQWhrNHRGQzJuMndaeE9Lb0w4TGQvUmhiZzRVUQpubStZZjY0MXl0MmxRdTcySUZDQ3NlTGhTZzRKUVNORmdXK3laSHF1RWhZb0doWUNGTlpyQUxFYUNZaW53VFNkCnB1b0NHV2VsNlo4RVlmdGJwbjZnYmdCU1JYd05PK0tweS92T01MS3lMcm4yUmxKL3cyU0hmbDIzeEp5MmFRRUwKWVNXQ1J1bUY2eFRaVWx5NHFYdmpnRG8rSWVtSkNHenQ1SU5DeXltY2xjUnNtZmVsb3N6bwotLS0tLUVORCBDRVJUSUZJQ0FURS0tLS0tCg==","content_type":"application/x-pem-file","name":"ssl_certificate"}'
    headers:
      Content-Length:
      - "1873"
      Content-Security-Policy:
      - default-src 'none'; frame-ancestors 'none'
      Content-Type:
      - application/json
      Date:
      - Tue, 25 Jul 2023 12:47:38 GMT
      Server:
      - Scaleway API-Gateway
      Strict-Transport-Security:
      - max-age=63072000
      X-Content-Type-Options:
      - nosniff
      X-Frame-Options:
      - DENY
      X-Request-Id:
      - cfcb5968-a2ee-41bc-8b59-7a3afd8e1020
    status: 200 OK
    code: 200
    duration: ""
- request:
    body: ""
    form: {}
    headers:
      User-Agent:
      - scaleway-sdk-go/v1.0.0-beta.7+dev (go1.20.3; darwin; amd64) terraform-provider/develop
        terraform/terraform-tests
    url: https://api.scaleway.com/rdb/v1/regions/fr-par/instances/8cf6d01e-1d37-4126-8049-a7d504cb758e
    method: GET
  response:
    body: '{"backup_same_region":false,"backup_schedule":{"disabled":true,"frequency":24,"next_run_at":null,"retention":7},"created_at":"2023-07-25T12:39:16.557837Z","endpoint":{"id":"94294c82-658f-428c-938a-5e165d96df22","ip":"51.159.204.28","load_balancer":{},"name":null,"port":16202},"endpoints":[{"id":"94294c82-658f-428c-938a-5e165d96df22","ip":"51.159.204.28","load_balancer":{},"name":null,"port":16202},{"id":"b2e875e6-87ae-4194-9d38-cb91f1daabf8","ip":"172.16.20.4","name":null,"port":5432,"private_network":{"private_network_id":"e7b297cc-fc89-41a7-ad7f-4ade8d13b5a5","service_ip":"172.16.20.4/22","zone":"fr-par-1"}}],"engine":"PostgreSQL-11","id":"8cf6d01e-1d37-4126-8049-a7d504cb758e","init_settings":[],"is_ha_cluster":false,"logs_policy":{"max_age_retention":30,"total_disk_retention":null},"maintenances":[],"name":"test-rdb","node_type":"db-dev-s","organization_id":"63a66ec9-a385-4194-bc15-04aa6921274a","project_id":"63a66ec9-a385-4194-bc15-04aa6921274a","read_replicas":[],"region":"fr-par","settings":[{"name":"effective_cache_size","value":"1300"},{"name":"maintenance_work_mem","value":"150"},{"name":"max_connections","value":"100"},{"name":"max_parallel_workers","value":"0"},{"name":"max_parallel_workers_per_gather","value":"0"},{"name":"work_mem","value":"4"}],"status":"ready","tags":["terraform-test","scaleway_rdb_instance","volume","rdb_pn"],"upgradable_version":[{"id":"02d1240c-669f-40d6-a131-42296df197a7","minor_version":"12.15","name":"PostgreSQL-12","version":"12"},{"id":"b22d2b07-29ad-4b07-be8a-b93b5b5ed56d","minor_version":"13.11","name":"PostgreSQL-13","version":"13"},{"id":"c962298e-539a-47f6-9402-ce7a439b16c2","minor_version":"14.8","name":"PostgreSQL-14","version":"14"}],"volume":{"size":10000000000,"type":"bssd"}}'
    headers:
      Content-Length:
      - "1820"
      Content-Security-Policy:
      - default-src 'none'; frame-ancestors 'none'
      Content-Type:
      - application/json
      Date:
      - Tue, 25 Jul 2023 12:47:57 GMT
      Server:
      - Scaleway API-Gateway
      Strict-Transport-Security:
      - max-age=63072000
      X-Content-Type-Options:
      - nosniff
      X-Frame-Options:
      - DENY
      X-Request-Id:
      - 141a60b1-2f04-49be-b277-f2836967adce
    status: 200 OK
    code: 200
    duration: ""
- request:
    body: ""
    form: {}
    headers:
      User-Agent:
      - scaleway-sdk-go/v1.0.0-beta.7+dev (go1.20.3; darwin; amd64) terraform-provider/develop
        terraform/terraform-tests
    url: https://api.scaleway.com/rdb/v1/regions/fr-par/instances/8cf6d01e-1d37-4126-8049-a7d504cb758e
    method: DELETE
  response:
    body: '{"backup_same_region":false,"backup_schedule":{"disabled":true,"frequency":24,"next_run_at":null,"retention":7},"created_at":"2023-07-25T12:39:16.557837Z","endpoint":{"id":"94294c82-658f-428c-938a-5e165d96df22","ip":"51.159.204.28","load_balancer":{},"name":null,"port":16202},"endpoints":[{"id":"94294c82-658f-428c-938a-5e165d96df22","ip":"51.159.204.28","load_balancer":{},"name":null,"port":16202},{"id":"b2e875e6-87ae-4194-9d38-cb91f1daabf8","ip":"172.16.20.4","name":null,"port":5432,"private_network":{"private_network_id":"e7b297cc-fc89-41a7-ad7f-4ade8d13b5a5","service_ip":"172.16.20.4/22","zone":"fr-par-1"}}],"engine":"PostgreSQL-11","id":"8cf6d01e-1d37-4126-8049-a7d504cb758e","init_settings":[],"is_ha_cluster":false,"logs_policy":{"max_age_retention":30,"total_disk_retention":null},"maintenances":[],"name":"test-rdb","node_type":"db-dev-s","organization_id":"63a66ec9-a385-4194-bc15-04aa6921274a","project_id":"63a66ec9-a385-4194-bc15-04aa6921274a","read_replicas":[],"region":"fr-par","settings":[{"name":"effective_cache_size","value":"1300"},{"name":"maintenance_work_mem","value":"150"},{"name":"max_connections","value":"100"},{"name":"max_parallel_workers","value":"0"},{"name":"max_parallel_workers_per_gather","value":"0"},{"name":"work_mem","value":"4"}],"status":"deleting","tags":["terraform-test","scaleway_rdb_instance","volume","rdb_pn"],"upgradable_version":[{"id":"02d1240c-669f-40d6-a131-42296df197a7","minor_version":"12.15","name":"PostgreSQL-12","version":"12"},{"id":"b22d2b07-29ad-4b07-be8a-b93b5b5ed56d","minor_version":"13.11","name":"PostgreSQL-13","version":"13"},{"id":"c962298e-539a-47f6-9402-ce7a439b16c2","minor_version":"14.8","name":"PostgreSQL-14","version":"14"}],"volume":{"size":10000000000,"type":"bssd"}}'
    headers:
      Content-Length:
      - "1823"
      Content-Security-Policy:
      - default-src 'none'; frame-ancestors 'none'
      Content-Type:
      - application/json
      Date:
      - Tue, 25 Jul 2023 12:47:57 GMT
      Server:
      - Scaleway API-Gateway
      Strict-Transport-Security:
      - max-age=63072000
      X-Content-Type-Options:
      - nosniff
      X-Frame-Options:
      - DENY
      X-Request-Id:
      - 29450f63-d2d6-479e-b17b-bf1bc7dad4af
    status: 200 OK
    code: 200
    duration: ""
- request:
    body: ""
    form: {}
    headers:
      User-Agent:
      - scaleway-sdk-go/v1.0.0-beta.7+dev (go1.20.3; darwin; amd64) terraform-provider/develop
        terraform/terraform-tests
    url: https://api.scaleway.com/rdb/v1/regions/fr-par/instances/8cf6d01e-1d37-4126-8049-a7d504cb758e
    method: GET
  response:
    body: '{"backup_same_region":false,"backup_schedule":{"disabled":true,"frequency":24,"next_run_at":null,"retention":7},"created_at":"2023-07-25T12:39:16.557837Z","endpoint":{"id":"94294c82-658f-428c-938a-5e165d96df22","ip":"51.159.204.28","load_balancer":{},"name":null,"port":16202},"endpoints":[{"id":"94294c82-658f-428c-938a-5e165d96df22","ip":"51.159.204.28","load_balancer":{},"name":null,"port":16202},{"id":"b2e875e6-87ae-4194-9d38-cb91f1daabf8","ip":"172.16.20.4","name":null,"port":5432,"private_network":{"private_network_id":"e7b297cc-fc89-41a7-ad7f-4ade8d13b5a5","service_ip":"172.16.20.4/22","zone":"fr-par-1"}}],"engine":"PostgreSQL-11","id":"8cf6d01e-1d37-4126-8049-a7d504cb758e","init_settings":[],"is_ha_cluster":false,"logs_policy":{"max_age_retention":30,"total_disk_retention":null},"maintenances":[],"name":"test-rdb","node_type":"db-dev-s","organization_id":"63a66ec9-a385-4194-bc15-04aa6921274a","project_id":"63a66ec9-a385-4194-bc15-04aa6921274a","read_replicas":[],"region":"fr-par","settings":[{"name":"effective_cache_size","value":"1300"},{"name":"maintenance_work_mem","value":"150"},{"name":"max_connections","value":"100"},{"name":"max_parallel_workers","value":"0"},{"name":"max_parallel_workers_per_gather","value":"0"},{"name":"work_mem","value":"4"}],"status":"deleting","tags":["terraform-test","scaleway_rdb_instance","volume","rdb_pn"],"upgradable_version":[{"id":"02d1240c-669f-40d6-a131-42296df197a7","minor_version":"12.15","name":"PostgreSQL-12","version":"12"},{"id":"b22d2b07-29ad-4b07-be8a-b93b5b5ed56d","minor_version":"13.11","name":"PostgreSQL-13","version":"13"},{"id":"c962298e-539a-47f6-9402-ce7a439b16c2","minor_version":"14.8","name":"PostgreSQL-14","version":"14"}],"volume":{"size":10000000000,"type":"bssd"}}'
    headers:
      Content-Length:
      - "1823"
      Content-Security-Policy:
      - default-src 'none'; frame-ancestors 'none'
      Content-Type:
      - application/json
      Date:
      - Tue, 25 Jul 2023 12:47:57 GMT
      Server:
      - Scaleway API-Gateway
      Strict-Transport-Security:
      - max-age=63072000
      X-Content-Type-Options:
      - nosniff
      X-Frame-Options:
      - DENY
      X-Request-Id:
      - 6793dc60-9831-44fa-89d3-2c899bd430f3
    status: 200 OK
    code: 200
    duration: ""
- request:
    body: ""
    form: {}
    headers:
      User-Agent:
      - scaleway-sdk-go/v1.0.0-beta.7+dev (go1.20.3; darwin; amd64) terraform-provider/develop
        terraform/terraform-tests
    url: https://api.scaleway.com/rdb/v1/regions/fr-par/instances/8cf6d01e-1d37-4126-8049-a7d504cb758e
    method: GET
  response:
    body: '{"backup_same_region":false,"backup_schedule":{"disabled":true,"frequency":24,"next_run_at":null,"retention":7},"created_at":"2023-07-25T12:39:16.557837Z","endpoint":{"id":"94294c82-658f-428c-938a-5e165d96df22","ip":"51.159.204.28","load_balancer":{},"name":null,"port":16202},"endpoints":[{"id":"94294c82-658f-428c-938a-5e165d96df22","ip":"51.159.204.28","load_balancer":{},"name":null,"port":16202},{"id":"b2e875e6-87ae-4194-9d38-cb91f1daabf8","ip":"172.16.20.4","name":null,"port":5432,"private_network":{"private_network_id":"e7b297cc-fc89-41a7-ad7f-4ade8d13b5a5","service_ip":"172.16.20.4/22","zone":"fr-par-1"}}],"engine":"PostgreSQL-11","id":"8cf6d01e-1d37-4126-8049-a7d504cb758e","init_settings":[],"is_ha_cluster":false,"logs_policy":{"max_age_retention":30,"total_disk_retention":null},"maintenances":[],"name":"test-rdb","node_type":"db-dev-s","organization_id":"63a66ec9-a385-4194-bc15-04aa6921274a","project_id":"63a66ec9-a385-4194-bc15-04aa6921274a","read_replicas":[],"region":"fr-par","settings":[{"name":"effective_cache_size","value":"1300"},{"name":"maintenance_work_mem","value":"150"},{"name":"max_connections","value":"100"},{"name":"max_parallel_workers","value":"0"},{"name":"max_parallel_workers_per_gather","value":"0"},{"name":"work_mem","value":"4"}],"status":"deleting","tags":["terraform-test","scaleway_rdb_instance","volume","rdb_pn"],"upgradable_version":[{"id":"02d1240c-669f-40d6-a131-42296df197a7","minor_version":"12.15","name":"PostgreSQL-12","version":"12"},{"id":"b22d2b07-29ad-4b07-be8a-b93b5b5ed56d","minor_version":"13.11","name":"PostgreSQL-13","version":"13"},{"id":"c962298e-539a-47f6-9402-ce7a439b16c2","minor_version":"14.8","name":"PostgreSQL-14","version":"14"}],"volume":{"size":10000000000,"type":"bssd"}}'
    headers:
      Content-Length:
      - "1823"
      Content-Security-Policy:
      - default-src 'none'; frame-ancestors 'none'
      Content-Type:
      - application/json
      Date:
      - Tue, 25 Jul 2023 12:48:28 GMT
      Server:
      - Scaleway API-Gateway
      Strict-Transport-Security:
      - max-age=63072000
      X-Content-Type-Options:
      - nosniff
      X-Frame-Options:
      - DENY
      X-Request-Id:
      - 9f394ba5-a648-4254-8c3d-222da6e00b5d
    status: 200 OK
    code: 200
    duration: ""
- request:
    body: ""
    form: {}
    headers:
      User-Agent:
      - scaleway-sdk-go/v1.0.0-beta.7+dev (go1.20.3; darwin; amd64) terraform-provider/develop
        terraform/terraform-tests
    url: https://api.scaleway.com/rdb/v1/regions/fr-par/instances/8cf6d01e-1d37-4126-8049-a7d504cb758e
    method: GET
  response:
    body: '{"message":"resource is not found","resource":"instance","resource_id":"8cf6d01e-1d37-4126-8049-a7d504cb758e","type":"not_found"}'
    headers:
      Content-Length:
      - "129"
      Content-Security-Policy:
      - default-src 'none'; frame-ancestors 'none'
      Content-Type:
      - application/json
      Date:
      - Tue, 25 Jul 2023 12:49:00 GMT
      Server:
      - Scaleway API-Gateway
      Strict-Transport-Security:
      - max-age=63072000
      X-Content-Type-Options:
      - nosniff
      X-Frame-Options:
      - DENY
      X-Request-Id:
      - 49840780-ddcd-400c-b112-dbe795f59843
    status: 404 Not Found
    code: 404
    duration: ""
- request:
    body: ""
    form: {}
    headers:
      User-Agent:
      - scaleway-sdk-go/v1.0.0-beta.7+dev (go1.20.3; darwin; amd64) terraform-provider/develop
        terraform/terraform-tests
    url: https://api.scaleway.com/vpc/v2/regions/fr-par/private-networks/e7b297cc-fc89-41a7-ad7f-4ade8d13b5a5
    method: DELETE
  response:
    body: ""
    headers:
      Content-Security-Policy:
      - default-src 'none'; frame-ancestors 'none'
      Content-Type:
      - application/json
      Date:
      - Tue, 25 Jul 2023 12:49:02 GMT
      Server:
      - Scaleway API-Gateway
      Strict-Transport-Security:
      - max-age=63072000
      X-Content-Type-Options:
      - nosniff
      X-Frame-Options:
      - DENY
      X-Request-Id:
      - 5f1723aa-77ba-4886-bf53-e5f605ab806e
    status: 204 No Content
    code: 204
    duration: ""
- request:
    body: ""
    form: {}
    headers:
      User-Agent:
      - scaleway-sdk-go/v1.0.0-beta.7+dev (go1.20.3; darwin; amd64) terraform-provider/develop
        terraform/terraform-tests
    url: https://api.scaleway.com/rdb/v1/regions/fr-par/instances/8cf6d01e-1d37-4126-8049-a7d504cb758e
    method: GET
  response:
    body: '{"message":"resource is not found","resource":"instance","resource_id":"8cf6d01e-1d37-4126-8049-a7d504cb758e","type":"not_found"}'
    headers:
      Content-Length:
      - "129"
      Content-Security-Policy:
      - default-src 'none'; frame-ancestors 'none'
      Content-Type:
      - application/json
      Date:
      - Tue, 25 Jul 2023 12:49:02 GMT
      Server:
      - Scaleway API-Gateway
      Strict-Transport-Security:
      - max-age=63072000
      X-Content-Type-Options:
      - nosniff
      X-Frame-Options:
      - DENY
      X-Request-Id:
      - 00faef99-f469-4748-a8c9-629e39ffffa2
    status: 404 Not Found
    code: 404
    duration: ""
