---
version: 1
interactions:
- request:
    body: '{"project_id":"105bdce1-64c0-48ab-899d-868455867ecf","name":"TestAccScalewayRdbUser_Basic","engine":"PostgreSQL-12","user_name":"","password":"","node_type":"db-dev-s","is_ha_cluster":false,"disable_backup":false,"tags":["terraform-test","scaleway_rdb_user","minimal"],"init_settings":null,"volume_type":"lssd","volume_size":0,"init_endpoints":[{"load_balancer":{}}]}'
    form: {}
    headers:
      Content-Type:
      - application/json
      User-Agent:
      - scaleway-sdk-go/v1.0.0-beta.7+dev (go1.17.2; darwin; amd64) terraform-provider/develop
        terraform/terraform-tests
    url: https://api.scaleway.com/rdb/v1/regions/fr-par/instances
    method: POST
  response:
    body: '{"id":"a648135a-6f7a-43c6-90b5-a9d1746a4394","name":"TestAccScalewayRdbUser_Basic","organization_id":"105bdce1-64c0-48ab-899d-868455867ecf","project_id":"105bdce1-64c0-48ab-899d-868455867ecf","status":"provisioning","engine":"PostgreSQL-12","endpoint":null,"tags":["terraform-test","scaleway_rdb_user","minimal"],"settings":[],"backup_schedule":{"frequency":24,"retention":7,"disabled":false},"is_ha_cluster":false,"read_replicas":[],"node_type":"db-dev-s","volume":{"type":"lssd","size":5000000000},"init_settings":[],"endpoints":[],"logs_policy":{"max_age_retention":30,"total_disk_retention":null},"backup_same_region":false,"maintenances":[],"created_at":"2021-12-01T15:34:22.337769Z","region":"fr-par"}'
    headers:
      Content-Length:
      - "707"
      Content-Security-Policy:
      - default-src 'none'; frame-ancestors 'none'
      Content-Type:
      - application/json
      Date:
      - Wed, 01 Dec 2021 15:34:22 GMT
      Server:
      - Scaleway API-Gateway
      Strict-Transport-Security:
      - max-age=63072000
      X-Content-Type-Options:
      - nosniff
      X-Frame-Options:
      - DENY
      X-Request-Id:
      - 2668039e-9954-4c98-86be-a57bacbb1ecf
    status: 200 OK
    code: 200
    duration: ""
- request:
    body: ""
    form: {}
    headers:
      User-Agent:
      - scaleway-sdk-go/v1.0.0-beta.7+dev (go1.17.2; darwin; amd64) terraform-provider/develop
        terraform/terraform-tests
    url: https://api.scaleway.com/rdb/v1/regions/fr-par/instances/a648135a-6f7a-43c6-90b5-a9d1746a4394
    method: GET
  response:
    body: '{"id":"a648135a-6f7a-43c6-90b5-a9d1746a4394","name":"TestAccScalewayRdbUser_Basic","organization_id":"105bdce1-64c0-48ab-899d-868455867ecf","project_id":"105bdce1-64c0-48ab-899d-868455867ecf","status":"provisioning","engine":"PostgreSQL-12","endpoint":null,"tags":["terraform-test","scaleway_rdb_user","minimal"],"settings":[],"backup_schedule":{"frequency":24,"retention":7,"disabled":false},"is_ha_cluster":false,"read_replicas":[],"node_type":"db-dev-s","volume":{"type":"lssd","size":5000000000},"init_settings":[],"endpoints":[],"logs_policy":{"max_age_retention":30,"total_disk_retention":null},"backup_same_region":false,"maintenances":[],"created_at":"2021-12-01T15:34:22.337769Z","region":"fr-par"}'
    headers:
      Content-Length:
      - "707"
      Content-Security-Policy:
      - default-src 'none'; frame-ancestors 'none'
      Content-Type:
      - application/json
      Date:
      - Wed, 01 Dec 2021 15:34:23 GMT
      Server:
      - Scaleway API-Gateway
      Strict-Transport-Security:
      - max-age=63072000
      X-Content-Type-Options:
      - nosniff
      X-Frame-Options:
      - DENY
      X-Request-Id:
      - e596911b-604a-43b7-b3d4-39c6648d932b
    status: 200 OK
    code: 200
    duration: ""
- request:
    body: ""
    form: {}
    headers:
      User-Agent:
      - scaleway-sdk-go/v1.0.0-beta.7+dev (go1.17.2; darwin; amd64) terraform-provider/develop
        terraform/terraform-tests
    url: https://api.scaleway.com/rdb/v1/regions/fr-par/instances/a648135a-6f7a-43c6-90b5-a9d1746a4394
    method: GET
  response:
    body: '{"id":"a648135a-6f7a-43c6-90b5-a9d1746a4394","name":"TestAccScalewayRdbUser_Basic","organization_id":"105bdce1-64c0-48ab-899d-868455867ecf","project_id":"105bdce1-64c0-48ab-899d-868455867ecf","status":"provisioning","engine":"PostgreSQL-12","endpoint":null,"tags":["terraform-test","scaleway_rdb_user","minimal"],"settings":[],"backup_schedule":{"frequency":24,"retention":7,"disabled":false},"is_ha_cluster":false,"read_replicas":[],"node_type":"db-dev-s","volume":{"type":"lssd","size":5000000000},"init_settings":[],"endpoints":[],"logs_policy":{"max_age_retention":30,"total_disk_retention":null},"backup_same_region":false,"maintenances":[],"created_at":"2021-12-01T15:34:22.337769Z","region":"fr-par"}'
    headers:
      Content-Length:
      - "707"
      Content-Security-Policy:
      - default-src 'none'; frame-ancestors 'none'
      Content-Type:
      - application/json
      Date:
      - Wed, 01 Dec 2021 15:34:54 GMT
      Server:
      - Scaleway API-Gateway
      Strict-Transport-Security:
      - max-age=63072000
      X-Content-Type-Options:
      - nosniff
      X-Frame-Options:
      - DENY
      X-Request-Id:
      - 99f22bee-479a-49fa-a28f-58bd3cb99102
    status: 200 OK
    code: 200
    duration: ""
- request:
    body: ""
    form: {}
    headers:
      User-Agent:
      - scaleway-sdk-go/v1.0.0-beta.7+dev (go1.17.2; darwin; amd64) terraform-provider/develop
        terraform/terraform-tests
    url: https://api.scaleway.com/rdb/v1/regions/fr-par/instances/a648135a-6f7a-43c6-90b5-a9d1746a4394
    method: GET
  response:
    body: '{"id":"a648135a-6f7a-43c6-90b5-a9d1746a4394","name":"TestAccScalewayRdbUser_Basic","organization_id":"105bdce1-64c0-48ab-899d-868455867ecf","project_id":"105bdce1-64c0-48ab-899d-868455867ecf","status":"provisioning","engine":"PostgreSQL-12","endpoint":null,"tags":["terraform-test","scaleway_rdb_user","minimal"],"settings":[],"backup_schedule":{"frequency":24,"retention":7,"disabled":false},"is_ha_cluster":false,"read_replicas":[],"node_type":"db-dev-s","volume":{"type":"lssd","size":5000000000},"init_settings":[],"endpoints":[],"logs_policy":{"max_age_retention":30,"total_disk_retention":null},"backup_same_region":false,"maintenances":[],"created_at":"2021-12-01T15:34:22.337769Z","region":"fr-par"}'
    headers:
      Content-Length:
      - "707"
      Content-Security-Policy:
      - default-src 'none'; frame-ancestors 'none'
      Content-Type:
      - application/json
      Date:
      - Wed, 01 Dec 2021 15:35:24 GMT
      Server:
      - Scaleway API-Gateway
      Strict-Transport-Security:
      - max-age=63072000
      X-Content-Type-Options:
      - nosniff
      X-Frame-Options:
      - DENY
      X-Request-Id:
      - c29d571a-1ff6-4574-80d3-2dfbd39ddc74
    status: 200 OK
    code: 200
    duration: ""
- request:
    body: ""
    form: {}
    headers:
      User-Agent:
      - scaleway-sdk-go/v1.0.0-beta.7+dev (go1.17.2; darwin; amd64) terraform-provider/develop
        terraform/terraform-tests
    url: https://api.scaleway.com/rdb/v1/regions/fr-par/instances/a648135a-6f7a-43c6-90b5-a9d1746a4394
    method: GET
  response:
    body: '{"id":"a648135a-6f7a-43c6-90b5-a9d1746a4394","name":"TestAccScalewayRdbUser_Basic","organization_id":"105bdce1-64c0-48ab-899d-868455867ecf","project_id":"105bdce1-64c0-48ab-899d-868455867ecf","status":"initializing","engine":"PostgreSQL-12","endpoint":null,"tags":["terraform-test","scaleway_rdb_user","minimal"],"settings":[],"backup_schedule":{"frequency":24,"retention":7,"disabled":false},"is_ha_cluster":false,"read_replicas":[],"node_type":"db-dev-s","volume":{"type":"lssd","size":5000000000},"init_settings":[],"endpoints":[],"logs_policy":{"max_age_retention":30,"total_disk_retention":null},"backup_same_region":false,"maintenances":[],"created_at":"2021-12-01T15:34:22.337769Z","region":"fr-par"}'
    headers:
      Content-Length:
      - "707"
      Content-Security-Policy:
      - default-src 'none'; frame-ancestors 'none'
      Content-Type:
      - application/json
      Date:
      - Wed, 01 Dec 2021 15:35:54 GMT
      Server:
      - Scaleway API-Gateway
      Strict-Transport-Security:
      - max-age=63072000
      X-Content-Type-Options:
      - nosniff
      X-Frame-Options:
      - DENY
      X-Request-Id:
      - b4f14a75-8931-4f1b-9a9f-2b287d9072c0
    status: 200 OK
    code: 200
    duration: ""
- request:
    body: ""
    form: {}
    headers:
      User-Agent:
      - scaleway-sdk-go/v1.0.0-beta.7+dev (go1.17.2; darwin; amd64) terraform-provider/develop
        terraform/terraform-tests
    url: https://api.scaleway.com/rdb/v1/regions/fr-par/instances/a648135a-6f7a-43c6-90b5-a9d1746a4394
    method: GET
  response:
    body: '{"id":"a648135a-6f7a-43c6-90b5-a9d1746a4394","name":"TestAccScalewayRdbUser_Basic","organization_id":"105bdce1-64c0-48ab-899d-868455867ecf","project_id":"105bdce1-64c0-48ab-899d-868455867ecf","status":"initializing","engine":"PostgreSQL-12","endpoint":null,"tags":["terraform-test","scaleway_rdb_user","minimal"],"settings":[],"backup_schedule":{"frequency":24,"retention":7,"disabled":false},"is_ha_cluster":false,"read_replicas":[],"node_type":"db-dev-s","volume":{"type":"lssd","size":5000000000},"init_settings":[],"endpoints":[],"logs_policy":{"max_age_retention":30,"total_disk_retention":null},"backup_same_region":false,"maintenances":[],"created_at":"2021-12-01T15:34:22.337769Z","region":"fr-par"}'
    headers:
      Content-Length:
      - "707"
      Content-Security-Policy:
      - default-src 'none'; frame-ancestors 'none'
      Content-Type:
      - application/json
      Date:
      - Wed, 01 Dec 2021 15:36:24 GMT
      Server:
      - Scaleway API-Gateway
      Strict-Transport-Security:
      - max-age=63072000
      X-Content-Type-Options:
      - nosniff
      X-Frame-Options:
      - DENY
      X-Request-Id:
      - 6c2bc1fa-ee82-477e-8688-2ec35efa7bda
    status: 200 OK
    code: 200
    duration: ""
- request:
    body: ""
    form: {}
    headers:
      User-Agent:
      - scaleway-sdk-go/v1.0.0-beta.7+dev (go1.17.2; darwin; amd64) terraform-provider/develop
        terraform/terraform-tests
    url: https://api.scaleway.com/rdb/v1/regions/fr-par/instances/a648135a-6f7a-43c6-90b5-a9d1746a4394
    method: GET
  response:
    body: '{"id":"a648135a-6f7a-43c6-90b5-a9d1746a4394","name":"TestAccScalewayRdbUser_Basic","organization_id":"105bdce1-64c0-48ab-899d-868455867ecf","project_id":"105bdce1-64c0-48ab-899d-868455867ecf","status":"initializing","engine":"PostgreSQL-12","endpoint":null,"tags":["terraform-test","scaleway_rdb_user","minimal"],"settings":[],"backup_schedule":{"frequency":24,"retention":7,"disabled":false},"is_ha_cluster":false,"read_replicas":[],"node_type":"db-dev-s","volume":{"type":"lssd","size":5000000000},"init_settings":[],"endpoints":[],"logs_policy":{"max_age_retention":30,"total_disk_retention":null},"backup_same_region":false,"maintenances":[],"created_at":"2021-12-01T15:34:22.337769Z","region":"fr-par"}'
    headers:
      Content-Length:
      - "707"
      Content-Security-Policy:
      - default-src 'none'; frame-ancestors 'none'
      Content-Type:
      - application/json
      Date:
      - Wed, 01 Dec 2021 15:36:54 GMT
      Server:
      - Scaleway API-Gateway
      Strict-Transport-Security:
      - max-age=63072000
      X-Content-Type-Options:
      - nosniff
      X-Frame-Options:
      - DENY
      X-Request-Id:
      - 75ec6fdc-d89e-4b3e-9b4b-e5f98a5c0b56
    status: 200 OK
    code: 200
    duration: ""
- request:
    body: ""
    form: {}
    headers:
      User-Agent:
      - scaleway-sdk-go/v1.0.0-beta.7+dev (go1.17.2; darwin; amd64) terraform-provider/develop
        terraform/terraform-tests
    url: https://api.scaleway.com/rdb/v1/regions/fr-par/instances/a648135a-6f7a-43c6-90b5-a9d1746a4394
    method: GET
  response:
    body: '{"id":"a648135a-6f7a-43c6-90b5-a9d1746a4394","name":"TestAccScalewayRdbUser_Basic","organization_id":"105bdce1-64c0-48ab-899d-868455867ecf","project_id":"105bdce1-64c0-48ab-899d-868455867ecf","status":"initializing","engine":"PostgreSQL-12","endpoint":null,"tags":["terraform-test","scaleway_rdb_user","minimal"],"settings":[],"backup_schedule":{"frequency":24,"retention":7,"disabled":false},"is_ha_cluster":false,"read_replicas":[],"node_type":"db-dev-s","volume":{"type":"lssd","size":5000000000},"init_settings":[],"endpoints":[],"logs_policy":{"max_age_retention":30,"total_disk_retention":null},"backup_same_region":false,"maintenances":[],"created_at":"2021-12-01T15:34:22.337769Z","region":"fr-par"}'
    headers:
      Content-Length:
      - "707"
      Content-Security-Policy:
      - default-src 'none'; frame-ancestors 'none'
      Content-Type:
      - application/json
      Date:
      - Wed, 01 Dec 2021 15:37:25 GMT
      Server:
      - Scaleway API-Gateway
      Strict-Transport-Security:
      - max-age=63072000
      X-Content-Type-Options:
      - nosniff
      X-Frame-Options:
      - DENY
      X-Request-Id:
      - d9136e25-72c7-47f7-b1e3-1249f21b047f
    status: 200 OK
    code: 200
    duration: ""
- request:
    body: ""
    form: {}
    headers:
      User-Agent:
      - scaleway-sdk-go/v1.0.0-beta.7+dev (go1.17.2; darwin; amd64) terraform-provider/develop
        terraform/terraform-tests
    url: https://api.scaleway.com/rdb/v1/regions/fr-par/instances/a648135a-6f7a-43c6-90b5-a9d1746a4394
    method: GET
  response:
    body: '{"id":"a648135a-6f7a-43c6-90b5-a9d1746a4394","name":"TestAccScalewayRdbUser_Basic","organization_id":"105bdce1-64c0-48ab-899d-868455867ecf","project_id":"105bdce1-64c0-48ab-899d-868455867ecf","status":"initializing","engine":"PostgreSQL-12","endpoint":null,"tags":["terraform-test","scaleway_rdb_user","minimal"],"settings":[],"backup_schedule":{"frequency":24,"retention":7,"disabled":false},"is_ha_cluster":false,"read_replicas":[],"node_type":"db-dev-s","volume":{"type":"lssd","size":5000000000},"init_settings":[],"endpoints":[],"logs_policy":{"max_age_retention":30,"total_disk_retention":null},"backup_same_region":false,"maintenances":[],"created_at":"2021-12-01T15:34:22.337769Z","region":"fr-par"}'
    headers:
      Content-Length:
      - "707"
      Content-Security-Policy:
      - default-src 'none'; frame-ancestors 'none'
      Content-Type:
      - application/json
      Date:
      - Wed, 01 Dec 2021 15:37:55 GMT
      Server:
      - Scaleway API-Gateway
      Strict-Transport-Security:
      - max-age=63072000
      X-Content-Type-Options:
      - nosniff
      X-Frame-Options:
      - DENY
      X-Request-Id:
      - e7ba1913-c4d2-4081-a25b-3150837ea168
    status: 200 OK
    code: 200
    duration: ""
- request:
    body: ""
    form: {}
    headers:
      User-Agent:
      - scaleway-sdk-go/v1.0.0-beta.7+dev (go1.17.2; darwin; amd64) terraform-provider/develop
        terraform/terraform-tests
    url: https://api.scaleway.com/rdb/v1/regions/fr-par/instances/a648135a-6f7a-43c6-90b5-a9d1746a4394
    method: GET
  response:
    body: '{"id":"a648135a-6f7a-43c6-90b5-a9d1746a4394","name":"TestAccScalewayRdbUser_Basic","organization_id":"105bdce1-64c0-48ab-899d-868455867ecf","project_id":"105bdce1-64c0-48ab-899d-868455867ecf","status":"ready","engine":"PostgreSQL-12","endpoint":{"ip":"51.159.8.55","port":7707,"name":null,"id":"e3f12aa9-9834-4c0e-a723-f2ef8ea33587","load_balancer":{}},"tags":["terraform-test","scaleway_rdb_user","minimal"],"settings":[{"name":"work_mem","value":"4"},{"name":"max_connections","value":"100"},{"name":"effective_cache_size","value":"1300"},{"name":"maintenance_work_mem","value":"150"},{"name":"max_parallel_workers","value":"0"},{"name":"max_parallel_workers_per_gather","value":"0"}],"backup_schedule":{"frequency":24,"retention":7,"disabled":false},"is_ha_cluster":false,"read_replicas":[],"node_type":"db-dev-s","volume":{"type":"lssd","size":5000000000},"init_settings":[],"endpoints":[{"ip":"51.159.8.55","port":7707,"name":null,"id":"e3f12aa9-9834-4c0e-a723-f2ef8ea33587","load_balancer":{}}],"logs_policy":{"max_age_retention":30,"total_disk_retention":null},"backup_same_region":false,"maintenances":[],"created_at":"2021-12-01T15:34:22.337769Z","region":"fr-par"}'
    headers:
      Content-Length:
      - "1174"
      Content-Security-Policy:
      - default-src 'none'; frame-ancestors 'none'
      Content-Type:
      - application/json
      Date:
      - Wed, 01 Dec 2021 15:38:25 GMT
      Server:
      - Scaleway API-Gateway
      Strict-Transport-Security:
      - max-age=63072000
      X-Content-Type-Options:
      - nosniff
      X-Frame-Options:
      - DENY
      X-Request-Id:
      - 63a5ce27-4ca8-43c0-81e1-dfae16bb38c5
    status: 200 OK
    code: 200
    duration: ""
- request:
    body: '{"backup_schedule_frequency":null,"backup_schedule_retention":null,"is_backup_schedule_disabled":false,"name":null,"tags":null,"logs_policy":null}'
    form: {}
    headers:
      Content-Type:
      - application/json
      User-Agent:
      - scaleway-sdk-go/v1.0.0-beta.7+dev (go1.17.2; darwin; amd64) terraform-provider/develop
        terraform/terraform-tests
    url: https://api.scaleway.com/rdb/v1/regions/fr-par/instances/a648135a-6f7a-43c6-90b5-a9d1746a4394
    method: PATCH
  response:
    body: '{"id":"a648135a-6f7a-43c6-90b5-a9d1746a4394","name":"TestAccScalewayRdbUser_Basic","organization_id":"105bdce1-64c0-48ab-899d-868455867ecf","project_id":"105bdce1-64c0-48ab-899d-868455867ecf","status":"ready","engine":"PostgreSQL-12","endpoint":{"ip":"51.159.8.55","port":7707,"name":null,"id":"e3f12aa9-9834-4c0e-a723-f2ef8ea33587","load_balancer":{}},"tags":["terraform-test","scaleway_rdb_user","minimal"],"settings":[{"name":"work_mem","value":"4"},{"name":"max_connections","value":"100"},{"name":"effective_cache_size","value":"1300"},{"name":"maintenance_work_mem","value":"150"},{"name":"max_parallel_workers","value":"0"},{"name":"max_parallel_workers_per_gather","value":"0"}],"backup_schedule":{"frequency":24,"retention":7,"disabled":false},"is_ha_cluster":false,"read_replicas":[],"node_type":"db-dev-s","volume":{"type":"lssd","size":5000000000},"init_settings":[],"endpoints":[{"ip":"51.159.8.55","port":7707,"name":null,"id":"e3f12aa9-9834-4c0e-a723-f2ef8ea33587","load_balancer":{}}],"logs_policy":{"max_age_retention":30,"total_disk_retention":null},"backup_same_region":false,"maintenances":[],"created_at":"2021-12-01T15:34:22.337769Z","region":"fr-par"}'
    headers:
      Content-Length:
      - "1174"
      Content-Security-Policy:
      - default-src 'none'; frame-ancestors 'none'
      Content-Type:
      - application/json
      Date:
      - Wed, 01 Dec 2021 15:38:25 GMT
      Server:
      - Scaleway API-Gateway
      Strict-Transport-Security:
      - max-age=63072000
      X-Content-Type-Options:
      - nosniff
      X-Frame-Options:
      - DENY
      X-Request-Id:
      - d82d1c26-f440-4e5f-9f4a-55237dc3e53d
    status: 200 OK
    code: 200
    duration: ""
- request:
    body: ""
    form: {}
    headers:
      User-Agent:
      - scaleway-sdk-go/v1.0.0-beta.7+dev (go1.17.2; darwin; amd64) terraform-provider/develop
        terraform/terraform-tests
    url: https://api.scaleway.com/rdb/v1/regions/fr-par/instances/a648135a-6f7a-43c6-90b5-a9d1746a4394
    method: GET
  response:
    body: '{"id":"a648135a-6f7a-43c6-90b5-a9d1746a4394","name":"TestAccScalewayRdbUser_Basic","organization_id":"105bdce1-64c0-48ab-899d-868455867ecf","project_id":"105bdce1-64c0-48ab-899d-868455867ecf","status":"ready","engine":"PostgreSQL-12","endpoint":{"ip":"51.159.8.55","port":7707,"name":null,"id":"e3f12aa9-9834-4c0e-a723-f2ef8ea33587","load_balancer":{}},"tags":["terraform-test","scaleway_rdb_user","minimal"],"settings":[{"name":"work_mem","value":"4"},{"name":"max_connections","value":"100"},{"name":"effective_cache_size","value":"1300"},{"name":"maintenance_work_mem","value":"150"},{"name":"max_parallel_workers","value":"0"},{"name":"max_parallel_workers_per_gather","value":"0"}],"backup_schedule":{"frequency":24,"retention":7,"disabled":false},"is_ha_cluster":false,"read_replicas":[],"node_type":"db-dev-s","volume":{"type":"lssd","size":5000000000},"init_settings":[],"endpoints":[{"ip":"51.159.8.55","port":7707,"name":null,"id":"e3f12aa9-9834-4c0e-a723-f2ef8ea33587","load_balancer":{}}],"logs_policy":{"max_age_retention":30,"total_disk_retention":null},"backup_same_region":false,"maintenances":[],"created_at":"2021-12-01T15:34:22.337769Z","region":"fr-par"}'
    headers:
      Content-Length:
      - "1174"
      Content-Security-Policy:
      - default-src 'none'; frame-ancestors 'none'
      Content-Type:
      - application/json
      Date:
      - Wed, 01 Dec 2021 15:38:26 GMT
      Server:
      - Scaleway API-Gateway
      Strict-Transport-Security:
      - max-age=63072000
      X-Content-Type-Options:
      - nosniff
      X-Frame-Options:
      - DENY
      X-Request-Id:
      - 27d16bc2-db76-4101-a030-13b0b516f12b
    status: 200 OK
    code: 200
    duration: ""
- request:
    body: ""
    form: {}
    headers:
      User-Agent:
      - scaleway-sdk-go/v1.0.0-beta.7+dev (go1.17.2; darwin; amd64) terraform-provider/develop
        terraform/terraform-tests
    url: https://api.scaleway.com/rdb/v1/regions/fr-par/instances/a648135a-6f7a-43c6-90b5-a9d1746a4394/certificate
    method: GET
  response:
    body: '{"name":"ssl_certificate","content_type":"application/x-pem-file","content":"LS0tLS1CRUdJTiBDRVJUSUZJQ0FURS0tLS0tCk1JSUQ5VENDQXQyZ0F3SUJBZ0lVSGxRZ05wZUZCMGUrK0QvNmk1RmpQODFxSEFRd0RRWUpLb1pJaHZjTkFRRUwKQlFBd2dZY3hDekFKQmdOVkJBWVRBa1pTTVE0d0RBWURWUVFJREFWUVlYSnBjekVPTUF3R0ExVUVCd3dGVUdGeQphWE14RVRBUEJnTlZCQW9NQ0ZOallXeGxkMkY1TVVVd1F3WURWUVFERER4eWR5MWhOalE0TVRNMVlTMDJaamRoCkxUUXpZell0T1RCaU5TMWhPV1F4TnpRMllUUXpPVFF1Y21SaUxtWnlMWEJoY2k1elkzY3VZMnh2ZFdRd0hoY04KTWpFeE1qQXhNVFV6TmpBMVdoY05NekV4TVRJNU1UVXpOakExV2pDQmh6RUxNQWtHQTFVRUJoTUNSbEl4RGpBTQpCZ05WQkFnTUJWQmhjbWx6TVE0d0RBWURWUVFIREFWUVlYSnBjekVSTUE4R0ExVUVDZ3dJVTJOaGJHVjNZWGt4ClJUQkRCZ05WQkFNTVBISjNMV0UyTkRneE16VmhMVFptTjJFdE5ETmpOaTA1TUdJMUxXRTVaREUzTkRaaE5ETTUKTkM1eVpHSXVabkl0Y0dGeUxuTmpkeTVqYkc5MVpEQ0NBU0l3RFFZSktvWklodmNOQVFFQkJRQURnZ0VQQURDQwpBUW9DZ2dFQkFOd3lOSGlvcmpja2c5aGxZNWtZcVVjVDNjY0hZR005eW9vTlQxcHhBb0hSekIwS0FKZjZOUHVsCjFsZ1I1SEpGb1QvSmpTL3U4Ly9YMkVjTEp2L2kyaEJ2WjVLaHEzQTBGbWpYbmUwZ1Z4SzdLRXY3Qk1kVFNnMEUKaWdEa0FZK0pmN2dZUmh6RGxYeUhVV0kvQ0QyODQzQmwwRVF1Q0RIWWNERHJEdTY0MVhCYWFBdkhWdmlJaVRYUgpKRFFLdHloU0dMZGFlaWVJa0hPeGtnMkczS2svRE45dzRsdURDeVVOVjlCUnBOL1diRFZqRXIxWnlqdTYyTEtSCnRDVXNhTEI1MjN6WGZQR0ZERDlvMWEvZDkwQjFFTkZ1VmNnV0NPQmJ0V2dCdEhpN3NEOUdzMFg5SkdsQ3p4WkQKWFVvUjFiQngxV2ZPNytSZktZUkNxWlFLdlRrNlhvVUNBd0VBQWFOWE1GVXdVd1lEVlIwUkJFd3dTb0k4Y25jdApZVFkwT0RFek5XRXRObVkzWVMwME0yTTJMVGt3WWpVdFlUbGtNVGMwTm1FME16azBMbkprWWk1bWNpMXdZWEl1CmMyTjNMbU5zYjNWa2h3UXpEOGhjaHdRem53ZzNNQTBHQ1NxR1NJYjNEUUVCQ3dVQUE0SUJBUUNOZThldW1MOTMKekJvUFR4a0NDOS81b0tNUTdQaDZJRDU4cEdpYmN6Uno4eHRQU2hhL0RaTGxyd2FHWmo3cFplOHhZQnhIcEU3SQpKZmdnUmFtYnNVYUlqVnFrWWI3VWYrSnZYZ0RjOGQ3M2lJNEdpUmpwZEZDWHcwU0pBSktnYzlHT3VEaWNLaUZkCisxMnhpNlJmcDl2SXl0REt5cmhJTE5GeGdsTHE0S2cwcTJmNy9Eb2ZzNXJJTFhKVUpCb0g3Vlo5ZG1HQ2JmRGEKbHBwTk1CYzBYUXlMc0tYQ1pXYjgzMnBsMEJhMEs3RGZBNGhVNjg3QlBqRFRMaWwvOE45V0kwRXNaaGNOZk9JbQorcWRKdmNIQit5UGlSMnUzcUpmbXFWdldjcld0dnRYbWNsZVJHT1Z6cU9NVEZZNjA3QVQ3aWJpYTJ4K3oyblFWCmk3amh4bWJJMXVtVAotLS0tLUVORCBDRVJUSUZJQ0FURS0tLS0tCg=="}'
    headers:
      Content-Length:
      - "1991"
      Content-Security-Policy:
      - default-src 'none'; frame-ancestors 'none'
      Content-Type:
      - application/json
      Date:
      - Wed, 01 Dec 2021 15:38:28 GMT
      Server:
      - Scaleway API-Gateway
      Strict-Transport-Security:
      - max-age=63072000
      X-Content-Type-Options:
      - nosniff
      X-Frame-Options:
      - DENY
      X-Request-Id:
      - 56f2345b-83ea-4d05-91f9-df9752fa5fce
    status: 200 OK
    code: 200
    duration: ""
- request:
    body: ""
    form: {}
    headers:
      User-Agent:
      - scaleway-sdk-go/v1.0.0-beta.7+dev (go1.17.2; darwin; amd64) terraform-provider/develop
        terraform/terraform-tests
    url: https://api.scaleway.com/rdb/v1/regions/fr-par/instances/a648135a-6f7a-43c6-90b5-a9d1746a4394
    method: GET
  response:
    body: '{"id":"a648135a-6f7a-43c6-90b5-a9d1746a4394","name":"TestAccScalewayRdbUser_Basic","organization_id":"105bdce1-64c0-48ab-899d-868455867ecf","project_id":"105bdce1-64c0-48ab-899d-868455867ecf","status":"ready","engine":"PostgreSQL-12","endpoint":{"ip":"51.159.8.55","port":7707,"name":null,"id":"e3f12aa9-9834-4c0e-a723-f2ef8ea33587","load_balancer":{}},"tags":["terraform-test","scaleway_rdb_user","minimal"],"settings":[{"name":"work_mem","value":"4"},{"name":"max_connections","value":"100"},{"name":"effective_cache_size","value":"1300"},{"name":"maintenance_work_mem","value":"150"},{"name":"max_parallel_workers","value":"0"},{"name":"max_parallel_workers_per_gather","value":"0"}],"backup_schedule":{"frequency":24,"retention":7,"disabled":false},"is_ha_cluster":false,"read_replicas":[],"node_type":"db-dev-s","volume":{"type":"lssd","size":5000000000},"init_settings":[],"endpoints":[{"ip":"51.159.8.55","port":7707,"name":null,"id":"e3f12aa9-9834-4c0e-a723-f2ef8ea33587","load_balancer":{}}],"logs_policy":{"max_age_retention":30,"total_disk_retention":null},"backup_same_region":false,"maintenances":[],"created_at":"2021-12-01T15:34:22.337769Z","region":"fr-par"}'
    headers:
      Content-Length:
      - "1174"
      Content-Security-Policy:
      - default-src 'none'; frame-ancestors 'none'
      Content-Type:
      - application/json
      Date:
      - Wed, 01 Dec 2021 15:38:29 GMT
      Server:
      - Scaleway API-Gateway
      Strict-Transport-Security:
      - max-age=63072000
      X-Content-Type-Options:
      - nosniff
      X-Frame-Options:
      - DENY
      X-Request-Id:
      - 8a7fc3bd-57d3-444d-b5cb-f54ae29de9a3
    status: 200 OK
    code: 200
    duration: ""
- request:
    body: '{"name":"foo","password":"R34lP4sSw#Rd","is_admin":true}'
    form: {}
    headers:
      Content-Type:
      - application/json
      User-Agent:
      - scaleway-sdk-go/v1.0.0-beta.7+dev (go1.17.2; darwin; amd64) terraform-provider/develop
        terraform/terraform-tests
    url: https://api.scaleway.com/rdb/v1/regions/fr-par/instances/a648135a-6f7a-43c6-90b5-a9d1746a4394/users
    method: POST
  response:
    body: '{"name":"foo","is_admin":true}'
    headers:
      Content-Length:
      - "30"
      Content-Security-Policy:
      - default-src 'none'; frame-ancestors 'none'
      Content-Type:
      - application/json
      Date:
      - Wed, 01 Dec 2021 15:38:30 GMT
      Server:
      - Scaleway API-Gateway
      Strict-Transport-Security:
      - max-age=63072000
      X-Content-Type-Options:
      - nosniff
      X-Frame-Options:
      - DENY
      X-Request-Id:
      - 21369056-8a0e-42d3-b243-148ebf0a35b0
    status: 200 OK
    code: 200
    duration: ""
- request:
    body: ""
    form: {}
    headers:
      User-Agent:
      - scaleway-sdk-go/v1.0.0-beta.7+dev (go1.17.2; darwin; amd64) terraform-provider/develop
        terraform/terraform-tests
    url: https://api.scaleway.com/rdb/v1/regions/fr-par/instances/a648135a-6f7a-43c6-90b5-a9d1746a4394
    method: GET
  response:
    body: '{"id":"a648135a-6f7a-43c6-90b5-a9d1746a4394","name":"TestAccScalewayRdbUser_Basic","organization_id":"105bdce1-64c0-48ab-899d-868455867ecf","project_id":"105bdce1-64c0-48ab-899d-868455867ecf","status":"ready","engine":"PostgreSQL-12","endpoint":{"ip":"51.159.8.55","port":7707,"name":null,"id":"e3f12aa9-9834-4c0e-a723-f2ef8ea33587","load_balancer":{}},"tags":["terraform-test","scaleway_rdb_user","minimal"],"settings":[{"name":"work_mem","value":"4"},{"name":"max_connections","value":"100"},{"name":"effective_cache_size","value":"1300"},{"name":"maintenance_work_mem","value":"150"},{"name":"max_parallel_workers","value":"0"},{"name":"max_parallel_workers_per_gather","value":"0"}],"backup_schedule":{"frequency":24,"retention":7,"disabled":false},"is_ha_cluster":false,"read_replicas":[],"node_type":"db-dev-s","volume":{"type":"lssd","size":5000000000},"init_settings":[],"endpoints":[{"ip":"51.159.8.55","port":7707,"name":null,"id":"e3f12aa9-9834-4c0e-a723-f2ef8ea33587","load_balancer":{}}],"logs_policy":{"max_age_retention":30,"total_disk_retention":null},"backup_same_region":false,"maintenances":[],"created_at":"2021-12-01T15:34:22.337769Z","region":"fr-par"}'
    headers:
      Content-Length:
      - "1174"
      Content-Security-Policy:
      - default-src 'none'; frame-ancestors 'none'
      Content-Type:
      - application/json
      Date:
      - Wed, 01 Dec 2021 15:38:36 GMT
      Server:
      - Scaleway API-Gateway
      Strict-Transport-Security:
      - max-age=63072000
      X-Content-Type-Options:
      - nosniff
      X-Frame-Options:
      - DENY
      X-Request-Id:
      - b710d80b-bafb-4773-9ba7-92a01edc8156
    status: 200 OK
    code: 200
    duration: ""
- request:
    body: ""
    form: {}
    headers:
      User-Agent:
      - scaleway-sdk-go/v1.0.0-beta.7+dev (go1.17.2; darwin; amd64) terraform-provider/develop
        terraform/terraform-tests
    url: https://api.scaleway.com/rdb/v1/regions/fr-par/instances/a648135a-6f7a-43c6-90b5-a9d1746a4394/users?name=foo&order_by=name_asc
    method: GET
  response:
    body: '{"users":[{"name":"foo","is_admin":true}],"total_count":1}'
    headers:
      Content-Length:
      - "58"
      Content-Security-Policy:
      - default-src 'none'; frame-ancestors 'none'
      Content-Type:
      - application/json
      Date:
      - Wed, 01 Dec 2021 15:38:37 GMT
      Server:
      - Scaleway API-Gateway
      Strict-Transport-Security:
      - max-age=63072000
      X-Content-Type-Options:
      - nosniff
      X-Frame-Options:
      - DENY
      X-Request-Id:
      - b2d6cd70-5743-44bd-82ac-9f6bfcec2a77
    status: 200 OK
    code: 200
    duration: ""
- request:
    body: ""
    form: {}
    headers:
      User-Agent:
      - scaleway-sdk-go/v1.0.0-beta.7+dev (go1.17.2; darwin; amd64) terraform-provider/develop
        terraform/terraform-tests
    url: https://api.scaleway.com/rdb/v1/regions/fr-par/instances/a648135a-6f7a-43c6-90b5-a9d1746a4394/users?name=foo&order_by=name_asc
    method: GET
  response:
    body: '{"users":[{"name":"foo","is_admin":true}],"total_count":1}'
    headers:
      Content-Length:
      - "58"
      Content-Security-Policy:
      - default-src 'none'; frame-ancestors 'none'
      Content-Type:
      - application/json
      Date:
      - Wed, 01 Dec 2021 15:38:37 GMT
      Server:
      - Scaleway API-Gateway
      Strict-Transport-Security:
      - max-age=63072000
      X-Content-Type-Options:
      - nosniff
      X-Frame-Options:
      - DENY
      X-Request-Id:
      - 2cfc35b4-0e01-4c0f-9e7c-f3229df9edc2
    status: 200 OK
    code: 200
    duration: ""
- request:
    body: ""
    form: {}
    headers:
      User-Agent:
      - scaleway-sdk-go/v1.0.0-beta.7+dev (go1.17.2; darwin; amd64) terraform-provider/develop
        terraform/terraform-tests
    url: https://api.scaleway.com/rdb/v1/regions/fr-par/instances/a648135a-6f7a-43c6-90b5-a9d1746a4394
    method: GET
  response:
    body: '{"id":"a648135a-6f7a-43c6-90b5-a9d1746a4394","name":"TestAccScalewayRdbUser_Basic","organization_id":"105bdce1-64c0-48ab-899d-868455867ecf","project_id":"105bdce1-64c0-48ab-899d-868455867ecf","status":"ready","engine":"PostgreSQL-12","endpoint":{"ip":"51.159.8.55","port":7707,"name":null,"id":"e3f12aa9-9834-4c0e-a723-f2ef8ea33587","load_balancer":{}},"tags":["terraform-test","scaleway_rdb_user","minimal"],"settings":[{"name":"work_mem","value":"4"},{"name":"max_connections","value":"100"},{"name":"effective_cache_size","value":"1300"},{"name":"maintenance_work_mem","value":"150"},{"name":"max_parallel_workers","value":"0"},{"name":"max_parallel_workers_per_gather","value":"0"}],"backup_schedule":{"frequency":24,"retention":7,"disabled":false},"is_ha_cluster":false,"read_replicas":[],"node_type":"db-dev-s","volume":{"type":"lssd","size":5000000000},"init_settings":[],"endpoints":[{"ip":"51.159.8.55","port":7707,"name":null,"id":"e3f12aa9-9834-4c0e-a723-f2ef8ea33587","load_balancer":{}}],"logs_policy":{"max_age_retention":30,"total_disk_retention":null},"backup_same_region":false,"maintenances":[],"created_at":"2021-12-01T15:34:22.337769Z","region":"fr-par"}'
    headers:
      Content-Length:
      - "1174"
      Content-Security-Policy:
      - default-src 'none'; frame-ancestors 'none'
      Content-Type:
      - application/json
      Date:
      - Wed, 01 Dec 2021 15:38:37 GMT
      Server:
      - Scaleway API-Gateway
      Strict-Transport-Security:
      - max-age=63072000
      X-Content-Type-Options:
      - nosniff
      X-Frame-Options:
      - DENY
      X-Request-Id:
      - 204adfa0-9279-4aac-b113-591ec46e09cb
    status: 200 OK
    code: 200
    duration: ""
- request:
    body: ""
    form: {}
    headers:
      User-Agent:
      - scaleway-sdk-go/v1.0.0-beta.7+dev (go1.17.2; darwin; amd64) terraform-provider/develop
        terraform/terraform-tests
    url: https://api.scaleway.com/rdb/v1/regions/fr-par/instances/a648135a-6f7a-43c6-90b5-a9d1746a4394/certificate
    method: GET
  response:
    body: '{"name":"ssl_certificate","content_type":"application/x-pem-file","content":"LS0tLS1CRUdJTiBDRVJUSUZJQ0FURS0tLS0tCk1JSUQ5VENDQXQyZ0F3SUJBZ0lVSGxRZ05wZUZCMGUrK0QvNmk1RmpQODFxSEFRd0RRWUpLb1pJaHZjTkFRRUwKQlFBd2dZY3hDekFKQmdOVkJBWVRBa1pTTVE0d0RBWURWUVFJREFWUVlYSnBjekVPTUF3R0ExVUVCd3dGVUdGeQphWE14RVRBUEJnTlZCQW9NQ0ZOallXeGxkMkY1TVVVd1F3WURWUVFERER4eWR5MWhOalE0TVRNMVlTMDJaamRoCkxUUXpZell0T1RCaU5TMWhPV1F4TnpRMllUUXpPVFF1Y21SaUxtWnlMWEJoY2k1elkzY3VZMnh2ZFdRd0hoY04KTWpFeE1qQXhNVFV6TmpBMVdoY05NekV4TVRJNU1UVXpOakExV2pDQmh6RUxNQWtHQTFVRUJoTUNSbEl4RGpBTQpCZ05WQkFnTUJWQmhjbWx6TVE0d0RBWURWUVFIREFWUVlYSnBjekVSTUE4R0ExVUVDZ3dJVTJOaGJHVjNZWGt4ClJUQkRCZ05WQkFNTVBISjNMV0UyTkRneE16VmhMVFptTjJFdE5ETmpOaTA1TUdJMUxXRTVaREUzTkRaaE5ETTUKTkM1eVpHSXVabkl0Y0dGeUxuTmpkeTVqYkc5MVpEQ0NBU0l3RFFZSktvWklodmNOQVFFQkJRQURnZ0VQQURDQwpBUW9DZ2dFQkFOd3lOSGlvcmpja2c5aGxZNWtZcVVjVDNjY0hZR005eW9vTlQxcHhBb0hSekIwS0FKZjZOUHVsCjFsZ1I1SEpGb1QvSmpTL3U4Ly9YMkVjTEp2L2kyaEJ2WjVLaHEzQTBGbWpYbmUwZ1Z4SzdLRXY3Qk1kVFNnMEUKaWdEa0FZK0pmN2dZUmh6RGxYeUhVV0kvQ0QyODQzQmwwRVF1Q0RIWWNERHJEdTY0MVhCYWFBdkhWdmlJaVRYUgpKRFFLdHloU0dMZGFlaWVJa0hPeGtnMkczS2svRE45dzRsdURDeVVOVjlCUnBOL1diRFZqRXIxWnlqdTYyTEtSCnRDVXNhTEI1MjN6WGZQR0ZERDlvMWEvZDkwQjFFTkZ1VmNnV0NPQmJ0V2dCdEhpN3NEOUdzMFg5SkdsQ3p4WkQKWFVvUjFiQngxV2ZPNytSZktZUkNxWlFLdlRrNlhvVUNBd0VBQWFOWE1GVXdVd1lEVlIwUkJFd3dTb0k4Y25jdApZVFkwT0RFek5XRXRObVkzWVMwME0yTTJMVGt3WWpVdFlUbGtNVGMwTm1FME16azBMbkprWWk1bWNpMXdZWEl1CmMyTjNMbU5zYjNWa2h3UXpEOGhjaHdRem53ZzNNQTBHQ1NxR1NJYjNEUUVCQ3dVQUE0SUJBUUNOZThldW1MOTMKekJvUFR4a0NDOS81b0tNUTdQaDZJRDU4cEdpYmN6Uno4eHRQU2hhL0RaTGxyd2FHWmo3cFplOHhZQnhIcEU3SQpKZmdnUmFtYnNVYUlqVnFrWWI3VWYrSnZYZ0RjOGQ3M2lJNEdpUmpwZEZDWHcwU0pBSktnYzlHT3VEaWNLaUZkCisxMnhpNlJmcDl2SXl0REt5cmhJTE5GeGdsTHE0S2cwcTJmNy9Eb2ZzNXJJTFhKVUpCb0g3Vlo5ZG1HQ2JmRGEKbHBwTk1CYzBYUXlMc0tYQ1pXYjgzMnBsMEJhMEs3RGZBNGhVNjg3QlBqRFRMaWwvOE45V0kwRXNaaGNOZk9JbQorcWRKdmNIQit5UGlSMnUzcUpmbXFWdldjcld0dnRYbWNsZVJHT1Z6cU9NVEZZNjA3QVQ3aWJpYTJ4K3oyblFWCmk3amh4bWJJMXVtVAotLS0tLUVORCBDRVJUSUZJQ0FURS0tLS0tCg=="}'
    headers:
      Content-Length:
      - "1991"
      Content-Security-Policy:
      - default-src 'none'; frame-ancestors 'none'
      Content-Type:
      - application/json
      Date:
      - Wed, 01 Dec 2021 15:38:38 GMT
      Server:
      - Scaleway API-Gateway
      Strict-Transport-Security:
      - max-age=63072000
      X-Content-Type-Options:
      - nosniff
      X-Frame-Options:
      - DENY
      X-Request-Id:
      - 7a8d17fd-df1d-4e60-83b2-a19a61e9cf2d
    status: 200 OK
    code: 200
    duration: ""
- request:
    body: ""
    form: {}
    headers:
      User-Agent:
      - scaleway-sdk-go/v1.0.0-beta.7+dev (go1.17.2; darwin; amd64) terraform-provider/develop
        terraform/terraform-tests
    url: https://api.scaleway.com/rdb/v1/regions/fr-par/instances/a648135a-6f7a-43c6-90b5-a9d1746a4394
    method: GET
  response:
    body: '{"id":"a648135a-6f7a-43c6-90b5-a9d1746a4394","name":"TestAccScalewayRdbUser_Basic","organization_id":"105bdce1-64c0-48ab-899d-868455867ecf","project_id":"105bdce1-64c0-48ab-899d-868455867ecf","status":"ready","engine":"PostgreSQL-12","endpoint":{"ip":"51.159.8.55","port":7707,"name":null,"id":"e3f12aa9-9834-4c0e-a723-f2ef8ea33587","load_balancer":{}},"tags":["terraform-test","scaleway_rdb_user","minimal"],"settings":[{"name":"work_mem","value":"4"},{"name":"max_connections","value":"100"},{"name":"effective_cache_size","value":"1300"},{"name":"maintenance_work_mem","value":"150"},{"name":"max_parallel_workers","value":"0"},{"name":"max_parallel_workers_per_gather","value":"0"}],"backup_schedule":{"frequency":24,"retention":7,"disabled":false},"is_ha_cluster":false,"read_replicas":[],"node_type":"db-dev-s","volume":{"type":"lssd","size":5000000000},"init_settings":[],"endpoints":[{"ip":"51.159.8.55","port":7707,"name":null,"id":"e3f12aa9-9834-4c0e-a723-f2ef8ea33587","load_balancer":{}}],"logs_policy":{"max_age_retention":30,"total_disk_retention":null},"backup_same_region":false,"maintenances":[],"created_at":"2021-12-01T15:34:22.337769Z","region":"fr-par"}'
    headers:
      Content-Length:
      - "1174"
      Content-Security-Policy:
      - default-src 'none'; frame-ancestors 'none'
      Content-Type:
      - application/json
      Date:
      - Wed, 01 Dec 2021 15:38:38 GMT
      Server:
      - Scaleway API-Gateway
      Strict-Transport-Security:
      - max-age=63072000
      X-Content-Type-Options:
      - nosniff
      X-Frame-Options:
      - DENY
      X-Request-Id:
      - 7dd0f8de-f0f8-4ee4-8fd3-01dfe70d58e6
    status: 200 OK
    code: 200
    duration: ""
- request:
    body: ""
    form: {}
    headers:
      User-Agent:
      - scaleway-sdk-go/v1.0.0-beta.7+dev (go1.17.2; darwin; amd64) terraform-provider/develop
        terraform/terraform-tests
    url: https://api.scaleway.com/rdb/v1/regions/fr-par/instances/a648135a-6f7a-43c6-90b5-a9d1746a4394/users?name=foo&order_by=name_asc
    method: GET
  response:
    body: '{"users":[{"name":"foo","is_admin":true}],"total_count":1}'
    headers:
      Content-Length:
      - "58"
      Content-Security-Policy:
      - default-src 'none'; frame-ancestors 'none'
      Content-Type:
      - application/json
      Date:
      - Wed, 01 Dec 2021 15:38:38 GMT
      Server:
      - Scaleway API-Gateway
      Strict-Transport-Security:
      - max-age=63072000
      X-Content-Type-Options:
      - nosniff
      X-Frame-Options:
      - DENY
      X-Request-Id:
      - db847cea-368d-45e6-83a7-d63be8ff8bfc
    status: 200 OK
    code: 200
    duration: ""
- request:
    body: ""
    form: {}
    headers:
      User-Agent:
      - scaleway-sdk-go/v1.0.0-beta.7+dev (go1.17.2; darwin; amd64) terraform-provider/develop
        terraform/terraform-tests
    url: https://api.scaleway.com/rdb/v1/regions/fr-par/instances/a648135a-6f7a-43c6-90b5-a9d1746a4394
    method: GET
  response:
    body: '{"id":"a648135a-6f7a-43c6-90b5-a9d1746a4394","name":"TestAccScalewayRdbUser_Basic","organization_id":"105bdce1-64c0-48ab-899d-868455867ecf","project_id":"105bdce1-64c0-48ab-899d-868455867ecf","status":"ready","engine":"PostgreSQL-12","endpoint":{"ip":"51.159.8.55","port":7707,"name":null,"id":"e3f12aa9-9834-4c0e-a723-f2ef8ea33587","load_balancer":{}},"tags":["terraform-test","scaleway_rdb_user","minimal"],"settings":[{"name":"work_mem","value":"4"},{"name":"max_connections","value":"100"},{"name":"effective_cache_size","value":"1300"},{"name":"maintenance_work_mem","value":"150"},{"name":"max_parallel_workers","value":"0"},{"name":"max_parallel_workers_per_gather","value":"0"}],"backup_schedule":{"frequency":24,"retention":7,"disabled":false},"is_ha_cluster":false,"read_replicas":[],"node_type":"db-dev-s","volume":{"type":"lssd","size":5000000000},"init_settings":[],"endpoints":[{"ip":"51.159.8.55","port":7707,"name":null,"id":"e3f12aa9-9834-4c0e-a723-f2ef8ea33587","load_balancer":{}}],"logs_policy":{"max_age_retention":30,"total_disk_retention":null},"backup_same_region":false,"maintenances":[],"created_at":"2021-12-01T15:34:22.337769Z","region":"fr-par"}'
    headers:
      Content-Length:
      - "1174"
      Content-Security-Policy:
      - default-src 'none'; frame-ancestors 'none'
      Content-Type:
      - application/json
      Date:
      - Wed, 01 Dec 2021 15:38:39 GMT
      Server:
      - Scaleway API-Gateway
      Strict-Transport-Security:
      - max-age=63072000
      X-Content-Type-Options:
      - nosniff
      X-Frame-Options:
      - DENY
      X-Request-Id:
      - 36e81986-3120-4107-aaa0-82d3e2f1d096
    status: 200 OK
    code: 200
    duration: ""
- request:
    body: ""
    form: {}
    headers:
      User-Agent:
      - scaleway-sdk-go/v1.0.0-beta.7+dev (go1.17.2; darwin; amd64) terraform-provider/develop
        terraform/terraform-tests
    url: https://api.scaleway.com/rdb/v1/regions/fr-par/instances/a648135a-6f7a-43c6-90b5-a9d1746a4394/certificate
    method: GET
  response:
    body: '{"name":"ssl_certificate","content_type":"application/x-pem-file","content":"LS0tLS1CRUdJTiBDRVJUSUZJQ0FURS0tLS0tCk1JSUQ5VENDQXQyZ0F3SUJBZ0lVSGxRZ05wZUZCMGUrK0QvNmk1RmpQODFxSEFRd0RRWUpLb1pJaHZjTkFRRUwKQlFBd2dZY3hDekFKQmdOVkJBWVRBa1pTTVE0d0RBWURWUVFJREFWUVlYSnBjekVPTUF3R0ExVUVCd3dGVUdGeQphWE14RVRBUEJnTlZCQW9NQ0ZOallXeGxkMkY1TVVVd1F3WURWUVFERER4eWR5MWhOalE0TVRNMVlTMDJaamRoCkxUUXpZell0T1RCaU5TMWhPV1F4TnpRMllUUXpPVFF1Y21SaUxtWnlMWEJoY2k1elkzY3VZMnh2ZFdRd0hoY04KTWpFeE1qQXhNVFV6TmpBMVdoY05NekV4TVRJNU1UVXpOakExV2pDQmh6RUxNQWtHQTFVRUJoTUNSbEl4RGpBTQpCZ05WQkFnTUJWQmhjbWx6TVE0d0RBWURWUVFIREFWUVlYSnBjekVSTUE4R0ExVUVDZ3dJVTJOaGJHVjNZWGt4ClJUQkRCZ05WQkFNTVBISjNMV0UyTkRneE16VmhMVFptTjJFdE5ETmpOaTA1TUdJMUxXRTVaREUzTkRaaE5ETTUKTkM1eVpHSXVabkl0Y0dGeUxuTmpkeTVqYkc5MVpEQ0NBU0l3RFFZSktvWklodmNOQVFFQkJRQURnZ0VQQURDQwpBUW9DZ2dFQkFOd3lOSGlvcmpja2c5aGxZNWtZcVVjVDNjY0hZR005eW9vTlQxcHhBb0hSekIwS0FKZjZOUHVsCjFsZ1I1SEpGb1QvSmpTL3U4Ly9YMkVjTEp2L2kyaEJ2WjVLaHEzQTBGbWpYbmUwZ1Z4SzdLRXY3Qk1kVFNnMEUKaWdEa0FZK0pmN2dZUmh6RGxYeUhVV0kvQ0QyODQzQmwwRVF1Q0RIWWNERHJEdTY0MVhCYWFBdkhWdmlJaVRYUgpKRFFLdHloU0dMZGFlaWVJa0hPeGtnMkczS2svRE45dzRsdURDeVVOVjlCUnBOL1diRFZqRXIxWnlqdTYyTEtSCnRDVXNhTEI1MjN6WGZQR0ZERDlvMWEvZDkwQjFFTkZ1VmNnV0NPQmJ0V2dCdEhpN3NEOUdzMFg5SkdsQ3p4WkQKWFVvUjFiQngxV2ZPNytSZktZUkNxWlFLdlRrNlhvVUNBd0VBQWFOWE1GVXdVd1lEVlIwUkJFd3dTb0k4Y25jdApZVFkwT0RFek5XRXRObVkzWVMwME0yTTJMVGt3WWpVdFlUbGtNVGMwTm1FME16azBMbkprWWk1bWNpMXdZWEl1CmMyTjNMbU5zYjNWa2h3UXpEOGhjaHdRem53ZzNNQTBHQ1NxR1NJYjNEUUVCQ3dVQUE0SUJBUUNOZThldW1MOTMKekJvUFR4a0NDOS81b0tNUTdQaDZJRDU4cEdpYmN6Uno4eHRQU2hhL0RaTGxyd2FHWmo3cFplOHhZQnhIcEU3SQpKZmdnUmFtYnNVYUlqVnFrWWI3VWYrSnZYZ0RjOGQ3M2lJNEdpUmpwZEZDWHcwU0pBSktnYzlHT3VEaWNLaUZkCisxMnhpNlJmcDl2SXl0REt5cmhJTE5GeGdsTHE0S2cwcTJmNy9Eb2ZzNXJJTFhKVUpCb0g3Vlo5ZG1HQ2JmRGEKbHBwTk1CYzBYUXlMc0tYQ1pXYjgzMnBsMEJhMEs3RGZBNGhVNjg3QlBqRFRMaWwvOE45V0kwRXNaaGNOZk9JbQorcWRKdmNIQit5UGlSMnUzcUpmbXFWdldjcld0dnRYbWNsZVJHT1Z6cU9NVEZZNjA3QVQ3aWJpYTJ4K3oyblFWCmk3amh4bWJJMXVtVAotLS0tLUVORCBDRVJUSUZJQ0FURS0tLS0tCg=="}'
    headers:
      Content-Length:
      - "1991"
      Content-Security-Policy:
      - default-src 'none'; frame-ancestors 'none'
      Content-Type:
      - application/json
      Date:
      - Wed, 01 Dec 2021 15:38:39 GMT
      Server:
      - Scaleway API-Gateway
      Strict-Transport-Security:
      - max-age=63072000
      X-Content-Type-Options:
      - nosniff
      X-Frame-Options:
      - DENY
      X-Request-Id:
      - dc1f29ab-9657-4cca-ba5f-3b245d95f663
    status: 200 OK
    code: 200
    duration: ""
- request:
    body: ""
    form: {}
    headers:
      User-Agent:
      - scaleway-sdk-go/v1.0.0-beta.7+dev (go1.17.2; darwin; amd64) terraform-provider/develop
        terraform/terraform-tests
    url: https://api.scaleway.com/rdb/v1/regions/fr-par/instances/a648135a-6f7a-43c6-90b5-a9d1746a4394
    method: GET
  response:
    body: '{"id":"a648135a-6f7a-43c6-90b5-a9d1746a4394","name":"TestAccScalewayRdbUser_Basic","organization_id":"105bdce1-64c0-48ab-899d-868455867ecf","project_id":"105bdce1-64c0-48ab-899d-868455867ecf","status":"ready","engine":"PostgreSQL-12","endpoint":{"ip":"51.159.8.55","port":7707,"name":null,"id":"e3f12aa9-9834-4c0e-a723-f2ef8ea33587","load_balancer":{}},"tags":["terraform-test","scaleway_rdb_user","minimal"],"settings":[{"name":"work_mem","value":"4"},{"name":"max_connections","value":"100"},{"name":"effective_cache_size","value":"1300"},{"name":"maintenance_work_mem","value":"150"},{"name":"max_parallel_workers","value":"0"},{"name":"max_parallel_workers_per_gather","value":"0"}],"backup_schedule":{"frequency":24,"retention":7,"disabled":false},"is_ha_cluster":false,"read_replicas":[],"node_type":"db-dev-s","volume":{"type":"lssd","size":5000000000},"init_settings":[],"endpoints":[{"ip":"51.159.8.55","port":7707,"name":null,"id":"e3f12aa9-9834-4c0e-a723-f2ef8ea33587","load_balancer":{}}],"logs_policy":{"max_age_retention":30,"total_disk_retention":null},"backup_same_region":false,"maintenances":[],"created_at":"2021-12-01T15:34:22.337769Z","region":"fr-par"}'
    headers:
      Content-Length:
      - "1174"
      Content-Security-Policy:
      - default-src 'none'; frame-ancestors 'none'
      Content-Type:
      - application/json
      Date:
      - Wed, 01 Dec 2021 15:38:39 GMT
      Server:
      - Scaleway API-Gateway
      Strict-Transport-Security:
      - max-age=63072000
      X-Content-Type-Options:
      - nosniff
      X-Frame-Options:
      - DENY
      X-Request-Id:
      - 8380a62a-af6c-48a6-9ebc-b30ec359976f
    status: 200 OK
    code: 200
    duration: ""
- request:
    body: ""
    form: {}
    headers:
      User-Agent:
      - scaleway-sdk-go/v1.0.0-beta.7+dev (go1.17.2; darwin; amd64) terraform-provider/develop
        terraform/terraform-tests
    url: https://api.scaleway.com/rdb/v1/regions/fr-par/instances/a648135a-6f7a-43c6-90b5-a9d1746a4394/users?name=foo&order_by=name_asc
    method: GET
  response:
    body: '{"users":[{"name":"foo","is_admin":true}],"total_count":1}'
    headers:
      Content-Length:
      - "58"
      Content-Security-Policy:
      - default-src 'none'; frame-ancestors 'none'
      Content-Type:
      - application/json
      Date:
      - Wed, 01 Dec 2021 15:38:39 GMT
      Server:
      - Scaleway API-Gateway
      Strict-Transport-Security:
      - max-age=63072000
      X-Content-Type-Options:
      - nosniff
      X-Frame-Options:
      - DENY
      X-Request-Id:
      - e94d1bec-c90d-4b91-8f60-bfedc6c0ff8e
    status: 200 OK
    code: 200
    duration: ""
- request:
    body: ""
    form: {}
    headers:
      User-Agent:
      - scaleway-sdk-go/v1.0.0-beta.7+dev (go1.17.2; darwin; amd64) terraform-provider/develop
        terraform/terraform-tests
    url: https://api.scaleway.com/rdb/v1/regions/fr-par/instances/a648135a-6f7a-43c6-90b5-a9d1746a4394
    method: GET
  response:
    body: '{"id":"a648135a-6f7a-43c6-90b5-a9d1746a4394","name":"TestAccScalewayRdbUser_Basic","organization_id":"105bdce1-64c0-48ab-899d-868455867ecf","project_id":"105bdce1-64c0-48ab-899d-868455867ecf","status":"ready","engine":"PostgreSQL-12","endpoint":{"ip":"51.159.8.55","port":7707,"name":null,"id":"e3f12aa9-9834-4c0e-a723-f2ef8ea33587","load_balancer":{}},"tags":["terraform-test","scaleway_rdb_user","minimal"],"settings":[{"name":"work_mem","value":"4"},{"name":"max_connections","value":"100"},{"name":"effective_cache_size","value":"1300"},{"name":"maintenance_work_mem","value":"150"},{"name":"max_parallel_workers","value":"0"},{"name":"max_parallel_workers_per_gather","value":"0"}],"backup_schedule":{"frequency":24,"retention":7,"disabled":false},"is_ha_cluster":false,"read_replicas":[],"node_type":"db-dev-s","volume":{"type":"lssd","size":5000000000},"init_settings":[],"endpoints":[{"ip":"51.159.8.55","port":7707,"name":null,"id":"e3f12aa9-9834-4c0e-a723-f2ef8ea33587","load_balancer":{}}],"logs_policy":{"max_age_retention":30,"total_disk_retention":null},"backup_same_region":false,"maintenances":[],"created_at":"2021-12-01T15:34:22.337769Z","region":"fr-par"}'
    headers:
      Content-Length:
      - "1174"
      Content-Security-Policy:
      - default-src 'none'; frame-ancestors 'none'
      Content-Type:
      - application/json
      Date:
      - Wed, 01 Dec 2021 15:38:40 GMT
      Server:
      - Scaleway API-Gateway
      Strict-Transport-Security:
      - max-age=63072000
      X-Content-Type-Options:
      - nosniff
      X-Frame-Options:
      - DENY
      X-Request-Id:
      - 956d0262-4fe6-4edf-880b-9bde23a35949
    status: 200 OK
    code: 200
    duration: ""
- request:
    body: ""
    form: {}
    headers:
      User-Agent:
      - scaleway-sdk-go/v1.0.0-beta.7+dev (go1.17.2; darwin; amd64) terraform-provider/develop
        terraform/terraform-tests
    url: https://api.scaleway.com/rdb/v1/regions/fr-par/instances/a648135a-6f7a-43c6-90b5-a9d1746a4394/users/foo
    method: DELETE
  response:
    body: ""
    headers:
      Content-Security-Policy:
      - default-src 'none'; frame-ancestors 'none'
      Content-Type:
      - application/json
      Date:
      - Wed, 01 Dec 2021 15:38:40 GMT
      Server:
      - Scaleway API-Gateway
      Strict-Transport-Security:
      - max-age=63072000
      X-Content-Type-Options:
      - nosniff
      X-Frame-Options:
      - DENY
      X-Request-Id:
      - 435c4e57-5811-4c15-b3a9-de015c7e948a
    status: 204 No Content
    code: 204
    duration: ""
- request:
    body: ""
    form: {}
    headers:
      User-Agent:
      - scaleway-sdk-go/v1.0.0-beta.7+dev (go1.17.2; darwin; amd64) terraform-provider/develop
        terraform/terraform-tests
    url: https://api.scaleway.com/rdb/v1/regions/fr-par/instances/a648135a-6f7a-43c6-90b5-a9d1746a4394
    method: GET
  response:
    body: '{"id":"a648135a-6f7a-43c6-90b5-a9d1746a4394","name":"TestAccScalewayRdbUser_Basic","organization_id":"105bdce1-64c0-48ab-899d-868455867ecf","project_id":"105bdce1-64c0-48ab-899d-868455867ecf","status":"ready","engine":"PostgreSQL-12","endpoint":{"ip":"51.159.8.55","port":7707,"name":null,"id":"e3f12aa9-9834-4c0e-a723-f2ef8ea33587","load_balancer":{}},"tags":["terraform-test","scaleway_rdb_user","minimal"],"settings":[{"name":"work_mem","value":"4"},{"name":"max_connections","value":"100"},{"name":"effective_cache_size","value":"1300"},{"name":"maintenance_work_mem","value":"150"},{"name":"max_parallel_workers","value":"0"},{"name":"max_parallel_workers_per_gather","value":"0"}],"backup_schedule":{"frequency":24,"retention":7,"disabled":false},"is_ha_cluster":false,"read_replicas":[],"node_type":"db-dev-s","volume":{"type":"lssd","size":5000000000},"init_settings":[],"endpoints":[{"ip":"51.159.8.55","port":7707,"name":null,"id":"e3f12aa9-9834-4c0e-a723-f2ef8ea33587","load_balancer":{}}],"logs_policy":{"max_age_retention":30,"total_disk_retention":null},"backup_same_region":false,"maintenances":[],"created_at":"2021-12-01T15:34:22.337769Z","region":"fr-par"}'
    headers:
      Content-Length:
      - "1174"
      Content-Security-Policy:
      - default-src 'none'; frame-ancestors 'none'
      Content-Type:
      - application/json
      Date:
      - Wed, 01 Dec 2021 15:38:40 GMT
      Server:
      - Scaleway API-Gateway
      Strict-Transport-Security:
      - max-age=63072000
      X-Content-Type-Options:
      - nosniff
      X-Frame-Options:
      - DENY
      X-Request-Id:
      - c173be30-7820-46f6-982c-d679ca5bcb10
    status: 200 OK
    code: 200
    duration: ""
- request:
    body: '{"name":"bar","password":"R34lP4sSw#Rd","is_admin":false}'
    form: {}
    headers:
      Content-Type:
      - application/json
      User-Agent:
      - scaleway-sdk-go/v1.0.0-beta.7+dev (go1.17.2; darwin; amd64) terraform-provider/develop
        terraform/terraform-tests
    url: https://api.scaleway.com/rdb/v1/regions/fr-par/instances/a648135a-6f7a-43c6-90b5-a9d1746a4394/users
    method: POST
  response:
    body: '{"name":"bar","is_admin":false}'
    headers:
      Content-Length:
      - "31"
      Content-Security-Policy:
      - default-src 'none'; frame-ancestors 'none'
      Content-Type:
      - application/json
      Date:
      - Wed, 01 Dec 2021 15:38:41 GMT
      Server:
      - Scaleway API-Gateway
      Strict-Transport-Security:
      - max-age=63072000
      X-Content-Type-Options:
      - nosniff
      X-Frame-Options:
      - DENY
      X-Request-Id:
      - ec41659d-b217-431f-a2be-af40026dc8d3
    status: 200 OK
    code: 200
    duration: ""
- request:
    body: ""
    form: {}
    headers:
      User-Agent:
      - scaleway-sdk-go/v1.0.0-beta.7+dev (go1.17.2; darwin; amd64) terraform-provider/develop
        terraform/terraform-tests
    url: https://api.scaleway.com/rdb/v1/regions/fr-par/instances/a648135a-6f7a-43c6-90b5-a9d1746a4394
    method: GET
  response:
    body: '{"id":"a648135a-6f7a-43c6-90b5-a9d1746a4394","name":"TestAccScalewayRdbUser_Basic","organization_id":"105bdce1-64c0-48ab-899d-868455867ecf","project_id":"105bdce1-64c0-48ab-899d-868455867ecf","status":"ready","engine":"PostgreSQL-12","endpoint":{"ip":"51.159.8.55","port":7707,"name":null,"id":"e3f12aa9-9834-4c0e-a723-f2ef8ea33587","load_balancer":{}},"tags":["terraform-test","scaleway_rdb_user","minimal"],"settings":[{"name":"work_mem","value":"4"},{"name":"max_connections","value":"100"},{"name":"effective_cache_size","value":"1300"},{"name":"maintenance_work_mem","value":"150"},{"name":"max_parallel_workers","value":"0"},{"name":"max_parallel_workers_per_gather","value":"0"}],"backup_schedule":{"frequency":24,"retention":7,"disabled":false},"is_ha_cluster":false,"read_replicas":[],"node_type":"db-dev-s","volume":{"type":"lssd","size":5000000000},"init_settings":[],"endpoints":[{"ip":"51.159.8.55","port":7707,"name":null,"id":"e3f12aa9-9834-4c0e-a723-f2ef8ea33587","load_balancer":{}}],"logs_policy":{"max_age_retention":30,"total_disk_retention":null},"backup_same_region":false,"maintenances":[],"created_at":"2021-12-01T15:34:22.337769Z","region":"fr-par"}'
    headers:
      Content-Length:
      - "1174"
      Content-Security-Policy:
      - default-src 'none'; frame-ancestors 'none'
      Content-Type:
      - application/json
      Date:
      - Wed, 01 Dec 2021 15:38:41 GMT
      Server:
      - Scaleway API-Gateway
      Strict-Transport-Security:
      - max-age=63072000
      X-Content-Type-Options:
      - nosniff
      X-Frame-Options:
      - DENY
      X-Request-Id:
      - 00278917-5923-4813-bea3-484d1a4fabac
    status: 200 OK
    code: 200
    duration: ""
- request:
    body: ""
    form: {}
    headers:
      User-Agent:
      - scaleway-sdk-go/v1.0.0-beta.7+dev (go1.17.2; darwin; amd64) terraform-provider/develop
        terraform/terraform-tests
    url: https://api.scaleway.com/rdb/v1/regions/fr-par/instances/a648135a-6f7a-43c6-90b5-a9d1746a4394/users?name=bar&order_by=name_asc
    method: GET
  response:
    body: '{"users":[{"name":"bar","is_admin":false}],"total_count":1}'
    headers:
      Content-Length:
      - "59"
      Content-Security-Policy:
      - default-src 'none'; frame-ancestors 'none'
      Content-Type:
      - application/json
      Date:
      - Wed, 01 Dec 2021 15:38:41 GMT
      Server:
      - Scaleway API-Gateway
      Strict-Transport-Security:
      - max-age=63072000
      X-Content-Type-Options:
      - nosniff
      X-Frame-Options:
      - DENY
      X-Request-Id:
      - 90908a87-d9c5-498a-a86c-792d9cca4d4f
    status: 200 OK
    code: 200
    duration: ""
- request:
    body: ""
    form: {}
    headers:
      User-Agent:
      - scaleway-sdk-go/v1.0.0-beta.7+dev (go1.17.2; darwin; amd64) terraform-provider/develop
        terraform/terraform-tests
    url: https://api.scaleway.com/rdb/v1/regions/fr-par/instances/a648135a-6f7a-43c6-90b5-a9d1746a4394/users?name=bar&order_by=name_asc
    method: GET
  response:
    body: '{"users":[{"name":"bar","is_admin":false}],"total_count":1}'
    headers:
      Content-Length:
      - "59"
      Content-Security-Policy:
      - default-src 'none'; frame-ancestors 'none'
      Content-Type:
      - application/json
      Date:
      - Wed, 01 Dec 2021 15:38:41 GMT
      Server:
      - Scaleway API-Gateway
      Strict-Transport-Security:
      - max-age=63072000
      X-Content-Type-Options:
      - nosniff
      X-Frame-Options:
      - DENY
      X-Request-Id:
      - 3e3badf7-ff7e-4b96-aed5-e526611dbdb5
    status: 200 OK
    code: 200
    duration: ""
- request:
    body: ""
    form: {}
    headers:
      User-Agent:
      - scaleway-sdk-go/v1.0.0-beta.7+dev (go1.17.2; darwin; amd64) terraform-provider/develop
        terraform/terraform-tests
    url: https://api.scaleway.com/rdb/v1/regions/fr-par/instances/a648135a-6f7a-43c6-90b5-a9d1746a4394
    method: GET
  response:
    body: '{"id":"a648135a-6f7a-43c6-90b5-a9d1746a4394","name":"TestAccScalewayRdbUser_Basic","organization_id":"105bdce1-64c0-48ab-899d-868455867ecf","project_id":"105bdce1-64c0-48ab-899d-868455867ecf","status":"ready","engine":"PostgreSQL-12","endpoint":{"ip":"51.159.8.55","port":7707,"name":null,"id":"e3f12aa9-9834-4c0e-a723-f2ef8ea33587","load_balancer":{}},"tags":["terraform-test","scaleway_rdb_user","minimal"],"settings":[{"name":"work_mem","value":"4"},{"name":"max_connections","value":"100"},{"name":"effective_cache_size","value":"1300"},{"name":"maintenance_work_mem","value":"150"},{"name":"max_parallel_workers","value":"0"},{"name":"max_parallel_workers_per_gather","value":"0"}],"backup_schedule":{"frequency":24,"retention":7,"disabled":false},"is_ha_cluster":false,"read_replicas":[],"node_type":"db-dev-s","volume":{"type":"lssd","size":5000000000},"init_settings":[],"endpoints":[{"ip":"51.159.8.55","port":7707,"name":null,"id":"e3f12aa9-9834-4c0e-a723-f2ef8ea33587","load_balancer":{}}],"logs_policy":{"max_age_retention":30,"total_disk_retention":null},"backup_same_region":false,"maintenances":[],"created_at":"2021-12-01T15:34:22.337769Z","region":"fr-par"}'
    headers:
      Content-Length:
      - "1174"
      Content-Security-Policy:
      - default-src 'none'; frame-ancestors 'none'
      Content-Type:
      - application/json
      Date:
      - Wed, 01 Dec 2021 15:38:42 GMT
      Server:
      - Scaleway API-Gateway
      Strict-Transport-Security:
      - max-age=63072000
      X-Content-Type-Options:
      - nosniff
      X-Frame-Options:
      - DENY
      X-Request-Id:
      - 7f387953-d02d-4f5a-ba35-ed62d29a390e
    status: 200 OK
    code: 200
    duration: ""
- request:
    body: ""
    form: {}
    headers:
      User-Agent:
      - scaleway-sdk-go/v1.0.0-beta.7+dev (go1.17.2; darwin; amd64) terraform-provider/develop
        terraform/terraform-tests
    url: https://api.scaleway.com/rdb/v1/regions/fr-par/instances/a648135a-6f7a-43c6-90b5-a9d1746a4394/certificate
    method: GET
  response:
    body: '{"name":"ssl_certificate","content_type":"application/x-pem-file","content":"LS0tLS1CRUdJTiBDRVJUSUZJQ0FURS0tLS0tCk1JSUQ5VENDQXQyZ0F3SUJBZ0lVSGxRZ05wZUZCMGUrK0QvNmk1RmpQODFxSEFRd0RRWUpLb1pJaHZjTkFRRUwKQlFBd2dZY3hDekFKQmdOVkJBWVRBa1pTTVE0d0RBWURWUVFJREFWUVlYSnBjekVPTUF3R0ExVUVCd3dGVUdGeQphWE14RVRBUEJnTlZCQW9NQ0ZOallXeGxkMkY1TVVVd1F3WURWUVFERER4eWR5MWhOalE0TVRNMVlTMDJaamRoCkxUUXpZell0T1RCaU5TMWhPV1F4TnpRMllUUXpPVFF1Y21SaUxtWnlMWEJoY2k1elkzY3VZMnh2ZFdRd0hoY04KTWpFeE1qQXhNVFV6TmpBMVdoY05NekV4TVRJNU1UVXpOakExV2pDQmh6RUxNQWtHQTFVRUJoTUNSbEl4RGpBTQpCZ05WQkFnTUJWQmhjbWx6TVE0d0RBWURWUVFIREFWUVlYSnBjekVSTUE4R0ExVUVDZ3dJVTJOaGJHVjNZWGt4ClJUQkRCZ05WQkFNTVBISjNMV0UyTkRneE16VmhMVFptTjJFdE5ETmpOaTA1TUdJMUxXRTVaREUzTkRaaE5ETTUKTkM1eVpHSXVabkl0Y0dGeUxuTmpkeTVqYkc5MVpEQ0NBU0l3RFFZSktvWklodmNOQVFFQkJRQURnZ0VQQURDQwpBUW9DZ2dFQkFOd3lOSGlvcmpja2c5aGxZNWtZcVVjVDNjY0hZR005eW9vTlQxcHhBb0hSekIwS0FKZjZOUHVsCjFsZ1I1SEpGb1QvSmpTL3U4Ly9YMkVjTEp2L2kyaEJ2WjVLaHEzQTBGbWpYbmUwZ1Z4SzdLRXY3Qk1kVFNnMEUKaWdEa0FZK0pmN2dZUmh6RGxYeUhVV0kvQ0QyODQzQmwwRVF1Q0RIWWNERHJEdTY0MVhCYWFBdkhWdmlJaVRYUgpKRFFLdHloU0dMZGFlaWVJa0hPeGtnMkczS2svRE45dzRsdURDeVVOVjlCUnBOL1diRFZqRXIxWnlqdTYyTEtSCnRDVXNhTEI1MjN6WGZQR0ZERDlvMWEvZDkwQjFFTkZ1VmNnV0NPQmJ0V2dCdEhpN3NEOUdzMFg5SkdsQ3p4WkQKWFVvUjFiQngxV2ZPNytSZktZUkNxWlFLdlRrNlhvVUNBd0VBQWFOWE1GVXdVd1lEVlIwUkJFd3dTb0k4Y25jdApZVFkwT0RFek5XRXRObVkzWVMwME0yTTJMVGt3WWpVdFlUbGtNVGMwTm1FME16azBMbkprWWk1bWNpMXdZWEl1CmMyTjNMbU5zYjNWa2h3UXpEOGhjaHdRem53ZzNNQTBHQ1NxR1NJYjNEUUVCQ3dVQUE0SUJBUUNOZThldW1MOTMKekJvUFR4a0NDOS81b0tNUTdQaDZJRDU4cEdpYmN6Uno4eHRQU2hhL0RaTGxyd2FHWmo3cFplOHhZQnhIcEU3SQpKZmdnUmFtYnNVYUlqVnFrWWI3VWYrSnZYZ0RjOGQ3M2lJNEdpUmpwZEZDWHcwU0pBSktnYzlHT3VEaWNLaUZkCisxMnhpNlJmcDl2SXl0REt5cmhJTE5GeGdsTHE0S2cwcTJmNy9Eb2ZzNXJJTFhKVUpCb0g3Vlo5ZG1HQ2JmRGEKbHBwTk1CYzBYUXlMc0tYQ1pXYjgzMnBsMEJhMEs3RGZBNGhVNjg3QlBqRFRMaWwvOE45V0kwRXNaaGNOZk9JbQorcWRKdmNIQit5UGlSMnUzcUpmbXFWdldjcld0dnRYbWNsZVJHT1Z6cU9NVEZZNjA3QVQ3aWJpYTJ4K3oyblFWCmk3amh4bWJJMXVtVAotLS0tLUVORCBDRVJUSUZJQ0FURS0tLS0tCg=="}'
    headers:
      Content-Length:
      - "1991"
      Content-Security-Policy:
      - default-src 'none'; frame-ancestors 'none'
      Content-Type:
      - application/json
      Date:
      - Wed, 01 Dec 2021 15:38:42 GMT
      Server:
      - Scaleway API-Gateway
      Strict-Transport-Security:
      - max-age=63072000
      X-Content-Type-Options:
      - nosniff
      X-Frame-Options:
      - DENY
      X-Request-Id:
      - f0a32def-c3bc-43ee-a41d-c5d9da947ddd
    status: 200 OK
    code: 200
    duration: ""
- request:
    body: ""
    form: {}
    headers:
      User-Agent:
      - scaleway-sdk-go/v1.0.0-beta.7+dev (go1.17.2; darwin; amd64) terraform-provider/develop
        terraform/terraform-tests
    url: https://api.scaleway.com/rdb/v1/regions/fr-par/instances/a648135a-6f7a-43c6-90b5-a9d1746a4394
    method: GET
  response:
    body: '{"id":"a648135a-6f7a-43c6-90b5-a9d1746a4394","name":"TestAccScalewayRdbUser_Basic","organization_id":"105bdce1-64c0-48ab-899d-868455867ecf","project_id":"105bdce1-64c0-48ab-899d-868455867ecf","status":"ready","engine":"PostgreSQL-12","endpoint":{"ip":"51.159.8.55","port":7707,"name":null,"id":"e3f12aa9-9834-4c0e-a723-f2ef8ea33587","load_balancer":{}},"tags":["terraform-test","scaleway_rdb_user","minimal"],"settings":[{"name":"work_mem","value":"4"},{"name":"max_connections","value":"100"},{"name":"effective_cache_size","value":"1300"},{"name":"maintenance_work_mem","value":"150"},{"name":"max_parallel_workers","value":"0"},{"name":"max_parallel_workers_per_gather","value":"0"}],"backup_schedule":{"frequency":24,"retention":7,"disabled":false},"is_ha_cluster":false,"read_replicas":[],"node_type":"db-dev-s","volume":{"type":"lssd","size":5000000000},"init_settings":[],"endpoints":[{"ip":"51.159.8.55","port":7707,"name":null,"id":"e3f12aa9-9834-4c0e-a723-f2ef8ea33587","load_balancer":{}}],"logs_policy":{"max_age_retention":30,"total_disk_retention":null},"backup_same_region":false,"maintenances":[],"created_at":"2021-12-01T15:34:22.337769Z","region":"fr-par"}'
    headers:
      Content-Length:
      - "1174"
      Content-Security-Policy:
      - default-src 'none'; frame-ancestors 'none'
      Content-Type:
      - application/json
      Date:
      - Wed, 01 Dec 2021 15:38:42 GMT
      Server:
      - Scaleway API-Gateway
      Strict-Transport-Security:
      - max-age=63072000
      X-Content-Type-Options:
      - nosniff
      X-Frame-Options:
      - DENY
      X-Request-Id:
      - 0f320fd0-7027-4b48-891f-ef59b39c12c7
    status: 200 OK
    code: 200
    duration: ""
- request:
    body: ""
    form: {}
    headers:
      User-Agent:
      - scaleway-sdk-go/v1.0.0-beta.7+dev (go1.17.2; darwin; amd64) terraform-provider/develop
        terraform/terraform-tests
    url: https://api.scaleway.com/rdb/v1/regions/fr-par/instances/a648135a-6f7a-43c6-90b5-a9d1746a4394/users?name=bar&order_by=name_asc
    method: GET
  response:
    body: '{"users":[{"name":"bar","is_admin":false}],"total_count":1}'
    headers:
      Content-Length:
      - "59"
      Content-Security-Policy:
      - default-src 'none'; frame-ancestors 'none'
      Content-Type:
      - application/json
      Date:
      - Wed, 01 Dec 2021 15:38:42 GMT
      Server:
      - Scaleway API-Gateway
      Strict-Transport-Security:
      - max-age=63072000
      X-Content-Type-Options:
      - nosniff
      X-Frame-Options:
      - DENY
      X-Request-Id:
      - 2a1035c9-36c0-41d3-9e80-8751d33a0d4b
    status: 200 OK
    code: 200
    duration: ""
- request:
    body: ""
    form: {}
    headers:
      User-Agent:
      - scaleway-sdk-go/v1.0.0-beta.7+dev (go1.17.2; darwin; amd64) terraform-provider/develop
        terraform/terraform-tests
    url: https://api.scaleway.com/rdb/v1/regions/fr-par/instances/a648135a-6f7a-43c6-90b5-a9d1746a4394
    method: GET
  response:
    body: '{"id":"a648135a-6f7a-43c6-90b5-a9d1746a4394","name":"TestAccScalewayRdbUser_Basic","organization_id":"105bdce1-64c0-48ab-899d-868455867ecf","project_id":"105bdce1-64c0-48ab-899d-868455867ecf","status":"ready","engine":"PostgreSQL-12","endpoint":{"ip":"51.159.8.55","port":7707,"name":null,"id":"e3f12aa9-9834-4c0e-a723-f2ef8ea33587","load_balancer":{}},"tags":["terraform-test","scaleway_rdb_user","minimal"],"settings":[{"name":"work_mem","value":"4"},{"name":"max_connections","value":"100"},{"name":"effective_cache_size","value":"1300"},{"name":"maintenance_work_mem","value":"150"},{"name":"max_parallel_workers","value":"0"},{"name":"max_parallel_workers_per_gather","value":"0"}],"backup_schedule":{"frequency":24,"retention":7,"disabled":false},"is_ha_cluster":false,"read_replicas":[],"node_type":"db-dev-s","volume":{"type":"lssd","size":5000000000},"init_settings":[],"endpoints":[{"ip":"51.159.8.55","port":7707,"name":null,"id":"e3f12aa9-9834-4c0e-a723-f2ef8ea33587","load_balancer":{}}],"logs_policy":{"max_age_retention":30,"total_disk_retention":null},"backup_same_region":false,"maintenances":[],"created_at":"2021-12-01T15:34:22.337769Z","region":"fr-par"}'
    headers:
      Content-Length:
      - "1174"
      Content-Security-Policy:
      - default-src 'none'; frame-ancestors 'none'
      Content-Type:
      - application/json
      Date:
      - Wed, 01 Dec 2021 15:38:43 GMT
      Server:
      - Scaleway API-Gateway
      Strict-Transport-Security:
      - max-age=63072000
      X-Content-Type-Options:
      - nosniff
      X-Frame-Options:
      - DENY
      X-Request-Id:
      - 0d2758f5-a86d-4bb2-9fce-f1cac7b1e8e2
    status: 200 OK
    code: 200
    duration: ""
- request:
    body: ""
    form: {}
    headers:
      User-Agent:
      - scaleway-sdk-go/v1.0.0-beta.7+dev (go1.17.2; darwin; amd64) terraform-provider/develop
        terraform/terraform-tests
    url: https://api.scaleway.com/rdb/v1/regions/fr-par/instances/a648135a-6f7a-43c6-90b5-a9d1746a4394/users/bar
    method: DELETE
  response:
    body: ""
    headers:
      Content-Security-Policy:
      - default-src 'none'; frame-ancestors 'none'
      Content-Type:
      - application/json
      Date:
      - Wed, 01 Dec 2021 15:38:43 GMT
      Server:
      - Scaleway API-Gateway
      Strict-Transport-Security:
      - max-age=63072000
      X-Content-Type-Options:
      - nosniff
      X-Frame-Options:
      - DENY
      X-Request-Id:
      - e51db313-a3eb-4c5f-9ded-d6aa17f7bcab
    status: 204 No Content
    code: 204
    duration: ""
- request:
    body: ""
    form: {}
    headers:
      User-Agent:
      - scaleway-sdk-go/v1.0.0-beta.7+dev (go1.17.2; darwin; amd64) terraform-provider/develop
        terraform/terraform-tests
    url: https://api.scaleway.com/rdb/v1/regions/fr-par/instances/a648135a-6f7a-43c6-90b5-a9d1746a4394
    method: GET
  response:
    body: '{"id":"a648135a-6f7a-43c6-90b5-a9d1746a4394","name":"TestAccScalewayRdbUser_Basic","organization_id":"105bdce1-64c0-48ab-899d-868455867ecf","project_id":"105bdce1-64c0-48ab-899d-868455867ecf","status":"ready","engine":"PostgreSQL-12","endpoint":{"ip":"51.159.8.55","port":7707,"name":null,"id":"e3f12aa9-9834-4c0e-a723-f2ef8ea33587","load_balancer":{}},"tags":["terraform-test","scaleway_rdb_user","minimal"],"settings":[{"name":"work_mem","value":"4"},{"name":"max_connections","value":"100"},{"name":"effective_cache_size","value":"1300"},{"name":"maintenance_work_mem","value":"150"},{"name":"max_parallel_workers","value":"0"},{"name":"max_parallel_workers_per_gather","value":"0"}],"backup_schedule":{"frequency":24,"retention":7,"disabled":false},"is_ha_cluster":false,"read_replicas":[],"node_type":"db-dev-s","volume":{"type":"lssd","size":5000000000},"init_settings":[],"endpoints":[{"ip":"51.159.8.55","port":7707,"name":null,"id":"e3f12aa9-9834-4c0e-a723-f2ef8ea33587","load_balancer":{}}],"logs_policy":{"max_age_retention":30,"total_disk_retention":null},"backup_same_region":false,"maintenances":[],"created_at":"2021-12-01T15:34:22.337769Z","region":"fr-par"}'
    headers:
      Content-Length:
      - "1174"
      Content-Security-Policy:
      - default-src 'none'; frame-ancestors 'none'
      Content-Type:
      - application/json
      Date:
      - Wed, 01 Dec 2021 15:38:43 GMT
      Server:
      - Scaleway API-Gateway
      Strict-Transport-Security:
      - max-age=63072000
      X-Content-Type-Options:
      - nosniff
      X-Frame-Options:
      - DENY
      X-Request-Id:
      - e648ff22-4ad9-4562-8a7d-a8203993fc13
    status: 200 OK
    code: 200
    duration: ""
- request:
    body: ""
    form: {}
    headers:
      User-Agent:
      - scaleway-sdk-go/v1.0.0-beta.7+dev (go1.17.2; darwin; amd64) terraform-provider/develop
        terraform/terraform-tests
    url: https://api.scaleway.com/rdb/v1/regions/fr-par/instances/a648135a-6f7a-43c6-90b5-a9d1746a4394
    method: DELETE
  response:
    body: '{"id":"a648135a-6f7a-43c6-90b5-a9d1746a4394","name":"TestAccScalewayRdbUser_Basic","organization_id":"105bdce1-64c0-48ab-899d-868455867ecf","project_id":"105bdce1-64c0-48ab-899d-868455867ecf","status":"deleting","engine":"PostgreSQL-12","endpoint":{"ip":"51.159.8.55","port":7707,"name":null,"id":"e3f12aa9-9834-4c0e-a723-f2ef8ea33587","load_balancer":{}},"tags":["terraform-test","scaleway_rdb_user","minimal"],"settings":[{"name":"work_mem","value":"4"},{"name":"max_connections","value":"100"},{"name":"effective_cache_size","value":"1300"},{"name":"maintenance_work_mem","value":"150"},{"name":"max_parallel_workers","value":"0"},{"name":"max_parallel_workers_per_gather","value":"0"}],"backup_schedule":{"frequency":24,"retention":7,"disabled":false},"is_ha_cluster":false,"read_replicas":[],"node_type":"db-dev-s","volume":{"type":"lssd","size":5000000000},"init_settings":[],"endpoints":[{"ip":"51.159.8.55","port":7707,"name":null,"id":"e3f12aa9-9834-4c0e-a723-f2ef8ea33587","load_balancer":{}}],"logs_policy":{"max_age_retention":30,"total_disk_retention":null},"backup_same_region":false,"maintenances":[],"created_at":"2021-12-01T15:34:22.337769Z","region":"fr-par"}'
    headers:
      Content-Length:
      - "1177"
      Content-Security-Policy:
      - default-src 'none'; frame-ancestors 'none'
      Content-Type:
      - application/json
      Date:
      - Wed, 01 Dec 2021 15:38:44 GMT
      Server:
      - Scaleway API-Gateway
      Strict-Transport-Security:
      - max-age=63072000
      X-Content-Type-Options:
      - nosniff
      X-Frame-Options:
      - DENY
      X-Request-Id:
      - 02377265-5a6e-4ee6-ac49-49263f182472
    status: 200 OK
    code: 200
    duration: ""
- request:
    body: ""
    form: {}
    headers:
      User-Agent:
      - scaleway-sdk-go/v1.0.0-beta.7+dev (go1.17.2; darwin; amd64) terraform-provider/develop
        terraform/terraform-tests
    url: https://api.scaleway.com/rdb/v1/regions/fr-par/instances/a648135a-6f7a-43c6-90b5-a9d1746a4394
    method: GET
  response:
    body: '{"id":"a648135a-6f7a-43c6-90b5-a9d1746a4394","name":"TestAccScalewayRdbUser_Basic","organization_id":"105bdce1-64c0-48ab-899d-868455867ecf","project_id":"105bdce1-64c0-48ab-899d-868455867ecf","status":"deleting","engine":"PostgreSQL-12","endpoint":{"ip":"51.159.8.55","port":7707,"name":null,"id":"e3f12aa9-9834-4c0e-a723-f2ef8ea33587","load_balancer":{}},"tags":["terraform-test","scaleway_rdb_user","minimal"],"settings":[{"name":"work_mem","value":"4"},{"name":"max_connections","value":"100"},{"name":"effective_cache_size","value":"1300"},{"name":"maintenance_work_mem","value":"150"},{"name":"max_parallel_workers","value":"0"},{"name":"max_parallel_workers_per_gather","value":"0"}],"backup_schedule":{"frequency":24,"retention":7,"disabled":false},"is_ha_cluster":false,"read_replicas":[],"node_type":"db-dev-s","volume":{"type":"lssd","size":5000000000},"init_settings":[],"endpoints":[{"ip":"51.159.8.55","port":7707,"name":null,"id":"e3f12aa9-9834-4c0e-a723-f2ef8ea33587","load_balancer":{}}],"logs_policy":{"max_age_retention":30,"total_disk_retention":null},"backup_same_region":false,"maintenances":[],"created_at":"2021-12-01T15:34:22.337769Z","region":"fr-par"}'
    headers:
      Content-Length:
      - "1177"
      Content-Security-Policy:
      - default-src 'none'; frame-ancestors 'none'
      Content-Type:
      - application/json
      Date:
      - Wed, 01 Dec 2021 15:38:44 GMT
      Server:
      - Scaleway API-Gateway
      Strict-Transport-Security:
      - max-age=63072000
      X-Content-Type-Options:
      - nosniff
      X-Frame-Options:
      - DENY
      X-Request-Id:
      - 413370ba-22dc-4db8-8fc2-1134d6eabdc0
    status: 200 OK
    code: 200
    duration: ""
- request:
    body: ""
    form: {}
    headers:
      User-Agent:
      - scaleway-sdk-go/v1.0.0-beta.7+dev (go1.17.2; darwin; amd64) terraform-provider/develop
        terraform/terraform-tests
    url: https://api.scaleway.com/rdb/v1/regions/fr-par/instances/a648135a-6f7a-43c6-90b5-a9d1746a4394
    method: GET
  response:
    body: '{"message":"resource is not found","resource":"instance","resource_id":"a648135a-6f7a-43c6-90b5-a9d1746a4394","type":"not_found"}'
    headers:
      Content-Length:
      - "129"
      Content-Security-Policy:
      - default-src 'none'; frame-ancestors 'none'
      Content-Type:
      - application/json
      Date:
      - Wed, 01 Dec 2021 15:39:14 GMT
      Server:
      - Scaleway API-Gateway
      Strict-Transport-Security:
      - max-age=63072000
      X-Content-Type-Options:
      - nosniff
      X-Frame-Options:
      - DENY
      X-Request-Id:
      - 6f15f000-2f23-40ab-8793-28e97a11e5f4
    status: 404 Not Found
    code: 404
    duration: ""
- request:
    body: ""
    form: {}
    headers:
      User-Agent:
      - scaleway-sdk-go/v1.0.0-beta.7+dev (go1.17.2; darwin; amd64) terraform-provider/develop
        terraform/terraform-tests
    url: https://api.scaleway.com/rdb/v1/regions/fr-par/instances/a648135a-6f7a-43c6-90b5-a9d1746a4394
    method: GET
  response:
    body: '{"message":"resource is not found","resource":"instance","resource_id":"a648135a-6f7a-43c6-90b5-a9d1746a4394","type":"not_found"}'
    headers:
      Content-Length:
      - "129"
      Content-Security-Policy:
      - default-src 'none'; frame-ancestors 'none'
      Content-Type:
      - application/json
      Date:
      - Wed, 01 Dec 2021 15:39:14 GMT
      Server:
      - Scaleway API-Gateway
      Strict-Transport-Security:
      - max-age=63072000
      X-Content-Type-Options:
      - nosniff
      X-Frame-Options:
      - DENY
      X-Request-Id:
      - 34b33b9d-aaa1-4bdf-91d5-93daa6066172
    status: 404 Not Found
    code: 404
    duration: ""
