---
version: 1
interactions:
- request:
    body: '{"project_id":"105bdce1-64c0-48ab-899d-868455867ecf","name":"test_redis_settings","version":"6.2.6","tags":null,"node_type":"RED1-XS","user_name":"my_initial_user","password":"thiZ_is_v\u0026ry_s3cret","cluster_size":null,"acl_rules":null,"endpoints":null,"tls_enabled":false,"cluster_settings":[{"value":"5000","name":"maxclients"},{"value":"150","name":"tcp-keepalive"}]}'
    form: {}
    headers:
      Content-Type:
      - application/json
      User-Agent:
      - scaleway-sdk-go/v1.0.0-beta.7+dev (go1.19.1; darwin; amd64) terraform-provider/develop
        terraform/terraform-tests
    url: https://api.scaleway.com/redis/v1/zones/fr-par-1/clusters
    method: POST
  response:
    body: '{"id":"8d24746e-71a7-4f48-a04f-bc651cf904d9","name":"test_redis_settings","project_id":"105bdce1-64c0-48ab-899d-868455867ecf","status":"provisioning","version":"6.2.6","endpoints":[{"port":6379,"public_network":{},"ips":[],"id":"a1216cc7-84c7-4f6d-ac7d-87331c3b4e83"}],"tags":[],"node_type":"RED1-XS","created_at":"2022-10-04T15:07:53.385789Z","updated_at":null,"tls_enabled":false,"cluster_settings":[{"value":"5000","name":"maxclients"},{"value":"150","name":"tcp-keepalive"}],"acl_rules":[],"cluster_size":1,"zone":"fr-par-1"}'
    headers:
      Content-Length:
      - "529"
      Content-Security-Policy:
      - default-src 'none'; frame-ancestors 'none'
      Content-Type:
      - application/json
      Date:
      - Tue, 04 Oct 2022 15:07:53 GMT
      Server:
      - Scaleway API-Gateway
      Strict-Transport-Security:
      - max-age=63072000
      X-Content-Type-Options:
      - nosniff
      X-Frame-Options:
      - DENY
      X-Request-Id:
      - 5c17cf69-46dd-41b4-a327-3088d94b5d22
    status: 200 OK
    code: 200
    duration: ""
- request:
    body: ""
    form: {}
    headers:
      User-Agent:
      - scaleway-sdk-go/v1.0.0-beta.7+dev (go1.19.1; darwin; amd64) terraform-provider/develop
        terraform/terraform-tests
    url: https://api.scaleway.com/redis/v1/zones/fr-par-1/clusters/8d24746e-71a7-4f48-a04f-bc651cf904d9
    method: GET
  response:
    body: '{"id":"8d24746e-71a7-4f48-a04f-bc651cf904d9","name":"test_redis_settings","project_id":"105bdce1-64c0-48ab-899d-868455867ecf","status":"provisioning","version":"6.2.6","endpoints":[{"port":6379,"public_network":{},"ips":[],"id":"a1216cc7-84c7-4f6d-ac7d-87331c3b4e83"}],"tags":[],"node_type":"RED1-XS","created_at":"2022-10-04T15:07:53.385789Z","updated_at":null,"tls_enabled":false,"cluster_settings":[{"value":"5000","name":"maxclients"},{"value":"150","name":"tcp-keepalive"}],"acl_rules":[],"cluster_size":1,"zone":"fr-par-1"}'
    headers:
      Content-Length:
      - "529"
      Content-Security-Policy:
      - default-src 'none'; frame-ancestors 'none'
      Content-Type:
      - application/json
      Date:
      - Tue, 04 Oct 2022 15:07:53 GMT
      Server:
      - Scaleway API-Gateway
      Strict-Transport-Security:
      - max-age=63072000
      X-Content-Type-Options:
      - nosniff
      X-Frame-Options:
      - DENY
      X-Request-Id:
      - c7c4f6a9-73ec-4f9a-9d3a-51a5a0131a53
    status: 200 OK
    code: 200
    duration: ""
- request:
    body: ""
    form: {}
    headers:
      User-Agent:
      - scaleway-sdk-go/v1.0.0-beta.7+dev (go1.19.1; darwin; amd64) terraform-provider/develop
        terraform/terraform-tests
    url: https://api.scaleway.com/redis/v1/zones/fr-par-1/clusters/8d24746e-71a7-4f48-a04f-bc651cf904d9
    method: GET
  response:
    body: '{"id":"8d24746e-71a7-4f48-a04f-bc651cf904d9","name":"test_redis_settings","project_id":"105bdce1-64c0-48ab-899d-868455867ecf","status":"provisioning","version":"6.2.6","endpoints":[{"port":6379,"public_network":{},"ips":[],"id":"a1216cc7-84c7-4f6d-ac7d-87331c3b4e83"}],"tags":[],"node_type":"RED1-XS","created_at":"2022-10-04T15:07:53.385789Z","updated_at":null,"tls_enabled":false,"cluster_settings":[{"value":"5000","name":"maxclients"},{"value":"150","name":"tcp-keepalive"}],"acl_rules":[],"cluster_size":1,"zone":"fr-par-1"}'
    headers:
      Content-Length:
      - "529"
      Content-Security-Policy:
      - default-src 'none'; frame-ancestors 'none'
      Content-Type:
      - application/json
      Date:
      - Tue, 04 Oct 2022 15:07:59 GMT
      Server:
      - Scaleway API-Gateway
      Strict-Transport-Security:
      - max-age=63072000
      X-Content-Type-Options:
      - nosniff
      X-Frame-Options:
      - DENY
      X-Request-Id:
      - 50726783-e47e-4b6b-8a17-7eb295be6376
    status: 200 OK
    code: 200
    duration: ""
- request:
    body: ""
    form: {}
    headers:
      User-Agent:
      - scaleway-sdk-go/v1.0.0-beta.7+dev (go1.19.1; darwin; amd64) terraform-provider/develop
        terraform/terraform-tests
    url: https://api.scaleway.com/redis/v1/zones/fr-par-1/clusters/8d24746e-71a7-4f48-a04f-bc651cf904d9
    method: GET
  response:
    body: '{"id":"8d24746e-71a7-4f48-a04f-bc651cf904d9","name":"test_redis_settings","project_id":"105bdce1-64c0-48ab-899d-868455867ecf","status":"provisioning","version":"6.2.6","endpoints":[{"port":6379,"public_network":{},"ips":[],"id":"a1216cc7-84c7-4f6d-ac7d-87331c3b4e83"}],"tags":[],"node_type":"RED1-XS","created_at":"2022-10-04T15:07:53.385789Z","updated_at":null,"tls_enabled":false,"cluster_settings":[{"value":"5000","name":"maxclients"},{"value":"150","name":"tcp-keepalive"}],"acl_rules":[],"cluster_size":1,"zone":"fr-par-1"}'
    headers:
      Content-Length:
      - "529"
      Content-Security-Policy:
      - default-src 'none'; frame-ancestors 'none'
      Content-Type:
      - application/json
      Date:
      - Tue, 04 Oct 2022 15:08:04 GMT
      Server:
      - Scaleway API-Gateway
      Strict-Transport-Security:
      - max-age=63072000
      X-Content-Type-Options:
      - nosniff
      X-Frame-Options:
      - DENY
      X-Request-Id:
      - 34461c0c-3731-49ce-baf9-e876fa557b6f
    status: 200 OK
    code: 200
    duration: ""
- request:
    body: ""
    form: {}
    headers:
      User-Agent:
      - scaleway-sdk-go/v1.0.0-beta.7+dev (go1.19.1; darwin; amd64) terraform-provider/develop
        terraform/terraform-tests
    url: https://api.scaleway.com/redis/v1/zones/fr-par-1/clusters/8d24746e-71a7-4f48-a04f-bc651cf904d9
    method: GET
  response:
    body: '{"id":"8d24746e-71a7-4f48-a04f-bc651cf904d9","name":"test_redis_settings","project_id":"105bdce1-64c0-48ab-899d-868455867ecf","status":"provisioning","version":"6.2.6","endpoints":[{"port":6379,"public_network":{},"ips":[],"id":"a1216cc7-84c7-4f6d-ac7d-87331c3b4e83"}],"tags":[],"node_type":"RED1-XS","created_at":"2022-10-04T15:07:53.385789Z","updated_at":null,"tls_enabled":false,"cluster_settings":[{"value":"5000","name":"maxclients"},{"value":"150","name":"tcp-keepalive"}],"acl_rules":[],"cluster_size":1,"zone":"fr-par-1"}'
    headers:
      Content-Length:
      - "529"
      Content-Security-Policy:
      - default-src 'none'; frame-ancestors 'none'
      Content-Type:
      - application/json
      Date:
      - Tue, 04 Oct 2022 15:08:09 GMT
      Server:
      - Scaleway API-Gateway
      Strict-Transport-Security:
      - max-age=63072000
      X-Content-Type-Options:
      - nosniff
      X-Frame-Options:
      - DENY
      X-Request-Id:
      - 9b01cb88-df4d-4b6b-b15e-1349327466de
    status: 200 OK
    code: 200
    duration: ""
- request:
    body: ""
    form: {}
    headers:
      User-Agent:
      - scaleway-sdk-go/v1.0.0-beta.7+dev (go1.19.1; darwin; amd64) terraform-provider/develop
        terraform/terraform-tests
    url: https://api.scaleway.com/redis/v1/zones/fr-par-1/clusters/8d24746e-71a7-4f48-a04f-bc651cf904d9
    method: GET
  response:
    body: '{"id":"8d24746e-71a7-4f48-a04f-bc651cf904d9","name":"test_redis_settings","project_id":"105bdce1-64c0-48ab-899d-868455867ecf","status":"provisioning","version":"6.2.6","endpoints":[{"port":6379,"public_network":{},"ips":[],"id":"a1216cc7-84c7-4f6d-ac7d-87331c3b4e83"}],"tags":[],"node_type":"RED1-XS","created_at":"2022-10-04T15:07:53.385789Z","updated_at":null,"tls_enabled":false,"cluster_settings":[{"value":"5000","name":"maxclients"},{"value":"150","name":"tcp-keepalive"}],"acl_rules":[],"cluster_size":1,"zone":"fr-par-1"}'
    headers:
      Content-Length:
      - "529"
      Content-Security-Policy:
      - default-src 'none'; frame-ancestors 'none'
      Content-Type:
      - application/json
      Date:
      - Tue, 04 Oct 2022 15:08:14 GMT
      Server:
      - Scaleway API-Gateway
      Strict-Transport-Security:
      - max-age=63072000
      X-Content-Type-Options:
      - nosniff
      X-Frame-Options:
      - DENY
      X-Request-Id:
      - 88f36f7a-742e-4b69-bd3c-e4dba8f4758f
    status: 200 OK
    code: 200
    duration: ""
- request:
    body: ""
    form: {}
    headers:
      User-Agent:
      - scaleway-sdk-go/v1.0.0-beta.7+dev (go1.19.1; darwin; amd64) terraform-provider/develop
        terraform/terraform-tests
    url: https://api.scaleway.com/redis/v1/zones/fr-par-1/clusters/8d24746e-71a7-4f48-a04f-bc651cf904d9
    method: GET
  response:
    body: '{"id":"8d24746e-71a7-4f48-a04f-bc651cf904d9","name":"test_redis_settings","project_id":"105bdce1-64c0-48ab-899d-868455867ecf","status":"provisioning","version":"6.2.6","endpoints":[{"port":6379,"public_network":{},"ips":[],"id":"a1216cc7-84c7-4f6d-ac7d-87331c3b4e83"}],"tags":[],"node_type":"RED1-XS","created_at":"2022-10-04T15:07:53.385789Z","updated_at":null,"tls_enabled":false,"cluster_settings":[{"value":"5000","name":"maxclients"},{"value":"150","name":"tcp-keepalive"}],"acl_rules":[],"cluster_size":1,"zone":"fr-par-1"}'
    headers:
      Content-Length:
      - "529"
      Content-Security-Policy:
      - default-src 'none'; frame-ancestors 'none'
      Content-Type:
      - application/json
      Date:
      - Tue, 04 Oct 2022 15:08:20 GMT
      Server:
      - Scaleway API-Gateway
      Strict-Transport-Security:
      - max-age=63072000
      X-Content-Type-Options:
      - nosniff
      X-Frame-Options:
      - DENY
      X-Request-Id:
      - db923305-9cca-4bc1-80ec-9ba1b275b20d
    status: 200 OK
    code: 200
    duration: ""
- request:
    body: ""
    form: {}
    headers:
      User-Agent:
      - scaleway-sdk-go/v1.0.0-beta.7+dev (go1.19.1; darwin; amd64) terraform-provider/develop
        terraform/terraform-tests
    url: https://api.scaleway.com/redis/v1/zones/fr-par-1/clusters/8d24746e-71a7-4f48-a04f-bc651cf904d9
    method: GET
  response:
    body: '{"id":"8d24746e-71a7-4f48-a04f-bc651cf904d9","name":"test_redis_settings","project_id":"105bdce1-64c0-48ab-899d-868455867ecf","status":"provisioning","version":"6.2.6","endpoints":[{"port":6379,"public_network":{},"ips":[],"id":"a1216cc7-84c7-4f6d-ac7d-87331c3b4e83"}],"tags":[],"node_type":"RED1-XS","created_at":"2022-10-04T15:07:53.385789Z","updated_at":null,"tls_enabled":false,"cluster_settings":[{"value":"5000","name":"maxclients"},{"value":"150","name":"tcp-keepalive"}],"acl_rules":[],"cluster_size":1,"zone":"fr-par-1"}'
    headers:
      Content-Length:
      - "529"
      Content-Security-Policy:
      - default-src 'none'; frame-ancestors 'none'
      Content-Type:
      - application/json
      Date:
      - Tue, 04 Oct 2022 15:08:25 GMT
      Server:
      - Scaleway API-Gateway
      Strict-Transport-Security:
      - max-age=63072000
      X-Content-Type-Options:
      - nosniff
      X-Frame-Options:
      - DENY
      X-Request-Id:
      - 2ab3f851-c8d9-4fcd-a9d8-12c8c2f3481b
    status: 200 OK
    code: 200
    duration: ""
- request:
    body: ""
    form: {}
    headers:
      User-Agent:
      - scaleway-sdk-go/v1.0.0-beta.7+dev (go1.19.1; darwin; amd64) terraform-provider/develop
        terraform/terraform-tests
    url: https://api.scaleway.com/redis/v1/zones/fr-par-1/clusters/8d24746e-71a7-4f48-a04f-bc651cf904d9
    method: GET
  response:
    body: '{"id":"8d24746e-71a7-4f48-a04f-bc651cf904d9","name":"test_redis_settings","project_id":"105bdce1-64c0-48ab-899d-868455867ecf","status":"provisioning","version":"6.2.6","endpoints":[{"port":6379,"public_network":{},"ips":[],"id":"a1216cc7-84c7-4f6d-ac7d-87331c3b4e83"}],"tags":[],"node_type":"RED1-XS","created_at":"2022-10-04T15:07:53.385789Z","updated_at":null,"tls_enabled":false,"cluster_settings":[{"value":"5000","name":"maxclients"},{"value":"150","name":"tcp-keepalive"}],"acl_rules":[],"cluster_size":1,"zone":"fr-par-1"}'
    headers:
      Content-Length:
      - "529"
      Content-Security-Policy:
      - default-src 'none'; frame-ancestors 'none'
      Content-Type:
      - application/json
      Date:
      - Tue, 04 Oct 2022 15:08:30 GMT
      Server:
      - Scaleway API-Gateway
      Strict-Transport-Security:
      - max-age=63072000
      X-Content-Type-Options:
      - nosniff
      X-Frame-Options:
      - DENY
      X-Request-Id:
      - f275e95d-700a-4974-8af1-7567ee443910
    status: 200 OK
    code: 200
    duration: ""
- request:
    body: ""
    form: {}
    headers:
      User-Agent:
      - scaleway-sdk-go/v1.0.0-beta.7+dev (go1.19.1; darwin; amd64) terraform-provider/develop
        terraform/terraform-tests
    url: https://api.scaleway.com/redis/v1/zones/fr-par-1/clusters/8d24746e-71a7-4f48-a04f-bc651cf904d9
    method: GET
  response:
    body: '{"id":"8d24746e-71a7-4f48-a04f-bc651cf904d9","name":"test_redis_settings","project_id":"105bdce1-64c0-48ab-899d-868455867ecf","status":"provisioning","version":"6.2.6","endpoints":[{"port":6379,"public_network":{},"ips":[],"id":"a1216cc7-84c7-4f6d-ac7d-87331c3b4e83"}],"tags":[],"node_type":"RED1-XS","created_at":"2022-10-04T15:07:53.385789Z","updated_at":null,"tls_enabled":false,"cluster_settings":[{"value":"5000","name":"maxclients"},{"value":"150","name":"tcp-keepalive"}],"acl_rules":[],"cluster_size":1,"zone":"fr-par-1"}'
    headers:
      Content-Length:
      - "529"
      Content-Security-Policy:
      - default-src 'none'; frame-ancestors 'none'
      Content-Type:
      - application/json
      Date:
      - Tue, 04 Oct 2022 15:08:35 GMT
      Server:
      - Scaleway API-Gateway
      Strict-Transport-Security:
      - max-age=63072000
      X-Content-Type-Options:
      - nosniff
      X-Frame-Options:
      - DENY
      X-Request-Id:
      - f388f399-dcd9-4b03-8c8c-8fdf0dcd08c6
    status: 200 OK
    code: 200
    duration: ""
- request:
    body: ""
    form: {}
    headers:
      User-Agent:
      - scaleway-sdk-go/v1.0.0-beta.7+dev (go1.19.1; darwin; amd64) terraform-provider/develop
        terraform/terraform-tests
    url: https://api.scaleway.com/redis/v1/zones/fr-par-1/clusters/8d24746e-71a7-4f48-a04f-bc651cf904d9
    method: GET
  response:
    body: '{"id":"8d24746e-71a7-4f48-a04f-bc651cf904d9","name":"test_redis_settings","project_id":"105bdce1-64c0-48ab-899d-868455867ecf","status":"provisioning","version":"6.2.6","endpoints":[{"port":6379,"public_network":{},"ips":[],"id":"a1216cc7-84c7-4f6d-ac7d-87331c3b4e83"}],"tags":[],"node_type":"RED1-XS","created_at":"2022-10-04T15:07:53.385789Z","updated_at":null,"tls_enabled":false,"cluster_settings":[{"value":"5000","name":"maxclients"},{"value":"150","name":"tcp-keepalive"}],"acl_rules":[],"cluster_size":1,"zone":"fr-par-1"}'
    headers:
      Content-Length:
      - "529"
      Content-Security-Policy:
      - default-src 'none'; frame-ancestors 'none'
      Content-Type:
      - application/json
      Date:
      - Tue, 04 Oct 2022 15:08:40 GMT
      Server:
      - Scaleway API-Gateway
      Strict-Transport-Security:
      - max-age=63072000
      X-Content-Type-Options:
      - nosniff
      X-Frame-Options:
      - DENY
      X-Request-Id:
      - 4ba69849-51c0-4c7b-b12f-af7cb1647e02
    status: 200 OK
    code: 200
    duration: ""
- request:
    body: ""
    form: {}
    headers:
      User-Agent:
      - scaleway-sdk-go/v1.0.0-beta.7+dev (go1.19.1; darwin; amd64) terraform-provider/develop
        terraform/terraform-tests
    url: https://api.scaleway.com/redis/v1/zones/fr-par-1/clusters/8d24746e-71a7-4f48-a04f-bc651cf904d9
    method: GET
  response:
    body: '{"id":"8d24746e-71a7-4f48-a04f-bc651cf904d9","name":"test_redis_settings","project_id":"105bdce1-64c0-48ab-899d-868455867ecf","status":"provisioning","version":"6.2.6","endpoints":[{"port":6379,"public_network":{},"ips":[],"id":"a1216cc7-84c7-4f6d-ac7d-87331c3b4e83"}],"tags":[],"node_type":"RED1-XS","created_at":"2022-10-04T15:07:53.385789Z","updated_at":null,"tls_enabled":false,"cluster_settings":[{"value":"5000","name":"maxclients"},{"value":"150","name":"tcp-keepalive"}],"acl_rules":[],"cluster_size":1,"zone":"fr-par-1"}'
    headers:
      Content-Length:
      - "529"
      Content-Security-Policy:
      - default-src 'none'; frame-ancestors 'none'
      Content-Type:
      - application/json
      Date:
      - Tue, 04 Oct 2022 15:08:45 GMT
      Server:
      - Scaleway API-Gateway
      Strict-Transport-Security:
      - max-age=63072000
      X-Content-Type-Options:
      - nosniff
      X-Frame-Options:
      - DENY
      X-Request-Id:
      - 73b652b5-69c0-441b-ac90-04a07c0db3a9
    status: 200 OK
    code: 200
    duration: ""
- request:
    body: ""
    form: {}
    headers:
      User-Agent:
      - scaleway-sdk-go/v1.0.0-beta.7+dev (go1.19.1; darwin; amd64) terraform-provider/develop
        terraform/terraform-tests
    url: https://api.scaleway.com/redis/v1/zones/fr-par-1/clusters/8d24746e-71a7-4f48-a04f-bc651cf904d9
    method: GET
  response:
    body: '{"id":"8d24746e-71a7-4f48-a04f-bc651cf904d9","name":"test_redis_settings","project_id":"105bdce1-64c0-48ab-899d-868455867ecf","status":"provisioning","version":"6.2.6","endpoints":[{"port":6379,"public_network":{},"ips":[],"id":"a1216cc7-84c7-4f6d-ac7d-87331c3b4e83"}],"tags":[],"node_type":"RED1-XS","created_at":"2022-10-04T15:07:53.385789Z","updated_at":null,"tls_enabled":false,"cluster_settings":[{"value":"5000","name":"maxclients"},{"value":"150","name":"tcp-keepalive"}],"acl_rules":[],"cluster_size":1,"zone":"fr-par-1"}'
    headers:
      Content-Length:
      - "529"
      Content-Security-Policy:
      - default-src 'none'; frame-ancestors 'none'
      Content-Type:
      - application/json
      Date:
      - Tue, 04 Oct 2022 15:08:50 GMT
      Server:
      - Scaleway API-Gateway
      Strict-Transport-Security:
      - max-age=63072000
      X-Content-Type-Options:
      - nosniff
      X-Frame-Options:
      - DENY
      X-Request-Id:
      - c009ecef-2c3f-4111-b6b2-76a51cead8d3
    status: 200 OK
    code: 200
    duration: ""
- request:
    body: ""
    form: {}
    headers:
      User-Agent:
      - scaleway-sdk-go/v1.0.0-beta.7+dev (go1.19.1; darwin; amd64) terraform-provider/develop
        terraform/terraform-tests
    url: https://api.scaleway.com/redis/v1/zones/fr-par-1/clusters/8d24746e-71a7-4f48-a04f-bc651cf904d9
    method: GET
  response:
    body: '{"id":"8d24746e-71a7-4f48-a04f-bc651cf904d9","name":"test_redis_settings","project_id":"105bdce1-64c0-48ab-899d-868455867ecf","status":"initializing","version":"6.2.6","endpoints":[{"port":6379,"public_network":{},"ips":["51.158.100.180"],"id":"a1216cc7-84c7-4f6d-ac7d-87331c3b4e83"}],"tags":[],"node_type":"RED1-XS","created_at":"2022-10-04T15:07:53.385789Z","updated_at":"2022-10-04T15:08:51.122055Z","tls_enabled":false,"cluster_settings":[{"value":"5000","name":"maxclients"},{"value":"150","name":"tcp-keepalive"}],"acl_rules":[],"cluster_size":1,"zone":"fr-par-1"}'
    headers:
      Content-Length:
      - "570"
      Content-Security-Policy:
      - default-src 'none'; frame-ancestors 'none'
      Content-Type:
      - application/json
      Date:
      - Tue, 04 Oct 2022 15:08:56 GMT
      Server:
      - Scaleway API-Gateway
      Strict-Transport-Security:
      - max-age=63072000
      X-Content-Type-Options:
      - nosniff
      X-Frame-Options:
      - DENY
      X-Request-Id:
      - 7954b8ee-7373-4948-b701-6e8d27633968
    status: 200 OK
    code: 200
    duration: ""
- request:
    body: ""
    form: {}
    headers:
      User-Agent:
      - scaleway-sdk-go/v1.0.0-beta.7+dev (go1.19.1; darwin; amd64) terraform-provider/develop
        terraform/terraform-tests
    url: https://api.scaleway.com/redis/v1/zones/fr-par-1/clusters/8d24746e-71a7-4f48-a04f-bc651cf904d9
    method: GET
  response:
    body: '{"id":"8d24746e-71a7-4f48-a04f-bc651cf904d9","name":"test_redis_settings","project_id":"105bdce1-64c0-48ab-899d-868455867ecf","status":"initializing","version":"6.2.6","endpoints":[{"port":6379,"public_network":{},"ips":["51.158.100.180"],"id":"a1216cc7-84c7-4f6d-ac7d-87331c3b4e83"}],"tags":[],"node_type":"RED1-XS","created_at":"2022-10-04T15:07:53.385789Z","updated_at":"2022-10-04T15:08:51.122055Z","tls_enabled":false,"cluster_settings":[{"value":"5000","name":"maxclients"},{"value":"150","name":"tcp-keepalive"}],"acl_rules":[],"cluster_size":1,"zone":"fr-par-1"}'
    headers:
      Content-Length:
      - "570"
      Content-Security-Policy:
      - default-src 'none'; frame-ancestors 'none'
      Content-Type:
      - application/json
      Date:
      - Tue, 04 Oct 2022 15:09:01 GMT
      Server:
      - Scaleway API-Gateway
      Strict-Transport-Security:
      - max-age=63072000
      X-Content-Type-Options:
      - nosniff
      X-Frame-Options:
      - DENY
      X-Request-Id:
      - e526f351-b064-472b-b2ff-9ceb49ee44be
    status: 200 OK
    code: 200
    duration: ""
- request:
    body: ""
    form: {}
    headers:
      User-Agent:
      - scaleway-sdk-go/v1.0.0-beta.7+dev (go1.19.1; darwin; amd64) terraform-provider/develop
        terraform/terraform-tests
    url: https://api.scaleway.com/redis/v1/zones/fr-par-1/clusters/8d24746e-71a7-4f48-a04f-bc651cf904d9
    method: GET
  response:
    body: '{"id":"8d24746e-71a7-4f48-a04f-bc651cf904d9","name":"test_redis_settings","project_id":"105bdce1-64c0-48ab-899d-868455867ecf","status":"initializing","version":"6.2.6","endpoints":[{"port":6379,"public_network":{},"ips":["51.158.100.180"],"id":"a1216cc7-84c7-4f6d-ac7d-87331c3b4e83"}],"tags":[],"node_type":"RED1-XS","created_at":"2022-10-04T15:07:53.385789Z","updated_at":"2022-10-04T15:08:51.122055Z","tls_enabled":false,"cluster_settings":[{"value":"5000","name":"maxclients"},{"value":"150","name":"tcp-keepalive"}],"acl_rules":[],"cluster_size":1,"zone":"fr-par-1"}'
    headers:
      Content-Length:
      - "570"
      Content-Security-Policy:
      - default-src 'none'; frame-ancestors 'none'
      Content-Type:
      - application/json
      Date:
      - Tue, 04 Oct 2022 15:09:06 GMT
      Server:
      - Scaleway API-Gateway
      Strict-Transport-Security:
      - max-age=63072000
      X-Content-Type-Options:
      - nosniff
      X-Frame-Options:
      - DENY
      X-Request-Id:
      - 44172bab-e139-4f0f-95ed-0632e238f3e1
    status: 200 OK
    code: 200
    duration: ""
- request:
    body: ""
    form: {}
    headers:
      User-Agent:
      - scaleway-sdk-go/v1.0.0-beta.7+dev (go1.19.1; darwin; amd64) terraform-provider/develop
        terraform/terraform-tests
    url: https://api.scaleway.com/redis/v1/zones/fr-par-1/clusters/8d24746e-71a7-4f48-a04f-bc651cf904d9
    method: GET
  response:
    body: '{"id":"8d24746e-71a7-4f48-a04f-bc651cf904d9","name":"test_redis_settings","project_id":"105bdce1-64c0-48ab-899d-868455867ecf","status":"initializing","version":"6.2.6","endpoints":[{"port":6379,"public_network":{},"ips":["51.158.100.180"],"id":"a1216cc7-84c7-4f6d-ac7d-87331c3b4e83"}],"tags":[],"node_type":"RED1-XS","created_at":"2022-10-04T15:07:53.385789Z","updated_at":"2022-10-04T15:08:51.122055Z","tls_enabled":false,"cluster_settings":[{"value":"5000","name":"maxclients"},{"value":"150","name":"tcp-keepalive"}],"acl_rules":[],"cluster_size":1,"zone":"fr-par-1"}'
    headers:
      Content-Length:
      - "570"
      Content-Security-Policy:
      - default-src 'none'; frame-ancestors 'none'
      Content-Type:
      - application/json
      Date:
      - Tue, 04 Oct 2022 15:09:11 GMT
      Server:
      - Scaleway API-Gateway
      Strict-Transport-Security:
      - max-age=63072000
      X-Content-Type-Options:
      - nosniff
      X-Frame-Options:
      - DENY
      X-Request-Id:
      - f834dd91-bdf0-42ae-9786-204d7068db46
    status: 200 OK
    code: 200
    duration: ""
- request:
    body: ""
    form: {}
    headers:
      User-Agent:
      - scaleway-sdk-go/v1.0.0-beta.7+dev (go1.19.1; darwin; amd64) terraform-provider/develop
        terraform/terraform-tests
    url: https://api.scaleway.com/redis/v1/zones/fr-par-1/clusters/8d24746e-71a7-4f48-a04f-bc651cf904d9
    method: GET
  response:
    body: '{"id":"8d24746e-71a7-4f48-a04f-bc651cf904d9","name":"test_redis_settings","project_id":"105bdce1-64c0-48ab-899d-868455867ecf","status":"initializing","version":"6.2.6","endpoints":[{"port":6379,"public_network":{},"ips":["51.158.100.180"],"id":"a1216cc7-84c7-4f6d-ac7d-87331c3b4e83"}],"tags":[],"node_type":"RED1-XS","created_at":"2022-10-04T15:07:53.385789Z","updated_at":"2022-10-04T15:08:51.122055Z","tls_enabled":false,"cluster_settings":[{"value":"5000","name":"maxclients"},{"value":"150","name":"tcp-keepalive"}],"acl_rules":[],"cluster_size":1,"zone":"fr-par-1"}'
    headers:
      Content-Length:
      - "570"
      Content-Security-Policy:
      - default-src 'none'; frame-ancestors 'none'
      Content-Type:
      - application/json
      Date:
      - Tue, 04 Oct 2022 15:09:16 GMT
      Server:
      - Scaleway API-Gateway
      Strict-Transport-Security:
      - max-age=63072000
      X-Content-Type-Options:
      - nosniff
      X-Frame-Options:
      - DENY
      X-Request-Id:
      - d3e30e4d-87cf-45b4-9a5f-89b44d89339b
    status: 200 OK
    code: 200
    duration: ""
- request:
    body: ""
    form: {}
    headers:
      User-Agent:
      - scaleway-sdk-go/v1.0.0-beta.7+dev (go1.19.1; darwin; amd64) terraform-provider/develop
        terraform/terraform-tests
    url: https://api.scaleway.com/redis/v1/zones/fr-par-1/clusters/8d24746e-71a7-4f48-a04f-bc651cf904d9
    method: GET
  response:
    body: '{"id":"8d24746e-71a7-4f48-a04f-bc651cf904d9","name":"test_redis_settings","project_id":"105bdce1-64c0-48ab-899d-868455867ecf","status":"initializing","version":"6.2.6","endpoints":[{"port":6379,"public_network":{},"ips":["51.158.100.180"],"id":"a1216cc7-84c7-4f6d-ac7d-87331c3b4e83"}],"tags":[],"node_type":"RED1-XS","created_at":"2022-10-04T15:07:53.385789Z","updated_at":"2022-10-04T15:08:51.122055Z","tls_enabled":false,"cluster_settings":[{"value":"5000","name":"maxclients"},{"value":"150","name":"tcp-keepalive"}],"acl_rules":[],"cluster_size":1,"zone":"fr-par-1"}'
    headers:
      Content-Length:
      - "570"
      Content-Security-Policy:
      - default-src 'none'; frame-ancestors 'none'
      Content-Type:
      - application/json
      Date:
      - Tue, 04 Oct 2022 15:09:21 GMT
      Server:
      - Scaleway API-Gateway
      Strict-Transport-Security:
      - max-age=63072000
      X-Content-Type-Options:
      - nosniff
      X-Frame-Options:
      - DENY
      X-Request-Id:
      - 4bf0de5e-d915-4f8f-b71c-472fd9d7658b
    status: 200 OK
    code: 200
    duration: ""
- request:
    body: ""
    form: {}
    headers:
      User-Agent:
      - scaleway-sdk-go/v1.0.0-beta.7+dev (go1.19.1; darwin; amd64) terraform-provider/develop
        terraform/terraform-tests
    url: https://api.scaleway.com/redis/v1/zones/fr-par-1/clusters/8d24746e-71a7-4f48-a04f-bc651cf904d9
    method: GET
  response:
    body: '{"id":"8d24746e-71a7-4f48-a04f-bc651cf904d9","name":"test_redis_settings","project_id":"105bdce1-64c0-48ab-899d-868455867ecf","status":"initializing","version":"6.2.6","endpoints":[{"port":6379,"public_network":{},"ips":["51.158.100.180"],"id":"a1216cc7-84c7-4f6d-ac7d-87331c3b4e83"}],"tags":[],"node_type":"RED1-XS","created_at":"2022-10-04T15:07:53.385789Z","updated_at":"2022-10-04T15:08:51.122055Z","tls_enabled":false,"cluster_settings":[{"value":"5000","name":"maxclients"},{"value":"150","name":"tcp-keepalive"}],"acl_rules":[],"cluster_size":1,"zone":"fr-par-1"}'
    headers:
      Content-Length:
      - "570"
      Content-Security-Policy:
      - default-src 'none'; frame-ancestors 'none'
      Content-Type:
      - application/json
      Date:
      - Tue, 04 Oct 2022 15:09:26 GMT
      Server:
      - Scaleway API-Gateway
      Strict-Transport-Security:
      - max-age=63072000
      X-Content-Type-Options:
      - nosniff
      X-Frame-Options:
      - DENY
      X-Request-Id:
      - 07dd5c4c-66b2-44f9-a6ff-78d2946fd771
    status: 200 OK
    code: 200
    duration: ""
- request:
    body: ""
    form: {}
    headers:
      User-Agent:
      - scaleway-sdk-go/v1.0.0-beta.7+dev (go1.19.1; darwin; amd64) terraform-provider/develop
        terraform/terraform-tests
    url: https://api.scaleway.com/redis/v1/zones/fr-par-1/clusters/8d24746e-71a7-4f48-a04f-bc651cf904d9
    method: GET
  response:
    body: '{"id":"8d24746e-71a7-4f48-a04f-bc651cf904d9","name":"test_redis_settings","project_id":"105bdce1-64c0-48ab-899d-868455867ecf","status":"initializing","version":"6.2.6","endpoints":[{"port":6379,"public_network":{},"ips":["51.158.100.180"],"id":"a1216cc7-84c7-4f6d-ac7d-87331c3b4e83"}],"tags":[],"node_type":"RED1-XS","created_at":"2022-10-04T15:07:53.385789Z","updated_at":"2022-10-04T15:08:51.122055Z","tls_enabled":false,"cluster_settings":[{"value":"5000","name":"maxclients"},{"value":"150","name":"tcp-keepalive"}],"acl_rules":[],"cluster_size":1,"zone":"fr-par-1"}'
    headers:
      Content-Length:
      - "570"
      Content-Security-Policy:
      - default-src 'none'; frame-ancestors 'none'
      Content-Type:
      - application/json
      Date:
      - Tue, 04 Oct 2022 15:09:31 GMT
      Server:
      - Scaleway API-Gateway
      Strict-Transport-Security:
      - max-age=63072000
      X-Content-Type-Options:
      - nosniff
      X-Frame-Options:
      - DENY
      X-Request-Id:
      - 063921b9-68ae-436c-919c-65f168cbd831
    status: 200 OK
    code: 200
    duration: ""
- request:
    body: ""
    form: {}
    headers:
      User-Agent:
      - scaleway-sdk-go/v1.0.0-beta.7+dev (go1.19.1; darwin; amd64) terraform-provider/develop
        terraform/terraform-tests
    url: https://api.scaleway.com/redis/v1/zones/fr-par-1/clusters/8d24746e-71a7-4f48-a04f-bc651cf904d9
    method: GET
  response:
    body: '{"id":"8d24746e-71a7-4f48-a04f-bc651cf904d9","name":"test_redis_settings","project_id":"105bdce1-64c0-48ab-899d-868455867ecf","status":"ready","version":"6.2.6","endpoints":[{"port":6379,"public_network":{},"ips":["51.158.100.180"],"id":"a1216cc7-84c7-4f6d-ac7d-87331c3b4e83"}],"tags":[],"node_type":"RED1-XS","created_at":"2022-10-04T15:07:53.385789Z","updated_at":"2022-10-04T15:09:35.809164Z","tls_enabled":false,"cluster_settings":[{"value":"5000","name":"maxclients"},{"value":"150","name":"tcp-keepalive"}],"acl_rules":[],"cluster_size":1,"zone":"fr-par-1"}'
    headers:
      Content-Length:
      - "563"
      Content-Security-Policy:
      - default-src 'none'; frame-ancestors 'none'
      Content-Type:
      - application/json
      Date:
      - Tue, 04 Oct 2022 15:09:37 GMT
      Server:
      - Scaleway API-Gateway
      Strict-Transport-Security:
      - max-age=63072000
      X-Content-Type-Options:
      - nosniff
      X-Frame-Options:
      - DENY
      X-Request-Id:
      - d8a427ff-50e3-496d-a990-a0cd1b8d3c9e
    status: 200 OK
    code: 200
    duration: ""
- request:
    body: ""
    form: {}
    headers:
      User-Agent:
      - scaleway-sdk-go/v1.0.0-beta.7+dev (go1.19.1; darwin; amd64) terraform-provider/develop
        terraform/terraform-tests
    url: https://api.scaleway.com/redis/v1/zones/fr-par-1/clusters/8d24746e-71a7-4f48-a04f-bc651cf904d9
    method: GET
  response:
    body: '{"id":"8d24746e-71a7-4f48-a04f-bc651cf904d9","name":"test_redis_settings","project_id":"105bdce1-64c0-48ab-899d-868455867ecf","status":"ready","version":"6.2.6","endpoints":[{"port":6379,"public_network":{},"ips":["51.158.100.180"],"id":"a1216cc7-84c7-4f6d-ac7d-87331c3b4e83"}],"tags":[],"node_type":"RED1-XS","created_at":"2022-10-04T15:07:53.385789Z","updated_at":"2022-10-04T15:09:35.809164Z","tls_enabled":false,"cluster_settings":[{"value":"5000","name":"maxclients"},{"value":"150","name":"tcp-keepalive"}],"acl_rules":[],"cluster_size":1,"zone":"fr-par-1"}'
    headers:
      Content-Length:
      - "563"
      Content-Security-Policy:
      - default-src 'none'; frame-ancestors 'none'
      Content-Type:
      - application/json
      Date:
      - Tue, 04 Oct 2022 15:09:37 GMT
      Server:
      - Scaleway API-Gateway
      Strict-Transport-Security:
      - max-age=63072000
      X-Content-Type-Options:
      - nosniff
      X-Frame-Options:
      - DENY
      X-Request-Id:
      - 5620b2d7-89b9-433a-9410-382da2cee110
    status: 200 OK
    code: 200
    duration: ""
- request:
    body: ""
    form: {}
    headers:
      User-Agent:
      - scaleway-sdk-go/v1.0.0-beta.7+dev (go1.19.1; darwin; amd64) terraform-provider/develop
        terraform/terraform-tests
    url: https://api.scaleway.com/redis/v1/zones/fr-par-1/clusters/8d24746e-71a7-4f48-a04f-bc651cf904d9
    method: GET
  response:
    body: '{"id":"8d24746e-71a7-4f48-a04f-bc651cf904d9","name":"test_redis_settings","project_id":"105bdce1-64c0-48ab-899d-868455867ecf","status":"ready","version":"6.2.6","endpoints":[{"port":6379,"public_network":{},"ips":["51.158.100.180"],"id":"a1216cc7-84c7-4f6d-ac7d-87331c3b4e83"}],"tags":[],"node_type":"RED1-XS","created_at":"2022-10-04T15:07:53.385789Z","updated_at":"2022-10-04T15:09:35.809164Z","tls_enabled":false,"cluster_settings":[{"value":"5000","name":"maxclients"},{"value":"150","name":"tcp-keepalive"}],"acl_rules":[],"cluster_size":1,"zone":"fr-par-1"}'
    headers:
      Content-Length:
      - "563"
      Content-Security-Policy:
      - default-src 'none'; frame-ancestors 'none'
      Content-Type:
      - application/json
      Date:
      - Tue, 04 Oct 2022 15:09:37 GMT
      Server:
      - Scaleway API-Gateway
      Strict-Transport-Security:
      - max-age=63072000
      X-Content-Type-Options:
      - nosniff
      X-Frame-Options:
      - DENY
      X-Request-Id:
      - 37639217-76fb-4041-98ee-20e00cc756fa
    status: 200 OK
    code: 200
    duration: ""
- request:
    body: ""
    form: {}
    headers:
      User-Agent:
      - scaleway-sdk-go/v1.0.0-beta.7+dev (go1.19.1; darwin; amd64) terraform-provider/develop
        terraform/terraform-tests
    url: https://api.scaleway.com/redis/v1/zones/fr-par-1/clusters/8d24746e-71a7-4f48-a04f-bc651cf904d9
    method: GET
  response:
    body: '{"id":"8d24746e-71a7-4f48-a04f-bc651cf904d9","name":"test_redis_settings","project_id":"105bdce1-64c0-48ab-899d-868455867ecf","status":"ready","version":"6.2.6","endpoints":[{"port":6379,"public_network":{},"ips":["51.158.100.180"],"id":"a1216cc7-84c7-4f6d-ac7d-87331c3b4e83"}],"tags":[],"node_type":"RED1-XS","created_at":"2022-10-04T15:07:53.385789Z","updated_at":"2022-10-04T15:09:35.809164Z","tls_enabled":false,"cluster_settings":[{"value":"5000","name":"maxclients"},{"value":"150","name":"tcp-keepalive"}],"acl_rules":[],"cluster_size":1,"zone":"fr-par-1"}'
    headers:
      Content-Length:
      - "563"
      Content-Security-Policy:
      - default-src 'none'; frame-ancestors 'none'
      Content-Type:
      - application/json
      Date:
      - Tue, 04 Oct 2022 15:09:37 GMT
      Server:
      - Scaleway API-Gateway
      Strict-Transport-Security:
      - max-age=63072000
      X-Content-Type-Options:
      - nosniff
      X-Frame-Options:
      - DENY
      X-Request-Id:
      - 34175c51-3988-40d2-a3d8-8f6d6f989185
    status: 200 OK
    code: 200
    duration: ""
- request:
    body: ""
    form: {}
    headers:
      User-Agent:
      - scaleway-sdk-go/v1.0.0-beta.7+dev (go1.19.1; darwin; amd64) terraform-provider/develop
        terraform/terraform-tests
    url: https://api.scaleway.com/redis/v1/zones/fr-par-1/clusters/8d24746e-71a7-4f48-a04f-bc651cf904d9
    method: GET
  response:
    body: '{"id":"8d24746e-71a7-4f48-a04f-bc651cf904d9","name":"test_redis_settings","project_id":"105bdce1-64c0-48ab-899d-868455867ecf","status":"ready","version":"6.2.6","endpoints":[{"port":6379,"public_network":{},"ips":["51.158.100.180"],"id":"a1216cc7-84c7-4f6d-ac7d-87331c3b4e83"}],"tags":[],"node_type":"RED1-XS","created_at":"2022-10-04T15:07:53.385789Z","updated_at":"2022-10-04T15:09:35.809164Z","tls_enabled":false,"cluster_settings":[{"value":"5000","name":"maxclients"},{"value":"150","name":"tcp-keepalive"}],"acl_rules":[],"cluster_size":1,"zone":"fr-par-1"}'
    headers:
      Content-Length:
      - "563"
      Content-Security-Policy:
      - default-src 'none'; frame-ancestors 'none'
      Content-Type:
      - application/json
      Date:
      - Tue, 04 Oct 2022 15:09:38 GMT
      Server:
      - Scaleway API-Gateway
      Strict-Transport-Security:
      - max-age=63072000
      X-Content-Type-Options:
      - nosniff
      X-Frame-Options:
      - DENY
      X-Request-Id:
      - 07d6d847-7d43-405b-bc57-c1780d6d5594
    status: 200 OK
    code: 200
    duration: ""
- request:
    body: '{"settings":[{"value":"2000","name":"maxclients"}]}'
    form: {}
    headers:
      Content-Type:
      - application/json
      User-Agent:
      - scaleway-sdk-go/v1.0.0-beta.7+dev (go1.19.1; darwin; amd64) terraform-provider/develop
        terraform/terraform-tests
    url: https://api.scaleway.com/redis/v1/zones/fr-par-1/clusters/8d24746e-71a7-4f48-a04f-bc651cf904d9/settings
    method: PUT
  response:
    body: '{"settings":[{"value":"2000","name":"maxclients"}]}'
    headers:
      Content-Length:
      - "51"
      Content-Security-Policy:
      - default-src 'none'; frame-ancestors 'none'
      Content-Type:
      - application/json
      Date:
      - Tue, 04 Oct 2022 15:09:39 GMT
      Server:
      - Scaleway API-Gateway
      Strict-Transport-Security:
      - max-age=63072000
      X-Content-Type-Options:
      - nosniff
      X-Frame-Options:
      - DENY
      X-Request-Id:
      - c8839870-9c45-45a2-b24d-8530fa779baa
    status: 200 OK
    code: 200
    duration: ""
- request:
    body: ""
    form: {}
    headers:
      User-Agent:
      - scaleway-sdk-go/v1.0.0-beta.7+dev (go1.19.1; darwin; amd64) terraform-provider/develop
        terraform/terraform-tests
    url: https://api.scaleway.com/redis/v1/zones/fr-par-1/clusters/8d24746e-71a7-4f48-a04f-bc651cf904d9
    method: GET
  response:
    body: '{"id":"8d24746e-71a7-4f48-a04f-bc651cf904d9","name":"test_redis_settings","project_id":"105bdce1-64c0-48ab-899d-868455867ecf","status":"provisioning","version":"6.2.6","endpoints":[{"port":6379,"public_network":{},"ips":["51.158.100.180"],"id":"a1216cc7-84c7-4f6d-ac7d-87331c3b4e83"}],"tags":[],"node_type":"RED1-XS","created_at":"2022-10-04T15:07:53.385789Z","updated_at":"2022-10-04T15:09:38.831085Z","tls_enabled":false,"cluster_settings":[{"value":"2000","name":"maxclients"}],"acl_rules":[],"cluster_size":1,"zone":"fr-par-1"}'
    headers:
      Content-Length:
      - "531"
      Content-Security-Policy:
      - default-src 'none'; frame-ancestors 'none'
      Content-Type:
      - application/json
      Date:
      - Tue, 04 Oct 2022 15:09:39 GMT
      Server:
      - Scaleway API-Gateway
      Strict-Transport-Security:
      - max-age=63072000
      X-Content-Type-Options:
      - nosniff
      X-Frame-Options:
      - DENY
      X-Request-Id:
      - 2bb5e7ee-4577-4e7b-ab98-4193e427f334
    status: 200 OK
    code: 200
    duration: ""
- request:
    body: ""
    form: {}
    headers:
      User-Agent:
      - scaleway-sdk-go/v1.0.0-beta.7+dev (go1.19.1; darwin; amd64) terraform-provider/develop
        terraform/terraform-tests
    url: https://api.scaleway.com/redis/v1/zones/fr-par-1/clusters/8d24746e-71a7-4f48-a04f-bc651cf904d9
    method: GET
  response:
    body: '{"id":"8d24746e-71a7-4f48-a04f-bc651cf904d9","name":"test_redis_settings","project_id":"105bdce1-64c0-48ab-899d-868455867ecf","status":"provisioning","version":"6.2.6","endpoints":[{"port":6379,"public_network":{},"ips":["51.158.100.180"],"id":"a1216cc7-84c7-4f6d-ac7d-87331c3b4e83"}],"tags":[],"node_type":"RED1-XS","created_at":"2022-10-04T15:07:53.385789Z","updated_at":"2022-10-04T15:09:38.831085Z","tls_enabled":false,"cluster_settings":[{"value":"2000","name":"maxclients"}],"acl_rules":[],"cluster_size":1,"zone":"fr-par-1"}'
    headers:
      Content-Length:
      - "531"
      Content-Security-Policy:
      - default-src 'none'; frame-ancestors 'none'
      Content-Type:
      - application/json
      Date:
      - Tue, 04 Oct 2022 15:09:44 GMT
      Server:
      - Scaleway API-Gateway
      Strict-Transport-Security:
      - max-age=63072000
      X-Content-Type-Options:
      - nosniff
      X-Frame-Options:
      - DENY
      X-Request-Id:
      - 7d95b0f4-a50b-4b8e-9518-8b767534a5b6
    status: 200 OK
    code: 200
    duration: ""
- request:
    body: ""
    form: {}
    headers:
      User-Agent:
      - scaleway-sdk-go/v1.0.0-beta.7+dev (go1.19.1; darwin; amd64) terraform-provider/develop
        terraform/terraform-tests
    url: https://api.scaleway.com/redis/v1/zones/fr-par-1/clusters/8d24746e-71a7-4f48-a04f-bc651cf904d9
    method: GET
  response:
    body: '{"id":"8d24746e-71a7-4f48-a04f-bc651cf904d9","name":"test_redis_settings","project_id":"105bdce1-64c0-48ab-899d-868455867ecf","status":"provisioning","version":"6.2.6","endpoints":[{"port":6379,"public_network":{},"ips":["51.158.100.180"],"id":"a1216cc7-84c7-4f6d-ac7d-87331c3b4e83"}],"tags":[],"node_type":"RED1-XS","created_at":"2022-10-04T15:07:53.385789Z","updated_at":"2022-10-04T15:09:38.831085Z","tls_enabled":false,"cluster_settings":[{"value":"2000","name":"maxclients"}],"acl_rules":[],"cluster_size":1,"zone":"fr-par-1"}'
    headers:
      Content-Length:
      - "531"
      Content-Security-Policy:
      - default-src 'none'; frame-ancestors 'none'
      Content-Type:
      - application/json
      Date:
      - Tue, 04 Oct 2022 15:09:49 GMT
      Server:
      - Scaleway API-Gateway
      Strict-Transport-Security:
      - max-age=63072000
      X-Content-Type-Options:
      - nosniff
      X-Frame-Options:
      - DENY
      X-Request-Id:
      - 3744e4dc-810d-427e-aa0c-762365d1c91b
    status: 200 OK
    code: 200
    duration: ""
- request:
    body: ""
    form: {}
    headers:
      User-Agent:
      - scaleway-sdk-go/v1.0.0-beta.7+dev (go1.19.1; darwin; amd64) terraform-provider/develop
        terraform/terraform-tests
    url: https://api.scaleway.com/redis/v1/zones/fr-par-1/clusters/8d24746e-71a7-4f48-a04f-bc651cf904d9
    method: GET
  response:
    body: '{"id":"8d24746e-71a7-4f48-a04f-bc651cf904d9","name":"test_redis_settings","project_id":"105bdce1-64c0-48ab-899d-868455867ecf","status":"provisioning","version":"6.2.6","endpoints":[{"port":6379,"public_network":{},"ips":["51.158.100.180"],"id":"a1216cc7-84c7-4f6d-ac7d-87331c3b4e83"}],"tags":[],"node_type":"RED1-XS","created_at":"2022-10-04T15:07:53.385789Z","updated_at":"2022-10-04T15:09:38.831085Z","tls_enabled":false,"cluster_settings":[{"value":"2000","name":"maxclients"}],"acl_rules":[],"cluster_size":1,"zone":"fr-par-1"}'
    headers:
      Content-Length:
      - "531"
      Content-Security-Policy:
      - default-src 'none'; frame-ancestors 'none'
      Content-Type:
      - application/json
      Date:
      - Tue, 04 Oct 2022 15:09:54 GMT
      Server:
      - Scaleway API-Gateway
      Strict-Transport-Security:
      - max-age=63072000
      X-Content-Type-Options:
      - nosniff
      X-Frame-Options:
      - DENY
      X-Request-Id:
      - 93402193-b3a8-4c8b-9d57-8bdef3552d19
    status: 200 OK
    code: 200
    duration: ""
- request:
    body: ""
    form: {}
    headers:
      User-Agent:
      - scaleway-sdk-go/v1.0.0-beta.7+dev (go1.19.1; darwin; amd64) terraform-provider/develop
        terraform/terraform-tests
    url: https://api.scaleway.com/redis/v1/zones/fr-par-1/clusters/8d24746e-71a7-4f48-a04f-bc651cf904d9
    method: GET
  response:
    body: '{"id":"8d24746e-71a7-4f48-a04f-bc651cf904d9","name":"test_redis_settings","project_id":"105bdce1-64c0-48ab-899d-868455867ecf","status":"initializing","version":"6.2.6","endpoints":[{"port":6379,"public_network":{},"ips":["51.158.100.180"],"id":"a1216cc7-84c7-4f6d-ac7d-87331c3b4e83"}],"tags":[],"node_type":"RED1-XS","created_at":"2022-10-04T15:07:53.385789Z","updated_at":"2022-10-04T15:09:57.013522Z","tls_enabled":false,"cluster_settings":[{"value":"2000","name":"maxclients"}],"acl_rules":[],"cluster_size":1,"zone":"fr-par-1"}'
    headers:
      Content-Length:
      - "531"
      Content-Security-Policy:
      - default-src 'none'; frame-ancestors 'none'
      Content-Type:
      - application/json
      Date:
      - Tue, 04 Oct 2022 15:10:00 GMT
      Server:
      - Scaleway API-Gateway
      Strict-Transport-Security:
      - max-age=63072000
      X-Content-Type-Options:
      - nosniff
      X-Frame-Options:
      - DENY
      X-Request-Id:
      - 3cc4c25f-b543-4518-8c69-820199097fd1
    status: 200 OK
    code: 200
    duration: ""
- request:
    body: ""
    form: {}
    headers:
      User-Agent:
      - scaleway-sdk-go/v1.0.0-beta.7+dev (go1.19.1; darwin; amd64) terraform-provider/develop
        terraform/terraform-tests
    url: https://api.scaleway.com/redis/v1/zones/fr-par-1/clusters/8d24746e-71a7-4f48-a04f-bc651cf904d9
    method: GET
  response:
    body: '{"id":"8d24746e-71a7-4f48-a04f-bc651cf904d9","name":"test_redis_settings","project_id":"105bdce1-64c0-48ab-899d-868455867ecf","status":"initializing","version":"6.2.6","endpoints":[{"port":6379,"public_network":{},"ips":["51.158.100.180"],"id":"a1216cc7-84c7-4f6d-ac7d-87331c3b4e83"}],"tags":[],"node_type":"RED1-XS","created_at":"2022-10-04T15:07:53.385789Z","updated_at":"2022-10-04T15:09:57.013522Z","tls_enabled":false,"cluster_settings":[{"value":"2000","name":"maxclients"}],"acl_rules":[],"cluster_size":1,"zone":"fr-par-1"}'
    headers:
      Content-Length:
      - "531"
      Content-Security-Policy:
      - default-src 'none'; frame-ancestors 'none'
      Content-Type:
      - application/json
      Date:
      - Tue, 04 Oct 2022 15:10:05 GMT
      Server:
      - Scaleway API-Gateway
      Strict-Transport-Security:
      - max-age=63072000
      X-Content-Type-Options:
      - nosniff
      X-Frame-Options:
      - DENY
      X-Request-Id:
      - c457d81d-f5e9-4872-8e3b-14ea09aa3300
    status: 200 OK
    code: 200
    duration: ""
- request:
    body: ""
    form: {}
    headers:
      User-Agent:
      - scaleway-sdk-go/v1.0.0-beta.7+dev (go1.19.1; darwin; amd64) terraform-provider/develop
        terraform/terraform-tests
    url: https://api.scaleway.com/redis/v1/zones/fr-par-1/clusters/8d24746e-71a7-4f48-a04f-bc651cf904d9
    method: GET
  response:
    body: '{"id":"8d24746e-71a7-4f48-a04f-bc651cf904d9","name":"test_redis_settings","project_id":"105bdce1-64c0-48ab-899d-868455867ecf","status":"initializing","version":"6.2.6","endpoints":[{"port":6379,"public_network":{},"ips":["51.158.100.180"],"id":"a1216cc7-84c7-4f6d-ac7d-87331c3b4e83"}],"tags":[],"node_type":"RED1-XS","created_at":"2022-10-04T15:07:53.385789Z","updated_at":"2022-10-04T15:09:57.013522Z","tls_enabled":false,"cluster_settings":[{"value":"2000","name":"maxclients"}],"acl_rules":[],"cluster_size":1,"zone":"fr-par-1"}'
    headers:
      Content-Length:
      - "531"
      Content-Security-Policy:
      - default-src 'none'; frame-ancestors 'none'
      Content-Type:
      - application/json
      Date:
      - Tue, 04 Oct 2022 15:10:10 GMT
      Server:
      - Scaleway API-Gateway
      Strict-Transport-Security:
      - max-age=63072000
      X-Content-Type-Options:
      - nosniff
      X-Frame-Options:
      - DENY
      X-Request-Id:
      - 6dce7a26-a5ec-4649-aee3-311fd5769d5c
    status: 200 OK
    code: 200
    duration: ""
- request:
    body: ""
    form: {}
    headers:
      User-Agent:
      - scaleway-sdk-go/v1.0.0-beta.7+dev (go1.19.1; darwin; amd64) terraform-provider/develop
        terraform/terraform-tests
    url: https://api.scaleway.com/redis/v1/zones/fr-par-1/clusters/8d24746e-71a7-4f48-a04f-bc651cf904d9
    method: GET
  response:
    body: '{"id":"8d24746e-71a7-4f48-a04f-bc651cf904d9","name":"test_redis_settings","project_id":"105bdce1-64c0-48ab-899d-868455867ecf","status":"initializing","version":"6.2.6","endpoints":[{"port":6379,"public_network":{},"ips":["51.158.100.180"],"id":"a1216cc7-84c7-4f6d-ac7d-87331c3b4e83"}],"tags":[],"node_type":"RED1-XS","created_at":"2022-10-04T15:07:53.385789Z","updated_at":"2022-10-04T15:09:57.013522Z","tls_enabled":false,"cluster_settings":[{"value":"2000","name":"maxclients"}],"acl_rules":[],"cluster_size":1,"zone":"fr-par-1"}'
    headers:
      Content-Length:
      - "531"
      Content-Security-Policy:
      - default-src 'none'; frame-ancestors 'none'
      Content-Type:
      - application/json
      Date:
      - Tue, 04 Oct 2022 15:10:15 GMT
      Server:
      - Scaleway API-Gateway
      Strict-Transport-Security:
      - max-age=63072000
      X-Content-Type-Options:
      - nosniff
      X-Frame-Options:
      - DENY
      X-Request-Id:
      - e05f1b62-283d-4c8b-b615-97889e8f7f0d
    status: 200 OK
    code: 200
    duration: ""
- request:
    body: ""
    form: {}
    headers:
      User-Agent:
      - scaleway-sdk-go/v1.0.0-beta.7+dev (go1.19.1; darwin; amd64) terraform-provider/develop
        terraform/terraform-tests
    url: https://api.scaleway.com/redis/v1/zones/fr-par-1/clusters/8d24746e-71a7-4f48-a04f-bc651cf904d9
    method: GET
  response:
    body: '{"id":"8d24746e-71a7-4f48-a04f-bc651cf904d9","name":"test_redis_settings","project_id":"105bdce1-64c0-48ab-899d-868455867ecf","status":"initializing","version":"6.2.6","endpoints":[{"port":6379,"public_network":{},"ips":["51.158.100.180"],"id":"a1216cc7-84c7-4f6d-ac7d-87331c3b4e83"}],"tags":[],"node_type":"RED1-XS","created_at":"2022-10-04T15:07:53.385789Z","updated_at":"2022-10-04T15:09:57.013522Z","tls_enabled":false,"cluster_settings":[{"value":"2000","name":"maxclients"}],"acl_rules":[],"cluster_size":1,"zone":"fr-par-1"}'
    headers:
      Content-Length:
      - "531"
      Content-Security-Policy:
      - default-src 'none'; frame-ancestors 'none'
      Content-Type:
      - application/json
      Date:
      - Tue, 04 Oct 2022 15:10:20 GMT
      Server:
      - Scaleway API-Gateway
      Strict-Transport-Security:
      - max-age=63072000
      X-Content-Type-Options:
      - nosniff
      X-Frame-Options:
      - DENY
      X-Request-Id:
      - 3b1c68b0-220c-4af3-9af2-aa28f5358ad6
    status: 200 OK
    code: 200
    duration: ""
- request:
    body: ""
    form: {}
    headers:
      User-Agent:
      - scaleway-sdk-go/v1.0.0-beta.7+dev (go1.19.1; darwin; amd64) terraform-provider/develop
        terraform/terraform-tests
    url: https://api.scaleway.com/redis/v1/zones/fr-par-1/clusters/8d24746e-71a7-4f48-a04f-bc651cf904d9
    method: GET
  response:
    body: '{"id":"8d24746e-71a7-4f48-a04f-bc651cf904d9","name":"test_redis_settings","project_id":"105bdce1-64c0-48ab-899d-868455867ecf","status":"initializing","version":"6.2.6","endpoints":[{"port":6379,"public_network":{},"ips":["51.158.100.180"],"id":"a1216cc7-84c7-4f6d-ac7d-87331c3b4e83"}],"tags":[],"node_type":"RED1-XS","created_at":"2022-10-04T15:07:53.385789Z","updated_at":"2022-10-04T15:09:57.013522Z","tls_enabled":false,"cluster_settings":[{"value":"2000","name":"maxclients"}],"acl_rules":[],"cluster_size":1,"zone":"fr-par-1"}'
    headers:
      Content-Length:
      - "531"
      Content-Security-Policy:
      - default-src 'none'; frame-ancestors 'none'
      Content-Type:
      - application/json
      Date:
      - Tue, 04 Oct 2022 15:10:25 GMT
      Server:
      - Scaleway API-Gateway
      Strict-Transport-Security:
      - max-age=63072000
      X-Content-Type-Options:
      - nosniff
      X-Frame-Options:
      - DENY
      X-Request-Id:
      - f8320360-75c1-4cde-828d-93d3188869e7
    status: 200 OK
    code: 200
    duration: ""
- request:
    body: ""
    form: {}
    headers:
      User-Agent:
      - scaleway-sdk-go/v1.0.0-beta.7+dev (go1.19.1; darwin; amd64) terraform-provider/develop
        terraform/terraform-tests
    url: https://api.scaleway.com/redis/v1/zones/fr-par-1/clusters/8d24746e-71a7-4f48-a04f-bc651cf904d9
    method: GET
  response:
    body: '{"id":"8d24746e-71a7-4f48-a04f-bc651cf904d9","name":"test_redis_settings","project_id":"105bdce1-64c0-48ab-899d-868455867ecf","status":"ready","version":"6.2.6","endpoints":[{"port":6379,"public_network":{},"ips":["51.158.100.180"],"id":"a1216cc7-84c7-4f6d-ac7d-87331c3b4e83"}],"tags":[],"node_type":"RED1-XS","created_at":"2022-10-04T15:07:53.385789Z","updated_at":"2022-10-04T15:10:26.490686Z","tls_enabled":false,"cluster_settings":[{"value":"2000","name":"maxclients"}],"acl_rules":[],"cluster_size":1,"zone":"fr-par-1"}'
    headers:
      Content-Length:
      - "524"
      Content-Security-Policy:
      - default-src 'none'; frame-ancestors 'none'
      Content-Type:
      - application/json
      Date:
      - Tue, 04 Oct 2022 15:10:30 GMT
      Server:
      - Scaleway API-Gateway
      Strict-Transport-Security:
      - max-age=63072000
      X-Content-Type-Options:
      - nosniff
      X-Frame-Options:
      - DENY
      X-Request-Id:
      - b60394b1-6413-4767-96e7-8e3943cced0e
    status: 200 OK
    code: 200
    duration: ""
- request:
    body: '{"name":null,"tags":null,"user_name":null,"password":null}'
    form: {}
    headers:
      Content-Type:
      - application/json
      User-Agent:
      - scaleway-sdk-go/v1.0.0-beta.7+dev (go1.19.1; darwin; amd64) terraform-provider/develop
        terraform/terraform-tests
    url: https://api.scaleway.com/redis/v1/zones/fr-par-1/clusters/8d24746e-71a7-4f48-a04f-bc651cf904d9
    method: PATCH
  response:
    body: '{"id":"8d24746e-71a7-4f48-a04f-bc651cf904d9","name":"test_redis_settings","project_id":"105bdce1-64c0-48ab-899d-868455867ecf","status":"ready","version":"6.2.6","endpoints":[{"port":6379,"public_network":{},"ips":["51.158.100.180"],"id":"a1216cc7-84c7-4f6d-ac7d-87331c3b4e83"}],"tags":[],"node_type":"RED1-XS","created_at":"2022-10-04T15:07:53.385789Z","updated_at":"2022-10-04T15:10:31.125649Z","tls_enabled":false,"cluster_settings":[{"value":"2000","name":"maxclients"}],"acl_rules":[],"cluster_size":1,"zone":"fr-par-1"}'
    headers:
      Content-Length:
      - "524"
      Content-Security-Policy:
      - default-src 'none'; frame-ancestors 'none'
      Content-Type:
      - application/json
      Date:
      - Tue, 04 Oct 2022 15:10:31 GMT
      Server:
      - Scaleway API-Gateway
      Strict-Transport-Security:
      - max-age=63072000
      X-Content-Type-Options:
      - nosniff
      X-Frame-Options:
      - DENY
      X-Request-Id:
      - 525a448a-c512-4d56-908c-c9c99beceb80
    status: 200 OK
    code: 200
    duration: ""
- request:
    body: ""
    form: {}
    headers:
      User-Agent:
      - scaleway-sdk-go/v1.0.0-beta.7+dev (go1.19.1; darwin; amd64) terraform-provider/develop
        terraform/terraform-tests
    url: https://api.scaleway.com/redis/v1/zones/fr-par-1/clusters/8d24746e-71a7-4f48-a04f-bc651cf904d9
    method: GET
  response:
    body: '{"id":"8d24746e-71a7-4f48-a04f-bc651cf904d9","name":"test_redis_settings","project_id":"105bdce1-64c0-48ab-899d-868455867ecf","status":"ready","version":"6.2.6","endpoints":[{"port":6379,"public_network":{},"ips":["51.158.100.180"],"id":"a1216cc7-84c7-4f6d-ac7d-87331c3b4e83"}],"tags":[],"node_type":"RED1-XS","created_at":"2022-10-04T15:07:53.385789Z","updated_at":"2022-10-04T15:10:31.125649Z","tls_enabled":false,"cluster_settings":[{"value":"2000","name":"maxclients"}],"acl_rules":[],"cluster_size":1,"zone":"fr-par-1"}'
    headers:
      Content-Length:
      - "524"
      Content-Security-Policy:
      - default-src 'none'; frame-ancestors 'none'
      Content-Type:
      - application/json
      Date:
      - Tue, 04 Oct 2022 15:10:31 GMT
      Server:
      - Scaleway API-Gateway
      Strict-Transport-Security:
      - max-age=63072000
      X-Content-Type-Options:
      - nosniff
      X-Frame-Options:
      - DENY
      X-Request-Id:
      - 9774ddbe-b446-4ca3-aaeb-f376127e9826
    status: 200 OK
    code: 200
    duration: ""
- request:
    body: ""
    form: {}
    headers:
      User-Agent:
      - scaleway-sdk-go/v1.0.0-beta.7+dev (go1.19.1; darwin; amd64) terraform-provider/develop
        terraform/terraform-tests
    url: https://api.scaleway.com/redis/v1/zones/fr-par-1/clusters/8d24746e-71a7-4f48-a04f-bc651cf904d9
    method: GET
  response:
    body: '{"id":"8d24746e-71a7-4f48-a04f-bc651cf904d9","name":"test_redis_settings","project_id":"105bdce1-64c0-48ab-899d-868455867ecf","status":"ready","version":"6.2.6","endpoints":[{"port":6379,"public_network":{},"ips":["51.158.100.180"],"id":"a1216cc7-84c7-4f6d-ac7d-87331c3b4e83"}],"tags":[],"node_type":"RED1-XS","created_at":"2022-10-04T15:07:53.385789Z","updated_at":"2022-10-04T15:10:31.125649Z","tls_enabled":false,"cluster_settings":[{"value":"2000","name":"maxclients"}],"acl_rules":[],"cluster_size":1,"zone":"fr-par-1"}'
    headers:
      Content-Length:
      - "524"
      Content-Security-Policy:
      - default-src 'none'; frame-ancestors 'none'
      Content-Type:
      - application/json
      Date:
      - Tue, 04 Oct 2022 15:10:31 GMT
      Server:
      - Scaleway API-Gateway
      Strict-Transport-Security:
      - max-age=63072000
      X-Content-Type-Options:
      - nosniff
      X-Frame-Options:
      - DENY
      X-Request-Id:
      - db63414b-1a41-413d-a29d-1bda9a457036
    status: 200 OK
    code: 200
    duration: ""
- request:
    body: ""
    form: {}
    headers:
      User-Agent:
      - scaleway-sdk-go/v1.0.0-beta.7+dev (go1.19.1; darwin; amd64) terraform-provider/develop
        terraform/terraform-tests
    url: https://api.scaleway.com/redis/v1/zones/fr-par-1/clusters/8d24746e-71a7-4f48-a04f-bc651cf904d9
    method: GET
  response:
    body: '{"id":"8d24746e-71a7-4f48-a04f-bc651cf904d9","name":"test_redis_settings","project_id":"105bdce1-64c0-48ab-899d-868455867ecf","status":"ready","version":"6.2.6","endpoints":[{"port":6379,"public_network":{},"ips":["51.158.100.180"],"id":"a1216cc7-84c7-4f6d-ac7d-87331c3b4e83"}],"tags":[],"node_type":"RED1-XS","created_at":"2022-10-04T15:07:53.385789Z","updated_at":"2022-10-04T15:10:31.125649Z","tls_enabled":false,"cluster_settings":[{"value":"2000","name":"maxclients"}],"acl_rules":[],"cluster_size":1,"zone":"fr-par-1"}'
    headers:
      Content-Length:
      - "524"
      Content-Security-Policy:
      - default-src 'none'; frame-ancestors 'none'
      Content-Type:
      - application/json
      Date:
      - Tue, 04 Oct 2022 15:10:31 GMT
      Server:
      - Scaleway API-Gateway
      Strict-Transport-Security:
      - max-age=63072000
      X-Content-Type-Options:
      - nosniff
      X-Frame-Options:
      - DENY
      X-Request-Id:
      - adcd3bad-ef32-4b03-baf1-c01dbb2a0158
    status: 200 OK
    code: 200
    duration: ""
- request:
    body: ""
    form: {}
    headers:
      User-Agent:
      - scaleway-sdk-go/v1.0.0-beta.7+dev (go1.19.1; darwin; amd64) terraform-provider/develop
        terraform/terraform-tests
    url: https://api.scaleway.com/redis/v1/zones/fr-par-1/clusters/8d24746e-71a7-4f48-a04f-bc651cf904d9
    method: GET
  response:
    body: '{"id":"8d24746e-71a7-4f48-a04f-bc651cf904d9","name":"test_redis_settings","project_id":"105bdce1-64c0-48ab-899d-868455867ecf","status":"ready","version":"6.2.6","endpoints":[{"port":6379,"public_network":{},"ips":["51.158.100.180"],"id":"a1216cc7-84c7-4f6d-ac7d-87331c3b4e83"}],"tags":[],"node_type":"RED1-XS","created_at":"2022-10-04T15:07:53.385789Z","updated_at":"2022-10-04T15:10:31.125649Z","tls_enabled":false,"cluster_settings":[{"value":"2000","name":"maxclients"}],"acl_rules":[],"cluster_size":1,"zone":"fr-par-1"}'
    headers:
      Content-Length:
      - "524"
      Content-Security-Policy:
      - default-src 'none'; frame-ancestors 'none'
      Content-Type:
      - application/json
      Date:
      - Tue, 04 Oct 2022 15:10:31 GMT
      Server:
      - Scaleway API-Gateway
      Strict-Transport-Security:
      - max-age=63072000
      X-Content-Type-Options:
      - nosniff
      X-Frame-Options:
      - DENY
      X-Request-Id:
      - 79372396-0f1a-4e3e-8150-c925db48e85f
    status: 200 OK
    code: 200
    duration: ""
- request:
    body: ""
    form: {}
    headers:
      User-Agent:
      - scaleway-sdk-go/v1.0.0-beta.7+dev (go1.19.1; darwin; amd64) terraform-provider/develop
        terraform/terraform-tests
    url: https://api.scaleway.com/redis/v1/zones/fr-par-1/clusters/8d24746e-71a7-4f48-a04f-bc651cf904d9
    method: GET
  response:
    body: '{"id":"8d24746e-71a7-4f48-a04f-bc651cf904d9","name":"test_redis_settings","project_id":"105bdce1-64c0-48ab-899d-868455867ecf","status":"ready","version":"6.2.6","endpoints":[{"port":6379,"public_network":{},"ips":["51.158.100.180"],"id":"a1216cc7-84c7-4f6d-ac7d-87331c3b4e83"}],"tags":[],"node_type":"RED1-XS","created_at":"2022-10-04T15:07:53.385789Z","updated_at":"2022-10-04T15:10:31.125649Z","tls_enabled":false,"cluster_settings":[{"value":"2000","name":"maxclients"}],"acl_rules":[],"cluster_size":1,"zone":"fr-par-1"}'
    headers:
      Content-Length:
      - "524"
      Content-Security-Policy:
      - default-src 'none'; frame-ancestors 'none'
      Content-Type:
      - application/json
      Date:
      - Tue, 04 Oct 2022 15:10:32 GMT
      Server:
      - Scaleway API-Gateway
      Strict-Transport-Security:
      - max-age=63072000
      X-Content-Type-Options:
      - nosniff
      X-Frame-Options:
      - DENY
      X-Request-Id:
      - 4ab2b85f-c455-4b7d-8f01-09672c2d8bbd
    status: 200 OK
    code: 200
    duration: ""
- request:
    body: ""
    form: {}
    headers:
      User-Agent:
      - scaleway-sdk-go/v1.0.0-beta.7+dev (go1.19.1; darwin; amd64) terraform-provider/develop
        terraform/terraform-tests
    url: https://api.scaleway.com/redis/v1/zones/fr-par-1/clusters/8d24746e-71a7-4f48-a04f-bc651cf904d9
    method: DELETE
  response:
    body: '{"id":"8d24746e-71a7-4f48-a04f-bc651cf904d9","name":"test_redis_settings","project_id":"105bdce1-64c0-48ab-899d-868455867ecf","status":"deleting","version":"6.2.6","endpoints":[{"port":6379,"public_network":{},"ips":["51.158.100.180"],"id":"a1216cc7-84c7-4f6d-ac7d-87331c3b4e83"}],"tags":[],"node_type":"RED1-XS","created_at":"2022-10-04T15:07:53.385789Z","updated_at":"2022-10-04T15:10:32.490665Z","tls_enabled":false,"cluster_settings":[{"value":"2000","name":"maxclients"}],"acl_rules":[],"cluster_size":1,"zone":"fr-par-1"}'
    headers:
      Content-Length:
      - "527"
      Content-Security-Policy:
      - default-src 'none'; frame-ancestors 'none'
      Content-Type:
      - application/json
      Date:
      - Tue, 04 Oct 2022 15:10:33 GMT
      Server:
      - Scaleway API-Gateway
      Strict-Transport-Security:
      - max-age=63072000
      X-Content-Type-Options:
      - nosniff
      X-Frame-Options:
      - DENY
      X-Request-Id:
      - 2a9ad23b-965c-4306-b7e4-fe435f539934
    status: 200 OK
    code: 200
    duration: ""
- request:
    body: ""
    form: {}
    headers:
      User-Agent:
      - scaleway-sdk-go/v1.0.0-beta.7+dev (go1.19.1; darwin; amd64) terraform-provider/develop
        terraform/terraform-tests
    url: https://api.scaleway.com/redis/v1/zones/fr-par-1/clusters/8d24746e-71a7-4f48-a04f-bc651cf904d9
    method: GET
  response:
    body: '{"id":"8d24746e-71a7-4f48-a04f-bc651cf904d9","name":"test_redis_settings","project_id":"105bdce1-64c0-48ab-899d-868455867ecf","status":"deleting","version":"6.2.6","endpoints":[{"port":6379,"public_network":{},"ips":["51.158.100.180"],"id":"a1216cc7-84c7-4f6d-ac7d-87331c3b4e83"}],"tags":[],"node_type":"RED1-XS","created_at":"2022-10-04T15:07:53.385789Z","updated_at":"2022-10-04T15:10:32.490665Z","tls_enabled":false,"cluster_settings":[{"value":"2000","name":"maxclients"}],"acl_rules":[],"cluster_size":1,"zone":"fr-par-1"}'
    headers:
      Content-Length:
      - "527"
      Content-Security-Policy:
      - default-src 'none'; frame-ancestors 'none'
      Content-Type:
      - application/json
      Date:
      - Tue, 04 Oct 2022 15:10:33 GMT
      Server:
      - Scaleway API-Gateway
      Strict-Transport-Security:
      - max-age=63072000
      X-Content-Type-Options:
      - nosniff
      X-Frame-Options:
      - DENY
      X-Request-Id:
      - 27dd3485-3320-44ea-a963-36b00aa63146
    status: 200 OK
    code: 200
    duration: ""
- request:
    body: ""
    form: {}
    headers:
      User-Agent:
      - scaleway-sdk-go/v1.0.0-beta.7+dev (go1.19.1; darwin; amd64) terraform-provider/develop
        terraform/terraform-tests
    url: https://api.scaleway.com/redis/v1/zones/fr-par-1/clusters/8d24746e-71a7-4f48-a04f-bc651cf904d9
    method: GET
  response:
    body: '{"id":"8d24746e-71a7-4f48-a04f-bc651cf904d9","name":"test_redis_settings","project_id":"105bdce1-64c0-48ab-899d-868455867ecf","status":"deleting","version":"6.2.6","endpoints":[{"port":6379,"public_network":{},"ips":["51.158.100.180"],"id":"a1216cc7-84c7-4f6d-ac7d-87331c3b4e83"}],"tags":[],"node_type":"RED1-XS","created_at":"2022-10-04T15:07:53.385789Z","updated_at":"2022-10-04T15:10:32.490665Z","tls_enabled":false,"cluster_settings":[{"value":"2000","name":"maxclients"}],"acl_rules":[],"cluster_size":1,"zone":"fr-par-1"}'
    headers:
      Content-Length:
      - "527"
      Content-Security-Policy:
      - default-src 'none'; frame-ancestors 'none'
      Content-Type:
      - application/json
      Date:
      - Tue, 04 Oct 2022 15:10:38 GMT
      Server:
      - Scaleway API-Gateway
      Strict-Transport-Security:
      - max-age=63072000
      X-Content-Type-Options:
      - nosniff
      X-Frame-Options:
      - DENY
      X-Request-Id:
      - d9416b7a-d7ed-4d6c-aaea-e929996ef99a
    status: 200 OK
    code: 200
    duration: ""
- request:
    body: ""
    form: {}
    headers:
      User-Agent:
      - scaleway-sdk-go/v1.0.0-beta.7+dev (go1.19.1; darwin; amd64) terraform-provider/develop
        terraform/terraform-tests
    url: https://api.scaleway.com/redis/v1/zones/fr-par-1/clusters/8d24746e-71a7-4f48-a04f-bc651cf904d9
    method: GET
  response:
    body: '{"id":"8d24746e-71a7-4f48-a04f-bc651cf904d9","name":"test_redis_settings","project_id":"105bdce1-64c0-48ab-899d-868455867ecf","status":"deleting","version":"6.2.6","endpoints":[{"port":6379,"public_network":{},"ips":["51.158.100.180"],"id":"a1216cc7-84c7-4f6d-ac7d-87331c3b4e83"}],"tags":[],"node_type":"RED1-XS","created_at":"2022-10-04T15:07:53.385789Z","updated_at":"2022-10-04T15:10:32.490665Z","tls_enabled":false,"cluster_settings":[{"value":"2000","name":"maxclients"}],"acl_rules":[],"cluster_size":1,"zone":"fr-par-1"}'
    headers:
      Content-Length:
      - "527"
      Content-Security-Policy:
      - default-src 'none'; frame-ancestors 'none'
      Content-Type:
      - application/json
      Date:
      - Tue, 04 Oct 2022 15:10:43 GMT
      Server:
      - Scaleway API-Gateway
      Strict-Transport-Security:
      - max-age=63072000
      X-Content-Type-Options:
      - nosniff
      X-Frame-Options:
      - DENY
      X-Request-Id:
      - a42cb663-e01e-41a3-ae38-a36ec2054bd0
    status: 200 OK
    code: 200
    duration: ""
- request:
    body: ""
    form: {}
    headers:
      User-Agent:
      - scaleway-sdk-go/v1.0.0-beta.7+dev (go1.19.1; darwin; amd64) terraform-provider/develop
        terraform/terraform-tests
    url: https://api.scaleway.com/redis/v1/zones/fr-par-1/clusters/8d24746e-71a7-4f48-a04f-bc651cf904d9
    method: GET
  response:
    body: '{"id":"8d24746e-71a7-4f48-a04f-bc651cf904d9","name":"test_redis_settings","project_id":"105bdce1-64c0-48ab-899d-868455867ecf","status":"deleting","version":"6.2.6","endpoints":[{"port":6379,"public_network":{},"ips":["51.158.100.180"],"id":"a1216cc7-84c7-4f6d-ac7d-87331c3b4e83"}],"tags":[],"node_type":"RED1-XS","created_at":"2022-10-04T15:07:53.385789Z","updated_at":"2022-10-04T15:10:32.490665Z","tls_enabled":false,"cluster_settings":[{"value":"2000","name":"maxclients"}],"acl_rules":[],"cluster_size":1,"zone":"fr-par-1"}'
    headers:
      Content-Length:
      - "527"
      Content-Security-Policy:
      - default-src 'none'; frame-ancestors 'none'
      Content-Type:
      - application/json
      Date:
      - Tue, 04 Oct 2022 15:10:48 GMT
      Server:
      - Scaleway API-Gateway
      Strict-Transport-Security:
      - max-age=63072000
      X-Content-Type-Options:
      - nosniff
      X-Frame-Options:
      - DENY
      X-Request-Id:
      - 6fa0dc96-2793-49a9-9456-8f3399da1741
    status: 200 OK
    code: 200
    duration: ""
- request:
    body: ""
    form: {}
    headers:
      User-Agent:
      - scaleway-sdk-go/v1.0.0-beta.7+dev (go1.19.1; darwin; amd64) terraform-provider/develop
        terraform/terraform-tests
    url: https://api.scaleway.com/redis/v1/zones/fr-par-1/clusters/8d24746e-71a7-4f48-a04f-bc651cf904d9
    method: GET
  response:
    body: '{"id":"8d24746e-71a7-4f48-a04f-bc651cf904d9","name":"test_redis_settings","project_id":"105bdce1-64c0-48ab-899d-868455867ecf","status":"deleting","version":"6.2.6","endpoints":[{"port":6379,"public_network":{},"ips":["51.158.100.180"],"id":"a1216cc7-84c7-4f6d-ac7d-87331c3b4e83"}],"tags":[],"node_type":"RED1-XS","created_at":"2022-10-04T15:07:53.385789Z","updated_at":"2022-10-04T15:10:32.490665Z","tls_enabled":false,"cluster_settings":[{"value":"2000","name":"maxclients"}],"acl_rules":[],"cluster_size":1,"zone":"fr-par-1"}'
    headers:
      Content-Length:
      - "527"
      Content-Security-Policy:
      - default-src 'none'; frame-ancestors 'none'
      Content-Type:
      - application/json
      Date:
      - Tue, 04 Oct 2022 15:10:53 GMT
      Server:
      - Scaleway API-Gateway
      Strict-Transport-Security:
      - max-age=63072000
      X-Content-Type-Options:
      - nosniff
      X-Frame-Options:
      - DENY
      X-Request-Id:
      - e96f39e8-1210-4f2b-b507-49373a7c18a0
    status: 200 OK
    code: 200
    duration: ""
- request:
    body: ""
    form: {}
    headers:
      User-Agent:
      - scaleway-sdk-go/v1.0.0-beta.7+dev (go1.19.1; darwin; amd64) terraform-provider/develop
        terraform/terraform-tests
    url: https://api.scaleway.com/redis/v1/zones/fr-par-1/clusters/8d24746e-71a7-4f48-a04f-bc651cf904d9
    method: GET
  response:
    body: '{"id":"8d24746e-71a7-4f48-a04f-bc651cf904d9","name":"test_redis_settings","project_id":"105bdce1-64c0-48ab-899d-868455867ecf","status":"deleting","version":"6.2.6","endpoints":[{"port":6379,"public_network":{},"ips":["51.158.100.180"],"id":"a1216cc7-84c7-4f6d-ac7d-87331c3b4e83"}],"tags":[],"node_type":"RED1-XS","created_at":"2022-10-04T15:07:53.385789Z","updated_at":"2022-10-04T15:10:32.490665Z","tls_enabled":false,"cluster_settings":[{"value":"2000","name":"maxclients"}],"acl_rules":[],"cluster_size":1,"zone":"fr-par-1"}'
    headers:
      Content-Length:
      - "527"
      Content-Security-Policy:
      - default-src 'none'; frame-ancestors 'none'
      Content-Type:
      - application/json
      Date:
      - Tue, 04 Oct 2022 15:10:58 GMT
      Server:
      - Scaleway API-Gateway
      Strict-Transport-Security:
      - max-age=63072000
      X-Content-Type-Options:
      - nosniff
      X-Frame-Options:
      - DENY
      X-Request-Id:
      - 38d303e8-3990-4e71-a152-a75ed47be109
    status: 200 OK
    code: 200
    duration: ""
- request:
    body: ""
    form: {}
    headers:
      User-Agent:
      - scaleway-sdk-go/v1.0.0-beta.7+dev (go1.19.1; darwin; amd64) terraform-provider/develop
        terraform/terraform-tests
    url: https://api.scaleway.com/redis/v1/zones/fr-par-1/clusters/8d24746e-71a7-4f48-a04f-bc651cf904d9
    method: GET
  response:
    body: '{"message":"resource is not found","resource":"cluster","resource_id":"8d24746e-71a7-4f48-a04f-bc651cf904d9","type":"not_found"}'
    headers:
      Content-Length:
      - "128"
      Content-Security-Policy:
      - default-src 'none'; frame-ancestors 'none'
      Content-Type:
      - application/json
      Date:
      - Tue, 04 Oct 2022 15:11:03 GMT
      Server:
      - Scaleway API-Gateway
      Strict-Transport-Security:
      - max-age=63072000
      X-Content-Type-Options:
      - nosniff
      X-Frame-Options:
      - DENY
      X-Request-Id:
      - a8575abc-3b04-4290-b362-45f20f79d171
    status: 404 Not Found
    code: 404
    duration: ""
- request:
    body: ""
    form: {}
    headers:
      User-Agent:
      - scaleway-sdk-go/v1.0.0-beta.7+dev (go1.19.1; darwin; amd64) terraform-provider/develop
        terraform/terraform-tests
    url: https://api.scaleway.com/redis/v1/zones/fr-par-1/clusters/8d24746e-71a7-4f48-a04f-bc651cf904d9
    method: GET
  response:
    body: '{"message":"resource is not found","resource":"cluster","resource_id":"8d24746e-71a7-4f48-a04f-bc651cf904d9","type":"not_found"}'
    headers:
      Content-Length:
      - "128"
      Content-Security-Policy:
      - default-src 'none'; frame-ancestors 'none'
      Content-Type:
      - application/json
      Date:
      - Tue, 04 Oct 2022 15:11:03 GMT
      Server:
      - Scaleway API-Gateway
      Strict-Transport-Security:
      - max-age=63072000
      X-Content-Type-Options:
      - nosniff
      X-Frame-Options:
      - DENY
      X-Request-Id:
      - 34f06c91-5f6f-4f49-94fd-cafbd7b8ee45
    status: 404 Not Found
    code: 404
    duration: ""
