---
version: 1
interactions:
- request:
    body: '{"project_id":"fa1e3217-dc80-42ac-85c3-3f034b78b552","name":"test_redis_basic","version":"6.2.6","tags":["test1"],"node_type":"MDB-BETA-M","user_name":"my_initial_user","password":"thiZ_is_v\u0026ry_s3cret","cluster_size":1,"acl_rules":null,"endpoints":null,"tls_enabled":true,"cluster_settings":null}'
    form: {}
    headers:
      Content-Type:
      - application/json
      User-Agent:
      - scaleway-sdk-go/v1.0.0-beta.7+dev (go1.18.1; linux; amd64) terraform-provider/develop
        terraform/terraform-tests
    url: https://api.scaleway.com/redis/v1alpha1/zones/fr-par-2/clusters
    method: POST
  response:
    body: '{"id":"c888d2a8-022d-4160-9dce-f11d4f40c471","name":"test_redis_basic","project_id":"fa1e3217-dc80-42ac-85c3-3f034b78b552","status":"provisioning","version":"6.2.6","endpoints":[{"port":6379,"public_network":{},"ips":[],"id":"7bceb909-8646-4959-b488-6d6eba909c05"}],"tags":["test1"],"node_type":"MDB-BETA-M","created_at":"2022-04-12T14:46:50.459015Z","updated_at":null,"tls_enabled":true,"cluster_settings":[],"acl_rules":[],"cluster_size":1,"zone":"fr-par-2"}'
    headers:
      Content-Length:
      - "460"
      Content-Security-Policy:
      - default-src 'none'; frame-ancestors 'none'
      Content-Type:
      - application/json
      Date:
      - Wed, 27 Apr 2022 13:53:49 GMT
      Server:
      - Scaleway API-Gateway
      Strict-Transport-Security:
      - max-age=63072000
      X-Content-Type-Options:
      - nosniff
      X-Frame-Options:
      - DENY
      X-Request-Id:
      - 11202987-d17b-4d54-b979-191027ab26cd
    status: 200 OK
    code: 200
    duration: ""
- request:
    body: ""
    form: {}
    headers:
      User-Agent:
      - scaleway-sdk-go/v1.0.0-beta.7+dev (go1.18.1; linux; amd64) terraform-provider/develop
        terraform/terraform-tests
    url: https://api.scaleway.com/redis/v1alpha1/zones/fr-par-2/clusters/c888d2a8-022d-4160-9dce-f11d4f40c471
    method: GET
  response:
    body: '{"id":"c888d2a8-022d-4160-9dce-f11d4f40c471","name":"test_redis_basic","project_id":"fa1e3217-dc80-42ac-85c3-3f034b78b552","status":"provisioning","version":"6.2.6","endpoints":[{"port":6379,"public_network":{},"ips":[],"id":"7bceb909-8646-4959-b488-6d6eba909c05"}],"tags":["test1"],"node_type":"MDB-BETA-M","created_at":"2022-04-12T14:46:50.459015Z","updated_at":null,"tls_enabled":true,"cluster_settings":[],"acl_rules":[],"cluster_size":1,"zone":"fr-par-2"}'
    headers:
      Content-Length:
      - "460"
      Content-Security-Policy:
      - default-src 'none'; frame-ancestors 'none'
      Content-Type:
      - application/json
      Date:
      - Wed, 27 Apr 2022 13:53:49 GMT
      Server:
      - Scaleway API-Gateway
      Strict-Transport-Security:
      - max-age=63072000
      X-Content-Type-Options:
      - nosniff
      X-Frame-Options:
      - DENY
      X-Request-Id:
      - 49aa82d4-ddac-4981-b335-5c94aa10205d
    status: 200 OK
    code: 200
    duration: ""
- request:
    body: ""
    form: {}
    headers:
      User-Agent:
      - scaleway-sdk-go/v1.0.0-beta.7+dev (go1.18.1; linux; amd64) terraform-provider/develop
        terraform/terraform-tests
    url: https://api.scaleway.com/redis/v1alpha1/zones/fr-par-2/clusters/c888d2a8-022d-4160-9dce-f11d4f40c471
    method: GET
  response:
    body: '{"id":"c888d2a8-022d-4160-9dce-f11d4f40c471","name":"test_redis_basic","project_id":"fa1e3217-dc80-42ac-85c3-3f034b78b552","status":"provisioning","version":"6.2.6","endpoints":[{"port":6379,"public_network":{},"ips":[],"id":"7bceb909-8646-4959-b488-6d6eba909c05"}],"tags":["test1"],"node_type":"MDB-BETA-M","created_at":"2022-04-12T14:46:50.459015Z","updated_at":null,"tls_enabled":true,"cluster_settings":[],"acl_rules":[],"cluster_size":1,"zone":"fr-par-2"}'
    headers:
      Content-Length:
      - "460"
      Content-Security-Policy:
      - default-src 'none'; frame-ancestors 'none'
      Content-Type:
      - application/json
      Date:
      - Wed, 27 Apr 2022 13:53:54 GMT
      Server:
      - Scaleway API-Gateway
      Strict-Transport-Security:
      - max-age=63072000
      X-Content-Type-Options:
      - nosniff
      X-Frame-Options:
      - DENY
      X-Request-Id:
      - a7f13922-fedf-4c03-a835-c53918e6a9b6
    status: 200 OK
    code: 200
    duration: ""
- request:
    body: ""
    form: {}
    headers:
      User-Agent:
      - scaleway-sdk-go/v1.0.0-beta.7+dev (go1.18.1; linux; amd64) terraform-provider/develop
        terraform/terraform-tests
    url: https://api.scaleway.com/redis/v1alpha1/zones/fr-par-2/clusters/c888d2a8-022d-4160-9dce-f11d4f40c471
    method: GET
  response:
    body: '{"id":"c888d2a8-022d-4160-9dce-f11d4f40c471","name":"test_redis_basic","project_id":"fa1e3217-dc80-42ac-85c3-3f034b78b552","status":"provisioning","version":"6.2.6","endpoints":[{"port":6379,"public_network":{},"ips":[],"id":"7bceb909-8646-4959-b488-6d6eba909c05"}],"tags":["test1"],"node_type":"MDB-BETA-M","created_at":"2022-04-12T14:46:50.459015Z","updated_at":null,"tls_enabled":true,"cluster_settings":[],"acl_rules":[],"cluster_size":1,"zone":"fr-par-2"}'
    headers:
      Content-Length:
      - "460"
      Content-Security-Policy:
      - default-src 'none'; frame-ancestors 'none'
      Content-Type:
      - application/json
      Date:
      - Wed, 27 Apr 2022 13:53:59 GMT
      Server:
      - Scaleway API-Gateway
      Strict-Transport-Security:
      - max-age=63072000
      X-Content-Type-Options:
      - nosniff
      X-Frame-Options:
      - DENY
      X-Request-Id:
      - 6d22e07f-1758-4ab5-82db-c2ff3a231d69
    status: 200 OK
    code: 200
    duration: ""
- request:
    body: ""
    form: {}
    headers:
      User-Agent:
      - scaleway-sdk-go/v1.0.0-beta.7+dev (go1.18.1; linux; amd64) terraform-provider/develop
        terraform/terraform-tests
    url: https://api.scaleway.com/redis/v1alpha1/zones/fr-par-2/clusters/c888d2a8-022d-4160-9dce-f11d4f40c471
    method: GET
  response:
    body: '{"id":"c888d2a8-022d-4160-9dce-f11d4f40c471","name":"test_redis_basic","project_id":"fa1e3217-dc80-42ac-85c3-3f034b78b552","status":"provisioning","version":"6.2.6","endpoints":[{"port":6379,"public_network":{},"ips":[],"id":"7bceb909-8646-4959-b488-6d6eba909c05"}],"tags":["test1"],"node_type":"MDB-BETA-M","created_at":"2022-04-12T14:46:50.459015Z","updated_at":null,"tls_enabled":true,"cluster_settings":[],"acl_rules":[],"cluster_size":1,"zone":"fr-par-2"}'
    headers:
      Content-Length:
      - "460"
      Content-Security-Policy:
      - default-src 'none'; frame-ancestors 'none'
      Content-Type:
      - application/json
      Date:
      - Wed, 27 Apr 2022 13:54:04 GMT
      Server:
      - Scaleway API-Gateway
      Strict-Transport-Security:
      - max-age=63072000
      X-Content-Type-Options:
      - nosniff
      X-Frame-Options:
      - DENY
      X-Request-Id:
      - 1ab6629d-df19-476e-992f-f882b8f7d108
    status: 200 OK
    code: 200
    duration: ""
- request:
    body: ""
    form: {}
    headers:
      User-Agent:
      - scaleway-sdk-go/v1.0.0-beta.7+dev (go1.18.1; linux; amd64) terraform-provider/develop
        terraform/terraform-tests
    url: https://api.scaleway.com/redis/v1alpha1/zones/fr-par-2/clusters/c888d2a8-022d-4160-9dce-f11d4f40c471
    method: GET
  response:
    body: '{"id":"c888d2a8-022d-4160-9dce-f11d4f40c471","name":"test_redis_basic","project_id":"fa1e3217-dc80-42ac-85c3-3f034b78b552","status":"provisioning","version":"6.2.6","endpoints":[{"port":6379,"public_network":{},"ips":[],"id":"7bceb909-8646-4959-b488-6d6eba909c05"}],"tags":["test1"],"node_type":"MDB-BETA-M","created_at":"2022-04-12T14:46:50.459015Z","updated_at":null,"tls_enabled":true,"cluster_settings":[],"acl_rules":[],"cluster_size":1,"zone":"fr-par-2"}'
    headers:
      Content-Length:
      - "460"
      Content-Security-Policy:
      - default-src 'none'; frame-ancestors 'none'
      Content-Type:
      - application/json
      Date:
      - Wed, 27 Apr 2022 13:54:09 GMT
      Server:
      - Scaleway API-Gateway
      Strict-Transport-Security:
      - max-age=63072000
      X-Content-Type-Options:
      - nosniff
      X-Frame-Options:
      - DENY
      X-Request-Id:
      - 297126ca-1fd1-4a8d-8a50-ab0e5cd352d2
    status: 200 OK
    code: 200
    duration: ""
- request:
    body: ""
    form: {}
    headers:
      User-Agent:
      - scaleway-sdk-go/v1.0.0-beta.7+dev (go1.18.1; linux; amd64) terraform-provider/develop
        terraform/terraform-tests
    url: https://api.scaleway.com/redis/v1alpha1/zones/fr-par-2/clusters/c888d2a8-022d-4160-9dce-f11d4f40c471
    method: GET
  response:
    body: '{"id":"c888d2a8-022d-4160-9dce-f11d4f40c471","name":"test_redis_basic","project_id":"fa1e3217-dc80-42ac-85c3-3f034b78b552","status":"provisioning","version":"6.2.6","endpoints":[{"port":6379,"public_network":{},"ips":[],"id":"7bceb909-8646-4959-b488-6d6eba909c05"}],"tags":["test1"],"node_type":"MDB-BETA-M","created_at":"2022-04-12T14:46:50.459015Z","updated_at":null,"tls_enabled":true,"cluster_settings":[],"acl_rules":[],"cluster_size":1,"zone":"fr-par-2"}'
    headers:
      Content-Length:
      - "460"
      Content-Security-Policy:
      - default-src 'none'; frame-ancestors 'none'
      Content-Type:
      - application/json
      Date:
      - Wed, 27 Apr 2022 13:54:15 GMT
      Server:
      - Scaleway API-Gateway
      Strict-Transport-Security:
      - max-age=63072000
      X-Content-Type-Options:
      - nosniff
      X-Frame-Options:
      - DENY
      X-Request-Id:
      - 44ec8944-220c-4cef-89ed-a98fcd9468a8
    status: 200 OK
    code: 200
    duration: ""
- request:
    body: ""
    form: {}
    headers:
      User-Agent:
      - scaleway-sdk-go/v1.0.0-beta.7+dev (go1.18.1; linux; amd64) terraform-provider/develop
        terraform/terraform-tests
    url: https://api.scaleway.com/redis/v1alpha1/zones/fr-par-2/clusters/c888d2a8-022d-4160-9dce-f11d4f40c471
    method: GET
  response:
    body: '{"id":"c888d2a8-022d-4160-9dce-f11d4f40c471","name":"test_redis_basic","project_id":"fa1e3217-dc80-42ac-85c3-3f034b78b552","status":"provisioning","version":"6.2.6","endpoints":[{"port":6379,"public_network":{},"ips":[],"id":"7bceb909-8646-4959-b488-6d6eba909c05"}],"tags":["test1"],"node_type":"MDB-BETA-M","created_at":"2022-04-12T14:46:50.459015Z","updated_at":null,"tls_enabled":true,"cluster_settings":[],"acl_rules":[],"cluster_size":1,"zone":"fr-par-2"}'
    headers:
      Content-Length:
      - "460"
      Content-Security-Policy:
      - default-src 'none'; frame-ancestors 'none'
      Content-Type:
      - application/json
      Date:
      - Wed, 27 Apr 2022 13:54:20 GMT
      Server:
      - Scaleway API-Gateway
      Strict-Transport-Security:
      - max-age=63072000
      X-Content-Type-Options:
      - nosniff
      X-Frame-Options:
      - DENY
      X-Request-Id:
      - f53e475e-dbf1-4a69-8fcf-1a0f33c3a06c
    status: 200 OK
    code: 200
    duration: ""
- request:
    body: ""
    form: {}
    headers:
      User-Agent:
      - scaleway-sdk-go/v1.0.0-beta.7+dev (go1.18.1; linux; amd64) terraform-provider/develop
        terraform/terraform-tests
    url: https://api.scaleway.com/redis/v1alpha1/zones/fr-par-2/clusters/c888d2a8-022d-4160-9dce-f11d4f40c471
    method: GET
  response:
    body: '{"id":"c888d2a8-022d-4160-9dce-f11d4f40c471","name":"test_redis_basic","project_id":"fa1e3217-dc80-42ac-85c3-3f034b78b552","status":"provisioning","version":"6.2.6","endpoints":[{"port":6379,"public_network":{},"ips":[],"id":"7bceb909-8646-4959-b488-6d6eba909c05"}],"tags":["test1"],"node_type":"MDB-BETA-M","created_at":"2022-04-12T14:46:50.459015Z","updated_at":null,"tls_enabled":true,"cluster_settings":[],"acl_rules":[],"cluster_size":1,"zone":"fr-par-2"}'
    headers:
      Content-Length:
      - "460"
      Content-Security-Policy:
      - default-src 'none'; frame-ancestors 'none'
      Content-Type:
      - application/json
      Date:
      - Wed, 27 Apr 2022 13:54:25 GMT
      Server:
      - Scaleway API-Gateway
      Strict-Transport-Security:
      - max-age=63072000
      X-Content-Type-Options:
      - nosniff
      X-Frame-Options:
      - DENY
      X-Request-Id:
      - 79e032fd-cca5-49d2-ab6d-fdfe449563a9
    status: 200 OK
    code: 200
    duration: ""
- request:
    body: ""
    form: {}
    headers:
      User-Agent:
      - scaleway-sdk-go/v1.0.0-beta.7+dev (go1.18.1; linux; amd64) terraform-provider/develop
        terraform/terraform-tests
    url: https://api.scaleway.com/redis/v1alpha1/zones/fr-par-2/clusters/c888d2a8-022d-4160-9dce-f11d4f40c471
    method: GET
  response:
    body: '{"id":"c888d2a8-022d-4160-9dce-f11d4f40c471","name":"test_redis_basic","project_id":"fa1e3217-dc80-42ac-85c3-3f034b78b552","status":"provisioning","version":"6.2.6","endpoints":[{"port":6379,"public_network":{},"ips":[],"id":"7bceb909-8646-4959-b488-6d6eba909c05"}],"tags":["test1"],"node_type":"MDB-BETA-M","created_at":"2022-04-12T14:46:50.459015Z","updated_at":null,"tls_enabled":true,"cluster_settings":[],"acl_rules":[],"cluster_size":1,"zone":"fr-par-2"}'
    headers:
      Content-Length:
      - "460"
      Content-Security-Policy:
      - default-src 'none'; frame-ancestors 'none'
      Content-Type:
      - application/json
      Date:
      - Wed, 27 Apr 2022 13:54:30 GMT
      Server:
      - Scaleway API-Gateway
      Strict-Transport-Security:
      - max-age=63072000
      X-Content-Type-Options:
      - nosniff
      X-Frame-Options:
      - DENY
      X-Request-Id:
      - 9efdf187-a134-4136-b117-1843c45848c5
    status: 200 OK
    code: 200
    duration: ""
- request:
    body: ""
    form: {}
    headers:
      User-Agent:
      - scaleway-sdk-go/v1.0.0-beta.7+dev (go1.18.1; linux; amd64) terraform-provider/develop
        terraform/terraform-tests
    url: https://api.scaleway.com/redis/v1alpha1/zones/fr-par-2/clusters/c888d2a8-022d-4160-9dce-f11d4f40c471
    method: GET
  response:
    body: '{"id":"c888d2a8-022d-4160-9dce-f11d4f40c471","name":"test_redis_basic","project_id":"fa1e3217-dc80-42ac-85c3-3f034b78b552","status":"provisioning","version":"6.2.6","endpoints":[{"port":6379,"public_network":{},"ips":[],"id":"7bceb909-8646-4959-b488-6d6eba909c05"}],"tags":["test1"],"node_type":"MDB-BETA-M","created_at":"2022-04-12T14:46:50.459015Z","updated_at":null,"tls_enabled":true,"cluster_settings":[],"acl_rules":[],"cluster_size":1,"zone":"fr-par-2"}'
    headers:
      Content-Length:
      - "460"
      Content-Security-Policy:
      - default-src 'none'; frame-ancestors 'none'
      Content-Type:
      - application/json
      Date:
      - Wed, 27 Apr 2022 13:54:35 GMT
      Server:
      - Scaleway API-Gateway
      Strict-Transport-Security:
      - max-age=63072000
      X-Content-Type-Options:
      - nosniff
      X-Frame-Options:
      - DENY
      X-Request-Id:
      - 07472c3d-97bb-4fdb-a26d-ae1c05547f8b
    status: 200 OK
    code: 200
    duration: ""
- request:
    body: ""
    form: {}
    headers:
      User-Agent:
      - scaleway-sdk-go/v1.0.0-beta.7+dev (go1.18.1; linux; amd64) terraform-provider/develop
        terraform/terraform-tests
    url: https://api.scaleway.com/redis/v1alpha1/zones/fr-par-2/clusters/c888d2a8-022d-4160-9dce-f11d4f40c471
    method: GET
  response:
    body: '{"id":"c888d2a8-022d-4160-9dce-f11d4f40c471","name":"test_redis_basic","project_id":"fa1e3217-dc80-42ac-85c3-3f034b78b552","status":"provisioning","version":"6.2.6","endpoints":[{"port":6379,"public_network":{},"ips":[],"id":"7bceb909-8646-4959-b488-6d6eba909c05"}],"tags":["test1"],"node_type":"MDB-BETA-M","created_at":"2022-04-12T14:46:50.459015Z","updated_at":null,"tls_enabled":true,"cluster_settings":[],"acl_rules":[],"cluster_size":1,"zone":"fr-par-2"}'
    headers:
      Content-Length:
      - "460"
      Content-Security-Policy:
      - default-src 'none'; frame-ancestors 'none'
      Content-Type:
      - application/json
      Date:
      - Wed, 27 Apr 2022 13:54:40 GMT
      Server:
      - Scaleway API-Gateway
      Strict-Transport-Security:
      - max-age=63072000
      X-Content-Type-Options:
      - nosniff
      X-Frame-Options:
      - DENY
      X-Request-Id:
      - 0c4c7d5b-d685-4ac8-8195-8053c719b667
    status: 200 OK
    code: 200
    duration: ""
- request:
    body: ""
    form: {}
    headers:
      User-Agent:
      - scaleway-sdk-go/v1.0.0-beta.7+dev (go1.18.1; linux; amd64) terraform-provider/develop
        terraform/terraform-tests
    url: https://api.scaleway.com/redis/v1alpha1/zones/fr-par-2/clusters/c888d2a8-022d-4160-9dce-f11d4f40c471
    method: GET
  response:
    body: '{"id":"c888d2a8-022d-4160-9dce-f11d4f40c471","name":"test_redis_basic","project_id":"fa1e3217-dc80-42ac-85c3-3f034b78b552","status":"provisioning","version":"6.2.6","endpoints":[{"port":6379,"public_network":{},"ips":[],"id":"7bceb909-8646-4959-b488-6d6eba909c05"}],"tags":["test1"],"node_type":"MDB-BETA-M","created_at":"2022-04-12T14:46:50.459015Z","updated_at":null,"tls_enabled":true,"cluster_settings":[],"acl_rules":[],"cluster_size":1,"zone":"fr-par-2"}'
    headers:
      Content-Length:
      - "460"
      Content-Security-Policy:
      - default-src 'none'; frame-ancestors 'none'
      Content-Type:
      - application/json
      Date:
      - Wed, 27 Apr 2022 13:54:45 GMT
      Server:
      - Scaleway API-Gateway
      Strict-Transport-Security:
      - max-age=63072000
      X-Content-Type-Options:
      - nosniff
      X-Frame-Options:
      - DENY
      X-Request-Id:
      - 5187342c-a47e-41ba-ba7b-1c13705b30c4
    status: 200 OK
    code: 200
    duration: ""
- request:
    body: ""
    form: {}
    headers:
      User-Agent:
      - scaleway-sdk-go/v1.0.0-beta.7+dev (go1.18.1; linux; amd64) terraform-provider/develop
        terraform/terraform-tests
    url: https://api.scaleway.com/redis/v1alpha1/zones/fr-par-2/clusters/c888d2a8-022d-4160-9dce-f11d4f40c471
    method: GET
  response:
    body: '{"id":"c888d2a8-022d-4160-9dce-f11d4f40c471","name":"test_redis_basic","project_id":"fa1e3217-dc80-42ac-85c3-3f034b78b552","status":"configuring","version":"6.2.6","endpoints":[{"port":6379,"public_network":{},"ips":["51.159.148.93"],"id":"7bceb909-8646-4959-b488-6d6eba909c05"}],"tags":["test1"],"node_type":"MDB-BETA-M","created_at":"2022-04-12T14:46:50.459015Z","updated_at":"2022-04-27T13:54:46.490503Z","tls_enabled":true,"cluster_settings":[],"acl_rules":[],"cluster_size":1,"zone":"fr-par-2"}'
    headers:
      Content-Length:
      - "499"
      Content-Security-Policy:
      - default-src 'none'; frame-ancestors 'none'
      Content-Type:
      - application/json
      Date:
      - Wed, 27 Apr 2022 13:54:51 GMT
      Server:
      - Scaleway API-Gateway
      Strict-Transport-Security:
      - max-age=63072000
      X-Content-Type-Options:
      - nosniff
      X-Frame-Options:
      - DENY
      X-Request-Id:
      - a25daef5-8866-4d50-8c57-d124d9c7e129
    status: 200 OK
    code: 200
    duration: ""
- request:
    body: ""
    form: {}
    headers:
      User-Agent:
      - scaleway-sdk-go/v1.0.0-beta.7+dev (go1.18.1; linux; amd64) terraform-provider/develop
        terraform/terraform-tests
    url: https://api.scaleway.com/redis/v1alpha1/zones/fr-par-2/clusters/c888d2a8-022d-4160-9dce-f11d4f40c471
    method: GET
  response:
    body: '{"id":"c888d2a8-022d-4160-9dce-f11d4f40c471","name":"test_redis_basic","project_id":"fa1e3217-dc80-42ac-85c3-3f034b78b552","status":"configuring","version":"6.2.6","endpoints":[{"port":6379,"public_network":{},"ips":["51.159.148.93"],"id":"7bceb909-8646-4959-b488-6d6eba909c05"}],"tags":["test1"],"node_type":"MDB-BETA-M","created_at":"2022-04-12T14:46:50.459015Z","updated_at":"2022-04-27T13:54:46.490503Z","tls_enabled":true,"cluster_settings":[],"acl_rules":[],"cluster_size":1,"zone":"fr-par-2"}'
    headers:
      Content-Length:
      - "499"
      Content-Security-Policy:
      - default-src 'none'; frame-ancestors 'none'
      Content-Type:
      - application/json
      Date:
      - Wed, 27 Apr 2022 13:54:56 GMT
      Server:
      - Scaleway API-Gateway
      Strict-Transport-Security:
      - max-age=63072000
      X-Content-Type-Options:
      - nosniff
      X-Frame-Options:
      - DENY
      X-Request-Id:
      - f892c9ce-7a7a-4fc4-85f6-ae05cd28f857
    status: 200 OK
    code: 200
    duration: ""
- request:
    body: ""
    form: {}
    headers:
      User-Agent:
      - scaleway-sdk-go/v1.0.0-beta.7+dev (go1.18.1; linux; amd64) terraform-provider/develop
        terraform/terraform-tests
    url: https://api.scaleway.com/redis/v1alpha1/zones/fr-par-2/clusters/c888d2a8-022d-4160-9dce-f11d4f40c471
    method: GET
  response:
    body: '{"id":"c888d2a8-022d-4160-9dce-f11d4f40c471","name":"test_redis_basic","project_id":"fa1e3217-dc80-42ac-85c3-3f034b78b552","status":"configuring","version":"6.2.6","endpoints":[{"port":6379,"public_network":{},"ips":["51.159.148.93"],"id":"7bceb909-8646-4959-b488-6d6eba909c05"}],"tags":["test1"],"node_type":"MDB-BETA-M","created_at":"2022-04-12T14:46:50.459015Z","updated_at":"2022-04-27T13:54:46.490503Z","tls_enabled":true,"cluster_settings":[],"acl_rules":[],"cluster_size":1,"zone":"fr-par-2"}'
    headers:
      Content-Length:
      - "499"
      Content-Security-Policy:
      - default-src 'none'; frame-ancestors 'none'
      Content-Type:
      - application/json
      Date:
      - Wed, 27 Apr 2022 13:55:01 GMT
      Server:
      - Scaleway API-Gateway
      Strict-Transport-Security:
      - max-age=63072000
      X-Content-Type-Options:
      - nosniff
      X-Frame-Options:
      - DENY
      X-Request-Id:
      - 97069a52-c99e-4af3-a213-af319de159fe
    status: 200 OK
    code: 200
    duration: ""
- request:
    body: ""
    form: {}
    headers:
      User-Agent:
      - scaleway-sdk-go/v1.0.0-beta.7+dev (go1.18.1; linux; amd64) terraform-provider/develop
        terraform/terraform-tests
    url: https://api.scaleway.com/redis/v1alpha1/zones/fr-par-2/clusters/c888d2a8-022d-4160-9dce-f11d4f40c471
    method: GET
  response:
    body: '{"id":"c888d2a8-022d-4160-9dce-f11d4f40c471","name":"test_redis_basic","project_id":"fa1e3217-dc80-42ac-85c3-3f034b78b552","status":"configuring","version":"6.2.6","endpoints":[{"port":6379,"public_network":{},"ips":["51.159.148.93"],"id":"7bceb909-8646-4959-b488-6d6eba909c05"}],"tags":["test1"],"node_type":"MDB-BETA-M","created_at":"2022-04-12T14:46:50.459015Z","updated_at":"2022-04-27T13:54:46.490503Z","tls_enabled":true,"cluster_settings":[],"acl_rules":[],"cluster_size":1,"zone":"fr-par-2"}'
    headers:
      Content-Length:
      - "499"
      Content-Security-Policy:
      - default-src 'none'; frame-ancestors 'none'
      Content-Type:
      - application/json
      Date:
      - Wed, 27 Apr 2022 13:55:06 GMT
      Server:
      - Scaleway API-Gateway
      Strict-Transport-Security:
      - max-age=63072000
      X-Content-Type-Options:
      - nosniff
      X-Frame-Options:
      - DENY
      X-Request-Id:
      - ed546a62-3ccc-4178-a718-86753fd04f3c
    status: 200 OK
    code: 200
    duration: ""
- request:
    body: ""
    form: {}
    headers:
      User-Agent:
      - scaleway-sdk-go/v1.0.0-beta.7+dev (go1.18.1; linux; amd64) terraform-provider/develop
        terraform/terraform-tests
    url: https://api.scaleway.com/redis/v1alpha1/zones/fr-par-2/clusters/c888d2a8-022d-4160-9dce-f11d4f40c471
    method: GET
  response:
    body: '{"id":"c888d2a8-022d-4160-9dce-f11d4f40c471","name":"test_redis_basic","project_id":"fa1e3217-dc80-42ac-85c3-3f034b78b552","status":"configuring","version":"6.2.6","endpoints":[{"port":6379,"public_network":{},"ips":["51.159.148.93"],"id":"7bceb909-8646-4959-b488-6d6eba909c05"}],"tags":["test1"],"node_type":"MDB-BETA-M","created_at":"2022-04-12T14:46:50.459015Z","updated_at":"2022-04-27T13:54:46.490503Z","tls_enabled":true,"cluster_settings":[],"acl_rules":[],"cluster_size":1,"zone":"fr-par-2"}'
    headers:
      Content-Length:
      - "499"
      Content-Security-Policy:
      - default-src 'none'; frame-ancestors 'none'
      Content-Type:
      - application/json
      Date:
      - Wed, 27 Apr 2022 13:55:11 GMT
      Server:
      - Scaleway API-Gateway
      Strict-Transport-Security:
      - max-age=63072000
      X-Content-Type-Options:
      - nosniff
      X-Frame-Options:
      - DENY
      X-Request-Id:
      - bc5b9c2e-1a45-4fea-bc36-ea7ebe4ce9fa
    status: 200 OK
    code: 200
    duration: ""
- request:
    body: ""
    form: {}
    headers:
      User-Agent:
      - scaleway-sdk-go/v1.0.0-beta.7+dev (go1.18.1; linux; amd64) terraform-provider/develop
        terraform/terraform-tests
    url: https://api.scaleway.com/redis/v1alpha1/zones/fr-par-2/clusters/c888d2a8-022d-4160-9dce-f11d4f40c471
    method: GET
  response:
    body: '{"id":"c888d2a8-022d-4160-9dce-f11d4f40c471","name":"test_redis_basic","project_id":"fa1e3217-dc80-42ac-85c3-3f034b78b552","status":"ready","version":"6.2.6","endpoints":[{"port":6379,"public_network":{},"ips":["51.159.148.93"],"id":"7bceb909-8646-4959-b488-6d6eba909c05"}],"tags":["test1"],"node_type":"MDB-BETA-M","created_at":"2022-04-12T14:46:50.459015Z","updated_at":"2022-04-27T13:55:11.810320Z","tls_enabled":true,"cluster_settings":[],"acl_rules":[],"cluster_size":1,"zone":"fr-par-2"}'
    headers:
      Content-Length:
      - "493"
      Content-Security-Policy:
      - default-src 'none'; frame-ancestors 'none'
      Content-Type:
      - application/json
      Date:
      - Wed, 27 Apr 2022 13:55:16 GMT
      Server:
      - Scaleway API-Gateway
      Strict-Transport-Security:
      - max-age=63072000
      X-Content-Type-Options:
      - nosniff
      X-Frame-Options:
      - DENY
      X-Request-Id:
      - 188bdd8c-0bff-4d44-b7e7-4391eeff8889
    status: 200 OK
    code: 200
    duration: ""
- request:
    body: ""
    form: {}
    headers:
      User-Agent:
      - scaleway-sdk-go/v1.0.0-beta.7+dev (go1.18.1; linux; amd64) terraform-provider/develop
        terraform/terraform-tests
    url: https://api.scaleway.com/redis/v1alpha1/zones/fr-par-2/clusters/c888d2a8-022d-4160-9dce-f11d4f40c471
    method: GET
  response:
    body: '{"id":"c888d2a8-022d-4160-9dce-f11d4f40c471","name":"test_redis_basic","project_id":"fa1e3217-dc80-42ac-85c3-3f034b78b552","status":"ready","version":"6.2.6","endpoints":[{"port":6379,"public_network":{},"ips":["51.159.148.93"],"id":"7bceb909-8646-4959-b488-6d6eba909c05"}],"tags":["test1"],"node_type":"MDB-BETA-M","created_at":"2022-04-12T14:46:50.459015Z","updated_at":"2022-04-27T13:55:11.810320Z","tls_enabled":true,"cluster_settings":[],"acl_rules":[],"cluster_size":1,"zone":"fr-par-2"}'
    headers:
      Content-Length:
      - "493"
      Content-Security-Policy:
      - default-src 'none'; frame-ancestors 'none'
      Content-Type:
      - application/json
      Date:
      - Wed, 27 Apr 2022 13:55:16 GMT
      Server:
      - Scaleway API-Gateway
      Strict-Transport-Security:
      - max-age=63072000
      X-Content-Type-Options:
      - nosniff
      X-Frame-Options:
      - DENY
      X-Request-Id:
      - 99ddb531-8874-47c8-aba8-d507ee3ac605
    status: 200 OK
    code: 200
    duration: ""
- request:
    body: ""
    form: {}
    headers:
      User-Agent:
      - scaleway-sdk-go/v1.0.0-beta.7+dev (go1.18.1; linux; amd64) terraform-provider/develop
        terraform/terraform-tests
    url: https://api.scaleway.com/redis/v1alpha1/zones/fr-par-2/clusters/c888d2a8-022d-4160-9dce-f11d4f40c471
    method: GET
  response:
    body: '{"id":"c888d2a8-022d-4160-9dce-f11d4f40c471","name":"test_redis_basic","project_id":"fa1e3217-dc80-42ac-85c3-3f034b78b552","status":"ready","version":"6.2.6","endpoints":[{"port":6379,"public_network":{},"ips":["51.159.148.93"],"id":"7bceb909-8646-4959-b488-6d6eba909c05"}],"tags":["test1"],"node_type":"MDB-BETA-M","created_at":"2022-04-12T14:46:50.459015Z","updated_at":"2022-04-27T13:55:11.810320Z","tls_enabled":true,"cluster_settings":[],"acl_rules":[],"cluster_size":1,"zone":"fr-par-2"}'
    headers:
      Content-Length:
      - "493"
      Content-Security-Policy:
      - default-src 'none'; frame-ancestors 'none'
      Content-Type:
      - application/json
      Date:
      - Wed, 27 Apr 2022 13:55:16 GMT
      Server:
      - Scaleway API-Gateway
      Strict-Transport-Security:
      - max-age=63072000
      X-Content-Type-Options:
      - nosniff
      X-Frame-Options:
      - DENY
      X-Request-Id:
      - 8ca67d09-a263-4615-a373-608cfe751839
    status: 200 OK
    code: 200
    duration: ""
- request:
    body: ""
    form: {}
    headers:
      User-Agent:
      - scaleway-sdk-go/v1.0.0-beta.7+dev (go1.18.1; linux; amd64) terraform-provider/develop
        terraform/terraform-tests
    url: https://api.scaleway.com/redis/v1alpha1/zones/fr-par-2/clusters/c888d2a8-022d-4160-9dce-f11d4f40c471
    method: GET
  response:
    body: '{"id":"c888d2a8-022d-4160-9dce-f11d4f40c471","name":"test_redis_basic","project_id":"fa1e3217-dc80-42ac-85c3-3f034b78b552","status":"ready","version":"6.2.6","endpoints":[{"port":6379,"public_network":{},"ips":["51.159.148.93"],"id":"7bceb909-8646-4959-b488-6d6eba909c05"}],"tags":["test1"],"node_type":"MDB-BETA-M","created_at":"2022-04-12T14:46:50.459015Z","updated_at":"2022-04-27T13:55:11.810320Z","tls_enabled":true,"cluster_settings":[],"acl_rules":[],"cluster_size":1,"zone":"fr-par-2"}'
    headers:
      Content-Length:
      - "493"
      Content-Security-Policy:
      - default-src 'none'; frame-ancestors 'none'
      Content-Type:
      - application/json
      Date:
      - Wed, 27 Apr 2022 13:55:17 GMT
      Server:
      - Scaleway API-Gateway
      Strict-Transport-Security:
      - max-age=63072000
      X-Content-Type-Options:
      - nosniff
      X-Frame-Options:
      - DENY
      X-Request-Id:
      - 17b80f2e-e562-41b7-8242-585959adf292
    status: 200 OK
    code: 200
    duration: ""
- request:
    body: ""
    form: {}
    headers:
      User-Agent:
      - scaleway-sdk-go/v1.0.0-beta.7+dev (go1.18.1; linux; amd64) terraform-provider/develop
        terraform/terraform-tests
    url: https://api.scaleway.com/redis/v1alpha1/zones/fr-par-2/clusters/c888d2a8-022d-4160-9dce-f11d4f40c471
    method: GET
  response:
    body: '{"id":"c888d2a8-022d-4160-9dce-f11d4f40c471","name":"test_redis_basic","project_id":"fa1e3217-dc80-42ac-85c3-3f034b78b552","status":"ready","version":"6.2.6","endpoints":[{"port":6379,"public_network":{},"ips":["51.159.148.93"],"id":"7bceb909-8646-4959-b488-6d6eba909c05"}],"tags":["test1"],"node_type":"MDB-BETA-M","created_at":"2022-04-12T14:46:50.459015Z","updated_at":"2022-04-27T13:55:11.810320Z","tls_enabled":true,"cluster_settings":[],"acl_rules":[],"cluster_size":1,"zone":"fr-par-2"}'
    headers:
      Content-Length:
      - "493"
      Content-Security-Policy:
      - default-src 'none'; frame-ancestors 'none'
      Content-Type:
      - application/json
      Date:
      - Wed, 27 Apr 2022 13:55:17 GMT
      Server:
      - Scaleway API-Gateway
      Strict-Transport-Security:
      - max-age=63072000
      X-Content-Type-Options:
      - nosniff
      X-Frame-Options:
      - DENY
      X-Request-Id:
      - 1c3d6e78-0598-475d-8725-bebb9176cfa5
    status: 200 OK
    code: 200
    duration: ""
- request:
    body: ""
    form: {}
    headers:
      User-Agent:
      - scaleway-sdk-go/v1.0.0-beta.7+dev (go1.18.1; linux; amd64) terraform-provider/develop
        terraform/terraform-tests
    url: https://api.scaleway.com/redis/v1alpha1/zones/fr-par-2/clusters/c888d2a8-022d-4160-9dce-f11d4f40c471
    method: GET
  response:
    body: '{"id":"c888d2a8-022d-4160-9dce-f11d4f40c471","name":"test_redis_basic","project_id":"fa1e3217-dc80-42ac-85c3-3f034b78b552","status":"ready","version":"6.2.6","endpoints":[{"port":6379,"public_network":{},"ips":["51.159.148.93"],"id":"7bceb909-8646-4959-b488-6d6eba909c05"}],"tags":["test1"],"node_type":"MDB-BETA-M","created_at":"2022-04-12T14:46:50.459015Z","updated_at":"2022-04-27T13:55:11.810320Z","tls_enabled":true,"cluster_settings":[],"acl_rules":[],"cluster_size":1,"zone":"fr-par-2"}'
    headers:
      Content-Length:
      - "493"
      Content-Security-Policy:
      - default-src 'none'; frame-ancestors 'none'
      Content-Type:
      - application/json
      Date:
      - Wed, 27 Apr 2022 13:55:17 GMT
      Server:
      - Scaleway API-Gateway
      Strict-Transport-Security:
      - max-age=63072000
      X-Content-Type-Options:
      - nosniff
      X-Frame-Options:
      - DENY
      X-Request-Id:
      - 5a8a00b0-ed1a-4515-933b-0592983d2b02
    status: 200 OK
    code: 200
    duration: ""
- request:
    body: '{"name":"test_redis_basic_edit","tags":["test1","other_tag"],"user_name":"new_user","password":"thiZ_is_A_n3w_passw0rd"}'
    form: {}
    headers:
      Content-Type:
      - application/json
      User-Agent:
      - scaleway-sdk-go/v1.0.0-beta.7+dev (go1.18.1; linux; amd64) terraform-provider/develop
        terraform/terraform-tests
    url: https://api.scaleway.com/redis/v1alpha1/zones/fr-par-2/clusters/c888d2a8-022d-4160-9dce-f11d4f40c471
    method: PATCH
  response:
    body: '{"id":"c888d2a8-022d-4160-9dce-f11d4f40c471","name":"test_redis_basic_edit","project_id":"fa1e3217-dc80-42ac-85c3-3f034b78b552","status":"provisioning","version":"6.2.6","endpoints":[{"port":6379,"public_network":{},"ips":["51.159.148.93"],"id":"7bceb909-8646-4959-b488-6d6eba909c05"}],"tags":["test1","other_tag"],"node_type":"MDB-BETA-M","created_at":"2022-04-12T14:46:50.459015Z","updated_at":"2022-04-27T13:55:17.718276Z","tls_enabled":true,"cluster_settings":[],"acl_rules":[],"cluster_size":1,"zone":"fr-par-2"}'
    headers:
      Content-Length:
      - "517"
      Content-Security-Policy:
      - default-src 'none'; frame-ancestors 'none'
      Content-Type:
      - application/json
      Date:
      - Wed, 27 Apr 2022 13:55:17 GMT
      Server:
      - Scaleway API-Gateway
      Strict-Transport-Security:
      - max-age=63072000
      X-Content-Type-Options:
      - nosniff
      X-Frame-Options:
      - DENY
      X-Request-Id:
      - 57cf032b-8edd-44f5-ad1f-47f0907d1f78
    status: 200 OK
    code: 200
    duration: ""
- request:
    body: ""
    form: {}
    headers:
      User-Agent:
      - scaleway-sdk-go/v1.0.0-beta.7+dev (go1.18.1; linux; amd64) terraform-provider/develop
        terraform/terraform-tests
    url: https://api.scaleway.com/redis/v1alpha1/zones/fr-par-2/clusters/c888d2a8-022d-4160-9dce-f11d4f40c471
    method: GET
  response:
    body: '{"id":"c888d2a8-022d-4160-9dce-f11d4f40c471","name":"test_redis_basic_edit","project_id":"fa1e3217-dc80-42ac-85c3-3f034b78b552","status":"provisioning","version":"6.2.6","endpoints":[{"port":6379,"public_network":{},"ips":["51.159.148.93"],"id":"7bceb909-8646-4959-b488-6d6eba909c05"}],"tags":["test1","other_tag"],"node_type":"MDB-BETA-M","created_at":"2022-04-12T14:46:50.459015Z","updated_at":"2022-04-27T13:55:17.718276Z","tls_enabled":true,"cluster_settings":[],"acl_rules":[],"cluster_size":1,"zone":"fr-par-2"}'
    headers:
      Content-Length:
      - "517"
      Content-Security-Policy:
      - default-src 'none'; frame-ancestors 'none'
      Content-Type:
      - application/json
      Date:
      - Wed, 27 Apr 2022 13:55:18 GMT
      Server:
      - Scaleway API-Gateway
      Strict-Transport-Security:
      - max-age=63072000
      X-Content-Type-Options:
      - nosniff
      X-Frame-Options:
      - DENY
      X-Request-Id:
      - 72ea23a6-aca4-4428-a4e9-d96dd999d107
    status: 200 OK
    code: 200
    duration: ""
- request:
    body: ""
    form: {}
    headers:
      User-Agent:
      - scaleway-sdk-go/v1.0.0-beta.7+dev (go1.18.1; linux; amd64) terraform-provider/develop
        terraform/terraform-tests
    url: https://api.scaleway.com/redis/v1alpha1/zones/fr-par-2/clusters/c888d2a8-022d-4160-9dce-f11d4f40c471
    method: GET
  response:
    body: '{"id":"c888d2a8-022d-4160-9dce-f11d4f40c471","name":"test_redis_basic_edit","project_id":"fa1e3217-dc80-42ac-85c3-3f034b78b552","status":"provisioning","version":"6.2.6","endpoints":[{"port":6379,"public_network":{},"ips":["51.159.148.93"],"id":"7bceb909-8646-4959-b488-6d6eba909c05"}],"tags":["test1","other_tag"],"node_type":"MDB-BETA-M","created_at":"2022-04-12T14:46:50.459015Z","updated_at":"2022-04-27T13:55:17.718276Z","tls_enabled":true,"cluster_settings":[],"acl_rules":[],"cluster_size":1,"zone":"fr-par-2"}'
    headers:
      Content-Length:
      - "517"
      Content-Security-Policy:
      - default-src 'none'; frame-ancestors 'none'
      Content-Type:
      - application/json
      Date:
      - Wed, 27 Apr 2022 13:55:23 GMT
      Server:
      - Scaleway API-Gateway
      Strict-Transport-Security:
      - max-age=63072000
      X-Content-Type-Options:
      - nosniff
      X-Frame-Options:
      - DENY
      X-Request-Id:
      - 6524e283-36a8-4da7-a5c3-7d245d0ab590
    status: 200 OK
    code: 200
    duration: ""
- request:
    body: ""
    form: {}
    headers:
      User-Agent:
      - scaleway-sdk-go/v1.0.0-beta.7+dev (go1.18.1; linux; amd64) terraform-provider/develop
        terraform/terraform-tests
    url: https://api.scaleway.com/redis/v1alpha1/zones/fr-par-2/clusters/c888d2a8-022d-4160-9dce-f11d4f40c471
    method: GET
  response:
    body: '{"id":"c888d2a8-022d-4160-9dce-f11d4f40c471","name":"test_redis_basic_edit","project_id":"fa1e3217-dc80-42ac-85c3-3f034b78b552","status":"provisioning","version":"6.2.6","endpoints":[{"port":6379,"public_network":{},"ips":["51.159.148.93"],"id":"7bceb909-8646-4959-b488-6d6eba909c05"}],"tags":["test1","other_tag"],"node_type":"MDB-BETA-M","created_at":"2022-04-12T14:46:50.459015Z","updated_at":"2022-04-27T13:55:17.718276Z","tls_enabled":true,"cluster_settings":[],"acl_rules":[],"cluster_size":1,"zone":"fr-par-2"}'
    headers:
      Content-Length:
      - "517"
      Content-Security-Policy:
      - default-src 'none'; frame-ancestors 'none'
      Content-Type:
      - application/json
      Date:
      - Wed, 27 Apr 2022 13:55:28 GMT
      Server:
      - Scaleway API-Gateway
      Strict-Transport-Security:
      - max-age=63072000
      X-Content-Type-Options:
      - nosniff
      X-Frame-Options:
      - DENY
      X-Request-Id:
      - b2005b73-ffc3-4ddf-925f-551c72a26f82
    status: 200 OK
    code: 200
    duration: ""
- request:
    body: ""
    form: {}
    headers:
      User-Agent:
      - scaleway-sdk-go/v1.0.0-beta.7+dev (go1.18.1; linux; amd64) terraform-provider/develop
        terraform/terraform-tests
    url: https://api.scaleway.com/redis/v1alpha1/zones/fr-par-2/clusters/c888d2a8-022d-4160-9dce-f11d4f40c471
    method: GET
  response:
    body: '{"id":"c888d2a8-022d-4160-9dce-f11d4f40c471","name":"test_redis_basic_edit","project_id":"fa1e3217-dc80-42ac-85c3-3f034b78b552","status":"configuring","version":"6.2.6","endpoints":[{"port":6379,"public_network":{},"ips":["51.159.148.93"],"id":"7bceb909-8646-4959-b488-6d6eba909c05"}],"tags":["test1","other_tag"],"node_type":"MDB-BETA-M","created_at":"2022-04-12T14:46:50.459015Z","updated_at":"2022-04-27T13:55:30.850581Z","tls_enabled":true,"cluster_settings":[],"acl_rules":[],"cluster_size":1,"zone":"fr-par-2"}'
    headers:
      Content-Length:
      - "516"
      Content-Security-Policy:
      - default-src 'none'; frame-ancestors 'none'
      Content-Type:
      - application/json
      Date:
      - Wed, 27 Apr 2022 13:55:33 GMT
      Server:
      - Scaleway API-Gateway
      Strict-Transport-Security:
      - max-age=63072000
      X-Content-Type-Options:
      - nosniff
      X-Frame-Options:
      - DENY
      X-Request-Id:
      - 939cd56b-f79d-4447-b7af-48aebc56a2b5
    status: 200 OK
    code: 200
    duration: ""
- request:
    body: ""
    form: {}
    headers:
      User-Agent:
      - scaleway-sdk-go/v1.0.0-beta.7+dev (go1.18.1; linux; amd64) terraform-provider/develop
        terraform/terraform-tests
    url: https://api.scaleway.com/redis/v1alpha1/zones/fr-par-2/clusters/c888d2a8-022d-4160-9dce-f11d4f40c471
    method: GET
  response:
    body: '{"id":"c888d2a8-022d-4160-9dce-f11d4f40c471","name":"test_redis_basic_edit","project_id":"fa1e3217-dc80-42ac-85c3-3f034b78b552","status":"configuring","version":"6.2.6","endpoints":[{"port":6379,"public_network":{},"ips":["51.159.148.93"],"id":"7bceb909-8646-4959-b488-6d6eba909c05"}],"tags":["test1","other_tag"],"node_type":"MDB-BETA-M","created_at":"2022-04-12T14:46:50.459015Z","updated_at":"2022-04-27T13:55:30.850581Z","tls_enabled":true,"cluster_settings":[],"acl_rules":[],"cluster_size":1,"zone":"fr-par-2"}'
    headers:
      Content-Length:
      - "516"
      Content-Security-Policy:
      - default-src 'none'; frame-ancestors 'none'
      Content-Type:
      - application/json
      Date:
      - Wed, 27 Apr 2022 13:55:38 GMT
      Server:
      - Scaleway API-Gateway
      Strict-Transport-Security:
      - max-age=63072000
      X-Content-Type-Options:
      - nosniff
      X-Frame-Options:
      - DENY
      X-Request-Id:
      - 294cc63c-5403-4826-98cb-db4eabe33b84
    status: 200 OK
    code: 200
    duration: ""
- request:
    body: ""
    form: {}
    headers:
      User-Agent:
      - scaleway-sdk-go/v1.0.0-beta.7+dev (go1.18.1; linux; amd64) terraform-provider/develop
        terraform/terraform-tests
    url: https://api.scaleway.com/redis/v1alpha1/zones/fr-par-2/clusters/c888d2a8-022d-4160-9dce-f11d4f40c471
    method: GET
  response:
    body: '{"id":"c888d2a8-022d-4160-9dce-f11d4f40c471","name":"test_redis_basic_edit","project_id":"fa1e3217-dc80-42ac-85c3-3f034b78b552","status":"configuring","version":"6.2.6","endpoints":[{"port":6379,"public_network":{},"ips":["51.159.148.93"],"id":"7bceb909-8646-4959-b488-6d6eba909c05"}],"tags":["test1","other_tag"],"node_type":"MDB-BETA-M","created_at":"2022-04-12T14:46:50.459015Z","updated_at":"2022-04-27T13:55:30.850581Z","tls_enabled":true,"cluster_settings":[],"acl_rules":[],"cluster_size":1,"zone":"fr-par-2"}'
    headers:
      Content-Length:
      - "516"
      Content-Security-Policy:
      - default-src 'none'; frame-ancestors 'none'
      Content-Type:
      - application/json
      Date:
      - Wed, 27 Apr 2022 13:55:43 GMT
      Server:
      - Scaleway API-Gateway
      Strict-Transport-Security:
      - max-age=63072000
      X-Content-Type-Options:
      - nosniff
      X-Frame-Options:
      - DENY
      X-Request-Id:
      - 90210fc8-139d-4f9b-a433-3d4b60768944
    status: 200 OK
    code: 200
    duration: ""
- request:
    body: ""
    form: {}
    headers:
      User-Agent:
      - scaleway-sdk-go/v1.0.0-beta.7+dev (go1.18.1; linux; amd64) terraform-provider/develop
        terraform/terraform-tests
    url: https://api.scaleway.com/redis/v1alpha1/zones/fr-par-2/clusters/c888d2a8-022d-4160-9dce-f11d4f40c471
    method: GET
  response:
    body: '{"id":"c888d2a8-022d-4160-9dce-f11d4f40c471","name":"test_redis_basic_edit","project_id":"fa1e3217-dc80-42ac-85c3-3f034b78b552","status":"ready","version":"6.2.6","endpoints":[{"port":6379,"public_network":{},"ips":["51.159.148.93"],"id":"7bceb909-8646-4959-b488-6d6eba909c05"}],"tags":["test1","other_tag"],"node_type":"MDB-BETA-M","created_at":"2022-04-12T14:46:50.459015Z","updated_at":"2022-04-27T13:55:46.594957Z","tls_enabled":true,"cluster_settings":[],"acl_rules":[],"cluster_size":1,"zone":"fr-par-2"}'
    headers:
      Content-Length:
      - "510"
      Content-Security-Policy:
      - default-src 'none'; frame-ancestors 'none'
      Content-Type:
      - application/json
      Date:
      - Wed, 27 Apr 2022 13:55:48 GMT
      Server:
      - Scaleway API-Gateway
      Strict-Transport-Security:
      - max-age=63072000
      X-Content-Type-Options:
      - nosniff
      X-Frame-Options:
      - DENY
      X-Request-Id:
      - 07f89192-ed88-45a5-ad2f-3cc80b1d2d23
    status: 200 OK
    code: 200
    duration: ""
- request:
    body: ""
    form: {}
    headers:
      User-Agent:
      - scaleway-sdk-go/v1.0.0-beta.7+dev (go1.18.1; linux; amd64) terraform-provider/develop
        terraform/terraform-tests
    url: https://api.scaleway.com/redis/v1alpha1/zones/fr-par-2/clusters/c888d2a8-022d-4160-9dce-f11d4f40c471
    method: GET
  response:
    body: '{"id":"c888d2a8-022d-4160-9dce-f11d4f40c471","name":"test_redis_basic_edit","project_id":"fa1e3217-dc80-42ac-85c3-3f034b78b552","status":"ready","version":"6.2.6","endpoints":[{"port":6379,"public_network":{},"ips":["51.159.148.93"],"id":"7bceb909-8646-4959-b488-6d6eba909c05"}],"tags":["test1","other_tag"],"node_type":"MDB-BETA-M","created_at":"2022-04-12T14:46:50.459015Z","updated_at":"2022-04-27T13:55:46.594957Z","tls_enabled":true,"cluster_settings":[],"acl_rules":[],"cluster_size":1,"zone":"fr-par-2"}'
    headers:
      Content-Length:
      - "510"
      Content-Security-Policy:
      - default-src 'none'; frame-ancestors 'none'
      Content-Type:
      - application/json
      Date:
      - Wed, 27 Apr 2022 13:55:48 GMT
      Server:
      - Scaleway API-Gateway
      Strict-Transport-Security:
      - max-age=63072000
      X-Content-Type-Options:
      - nosniff
      X-Frame-Options:
      - DENY
      X-Request-Id:
      - fbde2998-af74-4eb8-9743-e4519f6d5f5c
    status: 200 OK
    code: 200
    duration: ""
- request:
    body: ""
    form: {}
    headers:
      User-Agent:
      - scaleway-sdk-go/v1.0.0-beta.7+dev (go1.18.1; linux; amd64) terraform-provider/develop
        terraform/terraform-tests
    url: https://api.scaleway.com/redis/v1alpha1/zones/fr-par-2/clusters/c888d2a8-022d-4160-9dce-f11d4f40c471
    method: GET
  response:
    body: '{"id":"c888d2a8-022d-4160-9dce-f11d4f40c471","name":"test_redis_basic_edit","project_id":"fa1e3217-dc80-42ac-85c3-3f034b78b552","status":"ready","version":"6.2.6","endpoints":[{"port":6379,"public_network":{},"ips":["51.159.148.93"],"id":"7bceb909-8646-4959-b488-6d6eba909c05"}],"tags":["test1","other_tag"],"node_type":"MDB-BETA-M","created_at":"2022-04-12T14:46:50.459015Z","updated_at":"2022-04-27T13:55:46.594957Z","tls_enabled":true,"cluster_settings":[],"acl_rules":[],"cluster_size":1,"zone":"fr-par-2"}'
    headers:
      Content-Length:
      - "510"
      Content-Security-Policy:
      - default-src 'none'; frame-ancestors 'none'
      Content-Type:
      - application/json
      Date:
      - Wed, 27 Apr 2022 13:55:48 GMT
      Server:
      - Scaleway API-Gateway
      Strict-Transport-Security:
      - max-age=63072000
      X-Content-Type-Options:
      - nosniff
      X-Frame-Options:
      - DENY
      X-Request-Id:
      - c63b7a3a-3f49-4731-9f93-10bb428c4449
    status: 200 OK
    code: 200
    duration: ""
- request:
    body: ""
    form: {}
    headers:
      User-Agent:
      - scaleway-sdk-go/v1.0.0-beta.7+dev (go1.18.1; linux; amd64) terraform-provider/develop
        terraform/terraform-tests
    url: https://api.scaleway.com/redis/v1alpha1/zones/fr-par-2/clusters/c888d2a8-022d-4160-9dce-f11d4f40c471
    method: GET
  response:
    body: '{"id":"c888d2a8-022d-4160-9dce-f11d4f40c471","name":"test_redis_basic_edit","project_id":"fa1e3217-dc80-42ac-85c3-3f034b78b552","status":"ready","version":"6.2.6","endpoints":[{"port":6379,"public_network":{},"ips":["51.159.148.93"],"id":"7bceb909-8646-4959-b488-6d6eba909c05"}],"tags":["test1","other_tag"],"node_type":"MDB-BETA-M","created_at":"2022-04-12T14:46:50.459015Z","updated_at":"2022-04-27T13:55:46.594957Z","tls_enabled":true,"cluster_settings":[],"acl_rules":[],"cluster_size":1,"zone":"fr-par-2"}'
    headers:
      Content-Length:
      - "510"
      Content-Security-Policy:
      - default-src 'none'; frame-ancestors 'none'
      Content-Type:
      - application/json
      Date:
      - Wed, 27 Apr 2022 13:55:49 GMT
      Server:
      - Scaleway API-Gateway
      Strict-Transport-Security:
      - max-age=63072000
      X-Content-Type-Options:
      - nosniff
      X-Frame-Options:
      - DENY
      X-Request-Id:
      - cb38f897-df62-4c54-9a80-122e35e4112d
    status: 200 OK
    code: 200
    duration: ""
- request:
    body: ""
    form: {}
    headers:
      User-Agent:
      - scaleway-sdk-go/v1.0.0-beta.7+dev (go1.18.1; linux; amd64) terraform-provider/develop
        terraform/terraform-tests
    url: https://api.scaleway.com/redis/v1alpha1/zones/fr-par-2/clusters/c888d2a8-022d-4160-9dce-f11d4f40c471
    method: GET
  response:
    body: '{"id":"c888d2a8-022d-4160-9dce-f11d4f40c471","name":"test_redis_basic_edit","project_id":"fa1e3217-dc80-42ac-85c3-3f034b78b552","status":"ready","version":"6.2.6","endpoints":[{"port":6379,"public_network":{},"ips":["51.159.148.93"],"id":"7bceb909-8646-4959-b488-6d6eba909c05"}],"tags":["test1","other_tag"],"node_type":"MDB-BETA-M","created_at":"2022-04-12T14:46:50.459015Z","updated_at":"2022-04-27T13:55:46.594957Z","tls_enabled":true,"cluster_settings":[],"acl_rules":[],"cluster_size":1,"zone":"fr-par-2"}'
    headers:
      Content-Length:
      - "510"
      Content-Security-Policy:
      - default-src 'none'; frame-ancestors 'none'
      Content-Type:
      - application/json
      Date:
      - Wed, 27 Apr 2022 13:55:49 GMT
      Server:
      - Scaleway API-Gateway
      Strict-Transport-Security:
      - max-age=63072000
      X-Content-Type-Options:
      - nosniff
      X-Frame-Options:
      - DENY
      X-Request-Id:
      - b67b92e5-b106-44a2-ac62-59422b1624c1
    status: 200 OK
    code: 200
    duration: ""
- request:
    body: ""
    form: {}
    headers:
      User-Agent:
      - scaleway-sdk-go/v1.0.0-beta.7+dev (go1.18.1; linux; amd64) terraform-provider/develop
        terraform/terraform-tests
    url: https://api.scaleway.com/redis/v1alpha1/zones/fr-par-2/clusters/c888d2a8-022d-4160-9dce-f11d4f40c471
    method: DELETE
  response:
    body: '{"id":"c888d2a8-022d-4160-9dce-f11d4f40c471","name":"test_redis_basic_edit","project_id":"fa1e3217-dc80-42ac-85c3-3f034b78b552","status":"destroying","version":"6.2.6","endpoints":[{"port":6379,"public_network":{},"ips":["51.159.148.93"],"id":"7bceb909-8646-4959-b488-6d6eba909c05"}],"tags":["test1","other_tag"],"node_type":"MDB-BETA-M","created_at":"2022-04-12T14:46:50.459015Z","updated_at":"2022-04-27T13:55:49.480887Z","tls_enabled":true,"cluster_settings":[],"acl_rules":[],"cluster_size":1,"zone":"fr-par-2"}'
    headers:
      Content-Length:
      - "515"
      Content-Security-Policy:
      - default-src 'none'; frame-ancestors 'none'
      Content-Type:
      - application/json
      Date:
      - Wed, 27 Apr 2022 13:55:49 GMT
      Server:
      - Scaleway API-Gateway
      Strict-Transport-Security:
      - max-age=63072000
      X-Content-Type-Options:
      - nosniff
      X-Frame-Options:
      - DENY
      X-Request-Id:
      - 1b56d684-624d-4c55-ab95-5da0a50cc01f
    status: 200 OK
    code: 200
    duration: ""
- request:
    body: ""
    form: {}
    headers:
      User-Agent:
      - scaleway-sdk-go/v1.0.0-beta.7+dev (go1.18.1; linux; amd64) terraform-provider/develop
        terraform/terraform-tests
    url: https://api.scaleway.com/redis/v1alpha1/zones/fr-par-2/clusters/c888d2a8-022d-4160-9dce-f11d4f40c471
    method: GET
  response:
    body: '{"id":"c888d2a8-022d-4160-9dce-f11d4f40c471","name":"test_redis_basic_edit","project_id":"fa1e3217-dc80-42ac-85c3-3f034b78b552","status":"destroying","version":"6.2.6","endpoints":[{"port":6379,"public_network":{},"ips":["51.159.148.93"],"id":"7bceb909-8646-4959-b488-6d6eba909c05"}],"tags":["test1","other_tag"],"node_type":"MDB-BETA-M","created_at":"2022-04-12T14:46:50.459015Z","updated_at":"2022-04-27T13:55:49.480887Z","tls_enabled":true,"cluster_settings":[],"acl_rules":[],"cluster_size":1,"zone":"fr-par-2"}'
    headers:
      Content-Length:
      - "515"
      Content-Security-Policy:
      - default-src 'none'; frame-ancestors 'none'
      Content-Type:
      - application/json
      Date:
      - Wed, 27 Apr 2022 13:55:49 GMT
      Server:
      - Scaleway API-Gateway
      Strict-Transport-Security:
      - max-age=63072000
      X-Content-Type-Options:
      - nosniff
      X-Frame-Options:
      - DENY
      X-Request-Id:
      - 36b19780-8561-470d-b460-241e96fc3b51
    status: 200 OK
    code: 200
    duration: ""
- request:
    body: ""
    form: {}
    headers:
      User-Agent:
      - scaleway-sdk-go/v1.0.0-beta.7+dev (go1.18.1; linux; amd64) terraform-provider/develop
        terraform/terraform-tests
    url: https://api.scaleway.com/redis/v1alpha1/zones/fr-par-2/clusters/c888d2a8-022d-4160-9dce-f11d4f40c471
    method: GET
  response:
    body: '{"id":"c888d2a8-022d-4160-9dce-f11d4f40c471","name":"test_redis_basic_edit","project_id":"fa1e3217-dc80-42ac-85c3-3f034b78b552","status":"destroying","version":"6.2.6","endpoints":[{"port":6379,"public_network":{},"ips":["51.159.148.93"],"id":"7bceb909-8646-4959-b488-6d6eba909c05"}],"tags":["test1","other_tag"],"node_type":"MDB-BETA-M","created_at":"2022-04-12T14:46:50.459015Z","updated_at":"2022-04-27T13:55:49.480887Z","tls_enabled":true,"cluster_settings":[],"acl_rules":[],"cluster_size":1,"zone":"fr-par-2"}'
    headers:
      Content-Length:
      - "515"
      Content-Security-Policy:
      - default-src 'none'; frame-ancestors 'none'
      Content-Type:
      - application/json
      Date:
      - Wed, 27 Apr 2022 13:55:54 GMT
      Server:
      - Scaleway API-Gateway
      Strict-Transport-Security:
      - max-age=63072000
      X-Content-Type-Options:
      - nosniff
      X-Frame-Options:
      - DENY
      X-Request-Id:
      - 64f9dd12-dbcf-48ec-966c-607c8a67ccb6
    status: 200 OK
    code: 200
    duration: ""
- request:
    body: ""
    form: {}
    headers:
      User-Agent:
      - scaleway-sdk-go/v1.0.0-beta.7+dev (go1.18.1; linux; amd64) terraform-provider/develop
        terraform/terraform-tests
    url: https://api.scaleway.com/redis/v1alpha1/zones/fr-par-2/clusters/c888d2a8-022d-4160-9dce-f11d4f40c471
    method: GET
  response:
    body: '{"id":"c888d2a8-022d-4160-9dce-f11d4f40c471","name":"test_redis_basic_edit","project_id":"fa1e3217-dc80-42ac-85c3-3f034b78b552","status":"destroying","version":"6.2.6","endpoints":[{"port":6379,"public_network":{},"ips":["51.159.148.93"],"id":"7bceb909-8646-4959-b488-6d6eba909c05"}],"tags":["test1","other_tag"],"node_type":"MDB-BETA-M","created_at":"2022-04-12T14:46:50.459015Z","updated_at":"2022-04-27T13:55:49.480887Z","tls_enabled":true,"cluster_settings":[],"acl_rules":[],"cluster_size":1,"zone":"fr-par-2"}'
    headers:
      Content-Length:
      - "515"
      Content-Security-Policy:
      - default-src 'none'; frame-ancestors 'none'
      Content-Type:
      - application/json
      Date:
      - Wed, 27 Apr 2022 13:56:00 GMT
      Server:
      - Scaleway API-Gateway
      Strict-Transport-Security:
      - max-age=63072000
      X-Content-Type-Options:
      - nosniff
      X-Frame-Options:
      - DENY
      X-Request-Id:
      - 87937764-8d2a-46ef-8ceb-34035a88278a
    status: 200 OK
    code: 200
    duration: ""
- request:
    body: ""
    form: {}
    headers:
      User-Agent:
      - scaleway-sdk-go/v1.0.0-beta.7+dev (go1.18.1; linux; amd64) terraform-provider/develop
        terraform/terraform-tests
    url: https://api.scaleway.com/redis/v1alpha1/zones/fr-par-2/clusters/c888d2a8-022d-4160-9dce-f11d4f40c471
    method: GET
  response:
    body: '{"id":"c888d2a8-022d-4160-9dce-f11d4f40c471","name":"test_redis_basic_edit","project_id":"fa1e3217-dc80-42ac-85c3-3f034b78b552","status":"destroying","version":"6.2.6","endpoints":[{"port":6379,"public_network":{},"ips":["51.159.148.93"],"id":"7bceb909-8646-4959-b488-6d6eba909c05"}],"tags":["test1","other_tag"],"node_type":"MDB-BETA-M","created_at":"2022-04-12T14:46:50.459015Z","updated_at":"2022-04-27T13:55:49.480887Z","tls_enabled":true,"cluster_settings":[],"acl_rules":[],"cluster_size":1,"zone":"fr-par-2"}'
    headers:
      Content-Length:
      - "515"
      Content-Security-Policy:
      - default-src 'none'; frame-ancestors 'none'
      Content-Type:
      - application/json
      Date:
      - Wed, 27 Apr 2022 13:56:05 GMT
      Server:
      - Scaleway API-Gateway
      Strict-Transport-Security:
      - max-age=63072000
      X-Content-Type-Options:
      - nosniff
      X-Frame-Options:
      - DENY
      X-Request-Id:
      - 2a5204dd-cf1e-4a6c-a472-f59d0dbed3ff
    status: 200 OK
    code: 200
    duration: ""
- request:
    body: ""
    form: {}
    headers:
      User-Agent:
      - scaleway-sdk-go/v1.0.0-beta.7+dev (go1.18.1; linux; amd64) terraform-provider/develop
        terraform/terraform-tests
    url: https://api.scaleway.com/redis/v1alpha1/zones/fr-par-2/clusters/c888d2a8-022d-4160-9dce-f11d4f40c471
    method: GET
  response:
    body: '{"id":"c888d2a8-022d-4160-9dce-f11d4f40c471","name":"test_redis_basic_edit","project_id":"fa1e3217-dc80-42ac-85c3-3f034b78b552","status":"destroying","version":"6.2.6","endpoints":[{"port":6379,"public_network":{},"ips":["51.159.148.93"],"id":"7bceb909-8646-4959-b488-6d6eba909c05"}],"tags":["test1","other_tag"],"node_type":"MDB-BETA-M","created_at":"2022-04-12T14:46:50.459015Z","updated_at":"2022-04-27T13:55:49.480887Z","tls_enabled":true,"cluster_settings":[],"acl_rules":[],"cluster_size":1,"zone":"fr-par-2"}'
    headers:
      Content-Length:
      - "515"
      Content-Security-Policy:
      - default-src 'none'; frame-ancestors 'none'
      Content-Type:
      - application/json
      Date:
      - Wed, 27 Apr 2022 13:56:10 GMT
      Server:
      - Scaleway API-Gateway
      Strict-Transport-Security:
      - max-age=63072000
      X-Content-Type-Options:
      - nosniff
      X-Frame-Options:
      - DENY
      X-Request-Id:
      - 5dd2bc6c-2998-4613-bd7f-9f559e9e6e3f
    status: 200 OK
    code: 200
    duration: ""
- request:
    body: ""
    form: {}
    headers:
      User-Agent:
      - scaleway-sdk-go/v1.0.0-beta.7+dev (go1.18.1; linux; amd64) terraform-provider/develop
        terraform/terraform-tests
    url: https://api.scaleway.com/redis/v1alpha1/zones/fr-par-2/clusters/c888d2a8-022d-4160-9dce-f11d4f40c471
    method: GET
  response:
    body: '{"id":"c888d2a8-022d-4160-9dce-f11d4f40c471","name":"test_redis_basic_edit","project_id":"fa1e3217-dc80-42ac-85c3-3f034b78b552","status":"destroying","version":"6.2.6","endpoints":[{"port":6379,"public_network":{},"ips":["51.159.148.93"],"id":"7bceb909-8646-4959-b488-6d6eba909c05"}],"tags":["test1","other_tag"],"node_type":"MDB-BETA-M","created_at":"2022-04-12T14:46:50.459015Z","updated_at":"2022-04-27T13:55:49.480887Z","tls_enabled":true,"cluster_settings":[],"acl_rules":[],"cluster_size":1,"zone":"fr-par-2"}'
    headers:
      Content-Length:
      - "515"
      Content-Security-Policy:
      - default-src 'none'; frame-ancestors 'none'
      Content-Type:
      - application/json
      Date:
      - Wed, 27 Apr 2022 13:56:15 GMT
      Server:
      - Scaleway API-Gateway
      Strict-Transport-Security:
      - max-age=63072000
      X-Content-Type-Options:
      - nosniff
      X-Frame-Options:
      - DENY
      X-Request-Id:
      - db28e6a0-3ab0-4a60-b2e7-716acb8cadfe
    status: 200 OK
    code: 200
    duration: ""
- request:
    body: ""
    form: {}
    headers:
      User-Agent:
      - scaleway-sdk-go/v1.0.0-beta.7+dev (go1.18.1; linux; amd64) terraform-provider/develop
        terraform/terraform-tests
    url: https://api.scaleway.com/redis/v1alpha1/zones/fr-par-2/clusters/c888d2a8-022d-4160-9dce-f11d4f40c471
    method: GET
  response:
    body: '{"id":"c888d2a8-022d-4160-9dce-f11d4f40c471","name":"test_redis_basic_edit","project_id":"fa1e3217-dc80-42ac-85c3-3f034b78b552","status":"destroying","version":"6.2.6","endpoints":[{"port":6379,"public_network":{},"ips":["51.159.148.93"],"id":"7bceb909-8646-4959-b488-6d6eba909c05"}],"tags":["test1","other_tag"],"node_type":"MDB-BETA-M","created_at":"2022-04-12T14:46:50.459015Z","updated_at":"2022-04-27T13:55:49.480887Z","tls_enabled":true,"cluster_settings":[],"acl_rules":[],"cluster_size":1,"zone":"fr-par-2"}'
    headers:
      Content-Length:
      - "515"
      Content-Security-Policy:
      - default-src 'none'; frame-ancestors 'none'
      Content-Type:
      - application/json
      Date:
      - Wed, 27 Apr 2022 13:56:20 GMT
      Server:
      - Scaleway API-Gateway
      Strict-Transport-Security:
      - max-age=63072000
      X-Content-Type-Options:
      - nosniff
      X-Frame-Options:
      - DENY
      X-Request-Id:
      - 0c3dcb5c-1e32-436e-bed9-25dc93fa1487
    status: 200 OK
    code: 200
    duration: ""
- request:
    body: ""
    form: {}
    headers:
      User-Agent:
      - scaleway-sdk-go/v1.0.0-beta.7+dev (go1.18.1; linux; amd64) terraform-provider/develop
        terraform/terraform-tests
    url: https://api.scaleway.com/redis/v1alpha1/zones/fr-par-2/clusters/c888d2a8-022d-4160-9dce-f11d4f40c471
    method: GET
  response:
    body: '{"id":"c888d2a8-022d-4160-9dce-f11d4f40c471","name":"test_redis_basic_edit","project_id":"fa1e3217-dc80-42ac-85c3-3f034b78b552","status":"destroying","version":"6.2.6","endpoints":[{"port":6379,"public_network":{},"ips":["51.159.148.93"],"id":"7bceb909-8646-4959-b488-6d6eba909c05"}],"tags":["test1","other_tag"],"node_type":"MDB-BETA-M","created_at":"2022-04-12T14:46:50.459015Z","updated_at":"2022-04-27T13:55:49.480887Z","tls_enabled":true,"cluster_settings":[],"acl_rules":[],"cluster_size":1,"zone":"fr-par-2"}'
    headers:
      Content-Length:
      - "515"
      Content-Security-Policy:
      - default-src 'none'; frame-ancestors 'none'
      Content-Type:
      - application/json
      Date:
      - Wed, 27 Apr 2022 13:56:25 GMT
      Server:
      - Scaleway API-Gateway
      Strict-Transport-Security:
      - max-age=63072000
      X-Content-Type-Options:
      - nosniff
      X-Frame-Options:
      - DENY
      X-Request-Id:
      - 41d1862d-423a-4121-92ec-be7b0289cd3d
    status: 200 OK
    code: 200
    duration: ""
- request:
    body: ""
    form: {}
    headers:
      User-Agent:
      - scaleway-sdk-go/v1.0.0-beta.7+dev (go1.18.1; linux; amd64) terraform-provider/develop
        terraform/terraform-tests
    url: https://api.scaleway.com/redis/v1alpha1/zones/fr-par-2/clusters/c888d2a8-022d-4160-9dce-f11d4f40c471
    method: GET
  response:
    body: '{"id":"c888d2a8-022d-4160-9dce-f11d4f40c471","name":"test_redis_basic_edit","project_id":"fa1e3217-dc80-42ac-85c3-3f034b78b552","status":"destroying","version":"6.2.6","endpoints":[{"port":6379,"public_network":{},"ips":["51.159.148.93"],"id":"7bceb909-8646-4959-b488-6d6eba909c05"}],"tags":["test1","other_tag"],"node_type":"MDB-BETA-M","created_at":"2022-04-12T14:46:50.459015Z","updated_at":"2022-04-27T13:55:49.480887Z","tls_enabled":true,"cluster_settings":[],"acl_rules":[],"cluster_size":1,"zone":"fr-par-2"}'
    headers:
      Content-Length:
      - "515"
      Content-Security-Policy:
      - default-src 'none'; frame-ancestors 'none'
      Content-Type:
      - application/json
      Date:
      - Wed, 27 Apr 2022 13:56:30 GMT
      Server:
      - Scaleway API-Gateway
      Strict-Transport-Security:
      - max-age=63072000
      X-Content-Type-Options:
      - nosniff
      X-Frame-Options:
      - DENY
      X-Request-Id:
      - c6475b49-f85e-4f3a-9af4-62cc6d8d314a
    status: 200 OK
    code: 200
    duration: ""
- request:
    body: ""
    form: {}
    headers:
      User-Agent:
      - scaleway-sdk-go/v1.0.0-beta.7+dev (go1.18.1; linux; amd64) terraform-provider/develop
        terraform/terraform-tests
    url: https://api.scaleway.com/redis/v1alpha1/zones/fr-par-2/clusters/c888d2a8-022d-4160-9dce-f11d4f40c471
    method: GET
  response:
    body: '{"id":"c888d2a8-022d-4160-9dce-f11d4f40c471","name":"test_redis_basic_edit","project_id":"fa1e3217-dc80-42ac-85c3-3f034b78b552","status":"destroying","version":"6.2.6","endpoints":[{"port":6379,"public_network":{},"ips":["51.159.148.93"],"id":"7bceb909-8646-4959-b488-6d6eba909c05"}],"tags":["test1","other_tag"],"node_type":"MDB-BETA-M","created_at":"2022-04-12T14:46:50.459015Z","updated_at":"2022-04-27T13:55:49.480887Z","tls_enabled":true,"cluster_settings":[],"acl_rules":[],"cluster_size":1,"zone":"fr-par-2"}'
    headers:
      Content-Length:
      - "515"
      Content-Security-Policy:
      - default-src 'none'; frame-ancestors 'none'
      Content-Type:
      - application/json
      Date:
      - Wed, 27 Apr 2022 13:56:36 GMT
      Server:
      - Scaleway API-Gateway
      Strict-Transport-Security:
      - max-age=63072000
      X-Content-Type-Options:
      - nosniff
      X-Frame-Options:
      - DENY
      X-Request-Id:
      - 24a71891-09dd-4695-af0b-c61e4947ed0d
    status: 200 OK
    code: 200
    duration: ""
- request:
    body: ""
    form: {}
    headers:
      User-Agent:
      - scaleway-sdk-go/v1.0.0-beta.7+dev (go1.18.1; linux; amd64) terraform-provider/develop
        terraform/terraform-tests
    url: https://api.scaleway.com/redis/v1alpha1/zones/fr-par-2/clusters/c888d2a8-022d-4160-9dce-f11d4f40c471
    method: GET
  response:
    body: '{"id":"c888d2a8-022d-4160-9dce-f11d4f40c471","name":"test_redis_basic_edit","project_id":"fa1e3217-dc80-42ac-85c3-3f034b78b552","status":"destroying","version":"6.2.6","endpoints":[{"port":6379,"public_network":{},"ips":["51.159.148.93"],"id":"7bceb909-8646-4959-b488-6d6eba909c05"}],"tags":["test1","other_tag"],"node_type":"MDB-BETA-M","created_at":"2022-04-12T14:46:50.459015Z","updated_at":"2022-04-27T13:55:49.480887Z","tls_enabled":true,"cluster_settings":[],"acl_rules":[],"cluster_size":1,"zone":"fr-par-2"}'
    headers:
      Content-Length:
      - "515"
      Content-Security-Policy:
      - default-src 'none'; frame-ancestors 'none'
      Content-Type:
      - application/json
      Date:
      - Wed, 27 Apr 2022 13:56:41 GMT
      Server:
      - Scaleway API-Gateway
      Strict-Transport-Security:
      - max-age=63072000
      X-Content-Type-Options:
      - nosniff
      X-Frame-Options:
      - DENY
      X-Request-Id:
      - 2331208d-df38-4f00-bd5f-c2753e97fb33
    status: 200 OK
    code: 200
    duration: ""
- request:
    body: ""
    form: {}
    headers:
      User-Agent:
      - scaleway-sdk-go/v1.0.0-beta.7+dev (go1.18.1; linux; amd64) terraform-provider/develop
        terraform/terraform-tests
    url: https://api.scaleway.com/redis/v1alpha1/zones/fr-par-2/clusters/c888d2a8-022d-4160-9dce-f11d4f40c471
    method: GET
  response:
    body: '{"message":"resource is not found","resource":"cluster","resource_id":"c888d2a8-022d-4160-9dce-f11d4f40c471","type":"not_found"}'
    headers:
      Content-Length:
      - "128"
      Content-Security-Policy:
      - default-src 'none'; frame-ancestors 'none'
      Content-Type:
      - application/json
      Date:
      - Wed, 27 Apr 2022 13:56:46 GMT
      Server:
      - Scaleway API-Gateway
      Strict-Transport-Security:
      - max-age=63072000
      X-Content-Type-Options:
      - nosniff
      X-Frame-Options:
      - DENY
      X-Request-Id:
      - 8317eec7-9750-4deb-b174-c7dad8ee494e
    status: 404 Not Found
    code: 404
    duration: ""
- request:
    body: ""
    form: {}
    headers:
      User-Agent:
      - scaleway-sdk-go/v1.0.0-beta.7+dev (go1.18.1; linux; amd64) terraform-provider/develop
        terraform/terraform-tests
    url: https://api.scaleway.com/redis/v1alpha1/zones/fr-par-2/clusters/c888d2a8-022d-4160-9dce-f11d4f40c471
    method: GET
  response:
    body: '{"message":"resource is not found","resource":"cluster","resource_id":"c888d2a8-022d-4160-9dce-f11d4f40c471","type":"not_found"}'
    headers:
      Content-Length:
      - "128"
      Content-Security-Policy:
      - default-src 'none'; frame-ancestors 'none'
      Content-Type:
      - application/json
      Date:
      - Wed, 27 Apr 2022 13:56:46 GMT
      Server:
      - Scaleway API-Gateway
      Strict-Transport-Security:
      - max-age=63072000
      X-Content-Type-Options:
      - nosniff
      X-Frame-Options:
      - DENY
      X-Request-Id:
      - 47322a62-1f25-422e-8b55-067470024f1f
    status: 404 Not Found
    code: 404
    duration: ""
