---
version: 1
interactions:
- request:
    body: ""
    form: {}
    headers:
      User-Agent:
      - scaleway-sdk-go/v1.0.0-beta.7+dev (go1.20.4; darwin; amd64) terraform-provider/develop
        terraform/terraform-tests
    url: https://api.scaleway.com/redis/v1/zones/fr-par-1/cluster-versions?include_beta=false&include_deprecated=false&include_disabled=false
    method: GET
  response:
    body: '{"total_count":2,"versions":[{"available_settings":[{"default_value":"300","deprecated":false,"description":"The
      specified value (in seconds) is the period used to send ACKs.","max_value":65536,"min_value":null,"name":"tcp-keepalive","regex":null,"type":"INT"},{"default_value":"10000","deprecated":false,"description":"Set
      the max number of connected clients at the same time.","max_value":65536,"min_value":100,"name":"maxclients","regex":null,"type":"INT"},{"default_value":"noeviction","deprecated":false,"description":"How
      Redis will select what to remove when maxmemory is reached: https://redis.io/topics/lru-cache.","max_value":null,"min_value":null,"name":"maxmemory-policy","regex":"volatile-lru|allkeys-lru|volatile-lfu|allkeys-lfu|volatile-random|allkeys-random|volatile-ttl|noeviction","type":"STRING"},{"default_value":"16","deprecated":false,"description":"Set
      number of Redis databases","max_value":128,"min_value":1,"name":"databases","regex":null,"type":"INT"}],"end_of_life_at":"2024-10-28T00:00:00Z","logo_url":"https://s3.fr-par.scw.cloud/scw-rkv-logos/logo.svg","version":"7.0.5","zone":"fr-par-1"},{"available_settings":[{"default_value":"300","deprecated":false,"description":"The
      specified value (in seconds) is the period used to send ACKs.","max_value":65536,"min_value":null,"name":"tcp-keepalive","regex":null,"type":"INT"},{"default_value":"noeviction","deprecated":false,"description":"How
      Redis will select what to remove when maxmemory is reached: https://redis.io/topics/lru-cache.","max_value":null,"min_value":null,"name":"maxmemory-policy","regex":"volatile-lru|allkeys-lru|volatile-lfu|allkeys-lfu|volatile-random|allkeys-random|volatile-ttl|noeviction","type":"STRING"},{"default_value":"10000","deprecated":false,"description":"Set
      the max number of connected clients at the same time.","max_value":65536,"min_value":100,"name":"maxclients","regex":null,"type":"INT"},{"default_value":"16","deprecated":false,"description":"Set
      number of Redis databases","max_value":128,"min_value":1,"name":"databases","regex":null,"type":"INT"}],"end_of_life_at":"2023-02-28T00:00:00Z","logo_url":"https://s3.fr-par.scw.cloud/scw-rkv-logos/logo.svg","version":"6.2.7","zone":"fr-par-1"}]}'
    headers:
      Content-Length:
      - "2286"
      Content-Security-Policy:
      - default-src 'none'; frame-ancestors 'none'
      Content-Type:
      - application/json
      Date:
      - Thu, 06 Jul 2023 15:06:43 GMT
      Server:
      - Scaleway API-Gateway
      Strict-Transport-Security:
      - max-age=63072000
      X-Content-Type-Options:
      - nosniff
      X-Frame-Options:
      - DENY
      X-Request-Id:
      - 01cdd492-33ce-45ce-912a-82d27937d4e9
    status: 200 OK
    code: 200
    duration: ""
- request:
    body: '{"name":"private-network","project_id":"564aa517-68b0-4fd7-8c8c-d21c4bcdcbd5","tags":null,"subnets":null}'
    form: {}
    headers:
      Content-Type:
      - application/json
      User-Agent:
      - scaleway-sdk-go/v1.0.0-beta.7+dev (go1.20.4; darwin; amd64) terraform-provider/develop
        terraform/terraform-tests
    url: https://api.scaleway.com/vpc/v1/zones/fr-par-1/private-networks
    method: POST
  response:
    body: '{"created_at":"2023-07-06T15:06:44.252083Z","id":"871c16b6-40e2-4f7c-ba92-95bc70ce9df0","name":"private-network","organization_id":"564aa517-68b0-4fd7-8c8c-d21c4bcdcbd5","project_id":"564aa517-68b0-4fd7-8c8c-d21c4bcdcbd5","subnets":["172.16.52.0/22","fd46:78ab:30b8:75f1::/64"],"tags":[],"updated_at":"2023-07-06T15:06:44.252083Z","zone":"fr-par-1"}'
    headers:
      Content-Length:
      - "358"
      Content-Security-Policy:
      - default-src 'none'; frame-ancestors 'none'
      Content-Type:
      - application/json
      Date:
      - Thu, 06 Jul 2023 15:06:44 GMT
      Server:
      - Scaleway API-Gateway
      Strict-Transport-Security:
      - max-age=63072000
      X-Content-Type-Options:
      - nosniff
      X-Frame-Options:
      - DENY
      X-Request-Id:
      - fb91c127-b922-4c2c-905f-fbd0f32b9045
    status: 200 OK
    code: 200
    duration: ""
- request:
    body: ""
    form: {}
    headers:
      User-Agent:
      - scaleway-sdk-go/v1.0.0-beta.7+dev (go1.20.4; darwin; amd64) terraform-provider/develop
        terraform/terraform-tests
    url: https://api.scaleway.com/vpc/v1/zones/fr-par-1/private-networks/871c16b6-40e2-4f7c-ba92-95bc70ce9df0
    method: GET
  response:
    body: '{"created_at":"2023-07-06T15:06:44.252083Z","id":"871c16b6-40e2-4f7c-ba92-95bc70ce9df0","name":"private-network","organization_id":"564aa517-68b0-4fd7-8c8c-d21c4bcdcbd5","project_id":"564aa517-68b0-4fd7-8c8c-d21c4bcdcbd5","subnets":["172.16.52.0/22","fd46:78ab:30b8:75f1::/64"],"tags":[],"updated_at":"2023-07-06T15:06:44.252083Z","zone":"fr-par-1"}'
    headers:
      Content-Length:
      - "358"
      Content-Security-Policy:
      - default-src 'none'; frame-ancestors 'none'
      Content-Type:
      - application/json
      Date:
      - Thu, 06 Jul 2023 15:06:44 GMT
      Server:
      - Scaleway API-Gateway
      Strict-Transport-Security:
      - max-age=63072000
      X-Content-Type-Options:
      - nosniff
      X-Frame-Options:
      - DENY
      X-Request-Id:
      - 4286648c-e56c-434a-a2f4-02e1a193f2b3
    status: 200 OK
    code: 200
    duration: ""
- request:
    body: '{"project_id":"564aa517-68b0-4fd7-8c8c-d21c4bcdcbd5","name":"test_redis_endpoints","version":"7.0.5","tags":null,"node_type":"RED1-XS","user_name":"my_initial_user","password":"thiZ_is_v\u0026ry_s3cret","cluster_size":1,"acl_rules":null,"endpoints":[{"private_network":{"id":"871c16b6-40e2-4f7c-ba92-95bc70ce9df0","service_ips":["10.12.1.0/20"],"ipam_config":null}}],"tls_enabled":false,"cluster_settings":null}'
    form: {}
    headers:
      Content-Type:
      - application/json
      User-Agent:
      - scaleway-sdk-go/v1.0.0-beta.7+dev (go1.20.4; darwin; amd64) terraform-provider/develop
        terraform/terraform-tests
    url: https://api.scaleway.com/redis/v1/zones/fr-par-1/clusters
    method: POST
  response:
    body: '{"acl_rules":[],"cluster_settings":[],"cluster_size":1,"created_at":"2023-07-06T15:06:45.023571Z","endpoints":[{"id":"e5ad0477-3200-413b-a182-1d99cc5d26c8","ips":["10.12.1.0"],"port":6379,"private_network":{"id":"871c16b6-40e2-4f7c-ba92-95bc70ce9df0","provisioning_mode":"static","service_ips":["10.12.1.0/20"],"zone":"fr-par-1"}}],"id":"b38093d2-d2c7-477a-81e3-a92d6b419862","name":"test_redis_endpoints","node_type":"RED1-XS","project_id":"564aa517-68b0-4fd7-8c8c-d21c4bcdcbd5","status":"provisioning","tags":[],"tls_enabled":false,"updated_at":null,"upgradable_versions":[],"user_name":"my_initial_user","version":"7.0.5","zone":"fr-par-1"}'
    headers:
      Content-Length:
      - "665"
      Content-Security-Policy:
      - default-src 'none'; frame-ancestors 'none'
      Content-Type:
      - application/json
      Date:
      - Thu, 06 Jul 2023 15:06:45 GMT
      Server:
      - Scaleway API-Gateway
      Strict-Transport-Security:
      - max-age=63072000
      X-Content-Type-Options:
      - nosniff
      X-Frame-Options:
      - DENY
      X-Request-Id:
      - 8020f594-ca43-4596-a9cc-5eea8771a295
    status: 200 OK
    code: 200
    duration: ""
- request:
    body: ""
    form: {}
    headers:
      User-Agent:
      - scaleway-sdk-go/v1.0.0-beta.7+dev (go1.20.4; darwin; amd64) terraform-provider/develop
        terraform/terraform-tests
    url: https://api.scaleway.com/redis/v1/zones/fr-par-1/clusters/b38093d2-d2c7-477a-81e3-a92d6b419862
    method: GET
  response:
    body: '{"acl_rules":[],"cluster_settings":[],"cluster_size":1,"created_at":"2023-07-06T15:06:45.023571Z","endpoints":[{"id":"e5ad0477-3200-413b-a182-1d99cc5d26c8","ips":["10.12.1.0"],"port":6379,"private_network":{"id":"871c16b6-40e2-4f7c-ba92-95bc70ce9df0","provisioning_mode":"static","service_ips":["10.12.1.0/20"],"zone":"fr-par-1"}}],"id":"b38093d2-d2c7-477a-81e3-a92d6b419862","name":"test_redis_endpoints","node_type":"RED1-XS","project_id":"564aa517-68b0-4fd7-8c8c-d21c4bcdcbd5","status":"provisioning","tags":[],"tls_enabled":false,"updated_at":null,"upgradable_versions":[],"user_name":"my_initial_user","version":"7.0.5","zone":"fr-par-1"}'
    headers:
      Content-Length:
      - "665"
      Content-Security-Policy:
      - default-src 'none'; frame-ancestors 'none'
      Content-Type:
      - application/json
      Date:
      - Thu, 06 Jul 2023 15:06:45 GMT
      Server:
      - Scaleway API-Gateway
      Strict-Transport-Security:
      - max-age=63072000
      X-Content-Type-Options:
      - nosniff
      X-Frame-Options:
      - DENY
      X-Request-Id:
      - 1529a8f9-5573-4ed2-b3e8-cd535b1b67ee
    status: 200 OK
    code: 200
    duration: ""
- request:
    body: ""
    form: {}
    headers:
      User-Agent:
      - scaleway-sdk-go/v1.0.0-beta.7+dev (go1.20.4; darwin; amd64) terraform-provider/develop
        terraform/terraform-tests
    url: https://api.scaleway.com/redis/v1/zones/fr-par-1/clusters/b38093d2-d2c7-477a-81e3-a92d6b419862
    method: GET
  response:
    body: '{"acl_rules":[],"cluster_settings":[],"cluster_size":1,"created_at":"2023-07-06T15:06:45.023571Z","endpoints":[{"id":"e5ad0477-3200-413b-a182-1d99cc5d26c8","ips":["10.12.1.0"],"port":6379,"private_network":{"id":"871c16b6-40e2-4f7c-ba92-95bc70ce9df0","provisioning_mode":"static","service_ips":["10.12.1.0/20"],"zone":"fr-par-1"}}],"id":"b38093d2-d2c7-477a-81e3-a92d6b419862","name":"test_redis_endpoints","node_type":"RED1-XS","project_id":"564aa517-68b0-4fd7-8c8c-d21c4bcdcbd5","status":"provisioning","tags":[],"tls_enabled":false,"updated_at":null,"upgradable_versions":[],"user_name":"my_initial_user","version":"7.0.5","zone":"fr-par-1"}'
    headers:
      Content-Length:
      - "665"
      Content-Security-Policy:
      - default-src 'none'; frame-ancestors 'none'
      Content-Type:
      - application/json
      Date:
      - Thu, 06 Jul 2023 15:06:50 GMT
      Server:
      - Scaleway API-Gateway
      Strict-Transport-Security:
      - max-age=63072000
      X-Content-Type-Options:
      - nosniff
      X-Frame-Options:
      - DENY
      X-Request-Id:
      - 09c6b357-cb32-455f-8a63-29cb93be4920
    status: 200 OK
    code: 200
    duration: ""
- request:
    body: ""
    form: {}
    headers:
      User-Agent:
      - scaleway-sdk-go/v1.0.0-beta.7+dev (go1.20.4; darwin; amd64) terraform-provider/develop
        terraform/terraform-tests
    url: https://api.scaleway.com/redis/v1/zones/fr-par-1/clusters/b38093d2-d2c7-477a-81e3-a92d6b419862
    method: GET
  response:
    body: '{"acl_rules":[],"cluster_settings":[],"cluster_size":1,"created_at":"2023-07-06T15:06:45.023571Z","endpoints":[{"id":"e5ad0477-3200-413b-a182-1d99cc5d26c8","ips":["10.12.1.0"],"port":6379,"private_network":{"id":"871c16b6-40e2-4f7c-ba92-95bc70ce9df0","provisioning_mode":"static","service_ips":["10.12.1.0/20"],"zone":"fr-par-1"}}],"id":"b38093d2-d2c7-477a-81e3-a92d6b419862","name":"test_redis_endpoints","node_type":"RED1-XS","project_id":"564aa517-68b0-4fd7-8c8c-d21c4bcdcbd5","status":"provisioning","tags":[],"tls_enabled":false,"updated_at":null,"upgradable_versions":[],"user_name":"my_initial_user","version":"7.0.5","zone":"fr-par-1"}'
    headers:
      Content-Length:
      - "665"
      Content-Security-Policy:
      - default-src 'none'; frame-ancestors 'none'
      Content-Type:
      - application/json
      Date:
      - Thu, 06 Jul 2023 15:06:55 GMT
      Server:
      - Scaleway API-Gateway
      Strict-Transport-Security:
      - max-age=63072000
      X-Content-Type-Options:
      - nosniff
      X-Frame-Options:
      - DENY
      X-Request-Id:
      - a65d3e53-46f4-4a3e-a994-1a23f36f0784
    status: 200 OK
    code: 200
    duration: ""
- request:
    body: ""
    form: {}
    headers:
      User-Agent:
      - scaleway-sdk-go/v1.0.0-beta.7+dev (go1.20.4; darwin; amd64) terraform-provider/develop
        terraform/terraform-tests
    url: https://api.scaleway.com/redis/v1/zones/fr-par-1/clusters/b38093d2-d2c7-477a-81e3-a92d6b419862
    method: GET
  response:
    body: '{"acl_rules":[],"cluster_settings":[],"cluster_size":1,"created_at":"2023-07-06T15:06:45.023571Z","endpoints":[{"id":"e5ad0477-3200-413b-a182-1d99cc5d26c8","ips":["10.12.1.0"],"port":6379,"private_network":{"id":"871c16b6-40e2-4f7c-ba92-95bc70ce9df0","provisioning_mode":"static","service_ips":["10.12.1.0/20"],"zone":"fr-par-1"}}],"id":"b38093d2-d2c7-477a-81e3-a92d6b419862","name":"test_redis_endpoints","node_type":"RED1-XS","project_id":"564aa517-68b0-4fd7-8c8c-d21c4bcdcbd5","status":"provisioning","tags":[],"tls_enabled":false,"updated_at":null,"upgradable_versions":[],"user_name":"my_initial_user","version":"7.0.5","zone":"fr-par-1"}'
    headers:
      Content-Length:
      - "665"
      Content-Security-Policy:
      - default-src 'none'; frame-ancestors 'none'
      Content-Type:
      - application/json
      Date:
      - Thu, 06 Jul 2023 15:07:00 GMT
      Server:
      - Scaleway API-Gateway
      Strict-Transport-Security:
      - max-age=63072000
      X-Content-Type-Options:
      - nosniff
      X-Frame-Options:
      - DENY
      X-Request-Id:
      - e0f5ae80-70b5-42b2-928a-f5271b749a21
    status: 200 OK
    code: 200
    duration: ""
- request:
    body: ""
    form: {}
    headers:
      User-Agent:
      - scaleway-sdk-go/v1.0.0-beta.7+dev (go1.20.4; darwin; amd64) terraform-provider/develop
        terraform/terraform-tests
    url: https://api.scaleway.com/redis/v1/zones/fr-par-1/clusters/b38093d2-d2c7-477a-81e3-a92d6b419862
    method: GET
  response:
    body: '{"acl_rules":[],"cluster_settings":[],"cluster_size":1,"created_at":"2023-07-06T15:06:45.023571Z","endpoints":[{"id":"e5ad0477-3200-413b-a182-1d99cc5d26c8","ips":["10.12.1.0"],"port":6379,"private_network":{"id":"871c16b6-40e2-4f7c-ba92-95bc70ce9df0","provisioning_mode":"static","service_ips":["10.12.1.0/20"],"zone":"fr-par-1"}}],"id":"b38093d2-d2c7-477a-81e3-a92d6b419862","name":"test_redis_endpoints","node_type":"RED1-XS","project_id":"564aa517-68b0-4fd7-8c8c-d21c4bcdcbd5","status":"provisioning","tags":[],"tls_enabled":false,"updated_at":null,"upgradable_versions":[],"user_name":"my_initial_user","version":"7.0.5","zone":"fr-par-1"}'
    headers:
      Content-Length:
      - "665"
      Content-Security-Policy:
      - default-src 'none'; frame-ancestors 'none'
      Content-Type:
      - application/json
      Date:
      - Thu, 06 Jul 2023 15:07:05 GMT
      Server:
      - Scaleway API-Gateway
      Strict-Transport-Security:
      - max-age=63072000
      X-Content-Type-Options:
      - nosniff
      X-Frame-Options:
      - DENY
      X-Request-Id:
      - 6e1d7a3c-e9e8-4267-a9fe-837047c8f6c7
    status: 200 OK
    code: 200
    duration: ""
- request:
    body: ""
    form: {}
    headers:
      User-Agent:
      - scaleway-sdk-go/v1.0.0-beta.7+dev (go1.20.4; darwin; amd64) terraform-provider/develop
        terraform/terraform-tests
    url: https://api.scaleway.com/redis/v1/zones/fr-par-1/clusters/b38093d2-d2c7-477a-81e3-a92d6b419862
    method: GET
  response:
    body: '{"acl_rules":[],"cluster_settings":[],"cluster_size":1,"created_at":"2023-07-06T15:06:45.023571Z","endpoints":[{"id":"e5ad0477-3200-413b-a182-1d99cc5d26c8","ips":["10.12.1.0"],"port":6379,"private_network":{"id":"871c16b6-40e2-4f7c-ba92-95bc70ce9df0","provisioning_mode":"static","service_ips":["10.12.1.0/20"],"zone":"fr-par-1"}}],"id":"b38093d2-d2c7-477a-81e3-a92d6b419862","name":"test_redis_endpoints","node_type":"RED1-XS","project_id":"564aa517-68b0-4fd7-8c8c-d21c4bcdcbd5","status":"provisioning","tags":[],"tls_enabled":false,"updated_at":null,"upgradable_versions":[],"user_name":"my_initial_user","version":"7.0.5","zone":"fr-par-1"}'
    headers:
      Content-Length:
      - "665"
      Content-Security-Policy:
      - default-src 'none'; frame-ancestors 'none'
      Content-Type:
      - application/json
      Date:
      - Thu, 06 Jul 2023 15:07:11 GMT
      Server:
      - Scaleway API-Gateway
      Strict-Transport-Security:
      - max-age=63072000
      X-Content-Type-Options:
      - nosniff
      X-Frame-Options:
      - DENY
      X-Request-Id:
      - 0c7b71ee-5d3a-4936-b3f5-fefd6d2d3e5d
    status: 200 OK
    code: 200
    duration: ""
- request:
    body: ""
    form: {}
    headers:
      User-Agent:
      - scaleway-sdk-go/v1.0.0-beta.7+dev (go1.20.4; darwin; amd64) terraform-provider/develop
        terraform/terraform-tests
    url: https://api.scaleway.com/redis/v1/zones/fr-par-1/clusters/b38093d2-d2c7-477a-81e3-a92d6b419862
    method: GET
  response:
    body: '{"acl_rules":[],"cluster_settings":[],"cluster_size":1,"created_at":"2023-07-06T15:06:45.023571Z","endpoints":[{"id":"e5ad0477-3200-413b-a182-1d99cc5d26c8","ips":["10.12.1.0"],"port":6379,"private_network":{"id":"871c16b6-40e2-4f7c-ba92-95bc70ce9df0","provisioning_mode":"static","service_ips":["10.12.1.0/20"],"zone":"fr-par-1"}}],"id":"b38093d2-d2c7-477a-81e3-a92d6b419862","name":"test_redis_endpoints","node_type":"RED1-XS","project_id":"564aa517-68b0-4fd7-8c8c-d21c4bcdcbd5","status":"provisioning","tags":[],"tls_enabled":false,"updated_at":null,"upgradable_versions":[],"user_name":"my_initial_user","version":"7.0.5","zone":"fr-par-1"}'
    headers:
      Content-Length:
      - "665"
      Content-Security-Policy:
      - default-src 'none'; frame-ancestors 'none'
      Content-Type:
      - application/json
      Date:
      - Thu, 06 Jul 2023 15:07:16 GMT
      Server:
      - Scaleway API-Gateway
      Strict-Transport-Security:
      - max-age=63072000
      X-Content-Type-Options:
      - nosniff
      X-Frame-Options:
      - DENY
      X-Request-Id:
      - 9ee60cfa-2070-4ae0-8773-34a3ff579774
    status: 200 OK
    code: 200
    duration: ""
- request:
    body: ""
    form: {}
    headers:
      User-Agent:
      - scaleway-sdk-go/v1.0.0-beta.7+dev (go1.20.4; darwin; amd64) terraform-provider/develop
        terraform/terraform-tests
    url: https://api.scaleway.com/redis/v1/zones/fr-par-1/clusters/b38093d2-d2c7-477a-81e3-a92d6b419862
    method: GET
  response:
    body: '{"acl_rules":[],"cluster_settings":[],"cluster_size":1,"created_at":"2023-07-06T15:06:45.023571Z","endpoints":[{"id":"e5ad0477-3200-413b-a182-1d99cc5d26c8","ips":["10.12.1.0"],"port":6379,"private_network":{"id":"871c16b6-40e2-4f7c-ba92-95bc70ce9df0","provisioning_mode":"static","service_ips":["10.12.1.0/20"],"zone":"fr-par-1"}}],"id":"b38093d2-d2c7-477a-81e3-a92d6b419862","name":"test_redis_endpoints","node_type":"RED1-XS","project_id":"564aa517-68b0-4fd7-8c8c-d21c4bcdcbd5","status":"provisioning","tags":[],"tls_enabled":false,"updated_at":null,"upgradable_versions":[],"user_name":"my_initial_user","version":"7.0.5","zone":"fr-par-1"}'
    headers:
      Content-Length:
      - "665"
      Content-Security-Policy:
      - default-src 'none'; frame-ancestors 'none'
      Content-Type:
      - application/json
      Date:
      - Thu, 06 Jul 2023 15:07:21 GMT
      Server:
      - Scaleway API-Gateway
      Strict-Transport-Security:
      - max-age=63072000
      X-Content-Type-Options:
      - nosniff
      X-Frame-Options:
      - DENY
      X-Request-Id:
      - bd3d66d8-ef07-4e58-be23-bcaea2aacb76
    status: 200 OK
    code: 200
    duration: ""
- request:
    body: ""
    form: {}
    headers:
      User-Agent:
      - scaleway-sdk-go/v1.0.0-beta.7+dev (go1.20.4; darwin; amd64) terraform-provider/develop
        terraform/terraform-tests
    url: https://api.scaleway.com/redis/v1/zones/fr-par-1/clusters/b38093d2-d2c7-477a-81e3-a92d6b419862
    method: GET
  response:
    body: '{"acl_rules":[],"cluster_settings":[],"cluster_size":1,"created_at":"2023-07-06T15:06:45.023571Z","endpoints":[{"id":"e5ad0477-3200-413b-a182-1d99cc5d26c8","ips":["10.12.1.0"],"port":6379,"private_network":{"id":"871c16b6-40e2-4f7c-ba92-95bc70ce9df0","provisioning_mode":"static","service_ips":["10.12.1.0/20"],"zone":"fr-par-1"}}],"id":"b38093d2-d2c7-477a-81e3-a92d6b419862","name":"test_redis_endpoints","node_type":"RED1-XS","project_id":"564aa517-68b0-4fd7-8c8c-d21c4bcdcbd5","status":"provisioning","tags":[],"tls_enabled":false,"updated_at":null,"upgradable_versions":[],"user_name":"my_initial_user","version":"7.0.5","zone":"fr-par-1"}'
    headers:
      Content-Length:
      - "665"
      Content-Security-Policy:
      - default-src 'none'; frame-ancestors 'none'
      Content-Type:
      - application/json
      Date:
      - Thu, 06 Jul 2023 15:07:26 GMT
      Server:
      - Scaleway API-Gateway
      Strict-Transport-Security:
      - max-age=63072000
      X-Content-Type-Options:
      - nosniff
      X-Frame-Options:
      - DENY
      X-Request-Id:
      - bdabd32d-ab7b-4e25-a991-63a2aaf70862
    status: 200 OK
    code: 200
    duration: ""
- request:
    body: ""
    form: {}
    headers:
      User-Agent:
      - scaleway-sdk-go/v1.0.0-beta.7+dev (go1.20.4; darwin; amd64) terraform-provider/develop
        terraform/terraform-tests
    url: https://api.scaleway.com/redis/v1/zones/fr-par-1/clusters/b38093d2-d2c7-477a-81e3-a92d6b419862
    method: GET
  response:
    body: '{"acl_rules":[],"cluster_settings":[],"cluster_size":1,"created_at":"2023-07-06T15:06:45.023571Z","endpoints":[{"id":"e5ad0477-3200-413b-a182-1d99cc5d26c8","ips":["10.12.1.0"],"port":6379,"private_network":{"id":"871c16b6-40e2-4f7c-ba92-95bc70ce9df0","provisioning_mode":"static","service_ips":["10.12.1.0/20"],"zone":"fr-par-1"}}],"id":"b38093d2-d2c7-477a-81e3-a92d6b419862","name":"test_redis_endpoints","node_type":"RED1-XS","project_id":"564aa517-68b0-4fd7-8c8c-d21c4bcdcbd5","status":"provisioning","tags":[],"tls_enabled":false,"updated_at":null,"upgradable_versions":[],"user_name":"my_initial_user","version":"7.0.5","zone":"fr-par-1"}'
    headers:
      Content-Length:
      - "665"
      Content-Security-Policy:
      - default-src 'none'; frame-ancestors 'none'
      Content-Type:
      - application/json
      Date:
      - Thu, 06 Jul 2023 15:07:31 GMT
      Server:
      - Scaleway API-Gateway
      Strict-Transport-Security:
      - max-age=63072000
      X-Content-Type-Options:
      - nosniff
      X-Frame-Options:
      - DENY
      X-Request-Id:
      - d88c493c-3df4-470d-84e9-b6f923d3a38d
    status: 200 OK
    code: 200
    duration: ""
- request:
    body: ""
    form: {}
    headers:
      User-Agent:
      - scaleway-sdk-go/v1.0.0-beta.7+dev (go1.20.4; darwin; amd64) terraform-provider/develop
        terraform/terraform-tests
    url: https://api.scaleway.com/redis/v1/zones/fr-par-1/clusters/b38093d2-d2c7-477a-81e3-a92d6b419862
    method: GET
  response:
    body: '{"acl_rules":[],"cluster_settings":[],"cluster_size":1,"created_at":"2023-07-06T15:06:45.023571Z","endpoints":[{"id":"e5ad0477-3200-413b-a182-1d99cc5d26c8","ips":["10.12.1.0"],"port":6379,"private_network":{"id":"871c16b6-40e2-4f7c-ba92-95bc70ce9df0","provisioning_mode":"static","service_ips":["10.12.1.0/20"],"zone":"fr-par-1"}}],"id":"b38093d2-d2c7-477a-81e3-a92d6b419862","name":"test_redis_endpoints","node_type":"RED1-XS","project_id":"564aa517-68b0-4fd7-8c8c-d21c4bcdcbd5","status":"provisioning","tags":[],"tls_enabled":false,"updated_at":null,"upgradable_versions":[],"user_name":"my_initial_user","version":"7.0.5","zone":"fr-par-1"}'
    headers:
      Content-Length:
      - "665"
      Content-Security-Policy:
      - default-src 'none'; frame-ancestors 'none'
      Content-Type:
      - application/json
      Date:
      - Thu, 06 Jul 2023 15:07:36 GMT
      Server:
      - Scaleway API-Gateway
      Strict-Transport-Security:
      - max-age=63072000
      X-Content-Type-Options:
      - nosniff
      X-Frame-Options:
      - DENY
      X-Request-Id:
      - dd1b43bf-6812-48b8-9a0b-3dabe89a8a28
    status: 200 OK
    code: 200
    duration: ""
- request:
    body: ""
    form: {}
    headers:
      User-Agent:
      - scaleway-sdk-go/v1.0.0-beta.7+dev (go1.20.4; darwin; amd64) terraform-provider/develop
        terraform/terraform-tests
    url: https://api.scaleway.com/redis/v1/zones/fr-par-1/clusters/b38093d2-d2c7-477a-81e3-a92d6b419862
    method: GET
  response:
    body: '{"acl_rules":[],"cluster_settings":[],"cluster_size":1,"created_at":"2023-07-06T15:06:45.023571Z","endpoints":[{"id":"e5ad0477-3200-413b-a182-1d99cc5d26c8","ips":["10.12.1.0"],"port":6379,"private_network":{"id":"871c16b6-40e2-4f7c-ba92-95bc70ce9df0","provisioning_mode":"static","service_ips":["10.12.1.0/20"],"zone":"fr-par-1"}}],"id":"b38093d2-d2c7-477a-81e3-a92d6b419862","name":"test_redis_endpoints","node_type":"RED1-XS","project_id":"564aa517-68b0-4fd7-8c8c-d21c4bcdcbd5","status":"provisioning","tags":[],"tls_enabled":false,"updated_at":null,"upgradable_versions":[],"user_name":"my_initial_user","version":"7.0.5","zone":"fr-par-1"}'
    headers:
      Content-Length:
      - "665"
      Content-Security-Policy:
      - default-src 'none'; frame-ancestors 'none'
      Content-Type:
      - application/json
      Date:
      - Thu, 06 Jul 2023 15:07:41 GMT
      Server:
      - Scaleway API-Gateway
      Strict-Transport-Security:
      - max-age=63072000
      X-Content-Type-Options:
      - nosniff
      X-Frame-Options:
      - DENY
      X-Request-Id:
      - 02aaf645-37de-4cd1-983b-29807bf548ef
    status: 200 OK
    code: 200
    duration: ""
- request:
    body: ""
    form: {}
    headers:
      User-Agent:
      - scaleway-sdk-go/v1.0.0-beta.7+dev (go1.20.4; darwin; amd64) terraform-provider/develop
        terraform/terraform-tests
    url: https://api.scaleway.com/redis/v1/zones/fr-par-1/clusters/b38093d2-d2c7-477a-81e3-a92d6b419862
    method: GET
  response:
    body: '{"acl_rules":[],"cluster_settings":[],"cluster_size":1,"created_at":"2023-07-06T15:06:45.023571Z","endpoints":[{"id":"e5ad0477-3200-413b-a182-1d99cc5d26c8","ips":["10.12.1.0"],"port":6379,"private_network":{"id":"871c16b6-40e2-4f7c-ba92-95bc70ce9df0","provisioning_mode":"static","service_ips":["10.12.1.0/20"],"zone":"fr-par-1"}}],"id":"b38093d2-d2c7-477a-81e3-a92d6b419862","name":"test_redis_endpoints","node_type":"RED1-XS","project_id":"564aa517-68b0-4fd7-8c8c-d21c4bcdcbd5","status":"provisioning","tags":[],"tls_enabled":false,"updated_at":null,"upgradable_versions":[],"user_name":"my_initial_user","version":"7.0.5","zone":"fr-par-1"}'
    headers:
      Content-Length:
      - "665"
      Content-Security-Policy:
      - default-src 'none'; frame-ancestors 'none'
      Content-Type:
      - application/json
      Date:
      - Thu, 06 Jul 2023 15:07:46 GMT
      Server:
      - Scaleway API-Gateway
      Strict-Transport-Security:
      - max-age=63072000
      X-Content-Type-Options:
      - nosniff
      X-Frame-Options:
      - DENY
      X-Request-Id:
      - 3ff5d05c-12ee-4eaf-8d99-c126ce20b57f
    status: 200 OK
    code: 200
    duration: ""
- request:
    body: ""
    form: {}
    headers:
      User-Agent:
      - scaleway-sdk-go/v1.0.0-beta.7+dev (go1.20.4; darwin; amd64) terraform-provider/develop
        terraform/terraform-tests
    url: https://api.scaleway.com/redis/v1/zones/fr-par-1/clusters/b38093d2-d2c7-477a-81e3-a92d6b419862
    method: GET
  response:
    body: '{"acl_rules":[],"cluster_settings":[],"cluster_size":1,"created_at":"2023-07-06T15:06:45.023571Z","endpoints":[{"id":"e5ad0477-3200-413b-a182-1d99cc5d26c8","ips":["10.12.1.0"],"port":6379,"private_network":{"id":"871c16b6-40e2-4f7c-ba92-95bc70ce9df0","provisioning_mode":"static","service_ips":["10.12.1.0/20"],"zone":"fr-par-1"}}],"id":"b38093d2-d2c7-477a-81e3-a92d6b419862","name":"test_redis_endpoints","node_type":"RED1-XS","project_id":"564aa517-68b0-4fd7-8c8c-d21c4bcdcbd5","status":"provisioning","tags":[],"tls_enabled":false,"updated_at":null,"upgradable_versions":[],"user_name":"my_initial_user","version":"7.0.5","zone":"fr-par-1"}'
    headers:
      Content-Length:
      - "665"
      Content-Security-Policy:
      - default-src 'none'; frame-ancestors 'none'
      Content-Type:
      - application/json
      Date:
      - Thu, 06 Jul 2023 15:07:51 GMT
      Server:
      - Scaleway API-Gateway
      Strict-Transport-Security:
      - max-age=63072000
      X-Content-Type-Options:
      - nosniff
      X-Frame-Options:
      - DENY
      X-Request-Id:
      - 4bbc26b5-c5fa-4c39-b205-8e4b91356cc3
    status: 200 OK
    code: 200
    duration: ""
- request:
    body: ""
    form: {}
    headers:
      User-Agent:
      - scaleway-sdk-go/v1.0.0-beta.7+dev (go1.20.4; darwin; amd64) terraform-provider/develop
        terraform/terraform-tests
    url: https://api.scaleway.com/redis/v1/zones/fr-par-1/clusters/b38093d2-d2c7-477a-81e3-a92d6b419862
    method: GET
  response:
    body: '{"acl_rules":[],"cluster_settings":[],"cluster_size":1,"created_at":"2023-07-06T15:06:45.023571Z","endpoints":[{"id":"e5ad0477-3200-413b-a182-1d99cc5d26c8","ips":["10.12.1.0"],"port":6379,"private_network":{"id":"871c16b6-40e2-4f7c-ba92-95bc70ce9df0","provisioning_mode":"static","service_ips":["10.12.1.0/20"],"zone":"fr-par-1"}}],"id":"b38093d2-d2c7-477a-81e3-a92d6b419862","name":"test_redis_endpoints","node_type":"RED1-XS","project_id":"564aa517-68b0-4fd7-8c8c-d21c4bcdcbd5","status":"provisioning","tags":[],"tls_enabled":false,"updated_at":null,"upgradable_versions":[],"user_name":"my_initial_user","version":"7.0.5","zone":"fr-par-1"}'
    headers:
      Content-Length:
      - "665"
      Content-Security-Policy:
      - default-src 'none'; frame-ancestors 'none'
      Content-Type:
      - application/json
      Date:
      - Thu, 06 Jul 2023 15:07:57 GMT
      Server:
      - Scaleway API-Gateway
      Strict-Transport-Security:
      - max-age=63072000
      X-Content-Type-Options:
      - nosniff
      X-Frame-Options:
      - DENY
      X-Request-Id:
      - 791cd949-4988-4bf6-8784-146ccd561d19
    status: 200 OK
    code: 200
    duration: ""
- request:
    body: ""
    form: {}
    headers:
      User-Agent:
      - scaleway-sdk-go/v1.0.0-beta.7+dev (go1.20.4; darwin; amd64) terraform-provider/develop
        terraform/terraform-tests
    url: https://api.scaleway.com/redis/v1/zones/fr-par-1/clusters/b38093d2-d2c7-477a-81e3-a92d6b419862
    method: GET
  response:
    body: '{"acl_rules":[],"cluster_settings":[],"cluster_size":1,"created_at":"2023-07-06T15:06:45.023571Z","endpoints":[{"id":"e5ad0477-3200-413b-a182-1d99cc5d26c8","ips":["10.12.1.0"],"port":6379,"private_network":{"id":"871c16b6-40e2-4f7c-ba92-95bc70ce9df0","provisioning_mode":"static","service_ips":["10.12.1.0/20"],"zone":"fr-par-1"}}],"id":"b38093d2-d2c7-477a-81e3-a92d6b419862","name":"test_redis_endpoints","node_type":"RED1-XS","project_id":"564aa517-68b0-4fd7-8c8c-d21c4bcdcbd5","status":"initializing","tags":[],"tls_enabled":false,"updated_at":"2023-07-06T15:07:58.779174Z","upgradable_versions":[],"user_name":"my_initial_user","version":"7.0.5","zone":"fr-par-1"}'
    headers:
      Content-Length:
      - "690"
      Content-Security-Policy:
      - default-src 'none'; frame-ancestors 'none'
      Content-Type:
      - application/json
      Date:
      - Thu, 06 Jul 2023 15:08:02 GMT
      Server:
      - Scaleway API-Gateway
      Strict-Transport-Security:
      - max-age=63072000
      X-Content-Type-Options:
      - nosniff
      X-Frame-Options:
      - DENY
      X-Request-Id:
      - b05d15a6-9278-4735-9eb8-abc02fc26e13
    status: 200 OK
    code: 200
    duration: ""
- request:
    body: ""
    form: {}
    headers:
      User-Agent:
      - scaleway-sdk-go/v1.0.0-beta.7+dev (go1.20.4; darwin; amd64) terraform-provider/develop
        terraform/terraform-tests
    url: https://api.scaleway.com/redis/v1/zones/fr-par-1/clusters/b38093d2-d2c7-477a-81e3-a92d6b419862
    method: GET
  response:
    body: '{"acl_rules":[],"cluster_settings":[],"cluster_size":1,"created_at":"2023-07-06T15:06:45.023571Z","endpoints":[{"id":"e5ad0477-3200-413b-a182-1d99cc5d26c8","ips":["10.12.1.0"],"port":6379,"private_network":{"id":"871c16b6-40e2-4f7c-ba92-95bc70ce9df0","provisioning_mode":"static","service_ips":["10.12.1.0/20"],"zone":"fr-par-1"}}],"id":"b38093d2-d2c7-477a-81e3-a92d6b419862","name":"test_redis_endpoints","node_type":"RED1-XS","project_id":"564aa517-68b0-4fd7-8c8c-d21c4bcdcbd5","status":"initializing","tags":[],"tls_enabled":false,"updated_at":"2023-07-06T15:07:58.779174Z","upgradable_versions":[],"user_name":"my_initial_user","version":"7.0.5","zone":"fr-par-1"}'
    headers:
      Content-Length:
      - "690"
      Content-Security-Policy:
      - default-src 'none'; frame-ancestors 'none'
      Content-Type:
      - application/json
      Date:
      - Thu, 06 Jul 2023 15:08:07 GMT
      Server:
      - Scaleway API-Gateway
      Strict-Transport-Security:
      - max-age=63072000
      X-Content-Type-Options:
      - nosniff
      X-Frame-Options:
      - DENY
      X-Request-Id:
      - 0ab7daf2-f1a2-49e5-b490-df30eaae7637
    status: 200 OK
    code: 200
    duration: ""
- request:
    body: ""
    form: {}
    headers:
      User-Agent:
      - scaleway-sdk-go/v1.0.0-beta.7+dev (go1.20.4; darwin; amd64) terraform-provider/develop
        terraform/terraform-tests
    url: https://api.scaleway.com/redis/v1/zones/fr-par-1/clusters/b38093d2-d2c7-477a-81e3-a92d6b419862
    method: GET
  response:
    body: '{"acl_rules":[],"cluster_settings":[],"cluster_size":1,"created_at":"2023-07-06T15:06:45.023571Z","endpoints":[{"id":"e5ad0477-3200-413b-a182-1d99cc5d26c8","ips":["10.12.1.0"],"port":6379,"private_network":{"id":"871c16b6-40e2-4f7c-ba92-95bc70ce9df0","provisioning_mode":"static","service_ips":["10.12.1.0/20"],"zone":"fr-par-1"}}],"id":"b38093d2-d2c7-477a-81e3-a92d6b419862","name":"test_redis_endpoints","node_type":"RED1-XS","project_id":"564aa517-68b0-4fd7-8c8c-d21c4bcdcbd5","status":"initializing","tags":[],"tls_enabled":false,"updated_at":"2023-07-06T15:07:58.779174Z","upgradable_versions":[],"user_name":"my_initial_user","version":"7.0.5","zone":"fr-par-1"}'
    headers:
      Content-Length:
      - "690"
      Content-Security-Policy:
      - default-src 'none'; frame-ancestors 'none'
      Content-Type:
      - application/json
      Date:
      - Thu, 06 Jul 2023 15:08:12 GMT
      Server:
      - Scaleway API-Gateway
      Strict-Transport-Security:
      - max-age=63072000
      X-Content-Type-Options:
      - nosniff
      X-Frame-Options:
      - DENY
      X-Request-Id:
      - ba6e0f99-56c6-4131-aaeb-9e3dfd49028a
    status: 200 OK
    code: 200
    duration: ""
- request:
    body: ""
    form: {}
    headers:
      User-Agent:
      - scaleway-sdk-go/v1.0.0-beta.7+dev (go1.20.4; darwin; amd64) terraform-provider/develop
        terraform/terraform-tests
    url: https://api.scaleway.com/redis/v1/zones/fr-par-1/clusters/b38093d2-d2c7-477a-81e3-a92d6b419862
    method: GET
  response:
    body: '{"acl_rules":[],"cluster_settings":[],"cluster_size":1,"created_at":"2023-07-06T15:06:45.023571Z","endpoints":[{"id":"e5ad0477-3200-413b-a182-1d99cc5d26c8","ips":["10.12.1.0"],"port":6379,"private_network":{"id":"871c16b6-40e2-4f7c-ba92-95bc70ce9df0","provisioning_mode":"static","service_ips":["10.12.1.0/20"],"zone":"fr-par-1"}}],"id":"b38093d2-d2c7-477a-81e3-a92d6b419862","name":"test_redis_endpoints","node_type":"RED1-XS","project_id":"564aa517-68b0-4fd7-8c8c-d21c4bcdcbd5","status":"initializing","tags":[],"tls_enabled":false,"updated_at":"2023-07-06T15:07:58.779174Z","upgradable_versions":[],"user_name":"my_initial_user","version":"7.0.5","zone":"fr-par-1"}'
    headers:
      Content-Length:
      - "690"
      Content-Security-Policy:
      - default-src 'none'; frame-ancestors 'none'
      Content-Type:
      - application/json
      Date:
      - Thu, 06 Jul 2023 15:08:17 GMT
      Server:
      - Scaleway API-Gateway
      Strict-Transport-Security:
      - max-age=63072000
      X-Content-Type-Options:
      - nosniff
      X-Frame-Options:
      - DENY
      X-Request-Id:
      - 592cd5f1-b98e-46f9-b300-cc99482b2eec
    status: 200 OK
    code: 200
    duration: ""
- request:
    body: ""
    form: {}
    headers:
      User-Agent:
      - scaleway-sdk-go/v1.0.0-beta.7+dev (go1.20.4; darwin; amd64) terraform-provider/develop
        terraform/terraform-tests
    url: https://api.scaleway.com/redis/v1/zones/fr-par-1/clusters/b38093d2-d2c7-477a-81e3-a92d6b419862
    method: GET
  response:
    body: '{"acl_rules":[],"cluster_settings":[],"cluster_size":1,"created_at":"2023-07-06T15:06:45.023571Z","endpoints":[{"id":"e5ad0477-3200-413b-a182-1d99cc5d26c8","ips":["10.12.1.0"],"port":6379,"private_network":{"id":"871c16b6-40e2-4f7c-ba92-95bc70ce9df0","provisioning_mode":"static","service_ips":["10.12.1.0/20"],"zone":"fr-par-1"}}],"id":"b38093d2-d2c7-477a-81e3-a92d6b419862","name":"test_redis_endpoints","node_type":"RED1-XS","project_id":"564aa517-68b0-4fd7-8c8c-d21c4bcdcbd5","status":"initializing","tags":[],"tls_enabled":false,"updated_at":"2023-07-06T15:07:58.779174Z","upgradable_versions":[],"user_name":"my_initial_user","version":"7.0.5","zone":"fr-par-1"}'
    headers:
      Content-Length:
      - "690"
      Content-Security-Policy:
      - default-src 'none'; frame-ancestors 'none'
      Content-Type:
      - application/json
      Date:
      - Thu, 06 Jul 2023 15:08:22 GMT
      Server:
      - Scaleway API-Gateway
      Strict-Transport-Security:
      - max-age=63072000
      X-Content-Type-Options:
      - nosniff
      X-Frame-Options:
      - DENY
      X-Request-Id:
      - 5e25f0ae-7ce6-437b-84d3-4097dfdb1f6b
    status: 200 OK
    code: 200
    duration: ""
- request:
    body: ""
    form: {}
    headers:
      User-Agent:
      - scaleway-sdk-go/v1.0.0-beta.7+dev (go1.20.4; darwin; amd64) terraform-provider/develop
        terraform/terraform-tests
    url: https://api.scaleway.com/redis/v1/zones/fr-par-1/clusters/b38093d2-d2c7-477a-81e3-a92d6b419862
    method: GET
  response:
    body: '{"acl_rules":[],"cluster_settings":[],"cluster_size":1,"created_at":"2023-07-06T15:06:45.023571Z","endpoints":[{"id":"e5ad0477-3200-413b-a182-1d99cc5d26c8","ips":["10.12.1.0"],"port":6379,"private_network":{"id":"871c16b6-40e2-4f7c-ba92-95bc70ce9df0","provisioning_mode":"static","service_ips":["10.12.1.0/20"],"zone":"fr-par-1"}}],"id":"b38093d2-d2c7-477a-81e3-a92d6b419862","name":"test_redis_endpoints","node_type":"RED1-XS","project_id":"564aa517-68b0-4fd7-8c8c-d21c4bcdcbd5","status":"initializing","tags":[],"tls_enabled":false,"updated_at":"2023-07-06T15:07:58.779174Z","upgradable_versions":[],"user_name":"my_initial_user","version":"7.0.5","zone":"fr-par-1"}'
    headers:
      Content-Length:
      - "690"
      Content-Security-Policy:
      - default-src 'none'; frame-ancestors 'none'
      Content-Type:
      - application/json
      Date:
      - Thu, 06 Jul 2023 15:08:27 GMT
      Server:
      - Scaleway API-Gateway
      Strict-Transport-Security:
      - max-age=63072000
      X-Content-Type-Options:
      - nosniff
      X-Frame-Options:
      - DENY
      X-Request-Id:
      - 14aa11eb-3799-4c67-af5f-ddbc68cda570
    status: 200 OK
    code: 200
    duration: ""
- request:
    body: ""
    form: {}
    headers:
      User-Agent:
      - scaleway-sdk-go/v1.0.0-beta.7+dev (go1.20.4; darwin; amd64) terraform-provider/develop
        terraform/terraform-tests
    url: https://api.scaleway.com/redis/v1/zones/fr-par-1/clusters/b38093d2-d2c7-477a-81e3-a92d6b419862
    method: GET
  response:
    body: '{"acl_rules":[],"cluster_settings":[],"cluster_size":1,"created_at":"2023-07-06T15:06:45.023571Z","endpoints":[{"id":"e5ad0477-3200-413b-a182-1d99cc5d26c8","ips":["10.12.1.0"],"port":6379,"private_network":{"id":"871c16b6-40e2-4f7c-ba92-95bc70ce9df0","provisioning_mode":"static","service_ips":["10.12.1.0/20"],"zone":"fr-par-1"}}],"id":"b38093d2-d2c7-477a-81e3-a92d6b419862","name":"test_redis_endpoints","node_type":"RED1-XS","project_id":"564aa517-68b0-4fd7-8c8c-d21c4bcdcbd5","status":"ready","tags":[],"tls_enabled":false,"updated_at":"2023-07-06T15:08:29.011394Z","upgradable_versions":[],"user_name":"my_initial_user","version":"7.0.5","zone":"fr-par-1"}'
    headers:
      Content-Length:
      - "683"
      Content-Security-Policy:
      - default-src 'none'; frame-ancestors 'none'
      Content-Type:
      - application/json
      Date:
      - Thu, 06 Jul 2023 15:08:32 GMT
      Server:
      - Scaleway API-Gateway
      Strict-Transport-Security:
      - max-age=63072000
      X-Content-Type-Options:
      - nosniff
      X-Frame-Options:
      - DENY
      X-Request-Id:
      - 8810c84d-fa84-4d83-b517-314294a91662
    status: 200 OK
    code: 200
    duration: ""
- request:
    body: ""
    form: {}
    headers:
      User-Agent:
      - scaleway-sdk-go/v1.0.0-beta.7+dev (go1.20.4; darwin; amd64) terraform-provider/develop
        terraform/terraform-tests
    url: https://api.scaleway.com/redis/v1/zones/fr-par-1/clusters/b38093d2-d2c7-477a-81e3-a92d6b419862
    method: GET
  response:
    body: '{"acl_rules":[],"cluster_settings":[],"cluster_size":1,"created_at":"2023-07-06T15:06:45.023571Z","endpoints":[{"id":"e5ad0477-3200-413b-a182-1d99cc5d26c8","ips":["10.12.1.0"],"port":6379,"private_network":{"id":"871c16b6-40e2-4f7c-ba92-95bc70ce9df0","provisioning_mode":"static","service_ips":["10.12.1.0/20"],"zone":"fr-par-1"}}],"id":"b38093d2-d2c7-477a-81e3-a92d6b419862","name":"test_redis_endpoints","node_type":"RED1-XS","project_id":"564aa517-68b0-4fd7-8c8c-d21c4bcdcbd5","status":"ready","tags":[],"tls_enabled":false,"updated_at":"2023-07-06T15:08:29.011394Z","upgradable_versions":[],"user_name":"my_initial_user","version":"7.0.5","zone":"fr-par-1"}'
    headers:
      Content-Length:
      - "683"
      Content-Security-Policy:
      - default-src 'none'; frame-ancestors 'none'
      Content-Type:
      - application/json
      Date:
      - Thu, 06 Jul 2023 15:08:32 GMT
      Server:
      - Scaleway API-Gateway
      Strict-Transport-Security:
      - max-age=63072000
      X-Content-Type-Options:
      - nosniff
      X-Frame-Options:
      - DENY
      X-Request-Id:
      - e1b8f79a-ae9c-46cb-a601-dc31cbc51136
    status: 200 OK
    code: 200
    duration: ""
- request:
    body: ""
    form: {}
    headers:
      User-Agent:
      - scaleway-sdk-go/v1.0.0-beta.7+dev (go1.20.4; darwin; amd64) terraform-provider/develop
        terraform/terraform-tests
    url: https://api.scaleway.com/redis/v1/zones/fr-par-1/clusters/b38093d2-d2c7-477a-81e3-a92d6b419862
    method: GET
  response:
    body: '{"acl_rules":[],"cluster_settings":[],"cluster_size":1,"created_at":"2023-07-06T15:06:45.023571Z","endpoints":[{"id":"e5ad0477-3200-413b-a182-1d99cc5d26c8","ips":["10.12.1.0"],"port":6379,"private_network":{"id":"871c16b6-40e2-4f7c-ba92-95bc70ce9df0","provisioning_mode":"static","service_ips":["10.12.1.0/20"],"zone":"fr-par-1"}}],"id":"b38093d2-d2c7-477a-81e3-a92d6b419862","name":"test_redis_endpoints","node_type":"RED1-XS","project_id":"564aa517-68b0-4fd7-8c8c-d21c4bcdcbd5","status":"ready","tags":[],"tls_enabled":false,"updated_at":"2023-07-06T15:08:29.011394Z","upgradable_versions":[],"user_name":"my_initial_user","version":"7.0.5","zone":"fr-par-1"}'
    headers:
      Content-Length:
      - "683"
      Content-Security-Policy:
      - default-src 'none'; frame-ancestors 'none'
      Content-Type:
      - application/json
      Date:
      - Thu, 06 Jul 2023 15:08:33 GMT
      Server:
      - Scaleway API-Gateway
      Strict-Transport-Security:
      - max-age=63072000
      X-Content-Type-Options:
      - nosniff
      X-Frame-Options:
      - DENY
      X-Request-Id:
      - 5099a734-6292-47d3-a0ae-755769d42d94
    status: 200 OK
    code: 200
    duration: ""
- request:
    body: ""
    form: {}
    headers:
      User-Agent:
      - scaleway-sdk-go/v1.0.0-beta.7+dev (go1.20.4; darwin; amd64) terraform-provider/develop
        terraform/terraform-tests
    url: https://api.scaleway.com/vpc/v1/zones/fr-par-1/private-networks/871c16b6-40e2-4f7c-ba92-95bc70ce9df0
    method: GET
  response:
    body: '{"created_at":"2023-07-06T15:06:44.252083Z","id":"871c16b6-40e2-4f7c-ba92-95bc70ce9df0","name":"private-network","organization_id":"564aa517-68b0-4fd7-8c8c-d21c4bcdcbd5","project_id":"564aa517-68b0-4fd7-8c8c-d21c4bcdcbd5","subnets":["172.16.52.0/22","fd46:78ab:30b8:75f1::/64"],"tags":[],"updated_at":"2023-07-06T15:06:44.252083Z","zone":"fr-par-1"}'
    headers:
      Content-Length:
      - "358"
      Content-Security-Policy:
      - default-src 'none'; frame-ancestors 'none'
      Content-Type:
      - application/json
      Date:
      - Thu, 06 Jul 2023 15:08:33 GMT
      Server:
      - Scaleway API-Gateway
      Strict-Transport-Security:
      - max-age=63072000
      X-Content-Type-Options:
      - nosniff
      X-Frame-Options:
      - DENY
      X-Request-Id:
      - db10983d-698c-42a9-9a1a-43940018b5b3
    status: 200 OK
    code: 200
    duration: ""
- request:
    body: ""
    form: {}
    headers:
      User-Agent:
      - scaleway-sdk-go/v1.0.0-beta.7+dev (go1.20.4; darwin; amd64) terraform-provider/develop
        terraform/terraform-tests
    url: https://api.scaleway.com/vpc/v1/zones/fr-par-1/private-networks/871c16b6-40e2-4f7c-ba92-95bc70ce9df0
    method: GET
  response:
    body: '{"created_at":"2023-07-06T15:06:44.252083Z","id":"871c16b6-40e2-4f7c-ba92-95bc70ce9df0","name":"private-network","organization_id":"564aa517-68b0-4fd7-8c8c-d21c4bcdcbd5","project_id":"564aa517-68b0-4fd7-8c8c-d21c4bcdcbd5","subnets":["172.16.52.0/22","fd46:78ab:30b8:75f1::/64"],"tags":[],"updated_at":"2023-07-06T15:06:44.252083Z","zone":"fr-par-1"}'
    headers:
      Content-Length:
      - "358"
      Content-Security-Policy:
      - default-src 'none'; frame-ancestors 'none'
      Content-Type:
      - application/json
      Date:
      - Thu, 06 Jul 2023 15:08:33 GMT
      Server:
      - Scaleway API-Gateway
      Strict-Transport-Security:
      - max-age=63072000
      X-Content-Type-Options:
      - nosniff
      X-Frame-Options:
      - DENY
      X-Request-Id:
      - bedc9fc6-a41d-4a51-88ef-6030d976f5ee
    status: 200 OK
    code: 200
    duration: ""
- request:
    body: ""
    form: {}
    headers:
      User-Agent:
      - scaleway-sdk-go/v1.0.0-beta.7+dev (go1.20.4; darwin; amd64) terraform-provider/develop
        terraform/terraform-tests
    url: https://api.scaleway.com/redis/v1/zones/fr-par-1/clusters/b38093d2-d2c7-477a-81e3-a92d6b419862
    method: GET
  response:
    body: '{"acl_rules":[],"cluster_settings":[],"cluster_size":1,"created_at":"2023-07-06T15:06:45.023571Z","endpoints":[{"id":"e5ad0477-3200-413b-a182-1d99cc5d26c8","ips":["10.12.1.0"],"port":6379,"private_network":{"id":"871c16b6-40e2-4f7c-ba92-95bc70ce9df0","provisioning_mode":"static","service_ips":["10.12.1.0/20"],"zone":"fr-par-1"}}],"id":"b38093d2-d2c7-477a-81e3-a92d6b419862","name":"test_redis_endpoints","node_type":"RED1-XS","project_id":"564aa517-68b0-4fd7-8c8c-d21c4bcdcbd5","status":"ready","tags":[],"tls_enabled":false,"updated_at":"2023-07-06T15:08:29.011394Z","upgradable_versions":[],"user_name":"my_initial_user","version":"7.0.5","zone":"fr-par-1"}'
    headers:
      Content-Length:
      - "683"
      Content-Security-Policy:
      - default-src 'none'; frame-ancestors 'none'
      Content-Type:
      - application/json
      Date:
      - Thu, 06 Jul 2023 15:08:33 GMT
      Server:
      - Scaleway API-Gateway
      Strict-Transport-Security:
      - max-age=63072000
      X-Content-Type-Options:
      - nosniff
      X-Frame-Options:
      - DENY
      X-Request-Id:
      - 1b3a626a-1bb1-40a1-ae2b-a47071181015
    status: 200 OK
    code: 200
    duration: ""
- request:
    body: ""
    form: {}
    headers:
      User-Agent:
      - scaleway-sdk-go/v1.0.0-beta.7+dev (go1.20.4; darwin; amd64) terraform-provider/develop
        terraform/terraform-tests
    url: https://api.scaleway.com/vpc/v1/zones/fr-par-1/private-networks/871c16b6-40e2-4f7c-ba92-95bc70ce9df0
    method: GET
  response:
    body: '{"created_at":"2023-07-06T15:06:44.252083Z","id":"871c16b6-40e2-4f7c-ba92-95bc70ce9df0","name":"private-network","organization_id":"564aa517-68b0-4fd7-8c8c-d21c4bcdcbd5","project_id":"564aa517-68b0-4fd7-8c8c-d21c4bcdcbd5","subnets":["172.16.52.0/22","fd46:78ab:30b8:75f1::/64"],"tags":[],"updated_at":"2023-07-06T15:06:44.252083Z","zone":"fr-par-1"}'
    headers:
      Content-Length:
      - "358"
      Content-Security-Policy:
      - default-src 'none'; frame-ancestors 'none'
      Content-Type:
      - application/json
      Date:
      - Thu, 06 Jul 2023 15:08:33 GMT
      Server:
      - Scaleway API-Gateway
      Strict-Transport-Security:
      - max-age=63072000
      X-Content-Type-Options:
      - nosniff
      X-Frame-Options:
      - DENY
      X-Request-Id:
      - 31e4a1f1-5bfd-4278-b564-513809ccaa5f
    status: 200 OK
    code: 200
    duration: ""
- request:
    body: ""
    form: {}
    headers:
      User-Agent:
      - scaleway-sdk-go/v1.0.0-beta.7+dev (go1.20.4; darwin; amd64) terraform-provider/develop
        terraform/terraform-tests
    url: https://api.scaleway.com/redis/v1/zones/fr-par-1/clusters/b38093d2-d2c7-477a-81e3-a92d6b419862
    method: GET
  response:
    body: '{"acl_rules":[],"cluster_settings":[],"cluster_size":1,"created_at":"2023-07-06T15:06:45.023571Z","endpoints":[{"id":"e5ad0477-3200-413b-a182-1d99cc5d26c8","ips":["10.12.1.0"],"port":6379,"private_network":{"id":"871c16b6-40e2-4f7c-ba92-95bc70ce9df0","provisioning_mode":"static","service_ips":["10.12.1.0/20"],"zone":"fr-par-1"}}],"id":"b38093d2-d2c7-477a-81e3-a92d6b419862","name":"test_redis_endpoints","node_type":"RED1-XS","project_id":"564aa517-68b0-4fd7-8c8c-d21c4bcdcbd5","status":"ready","tags":[],"tls_enabled":false,"updated_at":"2023-07-06T15:08:29.011394Z","upgradable_versions":[],"user_name":"my_initial_user","version":"7.0.5","zone":"fr-par-1"}'
    headers:
      Content-Length:
      - "683"
      Content-Security-Policy:
      - default-src 'none'; frame-ancestors 'none'
      Content-Type:
      - application/json
      Date:
      - Thu, 06 Jul 2023 15:08:34 GMT
      Server:
      - Scaleway API-Gateway
      Strict-Transport-Security:
      - max-age=63072000
      X-Content-Type-Options:
      - nosniff
      X-Frame-Options:
      - DENY
      X-Request-Id:
      - 07ca31e6-302b-4b4d-ab5c-2473f5203db5
    status: 200 OK
    code: 200
    duration: ""
- request:
    body: '{"name":"private-network-2","project_id":"564aa517-68b0-4fd7-8c8c-d21c4bcdcbd5","tags":null,"subnets":null}'
    form: {}
    headers:
      Content-Type:
      - application/json
      User-Agent:
      - scaleway-sdk-go/v1.0.0-beta.7+dev (go1.20.4; darwin; amd64) terraform-provider/develop
        terraform/terraform-tests
    url: https://api.scaleway.com/vpc/v1/zones/fr-par-1/private-networks
    method: POST
  response:
    body: '{"created_at":"2023-07-06T15:08:34.512208Z","id":"2c660120-c572-44c1-82c4-3e771b655152","name":"private-network-2","organization_id":"564aa517-68b0-4fd7-8c8c-d21c4bcdcbd5","project_id":"564aa517-68b0-4fd7-8c8c-d21c4bcdcbd5","subnets":["172.16.64.0/22","fd46:78ab:30b8:480::/64"],"tags":[],"updated_at":"2023-07-06T15:08:34.512208Z","zone":"fr-par-1"}'
    headers:
      Content-Length:
      - "359"
      Content-Security-Policy:
      - default-src 'none'; frame-ancestors 'none'
      Content-Type:
      - application/json
      Date:
      - Thu, 06 Jul 2023 15:08:34 GMT
      Server:
      - Scaleway API-Gateway
      Strict-Transport-Security:
      - max-age=63072000
      X-Content-Type-Options:
      - nosniff
      X-Frame-Options:
      - DENY
      X-Request-Id:
      - ee83b86e-5b39-4f5c-8d08-408dd2372885
    status: 200 OK
    code: 200
    duration: ""
- request:
    body: ""
    form: {}
    headers:
      User-Agent:
      - scaleway-sdk-go/v1.0.0-beta.7+dev (go1.20.4; darwin; amd64) terraform-provider/develop
        terraform/terraform-tests
    url: https://api.scaleway.com/vpc/v1/zones/fr-par-1/private-networks/2c660120-c572-44c1-82c4-3e771b655152
    method: GET
  response:
    body: '{"created_at":"2023-07-06T15:08:34.512208Z","id":"2c660120-c572-44c1-82c4-3e771b655152","name":"private-network-2","organization_id":"564aa517-68b0-4fd7-8c8c-d21c4bcdcbd5","project_id":"564aa517-68b0-4fd7-8c8c-d21c4bcdcbd5","subnets":["172.16.64.0/22","fd46:78ab:30b8:480::/64"],"tags":[],"updated_at":"2023-07-06T15:08:34.512208Z","zone":"fr-par-1"}'
    headers:
      Content-Length:
      - "359"
      Content-Security-Policy:
      - default-src 'none'; frame-ancestors 'none'
      Content-Type:
      - application/json
      Date:
      - Thu, 06 Jul 2023 15:08:34 GMT
      Server:
      - Scaleway API-Gateway
      Strict-Transport-Security:
      - max-age=63072000
      X-Content-Type-Options:
      - nosniff
      X-Frame-Options:
      - DENY
      X-Request-Id:
      - 031a37b4-8c9d-4ab2-af9c-2c7ca3ebed74
    status: 200 OK
    code: 200
    duration: ""
- request:
    body: ""
    form: {}
    headers:
      User-Agent:
      - scaleway-sdk-go/v1.0.0-beta.7+dev (go1.20.4; darwin; amd64) terraform-provider/develop
        terraform/terraform-tests
    url: https://api.scaleway.com/redis/v1/zones/fr-par-1/clusters/b38093d2-d2c7-477a-81e3-a92d6b419862
    method: GET
  response:
    body: '{"acl_rules":[],"cluster_settings":[],"cluster_size":1,"created_at":"2023-07-06T15:06:45.023571Z","endpoints":[{"id":"e5ad0477-3200-413b-a182-1d99cc5d26c8","ips":["10.12.1.0"],"port":6379,"private_network":{"id":"871c16b6-40e2-4f7c-ba92-95bc70ce9df0","provisioning_mode":"static","service_ips":["10.12.1.0/20"],"zone":"fr-par-1"}}],"id":"b38093d2-d2c7-477a-81e3-a92d6b419862","name":"test_redis_endpoints","node_type":"RED1-XS","project_id":"564aa517-68b0-4fd7-8c8c-d21c4bcdcbd5","status":"ready","tags":[],"tls_enabled":false,"updated_at":"2023-07-06T15:08:29.011394Z","upgradable_versions":[],"user_name":"my_initial_user","version":"7.0.5","zone":"fr-par-1"}'
    headers:
      Content-Length:
      - "683"
      Content-Security-Policy:
      - default-src 'none'; frame-ancestors 'none'
      Content-Type:
      - application/json
      Date:
      - Thu, 06 Jul 2023 15:08:34 GMT
      Server:
      - Scaleway API-Gateway
      Strict-Transport-Security:
      - max-age=63072000
      X-Content-Type-Options:
      - nosniff
      X-Frame-Options:
      - DENY
      X-Request-Id:
      - 7e59f408-f0be-470d-a093-9208d7eceecb
    status: 200 OK
    code: 200
    duration: ""
- request:
    body: '{"name":null,"tags":null,"user_name":null,"password":null}'
    form: {}
    headers:
      Content-Type:
      - application/json
      User-Agent:
      - scaleway-sdk-go/v1.0.0-beta.7+dev (go1.20.4; darwin; amd64) terraform-provider/develop
        terraform/terraform-tests
    url: https://api.scaleway.com/redis/v1/zones/fr-par-1/clusters/b38093d2-d2c7-477a-81e3-a92d6b419862
    method: PATCH
  response:
    body: '{"acl_rules":[],"cluster_settings":[],"cluster_size":1,"created_at":"2023-07-06T15:06:45.023571Z","endpoints":[{"id":"e5ad0477-3200-413b-a182-1d99cc5d26c8","ips":["10.12.1.0"],"port":6379,"private_network":{"id":"871c16b6-40e2-4f7c-ba92-95bc70ce9df0","provisioning_mode":"static","service_ips":["10.12.1.0/20"],"zone":"fr-par-1"}}],"id":"b38093d2-d2c7-477a-81e3-a92d6b419862","name":"test_redis_endpoints","node_type":"RED1-XS","project_id":"564aa517-68b0-4fd7-8c8c-d21c4bcdcbd5","status":"ready","tags":[],"tls_enabled":false,"updated_at":"2023-07-06T15:08:35.123256Z","upgradable_versions":[],"user_name":"my_initial_user","version":"7.0.5","zone":"fr-par-1"}'
    headers:
      Content-Length:
      - "683"
      Content-Security-Policy:
      - default-src 'none'; frame-ancestors 'none'
      Content-Type:
      - application/json
      Date:
      - Thu, 06 Jul 2023 15:08:35 GMT
      Server:
      - Scaleway API-Gateway
      Strict-Transport-Security:
      - max-age=63072000
      X-Content-Type-Options:
      - nosniff
      X-Frame-Options:
      - DENY
      X-Request-Id:
      - 0d413053-af59-48c1-95ca-1abf25e6dc47
    status: 200 OK
    code: 200
    duration: ""
- request:
    body: ""
    form: {}
    headers:
      User-Agent:
      - scaleway-sdk-go/v1.0.0-beta.7+dev (go1.20.4; darwin; amd64) terraform-provider/develop
        terraform/terraform-tests
    url: https://api.scaleway.com/redis/v1/zones/fr-par-1/clusters/b38093d2-d2c7-477a-81e3-a92d6b419862
    method: GET
  response:
    body: '{"acl_rules":[],"cluster_settings":[],"cluster_size":1,"created_at":"2023-07-06T15:06:45.023571Z","endpoints":[{"id":"e5ad0477-3200-413b-a182-1d99cc5d26c8","ips":["10.12.1.0"],"port":6379,"private_network":{"id":"871c16b6-40e2-4f7c-ba92-95bc70ce9df0","provisioning_mode":"static","service_ips":["10.12.1.0/20"],"zone":"fr-par-1"}}],"id":"b38093d2-d2c7-477a-81e3-a92d6b419862","name":"test_redis_endpoints","node_type":"RED1-XS","project_id":"564aa517-68b0-4fd7-8c8c-d21c4bcdcbd5","status":"ready","tags":[],"tls_enabled":false,"updated_at":"2023-07-06T15:08:35.123256Z","upgradable_versions":[],"user_name":"my_initial_user","version":"7.0.5","zone":"fr-par-1"}'
    headers:
      Content-Length:
      - "683"
      Content-Security-Policy:
      - default-src 'none'; frame-ancestors 'none'
      Content-Type:
      - application/json
      Date:
      - Thu, 06 Jul 2023 15:08:35 GMT
      Server:
      - Scaleway API-Gateway
      Strict-Transport-Security:
      - max-age=63072000
      X-Content-Type-Options:
      - nosniff
      X-Frame-Options:
      - DENY
      X-Request-Id:
      - a0b4788e-7a14-41e3-87d8-b77b2be4b69b
    status: 200 OK
    code: 200
    duration: ""
- request:
    body: '{"endpoints":[{"private_network":{"id":"2c660120-c572-44c1-82c4-3e771b655152","service_ips":["192.168.1.0/20"],"ipam_config":null}},{"private_network":{"id":"871c16b6-40e2-4f7c-ba92-95bc70ce9df0","service_ips":["10.12.1.0/20"],"ipam_config":null}}]}'
    form: {}
    headers:
      Content-Type:
      - application/json
      User-Agent:
      - scaleway-sdk-go/v1.0.0-beta.7+dev (go1.20.4; darwin; amd64) terraform-provider/develop
        terraform/terraform-tests
    url: https://api.scaleway.com/redis/v1/zones/fr-par-1/clusters/b38093d2-d2c7-477a-81e3-a92d6b419862/endpoints
    method: PUT
  response:
    body: '{"endpoints":[{"id":"b71bc166-ce76-41ef-9dde-42f2a07c7781","ips":["192.168.1.0"],"port":6379,"private_network":{"id":"2c660120-c572-44c1-82c4-3e771b655152","provisioning_mode":"static","service_ips":["192.168.1.0/20"],"zone":"fr-par-1"}},{"id":"bf6636db-fb09-44c5-b470-93e7a91a46d9","ips":["10.12.1.0"],"port":6379,"private_network":{"id":"871c16b6-40e2-4f7c-ba92-95bc70ce9df0","provisioning_mode":"static","service_ips":["10.12.1.0/20"],"zone":"fr-par-1"}}]}'
    headers:
      Content-Length:
      - "472"
      Content-Security-Policy:
      - default-src 'none'; frame-ancestors 'none'
      Content-Type:
      - application/json
      Date:
      - Thu, 06 Jul 2023 15:08:36 GMT
      Server:
      - Scaleway API-Gateway
      Strict-Transport-Security:
      - max-age=63072000
      X-Content-Type-Options:
      - nosniff
      X-Frame-Options:
      - DENY
      X-Request-Id:
      - 52c26db3-4b0f-4fce-b843-8a92187a1bb6
    status: 200 OK
    code: 200
    duration: ""
- request:
    body: ""
    form: {}
    headers:
      User-Agent:
      - scaleway-sdk-go/v1.0.0-beta.7+dev (go1.20.4; darwin; amd64) terraform-provider/develop
        terraform/terraform-tests
    url: https://api.scaleway.com/redis/v1/zones/fr-par-1/clusters/b38093d2-d2c7-477a-81e3-a92d6b419862
    method: GET
  response:
    body: '{"acl_rules":[],"cluster_settings":[],"cluster_size":1,"created_at":"2023-07-06T15:06:45.023571Z","endpoints":[{"id":"b71bc166-ce76-41ef-9dde-42f2a07c7781","ips":["192.168.1.0"],"port":6379,"private_network":{"id":"2c660120-c572-44c1-82c4-3e771b655152","provisioning_mode":"static","service_ips":["192.168.1.0/20"],"zone":"fr-par-1"}},{"id":"bf6636db-fb09-44c5-b470-93e7a91a46d9","ips":["10.12.1.0"],"port":6379,"private_network":{"id":"871c16b6-40e2-4f7c-ba92-95bc70ce9df0","provisioning_mode":"static","service_ips":["10.12.1.0/20"],"zone":"fr-par-1"}}],"id":"b38093d2-d2c7-477a-81e3-a92d6b419862","name":"test_redis_endpoints","node_type":"RED1-XS","project_id":"564aa517-68b0-4fd7-8c8c-d21c4bcdcbd5","status":"provisioning","tags":[],"tls_enabled":false,"updated_at":"2023-07-06T15:08:35.916633Z","upgradable_versions":[],"user_name":"my_initial_user","version":"7.0.5","zone":"fr-par-1"}'
    headers:
      Content-Length:
      - "921"
      Content-Security-Policy:
      - default-src 'none'; frame-ancestors 'none'
      Content-Type:
      - application/json
      Date:
      - Thu, 06 Jul 2023 15:08:36 GMT
      Server:
      - Scaleway API-Gateway
      Strict-Transport-Security:
      - max-age=63072000
      X-Content-Type-Options:
      - nosniff
      X-Frame-Options:
      - DENY
      X-Request-Id:
      - d32963a1-8bd7-46ba-a650-38054af33a1d
    status: 200 OK
    code: 200
    duration: ""
- request:
    body: ""
    form: {}
    headers:
      User-Agent:
      - scaleway-sdk-go/v1.0.0-beta.7+dev (go1.20.4; darwin; amd64) terraform-provider/develop
        terraform/terraform-tests
    url: https://api.scaleway.com/redis/v1/zones/fr-par-1/clusters/b38093d2-d2c7-477a-81e3-a92d6b419862
    method: GET
  response:
    body: '{"acl_rules":[],"cluster_settings":[],"cluster_size":1,"created_at":"2023-07-06T15:06:45.023571Z","endpoints":[{"id":"b71bc166-ce76-41ef-9dde-42f2a07c7781","ips":["192.168.1.0"],"port":6379,"private_network":{"id":"2c660120-c572-44c1-82c4-3e771b655152","provisioning_mode":"static","service_ips":["192.168.1.0/20"],"zone":"fr-par-1"}},{"id":"bf6636db-fb09-44c5-b470-93e7a91a46d9","ips":["10.12.1.0"],"port":6379,"private_network":{"id":"871c16b6-40e2-4f7c-ba92-95bc70ce9df0","provisioning_mode":"static","service_ips":["10.12.1.0/20"],"zone":"fr-par-1"}}],"id":"b38093d2-d2c7-477a-81e3-a92d6b419862","name":"test_redis_endpoints","node_type":"RED1-XS","project_id":"564aa517-68b0-4fd7-8c8c-d21c4bcdcbd5","status":"provisioning","tags":[],"tls_enabled":false,"updated_at":"2023-07-06T15:08:35.916633Z","upgradable_versions":[],"user_name":"my_initial_user","version":"7.0.5","zone":"fr-par-1"}'
    headers:
      Content-Length:
      - "921"
      Content-Security-Policy:
      - default-src 'none'; frame-ancestors 'none'
      Content-Type:
      - application/json
      Date:
      - Thu, 06 Jul 2023 15:08:41 GMT
      Server:
      - Scaleway API-Gateway
      Strict-Transport-Security:
      - max-age=63072000
      X-Content-Type-Options:
      - nosniff
      X-Frame-Options:
      - DENY
      X-Request-Id:
      - 3a1ec8f1-597f-4fc5-a966-544671d0f293
    status: 200 OK
    code: 200
    duration: ""
- request:
    body: ""
    form: {}
    headers:
      User-Agent:
      - scaleway-sdk-go/v1.0.0-beta.7+dev (go1.20.4; darwin; amd64) terraform-provider/develop
        terraform/terraform-tests
    url: https://api.scaleway.com/redis/v1/zones/fr-par-1/clusters/b38093d2-d2c7-477a-81e3-a92d6b419862
    method: GET
  response:
    body: '{"acl_rules":[],"cluster_settings":[],"cluster_size":1,"created_at":"2023-07-06T15:06:45.023571Z","endpoints":[{"id":"b71bc166-ce76-41ef-9dde-42f2a07c7781","ips":["192.168.1.0"],"port":6379,"private_network":{"id":"2c660120-c572-44c1-82c4-3e771b655152","provisioning_mode":"static","service_ips":["192.168.1.0/20"],"zone":"fr-par-1"}},{"id":"bf6636db-fb09-44c5-b470-93e7a91a46d9","ips":["10.12.1.0"],"port":6379,"private_network":{"id":"871c16b6-40e2-4f7c-ba92-95bc70ce9df0","provisioning_mode":"static","service_ips":["10.12.1.0/20"],"zone":"fr-par-1"}}],"id":"b38093d2-d2c7-477a-81e3-a92d6b419862","name":"test_redis_endpoints","node_type":"RED1-XS","project_id":"564aa517-68b0-4fd7-8c8c-d21c4bcdcbd5","status":"provisioning","tags":[],"tls_enabled":false,"updated_at":"2023-07-06T15:08:35.916633Z","upgradable_versions":[],"user_name":"my_initial_user","version":"7.0.5","zone":"fr-par-1"}'
    headers:
      Content-Length:
      - "921"
      Content-Security-Policy:
      - default-src 'none'; frame-ancestors 'none'
      Content-Type:
      - application/json
      Date:
      - Thu, 06 Jul 2023 15:08:46 GMT
      Server:
      - Scaleway API-Gateway
      Strict-Transport-Security:
      - max-age=63072000
      X-Content-Type-Options:
      - nosniff
      X-Frame-Options:
      - DENY
      X-Request-Id:
      - e6f2a164-389c-4be5-b6a8-1cd7d4b05828
    status: 200 OK
    code: 200
    duration: ""
- request:
    body: ""
    form: {}
    headers:
      User-Agent:
      - scaleway-sdk-go/v1.0.0-beta.7+dev (go1.20.4; darwin; amd64) terraform-provider/develop
        terraform/terraform-tests
    url: https://api.scaleway.com/redis/v1/zones/fr-par-1/clusters/b38093d2-d2c7-477a-81e3-a92d6b419862
    method: GET
  response:
    body: '{"acl_rules":[],"cluster_settings":[],"cluster_size":1,"created_at":"2023-07-06T15:06:45.023571Z","endpoints":[{"id":"b71bc166-ce76-41ef-9dde-42f2a07c7781","ips":["192.168.1.0"],"port":6379,"private_network":{"id":"2c660120-c572-44c1-82c4-3e771b655152","provisioning_mode":"static","service_ips":["192.168.1.0/20"],"zone":"fr-par-1"}},{"id":"bf6636db-fb09-44c5-b470-93e7a91a46d9","ips":["10.12.1.0"],"port":6379,"private_network":{"id":"871c16b6-40e2-4f7c-ba92-95bc70ce9df0","provisioning_mode":"static","service_ips":["10.12.1.0/20"],"zone":"fr-par-1"}}],"id":"b38093d2-d2c7-477a-81e3-a92d6b419862","name":"test_redis_endpoints","node_type":"RED1-XS","project_id":"564aa517-68b0-4fd7-8c8c-d21c4bcdcbd5","status":"provisioning","tags":[],"tls_enabled":false,"updated_at":"2023-07-06T15:08:35.916633Z","upgradable_versions":[],"user_name":"my_initial_user","version":"7.0.5","zone":"fr-par-1"}'
    headers:
      Content-Length:
      - "921"
      Content-Security-Policy:
      - default-src 'none'; frame-ancestors 'none'
      Content-Type:
      - application/json
      Date:
      - Thu, 06 Jul 2023 15:08:51 GMT
      Server:
      - Scaleway API-Gateway
      Strict-Transport-Security:
      - max-age=63072000
      X-Content-Type-Options:
      - nosniff
      X-Frame-Options:
      - DENY
      X-Request-Id:
      - 7db9d5b3-56d3-4f5d-a89b-b898fe2845d7
    status: 200 OK
    code: 200
    duration: ""
- request:
    body: ""
    form: {}
    headers:
      User-Agent:
      - scaleway-sdk-go/v1.0.0-beta.7+dev (go1.20.4; darwin; amd64) terraform-provider/develop
        terraform/terraform-tests
    url: https://api.scaleway.com/redis/v1/zones/fr-par-1/clusters/b38093d2-d2c7-477a-81e3-a92d6b419862
    method: GET
  response:
    body: '{"acl_rules":[],"cluster_settings":[],"cluster_size":1,"created_at":"2023-07-06T15:06:45.023571Z","endpoints":[{"id":"b71bc166-ce76-41ef-9dde-42f2a07c7781","ips":["192.168.1.0"],"port":6379,"private_network":{"id":"2c660120-c572-44c1-82c4-3e771b655152","provisioning_mode":"static","service_ips":["192.168.1.0/20"],"zone":"fr-par-1"}},{"id":"bf6636db-fb09-44c5-b470-93e7a91a46d9","ips":["10.12.1.0"],"port":6379,"private_network":{"id":"871c16b6-40e2-4f7c-ba92-95bc70ce9df0","provisioning_mode":"static","service_ips":["10.12.1.0/20"],"zone":"fr-par-1"}}],"id":"b38093d2-d2c7-477a-81e3-a92d6b419862","name":"test_redis_endpoints","node_type":"RED1-XS","project_id":"564aa517-68b0-4fd7-8c8c-d21c4bcdcbd5","status":"initializing","tags":[],"tls_enabled":false,"updated_at":"2023-07-06T15:08:55.190758Z","upgradable_versions":[],"user_name":"my_initial_user","version":"7.0.5","zone":"fr-par-1"}'
    headers:
      Content-Length:
      - "921"
      Content-Security-Policy:
      - default-src 'none'; frame-ancestors 'none'
      Content-Type:
      - application/json
      Date:
      - Thu, 06 Jul 2023 15:08:56 GMT
      Server:
      - Scaleway API-Gateway
      Strict-Transport-Security:
      - max-age=63072000
      X-Content-Type-Options:
      - nosniff
      X-Frame-Options:
      - DENY
      X-Request-Id:
      - b2732128-89ff-4749-b684-f0853027c97a
    status: 200 OK
    code: 200
    duration: ""
- request:
    body: ""
    form: {}
    headers:
      User-Agent:
      - scaleway-sdk-go/v1.0.0-beta.7+dev (go1.20.4; darwin; amd64) terraform-provider/develop
        terraform/terraform-tests
    url: https://api.scaleway.com/redis/v1/zones/fr-par-1/clusters/b38093d2-d2c7-477a-81e3-a92d6b419862
    method: GET
  response:
    body: '{"acl_rules":[],"cluster_settings":[],"cluster_size":1,"created_at":"2023-07-06T15:06:45.023571Z","endpoints":[{"id":"b71bc166-ce76-41ef-9dde-42f2a07c7781","ips":["192.168.1.0"],"port":6379,"private_network":{"id":"2c660120-c572-44c1-82c4-3e771b655152","provisioning_mode":"static","service_ips":["192.168.1.0/20"],"zone":"fr-par-1"}},{"id":"bf6636db-fb09-44c5-b470-93e7a91a46d9","ips":["10.12.1.0"],"port":6379,"private_network":{"id":"871c16b6-40e2-4f7c-ba92-95bc70ce9df0","provisioning_mode":"static","service_ips":["10.12.1.0/20"],"zone":"fr-par-1"}}],"id":"b38093d2-d2c7-477a-81e3-a92d6b419862","name":"test_redis_endpoints","node_type":"RED1-XS","project_id":"564aa517-68b0-4fd7-8c8c-d21c4bcdcbd5","status":"initializing","tags":[],"tls_enabled":false,"updated_at":"2023-07-06T15:08:55.190758Z","upgradable_versions":[],"user_name":"my_initial_user","version":"7.0.5","zone":"fr-par-1"}'
    headers:
      Content-Length:
      - "921"
      Content-Security-Policy:
      - default-src 'none'; frame-ancestors 'none'
      Content-Type:
      - application/json
      Date:
      - Thu, 06 Jul 2023 15:09:01 GMT
      Server:
      - Scaleway API-Gateway
      Strict-Transport-Security:
      - max-age=63072000
      X-Content-Type-Options:
      - nosniff
      X-Frame-Options:
      - DENY
      X-Request-Id:
      - 164b28b3-48fa-4c60-87bd-6a922bbcb7f3
    status: 200 OK
    code: 200
    duration: ""
- request:
    body: ""
    form: {}
    headers:
      User-Agent:
      - scaleway-sdk-go/v1.0.0-beta.7+dev (go1.20.4; darwin; amd64) terraform-provider/develop
        terraform/terraform-tests
    url: https://api.scaleway.com/redis/v1/zones/fr-par-1/clusters/b38093d2-d2c7-477a-81e3-a92d6b419862
    method: GET
  response:
    body: '{"acl_rules":[],"cluster_settings":[],"cluster_size":1,"created_at":"2023-07-06T15:06:45.023571Z","endpoints":[{"id":"b71bc166-ce76-41ef-9dde-42f2a07c7781","ips":["192.168.1.0"],"port":6379,"private_network":{"id":"2c660120-c572-44c1-82c4-3e771b655152","provisioning_mode":"static","service_ips":["192.168.1.0/20"],"zone":"fr-par-1"}},{"id":"bf6636db-fb09-44c5-b470-93e7a91a46d9","ips":["10.12.1.0"],"port":6379,"private_network":{"id":"871c16b6-40e2-4f7c-ba92-95bc70ce9df0","provisioning_mode":"static","service_ips":["10.12.1.0/20"],"zone":"fr-par-1"}}],"id":"b38093d2-d2c7-477a-81e3-a92d6b419862","name":"test_redis_endpoints","node_type":"RED1-XS","project_id":"564aa517-68b0-4fd7-8c8c-d21c4bcdcbd5","status":"initializing","tags":[],"tls_enabled":false,"updated_at":"2023-07-06T15:08:55.190758Z","upgradable_versions":[],"user_name":"my_initial_user","version":"7.0.5","zone":"fr-par-1"}'
    headers:
      Content-Length:
      - "921"
      Content-Security-Policy:
      - default-src 'none'; frame-ancestors 'none'
      Content-Type:
      - application/json
      Date:
      - Thu, 06 Jul 2023 15:09:07 GMT
      Server:
      - Scaleway API-Gateway
      Strict-Transport-Security:
      - max-age=63072000
      X-Content-Type-Options:
      - nosniff
      X-Frame-Options:
      - DENY
      X-Request-Id:
      - 3309a302-2705-49e7-884f-2416a84b36e2
    status: 200 OK
    code: 200
    duration: ""
- request:
    body: ""
    form: {}
    headers:
      User-Agent:
      - scaleway-sdk-go/v1.0.0-beta.7+dev (go1.20.4; darwin; amd64) terraform-provider/develop
        terraform/terraform-tests
    url: https://api.scaleway.com/redis/v1/zones/fr-par-1/clusters/b38093d2-d2c7-477a-81e3-a92d6b419862
    method: GET
  response:
    body: '{"acl_rules":[],"cluster_settings":[],"cluster_size":1,"created_at":"2023-07-06T15:06:45.023571Z","endpoints":[{"id":"b71bc166-ce76-41ef-9dde-42f2a07c7781","ips":["192.168.1.0"],"port":6379,"private_network":{"id":"2c660120-c572-44c1-82c4-3e771b655152","provisioning_mode":"static","service_ips":["192.168.1.0/20"],"zone":"fr-par-1"}},{"id":"bf6636db-fb09-44c5-b470-93e7a91a46d9","ips":["10.12.1.0"],"port":6379,"private_network":{"id":"871c16b6-40e2-4f7c-ba92-95bc70ce9df0","provisioning_mode":"static","service_ips":["10.12.1.0/20"],"zone":"fr-par-1"}}],"id":"b38093d2-d2c7-477a-81e3-a92d6b419862","name":"test_redis_endpoints","node_type":"RED1-XS","project_id":"564aa517-68b0-4fd7-8c8c-d21c4bcdcbd5","status":"initializing","tags":[],"tls_enabled":false,"updated_at":"2023-07-06T15:08:55.190758Z","upgradable_versions":[],"user_name":"my_initial_user","version":"7.0.5","zone":"fr-par-1"}'
    headers:
      Content-Length:
      - "921"
      Content-Security-Policy:
      - default-src 'none'; frame-ancestors 'none'
      Content-Type:
      - application/json
      Date:
      - Thu, 06 Jul 2023 15:09:12 GMT
      Server:
      - Scaleway API-Gateway
      Strict-Transport-Security:
      - max-age=63072000
      X-Content-Type-Options:
      - nosniff
      X-Frame-Options:
      - DENY
      X-Request-Id:
      - 8aec9a31-e5b8-46ff-a72c-0a15eff98774
    status: 200 OK
    code: 200
    duration: ""
- request:
    body: ""
    form: {}
    headers:
      User-Agent:
      - scaleway-sdk-go/v1.0.0-beta.7+dev (go1.20.4; darwin; amd64) terraform-provider/develop
        terraform/terraform-tests
    url: https://api.scaleway.com/redis/v1/zones/fr-par-1/clusters/b38093d2-d2c7-477a-81e3-a92d6b419862
    method: GET
  response:
    body: '{"acl_rules":[],"cluster_settings":[],"cluster_size":1,"created_at":"2023-07-06T15:06:45.023571Z","endpoints":[{"id":"b71bc166-ce76-41ef-9dde-42f2a07c7781","ips":["192.168.1.0"],"port":6379,"private_network":{"id":"2c660120-c572-44c1-82c4-3e771b655152","provisioning_mode":"static","service_ips":["192.168.1.0/20"],"zone":"fr-par-1"}},{"id":"bf6636db-fb09-44c5-b470-93e7a91a46d9","ips":["10.12.1.0"],"port":6379,"private_network":{"id":"871c16b6-40e2-4f7c-ba92-95bc70ce9df0","provisioning_mode":"static","service_ips":["10.12.1.0/20"],"zone":"fr-par-1"}}],"id":"b38093d2-d2c7-477a-81e3-a92d6b419862","name":"test_redis_endpoints","node_type":"RED1-XS","project_id":"564aa517-68b0-4fd7-8c8c-d21c4bcdcbd5","status":"initializing","tags":[],"tls_enabled":false,"updated_at":"2023-07-06T15:08:55.190758Z","upgradable_versions":[],"user_name":"my_initial_user","version":"7.0.5","zone":"fr-par-1"}'
    headers:
      Content-Length:
      - "921"
      Content-Security-Policy:
      - default-src 'none'; frame-ancestors 'none'
      Content-Type:
      - application/json
      Date:
      - Thu, 06 Jul 2023 15:09:17 GMT
      Server:
      - Scaleway API-Gateway
      Strict-Transport-Security:
      - max-age=63072000
      X-Content-Type-Options:
      - nosniff
      X-Frame-Options:
      - DENY
      X-Request-Id:
      - b8bd0671-7841-4c33-aac1-53ca1d2e452b
    status: 200 OK
    code: 200
    duration: ""
- request:
    body: ""
    form: {}
    headers:
      User-Agent:
      - scaleway-sdk-go/v1.0.0-beta.7+dev (go1.20.4; darwin; amd64) terraform-provider/develop
        terraform/terraform-tests
    url: https://api.scaleway.com/redis/v1/zones/fr-par-1/clusters/b38093d2-d2c7-477a-81e3-a92d6b419862
    method: GET
  response:
    body: '{"acl_rules":[],"cluster_settings":[],"cluster_size":1,"created_at":"2023-07-06T15:06:45.023571Z","endpoints":[{"id":"b71bc166-ce76-41ef-9dde-42f2a07c7781","ips":["192.168.1.0"],"port":6379,"private_network":{"id":"2c660120-c572-44c1-82c4-3e771b655152","provisioning_mode":"static","service_ips":["192.168.1.0/20"],"zone":"fr-par-1"}},{"id":"bf6636db-fb09-44c5-b470-93e7a91a46d9","ips":["10.12.1.0"],"port":6379,"private_network":{"id":"871c16b6-40e2-4f7c-ba92-95bc70ce9df0","provisioning_mode":"static","service_ips":["10.12.1.0/20"],"zone":"fr-par-1"}}],"id":"b38093d2-d2c7-477a-81e3-a92d6b419862","name":"test_redis_endpoints","node_type":"RED1-XS","project_id":"564aa517-68b0-4fd7-8c8c-d21c4bcdcbd5","status":"ready","tags":[],"tls_enabled":false,"updated_at":"2023-07-06T15:09:20.644256Z","upgradable_versions":[],"user_name":"my_initial_user","version":"7.0.5","zone":"fr-par-1"}'
    headers:
      Content-Length:
      - "914"
      Content-Security-Policy:
      - default-src 'none'; frame-ancestors 'none'
      Content-Type:
      - application/json
      Date:
      - Thu, 06 Jul 2023 15:09:22 GMT
      Server:
      - Scaleway API-Gateway
      Strict-Transport-Security:
      - max-age=63072000
      X-Content-Type-Options:
      - nosniff
      X-Frame-Options:
      - DENY
      X-Request-Id:
      - dedfefdb-c9ef-4b26-a968-71e685535ee7
    status: 200 OK
    code: 200
    duration: ""
- request:
    body: ""
    form: {}
    headers:
      User-Agent:
      - scaleway-sdk-go/v1.0.0-beta.7+dev (go1.20.4; darwin; amd64) terraform-provider/develop
        terraform/terraform-tests
    url: https://api.scaleway.com/redis/v1/zones/fr-par-1/clusters/b38093d2-d2c7-477a-81e3-a92d6b419862
    method: GET
  response:
    body: '{"acl_rules":[],"cluster_settings":[],"cluster_size":1,"created_at":"2023-07-06T15:06:45.023571Z","endpoints":[{"id":"b71bc166-ce76-41ef-9dde-42f2a07c7781","ips":["192.168.1.0"],"port":6379,"private_network":{"id":"2c660120-c572-44c1-82c4-3e771b655152","provisioning_mode":"static","service_ips":["192.168.1.0/20"],"zone":"fr-par-1"}},{"id":"bf6636db-fb09-44c5-b470-93e7a91a46d9","ips":["10.12.1.0"],"port":6379,"private_network":{"id":"871c16b6-40e2-4f7c-ba92-95bc70ce9df0","provisioning_mode":"static","service_ips":["10.12.1.0/20"],"zone":"fr-par-1"}}],"id":"b38093d2-d2c7-477a-81e3-a92d6b419862","name":"test_redis_endpoints","node_type":"RED1-XS","project_id":"564aa517-68b0-4fd7-8c8c-d21c4bcdcbd5","status":"ready","tags":[],"tls_enabled":false,"updated_at":"2023-07-06T15:09:20.644256Z","upgradable_versions":[],"user_name":"my_initial_user","version":"7.0.5","zone":"fr-par-1"}'
    headers:
      Content-Length:
      - "914"
      Content-Security-Policy:
      - default-src 'none'; frame-ancestors 'none'
      Content-Type:
      - application/json
      Date:
      - Thu, 06 Jul 2023 15:09:22 GMT
      Server:
      - Scaleway API-Gateway
      Strict-Transport-Security:
      - max-age=63072000
      X-Content-Type-Options:
      - nosniff
      X-Frame-Options:
      - DENY
      X-Request-Id:
      - 1327d184-e557-4d30-aa10-7267e8c3dea8
    status: 200 OK
    code: 200
    duration: ""
- request:
    body: ""
    form: {}
    headers:
      User-Agent:
      - scaleway-sdk-go/v1.0.0-beta.7+dev (go1.20.4; darwin; amd64) terraform-provider/develop
        terraform/terraform-tests
    url: https://api.scaleway.com/redis/v1/zones/fr-par-1/clusters/b38093d2-d2c7-477a-81e3-a92d6b419862
    method: GET
  response:
    body: '{"acl_rules":[],"cluster_settings":[],"cluster_size":1,"created_at":"2023-07-06T15:06:45.023571Z","endpoints":[{"id":"b71bc166-ce76-41ef-9dde-42f2a07c7781","ips":["192.168.1.0"],"port":6379,"private_network":{"id":"2c660120-c572-44c1-82c4-3e771b655152","provisioning_mode":"static","service_ips":["192.168.1.0/20"],"zone":"fr-par-1"}},{"id":"bf6636db-fb09-44c5-b470-93e7a91a46d9","ips":["10.12.1.0"],"port":6379,"private_network":{"id":"871c16b6-40e2-4f7c-ba92-95bc70ce9df0","provisioning_mode":"static","service_ips":["10.12.1.0/20"],"zone":"fr-par-1"}}],"id":"b38093d2-d2c7-477a-81e3-a92d6b419862","name":"test_redis_endpoints","node_type":"RED1-XS","project_id":"564aa517-68b0-4fd7-8c8c-d21c4bcdcbd5","status":"ready","tags":[],"tls_enabled":false,"updated_at":"2023-07-06T15:09:20.644256Z","upgradable_versions":[],"user_name":"my_initial_user","version":"7.0.5","zone":"fr-par-1"}'
    headers:
      Content-Length:
      - "914"
      Content-Security-Policy:
      - default-src 'none'; frame-ancestors 'none'
      Content-Type:
      - application/json
      Date:
      - Thu, 06 Jul 2023 15:09:22 GMT
      Server:
      - Scaleway API-Gateway
      Strict-Transport-Security:
      - max-age=63072000
      X-Content-Type-Options:
      - nosniff
      X-Frame-Options:
      - DENY
      X-Request-Id:
      - b74c2cfd-1485-4341-ab43-886932d6e109
    status: 200 OK
    code: 200
    duration: ""
- request:
    body: ""
    form: {}
    headers:
      User-Agent:
      - scaleway-sdk-go/v1.0.0-beta.7+dev (go1.20.4; darwin; amd64) terraform-provider/develop
        terraform/terraform-tests
    url: https://api.scaleway.com/redis/v1/zones/fr-par-1/clusters/b38093d2-d2c7-477a-81e3-a92d6b419862
    method: GET
  response:
    body: '{"acl_rules":[],"cluster_settings":[],"cluster_size":1,"created_at":"2023-07-06T15:06:45.023571Z","endpoints":[{"id":"b71bc166-ce76-41ef-9dde-42f2a07c7781","ips":["192.168.1.0"],"port":6379,"private_network":{"id":"2c660120-c572-44c1-82c4-3e771b655152","provisioning_mode":"static","service_ips":["192.168.1.0/20"],"zone":"fr-par-1"}},{"id":"bf6636db-fb09-44c5-b470-93e7a91a46d9","ips":["10.12.1.0"],"port":6379,"private_network":{"id":"871c16b6-40e2-4f7c-ba92-95bc70ce9df0","provisioning_mode":"static","service_ips":["10.12.1.0/20"],"zone":"fr-par-1"}}],"id":"b38093d2-d2c7-477a-81e3-a92d6b419862","name":"test_redis_endpoints","node_type":"RED1-XS","project_id":"564aa517-68b0-4fd7-8c8c-d21c4bcdcbd5","status":"ready","tags":[],"tls_enabled":false,"updated_at":"2023-07-06T15:09:20.644256Z","upgradable_versions":[],"user_name":"my_initial_user","version":"7.0.5","zone":"fr-par-1"}'
    headers:
      Content-Length:
      - "914"
      Content-Security-Policy:
      - default-src 'none'; frame-ancestors 'none'
      Content-Type:
      - application/json
      Date:
      - Thu, 06 Jul 2023 15:09:22 GMT
      Server:
      - Scaleway API-Gateway
      Strict-Transport-Security:
      - max-age=63072000
      X-Content-Type-Options:
      - nosniff
      X-Frame-Options:
      - DENY
      X-Request-Id:
      - 3190883c-50f5-451f-ba6d-1c87a5c6b63c
    status: 200 OK
    code: 200
    duration: ""
- request:
    body: ""
    form: {}
    headers:
      User-Agent:
      - scaleway-sdk-go/v1.0.0-beta.7+dev (go1.20.4; darwin; amd64) terraform-provider/develop
        terraform/terraform-tests
    url: https://api.scaleway.com/vpc/v1/zones/fr-par-1/private-networks/871c16b6-40e2-4f7c-ba92-95bc70ce9df0
    method: GET
  response:
    body: '{"created_at":"2023-07-06T15:06:44.252083Z","id":"871c16b6-40e2-4f7c-ba92-95bc70ce9df0","name":"private-network","organization_id":"564aa517-68b0-4fd7-8c8c-d21c4bcdcbd5","project_id":"564aa517-68b0-4fd7-8c8c-d21c4bcdcbd5","subnets":["172.16.52.0/22","fd46:78ab:30b8:75f1::/64"],"tags":[],"updated_at":"2023-07-06T15:06:44.252083Z","zone":"fr-par-1"}'
    headers:
      Content-Length:
      - "358"
      Content-Security-Policy:
      - default-src 'none'; frame-ancestors 'none'
      Content-Type:
      - application/json
      Date:
      - Thu, 06 Jul 2023 15:09:22 GMT
      Server:
      - Scaleway API-Gateway
      Strict-Transport-Security:
      - max-age=63072000
      X-Content-Type-Options:
      - nosniff
      X-Frame-Options:
      - DENY
      X-Request-Id:
      - aea59cb8-013a-4413-9c0c-3852853379a8
    status: 200 OK
    code: 200
    duration: ""
- request:
    body: ""
    form: {}
    headers:
      User-Agent:
      - scaleway-sdk-go/v1.0.0-beta.7+dev (go1.20.4; darwin; amd64) terraform-provider/develop
        terraform/terraform-tests
    url: https://api.scaleway.com/vpc/v1/zones/fr-par-1/private-networks/2c660120-c572-44c1-82c4-3e771b655152
    method: GET
  response:
    body: '{"created_at":"2023-07-06T15:08:34.512208Z","id":"2c660120-c572-44c1-82c4-3e771b655152","name":"private-network-2","organization_id":"564aa517-68b0-4fd7-8c8c-d21c4bcdcbd5","project_id":"564aa517-68b0-4fd7-8c8c-d21c4bcdcbd5","subnets":["172.16.64.0/22","fd46:78ab:30b8:480::/64"],"tags":[],"updated_at":"2023-07-06T15:08:34.512208Z","zone":"fr-par-1"}'
    headers:
      Content-Length:
      - "359"
      Content-Security-Policy:
      - default-src 'none'; frame-ancestors 'none'
      Content-Type:
      - application/json
      Date:
      - Thu, 06 Jul 2023 15:09:22 GMT
      Server:
      - Scaleway API-Gateway
      Strict-Transport-Security:
      - max-age=63072000
      X-Content-Type-Options:
      - nosniff
      X-Frame-Options:
      - DENY
      X-Request-Id:
      - 429dde57-41b7-42b3-9fb2-90c1c8b0d77e
    status: 200 OK
    code: 200
    duration: ""
- request:
    body: ""
    form: {}
    headers:
      User-Agent:
      - scaleway-sdk-go/v1.0.0-beta.7+dev (go1.20.4; darwin; amd64) terraform-provider/develop
        terraform/terraform-tests
    url: https://api.scaleway.com/vpc/v1/zones/fr-par-1/private-networks/871c16b6-40e2-4f7c-ba92-95bc70ce9df0
    method: GET
  response:
    body: '{"created_at":"2023-07-06T15:06:44.252083Z","id":"871c16b6-40e2-4f7c-ba92-95bc70ce9df0","name":"private-network","organization_id":"564aa517-68b0-4fd7-8c8c-d21c4bcdcbd5","project_id":"564aa517-68b0-4fd7-8c8c-d21c4bcdcbd5","subnets":["172.16.52.0/22","fd46:78ab:30b8:75f1::/64"],"tags":[],"updated_at":"2023-07-06T15:06:44.252083Z","zone":"fr-par-1"}'
    headers:
      Content-Length:
      - "358"
      Content-Security-Policy:
      - default-src 'none'; frame-ancestors 'none'
      Content-Type:
      - application/json
      Date:
      - Thu, 06 Jul 2023 15:09:23 GMT
      Server:
      - Scaleway API-Gateway
      Strict-Transport-Security:
      - max-age=63072000
      X-Content-Type-Options:
      - nosniff
      X-Frame-Options:
      - DENY
      X-Request-Id:
      - 9ed350f1-c8b4-469c-9459-55fc5190af00
    status: 200 OK
    code: 200
    duration: ""
- request:
    body: ""
    form: {}
    headers:
      User-Agent:
      - scaleway-sdk-go/v1.0.0-beta.7+dev (go1.20.4; darwin; amd64) terraform-provider/develop
        terraform/terraform-tests
    url: https://api.scaleway.com/vpc/v1/zones/fr-par-1/private-networks/2c660120-c572-44c1-82c4-3e771b655152
    method: GET
  response:
    body: '{"created_at":"2023-07-06T15:08:34.512208Z","id":"2c660120-c572-44c1-82c4-3e771b655152","name":"private-network-2","organization_id":"564aa517-68b0-4fd7-8c8c-d21c4bcdcbd5","project_id":"564aa517-68b0-4fd7-8c8c-d21c4bcdcbd5","subnets":["172.16.64.0/22","fd46:78ab:30b8:480::/64"],"tags":[],"updated_at":"2023-07-06T15:08:34.512208Z","zone":"fr-par-1"}'
    headers:
      Content-Length:
      - "359"
      Content-Security-Policy:
      - default-src 'none'; frame-ancestors 'none'
      Content-Type:
      - application/json
      Date:
      - Thu, 06 Jul 2023 15:09:23 GMT
      Server:
      - Scaleway API-Gateway
      Strict-Transport-Security:
      - max-age=63072000
      X-Content-Type-Options:
      - nosniff
      X-Frame-Options:
      - DENY
      X-Request-Id:
      - 587d4ac7-6371-42e8-b889-b6b0345023cb
    status: 200 OK
    code: 200
    duration: ""
- request:
    body: ""
    form: {}
    headers:
      User-Agent:
      - scaleway-sdk-go/v1.0.0-beta.7+dev (go1.20.4; darwin; amd64) terraform-provider/develop
        terraform/terraform-tests
    url: https://api.scaleway.com/redis/v1/zones/fr-par-1/clusters/b38093d2-d2c7-477a-81e3-a92d6b419862
    method: GET
  response:
    body: '{"acl_rules":[],"cluster_settings":[],"cluster_size":1,"created_at":"2023-07-06T15:06:45.023571Z","endpoints":[{"id":"b71bc166-ce76-41ef-9dde-42f2a07c7781","ips":["192.168.1.0"],"port":6379,"private_network":{"id":"2c660120-c572-44c1-82c4-3e771b655152","provisioning_mode":"static","service_ips":["192.168.1.0/20"],"zone":"fr-par-1"}},{"id":"bf6636db-fb09-44c5-b470-93e7a91a46d9","ips":["10.12.1.0"],"port":6379,"private_network":{"id":"871c16b6-40e2-4f7c-ba92-95bc70ce9df0","provisioning_mode":"static","service_ips":["10.12.1.0/20"],"zone":"fr-par-1"}}],"id":"b38093d2-d2c7-477a-81e3-a92d6b419862","name":"test_redis_endpoints","node_type":"RED1-XS","project_id":"564aa517-68b0-4fd7-8c8c-d21c4bcdcbd5","status":"ready","tags":[],"tls_enabled":false,"updated_at":"2023-07-06T15:09:20.644256Z","upgradable_versions":[],"user_name":"my_initial_user","version":"7.0.5","zone":"fr-par-1"}'
    headers:
      Content-Length:
      - "914"
      Content-Security-Policy:
      - default-src 'none'; frame-ancestors 'none'
      Content-Type:
      - application/json
      Date:
      - Thu, 06 Jul 2023 15:09:23 GMT
      Server:
      - Scaleway API-Gateway
      Strict-Transport-Security:
      - max-age=63072000
      X-Content-Type-Options:
      - nosniff
      X-Frame-Options:
      - DENY
      X-Request-Id:
      - 0c063d02-ee22-456d-9233-8b5d9030fec3
    status: 200 OK
    code: 200
    duration: ""
- request:
    body: ""
    form: {}
    headers:
      User-Agent:
      - scaleway-sdk-go/v1.0.0-beta.7+dev (go1.20.4; darwin; amd64) terraform-provider/develop
        terraform/terraform-tests
    url: https://api.scaleway.com/vpc/v1/zones/fr-par-1/private-networks/2c660120-c572-44c1-82c4-3e771b655152
    method: GET
  response:
    body: '{"created_at":"2023-07-06T15:08:34.512208Z","id":"2c660120-c572-44c1-82c4-3e771b655152","name":"private-network-2","organization_id":"564aa517-68b0-4fd7-8c8c-d21c4bcdcbd5","project_id":"564aa517-68b0-4fd7-8c8c-d21c4bcdcbd5","subnets":["172.16.64.0/22","fd46:78ab:30b8:480::/64"],"tags":[],"updated_at":"2023-07-06T15:08:34.512208Z","zone":"fr-par-1"}'
    headers:
      Content-Length:
      - "359"
      Content-Security-Policy:
      - default-src 'none'; frame-ancestors 'none'
      Content-Type:
      - application/json
      Date:
      - Thu, 06 Jul 2023 15:09:23 GMT
      Server:
      - Scaleway API-Gateway
      Strict-Transport-Security:
      - max-age=63072000
      X-Content-Type-Options:
      - nosniff
      X-Frame-Options:
      - DENY
      X-Request-Id:
      - 177e118c-8995-4585-8bbf-11271b0ffceb
    status: 200 OK
    code: 200
    duration: ""
- request:
    body: ""
    form: {}
    headers:
      User-Agent:
      - scaleway-sdk-go/v1.0.0-beta.7+dev (go1.20.4; darwin; amd64) terraform-provider/develop
        terraform/terraform-tests
    url: https://api.scaleway.com/vpc/v1/zones/fr-par-1/private-networks/871c16b6-40e2-4f7c-ba92-95bc70ce9df0
    method: GET
  response:
    body: '{"created_at":"2023-07-06T15:06:44.252083Z","id":"871c16b6-40e2-4f7c-ba92-95bc70ce9df0","name":"private-network","organization_id":"564aa517-68b0-4fd7-8c8c-d21c4bcdcbd5","project_id":"564aa517-68b0-4fd7-8c8c-d21c4bcdcbd5","subnets":["172.16.52.0/22","fd46:78ab:30b8:75f1::/64"],"tags":[],"updated_at":"2023-07-06T15:06:44.252083Z","zone":"fr-par-1"}'
    headers:
      Content-Length:
      - "358"
      Content-Security-Policy:
      - default-src 'none'; frame-ancestors 'none'
      Content-Type:
      - application/json
      Date:
      - Thu, 06 Jul 2023 15:09:23 GMT
      Server:
      - Scaleway API-Gateway
      Strict-Transport-Security:
      - max-age=63072000
      X-Content-Type-Options:
      - nosniff
      X-Frame-Options:
      - DENY
      X-Request-Id:
      - 8b4f7e35-2ec0-40f6-acde-3a65e0ed5d2b
    status: 200 OK
    code: 200
    duration: ""
- request:
    body: ""
    form: {}
    headers:
      User-Agent:
      - scaleway-sdk-go/v1.0.0-beta.7+dev (go1.20.4; darwin; amd64) terraform-provider/develop
        terraform/terraform-tests
    url: https://api.scaleway.com/redis/v1/zones/fr-par-1/clusters/b38093d2-d2c7-477a-81e3-a92d6b419862
    method: GET
  response:
    body: '{"acl_rules":[],"cluster_settings":[],"cluster_size":1,"created_at":"2023-07-06T15:06:45.023571Z","endpoints":[{"id":"b71bc166-ce76-41ef-9dde-42f2a07c7781","ips":["192.168.1.0"],"port":6379,"private_network":{"id":"2c660120-c572-44c1-82c4-3e771b655152","provisioning_mode":"static","service_ips":["192.168.1.0/20"],"zone":"fr-par-1"}},{"id":"bf6636db-fb09-44c5-b470-93e7a91a46d9","ips":["10.12.1.0"],"port":6379,"private_network":{"id":"871c16b6-40e2-4f7c-ba92-95bc70ce9df0","provisioning_mode":"static","service_ips":["10.12.1.0/20"],"zone":"fr-par-1"}}],"id":"b38093d2-d2c7-477a-81e3-a92d6b419862","name":"test_redis_endpoints","node_type":"RED1-XS","project_id":"564aa517-68b0-4fd7-8c8c-d21c4bcdcbd5","status":"ready","tags":[],"tls_enabled":false,"updated_at":"2023-07-06T15:09:20.644256Z","upgradable_versions":[],"user_name":"my_initial_user","version":"7.0.5","zone":"fr-par-1"}'
    headers:
      Content-Length:
      - "914"
      Content-Security-Policy:
      - default-src 'none'; frame-ancestors 'none'
      Content-Type:
      - application/json
      Date:
      - Thu, 06 Jul 2023 15:09:23 GMT
      Server:
      - Scaleway API-Gateway
      Strict-Transport-Security:
      - max-age=63072000
      X-Content-Type-Options:
      - nosniff
      X-Frame-Options:
      - DENY
      X-Request-Id:
      - eb9eed2a-5d64-48bd-908c-2084db29732b
    status: 200 OK
    code: 200
    duration: ""
- request:
    body: ""
    form: {}
    headers:
      User-Agent:
      - scaleway-sdk-go/v1.0.0-beta.7+dev (go1.20.4; darwin; amd64) terraform-provider/develop
        terraform/terraform-tests
    url: https://api.scaleway.com/redis/v1/zones/fr-par-1/clusters/b38093d2-d2c7-477a-81e3-a92d6b419862
    method: GET
  response:
    body: '{"acl_rules":[],"cluster_settings":[],"cluster_size":1,"created_at":"2023-07-06T15:06:45.023571Z","endpoints":[{"id":"b71bc166-ce76-41ef-9dde-42f2a07c7781","ips":["192.168.1.0"],"port":6379,"private_network":{"id":"2c660120-c572-44c1-82c4-3e771b655152","provisioning_mode":"static","service_ips":["192.168.1.0/20"],"zone":"fr-par-1"}},{"id":"bf6636db-fb09-44c5-b470-93e7a91a46d9","ips":["10.12.1.0"],"port":6379,"private_network":{"id":"871c16b6-40e2-4f7c-ba92-95bc70ce9df0","provisioning_mode":"static","service_ips":["10.12.1.0/20"],"zone":"fr-par-1"}}],"id":"b38093d2-d2c7-477a-81e3-a92d6b419862","name":"test_redis_endpoints","node_type":"RED1-XS","project_id":"564aa517-68b0-4fd7-8c8c-d21c4bcdcbd5","status":"ready","tags":[],"tls_enabled":false,"updated_at":"2023-07-06T15:09:20.644256Z","upgradable_versions":[],"user_name":"my_initial_user","version":"7.0.5","zone":"fr-par-1"}'
    headers:
      Content-Length:
      - "914"
      Content-Security-Policy:
      - default-src 'none'; frame-ancestors 'none'
      Content-Type:
      - application/json
      Date:
      - Thu, 06 Jul 2023 15:09:24 GMT
      Server:
      - Scaleway API-Gateway
      Strict-Transport-Security:
      - max-age=63072000
      X-Content-Type-Options:
      - nosniff
      X-Frame-Options:
      - DENY
      X-Request-Id:
      - a096e4e1-3a79-43c3-8d9e-093030edd2a3
    status: 200 OK
    code: 200
    duration: ""
- request:
    body: '{"name":null,"tags":null,"user_name":null,"password":null}'
    form: {}
    headers:
      Content-Type:
      - application/json
      User-Agent:
      - scaleway-sdk-go/v1.0.0-beta.7+dev (go1.20.4; darwin; amd64) terraform-provider/develop
        terraform/terraform-tests
    url: https://api.scaleway.com/redis/v1/zones/fr-par-1/clusters/b38093d2-d2c7-477a-81e3-a92d6b419862
    method: PATCH
  response:
    body: '{"acl_rules":[],"cluster_settings":[],"cluster_size":1,"created_at":"2023-07-06T15:06:45.023571Z","endpoints":[{"id":"b71bc166-ce76-41ef-9dde-42f2a07c7781","ips":["192.168.1.0"],"port":6379,"private_network":{"id":"2c660120-c572-44c1-82c4-3e771b655152","provisioning_mode":"static","service_ips":["192.168.1.0/20"],"zone":"fr-par-1"}},{"id":"bf6636db-fb09-44c5-b470-93e7a91a46d9","ips":["10.12.1.0"],"port":6379,"private_network":{"id":"871c16b6-40e2-4f7c-ba92-95bc70ce9df0","provisioning_mode":"static","service_ips":["10.12.1.0/20"],"zone":"fr-par-1"}}],"id":"b38093d2-d2c7-477a-81e3-a92d6b419862","name":"test_redis_endpoints","node_type":"RED1-XS","project_id":"564aa517-68b0-4fd7-8c8c-d21c4bcdcbd5","status":"ready","tags":[],"tls_enabled":false,"updated_at":"2023-07-06T15:09:24.428957Z","upgradable_versions":[],"user_name":"my_initial_user","version":"7.0.5","zone":"fr-par-1"}'
    headers:
      Content-Length:
      - "914"
      Content-Security-Policy:
      - default-src 'none'; frame-ancestors 'none'
      Content-Type:
      - application/json
      Date:
      - Thu, 06 Jul 2023 15:09:24 GMT
      Server:
      - Scaleway API-Gateway
      Strict-Transport-Security:
      - max-age=63072000
      X-Content-Type-Options:
      - nosniff
      X-Frame-Options:
      - DENY
      X-Request-Id:
      - c975b192-c1a7-4b10-9a10-a92b59d172db
    status: 200 OK
    code: 200
    duration: ""
- request:
    body: ""
    form: {}
    headers:
      User-Agent:
      - scaleway-sdk-go/v1.0.0-beta.7+dev (go1.20.4; darwin; amd64) terraform-provider/develop
        terraform/terraform-tests
    url: https://api.scaleway.com/redis/v1/zones/fr-par-1/clusters/b38093d2-d2c7-477a-81e3-a92d6b419862
    method: GET
  response:
    body: '{"acl_rules":[],"cluster_settings":[],"cluster_size":1,"created_at":"2023-07-06T15:06:45.023571Z","endpoints":[{"id":"b71bc166-ce76-41ef-9dde-42f2a07c7781","ips":["192.168.1.0"],"port":6379,"private_network":{"id":"2c660120-c572-44c1-82c4-3e771b655152","provisioning_mode":"static","service_ips":["192.168.1.0/20"],"zone":"fr-par-1"}},{"id":"bf6636db-fb09-44c5-b470-93e7a91a46d9","ips":["10.12.1.0"],"port":6379,"private_network":{"id":"871c16b6-40e2-4f7c-ba92-95bc70ce9df0","provisioning_mode":"static","service_ips":["10.12.1.0/20"],"zone":"fr-par-1"}}],"id":"b38093d2-d2c7-477a-81e3-a92d6b419862","name":"test_redis_endpoints","node_type":"RED1-XS","project_id":"564aa517-68b0-4fd7-8c8c-d21c4bcdcbd5","status":"ready","tags":[],"tls_enabled":false,"updated_at":"2023-07-06T15:09:24.428957Z","upgradable_versions":[],"user_name":"my_initial_user","version":"7.0.5","zone":"fr-par-1"}'
    headers:
      Content-Length:
      - "914"
      Content-Security-Policy:
      - default-src 'none'; frame-ancestors 'none'
      Content-Type:
      - application/json
      Date:
      - Thu, 06 Jul 2023 15:09:24 GMT
      Server:
      - Scaleway API-Gateway
      Strict-Transport-Security:
      - max-age=63072000
      X-Content-Type-Options:
      - nosniff
      X-Frame-Options:
      - DENY
      X-Request-Id:
      - 2a88f51b-46f8-4255-a9d8-595aa480ef7b
    status: 200 OK
    code: 200
    duration: ""
- request:
    body: '{"endpoints":[{"private_network":{"id":"871c16b6-40e2-4f7c-ba92-95bc70ce9df0","service_ips":["10.13.1.0/20"],"ipam_config":null}}]}'
    form: {}
    headers:
      Content-Type:
      - application/json
      User-Agent:
      - scaleway-sdk-go/v1.0.0-beta.7+dev (go1.20.4; darwin; amd64) terraform-provider/develop
        terraform/terraform-tests
    url: https://api.scaleway.com/redis/v1/zones/fr-par-1/clusters/b38093d2-d2c7-477a-81e3-a92d6b419862/endpoints
    method: PUT
  response:
    body: '{"endpoints":[{"id":"b052d65f-4e7d-4123-9a4a-9fbfebd06848","ips":["10.13.1.0"],"port":6379,"private_network":{"id":"871c16b6-40e2-4f7c-ba92-95bc70ce9df0","provisioning_mode":"static","service_ips":["10.13.1.0/20"],"zone":"fr-par-1"}}]}'
    headers:
      Content-Length:
      - "241"
      Content-Security-Policy:
      - default-src 'none'; frame-ancestors 'none'
      Content-Type:
      - application/json
      Date:
      - Thu, 06 Jul 2023 15:09:25 GMT
      Server:
      - Scaleway API-Gateway
      Strict-Transport-Security:
      - max-age=63072000
      X-Content-Type-Options:
      - nosniff
      X-Frame-Options:
      - DENY
      X-Request-Id:
      - 5b18bb66-b233-433f-8822-7bb866036332
    status: 200 OK
    code: 200
    duration: ""
- request:
    body: ""
    form: {}
    headers:
      User-Agent:
      - scaleway-sdk-go/v1.0.0-beta.7+dev (go1.20.4; darwin; amd64) terraform-provider/develop
        terraform/terraform-tests
    url: https://api.scaleway.com/redis/v1/zones/fr-par-1/clusters/b38093d2-d2c7-477a-81e3-a92d6b419862
    method: GET
  response:
    body: '{"acl_rules":[],"cluster_settings":[],"cluster_size":1,"created_at":"2023-07-06T15:06:45.023571Z","endpoints":[{"id":"b052d65f-4e7d-4123-9a4a-9fbfebd06848","ips":["10.13.1.0"],"port":6379,"private_network":{"id":"871c16b6-40e2-4f7c-ba92-95bc70ce9df0","provisioning_mode":"static","service_ips":["10.13.1.0/20"],"zone":"fr-par-1"}}],"id":"b38093d2-d2c7-477a-81e3-a92d6b419862","name":"test_redis_endpoints","node_type":"RED1-XS","project_id":"564aa517-68b0-4fd7-8c8c-d21c4bcdcbd5","status":"provisioning","tags":[],"tls_enabled":false,"updated_at":"2023-07-06T15:09:24.936884Z","upgradable_versions":[],"user_name":"my_initial_user","version":"7.0.5","zone":"fr-par-1"}'
    headers:
      Content-Length:
      - "690"
      Content-Security-Policy:
      - default-src 'none'; frame-ancestors 'none'
      Content-Type:
      - application/json
      Date:
      - Thu, 06 Jul 2023 15:09:25 GMT
      Server:
      - Scaleway API-Gateway
      Strict-Transport-Security:
      - max-age=63072000
      X-Content-Type-Options:
      - nosniff
      X-Frame-Options:
      - DENY
      X-Request-Id:
      - 238db911-497a-455b-b1ec-a047ab67f29c
    status: 200 OK
    code: 200
    duration: ""
- request:
    body: ""
    form: {}
    headers:
      User-Agent:
      - scaleway-sdk-go/v1.0.0-beta.7+dev (go1.20.4; darwin; amd64) terraform-provider/develop
        terraform/terraform-tests
    url: https://api.scaleway.com/redis/v1/zones/fr-par-1/clusters/b38093d2-d2c7-477a-81e3-a92d6b419862
    method: GET
  response:
    body: '{"acl_rules":[],"cluster_settings":[],"cluster_size":1,"created_at":"2023-07-06T15:06:45.023571Z","endpoints":[{"id":"b052d65f-4e7d-4123-9a4a-9fbfebd06848","ips":["10.13.1.0"],"port":6379,"private_network":{"id":"871c16b6-40e2-4f7c-ba92-95bc70ce9df0","provisioning_mode":"static","service_ips":["10.13.1.0/20"],"zone":"fr-par-1"}}],"id":"b38093d2-d2c7-477a-81e3-a92d6b419862","name":"test_redis_endpoints","node_type":"RED1-XS","project_id":"564aa517-68b0-4fd7-8c8c-d21c4bcdcbd5","status":"provisioning","tags":[],"tls_enabled":false,"updated_at":"2023-07-06T15:09:24.936884Z","upgradable_versions":[],"user_name":"my_initial_user","version":"7.0.5","zone":"fr-par-1"}'
    headers:
      Content-Length:
      - "690"
      Content-Security-Policy:
      - default-src 'none'; frame-ancestors 'none'
      Content-Type:
      - application/json
      Date:
      - Thu, 06 Jul 2023 15:09:30 GMT
      Server:
      - Scaleway API-Gateway
      Strict-Transport-Security:
      - max-age=63072000
      X-Content-Type-Options:
      - nosniff
      X-Frame-Options:
      - DENY
      X-Request-Id:
      - 90c2e9ee-d25f-44ff-8263-638f0667fbcc
    status: 200 OK
    code: 200
    duration: ""
- request:
    body: ""
    form: {}
    headers:
      User-Agent:
      - scaleway-sdk-go/v1.0.0-beta.7+dev (go1.20.4; darwin; amd64) terraform-provider/develop
        terraform/terraform-tests
    url: https://api.scaleway.com/redis/v1/zones/fr-par-1/clusters/b38093d2-d2c7-477a-81e3-a92d6b419862
    method: GET
  response:
    body: '{"acl_rules":[],"cluster_settings":[],"cluster_size":1,"created_at":"2023-07-06T15:06:45.023571Z","endpoints":[{"id":"b052d65f-4e7d-4123-9a4a-9fbfebd06848","ips":["10.13.1.0"],"port":6379,"private_network":{"id":"871c16b6-40e2-4f7c-ba92-95bc70ce9df0","provisioning_mode":"static","service_ips":["10.13.1.0/20"],"zone":"fr-par-1"}}],"id":"b38093d2-d2c7-477a-81e3-a92d6b419862","name":"test_redis_endpoints","node_type":"RED1-XS","project_id":"564aa517-68b0-4fd7-8c8c-d21c4bcdcbd5","status":"provisioning","tags":[],"tls_enabled":false,"updated_at":"2023-07-06T15:09:24.936884Z","upgradable_versions":[],"user_name":"my_initial_user","version":"7.0.5","zone":"fr-par-1"}'
    headers:
      Content-Length:
      - "690"
      Content-Security-Policy:
      - default-src 'none'; frame-ancestors 'none'
      Content-Type:
      - application/json
      Date:
      - Thu, 06 Jul 2023 15:09:35 GMT
      Server:
      - Scaleway API-Gateway
      Strict-Transport-Security:
      - max-age=63072000
      X-Content-Type-Options:
      - nosniff
      X-Frame-Options:
      - DENY
      X-Request-Id:
      - 1b5ee091-d272-4732-8997-57437cf767db
    status: 200 OK
    code: 200
    duration: ""
- request:
    body: ""
    form: {}
    headers:
      User-Agent:
      - scaleway-sdk-go/v1.0.0-beta.7+dev (go1.20.4; darwin; amd64) terraform-provider/develop
        terraform/terraform-tests
    url: https://api.scaleway.com/redis/v1/zones/fr-par-1/clusters/b38093d2-d2c7-477a-81e3-a92d6b419862
    method: GET
  response:
    body: '{"acl_rules":[],"cluster_settings":[],"cluster_size":1,"created_at":"2023-07-06T15:06:45.023571Z","endpoints":[{"id":"b052d65f-4e7d-4123-9a4a-9fbfebd06848","ips":["10.13.1.0"],"port":6379,"private_network":{"id":"871c16b6-40e2-4f7c-ba92-95bc70ce9df0","provisioning_mode":"static","service_ips":["10.13.1.0/20"],"zone":"fr-par-1"}}],"id":"b38093d2-d2c7-477a-81e3-a92d6b419862","name":"test_redis_endpoints","node_type":"RED1-XS","project_id":"564aa517-68b0-4fd7-8c8c-d21c4bcdcbd5","status":"initializing","tags":[],"tls_enabled":false,"updated_at":"2023-07-06T15:09:39.262148Z","upgradable_versions":[],"user_name":"my_initial_user","version":"7.0.5","zone":"fr-par-1"}'
    headers:
      Content-Length:
      - "690"
      Content-Security-Policy:
      - default-src 'none'; frame-ancestors 'none'
      Content-Type:
      - application/json
      Date:
      - Thu, 06 Jul 2023 15:09:40 GMT
      Server:
      - Scaleway API-Gateway
      Strict-Transport-Security:
      - max-age=63072000
      X-Content-Type-Options:
      - nosniff
      X-Frame-Options:
      - DENY
      X-Request-Id:
      - 55c36ded-a65f-4c68-9f2f-2b668ea0c564
    status: 200 OK
    code: 200
    duration: ""
- request:
    body: ""
    form: {}
    headers:
      User-Agent:
      - scaleway-sdk-go/v1.0.0-beta.7+dev (go1.20.4; darwin; amd64) terraform-provider/develop
        terraform/terraform-tests
    url: https://api.scaleway.com/redis/v1/zones/fr-par-1/clusters/b38093d2-d2c7-477a-81e3-a92d6b419862
    method: GET
  response:
    body: '{"acl_rules":[],"cluster_settings":[],"cluster_size":1,"created_at":"2023-07-06T15:06:45.023571Z","endpoints":[{"id":"b052d65f-4e7d-4123-9a4a-9fbfebd06848","ips":["10.13.1.0"],"port":6379,"private_network":{"id":"871c16b6-40e2-4f7c-ba92-95bc70ce9df0","provisioning_mode":"static","service_ips":["10.13.1.0/20"],"zone":"fr-par-1"}}],"id":"b38093d2-d2c7-477a-81e3-a92d6b419862","name":"test_redis_endpoints","node_type":"RED1-XS","project_id":"564aa517-68b0-4fd7-8c8c-d21c4bcdcbd5","status":"initializing","tags":[],"tls_enabled":false,"updated_at":"2023-07-06T15:09:39.262148Z","upgradable_versions":[],"user_name":"my_initial_user","version":"7.0.5","zone":"fr-par-1"}'
    headers:
      Content-Length:
      - "690"
      Content-Security-Policy:
      - default-src 'none'; frame-ancestors 'none'
      Content-Type:
      - application/json
      Date:
      - Thu, 06 Jul 2023 15:09:45 GMT
      Server:
      - Scaleway API-Gateway
      Strict-Transport-Security:
      - max-age=63072000
      X-Content-Type-Options:
      - nosniff
      X-Frame-Options:
      - DENY
      X-Request-Id:
      - 3a265537-d71c-4291-8170-ad2279cdc2be
    status: 200 OK
    code: 200
    duration: ""
- request:
    body: ""
    form: {}
    headers:
      User-Agent:
      - scaleway-sdk-go/v1.0.0-beta.7+dev (go1.20.4; darwin; amd64) terraform-provider/develop
        terraform/terraform-tests
    url: https://api.scaleway.com/redis/v1/zones/fr-par-1/clusters/b38093d2-d2c7-477a-81e3-a92d6b419862
    method: GET
  response:
    body: '{"acl_rules":[],"cluster_settings":[],"cluster_size":1,"created_at":"2023-07-06T15:06:45.023571Z","endpoints":[{"id":"b052d65f-4e7d-4123-9a4a-9fbfebd06848","ips":["10.13.1.0"],"port":6379,"private_network":{"id":"871c16b6-40e2-4f7c-ba92-95bc70ce9df0","provisioning_mode":"static","service_ips":["10.13.1.0/20"],"zone":"fr-par-1"}}],"id":"b38093d2-d2c7-477a-81e3-a92d6b419862","name":"test_redis_endpoints","node_type":"RED1-XS","project_id":"564aa517-68b0-4fd7-8c8c-d21c4bcdcbd5","status":"initializing","tags":[],"tls_enabled":false,"updated_at":"2023-07-06T15:09:39.262148Z","upgradable_versions":[],"user_name":"my_initial_user","version":"7.0.5","zone":"fr-par-1"}'
    headers:
      Content-Length:
      - "690"
      Content-Security-Policy:
      - default-src 'none'; frame-ancestors 'none'
      Content-Type:
      - application/json
      Date:
      - Thu, 06 Jul 2023 15:09:50 GMT
      Server:
      - Scaleway API-Gateway
      Strict-Transport-Security:
      - max-age=63072000
      X-Content-Type-Options:
      - nosniff
      X-Frame-Options:
      - DENY
      X-Request-Id:
      - aaf1aa0f-3308-4fc0-915a-9327cdad876e
    status: 200 OK
    code: 200
    duration: ""
- request:
    body: ""
    form: {}
    headers:
      User-Agent:
      - scaleway-sdk-go/v1.0.0-beta.7+dev (go1.20.4; darwin; amd64) terraform-provider/develop
        terraform/terraform-tests
    url: https://api.scaleway.com/redis/v1/zones/fr-par-1/clusters/b38093d2-d2c7-477a-81e3-a92d6b419862
    method: GET
  response:
    body: '{"acl_rules":[],"cluster_settings":[],"cluster_size":1,"created_at":"2023-07-06T15:06:45.023571Z","endpoints":[{"id":"b052d65f-4e7d-4123-9a4a-9fbfebd06848","ips":["10.13.1.0"],"port":6379,"private_network":{"id":"871c16b6-40e2-4f7c-ba92-95bc70ce9df0","provisioning_mode":"static","service_ips":["10.13.1.0/20"],"zone":"fr-par-1"}}],"id":"b38093d2-d2c7-477a-81e3-a92d6b419862","name":"test_redis_endpoints","node_type":"RED1-XS","project_id":"564aa517-68b0-4fd7-8c8c-d21c4bcdcbd5","status":"initializing","tags":[],"tls_enabled":false,"updated_at":"2023-07-06T15:09:39.262148Z","upgradable_versions":[],"user_name":"my_initial_user","version":"7.0.5","zone":"fr-par-1"}'
    headers:
      Content-Length:
      - "690"
      Content-Security-Policy:
      - default-src 'none'; frame-ancestors 'none'
      Content-Type:
      - application/json
      Date:
      - Thu, 06 Jul 2023 15:09:56 GMT
      Server:
      - Scaleway API-Gateway
      Strict-Transport-Security:
      - max-age=63072000
      X-Content-Type-Options:
      - nosniff
      X-Frame-Options:
      - DENY
      X-Request-Id:
      - c59f53b5-d110-4196-9364-27027a9e486f
    status: 200 OK
    code: 200
    duration: ""
- request:
    body: ""
    form: {}
    headers:
      User-Agent:
      - scaleway-sdk-go/v1.0.0-beta.7+dev (go1.20.4; darwin; amd64) terraform-provider/develop
        terraform/terraform-tests
    url: https://api.scaleway.com/redis/v1/zones/fr-par-1/clusters/b38093d2-d2c7-477a-81e3-a92d6b419862
    method: GET
  response:
    body: '{"acl_rules":[],"cluster_settings":[],"cluster_size":1,"created_at":"2023-07-06T15:06:45.023571Z","endpoints":[{"id":"b052d65f-4e7d-4123-9a4a-9fbfebd06848","ips":["10.13.1.0"],"port":6379,"private_network":{"id":"871c16b6-40e2-4f7c-ba92-95bc70ce9df0","provisioning_mode":"static","service_ips":["10.13.1.0/20"],"zone":"fr-par-1"}}],"id":"b38093d2-d2c7-477a-81e3-a92d6b419862","name":"test_redis_endpoints","node_type":"RED1-XS","project_id":"564aa517-68b0-4fd7-8c8c-d21c4bcdcbd5","status":"initializing","tags":[],"tls_enabled":false,"updated_at":"2023-07-06T15:09:39.262148Z","upgradable_versions":[],"user_name":"my_initial_user","version":"7.0.5","zone":"fr-par-1"}'
    headers:
      Content-Length:
      - "690"
      Content-Security-Policy:
      - default-src 'none'; frame-ancestors 'none'
      Content-Type:
      - application/json
      Date:
      - Thu, 06 Jul 2023 15:10:01 GMT
      Server:
      - Scaleway API-Gateway
      Strict-Transport-Security:
      - max-age=63072000
      X-Content-Type-Options:
      - nosniff
      X-Frame-Options:
      - DENY
      X-Request-Id:
      - f6a24542-674e-400f-bbb7-9beb7d094021
    status: 200 OK
    code: 200
    duration: ""
- request:
    body: ""
    form: {}
    headers:
      User-Agent:
      - scaleway-sdk-go/v1.0.0-beta.7+dev (go1.20.4; darwin; amd64) terraform-provider/develop
        terraform/terraform-tests
    url: https://api.scaleway.com/redis/v1/zones/fr-par-1/clusters/b38093d2-d2c7-477a-81e3-a92d6b419862
    method: GET
  response:
    body: '{"acl_rules":[],"cluster_settings":[],"cluster_size":1,"created_at":"2023-07-06T15:06:45.023571Z","endpoints":[{"id":"b052d65f-4e7d-4123-9a4a-9fbfebd06848","ips":["10.13.1.0"],"port":6379,"private_network":{"id":"871c16b6-40e2-4f7c-ba92-95bc70ce9df0","provisioning_mode":"static","service_ips":["10.13.1.0/20"],"zone":"fr-par-1"}}],"id":"b38093d2-d2c7-477a-81e3-a92d6b419862","name":"test_redis_endpoints","node_type":"RED1-XS","project_id":"564aa517-68b0-4fd7-8c8c-d21c4bcdcbd5","status":"ready","tags":[],"tls_enabled":false,"updated_at":"2023-07-06T15:10:04.311936Z","upgradable_versions":[],"user_name":"my_initial_user","version":"7.0.5","zone":"fr-par-1"}'
    headers:
      Content-Length:
      - "683"
      Content-Security-Policy:
      - default-src 'none'; frame-ancestors 'none'
      Content-Type:
      - application/json
      Date:
      - Thu, 06 Jul 2023 15:10:06 GMT
      Server:
      - Scaleway API-Gateway
      Strict-Transport-Security:
      - max-age=63072000
      X-Content-Type-Options:
      - nosniff
      X-Frame-Options:
      - DENY
      X-Request-Id:
      - 7fa12aeb-0f39-4c50-adc4-7fae9c4052ea
    status: 200 OK
    code: 200
    duration: ""
- request:
    body: ""
    form: {}
    headers:
      User-Agent:
      - scaleway-sdk-go/v1.0.0-beta.7+dev (go1.20.4; darwin; amd64) terraform-provider/develop
        terraform/terraform-tests
    url: https://api.scaleway.com/redis/v1/zones/fr-par-1/clusters/b38093d2-d2c7-477a-81e3-a92d6b419862
    method: GET
  response:
    body: '{"acl_rules":[],"cluster_settings":[],"cluster_size":1,"created_at":"2023-07-06T15:06:45.023571Z","endpoints":[{"id":"b052d65f-4e7d-4123-9a4a-9fbfebd06848","ips":["10.13.1.0"],"port":6379,"private_network":{"id":"871c16b6-40e2-4f7c-ba92-95bc70ce9df0","provisioning_mode":"static","service_ips":["10.13.1.0/20"],"zone":"fr-par-1"}}],"id":"b38093d2-d2c7-477a-81e3-a92d6b419862","name":"test_redis_endpoints","node_type":"RED1-XS","project_id":"564aa517-68b0-4fd7-8c8c-d21c4bcdcbd5","status":"ready","tags":[],"tls_enabled":false,"updated_at":"2023-07-06T15:10:04.311936Z","upgradable_versions":[],"user_name":"my_initial_user","version":"7.0.5","zone":"fr-par-1"}'
    headers:
      Content-Length:
      - "683"
      Content-Security-Policy:
      - default-src 'none'; frame-ancestors 'none'
      Content-Type:
      - application/json
      Date:
      - Thu, 06 Jul 2023 15:10:06 GMT
      Server:
      - Scaleway API-Gateway
      Strict-Transport-Security:
      - max-age=63072000
      X-Content-Type-Options:
      - nosniff
      X-Frame-Options:
      - DENY
      X-Request-Id:
      - ef941c55-a91a-4e26-a9d2-7efaccb92f9b
    status: 200 OK
    code: 200
    duration: ""
- request:
    body: ""
    form: {}
    headers:
      User-Agent:
      - scaleway-sdk-go/v1.0.0-beta.7+dev (go1.20.4; darwin; amd64) terraform-provider/develop
        terraform/terraform-tests
    url: https://api.scaleway.com/redis/v1/zones/fr-par-1/clusters/b38093d2-d2c7-477a-81e3-a92d6b419862
    method: GET
  response:
    body: '{"acl_rules":[],"cluster_settings":[],"cluster_size":1,"created_at":"2023-07-06T15:06:45.023571Z","endpoints":[{"id":"b052d65f-4e7d-4123-9a4a-9fbfebd06848","ips":["10.13.1.0"],"port":6379,"private_network":{"id":"871c16b6-40e2-4f7c-ba92-95bc70ce9df0","provisioning_mode":"static","service_ips":["10.13.1.0/20"],"zone":"fr-par-1"}}],"id":"b38093d2-d2c7-477a-81e3-a92d6b419862","name":"test_redis_endpoints","node_type":"RED1-XS","project_id":"564aa517-68b0-4fd7-8c8c-d21c4bcdcbd5","status":"ready","tags":[],"tls_enabled":false,"updated_at":"2023-07-06T15:10:04.311936Z","upgradable_versions":[],"user_name":"my_initial_user","version":"7.0.5","zone":"fr-par-1"}'
    headers:
      Content-Length:
      - "683"
      Content-Security-Policy:
      - default-src 'none'; frame-ancestors 'none'
      Content-Type:
      - application/json
      Date:
      - Thu, 06 Jul 2023 15:10:06 GMT
      Server:
      - Scaleway API-Gateway
      Strict-Transport-Security:
      - max-age=63072000
      X-Content-Type-Options:
      - nosniff
      X-Frame-Options:
      - DENY
      X-Request-Id:
      - 141a0085-1c7c-41e0-b91f-e61b0fff119a
    status: 200 OK
    code: 200
    duration: ""
- request:
    body: ""
    form: {}
    headers:
      User-Agent:
      - scaleway-sdk-go/v1.0.0-beta.7+dev (go1.20.4; darwin; amd64) terraform-provider/develop
        terraform/terraform-tests
    url: https://api.scaleway.com/redis/v1/zones/fr-par-1/clusters/b38093d2-d2c7-477a-81e3-a92d6b419862
    method: GET
  response:
    body: '{"acl_rules":[],"cluster_settings":[],"cluster_size":1,"created_at":"2023-07-06T15:06:45.023571Z","endpoints":[{"id":"b052d65f-4e7d-4123-9a4a-9fbfebd06848","ips":["10.13.1.0"],"port":6379,"private_network":{"id":"871c16b6-40e2-4f7c-ba92-95bc70ce9df0","provisioning_mode":"static","service_ips":["10.13.1.0/20"],"zone":"fr-par-1"}}],"id":"b38093d2-d2c7-477a-81e3-a92d6b419862","name":"test_redis_endpoints","node_type":"RED1-XS","project_id":"564aa517-68b0-4fd7-8c8c-d21c4bcdcbd5","status":"ready","tags":[],"tls_enabled":false,"updated_at":"2023-07-06T15:10:04.311936Z","upgradable_versions":[],"user_name":"my_initial_user","version":"7.0.5","zone":"fr-par-1"}'
    headers:
      Content-Length:
      - "683"
      Content-Security-Policy:
      - default-src 'none'; frame-ancestors 'none'
      Content-Type:
      - application/json
      Date:
      - Thu, 06 Jul 2023 15:10:06 GMT
      Server:
      - Scaleway API-Gateway
      Strict-Transport-Security:
      - max-age=63072000
      X-Content-Type-Options:
      - nosniff
      X-Frame-Options:
      - DENY
      X-Request-Id:
      - d0bdb508-013d-4eeb-9610-cf3ddc437adc
    status: 200 OK
    code: 200
    duration: ""
- request:
    body: ""
    form: {}
    headers:
      User-Agent:
      - scaleway-sdk-go/v1.0.0-beta.7+dev (go1.20.4; darwin; amd64) terraform-provider/develop
        terraform/terraform-tests
    url: https://api.scaleway.com/vpc/v1/zones/fr-par-1/private-networks/871c16b6-40e2-4f7c-ba92-95bc70ce9df0
    method: GET
  response:
    body: '{"created_at":"2023-07-06T15:06:44.252083Z","id":"871c16b6-40e2-4f7c-ba92-95bc70ce9df0","name":"private-network","organization_id":"564aa517-68b0-4fd7-8c8c-d21c4bcdcbd5","project_id":"564aa517-68b0-4fd7-8c8c-d21c4bcdcbd5","subnets":["172.16.52.0/22","fd46:78ab:30b8:75f1::/64"],"tags":[],"updated_at":"2023-07-06T15:06:44.252083Z","zone":"fr-par-1"}'
    headers:
      Content-Length:
      - "358"
      Content-Security-Policy:
      - default-src 'none'; frame-ancestors 'none'
      Content-Type:
      - application/json
      Date:
      - Thu, 06 Jul 2023 15:10:06 GMT
      Server:
      - Scaleway API-Gateway
      Strict-Transport-Security:
      - max-age=63072000
      X-Content-Type-Options:
      - nosniff
      X-Frame-Options:
      - DENY
      X-Request-Id:
      - 21010023-d000-4e8f-9013-21f38b26c132
    status: 200 OK
    code: 200
    duration: ""
- request:
    body: ""
    form: {}
    headers:
      User-Agent:
      - scaleway-sdk-go/v1.0.0-beta.7+dev (go1.20.4; darwin; amd64) terraform-provider/develop
        terraform/terraform-tests
    url: https://api.scaleway.com/vpc/v1/zones/fr-par-1/private-networks/2c660120-c572-44c1-82c4-3e771b655152
    method: GET
  response:
    body: '{"created_at":"2023-07-06T15:08:34.512208Z","id":"2c660120-c572-44c1-82c4-3e771b655152","name":"private-network-2","organization_id":"564aa517-68b0-4fd7-8c8c-d21c4bcdcbd5","project_id":"564aa517-68b0-4fd7-8c8c-d21c4bcdcbd5","subnets":["172.16.64.0/22","fd46:78ab:30b8:480::/64"],"tags":[],"updated_at":"2023-07-06T15:08:34.512208Z","zone":"fr-par-1"}'
    headers:
      Content-Length:
      - "359"
      Content-Security-Policy:
      - default-src 'none'; frame-ancestors 'none'
      Content-Type:
      - application/json
      Date:
      - Thu, 06 Jul 2023 15:10:07 GMT
      Server:
      - Scaleway API-Gateway
      Strict-Transport-Security:
      - max-age=63072000
      X-Content-Type-Options:
      - nosniff
      X-Frame-Options:
      - DENY
      X-Request-Id:
      - bd5a0c65-5a22-401d-b209-dc36199f385f
    status: 200 OK
    code: 200
    duration: ""
- request:
    body: ""
    form: {}
    headers:
      User-Agent:
      - scaleway-sdk-go/v1.0.0-beta.7+dev (go1.20.4; darwin; amd64) terraform-provider/develop
        terraform/terraform-tests
    url: https://api.scaleway.com/vpc/v1/zones/fr-par-1/private-networks/871c16b6-40e2-4f7c-ba92-95bc70ce9df0
    method: GET
  response:
    body: '{"created_at":"2023-07-06T15:06:44.252083Z","id":"871c16b6-40e2-4f7c-ba92-95bc70ce9df0","name":"private-network","organization_id":"564aa517-68b0-4fd7-8c8c-d21c4bcdcbd5","project_id":"564aa517-68b0-4fd7-8c8c-d21c4bcdcbd5","subnets":["172.16.52.0/22","fd46:78ab:30b8:75f1::/64"],"tags":[],"updated_at":"2023-07-06T15:06:44.252083Z","zone":"fr-par-1"}'
    headers:
      Content-Length:
      - "358"
      Content-Security-Policy:
      - default-src 'none'; frame-ancestors 'none'
      Content-Type:
      - application/json
      Date:
      - Thu, 06 Jul 2023 15:10:07 GMT
      Server:
      - Scaleway API-Gateway
      Strict-Transport-Security:
      - max-age=63072000
      X-Content-Type-Options:
      - nosniff
      X-Frame-Options:
      - DENY
      X-Request-Id:
      - 02fa1417-1392-4122-b998-c6e9a4b0fd6a
    status: 200 OK
    code: 200
    duration: ""
- request:
    body: ""
    form: {}
    headers:
      User-Agent:
      - scaleway-sdk-go/v1.0.0-beta.7+dev (go1.20.4; darwin; amd64) terraform-provider/develop
        terraform/terraform-tests
    url: https://api.scaleway.com/redis/v1/zones/fr-par-1/clusters/b38093d2-d2c7-477a-81e3-a92d6b419862
    method: GET
  response:
    body: '{"acl_rules":[],"cluster_settings":[],"cluster_size":1,"created_at":"2023-07-06T15:06:45.023571Z","endpoints":[{"id":"b052d65f-4e7d-4123-9a4a-9fbfebd06848","ips":["10.13.1.0"],"port":6379,"private_network":{"id":"871c16b6-40e2-4f7c-ba92-95bc70ce9df0","provisioning_mode":"static","service_ips":["10.13.1.0/20"],"zone":"fr-par-1"}}],"id":"b38093d2-d2c7-477a-81e3-a92d6b419862","name":"test_redis_endpoints","node_type":"RED1-XS","project_id":"564aa517-68b0-4fd7-8c8c-d21c4bcdcbd5","status":"ready","tags":[],"tls_enabled":false,"updated_at":"2023-07-06T15:10:04.311936Z","upgradable_versions":[],"user_name":"my_initial_user","version":"7.0.5","zone":"fr-par-1"}'
    headers:
      Content-Length:
      - "683"
      Content-Security-Policy:
      - default-src 'none'; frame-ancestors 'none'
      Content-Type:
      - application/json
      Date:
      - Thu, 06 Jul 2023 15:10:07 GMT
      Server:
      - Scaleway API-Gateway
      Strict-Transport-Security:
      - max-age=63072000
      X-Content-Type-Options:
      - nosniff
      X-Frame-Options:
      - DENY
      X-Request-Id:
      - d15cc845-469e-43d0-a949-663d68c128e5
    status: 200 OK
    code: 200
    duration: ""
- request:
    body: ""
    form: {}
    headers:
      User-Agent:
      - scaleway-sdk-go/v1.0.0-beta.7+dev (go1.20.4; darwin; amd64) terraform-provider/develop
        terraform/terraform-tests
    url: https://api.scaleway.com/vpc/v1/zones/fr-par-1/private-networks/871c16b6-40e2-4f7c-ba92-95bc70ce9df0
    method: GET
  response:
    body: '{"created_at":"2023-07-06T15:06:44.252083Z","id":"871c16b6-40e2-4f7c-ba92-95bc70ce9df0","name":"private-network","organization_id":"564aa517-68b0-4fd7-8c8c-d21c4bcdcbd5","project_id":"564aa517-68b0-4fd7-8c8c-d21c4bcdcbd5","subnets":["172.16.52.0/22","fd46:78ab:30b8:75f1::/64"],"tags":[],"updated_at":"2023-07-06T15:06:44.252083Z","zone":"fr-par-1"}'
    headers:
      Content-Length:
      - "358"
      Content-Security-Policy:
      - default-src 'none'; frame-ancestors 'none'
      Content-Type:
      - application/json
      Date:
      - Thu, 06 Jul 2023 15:10:07 GMT
      Server:
      - Scaleway API-Gateway
      Strict-Transport-Security:
      - max-age=63072000
      X-Content-Type-Options:
      - nosniff
      X-Frame-Options:
      - DENY
      X-Request-Id:
      - e725679d-37ef-4848-8e92-101a6469d941
    status: 200 OK
    code: 200
    duration: ""
- request:
    body: ""
    form: {}
    headers:
      User-Agent:
      - scaleway-sdk-go/v1.0.0-beta.7+dev (go1.20.4; darwin; amd64) terraform-provider/develop
        terraform/terraform-tests
    url: https://api.scaleway.com/vpc/v1/zones/fr-par-1/private-networks/2c660120-c572-44c1-82c4-3e771b655152
    method: GET
  response:
    body: '{"created_at":"2023-07-06T15:08:34.512208Z","id":"2c660120-c572-44c1-82c4-3e771b655152","name":"private-network-2","organization_id":"564aa517-68b0-4fd7-8c8c-d21c4bcdcbd5","project_id":"564aa517-68b0-4fd7-8c8c-d21c4bcdcbd5","subnets":["172.16.64.0/22","fd46:78ab:30b8:480::/64"],"tags":[],"updated_at":"2023-07-06T15:08:34.512208Z","zone":"fr-par-1"}'
    headers:
      Content-Length:
      - "359"
      Content-Security-Policy:
      - default-src 'none'; frame-ancestors 'none'
      Content-Type:
      - application/json
      Date:
      - Thu, 06 Jul 2023 15:10:07 GMT
      Server:
      - Scaleway API-Gateway
      Strict-Transport-Security:
      - max-age=63072000
      X-Content-Type-Options:
      - nosniff
      X-Frame-Options:
      - DENY
      X-Request-Id:
      - f3362a6b-352c-48e0-bd27-c9b5c0ed9a41
    status: 200 OK
    code: 200
    duration: ""
- request:
    body: ""
    form: {}
    headers:
      User-Agent:
      - scaleway-sdk-go/v1.0.0-beta.7+dev (go1.20.4; darwin; amd64) terraform-provider/develop
        terraform/terraform-tests
    url: https://api.scaleway.com/redis/v1/zones/fr-par-1/clusters/b38093d2-d2c7-477a-81e3-a92d6b419862
    method: GET
  response:
    body: '{"acl_rules":[],"cluster_settings":[],"cluster_size":1,"created_at":"2023-07-06T15:06:45.023571Z","endpoints":[{"id":"b052d65f-4e7d-4123-9a4a-9fbfebd06848","ips":["10.13.1.0"],"port":6379,"private_network":{"id":"871c16b6-40e2-4f7c-ba92-95bc70ce9df0","provisioning_mode":"static","service_ips":["10.13.1.0/20"],"zone":"fr-par-1"}}],"id":"b38093d2-d2c7-477a-81e3-a92d6b419862","name":"test_redis_endpoints","node_type":"RED1-XS","project_id":"564aa517-68b0-4fd7-8c8c-d21c4bcdcbd5","status":"ready","tags":[],"tls_enabled":false,"updated_at":"2023-07-06T15:10:04.311936Z","upgradable_versions":[],"user_name":"my_initial_user","version":"7.0.5","zone":"fr-par-1"}'
    headers:
      Content-Length:
      - "683"
      Content-Security-Policy:
      - default-src 'none'; frame-ancestors 'none'
      Content-Type:
      - application/json
      Date:
      - Thu, 06 Jul 2023 15:10:07 GMT
      Server:
      - Scaleway API-Gateway
      Strict-Transport-Security:
      - max-age=63072000
      X-Content-Type-Options:
      - nosniff
      X-Frame-Options:
      - DENY
      X-Request-Id:
      - 82ea3a30-b14a-4aad-a5a2-39fa44e71eb1
    status: 200 OK
    code: 200
    duration: ""
- request:
    body: ""
    form: {}
    headers:
      User-Agent:
      - scaleway-sdk-go/v1.0.0-beta.7+dev (go1.20.4; darwin; amd64) terraform-provider/develop
        terraform/terraform-tests
    url: https://api.scaleway.com/redis/v1/zones/fr-par-1/clusters/b38093d2-d2c7-477a-81e3-a92d6b419862
    method: GET
  response:
    body: '{"acl_rules":[],"cluster_settings":[],"cluster_size":1,"created_at":"2023-07-06T15:06:45.023571Z","endpoints":[{"id":"b052d65f-4e7d-4123-9a4a-9fbfebd06848","ips":["10.13.1.0"],"port":6379,"private_network":{"id":"871c16b6-40e2-4f7c-ba92-95bc70ce9df0","provisioning_mode":"static","service_ips":["10.13.1.0/20"],"zone":"fr-par-1"}}],"id":"b38093d2-d2c7-477a-81e3-a92d6b419862","name":"test_redis_endpoints","node_type":"RED1-XS","project_id":"564aa517-68b0-4fd7-8c8c-d21c4bcdcbd5","status":"ready","tags":[],"tls_enabled":false,"updated_at":"2023-07-06T15:10:04.311936Z","upgradable_versions":[],"user_name":"my_initial_user","version":"7.0.5","zone":"fr-par-1"}'
    headers:
      Content-Length:
      - "683"
      Content-Security-Policy:
      - default-src 'none'; frame-ancestors 'none'
      Content-Type:
      - application/json
      Date:
      - Thu, 06 Jul 2023 15:10:08 GMT
      Server:
      - Scaleway API-Gateway
      Strict-Transport-Security:
      - max-age=63072000
      X-Content-Type-Options:
      - nosniff
      X-Frame-Options:
      - DENY
      X-Request-Id:
      - 9c7daff7-9dee-41ec-8bda-e62983434210
    status: 200 OK
    code: 200
    duration: ""
- request:
    body: '{"name":null,"tags":null,"user_name":null,"password":null}'
    form: {}
    headers:
      Content-Type:
      - application/json
      User-Agent:
      - scaleway-sdk-go/v1.0.0-beta.7+dev (go1.20.4; darwin; amd64) terraform-provider/develop
        terraform/terraform-tests
    url: https://api.scaleway.com/redis/v1/zones/fr-par-1/clusters/b38093d2-d2c7-477a-81e3-a92d6b419862
    method: PATCH
  response:
    body: '{"acl_rules":[],"cluster_settings":[],"cluster_size":1,"created_at":"2023-07-06T15:06:45.023571Z","endpoints":[{"id":"b052d65f-4e7d-4123-9a4a-9fbfebd06848","ips":["10.13.1.0"],"port":6379,"private_network":{"id":"871c16b6-40e2-4f7c-ba92-95bc70ce9df0","provisioning_mode":"static","service_ips":["10.13.1.0/20"],"zone":"fr-par-1"}}],"id":"b38093d2-d2c7-477a-81e3-a92d6b419862","name":"test_redis_endpoints","node_type":"RED1-XS","project_id":"564aa517-68b0-4fd7-8c8c-d21c4bcdcbd5","status":"ready","tags":[],"tls_enabled":false,"updated_at":"2023-07-06T15:10:08.222848Z","upgradable_versions":[],"user_name":"my_initial_user","version":"7.0.5","zone":"fr-par-1"}'
    headers:
      Content-Length:
      - "683"
      Content-Security-Policy:
      - default-src 'none'; frame-ancestors 'none'
      Content-Type:
      - application/json
      Date:
      - Thu, 06 Jul 2023 15:10:08 GMT
      Server:
      - Scaleway API-Gateway
      Strict-Transport-Security:
      - max-age=63072000
      X-Content-Type-Options:
      - nosniff
      X-Frame-Options:
      - DENY
      X-Request-Id:
      - e2f67591-45f6-4353-9a23-0d2eef187e59
    status: 200 OK
    code: 200
    duration: ""
- request:
    body: ""
    form: {}
    headers:
      User-Agent:
      - scaleway-sdk-go/v1.0.0-beta.7+dev (go1.20.4; darwin; amd64) terraform-provider/develop
        terraform/terraform-tests
    url: https://api.scaleway.com/redis/v1/zones/fr-par-1/clusters/b38093d2-d2c7-477a-81e3-a92d6b419862
    method: GET
  response:
    body: '{"acl_rules":[],"cluster_settings":[],"cluster_size":1,"created_at":"2023-07-06T15:06:45.023571Z","endpoints":[{"id":"b052d65f-4e7d-4123-9a4a-9fbfebd06848","ips":["10.13.1.0"],"port":6379,"private_network":{"id":"871c16b6-40e2-4f7c-ba92-95bc70ce9df0","provisioning_mode":"static","service_ips":["10.13.1.0/20"],"zone":"fr-par-1"}}],"id":"b38093d2-d2c7-477a-81e3-a92d6b419862","name":"test_redis_endpoints","node_type":"RED1-XS","project_id":"564aa517-68b0-4fd7-8c8c-d21c4bcdcbd5","status":"ready","tags":[],"tls_enabled":false,"updated_at":"2023-07-06T15:10:08.222848Z","upgradable_versions":[],"user_name":"my_initial_user","version":"7.0.5","zone":"fr-par-1"}'
    headers:
      Content-Length:
      - "683"
      Content-Security-Policy:
      - default-src 'none'; frame-ancestors 'none'
      Content-Type:
      - application/json
      Date:
      - Thu, 06 Jul 2023 15:10:08 GMT
      Server:
      - Scaleway API-Gateway
      Strict-Transport-Security:
      - max-age=63072000
      X-Content-Type-Options:
      - nosniff
      X-Frame-Options:
      - DENY
      X-Request-Id:
      - 1715bc4f-81e0-490a-a49b-adc2219f86e1
    status: 200 OK
    code: 200
    duration: ""
- request:
    body: '{"endpoints":[{"public_network":{}}]}'
    form: {}
    headers:
      Content-Type:
      - application/json
      User-Agent:
      - scaleway-sdk-go/v1.0.0-beta.7+dev (go1.20.4; darwin; amd64) terraform-provider/develop
        terraform/terraform-tests
    url: https://api.scaleway.com/redis/v1/zones/fr-par-1/clusters/b38093d2-d2c7-477a-81e3-a92d6b419862/endpoints
    method: PUT
  response:
    body: '{"endpoints":[{"id":"050ca958-9e9a-4241-8043-347c4420b7f9","ips":["51.15.251.47"],"port":6379,"public_network":{}}]}'
    headers:
      Content-Length:
      - "119"
      Content-Security-Policy:
      - default-src 'none'; frame-ancestors 'none'
      Content-Type:
      - application/json
      Date:
      - Thu, 06 Jul 2023 15:10:08 GMT
      Server:
      - Scaleway API-Gateway
      Strict-Transport-Security:
      - max-age=63072000
      X-Content-Type-Options:
      - nosniff
      X-Frame-Options:
      - DENY
      X-Request-Id:
      - fd7500b9-9ce7-4547-8d0f-3ede2bd86e49
    status: 200 OK
    code: 200
    duration: ""
- request:
    body: ""
    form: {}
    headers:
      User-Agent:
      - scaleway-sdk-go/v1.0.0-beta.7+dev (go1.20.4; darwin; amd64) terraform-provider/develop
        terraform/terraform-tests
    url: https://api.scaleway.com/redis/v1/zones/fr-par-1/clusters/b38093d2-d2c7-477a-81e3-a92d6b419862
    method: GET
  response:
    body: '{"acl_rules":[],"cluster_settings":[],"cluster_size":1,"created_at":"2023-07-06T15:06:45.023571Z","endpoints":[{"id":"050ca958-9e9a-4241-8043-347c4420b7f9","ips":["51.15.251.47"],"port":6379,"public_network":{}}],"id":"b38093d2-d2c7-477a-81e3-a92d6b419862","name":"test_redis_endpoints","node_type":"RED1-XS","project_id":"564aa517-68b0-4fd7-8c8c-d21c4bcdcbd5","status":"provisioning","tags":[],"tls_enabled":false,"updated_at":"2023-07-06T15:10:08.433407Z","upgradable_versions":[],"user_name":"my_initial_user","version":"7.0.5","zone":"fr-par-1"}'
    headers:
      Content-Length:
      - "568"
      Content-Security-Policy:
      - default-src 'none'; frame-ancestors 'none'
      Content-Type:
      - application/json
      Date:
      - Thu, 06 Jul 2023 15:10:08 GMT
      Server:
      - Scaleway API-Gateway
      Strict-Transport-Security:
      - max-age=63072000
      X-Content-Type-Options:
      - nosniff
      X-Frame-Options:
      - DENY
      X-Request-Id:
      - 15d80bb5-ead4-42ee-97e1-d2a45321f432
    status: 200 OK
    code: 200
    duration: ""
- request:
    body: ""
    form: {}
    headers:
      User-Agent:
      - scaleway-sdk-go/v1.0.0-beta.7+dev (go1.20.4; darwin; amd64) terraform-provider/develop
        terraform/terraform-tests
    url: https://api.scaleway.com/redis/v1/zones/fr-par-1/clusters/b38093d2-d2c7-477a-81e3-a92d6b419862
    method: GET
  response:
    body: '{"acl_rules":[],"cluster_settings":[],"cluster_size":1,"created_at":"2023-07-06T15:06:45.023571Z","endpoints":[{"id":"050ca958-9e9a-4241-8043-347c4420b7f9","ips":["51.15.251.47"],"port":6379,"public_network":{}}],"id":"b38093d2-d2c7-477a-81e3-a92d6b419862","name":"test_redis_endpoints","node_type":"RED1-XS","project_id":"564aa517-68b0-4fd7-8c8c-d21c4bcdcbd5","status":"provisioning","tags":[],"tls_enabled":false,"updated_at":"2023-07-06T15:10:08.433407Z","upgradable_versions":[],"user_name":"my_initial_user","version":"7.0.5","zone":"fr-par-1"}'
    headers:
      Content-Length:
      - "568"
      Content-Security-Policy:
      - default-src 'none'; frame-ancestors 'none'
      Content-Type:
      - application/json
      Date:
      - Thu, 06 Jul 2023 15:10:14 GMT
      Server:
      - Scaleway API-Gateway
      Strict-Transport-Security:
      - max-age=63072000
      X-Content-Type-Options:
      - nosniff
      X-Frame-Options:
      - DENY
      X-Request-Id:
      - a75af1a7-2c11-49f4-88a6-c3eb0c54e95a
    status: 200 OK
    code: 200
    duration: ""
- request:
    body: ""
    form: {}
    headers:
      User-Agent:
      - scaleway-sdk-go/v1.0.0-beta.7+dev (go1.20.4; darwin; amd64) terraform-provider/develop
        terraform/terraform-tests
    url: https://api.scaleway.com/redis/v1/zones/fr-par-1/clusters/b38093d2-d2c7-477a-81e3-a92d6b419862
    method: GET
  response:
    body: '{"acl_rules":[],"cluster_settings":[],"cluster_size":1,"created_at":"2023-07-06T15:06:45.023571Z","endpoints":[{"id":"050ca958-9e9a-4241-8043-347c4420b7f9","ips":["51.15.251.47"],"port":6379,"public_network":{}}],"id":"b38093d2-d2c7-477a-81e3-a92d6b419862","name":"test_redis_endpoints","node_type":"RED1-XS","project_id":"564aa517-68b0-4fd7-8c8c-d21c4bcdcbd5","status":"provisioning","tags":[],"tls_enabled":false,"updated_at":"2023-07-06T15:10:08.433407Z","upgradable_versions":[],"user_name":"my_initial_user","version":"7.0.5","zone":"fr-par-1"}'
    headers:
      Content-Length:
      - "568"
      Content-Security-Policy:
      - default-src 'none'; frame-ancestors 'none'
      Content-Type:
      - application/json
      Date:
      - Thu, 06 Jul 2023 15:10:19 GMT
      Server:
      - Scaleway API-Gateway
      Strict-Transport-Security:
      - max-age=63072000
      X-Content-Type-Options:
      - nosniff
      X-Frame-Options:
      - DENY
      X-Request-Id:
      - d0f8ee73-892c-4455-8c97-53af9078ebb0
    status: 200 OK
    code: 200
    duration: ""
- request:
    body: ""
    form: {}
    headers:
      User-Agent:
      - scaleway-sdk-go/v1.0.0-beta.7+dev (go1.20.4; darwin; amd64) terraform-provider/develop
        terraform/terraform-tests
    url: https://api.scaleway.com/redis/v1/zones/fr-par-1/clusters/b38093d2-d2c7-477a-81e3-a92d6b419862
    method: GET
  response:
    body: '{"acl_rules":[],"cluster_settings":[],"cluster_size":1,"created_at":"2023-07-06T15:06:45.023571Z","endpoints":[{"id":"050ca958-9e9a-4241-8043-347c4420b7f9","ips":["51.15.251.47"],"port":6379,"public_network":{}}],"id":"b38093d2-d2c7-477a-81e3-a92d6b419862","name":"test_redis_endpoints","node_type":"RED1-XS","project_id":"564aa517-68b0-4fd7-8c8c-d21c4bcdcbd5","status":"initializing","tags":[],"tls_enabled":false,"updated_at":"2023-07-06T15:10:22.037259Z","upgradable_versions":[],"user_name":"my_initial_user","version":"7.0.5","zone":"fr-par-1"}'
    headers:
      Content-Length:
      - "568"
      Content-Security-Policy:
      - default-src 'none'; frame-ancestors 'none'
      Content-Type:
      - application/json
      Date:
      - Thu, 06 Jul 2023 15:10:24 GMT
      Server:
      - Scaleway API-Gateway
      Strict-Transport-Security:
      - max-age=63072000
      X-Content-Type-Options:
      - nosniff
      X-Frame-Options:
      - DENY
      X-Request-Id:
      - daae421e-8784-46ff-b2a9-e9dc4ce078e2
    status: 200 OK
    code: 200
    duration: ""
- request:
    body: ""
    form: {}
    headers:
      User-Agent:
      - scaleway-sdk-go/v1.0.0-beta.7+dev (go1.20.4; darwin; amd64) terraform-provider/develop
        terraform/terraform-tests
    url: https://api.scaleway.com/redis/v1/zones/fr-par-1/clusters/b38093d2-d2c7-477a-81e3-a92d6b419862
    method: GET
  response:
    body: '{"acl_rules":[],"cluster_settings":[],"cluster_size":1,"created_at":"2023-07-06T15:06:45.023571Z","endpoints":[{"id":"050ca958-9e9a-4241-8043-347c4420b7f9","ips":["51.15.251.47"],"port":6379,"public_network":{}}],"id":"b38093d2-d2c7-477a-81e3-a92d6b419862","name":"test_redis_endpoints","node_type":"RED1-XS","project_id":"564aa517-68b0-4fd7-8c8c-d21c4bcdcbd5","status":"initializing","tags":[],"tls_enabled":false,"updated_at":"2023-07-06T15:10:22.037259Z","upgradable_versions":[],"user_name":"my_initial_user","version":"7.0.5","zone":"fr-par-1"}'
    headers:
      Content-Length:
      - "568"
      Content-Security-Policy:
      - default-src 'none'; frame-ancestors 'none'
      Content-Type:
      - application/json
      Date:
      - Thu, 06 Jul 2023 15:10:29 GMT
      Server:
      - Scaleway API-Gateway
      Strict-Transport-Security:
      - max-age=63072000
      X-Content-Type-Options:
      - nosniff
      X-Frame-Options:
      - DENY
      X-Request-Id:
      - 0f4092af-9a20-400a-980d-13de2415535b
    status: 200 OK
    code: 200
    duration: ""
- request:
    body: ""
    form: {}
    headers:
      User-Agent:
      - scaleway-sdk-go/v1.0.0-beta.7+dev (go1.20.4; darwin; amd64) terraform-provider/develop
        terraform/terraform-tests
    url: https://api.scaleway.com/redis/v1/zones/fr-par-1/clusters/b38093d2-d2c7-477a-81e3-a92d6b419862
    method: GET
  response:
    body: '{"acl_rules":[],"cluster_settings":[],"cluster_size":1,"created_at":"2023-07-06T15:06:45.023571Z","endpoints":[{"id":"050ca958-9e9a-4241-8043-347c4420b7f9","ips":["51.15.251.47"],"port":6379,"public_network":{}}],"id":"b38093d2-d2c7-477a-81e3-a92d6b419862","name":"test_redis_endpoints","node_type":"RED1-XS","project_id":"564aa517-68b0-4fd7-8c8c-d21c4bcdcbd5","status":"initializing","tags":[],"tls_enabled":false,"updated_at":"2023-07-06T15:10:22.037259Z","upgradable_versions":[],"user_name":"my_initial_user","version":"7.0.5","zone":"fr-par-1"}'
    headers:
      Content-Length:
      - "568"
      Content-Security-Policy:
      - default-src 'none'; frame-ancestors 'none'
      Content-Type:
      - application/json
      Date:
      - Thu, 06 Jul 2023 15:10:34 GMT
      Server:
      - Scaleway API-Gateway
      Strict-Transport-Security:
      - max-age=63072000
      X-Content-Type-Options:
      - nosniff
      X-Frame-Options:
      - DENY
      X-Request-Id:
      - f028be92-b146-4cbf-89af-2ca17b20ef30
    status: 200 OK
    code: 200
    duration: ""
- request:
    body: ""
    form: {}
    headers:
      User-Agent:
      - scaleway-sdk-go/v1.0.0-beta.7+dev (go1.20.4; darwin; amd64) terraform-provider/develop
        terraform/terraform-tests
    url: https://api.scaleway.com/redis/v1/zones/fr-par-1/clusters/b38093d2-d2c7-477a-81e3-a92d6b419862
    method: GET
  response:
    body: '{"acl_rules":[],"cluster_settings":[],"cluster_size":1,"created_at":"2023-07-06T15:06:45.023571Z","endpoints":[{"id":"050ca958-9e9a-4241-8043-347c4420b7f9","ips":["51.15.251.47"],"port":6379,"public_network":{}}],"id":"b38093d2-d2c7-477a-81e3-a92d6b419862","name":"test_redis_endpoints","node_type":"RED1-XS","project_id":"564aa517-68b0-4fd7-8c8c-d21c4bcdcbd5","status":"initializing","tags":[],"tls_enabled":false,"updated_at":"2023-07-06T15:10:22.037259Z","upgradable_versions":[],"user_name":"my_initial_user","version":"7.0.5","zone":"fr-par-1"}'
    headers:
      Content-Length:
      - "568"
      Content-Security-Policy:
      - default-src 'none'; frame-ancestors 'none'
      Content-Type:
      - application/json
      Date:
      - Thu, 06 Jul 2023 15:10:39 GMT
      Server:
      - Scaleway API-Gateway
      Strict-Transport-Security:
      - max-age=63072000
      X-Content-Type-Options:
      - nosniff
      X-Frame-Options:
      - DENY
      X-Request-Id:
      - 83aa572b-d34c-4797-aca8-630b296777a6
    status: 200 OK
    code: 200
    duration: ""
- request:
    body: ""
    form: {}
    headers:
      User-Agent:
      - scaleway-sdk-go/v1.0.0-beta.7+dev (go1.20.4; darwin; amd64) terraform-provider/develop
        terraform/terraform-tests
    url: https://api.scaleway.com/redis/v1/zones/fr-par-1/clusters/b38093d2-d2c7-477a-81e3-a92d6b419862
    method: GET
  response:
    body: '{"acl_rules":[],"cluster_settings":[],"cluster_size":1,"created_at":"2023-07-06T15:06:45.023571Z","endpoints":[{"id":"050ca958-9e9a-4241-8043-347c4420b7f9","ips":["51.15.251.47"],"port":6379,"public_network":{}}],"id":"b38093d2-d2c7-477a-81e3-a92d6b419862","name":"test_redis_endpoints","node_type":"RED1-XS","project_id":"564aa517-68b0-4fd7-8c8c-d21c4bcdcbd5","status":"ready","tags":[],"tls_enabled":false,"updated_at":"2023-07-06T15:10:42.494218Z","upgradable_versions":[],"user_name":"my_initial_user","version":"7.0.5","zone":"fr-par-1"}'
    headers:
      Content-Length:
      - "561"
      Content-Security-Policy:
      - default-src 'none'; frame-ancestors 'none'
      Content-Type:
      - application/json
      Date:
      - Thu, 06 Jul 2023 15:10:44 GMT
      Server:
      - Scaleway API-Gateway
      Strict-Transport-Security:
      - max-age=63072000
      X-Content-Type-Options:
      - nosniff
      X-Frame-Options:
      - DENY
      X-Request-Id:
      - c8cf8806-650b-41df-8186-d1cd89501a57
    status: 200 OK
    code: 200
    duration: ""
- request:
    body: ""
    form: {}
    headers:
      User-Agent:
      - scaleway-sdk-go/v1.0.0-beta.7+dev (go1.20.4; darwin; amd64) terraform-provider/develop
        terraform/terraform-tests
    url: https://api.scaleway.com/redis/v1/zones/fr-par-1/clusters/b38093d2-d2c7-477a-81e3-a92d6b419862
    method: GET
  response:
    body: '{"acl_rules":[],"cluster_settings":[],"cluster_size":1,"created_at":"2023-07-06T15:06:45.023571Z","endpoints":[{"id":"050ca958-9e9a-4241-8043-347c4420b7f9","ips":["51.15.251.47"],"port":6379,"public_network":{}}],"id":"b38093d2-d2c7-477a-81e3-a92d6b419862","name":"test_redis_endpoints","node_type":"RED1-XS","project_id":"564aa517-68b0-4fd7-8c8c-d21c4bcdcbd5","status":"ready","tags":[],"tls_enabled":false,"updated_at":"2023-07-06T15:10:42.494218Z","upgradable_versions":[],"user_name":"my_initial_user","version":"7.0.5","zone":"fr-par-1"}'
    headers:
      Content-Length:
      - "561"
      Content-Security-Policy:
      - default-src 'none'; frame-ancestors 'none'
      Content-Type:
      - application/json
      Date:
      - Thu, 06 Jul 2023 15:10:44 GMT
      Server:
      - Scaleway API-Gateway
      Strict-Transport-Security:
      - max-age=63072000
      X-Content-Type-Options:
      - nosniff
      X-Frame-Options:
      - DENY
      X-Request-Id:
      - 557f5ecf-24e2-4baa-aea0-7c1cf12a4837
    status: 200 OK
    code: 200
    duration: ""
- request:
    body: ""
    form: {}
    headers:
      User-Agent:
      - scaleway-sdk-go/v1.0.0-beta.7+dev (go1.20.4; darwin; amd64) terraform-provider/develop
        terraform/terraform-tests
    url: https://api.scaleway.com/redis/v1/zones/fr-par-1/clusters/b38093d2-d2c7-477a-81e3-a92d6b419862
    method: GET
  response:
    body: '{"acl_rules":[],"cluster_settings":[],"cluster_size":1,"created_at":"2023-07-06T15:06:45.023571Z","endpoints":[{"id":"050ca958-9e9a-4241-8043-347c4420b7f9","ips":["51.15.251.47"],"port":6379,"public_network":{}}],"id":"b38093d2-d2c7-477a-81e3-a92d6b419862","name":"test_redis_endpoints","node_type":"RED1-XS","project_id":"564aa517-68b0-4fd7-8c8c-d21c4bcdcbd5","status":"ready","tags":[],"tls_enabled":false,"updated_at":"2023-07-06T15:10:42.494218Z","upgradable_versions":[],"user_name":"my_initial_user","version":"7.0.5","zone":"fr-par-1"}'
    headers:
      Content-Length:
      - "561"
      Content-Security-Policy:
      - default-src 'none'; frame-ancestors 'none'
      Content-Type:
      - application/json
      Date:
      - Thu, 06 Jul 2023 15:10:44 GMT
      Server:
      - Scaleway API-Gateway
      Strict-Transport-Security:
      - max-age=63072000
      X-Content-Type-Options:
      - nosniff
      X-Frame-Options:
      - DENY
      X-Request-Id:
      - cb804697-3e1d-4a08-ba33-2b328abea79e
    status: 200 OK
    code: 200
    duration: ""
- request:
    body: ""
    form: {}
    headers:
      User-Agent:
      - scaleway-sdk-go/v1.0.0-beta.7+dev (go1.20.4; darwin; amd64) terraform-provider/develop
        terraform/terraform-tests
    url: https://api.scaleway.com/redis/v1/zones/fr-par-1/clusters/b38093d2-d2c7-477a-81e3-a92d6b419862
    method: GET
  response:
    body: '{"acl_rules":[],"cluster_settings":[],"cluster_size":1,"created_at":"2023-07-06T15:06:45.023571Z","endpoints":[{"id":"050ca958-9e9a-4241-8043-347c4420b7f9","ips":["51.15.251.47"],"port":6379,"public_network":{}}],"id":"b38093d2-d2c7-477a-81e3-a92d6b419862","name":"test_redis_endpoints","node_type":"RED1-XS","project_id":"564aa517-68b0-4fd7-8c8c-d21c4bcdcbd5","status":"ready","tags":[],"tls_enabled":false,"updated_at":"2023-07-06T15:10:42.494218Z","upgradable_versions":[],"user_name":"my_initial_user","version":"7.0.5","zone":"fr-par-1"}'
    headers:
      Content-Length:
      - "561"
      Content-Security-Policy:
      - default-src 'none'; frame-ancestors 'none'
      Content-Type:
      - application/json
      Date:
      - Thu, 06 Jul 2023 15:10:45 GMT
      Server:
      - Scaleway API-Gateway
      Strict-Transport-Security:
      - max-age=63072000
      X-Content-Type-Options:
      - nosniff
      X-Frame-Options:
      - DENY
      X-Request-Id:
      - 071bf50a-871c-43ae-aae3-69ebd715c703
    status: 200 OK
    code: 200
    duration: ""
- request:
    body: ""
    form: {}
    headers:
      User-Agent:
      - scaleway-sdk-go/v1.0.0-beta.7+dev (go1.20.4; darwin; amd64) terraform-provider/develop
        terraform/terraform-tests
    url: https://api.scaleway.com/vpc/v1/zones/fr-par-1/private-networks/2c660120-c572-44c1-82c4-3e771b655152
    method: GET
  response:
    body: '{"created_at":"2023-07-06T15:08:34.512208Z","id":"2c660120-c572-44c1-82c4-3e771b655152","name":"private-network-2","organization_id":"564aa517-68b0-4fd7-8c8c-d21c4bcdcbd5","project_id":"564aa517-68b0-4fd7-8c8c-d21c4bcdcbd5","subnets":["172.16.64.0/22","fd46:78ab:30b8:480::/64"],"tags":[],"updated_at":"2023-07-06T15:08:34.512208Z","zone":"fr-par-1"}'
    headers:
      Content-Length:
      - "359"
      Content-Security-Policy:
      - default-src 'none'; frame-ancestors 'none'
      Content-Type:
      - application/json
      Date:
      - Thu, 06 Jul 2023 15:10:45 GMT
      Server:
      - Scaleway API-Gateway
      Strict-Transport-Security:
      - max-age=63072000
      X-Content-Type-Options:
      - nosniff
      X-Frame-Options:
      - DENY
      X-Request-Id:
      - cc6e9d43-c01f-43e2-8699-2125cd52ed71
    status: 200 OK
    code: 200
    duration: ""
- request:
    body: ""
    form: {}
    headers:
      User-Agent:
      - scaleway-sdk-go/v1.0.0-beta.7+dev (go1.20.4; darwin; amd64) terraform-provider/develop
        terraform/terraform-tests
    url: https://api.scaleway.com/vpc/v1/zones/fr-par-1/private-networks/871c16b6-40e2-4f7c-ba92-95bc70ce9df0
    method: GET
  response:
    body: '{"created_at":"2023-07-06T15:06:44.252083Z","id":"871c16b6-40e2-4f7c-ba92-95bc70ce9df0","name":"private-network","organization_id":"564aa517-68b0-4fd7-8c8c-d21c4bcdcbd5","project_id":"564aa517-68b0-4fd7-8c8c-d21c4bcdcbd5","subnets":["172.16.52.0/22","fd46:78ab:30b8:75f1::/64"],"tags":[],"updated_at":"2023-07-06T15:06:44.252083Z","zone":"fr-par-1"}'
    headers:
      Content-Length:
      - "358"
      Content-Security-Policy:
      - default-src 'none'; frame-ancestors 'none'
      Content-Type:
      - application/json
      Date:
      - Thu, 06 Jul 2023 15:10:45 GMT
      Server:
      - Scaleway API-Gateway
      Strict-Transport-Security:
      - max-age=63072000
      X-Content-Type-Options:
      - nosniff
      X-Frame-Options:
      - DENY
      X-Request-Id:
      - 12476dc0-e83f-4494-8fd8-5c2fea440898
    status: 200 OK
    code: 200
    duration: ""
- request:
    body: ""
    form: {}
    headers:
      User-Agent:
      - scaleway-sdk-go/v1.0.0-beta.7+dev (go1.20.4; darwin; amd64) terraform-provider/develop
        terraform/terraform-tests
    url: https://api.scaleway.com/redis/v1/zones/fr-par-1/clusters/b38093d2-d2c7-477a-81e3-a92d6b419862
    method: GET
  response:
    body: '{"acl_rules":[],"cluster_settings":[],"cluster_size":1,"created_at":"2023-07-06T15:06:45.023571Z","endpoints":[{"id":"050ca958-9e9a-4241-8043-347c4420b7f9","ips":["51.15.251.47"],"port":6379,"public_network":{}}],"id":"b38093d2-d2c7-477a-81e3-a92d6b419862","name":"test_redis_endpoints","node_type":"RED1-XS","project_id":"564aa517-68b0-4fd7-8c8c-d21c4bcdcbd5","status":"ready","tags":[],"tls_enabled":false,"updated_at":"2023-07-06T15:10:42.494218Z","upgradable_versions":[],"user_name":"my_initial_user","version":"7.0.5","zone":"fr-par-1"}'
    headers:
      Content-Length:
      - "561"
      Content-Security-Policy:
      - default-src 'none'; frame-ancestors 'none'
      Content-Type:
      - application/json
      Date:
      - Thu, 06 Jul 2023 15:10:45 GMT
      Server:
      - Scaleway API-Gateway
      Strict-Transport-Security:
      - max-age=63072000
      X-Content-Type-Options:
      - nosniff
      X-Frame-Options:
      - DENY
      X-Request-Id:
      - 22951e76-fbc5-4087-9875-1cc027ef35a9
    status: 200 OK
    code: 200
    duration: ""
- request:
    body: ""
    form: {}
    headers:
      User-Agent:
      - scaleway-sdk-go/v1.0.0-beta.7+dev (go1.20.4; darwin; amd64) terraform-provider/develop
        terraform/terraform-tests
    url: https://api.scaleway.com/vpc/v1/zones/fr-par-1/private-networks/871c16b6-40e2-4f7c-ba92-95bc70ce9df0
    method: GET
  response:
    body: '{"created_at":"2023-07-06T15:06:44.252083Z","id":"871c16b6-40e2-4f7c-ba92-95bc70ce9df0","name":"private-network","organization_id":"564aa517-68b0-4fd7-8c8c-d21c4bcdcbd5","project_id":"564aa517-68b0-4fd7-8c8c-d21c4bcdcbd5","subnets":["172.16.52.0/22","fd46:78ab:30b8:75f1::/64"],"tags":[],"updated_at":"2023-07-06T15:06:44.252083Z","zone":"fr-par-1"}'
    headers:
      Content-Length:
      - "358"
      Content-Security-Policy:
      - default-src 'none'; frame-ancestors 'none'
      Content-Type:
      - application/json
      Date:
      - Thu, 06 Jul 2023 15:10:46 GMT
      Server:
      - Scaleway API-Gateway
      Strict-Transport-Security:
      - max-age=63072000
      X-Content-Type-Options:
      - nosniff
      X-Frame-Options:
      - DENY
      X-Request-Id:
      - dd7cdaa2-7bd5-452c-a467-20fe33b18cea
    status: 200 OK
    code: 200
    duration: ""
- request:
    body: ""
    form: {}
    headers:
      User-Agent:
      - scaleway-sdk-go/v1.0.0-beta.7+dev (go1.20.4; darwin; amd64) terraform-provider/develop
        terraform/terraform-tests
    url: https://api.scaleway.com/vpc/v1/zones/fr-par-1/private-networks/2c660120-c572-44c1-82c4-3e771b655152
    method: GET
  response:
    body: '{"created_at":"2023-07-06T15:08:34.512208Z","id":"2c660120-c572-44c1-82c4-3e771b655152","name":"private-network-2","organization_id":"564aa517-68b0-4fd7-8c8c-d21c4bcdcbd5","project_id":"564aa517-68b0-4fd7-8c8c-d21c4bcdcbd5","subnets":["172.16.64.0/22","fd46:78ab:30b8:480::/64"],"tags":[],"updated_at":"2023-07-06T15:08:34.512208Z","zone":"fr-par-1"}'
    headers:
      Content-Length:
      - "359"
      Content-Security-Policy:
      - default-src 'none'; frame-ancestors 'none'
      Content-Type:
      - application/json
      Date:
      - Thu, 06 Jul 2023 15:10:46 GMT
      Server:
      - Scaleway API-Gateway
      Strict-Transport-Security:
      - max-age=63072000
      X-Content-Type-Options:
      - nosniff
      X-Frame-Options:
      - DENY
      X-Request-Id:
      - 63a5fdb1-a31f-4191-ab2c-3879c2c34438
    status: 200 OK
    code: 200
    duration: ""
- request:
    body: ""
    form: {}
    headers:
      User-Agent:
      - scaleway-sdk-go/v1.0.0-beta.7+dev (go1.20.4; darwin; amd64) terraform-provider/develop
        terraform/terraform-tests
    url: https://api.scaleway.com/redis/v1/zones/fr-par-1/clusters/b38093d2-d2c7-477a-81e3-a92d6b419862
    method: GET
  response:
    body: '{"acl_rules":[],"cluster_settings":[],"cluster_size":1,"created_at":"2023-07-06T15:06:45.023571Z","endpoints":[{"id":"050ca958-9e9a-4241-8043-347c4420b7f9","ips":["51.15.251.47"],"port":6379,"public_network":{}}],"id":"b38093d2-d2c7-477a-81e3-a92d6b419862","name":"test_redis_endpoints","node_type":"RED1-XS","project_id":"564aa517-68b0-4fd7-8c8c-d21c4bcdcbd5","status":"ready","tags":[],"tls_enabled":false,"updated_at":"2023-07-06T15:10:42.494218Z","upgradable_versions":[],"user_name":"my_initial_user","version":"7.0.5","zone":"fr-par-1"}'
    headers:
      Content-Length:
      - "561"
      Content-Security-Policy:
      - default-src 'none'; frame-ancestors 'none'
      Content-Type:
      - application/json
      Date:
      - Thu, 06 Jul 2023 15:10:46 GMT
      Server:
      - Scaleway API-Gateway
      Strict-Transport-Security:
      - max-age=63072000
      X-Content-Type-Options:
      - nosniff
      X-Frame-Options:
      - DENY
      X-Request-Id:
      - 5ea6c1f2-a32f-4d3f-8829-ef26fdeade74
    status: 200 OK
    code: 200
    duration: ""
- request:
    body: ""
    form: {}
    headers:
      User-Agent:
      - scaleway-sdk-go/v1.0.0-beta.7+dev (go1.20.4; darwin; amd64) terraform-provider/develop
        terraform/terraform-tests
    url: https://api.scaleway.com/redis/v1/zones/fr-par-1/clusters/b38093d2-d2c7-477a-81e3-a92d6b419862
    method: GET
  response:
    body: '{"acl_rules":[],"cluster_settings":[],"cluster_size":1,"created_at":"2023-07-06T15:06:45.023571Z","endpoints":[{"id":"050ca958-9e9a-4241-8043-347c4420b7f9","ips":["51.15.251.47"],"port":6379,"public_network":{}}],"id":"b38093d2-d2c7-477a-81e3-a92d6b419862","name":"test_redis_endpoints","node_type":"RED1-XS","project_id":"564aa517-68b0-4fd7-8c8c-d21c4bcdcbd5","status":"ready","tags":[],"tls_enabled":false,"updated_at":"2023-07-06T15:10:42.494218Z","upgradable_versions":[],"user_name":"my_initial_user","version":"7.0.5","zone":"fr-par-1"}'
    headers:
      Content-Length:
      - "561"
      Content-Security-Policy:
      - default-src 'none'; frame-ancestors 'none'
      Content-Type:
      - application/json
      Date:
      - Thu, 06 Jul 2023 15:10:46 GMT
      Server:
      - Scaleway API-Gateway
      Strict-Transport-Security:
      - max-age=63072000
      X-Content-Type-Options:
      - nosniff
      X-Frame-Options:
      - DENY
      X-Request-Id:
      - b07c19da-c016-40d1-be3c-6b596d30fd5d
    status: 200 OK
    code: 200
    duration: ""
- request:
    body: ""
    form: {}
    headers:
      User-Agent:
      - scaleway-sdk-go/v1.0.0-beta.7+dev (go1.20.4; darwin; amd64) terraform-provider/develop
        terraform/terraform-tests
    url: https://api.scaleway.com/redis/v1/zones/fr-par-1/clusters/b38093d2-d2c7-477a-81e3-a92d6b419862
    method: DELETE
  response:
    body: '{"acl_rules":[],"cluster_settings":[],"cluster_size":1,"created_at":"2023-07-06T15:06:45.023571Z","endpoints":[{"id":"050ca958-9e9a-4241-8043-347c4420b7f9","ips":["51.15.251.47"],"port":6379,"public_network":{}}],"id":"b38093d2-d2c7-477a-81e3-a92d6b419862","name":"test_redis_endpoints","node_type":"RED1-XS","project_id":"564aa517-68b0-4fd7-8c8c-d21c4bcdcbd5","status":"deleting","tags":[],"tls_enabled":false,"updated_at":"2023-07-06T15:10:46.702126Z","upgradable_versions":[],"user_name":"my_initial_user","version":"7.0.5","zone":"fr-par-1"}'
    headers:
      Content-Length:
      - "564"
      Content-Security-Policy:
      - default-src 'none'; frame-ancestors 'none'
      Content-Type:
      - application/json
      Date:
      - Thu, 06 Jul 2023 15:10:47 GMT
      Server:
      - Scaleway API-Gateway
      Strict-Transport-Security:
      - max-age=63072000
      X-Content-Type-Options:
      - nosniff
      X-Frame-Options:
      - DENY
      X-Request-Id:
      - 3813d498-152f-4c54-bce3-5f81798316ff
    status: 200 OK
    code: 200
    duration: ""
- request:
    body: ""
    form: {}
    headers:
      User-Agent:
      - scaleway-sdk-go/v1.0.0-beta.7+dev (go1.20.4; darwin; amd64) terraform-provider/develop
        terraform/terraform-tests
    url: https://api.scaleway.com/redis/v1/zones/fr-par-1/clusters/b38093d2-d2c7-477a-81e3-a92d6b419862
    method: GET
  response:
    body: '{"acl_rules":[],"cluster_settings":[],"cluster_size":1,"created_at":"2023-07-06T15:06:45.023571Z","endpoints":[{"id":"050ca958-9e9a-4241-8043-347c4420b7f9","ips":["51.15.251.47"],"port":6379,"public_network":{}}],"id":"b38093d2-d2c7-477a-81e3-a92d6b419862","name":"test_redis_endpoints","node_type":"RED1-XS","project_id":"564aa517-68b0-4fd7-8c8c-d21c4bcdcbd5","status":"deleting","tags":[],"tls_enabled":false,"updated_at":"2023-07-06T15:10:46.702126Z","upgradable_versions":[],"user_name":"my_initial_user","version":"7.0.5","zone":"fr-par-1"}'
    headers:
      Content-Length:
      - "564"
      Content-Security-Policy:
      - default-src 'none'; frame-ancestors 'none'
      Content-Type:
      - application/json
      Date:
      - Thu, 06 Jul 2023 15:10:47 GMT
      Server:
      - Scaleway API-Gateway
      Strict-Transport-Security:
      - max-age=63072000
      X-Content-Type-Options:
      - nosniff
      X-Frame-Options:
      - DENY
      X-Request-Id:
      - 68caebea-36d5-45bb-ae41-5891316ae904
    status: 200 OK
    code: 200
    duration: ""
- request:
    body: ""
    form: {}
    headers:
      User-Agent:
      - scaleway-sdk-go/v1.0.0-beta.7+dev (go1.20.4; darwin; amd64) terraform-provider/develop
        terraform/terraform-tests
    url: https://api.scaleway.com/redis/v1/zones/fr-par-1/clusters/b38093d2-d2c7-477a-81e3-a92d6b419862
    method: GET
  response:
    body: '{"acl_rules":[],"cluster_settings":[],"cluster_size":1,"created_at":"2023-07-06T15:06:45.023571Z","endpoints":[{"id":"050ca958-9e9a-4241-8043-347c4420b7f9","ips":["51.15.251.47"],"port":6379,"public_network":{}}],"id":"b38093d2-d2c7-477a-81e3-a92d6b419862","name":"test_redis_endpoints","node_type":"RED1-XS","project_id":"564aa517-68b0-4fd7-8c8c-d21c4bcdcbd5","status":"deleting","tags":[],"tls_enabled":false,"updated_at":"2023-07-06T15:10:46.702126Z","upgradable_versions":[],"user_name":"my_initial_user","version":"7.0.5","zone":"fr-par-1"}'
    headers:
      Content-Length:
      - "564"
      Content-Security-Policy:
      - default-src 'none'; frame-ancestors 'none'
      Content-Type:
      - application/json
      Date:
      - Thu, 06 Jul 2023 15:10:52 GMT
      Server:
      - Scaleway API-Gateway
      Strict-Transport-Security:
      - max-age=63072000
      X-Content-Type-Options:
      - nosniff
      X-Frame-Options:
      - DENY
      X-Request-Id:
      - 0c89f84c-70a6-4e10-8953-ec61e2f14fba
    status: 200 OK
    code: 200
    duration: ""
- request:
    body: ""
    form: {}
    headers:
      User-Agent:
      - scaleway-sdk-go/v1.0.0-beta.7+dev (go1.20.4; darwin; amd64) terraform-provider/develop
        terraform/terraform-tests
    url: https://api.scaleway.com/redis/v1/zones/fr-par-1/clusters/b38093d2-d2c7-477a-81e3-a92d6b419862
    method: GET
  response:
    body: '{"acl_rules":[],"cluster_settings":[],"cluster_size":1,"created_at":"2023-07-06T15:06:45.023571Z","endpoints":[{"id":"050ca958-9e9a-4241-8043-347c4420b7f9","ips":["51.15.251.47"],"port":6379,"public_network":{}}],"id":"b38093d2-d2c7-477a-81e3-a92d6b419862","name":"test_redis_endpoints","node_type":"RED1-XS","project_id":"564aa517-68b0-4fd7-8c8c-d21c4bcdcbd5","status":"deleting","tags":[],"tls_enabled":false,"updated_at":"2023-07-06T15:10:46.702126Z","upgradable_versions":[],"user_name":"my_initial_user","version":"7.0.5","zone":"fr-par-1"}'
    headers:
      Content-Length:
      - "564"
      Content-Security-Policy:
      - default-src 'none'; frame-ancestors 'none'
      Content-Type:
      - application/json
      Date:
      - Thu, 06 Jul 2023 15:10:57 GMT
      Server:
      - Scaleway API-Gateway
      Strict-Transport-Security:
      - max-age=63072000
      X-Content-Type-Options:
      - nosniff
      X-Frame-Options:
      - DENY
      X-Request-Id:
      - 2e098a5f-7856-402c-9f06-c7c698f8f47d
    status: 200 OK
    code: 200
    duration: ""
- request:
    body: ""
    form: {}
    headers:
      User-Agent:
      - scaleway-sdk-go/v1.0.0-beta.7+dev (go1.20.4; darwin; amd64) terraform-provider/develop
        terraform/terraform-tests
    url: https://api.scaleway.com/redis/v1/zones/fr-par-1/clusters/b38093d2-d2c7-477a-81e3-a92d6b419862
    method: GET
  response:
    body: '{"acl_rules":[],"cluster_settings":[],"cluster_size":1,"created_at":"2023-07-06T15:06:45.023571Z","endpoints":[{"id":"050ca958-9e9a-4241-8043-347c4420b7f9","ips":["51.15.251.47"],"port":6379,"public_network":{}}],"id":"b38093d2-d2c7-477a-81e3-a92d6b419862","name":"test_redis_endpoints","node_type":"RED1-XS","project_id":"564aa517-68b0-4fd7-8c8c-d21c4bcdcbd5","status":"deleting","tags":[],"tls_enabled":false,"updated_at":"2023-07-06T15:10:46.702126Z","upgradable_versions":[],"user_name":"my_initial_user","version":"7.0.5","zone":"fr-par-1"}'
    headers:
      Content-Length:
      - "564"
      Content-Security-Policy:
      - default-src 'none'; frame-ancestors 'none'
      Content-Type:
      - application/json
      Date:
      - Thu, 06 Jul 2023 15:11:02 GMT
      Server:
      - Scaleway API-Gateway
      Strict-Transport-Security:
      - max-age=63072000
      X-Content-Type-Options:
      - nosniff
      X-Frame-Options:
      - DENY
      X-Request-Id:
      - e78b6991-93d3-4b6a-a097-0227b78114b2
    status: 200 OK
    code: 200
    duration: ""
- request:
    body: ""
    form: {}
    headers:
      User-Agent:
      - scaleway-sdk-go/v1.0.0-beta.7+dev (go1.20.4; darwin; amd64) terraform-provider/develop
        terraform/terraform-tests
    url: https://api.scaleway.com/redis/v1/zones/fr-par-1/clusters/b38093d2-d2c7-477a-81e3-a92d6b419862
    method: GET
  response:
    body: '{"acl_rules":[],"cluster_settings":[],"cluster_size":1,"created_at":"2023-07-06T15:06:45.023571Z","endpoints":[{"id":"050ca958-9e9a-4241-8043-347c4420b7f9","ips":["51.15.251.47"],"port":6379,"public_network":{}}],"id":"b38093d2-d2c7-477a-81e3-a92d6b419862","name":"test_redis_endpoints","node_type":"RED1-XS","project_id":"564aa517-68b0-4fd7-8c8c-d21c4bcdcbd5","status":"deleting","tags":[],"tls_enabled":false,"updated_at":"2023-07-06T15:10:46.702126Z","upgradable_versions":[],"user_name":"my_initial_user","version":"7.0.5","zone":"fr-par-1"}'
    headers:
      Content-Length:
      - "564"
      Content-Security-Policy:
      - default-src 'none'; frame-ancestors 'none'
      Content-Type:
      - application/json
      Date:
      - Thu, 06 Jul 2023 15:11:08 GMT
      Server:
      - Scaleway API-Gateway
      Strict-Transport-Security:
      - max-age=63072000
      X-Content-Type-Options:
      - nosniff
      X-Frame-Options:
      - DENY
      X-Request-Id:
      - db07da06-d2f4-408f-a2f4-d1a14a1618de
    status: 200 OK
    code: 200
    duration: ""
- request:
    body: ""
    form: {}
    headers:
      User-Agent:
      - scaleway-sdk-go/v1.0.0-beta.7+dev (go1.20.4; darwin; amd64) terraform-provider/develop
        terraform/terraform-tests
    url: https://api.scaleway.com/redis/v1/zones/fr-par-1/clusters/b38093d2-d2c7-477a-81e3-a92d6b419862
    method: GET
  response:
    body: '{"acl_rules":[],"cluster_settings":[],"cluster_size":1,"created_at":"2023-07-06T15:06:45.023571Z","endpoints":[{"id":"050ca958-9e9a-4241-8043-347c4420b7f9","ips":["51.15.251.47"],"port":6379,"public_network":{}}],"id":"b38093d2-d2c7-477a-81e3-a92d6b419862","name":"test_redis_endpoints","node_type":"RED1-XS","project_id":"564aa517-68b0-4fd7-8c8c-d21c4bcdcbd5","status":"deleting","tags":[],"tls_enabled":false,"updated_at":"2023-07-06T15:10:46.702126Z","upgradable_versions":[],"user_name":"my_initial_user","version":"7.0.5","zone":"fr-par-1"}'
    headers:
      Content-Length:
      - "564"
      Content-Security-Policy:
      - default-src 'none'; frame-ancestors 'none'
      Content-Type:
      - application/json
      Date:
      - Thu, 06 Jul 2023 15:11:13 GMT
      Server:
      - Scaleway API-Gateway
      Strict-Transport-Security:
      - max-age=63072000
      X-Content-Type-Options:
      - nosniff
      X-Frame-Options:
      - DENY
      X-Request-Id:
      - 63cbf90a-0a7a-4a7a-b161-628ad6dcd410
    status: 200 OK
    code: 200
    duration: ""
- request:
    body: ""
    form: {}
    headers:
      User-Agent:
      - scaleway-sdk-go/v1.0.0-beta.7+dev (go1.20.4; darwin; amd64) terraform-provider/develop
        terraform/terraform-tests
    url: https://api.scaleway.com/redis/v1/zones/fr-par-1/clusters/b38093d2-d2c7-477a-81e3-a92d6b419862
    method: GET
  response:
    body: '{"acl_rules":[],"cluster_settings":[],"cluster_size":1,"created_at":"2023-07-06T15:06:45.023571Z","endpoints":[{"id":"050ca958-9e9a-4241-8043-347c4420b7f9","ips":["51.15.251.47"],"port":6379,"public_network":{}}],"id":"b38093d2-d2c7-477a-81e3-a92d6b419862","name":"test_redis_endpoints","node_type":"RED1-XS","project_id":"564aa517-68b0-4fd7-8c8c-d21c4bcdcbd5","status":"deleting","tags":[],"tls_enabled":false,"updated_at":"2023-07-06T15:10:46.702126Z","upgradable_versions":[],"user_name":"my_initial_user","version":"7.0.5","zone":"fr-par-1"}'
    headers:
      Content-Length:
      - "564"
      Content-Security-Policy:
      - default-src 'none'; frame-ancestors 'none'
      Content-Type:
      - application/json
      Date:
      - Thu, 06 Jul 2023 15:11:18 GMT
      Server:
      - Scaleway API-Gateway
      Strict-Transport-Security:
      - max-age=63072000
      X-Content-Type-Options:
      - nosniff
      X-Frame-Options:
      - DENY
      X-Request-Id:
      - 06b517b8-548d-44da-bf40-7ba431565ac5
    status: 200 OK
    code: 200
    duration: ""
- request:
    body: ""
    form: {}
    headers:
      User-Agent:
      - scaleway-sdk-go/v1.0.0-beta.7+dev (go1.20.4; darwin; amd64) terraform-provider/develop
        terraform/terraform-tests
    url: https://api.scaleway.com/redis/v1/zones/fr-par-1/clusters/b38093d2-d2c7-477a-81e3-a92d6b419862
    method: GET
  response:
    body: '{"message":"resource is not found","resource":"cluster","resource_id":"b38093d2-d2c7-477a-81e3-a92d6b419862","type":"not_found"}'
    headers:
      Content-Length:
      - "128"
      Content-Security-Policy:
      - default-src 'none'; frame-ancestors 'none'
      Content-Type:
      - application/json
      Date:
      - Thu, 06 Jul 2023 15:11:23 GMT
      Server:
      - Scaleway API-Gateway
      Strict-Transport-Security:
      - max-age=63072000
      X-Content-Type-Options:
      - nosniff
      X-Frame-Options:
      - DENY
      X-Request-Id:
      - 2fa344bb-1c63-46a0-b9ea-8665a9d41636
    status: 404 Not Found
    code: 404
    duration: ""
- request:
    body: ""
    form: {}
    headers:
      User-Agent:
      - scaleway-sdk-go/v1.0.0-beta.7+dev (go1.20.4; darwin; amd64) terraform-provider/develop
        terraform/terraform-tests
    url: https://api.scaleway.com/vpc/v1/zones/fr-par-1/private-networks/2c660120-c572-44c1-82c4-3e771b655152
    method: GET
  response:
    body: '{"created_at":"2023-07-06T15:08:34.512208Z","id":"2c660120-c572-44c1-82c4-3e771b655152","name":"private-network-2","organization_id":"564aa517-68b0-4fd7-8c8c-d21c4bcdcbd5","project_id":"564aa517-68b0-4fd7-8c8c-d21c4bcdcbd5","subnets":["172.16.64.0/22","fd46:78ab:30b8:480::/64"],"tags":[],"updated_at":"2023-07-06T15:08:34.512208Z","zone":"fr-par-1"}'
    headers:
      Content-Length:
      - "359"
      Content-Security-Policy:
      - default-src 'none'; frame-ancestors 'none'
      Content-Type:
      - application/json
      Date:
      - Thu, 06 Jul 2023 15:11:23 GMT
      Server:
      - Scaleway API-Gateway
      Strict-Transport-Security:
      - max-age=63072000
      X-Content-Type-Options:
      - nosniff
      X-Frame-Options:
      - DENY
      X-Request-Id:
      - e4cf889b-5dd0-4064-9668-baa41320b35b
    status: 200 OK
    code: 200
    duration: ""
- request:
    body: ""
    form: {}
    headers:
      User-Agent:
      - scaleway-sdk-go/v1.0.0-beta.7+dev (go1.20.4; darwin; amd64) terraform-provider/develop
        terraform/terraform-tests
    url: https://api.scaleway.com/vpc/v1/zones/fr-par-1/private-networks/871c16b6-40e2-4f7c-ba92-95bc70ce9df0
    method: GET
  response:
    body: '{"created_at":"2023-07-06T15:06:44.252083Z","id":"871c16b6-40e2-4f7c-ba92-95bc70ce9df0","name":"private-network","organization_id":"564aa517-68b0-4fd7-8c8c-d21c4bcdcbd5","project_id":"564aa517-68b0-4fd7-8c8c-d21c4bcdcbd5","subnets":["172.16.52.0/22","fd46:78ab:30b8:75f1::/64"],"tags":[],"updated_at":"2023-07-06T15:06:44.252083Z","zone":"fr-par-1"}'
    headers:
      Content-Length:
      - "358"
      Content-Security-Policy:
      - default-src 'none'; frame-ancestors 'none'
      Content-Type:
      - application/json
      Date:
      - Thu, 06 Jul 2023 15:11:23 GMT
      Server:
      - Scaleway API-Gateway
      Strict-Transport-Security:
      - max-age=63072000
      X-Content-Type-Options:
      - nosniff
      X-Frame-Options:
      - DENY
      X-Request-Id:
      - 94362d8d-928c-4c79-81d4-664b80e97dec
    status: 200 OK
    code: 200
    duration: ""
- request:
    body: ""
    form: {}
    headers:
      User-Agent:
      - scaleway-sdk-go/v1.0.0-beta.7+dev (go1.20.4; darwin; amd64) terraform-provider/develop
        terraform/terraform-tests
    url: https://api.scaleway.com/vpc/v1/zones/fr-par-1/private-networks/871c16b6-40e2-4f7c-ba92-95bc70ce9df0
    method: DELETE
  response:
    body: ""
    headers:
      Content-Security-Policy:
      - default-src 'none'; frame-ancestors 'none'
      Content-Type:
      - application/json
      Date:
      - Thu, 06 Jul 2023 15:11:24 GMT
      Server:
      - Scaleway API-Gateway
      Strict-Transport-Security:
      - max-age=63072000
      X-Content-Type-Options:
      - nosniff
      X-Frame-Options:
      - DENY
      X-Request-Id:
      - ab20a127-4643-4201-b9f4-f7fb01c7c5d0
    status: 204 No Content
    code: 204
    duration: ""
- request:
    body: ""
    form: {}
    headers:
      User-Agent:
      - scaleway-sdk-go/v1.0.0-beta.7+dev (go1.20.4; darwin; amd64) terraform-provider/develop
        terraform/terraform-tests
    url: https://api.scaleway.com/vpc/v1/zones/fr-par-1/private-networks/2c660120-c572-44c1-82c4-3e771b655152
    method: DELETE
  response:
    body: ""
    headers:
      Content-Security-Policy:
      - default-src 'none'; frame-ancestors 'none'
      Content-Type:
      - application/json
      Date:
      - Thu, 06 Jul 2023 15:11:24 GMT
      Server:
      - Scaleway API-Gateway
      Strict-Transport-Security:
      - max-age=63072000
      X-Content-Type-Options:
      - nosniff
      X-Frame-Options:
      - DENY
      X-Request-Id:
      - 1a2942c3-d3f8-4139-9ed9-584e298f4862
    status: 204 No Content
    code: 204
    duration: ""
