---
version: 1
interactions:
- request:
    body: '{"project_id":"105bdce1-64c0-48ab-899d-868455867ecf","name":"secretVersionNameBasic","tags":["devtools","provider","terraform"],"description":"secret
      description"}'
    form: {}
    headers:
      Content-Type:
      - application/json
      User-Agent:
      - scaleway-sdk-go/v1.0.0-beta.7+dev (go1.19; darwin; amd64) terraform-provider/develop
        terraform/terraform-tests
    url: https://api.scaleway.com/secret-manager/v1alpha1/regions/fr-par/secrets
    method: POST
  response:
    body: '{"created_at":"2023-02-28T15:55:12.374750Z","description":"secret description","id":"46d465f5-efac-4597-b7c3-165f97bf272d","name":"secretVersionNameBasic","project_id":"105bdce1-64c0-48ab-899d-868455867ecf","region":"fr-par","status":"ready","tags":["devtools","provider","terraform"],"updated_at":"2023-02-28T15:55:12.374750Z","version_count":0}'
    headers:
      Content-Length:
      - "357"
      Content-Security-Policy:
      - default-src 'none'; frame-ancestors 'none'
      Content-Type:
      - application/json
      Date:
      - Tue, 28 Feb 2023 15:55:12 GMT
      Server:
      - Scaleway API-Gateway
      Strict-Transport-Security:
      - max-age=63072000
      X-Content-Type-Options:
      - nosniff
      X-Frame-Options:
      - DENY
      X-Request-Id:
      - 2c482dd2-b1c9-48d7-9541-c5525c0cc7c2
    status: 200 OK
    code: 200
    duration: ""
- request:
    body: ""
    form: {}
    headers:
      User-Agent:
      - scaleway-sdk-go/v1.0.0-beta.7+dev (go1.19; darwin; amd64) terraform-provider/develop
        terraform/terraform-tests
    url: https://api.scaleway.com/secret-manager/v1alpha1/regions/fr-par/secrets/46d465f5-efac-4597-b7c3-165f97bf272d
    method: GET
  response:
    body: '{"created_at":"2023-02-28T15:55:12.374750Z","description":"secret description","id":"46d465f5-efac-4597-b7c3-165f97bf272d","name":"secretVersionNameBasic","project_id":"105bdce1-64c0-48ab-899d-868455867ecf","region":"fr-par","status":"ready","tags":["devtools","provider","terraform"],"updated_at":"2023-02-28T15:55:12.374750Z","version_count":0}'
    headers:
      Content-Length:
      - "357"
      Content-Security-Policy:
      - default-src 'none'; frame-ancestors 'none'
      Content-Type:
      - application/json
      Date:
      - Tue, 28 Feb 2023 15:55:12 GMT
      Server:
      - Scaleway API-Gateway
      Strict-Transport-Security:
      - max-age=63072000
      X-Content-Type-Options:
      - nosniff
      X-Frame-Options:
      - DENY
      X-Request-Id:
      - 6710afbe-4dd3-42db-be45-cda49518f650
    status: 200 OK
    code: 200
    duration: ""
- request:
    body: '{"data":"bXlfc3VwZXJfc2VjcmV0","description":"version1"}'
    form: {}
    headers:
      Content-Type:
      - application/json
      User-Agent:
      - scaleway-sdk-go/v1.0.0-beta.7+dev (go1.19; darwin; amd64) terraform-provider/develop
        terraform/terraform-tests
    url: https://api.scaleway.com/secret-manager/v1alpha1/regions/fr-par/secrets/46d465f5-efac-4597-b7c3-165f97bf272d/versions
    method: POST
  response:
    body: '{"created_at":"2023-02-28T15:55:12.827390Z","description":"version1","revision":1,"secret_id":"46d465f5-efac-4597-b7c3-165f97bf272d","status":"enabled","updated_at":"2023-02-28T15:55:12.827390Z"}'
    headers:
      Content-Length:
      - "200"
      Content-Security-Policy:
      - default-src 'none'; frame-ancestors 'none'
      Content-Type:
      - application/json
      Date:
      - Tue, 28 Feb 2023 15:55:12 GMT
      Server:
      - Scaleway API-Gateway
      Strict-Transport-Security:
      - max-age=63072000
      X-Content-Type-Options:
      - nosniff
      X-Frame-Options:
      - DENY
      X-Request-Id:
      - 6eb19f7e-e21d-4c41-a1fd-f7b3d239ec08
    status: 200 OK
    code: 200
    duration: ""
- request:
    body: ""
    form: {}
    headers:
      User-Agent:
      - scaleway-sdk-go/v1.0.0-beta.7+dev (go1.19; darwin; amd64) terraform-provider/develop
        terraform/terraform-tests
    url: https://api.scaleway.com/secret-manager/v1alpha1/regions/fr-par/secrets/46d465f5-efac-4597-b7c3-165f97bf272d/versions/1
    method: GET
  response:
    body: '{"created_at":"2023-02-28T15:55:12.827390Z","description":"version1","revision":1,"secret_id":"46d465f5-efac-4597-b7c3-165f97bf272d","status":"enabled","updated_at":"2023-02-28T15:55:12.827390Z"}'
    headers:
      Content-Length:
      - "200"
      Content-Security-Policy:
      - default-src 'none'; frame-ancestors 'none'
      Content-Type:
      - application/json
      Date:
      - Tue, 28 Feb 2023 15:55:12 GMT
      Server:
      - Scaleway API-Gateway
      Strict-Transport-Security:
      - max-age=63072000
      X-Content-Type-Options:
      - nosniff
      X-Frame-Options:
      - DENY
      X-Request-Id:
      - 25329774-ce43-46b1-98d2-354007049685
    status: 200 OK
    code: 200
    duration: ""
- request:
    body: ""
    form: {}
    headers:
      User-Agent:
      - scaleway-sdk-go/v1.0.0-beta.7+dev (go1.19; darwin; amd64) terraform-provider/develop
        terraform/terraform-tests
    url: https://api.scaleway.com/secret-manager/v1alpha1/regions/fr-par/secrets/46d465f5-efac-4597-b7c3-165f97bf272d/versions/1
    method: GET
  response:
    body: '{"created_at":"2023-02-28T15:55:12.827390Z","description":"version1","revision":1,"secret_id":"46d465f5-efac-4597-b7c3-165f97bf272d","status":"enabled","updated_at":"2023-02-28T15:55:12.827390Z"}'
    headers:
      Content-Length:
      - "200"
      Content-Security-Policy:
      - default-src 'none'; frame-ancestors 'none'
      Content-Type:
      - application/json
      Date:
      - Tue, 28 Feb 2023 15:55:13 GMT
      Server:
      - Scaleway API-Gateway
      Strict-Transport-Security:
      - max-age=63072000
      X-Content-Type-Options:
      - nosniff
      X-Frame-Options:
      - DENY
      X-Request-Id:
      - bf634294-2b17-41ab-8558-5cff0e1c8b19
    status: 200 OK
    code: 200
    duration: ""
- request:
    body: ""
    form: {}
    headers:
      User-Agent:
      - scaleway-sdk-go/v1.0.0-beta.7+dev (go1.19; darwin; amd64) terraform-provider/develop
        terraform/terraform-tests
    url: https://api.scaleway.com/secret-manager/v1alpha1/regions/fr-par/secrets/46d465f5-efac-4597-b7c3-165f97bf272d
    method: GET
  response:
    body: '{"created_at":"2023-02-28T15:55:12.374750Z","description":"secret description","id":"46d465f5-efac-4597-b7c3-165f97bf272d","name":"secretVersionNameBasic","project_id":"105bdce1-64c0-48ab-899d-868455867ecf","region":"fr-par","status":"ready","tags":["devtools","provider","terraform"],"updated_at":"2023-02-28T15:55:12.374750Z","version_count":1}'
    headers:
      Content-Length:
      - "357"
      Content-Security-Policy:
      - default-src 'none'; frame-ancestors 'none'
      Content-Type:
      - application/json
      Date:
      - Tue, 28 Feb 2023 15:55:13 GMT
      Server:
      - Scaleway API-Gateway
      Strict-Transport-Security:
      - max-age=63072000
      X-Content-Type-Options:
      - nosniff
      X-Frame-Options:
      - DENY
      X-Request-Id:
      - 0923b7a3-5912-47c2-9e1f-73aa6673179e
    status: 200 OK
    code: 200
    duration: ""
- request:
    body: ""
    form: {}
    headers:
      User-Agent:
      - scaleway-sdk-go/v1.0.0-beta.7+dev (go1.19; darwin; amd64) terraform-provider/develop
        terraform/terraform-tests
    url: https://api.scaleway.com/secret-manager/v1alpha1/regions/fr-par/secrets/46d465f5-efac-4597-b7c3-165f97bf272d/versions/1
    method: GET
  response:
    body: '{"created_at":"2023-02-28T15:55:12.827390Z","description":"version1","revision":1,"secret_id":"46d465f5-efac-4597-b7c3-165f97bf272d","status":"enabled","updated_at":"2023-02-28T15:55:12.827390Z"}'
    headers:
      Content-Length:
      - "200"
      Content-Security-Policy:
      - default-src 'none'; frame-ancestors 'none'
      Content-Type:
      - application/json
      Date:
      - Tue, 28 Feb 2023 15:55:13 GMT
      Server:
      - Scaleway API-Gateway
      Strict-Transport-Security:
      - max-age=63072000
      X-Content-Type-Options:
      - nosniff
      X-Frame-Options:
      - DENY
      X-Request-Id:
      - 56fe08da-ec29-49ed-a184-f6c7aa888748
    status: 200 OK
    code: 200
    duration: ""
- request:
    body: ""
    form: {}
    headers:
      User-Agent:
      - scaleway-sdk-go/v1.0.0-beta.7+dev (go1.19; darwin; amd64) terraform-provider/develop
        terraform/terraform-tests
    url: https://api.scaleway.com/secret-manager/v1alpha1/regions/fr-par/secrets/46d465f5-efac-4597-b7c3-165f97bf272d
    method: GET
  response:
    body: '{"created_at":"2023-02-28T15:55:12.374750Z","description":"secret description","id":"46d465f5-efac-4597-b7c3-165f97bf272d","name":"secretVersionNameBasic","project_id":"105bdce1-64c0-48ab-899d-868455867ecf","region":"fr-par","status":"ready","tags":["devtools","provider","terraform"],"updated_at":"2023-02-28T15:55:12.374750Z","version_count":1}'
    headers:
      Content-Length:
      - "357"
      Content-Security-Policy:
      - default-src 'none'; frame-ancestors 'none'
      Content-Type:
      - application/json
      Date:
      - Tue, 28 Feb 2023 15:55:13 GMT
      Server:
      - Scaleway API-Gateway
      Strict-Transport-Security:
      - max-age=63072000
      X-Content-Type-Options:
      - nosniff
      X-Frame-Options:
      - DENY
      X-Request-Id:
      - 620e1455-ef5d-44af-b764-4c1a8584575e
    status: 200 OK
    code: 200
    duration: ""
- request:
    body: ""
    form: {}
    headers:
      User-Agent:
      - scaleway-sdk-go/v1.0.0-beta.7+dev (go1.19; darwin; amd64) terraform-provider/develop
        terraform/terraform-tests
    url: https://api.scaleway.com/secret-manager/v1alpha1/regions/fr-par/secrets/46d465f5-efac-4597-b7c3-165f97bf272d/versions/1
    method: GET
  response:
    body: '{"created_at":"2023-02-28T15:55:12.827390Z","description":"version1","revision":1,"secret_id":"46d465f5-efac-4597-b7c3-165f97bf272d","status":"enabled","updated_at":"2023-02-28T15:55:12.827390Z"}'
    headers:
      Content-Length:
      - "200"
      Content-Security-Policy:
      - default-src 'none'; frame-ancestors 'none'
      Content-Type:
      - application/json
      Date:
      - Tue, 28 Feb 2023 15:55:13 GMT
      Server:
      - Scaleway API-Gateway
      Strict-Transport-Security:
      - max-age=63072000
      X-Content-Type-Options:
      - nosniff
      X-Frame-Options:
      - DENY
      X-Request-Id:
      - b9019ab7-4ce4-402a-b10b-f941d8afe9d8
    status: 200 OK
    code: 200
    duration: ""
- request:
    body: '{"description":"secret version description"}'
    form: {}
    headers:
      Content-Type:
      - application/json
      User-Agent:
      - scaleway-sdk-go/v1.0.0-beta.7+dev (go1.19; darwin; amd64) terraform-provider/develop
        terraform/terraform-tests
    url: https://api.scaleway.com/secret-manager/v1alpha1/regions/fr-par/secrets/46d465f5-efac-4597-b7c3-165f97bf272d/versions/1
    method: PATCH
  response:
    body: '{"created_at":"2023-02-28T15:55:12.827390Z","description":"secret version
      description","revision":1,"secret_id":"46d465f5-efac-4597-b7c3-165f97bf272d","status":"enabled","updated_at":"2023-02-28T15:55:14.273951Z"}'
    headers:
      Content-Length:
      - "218"
      Content-Security-Policy:
      - default-src 'none'; frame-ancestors 'none'
      Content-Type:
      - application/json
      Date:
      - Tue, 28 Feb 2023 15:55:14 GMT
      Server:
      - Scaleway API-Gateway
      Strict-Transport-Security:
      - max-age=63072000
      X-Content-Type-Options:
      - nosniff
      X-Frame-Options:
      - DENY
      X-Request-Id:
      - 74a5e244-f099-44ad-8414-47003c749680
    status: 200 OK
    code: 200
    duration: ""
- request:
    body: ""
    form: {}
    headers:
      User-Agent:
      - scaleway-sdk-go/v1.0.0-beta.7+dev (go1.19; darwin; amd64) terraform-provider/develop
        terraform/terraform-tests
    url: https://api.scaleway.com/secret-manager/v1alpha1/regions/fr-par/secrets/46d465f5-efac-4597-b7c3-165f97bf272d/versions/1
    method: GET
  response:
    body: '{"created_at":"2023-02-28T15:55:12.827390Z","description":"secret version
      description","revision":1,"secret_id":"46d465f5-efac-4597-b7c3-165f97bf272d","status":"enabled","updated_at":"2023-02-28T15:55:14.273951Z"}'
    headers:
      Content-Length:
      - "218"
      Content-Security-Policy:
      - default-src 'none'; frame-ancestors 'none'
      Content-Type:
      - application/json
      Date:
      - Tue, 28 Feb 2023 15:55:14 GMT
      Server:
      - Scaleway API-Gateway
      Strict-Transport-Security:
      - max-age=63072000
      X-Content-Type-Options:
      - nosniff
      X-Frame-Options:
      - DENY
      X-Request-Id:
      - 364a17e3-ef8b-4c64-837c-185dd43b9793
    status: 200 OK
    code: 200
    duration: ""
- request:
    body: ""
    form: {}
    headers:
      User-Agent:
      - scaleway-sdk-go/v1.0.0-beta.7+dev (go1.19; darwin; amd64) terraform-provider/develop
        terraform/terraform-tests
    url: https://api.scaleway.com/secret-manager/v1alpha1/regions/fr-par/secrets/46d465f5-efac-4597-b7c3-165f97bf272d/versions/1
    method: GET
  response:
    body: '{"created_at":"2023-02-28T15:55:12.827390Z","description":"secret version
      description","revision":1,"secret_id":"46d465f5-efac-4597-b7c3-165f97bf272d","status":"enabled","updated_at":"2023-02-28T15:55:14.273951Z"}'
    headers:
      Content-Length:
      - "218"
      Content-Security-Policy:
      - default-src 'none'; frame-ancestors 'none'
      Content-Type:
      - application/json
      Date:
      - Tue, 28 Feb 2023 15:55:14 GMT
      Server:
      - Scaleway API-Gateway
      Strict-Transport-Security:
      - max-age=63072000
      X-Content-Type-Options:
      - nosniff
      X-Frame-Options:
      - DENY
      X-Request-Id:
      - 19808ca4-b443-4dad-ab58-a6326e6f3aa0
    status: 200 OK
    code: 200
    duration: ""
- request:
    body: ""
    form: {}
    headers:
      User-Agent:
      - scaleway-sdk-go/v1.0.0-beta.7+dev (go1.19; darwin; amd64) terraform-provider/develop
        terraform/terraform-tests
    url: https://api.scaleway.com/secret-manager/v1alpha1/regions/fr-par/secrets/46d465f5-efac-4597-b7c3-165f97bf272d
    method: GET
  response:
    body: '{"created_at":"2023-02-28T15:55:12.374750Z","description":"secret description","id":"46d465f5-efac-4597-b7c3-165f97bf272d","name":"secretVersionNameBasic","project_id":"105bdce1-64c0-48ab-899d-868455867ecf","region":"fr-par","status":"ready","tags":["devtools","provider","terraform"],"updated_at":"2023-02-28T15:55:12.374750Z","version_count":1}'
    headers:
      Content-Length:
      - "357"
      Content-Security-Policy:
      - default-src 'none'; frame-ancestors 'none'
      Content-Type:
      - application/json
      Date:
      - Tue, 28 Feb 2023 15:55:14 GMT
      Server:
      - Scaleway API-Gateway
      Strict-Transport-Security:
      - max-age=63072000
      X-Content-Type-Options:
      - nosniff
      X-Frame-Options:
      - DENY
      X-Request-Id:
      - 5c7f1da0-4f3f-4f3c-81c0-176f307df0b9
    status: 200 OK
    code: 200
    duration: ""
- request:
    body: ""
    form: {}
    headers:
      User-Agent:
      - scaleway-sdk-go/v1.0.0-beta.7+dev (go1.19; darwin; amd64) terraform-provider/develop
        terraform/terraform-tests
    url: https://api.scaleway.com/secret-manager/v1alpha1/regions/fr-par/secrets/46d465f5-efac-4597-b7c3-165f97bf272d/versions/1
    method: GET
  response:
    body: '{"created_at":"2023-02-28T15:55:12.827390Z","description":"secret version
      description","revision":1,"secret_id":"46d465f5-efac-4597-b7c3-165f97bf272d","status":"enabled","updated_at":"2023-02-28T15:55:14.273951Z"}'
    headers:
      Content-Length:
      - "218"
      Content-Security-Policy:
      - default-src 'none'; frame-ancestors 'none'
      Content-Type:
      - application/json
      Date:
      - Tue, 28 Feb 2023 15:55:14 GMT
      Server:
      - Scaleway API-Gateway
      Strict-Transport-Security:
      - max-age=63072000
      X-Content-Type-Options:
      - nosniff
      X-Frame-Options:
      - DENY
      X-Request-Id:
      - d26b19cd-d9d6-4a80-af1c-50ed6c1b16d4
    status: 200 OK
    code: 200
    duration: ""
- request:
    body: ""
    form: {}
    headers:
      User-Agent:
      - scaleway-sdk-go/v1.0.0-beta.7+dev (go1.19; darwin; amd64) terraform-provider/develop
        terraform/terraform-tests
    url: https://api.scaleway.com/secret-manager/v1alpha1/regions/fr-par/secrets/46d465f5-efac-4597-b7c3-165f97bf272d
    method: GET
  response:
    body: '{"created_at":"2023-02-28T15:55:12.374750Z","description":"secret description","id":"46d465f5-efac-4597-b7c3-165f97bf272d","name":"secretVersionNameBasic","project_id":"105bdce1-64c0-48ab-899d-868455867ecf","region":"fr-par","status":"ready","tags":["devtools","provider","terraform"],"updated_at":"2023-02-28T15:55:12.374750Z","version_count":1}'
    headers:
      Content-Length:
      - "357"
      Content-Security-Policy:
      - default-src 'none'; frame-ancestors 'none'
      Content-Type:
      - application/json
      Date:
      - Tue, 28 Feb 2023 15:55:15 GMT
      Server:
      - Scaleway API-Gateway
      Strict-Transport-Security:
      - max-age=63072000
      X-Content-Type-Options:
      - nosniff
      X-Frame-Options:
      - DENY
      X-Request-Id:
      - dc51e8b1-c0e1-4726-82e1-02c1790d1ded
    status: 200 OK
    code: 200
    duration: ""
- request:
    body: ""
    form: {}
    headers:
      User-Agent:
      - scaleway-sdk-go/v1.0.0-beta.7+dev (go1.19; darwin; amd64) terraform-provider/develop
        terraform/terraform-tests
    url: https://api.scaleway.com/secret-manager/v1alpha1/regions/fr-par/secrets/46d465f5-efac-4597-b7c3-165f97bf272d/versions/1
    method: GET
  response:
    body: '{"created_at":"2023-02-28T15:55:12.827390Z","description":"secret version
      description","revision":1,"secret_id":"46d465f5-efac-4597-b7c3-165f97bf272d","status":"enabled","updated_at":"2023-02-28T15:55:14.273951Z"}'
    headers:
      Content-Length:
      - "218"
      Content-Security-Policy:
      - default-src 'none'; frame-ancestors 'none'
      Content-Type:
      - application/json
      Date:
      - Tue, 28 Feb 2023 15:55:15 GMT
      Server:
      - Scaleway API-Gateway
      Strict-Transport-Security:
      - max-age=63072000
      X-Content-Type-Options:
      - nosniff
      X-Frame-Options:
      - DENY
      X-Request-Id:
      - f8fb3d07-fcfc-46fd-8727-8af1563cf159
    status: 200 OK
    code: 200
    duration: ""
- request:
    body: '{"data":"YW5vdGhlcl9zZWNyZXQ=","description":"version2"}'
    form: {}
    headers:
      Content-Type:
      - application/json
      User-Agent:
      - scaleway-sdk-go/v1.0.0-beta.7+dev (go1.19; darwin; amd64) terraform-provider/develop
        terraform/terraform-tests
    url: https://api.scaleway.com/secret-manager/v1alpha1/regions/fr-par/secrets/46d465f5-efac-4597-b7c3-165f97bf272d/versions
    method: POST
  response:
    body: '{"created_at":"2023-02-28T15:55:15.687354Z","description":"version2","revision":2,"secret_id":"46d465f5-efac-4597-b7c3-165f97bf272d","status":"enabled","updated_at":"2023-02-28T15:55:15.687354Z"}'
    headers:
      Content-Length:
      - "200"
      Content-Security-Policy:
      - default-src 'none'; frame-ancestors 'none'
      Content-Type:
      - application/json
      Date:
      - Tue, 28 Feb 2023 15:55:15 GMT
      Server:
      - Scaleway API-Gateway
      Strict-Transport-Security:
      - max-age=63072000
      X-Content-Type-Options:
      - nosniff
      X-Frame-Options:
      - DENY
      X-Request-Id:
      - 95764a61-6e77-4f56-860b-4e10c5019413
    status: 200 OK
    code: 200
    duration: ""
- request:
    body: ""
    form: {}
    headers:
      User-Agent:
      - scaleway-sdk-go/v1.0.0-beta.7+dev (go1.19; darwin; amd64) terraform-provider/develop
        terraform/terraform-tests
    url: https://api.scaleway.com/secret-manager/v1alpha1/regions/fr-par/secrets/46d465f5-efac-4597-b7c3-165f97bf272d/versions/2
    method: GET
  response:
    body: '{"created_at":"2023-02-28T15:55:15.687354Z","description":"version2","revision":2,"secret_id":"46d465f5-efac-4597-b7c3-165f97bf272d","status":"enabled","updated_at":"2023-02-28T15:55:15.687354Z"}'
    headers:
      Content-Length:
      - "200"
      Content-Security-Policy:
      - default-src 'none'; frame-ancestors 'none'
      Content-Type:
      - application/json
      Date:
      - Tue, 28 Feb 2023 15:55:15 GMT
      Server:
      - Scaleway API-Gateway
      Strict-Transport-Security:
      - max-age=63072000
      X-Content-Type-Options:
      - nosniff
      X-Frame-Options:
      - DENY
      X-Request-Id:
      - 3b96d015-1e50-4508-b92c-e06cc3ed39ec
    status: 200 OK
    code: 200
    duration: ""
- request:
    body: ""
    form: {}
    headers:
      User-Agent:
      - scaleway-sdk-go/v1.0.0-beta.7+dev (go1.19; darwin; amd64) terraform-provider/develop
        terraform/terraform-tests
    url: https://api.scaleway.com/secret-manager/v1alpha1/regions/fr-par/secrets/46d465f5-efac-4597-b7c3-165f97bf272d/versions/1
    method: GET
  response:
    body: '{"created_at":"2023-02-28T15:55:12.827390Z","description":"secret version
      description","revision":1,"secret_id":"46d465f5-efac-4597-b7c3-165f97bf272d","status":"enabled","updated_at":"2023-02-28T15:55:14.273951Z"}'
    headers:
      Content-Length:
      - "218"
      Content-Security-Policy:
      - default-src 'none'; frame-ancestors 'none'
      Content-Type:
      - application/json
      Date:
      - Tue, 28 Feb 2023 15:55:15 GMT
      Server:
      - Scaleway API-Gateway
      Strict-Transport-Security:
      - max-age=63072000
      X-Content-Type-Options:
      - nosniff
      X-Frame-Options:
      - DENY
      X-Request-Id:
      - 446ed045-a17b-4a62-8238-545fc4955cbe
    status: 200 OK
    code: 200
    duration: ""
- request:
    body: ""
    form: {}
    headers:
      User-Agent:
      - scaleway-sdk-go/v1.0.0-beta.7+dev (go1.19; darwin; amd64) terraform-provider/develop
        terraform/terraform-tests
    url: https://api.scaleway.com/secret-manager/v1alpha1/regions/fr-par/secrets/46d465f5-efac-4597-b7c3-165f97bf272d/versions/2
    method: GET
  response:
    body: '{"created_at":"2023-02-28T15:55:15.687354Z","description":"version2","revision":2,"secret_id":"46d465f5-efac-4597-b7c3-165f97bf272d","status":"enabled","updated_at":"2023-02-28T15:55:15.687354Z"}'
    headers:
      Content-Length:
      - "200"
      Content-Security-Policy:
      - default-src 'none'; frame-ancestors 'none'
      Content-Type:
      - application/json
      Date:
      - Tue, 28 Feb 2023 15:55:15 GMT
      Server:
      - Scaleway API-Gateway
      Strict-Transport-Security:
      - max-age=63072000
      X-Content-Type-Options:
      - nosniff
      X-Frame-Options:
      - DENY
      X-Request-Id:
      - 825de9e1-ad29-455f-be8d-6880984f87a6
    status: 200 OK
    code: 200
    duration: ""
- request:
    body: ""
    form: {}
    headers:
      User-Agent:
      - scaleway-sdk-go/v1.0.0-beta.7+dev (go1.19; darwin; amd64) terraform-provider/develop
        terraform/terraform-tests
    url: https://api.scaleway.com/secret-manager/v1alpha1/regions/fr-par/secrets/46d465f5-efac-4597-b7c3-165f97bf272d
    method: GET
  response:
    body: '{"created_at":"2023-02-28T15:55:12.374750Z","description":"secret description","id":"46d465f5-efac-4597-b7c3-165f97bf272d","name":"secretVersionNameBasic","project_id":"105bdce1-64c0-48ab-899d-868455867ecf","region":"fr-par","status":"ready","tags":["devtools","provider","terraform"],"updated_at":"2023-02-28T15:55:12.374750Z","version_count":2}'
    headers:
      Content-Length:
      - "357"
      Content-Security-Policy:
      - default-src 'none'; frame-ancestors 'none'
      Content-Type:
      - application/json
      Date:
      - Tue, 28 Feb 2023 15:55:16 GMT
      Server:
      - Scaleway API-Gateway
      Strict-Transport-Security:
      - max-age=63072000
      X-Content-Type-Options:
      - nosniff
      X-Frame-Options:
      - DENY
      X-Request-Id:
      - c79d3618-32cd-442e-8b95-9fa9187de157
    status: 200 OK
    code: 200
    duration: ""
- request:
    body: ""
    form: {}
    headers:
      User-Agent:
      - scaleway-sdk-go/v1.0.0-beta.7+dev (go1.19; darwin; amd64) terraform-provider/develop
        terraform/terraform-tests
    url: https://api.scaleway.com/secret-manager/v1alpha1/regions/fr-par/secrets/46d465f5-efac-4597-b7c3-165f97bf272d/versions/2
    method: GET
  response:
    body: '{"created_at":"2023-02-28T15:55:15.687354Z","description":"version2","revision":2,"secret_id":"46d465f5-efac-4597-b7c3-165f97bf272d","status":"enabled","updated_at":"2023-02-28T15:55:15.687354Z"}'
    headers:
      Content-Length:
      - "200"
      Content-Security-Policy:
      - default-src 'none'; frame-ancestors 'none'
      Content-Type:
      - application/json
      Date:
      - Tue, 28 Feb 2023 15:55:16 GMT
      Server:
      - Scaleway API-Gateway
      Strict-Transport-Security:
      - max-age=63072000
      X-Content-Type-Options:
      - nosniff
      X-Frame-Options:
      - DENY
      X-Request-Id:
      - 8c976c37-d9d4-495a-9ff7-89f9e0f23d9d
    status: 200 OK
    code: 200
    duration: ""
- request:
    body: ""
    form: {}
    headers:
      User-Agent:
      - scaleway-sdk-go/v1.0.0-beta.7+dev (go1.19; darwin; amd64) terraform-provider/develop
        terraform/terraform-tests
    url: https://api.scaleway.com/secret-manager/v1alpha1/regions/fr-par/secrets/46d465f5-efac-4597-b7c3-165f97bf272d/versions/1
    method: GET
  response:
    body: '{"created_at":"2023-02-28T15:55:12.827390Z","description":"secret version
      description","revision":1,"secret_id":"46d465f5-efac-4597-b7c3-165f97bf272d","status":"enabled","updated_at":"2023-02-28T15:55:14.273951Z"}'
    headers:
      Content-Length:
      - "218"
      Content-Security-Policy:
      - default-src 'none'; frame-ancestors 'none'
      Content-Type:
      - application/json
      Date:
      - Tue, 28 Feb 2023 15:55:16 GMT
      Server:
      - Scaleway API-Gateway
      Strict-Transport-Security:
      - max-age=63072000
      X-Content-Type-Options:
      - nosniff
      X-Frame-Options:
      - DENY
      X-Request-Id:
      - 1a9be48c-d04f-4702-b45d-d361dae6e5ed
    status: 200 OK
    code: 200
    duration: ""
- request:
    body: ""
    form: {}
    headers:
      User-Agent:
      - scaleway-sdk-go/v1.0.0-beta.7+dev (go1.19; darwin; amd64) terraform-provider/develop
        terraform/terraform-tests
    url: https://api.scaleway.com/secret-manager/v1alpha1/regions/fr-par/secrets/46d465f5-efac-4597-b7c3-165f97bf272d
    method: GET
  response:
    body: '{"created_at":"2023-02-28T15:55:12.374750Z","description":"secret description","id":"46d465f5-efac-4597-b7c3-165f97bf272d","name":"secretVersionNameBasic","project_id":"105bdce1-64c0-48ab-899d-868455867ecf","region":"fr-par","status":"ready","tags":["devtools","provider","terraform"],"updated_at":"2023-02-28T15:55:12.374750Z","version_count":2}'
    headers:
      Content-Length:
      - "357"
      Content-Security-Policy:
      - default-src 'none'; frame-ancestors 'none'
      Content-Type:
      - application/json
      Date:
      - Tue, 28 Feb 2023 15:55:16 GMT
      Server:
      - Scaleway API-Gateway
      Strict-Transport-Security:
      - max-age=63072000
      X-Content-Type-Options:
      - nosniff
      X-Frame-Options:
      - DENY
      X-Request-Id:
      - 3c14d38a-1bf6-4e82-86a7-202b40c2941a
    status: 200 OK
    code: 200
    duration: ""
- request:
    body: ""
    form: {}
    headers:
      User-Agent:
      - scaleway-sdk-go/v1.0.0-beta.7+dev (go1.19; darwin; amd64) terraform-provider/develop
        terraform/terraform-tests
    url: https://api.scaleway.com/secret-manager/v1alpha1/regions/fr-par/secrets/46d465f5-efac-4597-b7c3-165f97bf272d/versions/2
    method: GET
  response:
    body: '{"created_at":"2023-02-28T15:55:15.687354Z","description":"version2","revision":2,"secret_id":"46d465f5-efac-4597-b7c3-165f97bf272d","status":"enabled","updated_at":"2023-02-28T15:55:15.687354Z"}'
    headers:
      Content-Length:
      - "200"
      Content-Security-Policy:
      - default-src 'none'; frame-ancestors 'none'
      Content-Type:
      - application/json
      Date:
      - Tue, 28 Feb 2023 15:55:16 GMT
      Server:
      - Scaleway API-Gateway
      Strict-Transport-Security:
      - max-age=63072000
      X-Content-Type-Options:
      - nosniff
      X-Frame-Options:
      - DENY
      X-Request-Id:
      - 3cb9dffc-c776-426f-abed-fc2c0dad536a
    status: 200 OK
    code: 200
    duration: ""
- request:
    body: ""
    form: {}
    headers:
      User-Agent:
      - scaleway-sdk-go/v1.0.0-beta.7+dev (go1.19; darwin; amd64) terraform-provider/develop
        terraform/terraform-tests
    url: https://api.scaleway.com/secret-manager/v1alpha1/regions/fr-par/secrets/46d465f5-efac-4597-b7c3-165f97bf272d/versions/1
    method: GET
  response:
    body: '{"created_at":"2023-02-28T15:55:12.827390Z","description":"secret version
      description","revision":1,"secret_id":"46d465f5-efac-4597-b7c3-165f97bf272d","status":"enabled","updated_at":"2023-02-28T15:55:14.273951Z"}'
    headers:
      Content-Length:
      - "218"
      Content-Security-Policy:
      - default-src 'none'; frame-ancestors 'none'
      Content-Type:
      - application/json
      Date:
      - Tue, 28 Feb 2023 15:55:16 GMT
      Server:
      - Scaleway API-Gateway
      Strict-Transport-Security:
      - max-age=63072000
      X-Content-Type-Options:
      - nosniff
      X-Frame-Options:
      - DENY
      X-Request-Id:
      - ececbacf-4ef4-4b7a-93af-395a7b7483f7
    status: 200 OK
    code: 200
    duration: ""
- request:
    body: '{"description":"version1"}'
    form: {}
    headers:
      Content-Type:
      - application/json
      User-Agent:
      - scaleway-sdk-go/v1.0.0-beta.7+dev (go1.19; darwin; amd64) terraform-provider/develop
        terraform/terraform-tests
    url: https://api.scaleway.com/secret-manager/v1alpha1/regions/fr-par/secrets/46d465f5-efac-4597-b7c3-165f97bf272d/versions/1
    method: PATCH
  response:
    body: '{"created_at":"2023-02-28T15:55:12.827390Z","description":"version1","revision":1,"secret_id":"46d465f5-efac-4597-b7c3-165f97bf272d","status":"enabled","updated_at":"2023-02-28T15:55:17.178281Z"}'
    headers:
      Content-Length:
      - "200"
      Content-Security-Policy:
      - default-src 'none'; frame-ancestors 'none'
      Content-Type:
      - application/json
      Date:
      - Tue, 28 Feb 2023 15:55:17 GMT
      Server:
      - Scaleway API-Gateway
      Strict-Transport-Security:
      - max-age=63072000
      X-Content-Type-Options:
      - nosniff
      X-Frame-Options:
      - DENY
      X-Request-Id:
      - f40af2b2-b21a-4f56-9cb5-22d16388c482
    status: 200 OK
    code: 200
    duration: ""
- request:
    body: '{}'
    form: {}
    headers:
      Content-Type:
      - application/json
      User-Agent:
      - scaleway-sdk-go/v1.0.0-beta.7+dev (go1.19; darwin; amd64) terraform-provider/develop
        terraform/terraform-tests
    url: https://api.scaleway.com/secret-manager/v1alpha1/regions/fr-par/secrets/46d465f5-efac-4597-b7c3-165f97bf272d/versions/2/destroy
    method: POST
  response:
    body: '{"created_at":"2023-02-28T15:55:15.687354Z","description":"version2","revision":2,"secret_id":"46d465f5-efac-4597-b7c3-165f97bf272d","status":"destroyed","updated_at":"2023-02-28T15:55:17.149725Z"}'
    headers:
      Content-Length:
      - "202"
      Content-Security-Policy:
      - default-src 'none'; frame-ancestors 'none'
      Content-Type:
      - application/json
      Date:
      - Tue, 28 Feb 2023 15:55:17 GMT
      Server:
      - Scaleway API-Gateway
      Strict-Transport-Security:
      - max-age=63072000
      X-Content-Type-Options:
      - nosniff
      X-Frame-Options:
      - DENY
      X-Request-Id:
      - d3b1bd24-07f8-44b7-9ff7-bac1fa671e31
    status: 200 OK
    code: 200
    duration: ""
- request:
    body: ""
    form: {}
    headers:
      User-Agent:
      - scaleway-sdk-go/v1.0.0-beta.7+dev (go1.19; darwin; amd64) terraform-provider/develop
        terraform/terraform-tests
    url: https://api.scaleway.com/secret-manager/v1alpha1/regions/fr-par/secrets/46d465f5-efac-4597-b7c3-165f97bf272d/versions/1
    method: GET
  response:
    body: '{"created_at":"2023-02-28T15:55:12.827390Z","description":"version1","revision":1,"secret_id":"46d465f5-efac-4597-b7c3-165f97bf272d","status":"enabled","updated_at":"2023-02-28T15:55:17.178281Z"}'
    headers:
      Content-Length:
      - "200"
      Content-Security-Policy:
      - default-src 'none'; frame-ancestors 'none'
      Content-Type:
      - application/json
      Date:
      - Tue, 28 Feb 2023 15:55:17 GMT
      Server:
      - Scaleway API-Gateway
      Strict-Transport-Security:
      - max-age=63072000
      X-Content-Type-Options:
      - nosniff
      X-Frame-Options:
      - DENY
      X-Request-Id:
      - 7a060813-5f02-45b5-b4aa-417f690d9c77
    status: 200 OK
    code: 200
    duration: ""
- request:
    body: ""
    form: {}
    headers:
      User-Agent:
      - scaleway-sdk-go/v1.0.0-beta.7+dev (go1.19; darwin; amd64) terraform-provider/develop
        terraform/terraform-tests
    url: https://api.scaleway.com/secret-manager/v1alpha1/regions/fr-par/secrets/46d465f5-efac-4597-b7c3-165f97bf272d/versions/1/access
    method: GET
  response:
    body: '{"data":"bXlfc3VwZXJfc2VjcmV0","revision":1,"secret_id":"46d465f5-efac-4597-b7c3-165f97bf272d"}'
    headers:
      Content-Length:
      - "97"
      Content-Security-Policy:
      - default-src 'none'; frame-ancestors 'none'
      Content-Type:
      - application/json
      Date:
      - Tue, 28 Feb 2023 15:55:17 GMT
      Server:
      - Scaleway API-Gateway
      Strict-Transport-Security:
      - max-age=63072000
      X-Content-Type-Options:
      - nosniff
      X-Frame-Options:
      - DENY
      X-Request-Id:
      - 92cb805e-d6c6-4243-9155-aeda3c46a4b6
    status: 200 OK
    code: 200
    duration: ""
- request:
    body: ""
    form: {}
    headers:
      User-Agent:
      - scaleway-sdk-go/v1.0.0-beta.7+dev (go1.19; darwin; amd64) terraform-provider/develop
        terraform/terraform-tests
    url: https://api.scaleway.com/secret-manager/v1alpha1/regions/fr-par/secrets/46d465f5-efac-4597-b7c3-165f97bf272d/versions/1
    method: GET
  response:
    body: '{"created_at":"2023-02-28T15:55:12.827390Z","description":"version1","revision":1,"secret_id":"46d465f5-efac-4597-b7c3-165f97bf272d","status":"enabled","updated_at":"2023-02-28T15:55:17.178281Z"}'
    headers:
      Content-Length:
      - "200"
      Content-Security-Policy:
      - default-src 'none'; frame-ancestors 'none'
      Content-Type:
      - application/json
      Date:
      - Tue, 28 Feb 2023 15:55:17 GMT
      Server:
      - Scaleway API-Gateway
      Strict-Transport-Security:
      - max-age=63072000
      X-Content-Type-Options:
      - nosniff
      X-Frame-Options:
      - DENY
      X-Request-Id:
      - 97093fa0-3e7f-4e27-a6e9-6e32bd20e787
    status: 200 OK
    code: 200
    duration: ""
- request:
    body: ""
    form: {}
    headers:
      User-Agent:
      - scaleway-sdk-go/v1.0.0-beta.7+dev (go1.19; darwin; amd64) terraform-provider/develop
        terraform/terraform-tests
    url: https://api.scaleway.com/secret-manager/v1alpha1/regions/fr-par/secrets/46d465f5-efac-4597-b7c3-165f97bf272d
    method: GET
  response:
    body: '{"created_at":"2023-02-28T15:55:12.374750Z","description":"secret description","id":"46d465f5-efac-4597-b7c3-165f97bf272d","name":"secretVersionNameBasic","project_id":"105bdce1-64c0-48ab-899d-868455867ecf","region":"fr-par","status":"ready","tags":["devtools","provider","terraform"],"updated_at":"2023-02-28T15:55:12.374750Z","version_count":1}'
    headers:
      Content-Length:
      - "357"
      Content-Security-Policy:
      - default-src 'none'; frame-ancestors 'none'
      Content-Type:
      - application/json
      Date:
      - Tue, 28 Feb 2023 15:55:17 GMT
      Server:
      - Scaleway API-Gateway
      Strict-Transport-Security:
      - max-age=63072000
      X-Content-Type-Options:
      - nosniff
      X-Frame-Options:
      - DENY
      X-Request-Id:
      - a431ad18-22ca-44e9-8949-48df5dbf7969
    status: 200 OK
    code: 200
    duration: ""
- request:
    body: ""
    form: {}
    headers:
      User-Agent:
      - scaleway-sdk-go/v1.0.0-beta.7+dev (go1.19; darwin; amd64) terraform-provider/develop
        terraform/terraform-tests
    url: https://api.scaleway.com/secret-manager/v1alpha1/regions/fr-par/secrets/46d465f5-efac-4597-b7c3-165f97bf272d/versions/1
    method: GET
  response:
    body: '{"created_at":"2023-02-28T15:55:12.827390Z","description":"version1","revision":1,"secret_id":"46d465f5-efac-4597-b7c3-165f97bf272d","status":"enabled","updated_at":"2023-02-28T15:55:17.178281Z"}'
    headers:
      Content-Length:
      - "200"
      Content-Security-Policy:
      - default-src 'none'; frame-ancestors 'none'
      Content-Type:
      - application/json
      Date:
      - Tue, 28 Feb 2023 15:55:17 GMT
      Server:
      - Scaleway API-Gateway
      Strict-Transport-Security:
      - max-age=63072000
      X-Content-Type-Options:
      - nosniff
      X-Frame-Options:
      - DENY
      X-Request-Id:
      - 76fd6762-a388-4c2a-b9c1-09b1aeaafd85
    status: 200 OK
    code: 200
    duration: ""
- request:
    body: ""
    form: {}
    headers:
      User-Agent:
      - scaleway-sdk-go/v1.0.0-beta.7+dev (go1.19; darwin; amd64) terraform-provider/develop
        terraform/terraform-tests
    url: https://api.scaleway.com/secret-manager/v1alpha1/regions/fr-par/secrets/46d465f5-efac-4597-b7c3-165f97bf272d/versions/1/access
    method: GET
  response:
    body: '{"data":"bXlfc3VwZXJfc2VjcmV0","revision":1,"secret_id":"46d465f5-efac-4597-b7c3-165f97bf272d"}'
    headers:
      Content-Length:
      - "97"
      Content-Security-Policy:
      - default-src 'none'; frame-ancestors 'none'
      Content-Type:
      - application/json
      Date:
      - Tue, 28 Feb 2023 15:55:17 GMT
      Server:
      - Scaleway API-Gateway
      Strict-Transport-Security:
      - max-age=63072000
      X-Content-Type-Options:
      - nosniff
      X-Frame-Options:
      - DENY
      X-Request-Id:
      - bd664dc3-3413-4973-988c-858337c09f08
    status: 200 OK
    code: 200
    duration: ""
- request:
    body: '{}'
    form: {}
    headers:
      Content-Type:
      - application/json
      User-Agent:
      - scaleway-sdk-go/v1.0.0-beta.7+dev (go1.19; darwin; amd64) terraform-provider/develop
        terraform/terraform-tests
    url: https://api.scaleway.com/secret-manager/v1alpha1/regions/fr-par/secrets/46d465f5-efac-4597-b7c3-165f97bf272d/versions/1/destroy
    method: POST
  response:
    body: '{"created_at":"2023-02-28T15:55:12.827390Z","description":"version1","revision":1,"secret_id":"46d465f5-efac-4597-b7c3-165f97bf272d","status":"destroyed","updated_at":"2023-02-28T15:55:18.409051Z"}'
    headers:
      Content-Length:
      - "202"
      Content-Security-Policy:
      - default-src 'none'; frame-ancestors 'none'
      Content-Type:
      - application/json
      Date:
      - Tue, 28 Feb 2023 15:55:18 GMT
      Server:
      - Scaleway API-Gateway
      Strict-Transport-Security:
      - max-age=63072000
      X-Content-Type-Options:
      - nosniff
      X-Frame-Options:
      - DENY
      X-Request-Id:
      - 661934cb-c7e4-46fa-baab-5cd2f0144fd5
    status: 200 OK
    code: 200
    duration: ""
- request:
    body: ""
    form: {}
    headers:
      User-Agent:
      - scaleway-sdk-go/v1.0.0-beta.7+dev (go1.19; darwin; amd64) terraform-provider/develop
        terraform/terraform-tests
    url: https://api.scaleway.com/secret-manager/v1alpha1/regions/fr-par/secrets/46d465f5-efac-4597-b7c3-165f97bf272d
    method: DELETE
  response:
    body: ""
    headers:
      Content-Security-Policy:
      - default-src 'none'; frame-ancestors 'none'
      Content-Type:
      - application/json
      Date:
      - Tue, 28 Feb 2023 15:55:18 GMT
      Server:
      - Scaleway API-Gateway
      Strict-Transport-Security:
      - max-age=63072000
      X-Content-Type-Options:
      - nosniff
      X-Frame-Options:
      - DENY
      X-Request-Id:
      - 09522dd5-430d-4e6c-a0cf-5294ce05a44b
    status: 204 No Content
    code: 204
    duration: ""
- request:
    body: ""
    form: {}
    headers:
      User-Agent:
      - scaleway-sdk-go/v1.0.0-beta.7+dev (go1.19; darwin; amd64) terraform-provider/develop
        terraform/terraform-tests
    url: https://api.scaleway.com/secret-manager/v1alpha1/regions/fr-par/secrets/46d465f5-efac-4597-b7c3-165f97bf272d/versions/1
    method: GET
  response:
    body: '{"message":"resource is not found","resource":"secret","resource_id":"46d465f5-efac-4597-b7c3-165f97bf272d","type":"not_found"}'
    headers:
      Content-Length:
      - "127"
      Content-Security-Policy:
      - default-src 'none'; frame-ancestors 'none'
      Content-Type:
      - application/json
      Date:
      - Tue, 28 Feb 2023 15:55:18 GMT
      Server:
      - Scaleway API-Gateway
      Strict-Transport-Security:
      - max-age=63072000
      X-Content-Type-Options:
      - nosniff
      X-Frame-Options:
      - DENY
      X-Request-Id:
      - 0d4ec780-81b9-4a5f-b98f-048e13519d8d
    status: 404 Not Found
    code: 404
    duration: ""
