---
version: 1
interactions:
- request:
    body: <CreateBucketConfiguration xmlns="http://s3.amazonaws.com/doc/2006-03-01/"><LocationConstraint>fr-par</LocationConstraint></CreateBucketConfiguration>
    form: {}
    headers:
      Content-Length:
      - "150"
      User-Agent:
      - aws-sdk-go/1.44.171 (go1.19.5; darwin; amd64)
      X-Amz-Acl:
      - public-read
      X-Amz-Bucket-Object-Lock-Enabled:
      - "false"
      X-Amz-Content-Sha256:
      - 2cb57fad7b7168921a4c94426cfcb9ee2953f126430595df844e22d50f029060
      X-Amz-Date:
      - 20230125T131823Z
    url: https://tf-acc-test-6445350749621584016.s3.fr-par.scw.cloud/
    method: PUT
  response:
    body: ""
    headers:
      Content-Length:
      - "0"
      Content-Type:
      - text/html; charset=UTF-8
      Date:
      - Wed, 25 Jan 2023 13:18:25 GMT
      Location:
      - /tf-acc-test-6445350749621584016
      X-Amz-Id-2:
      - txfc74d2c3eec5441b8ccac-0063d12c1f
      X-Amz-Request-Id:
      - txfc74d2c3eec5441b8ccac-0063d12c1f
    status: 200 OK
    code: 200
    duration: ""
- request:
    body: <Tagging xmlns="http://s3.amazonaws.com/doc/2006-03-01/"><TagSet><Tag><Key>TestName</Key><Value>TestAccSCW_WebsiteConfig_basic</Value></Tag></TagSet></Tagging>
    form: {}
    headers:
      Content-Length:
      - "159"
      Content-Md5:
      - eYCKwSJBQsnx6u3/VsYcYA==
      User-Agent:
      - aws-sdk-go/1.44.171 (go1.19.5; darwin; amd64)
      X-Amz-Content-Sha256:
      - 655f2c088fa2a707af6c87509c047218af33d567c6612780a7cb0ba7d2470640
      X-Amz-Date:
      - 20230125T131825Z
    url: https://tf-acc-test-6445350749621584016.s3.fr-par.scw.cloud/?tagging=
    method: PUT
  response:
    body: ""
    headers:
      Content-Length:
      - "0"
      Content-Type:
      - text/html; charset=UTF-8
      Date:
      - Wed, 25 Jan 2023 13:18:25 GMT
      X-Amz-Id-2:
      - tx480df3c770744d59b3351-0063d12c21
      X-Amz-Request-Id:
      - tx480df3c770744d59b3351-0063d12c21
    status: 204 No Content
    code: 204
    duration: ""
- request:
    body: ""
    form: {}
    headers:
      Content-Md5:
      - 1B2M2Y8AsgTpgAmY7PhCfg==
      User-Agent:
      - aws-sdk-go/1.44.171 (go1.19.5; darwin; amd64)
      X-Amz-Acl:
      - public-read
      X-Amz-Content-Sha256:
      - e3b0c44298fc1c149afbf4c8996fb92427ae41e4649b934ca495991b7852b855
      X-Amz-Date:
      - 20230125T131825Z
    url: https://tf-acc-test-6445350749621584016.s3.fr-par.scw.cloud/?acl=
    method: PUT
  response:
    body: ""
    headers:
      Content-Length:
      - "0"
      Content-Type:
      - text/html; charset=UTF-8
      Date:
      - Wed, 25 Jan 2023 13:18:26 GMT
      X-Amz-Id-2:
      - txeef37de2c5944f78a15e8-0063d12c21
      X-Amz-Request-Id:
      - txeef37de2c5944f78a15e8-0063d12c21
    status: 200 OK
    code: 200
    duration: ""
- request:
    body: <Tagging xmlns="http://s3.amazonaws.com/doc/2006-03-01/"><TagSet><Tag><Key>TestName</Key><Value>TestAccSCW_WebsiteConfig_basic</Value></Tag></TagSet></Tagging>
    form: {}
    headers:
      Content-Length:
      - "159"
      Content-Md5:
      - eYCKwSJBQsnx6u3/VsYcYA==
      User-Agent:
      - aws-sdk-go/1.44.171 (go1.19.5; darwin; amd64)
      X-Amz-Content-Sha256:
      - 655f2c088fa2a707af6c87509c047218af33d567c6612780a7cb0ba7d2470640
      X-Amz-Date:
      - 20230125T131826Z
    url: https://tf-acc-test-6445350749621584016.s3.fr-par.scw.cloud/?tagging=
    method: PUT
  response:
    body: ""
    headers:
      Content-Length:
      - "0"
      Content-Type:
      - text/html; charset=UTF-8
      Date:
      - Wed, 25 Jan 2023 13:18:27 GMT
      X-Amz-Id-2:
      - txbae0c159350249ca88df0-0063d12c22
      X-Amz-Request-Id:
      - txbae0c159350249ca88df0-0063d12c22
    status: 204 No Content
    code: 204
    duration: ""
- request:
    body: ""
    form: {}
    headers:
      User-Agent:
      - aws-sdk-go/1.44.171 (go1.19.5; darwin; amd64)
      X-Amz-Content-Sha256:
      - e3b0c44298fc1c149afbf4c8996fb92427ae41e4649b934ca495991b7852b855
      X-Amz-Date:
      - 20230125T131827Z
    url: https://tf-acc-test-6445350749621584016.s3.fr-par.scw.cloud/?acl=
    method: GET
  response:
    body: |-
      <?xml version='1.0' encoding='UTF-8'?>
      <AccessControlPolicy xmlns="http://s3.amazonaws.com/doc/2006-03-01/"><Owner><ID>105bdce1-64c0-48ab-899d-868455867ecf:105bdce1-64c0-48ab-899d-868455867ecf</ID><DisplayName>105bdce1-64c0-48ab-899d-868455867ecf:105bdce1-64c0-48ab-899d-868455867ecf</DisplayName></Owner><AccessControlList><Grant><Grantee xmlns:xsi="http://www.w3.org/2001/XMLSchema-instance" xsi:type="Group"><URI>http://acs.amazonaws.com/groups/global/AllUsers</URI></Grantee><Permission>READ</Permission></Grant><Grant><Grantee xmlns:xsi="http://www.w3.org/2001/XMLSchema-instance" xsi:type="CanonicalUser"><ID>105bdce1-64c0-48ab-899d-868455867ecf:105bdce1-64c0-48ab-899d-868455867ecf</ID><DisplayName>105bdce1-64c0-48ab-899d-868455867ecf:105bdce1-64c0-48ab-899d-868455867ecf</DisplayName></Grantee><Permission>FULL_CONTROL</Permission></Grant></AccessControlList></AccessControlPolicy>
    headers:
      Content-Length:
      - "890"
      Content-Type:
      - text/html; charset=UTF-8
      Date:
      - Wed, 25 Jan 2023 13:18:28 GMT
      X-Amz-Id-2:
      - txb674cec71dfd4937b9575-0063d12c23
      X-Amz-Request-Id:
      - txb674cec71dfd4937b9575-0063d12c23
    status: 200 OK
    code: 200
    duration: ""
- request:
    body: ""
    form: {}
    headers:
      User-Agent:
      - aws-sdk-go/1.44.171 (go1.19.5; darwin; amd64)
      X-Amz-Content-Sha256:
      - e3b0c44298fc1c149afbf4c8996fb92427ae41e4649b934ca495991b7852b855
      X-Amz-Date:
      - 20230125T131828Z
    url: https://tf-acc-test-6445350749621584016.s3.fr-par.scw.cloud/?object-lock=
    method: GET
  response:
    body: |-
      <?xml version='1.0' encoding='UTF-8'?>
      <Error><Code>ObjectLockConfigurationNotFoundError</Code><Message>Object Lock configuration does not exist for this bucket</Message><RequestId>txd93c7eb26260431db09db-0063d12c24</RequestId></Error>
    headers:
      Content-Type:
      - application/xml
      Date:
      - Wed, 25 Jan 2023 13:18:28 GMT
      X-Amz-Id-2:
      - txd93c7eb26260431db09db-0063d12c24
      X-Amz-Request-Id:
      - txd93c7eb26260431db09db-0063d12c24
    status: 404 Not Found
    code: 404
    duration: ""
- request:
    body: ""
    form: {}
    headers:
      User-Agent:
      - aws-sdk-go/1.44.171 (go1.19.5; darwin; amd64)
      X-Amz-Content-Sha256:
      - e3b0c44298fc1c149afbf4c8996fb92427ae41e4649b934ca495991b7852b855
      X-Amz-Date:
      - 20230125T131828Z
    url: https://tf-acc-test-6445350749621584016.s3.fr-par.scw.cloud/
    method: GET
  response:
    body: |-
      <?xml version='1.0' encoding='UTF-8'?>
      <ListBucketResult xmlns="http://s3.amazonaws.com/doc/2006-03-01/"><Name>tf-acc-test-6445350749621584016</Name><Prefix/><Delimiter/><MaxKeys>1000</MaxKeys><IsTruncated>false</IsTruncated><Marker/></ListBucketResult>
    headers:
      Content-Length:
      - "253"
      Content-Type:
      - application/xml
      Date:
      - Wed, 25 Jan 2023 13:18:28 GMT
      X-Amz-Id-2:
      - tx28c9241ce4644670a358b-0063d12c24
      X-Amz-Request-Id:
      - tx28c9241ce4644670a358b-0063d12c24
    status: 200 OK
    code: 200
    duration: ""
- request:
    body: ""
    form: {}
    headers:
      User-Agent:
      - aws-sdk-go/1.44.171 (go1.19.5; darwin; amd64)
      X-Amz-Content-Sha256:
      - e3b0c44298fc1c149afbf4c8996fb92427ae41e4649b934ca495991b7852b855
      X-Amz-Date:
      - 20230125T131828Z
    url: https://tf-acc-test-6445350749621584016.s3.fr-par.scw.cloud/?tagging=
    method: GET
  response:
    body: <Tagging xmlns="http://s3.amazonaws.com/doc/2006-03-01/"><TagSet><Tag><Key>TestName</Key><Value>TestAccSCW_WebsiteConfig_basic</Value></Tag></TagSet></Tagging>
    headers:
      Content-Length:
      - "159"
      Content-Type:
      - application/xml
      Date:
      - Wed, 25 Jan 2023 13:18:28 GMT
      X-Amz-Id-2:
      - tx05cc019c74184524831ef-0063d12c24
      X-Amz-Request-Id:
      - tx05cc019c74184524831ef-0063d12c24
    status: 200 OK
    code: 200
    duration: ""
- request:
    body: ""
    form: {}
    headers:
      User-Agent:
      - aws-sdk-go/1.44.171 (go1.19.5; darwin; amd64)
      X-Amz-Content-Sha256:
      - e3b0c44298fc1c149afbf4c8996fb92427ae41e4649b934ca495991b7852b855
      X-Amz-Date:
      - 20230125T131828Z
    url: https://tf-acc-test-6445350749621584016.s3.fr-par.scw.cloud/?cors=
    method: GET
  response:
    body: |-
      <?xml version='1.0' encoding='UTF-8'?>
      <Error><Code>NoSuchCORSConfiguration</Code><Message>The CORS configuration does not exist</Message><RequestId>tx77df6760338140f28af1b-0063d12c24</RequestId></Error>
    headers:
      Content-Type:
      - application/xml
      Date:
      - Wed, 25 Jan 2023 13:18:28 GMT
      X-Amz-Id-2:
      - tx77df6760338140f28af1b-0063d12c24
      X-Amz-Request-Id:
      - tx77df6760338140f28af1b-0063d12c24
    status: 404 Not Found
    code: 404
    duration: ""
- request:
    body: ""
    form: {}
    headers:
      User-Agent:
      - aws-sdk-go/1.44.171 (go1.19.5; darwin; amd64)
      X-Amz-Content-Sha256:
      - e3b0c44298fc1c149afbf4c8996fb92427ae41e4649b934ca495991b7852b855
      X-Amz-Date:
      - 20230125T131828Z
    url: https://tf-acc-test-6445350749621584016.s3.fr-par.scw.cloud/?versioning=
    method: GET
  response:
    body: |-
      <?xml version='1.0' encoding='UTF-8'?>
      <VersioningConfiguration xmlns="http://s3.amazonaws.com/doc/2006-03-01/"/>
    headers:
      Content-Length:
      - "113"
      Content-Type:
      - text/plain
      Date:
      - Wed, 25 Jan 2023 13:18:29 GMT
      X-Amz-Id-2:
      - tx6ad12c0400c24a449cd5f-0063d12c24
      X-Amz-Request-Id:
      - tx6ad12c0400c24a449cd5f-0063d12c24
    status: 200 OK
    code: 200
    duration: ""
- request:
    body: ""
    form: {}
    headers:
      User-Agent:
      - aws-sdk-go/1.44.171 (go1.19.5; darwin; amd64)
      X-Amz-Content-Sha256:
      - e3b0c44298fc1c149afbf4c8996fb92427ae41e4649b934ca495991b7852b855
      X-Amz-Date:
      - 20230125T131829Z
    url: https://tf-acc-test-6445350749621584016.s3.fr-par.scw.cloud/?lifecycle=
    method: GET
  response:
    body: |-
      <?xml version='1.0' encoding='UTF-8'?>
      <Error><Code>NoSuchLifecycleConfiguration</Code><Message>The lifecycle configuration does not exist.</Message><RequestId>txbda8310fbf77469382e1c-0063d12c25</RequestId></Error>
    headers:
      Content-Type:
      - application/xml
      Date:
      - Wed, 25 Jan 2023 13:18:30 GMT
      X-Amz-Id-2:
      - txbda8310fbf77469382e1c-0063d12c25
      X-Amz-Request-Id:
      - txbda8310fbf77469382e1c-0063d12c25
    status: 404 Not Found
    code: 404
    duration: ""
- request:
    body: '{"Id":"MyPolicy","Statement":[{"Action":["s3:GetObject"],"Effect":"Allow","Principal":"*","Resource":["tf-acc-test-6445350749621584016/*"],"Sid":"GrantToEveryone"}],"Version":"2012-10-17"}'
    form: {}
    headers:
      Content-Length:
      - "188"
      Content-Md5:
      - z9qzyg2VzTfpXh7C2e3Gmg==
      User-Agent:
      - aws-sdk-go/1.44.171 (go1.19.5; darwin; amd64)
      X-Amz-Content-Sha256:
      - d0d70f1d4d8b94b30aa2cb391d70c9f2a05901edc7e5603967ed7cbfd7395c49
      X-Amz-Date:
      - 20230125T131830Z
    url: https://tf-acc-test-6445350749621584016.s3.fr-par.scw.cloud/?policy=
    method: PUT
  response:
    body: ""
    headers:
      Content-Length:
      - "0"
      Content-Type:
      - text/html; charset=UTF-8
      Date:
      - Wed, 25 Jan 2023 13:18:30 GMT
      X-Amz-Id-2:
      - tx3db6e6ecb698438bba4e1-0063d12c26
      X-Amz-Request-Id:
      - tx3db6e6ecb698438bba4e1-0063d12c26
    status: 204 No Content
    code: 204
    duration: ""
- request:
    body: ""
    form: {}
    headers:
      User-Agent:
      - aws-sdk-go/1.44.171 (go1.19.5; darwin; amd64)
      X-Amz-Content-Sha256:
      - e3b0c44298fc1c149afbf4c8996fb92427ae41e4649b934ca495991b7852b855
      X-Amz-Date:
      - 20230125T131830Z
    url: https://tf-acc-test-6445350749621584016.s3.fr-par.scw.cloud/?policy=
    method: GET
  response:
    body: '{"Id":"MyPolicy","Statement":[{"Action":["s3:GetObject"],"Effect":"Allow","Principal":"*","Resource":["tf-acc-test-6445350749621584016/*"],"Sid":"GrantToEveryone"}],"Version":"2012-10-17"}'
    headers:
      Content-Length:
      - "202"
      Content-Type:
      - application/json
      Date:
      - Wed, 25 Jan 2023 13:18:30 GMT
      X-Amz-Id-2:
      - tx1a43bd3bcce9497ab5e55-0063d12c26
      X-Amz-Request-Id:
      - tx1a43bd3bcce9497ab5e55-0063d12c26
    status: 200 OK
    code: 200
    duration: ""
- request:
    body: ""
    form: {}
    headers:
      User-Agent:
      - aws-sdk-go/1.44.171 (go1.19.5; darwin; amd64)
      X-Amz-Content-Sha256:
      - e3b0c44298fc1c149afbf4c8996fb92427ae41e4649b934ca495991b7852b855
      X-Amz-Date:
      - 20230125T131830Z
    url: https://tf-acc-test-6445350749621584016.s3.fr-par.scw.cloud/?acl=
    method: GET
  response:
    body: |-
      <?xml version='1.0' encoding='UTF-8'?>
      <AccessControlPolicy xmlns="http://s3.amazonaws.com/doc/2006-03-01/"><Owner><ID>105bdce1-64c0-48ab-899d-868455867ecf:105bdce1-64c0-48ab-899d-868455867ecf</ID><DisplayName>105bdce1-64c0-48ab-899d-868455867ecf:105bdce1-64c0-48ab-899d-868455867ecf</DisplayName></Owner><AccessControlList><Grant><Grantee xmlns:xsi="http://www.w3.org/2001/XMLSchema-instance" xsi:type="Group"><URI>http://acs.amazonaws.com/groups/global/AllUsers</URI></Grantee><Permission>READ</Permission></Grant><Grant><Grantee xmlns:xsi="http://www.w3.org/2001/XMLSchema-instance" xsi:type="CanonicalUser"><ID>105bdce1-64c0-48ab-899d-868455867ecf:105bdce1-64c0-48ab-899d-868455867ecf</ID><DisplayName>105bdce1-64c0-48ab-899d-868455867ecf:105bdce1-64c0-48ab-899d-868455867ecf</DisplayName></Grantee><Permission>FULL_CONTROL</Permission></Grant></AccessControlList></AccessControlPolicy>
    headers:
      Content-Length:
      - "890"
      Content-Type:
      - text/html; charset=UTF-8
      Date:
      - Wed, 25 Jan 2023 13:18:30 GMT
      X-Amz-Id-2:
      - txce21406a9581485e9c5b8-0063d12c26
      X-Amz-Request-Id:
      - txce21406a9581485e9c5b8-0063d12c26
    status: 200 OK
    code: 200
    duration: ""
- request:
    body: ""
    form: {}
    headers:
      User-Agent:
      - aws-sdk-go/1.44.171 (go1.19.5; darwin; amd64)
      X-Amz-Content-Sha256:
      - e3b0c44298fc1c149afbf4c8996fb92427ae41e4649b934ca495991b7852b855
      X-Amz-Date:
      - 20230125T131830Z
    url: https://tf-acc-test-6445350749621584016.s3.fr-par.scw.cloud/
    method: GET
  response:
    body: |-
      <?xml version='1.0' encoding='UTF-8'?>
      <ListBucketResult xmlns="http://s3.amazonaws.com/doc/2006-03-01/"><Name>tf-acc-test-6445350749621584016</Name><Prefix/><Delimiter/><MaxKeys>1000</MaxKeys><IsTruncated>false</IsTruncated><Marker/></ListBucketResult>
    headers:
      Content-Length:
      - "253"
      Content-Type:
      - application/xml
      Date:
      - Wed, 25 Jan 2023 13:18:31 GMT
      X-Amz-Id-2:
      - tx2df4174ed8ce49b7b88f9-0063d12c26
      X-Amz-Request-Id:
      - tx2df4174ed8ce49b7b88f9-0063d12c26
    status: 200 OK
    code: 200
    duration: ""
- request:
    body: <WebsiteConfiguration xmlns="http://s3.amazonaws.com/doc/2006-03-01/"><IndexDocument><Suffix>index.html</Suffix></IndexDocument></WebsiteConfiguration>
    form: {}
    headers:
      Content-Length:
      - "151"
      Content-Md5:
      - 5iAZagulKcImaa6OW88qOQ==
      User-Agent:
      - aws-sdk-go/1.44.171 (go1.19.5; darwin; amd64)
      X-Amz-Content-Sha256:
      - 740d79d00f8c04c133f6dcdbbe98cb43ad9430438a2a077981940da18bb8237f
      X-Amz-Date:
      - 20230125T131831Z
    url: https://tf-acc-test-6445350749621584016.s3.fr-par.scw.cloud/?website=
    method: PUT
  response:
    body: ""
    headers:
      Content-Length:
      - "0"
      Content-Type:
      - text/html; charset=UTF-8
      Date:
      - Wed, 25 Jan 2023 13:18:31 GMT
      X-Amz-Id-2:
      - tx4176cc7c169448daba923-0063d12c27
      X-Amz-Request-Id:
      - tx4176cc7c169448daba923-0063d12c27
    status: 204 No Content
    code: 204
    duration: ""
- request:
    body: ""
    form: {}
    headers:
      User-Agent:
      - aws-sdk-go/1.44.171 (go1.19.5; darwin; amd64)
      X-Amz-Content-Sha256:
      - e3b0c44298fc1c149afbf4c8996fb92427ae41e4649b934ca495991b7852b855
      X-Amz-Date:
      - 20230125T131831Z
    url: https://tf-acc-test-6445350749621584016.s3.fr-par.scw.cloud/
    method: GET
  response:
    body: |-
      <?xml version='1.0' encoding='UTF-8'?>
      <ListBucketResult xmlns="http://s3.amazonaws.com/doc/2006-03-01/"><Name>tf-acc-test-6445350749621584016</Name><Prefix/><Delimiter/><MaxKeys>1000</MaxKeys><IsTruncated>false</IsTruncated><Marker/></ListBucketResult>
    headers:
      Content-Length:
      - "253"
      Content-Type:
      - application/xml
      Date:
      - Wed, 25 Jan 2023 13:18:31 GMT
      X-Amz-Id-2:
      - txb29916e3d22b4095ac4a6-0063d12c27
      X-Amz-Request-Id:
      - txb29916e3d22b4095ac4a6-0063d12c27
    status: 200 OK
    code: 200
    duration: ""
- request:
    body: ""
    form: {}
    headers:
      User-Agent:
      - aws-sdk-go/1.44.171 (go1.19.5; darwin; amd64)
      X-Amz-Content-Sha256:
      - e3b0c44298fc1c149afbf4c8996fb92427ae41e4649b934ca495991b7852b855
      X-Amz-Date:
      - 20230125T131831Z
    url: https://tf-acc-test-6445350749621584016.s3.fr-par.scw.cloud/?website=
    method: GET
  response:
    body: <WebsiteConfiguration xmlns="http://s3.amazonaws.com/doc/2006-03-01/"><IndexDocument><Suffix>index.html</Suffix></IndexDocument></WebsiteConfiguration>
    headers:
      Content-Length:
      - "151"
      Content-Type:
      - application/xml
      Date:
      - Wed, 25 Jan 2023 13:18:31 GMT
      X-Amz-Id-2:
      - txb2e6654aad9c4500adf00-0063d12c27
      X-Amz-Request-Id:
      - txb2e6654aad9c4500adf00-0063d12c27
    status: 200 OK
    code: 200
    duration: ""
- request:
    body: ""
    form: {}
    headers:
      User-Agent:
      - aws-sdk-go/1.44.171 (go1.19.5; darwin; amd64)
      X-Amz-Content-Sha256:
      - e3b0c44298fc1c149afbf4c8996fb92427ae41e4649b934ca495991b7852b855
      X-Amz-Date:
      - 20230125T131831Z
    url: https://tf-acc-test-6445350749621584016.s3.fr-par.scw.cloud/?acl=
    method: GET
  response:
    body: |-
      <?xml version='1.0' encoding='UTF-8'?>
      <AccessControlPolicy xmlns="http://s3.amazonaws.com/doc/2006-03-01/"><Owner><ID>105bdce1-64c0-48ab-899d-868455867ecf:105bdce1-64c0-48ab-899d-868455867ecf</ID><DisplayName>105bdce1-64c0-48ab-899d-868455867ecf:105bdce1-64c0-48ab-899d-868455867ecf</DisplayName></Owner><AccessControlList><Grant><Grantee xmlns:xsi="http://www.w3.org/2001/XMLSchema-instance" xsi:type="Group"><URI>http://acs.amazonaws.com/groups/global/AllUsers</URI></Grantee><Permission>READ</Permission></Grant><Grant><Grantee xmlns:xsi="http://www.w3.org/2001/XMLSchema-instance" xsi:type="CanonicalUser"><ID>105bdce1-64c0-48ab-899d-868455867ecf:105bdce1-64c0-48ab-899d-868455867ecf</ID><DisplayName>105bdce1-64c0-48ab-899d-868455867ecf:105bdce1-64c0-48ab-899d-868455867ecf</DisplayName></Grantee><Permission>FULL_CONTROL</Permission></Grant></AccessControlList></AccessControlPolicy>
    headers:
      Content-Length:
      - "890"
      Content-Type:
      - text/html; charset=UTF-8
      Date:
      - Wed, 25 Jan 2023 13:18:31 GMT
      X-Amz-Id-2:
      - tx902e72dff236499581b09-0063d12c27
      X-Amz-Request-Id:
      - tx902e72dff236499581b09-0063d12c27
    status: 200 OK
    code: 200
    duration: ""
- request:
    body: ""
    form: {}
    headers:
      User-Agent:
      - aws-sdk-go/1.44.171 (go1.19.5; darwin; amd64)
      X-Amz-Content-Sha256:
      - e3b0c44298fc1c149afbf4c8996fb92427ae41e4649b934ca495991b7852b855
      X-Amz-Date:
      - 20230125T131832Z
    url: https://tf-acc-test-6445350749621584016.s3.fr-par.scw.cloud/?website=
    method: GET
  response:
    body: <WebsiteConfiguration xmlns="http://s3.amazonaws.com/doc/2006-03-01/"><IndexDocument><Suffix>index.html</Suffix></IndexDocument></WebsiteConfiguration>
    headers:
      Content-Length:
      - "151"
      Content-Type:
      - application/xml
      Date:
      - Wed, 25 Jan 2023 13:18:32 GMT
      X-Amz-Id-2:
      - tx6c5685db3e074d9296d4c-0063d12c28
      X-Amz-Request-Id:
      - tx6c5685db3e074d9296d4c-0063d12c28
    status: 200 OK
    code: 200
    duration: ""
- request:
    body: ""
    form: {}
    headers:
      User-Agent:
      - aws-sdk-go/1.44.171 (go1.19.5; darwin; amd64)
      X-Amz-Content-Sha256:
      - e3b0c44298fc1c149afbf4c8996fb92427ae41e4649b934ca495991b7852b855
      X-Amz-Date:
      - 20230125T131832Z
    url: https://tf-acc-test-6445350749621584016.s3.fr-par.scw.cloud/?acl=
    method: GET
  response:
    body: |-
      <?xml version='1.0' encoding='UTF-8'?>
      <AccessControlPolicy xmlns="http://s3.amazonaws.com/doc/2006-03-01/"><Owner><ID>105bdce1-64c0-48ab-899d-868455867ecf:105bdce1-64c0-48ab-899d-868455867ecf</ID><DisplayName>105bdce1-64c0-48ab-899d-868455867ecf:105bdce1-64c0-48ab-899d-868455867ecf</DisplayName></Owner><AccessControlList><Grant><Grantee xmlns:xsi="http://www.w3.org/2001/XMLSchema-instance" xsi:type="Group"><URI>http://acs.amazonaws.com/groups/global/AllUsers</URI></Grantee><Permission>READ</Permission></Grant><Grant><Grantee xmlns:xsi="http://www.w3.org/2001/XMLSchema-instance" xsi:type="CanonicalUser"><ID>105bdce1-64c0-48ab-899d-868455867ecf:105bdce1-64c0-48ab-899d-868455867ecf</ID><DisplayName>105bdce1-64c0-48ab-899d-868455867ecf:105bdce1-64c0-48ab-899d-868455867ecf</DisplayName></Grantee><Permission>FULL_CONTROL</Permission></Grant></AccessControlList></AccessControlPolicy>
    headers:
      Content-Length:
      - "890"
      Content-Type:
      - text/html; charset=UTF-8
      Date:
      - Wed, 25 Jan 2023 13:18:32 GMT
      X-Amz-Id-2:
      - txe13acb515a6242e1a3e22-0063d12c28
      X-Amz-Request-Id:
      - txe13acb515a6242e1a3e22-0063d12c28
    status: 200 OK
    code: 200
    duration: ""
- request:
    body: ""
    form: {}
    headers:
      User-Agent:
      - aws-sdk-go/1.44.171 (go1.19.5; darwin; amd64)
      X-Amz-Content-Sha256:
      - e3b0c44298fc1c149afbf4c8996fb92427ae41e4649b934ca495991b7852b855
      X-Amz-Date:
      - 20230125T131832Z
    url: https://tf-acc-test-6445350749621584016.s3.fr-par.scw.cloud/?object-lock=
    method: GET
  response:
    body: |-
      <?xml version='1.0' encoding='UTF-8'?>
      <Error><Code>ObjectLockConfigurationNotFoundError</Code><Message>Object Lock configuration does not exist for this bucket</Message><RequestId>txda21a53cf7c64045a27bc-0063d12c28</RequestId></Error>
    headers:
      Content-Type:
      - application/xml
      Date:
      - Wed, 25 Jan 2023 13:18:33 GMT
      X-Amz-Id-2:
      - txda21a53cf7c64045a27bc-0063d12c28
      X-Amz-Request-Id:
      - txda21a53cf7c64045a27bc-0063d12c28
    status: 404 Not Found
    code: 404
    duration: ""
- request:
    body: ""
    form: {}
    headers:
      User-Agent:
      - aws-sdk-go/1.44.171 (go1.19.5; darwin; amd64)
      X-Amz-Content-Sha256:
      - e3b0c44298fc1c149afbf4c8996fb92427ae41e4649b934ca495991b7852b855
      X-Amz-Date:
      - 20230125T131833Z
    url: https://tf-acc-test-6445350749621584016.s3.fr-par.scw.cloud/
    method: GET
  response:
    body: |-
      <?xml version='1.0' encoding='UTF-8'?>
      <ListBucketResult xmlns="http://s3.amazonaws.com/doc/2006-03-01/"><Name>tf-acc-test-6445350749621584016</Name><Prefix/><Delimiter/><MaxKeys>1000</MaxKeys><IsTruncated>false</IsTruncated><Marker/></ListBucketResult>
    headers:
      Content-Length:
      - "253"
      Content-Type:
      - application/xml
      Date:
      - Wed, 25 Jan 2023 13:18:35 GMT
      X-Amz-Id-2:
      - txd62eeca699504a008e8ff-0063d12c29
      X-Amz-Request-Id:
      - txd62eeca699504a008e8ff-0063d12c29
    status: 200 OK
    code: 200
    duration: ""
- request:
    body: ""
    form: {}
    headers:
      User-Agent:
      - aws-sdk-go/1.44.171 (go1.19.5; darwin; amd64)
      X-Amz-Content-Sha256:
      - e3b0c44298fc1c149afbf4c8996fb92427ae41e4649b934ca495991b7852b855
      X-Amz-Date:
      - 20230125T131835Z
    url: https://tf-acc-test-6445350749621584016.s3.fr-par.scw.cloud/?tagging=
    method: GET
  response:
    body: <Tagging xmlns="http://s3.amazonaws.com/doc/2006-03-01/"><TagSet><Tag><Key>TestName</Key><Value>TestAccSCW_WebsiteConfig_basic</Value></Tag></TagSet></Tagging>
    headers:
      Content-Length:
      - "159"
      Content-Type:
      - application/xml
      Date:
      - Wed, 25 Jan 2023 13:18:35 GMT
      X-Amz-Id-2:
      - txeccfaafb980e4755a68bc-0063d12c2b
      X-Amz-Request-Id:
      - txeccfaafb980e4755a68bc-0063d12c2b
    status: 200 OK
    code: 200
    duration: ""
- request:
    body: ""
    form: {}
    headers:
      User-Agent:
      - aws-sdk-go/1.44.171 (go1.19.5; darwin; amd64)
      X-Amz-Content-Sha256:
      - e3b0c44298fc1c149afbf4c8996fb92427ae41e4649b934ca495991b7852b855
      X-Amz-Date:
      - 20230125T131835Z
    url: https://tf-acc-test-6445350749621584016.s3.fr-par.scw.cloud/?cors=
    method: GET
  response:
    body: |-
      <?xml version='1.0' encoding='UTF-8'?>
      <Error><Code>NoSuchCORSConfiguration</Code><Message>The CORS configuration does not exist</Message><RequestId>tx29d2731a36e04632966de-0063d12c2b</RequestId></Error>
    headers:
      Content-Type:
      - application/xml
      Date:
      - Wed, 25 Jan 2023 13:18:35 GMT
      X-Amz-Id-2:
      - tx29d2731a36e04632966de-0063d12c2b
      X-Amz-Request-Id:
      - tx29d2731a36e04632966de-0063d12c2b
    status: 404 Not Found
    code: 404
    duration: ""
- request:
    body: ""
    form: {}
    headers:
      User-Agent:
      - aws-sdk-go/1.44.171 (go1.19.5; darwin; amd64)
      X-Amz-Content-Sha256:
      - e3b0c44298fc1c149afbf4c8996fb92427ae41e4649b934ca495991b7852b855
      X-Amz-Date:
      - 20230125T131835Z
    url: https://tf-acc-test-6445350749621584016.s3.fr-par.scw.cloud/?versioning=
    method: GET
  response:
    body: |-
      <?xml version='1.0' encoding='UTF-8'?>
      <VersioningConfiguration xmlns="http://s3.amazonaws.com/doc/2006-03-01/"/>
    headers:
      Content-Length:
      - "113"
      Content-Type:
      - text/plain
      Date:
      - Wed, 25 Jan 2023 13:18:37 GMT
      X-Amz-Id-2:
      - txe37eca6bd9ec48c8bc731-0063d12c2b
      X-Amz-Request-Id:
      - txe37eca6bd9ec48c8bc731-0063d12c2b
    status: 200 OK
    code: 200
    duration: ""
- request:
    body: ""
    form: {}
    headers:
      User-Agent:
      - aws-sdk-go/1.44.171 (go1.19.5; darwin; amd64)
      X-Amz-Content-Sha256:
      - e3b0c44298fc1c149afbf4c8996fb92427ae41e4649b934ca495991b7852b855
      X-Amz-Date:
      - 20230125T131837Z
    url: https://tf-acc-test-6445350749621584016.s3.fr-par.scw.cloud/?lifecycle=
    method: GET
  response:
    body: |-
      <?xml version='1.0' encoding='UTF-8'?>
      <Error><Code>NoSuchLifecycleConfiguration</Code><Message>The lifecycle configuration does not exist.</Message><RequestId>tx27dcc05f65654383b9981-0063d12c2d</RequestId></Error>
    headers:
      Content-Type:
      - application/xml
      Date:
      - Wed, 25 Jan 2023 13:18:37 GMT
      X-Amz-Id-2:
      - tx27dcc05f65654383b9981-0063d12c2d
      X-Amz-Request-Id:
      - tx27dcc05f65654383b9981-0063d12c2d
    status: 404 Not Found
    code: 404
    duration: ""
- request:
    body: ""
    form: {}
    headers:
      User-Agent:
      - aws-sdk-go/1.44.171 (go1.19.5; darwin; amd64)
      X-Amz-Content-Sha256:
      - e3b0c44298fc1c149afbf4c8996fb92427ae41e4649b934ca495991b7852b855
      X-Amz-Date:
      - 20230125T131837Z
    url: https://tf-acc-test-6445350749621584016.s3.fr-par.scw.cloud/
    method: GET
  response:
    body: |-
      <?xml version='1.0' encoding='UTF-8'?>
      <ListBucketResult xmlns="http://s3.amazonaws.com/doc/2006-03-01/"><Name>tf-acc-test-6445350749621584016</Name><Prefix/><Delimiter/><MaxKeys>1000</MaxKeys><IsTruncated>false</IsTruncated><Marker/></ListBucketResult>
    headers:
      Content-Length:
      - "253"
      Content-Type:
      - application/xml
      Date:
      - Wed, 25 Jan 2023 13:18:37 GMT
      X-Amz-Id-2:
      - txd3ce3f31179f44289c3f6-0063d12c2d
      X-Amz-Request-Id:
      - txd3ce3f31179f44289c3f6-0063d12c2d
    status: 200 OK
    code: 200
    duration: ""
- request:
    body: ""
    form: {}
    headers:
      User-Agent:
      - aws-sdk-go/1.44.171 (go1.19.5; darwin; amd64)
      X-Amz-Content-Sha256:
      - e3b0c44298fc1c149afbf4c8996fb92427ae41e4649b934ca495991b7852b855
      X-Amz-Date:
      - 20230125T131837Z
    url: https://tf-acc-test-6445350749621584016.s3.fr-par.scw.cloud/?policy=
    method: GET
  response:
    body: '{"Id":"MyPolicy","Statement":[{"Action":["s3:GetObject"],"Effect":"Allow","Principal":"*","Resource":["tf-acc-test-6445350749621584016/*"],"Sid":"GrantToEveryone"}],"Version":"2012-10-17"}'
    headers:
      Content-Length:
      - "202"
      Content-Type:
      - application/json
      Date:
      - Wed, 25 Jan 2023 13:18:38 GMT
      X-Amz-Id-2:
      - tx75d364fcbd194b5c88505-0063d12c2d
      X-Amz-Request-Id:
      - tx75d364fcbd194b5c88505-0063d12c2d
    status: 200 OK
    code: 200
    duration: ""
- request:
    body: ""
    form: {}
    headers:
      User-Agent:
      - aws-sdk-go/1.44.171 (go1.19.5; darwin; amd64)
      X-Amz-Content-Sha256:
      - e3b0c44298fc1c149afbf4c8996fb92427ae41e4649b934ca495991b7852b855
      X-Amz-Date:
      - 20230125T131838Z
    url: https://tf-acc-test-6445350749621584016.s3.fr-par.scw.cloud/?acl=
    method: GET
  response:
    body: |-
      <?xml version='1.0' encoding='UTF-8'?>
      <AccessControlPolicy xmlns="http://s3.amazonaws.com/doc/2006-03-01/"><Owner><ID>105bdce1-64c0-48ab-899d-868455867ecf:105bdce1-64c0-48ab-899d-868455867ecf</ID><DisplayName>105bdce1-64c0-48ab-899d-868455867ecf:105bdce1-64c0-48ab-899d-868455867ecf</DisplayName></Owner><AccessControlList><Grant><Grantee xmlns:xsi="http://www.w3.org/2001/XMLSchema-instance" xsi:type="Group"><URI>http://acs.amazonaws.com/groups/global/AllUsers</URI></Grantee><Permission>READ</Permission></Grant><Grant><Grantee xmlns:xsi="http://www.w3.org/2001/XMLSchema-instance" xsi:type="CanonicalUser"><ID>105bdce1-64c0-48ab-899d-868455867ecf:105bdce1-64c0-48ab-899d-868455867ecf</ID><DisplayName>105bdce1-64c0-48ab-899d-868455867ecf:105bdce1-64c0-48ab-899d-868455867ecf</DisplayName></Grantee><Permission>FULL_CONTROL</Permission></Grant></AccessControlList></AccessControlPolicy>
    headers:
      Content-Length:
      - "890"
      Content-Type:
      - text/html; charset=UTF-8
      Date:
      - Wed, 25 Jan 2023 13:18:38 GMT
      X-Amz-Id-2:
      - tx9bd3ae4b2ec743b4a15ca-0063d12c2e
      X-Amz-Request-Id:
      - tx9bd3ae4b2ec743b4a15ca-0063d12c2e
    status: 200 OK
    code: 200
    duration: ""
- request:
    body: ""
    form: {}
    headers:
      User-Agent:
      - aws-sdk-go/1.44.171 (go1.19.5; darwin; amd64)
      X-Amz-Content-Sha256:
      - e3b0c44298fc1c149afbf4c8996fb92427ae41e4649b934ca495991b7852b855
      X-Amz-Date:
      - 20230125T131837Z
    url: https://tf-acc-test-6445350749621584016.s3.fr-par.scw.cloud/?website=
    method: GET
  response:
    body: <WebsiteConfiguration xmlns="http://s3.amazonaws.com/doc/2006-03-01/"><IndexDocument><Suffix>index.html</Suffix></IndexDocument></WebsiteConfiguration>
    headers:
      Content-Length:
      - "151"
      Content-Type:
      - application/xml
      Date:
      - Wed, 25 Jan 2023 13:18:38 GMT
      X-Amz-Id-2:
      - tx8757563c5fd84c9a84189-0063d12c2d
      X-Amz-Request-Id:
      - tx8757563c5fd84c9a84189-0063d12c2d
    status: 200 OK
    code: 200
    duration: ""
- request:
    body: ""
    form: {}
    headers:
      User-Agent:
      - aws-sdk-go/1.44.171 (go1.19.5; darwin; amd64)
      X-Amz-Content-Sha256:
      - e3b0c44298fc1c149afbf4c8996fb92427ae41e4649b934ca495991b7852b855
      X-Amz-Date:
      - 20230125T131838Z
    url: https://tf-acc-test-6445350749621584016.s3.fr-par.scw.cloud/?acl=
    method: GET
  response:
    body: |-
      <?xml version='1.0' encoding='UTF-8'?>
      <AccessControlPolicy xmlns="http://s3.amazonaws.com/doc/2006-03-01/"><Owner><ID>105bdce1-64c0-48ab-899d-868455867ecf:105bdce1-64c0-48ab-899d-868455867ecf</ID><DisplayName>105bdce1-64c0-48ab-899d-868455867ecf:105bdce1-64c0-48ab-899d-868455867ecf</DisplayName></Owner><AccessControlList><Grant><Grantee xmlns:xsi="http://www.w3.org/2001/XMLSchema-instance" xsi:type="Group"><URI>http://acs.amazonaws.com/groups/global/AllUsers</URI></Grantee><Permission>READ</Permission></Grant><Grant><Grantee xmlns:xsi="http://www.w3.org/2001/XMLSchema-instance" xsi:type="CanonicalUser"><ID>105bdce1-64c0-48ab-899d-868455867ecf:105bdce1-64c0-48ab-899d-868455867ecf</ID><DisplayName>105bdce1-64c0-48ab-899d-868455867ecf:105bdce1-64c0-48ab-899d-868455867ecf</DisplayName></Grantee><Permission>FULL_CONTROL</Permission></Grant></AccessControlList></AccessControlPolicy>
    headers:
      Content-Length:
      - "890"
      Content-Type:
      - text/html; charset=UTF-8
      Date:
      - Wed, 25 Jan 2023 13:18:38 GMT
      X-Amz-Id-2:
      - txaf0438f803b3487fb4d8b-0063d12c2e
      X-Amz-Request-Id:
      - txaf0438f803b3487fb4d8b-0063d12c2e
    status: 200 OK
    code: 200
    duration: ""
- request:
    body: ""
    form: {}
    headers:
      User-Agent:
      - aws-sdk-go/1.44.171 (go1.19.5; darwin; amd64)
      X-Amz-Content-Sha256:
      - e3b0c44298fc1c149afbf4c8996fb92427ae41e4649b934ca495991b7852b855
      X-Amz-Date:
      - 20230125T131839Z
    url: https://tf-acc-test-6445350749621584016.s3.fr-par.scw.cloud/
    method: GET
  response:
    body: |-
      <?xml version='1.0' encoding='UTF-8'?>
      <ListBucketResult xmlns="http://s3.amazonaws.com/doc/2006-03-01/"><Name>tf-acc-test-6445350749621584016</Name><Prefix/><Delimiter/><MaxKeys>1000</MaxKeys><IsTruncated>false</IsTruncated><Marker/></ListBucketResult>
    headers:
      Content-Length:
      - "253"
      Content-Type:
      - application/xml
      Date:
      - Wed, 25 Jan 2023 13:18:39 GMT
      X-Amz-Id-2:
      - txb6d007d9504c4eef99b03-0063d12c2f
      X-Amz-Request-Id:
      - txb6d007d9504c4eef99b03-0063d12c2f
    status: 200 OK
    code: 200
    duration: ""
- request:
    body: ""
    form: {}
    headers:
      User-Agent:
      - aws-sdk-go/1.44.171 (go1.19.5; darwin; amd64)
      X-Amz-Content-Sha256:
      - e3b0c44298fc1c149afbf4c8996fb92427ae41e4649b934ca495991b7852b855
      X-Amz-Date:
      - 20230125T131839Z
    url: https://tf-acc-test-6445350749621584016.s3.fr-par.scw.cloud/?website=
    method: GET
  response:
    body: <WebsiteConfiguration xmlns="http://s3.amazonaws.com/doc/2006-03-01/"><IndexDocument><Suffix>index.html</Suffix></IndexDocument></WebsiteConfiguration>
    headers:
      Content-Length:
      - "151"
      Content-Type:
      - application/xml
      Date:
      - Wed, 25 Jan 2023 13:18:40 GMT
      X-Amz-Id-2:
      - tx383a86ecfe674172b40ef-0063d12c2f
      X-Amz-Request-Id:
      - tx383a86ecfe674172b40ef-0063d12c2f
    status: 200 OK
    code: 200
    duration: ""
- request:
    body: ""
    form: {}
    headers:
      User-Agent:
      - aws-sdk-go/1.44.171 (go1.19.5; darwin; amd64)
      X-Amz-Content-Sha256:
      - e3b0c44298fc1c149afbf4c8996fb92427ae41e4649b934ca495991b7852b855
      X-Amz-Date:
      - 20230125T131839Z
    url: https://tf-acc-test-6445350749621584016.s3.fr-par.scw.cloud/?acl=
    method: GET
  response:
    body: |-
      <?xml version='1.0' encoding='UTF-8'?>
      <AccessControlPolicy xmlns="http://s3.amazonaws.com/doc/2006-03-01/"><Owner><ID>105bdce1-64c0-48ab-899d-868455867ecf:105bdce1-64c0-48ab-899d-868455867ecf</ID><DisplayName>105bdce1-64c0-48ab-899d-868455867ecf:105bdce1-64c0-48ab-899d-868455867ecf</DisplayName></Owner><AccessControlList><Grant><Grantee xmlns:xsi="http://www.w3.org/2001/XMLSchema-instance" xsi:type="Group"><URI>http://acs.amazonaws.com/groups/global/AllUsers</URI></Grantee><Permission>READ</Permission></Grant><Grant><Grantee xmlns:xsi="http://www.w3.org/2001/XMLSchema-instance" xsi:type="CanonicalUser"><ID>105bdce1-64c0-48ab-899d-868455867ecf:105bdce1-64c0-48ab-899d-868455867ecf</ID><DisplayName>105bdce1-64c0-48ab-899d-868455867ecf:105bdce1-64c0-48ab-899d-868455867ecf</DisplayName></Grantee><Permission>FULL_CONTROL</Permission></Grant></AccessControlList></AccessControlPolicy>
    headers:
      Content-Length:
      - "890"
      Content-Type:
      - text/html; charset=UTF-8
      Date:
      - Wed, 25 Jan 2023 13:18:40 GMT
      X-Amz-Id-2:
      - tx787c9b843a3a44e58a39d-0063d12c30
      X-Amz-Request-Id:
      - tx787c9b843a3a44e58a39d-0063d12c30
    status: 200 OK
    code: 200
    duration: ""
- request:
    body: ""
    form: {}
    headers:
      User-Agent:
      - aws-sdk-go/1.44.171 (go1.19.5; darwin; amd64)
      X-Amz-Content-Sha256:
      - e3b0c44298fc1c149afbf4c8996fb92427ae41e4649b934ca495991b7852b855
      X-Amz-Date:
      - 20230125T131840Z
    url: https://tf-acc-test-6445350749621584016.s3.fr-par.scw.cloud/?policy=
    method: DELETE
  response:
    body: ""
    headers:
      Content-Length:
      - "0"
      Content-Type:
      - text/html; charset=UTF-8
      Date:
      - Wed, 25 Jan 2023 13:18:40 GMT
      X-Amz-Id-2:
      - tx44b7522d6ec2495a85386-0063d12c30
      X-Amz-Request-Id:
      - tx44b7522d6ec2495a85386-0063d12c30
    status: 204 No Content
    code: 204
    duration: ""
- request:
    body: ""
    form: {}
    headers:
      User-Agent:
      - aws-sdk-go/1.44.171 (go1.19.5; darwin; amd64)
      X-Amz-Content-Sha256:
      - e3b0c44298fc1c149afbf4c8996fb92427ae41e4649b934ca495991b7852b855
      X-Amz-Date:
      - 20230125T131840Z
    url: https://tf-acc-test-6445350749621584016.s3.fr-par.scw.cloud/?website=
    method: DELETE
  response:
    body: ""
    headers:
      Content-Length:
      - "0"
      Content-Type:
      - text/html; charset=UTF-8
      Date:
      - Wed, 25 Jan 2023 13:18:42 GMT
      X-Amz-Id-2:
      - txf99ab30c59ab40438e765-0063d12c30
      X-Amz-Request-Id:
      - txf99ab30c59ab40438e765-0063d12c30
    status: 204 No Content
    code: 204
    duration: ""
- request:
    body: ""
    form: {}
    headers:
      User-Agent:
      - aws-sdk-go/1.44.171 (go1.19.5; darwin; amd64)
      X-Amz-Content-Sha256:
      - e3b0c44298fc1c149afbf4c8996fb92427ae41e4649b934ca495991b7852b855
      X-Amz-Date:
      - 20230125T131842Z
    url: https://tf-acc-test-6445350749621584016.s3.fr-par.scw.cloud/
    method: DELETE
  response:
    body: ""
    headers:
      Content-Length:
      - "0"
      Content-Type:
      - text/html; charset=UTF-8
      Date:
      - Wed, 25 Jan 2023 13:18:46 GMT
      X-Amz-Id-2:
      - tx71776029bc6d4a958497d-0063d12c32
      X-Amz-Request-Id:
      - tx71776029bc6d4a958497d-0063d12c32
    status: 204 No Content
    code: 204
    duration: ""
- request:
    body: ""
    form: {}
    headers:
      User-Agent:
      - aws-sdk-go/1.44.171 (go1.19.5; darwin; amd64)
      X-Amz-Content-Sha256:
      - e3b0c44298fc1c149afbf4c8996fb92427ae41e4649b934ca495991b7852b855
      X-Amz-Date:
      - 20230125T131846Z
    url: https://tf-acc-test-6445350749621584016.s3.fr-par.scw.cloud/?website=
    method: GET
  response:
    body: |-
      <?xml version='1.0' encoding='UTF-8'?>
      <Error><Code>NoSuchBucket</Code><Message>The specified bucket does not exist.</Message><RequestId>tx3a6578aa91f0435a9b3d4-0063d12c36</RequestId><BucketName>tf-acc-test-6445350749621584016</BucketName></Error>
    headers:
      Content-Type:
      - application/xml
      Date:
      - Wed, 25 Jan 2023 13:18:46 GMT
      X-Amz-Id-2:
      - tx3a6578aa91f0435a9b3d4-0063d12c36
      X-Amz-Request-Id:
      - tx3a6578aa91f0435a9b3d4-0063d12c36
    status: 404 Not Found
    code: 404
    duration: ""
