---
version: 1
interactions:
- request:
    body: <CreateBucketConfiguration xmlns="http://s3.amazonaws.com/doc/2006-03-01/"><LocationConstraint>fr-par</LocationConstraint></CreateBucketConfiguration>
    form: {}
    headers:
      Content-Length:
      - "150"
      User-Agent:
      - aws-sdk-go/1.44.128 (go1.19.2; darwin; amd64)
      X-Amz-Acl:
      - private
      X-Amz-Bucket-Object-Lock-Enabled:
      - "true"
      X-Amz-Content-Sha256:
      - 2cb57fad7b7168921a4c94426cfcb9ee2953f126430595df844e22d50f029060
      X-Amz-Date:
      - 20221110T144536Z
    url: https://tf-acc-test-2242375812185309055.s3.fr-par.scw.cloud/
    method: PUT
  response:
    body: ""
    headers:
      Content-Length:
      - "0"
      Content-Type:
      - text/html; charset=UTF-8
      Date:
      - Thu, 10 Nov 2022 14:45:44 GMT
      Location:
      - /tf-acc-test-2242375812185309055
      X-Amz-Id-2:
      - tx7b945bb361d847eeb11ff-00636d0e90
      X-Amz-Request-Id:
      - tx7b945bb361d847eeb11ff-00636d0e90
    status: 200 OK
    code: 200
    duration: ""
- request:
    body: <Tagging xmlns="http://s3.amazonaws.com/doc/2006-03-01/"><TagSet><Tag><Key>TestName</Key><Value>TestAccSCW_LockConfig_basic</Value></Tag></TagSet></Tagging>
    form: {}
    headers:
      Content-Length:
      - "156"
      Content-Md5:
      - +gMFoXyGleOK1EpeSLmRTQ==
      User-Agent:
      - aws-sdk-go/1.44.128 (go1.19.2; darwin; amd64)
      X-Amz-Content-Sha256:
      - f5ed5200aff5fcef1903877105b5659d22533c1651536f379942995260f380b4
      X-Amz-Date:
      - 20221110T144544Z
    url: https://tf-acc-test-2242375812185309055.s3.fr-par.scw.cloud/?tagging=
    method: PUT
  response:
    body: ""
    headers:
      Content-Length:
      - "0"
      Content-Type:
      - text/html; charset=UTF-8
      Date:
      - Thu, 10 Nov 2022 14:45:44 GMT
      X-Amz-Id-2:
      - tx20b9eacbdae84ade8e900-00636d0e98
      X-Amz-Request-Id:
      - tx20b9eacbdae84ade8e900-00636d0e98
    status: 204 No Content
    code: 204
    duration: ""
- request:
    body: ""
    form: {}
    headers:
      Content-Md5:
      - 1B2M2Y8AsgTpgAmY7PhCfg==
      User-Agent:
      - aws-sdk-go/1.44.128 (go1.19.2; darwin; amd64)
      X-Amz-Acl:
      - private
      X-Amz-Content-Sha256:
      - e3b0c44298fc1c149afbf4c8996fb92427ae41e4649b934ca495991b7852b855
      X-Amz-Date:
      - 20221110T144544Z
    url: https://tf-acc-test-2242375812185309055.s3.fr-par.scw.cloud/?acl=
    method: PUT
  response:
    body: ""
    headers:
      Content-Length:
      - "0"
      Content-Type:
      - text/html; charset=UTF-8
      Date:
      - Thu, 10 Nov 2022 14:45:44 GMT
      X-Amz-Id-2:
      - txd7252f442fca4f64a6797-00636d0e98
      X-Amz-Request-Id:
      - txd7252f442fca4f64a6797-00636d0e98
    status: 200 OK
    code: 200
    duration: ""
- request:
    body: <Tagging xmlns="http://s3.amazonaws.com/doc/2006-03-01/"><TagSet><Tag><Key>TestName</Key><Value>TestAccSCW_LockConfig_basic</Value></Tag></TagSet></Tagging>
    form: {}
    headers:
      Content-Length:
      - "156"
      Content-Md5:
      - +gMFoXyGleOK1EpeSLmRTQ==
      User-Agent:
      - aws-sdk-go/1.44.128 (go1.19.2; darwin; amd64)
      X-Amz-Content-Sha256:
      - f5ed5200aff5fcef1903877105b5659d22533c1651536f379942995260f380b4
      X-Amz-Date:
      - 20221110T144544Z
    url: https://tf-acc-test-2242375812185309055.s3.fr-par.scw.cloud/?tagging=
    method: PUT
  response:
    body: ""
    headers:
      Content-Length:
      - "0"
      Content-Type:
      - text/html; charset=UTF-8
      Date:
      - Thu, 10 Nov 2022 14:45:44 GMT
      X-Amz-Id-2:
      - tx664f175df39143aea1951-00636d0e98
      X-Amz-Request-Id:
      - tx664f175df39143aea1951-00636d0e98
    status: 204 No Content
    code: 204
    duration: ""
- request:
    body: ""
    form: {}
    headers:
      User-Agent:
      - aws-sdk-go/1.44.128 (go1.19.2; darwin; amd64)
      X-Amz-Content-Sha256:
      - e3b0c44298fc1c149afbf4c8996fb92427ae41e4649b934ca495991b7852b855
      X-Amz-Date:
      - 20221110T144544Z
    url: https://tf-acc-test-2242375812185309055.s3.fr-par.scw.cloud/?object-lock=
    method: GET
  response:
    body: |-
      <?xml version='1.0' encoding='UTF-8'?>
      <ObjectLockConfiguration xmlns="http://s3.amazonaws.com/doc/2006-03-01/"><ObjectLockEnabled>Enabled</ObjectLockEnabled></ObjectLockConfiguration>
    headers:
      Content-Length:
      - "184"
      Content-Type:
      - application/xml
      Date:
      - Thu, 10 Nov 2022 14:45:45 GMT
      X-Amz-Id-2:
      - txd2067551b5434bc5849c2-00636d0e98
      X-Amz-Request-Id:
      - txd2067551b5434bc5849c2-00636d0e98
    status: 200 OK
    code: 200
    duration: ""
- request:
    body: ""
    form: {}
    headers:
      User-Agent:
      - aws-sdk-go/1.44.128 (go1.19.2; darwin; amd64)
      X-Amz-Content-Sha256:
      - e3b0c44298fc1c149afbf4c8996fb92427ae41e4649b934ca495991b7852b855
      X-Amz-Date:
      - 20221110T144545Z
    url: https://tf-acc-test-2242375812185309055.s3.fr-par.scw.cloud/
    method: GET
  response:
    body: |-
      <?xml version='1.0' encoding='UTF-8'?>
      <ListBucketResult xmlns="http://s3.amazonaws.com/doc/2006-03-01/"><Name>tf-acc-test-2242375812185309055</Name><Prefix/><Delimiter/><MaxKeys>1000</MaxKeys><IsTruncated>false</IsTruncated><Marker/></ListBucketResult>
    headers:
      Content-Length:
      - "253"
      Content-Type:
      - application/xml
      Date:
      - Thu, 10 Nov 2022 14:45:45 GMT
      X-Amz-Id-2:
      - txf77b3b186f294fd785bf4-00636d0e99
      X-Amz-Request-Id:
      - txf77b3b186f294fd785bf4-00636d0e99
    status: 200 OK
    code: 200
    duration: ""
- request:
    body: ""
    form: {}
    headers:
      User-Agent:
      - aws-sdk-go/1.44.128 (go1.19.2; darwin; amd64)
      X-Amz-Content-Sha256:
      - e3b0c44298fc1c149afbf4c8996fb92427ae41e4649b934ca495991b7852b855
      X-Amz-Date:
      - 20221110T144545Z
    url: https://tf-acc-test-2242375812185309055.s3.fr-par.scw.cloud/?tagging=
    method: GET
  response:
    body: <Tagging xmlns="http://s3.amazonaws.com/doc/2006-03-01/"><TagSet><Tag><Key>TestName</Key><Value>TestAccSCW_LockConfig_basic</Value></Tag></TagSet></Tagging>
    headers:
      Content-Length:
      - "156"
      Content-Type:
      - application/xml
      Date:
      - Thu, 10 Nov 2022 14:45:46 GMT
      X-Amz-Id-2:
      - tx6ac0cf687dbb4a36a200e-00636d0e99
      X-Amz-Request-Id:
      - tx6ac0cf687dbb4a36a200e-00636d0e99
    status: 200 OK
    code: 200
    duration: ""
- request:
    body: ""
    form: {}
    headers:
      User-Agent:
      - aws-sdk-go/1.44.128 (go1.19.2; darwin; amd64)
      X-Amz-Content-Sha256:
      - e3b0c44298fc1c149afbf4c8996fb92427ae41e4649b934ca495991b7852b855
      X-Amz-Date:
      - 20221110T144546Z
    url: https://tf-acc-test-2242375812185309055.s3.fr-par.scw.cloud/?cors=
    method: GET
  response:
    body: |-
      <?xml version='1.0' encoding='UTF-8'?>
      <Error><Code>NoSuchCORSConfiguration</Code><Message>The CORS configuration does not exist</Message><RequestId>tx189834198fb442ad8f530-00636d0e9a</RequestId></Error>
    headers:
      Content-Type:
      - application/xml
      Date:
      - Thu, 10 Nov 2022 14:45:46 GMT
      X-Amz-Id-2:
      - tx189834198fb442ad8f530-00636d0e9a
      X-Amz-Request-Id:
      - tx189834198fb442ad8f530-00636d0e9a
    status: 404 Not Found
    code: 404
    duration: ""
- request:
    body: ""
    form: {}
    headers:
      User-Agent:
      - aws-sdk-go/1.44.128 (go1.19.2; darwin; amd64)
      X-Amz-Content-Sha256:
      - e3b0c44298fc1c149afbf4c8996fb92427ae41e4649b934ca495991b7852b855
      X-Amz-Date:
      - 20221110T144546Z
    url: https://tf-acc-test-2242375812185309055.s3.fr-par.scw.cloud/?versioning=
    method: GET
  response:
    body: |-
      <?xml version='1.0' encoding='UTF-8'?>
      <VersioningConfiguration xmlns="http://s3.amazonaws.com/doc/2006-03-01/"><Status>Enabled</Status></VersioningConfiguration>
    headers:
      Content-Length:
      - "162"
      Content-Type:
      - text/plain
      Date:
      - Thu, 10 Nov 2022 14:45:46 GMT
      X-Amz-Id-2:
      - txacf5d82cf3ed42b184d72-00636d0e9a
      X-Amz-Request-Id:
      - txacf5d82cf3ed42b184d72-00636d0e9a
    status: 200 OK
    code: 200
    duration: ""
- request:
    body: ""
    form: {}
    headers:
      User-Agent:
      - aws-sdk-go/1.44.128 (go1.19.2; darwin; amd64)
      X-Amz-Content-Sha256:
      - e3b0c44298fc1c149afbf4c8996fb92427ae41e4649b934ca495991b7852b855
      X-Amz-Date:
      - 20221110T144546Z
    url: https://tf-acc-test-2242375812185309055.s3.fr-par.scw.cloud/?lifecycle=
    method: GET
  response:
    body: |-
      <?xml version='1.0' encoding='UTF-8'?>
      <Error><Code>NoSuchLifecycleConfiguration</Code><Message>The lifecycle configuration does not exist.</Message><RequestId>tx1b445f7dc308472d9554e-00636d0e9a</RequestId></Error>
    headers:
      Content-Type:
      - application/xml
      Date:
      - Thu, 10 Nov 2022 14:45:46 GMT
      X-Amz-Id-2:
      - tx1b445f7dc308472d9554e-00636d0e9a
      X-Amz-Request-Id:
      - tx1b445f7dc308472d9554e-00636d0e9a
    status: 404 Not Found
    code: 404
    duration: ""
- request:
    body: ""
    form: {}
    headers:
      Content-Md5:
      - 1B2M2Y8AsgTpgAmY7PhCfg==
      User-Agent:
      - aws-sdk-go/1.44.128 (go1.19.2; darwin; amd64)
      X-Amz-Acl:
      - public-read
      X-Amz-Content-Sha256:
      - e3b0c44298fc1c149afbf4c8996fb92427ae41e4649b934ca495991b7852b855
      X-Amz-Date:
      - 20221110T144546Z
    url: https://tf-acc-test-2242375812185309055.s3.fr-par.scw.cloud/?acl=
    method: PUT
  response:
    body: ""
    headers:
      Content-Length:
      - "0"
      Content-Type:
      - text/html; charset=UTF-8
      Date:
      - Thu, 10 Nov 2022 14:45:46 GMT
      X-Amz-Id-2:
      - tx76eb5fd729e7492081b4d-00636d0e9a
      X-Amz-Request-Id:
      - tx76eb5fd729e7492081b4d-00636d0e9a
    status: 200 OK
    code: 200
    duration: ""
- request:
    body: ""
    form: {}
    headers:
      User-Agent:
      - aws-sdk-go/1.44.128 (go1.19.2; darwin; amd64)
      X-Amz-Content-Sha256:
      - e3b0c44298fc1c149afbf4c8996fb92427ae41e4649b934ca495991b7852b855
      X-Amz-Date:
      - 20221110T144546Z
    url: https://tf-acc-test-2242375812185309055.s3.fr-par.scw.cloud/?acl=
    method: GET
  response:
    body: |-
      <?xml version='1.0' encoding='UTF-8'?>
      <AccessControlPolicy xmlns="http://s3.amazonaws.com/doc/2006-03-01/"><Owner><ID>5b331f64-6f51-45b6-aa60-d46d011e8b1a:5b331f64-6f51-45b6-aa60-d46d011e8b1a</ID><DisplayName>5b331f64-6f51-45b6-aa60-d46d011e8b1a:5b331f64-6f51-45b6-aa60-d46d011e8b1a</DisplayName></Owner><AccessControlList><Grant><Grantee xmlns:xsi="http://www.w3.org/2001/XMLSchema-instance" xsi:type="Group"><URI>http://acs.amazonaws.com/groups/global/AllUsers</URI></Grantee><Permission>READ</Permission></Grant><Grant><Grantee xmlns:xsi="http://www.w3.org/2001/XMLSchema-instance" xsi:type="CanonicalUser"><ID>5b331f64-6f51-45b6-aa60-d46d011e8b1a:5b331f64-6f51-45b6-aa60-d46d011e8b1a</ID><DisplayName>5b331f64-6f51-45b6-aa60-d46d011e8b1a:5b331f64-6f51-45b6-aa60-d46d011e8b1a</DisplayName></Grantee><Permission>FULL_CONTROL</Permission></Grant></AccessControlList></AccessControlPolicy>
    headers:
      Content-Length:
      - "890"
      Content-Type:
      - text/html; charset=UTF-8
      Date:
      - Thu, 10 Nov 2022 14:45:46 GMT
      X-Amz-Id-2:
      - tx5d84e67794ee4554a7cd5-00636d0e9a
      X-Amz-Request-Id:
      - tx5d84e67794ee4554a7cd5-00636d0e9a
    status: 200 OK
    code: 200
    duration: ""
- request:
    body: <ObjectLockConfiguration xmlns="http://s3.amazonaws.com/doc/2006-03-01/"><ObjectLockEnabled>Enabled</ObjectLockEnabled><Rule><DefaultRetention><Days>1</Days><Mode>GOVERNANCE</Mode></DefaultRetention></Rule></ObjectLockConfiguration>
    form: {}
    headers:
      Content-Length:
      - "232"
      Content-Md5:
      - eHeBP68EloX3uX3SzuxQvQ==
      User-Agent:
      - aws-sdk-go/1.44.128 (go1.19.2; darwin; amd64)
      X-Amz-Content-Sha256:
      - aaf0604586421e08b74357ea439a66459337b2191763fd9a153498dd0f10f3b3
      X-Amz-Date:
      - 20221110T144546Z
    url: https://tf-acc-test-2242375812185309055.s3.fr-par.scw.cloud/?object-lock=
    method: PUT
  response:
    body: ""
    headers:
      Content-Length:
      - "0"
      Content-Type:
      - text/html; charset=UTF-8
      Date:
      - Thu, 10 Nov 2022 14:45:46 GMT
      X-Amz-Id-2:
      - tx533ff2d45a954f8fa0fff-00636d0e9a
      X-Amz-Request-Id:
      - tx533ff2d45a954f8fa0fff-00636d0e9a
    status: 200 OK
    code: 200
    duration: ""
- request:
    body: ""
    form: {}
    headers:
      User-Agent:
      - aws-sdk-go/1.44.128 (go1.19.2; darwin; amd64)
      X-Amz-Content-Sha256:
      - e3b0c44298fc1c149afbf4c8996fb92427ae41e4649b934ca495991b7852b855
      X-Amz-Date:
      - 20221110T144546Z
    url: https://tf-acc-test-2242375812185309055.s3.fr-par.scw.cloud/?object-lock=
    method: GET
  response:
    body: <ObjectLockConfiguration xmlns="http://s3.amazonaws.com/doc/2006-03-01/"><ObjectLockEnabled>Enabled</ObjectLockEnabled><Rule><DefaultRetention><Days>1</Days><Mode>GOVERNANCE</Mode></DefaultRetention></Rule></ObjectLockConfiguration>
    headers:
      Content-Length:
      - "232"
      Content-Type:
      - application/xml
      Date:
      - Thu, 10 Nov 2022 14:45:47 GMT
      X-Amz-Id-2:
      - tx29c19bb9fbe54b72bee93-00636d0e9a
      X-Amz-Request-Id:
      - tx29c19bb9fbe54b72bee93-00636d0e9a
    status: 200 OK
    code: 200
    duration: ""
- request:
    body: ""
    form: {}
    headers:
      User-Agent:
      - aws-sdk-go/1.44.128 (go1.19.2; darwin; amd64)
      X-Amz-Content-Sha256:
      - e3b0c44298fc1c149afbf4c8996fb92427ae41e4649b934ca495991b7852b855
      X-Amz-Date:
      - 20221110T144547Z
    url: https://tf-acc-test-2242375812185309055.s3.fr-par.scw.cloud/?object-lock=
    method: GET
  response:
    body: <ObjectLockConfiguration xmlns="http://s3.amazonaws.com/doc/2006-03-01/"><ObjectLockEnabled>Enabled</ObjectLockEnabled><Rule><DefaultRetention><Days>1</Days><Mode>GOVERNANCE</Mode></DefaultRetention></Rule></ObjectLockConfiguration>
    headers:
      Content-Length:
      - "232"
      Content-Type:
      - application/xml
      Date:
      - Thu, 10 Nov 2022 14:45:47 GMT
      X-Amz-Id-2:
      - txa5cda5f4d8104eeabd3e0-00636d0e9b
      X-Amz-Request-Id:
      - txa5cda5f4d8104eeabd3e0-00636d0e9b
    status: 200 OK
    code: 200
    duration: ""
- request:
    body: ""
    form: {}
    headers:
      User-Agent:
      - aws-sdk-go/1.44.128 (go1.19.2; darwin; amd64)
      X-Amz-Content-Sha256:
      - e3b0c44298fc1c149afbf4c8996fb92427ae41e4649b934ca495991b7852b855
      X-Amz-Date:
      - 20221110T144547Z
    url: https://tf-acc-test-2242375812185309055.s3.fr-par.scw.cloud/?object-lock=
    method: GET
  response:
    body: <ObjectLockConfiguration xmlns="http://s3.amazonaws.com/doc/2006-03-01/"><ObjectLockEnabled>Enabled</ObjectLockEnabled><Rule><DefaultRetention><Days>1</Days><Mode>GOVERNANCE</Mode></DefaultRetention></Rule></ObjectLockConfiguration>
    headers:
      Content-Length:
      - "232"
      Content-Type:
      - application/xml
      Date:
      - Thu, 10 Nov 2022 14:45:47 GMT
      X-Amz-Id-2:
      - tx1b91820250ea47758582e-00636d0e9b
      X-Amz-Request-Id:
      - tx1b91820250ea47758582e-00636d0e9b
    status: 200 OK
    code: 200
    duration: ""
- request:
    body: ""
    form: {}
    headers:
      User-Agent:
      - aws-sdk-go/1.44.128 (go1.19.2; darwin; amd64)
      X-Amz-Content-Sha256:
      - e3b0c44298fc1c149afbf4c8996fb92427ae41e4649b934ca495991b7852b855
      X-Amz-Date:
      - 20221110T144547Z
    url: https://tf-acc-test-2242375812185309055.s3.fr-par.scw.cloud/
    method: GET
  response:
    body: |-
      <?xml version='1.0' encoding='UTF-8'?>
      <ListBucketResult xmlns="http://s3.amazonaws.com/doc/2006-03-01/"><Name>tf-acc-test-2242375812185309055</Name><Prefix/><Delimiter/><MaxKeys>1000</MaxKeys><IsTruncated>false</IsTruncated><Marker/></ListBucketResult>
    headers:
      Content-Length:
      - "253"
      Content-Type:
      - application/xml
      Date:
      - Thu, 10 Nov 2022 14:45:47 GMT
      X-Amz-Id-2:
      - tx7d0b484b73df4e3bb5e06-00636d0e9b
      X-Amz-Request-Id:
      - tx7d0b484b73df4e3bb5e06-00636d0e9b
    status: 200 OK
    code: 200
    duration: ""
- request:
    body: ""
    form: {}
    headers:
      User-Agent:
      - aws-sdk-go/1.44.128 (go1.19.2; darwin; amd64)
      X-Amz-Content-Sha256:
      - e3b0c44298fc1c149afbf4c8996fb92427ae41e4649b934ca495991b7852b855
      X-Amz-Date:
      - 20221110T144547Z
    url: https://tf-acc-test-2242375812185309055.s3.fr-par.scw.cloud/?tagging=
    method: GET
  response:
    body: <Tagging xmlns="http://s3.amazonaws.com/doc/2006-03-01/"><TagSet><Tag><Key>TestName</Key><Value>TestAccSCW_LockConfig_basic</Value></Tag></TagSet></Tagging>
    headers:
      Content-Length:
      - "156"
      Content-Type:
      - application/xml
      Date:
      - Thu, 10 Nov 2022 14:45:47 GMT
      X-Amz-Id-2:
      - tx09ed359df7954238b4397-00636d0e9b
      X-Amz-Request-Id:
      - tx09ed359df7954238b4397-00636d0e9b
    status: 200 OK
    code: 200
    duration: ""
- request:
    body: ""
    form: {}
    headers:
      User-Agent:
      - aws-sdk-go/1.44.128 (go1.19.2; darwin; amd64)
      X-Amz-Content-Sha256:
      - e3b0c44298fc1c149afbf4c8996fb92427ae41e4649b934ca495991b7852b855
      X-Amz-Date:
      - 20221110T144547Z
    url: https://tf-acc-test-2242375812185309055.s3.fr-par.scw.cloud/?cors=
    method: GET
  response:
    body: |-
      <?xml version='1.0' encoding='UTF-8'?>
      <Error><Code>NoSuchCORSConfiguration</Code><Message>The CORS configuration does not exist</Message><RequestId>txc8255d910c9643a49a626-00636d0e9b</RequestId></Error>
    headers:
      Content-Type:
      - application/xml
      Date:
      - Thu, 10 Nov 2022 14:45:47 GMT
      X-Amz-Id-2:
      - txc8255d910c9643a49a626-00636d0e9b
      X-Amz-Request-Id:
      - txc8255d910c9643a49a626-00636d0e9b
    status: 404 Not Found
    code: 404
    duration: ""
- request:
    body: ""
    form: {}
    headers:
      User-Agent:
      - aws-sdk-go/1.44.128 (go1.19.2; darwin; amd64)
      X-Amz-Content-Sha256:
      - e3b0c44298fc1c149afbf4c8996fb92427ae41e4649b934ca495991b7852b855
      X-Amz-Date:
      - 20221110T144547Z
    url: https://tf-acc-test-2242375812185309055.s3.fr-par.scw.cloud/?versioning=
    method: GET
  response:
    body: |-
      <?xml version='1.0' encoding='UTF-8'?>
      <VersioningConfiguration xmlns="http://s3.amazonaws.com/doc/2006-03-01/"><Status>Enabled</Status></VersioningConfiguration>
    headers:
      Content-Length:
      - "162"
      Content-Type:
      - text/plain
      Date:
      - Thu, 10 Nov 2022 14:45:48 GMT
      X-Amz-Id-2:
      - tx5f9af8aa921a46c986476-00636d0e9b
      X-Amz-Request-Id:
      - tx5f9af8aa921a46c986476-00636d0e9b
    status: 200 OK
    code: 200
    duration: ""
- request:
    body: ""
    form: {}
    headers:
      User-Agent:
      - aws-sdk-go/1.44.128 (go1.19.2; darwin; amd64)
      X-Amz-Content-Sha256:
      - e3b0c44298fc1c149afbf4c8996fb92427ae41e4649b934ca495991b7852b855
      X-Amz-Date:
      - 20221110T144548Z
    url: https://tf-acc-test-2242375812185309055.s3.fr-par.scw.cloud/?lifecycle=
    method: GET
  response:
    body: |-
      <?xml version='1.0' encoding='UTF-8'?>
      <Error><Code>NoSuchLifecycleConfiguration</Code><Message>The lifecycle configuration does not exist.</Message><RequestId>tx2a5e31e5a187492dbebef-00636d0e9c</RequestId></Error>
    headers:
      Content-Type:
      - application/xml
      Date:
      - Thu, 10 Nov 2022 14:45:48 GMT
      X-Amz-Id-2:
      - tx2a5e31e5a187492dbebef-00636d0e9c
      X-Amz-Request-Id:
      - tx2a5e31e5a187492dbebef-00636d0e9c
    status: 404 Not Found
    code: 404
    duration: ""
- request:
    body: ""
    form: {}
    headers:
      User-Agent:
      - aws-sdk-go/1.44.128 (go1.19.2; darwin; amd64)
      X-Amz-Content-Sha256:
      - e3b0c44298fc1c149afbf4c8996fb92427ae41e4649b934ca495991b7852b855
      X-Amz-Date:
      - 20221110T144548Z
    url: https://tf-acc-test-2242375812185309055.s3.fr-par.scw.cloud/?acl=
    method: GET
  response:
    body: |-
      <?xml version='1.0' encoding='UTF-8'?>
      <AccessControlPolicy xmlns="http://s3.amazonaws.com/doc/2006-03-01/"><Owner><ID>5b331f64-6f51-45b6-aa60-d46d011e8b1a:5b331f64-6f51-45b6-aa60-d46d011e8b1a</ID><DisplayName>5b331f64-6f51-45b6-aa60-d46d011e8b1a:5b331f64-6f51-45b6-aa60-d46d011e8b1a</DisplayName></Owner><AccessControlList><Grant><Grantee xmlns:xsi="http://www.w3.org/2001/XMLSchema-instance" xsi:type="Group"><URI>http://acs.amazonaws.com/groups/global/AllUsers</URI></Grantee><Permission>READ</Permission></Grant><Grant><Grantee xmlns:xsi="http://www.w3.org/2001/XMLSchema-instance" xsi:type="CanonicalUser"><ID>5b331f64-6f51-45b6-aa60-d46d011e8b1a:5b331f64-6f51-45b6-aa60-d46d011e8b1a</ID><DisplayName>5b331f64-6f51-45b6-aa60-d46d011e8b1a:5b331f64-6f51-45b6-aa60-d46d011e8b1a</DisplayName></Grantee><Permission>FULL_CONTROL</Permission></Grant></AccessControlList></AccessControlPolicy>
    headers:
      Content-Length:
      - "890"
      Content-Type:
      - text/html; charset=UTF-8
      Date:
      - Thu, 10 Nov 2022 14:45:48 GMT
      X-Amz-Id-2:
      - tx128e25afdc694937bd456-00636d0e9c
      X-Amz-Request-Id:
      - tx128e25afdc694937bd456-00636d0e9c
    status: 200 OK
    code: 200
    duration: ""
- request:
    body: ""
    form: {}
    headers:
      User-Agent:
      - aws-sdk-go/1.44.128 (go1.19.2; darwin; amd64)
      X-Amz-Content-Sha256:
      - e3b0c44298fc1c149afbf4c8996fb92427ae41e4649b934ca495991b7852b855
      X-Amz-Date:
      - 20221110T144548Z
    url: https://tf-acc-test-2242375812185309055.s3.fr-par.scw.cloud/?object-lock=
    method: GET
  response:
    body: <ObjectLockConfiguration xmlns="http://s3.amazonaws.com/doc/2006-03-01/"><ObjectLockEnabled>Enabled</ObjectLockEnabled><Rule><DefaultRetention><Days>1</Days><Mode>GOVERNANCE</Mode></DefaultRetention></Rule></ObjectLockConfiguration>
    headers:
      Content-Length:
      - "232"
      Content-Type:
      - application/xml
      Date:
      - Thu, 10 Nov 2022 14:45:48 GMT
      X-Amz-Id-2:
      - tx9531b579b37c4572b8830-00636d0e9c
      X-Amz-Request-Id:
      - tx9531b579b37c4572b8830-00636d0e9c
    status: 200 OK
    code: 200
    duration: ""
- request:
    body: ""
    form: {}
    headers:
      User-Agent:
      - aws-sdk-go/1.44.128 (go1.19.2; darwin; amd64)
      X-Amz-Content-Sha256:
      - e3b0c44298fc1c149afbf4c8996fb92427ae41e4649b934ca495991b7852b855
      X-Amz-Date:
      - 20221110T144548Z
    url: https://tf-acc-test-2242375812185309055.s3.fr-par.scw.cloud/?object-lock=
    method: GET
  response:
    body: <ObjectLockConfiguration xmlns="http://s3.amazonaws.com/doc/2006-03-01/"><ObjectLockEnabled>Enabled</ObjectLockEnabled><Rule><DefaultRetention><Days>1</Days><Mode>GOVERNANCE</Mode></DefaultRetention></Rule></ObjectLockConfiguration>
    headers:
      Content-Length:
      - "232"
      Content-Type:
      - application/xml
      Date:
      - Thu, 10 Nov 2022 14:45:48 GMT
      X-Amz-Id-2:
      - tx1b230ce6955149e290fe7-00636d0e9c
      X-Amz-Request-Id:
      - tx1b230ce6955149e290fe7-00636d0e9c
    status: 200 OK
    code: 200
    duration: ""
- request:
    body: ""
    form: {}
    headers:
      User-Agent:
      - aws-sdk-go/1.44.128 (go1.19.2; darwin; amd64)
      X-Amz-Content-Sha256:
      - e3b0c44298fc1c149afbf4c8996fb92427ae41e4649b934ca495991b7852b855
      X-Amz-Date:
      - 20221110T144548Z
    url: https://tf-acc-test-2242375812185309055.s3.fr-par.scw.cloud/
    method: GET
  response:
    body: |-
      <?xml version='1.0' encoding='UTF-8'?>
      <ListBucketResult xmlns="http://s3.amazonaws.com/doc/2006-03-01/"><Name>tf-acc-test-2242375812185309055</Name><Prefix/><Delimiter/><MaxKeys>1000</MaxKeys><IsTruncated>false</IsTruncated><Marker/></ListBucketResult>
    headers:
      Content-Length:
      - "253"
      Content-Type:
      - application/xml
      Date:
      - Thu, 10 Nov 2022 14:45:49 GMT
      X-Amz-Id-2:
      - txf35ed892b71f4e56b35c9-00636d0e9c
      X-Amz-Request-Id:
      - txf35ed892b71f4e56b35c9-00636d0e9c
    status: 200 OK
    code: 200
    duration: ""
- request:
    body: ""
    form: {}
    headers:
      User-Agent:
      - aws-sdk-go/1.44.128 (go1.19.2; darwin; amd64)
      X-Amz-Content-Sha256:
      - e3b0c44298fc1c149afbf4c8996fb92427ae41e4649b934ca495991b7852b855
      X-Amz-Date:
      - 20221110T144549Z
    url: https://tf-acc-test-2242375812185309055.s3.fr-par.scw.cloud/?tagging=
    method: GET
  response:
    body: <Tagging xmlns="http://s3.amazonaws.com/doc/2006-03-01/"><TagSet><Tag><Key>TestName</Key><Value>TestAccSCW_LockConfig_basic</Value></Tag></TagSet></Tagging>
    headers:
      Content-Length:
      - "156"
      Content-Type:
      - application/xml
      Date:
      - Thu, 10 Nov 2022 14:45:49 GMT
      X-Amz-Id-2:
      - tx1fc874ccd4d94127a5478-00636d0e9d
      X-Amz-Request-Id:
      - tx1fc874ccd4d94127a5478-00636d0e9d
    status: 200 OK
    code: 200
    duration: ""
- request:
    body: ""
    form: {}
    headers:
      User-Agent:
      - aws-sdk-go/1.44.128 (go1.19.2; darwin; amd64)
      X-Amz-Content-Sha256:
      - e3b0c44298fc1c149afbf4c8996fb92427ae41e4649b934ca495991b7852b855
      X-Amz-Date:
      - 20221110T144549Z
    url: https://tf-acc-test-2242375812185309055.s3.fr-par.scw.cloud/?cors=
    method: GET
  response:
    body: |-
      <?xml version='1.0' encoding='UTF-8'?>
      <Error><Code>NoSuchCORSConfiguration</Code><Message>The CORS configuration does not exist</Message><RequestId>txd056b59d2730427d9f55c-00636d0e9d</RequestId></Error>
    headers:
      Content-Type:
      - application/xml
      Date:
      - Thu, 10 Nov 2022 14:45:49 GMT
      X-Amz-Id-2:
      - txd056b59d2730427d9f55c-00636d0e9d
      X-Amz-Request-Id:
      - txd056b59d2730427d9f55c-00636d0e9d
    status: 404 Not Found
    code: 404
    duration: ""
- request:
    body: ""
    form: {}
    headers:
      User-Agent:
      - aws-sdk-go/1.44.128 (go1.19.2; darwin; amd64)
      X-Amz-Content-Sha256:
      - e3b0c44298fc1c149afbf4c8996fb92427ae41e4649b934ca495991b7852b855
      X-Amz-Date:
      - 20221110T144549Z
    url: https://tf-acc-test-2242375812185309055.s3.fr-par.scw.cloud/?versioning=
    method: GET
  response:
    body: |-
      <?xml version='1.0' encoding='UTF-8'?>
      <VersioningConfiguration xmlns="http://s3.amazonaws.com/doc/2006-03-01/"><Status>Enabled</Status></VersioningConfiguration>
    headers:
      Content-Length:
      - "162"
      Content-Type:
      - text/plain
      Date:
      - Thu, 10 Nov 2022 14:45:49 GMT
      X-Amz-Id-2:
      - txb8425c25d7dd421d934fb-00636d0e9d
      X-Amz-Request-Id:
      - txb8425c25d7dd421d934fb-00636d0e9d
    status: 200 OK
    code: 200
    duration: ""
- request:
    body: ""
    form: {}
    headers:
      User-Agent:
      - aws-sdk-go/1.44.128 (go1.19.2; darwin; amd64)
      X-Amz-Content-Sha256:
      - e3b0c44298fc1c149afbf4c8996fb92427ae41e4649b934ca495991b7852b855
      X-Amz-Date:
      - 20221110T144549Z
    url: https://tf-acc-test-2242375812185309055.s3.fr-par.scw.cloud/?lifecycle=
    method: GET
  response:
    body: |-
      <?xml version='1.0' encoding='UTF-8'?>
      <Error><Code>NoSuchLifecycleConfiguration</Code><Message>The lifecycle configuration does not exist.</Message><RequestId>txd2d0cdb8cd7e4b15b4ccc-00636d0e9d</RequestId></Error>
    headers:
      Content-Type:
      - application/xml
      Date:
      - Thu, 10 Nov 2022 14:45:49 GMT
      X-Amz-Id-2:
      - txd2d0cdb8cd7e4b15b4ccc-00636d0e9d
      X-Amz-Request-Id:
      - txd2d0cdb8cd7e4b15b4ccc-00636d0e9d
    status: 404 Not Found
    code: 404
    duration: ""
- request:
    body: ""
    form: {}
    headers:
      User-Agent:
      - aws-sdk-go/1.44.128 (go1.19.2; darwin; amd64)
      X-Amz-Content-Sha256:
      - e3b0c44298fc1c149afbf4c8996fb92427ae41e4649b934ca495991b7852b855
      X-Amz-Date:
      - 20221110T144549Z
    url: https://tf-acc-test-2242375812185309055.s3.fr-par.scw.cloud/?acl=
    method: GET
  response:
    body: |-
      <?xml version='1.0' encoding='UTF-8'?>
      <AccessControlPolicy xmlns="http://s3.amazonaws.com/doc/2006-03-01/"><Owner><ID>5b331f64-6f51-45b6-aa60-d46d011e8b1a:5b331f64-6f51-45b6-aa60-d46d011e8b1a</ID><DisplayName>5b331f64-6f51-45b6-aa60-d46d011e8b1a:5b331f64-6f51-45b6-aa60-d46d011e8b1a</DisplayName></Owner><AccessControlList><Grant><Grantee xmlns:xsi="http://www.w3.org/2001/XMLSchema-instance" xsi:type="Group"><URI>http://acs.amazonaws.com/groups/global/AllUsers</URI></Grantee><Permission>READ</Permission></Grant><Grant><Grantee xmlns:xsi="http://www.w3.org/2001/XMLSchema-instance" xsi:type="CanonicalUser"><ID>5b331f64-6f51-45b6-aa60-d46d011e8b1a:5b331f64-6f51-45b6-aa60-d46d011e8b1a</ID><DisplayName>5b331f64-6f51-45b6-aa60-d46d011e8b1a:5b331f64-6f51-45b6-aa60-d46d011e8b1a</DisplayName></Grantee><Permission>FULL_CONTROL</Permission></Grant></AccessControlList></AccessControlPolicy>
    headers:
      Content-Length:
      - "890"
      Content-Type:
      - text/html; charset=UTF-8
      Date:
      - Thu, 10 Nov 2022 14:45:49 GMT
      X-Amz-Id-2:
      - tx37b08a59275047d3bd19c-00636d0e9d
      X-Amz-Request-Id:
      - tx37b08a59275047d3bd19c-00636d0e9d
    status: 200 OK
    code: 200
    duration: ""
- request:
    body: ""
    form: {}
    headers:
      User-Agent:
      - aws-sdk-go/1.44.128 (go1.19.2; darwin; amd64)
      X-Amz-Content-Sha256:
      - e3b0c44298fc1c149afbf4c8996fb92427ae41e4649b934ca495991b7852b855
      X-Amz-Date:
      - 20221110T144549Z
    url: https://tf-acc-test-2242375812185309055.s3.fr-par.scw.cloud/?object-lock=
    method: GET
  response:
    body: <ObjectLockConfiguration xmlns="http://s3.amazonaws.com/doc/2006-03-01/"><ObjectLockEnabled>Enabled</ObjectLockEnabled><Rule><DefaultRetention><Days>1</Days><Mode>GOVERNANCE</Mode></DefaultRetention></Rule></ObjectLockConfiguration>
    headers:
      Content-Length:
      - "232"
      Content-Type:
      - application/xml
      Date:
      - Thu, 10 Nov 2022 14:45:50 GMT
      X-Amz-Id-2:
      - tx6f50dc323c0f4400a4ad2-00636d0e9d
      X-Amz-Request-Id:
      - tx6f50dc323c0f4400a4ad2-00636d0e9d
    status: 200 OK
    code: 200
    duration: ""
- request:
    body: <ObjectLockConfiguration xmlns="http://s3.amazonaws.com/doc/2006-03-01/"><ObjectLockEnabled>Enabled</ObjectLockEnabled><Rule><DefaultRetention><Days>2</Days><Mode>COMPLIANCE</Mode></DefaultRetention></Rule></ObjectLockConfiguration>
    form: {}
    headers:
      Content-Length:
      - "232"
      Content-Md5:
      - v5flm97pABsEW9mapnOI8Q==
      User-Agent:
      - aws-sdk-go/1.44.128 (go1.19.2; darwin; amd64)
      X-Amz-Content-Sha256:
      - b7a106ecd933ef3e3d8dd177eb38b2db2eb649077360e25fa66939f136907b3d
      X-Amz-Date:
      - 20221110T144550Z
    url: https://tf-acc-test-2242375812185309055.s3.fr-par.scw.cloud/?object-lock=
    method: PUT
  response:
    body: ""
    headers:
      Content-Length:
      - "0"
      Content-Type:
      - text/html; charset=UTF-8
      Date:
      - Thu, 10 Nov 2022 14:45:50 GMT
      X-Amz-Id-2:
      - tx45ec2034f9f547f998689-00636d0e9e
      X-Amz-Request-Id:
      - tx45ec2034f9f547f998689-00636d0e9e
    status: 200 OK
    code: 200
    duration: ""
- request:
    body: ""
    form: {}
    headers:
      User-Agent:
      - aws-sdk-go/1.44.128 (go1.19.2; darwin; amd64)
      X-Amz-Content-Sha256:
      - e3b0c44298fc1c149afbf4c8996fb92427ae41e4649b934ca495991b7852b855
      X-Amz-Date:
      - 20221110T144550Z
    url: https://tf-acc-test-2242375812185309055.s3.fr-par.scw.cloud/?object-lock=
    method: GET
  response:
    body: <ObjectLockConfiguration xmlns="http://s3.amazonaws.com/doc/2006-03-01/"><ObjectLockEnabled>Enabled</ObjectLockEnabled><Rule><DefaultRetention><Days>2</Days><Mode>COMPLIANCE</Mode></DefaultRetention></Rule></ObjectLockConfiguration>
    headers:
      Content-Length:
      - "232"
      Content-Type:
      - application/xml
      Date:
      - Thu, 10 Nov 2022 14:45:50 GMT
      X-Amz-Id-2:
      - txb3713962a32640e193093-00636d0e9e
      X-Amz-Request-Id:
      - txb3713962a32640e193093-00636d0e9e
    status: 200 OK
    code: 200
    duration: ""
- request:
    body: ""
    form: {}
    headers:
      User-Agent:
      - aws-sdk-go/1.44.128 (go1.19.2; darwin; amd64)
      X-Amz-Content-Sha256:
      - e3b0c44298fc1c149afbf4c8996fb92427ae41e4649b934ca495991b7852b855
      X-Amz-Date:
      - 20221110T144550Z
    url: https://tf-acc-test-2242375812185309055.s3.fr-par.scw.cloud/?object-lock=
    method: GET
  response:
    body: <ObjectLockConfiguration xmlns="http://s3.amazonaws.com/doc/2006-03-01/"><ObjectLockEnabled>Enabled</ObjectLockEnabled><Rule><DefaultRetention><Days>2</Days><Mode>COMPLIANCE</Mode></DefaultRetention></Rule></ObjectLockConfiguration>
    headers:
      Content-Length:
      - "232"
      Content-Type:
      - application/xml
      Date:
      - Thu, 10 Nov 2022 14:45:50 GMT
      X-Amz-Id-2:
      - tx6b27df4354f94cbf9b5fc-00636d0e9e
      X-Amz-Request-Id:
      - tx6b27df4354f94cbf9b5fc-00636d0e9e
    status: 200 OK
    code: 200
    duration: ""
- request:
    body: ""
    form: {}
    headers:
      User-Agent:
      - aws-sdk-go/1.44.128 (go1.19.2; darwin; amd64)
      X-Amz-Content-Sha256:
      - e3b0c44298fc1c149afbf4c8996fb92427ae41e4649b934ca495991b7852b855
      X-Amz-Date:
      - 20221110T144551Z
    url: https://tf-acc-test-2242375812185309055.s3.fr-par.scw.cloud/?object-lock=
    method: GET
  response:
    body: <ObjectLockConfiguration xmlns="http://s3.amazonaws.com/doc/2006-03-01/"><ObjectLockEnabled>Enabled</ObjectLockEnabled><Rule><DefaultRetention><Days>2</Days><Mode>COMPLIANCE</Mode></DefaultRetention></Rule></ObjectLockConfiguration>
    headers:
      Content-Length:
      - "232"
      Content-Type:
      - application/xml
      Date:
      - Thu, 10 Nov 2022 14:45:51 GMT
      X-Amz-Id-2:
      - tx3c696d27b2c644e68b9f1-00636d0e9f
      X-Amz-Request-Id:
      - tx3c696d27b2c644e68b9f1-00636d0e9f
    status: 200 OK
    code: 200
    duration: ""
- request:
    body: ""
    form: {}
    headers:
      User-Agent:
      - aws-sdk-go/1.44.128 (go1.19.2; darwin; amd64)
      X-Amz-Content-Sha256:
      - e3b0c44298fc1c149afbf4c8996fb92427ae41e4649b934ca495991b7852b855
      X-Amz-Date:
      - 20221110T144551Z
    url: https://tf-acc-test-2242375812185309055.s3.fr-par.scw.cloud/
    method: GET
  response:
    body: |-
      <?xml version='1.0' encoding='UTF-8'?>
      <ListBucketResult xmlns="http://s3.amazonaws.com/doc/2006-03-01/"><Name>tf-acc-test-2242375812185309055</Name><Prefix/><Delimiter/><MaxKeys>1000</MaxKeys><IsTruncated>false</IsTruncated><Marker/></ListBucketResult>
    headers:
      Content-Length:
      - "253"
      Content-Type:
      - application/xml
      Date:
      - Thu, 10 Nov 2022 14:45:51 GMT
      X-Amz-Id-2:
      - tx4759abbbd1834ce9b8e70-00636d0e9f
      X-Amz-Request-Id:
      - tx4759abbbd1834ce9b8e70-00636d0e9f
    status: 200 OK
    code: 200
    duration: ""
- request:
    body: ""
    form: {}
    headers:
      User-Agent:
      - aws-sdk-go/1.44.128 (go1.19.2; darwin; amd64)
      X-Amz-Content-Sha256:
      - e3b0c44298fc1c149afbf4c8996fb92427ae41e4649b934ca495991b7852b855
      X-Amz-Date:
      - 20221110T144551Z
    url: https://tf-acc-test-2242375812185309055.s3.fr-par.scw.cloud/?tagging=
    method: GET
  response:
    body: <Tagging xmlns="http://s3.amazonaws.com/doc/2006-03-01/"><TagSet><Tag><Key>TestName</Key><Value>TestAccSCW_LockConfig_basic</Value></Tag></TagSet></Tagging>
    headers:
      Content-Length:
      - "156"
      Content-Type:
      - application/xml
      Date:
      - Thu, 10 Nov 2022 14:45:52 GMT
      X-Amz-Id-2:
      - tx692ddeb6185a40629ec8e-00636d0e9f
      X-Amz-Request-Id:
      - tx692ddeb6185a40629ec8e-00636d0e9f
    status: 200 OK
    code: 200
    duration: ""
- request:
    body: ""
    form: {}
    headers:
      User-Agent:
      - aws-sdk-go/1.44.128 (go1.19.2; darwin; amd64)
      X-Amz-Content-Sha256:
      - e3b0c44298fc1c149afbf4c8996fb92427ae41e4649b934ca495991b7852b855
      X-Amz-Date:
      - 20221110T144552Z
    url: https://tf-acc-test-2242375812185309055.s3.fr-par.scw.cloud/?cors=
    method: GET
  response:
    body: |-
      <?xml version='1.0' encoding='UTF-8'?>
      <Error><Code>NoSuchCORSConfiguration</Code><Message>The CORS configuration does not exist</Message><RequestId>tx1cd64e0b8bc244c3b381e-00636d0ea0</RequestId></Error>
    headers:
      Content-Type:
      - application/xml
      Date:
      - Thu, 10 Nov 2022 14:45:52 GMT
      X-Amz-Id-2:
      - tx1cd64e0b8bc244c3b381e-00636d0ea0
      X-Amz-Request-Id:
      - tx1cd64e0b8bc244c3b381e-00636d0ea0
    status: 404 Not Found
    code: 404
    duration: ""
- request:
    body: ""
    form: {}
    headers:
      User-Agent:
      - aws-sdk-go/1.44.128 (go1.19.2; darwin; amd64)
      X-Amz-Content-Sha256:
      - e3b0c44298fc1c149afbf4c8996fb92427ae41e4649b934ca495991b7852b855
      X-Amz-Date:
      - 20221110T144552Z
    url: https://tf-acc-test-2242375812185309055.s3.fr-par.scw.cloud/?versioning=
    method: GET
  response:
    body: |-
      <?xml version='1.0' encoding='UTF-8'?>
      <VersioningConfiguration xmlns="http://s3.amazonaws.com/doc/2006-03-01/"><Status>Enabled</Status></VersioningConfiguration>
    headers:
      Content-Length:
      - "162"
      Content-Type:
      - text/plain
      Date:
      - Thu, 10 Nov 2022 14:45:52 GMT
      X-Amz-Id-2:
      - tx969fcd9b52f54087b1959-00636d0ea0
      X-Amz-Request-Id:
      - tx969fcd9b52f54087b1959-00636d0ea0
    status: 200 OK
    code: 200
    duration: ""
- request:
    body: ""
    form: {}
    headers:
      User-Agent:
      - aws-sdk-go/1.44.128 (go1.19.2; darwin; amd64)
      X-Amz-Content-Sha256:
      - e3b0c44298fc1c149afbf4c8996fb92427ae41e4649b934ca495991b7852b855
      X-Amz-Date:
      - 20221110T144552Z
    url: https://tf-acc-test-2242375812185309055.s3.fr-par.scw.cloud/?lifecycle=
    method: GET
  response:
    body: |-
      <?xml version='1.0' encoding='UTF-8'?>
      <Error><Code>NoSuchLifecycleConfiguration</Code><Message>The lifecycle configuration does not exist.</Message><RequestId>tx539c81dd66fe4117b4095-00636d0ea0</RequestId></Error>
    headers:
      Content-Type:
      - application/xml
      Date:
      - Thu, 10 Nov 2022 14:45:52 GMT
      X-Amz-Id-2:
      - tx539c81dd66fe4117b4095-00636d0ea0
      X-Amz-Request-Id:
      - tx539c81dd66fe4117b4095-00636d0ea0
    status: 404 Not Found
    code: 404
    duration: ""
- request:
    body: ""
    form: {}
    headers:
      User-Agent:
      - aws-sdk-go/1.44.128 (go1.19.2; darwin; amd64)
      X-Amz-Content-Sha256:
      - e3b0c44298fc1c149afbf4c8996fb92427ae41e4649b934ca495991b7852b855
      X-Amz-Date:
      - 20221110T144552Z
    url: https://tf-acc-test-2242375812185309055.s3.fr-par.scw.cloud/?object-lock=
    method: GET
  response:
    body: <ObjectLockConfiguration xmlns="http://s3.amazonaws.com/doc/2006-03-01/"><ObjectLockEnabled>Enabled</ObjectLockEnabled><Rule><DefaultRetention><Days>2</Days><Mode>COMPLIANCE</Mode></DefaultRetention></Rule></ObjectLockConfiguration>
    headers:
      Content-Length:
      - "232"
      Content-Type:
      - application/xml
      Date:
      - Thu, 10 Nov 2022 14:45:52 GMT
      X-Amz-Id-2:
      - txc78f52e6bf404c6b951ca-00636d0ea0
      X-Amz-Request-Id:
      - txc78f52e6bf404c6b951ca-00636d0ea0
    status: 200 OK
    code: 200
    duration: ""
- request:
    body: ""
    form: {}
    headers:
      User-Agent:
      - aws-sdk-go/1.44.128 (go1.19.2; darwin; amd64)
      X-Amz-Content-Sha256:
      - e3b0c44298fc1c149afbf4c8996fb92427ae41e4649b934ca495991b7852b855
      X-Amz-Date:
      - 20221110T144552Z
    url: https://tf-acc-test-2242375812185309055.s3.fr-par.scw.cloud/?acl=
    method: GET
  response:
    body: |-
      <?xml version='1.0' encoding='UTF-8'?>
      <AccessControlPolicy xmlns="http://s3.amazonaws.com/doc/2006-03-01/"><Owner><ID>5b331f64-6f51-45b6-aa60-d46d011e8b1a:5b331f64-6f51-45b6-aa60-d46d011e8b1a</ID><DisplayName>5b331f64-6f51-45b6-aa60-d46d011e8b1a:5b331f64-6f51-45b6-aa60-d46d011e8b1a</DisplayName></Owner><AccessControlList><Grant><Grantee xmlns:xsi="http://www.w3.org/2001/XMLSchema-instance" xsi:type="Group"><URI>http://acs.amazonaws.com/groups/global/AllUsers</URI></Grantee><Permission>READ</Permission></Grant><Grant><Grantee xmlns:xsi="http://www.w3.org/2001/XMLSchema-instance" xsi:type="CanonicalUser"><ID>5b331f64-6f51-45b6-aa60-d46d011e8b1a:5b331f64-6f51-45b6-aa60-d46d011e8b1a</ID><DisplayName>5b331f64-6f51-45b6-aa60-d46d011e8b1a:5b331f64-6f51-45b6-aa60-d46d011e8b1a</DisplayName></Grantee><Permission>FULL_CONTROL</Permission></Grant></AccessControlList></AccessControlPolicy>
    headers:
      Content-Length:
      - "890"
      Content-Type:
      - text/html; charset=UTF-8
      Date:
      - Thu, 10 Nov 2022 14:45:52 GMT
      X-Amz-Id-2:
      - tx5a55c74b19f243fc8cf18-00636d0ea0
      X-Amz-Request-Id:
      - tx5a55c74b19f243fc8cf18-00636d0ea0
    status: 200 OK
    code: 200
    duration: ""
- request:
    body: ""
    form: {}
    headers:
      User-Agent:
      - aws-sdk-go/1.44.128 (go1.19.2; darwin; amd64)
      X-Amz-Content-Sha256:
      - e3b0c44298fc1c149afbf4c8996fb92427ae41e4649b934ca495991b7852b855
      X-Amz-Date:
      - 20221110T144553Z
    url: https://tf-acc-test-2242375812185309055.s3.fr-par.scw.cloud/?object-lock=
    method: GET
  response:
    body: <ObjectLockConfiguration xmlns="http://s3.amazonaws.com/doc/2006-03-01/"><ObjectLockEnabled>Enabled</ObjectLockEnabled><Rule><DefaultRetention><Days>2</Days><Mode>COMPLIANCE</Mode></DefaultRetention></Rule></ObjectLockConfiguration>
    headers:
      Content-Length:
      - "232"
      Content-Type:
      - application/xml
      Date:
      - Thu, 10 Nov 2022 14:45:53 GMT
      X-Amz-Id-2:
      - txfcf33902f9af4463b8c6c-00636d0ea1
      X-Amz-Request-Id:
      - txfcf33902f9af4463b8c6c-00636d0ea1
    status: 200 OK
    code: 200
    duration: ""
- request:
    body: <ObjectLockConfiguration xmlns="http://s3.amazonaws.com/doc/2006-03-01/"><ObjectLockEnabled>Enabled</ObjectLockEnabled></ObjectLockConfiguration>
    form: {}
    headers:
      Content-Length:
      - "145"
      Content-Md5:
      - COnSsTfBs9Q8g1KhUSKPIA==
      User-Agent:
      - aws-sdk-go/1.44.128 (go1.19.2; darwin; amd64)
      X-Amz-Content-Sha256:
      - df6ac0549ea2798014d483cff942654be46743dad3474af3b679ca143807ac99
      X-Amz-Date:
      - 20221110T144553Z
    url: https://tf-acc-test-2242375812185309055.s3.fr-par.scw.cloud/?object-lock=
    method: PUT
  response:
    body: ""
    headers:
      Content-Length:
      - "0"
      Content-Type:
      - text/html; charset=UTF-8
      Date:
      - Thu, 10 Nov 2022 14:45:53 GMT
      X-Amz-Id-2:
      - tx3f6965c938ef416caeec1-00636d0ea1
      X-Amz-Request-Id:
      - tx3f6965c938ef416caeec1-00636d0ea1
    status: 200 OK
    code: 200
    duration: ""
- request:
    body: ""
    form: {}
    headers:
      User-Agent:
      - aws-sdk-go/1.44.128 (go1.19.2; darwin; amd64)
      X-Amz-Content-Sha256:
      - e3b0c44298fc1c149afbf4c8996fb92427ae41e4649b934ca495991b7852b855
      X-Amz-Date:
      - 20221110T144553Z
    url: https://tf-acc-test-2242375812185309055.s3.fr-par.scw.cloud/
    method: DELETE
  response:
    body: ""
    headers:
      Content-Length:
      - "0"
      Content-Type:
      - text/html; charset=UTF-8
      Date:
      - Thu, 10 Nov 2022 14:46:00 GMT
      X-Amz-Id-2:
      - tx746dcd0dc07d43b9ac37c-00636d0ea1
      X-Amz-Request-Id:
      - tx746dcd0dc07d43b9ac37c-00636d0ea1
    status: 204 No Content
    code: 204
    duration: ""
- request:
    body: ""
    form: {}
    headers:
      User-Agent:
      - aws-sdk-go/1.44.128 (go1.19.2; darwin; amd64)
      X-Amz-Content-Sha256:
      - e3b0c44298fc1c149afbf4c8996fb92427ae41e4649b934ca495991b7852b855
      X-Amz-Date:
      - 20221110T144600Z
    url: https://tf-acc-test-2242375812185309055.s3.fr-par.scw.cloud/?object-lock=
    method: GET
  response:
    body: |-
      <?xml version='1.0' encoding='UTF-8'?>
      <Error><Code>NoSuchBucket</Code><Message>The specified bucket does not exist.</Message><RequestId>txb45efe93d704477cb1c88-00636d0ea9</RequestId><BucketName>tf-acc-test-2242375812185309055</BucketName></Error>
    headers:
      Content-Type:
      - application/xml
      Date:
      - Thu, 10 Nov 2022 14:46:01 GMT
      X-Amz-Id-2:
      - txb45efe93d704477cb1c88-00636d0ea9
      X-Amz-Request-Id:
      - txb45efe93d704477cb1c88-00636d0ea9
    status: 404 Not Found
    code: 404
    duration: ""
