---
version: 1
interactions:
- request:
    body: <CreateBucketConfiguration xmlns="http://s3.amazonaws.com/doc/2006-03-01/"><LocationConstraint>fr-par</LocationConstraint></CreateBucketConfiguration>
    form: {}
    headers:
      Content-Length:
      - "150"
      User-Agent:
      - aws-sdk-go/1.44.193 (go1.19.5; darwin; amd64)
      X-Amz-Acl:
      - public-read
      X-Amz-Bucket-Object-Lock-Enabled:
      - "false"
      X-Amz-Content-Sha256:
      - 2cb57fad7b7168921a4c94426cfcb9ee2953f126430595df844e22d50f029060
      X-Amz-Date:
      - 20230216T132521Z
    url: https://tf-acc-test-6936730191341154249.s3.fr-par.scw.cloud/
    method: PUT
  response:
    body: ""
    headers:
      Content-Length:
      - "0"
      Content-Type:
      - text/html; charset=UTF-8
      Date:
      - Thu, 16 Feb 2023 13:25:22 GMT
      Location:
      - /tf-acc-test-6936730191341154249
      X-Amz-Id-2:
      - tx47ac48d16dec49a197413-0063ee2ec1
      X-Amz-Request-Id:
      - tx47ac48d16dec49a197413-0063ee2ec1
    status: 200 OK
    code: 200
    duration: ""
- request:
    body: <Tagging xmlns="http://s3.amazonaws.com/doc/2006-03-01/"><TagSet><Tag><Key>TestName</Key><Value>TestAccSCW_WebsiteConfig_basic</Value></Tag></TagSet></Tagging>
    form: {}
    headers:
      Content-Length:
      - "159"
      Content-Md5:
      - eYCKwSJBQsnx6u3/VsYcYA==
      User-Agent:
      - aws-sdk-go/1.44.193 (go1.19.5; darwin; amd64)
      X-Amz-Content-Sha256:
      - 655f2c088fa2a707af6c87509c047218af33d567c6612780a7cb0ba7d2470640
      X-Amz-Date:
      - 20230216T132522Z
    url: https://tf-acc-test-6936730191341154249.s3.fr-par.scw.cloud/?tagging=
    method: PUT
  response:
    body: ""
    headers:
      Content-Length:
      - "0"
      Content-Type:
      - text/html; charset=UTF-8
      Date:
      - Thu, 16 Feb 2023 13:25:23 GMT
      X-Amz-Id-2:
      - tx5b50efd30cbd4fa6bc80c-0063ee2ec2
      X-Amz-Request-Id:
      - tx5b50efd30cbd4fa6bc80c-0063ee2ec2
    status: 204 No Content
    code: 204
    duration: ""
- request:
    body: ""
    form: {}
    headers:
      Content-Md5:
      - 1B2M2Y8AsgTpgAmY7PhCfg==
      User-Agent:
      - aws-sdk-go/1.44.193 (go1.19.5; darwin; amd64)
      X-Amz-Acl:
      - public-read
      X-Amz-Content-Sha256:
      - e3b0c44298fc1c149afbf4c8996fb92427ae41e4649b934ca495991b7852b855
      X-Amz-Date:
      - 20230216T132524Z
    url: https://tf-acc-test-6936730191341154249.s3.fr-par.scw.cloud/?acl=
    method: PUT
  response:
    body: ""
    headers:
      Content-Length:
      - "0"
      Content-Type:
      - text/html; charset=UTF-8
      Date:
      - Thu, 16 Feb 2023 13:25:24 GMT
      X-Amz-Id-2:
      - tx92bb300efd504c989646e-0063ee2ec4
      X-Amz-Request-Id:
      - tx92bb300efd504c989646e-0063ee2ec4
    status: 200 OK
    code: 200
    duration: ""
- request:
    body: <Tagging xmlns="http://s3.amazonaws.com/doc/2006-03-01/"><TagSet><Tag><Key>TestName</Key><Value>TestAccSCW_WebsiteConfig_basic</Value></Tag></TagSet></Tagging>
    form: {}
    headers:
      Content-Length:
      - "159"
      Content-Md5:
      - eYCKwSJBQsnx6u3/VsYcYA==
      User-Agent:
      - aws-sdk-go/1.44.193 (go1.19.5; darwin; amd64)
      X-Amz-Content-Sha256:
      - 655f2c088fa2a707af6c87509c047218af33d567c6612780a7cb0ba7d2470640
      X-Amz-Date:
      - 20230216T132524Z
    url: https://tf-acc-test-6936730191341154249.s3.fr-par.scw.cloud/?tagging=
    method: PUT
  response:
    body: ""
    headers:
      Content-Length:
      - "0"
      Content-Type:
      - text/html; charset=UTF-8
      Date:
      - Thu, 16 Feb 2023 13:25:24 GMT
      X-Amz-Id-2:
      - tx986aec4ff7864184afd11-0063ee2ec4
      X-Amz-Request-Id:
      - tx986aec4ff7864184afd11-0063ee2ec4
    status: 204 No Content
    code: 204
    duration: ""
- request:
    body: ""
    form: {}
    headers:
      User-Agent:
      - aws-sdk-go/1.44.193 (go1.19.5; darwin; amd64)
      X-Amz-Content-Sha256:
      - e3b0c44298fc1c149afbf4c8996fb92427ae41e4649b934ca495991b7852b855
      X-Amz-Date:
      - 20230216T132524Z
    url: https://tf-acc-test-6936730191341154249.s3.fr-par.scw.cloud/?acl=
    method: GET
  response:
    body: |-
      <?xml version='1.0' encoding='UTF-8'?>
      <AccessControlPolicy xmlns="http://s3.amazonaws.com/doc/2006-03-01/"><Owner><ID>105bdce1-64c0-48ab-899d-868455867ecf:105bdce1-64c0-48ab-899d-868455867ecf</ID><DisplayName>105bdce1-64c0-48ab-899d-868455867ecf:105bdce1-64c0-48ab-899d-868455867ecf</DisplayName></Owner><AccessControlList><Grant><Grantee xmlns:xsi="http://www.w3.org/2001/XMLSchema-instance" xsi:type="Group"><URI>http://acs.amazonaws.com/groups/global/AllUsers</URI></Grantee><Permission>READ</Permission></Grant><Grant><Grantee xmlns:xsi="http://www.w3.org/2001/XMLSchema-instance" xsi:type="CanonicalUser"><ID>105bdce1-64c0-48ab-899d-868455867ecf:105bdce1-64c0-48ab-899d-868455867ecf</ID><DisplayName>105bdce1-64c0-48ab-899d-868455867ecf:105bdce1-64c0-48ab-899d-868455867ecf</DisplayName></Grantee><Permission>FULL_CONTROL</Permission></Grant></AccessControlList></AccessControlPolicy>
    headers:
      Content-Length:
      - "890"
      Content-Type:
      - text/html; charset=UTF-8
      Date:
      - Thu, 16 Feb 2023 13:25:24 GMT
      X-Amz-Id-2:
      - txcb82cec694174f1c8fd58-0063ee2ec4
      X-Amz-Request-Id:
      - txcb82cec694174f1c8fd58-0063ee2ec4
    status: 200 OK
    code: 200
    duration: ""
- request:
    body: ""
    form: {}
    headers:
      User-Agent:
      - aws-sdk-go/1.44.193 (go1.19.5; darwin; amd64)
      X-Amz-Content-Sha256:
      - e3b0c44298fc1c149afbf4c8996fb92427ae41e4649b934ca495991b7852b855
      X-Amz-Date:
      - 20230216T132524Z
    url: https://tf-acc-test-6936730191341154249.s3.fr-par.scw.cloud/?object-lock=
    method: GET
  response:
    body: |-
      <?xml version='1.0' encoding='UTF-8'?>
      <Error><Code>ObjectLockConfigurationNotFoundError</Code><Message>Object Lock configuration does not exist for this bucket</Message><RequestId>txcc2e5060e7d74bf19eab6-0063ee2ec4</RequestId></Error>
    headers:
      Content-Type:
      - application/xml
      Date:
      - Thu, 16 Feb 2023 13:25:24 GMT
      X-Amz-Id-2:
      - txcc2e5060e7d74bf19eab6-0063ee2ec4
      X-Amz-Request-Id:
      - txcc2e5060e7d74bf19eab6-0063ee2ec4
    status: 404 Not Found
    code: 404
    duration: ""
- request:
    body: ""
    form: {}
    headers:
      User-Agent:
      - aws-sdk-go/1.44.193 (go1.19.5; darwin; amd64)
      X-Amz-Content-Sha256:
      - e3b0c44298fc1c149afbf4c8996fb92427ae41e4649b934ca495991b7852b855
      X-Amz-Date:
      - 20230216T132524Z
    url: https://tf-acc-test-6936730191341154249.s3.fr-par.scw.cloud/
    method: GET
  response:
    body: |-
      <?xml version='1.0' encoding='UTF-8'?>
      <ListBucketResult xmlns="http://s3.amazonaws.com/doc/2006-03-01/"><Name>tf-acc-test-6936730191341154249</Name><Prefix/><Delimiter/><MaxKeys>1000</MaxKeys><IsTruncated>false</IsTruncated><Marker/></ListBucketResult>
    headers:
      Content-Length:
      - "253"
      Content-Type:
      - application/xml
      Date:
      - Thu, 16 Feb 2023 13:25:26 GMT
      X-Amz-Id-2:
      - tx56dcdd5737a54809ba5d1-0063ee2ec4
      X-Amz-Request-Id:
      - tx56dcdd5737a54809ba5d1-0063ee2ec4
    status: 200 OK
    code: 200
    duration: ""
- request:
    body: ""
    form: {}
    headers:
      User-Agent:
      - aws-sdk-go/1.44.193 (go1.19.5; darwin; amd64)
      X-Amz-Content-Sha256:
      - e3b0c44298fc1c149afbf4c8996fb92427ae41e4649b934ca495991b7852b855
      X-Amz-Date:
      - 20230216T132526Z
    url: https://tf-acc-test-6936730191341154249.s3.fr-par.scw.cloud/?tagging=
    method: GET
  response:
    body: <Tagging xmlns="http://s3.amazonaws.com/doc/2006-03-01/"><TagSet><Tag><Key>TestName</Key><Value>TestAccSCW_WebsiteConfig_basic</Value></Tag></TagSet></Tagging>
    headers:
      Content-Length:
      - "159"
      Content-Type:
      - application/xml
      Date:
      - Thu, 16 Feb 2023 13:25:27 GMT
      X-Amz-Id-2:
      - tx44fed6c1116b4f509719f-0063ee2ec6
      X-Amz-Request-Id:
      - tx44fed6c1116b4f509719f-0063ee2ec6
    status: 200 OK
    code: 200
    duration: ""
- request:
    body: ""
    form: {}
    headers:
      User-Agent:
      - aws-sdk-go/1.44.193 (go1.19.5; darwin; amd64)
      X-Amz-Content-Sha256:
      - e3b0c44298fc1c149afbf4c8996fb92427ae41e4649b934ca495991b7852b855
      X-Amz-Date:
      - 20230216T132527Z
    url: https://tf-acc-test-6936730191341154249.s3.fr-par.scw.cloud/?cors=
    method: GET
  response:
    body: |-
      <?xml version='1.0' encoding='UTF-8'?>
      <Error><Code>NoSuchCORSConfiguration</Code><Message>The CORS configuration does not exist</Message><RequestId>tx3be25a33d0954d1d8ccb9-0063ee2ec7</RequestId></Error>
    headers:
      Content-Type:
      - application/xml
      Date:
      - Thu, 16 Feb 2023 13:25:27 GMT
      X-Amz-Id-2:
      - tx3be25a33d0954d1d8ccb9-0063ee2ec7
      X-Amz-Request-Id:
      - tx3be25a33d0954d1d8ccb9-0063ee2ec7
    status: 404 Not Found
    code: 404
    duration: ""
- request:
    body: ""
    form: {}
    headers:
      User-Agent:
      - aws-sdk-go/1.44.193 (go1.19.5; darwin; amd64)
      X-Amz-Content-Sha256:
      - e3b0c44298fc1c149afbf4c8996fb92427ae41e4649b934ca495991b7852b855
      X-Amz-Date:
      - 20230216T132527Z
    url: https://tf-acc-test-6936730191341154249.s3.fr-par.scw.cloud/?versioning=
    method: GET
  response:
    body: |-
      <?xml version='1.0' encoding='UTF-8'?>
      <VersioningConfiguration xmlns="http://s3.amazonaws.com/doc/2006-03-01/"/>
    headers:
      Content-Length:
      - "113"
      Content-Type:
      - text/plain
      Date:
      - Thu, 16 Feb 2023 13:25:27 GMT
      X-Amz-Id-2:
      - tx1447f67b28244549abded-0063ee2ec7
      X-Amz-Request-Id:
      - tx1447f67b28244549abded-0063ee2ec7
    status: 200 OK
    code: 200
    duration: ""
- request:
    body: ""
    form: {}
    headers:
      User-Agent:
      - aws-sdk-go/1.44.193 (go1.19.5; darwin; amd64)
      X-Amz-Content-Sha256:
      - e3b0c44298fc1c149afbf4c8996fb92427ae41e4649b934ca495991b7852b855
      X-Amz-Date:
      - 20230216T132527Z
    url: https://tf-acc-test-6936730191341154249.s3.fr-par.scw.cloud/?lifecycle=
    method: GET
  response:
    body: |-
      <?xml version='1.0' encoding='UTF-8'?>
      <Error><Code>NoSuchLifecycleConfiguration</Code><Message>The lifecycle configuration does not exist.</Message><RequestId>tx8e5d671fc0dc46f9bb54e-0063ee2ec7</RequestId></Error>
    headers:
      Content-Type:
      - application/xml
      Date:
      - Thu, 16 Feb 2023 13:25:27 GMT
      X-Amz-Id-2:
      - tx8e5d671fc0dc46f9bb54e-0063ee2ec7
      X-Amz-Request-Id:
      - tx8e5d671fc0dc46f9bb54e-0063ee2ec7
    status: 404 Not Found
    code: 404
    duration: ""
- request:
    body: '{"Id":"MyPolicy","Statement":[{"Action":["s3:GetObject"],"Effect":"Allow","Principal":"*","Resource":["tf-acc-test-6936730191341154249/*"],"Sid":"GrantToEveryone"}],"Version":"2012-10-17"}'
    form: {}
    headers:
      Content-Length:
      - "188"
      Content-Md5:
      - NnrsyBwOCLJwYwGjABXyqQ==
      User-Agent:
      - aws-sdk-go/1.44.193 (go1.19.5; darwin; amd64)
      X-Amz-Content-Sha256:
      - 6f0fbbaee19b177fa0552ecc606003df67eb2198ff5470a1412bfd268b78a74e
      X-Amz-Date:
      - 20230216T132527Z
    url: https://tf-acc-test-6936730191341154249.s3.fr-par.scw.cloud/?policy=
    method: PUT
  response:
    body: ""
    headers:
      Content-Length:
      - "0"
      Content-Type:
      - text/html; charset=UTF-8
      Date:
      - Thu, 16 Feb 2023 13:25:27 GMT
      X-Amz-Id-2:
      - tx753e89646c1446929377f-0063ee2ec7
      X-Amz-Request-Id:
      - tx753e89646c1446929377f-0063ee2ec7
    status: 204 No Content
    code: 204
    duration: ""
- request:
    body: ""
    form: {}
    headers:
      User-Agent:
      - aws-sdk-go/1.44.193 (go1.19.5; darwin; amd64)
      X-Amz-Content-Sha256:
      - e3b0c44298fc1c149afbf4c8996fb92427ae41e4649b934ca495991b7852b855
      X-Amz-Date:
      - 20230216T132527Z
    url: https://tf-acc-test-6936730191341154249.s3.fr-par.scw.cloud/?policy=
    method: GET
  response:
    body: '{"Id":"MyPolicy","Statement":[{"Action":["s3:GetObject"],"Effect":"Allow","Principal":"*","Resource":["tf-acc-test-6936730191341154249/*"],"Sid":"GrantToEveryone"}],"Version":"2012-10-17"}'
    headers:
      Content-Length:
      - "202"
      Content-Type:
      - application/json
      Date:
      - Thu, 16 Feb 2023 13:25:27 GMT
      X-Amz-Id-2:
      - txe2aefcd67df74540989ce-0063ee2ec7
      X-Amz-Request-Id:
      - txe2aefcd67df74540989ce-0063ee2ec7
    status: 200 OK
    code: 200
    duration: ""
- request:
    body: ""
    form: {}
    headers:
      User-Agent:
      - aws-sdk-go/1.44.193 (go1.19.5; darwin; amd64)
      X-Amz-Content-Sha256:
      - e3b0c44298fc1c149afbf4c8996fb92427ae41e4649b934ca495991b7852b855
      X-Amz-Date:
      - 20230216T132527Z
    url: https://tf-acc-test-6936730191341154249.s3.fr-par.scw.cloud/
    method: GET
  response:
    body: |-
      <?xml version='1.0' encoding='UTF-8'?>
      <ListBucketResult xmlns="http://s3.amazonaws.com/doc/2006-03-01/"><Name>tf-acc-test-6936730191341154249</Name><Prefix/><Delimiter/><MaxKeys>1000</MaxKeys><IsTruncated>false</IsTruncated><Marker/></ListBucketResult>
    headers:
      Content-Length:
      - "253"
      Content-Type:
      - application/xml
      Date:
      - Thu, 16 Feb 2023 13:25:27 GMT
      X-Amz-Id-2:
      - txe08af87fa9d6428aa23a5-0063ee2ec7
      X-Amz-Request-Id:
      - txe08af87fa9d6428aa23a5-0063ee2ec7
    status: 200 OK
    code: 200
    duration: ""
- request:
    body: ""
    form: {}
    headers:
      User-Agent:
      - aws-sdk-go/1.44.193 (go1.19.5; darwin; amd64)
      X-Amz-Content-Sha256:
      - e3b0c44298fc1c149afbf4c8996fb92427ae41e4649b934ca495991b7852b855
      X-Amz-Date:
      - 20230216T132527Z
    url: https://tf-acc-test-6936730191341154249.s3.fr-par.scw.cloud/?acl=
    method: GET
  response:
    body: |-
      <?xml version='1.0' encoding='UTF-8'?>
      <AccessControlPolicy xmlns="http://s3.amazonaws.com/doc/2006-03-01/"><Owner><ID>105bdce1-64c0-48ab-899d-868455867ecf:105bdce1-64c0-48ab-899d-868455867ecf</ID><DisplayName>105bdce1-64c0-48ab-899d-868455867ecf:105bdce1-64c0-48ab-899d-868455867ecf</DisplayName></Owner><AccessControlList><Grant><Grantee xmlns:xsi="http://www.w3.org/2001/XMLSchema-instance" xsi:type="Group"><URI>http://acs.amazonaws.com/groups/global/AllUsers</URI></Grantee><Permission>READ</Permission></Grant><Grant><Grantee xmlns:xsi="http://www.w3.org/2001/XMLSchema-instance" xsi:type="CanonicalUser"><ID>105bdce1-64c0-48ab-899d-868455867ecf:105bdce1-64c0-48ab-899d-868455867ecf</ID><DisplayName>105bdce1-64c0-48ab-899d-868455867ecf:105bdce1-64c0-48ab-899d-868455867ecf</DisplayName></Grantee><Permission>FULL_CONTROL</Permission></Grant></AccessControlList></AccessControlPolicy>
    headers:
      Content-Length:
      - "890"
      Content-Type:
      - text/html; charset=UTF-8
      Date:
      - Thu, 16 Feb 2023 13:25:27 GMT
      X-Amz-Id-2:
      - tx5903132c920f4ce4a3c17-0063ee2ec7
      X-Amz-Request-Id:
      - tx5903132c920f4ce4a3c17-0063ee2ec7
    status: 200 OK
    code: 200
    duration: ""
- request:
    body: <WebsiteConfiguration xmlns="http://s3.amazonaws.com/doc/2006-03-01/"><IndexDocument><Suffix>index.html</Suffix></IndexDocument></WebsiteConfiguration>
    form: {}
    headers:
      Content-Length:
      - "151"
      Content-Md5:
      - 5iAZagulKcImaa6OW88qOQ==
      User-Agent:
      - aws-sdk-go/1.44.193 (go1.19.5; darwin; amd64)
      X-Amz-Content-Sha256:
      - 740d79d00f8c04c133f6dcdbbe98cb43ad9430438a2a077981940da18bb8237f
      X-Amz-Date:
      - 20230216T132527Z
    url: https://tf-acc-test-6936730191341154249.s3.fr-par.scw.cloud/?website=
    method: PUT
  response:
    body: ""
    headers:
      Content-Length:
      - "0"
      Content-Type:
      - text/html; charset=UTF-8
      Date:
      - Thu, 16 Feb 2023 13:25:28 GMT
      X-Amz-Id-2:
      - tx22517c9e2a4f48f4a4ef5-0063ee2ec7
      X-Amz-Request-Id:
      - tx22517c9e2a4f48f4a4ef5-0063ee2ec7
    status: 204 No Content
    code: 204
    duration: ""
- request:
    body: ""
    form: {}
    headers:
      User-Agent:
      - aws-sdk-go/1.44.193 (go1.19.5; darwin; amd64)
      X-Amz-Content-Sha256:
      - e3b0c44298fc1c149afbf4c8996fb92427ae41e4649b934ca495991b7852b855
      X-Amz-Date:
      - 20230216T132527Z
    url: https://tf-acc-test-6936730191341154249.s3.fr-par.scw.cloud/
    method: GET
  response:
    body: |-
      <?xml version='1.0' encoding='UTF-8'?>
      <ListBucketResult xmlns="http://s3.amazonaws.com/doc/2006-03-01/"><Name>tf-acc-test-6936730191341154249</Name><Prefix/><Delimiter/><MaxKeys>1000</MaxKeys><IsTruncated>false</IsTruncated><Marker/></ListBucketResult>
    headers:
      Content-Length:
      - "253"
      Content-Type:
      - application/xml
      Date:
      - Thu, 16 Feb 2023 13:25:28 GMT
      X-Amz-Id-2:
      - txe24c7229ad95429f9a436-0063ee2ec8
      X-Amz-Request-Id:
      - txe24c7229ad95429f9a436-0063ee2ec8
    status: 200 OK
    code: 200
    duration: ""
- request:
    body: ""
    form: {}
    headers:
      User-Agent:
      - aws-sdk-go/1.44.193 (go1.19.5; darwin; amd64)
      X-Amz-Content-Sha256:
      - e3b0c44298fc1c149afbf4c8996fb92427ae41e4649b934ca495991b7852b855
      X-Amz-Date:
      - 20230216T132528Z
    url: https://tf-acc-test-6936730191341154249.s3.fr-par.scw.cloud/?website=
    method: GET
  response:
    body: <WebsiteConfiguration xmlns="http://s3.amazonaws.com/doc/2006-03-01/"><IndexDocument><Suffix>index.html</Suffix></IndexDocument></WebsiteConfiguration>
    headers:
      Content-Length:
      - "151"
      Content-Type:
      - application/xml
      Date:
      - Thu, 16 Feb 2023 13:25:28 GMT
      X-Amz-Id-2:
      - tx5450c1249c8e4b68bf53e-0063ee2ec8
      X-Amz-Request-Id:
      - tx5450c1249c8e4b68bf53e-0063ee2ec8
    status: 200 OK
    code: 200
    duration: ""
- request:
    body: ""
    form: {}
    headers:
      User-Agent:
      - aws-sdk-go/1.44.193 (go1.19.5; darwin; amd64)
      X-Amz-Content-Sha256:
      - e3b0c44298fc1c149afbf4c8996fb92427ae41e4649b934ca495991b7852b855
      X-Amz-Date:
      - 20230216T132528Z
    url: https://tf-acc-test-6936730191341154249.s3.fr-par.scw.cloud/?acl=
    method: GET
  response:
    body: |-
      <?xml version='1.0' encoding='UTF-8'?>
      <AccessControlPolicy xmlns="http://s3.amazonaws.com/doc/2006-03-01/"><Owner><ID>105bdce1-64c0-48ab-899d-868455867ecf:105bdce1-64c0-48ab-899d-868455867ecf</ID><DisplayName>105bdce1-64c0-48ab-899d-868455867ecf:105bdce1-64c0-48ab-899d-868455867ecf</DisplayName></Owner><AccessControlList><Grant><Grantee xmlns:xsi="http://www.w3.org/2001/XMLSchema-instance" xsi:type="Group"><URI>http://acs.amazonaws.com/groups/global/AllUsers</URI></Grantee><Permission>READ</Permission></Grant><Grant><Grantee xmlns:xsi="http://www.w3.org/2001/XMLSchema-instance" xsi:type="CanonicalUser"><ID>105bdce1-64c0-48ab-899d-868455867ecf:105bdce1-64c0-48ab-899d-868455867ecf</ID><DisplayName>105bdce1-64c0-48ab-899d-868455867ecf:105bdce1-64c0-48ab-899d-868455867ecf</DisplayName></Grantee><Permission>FULL_CONTROL</Permission></Grant></AccessControlList></AccessControlPolicy>
    headers:
      Content-Length:
      - "890"
      Content-Type:
      - text/html; charset=UTF-8
      Date:
      - Thu, 16 Feb 2023 13:25:28 GMT
      X-Amz-Id-2:
      - tx79834fd8a08349d1b69a6-0063ee2ec8
      X-Amz-Request-Id:
      - tx79834fd8a08349d1b69a6-0063ee2ec8
    status: 200 OK
    code: 200
    duration: ""
- request:
    body: ""
    form: {}
    headers:
      User-Agent:
      - aws-sdk-go/1.44.193 (go1.19.5; darwin; amd64)
      X-Amz-Content-Sha256:
      - e3b0c44298fc1c149afbf4c8996fb92427ae41e4649b934ca495991b7852b855
      X-Amz-Date:
      - 20230216T132528Z
    url: https://tf-acc-test-6936730191341154249.s3.fr-par.scw.cloud/?website=
    method: GET
  response:
    body: <WebsiteConfiguration xmlns="http://s3.amazonaws.com/doc/2006-03-01/"><IndexDocument><Suffix>index.html</Suffix></IndexDocument></WebsiteConfiguration>
    headers:
      Content-Length:
      - "151"
      Content-Type:
      - application/xml
      Date:
      - Thu, 16 Feb 2023 13:25:29 GMT
      X-Amz-Id-2:
      - tx39c814bb103444249b17b-0063ee2ec9
      X-Amz-Request-Id:
      - tx39c814bb103444249b17b-0063ee2ec9
    status: 200 OK
    code: 200
    duration: ""
- request:
    body: ""
    form: {}
    headers:
      User-Agent:
      - aws-sdk-go/1.44.193 (go1.19.5; darwin; amd64)
      X-Amz-Content-Sha256:
      - e3b0c44298fc1c149afbf4c8996fb92427ae41e4649b934ca495991b7852b855
      X-Amz-Date:
      - 20230216T132529Z
    url: https://tf-acc-test-6936730191341154249.s3.fr-par.scw.cloud/?acl=
    method: GET
  response:
    body: |-
      <?xml version='1.0' encoding='UTF-8'?>
      <AccessControlPolicy xmlns="http://s3.amazonaws.com/doc/2006-03-01/"><Owner><ID>105bdce1-64c0-48ab-899d-868455867ecf:105bdce1-64c0-48ab-899d-868455867ecf</ID><DisplayName>105bdce1-64c0-48ab-899d-868455867ecf:105bdce1-64c0-48ab-899d-868455867ecf</DisplayName></Owner><AccessControlList><Grant><Grantee xmlns:xsi="http://www.w3.org/2001/XMLSchema-instance" xsi:type="Group"><URI>http://acs.amazonaws.com/groups/global/AllUsers</URI></Grantee><Permission>READ</Permission></Grant><Grant><Grantee xmlns:xsi="http://www.w3.org/2001/XMLSchema-instance" xsi:type="CanonicalUser"><ID>105bdce1-64c0-48ab-899d-868455867ecf:105bdce1-64c0-48ab-899d-868455867ecf</ID><DisplayName>105bdce1-64c0-48ab-899d-868455867ecf:105bdce1-64c0-48ab-899d-868455867ecf</DisplayName></Grantee><Permission>FULL_CONTROL</Permission></Grant></AccessControlList></AccessControlPolicy>
    headers:
      Content-Length:
      - "890"
      Content-Type:
      - text/html; charset=UTF-8
      Date:
      - Thu, 16 Feb 2023 13:25:29 GMT
      X-Amz-Id-2:
      - txd440b7adc9554424b3f3a-0063ee2ec9
      X-Amz-Request-Id:
      - txd440b7adc9554424b3f3a-0063ee2ec9
    status: 200 OK
    code: 200
    duration: ""
- request:
    body: ""
    form: {}
    headers:
      User-Agent:
      - aws-sdk-go/1.44.193 (go1.19.5; darwin; amd64)
      X-Amz-Content-Sha256:
      - e3b0c44298fc1c149afbf4c8996fb92427ae41e4649b934ca495991b7852b855
      X-Amz-Date:
      - 20230216T132529Z
    url: https://tf-acc-test-6936730191341154249.s3.fr-par.scw.cloud/?object-lock=
    method: GET
  response:
    body: |-
      <?xml version='1.0' encoding='UTF-8'?>
      <Error><Code>ObjectLockConfigurationNotFoundError</Code><Message>Object Lock configuration does not exist for this bucket</Message><RequestId>tx03fe7bcb82924c6daa32b-0063ee2ec9</RequestId></Error>
    headers:
      Content-Type:
      - application/xml
      Date:
      - Thu, 16 Feb 2023 13:25:29 GMT
      X-Amz-Id-2:
      - tx03fe7bcb82924c6daa32b-0063ee2ec9
      X-Amz-Request-Id:
      - tx03fe7bcb82924c6daa32b-0063ee2ec9
    status: 404 Not Found
    code: 404
    duration: ""
- request:
    body: ""
    form: {}
    headers:
      User-Agent:
      - aws-sdk-go/1.44.193 (go1.19.5; darwin; amd64)
      X-Amz-Content-Sha256:
      - e3b0c44298fc1c149afbf4c8996fb92427ae41e4649b934ca495991b7852b855
      X-Amz-Date:
      - 20230216T132529Z
    url: https://tf-acc-test-6936730191341154249.s3.fr-par.scw.cloud/
    method: GET
  response:
    body: |-
      <?xml version='1.0' encoding='UTF-8'?>
      <ListBucketResult xmlns="http://s3.amazonaws.com/doc/2006-03-01/"><Name>tf-acc-test-6936730191341154249</Name><Prefix/><Delimiter/><MaxKeys>1000</MaxKeys><IsTruncated>false</IsTruncated><Marker/></ListBucketResult>
    headers:
      Content-Length:
      - "253"
      Content-Type:
      - application/xml
      Date:
      - Thu, 16 Feb 2023 13:25:30 GMT
      X-Amz-Id-2:
      - txb6ece368d8b94f348c3c8-0063ee2eca
      X-Amz-Request-Id:
      - txb6ece368d8b94f348c3c8-0063ee2eca
    status: 200 OK
    code: 200
    duration: ""
- request:
    body: ""
    form: {}
    headers:
      User-Agent:
      - aws-sdk-go/1.44.193 (go1.19.5; darwin; amd64)
      X-Amz-Content-Sha256:
      - e3b0c44298fc1c149afbf4c8996fb92427ae41e4649b934ca495991b7852b855
      X-Amz-Date:
      - 20230216T132530Z
    url: https://tf-acc-test-6936730191341154249.s3.fr-par.scw.cloud/?tagging=
    method: GET
  response:
    body: <Tagging xmlns="http://s3.amazonaws.com/doc/2006-03-01/"><TagSet><Tag><Key>TestName</Key><Value>TestAccSCW_WebsiteConfig_basic</Value></Tag></TagSet></Tagging>
    headers:
      Content-Length:
      - "159"
      Content-Type:
      - application/xml
      Date:
      - Thu, 16 Feb 2023 13:25:30 GMT
      X-Amz-Id-2:
      - tx117cf4b6e28c464099f94-0063ee2eca
      X-Amz-Request-Id:
      - tx117cf4b6e28c464099f94-0063ee2eca
    status: 200 OK
    code: 200
    duration: ""
- request:
    body: ""
    form: {}
    headers:
      User-Agent:
      - aws-sdk-go/1.44.193 (go1.19.5; darwin; amd64)
      X-Amz-Content-Sha256:
      - e3b0c44298fc1c149afbf4c8996fb92427ae41e4649b934ca495991b7852b855
      X-Amz-Date:
      - 20230216T132530Z
    url: https://tf-acc-test-6936730191341154249.s3.fr-par.scw.cloud/?cors=
    method: GET
  response:
    body: |-
      <?xml version='1.0' encoding='UTF-8'?>
      <Error><Code>NoSuchCORSConfiguration</Code><Message>The CORS configuration does not exist</Message><RequestId>txb7345d8581fa4e9eaa057-0063ee2eca</RequestId></Error>
    headers:
      Content-Type:
      - application/xml
      Date:
      - Thu, 16 Feb 2023 13:25:30 GMT
      X-Amz-Id-2:
      - txb7345d8581fa4e9eaa057-0063ee2eca
      X-Amz-Request-Id:
      - txb7345d8581fa4e9eaa057-0063ee2eca
    status: 404 Not Found
    code: 404
    duration: ""
- request:
    body: ""
    form: {}
    headers:
      User-Agent:
      - aws-sdk-go/1.44.193 (go1.19.5; darwin; amd64)
      X-Amz-Content-Sha256:
      - e3b0c44298fc1c149afbf4c8996fb92427ae41e4649b934ca495991b7852b855
      X-Amz-Date:
      - 20230216T132530Z
    url: https://tf-acc-test-6936730191341154249.s3.fr-par.scw.cloud/?versioning=
    method: GET
  response:
    body: |-
      <?xml version='1.0' encoding='UTF-8'?>
      <VersioningConfiguration xmlns="http://s3.amazonaws.com/doc/2006-03-01/"/>
    headers:
      Content-Length:
      - "113"
      Content-Type:
      - text/plain
      Date:
      - Thu, 16 Feb 2023 13:25:30 GMT
      X-Amz-Id-2:
      - tx317390d6202e443ca24ef-0063ee2eca
      X-Amz-Request-Id:
      - tx317390d6202e443ca24ef-0063ee2eca
    status: 200 OK
    code: 200
    duration: ""
- request:
    body: ""
    form: {}
    headers:
      User-Agent:
      - aws-sdk-go/1.44.193 (go1.19.5; darwin; amd64)
      X-Amz-Content-Sha256:
      - e3b0c44298fc1c149afbf4c8996fb92427ae41e4649b934ca495991b7852b855
      X-Amz-Date:
      - 20230216T132530Z
    url: https://tf-acc-test-6936730191341154249.s3.fr-par.scw.cloud/?lifecycle=
    method: GET
  response:
    body: |-
      <?xml version='1.0' encoding='UTF-8'?>
      <Error><Code>NoSuchLifecycleConfiguration</Code><Message>The lifecycle configuration does not exist.</Message><RequestId>tx007226f8c5e142e39a5ab-0063ee2eca</RequestId></Error>
    headers:
      Content-Type:
      - application/xml
      Date:
      - Thu, 16 Feb 2023 13:25:31 GMT
      X-Amz-Id-2:
      - tx007226f8c5e142e39a5ab-0063ee2eca
      X-Amz-Request-Id:
      - tx007226f8c5e142e39a5ab-0063ee2eca
    status: 404 Not Found
    code: 404
    duration: ""
- request:
    body: ""
    form: {}
    headers:
      User-Agent:
      - aws-sdk-go/1.44.193 (go1.19.5; darwin; amd64)
      X-Amz-Content-Sha256:
      - e3b0c44298fc1c149afbf4c8996fb92427ae41e4649b934ca495991b7852b855
      X-Amz-Date:
      - 20230216T132530Z
    url: https://tf-acc-test-6936730191341154249.s3.fr-par.scw.cloud/
    method: GET
  response:
    body: |-
      <?xml version='1.0' encoding='UTF-8'?>
      <ListBucketResult xmlns="http://s3.amazonaws.com/doc/2006-03-01/"><Name>tf-acc-test-6936730191341154249</Name><Prefix/><Delimiter/><MaxKeys>1000</MaxKeys><IsTruncated>false</IsTruncated><Marker/></ListBucketResult>
    headers:
      Content-Length:
      - "253"
      Content-Type:
      - application/xml
      Date:
      - Thu, 16 Feb 2023 13:25:31 GMT
      X-Amz-Id-2:
      - tx09470d2f31c041e59a210-0063ee2ecb
      X-Amz-Request-Id:
      - tx09470d2f31c041e59a210-0063ee2ecb
    status: 200 OK
    code: 200
    duration: ""
- request:
    body: ""
    form: {}
    headers:
      User-Agent:
      - aws-sdk-go/1.44.193 (go1.19.5; darwin; amd64)
      X-Amz-Content-Sha256:
      - e3b0c44298fc1c149afbf4c8996fb92427ae41e4649b934ca495991b7852b855
      X-Amz-Date:
      - 20230216T132531Z
    url: https://tf-acc-test-6936730191341154249.s3.fr-par.scw.cloud/?website=
    method: GET
  response:
    body: <WebsiteConfiguration xmlns="http://s3.amazonaws.com/doc/2006-03-01/"><IndexDocument><Suffix>index.html</Suffix></IndexDocument></WebsiteConfiguration>
    headers:
      Content-Length:
      - "151"
      Content-Type:
      - application/xml
      Date:
      - Thu, 16 Feb 2023 13:25:31 GMT
      X-Amz-Id-2:
      - txb7f3598b63d54a8c83c84-0063ee2ecb
      X-Amz-Request-Id:
      - txb7f3598b63d54a8c83c84-0063ee2ecb
    status: 200 OK
    code: 200
    duration: ""
- request:
    body: ""
    form: {}
    headers:
      User-Agent:
      - aws-sdk-go/1.44.193 (go1.19.5; darwin; amd64)
      X-Amz-Content-Sha256:
      - e3b0c44298fc1c149afbf4c8996fb92427ae41e4649b934ca495991b7852b855
      X-Amz-Date:
      - 20230216T132530Z
    url: https://tf-acc-test-6936730191341154249.s3.fr-par.scw.cloud/?policy=
    method: GET
  response:
    body: '{"Id":"MyPolicy","Statement":[{"Action":["s3:GetObject"],"Effect":"Allow","Principal":"*","Resource":["tf-acc-test-6936730191341154249/*"],"Sid":"GrantToEveryone"}],"Version":"2012-10-17"}'
    headers:
      Content-Length:
      - "202"
      Content-Type:
      - application/json
      Date:
      - Thu, 16 Feb 2023 13:25:31 GMT
      X-Amz-Id-2:
      - txf797c30fdd3440f5a8180-0063ee2ecb
      X-Amz-Request-Id:
      - txf797c30fdd3440f5a8180-0063ee2ecb
    status: 200 OK
    code: 200
    duration: ""
- request:
    body: ""
    form: {}
    headers:
      User-Agent:
      - aws-sdk-go/1.44.193 (go1.19.5; darwin; amd64)
      X-Amz-Content-Sha256:
      - e3b0c44298fc1c149afbf4c8996fb92427ae41e4649b934ca495991b7852b855
      X-Amz-Date:
      - 20230216T132531Z
    url: https://tf-acc-test-6936730191341154249.s3.fr-par.scw.cloud/?acl=
    method: GET
  response:
    body: |-
      <?xml version='1.0' encoding='UTF-8'?>
      <AccessControlPolicy xmlns="http://s3.amazonaws.com/doc/2006-03-01/"><Owner><ID>105bdce1-64c0-48ab-899d-868455867ecf:105bdce1-64c0-48ab-899d-868455867ecf</ID><DisplayName>105bdce1-64c0-48ab-899d-868455867ecf:105bdce1-64c0-48ab-899d-868455867ecf</DisplayName></Owner><AccessControlList><Grant><Grantee xmlns:xsi="http://www.w3.org/2001/XMLSchema-instance" xsi:type="Group"><URI>http://acs.amazonaws.com/groups/global/AllUsers</URI></Grantee><Permission>READ</Permission></Grant><Grant><Grantee xmlns:xsi="http://www.w3.org/2001/XMLSchema-instance" xsi:type="CanonicalUser"><ID>105bdce1-64c0-48ab-899d-868455867ecf:105bdce1-64c0-48ab-899d-868455867ecf</ID><DisplayName>105bdce1-64c0-48ab-899d-868455867ecf:105bdce1-64c0-48ab-899d-868455867ecf</DisplayName></Grantee><Permission>FULL_CONTROL</Permission></Grant></AccessControlList></AccessControlPolicy>
    headers:
      Content-Length:
      - "890"
      Content-Type:
      - text/html; charset=UTF-8
      Date:
      - Thu, 16 Feb 2023 13:25:31 GMT
      X-Amz-Id-2:
      - tx1da038665ace4f51ac9b9-0063ee2ecb
      X-Amz-Request-Id:
      - tx1da038665ace4f51ac9b9-0063ee2ecb
    status: 200 OK
    code: 200
    duration: ""
- request:
    body: ""
    form: {}
    headers:
      User-Agent:
      - aws-sdk-go/1.44.193 (go1.19.5; darwin; amd64)
      X-Amz-Content-Sha256:
      - e3b0c44298fc1c149afbf4c8996fb92427ae41e4649b934ca495991b7852b855
      X-Amz-Date:
      - 20230216T132531Z
    url: https://tf-acc-test-6936730191341154249.s3.fr-par.scw.cloud/?acl=
    method: GET
  response:
    body: |-
      <?xml version='1.0' encoding='UTF-8'?>
      <AccessControlPolicy xmlns="http://s3.amazonaws.com/doc/2006-03-01/"><Owner><ID>105bdce1-64c0-48ab-899d-868455867ecf:105bdce1-64c0-48ab-899d-868455867ecf</ID><DisplayName>105bdce1-64c0-48ab-899d-868455867ecf:105bdce1-64c0-48ab-899d-868455867ecf</DisplayName></Owner><AccessControlList><Grant><Grantee xmlns:xsi="http://www.w3.org/2001/XMLSchema-instance" xsi:type="Group"><URI>http://acs.amazonaws.com/groups/global/AllUsers</URI></Grantee><Permission>READ</Permission></Grant><Grant><Grantee xmlns:xsi="http://www.w3.org/2001/XMLSchema-instance" xsi:type="CanonicalUser"><ID>105bdce1-64c0-48ab-899d-868455867ecf:105bdce1-64c0-48ab-899d-868455867ecf</ID><DisplayName>105bdce1-64c0-48ab-899d-868455867ecf:105bdce1-64c0-48ab-899d-868455867ecf</DisplayName></Grantee><Permission>FULL_CONTROL</Permission></Grant></AccessControlList></AccessControlPolicy>
    headers:
      Content-Length:
      - "890"
      Content-Type:
      - text/html; charset=UTF-8
      Date:
      - Thu, 16 Feb 2023 13:25:31 GMT
      X-Amz-Id-2:
      - txe196a273534046ccad152-0063ee2ecb
      X-Amz-Request-Id:
      - txe196a273534046ccad152-0063ee2ecb
    status: 200 OK
    code: 200
    duration: ""
- request:
    body: ""
    form: {}
    headers:
      User-Agent:
      - aws-sdk-go/1.44.193 (go1.19.5; darwin; amd64)
      X-Amz-Content-Sha256:
      - e3b0c44298fc1c149afbf4c8996fb92427ae41e4649b934ca495991b7852b855
      X-Amz-Date:
      - 20230216T132531Z
    url: https://tf-acc-test-6936730191341154249.s3.fr-par.scw.cloud/
    method: GET
  response:
    body: |-
      <?xml version='1.0' encoding='UTF-8'?>
      <ListBucketResult xmlns="http://s3.amazonaws.com/doc/2006-03-01/"><Name>tf-acc-test-6936730191341154249</Name><Prefix/><Delimiter/><MaxKeys>1000</MaxKeys><IsTruncated>false</IsTruncated><Marker/></ListBucketResult>
    headers:
      Content-Length:
      - "253"
      Content-Type:
      - application/xml
      Date:
      - Thu, 16 Feb 2023 13:25:32 GMT
      X-Amz-Id-2:
      - tx63348a71f4e0495c8ba0a-0063ee2ecc
      X-Amz-Request-Id:
      - tx63348a71f4e0495c8ba0a-0063ee2ecc
    status: 200 OK
    code: 200
    duration: ""
- request:
    body: ""
    form: {}
    headers:
      User-Agent:
      - aws-sdk-go/1.44.193 (go1.19.5; darwin; amd64)
      X-Amz-Content-Sha256:
      - e3b0c44298fc1c149afbf4c8996fb92427ae41e4649b934ca495991b7852b855
      X-Amz-Date:
      - 20230216T132532Z
    url: https://tf-acc-test-6936730191341154249.s3.fr-par.scw.cloud/?website=
    method: GET
  response:
    body: <WebsiteConfiguration xmlns="http://s3.amazonaws.com/doc/2006-03-01/"><IndexDocument><Suffix>index.html</Suffix></IndexDocument></WebsiteConfiguration>
    headers:
      Content-Length:
      - "151"
      Content-Type:
      - application/xml
      Date:
      - Thu, 16 Feb 2023 13:25:32 GMT
      X-Amz-Id-2:
      - txfd2472b2ac5d407a84202-0063ee2ecc
      X-Amz-Request-Id:
      - txfd2472b2ac5d407a84202-0063ee2ecc
    status: 200 OK
    code: 200
    duration: ""
- request:
    body: ""
    form: {}
    headers:
      User-Agent:
      - aws-sdk-go/1.44.193 (go1.19.5; darwin; amd64)
      X-Amz-Content-Sha256:
      - e3b0c44298fc1c149afbf4c8996fb92427ae41e4649b934ca495991b7852b855
      X-Amz-Date:
      - 20230216T132532Z
    url: https://tf-acc-test-6936730191341154249.s3.fr-par.scw.cloud/?acl=
    method: GET
  response:
    body: |-
      <?xml version='1.0' encoding='UTF-8'?>
      <AccessControlPolicy xmlns="http://s3.amazonaws.com/doc/2006-03-01/"><Owner><ID>105bdce1-64c0-48ab-899d-868455867ecf:105bdce1-64c0-48ab-899d-868455867ecf</ID><DisplayName>105bdce1-64c0-48ab-899d-868455867ecf:105bdce1-64c0-48ab-899d-868455867ecf</DisplayName></Owner><AccessControlList><Grant><Grantee xmlns:xsi="http://www.w3.org/2001/XMLSchema-instance" xsi:type="Group"><URI>http://acs.amazonaws.com/groups/global/AllUsers</URI></Grantee><Permission>READ</Permission></Grant><Grant><Grantee xmlns:xsi="http://www.w3.org/2001/XMLSchema-instance" xsi:type="CanonicalUser"><ID>105bdce1-64c0-48ab-899d-868455867ecf:105bdce1-64c0-48ab-899d-868455867ecf</ID><DisplayName>105bdce1-64c0-48ab-899d-868455867ecf:105bdce1-64c0-48ab-899d-868455867ecf</DisplayName></Grantee><Permission>FULL_CONTROL</Permission></Grant></AccessControlList></AccessControlPolicy>
    headers:
      Content-Length:
      - "890"
      Content-Type:
      - text/html; charset=UTF-8
      Date:
      - Thu, 16 Feb 2023 13:25:33 GMT
      X-Amz-Id-2:
      - tx2995b023a25744c18f6af-0063ee2ecc
      X-Amz-Request-Id:
      - tx2995b023a25744c18f6af-0063ee2ecc
    status: 200 OK
    code: 200
    duration: ""
- request:
    body: ""
    form: {}
    headers:
      User-Agent:
      - aws-sdk-go/1.44.193 (go1.19.5; darwin; amd64)
      X-Amz-Content-Sha256:
      - e3b0c44298fc1c149afbf4c8996fb92427ae41e4649b934ca495991b7852b855
      X-Amz-Date:
      - 20230216T132533Z
    url: https://tf-acc-test-6936730191341154249.s3.fr-par.scw.cloud/?policy=
    method: DELETE
  response:
    body: ""
    headers:
      Content-Length:
      - "0"
      Content-Type:
      - text/html; charset=UTF-8
      Date:
      - Thu, 16 Feb 2023 13:25:33 GMT
      X-Amz-Id-2:
      - txd0cddd0f86b448f3b25e4-0063ee2ecd
      X-Amz-Request-Id:
      - txd0cddd0f86b448f3b25e4-0063ee2ecd
    status: 204 No Content
    code: 204
    duration: ""
- request:
    body: ""
    form: {}
    headers:
      User-Agent:
      - aws-sdk-go/1.44.193 (go1.19.5; darwin; amd64)
      X-Amz-Content-Sha256:
      - e3b0c44298fc1c149afbf4c8996fb92427ae41e4649b934ca495991b7852b855
      X-Amz-Date:
      - 20230216T132533Z
    url: https://tf-acc-test-6936730191341154249.s3.fr-par.scw.cloud/?website=
    method: DELETE
  response:
    body: ""
    headers:
      Content-Length:
      - "0"
      Content-Type:
      - text/html; charset=UTF-8
      Date:
      - Thu, 16 Feb 2023 13:25:33 GMT
      X-Amz-Id-2:
      - tx332019a51de94c11929e6-0063ee2ecd
      X-Amz-Request-Id:
      - tx332019a51de94c11929e6-0063ee2ecd
    status: 204 No Content
    code: 204
    duration: ""
- request:
    body: ""
    form: {}
    headers:
      User-Agent:
      - aws-sdk-go/1.44.193 (go1.19.5; darwin; amd64)
      X-Amz-Content-Sha256:
      - e3b0c44298fc1c149afbf4c8996fb92427ae41e4649b934ca495991b7852b855
      X-Amz-Date:
      - 20230216T132533Z
    url: https://tf-acc-test-6936730191341154249.s3.fr-par.scw.cloud/
    method: DELETE
  response:
    body: ""
    headers:
      Content-Length:
      - "0"
      Content-Type:
      - text/html; charset=UTF-8
      Date:
      - Thu, 16 Feb 2023 13:25:34 GMT
      X-Amz-Id-2:
      - tx0456c8bf47d440d882f7e-0063ee2ecd
      X-Amz-Request-Id:
      - tx0456c8bf47d440d882f7e-0063ee2ecd
    status: 204 No Content
    code: 204
    duration: ""
- request:
    body: ""
    form: {}
    headers:
      User-Agent:
      - aws-sdk-go/1.44.193 (go1.19.5; darwin; amd64)
      X-Amz-Content-Sha256:
      - e3b0c44298fc1c149afbf4c8996fb92427ae41e4649b934ca495991b7852b855
      X-Amz-Date:
      - 20230216T132534Z
    url: https://tf-acc-test-6936730191341154249.s3.fr-par.scw.cloud/?website=
    method: GET
  response:
    body: |-
      <?xml version='1.0' encoding='UTF-8'?>
      <Error><Code>NoSuchBucket</Code><Message>The specified bucket does not exist.</Message><RequestId>tx0e95a7c56473439db9733-0063ee2ece</RequestId><BucketName>tf-acc-test-6936730191341154249</BucketName></Error>
    headers:
      Content-Type:
      - application/xml
      Date:
      - Thu, 16 Feb 2023 13:25:34 GMT
      X-Amz-Id-2:
      - tx0e95a7c56473439db9733-0063ee2ece
      X-Amz-Request-Id:
      - tx0e95a7c56473439db9733-0063ee2ece
    status: 404 Not Found
    code: 404
    duration: ""
