---
version: 1
interactions:
- request:
    body: '{"project_id":"63a66ec9-a385-4194-bc15-04aa6921274a","subnet":"192.168.1.0/24","address":null,"pool_low":null,"pool_high":null,"enable_dynamic":false,"valid_lifetime":null,"renew_timer":null,"rebind_timer":null,"push_default_route":false,"push_dns_server":null,"dns_servers_override":null,"dns_search":null,"dns_local_name":null}'
    form: {}
    headers:
      Content-Type:
      - application/json
      User-Agent:
      - scaleway-sdk-go/v1.0.0-beta.7+dev (go1.17.1; darwin; amd64) terraform-provider/develop
        terraform/terraform-tests
    url: https://api.scaleway.com/vpc-gw/v1/zones/fr-par-1/dhcps
    method: POST
  response:
    body: '{"id":"d761582e-8376-4147-b274-281af8990658","organization_id":"63a66ec9-a385-4194-bc15-04aa6921274a","project_id":"63a66ec9-a385-4194-bc15-04aa6921274a","created_at":"2021-10-08T15:04:10.826916Z","updated_at":"2021-10-08T15:04:10.826916Z","subnet":"192.168.1.0/24","address":"192.168.1.1","pool_low":"192.168.1.2","pool_high":"192.168.1.254","enable_dynamic":false,"valid_lifetime":"3600s","renew_timer":"3000s","rebind_timer":"3060s","push_default_route":false,"push_dns_server":true,"dns_servers_override":[],"dns_search":[],"dns_local_name":"priv","zone":"fr-par-1"}'
    headers:
      Content-Length:
      - "570"
      Content-Security-Policy:
      - default-src 'none'; frame-ancestors 'none'
      Content-Type:
      - application/json
      Date:
      - Fri, 08 Oct 2021 15:04:10 GMT
      Server:
      - Scaleway API-Gateway
      Strict-Transport-Security:
      - max-age=63072000
      X-Content-Type-Options:
      - nosniff
      X-Frame-Options:
      - DENY
      X-Request-Id:
      - c22f1faa-9186-4427-84d2-6580e80af8d6
    status: 200 OK
    code: 200
    duration: ""
- request:
    body: '{"name":"pn_test_network","project_id":"63a66ec9-a385-4194-bc15-04aa6921274a","tags":[]}'
    form: {}
    headers:
      Content-Type:
      - application/json
      User-Agent:
      - scaleway-sdk-go/v1.0.0-beta.7+dev (go1.17.1; darwin; amd64) terraform-provider/develop
        terraform/terraform-tests
    url: https://api.scaleway.com/vpc/v1/zones/fr-par-1/private-networks
    method: POST
  response:
    body: '{"id":"39d436fa-2180-4c9f-b404-4fe4cc500c10","name":"pn_test_network","tags":[],"organization_id":"63a66ec9-a385-4194-bc15-04aa6921274a","created_at":"2021-10-08T15:04:10.785097Z","updated_at":"2021-10-08T15:04:10.785097Z","project_id":"63a66ec9-a385-4194-bc15-04aa6921274a","zone":"fr-par-1"}'
    headers:
      Content-Length:
      - "293"
      Content-Security-Policy:
      - default-src 'none'; frame-ancestors 'none'
      Content-Type:
      - application/json
      Date:
      - Fri, 08 Oct 2021 15:04:10 GMT
      Server:
      - Scaleway API-Gateway
      Strict-Transport-Security:
      - max-age=63072000
      X-Content-Type-Options:
      - nosniff
      X-Frame-Options:
      - DENY
      X-Request-Id:
      - fc72386d-4ab1-4938-827c-478972b3aa2b
    status: 200 OK
    code: 200
    duration: ""
- request:
    body: ""
    form: {}
    headers:
      User-Agent:
      - scaleway-sdk-go/v1.0.0-beta.7+dev (go1.17.1; darwin; amd64) terraform-provider/develop
        terraform/terraform-tests
    url: https://api.scaleway.com/vpc-gw/v1/zones/fr-par-1/dhcps/d761582e-8376-4147-b274-281af8990658
    method: GET
  response:
    body: '{"id":"d761582e-8376-4147-b274-281af8990658","organization_id":"63a66ec9-a385-4194-bc15-04aa6921274a","project_id":"63a66ec9-a385-4194-bc15-04aa6921274a","created_at":"2021-10-08T15:04:10.826916Z","updated_at":"2021-10-08T15:04:10.826916Z","subnet":"192.168.1.0/24","address":"192.168.1.1","pool_low":"192.168.1.2","pool_high":"192.168.1.254","enable_dynamic":false,"valid_lifetime":"3600s","renew_timer":"3000s","rebind_timer":"3060s","push_default_route":false,"push_dns_server":true,"dns_servers_override":[],"dns_search":[],"dns_local_name":"priv","zone":"fr-par-1"}'
    headers:
      Content-Length:
      - "570"
      Content-Security-Policy:
      - default-src 'none'; frame-ancestors 'none'
      Content-Type:
      - application/json
      Date:
      - Fri, 08 Oct 2021 15:04:10 GMT
      Server:
      - Scaleway API-Gateway
      Strict-Transport-Security:
      - max-age=63072000
      X-Content-Type-Options:
      - nosniff
      X-Frame-Options:
      - DENY
      X-Request-Id:
      - 2bd92d9f-3a51-4353-84eb-0746f9d57c2d
    status: 200 OK
    code: 200
    duration: ""
- request:
    body: ""
    form: {}
    headers:
      User-Agent:
      - scaleway-sdk-go/v1.0.0-beta.7+dev (go1.17.1; darwin; amd64) terraform-provider/develop
        terraform/terraform-tests
    url: https://api.scaleway.com/vpc/v1/zones/fr-par-1/private-networks/39d436fa-2180-4c9f-b404-4fe4cc500c10
    method: GET
  response:
    body: '{"id":"39d436fa-2180-4c9f-b404-4fe4cc500c10","name":"pn_test_network","tags":[],"organization_id":"63a66ec9-a385-4194-bc15-04aa6921274a","created_at":"2021-10-08T15:04:10.785097Z","updated_at":"2021-10-08T15:04:10.785097Z","project_id":"63a66ec9-a385-4194-bc15-04aa6921274a","zone":"fr-par-1"}'
    headers:
      Content-Length:
      - "293"
      Content-Security-Policy:
      - default-src 'none'; frame-ancestors 'none'
      Content-Type:
      - application/json
      Date:
      - Fri, 08 Oct 2021 15:04:10 GMT
      Server:
      - Scaleway API-Gateway
      Strict-Transport-Security:
      - max-age=63072000
      X-Content-Type-Options:
      - nosniff
      X-Frame-Options:
      - DENY
      X-Request-Id:
      - b92e7a06-7963-4dd4-beb5-d537818c7171
    status: 200 OK
    code: 200
    duration: ""
- request:
    body: '{"project_id":"63a66ec9-a385-4194-bc15-04aa6921274a","tags":[]}'
    form: {}
    headers:
      Content-Type:
      - application/json
      User-Agent:
      - scaleway-sdk-go/v1.0.0-beta.7+dev (go1.17.1; darwin; amd64) terraform-provider/develop
        terraform/terraform-tests
    url: https://api.scaleway.com/vpc-gw/v1/zones/fr-par-1/ips
    method: POST
  response:
    body: '{"id":"a0b79e0c-95c1-4357-8083-ffa383be2e99","organization_id":"63a66ec9-a385-4194-bc15-04aa6921274a","project_id":"63a66ec9-a385-4194-bc15-04aa6921274a","created_at":"2021-10-08T15:04:11.388652Z","updated_at":"2021-10-08T15:04:11.388652Z","tags":[],"address":"51.15.235.29","reverse":"29-235-15-51.instances.scw.cloud","zone":"fr-par-1"}'
    headers:
      Content-Length:
      - "338"
      Content-Security-Policy:
      - default-src 'none'; frame-ancestors 'none'
      Content-Type:
      - application/json
      Date:
      - Fri, 08 Oct 2021 15:04:11 GMT
      Server:
      - Scaleway API-Gateway
      Strict-Transport-Security:
      - max-age=63072000
      X-Content-Type-Options:
      - nosniff
      X-Frame-Options:
      - DENY
      X-Request-Id:
      - 3b9dc678-4cfa-4e21-b581-cc0cedfd7b78
    status: 200 OK
    code: 200
    duration: ""
- request:
    body: ""
    form: {}
    headers:
      User-Agent:
      - scaleway-sdk-go/v1.0.0-beta.7+dev (go1.17.1; darwin; amd64) terraform-provider/develop
        terraform/terraform-tests
    url: https://api.scaleway.com/vpc-gw/v1/zones/fr-par-1/ips/a0b79e0c-95c1-4357-8083-ffa383be2e99
    method: GET
  response:
    body: '{"id":"a0b79e0c-95c1-4357-8083-ffa383be2e99","organization_id":"63a66ec9-a385-4194-bc15-04aa6921274a","project_id":"63a66ec9-a385-4194-bc15-04aa6921274a","created_at":"2021-10-08T15:04:11.388652Z","updated_at":"2021-10-08T15:04:11.388652Z","tags":[],"address":"51.15.235.29","reverse":"29-235-15-51.instances.scw.cloud","zone":"fr-par-1"}'
    headers:
      Content-Length:
      - "338"
      Content-Security-Policy:
      - default-src 'none'; frame-ancestors 'none'
      Content-Type:
      - application/json
      Date:
      - Fri, 08 Oct 2021 15:04:11 GMT
      Server:
      - Scaleway API-Gateway
      Strict-Transport-Security:
      - max-age=63072000
      X-Content-Type-Options:
      - nosniff
      X-Frame-Options:
      - DENY
      X-Request-Id:
      - cf806908-d119-451c-835f-c6297b24cd78
    status: 200 OK
    code: 200
    duration: ""
- request:
    body: '{"project_id":"63a66ec9-a385-4194-bc15-04aa6921274a","name":"foobar","tags":[],"type":"VPC-GW-S","upstream_dns_servers":[],"ip_id":"a0b79e0c-95c1-4357-8083-ffa383be2e99"}'
    form: {}
    headers:
      Content-Type:
      - application/json
      User-Agent:
      - scaleway-sdk-go/v1.0.0-beta.7+dev (go1.17.1; darwin; amd64) terraform-provider/develop
        terraform/terraform-tests
    url: https://api.scaleway.com/vpc-gw/v1/zones/fr-par-1/gateways
    method: POST
  response:
    body: '{"id":"af89f5fc-255d-4737-8c93-d36549754b62","organization_id":"63a66ec9-a385-4194-bc15-04aa6921274a","project_id":"63a66ec9-a385-4194-bc15-04aa6921274a","created_at":"2021-10-08T15:04:11.972767Z","updated_at":"2021-10-08T15:04:11.972767Z","type":{"name":"VPC-GW-S","bandwidth":100000000,"zone":"fr-par-1"},"status":"stopped","name":"foobar","tags":[],"ip":{"id":"a0b79e0c-95c1-4357-8083-ffa383be2e99","organization_id":"63a66ec9-a385-4194-bc15-04aa6921274a","project_id":"63a66ec9-a385-4194-bc15-04aa6921274a","created_at":"2021-10-08T15:04:11.388652Z","updated_at":"2021-10-08T15:04:11.388652Z","tags":[],"address":"51.15.235.29","reverse":"29-235-15-51.instances.scw.cloud","zone":"fr-par-1"},"gateway_networks":[],"upstream_dns_servers":[],"version":null,"can_upgrade_to":null,"zone":"fr-par-1"}'
    headers:
      Content-Length:
      - "799"
      Content-Security-Policy:
      - default-src 'none'; frame-ancestors 'none'
      Content-Type:
      - application/json
      Date:
      - Fri, 08 Oct 2021 15:04:12 GMT
      Server:
      - Scaleway API-Gateway
      Strict-Transport-Security:
      - max-age=63072000
      X-Content-Type-Options:
      - nosniff
      X-Frame-Options:
      - DENY
      X-Request-Id:
      - ed40f0db-f2bc-466a-a621-e5b48f9fa13c
    status: 200 OK
    code: 200
    duration: ""
- request:
    body: ""
    form: {}
    headers:
      User-Agent:
      - scaleway-sdk-go/v1.0.0-beta.7+dev (go1.17.1; darwin; amd64) terraform-provider/develop
        terraform/terraform-tests
    url: https://api.scaleway.com/vpc-gw/v1/zones/fr-par-1/gateways/af89f5fc-255d-4737-8c93-d36549754b62
    method: GET
  response:
    body: '{"id":"af89f5fc-255d-4737-8c93-d36549754b62","organization_id":"63a66ec9-a385-4194-bc15-04aa6921274a","project_id":"63a66ec9-a385-4194-bc15-04aa6921274a","created_at":"2021-10-08T15:04:11.972767Z","updated_at":"2021-10-08T15:04:12.141644Z","type":{"name":"VPC-GW-S","bandwidth":100000000,"zone":"fr-par-1"},"status":"configuring","name":"foobar","tags":[],"ip":{"id":"a0b79e0c-95c1-4357-8083-ffa383be2e99","organization_id":"63a66ec9-a385-4194-bc15-04aa6921274a","project_id":"63a66ec9-a385-4194-bc15-04aa6921274a","created_at":"2021-10-08T15:04:11.388652Z","updated_at":"2021-10-08T15:04:11.388652Z","tags":[],"address":"51.15.235.29","reverse":"29-235-15-51.instances.scw.cloud","zone":"fr-par-1"},"gateway_networks":[],"upstream_dns_servers":[],"version":"0.2.13","can_upgrade_to":null,"zone":"fr-par-1"}'
    headers:
      Content-Length:
      - "807"
      Content-Security-Policy:
      - default-src 'none'; frame-ancestors 'none'
      Content-Type:
      - application/json
      Date:
      - Fri, 08 Oct 2021 15:04:12 GMT
      Server:
      - Scaleway API-Gateway
      Strict-Transport-Security:
      - max-age=63072000
      X-Content-Type-Options:
      - nosniff
      X-Frame-Options:
      - DENY
      X-Request-Id:
      - c695eff5-4e72-4a82-9fd7-8a55ad836854
    status: 200 OK
    code: 200
    duration: ""
- request:
    body: ""
    form: {}
    headers:
      User-Agent:
      - scaleway-sdk-go/v1.0.0-beta.7+dev (go1.17.1; darwin; amd64) terraform-provider/develop
        terraform/terraform-tests
    url: https://api.scaleway.com/vpc-gw/v1/zones/fr-par-1/gateways/af89f5fc-255d-4737-8c93-d36549754b62
    method: GET
  response:
    body: '{"id":"af89f5fc-255d-4737-8c93-d36549754b62","organization_id":"63a66ec9-a385-4194-bc15-04aa6921274a","project_id":"63a66ec9-a385-4194-bc15-04aa6921274a","created_at":"2021-10-08T15:04:11.972767Z","updated_at":"2021-10-08T15:04:12.541750Z","type":{"name":"VPC-GW-S","bandwidth":100000000,"zone":"fr-par-1"},"status":"running","name":"foobar","tags":[],"ip":{"id":"a0b79e0c-95c1-4357-8083-ffa383be2e99","organization_id":"63a66ec9-a385-4194-bc15-04aa6921274a","project_id":"63a66ec9-a385-4194-bc15-04aa6921274a","created_at":"2021-10-08T15:04:11.388652Z","updated_at":"2021-10-08T15:04:11.388652Z","tags":[],"address":"51.15.235.29","reverse":"29-235-15-51.instances.scw.cloud","zone":"fr-par-1"},"gateway_networks":[],"upstream_dns_servers":[],"version":"0.2.13","can_upgrade_to":null,"zone":"fr-par-1"}'
    headers:
      Content-Length:
      - "803"
      Content-Security-Policy:
      - default-src 'none'; frame-ancestors 'none'
      Content-Type:
      - application/json
      Date:
      - Fri, 08 Oct 2021 15:04:42 GMT
      Server:
      - Scaleway API-Gateway
      Strict-Transport-Security:
      - max-age=63072000
      X-Content-Type-Options:
      - nosniff
      X-Frame-Options:
      - DENY
      X-Request-Id:
      - e253303f-2f99-4ee2-bc50-4fe222cfa76a
    status: 200 OK
    code: 200
    duration: ""
- request:
    body: ""
    form: {}
    headers:
      User-Agent:
      - scaleway-sdk-go/v1.0.0-beta.7+dev (go1.17.1; darwin; amd64) terraform-provider/develop
        terraform/terraform-tests
    url: https://api.scaleway.com/vpc-gw/v1/zones/fr-par-1/gateways/af89f5fc-255d-4737-8c93-d36549754b62
    method: GET
  response:
    body: '{"id":"af89f5fc-255d-4737-8c93-d36549754b62","organization_id":"63a66ec9-a385-4194-bc15-04aa6921274a","project_id":"63a66ec9-a385-4194-bc15-04aa6921274a","created_at":"2021-10-08T15:04:11.972767Z","updated_at":"2021-10-08T15:04:12.541750Z","type":{"name":"VPC-GW-S","bandwidth":100000000,"zone":"fr-par-1"},"status":"running","name":"foobar","tags":[],"ip":{"id":"a0b79e0c-95c1-4357-8083-ffa383be2e99","organization_id":"63a66ec9-a385-4194-bc15-04aa6921274a","project_id":"63a66ec9-a385-4194-bc15-04aa6921274a","created_at":"2021-10-08T15:04:11.388652Z","updated_at":"2021-10-08T15:04:11.388652Z","tags":[],"address":"51.15.235.29","reverse":"29-235-15-51.instances.scw.cloud","zone":"fr-par-1"},"gateway_networks":[],"upstream_dns_servers":[],"version":"0.2.13","can_upgrade_to":null,"zone":"fr-par-1"}'
    headers:
      Content-Length:
      - "803"
      Content-Security-Policy:
      - default-src 'none'; frame-ancestors 'none'
      Content-Type:
      - application/json
      Date:
      - Fri, 08 Oct 2021 15:04:42 GMT
      Server:
      - Scaleway API-Gateway
      Strict-Transport-Security:
      - max-age=63072000
      X-Content-Type-Options:
      - nosniff
      X-Frame-Options:
      - DENY
      X-Request-Id:
      - ca484e43-8d83-485b-b7a3-741d2a5efd5a
    status: 200 OK
    code: 200
    duration: ""
- request:
    body: ""
    form: {}
    headers:
      User-Agent:
      - scaleway-sdk-go/v1.0.0-beta.7+dev (go1.17.1; darwin; amd64) terraform-provider/develop
        terraform/terraform-tests
    url: https://api.scaleway.com/vpc-gw/v1/zones/fr-par-1/gateways/af89f5fc-255d-4737-8c93-d36549754b62
    method: GET
  response:
    body: '{"id":"af89f5fc-255d-4737-8c93-d36549754b62","organization_id":"63a66ec9-a385-4194-bc15-04aa6921274a","project_id":"63a66ec9-a385-4194-bc15-04aa6921274a","created_at":"2021-10-08T15:04:11.972767Z","updated_at":"2021-10-08T15:04:12.541750Z","type":{"name":"VPC-GW-S","bandwidth":100000000,"zone":"fr-par-1"},"status":"running","name":"foobar","tags":[],"ip":{"id":"a0b79e0c-95c1-4357-8083-ffa383be2e99","organization_id":"63a66ec9-a385-4194-bc15-04aa6921274a","project_id":"63a66ec9-a385-4194-bc15-04aa6921274a","created_at":"2021-10-08T15:04:11.388652Z","updated_at":"2021-10-08T15:04:11.388652Z","tags":[],"address":"51.15.235.29","reverse":"29-235-15-51.instances.scw.cloud","zone":"fr-par-1"},"gateway_networks":[],"upstream_dns_servers":[],"version":"0.2.13","can_upgrade_to":null,"zone":"fr-par-1"}'
    headers:
      Content-Length:
      - "803"
      Content-Security-Policy:
      - default-src 'none'; frame-ancestors 'none'
      Content-Type:
      - application/json
      Date:
      - Fri, 08 Oct 2021 15:04:42 GMT
      Server:
      - Scaleway API-Gateway
      Strict-Transport-Security:
      - max-age=63072000
      X-Content-Type-Options:
      - nosniff
      X-Frame-Options:
      - DENY
      X-Request-Id:
      - c1b1ad9e-45f5-4c71-8d40-2f5e4f13977e
    status: 200 OK
    code: 200
    duration: ""
- request:
    body: '{"gateway_id":"af89f5fc-255d-4737-8c93-d36549754b62","private_network_id":"39d436fa-2180-4c9f-b404-4fe4cc500c10","enable_masquerade":false,"dhcp_id":"d761582e-8376-4147-b274-281af8990658","enable_dhcp":true}'
    form: {}
    headers:
      Content-Type:
      - application/json
      User-Agent:
      - scaleway-sdk-go/v1.0.0-beta.7+dev (go1.17.1; darwin; amd64) terraform-provider/develop
        terraform/terraform-tests
    url: https://api.scaleway.com/vpc-gw/v1/zones/fr-par-1/gateway-networks
    method: POST
  response:
    body: '{"id":"542a8437-0e91-41be-8f46-f9d0943e8901","created_at":"2021-10-08T15:04:42.653810Z","updated_at":"2021-10-08T15:04:42.653810Z","gateway_id":"af89f5fc-255d-4737-8c93-d36549754b62","private_network_id":"39d436fa-2180-4c9f-b404-4fe4cc500c10","mac_address":null,"enable_masquerade":false,"status":"created","dhcp":{"id":"d761582e-8376-4147-b274-281af8990658","organization_id":"63a66ec9-a385-4194-bc15-04aa6921274a","project_id":"63a66ec9-a385-4194-bc15-04aa6921274a","created_at":"2021-10-08T15:04:10.826916Z","updated_at":"2021-10-08T15:04:10.826916Z","subnet":"192.168.1.0/24","address":"192.168.1.1","pool_low":"192.168.1.2","pool_high":"192.168.1.254","enable_dynamic":false,"valid_lifetime":"3600s","renew_timer":"3000s","rebind_timer":"3060s","push_default_route":false,"push_dns_server":true,"dns_servers_override":[],"dns_search":[],"dns_local_name":"priv","zone":"fr-par-1"},"enable_dhcp":true,"address":null,"zone":"fr-par-1"}'
    headers:
      Content-Length:
      - "937"
      Content-Security-Policy:
      - default-src 'none'; frame-ancestors 'none'
      Content-Type:
      - application/json
      Date:
      - Fri, 08 Oct 2021 15:04:42 GMT
      Server:
      - Scaleway API-Gateway
      Strict-Transport-Security:
      - max-age=63072000
      X-Content-Type-Options:
      - nosniff
      X-Frame-Options:
      - DENY
      X-Request-Id:
      - 2692744d-0211-4868-a1eb-d73584145fe5
    status: 200 OK
    code: 200
    duration: ""
- request:
    body: ""
    form: {}
    headers:
      User-Agent:
      - scaleway-sdk-go/v1.0.0-beta.7+dev (go1.17.1; darwin; amd64) terraform-provider/develop
        terraform/terraform-tests
    url: https://api.scaleway.com/vpc-gw/v1/zones/fr-par-1/gateway-networks/542a8437-0e91-41be-8f46-f9d0943e8901
    method: GET
  response:
    body: '{"id":"542a8437-0e91-41be-8f46-f9d0943e8901","created_at":"2021-10-08T15:04:42.653810Z","updated_at":"2021-10-08T15:04:42.653810Z","gateway_id":"af89f5fc-255d-4737-8c93-d36549754b62","private_network_id":"39d436fa-2180-4c9f-b404-4fe4cc500c10","mac_address":null,"enable_masquerade":false,"status":"created","dhcp":{"id":"d761582e-8376-4147-b274-281af8990658","organization_id":"63a66ec9-a385-4194-bc15-04aa6921274a","project_id":"63a66ec9-a385-4194-bc15-04aa6921274a","created_at":"2021-10-08T15:04:10.826916Z","updated_at":"2021-10-08T15:04:10.826916Z","subnet":"192.168.1.0/24","address":"192.168.1.1","pool_low":"192.168.1.2","pool_high":"192.168.1.254","enable_dynamic":false,"valid_lifetime":"3600s","renew_timer":"3000s","rebind_timer":"3060s","push_default_route":false,"push_dns_server":true,"dns_servers_override":[],"dns_search":[],"dns_local_name":"priv","zone":"fr-par-1"},"enable_dhcp":true,"address":null,"zone":"fr-par-1"}'
    headers:
      Content-Length:
      - "937"
      Content-Security-Policy:
      - default-src 'none'; frame-ancestors 'none'
      Content-Type:
      - application/json
      Date:
      - Fri, 08 Oct 2021 15:04:42 GMT
      Server:
      - Scaleway API-Gateway
      Strict-Transport-Security:
      - max-age=63072000
      X-Content-Type-Options:
      - nosniff
      X-Frame-Options:
      - DENY
      X-Request-Id:
      - 5afc4cd4-59fe-4113-986c-2dc0aa84883c
    status: 200 OK
    code: 200
    duration: ""
- request:
    body: ""
    form: {}
    headers:
      User-Agent:
      - scaleway-sdk-go/v1.0.0-beta.7+dev (go1.17.1; darwin; amd64) terraform-provider/develop
        terraform/terraform-tests
    url: https://api.scaleway.com/vpc-gw/v1/zones/fr-par-1/gateway-networks/542a8437-0e91-41be-8f46-f9d0943e8901
    method: GET
  response:
    body: '{"id":"542a8437-0e91-41be-8f46-f9d0943e8901","created_at":"2021-10-08T15:04:42.653810Z","updated_at":"2021-10-08T15:04:42.653810Z","gateway_id":"af89f5fc-255d-4737-8c93-d36549754b62","private_network_id":"39d436fa-2180-4c9f-b404-4fe4cc500c10","mac_address":null,"enable_masquerade":false,"status":"created","dhcp":{"id":"d761582e-8376-4147-b274-281af8990658","organization_id":"63a66ec9-a385-4194-bc15-04aa6921274a","project_id":"63a66ec9-a385-4194-bc15-04aa6921274a","created_at":"2021-10-08T15:04:10.826916Z","updated_at":"2021-10-08T15:04:10.826916Z","subnet":"192.168.1.0/24","address":"192.168.1.1","pool_low":"192.168.1.2","pool_high":"192.168.1.254","enable_dynamic":false,"valid_lifetime":"3600s","renew_timer":"3000s","rebind_timer":"3060s","push_default_route":false,"push_dns_server":true,"dns_servers_override":[],"dns_search":[],"dns_local_name":"priv","zone":"fr-par-1"},"enable_dhcp":true,"address":null,"zone":"fr-par-1"}'
    headers:
      Content-Length:
      - "937"
      Content-Security-Policy:
      - default-src 'none'; frame-ancestors 'none'
      Content-Type:
      - application/json
      Date:
      - Fri, 08 Oct 2021 15:04:42 GMT
      Server:
      - Scaleway API-Gateway
      Strict-Transport-Security:
      - max-age=63072000
      X-Content-Type-Options:
      - nosniff
      X-Frame-Options:
      - DENY
      X-Request-Id:
      - eeb64a42-e108-41f8-8e04-c8e6537567f5
    status: 200 OK
    code: 200
    duration: ""
- request:
    body: ""
    form: {}
    headers:
      User-Agent:
      - scaleway-sdk-go/v1.0.0-beta.7+dev (go1.17.1; darwin; amd64) terraform-provider/develop
        terraform/terraform-tests
    url: https://api.scaleway.com/vpc-gw/v1/zones/fr-par-1/gateway-networks/542a8437-0e91-41be-8f46-f9d0943e8901
    method: GET
  response:
    body: '{"id":"542a8437-0e91-41be-8f46-f9d0943e8901","created_at":"2021-10-08T15:04:42.653810Z","updated_at":"2021-10-08T15:04:42.653810Z","gateway_id":"af89f5fc-255d-4737-8c93-d36549754b62","private_network_id":"39d436fa-2180-4c9f-b404-4fe4cc500c10","mac_address":null,"enable_masquerade":false,"status":"created","dhcp":{"id":"d761582e-8376-4147-b274-281af8990658","organization_id":"63a66ec9-a385-4194-bc15-04aa6921274a","project_id":"63a66ec9-a385-4194-bc15-04aa6921274a","created_at":"2021-10-08T15:04:10.826916Z","updated_at":"2021-10-08T15:04:10.826916Z","subnet":"192.168.1.0/24","address":"192.168.1.1","pool_low":"192.168.1.2","pool_high":"192.168.1.254","enable_dynamic":false,"valid_lifetime":"3600s","renew_timer":"3000s","rebind_timer":"3060s","push_default_route":false,"push_dns_server":true,"dns_servers_override":[],"dns_search":[],"dns_local_name":"priv","zone":"fr-par-1"},"enable_dhcp":true,"address":null,"zone":"fr-par-1"}'
    headers:
      Content-Length:
      - "937"
      Content-Security-Policy:
      - default-src 'none'; frame-ancestors 'none'
      Content-Type:
      - application/json
      Date:
      - Fri, 08 Oct 2021 15:04:43 GMT
      Server:
      - Scaleway API-Gateway
      Strict-Transport-Security:
      - max-age=63072000
      X-Content-Type-Options:
      - nosniff
      X-Frame-Options:
      - DENY
      X-Request-Id:
      - e280dec0-92c4-4d1b-8b11-e460f6c07a95
    status: 200 OK
    code: 200
    duration: ""
- request:
    body: ""
    form: {}
    headers:
      User-Agent:
      - scaleway-sdk-go/v1.0.0-beta.7+dev (go1.17.1; darwin; amd64) terraform-provider/develop
        terraform/terraform-tests
    url: https://api.scaleway.com/vpc/v1/zones/fr-par-1/private-networks/39d436fa-2180-4c9f-b404-4fe4cc500c10
    method: GET
  response:
    body: '{"id":"39d436fa-2180-4c9f-b404-4fe4cc500c10","name":"pn_test_network","tags":[],"organization_id":"63a66ec9-a385-4194-bc15-04aa6921274a","created_at":"2021-10-08T15:04:10.785097Z","updated_at":"2021-10-08T15:04:10.785097Z","project_id":"63a66ec9-a385-4194-bc15-04aa6921274a","zone":"fr-par-1"}'
    headers:
      Content-Length:
      - "293"
      Content-Security-Policy:
      - default-src 'none'; frame-ancestors 'none'
      Content-Type:
      - application/json
      Date:
      - Fri, 08 Oct 2021 15:04:43 GMT
      Server:
      - Scaleway API-Gateway
      Strict-Transport-Security:
      - max-age=63072000
      X-Content-Type-Options:
      - nosniff
      X-Frame-Options:
      - DENY
      X-Request-Id:
      - 08cd5651-eeb3-4d04-9dfb-29789bfcf0d2
    status: 200 OK
    code: 200
    duration: ""
- request:
    body: ""
    form: {}
    headers:
      User-Agent:
      - scaleway-sdk-go/v1.0.0-beta.7+dev (go1.17.1; darwin; amd64) terraform-provider/develop
        terraform/terraform-tests
    url: https://api.scaleway.com/vpc-gw/v1/zones/fr-par-1/ips/a0b79e0c-95c1-4357-8083-ffa383be2e99
    method: GET
  response:
    body: '{"id":"a0b79e0c-95c1-4357-8083-ffa383be2e99","organization_id":"63a66ec9-a385-4194-bc15-04aa6921274a","project_id":"63a66ec9-a385-4194-bc15-04aa6921274a","created_at":"2021-10-08T15:04:11.388652Z","updated_at":"2021-10-08T15:04:11.388652Z","tags":[],"address":"51.15.235.29","reverse":"29-235-15-51.instances.scw.cloud","zone":"fr-par-1"}'
    headers:
      Content-Length:
      - "338"
      Content-Security-Policy:
      - default-src 'none'; frame-ancestors 'none'
      Content-Type:
      - application/json
      Date:
      - Fri, 08 Oct 2021 15:04:43 GMT
      Server:
      - Scaleway API-Gateway
      Strict-Transport-Security:
      - max-age=63072000
      X-Content-Type-Options:
      - nosniff
      X-Frame-Options:
      - DENY
      X-Request-Id:
      - 201d50d0-39a5-4fb9-9bf7-fb77e4f75f56
    status: 200 OK
    code: 200
    duration: ""
- request:
    body: ""
    form: {}
    headers:
      User-Agent:
      - scaleway-sdk-go/v1.0.0-beta.7+dev (go1.17.1; darwin; amd64) terraform-provider/develop
        terraform/terraform-tests
    url: https://api.scaleway.com/vpc-gw/v1/zones/fr-par-1/dhcps/d761582e-8376-4147-b274-281af8990658
    method: GET
  response:
    body: '{"id":"d761582e-8376-4147-b274-281af8990658","organization_id":"63a66ec9-a385-4194-bc15-04aa6921274a","project_id":"63a66ec9-a385-4194-bc15-04aa6921274a","created_at":"2021-10-08T15:04:10.826916Z","updated_at":"2021-10-08T15:04:10.826916Z","subnet":"192.168.1.0/24","address":"192.168.1.1","pool_low":"192.168.1.2","pool_high":"192.168.1.254","enable_dynamic":false,"valid_lifetime":"3600s","renew_timer":"3000s","rebind_timer":"3060s","push_default_route":false,"push_dns_server":true,"dns_servers_override":[],"dns_search":[],"dns_local_name":"priv","zone":"fr-par-1"}'
    headers:
      Content-Length:
      - "570"
      Content-Security-Policy:
      - default-src 'none'; frame-ancestors 'none'
      Content-Type:
      - application/json
      Date:
      - Fri, 08 Oct 2021 15:04:43 GMT
      Server:
      - Scaleway API-Gateway
      Strict-Transport-Security:
      - max-age=63072000
      X-Content-Type-Options:
      - nosniff
      X-Frame-Options:
      - DENY
      X-Request-Id:
      - e8047feb-a98b-44e1-b249-03dfdcb574fe
    status: 200 OK
    code: 200
    duration: ""
- request:
    body: ""
    form: {}
    headers:
      User-Agent:
      - scaleway-sdk-go/v1.0.0-beta.7+dev (go1.17.1; darwin; amd64) terraform-provider/develop
        terraform/terraform-tests
    url: https://api.scaleway.com/vpc-gw/v1/zones/fr-par-1/gateways/af89f5fc-255d-4737-8c93-d36549754b62
    method: GET
  response:
    body: '{"id":"af89f5fc-255d-4737-8c93-d36549754b62","organization_id":"63a66ec9-a385-4194-bc15-04aa6921274a","project_id":"63a66ec9-a385-4194-bc15-04aa6921274a","created_at":"2021-10-08T15:04:11.972767Z","updated_at":"2021-10-08T15:04:42.702784Z","type":{"name":"VPC-GW-S","bandwidth":100000000,"zone":"fr-par-1"},"status":"configuring","name":"foobar","tags":[],"ip":{"id":"a0b79e0c-95c1-4357-8083-ffa383be2e99","organization_id":"63a66ec9-a385-4194-bc15-04aa6921274a","project_id":"63a66ec9-a385-4194-bc15-04aa6921274a","created_at":"2021-10-08T15:04:11.388652Z","updated_at":"2021-10-08T15:04:11.388652Z","tags":[],"address":"51.15.235.29","reverse":"29-235-15-51.instances.scw.cloud","zone":"fr-par-1"},"gateway_networks":[{"id":"542a8437-0e91-41be-8f46-f9d0943e8901","created_at":"2021-10-08T15:04:42.653810Z","updated_at":"2021-10-08T15:04:42.653810Z","gateway_id":"af89f5fc-255d-4737-8c93-d36549754b62","private_network_id":"39d436fa-2180-4c9f-b404-4fe4cc500c10","mac_address":null,"enable_masquerade":false,"status":"created","dhcp":{"id":"d761582e-8376-4147-b274-281af8990658","organization_id":"63a66ec9-a385-4194-bc15-04aa6921274a","project_id":"63a66ec9-a385-4194-bc15-04aa6921274a","created_at":"2021-10-08T15:04:10.826916Z","updated_at":"2021-10-08T15:04:10.826916Z","subnet":"192.168.1.0/24","address":"192.168.1.1","pool_low":"192.168.1.2","pool_high":"192.168.1.254","enable_dynamic":false,"valid_lifetime":"3600s","renew_timer":"3000s","rebind_timer":"3060s","push_default_route":false,"push_dns_server":true,"dns_servers_override":[],"dns_search":[],"dns_local_name":"priv","zone":"fr-par-1"},"enable_dhcp":true,"address":null,"zone":"fr-par-1"}],"upstream_dns_servers":[],"version":"0.2.13","can_upgrade_to":null,"zone":"fr-par-1"}'
    headers:
      Content-Length:
      - "1744"
      Content-Security-Policy:
      - default-src 'none'; frame-ancestors 'none'
      Content-Type:
      - application/json
      Date:
      - Fri, 08 Oct 2021 15:04:43 GMT
      Server:
      - Scaleway API-Gateway
      Strict-Transport-Security:
      - max-age=63072000
      X-Content-Type-Options:
      - nosniff
      X-Frame-Options:
      - DENY
      X-Request-Id:
      - d974ea34-6126-48e6-a1bf-98cbc0ffec7d
    status: 200 OK
    code: 200
    duration: ""
- request:
    body: ""
    form: {}
    headers:
      User-Agent:
      - scaleway-sdk-go/v1.0.0-beta.7+dev (go1.17.1; darwin; amd64) terraform-provider/develop
        terraform/terraform-tests
    url: https://api.scaleway.com/vpc-gw/v1/zones/fr-par-1/gateway-networks/542a8437-0e91-41be-8f46-f9d0943e8901
    method: GET
  response:
    body: '{"id":"542a8437-0e91-41be-8f46-f9d0943e8901","created_at":"2021-10-08T15:04:42.653810Z","updated_at":"2021-10-08T15:04:43.739605Z","gateway_id":"af89f5fc-255d-4737-8c93-d36549754b62","private_network_id":"39d436fa-2180-4c9f-b404-4fe4cc500c10","mac_address":"02:00:00:00:69:07","enable_masquerade":false,"status":"configuring","dhcp":{"id":"d761582e-8376-4147-b274-281af8990658","organization_id":"63a66ec9-a385-4194-bc15-04aa6921274a","project_id":"63a66ec9-a385-4194-bc15-04aa6921274a","created_at":"2021-10-08T15:04:10.826916Z","updated_at":"2021-10-08T15:04:10.826916Z","subnet":"192.168.1.0/24","address":"192.168.1.1","pool_low":"192.168.1.2","pool_high":"192.168.1.254","enable_dynamic":false,"valid_lifetime":"3600s","renew_timer":"3000s","rebind_timer":"3060s","push_default_route":false,"push_dns_server":true,"dns_servers_override":[],"dns_search":[],"dns_local_name":"priv","zone":"fr-par-1"},"enable_dhcp":true,"address":null,"zone":"fr-par-1"}'
    headers:
      Content-Length:
      - "956"
      Content-Security-Policy:
      - default-src 'none'; frame-ancestors 'none'
      Content-Type:
      - application/json
      Date:
      - Fri, 08 Oct 2021 15:04:43 GMT
      Server:
      - Scaleway API-Gateway
      Strict-Transport-Security:
      - max-age=63072000
      X-Content-Type-Options:
      - nosniff
      X-Frame-Options:
      - DENY
      X-Request-Id:
      - a6855c27-5b09-49fd-8317-40d5e8512d00
    status: 200 OK
    code: 200
    duration: ""
- request:
    body: ""
    form: {}
    headers:
      User-Agent:
      - scaleway-sdk-go/v1.0.0-beta.7+dev (go1.17.1; darwin; amd64) terraform-provider/develop
        terraform/terraform-tests
    url: https://api.scaleway.com/vpc-gw/v1/zones/fr-par-1/gateway-networks/542a8437-0e91-41be-8f46-f9d0943e8901
    method: GET
  response:
    body: '{"id":"542a8437-0e91-41be-8f46-f9d0943e8901","created_at":"2021-10-08T15:04:42.653810Z","updated_at":"2021-10-08T15:04:43.739605Z","gateway_id":"af89f5fc-255d-4737-8c93-d36549754b62","private_network_id":"39d436fa-2180-4c9f-b404-4fe4cc500c10","mac_address":"02:00:00:00:69:07","enable_masquerade":false,"status":"configuring","dhcp":{"id":"d761582e-8376-4147-b274-281af8990658","organization_id":"63a66ec9-a385-4194-bc15-04aa6921274a","project_id":"63a66ec9-a385-4194-bc15-04aa6921274a","created_at":"2021-10-08T15:04:10.826916Z","updated_at":"2021-10-08T15:04:10.826916Z","subnet":"192.168.1.0/24","address":"192.168.1.1","pool_low":"192.168.1.2","pool_high":"192.168.1.254","enable_dynamic":false,"valid_lifetime":"3600s","renew_timer":"3000s","rebind_timer":"3060s","push_default_route":false,"push_dns_server":true,"dns_servers_override":[],"dns_search":[],"dns_local_name":"priv","zone":"fr-par-1"},"enable_dhcp":true,"address":null,"zone":"fr-par-1"}'
    headers:
      Content-Length:
      - "950"
      Content-Security-Policy:
      - default-src 'none'; frame-ancestors 'none'
      Content-Type:
      - application/json
      Date:
      - Fri, 08 Oct 2021 15:04:44 GMT
      Server:
      - Scaleway API-Gateway
      Strict-Transport-Security:
      - max-age=63072000
      X-Content-Type-Options:
      - nosniff
      X-Frame-Options:
      - DENY
      X-Request-Id:
      - f9e71607-aa81-47de-838e-f05b36dd0ec0
    status: 200 OK
    code: 200
    duration: ""
- request:
    body: ""
    form: {}
    headers:
      User-Agent:
      - scaleway-sdk-go/v1.0.0-beta.7+dev (go1.17.1; darwin; amd64) terraform-provider/develop
        terraform/terraform-tests
    url: https://api.scaleway.com/vpc-gw/v1/zones/fr-par-1/gateway-networks/542a8437-0e91-41be-8f46-f9d0943e8901
    method: GET
  response:
    body: '{"id":"542a8437-0e91-41be-8f46-f9d0943e8901","created_at":"2021-10-08T15:04:42.653810Z","updated_at":"2021-10-08T15:04:48.957719Z","gateway_id":"af89f5fc-255d-4737-8c93-d36549754b62","private_network_id":"39d436fa-2180-4c9f-b404-4fe4cc500c10","mac_address":"02:00:00:00:69:07","enable_masquerade":false,"status":"ready","dhcp":{"id":"d761582e-8376-4147-b274-281af8990658","organization_id":"63a66ec9-a385-4194-bc15-04aa6921274a","project_id":"63a66ec9-a385-4194-bc15-04aa6921274a","created_at":"2021-10-08T15:04:10.826916Z","updated_at":"2021-10-08T15:04:10.826916Z","subnet":"192.168.1.0/24","address":"192.168.1.1","pool_low":"192.168.1.2","pool_high":"192.168.1.254","enable_dynamic":false,"valid_lifetime":"3600s","renew_timer":"3000s","rebind_timer":"3060s","push_default_route":false,"push_dns_server":true,"dns_servers_override":[],"dns_search":[],"dns_local_name":"priv","zone":"fr-par-1"},"enable_dhcp":true,"address":null,"zone":"fr-par-1"}'
    headers:
      Content-Length:
      - "1753"
      Content-Security-Policy:
      - default-src 'none'; frame-ancestors 'none'
      Content-Type:
      - application/json
      Date:
      - Fri, 08 Oct 2021 15:05:14 GMT
      Server:
      - Scaleway API-Gateway
      Strict-Transport-Security:
      - max-age=63072000
      X-Content-Type-Options:
      - nosniff
      X-Frame-Options:
      - DENY
      X-Request-Id:
      - 5e163150-3e15-465e-85c0-6af0b1cf2b80
    status: 200 OK
    code: 200
    duration: ""
- request:
    body: ""
    form: {}
    headers:
      User-Agent:
      - scaleway-sdk-go/v1.0.0-beta.7+dev (go1.17.1; darwin; amd64) terraform-provider/develop
        terraform/terraform-tests
    url: https://api.scaleway.com/vpc-gw/v1/zones/fr-par-1/gateways/af89f5fc-255d-4737-8c93-d36549754b62
    method: GET
  response:
    body: '{"id":"af89f5fc-255d-4737-8c93-d36549754b62","organization_id":"63a66ec9-a385-4194-bc15-04aa6921274a","project_id":"63a66ec9-a385-4194-bc15-04aa6921274a","created_at":"2021-10-08T15:04:11.972767Z","updated_at":"2021-10-08T15:04:49.232934Z","type":{"name":"VPC-GW-S","bandwidth":100000000,"zone":"fr-par-1"},"status":"running","name":"foobar","tags":[],"ip":{"id":"a0b79e0c-95c1-4357-8083-ffa383be2e99","organization_id":"63a66ec9-a385-4194-bc15-04aa6921274a","project_id":"63a66ec9-a385-4194-bc15-04aa6921274a","created_at":"2021-10-08T15:04:11.388652Z","updated_at":"2021-10-08T15:04:11.388652Z","tags":[],"address":"51.15.235.29","reverse":"29-235-15-51.instances.scw.cloud","zone":"fr-par-1"},"gateway_networks":[{"id":"542a8437-0e91-41be-8f46-f9d0943e8901","created_at":"2021-10-08T15:04:42.653810Z","updated_at":"2021-10-08T15:04:48.957719Z","gateway_id":"af89f5fc-255d-4737-8c93-d36549754b62","private_network_id":"39d436fa-2180-4c9f-b404-4fe4cc500c10","mac_address":"02:00:00:00:69:07","enable_masquerade":false,"status":"ready","dhcp":{"id":"d761582e-8376-4147-b274-281af8990658","organization_id":"63a66ec9-a385-4194-bc15-04aa6921274a","project_id":"63a66ec9-a385-4194-bc15-04aa6921274a","created_at":"2021-10-08T15:04:10.826916Z","updated_at":"2021-10-08T15:04:10.826916Z","subnet":"192.168.1.0/24","address":"192.168.1.1","pool_low":"192.168.1.2","pool_high":"192.168.1.254","enable_dynamic":false,"valid_lifetime":"3600s","renew_timer":"3000s","rebind_timer":"3060s","push_default_route":false,"push_dns_server":true,"dns_servers_override":[],"dns_search":[],"dns_local_name":"priv","zone":"fr-par-1"},"enable_dhcp":true,"address":null,"zone":"fr-par-1"}],"upstream_dns_servers":[],"version":"0.2.13","can_upgrade_to":null,"zone":"fr-par-1"}'
    headers:
      Content-Length:
      - "1753"
      Content-Security-Policy:
      - default-src 'none'; frame-ancestors 'none'
      Content-Type:
      - application/json
      Date:
      - Fri, 08 Oct 2021 15:05:14 GMT
      Server:
      - Scaleway API-Gateway
      Strict-Transport-Security:
      - max-age=63072000
      X-Content-Type-Options:
      - nosniff
      X-Frame-Options:
      - DENY
      X-Request-Id:
      - 014fedc7-646c-4690-b41c-022705bc67e5
    status: 200 OK
    code: 200
    duration: ""
- request:
    body: ""
    form: {}
    headers:
      User-Agent:
      - scaleway-sdk-go/v1.0.0-beta.7+dev (go1.17.1; darwin; amd64) terraform-provider/develop
        terraform/terraform-tests
    url: https://api.scaleway.com/vpc-gw/v1/zones/fr-par-1/gateway-networks/542a8437-0e91-41be-8f46-f9d0943e8901?cleanup_dhcp=true
    method: DELETE
  response:
    body: ""
    headers:
      Content-Security-Policy:
      - default-src 'none'; frame-ancestors 'none'
      Content-Type:
      - application/json
      Date:
      - Fri, 08 Oct 2021 15:05:14 GMT
      Server:
      - Scaleway API-Gateway
      Strict-Transport-Security:
      - max-age=63072000
      X-Content-Type-Options:
      - nosniff
      X-Frame-Options:
      - DENY
      X-Request-Id:
      - 4274f933-ac8f-4757-b831-e7092661c4dc
    status: 204 No Content
    code: 204
    duration: ""
- request:
    body: ""
    form: {}
    headers:
      User-Agent:
      - scaleway-sdk-go/v1.0.0-beta.7+dev (go1.17.1; darwin; amd64) terraform-provider/develop
        terraform/terraform-tests
    url: https://api.scaleway.com/vpc-gw/v1/zones/fr-par-1/dhcps/d761582e-8376-4147-b274-281af8990658
    method: DELETE
  response:
    body: '{"message":"resource is not found","resource":"dhcp","resource_id":"d761582e-8376-4147-b274-281af8990658","type":"not_found"}'
    headers:
      Content-Length:
      - "125"
      Content-Security-Policy:
      - default-src 'none'; frame-ancestors 'none'
      Content-Type:
      - application/json
      Date:
      - Fri, 08 Oct 2021 15:05:14 GMT
      Server:
      - Scaleway API-Gateway
      Strict-Transport-Security:
      - max-age=63072000
      X-Content-Type-Options:
      - nosniff
      X-Frame-Options:
      - DENY
      X-Request-Id:
      - 4c44f5f7-6c09-4ae5-81f6-7ac69b9ec53a
    status: 404 Not Found
    code: 404
    duration: ""
- request:
    body: ""
    form: {}
    headers:
      User-Agent:
      - scaleway-sdk-go/v1.0.0-beta.7+dev (go1.17.1; darwin; amd64) terraform-provider/develop
        terraform/terraform-tests
    url: https://api.scaleway.com/vpc-gw/v1/zones/fr-par-1/gateways/af89f5fc-255d-4737-8c93-d36549754b62
    method: GET
  response:
    body: '{"id":"af89f5fc-255d-4737-8c93-d36549754b62","organization_id":"63a66ec9-a385-4194-bc15-04aa6921274a","project_id":"63a66ec9-a385-4194-bc15-04aa6921274a","created_at":"2021-10-08T15:04:11.972767Z","updated_at":"2021-10-08T15:04:49.232934Z","type":{"name":"VPC-GW-S","bandwidth":100000000,"zone":"fr-par-1"},"status":"running","name":"foobar","tags":[],"ip":{"id":"a0b79e0c-95c1-4357-8083-ffa383be2e99","organization_id":"63a66ec9-a385-4194-bc15-04aa6921274a","project_id":"63a66ec9-a385-4194-bc15-04aa6921274a","created_at":"2021-10-08T15:04:11.388652Z","updated_at":"2021-10-08T15:04:11.388652Z","tags":[],"address":"51.15.235.29","reverse":"29-235-15-51.instances.scw.cloud","zone":"fr-par-1"},"gateway_networks":[{"id":"542a8437-0e91-41be-8f46-f9d0943e8901","created_at":"2021-10-08T15:04:42.653810Z","updated_at":"2021-10-08T15:05:14.836121Z","gateway_id":"af89f5fc-255d-4737-8c93-d36549754b62","private_network_id":"39d436fa-2180-4c9f-b404-4fe4cc500c10","mac_address":"02:00:00:00:69:07","enable_masquerade":false,"status":"detaching","dhcp":{"id":"d761582e-8376-4147-b274-281af8990658","organization_id":"63a66ec9-a385-4194-bc15-04aa6921274a","project_id":"63a66ec9-a385-4194-bc15-04aa6921274a","created_at":"2021-10-08T15:04:10.826916Z","updated_at":"2021-10-08T15:04:10.826916Z","subnet":"192.168.1.0/24","address":"192.168.1.1","pool_low":"192.168.1.2","pool_high":"192.168.1.254","enable_dynamic":false,"valid_lifetime":"3600s","renew_timer":"3000s","rebind_timer":"3060s","push_default_route":false,"push_dns_server":true,"dns_servers_override":[],"dns_search":[],"dns_local_name":"priv","zone":"fr-par-1"},"enable_dhcp":true,"address":null,"zone":"fr-par-1"}],"upstream_dns_servers":[],"version":"0.2.13","can_upgrade_to":null,"zone":"fr-par-1"}'
    headers:
      Content-Length:
      - "1757"
      Content-Security-Policy:
      - default-src 'none'; frame-ancestors 'none'
      Content-Type:
      - application/json
      Date:
      - Fri, 08 Oct 2021 15:05:14 GMT
      Server:
      - Scaleway API-Gateway
      Strict-Transport-Security:
      - max-age=63072000
      X-Content-Type-Options:
      - nosniff
      X-Frame-Options:
      - DENY
      X-Request-Id:
      - 79b61233-d5d6-43c2-9752-979c7e97fa10
    status: 200 OK
    code: 200
    duration: ""
- request:
    body: ""
    form: {}
    headers:
      User-Agent:
      - scaleway-sdk-go/v1.0.0-beta.7+dev (go1.17.1; darwin; amd64) terraform-provider/develop
        terraform/terraform-tests
    url: https://api.scaleway.com/vpc-gw/v1/zones/fr-par-1/gateways/af89f5fc-255d-4737-8c93-d36549754b62?cleanup_dhcp=false
    method: DELETE
  response:
    body: ""
    headers:
      Content-Security-Policy:
      - default-src 'none'; frame-ancestors 'none'
      Content-Type:
      - application/json
      Date:
      - Fri, 08 Oct 2021 15:05:15 GMT
      Server:
      - Scaleway API-Gateway
      Strict-Transport-Security:
      - max-age=63072000
      X-Content-Type-Options:
      - nosniff
      X-Frame-Options:
      - DENY
      X-Request-Id:
      - ddcf5bc4-581f-4634-b1b0-4b62f9387d6c
    status: 204 No Content
    code: 204
    duration: ""
- request:
    body: ""
    form: {}
    headers:
      User-Agent:
      - scaleway-sdk-go/v1.0.0-beta.7+dev (go1.17.1; darwin; amd64) terraform-provider/develop
        terraform/terraform-tests
    url: https://api.scaleway.com/vpc-gw/v1/zones/fr-par-1/ips/a0b79e0c-95c1-4357-8083-ffa383be2e99
    method: DELETE
  response:
    body: ""
    headers:
      Content-Security-Policy:
      - default-src 'none'; frame-ancestors 'none'
      Content-Type:
      - application/json
      Date:
      - Fri, 08 Oct 2021 15:05:15 GMT
      Server:
      - Scaleway API-Gateway
      Strict-Transport-Security:
      - max-age=63072000
      X-Content-Type-Options:
      - nosniff
      X-Frame-Options:
      - DENY
      X-Request-Id:
      - aaeb6fee-2069-4a20-9234-564df8c2d485
    status: 204 No Content
    code: 204
    duration: ""
- request:
    body: ""
    form: {}
    headers:
      User-Agent:
      - scaleway-sdk-go/v1.0.0-beta.7+dev (go1.17.1; darwin; amd64) terraform-provider/develop
        terraform/terraform-tests
    url: https://api.scaleway.com/vpc/v1/zones/fr-par-1/private-networks/39d436fa-2180-4c9f-b404-4fe4cc500c10
    method: DELETE
  response:
    body: ""
    headers:
      Content-Security-Policy:
      - default-src 'none'; frame-ancestors 'none'
      Content-Type:
      - application/json
      Date:
      - Fri, 08 Oct 2021 15:05:15 GMT
      Server:
      - Scaleway API-Gateway
      Strict-Transport-Security:
      - max-age=63072000
      X-Content-Type-Options:
      - nosniff
      X-Frame-Options:
      - DENY
      X-Request-Id:
      - 54c4d951-170b-4def-9a49-7aaab5cce8bf
    status: 204 No Content
    code: 204
    duration: ""
- request:
    body: ""
    form: {}
    headers:
      User-Agent:
      - scaleway-sdk-go/v1.0.0-beta.7+dev (go1.17.1; darwin; amd64) terraform-provider/develop
        terraform/terraform-tests
    url: https://api.scaleway.com/vpc-gw/v1/zones/fr-par-1/gateway-networks/542a8437-0e91-41be-8f46-f9d0943e8901
    method: GET
  response:
    body: '{"message":"resource is not found","resource":"gateway_network","resource_id":"542a8437-0e91-41be-8f46-f9d0943e8901","type":"not_found"}'
    headers:
      Content-Length:
      - "136"
      Content-Security-Policy:
      - default-src 'none'; frame-ancestors 'none'
      Content-Type:
      - application/json
      Date:
      - Fri, 08 Oct 2021 15:05:15 GMT
      Server:
      - Scaleway API-Gateway
      Strict-Transport-Security:
      - max-age=63072000
      X-Content-Type-Options:
      - nosniff
      X-Frame-Options:
      - DENY
      X-Request-Id:
      - e36422de-2f3d-4e4d-a4bf-02d0322a0e50
    status: 404 Not Found
    code: 404
    duration: ""
