---
version: 1
interactions:
- request:
    body: '{"project_id":"105bdce1-64c0-48ab-899d-868455867ecf","tags":null}'
    form: {}
    headers:
      Content-Type:
      - application/json
      User-Agent:
      - scaleway-sdk-go/v1.0.0-beta.7+dev (go1.19.5; darwin; amd64) terraform-provider/develop
        terraform/terraform-tests
    url: https://api.scaleway.com/vpc-gw/v1/zones/fr-par-1/ips
    method: POST
  response:
    body: '{"address":"51.158.124.10","created_at":"2023-05-12T11:27:43.672509Z","gateway_id":null,"id":"23374f6a-42cf-4054-b75b-201e9f1b4204","organization_id":"105bdce1-64c0-48ab-899d-868455867ecf","project_id":"105bdce1-64c0-48ab-899d-868455867ecf","reverse":"10-124-158-51.instances.scw.cloud","tags":[],"updated_at":"2023-05-12T11:27:43.672509Z","zone":"fr-par-1"}'
    headers:
      Content-Length:
      - "358"
      Content-Security-Policy:
      - default-src 'none'; frame-ancestors 'none'
      Content-Type:
      - application/json
      Date:
      - Fri, 12 May 2023 11:27:43 GMT
      Server:
      - Scaleway API-Gateway
      Strict-Transport-Security:
      - max-age=63072000
      X-Content-Type-Options:
      - nosniff
      X-Frame-Options:
      - DENY
      X-Request-Id:
      - f41e2e84-f20c-4d96-b426-df8d4a85fe62
    status: 200 OK
    code: 200
    duration: ""
- request:
    body: ""
    form: {}
    headers:
      User-Agent:
      - scaleway-sdk-go/v1.0.0-beta.7+dev (go1.19.5; darwin; amd64) terraform-provider/develop
        terraform/terraform-tests
    url: https://api.scaleway.com/vpc-gw/v1/zones/fr-par-1/ips/23374f6a-42cf-4054-b75b-201e9f1b4204
    method: GET
  response:
    body: '{"address":"51.158.124.10","created_at":"2023-05-12T11:27:43.672509Z","gateway_id":null,"id":"23374f6a-42cf-4054-b75b-201e9f1b4204","organization_id":"105bdce1-64c0-48ab-899d-868455867ecf","project_id":"105bdce1-64c0-48ab-899d-868455867ecf","reverse":"10-124-158-51.instances.scw.cloud","tags":[],"updated_at":"2023-05-12T11:27:43.672509Z","zone":"fr-par-1"}'
    headers:
      Content-Length:
      - "358"
      Content-Security-Policy:
      - default-src 'none'; frame-ancestors 'none'
      Content-Type:
      - application/json
      Date:
      - Fri, 12 May 2023 11:27:43 GMT
      Server:
      - Scaleway API-Gateway
      Strict-Transport-Security:
      - max-age=63072000
      X-Content-Type-Options:
      - nosniff
      X-Frame-Options:
      - DENY
      X-Request-Id:
      - 644beb1e-eebd-47f8-b6c4-c40f08832483
    status: 200 OK
    code: 200
    duration: ""
- request:
    body: ""
    form: {}
    headers:
      User-Agent:
      - scaleway-sdk-go/v1.0.0-beta.7+dev (go1.19.5; darwin; amd64) terraform-provider/develop
        terraform/terraform-tests
    url: https://api.scaleway.com/vpc-gw/v1/zones/fr-par-1/ips/23374f6a-42cf-4054-b75b-201e9f1b4204
    method: GET
  response:
    body: '{"address":"51.158.124.10","created_at":"2023-05-12T11:27:43.672509Z","gateway_id":null,"id":"23374f6a-42cf-4054-b75b-201e9f1b4204","organization_id":"105bdce1-64c0-48ab-899d-868455867ecf","project_id":"105bdce1-64c0-48ab-899d-868455867ecf","reverse":"10-124-158-51.instances.scw.cloud","tags":[],"updated_at":"2023-05-12T11:27:43.672509Z","zone":"fr-par-1"}'
    headers:
      Content-Length:
      - "358"
      Content-Security-Policy:
      - default-src 'none'; frame-ancestors 'none'
      Content-Type:
      - application/json
      Date:
      - Fri, 12 May 2023 11:27:43 GMT
      Server:
      - Scaleway API-Gateway
      Strict-Transport-Security:
      - max-age=63072000
      X-Content-Type-Options:
      - nosniff
      X-Frame-Options:
      - DENY
      X-Request-Id:
      - 2977610d-249d-450b-a1cd-c00737e4dc76
    status: 200 OK
    code: 200
    duration: ""
- request:
    body: '{"changes":[{"add":{"records":[{"data":"51.158.124.10","name":"tf-reverse-vpcgw","priority":1,"ttl":3600,"type":"A","comment":null,"id":""}]}}],"return_all_records":false,"disallow_new_zone_creation":false,"serial":null}'
    form: {}
    headers:
      Content-Type:
      - application/json
      User-Agent:
      - scaleway-sdk-go/v1.0.0-beta.7+dev (go1.19.5; darwin; amd64) terraform-provider/develop
        terraform/terraform-tests
    url: https://api.scaleway.com/domain/v2beta1/dns-zones/scaleway-terraform.com/records
    method: PATCH
  response:
    body: '{"records":[{"comment":null,"data":"51.158.124.10","id":"e02d4c18-780b-47c4-8d8b-3752ca7c81a9","name":"tf-reverse-vpcgw","priority":1,"ttl":3600,"type":"A"}]}'
    headers:
      Content-Length:
      - "158"
      Content-Security-Policy:
      - default-src 'none'; frame-ancestors 'none'
      Content-Type:
      - application/json
      Date:
      - Fri, 12 May 2023 11:27:43 GMT
      Server:
      - Scaleway API-Gateway
      Strict-Transport-Security:
      - max-age=63072000
      X-Content-Type-Options:
      - nosniff
      X-Frame-Options:
      - DENY
      X-Request-Id:
      - 0b57ce58-540a-4213-863d-bf54560ef4af
    status: 200 OK
    code: 200
    duration: ""
- request:
    body: ""
    form: {}
    headers:
      User-Agent:
      - scaleway-sdk-go/v1.0.0-beta.7+dev (go1.19.5; darwin; amd64) terraform-provider/develop
        terraform/terraform-tests
    url: https://api.scaleway.com/domain/v2beta1/dns-zones?dns_zone=scaleway-terraform.com&domain=&order_by=domain_asc
    method: GET
  response:
    body: '{"dns_zones":[{"domain":"scaleway-terraform.com","message":null,"ns":["ns0.dom.scw.cloud","ns1.dom.scw.cloud"],"ns_default":["ns0.dom.scw.cloud","ns1.dom.scw.cloud"],"ns_master":[],"project_id":"105bdce1-64c0-48ab-899d-868455867ecf","status":"pending","subdomain":"","updated_at":"2023-05-12T11:27:43Z"}],"total_count":1}'
    headers:
      Content-Length:
      - "321"
      Content-Security-Policy:
      - default-src 'none'; frame-ancestors 'none'
      Content-Type:
      - application/json
      Date:
      - Fri, 12 May 2023 11:27:43 GMT
      Server:
      - Scaleway API-Gateway
      Strict-Transport-Security:
      - max-age=63072000
      X-Content-Type-Options:
      - nosniff
      X-Frame-Options:
      - DENY
      X-Request-Id:
      - a1957575-54ef-498f-877b-4876532fb008
    status: 200 OK
    code: 200
    duration: ""
- request:
    body: ""
    form: {}
    headers:
      User-Agent:
      - scaleway-sdk-go/v1.0.0-beta.7+dev (go1.19.5; darwin; amd64) terraform-provider/develop
        terraform/terraform-tests
    url: https://api.scaleway.com/domain/v2beta1/dns-zones?dns_zone=scaleway-terraform.com&domain=&order_by=domain_asc
    method: GET
  response:
    body: '{"dns_zones":[{"domain":"scaleway-terraform.com","message":null,"ns":["ns0.dom.scw.cloud","ns1.dom.scw.cloud"],"ns_default":["ns0.dom.scw.cloud","ns1.dom.scw.cloud"],"ns_master":[],"project_id":"105bdce1-64c0-48ab-899d-868455867ecf","status":"active","subdomain":"","updated_at":"2023-05-12T11:27:48Z"}],"total_count":1}'
    headers:
      Content-Length:
      - "320"
      Content-Security-Policy:
      - default-src 'none'; frame-ancestors 'none'
      Content-Type:
      - application/json
      Date:
      - Fri, 12 May 2023 11:27:49 GMT
      Server:
      - Scaleway API-Gateway
      Strict-Transport-Security:
      - max-age=63072000
      X-Content-Type-Options:
      - nosniff
      X-Frame-Options:
      - DENY
      X-Request-Id:
      - 3aad290f-fbc2-47cd-a1f4-4cc584997e1a
    status: 200 OK
    code: 200
    duration: ""
- request:
    body: '{"tags":null,"reverse":"tf-reverse-vpcgw.scaleway-terraform.com","gateway_id":null}'
    form: {}
    headers:
      Content-Type:
      - application/json
      User-Agent:
      - scaleway-sdk-go/v1.0.0-beta.7+dev (go1.19.5; darwin; amd64) terraform-provider/develop
        terraform/terraform-tests
    url: https://api.scaleway.com/vpc-gw/v1/zones/fr-par-1/ips/23374f6a-42cf-4054-b75b-201e9f1b4204
    method: PATCH
  response:
    body: '{"address":"51.158.124.10","created_at":"2023-05-12T11:27:43.672509Z","gateway_id":null,"id":"23374f6a-42cf-4054-b75b-201e9f1b4204","organization_id":"105bdce1-64c0-48ab-899d-868455867ecf","project_id":"105bdce1-64c0-48ab-899d-868455867ecf","reverse":"tf-reverse-vpcgw.scaleway-terraform.com","tags":[],"updated_at":"2023-05-12T11:27:48.907296Z","zone":"fr-par-1"}'
    headers:
      Content-Length:
      - "364"
      Content-Security-Policy:
      - default-src 'none'; frame-ancestors 'none'
      Content-Type:
      - application/json
      Date:
      - Fri, 12 May 2023 11:27:49 GMT
      Server:
      - Scaleway API-Gateway
      Strict-Transport-Security:
      - max-age=63072000
      X-Content-Type-Options:
      - nosniff
      X-Frame-Options:
      - DENY
      X-Request-Id:
      - fa7a8a55-95e6-4309-afde-ef6ec080313d
    status: 200 OK
    code: 200
    duration: ""
- request:
    body: ""
    form: {}
    headers:
      User-Agent:
      - scaleway-sdk-go/v1.0.0-beta.7+dev (go1.19.5; darwin; amd64) terraform-provider/develop
        terraform/terraform-tests
    url: https://api.scaleway.com/domain/v2beta1/dns-zones/scaleway-terraform.com/records?name=tf-reverse-vpcgw&order_by=name_asc&page=1&type=A
    method: GET
  response:
    body: '{"records":[{"comment":null,"data":"51.158.124.10","id":"e02d4c18-780b-47c4-8d8b-3752ca7c81a9","name":"tf-reverse-vpcgw","priority":1,"ttl":3600,"type":"A"}],"total_count":1}'
    headers:
      Content-Length:
      - "174"
      Content-Security-Policy:
      - default-src 'none'; frame-ancestors 'none'
      Content-Type:
      - application/json
      Date:
      - Fri, 12 May 2023 11:27:49 GMT
      Server:
      - Scaleway API-Gateway
      Strict-Transport-Security:
      - max-age=63072000
      X-Content-Type-Options:
      - nosniff
      X-Frame-Options:
      - DENY
      X-Request-Id:
      - 94759ac3-5edf-4fa8-8d0a-288f9759c7f8
    status: 200 OK
    code: 200
    duration: ""
- request:
    body: ""
    form: {}
    headers:
      User-Agent:
      - scaleway-sdk-go/v1.0.0-beta.7+dev (go1.19.5; darwin; amd64) terraform-provider/develop
        terraform/terraform-tests
    url: https://api.scaleway.com/vpc-gw/v1/zones/fr-par-1/ips/23374f6a-42cf-4054-b75b-201e9f1b4204
    method: GET
  response:
    body: '{"address":"51.158.124.10","created_at":"2023-05-12T11:27:43.672509Z","gateway_id":null,"id":"23374f6a-42cf-4054-b75b-201e9f1b4204","organization_id":"105bdce1-64c0-48ab-899d-868455867ecf","project_id":"105bdce1-64c0-48ab-899d-868455867ecf","reverse":"tf-reverse-vpcgw.scaleway-terraform.com","tags":[],"updated_at":"2023-05-12T11:27:48.907296Z","zone":"fr-par-1"}'
    headers:
      Content-Length:
      - "364"
      Content-Security-Policy:
      - default-src 'none'; frame-ancestors 'none'
      Content-Type:
      - application/json
      Date:
      - Fri, 12 May 2023 11:27:49 GMT
      Server:
      - Scaleway API-Gateway
      Strict-Transport-Security:
      - max-age=63072000
      X-Content-Type-Options:
      - nosniff
      X-Frame-Options:
      - DENY
      X-Request-Id:
      - 2b13fded-271f-476f-b15b-d6aa0bf8f95b
    status: 200 OK
    code: 200
    duration: ""
- request:
    body: ""
    form: {}
    headers:
      User-Agent:
      - scaleway-sdk-go/v1.0.0-beta.7+dev (go1.19.5; darwin; amd64) terraform-provider/develop
        terraform/terraform-tests
    url: https://api.scaleway.com/domain/v2beta1/dns-zones/scaleway-terraform.com/records?id=e02d4c18-780b-47c4-8d8b-3752ca7c81a9&name=&order_by=name_asc&page=1&type=unknown
    method: GET
  response:
    body: '{"records":[{"comment":null,"data":"51.158.124.10","id":"e02d4c18-780b-47c4-8d8b-3752ca7c81a9","name":"tf-reverse-vpcgw","priority":1,"ttl":3600,"type":"A"}],"total_count":1}'
    headers:
      Content-Length:
      - "174"
      Content-Security-Policy:
      - default-src 'none'; frame-ancestors 'none'
      Content-Type:
      - application/json
      Date:
      - Fri, 12 May 2023 11:27:49 GMT
      Server:
      - Scaleway API-Gateway
      Strict-Transport-Security:
      - max-age=63072000
      X-Content-Type-Options:
      - nosniff
      X-Frame-Options:
      - DENY
      X-Request-Id:
      - 1aeb4172-d8d5-4b10-9220-920cce1871ec
    status: 200 OK
    code: 200
    duration: ""
- request:
    body: ""
    form: {}
    headers:
      User-Agent:
      - scaleway-sdk-go/v1.0.0-beta.7+dev (go1.19.5; darwin; amd64) terraform-provider/develop
        terraform/terraform-tests
    url: https://api.scaleway.com/domain/v2beta1/dns-zones?dns_zone=scaleway-terraform.com&domain=&order_by=domain_asc
    method: GET
  response:
    body: '{"dns_zones":[{"domain":"scaleway-terraform.com","message":null,"ns":["ns0.dom.scw.cloud","ns1.dom.scw.cloud"],"ns_default":["ns0.dom.scw.cloud","ns1.dom.scw.cloud"],"ns_master":[],"project_id":"105bdce1-64c0-48ab-899d-868455867ecf","status":"active","subdomain":"","updated_at":"2023-05-12T11:27:48Z"}],"total_count":1}'
    headers:
      Content-Length:
      - "320"
      Content-Security-Policy:
      - default-src 'none'; frame-ancestors 'none'
      Content-Type:
      - application/json
      Date:
      - Fri, 12 May 2023 11:27:49 GMT
      Server:
      - Scaleway API-Gateway
      Strict-Transport-Security:
      - max-age=63072000
      X-Content-Type-Options:
      - nosniff
      X-Frame-Options:
      - DENY
      X-Request-Id:
      - 2e380bdd-e4d1-4159-8de1-d9361e8232f1
    status: 200 OK
    code: 200
    duration: ""
- request:
    body: ""
    form: {}
    headers:
      User-Agent:
      - scaleway-sdk-go/v1.0.0-beta.7+dev (go1.19.5; darwin; amd64) terraform-provider/develop
        terraform/terraform-tests
    url: https://api.scaleway.com/vpc-gw/v1/zones/fr-par-1/ips/23374f6a-42cf-4054-b75b-201e9f1b4204
    method: GET
  response:
    body: '{"address":"51.158.124.10","created_at":"2023-05-12T11:27:43.672509Z","gateway_id":null,"id":"23374f6a-42cf-4054-b75b-201e9f1b4204","organization_id":"105bdce1-64c0-48ab-899d-868455867ecf","project_id":"105bdce1-64c0-48ab-899d-868455867ecf","reverse":"tf-reverse-vpcgw.scaleway-terraform.com","tags":[],"updated_at":"2023-05-12T11:27:48.907296Z","zone":"fr-par-1"}'
    headers:
      Content-Length:
      - "364"
      Content-Security-Policy:
      - default-src 'none'; frame-ancestors 'none'
      Content-Type:
      - application/json
      Date:
      - Fri, 12 May 2023 11:27:49 GMT
      Server:
      - Scaleway API-Gateway
      Strict-Transport-Security:
      - max-age=63072000
      X-Content-Type-Options:
      - nosniff
      X-Frame-Options:
      - DENY
      X-Request-Id:
      - 628b555a-0f5b-4254-927b-c1ac9f077107
    status: 200 OK
    code: 200
    duration: ""
- request:
    body: ""
    form: {}
    headers:
      User-Agent:
      - scaleway-sdk-go/v1.0.0-beta.7+dev (go1.19.5; darwin; amd64) terraform-provider/develop
        terraform/terraform-tests
    url: https://api.scaleway.com/domain/v2beta1/dns-zones/scaleway-terraform.com/records?id=e02d4c18-780b-47c4-8d8b-3752ca7c81a9&name=tf-reverse-vpcgw&order_by=name_asc&page=1&type=A
    method: GET
  response:
    body: '{"records":[{"comment":null,"data":"51.158.124.10","id":"e02d4c18-780b-47c4-8d8b-3752ca7c81a9","name":"tf-reverse-vpcgw","priority":1,"ttl":3600,"type":"A"}],"total_count":1}'
    headers:
      Content-Length:
      - "174"
      Content-Security-Policy:
      - default-src 'none'; frame-ancestors 'none'
      Content-Type:
      - application/json
      Date:
      - Fri, 12 May 2023 11:27:49 GMT
      Server:
      - Scaleway API-Gateway
      Strict-Transport-Security:
      - max-age=63072000
      X-Content-Type-Options:
      - nosniff
      X-Frame-Options:
      - DENY
      X-Request-Id:
      - 9499bcb3-b104-46b7-ad03-1d0209d1d4dc
    status: 200 OK
    code: 200
    duration: ""
- request:
    body: ""
    form: {}
    headers:
      User-Agent:
      - scaleway-sdk-go/v1.0.0-beta.7+dev (go1.19.5; darwin; amd64) terraform-provider/develop
        terraform/terraform-tests
    url: https://api.scaleway.com/vpc-gw/v1/zones/fr-par-1/ips/23374f6a-42cf-4054-b75b-201e9f1b4204
    method: GET
  response:
    body: '{"address":"51.158.124.10","created_at":"2023-05-12T11:27:43.672509Z","gateway_id":null,"id":"23374f6a-42cf-4054-b75b-201e9f1b4204","organization_id":"105bdce1-64c0-48ab-899d-868455867ecf","project_id":"105bdce1-64c0-48ab-899d-868455867ecf","reverse":"tf-reverse-vpcgw.scaleway-terraform.com","tags":[],"updated_at":"2023-05-12T11:27:48.907296Z","zone":"fr-par-1"}'
    headers:
      Content-Length:
      - "364"
      Content-Security-Policy:
      - default-src 'none'; frame-ancestors 'none'
      Content-Type:
      - application/json
      Date:
      - Fri, 12 May 2023 11:27:49 GMT
      Server:
      - Scaleway API-Gateway
      Strict-Transport-Security:
      - max-age=63072000
      X-Content-Type-Options:
      - nosniff
      X-Frame-Options:
      - DENY
      X-Request-Id:
      - 6ef53928-f0d7-4b31-874a-3939e2a70ab8
    status: 200 OK
    code: 200
    duration: ""
- request:
    body: ""
    form: {}
    headers:
      User-Agent:
      - scaleway-sdk-go/v1.0.0-beta.7+dev (go1.19.5; darwin; amd64) terraform-provider/develop
        terraform/terraform-tests
    url: https://api.scaleway.com/domain/v2beta1/dns-zones?dns_zone=scaleway-terraform.com&domain=&order_by=domain_asc
    method: GET
  response:
    body: '{"dns_zones":[{"domain":"scaleway-terraform.com","message":null,"ns":["ns0.dom.scw.cloud","ns1.dom.scw.cloud"],"ns_default":["ns0.dom.scw.cloud","ns1.dom.scw.cloud"],"ns_master":[],"project_id":"105bdce1-64c0-48ab-899d-868455867ecf","status":"active","subdomain":"","updated_at":"2023-05-12T11:27:48Z"}],"total_count":1}'
    headers:
      Content-Length:
      - "320"
      Content-Security-Policy:
      - default-src 'none'; frame-ancestors 'none'
      Content-Type:
      - application/json
      Date:
      - Fri, 12 May 2023 11:27:49 GMT
      Server:
      - Scaleway API-Gateway
      Strict-Transport-Security:
      - max-age=63072000
      X-Content-Type-Options:
      - nosniff
      X-Frame-Options:
      - DENY
      X-Request-Id:
      - 6687e951-27f3-4ff4-b839-c5e3834a68c0
    status: 200 OK
    code: 200
    duration: ""
- request:
    body: ""
    form: {}
    headers:
      User-Agent:
      - scaleway-sdk-go/v1.0.0-beta.7+dev (go1.19.5; darwin; amd64) terraform-provider/develop
        terraform/terraform-tests
    url: https://api.scaleway.com/vpc-gw/v1/zones/fr-par-1/ips/23374f6a-42cf-4054-b75b-201e9f1b4204
    method: GET
  response:
    body: '{"address":"51.158.124.10","created_at":"2023-05-12T11:27:43.672509Z","gateway_id":null,"id":"23374f6a-42cf-4054-b75b-201e9f1b4204","organization_id":"105bdce1-64c0-48ab-899d-868455867ecf","project_id":"105bdce1-64c0-48ab-899d-868455867ecf","reverse":"tf-reverse-vpcgw.scaleway-terraform.com","tags":[],"updated_at":"2023-05-12T11:27:48.907296Z","zone":"fr-par-1"}'
    headers:
      Content-Length:
      - "364"
      Content-Security-Policy:
      - default-src 'none'; frame-ancestors 'none'
      Content-Type:
      - application/json
      Date:
      - Fri, 12 May 2023 11:27:50 GMT
      Server:
      - Scaleway API-Gateway
      Strict-Transport-Security:
      - max-age=63072000
      X-Content-Type-Options:
      - nosniff
      X-Frame-Options:
      - DENY
      X-Request-Id:
      - 83fc4bb6-b90d-4d7c-90f3-08365a36bff7
    status: 200 OK
    code: 200
    duration: ""
- request:
    body: ""
    form: {}
    headers:
      User-Agent:
      - scaleway-sdk-go/v1.0.0-beta.7+dev (go1.19.5; darwin; amd64) terraform-provider/develop
        terraform/terraform-tests
    url: https://api.scaleway.com/vpc-gw/v1/zones/fr-par-1/ips/23374f6a-42cf-4054-b75b-201e9f1b4204
    method: GET
  response:
    body: '{"address":"51.158.124.10","created_at":"2023-05-12T11:27:43.672509Z","gateway_id":null,"id":"23374f6a-42cf-4054-b75b-201e9f1b4204","organization_id":"105bdce1-64c0-48ab-899d-868455867ecf","project_id":"105bdce1-64c0-48ab-899d-868455867ecf","reverse":"tf-reverse-vpcgw.scaleway-terraform.com","tags":[],"updated_at":"2023-05-12T11:27:48.907296Z","zone":"fr-par-1"}'
    headers:
      Content-Length:
      - "364"
      Content-Security-Policy:
      - default-src 'none'; frame-ancestors 'none'
      Content-Type:
      - application/json
      Date:
      - Fri, 12 May 2023 11:27:50 GMT
      Server:
      - Scaleway API-Gateway
      Strict-Transport-Security:
      - max-age=63072000
      X-Content-Type-Options:
      - nosniff
      X-Frame-Options:
      - DENY
      X-Request-Id:
      - b9f0cdec-a1d6-4845-8a4b-6096c949f8f4
    status: 200 OK
    code: 200
    duration: ""
- request:
    body: ""
    form: {}
    headers:
      User-Agent:
      - scaleway-sdk-go/v1.0.0-beta.7+dev (go1.19.5; darwin; amd64) terraform-provider/develop
        terraform/terraform-tests
    url: https://api.scaleway.com/domain/v2beta1/dns-zones/scaleway-terraform.com/records?id=e02d4c18-780b-47c4-8d8b-3752ca7c81a9&name=tf-reverse-vpcgw&order_by=name_asc&page=1&type=A
    method: GET
  response:
    body: '{"records":[{"comment":null,"data":"51.158.124.10","id":"e02d4c18-780b-47c4-8d8b-3752ca7c81a9","name":"tf-reverse-vpcgw","priority":1,"ttl":3600,"type":"A"}],"total_count":1}'
    headers:
      Content-Length:
      - "174"
      Content-Security-Policy:
      - default-src 'none'; frame-ancestors 'none'
      Content-Type:
      - application/json
      Date:
      - Fri, 12 May 2023 11:27:50 GMT
      Server:
      - Scaleway API-Gateway
      Strict-Transport-Security:
      - max-age=63072000
      X-Content-Type-Options:
      - nosniff
      X-Frame-Options:
      - DENY
      X-Request-Id:
      - 31048776-2e3d-4097-bf57-98639735946b
    status: 200 OK
    code: 200
    duration: ""
- request:
    body: ""
    form: {}
    headers:
      User-Agent:
      - scaleway-sdk-go/v1.0.0-beta.7+dev (go1.19.5; darwin; amd64) terraform-provider/develop
        terraform/terraform-tests
    url: https://api.scaleway.com/domain/v2beta1/dns-zones?dns_zone=scaleway-terraform.com&domain=&order_by=domain_asc
    method: GET
  response:
    body: '{"dns_zones":[{"domain":"scaleway-terraform.com","message":null,"ns":["ns0.dom.scw.cloud","ns1.dom.scw.cloud"],"ns_default":["ns0.dom.scw.cloud","ns1.dom.scw.cloud"],"ns_master":[],"project_id":"105bdce1-64c0-48ab-899d-868455867ecf","status":"active","subdomain":"","updated_at":"2023-05-12T11:27:48Z"}],"total_count":1}'
    headers:
      Content-Length:
      - "320"
      Content-Security-Policy:
      - default-src 'none'; frame-ancestors 'none'
      Content-Type:
      - application/json
      Date:
      - Fri, 12 May 2023 11:27:50 GMT
      Server:
      - Scaleway API-Gateway
      Strict-Transport-Security:
      - max-age=63072000
      X-Content-Type-Options:
      - nosniff
      X-Frame-Options:
      - DENY
      X-Request-Id:
      - d807d10b-b52c-4a97-a30a-73013b9e6904
    status: 200 OK
    code: 200
    duration: ""
- request:
    body: '{"changes":[{"delete":{"id":"e02d4c18-780b-47c4-8d8b-3752ca7c81a9"}}],"return_all_records":false,"disallow_new_zone_creation":false,"serial":null}'
    form: {}
    headers:
      Content-Type:
      - application/json
      User-Agent:
      - scaleway-sdk-go/v1.0.0-beta.7+dev (go1.19.5; darwin; amd64) terraform-provider/develop
        terraform/terraform-tests
    url: https://api.scaleway.com/domain/v2beta1/dns-zones/scaleway-terraform.com/records
    method: PATCH
  response:
    body: '{"records":[]}'
    headers:
      Content-Length:
      - "14"
      Content-Security-Policy:
      - default-src 'none'; frame-ancestors 'none'
      Content-Type:
      - application/json
      Date:
      - Fri, 12 May 2023 11:27:50 GMT
      Server:
      - Scaleway API-Gateway
      Strict-Transport-Security:
      - max-age=63072000
      X-Content-Type-Options:
      - nosniff
      X-Frame-Options:
      - DENY
      X-Request-Id:
      - 86713704-9acf-4d37-b4c0-537c9d74e42a
    status: 200 OK
    code: 200
    duration: ""
- request:
    body: ""
    form: {}
    headers:
      User-Agent:
      - scaleway-sdk-go/v1.0.0-beta.7+dev (go1.19.5; darwin; amd64) terraform-provider/develop
        terraform/terraform-tests
    url: https://api.scaleway.com/domain/v2beta1/dns-zones?dns_zone=scaleway-terraform.com&domain=&order_by=domain_asc
    method: GET
  response:
    body: '{"dns_zones":[{"domain":"scaleway-terraform.com","message":null,"ns":["ns0.dom.scw.cloud","ns1.dom.scw.cloud"],"ns_default":["ns0.dom.scw.cloud","ns1.dom.scw.cloud"],"ns_master":[],"project_id":"105bdce1-64c0-48ab-899d-868455867ecf","status":"pending","subdomain":"","updated_at":"2023-05-12T11:27:50Z"}],"total_count":1}'
    headers:
      Content-Length:
      - "321"
      Content-Security-Policy:
      - default-src 'none'; frame-ancestors 'none'
      Content-Type:
      - application/json
      Date:
      - Fri, 12 May 2023 11:27:50 GMT
      Server:
      - Scaleway API-Gateway
      Strict-Transport-Security:
      - max-age=63072000
      X-Content-Type-Options:
      - nosniff
      X-Frame-Options:
      - DENY
      X-Request-Id:
      - 00a3f874-a2f7-4421-80d1-a780825b64f7
    status: 200 OK
    code: 200
    duration: ""
- request:
    body: '{"tags":null,"reverse":"","gateway_id":null}'
    form: {}
    headers:
      Content-Type:
      - application/json
      User-Agent:
      - scaleway-sdk-go/v1.0.0-beta.7+dev (go1.19.5; darwin; amd64) terraform-provider/develop
        terraform/terraform-tests
    url: https://api.scaleway.com/vpc-gw/v1/zones/fr-par-1/ips/23374f6a-42cf-4054-b75b-201e9f1b4204
    method: PATCH
  response:
    body: '{"address":"51.158.124.10","created_at":"2023-05-12T11:27:43.672509Z","gateway_id":null,"id":"23374f6a-42cf-4054-b75b-201e9f1b4204","organization_id":"105bdce1-64c0-48ab-899d-868455867ecf","project_id":"105bdce1-64c0-48ab-899d-868455867ecf","reverse":"10-124-158-51.instances.scw.cloud","tags":[],"updated_at":"2023-05-12T11:27:50.600506Z","zone":"fr-par-1"}'
    headers:
      Content-Length:
      - "358"
      Content-Security-Policy:
      - default-src 'none'; frame-ancestors 'none'
      Content-Type:
      - application/json
      Date:
      - Fri, 12 May 2023 11:27:50 GMT
      Server:
      - Scaleway API-Gateway
      Strict-Transport-Security:
      - max-age=63072000
      X-Content-Type-Options:
      - nosniff
      X-Frame-Options:
      - DENY
      X-Request-Id:
      - d8868a92-5a9f-41c6-912b-b686feb1df00
    status: 200 OK
    code: 200
    duration: ""
- request:
    body: ""
    form: {}
    headers:
      User-Agent:
      - scaleway-sdk-go/v1.0.0-beta.7+dev (go1.19.5; darwin; amd64) terraform-provider/develop
        terraform/terraform-tests
    url: https://api.scaleway.com/domain/v2beta1/dns-zones?dns_zone=scaleway-terraform.com&domain=&order_by=domain_asc
    method: GET
  response:
    body: '{"dns_zones":[{"domain":"scaleway-terraform.com","message":null,"ns":["ns0.dom.scw.cloud","ns1.dom.scw.cloud"],"ns_default":["ns0.dom.scw.cloud","ns1.dom.scw.cloud"],"ns_master":[],"project_id":"105bdce1-64c0-48ab-899d-868455867ecf","status":"pending","subdomain":"","updated_at":"2023-05-12T11:27:50Z"}],"total_count":1}'
    headers:
      Content-Length:
      - "321"
      Content-Security-Policy:
      - default-src 'none'; frame-ancestors 'none'
      Content-Type:
      - application/json
      Date:
      - Fri, 12 May 2023 11:27:55 GMT
      Server:
      - Scaleway API-Gateway
      Strict-Transport-Security:
      - max-age=63072000
      X-Content-Type-Options:
      - nosniff
      X-Frame-Options:
      - DENY
      X-Request-Id:
      - be0d42eb-3048-4791-8535-e7b448c5b3be
    status: 200 OK
    code: 200
    duration: ""
- request:
    body: ""
    form: {}
    headers:
      User-Agent:
      - scaleway-sdk-go/v1.0.0-beta.7+dev (go1.19.5; darwin; amd64) terraform-provider/develop
        terraform/terraform-tests
    url: https://api.scaleway.com/domain/v2beta1/dns-zones?dns_zone=scaleway-terraform.com&domain=&order_by=domain_asc
    method: GET
  response:
    body: '{"dns_zones":[{"domain":"scaleway-terraform.com","message":null,"ns":["ns0.dom.scw.cloud","ns1.dom.scw.cloud"],"ns_default":["ns0.dom.scw.cloud","ns1.dom.scw.cloud"],"ns_master":[],"project_id":"105bdce1-64c0-48ab-899d-868455867ecf","status":"active","subdomain":"","updated_at":"2023-05-12T11:27:58Z"}],"total_count":1}'
    headers:
      Content-Length:
      - "320"
      Content-Security-Policy:
      - default-src 'none'; frame-ancestors 'none'
      Content-Type:
      - application/json
      Date:
      - Fri, 12 May 2023 11:28:00 GMT
      Server:
      - Scaleway API-Gateway
      Strict-Transport-Security:
      - max-age=63072000
      X-Content-Type-Options:
      - nosniff
      X-Frame-Options:
      - DENY
      X-Request-Id:
      - 510ee02b-36ac-4589-a831-b0ed4fe71aa7
    status: 200 OK
    code: 200
    duration: ""
- request:
    body: ""
    form: {}
    headers:
      User-Agent:
      - scaleway-sdk-go/v1.0.0-beta.7+dev (go1.19.5; darwin; amd64) terraform-provider/develop
        terraform/terraform-tests
    url: https://api.scaleway.com/vpc-gw/v1/zones/fr-par-1/ips/23374f6a-42cf-4054-b75b-201e9f1b4204
    method: GET
  response:
    body: '{"address":"51.158.124.10","created_at":"2023-05-12T11:27:43.672509Z","gateway_id":null,"id":"23374f6a-42cf-4054-b75b-201e9f1b4204","organization_id":"105bdce1-64c0-48ab-899d-868455867ecf","project_id":"105bdce1-64c0-48ab-899d-868455867ecf","reverse":"10-124-158-51.instances.scw.cloud","tags":[],"updated_at":"2023-05-12T11:27:50.600506Z","zone":"fr-par-1"}'
    headers:
      Content-Length:
      - "358"
      Content-Security-Policy:
      - default-src 'none'; frame-ancestors 'none'
      Content-Type:
      - application/json
      Date:
      - Fri, 12 May 2023 11:28:00 GMT
      Server:
      - Scaleway API-Gateway
      Strict-Transport-Security:
      - max-age=63072000
      X-Content-Type-Options:
      - nosniff
      X-Frame-Options:
      - DENY
      X-Request-Id:
      - 2736b2aa-3e75-4f85-99b1-ed3633943df7
    status: 200 OK
    code: 200
    duration: ""
- request:
    body: ""
    form: {}
    headers:
      User-Agent:
      - scaleway-sdk-go/v1.0.0-beta.7+dev (go1.19.5; darwin; amd64) terraform-provider/develop
        terraform/terraform-tests
    url: https://api.scaleway.com/vpc-gw/v1/zones/fr-par-1/ips/23374f6a-42cf-4054-b75b-201e9f1b4204
    method: GET
  response:
    body: '{"address":"51.158.124.10","created_at":"2023-05-12T11:27:43.672509Z","gateway_id":null,"id":"23374f6a-42cf-4054-b75b-201e9f1b4204","organization_id":"105bdce1-64c0-48ab-899d-868455867ecf","project_id":"105bdce1-64c0-48ab-899d-868455867ecf","reverse":"10-124-158-51.instances.scw.cloud","tags":[],"updated_at":"2023-05-12T11:27:50.600506Z","zone":"fr-par-1"}'
    headers:
      Content-Length:
      - "358"
      Content-Security-Policy:
      - default-src 'none'; frame-ancestors 'none'
      Content-Type:
      - application/json
      Date:
      - Fri, 12 May 2023 11:28:01 GMT
      Server:
      - Scaleway API-Gateway
      Strict-Transport-Security:
      - max-age=63072000
      X-Content-Type-Options:
      - nosniff
      X-Frame-Options:
      - DENY
      X-Request-Id:
      - a77899d6-19ac-4d2d-9a9d-1b36f569f972
    status: 200 OK
    code: 200
    duration: ""
- request:
    body: ""
    form: {}
    headers:
      User-Agent:
      - scaleway-sdk-go/v1.0.0-beta.7+dev (go1.19.5; darwin; amd64) terraform-provider/develop
        terraform/terraform-tests
    url: https://api.scaleway.com/vpc-gw/v1/zones/fr-par-1/ips/23374f6a-42cf-4054-b75b-201e9f1b4204
    method: DELETE
  response:
    body: ""
    headers:
      Content-Security-Policy:
      - default-src 'none'; frame-ancestors 'none'
      Content-Type:
      - application/json
      Date:
      - Fri, 12 May 2023 11:28:01 GMT
      Server:
      - Scaleway API-Gateway
      Strict-Transport-Security:
      - max-age=63072000
      X-Content-Type-Options:
      - nosniff
      X-Frame-Options:
      - DENY
      X-Request-Id:
      - 4cf248d5-01e9-46ce-a6da-92720e97f832
    status: 204 No Content
    code: 204
    duration: ""
