---
version: 1
interactions:
- request:
    body: '{"project_id":"951df375-e094-4d26-97c1-ba548eeb9c42","tags":[]}'
    form: {}
    headers:
      Content-Type:
      - application/json
      User-Agent:
      - scaleway-sdk-go/v1.0.0-beta.7+dev (go1.16.6; darwin; amd64) terraform-provider/develop terraform/terraform-tests
    url: https://api.scaleway.com/vpc-gw/v1beta1/zones/fr-par-1/ips
    method: POST
  response:
    body: '{"id":"72f55bfd-84ae-4e31-b86e-3c0ab4f4397c","organization_id":"951df375-e094-4d26-97c1-ba548eeb9c42","project_id":"951df375-e094-4d26-97c1-ba548eeb9c42","created_at":"2021-08-05T09:54:17.283114Z","updated_at":"2021-08-05T09:54:17.283114Z","tags":[],"address":"51.15.227.104","reverse":null,"zone":"fr-par-1"}'
    headers:
      Content-Length:
      - "309"
      Content-Security-Policy:
      - default-src 'none'; frame-ancestors 'none'
      Content-Type:
      - application/json
      Date:
      - Thu, 05 Aug 2021 09:54:17 GMT
      Server:
      - Scaleway API-Gateway
      Strict-Transport-Security:
      - max-age=63072000
      X-Content-Type-Options:
      - nosniff
      X-Frame-Options:
      - DENY
      X-Request-Id:
      - 2abc9f00-1449-4272-acd8-cc34145d521e
    status: 200 OK
    code: 200
    duration: ""
- request:
    body: ""
    form: {}
    headers:
      User-Agent:
      - scaleway-sdk-go/v1.0.0-beta.7+dev (go1.16.6; darwin; amd64) terraform-provider/develop terraform/terraform-tests
    url: https://api.scaleway.com/vpc-gw/v1beta1/zones/fr-par-1/ips/72f55bfd-84ae-4e31-b86e-3c0ab4f4397c
    method: GET
  response:
    body: '{"id":"72f55bfd-84ae-4e31-b86e-3c0ab4f4397c","organization_id":"951df375-e094-4d26-97c1-ba548eeb9c42","project_id":"951df375-e094-4d26-97c1-ba548eeb9c42","created_at":"2021-08-05T09:54:17.283114Z","updated_at":"2021-08-05T09:54:17.283114Z","tags":[],"address":"51.15.227.104","reverse":null,"zone":"fr-par-1"}'
    headers:
      Content-Length:
      - "309"
      Content-Security-Policy:
      - default-src 'none'; frame-ancestors 'none'
      Content-Type:
      - application/json
      Date:
      - Thu, 05 Aug 2021 09:54:17 GMT
      Server:
      - Scaleway API-Gateway
      Strict-Transport-Security:
      - max-age=63072000
      X-Content-Type-Options:
      - nosniff
      X-Frame-Options:
      - DENY
      X-Request-Id:
      - 30cfbfa9-d962-4158-b806-34c1fded3520
    status: 200 OK
    code: 200
    duration: ""
- request:
    body: '{"project_id":"951df375-e094-4d26-97c1-ba548eeb9c42","name":"foobar","tags":[],"type":"VPC-GW-S","upstream_dns_servers":[],"ip_id":"72f55bfd-84ae-4e31-b86e-3c0ab4f4397c"}'
    form: {}
    headers:
      Content-Type:
      - application/json
      User-Agent:
      - scaleway-sdk-go/v1.0.0-beta.7+dev (go1.16.6; darwin; amd64) terraform-provider/develop terraform/terraform-tests
    url: https://api.scaleway.com/vpc-gw/v1beta1/zones/fr-par-1/gateways
    method: POST
  response:
    body: '{"id":"8747038b-321c-4658-b33d-4053f5987f92","organization_id":"951df375-e094-4d26-97c1-ba548eeb9c42","project_id":"951df375-e094-4d26-97c1-ba548eeb9c42","created_at":"2021-08-05T09:54:17.529654Z","updated_at":"2021-08-05T09:54:17.529654Z","type":{"name":"VPC-GW-S","bandwidth":100000000,"zone":"fr-par-1"},"status":"stopped","name":"foobar","tags":[],"ip":{"id":"72f55bfd-84ae-4e31-b86e-3c0ab4f4397c","organization_id":"951df375-e094-4d26-97c1-ba548eeb9c42","project_id":"951df375-e094-4d26-97c1-ba548eeb9c42","created_at":"2021-08-05T09:54:17.283114Z","updated_at":"2021-08-05T09:54:17.283114Z","tags":[],"address":"51.15.227.104","reverse":null,"zone":"fr-par-1"},"gateway_networks":[],"upstream_dns_servers":[],"version":null,"can_upgrade_to":null,"zone":"fr-par-1"}'
    headers:
      Content-Length:
      - "770"
      Content-Security-Policy:
      - default-src 'none'; frame-ancestors 'none'
      Content-Type:
      - application/json
      Date:
      - Thu, 05 Aug 2021 09:54:17 GMT
      Server:
      - Scaleway API-Gateway
      Strict-Transport-Security:
      - max-age=63072000
      X-Content-Type-Options:
      - nosniff
      X-Frame-Options:
      - DENY
      X-Request-Id:
      - 3098251d-b2cf-4966-8105-ff5e54efbdea
    status: 200 OK
    code: 200
    duration: ""
- request:
    body: ""
    form: {}
    headers:
      User-Agent:
      - scaleway-sdk-go/v1.0.0-beta.7+dev (go1.16.6; darwin; amd64) terraform-provider/develop terraform/terraform-tests
    url: https://api.scaleway.com/vpc-gw/v1beta1/zones/fr-par-1/gateways/8747038b-321c-4658-b33d-4053f5987f92
    method: GET
  response:
    body: '{"id":"8747038b-321c-4658-b33d-4053f5987f92","organization_id":"951df375-e094-4d26-97c1-ba548eeb9c42","project_id":"951df375-e094-4d26-97c1-ba548eeb9c42","created_at":"2021-08-05T09:54:17.529654Z","updated_at":"2021-08-05T09:54:17.566764Z","type":{"name":"VPC-GW-S","bandwidth":100000000,"zone":"fr-par-1"},"status":"stopped","name":"foobar","tags":[],"ip":{"id":"72f55bfd-84ae-4e31-b86e-3c0ab4f4397c","organization_id":"951df375-e094-4d26-97c1-ba548eeb9c42","project_id":"951df375-e094-4d26-97c1-ba548eeb9c42","created_at":"2021-08-05T09:54:17.283114Z","updated_at":"2021-08-05T09:54:17.283114Z","tags":[],"address":"51.15.227.104","reverse":null,"zone":"fr-par-1"},"gateway_networks":[],"upstream_dns_servers":[],"version":"0.2.10","can_upgrade_to":null,"zone":"fr-par-1"}'
    headers:
      Content-Length:
      - "774"
      Content-Security-Policy:
      - default-src 'none'; frame-ancestors 'none'
      Content-Type:
      - application/json
      Date:
      - Thu, 05 Aug 2021 09:54:17 GMT
      Server:
      - Scaleway API-Gateway
      Strict-Transport-Security:
      - max-age=63072000
      X-Content-Type-Options:
      - nosniff
      X-Frame-Options:
      - DENY
      X-Request-Id:
      - f25de3fa-e228-404b-8878-f551246910b3
    status: 200 OK
    code: 200
    duration: ""
- request:
    body: ""
    form: {}
    headers:
      User-Agent:
      - scaleway-sdk-go/v1.0.0-beta.7+dev (go1.16.6; darwin; amd64) terraform-provider/develop terraform/terraform-tests
    url: https://api.scaleway.com/vpc-gw/v1beta1/zones/fr-par-1/gateways/8747038b-321c-4658-b33d-4053f5987f92
    method: GET
  response:
    body: '{"id":"8747038b-321c-4658-b33d-4053f5987f92","organization_id":"951df375-e094-4d26-97c1-ba548eeb9c42","project_id":"951df375-e094-4d26-97c1-ba548eeb9c42","created_at":"2021-08-05T09:54:17.529654Z","updated_at":"2021-08-05T09:54:17.566764Z","type":{"name":"VPC-GW-S","bandwidth":100000000,"zone":"fr-par-1"},"status":"stopped","name":"foobar","tags":[],"ip":{"id":"72f55bfd-84ae-4e31-b86e-3c0ab4f4397c","organization_id":"951df375-e094-4d26-97c1-ba548eeb9c42","project_id":"951df375-e094-4d26-97c1-ba548eeb9c42","created_at":"2021-08-05T09:54:17.283114Z","updated_at":"2021-08-05T09:54:17.283114Z","tags":[],"address":"51.15.227.104","reverse":null,"zone":"fr-par-1"},"gateway_networks":[],"upstream_dns_servers":[],"version":"0.2.10","can_upgrade_to":null,"zone":"fr-par-1"}'
    headers:
      Content-Length:
      - "774"
      Content-Security-Policy:
      - default-src 'none'; frame-ancestors 'none'
      Content-Type:
      - application/json
      Date:
      - Thu, 05 Aug 2021 09:54:17 GMT
      Server:
      - Scaleway API-Gateway
      Strict-Transport-Security:
      - max-age=63072000
      X-Content-Type-Options:
      - nosniff
      X-Frame-Options:
      - DENY
      X-Request-Id:
      - 3b801072-8719-455c-9899-8f22a41b96b5
    status: 200 OK
    code: 200
    duration: ""
- request:
    body: ""
    form: {}
    headers:
      User-Agent:
      - scaleway-sdk-go/v1.0.0-beta.7+dev (go1.16.6; darwin; amd64) terraform-provider/develop terraform/terraform-tests
    url: https://api.scaleway.com/vpc-gw/v1beta1/zones/fr-par-1/ips/72f55bfd-84ae-4e31-b86e-3c0ab4f4397c
    method: GET
  response:
    body: '{"id":"72f55bfd-84ae-4e31-b86e-3c0ab4f4397c","organization_id":"951df375-e094-4d26-97c1-ba548eeb9c42","project_id":"951df375-e094-4d26-97c1-ba548eeb9c42","created_at":"2021-08-05T09:54:17.283114Z","updated_at":"2021-08-05T09:54:17.283114Z","tags":[],"address":"51.15.227.104","reverse":null,"zone":"fr-par-1"}'
    headers:
      Content-Length:
      - "309"
      Content-Security-Policy:
      - default-src 'none'; frame-ancestors 'none'
      Content-Type:
      - application/json
      Date:
      - Thu, 05 Aug 2021 09:54:17 GMT
      Server:
      - Scaleway API-Gateway
      Strict-Transport-Security:
      - max-age=63072000
      X-Content-Type-Options:
      - nosniff
      X-Frame-Options:
      - DENY
      X-Request-Id:
      - 7c732bd6-73fe-481f-98e3-64e0ef0a833b
    status: 200 OK
    code: 200
    duration: ""
- request:
    body: ""
    form: {}
    headers:
      User-Agent:
      - scaleway-sdk-go/v1.0.0-beta.7+dev (go1.16.6; darwin; amd64) terraform-provider/develop terraform/terraform-tests
    url: https://api.scaleway.com/vpc-gw/v1beta1/zones/fr-par-1/gateways/8747038b-321c-4658-b33d-4053f5987f92
    method: GET
  response:
    body: '{"id":"8747038b-321c-4658-b33d-4053f5987f92","organization_id":"951df375-e094-4d26-97c1-ba548eeb9c42","project_id":"951df375-e094-4d26-97c1-ba548eeb9c42","created_at":"2021-08-05T09:54:17.529654Z","updated_at":"2021-08-05T09:54:17.728320Z","type":{"name":"VPC-GW-S","bandwidth":100000000,"zone":"fr-par-1"},"status":"configuring","name":"foobar","tags":[],"ip":{"id":"72f55bfd-84ae-4e31-b86e-3c0ab4f4397c","organization_id":"951df375-e094-4d26-97c1-ba548eeb9c42","project_id":"951df375-e094-4d26-97c1-ba548eeb9c42","created_at":"2021-08-05T09:54:17.283114Z","updated_at":"2021-08-05T09:54:17.283114Z","tags":[],"address":"51.15.227.104","reverse":null,"zone":"fr-par-1"},"gateway_networks":[],"upstream_dns_servers":[],"version":"0.2.10","can_upgrade_to":null,"zone":"fr-par-1"}'
    headers:
      Content-Length:
      - "778"
      Content-Security-Policy:
      - default-src 'none'; frame-ancestors 'none'
      Content-Type:
      - application/json
      Date:
      - Thu, 05 Aug 2021 09:54:18 GMT
      Server:
      - Scaleway API-Gateway
      Strict-Transport-Security:
      - max-age=63072000
      X-Content-Type-Options:
      - nosniff
      X-Frame-Options:
      - DENY
      X-Request-Id:
      - 77aebd4f-1c4a-4828-bbff-c094dbbc7d34
    status: 200 OK
    code: 200
    duration: ""
- request:
    body: ""
    form: {}
    headers:
      User-Agent:
      - scaleway-sdk-go/v1.0.0-beta.7+dev (go1.16.6; darwin; amd64) terraform-provider/develop terraform/terraform-tests
    url: https://api.scaleway.com/vpc-gw/v1beta1/zones/fr-par-1/ips/72f55bfd-84ae-4e31-b86e-3c0ab4f4397c
    method: GET
  response:
    body: '{"id":"72f55bfd-84ae-4e31-b86e-3c0ab4f4397c","organization_id":"951df375-e094-4d26-97c1-ba548eeb9c42","project_id":"951df375-e094-4d26-97c1-ba548eeb9c42","created_at":"2021-08-05T09:54:17.283114Z","updated_at":"2021-08-05T09:54:17.283114Z","tags":[],"address":"51.15.227.104","reverse":null,"zone":"fr-par-1"}'
    headers:
      Content-Length:
      - "309"
      Content-Security-Policy:
      - default-src 'none'; frame-ancestors 'none'
      Content-Type:
      - application/json
      Date:
      - Thu, 05 Aug 2021 09:54:18 GMT
      Server:
      - Scaleway API-Gateway
      Strict-Transport-Security:
      - max-age=63072000
      X-Content-Type-Options:
      - nosniff
      X-Frame-Options:
      - DENY
      X-Request-Id:
      - 3d22c849-7d1a-44bf-9afd-119b530bd50b
    status: 200 OK
    code: 200
    duration: ""
- request:
    body: ""
    form: {}
    headers:
      User-Agent:
      - scaleway-sdk-go/v1.0.0-beta.7+dev (go1.16.6; darwin; amd64) terraform-provider/develop terraform/terraform-tests
    url: https://api.scaleway.com/vpc-gw/v1beta1/zones/fr-par-1/gateways/8747038b-321c-4658-b33d-4053f5987f92
    method: GET
  response:
    body: '{"id":"8747038b-321c-4658-b33d-4053f5987f92","organization_id":"951df375-e094-4d26-97c1-ba548eeb9c42","project_id":"951df375-e094-4d26-97c1-ba548eeb9c42","created_at":"2021-08-05T09:54:17.529654Z","updated_at":"2021-08-05T09:54:18.183872Z","type":{"name":"VPC-GW-S","bandwidth":100000000,"zone":"fr-par-1"},"status":"running","name":"foobar","tags":[],"ip":{"id":"72f55bfd-84ae-4e31-b86e-3c0ab4f4397c","organization_id":"951df375-e094-4d26-97c1-ba548eeb9c42","project_id":"951df375-e094-4d26-97c1-ba548eeb9c42","created_at":"2021-08-05T09:54:17.283114Z","updated_at":"2021-08-05T09:54:17.283114Z","tags":[],"address":"51.15.227.104","reverse":null,"zone":"fr-par-1"},"gateway_networks":[],"upstream_dns_servers":[],"version":"0.2.10","can_upgrade_to":null,"zone":"fr-par-1"}'
    headers:
      Content-Length:
      - "774"
      Content-Security-Policy:
      - default-src 'none'; frame-ancestors 'none'
      Content-Type:
      - application/json
      Date:
      - Thu, 05 Aug 2021 09:54:18 GMT
      Server:
      - Scaleway API-Gateway
      Strict-Transport-Security:
      - max-age=63072000
      X-Content-Type-Options:
      - nosniff
      X-Frame-Options:
      - DENY
      X-Request-Id:
      - 8025c6c1-174c-4d48-bbfa-37b22c0ca787
    status: 200 OK
    code: 200
    duration: ""
- request:
    body: ""
    form: {}
    headers:
      User-Agent:
      - scaleway-sdk-go/v1.0.0-beta.7+dev (go1.16.6; darwin; amd64) terraform-provider/develop terraform/terraform-tests
    url: https://api.scaleway.com/vpc-gw/v1beta1/zones/fr-par-1/gateways/8747038b-321c-4658-b33d-4053f5987f92
    method: DELETE
  response:
    body: ""
    headers:
      Content-Security-Policy:
      - default-src 'none'; frame-ancestors 'none'
      Content-Type:
      - application/json
      Date:
      - Thu, 05 Aug 2021 09:54:19 GMT
      Server:
      - Scaleway API-Gateway
      Strict-Transport-Security:
      - max-age=63072000
      X-Content-Type-Options:
      - nosniff
      X-Frame-Options:
      - DENY
      X-Request-Id:
      - 03f32a93-06c6-4ce8-aceb-0b3eba4271b1
    status: 204 No Content
    code: 204
    duration: ""
- request:
    body: ""
    form: {}
    headers:
      User-Agent:
      - scaleway-sdk-go/v1.0.0-beta.7+dev (go1.16.6; darwin; amd64) terraform-provider/develop terraform/terraform-tests
    url: https://api.scaleway.com/vpc-gw/v1beta1/zones/fr-par-1/gateways/8747038b-321c-4658-b33d-4053f5987f92
    method: GET
  response:
    body: '{"message":"resource is not found","resource":"gateway","resource_id":"8747038b-321c-4658-b33d-4053f5987f92","type":"not_found"}'
    headers:
      Content-Length:
      - "128"
      Content-Security-Policy:
      - default-src 'none'; frame-ancestors 'none'
      Content-Type:
      - application/json
      Date:
      - Thu, 05 Aug 2021 09:54:19 GMT
      Server:
      - Scaleway API-Gateway
      Strict-Transport-Security:
      - max-age=63072000
      X-Content-Type-Options:
      - nosniff
      X-Frame-Options:
      - DENY
      X-Request-Id:
      - 93117a78-228c-46b2-9f59-0cde8214b20e
    status: 404 Not Found
    code: 404
    duration: ""
- request:
    body: ""
    form: {}
    headers:
      User-Agent:
      - scaleway-sdk-go/v1.0.0-beta.7+dev (go1.16.6; darwin; amd64) terraform-provider/develop terraform/terraform-tests
    url: https://api.scaleway.com/vpc-gw/v1beta1/zones/fr-par-1/ips/72f55bfd-84ae-4e31-b86e-3c0ab4f4397c
    method: DELETE
  response:
    body: ""
    headers:
      Content-Security-Policy:
      - default-src 'none'; frame-ancestors 'none'
      Content-Type:
      - application/json
      Date:
      - Thu, 05 Aug 2021 09:54:19 GMT
      Server:
      - Scaleway API-Gateway
      Strict-Transport-Security:
      - max-age=63072000
      X-Content-Type-Options:
      - nosniff
      X-Frame-Options:
      - DENY
      X-Request-Id:
      - 5254d791-67d5-46ad-a8c4-dadacdd37fd5
    status: 204 No Content
    code: 204
    duration: ""
- request:
    body: ""
    form: {}
    headers:
      User-Agent:
      - scaleway-sdk-go/v1.0.0-beta.7+dev (go1.16.6; darwin; amd64) terraform-provider/develop terraform/terraform-tests
    url: https://api.scaleway.com/vpc-gw/v1beta1/zones/fr-par-1/ips/72f55bfd-84ae-4e31-b86e-3c0ab4f4397c
    method: GET
  response:
    body: '{"message":"resource is not found","resource":"ip","resource_id":"72f55bfd-84ae-4e31-b86e-3c0ab4f4397c","type":"not_found"}'
    headers:
      Content-Length:
      - "123"
      Content-Security-Policy:
      - default-src 'none'; frame-ancestors 'none'
      Content-Type:
      - application/json
      Date:
      - Thu, 05 Aug 2021 09:54:19 GMT
      Server:
      - Scaleway API-Gateway
      Strict-Transport-Security:
      - max-age=63072000
      X-Content-Type-Options:
      - nosniff
      X-Frame-Options:
      - DENY
      X-Request-Id:
      - 4b6ebf98-cd4a-48d7-b204-b932fb7bfc13
    status: 404 Not Found
    code: 404
    duration: ""
- request:
    body: ""
    form: {}
    headers:
      User-Agent:
      - scaleway-sdk-go/v1.0.0-beta.7+dev (go1.16.6; darwin; amd64) terraform-provider/develop terraform/terraform-tests
    url: https://api.scaleway.com/vpc-gw/v1beta1/zones/fr-par-1/gateways/8747038b-321c-4658-b33d-4053f5987f92
    method: GET
  response:
    body: '{"message":"resource is not found","resource":"gateway","resource_id":"8747038b-321c-4658-b33d-4053f5987f92","type":"not_found"}'
    headers:
      Content-Length:
      - "128"
      Content-Security-Policy:
      - default-src 'none'; frame-ancestors 'none'
      Content-Type:
      - application/json
      Date:
      - Thu, 05 Aug 2021 09:54:19 GMT
      Server:
      - Scaleway API-Gateway
      Strict-Transport-Security:
      - max-age=63072000
      X-Content-Type-Options:
      - nosniff
      X-Frame-Options:
      - DENY
      X-Request-Id:
      - 96fed741-290b-4350-b921-c9452932e917
    status: 404 Not Found
    code: 404
    duration: ""
