---
version: 1
interactions:
- request:
    body: '{"name":"private-network-test","project_id":"105bdce1-64c0-48ab-899d-868455867ecf","tags":[]}'
    form: {}
    headers:
      Content-Type:
      - application/json
      User-Agent:
      - scaleway-sdk-go/v1.0.0-beta.7+dev (go1.17.3; darwin; amd64) terraform-provider/develop
        terraform/terraform-tests
    url: https://api.scaleway.com/vpc/v1/zones/fr-par-1/private-networks
    method: POST
  response:
    body: '{"id":"84cbc3eb-5ea8-416f-9f0d-cd4bbb13e0b1","name":"private-network-test","tags":[],"organization_id":"105bdce1-64c0-48ab-899d-868455867ecf","created_at":"2021-12-30T11:53:52.628373Z","updated_at":"2021-12-30T11:53:52.628373Z","project_id":"105bdce1-64c0-48ab-899d-868455867ecf","zone":"fr-par-1"}'
    headers:
      Content-Length:
      - "298"
      Content-Security-Policy:
      - default-src 'none'; frame-ancestors 'none'
      Content-Type:
      - application/json
      Date:
      - Thu, 30 Dec 2021 11:53:52 GMT
      Server:
      - Scaleway API-Gateway
      Strict-Transport-Security:
      - max-age=63072000
      X-Content-Type-Options:
      - nosniff
      X-Frame-Options:
      - DENY
      X-Request-Id:
      - 6de1db49-7c5c-40f5-9c71-ebd145a73e1b
    status: 200 OK
    code: 200
    duration: ""
- request:
    body: ""
    form: {}
    headers:
      User-Agent:
      - scaleway-sdk-go/v1.0.0-beta.7+dev (go1.17.3; darwin; amd64) terraform-provider/develop
        terraform/terraform-tests
    url: https://api.scaleway.com/vpc/v1/zones/fr-par-1/private-networks/84cbc3eb-5ea8-416f-9f0d-cd4bbb13e0b1
    method: GET
  response:
    body: '{"id":"84cbc3eb-5ea8-416f-9f0d-cd4bbb13e0b1","name":"private-network-test","tags":[],"organization_id":"105bdce1-64c0-48ab-899d-868455867ecf","created_at":"2021-12-30T11:53:52.628373Z","updated_at":"2021-12-30T11:53:52.628373Z","project_id":"105bdce1-64c0-48ab-899d-868455867ecf","zone":"fr-par-1"}'
    headers:
      Content-Length:
      - "298"
      Content-Security-Policy:
      - default-src 'none'; frame-ancestors 'none'
      Content-Type:
      - application/json
      Date:
      - Thu, 30 Dec 2021 11:53:52 GMT
      Server:
      - Scaleway API-Gateway
      Strict-Transport-Security:
      - max-age=63072000
      X-Content-Type-Options:
      - nosniff
      X-Frame-Options:
      - DENY
      X-Request-Id:
      - fbee51c7-0a4b-4b4d-96e1-abfd60ec2ac7
    status: 200 OK
    code: 200
    duration: ""
- request:
    body: ""
    form: {}
    headers:
      User-Agent:
      - scaleway-sdk-go/v1.0.0-beta.7+dev (go1.17.3; darwin; amd64) terraform-provider/develop
        terraform/terraform-tests
    url: https://api.scaleway.com/vpc/v1/zones/fr-par-1/private-networks/84cbc3eb-5ea8-416f-9f0d-cd4bbb13e0b1
    method: GET
  response:
    body: '{"id":"84cbc3eb-5ea8-416f-9f0d-cd4bbb13e0b1","name":"private-network-test","tags":[],"organization_id":"105bdce1-64c0-48ab-899d-868455867ecf","created_at":"2021-12-30T11:53:52.628373Z","updated_at":"2021-12-30T11:53:52.628373Z","project_id":"105bdce1-64c0-48ab-899d-868455867ecf","zone":"fr-par-1"}'
    headers:
      Content-Length:
      - "298"
      Content-Security-Policy:
      - default-src 'none'; frame-ancestors 'none'
      Content-Type:
      - application/json
      Date:
      - Thu, 30 Dec 2021 11:53:52 GMT
      Server:
      - Scaleway API-Gateway
      Strict-Transport-Security:
      - max-age=63072000
      X-Content-Type-Options:
      - nosniff
      X-Frame-Options:
      - DENY
      X-Request-Id:
      - 8765ab87-f331-494f-b399-90f8565216d9
    status: 200 OK
    code: 200
    duration: ""
- request:
    body: ""
    form: {}
    headers:
      User-Agent:
      - scaleway-sdk-go/v1.0.0-beta.7+dev (go1.17.3; darwin; amd64) terraform-provider/develop
        terraform/terraform-tests
    url: https://api.scaleway.com/vpc/v1/zones/fr-par-1/private-networks/84cbc3eb-5ea8-416f-9f0d-cd4bbb13e0b1
    method: GET
  response:
    body: '{"id":"84cbc3eb-5ea8-416f-9f0d-cd4bbb13e0b1","name":"private-network-test","tags":[],"organization_id":"105bdce1-64c0-48ab-899d-868455867ecf","created_at":"2021-12-30T11:53:52.628373Z","updated_at":"2021-12-30T11:53:52.628373Z","project_id":"105bdce1-64c0-48ab-899d-868455867ecf","zone":"fr-par-1"}'
    headers:
      Content-Length:
      - "298"
      Content-Security-Policy:
      - default-src 'none'; frame-ancestors 'none'
      Content-Type:
      - application/json
      Date:
      - Thu, 30 Dec 2021 11:53:53 GMT
      Server:
      - Scaleway API-Gateway
      Strict-Transport-Security:
      - max-age=63072000
      X-Content-Type-Options:
      - nosniff
      X-Frame-Options:
      - DENY
      X-Request-Id:
      - d5434b18-7663-408a-820b-11427b846ac1
    status: 200 OK
    code: 200
    duration: ""
- request:
    body: ""
    form: {}
    headers:
      User-Agent:
      - scaleway-sdk-go/v1.0.0-beta.7+dev (go1.17.3; darwin; amd64) terraform-provider/develop
        terraform/terraform-tests
    url: https://api.scaleway.com/vpc/v1/zones/fr-par-1/private-networks/84cbc3eb-5ea8-416f-9f0d-cd4bbb13e0b1
    method: GET
  response:
    body: '{"id":"84cbc3eb-5ea8-416f-9f0d-cd4bbb13e0b1","name":"private-network-test","tags":[],"organization_id":"105bdce1-64c0-48ab-899d-868455867ecf","created_at":"2021-12-30T11:53:52.628373Z","updated_at":"2021-12-30T11:53:52.628373Z","project_id":"105bdce1-64c0-48ab-899d-868455867ecf","zone":"fr-par-1"}'
    headers:
      Content-Length:
      - "298"
      Content-Security-Policy:
      - default-src 'none'; frame-ancestors 'none'
      Content-Type:
      - application/json
      Date:
      - Thu, 30 Dec 2021 11:53:53 GMT
      Server:
      - Scaleway API-Gateway
      Strict-Transport-Security:
      - max-age=63072000
      X-Content-Type-Options:
      - nosniff
      X-Frame-Options:
      - DENY
      X-Request-Id:
      - 02c75f58-9543-4a35-9ccf-b2c7d8fea699
    status: 200 OK
    code: 200
    duration: ""
- request:
    body: '{"name":"private-network-test","tags":["tag0","tag1"]}'
    form: {}
    headers:
      Content-Type:
      - application/json
      User-Agent:
      - scaleway-sdk-go/v1.0.0-beta.7+dev (go1.17.3; darwin; amd64) terraform-provider/develop
        terraform/terraform-tests
    url: https://api.scaleway.com/vpc/v1/zones/fr-par-1/private-networks/84cbc3eb-5ea8-416f-9f0d-cd4bbb13e0b1
    method: PATCH
  response:
    body: '{"id":"84cbc3eb-5ea8-416f-9f0d-cd4bbb13e0b1","name":"private-network-test","tags":["tag0","tag1"],"organization_id":"105bdce1-64c0-48ab-899d-868455867ecf","created_at":"2021-12-30T11:53:52.628373Z","updated_at":"2021-12-30T11:53:53.816713Z","project_id":"105bdce1-64c0-48ab-899d-868455867ecf","zone":"fr-par-1"}'
    headers:
      Content-Length:
      - "311"
      Content-Security-Policy:
      - default-src 'none'; frame-ancestors 'none'
      Content-Type:
      - application/json
      Date:
      - Thu, 30 Dec 2021 11:53:53 GMT
      Server:
      - Scaleway API-Gateway
      Strict-Transport-Security:
      - max-age=63072000
      X-Content-Type-Options:
      - nosniff
      X-Frame-Options:
      - DENY
      X-Request-Id:
      - 4a004553-c062-4d44-ae9e-334b58021893
    status: 200 OK
    code: 200
    duration: ""
- request:
    body: ""
    form: {}
    headers:
      User-Agent:
      - scaleway-sdk-go/v1.0.0-beta.7+dev (go1.17.3; darwin; amd64) terraform-provider/develop
        terraform/terraform-tests
    url: https://api.scaleway.com/vpc/v1/zones/fr-par-1/private-networks/84cbc3eb-5ea8-416f-9f0d-cd4bbb13e0b1
    method: GET
  response:
    body: '{"id":"84cbc3eb-5ea8-416f-9f0d-cd4bbb13e0b1","name":"private-network-test","tags":["tag0","tag1"],"organization_id":"105bdce1-64c0-48ab-899d-868455867ecf","created_at":"2021-12-30T11:53:52.628373Z","updated_at":"2021-12-30T11:53:53.816713Z","project_id":"105bdce1-64c0-48ab-899d-868455867ecf","zone":"fr-par-1"}'
    headers:
      Content-Length:
      - "311"
      Content-Security-Policy:
      - default-src 'none'; frame-ancestors 'none'
      Content-Type:
      - application/json
      Date:
      - Thu, 30 Dec 2021 11:53:53 GMT
      Server:
      - Scaleway API-Gateway
      Strict-Transport-Security:
      - max-age=63072000
      X-Content-Type-Options:
      - nosniff
      X-Frame-Options:
      - DENY
      X-Request-Id:
      - 3088a1a0-ddbc-45c6-ad6d-0917ef8dd685
    status: 200 OK
    code: 200
    duration: ""
- request:
    body: ""
    form: {}
    headers:
      User-Agent:
      - scaleway-sdk-go/v1.0.0-beta.7+dev (go1.17.3; darwin; amd64) terraform-provider/develop
        terraform/terraform-tests
    url: https://api.scaleway.com/vpc/v1/zones/fr-par-1/private-networks/84cbc3eb-5ea8-416f-9f0d-cd4bbb13e0b1
    method: GET
  response:
    body: '{"id":"84cbc3eb-5ea8-416f-9f0d-cd4bbb13e0b1","name":"private-network-test","tags":["tag0","tag1"],"organization_id":"105bdce1-64c0-48ab-899d-868455867ecf","created_at":"2021-12-30T11:53:52.628373Z","updated_at":"2021-12-30T11:53:53.816713Z","project_id":"105bdce1-64c0-48ab-899d-868455867ecf","zone":"fr-par-1"}'
    headers:
      Content-Length:
      - "311"
      Content-Security-Policy:
      - default-src 'none'; frame-ancestors 'none'
      Content-Type:
      - application/json
      Date:
      - Thu, 30 Dec 2021 11:53:54 GMT
      Server:
      - Scaleway API-Gateway
      Strict-Transport-Security:
      - max-age=63072000
      X-Content-Type-Options:
      - nosniff
      X-Frame-Options:
      - DENY
      X-Request-Id:
      - 93c5b738-330c-4874-a28b-482483285c35
    status: 200 OK
    code: 200
    duration: ""
- request:
    body: ""
    form: {}
    headers:
      User-Agent:
      - scaleway-sdk-go/v1.0.0-beta.7+dev (go1.17.3; darwin; amd64) terraform-provider/develop
        terraform/terraform-tests
    url: https://api.scaleway.com/vpc/v1/zones/fr-par-1/private-networks/84cbc3eb-5ea8-416f-9f0d-cd4bbb13e0b1
    method: GET
  response:
    body: '{"id":"84cbc3eb-5ea8-416f-9f0d-cd4bbb13e0b1","name":"private-network-test","tags":["tag0","tag1"],"organization_id":"105bdce1-64c0-48ab-899d-868455867ecf","created_at":"2021-12-30T11:53:52.628373Z","updated_at":"2021-12-30T11:53:53.816713Z","project_id":"105bdce1-64c0-48ab-899d-868455867ecf","zone":"fr-par-1"}'
    headers:
      Content-Length:
      - "311"
      Content-Security-Policy:
      - default-src 'none'; frame-ancestors 'none'
      Content-Type:
      - application/json
      Date:
      - Thu, 30 Dec 2021 11:53:54 GMT
      Server:
      - Scaleway API-Gateway
      Strict-Transport-Security:
      - max-age=63072000
      X-Content-Type-Options:
      - nosniff
      X-Frame-Options:
      - DENY
      X-Request-Id:
      - 7401bfb2-f590-4821-a2d3-858b687d51ee
    status: 200 OK
    code: 200
    duration: ""
- request:
    body: ""
    form: {}
    headers:
      User-Agent:
      - scaleway-sdk-go/v1.0.0-beta.7+dev (go1.17.3; darwin; amd64) terraform-provider/develop
        terraform/terraform-tests
    url: https://api.scaleway.com/vpc/v1/zones/fr-par-1/private-networks/84cbc3eb-5ea8-416f-9f0d-cd4bbb13e0b1
    method: GET
  response:
    body: '{"id":"84cbc3eb-5ea8-416f-9f0d-cd4bbb13e0b1","name":"private-network-test","tags":["tag0","tag1"],"organization_id":"105bdce1-64c0-48ab-899d-868455867ecf","created_at":"2021-12-30T11:53:52.628373Z","updated_at":"2021-12-30T11:53:53.816713Z","project_id":"105bdce1-64c0-48ab-899d-868455867ecf","zone":"fr-par-1"}'
    headers:
      Content-Length:
      - "311"
      Content-Security-Policy:
      - default-src 'none'; frame-ancestors 'none'
      Content-Type:
      - application/json
      Date:
      - Thu, 30 Dec 2021 11:53:54 GMT
      Server:
      - Scaleway API-Gateway
      Strict-Transport-Security:
      - max-age=63072000
      X-Content-Type-Options:
      - nosniff
      X-Frame-Options:
      - DENY
      X-Request-Id:
      - 3e5b02ab-78b5-4c75-83de-43eafddee955
    status: 200 OK
    code: 200
    duration: ""
- request:
    body: '{"name":"tf-pn-pedantic-swartz","project_id":"105bdce1-64c0-48ab-899d-868455867ecf","tags":[]}'
    form: {}
    headers:
      Content-Type:
      - application/json
      User-Agent:
      - scaleway-sdk-go/v1.0.0-beta.7+dev (go1.17.3; darwin; amd64) terraform-provider/develop
        terraform/terraform-tests
    url: https://api.scaleway.com/vpc/v1/zones/fr-par-1/private-networks
    method: POST
  response:
    body: '{"id":"e390d565-8e25-4152-80c5-c7b4f1a8de4c","name":"tf-pn-pedantic-swartz","tags":[],"organization_id":"105bdce1-64c0-48ab-899d-868455867ecf","created_at":"2021-12-30T11:53:54.980441Z","updated_at":"2021-12-30T11:53:54.980441Z","project_id":"105bdce1-64c0-48ab-899d-868455867ecf","zone":"fr-par-1"}'
    headers:
      Content-Length:
      - "299"
      Content-Security-Policy:
      - default-src 'none'; frame-ancestors 'none'
      Content-Type:
      - application/json
      Date:
      - Thu, 30 Dec 2021 11:53:55 GMT
      Server:
      - Scaleway API-Gateway
      Strict-Transport-Security:
      - max-age=63072000
      X-Content-Type-Options:
      - nosniff
      X-Frame-Options:
      - DENY
      X-Request-Id:
      - d26831e1-53de-4871-85fb-9ca1bb9820fe
    status: 200 OK
    code: 200
    duration: ""
- request:
    body: ""
    form: {}
    headers:
      User-Agent:
      - scaleway-sdk-go/v1.0.0-beta.7+dev (go1.17.3; darwin; amd64) terraform-provider/develop
        terraform/terraform-tests
    url: https://api.scaleway.com/vpc/v1/zones/fr-par-1/private-networks/e390d565-8e25-4152-80c5-c7b4f1a8de4c
    method: GET
  response:
    body: '{"id":"e390d565-8e25-4152-80c5-c7b4f1a8de4c","name":"tf-pn-pedantic-swartz","tags":[],"organization_id":"105bdce1-64c0-48ab-899d-868455867ecf","created_at":"2021-12-30T11:53:54.980441Z","updated_at":"2021-12-30T11:53:54.980441Z","project_id":"105bdce1-64c0-48ab-899d-868455867ecf","zone":"fr-par-1"}'
    headers:
      Content-Length:
      - "299"
      Content-Security-Policy:
      - default-src 'none'; frame-ancestors 'none'
      Content-Type:
      - application/json
      Date:
      - Thu, 30 Dec 2021 11:53:55 GMT
      Server:
      - Scaleway API-Gateway
      Strict-Transport-Security:
      - max-age=63072000
      X-Content-Type-Options:
      - nosniff
      X-Frame-Options:
      - DENY
      X-Request-Id:
      - e6e66022-6f88-452b-aa04-05cac445e2c4
    status: 200 OK
    code: 200
    duration: ""
- request:
    body: ""
    form: {}
    headers:
      User-Agent:
      - scaleway-sdk-go/v1.0.0-beta.7+dev (go1.17.3; darwin; amd64) terraform-provider/develop
        terraform/terraform-tests
    url: https://api.scaleway.com/vpc/v1/zones/fr-par-1/private-networks/84cbc3eb-5ea8-416f-9f0d-cd4bbb13e0b1
    method: DELETE
  response:
    body: ""
    headers:
      Content-Security-Policy:
      - default-src 'none'; frame-ancestors 'none'
      Content-Type:
      - application/json
      Date:
      - Thu, 30 Dec 2021 11:53:55 GMT
      Server:
      - Scaleway API-Gateway
      Strict-Transport-Security:
      - max-age=63072000
      X-Content-Type-Options:
      - nosniff
      X-Frame-Options:
      - DENY
      X-Request-Id:
      - 907b12ed-e039-46ef-be08-4cfe36f2ff81
    status: 204 No Content
    code: 204
    duration: ""
- request:
    body: ""
    form: {}
    headers:
      User-Agent:
      - scaleway-sdk-go/v1.0.0-beta.7+dev (go1.17.3; darwin; amd64) terraform-provider/develop
        terraform/terraform-tests
    url: https://api.scaleway.com/vpc/v1/zones/fr-par-1/private-networks/e390d565-8e25-4152-80c5-c7b4f1a8de4c
    method: GET
  response:
    body: '{"id":"e390d565-8e25-4152-80c5-c7b4f1a8de4c","name":"tf-pn-pedantic-swartz","tags":[],"organization_id":"105bdce1-64c0-48ab-899d-868455867ecf","created_at":"2021-12-30T11:53:54.980441Z","updated_at":"2021-12-30T11:53:54.980441Z","project_id":"105bdce1-64c0-48ab-899d-868455867ecf","zone":"fr-par-1"}'
    headers:
      Content-Length:
      - "299"
      Content-Security-Policy:
      - default-src 'none'; frame-ancestors 'none'
      Content-Type:
      - application/json
      Date:
      - Thu, 30 Dec 2021 11:53:55 GMT
      Server:
      - Scaleway API-Gateway
      Strict-Transport-Security:
      - max-age=63072000
      X-Content-Type-Options:
      - nosniff
      X-Frame-Options:
      - DENY
      X-Request-Id:
      - 025e952f-b9bc-4433-bbde-a614546909db
    status: 200 OK
    code: 200
    duration: ""
- request:
    body: ""
    form: {}
    headers:
      User-Agent:
      - scaleway-sdk-go/v1.0.0-beta.7+dev (go1.17.3; darwin; amd64) terraform-provider/develop
        terraform/terraform-tests
    url: https://api.scaleway.com/vpc/v1/zones/fr-par-1/private-networks/e390d565-8e25-4152-80c5-c7b4f1a8de4c
    method: GET
  response:
    body: '{"id":"e390d565-8e25-4152-80c5-c7b4f1a8de4c","name":"tf-pn-pedantic-swartz","tags":[],"organization_id":"105bdce1-64c0-48ab-899d-868455867ecf","created_at":"2021-12-30T11:53:54.980441Z","updated_at":"2021-12-30T11:53:54.980441Z","project_id":"105bdce1-64c0-48ab-899d-868455867ecf","zone":"fr-par-1"}'
    headers:
      Content-Length:
      - "299"
      Content-Security-Policy:
      - default-src 'none'; frame-ancestors 'none'
      Content-Type:
      - application/json
      Date:
      - Thu, 30 Dec 2021 11:53:55 GMT
      Server:
      - Scaleway API-Gateway
      Strict-Transport-Security:
      - max-age=63072000
      X-Content-Type-Options:
      - nosniff
      X-Frame-Options:
      - DENY
      X-Request-Id:
      - 5685d3bd-205c-4542-ac08-fccfc104a020
    status: 200 OK
    code: 200
    duration: ""
- request:
    body: ""
    form: {}
    headers:
      User-Agent:
      - scaleway-sdk-go/v1.0.0-beta.7+dev (go1.17.3; darwin; amd64) terraform-provider/develop
        terraform/terraform-tests
    url: https://api.scaleway.com/vpc/v1/zones/fr-par-1/private-networks/e390d565-8e25-4152-80c5-c7b4f1a8de4c
    method: DELETE
  response:
    body: ""
    headers:
      Content-Security-Policy:
      - default-src 'none'; frame-ancestors 'none'
      Content-Type:
      - application/json
      Date:
      - Thu, 30 Dec 2021 11:53:56 GMT
      Server:
      - Scaleway API-Gateway
      Strict-Transport-Security:
      - max-age=63072000
      X-Content-Type-Options:
      - nosniff
      X-Frame-Options:
      - DENY
      X-Request-Id:
      - fd08d894-a430-4a10-8d5a-9cc08cebf10d
    status: 204 No Content
    code: 204
    duration: ""
- request:
    body: ""
    form: {}
    headers:
      User-Agent:
      - scaleway-sdk-go/v1.0.0-beta.7+dev (go1.17.3; darwin; amd64) terraform-provider/develop
        terraform/terraform-tests
    url: https://api.scaleway.com/vpc/v1/zones/fr-par-1/private-networks/e390d565-8e25-4152-80c5-c7b4f1a8de4c
    method: GET
  response:
    body: '{"message":"resource is not found","resource":"unknown","resource_id":"","type":"not_found"}'
    headers:
      Content-Length:
      - "92"
      Content-Security-Policy:
      - default-src 'none'; frame-ancestors 'none'
      Content-Type:
      - application/json
      Date:
      - Thu, 30 Dec 2021 11:53:56 GMT
      Server:
      - Scaleway API-Gateway
      Strict-Transport-Security:
      - max-age=63072000
      X-Content-Type-Options:
      - nosniff
      X-Frame-Options:
      - DENY
      X-Request-Id:
      - 0f616cbb-3bb4-49c0-916a-26eb897eab78
    status: 404 Not Found
    code: 404
    duration: ""
