---
version: 1
interactions:
- request:
    body: '{"name":"pn_test_network","project_id":"951df375-e094-4d26-97c1-ba548eeb9c42","tags":null}'
    form: {}
    headers:
      Content-Type:
      - application/json
      User-Agent:
      - scaleway-sdk-go/v1.0.0-beta.7+dev (go1.18; darwin; amd64) terraform-provider/develop
        terraform/terraform-tests
    url: https://api.scaleway.com/vpc/v1/zones/fr-par-1/private-networks
    method: POST
  response:
    body: '{"id":"8916e386-6856-4035-b0aa-bc7db3e7632c","name":"pn_test_network","tags":[],"organization_id":"951df375-e094-4d26-97c1-ba548eeb9c42","created_at":"2022-04-12T10:02:33.633286Z","updated_at":"2022-04-12T10:02:33.633286Z","project_id":"951df375-e094-4d26-97c1-ba548eeb9c42","zone":"fr-par-1"}'
    headers:
      Content-Length:
      - "293"
      Content-Security-Policy:
      - default-src 'none'; frame-ancestors 'none'
      Content-Type:
      - application/json
      Date:
      - Tue, 12 Apr 2022 10:02:33 GMT
      Server:
      - Scaleway API-Gateway
      Strict-Transport-Security:
      - max-age=63072000
      X-Content-Type-Options:
      - nosniff
      X-Frame-Options:
      - DENY
      X-Request-Id:
      - b42a0e1f-654d-4aa1-900f-eeee7498e3e4
    status: 200 OK
    code: 200
    duration: ""
- request:
    body: ""
    form: {}
    headers:
      User-Agent:
      - scaleway-sdk-go/v1.0.0-beta.7+dev (go1.18; darwin; amd64) terraform-provider/develop
        terraform/terraform-tests
    url: https://api.scaleway.com/vpc/v1/zones/fr-par-1/private-networks/8916e386-6856-4035-b0aa-bc7db3e7632c
    method: GET
  response:
    body: '{"id":"8916e386-6856-4035-b0aa-bc7db3e7632c","name":"pn_test_network","tags":[],"organization_id":"951df375-e094-4d26-97c1-ba548eeb9c42","created_at":"2022-04-12T10:02:33.633286Z","updated_at":"2022-04-12T10:02:33.633286Z","project_id":"951df375-e094-4d26-97c1-ba548eeb9c42","zone":"fr-par-1"}'
    headers:
      Content-Length:
      - "293"
      Content-Security-Policy:
      - default-src 'none'; frame-ancestors 'none'
      Content-Type:
      - application/json
      Date:
      - Tue, 12 Apr 2022 10:02:33 GMT
      Server:
      - Scaleway API-Gateway
      Strict-Transport-Security:
      - max-age=63072000
      X-Content-Type-Options:
      - nosniff
      X-Frame-Options:
      - DENY
      X-Request-Id:
      - a01028b2-08fc-4ddb-b154-3c957fd4024f
    status: 200 OK
    code: 200
    duration: ""
- request:
    body: '{"project_id":"951df375-e094-4d26-97c1-ba548eeb9c42","name":"foobar","tags":null,"type":"VPC-GW-S","upstream_dns_servers":null,"ip_id":null}'
    form: {}
    headers:
      Content-Type:
      - application/json
      User-Agent:
      - scaleway-sdk-go/v1.0.0-beta.7+dev (go1.18; darwin; amd64) terraform-provider/develop
        terraform/terraform-tests
    url: https://api.scaleway.com/vpc-gw/v1/zones/fr-par-1/gateways
    method: POST
  response:
    body: '{"id":"7939efb7-bbf3-45f1-9fa4-a08daa19df9c","organization_id":"951df375-e094-4d26-97c1-ba548eeb9c42","project_id":"951df375-e094-4d26-97c1-ba548eeb9c42","created_at":"2022-04-12T10:02:34.832757Z","updated_at":"2022-04-12T10:02:34.832757Z","type":{"name":"VPC-GW-S","bandwidth":100000000,"zone":"fr-par-1"},"status":"stopped","name":"foobar","tags":[],"ip":{"id":"63b08a7c-4639-4228-9029-b30d639d19d6","organization_id":"951df375-e094-4d26-97c1-ba548eeb9c42","project_id":"951df375-e094-4d26-97c1-ba548eeb9c42","created_at":"2022-04-12T10:02:34.820523Z","updated_at":"2022-04-12T10:02:34.820523Z","tags":[],"address":"51.158.116.19","reverse":"19-116-158-51.instances.scw.cloud","gateway_id":"7939efb7-bbf3-45f1-9fa4-a08daa19df9c","zone":"fr-par-1"},"gateway_networks":[],"upstream_dns_servers":[],"version":null,"can_upgrade_to":null,"bastion_enabled":false,"bastion_port":61000,"zone":"fr-par-1"}'
    headers:
      Content-Length:
      - "898"
      Content-Security-Policy:
      - default-src 'none'; frame-ancestors 'none'
      Content-Type:
      - application/json
      Date:
      - Tue, 12 Apr 2022 10:02:34 GMT
      Server:
      - Scaleway API-Gateway
      Strict-Transport-Security:
      - max-age=63072000
      X-Content-Type-Options:
      - nosniff
      X-Frame-Options:
      - DENY
      X-Request-Id:
      - c9522d5a-1cd6-4162-9dd8-0227a2286add
    status: 200 OK
    code: 200
    duration: ""
- request:
    body: ""
    form: {}
    headers:
      User-Agent:
      - scaleway-sdk-go/v1.0.0-beta.7+dev (go1.18; darwin; amd64) terraform-provider/develop
        terraform/terraform-tests
    url: https://api.scaleway.com/vpc-gw/v1/zones/fr-par-1/gateways/7939efb7-bbf3-45f1-9fa4-a08daa19df9c
    method: GET
  response:
    body: '{"id":"7939efb7-bbf3-45f1-9fa4-a08daa19df9c","organization_id":"951df375-e094-4d26-97c1-ba548eeb9c42","project_id":"951df375-e094-4d26-97c1-ba548eeb9c42","created_at":"2022-04-12T10:02:34.832757Z","updated_at":"2022-04-12T10:02:34.866290Z","type":{"name":"VPC-GW-S","bandwidth":100000000,"zone":"fr-par-1"},"status":"stopped","name":"foobar","tags":[],"ip":{"id":"63b08a7c-4639-4228-9029-b30d639d19d6","organization_id":"951df375-e094-4d26-97c1-ba548eeb9c42","project_id":"951df375-e094-4d26-97c1-ba548eeb9c42","created_at":"2022-04-12T10:02:34.820523Z","updated_at":"2022-04-12T10:02:34.820523Z","tags":[],"address":"51.158.116.19","reverse":"19-116-158-51.instances.scw.cloud","gateway_id":"7939efb7-bbf3-45f1-9fa4-a08daa19df9c","zone":"fr-par-1"},"gateway_networks":[],"upstream_dns_servers":[],"version":"0.2.20","can_upgrade_to":null,"bastion_enabled":false,"bastion_port":61000,"zone":"fr-par-1"}'
    headers:
      Content-Length:
      - "902"
      Content-Security-Policy:
      - default-src 'none'; frame-ancestors 'none'
      Content-Type:
      - application/json
      Date:
      - Tue, 12 Apr 2022 10:02:34 GMT
      Server:
      - Scaleway API-Gateway
      Strict-Transport-Security:
      - max-age=63072000
      X-Content-Type-Options:
      - nosniff
      X-Frame-Options:
      - DENY
      X-Request-Id:
      - 7828e9a7-2350-4093-a74b-a98665cbd970
    status: 200 OK
    code: 200
    duration: ""
- request:
    body: ""
    form: {}
    headers:
      User-Agent:
      - scaleway-sdk-go/v1.0.0-beta.7+dev (go1.18; darwin; amd64) terraform-provider/develop
        terraform/terraform-tests
    url: https://api.scaleway.com/vpc-gw/v1/zones/fr-par-1/gateways/7939efb7-bbf3-45f1-9fa4-a08daa19df9c
    method: GET
  response:
    body: '{"id":"7939efb7-bbf3-45f1-9fa4-a08daa19df9c","organization_id":"951df375-e094-4d26-97c1-ba548eeb9c42","project_id":"951df375-e094-4d26-97c1-ba548eeb9c42","created_at":"2022-04-12T10:02:34.832757Z","updated_at":"2022-04-12T10:02:34.866290Z","type":{"name":"VPC-GW-S","bandwidth":100000000,"zone":"fr-par-1"},"status":"stopped","name":"foobar","tags":[],"ip":{"id":"63b08a7c-4639-4228-9029-b30d639d19d6","organization_id":"951df375-e094-4d26-97c1-ba548eeb9c42","project_id":"951df375-e094-4d26-97c1-ba548eeb9c42","created_at":"2022-04-12T10:02:34.820523Z","updated_at":"2022-04-12T10:02:34.820523Z","tags":[],"address":"51.158.116.19","reverse":"19-116-158-51.instances.scw.cloud","gateway_id":"7939efb7-bbf3-45f1-9fa4-a08daa19df9c","zone":"fr-par-1"},"gateway_networks":[],"upstream_dns_servers":[],"version":"0.2.20","can_upgrade_to":null,"bastion_enabled":false,"bastion_port":61000,"zone":"fr-par-1"}'
    headers:
      Content-Length:
      - "902"
      Content-Security-Policy:
      - default-src 'none'; frame-ancestors 'none'
      Content-Type:
      - application/json
      Date:
      - Tue, 12 Apr 2022 10:02:34 GMT
      Server:
      - Scaleway API-Gateway
      Strict-Transport-Security:
      - max-age=63072000
      X-Content-Type-Options:
      - nosniff
      X-Frame-Options:
      - DENY
      X-Request-Id:
      - 04ec5cc1-85a0-465b-8a38-4bbe75b4372b
    status: 200 OK
    code: 200
    duration: ""
- request:
    body: ""
    form: {}
    headers:
      User-Agent:
      - scaleway-sdk-go/v1.0.0-beta.7+dev (go1.18; darwin; amd64) terraform-provider/develop
        terraform/terraform-tests
    url: https://api.scaleway.com/vpc-gw/v1/zones/fr-par-1/gateways/7939efb7-bbf3-45f1-9fa4-a08daa19df9c
    method: GET
  response:
    body: '{"id":"7939efb7-bbf3-45f1-9fa4-a08daa19df9c","organization_id":"951df375-e094-4d26-97c1-ba548eeb9c42","project_id":"951df375-e094-4d26-97c1-ba548eeb9c42","created_at":"2022-04-12T10:02:34.832757Z","updated_at":"2022-04-12T10:02:34.991879Z","type":{"name":"VPC-GW-S","bandwidth":100000000,"zone":"fr-par-1"},"status":"configuring","name":"foobar","tags":[],"ip":{"id":"63b08a7c-4639-4228-9029-b30d639d19d6","organization_id":"951df375-e094-4d26-97c1-ba548eeb9c42","project_id":"951df375-e094-4d26-97c1-ba548eeb9c42","created_at":"2022-04-12T10:02:34.820523Z","updated_at":"2022-04-12T10:02:34.820523Z","tags":[],"address":"51.158.116.19","reverse":"19-116-158-51.instances.scw.cloud","gateway_id":"7939efb7-bbf3-45f1-9fa4-a08daa19df9c","zone":"fr-par-1"},"gateway_networks":[],"upstream_dns_servers":[],"version":"0.2.20","can_upgrade_to":null,"bastion_enabled":false,"bastion_port":61000,"zone":"fr-par-1"}'
    headers:
      Content-Length:
      - "906"
      Content-Security-Policy:
      - default-src 'none'; frame-ancestors 'none'
      Content-Type:
      - application/json
      Date:
      - Tue, 12 Apr 2022 10:02:35 GMT
      Server:
      - Scaleway API-Gateway
      Strict-Transport-Security:
      - max-age=63072000
      X-Content-Type-Options:
      - nosniff
      X-Frame-Options:
      - DENY
      X-Request-Id:
      - ae54d732-4bc2-4715-80b8-80ba4dc77802
    status: 200 OK
    code: 200
    duration: ""
- request:
    body: ""
    form: {}
    headers:
      User-Agent:
      - scaleway-sdk-go/v1.0.0-beta.7+dev (go1.18; darwin; amd64) terraform-provider/develop
        terraform/terraform-tests
    url: https://api.scaleway.com/vpc-gw/v1/zones/fr-par-1/gateways/7939efb7-bbf3-45f1-9fa4-a08daa19df9c
    method: GET
  response:
    body: '{"id":"7939efb7-bbf3-45f1-9fa4-a08daa19df9c","organization_id":"951df375-e094-4d26-97c1-ba548eeb9c42","project_id":"951df375-e094-4d26-97c1-ba548eeb9c42","created_at":"2022-04-12T10:02:34.832757Z","updated_at":"2022-04-12T10:02:35.315416Z","type":{"name":"VPC-GW-S","bandwidth":100000000,"zone":"fr-par-1"},"status":"running","name":"foobar","tags":[],"ip":{"id":"63b08a7c-4639-4228-9029-b30d639d19d6","organization_id":"951df375-e094-4d26-97c1-ba548eeb9c42","project_id":"951df375-e094-4d26-97c1-ba548eeb9c42","created_at":"2022-04-12T10:02:34.820523Z","updated_at":"2022-04-12T10:02:34.820523Z","tags":[],"address":"51.158.116.19","reverse":"19-116-158-51.instances.scw.cloud","gateway_id":"7939efb7-bbf3-45f1-9fa4-a08daa19df9c","zone":"fr-par-1"},"gateway_networks":[],"upstream_dns_servers":[],"version":"0.2.20","can_upgrade_to":null,"bastion_enabled":false,"bastion_port":61000,"zone":"fr-par-1"}'
    headers:
      Content-Length:
      - "902"
      Content-Security-Policy:
      - default-src 'none'; frame-ancestors 'none'
      Content-Type:
      - application/json
      Date:
      - Tue, 12 Apr 2022 10:02:40 GMT
      Server:
      - Scaleway API-Gateway
      Strict-Transport-Security:
      - max-age=63072000
      X-Content-Type-Options:
      - nosniff
      X-Frame-Options:
      - DENY
      X-Request-Id:
      - cac3fc75-48d2-4e03-bb56-64facd6f4c20
    status: 200 OK
    code: 200
    duration: ""
- request:
    body: '{"gateway_id":"7939efb7-bbf3-45f1-9fa4-a08daa19df9c","private_network_id":"8916e386-6856-4035-b0aa-bc7db3e7632c","enable_masquerade":true,"address":"192.168.1.42/24","enable_dhcp":false}'
    form: {}
    headers:
      Content-Type:
      - application/json
      User-Agent:
      - scaleway-sdk-go/v1.0.0-beta.7+dev (go1.18; darwin; amd64) terraform-provider/develop
        terraform/terraform-tests
    url: https://api.scaleway.com/vpc-gw/v1/zones/fr-par-1/gateway-networks
    method: POST
  response:
    body: '{"id":"cd9a19ce-1a15-4d80-b6bc-4d0186628106","created_at":"2022-04-12T10:02:40.256526Z","updated_at":"2022-04-12T10:02:40.256526Z","gateway_id":"7939efb7-bbf3-45f1-9fa4-a08daa19df9c","private_network_id":"8916e386-6856-4035-b0aa-bc7db3e7632c","mac_address":null,"enable_masquerade":true,"status":"created","dhcp":null,"enable_dhcp":false,"address":"192.168.1.42/24","zone":"fr-par-1"}'
    headers:
      Content-Length:
      - "384"
      Content-Security-Policy:
      - default-src 'none'; frame-ancestors 'none'
      Content-Type:
      - application/json
      Date:
      - Tue, 12 Apr 2022 10:02:40 GMT
      Server:
      - Scaleway API-Gateway
      Strict-Transport-Security:
      - max-age=63072000
      X-Content-Type-Options:
      - nosniff
      X-Frame-Options:
      - DENY
      X-Request-Id:
      - 8d3ba15c-7db8-479d-a772-963280185541
    status: 200 OK
    code: 200
    duration: ""
- request:
    body: ""
    form: {}
    headers:
      User-Agent:
      - scaleway-sdk-go/v1.0.0-beta.7+dev (go1.18; darwin; amd64) terraform-provider/develop
        terraform/terraform-tests
    url: https://api.scaleway.com/vpc-gw/v1/zones/fr-par-1/gateways/7939efb7-bbf3-45f1-9fa4-a08daa19df9c
    method: GET
  response:
    body: '{"id":"7939efb7-bbf3-45f1-9fa4-a08daa19df9c","organization_id":"951df375-e094-4d26-97c1-ba548eeb9c42","project_id":"951df375-e094-4d26-97c1-ba548eeb9c42","created_at":"2022-04-12T10:02:34.832757Z","updated_at":"2022-04-12T10:02:40.296782Z","type":{"name":"VPC-GW-S","bandwidth":100000000,"zone":"fr-par-1"},"status":"configuring","name":"foobar","tags":[],"ip":{"id":"63b08a7c-4639-4228-9029-b30d639d19d6","organization_id":"951df375-e094-4d26-97c1-ba548eeb9c42","project_id":"951df375-e094-4d26-97c1-ba548eeb9c42","created_at":"2022-04-12T10:02:34.820523Z","updated_at":"2022-04-12T10:02:34.820523Z","tags":[],"address":"51.158.116.19","reverse":"19-116-158-51.instances.scw.cloud","gateway_id":"7939efb7-bbf3-45f1-9fa4-a08daa19df9c","zone":"fr-par-1"},"gateway_networks":[{"id":"cd9a19ce-1a15-4d80-b6bc-4d0186628106","created_at":"2022-04-12T10:02:40.256526Z","updated_at":"2022-04-12T10:02:40.256526Z","gateway_id":"7939efb7-bbf3-45f1-9fa4-a08daa19df9c","private_network_id":"8916e386-6856-4035-b0aa-bc7db3e7632c","mac_address":null,"enable_masquerade":true,"status":"created","dhcp":null,"enable_dhcp":false,"address":"192.168.1.42/24","zone":"fr-par-1"}],"upstream_dns_servers":[],"version":"0.2.20","can_upgrade_to":null,"bastion_enabled":false,"bastion_port":61000,"zone":"fr-par-1"}'
    headers:
      Content-Length:
      - "1290"
      Content-Security-Policy:
      - default-src 'none'; frame-ancestors 'none'
      Content-Type:
      - application/json
      Date:
      - Tue, 12 Apr 2022 10:02:40 GMT
      Server:
      - Scaleway API-Gateway
      Strict-Transport-Security:
      - max-age=63072000
      X-Content-Type-Options:
      - nosniff
      X-Frame-Options:
      - DENY
      X-Request-Id:
      - 6599060a-4690-436d-8515-272df4285362
    status: 200 OK
    code: 200
    duration: ""
- request:
    body: ""
    form: {}
    headers:
      User-Agent:
      - scaleway-sdk-go/v1.0.0-beta.7+dev (go1.18; darwin; amd64) terraform-provider/develop
        terraform/terraform-tests
    url: https://api.scaleway.com/vpc-gw/v1/zones/fr-par-1/gateways/7939efb7-bbf3-45f1-9fa4-a08daa19df9c
    method: GET
  response:
    body: '{"id":"7939efb7-bbf3-45f1-9fa4-a08daa19df9c","organization_id":"951df375-e094-4d26-97c1-ba548eeb9c42","project_id":"951df375-e094-4d26-97c1-ba548eeb9c42","created_at":"2022-04-12T10:02:34.832757Z","updated_at":"2022-04-12T10:02:40.296782Z","type":{"name":"VPC-GW-S","bandwidth":100000000,"zone":"fr-par-1"},"status":"configuring","name":"foobar","tags":[],"ip":{"id":"63b08a7c-4639-4228-9029-b30d639d19d6","organization_id":"951df375-e094-4d26-97c1-ba548eeb9c42","project_id":"951df375-e094-4d26-97c1-ba548eeb9c42","created_at":"2022-04-12T10:02:34.820523Z","updated_at":"2022-04-12T10:02:34.820523Z","tags":[],"address":"51.158.116.19","reverse":"19-116-158-51.instances.scw.cloud","gateway_id":"7939efb7-bbf3-45f1-9fa4-a08daa19df9c","zone":"fr-par-1"},"gateway_networks":[{"id":"cd9a19ce-1a15-4d80-b6bc-4d0186628106","created_at":"2022-04-12T10:02:40.256526Z","updated_at":"2022-04-12T10:02:40.256526Z","gateway_id":"7939efb7-bbf3-45f1-9fa4-a08daa19df9c","private_network_id":"8916e386-6856-4035-b0aa-bc7db3e7632c","mac_address":null,"enable_masquerade":true,"status":"created","dhcp":null,"enable_dhcp":false,"address":"192.168.1.42/24","zone":"fr-par-1"}],"upstream_dns_servers":[],"version":"0.2.20","can_upgrade_to":null,"bastion_enabled":false,"bastion_port":61000,"zone":"fr-par-1"}'
    headers:
      Content-Length:
      - "1290"
      Content-Security-Policy:
      - default-src 'none'; frame-ancestors 'none'
      Content-Type:
      - application/json
      Date:
      - Tue, 12 Apr 2022 10:02:45 GMT
      Server:
      - Scaleway API-Gateway
      Strict-Transport-Security:
      - max-age=63072000
      X-Content-Type-Options:
      - nosniff
      X-Frame-Options:
      - DENY
      X-Request-Id:
      - fad7d5e2-43b3-42e7-b1b4-67a2c83e487b
    status: 200 OK
    code: 200
    duration: ""
- request:
    body: ""
    form: {}
    headers:
      User-Agent:
      - scaleway-sdk-go/v1.0.0-beta.7+dev (go1.18; darwin; amd64) terraform-provider/develop
        terraform/terraform-tests
    url: https://api.scaleway.com/vpc-gw/v1/zones/fr-par-1/gateways/7939efb7-bbf3-45f1-9fa4-a08daa19df9c
    method: GET
  response:
    body: '{"id":"7939efb7-bbf3-45f1-9fa4-a08daa19df9c","organization_id":"951df375-e094-4d26-97c1-ba548eeb9c42","project_id":"951df375-e094-4d26-97c1-ba548eeb9c42","created_at":"2022-04-12T10:02:34.832757Z","updated_at":"2022-04-12T10:02:46.370705Z","type":{"name":"VPC-GW-S","bandwidth":100000000,"zone":"fr-par-1"},"status":"running","name":"foobar","tags":[],"ip":{"id":"63b08a7c-4639-4228-9029-b30d639d19d6","organization_id":"951df375-e094-4d26-97c1-ba548eeb9c42","project_id":"951df375-e094-4d26-97c1-ba548eeb9c42","created_at":"2022-04-12T10:02:34.820523Z","updated_at":"2022-04-12T10:02:34.820523Z","tags":[],"address":"51.158.116.19","reverse":"19-116-158-51.instances.scw.cloud","gateway_id":"7939efb7-bbf3-45f1-9fa4-a08daa19df9c","zone":"fr-par-1"},"gateway_networks":[{"id":"cd9a19ce-1a15-4d80-b6bc-4d0186628106","created_at":"2022-04-12T10:02:40.256526Z","updated_at":"2022-04-12T10:02:46.320464Z","gateway_id":"7939efb7-bbf3-45f1-9fa4-a08daa19df9c","private_network_id":"8916e386-6856-4035-b0aa-bc7db3e7632c","mac_address":"02:00:00:01:0f:f1","enable_masquerade":true,"status":"ready","dhcp":null,"enable_dhcp":false,"address":"192.168.1.42/24","zone":"fr-par-1"}],"upstream_dns_servers":[],"version":"0.2.20","can_upgrade_to":null,"bastion_enabled":false,"bastion_port":61000,"zone":"fr-par-1"}'
    headers:
      Content-Length:
      - "1299"
      Content-Security-Policy:
      - default-src 'none'; frame-ancestors 'none'
      Content-Type:
      - application/json
      Date:
      - Tue, 12 Apr 2022 10:02:50 GMT
      Server:
      - Scaleway API-Gateway
      Strict-Transport-Security:
      - max-age=63072000
      X-Content-Type-Options:
      - nosniff
      X-Frame-Options:
      - DENY
      X-Request-Id:
      - 8ed491bf-e3fe-47ff-9c1f-43acf018187d
    status: 200 OK
    code: 200
    duration: ""
- request:
    body: ""
    form: {}
    headers:
      User-Agent:
      - scaleway-sdk-go/v1.0.0-beta.7+dev (go1.18; darwin; amd64) terraform-provider/develop
        terraform/terraform-tests
    url: https://api.scaleway.com/vpc-gw/v1/zones/fr-par-1/gateway-networks/cd9a19ce-1a15-4d80-b6bc-4d0186628106
    method: GET
  response:
    body: '{"id":"cd9a19ce-1a15-4d80-b6bc-4d0186628106","created_at":"2022-04-12T10:02:40.256526Z","updated_at":"2022-04-12T10:02:46.320464Z","gateway_id":"7939efb7-bbf3-45f1-9fa4-a08daa19df9c","private_network_id":"8916e386-6856-4035-b0aa-bc7db3e7632c","mac_address":"02:00:00:01:0f:f1","enable_masquerade":true,"status":"ready","dhcp":null,"enable_dhcp":false,"address":"192.168.1.42/24","zone":"fr-par-1"}'
    headers:
      Content-Length:
      - "397"
      Content-Security-Policy:
      - default-src 'none'; frame-ancestors 'none'
      Content-Type:
      - application/json
      Date:
      - Tue, 12 Apr 2022 10:02:50 GMT
      Server:
      - Scaleway API-Gateway
      Strict-Transport-Security:
      - max-age=63072000
      X-Content-Type-Options:
      - nosniff
      X-Frame-Options:
      - DENY
      X-Request-Id:
      - 7291daaa-3147-49b7-9016-a7a3610d9a90
    status: 200 OK
    code: 200
    duration: ""
- request:
    body: ""
    form: {}
    headers:
      User-Agent:
      - scaleway-sdk-go/v1.0.0-beta.7+dev (go1.18; darwin; amd64) terraform-provider/develop
        terraform/terraform-tests
    url: https://api.scaleway.com/vpc-gw/v1/zones/fr-par-1/gateway-networks/cd9a19ce-1a15-4d80-b6bc-4d0186628106
    method: GET
  response:
    body: '{"id":"cd9a19ce-1a15-4d80-b6bc-4d0186628106","created_at":"2022-04-12T10:02:40.256526Z","updated_at":"2022-04-12T10:02:46.320464Z","gateway_id":"7939efb7-bbf3-45f1-9fa4-a08daa19df9c","private_network_id":"8916e386-6856-4035-b0aa-bc7db3e7632c","mac_address":"02:00:00:01:0f:f1","enable_masquerade":true,"status":"ready","dhcp":null,"enable_dhcp":false,"address":"192.168.1.42/24","zone":"fr-par-1"}'
    headers:
      Content-Length:
      - "397"
      Content-Security-Policy:
      - default-src 'none'; frame-ancestors 'none'
      Content-Type:
      - application/json
      Date:
      - Tue, 12 Apr 2022 10:02:50 GMT
      Server:
      - Scaleway API-Gateway
      Strict-Transport-Security:
      - max-age=63072000
      X-Content-Type-Options:
      - nosniff
      X-Frame-Options:
      - DENY
      X-Request-Id:
      - 9c20025f-4b24-4386-857b-d7abb1de7363
    status: 200 OK
    code: 200
    duration: ""
- request:
    body: ""
    form: {}
    headers:
      User-Agent:
      - scaleway-sdk-go/v1.0.0-beta.7+dev (go1.18; darwin; amd64) terraform-provider/develop
        terraform/terraform-tests
    url: https://api.scaleway.com/vpc-gw/v1/zones/fr-par-1/gateways/7939efb7-bbf3-45f1-9fa4-a08daa19df9c
    method: GET
  response:
    body: '{"id":"7939efb7-bbf3-45f1-9fa4-a08daa19df9c","organization_id":"951df375-e094-4d26-97c1-ba548eeb9c42","project_id":"951df375-e094-4d26-97c1-ba548eeb9c42","created_at":"2022-04-12T10:02:34.832757Z","updated_at":"2022-04-12T10:02:46.370705Z","type":{"name":"VPC-GW-S","bandwidth":100000000,"zone":"fr-par-1"},"status":"running","name":"foobar","tags":[],"ip":{"id":"63b08a7c-4639-4228-9029-b30d639d19d6","organization_id":"951df375-e094-4d26-97c1-ba548eeb9c42","project_id":"951df375-e094-4d26-97c1-ba548eeb9c42","created_at":"2022-04-12T10:02:34.820523Z","updated_at":"2022-04-12T10:02:34.820523Z","tags":[],"address":"51.158.116.19","reverse":"19-116-158-51.instances.scw.cloud","gateway_id":"7939efb7-bbf3-45f1-9fa4-a08daa19df9c","zone":"fr-par-1"},"gateway_networks":[{"id":"cd9a19ce-1a15-4d80-b6bc-4d0186628106","created_at":"2022-04-12T10:02:40.256526Z","updated_at":"2022-04-12T10:02:46.320464Z","gateway_id":"7939efb7-bbf3-45f1-9fa4-a08daa19df9c","private_network_id":"8916e386-6856-4035-b0aa-bc7db3e7632c","mac_address":"02:00:00:01:0f:f1","enable_masquerade":true,"status":"ready","dhcp":null,"enable_dhcp":false,"address":"192.168.1.42/24","zone":"fr-par-1"}],"upstream_dns_servers":[],"version":"0.2.20","can_upgrade_to":null,"bastion_enabled":false,"bastion_port":61000,"zone":"fr-par-1"}'
    headers:
      Content-Length:
      - "1299"
      Content-Security-Policy:
      - default-src 'none'; frame-ancestors 'none'
      Content-Type:
      - application/json
      Date:
      - Tue, 12 Apr 2022 10:02:50 GMT
      Server:
      - Scaleway API-Gateway
      Strict-Transport-Security:
      - max-age=63072000
      X-Content-Type-Options:
      - nosniff
      X-Frame-Options:
      - DENY
      X-Request-Id:
      - 9ffda3ac-04a3-47e8-98f0-15bb11110793
    status: 200 OK
    code: 200
    duration: ""
- request:
    body: ""
    form: {}
    headers:
      User-Agent:
      - scaleway-sdk-go/v1.0.0-beta.7+dev (go1.18; darwin; amd64) terraform-provider/develop
        terraform/terraform-tests
    url: https://api.scaleway.com/vpc-gw/v1/zones/fr-par-1/gateway-networks/cd9a19ce-1a15-4d80-b6bc-4d0186628106
    method: GET
  response:
    body: '{"id":"cd9a19ce-1a15-4d80-b6bc-4d0186628106","created_at":"2022-04-12T10:02:40.256526Z","updated_at":"2022-04-12T10:02:46.320464Z","gateway_id":"7939efb7-bbf3-45f1-9fa4-a08daa19df9c","private_network_id":"8916e386-6856-4035-b0aa-bc7db3e7632c","mac_address":"02:00:00:01:0f:f1","enable_masquerade":true,"status":"ready","dhcp":null,"enable_dhcp":false,"address":"192.168.1.42/24","zone":"fr-par-1"}'
    headers:
      Content-Length:
      - "397"
      Content-Security-Policy:
      - default-src 'none'; frame-ancestors 'none'
      Content-Type:
      - application/json
      Date:
      - Tue, 12 Apr 2022 10:02:51 GMT
      Server:
      - Scaleway API-Gateway
      Strict-Transport-Security:
      - max-age=63072000
      X-Content-Type-Options:
      - nosniff
      X-Frame-Options:
      - DENY
      X-Request-Id:
      - 1c34ec75-5aee-4d78-8d12-edd73f324a07
    status: 200 OK
    code: 200
    duration: ""
- request:
    body: ""
    form: {}
    headers:
      User-Agent:
      - scaleway-sdk-go/v1.0.0-beta.7+dev (go1.18; darwin; amd64) terraform-provider/develop
        terraform/terraform-tests
    url: https://api.scaleway.com/vpc-gw/v1/zones/fr-par-1/gateway-networks/cd9a19ce-1a15-4d80-b6bc-4d0186628106
    method: GET
  response:
    body: '{"id":"cd9a19ce-1a15-4d80-b6bc-4d0186628106","created_at":"2022-04-12T10:02:40.256526Z","updated_at":"2022-04-12T10:02:46.320464Z","gateway_id":"7939efb7-bbf3-45f1-9fa4-a08daa19df9c","private_network_id":"8916e386-6856-4035-b0aa-bc7db3e7632c","mac_address":"02:00:00:01:0f:f1","enable_masquerade":true,"status":"ready","dhcp":null,"enable_dhcp":false,"address":"192.168.1.42/24","zone":"fr-par-1"}'
    headers:
      Content-Length:
      - "397"
      Content-Security-Policy:
      - default-src 'none'; frame-ancestors 'none'
      Content-Type:
      - application/json
      Date:
      - Tue, 12 Apr 2022 10:02:51 GMT
      Server:
      - Scaleway API-Gateway
      Strict-Transport-Security:
      - max-age=63072000
      X-Content-Type-Options:
      - nosniff
      X-Frame-Options:
      - DENY
      X-Request-Id:
      - ceac6ed6-67ac-46ce-aa7e-7c4bfd6c0717
    status: 200 OK
    code: 200
    duration: ""
- request:
    body: ""
    form: {}
    headers:
      User-Agent:
      - scaleway-sdk-go/v1.0.0-beta.7+dev (go1.18; darwin; amd64) terraform-provider/develop
        terraform/terraform-tests
    url: https://api.scaleway.com/vpc-gw/v1/zones/fr-par-1/gateways/7939efb7-bbf3-45f1-9fa4-a08daa19df9c
    method: GET
  response:
    body: '{"id":"7939efb7-bbf3-45f1-9fa4-a08daa19df9c","organization_id":"951df375-e094-4d26-97c1-ba548eeb9c42","project_id":"951df375-e094-4d26-97c1-ba548eeb9c42","created_at":"2022-04-12T10:02:34.832757Z","updated_at":"2022-04-12T10:02:46.370705Z","type":{"name":"VPC-GW-S","bandwidth":100000000,"zone":"fr-par-1"},"status":"running","name":"foobar","tags":[],"ip":{"id":"63b08a7c-4639-4228-9029-b30d639d19d6","organization_id":"951df375-e094-4d26-97c1-ba548eeb9c42","project_id":"951df375-e094-4d26-97c1-ba548eeb9c42","created_at":"2022-04-12T10:02:34.820523Z","updated_at":"2022-04-12T10:02:34.820523Z","tags":[],"address":"51.158.116.19","reverse":"19-116-158-51.instances.scw.cloud","gateway_id":"7939efb7-bbf3-45f1-9fa4-a08daa19df9c","zone":"fr-par-1"},"gateway_networks":[{"id":"cd9a19ce-1a15-4d80-b6bc-4d0186628106","created_at":"2022-04-12T10:02:40.256526Z","updated_at":"2022-04-12T10:02:46.320464Z","gateway_id":"7939efb7-bbf3-45f1-9fa4-a08daa19df9c","private_network_id":"8916e386-6856-4035-b0aa-bc7db3e7632c","mac_address":"02:00:00:01:0f:f1","enable_masquerade":true,"status":"ready","dhcp":null,"enable_dhcp":false,"address":"192.168.1.42/24","zone":"fr-par-1"}],"upstream_dns_servers":[],"version":"0.2.20","can_upgrade_to":null,"bastion_enabled":false,"bastion_port":61000,"zone":"fr-par-1"}'
    headers:
      Content-Length:
      - "1299"
      Content-Security-Policy:
      - default-src 'none'; frame-ancestors 'none'
      Content-Type:
      - application/json
      Date:
      - Tue, 12 Apr 2022 10:02:51 GMT
      Server:
      - Scaleway API-Gateway
      Strict-Transport-Security:
      - max-age=63072000
      X-Content-Type-Options:
      - nosniff
      X-Frame-Options:
      - DENY
      X-Request-Id:
      - c1e80d8c-e37a-401e-be16-b73d0fab89a9
    status: 200 OK
    code: 200
    duration: ""
- request:
    body: ""
    form: {}
    headers:
      User-Agent:
      - scaleway-sdk-go/v1.0.0-beta.7+dev (go1.18; darwin; amd64) terraform-provider/develop
        terraform/terraform-tests
    url: https://api.scaleway.com/vpc/v1/zones/fr-par-1/private-networks/8916e386-6856-4035-b0aa-bc7db3e7632c
    method: GET
  response:
    body: '{"id":"8916e386-6856-4035-b0aa-bc7db3e7632c","name":"pn_test_network","tags":[],"organization_id":"951df375-e094-4d26-97c1-ba548eeb9c42","created_at":"2022-04-12T10:02:33.633286Z","updated_at":"2022-04-12T10:02:33.633286Z","project_id":"951df375-e094-4d26-97c1-ba548eeb9c42","zone":"fr-par-1"}'
    headers:
      Content-Length:
      - "293"
      Content-Security-Policy:
      - default-src 'none'; frame-ancestors 'none'
      Content-Type:
      - application/json
      Date:
      - Tue, 12 Apr 2022 10:02:51 GMT
      Server:
      - Scaleway API-Gateway
      Strict-Transport-Security:
      - max-age=63072000
      X-Content-Type-Options:
      - nosniff
      X-Frame-Options:
      - DENY
      X-Request-Id:
      - 8f76536b-c9bc-4771-99b9-b177388a7526
    status: 200 OK
    code: 200
    duration: ""
- request:
    body: ""
    form: {}
    headers:
      User-Agent:
      - scaleway-sdk-go/v1.0.0-beta.7+dev (go1.18; darwin; amd64) terraform-provider/develop
        terraform/terraform-tests
    url: https://api.scaleway.com/vpc-gw/v1/zones/fr-par-1/gateway-networks/cd9a19ce-1a15-4d80-b6bc-4d0186628106
    method: GET
  response:
    body: '{"id":"cd9a19ce-1a15-4d80-b6bc-4d0186628106","created_at":"2022-04-12T10:02:40.256526Z","updated_at":"2022-04-12T10:02:46.320464Z","gateway_id":"7939efb7-bbf3-45f1-9fa4-a08daa19df9c","private_network_id":"8916e386-6856-4035-b0aa-bc7db3e7632c","mac_address":"02:00:00:01:0f:f1","enable_masquerade":true,"status":"ready","dhcp":null,"enable_dhcp":false,"address":"192.168.1.42/24","zone":"fr-par-1"}'
    headers:
      Content-Length:
      - "397"
      Content-Security-Policy:
      - default-src 'none'; frame-ancestors 'none'
      Content-Type:
      - application/json
      Date:
      - Tue, 12 Apr 2022 10:02:51 GMT
      Server:
      - Scaleway API-Gateway
      Strict-Transport-Security:
      - max-age=63072000
      X-Content-Type-Options:
      - nosniff
      X-Frame-Options:
      - DENY
      X-Request-Id:
      - f007bdf7-85f8-42de-904e-92664bfb158b
    status: 200 OK
    code: 200
    duration: ""
- request:
    body: ""
    form: {}
    headers:
      User-Agent:
      - scaleway-sdk-go/v1.0.0-beta.7+dev (go1.18; darwin; amd64) terraform-provider/develop
        terraform/terraform-tests
    url: https://api.scaleway.com/vpc-gw/v1/zones/fr-par-1/gateways/7939efb7-bbf3-45f1-9fa4-a08daa19df9c
    method: GET
  response:
    body: '{"id":"7939efb7-bbf3-45f1-9fa4-a08daa19df9c","organization_id":"951df375-e094-4d26-97c1-ba548eeb9c42","project_id":"951df375-e094-4d26-97c1-ba548eeb9c42","created_at":"2022-04-12T10:02:34.832757Z","updated_at":"2022-04-12T10:02:46.370705Z","type":{"name":"VPC-GW-S","bandwidth":100000000,"zone":"fr-par-1"},"status":"running","name":"foobar","tags":[],"ip":{"id":"63b08a7c-4639-4228-9029-b30d639d19d6","organization_id":"951df375-e094-4d26-97c1-ba548eeb9c42","project_id":"951df375-e094-4d26-97c1-ba548eeb9c42","created_at":"2022-04-12T10:02:34.820523Z","updated_at":"2022-04-12T10:02:34.820523Z","tags":[],"address":"51.158.116.19","reverse":"19-116-158-51.instances.scw.cloud","gateway_id":"7939efb7-bbf3-45f1-9fa4-a08daa19df9c","zone":"fr-par-1"},"gateway_networks":[{"id":"cd9a19ce-1a15-4d80-b6bc-4d0186628106","created_at":"2022-04-12T10:02:40.256526Z","updated_at":"2022-04-12T10:02:46.320464Z","gateway_id":"7939efb7-bbf3-45f1-9fa4-a08daa19df9c","private_network_id":"8916e386-6856-4035-b0aa-bc7db3e7632c","mac_address":"02:00:00:01:0f:f1","enable_masquerade":true,"status":"ready","dhcp":null,"enable_dhcp":false,"address":"192.168.1.42/24","zone":"fr-par-1"}],"upstream_dns_servers":[],"version":"0.2.20","can_upgrade_to":null,"bastion_enabled":false,"bastion_port":61000,"zone":"fr-par-1"}'
    headers:
      Content-Length:
      - "1299"
      Content-Security-Policy:
      - default-src 'none'; frame-ancestors 'none'
      Content-Type:
      - application/json
      Date:
      - Tue, 12 Apr 2022 10:02:51 GMT
      Server:
      - Scaleway API-Gateway
      Strict-Transport-Security:
      - max-age=63072000
      X-Content-Type-Options:
      - nosniff
      X-Frame-Options:
      - DENY
      X-Request-Id:
      - e85a0adf-798f-4d3a-9053-36788467608e
    status: 200 OK
    code: 200
    duration: ""
- request:
    body: ""
    form: {}
    headers:
      User-Agent:
      - scaleway-sdk-go/v1.0.0-beta.7+dev (go1.18; darwin; amd64) terraform-provider/develop
        terraform/terraform-tests
    url: https://api.scaleway.com/vpc-gw/v1/zones/fr-par-1/gateway-networks/cd9a19ce-1a15-4d80-b6bc-4d0186628106
    method: GET
  response:
    body: '{"id":"cd9a19ce-1a15-4d80-b6bc-4d0186628106","created_at":"2022-04-12T10:02:40.256526Z","updated_at":"2022-04-12T10:02:46.320464Z","gateway_id":"7939efb7-bbf3-45f1-9fa4-a08daa19df9c","private_network_id":"8916e386-6856-4035-b0aa-bc7db3e7632c","mac_address":"02:00:00:01:0f:f1","enable_masquerade":true,"status":"ready","dhcp":null,"enable_dhcp":false,"address":"192.168.1.42/24","zone":"fr-par-1"}'
    headers:
      Content-Length:
      - "397"
      Content-Security-Policy:
      - default-src 'none'; frame-ancestors 'none'
      Content-Type:
      - application/json
      Date:
      - Tue, 12 Apr 2022 10:02:52 GMT
      Server:
      - Scaleway API-Gateway
      Strict-Transport-Security:
      - max-age=63072000
      X-Content-Type-Options:
      - nosniff
      X-Frame-Options:
      - DENY
      X-Request-Id:
      - d9181f5d-a7b8-41f4-9a1e-5050111b0eac
    status: 200 OK
    code: 200
    duration: ""
- request:
    body: ""
    form: {}
    headers:
      User-Agent:
      - scaleway-sdk-go/v1.0.0-beta.7+dev (go1.18; darwin; amd64) terraform-provider/develop
        terraform/terraform-tests
    url: https://api.scaleway.com/vpc-gw/v1/zones/fr-par-1/gateway-networks/cd9a19ce-1a15-4d80-b6bc-4d0186628106
    method: GET
  response:
    body: '{"id":"cd9a19ce-1a15-4d80-b6bc-4d0186628106","created_at":"2022-04-12T10:02:40.256526Z","updated_at":"2022-04-12T10:02:46.320464Z","gateway_id":"7939efb7-bbf3-45f1-9fa4-a08daa19df9c","private_network_id":"8916e386-6856-4035-b0aa-bc7db3e7632c","mac_address":"02:00:00:01:0f:f1","enable_masquerade":true,"status":"ready","dhcp":null,"enable_dhcp":false,"address":"192.168.1.42/24","zone":"fr-par-1"}'
    headers:
      Content-Length:
      - "397"
      Content-Security-Policy:
      - default-src 'none'; frame-ancestors 'none'
      Content-Type:
      - application/json
      Date:
      - Tue, 12 Apr 2022 10:02:52 GMT
      Server:
      - Scaleway API-Gateway
      Strict-Transport-Security:
      - max-age=63072000
      X-Content-Type-Options:
      - nosniff
      X-Frame-Options:
      - DENY
      X-Request-Id:
      - 2f42e132-6b26-4f1c-8f26-bc7325cb21fb
    status: 200 OK
    code: 200
    duration: ""
- request:
    body: ""
    form: {}
    headers:
      User-Agent:
      - scaleway-sdk-go/v1.0.0-beta.7+dev (go1.18; darwin; amd64) terraform-provider/develop
        terraform/terraform-tests
    url: https://api.scaleway.com/vpc-gw/v1/zones/fr-par-1/gateway-networks/cd9a19ce-1a15-4d80-b6bc-4d0186628106?cleanup_dhcp=false
    method: DELETE
  response:
    body: ""
    headers:
      Content-Security-Policy:
      - default-src 'none'; frame-ancestors 'none'
      Content-Type:
      - application/json
      Date:
      - Tue, 12 Apr 2022 10:02:52 GMT
      Server:
      - Scaleway API-Gateway
      Strict-Transport-Security:
      - max-age=63072000
      X-Content-Type-Options:
      - nosniff
      X-Frame-Options:
      - DENY
      X-Request-Id:
      - b0042876-528a-46ad-93f5-1120088b662d
    status: 204 No Content
    code: 204
    duration: ""
- request:
    body: ""
    form: {}
    headers:
      User-Agent:
      - scaleway-sdk-go/v1.0.0-beta.7+dev (go1.18; darwin; amd64) terraform-provider/develop
        terraform/terraform-tests
    url: https://api.scaleway.com/vpc-gw/v1/zones/fr-par-1/gateway-networks/cd9a19ce-1a15-4d80-b6bc-4d0186628106
    method: GET
  response:
    body: '{"id":"cd9a19ce-1a15-4d80-b6bc-4d0186628106","created_at":"2022-04-12T10:02:40.256526Z","updated_at":"2022-04-12T10:02:52.897440Z","gateway_id":"7939efb7-bbf3-45f1-9fa4-a08daa19df9c","private_network_id":"8916e386-6856-4035-b0aa-bc7db3e7632c","mac_address":"02:00:00:01:0f:f1","enable_masquerade":true,"status":"detaching","dhcp":null,"enable_dhcp":false,"address":"192.168.1.42/24","zone":"fr-par-1"}'
    headers:
      Content-Length:
      - "401"
      Content-Security-Policy:
      - default-src 'none'; frame-ancestors 'none'
      Content-Type:
      - application/json
      Date:
      - Tue, 12 Apr 2022 10:02:53 GMT
      Server:
      - Scaleway API-Gateway
      Strict-Transport-Security:
      - max-age=63072000
      X-Content-Type-Options:
      - nosniff
      X-Frame-Options:
      - DENY
      X-Request-Id:
      - 43ef9e11-9846-4f04-9c58-1a25f3a099b9
    status: 200 OK
    code: 200
    duration: ""
- request:
    body: ""
    form: {}
    headers:
      User-Agent:
      - scaleway-sdk-go/v1.0.0-beta.7+dev (go1.18; darwin; amd64) terraform-provider/develop
        terraform/terraform-tests
    url: https://api.scaleway.com/vpc-gw/v1/zones/fr-par-1/gateway-networks/cd9a19ce-1a15-4d80-b6bc-4d0186628106
    method: GET
  response:
    body: '{"message":"resource is not found","resource":"gateway_network","resource_id":"cd9a19ce-1a15-4d80-b6bc-4d0186628106","type":"not_found"}'
    headers:
      Content-Length:
      - "136"
      Content-Security-Policy:
      - default-src 'none'; frame-ancestors 'none'
      Content-Type:
      - application/json
      Date:
      - Tue, 12 Apr 2022 10:02:58 GMT
      Server:
      - Scaleway API-Gateway
      Strict-Transport-Security:
      - max-age=63072000
      X-Content-Type-Options:
      - nosniff
      X-Frame-Options:
      - DENY
      X-Request-Id:
      - 0e084aa8-1bfe-4a75-b93f-b6b9975a1662
    status: 404 Not Found
    code: 404
    duration: ""
- request:
    body: ""
    form: {}
    headers:
      User-Agent:
      - scaleway-sdk-go/v1.0.0-beta.7+dev (go1.18; darwin; amd64) terraform-provider/develop
        terraform/terraform-tests
    url: https://api.scaleway.com/vpc-gw/v1/zones/fr-par-1/gateways/7939efb7-bbf3-45f1-9fa4-a08daa19df9c
    method: GET
  response:
    body: '{"id":"7939efb7-bbf3-45f1-9fa4-a08daa19df9c","organization_id":"951df375-e094-4d26-97c1-ba548eeb9c42","project_id":"951df375-e094-4d26-97c1-ba548eeb9c42","created_at":"2022-04-12T10:02:34.832757Z","updated_at":"2022-04-12T10:02:46.370705Z","type":{"name":"VPC-GW-S","bandwidth":100000000,"zone":"fr-par-1"},"status":"running","name":"foobar","tags":[],"ip":{"id":"63b08a7c-4639-4228-9029-b30d639d19d6","organization_id":"951df375-e094-4d26-97c1-ba548eeb9c42","project_id":"951df375-e094-4d26-97c1-ba548eeb9c42","created_at":"2022-04-12T10:02:34.820523Z","updated_at":"2022-04-12T10:02:34.820523Z","tags":[],"address":"51.158.116.19","reverse":"19-116-158-51.instances.scw.cloud","gateway_id":"7939efb7-bbf3-45f1-9fa4-a08daa19df9c","zone":"fr-par-1"},"gateway_networks":[],"upstream_dns_servers":[],"version":"0.2.20","can_upgrade_to":null,"bastion_enabled":false,"bastion_port":61000,"zone":"fr-par-1"}'
    headers:
      Content-Length:
      - "902"
      Content-Security-Policy:
      - default-src 'none'; frame-ancestors 'none'
      Content-Type:
      - application/json
      Date:
      - Tue, 12 Apr 2022 10:02:58 GMT
      Server:
      - Scaleway API-Gateway
      Strict-Transport-Security:
      - max-age=63072000
      X-Content-Type-Options:
      - nosniff
      X-Frame-Options:
      - DENY
      X-Request-Id:
      - 30d22daa-b555-41e2-b846-3fb46477106c
    status: 200 OK
    code: 200
    duration: ""
- request:
    body: ""
    form: {}
    headers:
      User-Agent:
      - scaleway-sdk-go/v1.0.0-beta.7+dev (go1.18; darwin; amd64) terraform-provider/develop
        terraform/terraform-tests
    url: https://api.scaleway.com/vpc-gw/v1/zones/fr-par-1/gateways/7939efb7-bbf3-45f1-9fa4-a08daa19df9c
    method: GET
  response:
    body: '{"id":"7939efb7-bbf3-45f1-9fa4-a08daa19df9c","organization_id":"951df375-e094-4d26-97c1-ba548eeb9c42","project_id":"951df375-e094-4d26-97c1-ba548eeb9c42","created_at":"2022-04-12T10:02:34.832757Z","updated_at":"2022-04-12T10:02:46.370705Z","type":{"name":"VPC-GW-S","bandwidth":100000000,"zone":"fr-par-1"},"status":"running","name":"foobar","tags":[],"ip":{"id":"63b08a7c-4639-4228-9029-b30d639d19d6","organization_id":"951df375-e094-4d26-97c1-ba548eeb9c42","project_id":"951df375-e094-4d26-97c1-ba548eeb9c42","created_at":"2022-04-12T10:02:34.820523Z","updated_at":"2022-04-12T10:02:34.820523Z","tags":[],"address":"51.158.116.19","reverse":"19-116-158-51.instances.scw.cloud","gateway_id":"7939efb7-bbf3-45f1-9fa4-a08daa19df9c","zone":"fr-par-1"},"gateway_networks":[],"upstream_dns_servers":[],"version":"0.2.20","can_upgrade_to":null,"bastion_enabled":false,"bastion_port":61000,"zone":"fr-par-1"}'
    headers:
      Content-Length:
      - "902"
      Content-Security-Policy:
      - default-src 'none'; frame-ancestors 'none'
      Content-Type:
      - application/json
      Date:
      - Tue, 12 Apr 2022 10:02:58 GMT
      Server:
      - Scaleway API-Gateway
      Strict-Transport-Security:
      - max-age=63072000
      X-Content-Type-Options:
      - nosniff
      X-Frame-Options:
      - DENY
      X-Request-Id:
      - 14375a4f-793a-4973-8534-dc42027fa7c2
    status: 200 OK
    code: 200
    duration: ""
- request:
    body: ""
    form: {}
    headers:
      User-Agent:
      - scaleway-sdk-go/v1.0.0-beta.7+dev (go1.18; darwin; amd64) terraform-provider/develop
        terraform/terraform-tests
    url: https://api.scaleway.com/vpc-gw/v1/zones/fr-par-1/gateways/7939efb7-bbf3-45f1-9fa4-a08daa19df9c?cleanup_dhcp=false
    method: DELETE
  response:
    body: ""
    headers:
      Content-Security-Policy:
      - default-src 'none'; frame-ancestors 'none'
      Content-Type:
      - application/json
      Date:
      - Tue, 12 Apr 2022 10:02:58 GMT
      Server:
      - Scaleway API-Gateway
      Strict-Transport-Security:
      - max-age=63072000
      X-Content-Type-Options:
      - nosniff
      X-Frame-Options:
      - DENY
      X-Request-Id:
      - ab476ea8-8884-4dd7-ae4c-14fe483f5cf7
    status: 204 No Content
    code: 204
    duration: ""
- request:
    body: ""
    form: {}
    headers:
      User-Agent:
      - scaleway-sdk-go/v1.0.0-beta.7+dev (go1.18; darwin; amd64) terraform-provider/develop
        terraform/terraform-tests
    url: https://api.scaleway.com/vpc-gw/v1/zones/fr-par-1/gateways/7939efb7-bbf3-45f1-9fa4-a08daa19df9c
    method: GET
  response:
    body: '{"message":"resource is not found","resource":"gateway","resource_id":"7939efb7-bbf3-45f1-9fa4-a08daa19df9c","type":"not_found"}'
    headers:
      Content-Length:
      - "128"
      Content-Security-Policy:
      - default-src 'none'; frame-ancestors 'none'
      Content-Type:
      - application/json
      Date:
      - Tue, 12 Apr 2022 10:02:58 GMT
      Server:
      - Scaleway API-Gateway
      Strict-Transport-Security:
      - max-age=63072000
      X-Content-Type-Options:
      - nosniff
      X-Frame-Options:
      - DENY
      X-Request-Id:
      - 304bc1c9-b417-4a07-b74d-5c3d2d596bf4
    status: 404 Not Found
    code: 404
    duration: ""
- request:
    body: ""
    form: {}
    headers:
      User-Agent:
      - scaleway-sdk-go/v1.0.0-beta.7+dev (go1.18; darwin; amd64) terraform-provider/develop
        terraform/terraform-tests
    url: https://api.scaleway.com/vpc/v1/zones/fr-par-1/private-networks/8916e386-6856-4035-b0aa-bc7db3e7632c
    method: DELETE
  response:
    body: ""
    headers:
      Content-Security-Policy:
      - default-src 'none'; frame-ancestors 'none'
      Content-Type:
      - application/json
      Date:
      - Tue, 12 Apr 2022 10:02:58 GMT
      Server:
      - Scaleway API-Gateway
      Strict-Transport-Security:
      - max-age=63072000
      X-Content-Type-Options:
      - nosniff
      X-Frame-Options:
      - DENY
      X-Request-Id:
      - 5a1db997-d127-4a7e-9652-68c272e59094
    status: 204 No Content
    code: 204
    duration: ""
- request:
    body: ""
    form: {}
    headers:
      User-Agent:
      - scaleway-sdk-go/v1.0.0-beta.7+dev (go1.18; darwin; amd64) terraform-provider/develop
        terraform/terraform-tests
    url: https://api.scaleway.com/vpc-gw/v1/zones/fr-par-1/gateway-networks/cd9a19ce-1a15-4d80-b6bc-4d0186628106
    method: GET
  response:
    body: '{"message":"resource is not found","resource":"gateway_network","resource_id":"cd9a19ce-1a15-4d80-b6bc-4d0186628106","type":"not_found"}'
    headers:
      Content-Length:
      - "136"
      Content-Security-Policy:
      - default-src 'none'; frame-ancestors 'none'
      Content-Type:
      - application/json
      Date:
      - Tue, 12 Apr 2022 10:02:58 GMT
      Server:
      - Scaleway API-Gateway
      Strict-Transport-Security:
      - max-age=63072000
      X-Content-Type-Options:
      - nosniff
      X-Frame-Options:
      - DENY
      X-Request-Id:
      - e9c1e7f1-3942-49b2-8dfa-2a7cbbaf2500
    status: 404 Not Found
    code: 404
    duration: ""
